04/10/2025 01:55:19:	start execution of script D:\data\Cycle 198\exp_3-16-19\rawdata\sc\Aperture_scan_ifg2_newPS_B1_2p30s.sc	 DONE
04/10/2025 01:55:20:	move motor	S18.axis2.Aperture Z to 8.50000mm	reached 8.50000  DONE
04/10/2025 01:55:23:	move motor	S18.axis2.Aperture Y to 16.50000mm	reached 16.50000  DONE
04/10/2025 01:55:29:	move motor	S18.axis2.phaseshifter 2 to -3.100000deg	 DONE
04/10/2025 01:55:31:	create file	D:\data\Cycle 198\exp_3-16-19\rawdata\sc\Aperture_scan_ifg2_newPS_B1_2p30s_04Oct0155.dat	 DONE
room to enter remarks DONE
04/10/2025 01:55:32:	move motor	S18.axis2.phaseshifter 2 to -3.000000deg	 DONE
04/10/2025 01:55:34:	1	count	time	30.000000s/cts	O Det=1793	H Det=2340	Mon Det=69325	Aux Det=2596	O+H=6729	 DONE
04/10/2025 01:56:06:	move motor	S18.axis2.phaseshifter 2 to -2.931034deg	 DONE
04/10/2025 01:56:07:	2	count	time	30.000000s/cts	O Det=2236	H Det=1986	Mon Det=69630	Aux Det=2620	O+H=6842	 DONE
04/10/2025 01:56:39:	move motor	S18.axis2.phaseshifter 2 to -2.862068deg	 DONE
04/10/2025 01:56:40:	3	count	time	30.000000s/cts	O Det=2480	H Det=1631	Mon Det=69301	Aux Det=2631	O+H=6742	 DONE
04/10/2025 01:57:12:	move motor	S18.axis2.phaseshifter 2 to -2.793102deg	 DONE
04/10/2025 01:57:14:	4	count	time	30.000000s/cts	O Det=2779	H Det=1550	Mon Det=69592	Aux Det=2605	O+H=6934	 DONE
04/10/2025 01:57:45:	move motor	S18.axis2.phaseshifter 2 to -2.724136deg	 DONE
04/10/2025 01:57:47:	5	count	time	30.000000s/cts	O Det=2680	H Det=1478	Mon Det=69458	Aux Det=2605	O+H=6763	 DONE
04/10/2025 01:58:18:	move motor	S18.axis2.phaseshifter 2 to -2.655170deg	 DONE
04/10/2025 01:58:20:	6	count	time	30.000000s/cts	O Det=2479	H Det=1660	Mon Det=69375	Aux Det=2677	O+H=6816	 DONE
04/10/2025 01:58:52:	move motor	S18.axis2.phaseshifter 2 to -2.586204deg	 DONE
04/10/2025 01:58:53:	7	count	time	30.000000s/cts	O Det=2002	H Det=1954	Mon Det=69644	Aux Det=2600	O+H=6556	 DONE
04/10/2025 01:59:25:	move motor	S18.axis2.phaseshifter 2 to -2.517238deg	 DONE
04/10/2025 01:59:26:	8	count	time	30.000000s/cts	O Det=1714	H Det=2339	Mon Det=69565	Aux Det=2589	O+H=6642	 DONE
04/10/2025 01:59:58:	move motor	S18.axis2.phaseshifter 2 to -2.448272deg	 DONE
04/10/2025 02:00:00:	9	count	time	30.000000s/cts	O Det=1251	H Det=2721	Mon Det=69407	Aux Det=2577	O+H=6549	 DONE
04/10/2025 02:00:31:	move motor	S18.axis2.phaseshifter 2 to -2.379306deg	 DONE
04/10/2025 02:00:33:	10	count	time	30.000000s/cts	O Det=877	H Det=3045	Mon Det=69600	Aux Det=2620	O+H=6542	 DONE
04/10/2025 02:01:04:	move motor	S18.axis2.phaseshifter 2 to -2.310340deg	 DONE
04/10/2025 02:01:06:	11	count	time	30.000000s/cts	O Det=532	H Det=3383	Mon Det=69302	Aux Det=2599	O+H=6514	 DONE
04/10/2025 02:01:38:	move motor	S18.axis2.phaseshifter 2 to -2.241374deg	 DONE
04/10/2025 02:01:39:	12	count	time	30.000000s/cts	O Det=487	H Det=3390	Mon Det=69476	Aux Det=2678	O+H=6555	 DONE
04/10/2025 02:02:11:	move motor	S18.axis2.phaseshifter 2 to -2.172408deg	 DONE
04/10/2025 02:02:12:	13	count	time	30.000000s/cts	O Det=553	H Det=3362	Mon Det=69526	Aux Det=2632	O+H=6547	 DONE
04/10/2025 02:02:44:	move motor	S18.axis2.phaseshifter 2 to -2.103442deg	 DONE
04/10/2025 02:02:46:	14	count	time	30.000000s/cts	O Det=919	H Det=2996	Mon Det=69163	Aux Det=2662	O+H=6577	 DONE
04/10/2025 02:03:17:	move motor	S18.axis2.phaseshifter 2 to -2.034476deg	 DONE
04/10/2025 02:03:19:	15	count	time	30.000000s/cts	O Det=1361	H Det=2655	Mon Det=69362	Aux Det=2614	O+H=6630	 DONE
04/10/2025 02:03:50:	move motor	S18.axis2.phaseshifter 2 to -1.965510deg	 DONE
04/10/2025 02:03:52:	16	count	time	30.000000s/cts	O Det=1814	H Det=2227	Mon Det=69700	Aux Det=2658	O+H=6699	 DONE
04/10/2025 02:04:24:	move motor	S18.axis2.phaseshifter 2 to -1.896544deg	 DONE
04/10/2025 02:04:25:	17	count	time	30.000000s/cts	O Det=2233	H Det=1885	Mon Det=69278	Aux Det=2591	O+H=6709	 DONE
04/10/2025 02:04:57:	move motor	S18.axis2.phaseshifter 2 to -1.827578deg	 DONE
04/10/2025 02:04:58:	18	count	time	30.000000s/cts	O Det=2541	H Det=1512	Mon Det=69142	Aux Det=2627	O+H=6680	 DONE
04/10/2025 02:05:30:	move motor	S18.axis2.phaseshifter 2 to -1.758612deg	 DONE
04/10/2025 02:05:32:	19	count	time	30.000000s/cts	O Det=2720	H Det=1413	Mon Det=69458	Aux Det=2606	O+H=6739	 DONE
04/10/2025 02:06:03:	move motor	S18.axis2.phaseshifter 2 to -1.689646deg	 DONE
04/10/2025 02:06:05:	20	count	time	30.000000s/cts	O Det=2689	H Det=1445	Mon Det=68974	Aux Det=2598	O+H=6732	 DONE
04/10/2025 02:06:36:	move motor	S18.axis2.phaseshifter 2 to -1.620680deg	 DONE
04/10/2025 02:06:38:	21	count	time	30.000000s/cts	O Det=2428	H Det=1701	Mon Det=69526	Aux Det=2692	O+H=6821	 DONE
04/10/2025 02:07:10:	move motor	S18.axis2.phaseshifter 2 to -1.551714deg	 DONE
04/10/2025 02:07:11:	22	count	time	30.000000s/cts	O Det=2037	H Det=2110	Mon Det=69532	Aux Det=2631	O+H=6778	 DONE
04/10/2025 02:07:43:	move motor	S18.axis2.phaseshifter 2 to -1.482748deg	 DONE
04/10/2025 02:07:44:	23	count	time	30.000000s/cts	O Det=1492	H Det=2514	Mon Det=68992	Aux Det=2526	O+H=6532	 DONE
04/10/2025 02:08:16:	move motor	S18.axis2.phaseshifter 2 to -1.413782deg	 DONE
04/10/2025 02:08:18:	24	count	time	30.000000s/cts	O Det=1068	H Det=2852	Mon Det=69122	Aux Det=2590	O+H=6510	 DONE
04/10/2025 02:08:49:	move motor	S18.axis2.phaseshifter 2 to -1.344816deg	 DONE
04/10/2025 02:08:51:	25	count	time	30.000000s/cts	O Det=654	H Det=3205	Mon Det=69248	Aux Det=2709	O+H=6568	 DONE
04/10/2025 02:09:22:	move motor	S18.axis2.phaseshifter 2 to -1.275850deg	 DONE
04/10/2025 02:09:24:	26	count	time	30.000000s/cts	O Det=453	H Det=3403	Mon Det=68868	Aux Det=2570	O+H=6426	 DONE
04/10/2025 02:09:56:	move motor	S18.axis2.phaseshifter 2 to -1.206884deg	 DONE
04/10/2025 02:09:57:	27	count	time	30.000000s/cts	O Det=451	H Det=3410	Mon Det=69102	Aux Det=2587	O+H=6448	 DONE
04/10/2025 02:10:29:	move motor	S18.axis2.phaseshifter 2 to -1.137918deg	 DONE
04/10/2025 02:10:30:	28	count	time	30.000000s/cts	O Det=653	H Det=3187	Mon Det=68931	Aux Det=2606	O+H=6446	 DONE
04/10/2025 02:11:02:	move motor	S18.axis2.phaseshifter 2 to -1.068952deg	 DONE
04/10/2025 02:11:04:	29	count	time	30.000000s/cts	O Det=1109	H Det=2777	Mon Det=69329	Aux Det=2647	O+H=6533	 DONE
04/10/2025 02:11:35:	move motor	S18.axis2.phaseshifter 2 to -0.999986deg	 DONE
04/10/2025 02:11:37:	30	count	time	30.000000s/cts	O Det=1525	H Det=2488	Mon Det=69409	Aux Det=2619	O+H=6632	 DONE
04/10/2025 02:12:08:	close file and end scan	 DONE
call of ifg2_newPS_2p30s_B1.sc DONE
04/10/2025 02:12:09:	move motor	S18.axis2.Aperture Y to 19.00000mm	reached 19.00000  DONE
04/10/2025 02:12:14:	move motor	S18.axis2.phaseshifter 2 to -3.100000deg	 DONE
04/10/2025 02:12:16:	create file	D:\data\Cycle 198\exp_3-16-19\rawdata\sc\Aperture_scan_ifg2_newPS_B1_2p30s_04Oct0212.dat	 DONE
room to enter remarks DONE
04/10/2025 02:12:17:	move motor	S18.axis2.phaseshifter 2 to -3.000000deg	 DONE
04/10/2025 02:12:18:	1	count	time	30.000000s/cts	O Det=2065	H Det=2663	Mon Det=69272	Aux Det=2185	O+H=6913	 DONE
04/10/2025 02:12:50:	move motor	S18.axis2.phaseshifter 2 to -2.931034deg	 DONE
04/10/2025 02:12:52:	2	count	time	30.000000s/cts	O Det=2514	H Det=2373	Mon Det=69082	Aux Det=2242	O+H=7129	 DONE
04/10/2025 02:13:23:	move motor	S18.axis2.phaseshifter 2 to -2.862068deg	 DONE
04/10/2025 02:13:25:	3	count	time	30.000000s/cts	O Det=2677	H Det=2066	Mon Det=69070	Aux Det=2116	O+H=6859	 DONE
04/10/2025 02:13:56:	move motor	S18.axis2.phaseshifter 2 to -2.793102deg	 DONE
04/10/2025 02:13:58:	4	count	time	30.000000s/cts	O Det=2810	H Det=1920	Mon Det=69144	Aux Det=2147	O+H=6877	 DONE
04/10/2025 02:14:30:	move motor	S18.axis2.phaseshifter 2 to -2.724136deg	 DONE
04/10/2025 02:14:31:	5	count	time	30.000000s/cts	O Det=2696	H Det=2013	Mon Det=69416	Aux Det=2177	O+H=6886	 DONE
04/10/2025 02:15:03:	move motor	S18.axis2.phaseshifter 2 to -2.655170deg	 DONE
04/10/2025 02:15:04:	6	count	time	30.000000s/cts	O Det=2516	H Det=2269	Mon Det=69242	Aux Det=2210	O+H=6995	 DONE
04/10/2025 02:15:36:	move motor	S18.axis2.phaseshifter 2 to -2.586204deg	 DONE
04/10/2025 02:15:38:	7	count	time	30.000000s/cts	O Det=2080	H Det=2574	Mon Det=69000	Aux Det=2176	O+H=6830	 DONE
04/10/2025 02:16:09:	move motor	S18.axis2.phaseshifter 2 to -2.517238deg	 DONE
04/10/2025 02:16:11:	8	count	time	30.000000s/cts	O Det=1680	H Det=3021	Mon Det=68961	Aux Det=2154	O+H=6855	 DONE
04/10/2025 02:16:42:	move motor	S18.axis2.phaseshifter 2 to -2.448272deg	 DONE
04/10/2025 02:16:44:	9	count	time	30.000000s/cts	O Det=1218	H Det=3377	Mon Det=69346	Aux Det=2248	O+H=6843	 DONE
04/10/2025 02:17:16:	move motor	S18.axis2.phaseshifter 2 to -2.379306deg	 DONE
04/10/2025 02:17:17:	10	count	time	30.000000s/cts	O Det=856	H Det=3711	Mon Det=69128	Aux Det=2124	O+H=6691	 DONE
04/10/2025 02:17:49:	move motor	S18.axis2.phaseshifter 2 to -2.310340deg	 DONE
04/10/2025 02:17:50:	11	count	time	30.000000s/cts	O Det=701	H Det=3872	Mon Det=69074	Aux Det=2249	O+H=6822	 DONE
04/10/2025 02:18:22:	move motor	S18.axis2.phaseshifter 2 to -2.241374deg	 DONE
04/10/2025 02:18:24:	12	count	time	30.000000s/cts	O Det=700	H Det=3837	Mon Det=69273	Aux Det=2200	O+H=6737	 DONE
04/10/2025 02:18:55:	move motor	S18.axis2.phaseshifter 2 to -2.172408deg	 DONE
04/10/2025 02:18:57:	13	count	time	30.000000s/cts	O Det=837	H Det=3737	Mon Det=68876	Aux Det=2224	O+H=6798	 DONE
04/10/2025 02:19:28:	move motor	S18.axis2.phaseshifter 2 to -2.103442deg	 DONE
04/10/2025 02:19:30:	14	count	time	30.000000s/cts	O Det=1267	H Det=3411	Mon Det=68777	Aux Det=2156	O+H=6834	 DONE
04/10/2025 02:20:02:	move motor	S18.axis2.phaseshifter 2 to -2.034476deg	 DONE
04/10/2025 02:20:03:	15	count	time	30.000000s/cts	O Det=1628	H Det=2970	Mon Det=69018	Aux Det=2158	O+H=6756	 DONE
04/10/2025 02:20:35:	move motor	S18.axis2.phaseshifter 2 to -1.965510deg	 DONE
04/10/2025 02:20:36:	16	count	time	30.000000s/cts	O Det=2112	H Det=2568	Mon Det=68492	Aux Det=2167	O+H=6847	 DONE
04/10/2025 02:21:08:	move motor	S18.axis2.phaseshifter 2 to -1.896544deg	 DONE
04/10/2025 02:21:10:	17	count	time	30.000000s/cts	O Det=2492	H Det=2276	Mon Det=69362	Aux Det=2180	O+H=6948	 DONE
04/10/2025 02:21:41:	move motor	S18.axis2.phaseshifter 2 to -1.827578deg	 DONE
04/10/2025 02:21:43:	18	count	time	30.000000s/cts	O Det=2666	H Det=2005	Mon Det=69569	Aux Det=2219	O+H=6890	 DONE
04/10/2025 02:22:14:	move motor	S18.axis2.phaseshifter 2 to -1.758612deg	 DONE
04/10/2025 02:22:16:	19	count	time	30.000000s/cts	O Det=2790	H Det=1944	Mon Det=69615	Aux Det=2202	O+H=6936	 DONE
04/10/2025 02:22:48:	move motor	S18.axis2.phaseshifter 2 to -1.689646deg	 DONE
04/10/2025 02:22:49:	20	count	time	30.000000s/cts	O Det=2569	H Det=2030	Mon Det=69233	Aux Det=2251	O+H=6850	 DONE
04/10/2025 02:23:21:	move motor	S18.axis2.phaseshifter 2 to -1.620680deg	 DONE
04/10/2025 02:23:22:	21	count	time	30.000000s/cts	O Det=2346	H Det=2371	Mon Det=69252	Aux Det=2170	O+H=6887	 DONE
04/10/2025 02:23:54:	move motor	S18.axis2.phaseshifter 2 to -1.551714deg	 DONE
04/10/2025 02:23:56:	22	count	time	30.000000s/cts	O Det=1884	H Det=2765	Mon Det=69320	Aux Det=2118	O+H=6767	 DONE
04/10/2025 02:24:27:	move motor	S18.axis2.phaseshifter 2 to -1.482748deg	 DONE
04/10/2025 02:24:29:	23	count	time	30.000000s/cts	O Det=1390	H Det=3211	Mon Det=69855	Aux Det=2205	O+H=6806	 DONE
04/10/2025 02:25:00:	move motor	S18.axis2.phaseshifter 2 to -1.413782deg	 DONE
04/10/2025 02:25:02:	24	count	time	30.000000s/cts	O Det=1148	H Det=3513	Mon Det=69791	Aux Det=2171	O+H=6832	 DONE
04/10/2025 02:25:34:	move motor	S18.axis2.phaseshifter 2 to -1.344816deg	 DONE
04/10/2025 02:25:35:	25	count	time	30.000000s/cts	O Det=709	H Det=3737	Mon Det=69256	Aux Det=2195	O+H=6641	 DONE
04/10/2025 02:26:07:	move motor	S18.axis2.phaseshifter 2 to -1.275850deg	 DONE
04/10/2025 02:26:08:	26	count	time	30.000000s/cts	O Det=654	H Det=3751	Mon Det=69544	Aux Det=2136	O+H=6541	 DONE
04/10/2025 02:26:40:	move motor	S18.axis2.phaseshifter 2 to -1.206884deg	 DONE
04/10/2025 02:26:42:	27	count	time	30.000000s/cts	O Det=670	H Det=3825	Mon Det=69247	Aux Det=2218	O+H=6713	 DONE
04/10/2025 02:27:13:	move motor	S18.axis2.phaseshifter 2 to -1.137918deg	 DONE
04/10/2025 02:27:15:	28	count	time	30.000000s/cts	O Det=945	H Det=3617	Mon Det=69330	Aux Det=2172	O+H=6734	 DONE
04/10/2025 02:27:46:	move motor	S18.axis2.phaseshifter 2 to -1.068952deg	 DONE
04/10/2025 02:27:48:	29	count	time	30.000000s/cts	O Det=1327	H Det=3237	Mon Det=68974	Aux Det=2206	O+H=6770	 DONE
04/10/2025 02:28:20:	move motor	S18.axis2.phaseshifter 2 to -0.999986deg	 DONE
04/10/2025 02:28:21:	30	count	time	30.000000s/cts	O Det=1809	H Det=2892	Mon Det=69272	Aux Det=2205	O+H=6906	 DONE
04/10/2025 02:28:53:	close file and end scan	 DONE
call of ifg2_newPS_2p30s_B1.sc DONE
04/10/2025 02:28:54:	move motor	S18.axis2.Aperture Z to 11.00000mm	reached 11.00000  DONE
04/10/2025 02:28:57:	move motor	S18.axis2.Aperture Y to 16.50000mm	reached 16.50000  DONE
04/10/2025 02:29:01:	move motor	S18.axis2.phaseshifter 2 to -3.100000deg	 DONE
04/10/2025 02:29:04:	create file	D:\data\Cycle 198\exp_3-16-19\rawdata\sc\Aperture_scan_ifg2_newPS_B1_2p30s_04Oct0229.dat	 DONE
room to enter remarks DONE
04/10/2025 02:29:05:	move motor	S18.axis2.phaseshifter 2 to -3.000000deg	 DONE
04/10/2025 02:29:06:	1	count	time	30.000000s/cts	O Det=1839	H Det=2412	Mon Det=69768	Aux Det=2686	O+H=6937	 DONE
04/10/2025 02:29:38:	move motor	S18.axis2.phaseshifter 2 to -2.931034deg	 DONE
04/10/2025 02:29:40:	2	count	time	30.000000s/cts	O Det=2271	H Det=2005	Mon Det=69595	Aux Det=2789	O+H=7065	 DONE
04/10/2025 02:30:11:	move motor	S18.axis2.phaseshifter 2 to -2.862068deg	 DONE
04/10/2025 02:30:13:	3	count	time	30.000000s/cts	O Det=2484	H Det=1887	Mon Det=69594	Aux Det=2726	O+H=7097	 DONE
04/10/2025 02:30:44:	move motor	S18.axis2.phaseshifter 2 to -2.793102deg	 DONE
04/10/2025 02:30:46:	4	count	time	30.000000s/cts	O Det=2816	H Det=1601	Mon Det=69162	Aux Det=2761	O+H=7178	 DONE
04/10/2025 02:31:18:	move motor	S18.axis2.phaseshifter 2 to -2.724136deg	 DONE
04/10/2025 02:31:19:	5	count	time	30.000000s/cts	O Det=2648	H Det=1630	Mon Det=69750	Aux Det=2756	O+H=7034	 DONE
04/10/2025 02:31:51:	move motor	S18.axis2.phaseshifter 2 to -2.655170deg	 DONE
04/10/2025 02:31:52:	6	count	time	30.000000s/cts	O Det=2477	H Det=1914	Mon Det=69748	Aux Det=2845	O+H=7236	 DONE
04/10/2025 02:32:24:	move motor	S18.axis2.phaseshifter 2 to -2.586204deg	 DONE
04/10/2025 02:32:26:	7	count	time	30.000000s/cts	O Det=2109	H Det=2303	Mon Det=69844	Aux Det=2714	O+H=7126	 DONE
04/10/2025 02:32:57:	move motor	S18.axis2.phaseshifter 2 to -2.517238deg	 DONE
04/10/2025 02:32:59:	8	count	time	30.000000s/cts	O Det=1461	H Det=2667	Mon Det=69582	Aux Det=2655	O+H=6783	 DONE
04/10/2025 02:33:30:	move motor	S18.axis2.phaseshifter 2 to -2.448272deg	 DONE
04/10/2025 02:33:32:	9	count	time	30.000000s/cts	O Det=1091	H Det=3079	Mon Det=69573	Aux Det=2825	O+H=6995	 DONE
04/10/2025 02:34:04:	move motor	S18.axis2.phaseshifter 2 to -2.379306deg	 DONE
04/10/2025 02:34:05:	10	count	time	30.000000s/cts	O Det=718	H Det=3292	Mon Det=69994	Aux Det=2917	O+H=6927	 DONE
04/10/2025 02:34:37:	move motor	S18.axis2.phaseshifter 2 to -2.310340deg	 DONE
04/10/2025 02:34:38:	11	count	time	30.000000s/cts	O Det=501	H Det=3584	Mon Det=69533	Aux Det=2751	O+H=6836	 DONE
04/10/2025 02:35:10:	move motor	S18.axis2.phaseshifter 2 to -2.241374deg	 DONE
04/10/2025 02:35:12:	12	count	time	30.000000s/cts	O Det=493	H Det=3607	Mon Det=69385	Aux Det=2729	O+H=6829	 DONE
04/10/2025 02:35:43:	move motor	S18.axis2.phaseshifter 2 to -2.172408deg	 DONE
04/10/2025 02:35:45:	13	count	time	30.000000s/cts	O Det=632	H Det=3365	Mon Det=69532	Aux Det=2714	O+H=6711	 DONE
04/10/2025 02:36:16:	move motor	S18.axis2.phaseshifter 2 to -2.103442deg	 DONE
04/10/2025 02:36:18:	14	count	time	30.000000s/cts	O Det=1034	H Det=3214	Mon Det=69118	Aux Det=2827	O+H=7075	 DONE
04/10/2025 02:36:50:	move motor	S18.axis2.phaseshifter 2 to -2.034476deg	 DONE
04/10/2025 02:36:51:	15	count	time	30.000000s/cts	O Det=1468	H Det=2693	Mon Det=68754	Aux Det=2791	O+H=6952	 DONE
04/10/2025 02:37:23:	move motor	S18.axis2.phaseshifter 2 to -1.965510deg	 DONE
04/10/2025 02:37:24:	16	count	time	30.000000s/cts	O Det=1824	H Det=2342	Mon Det=69266	Aux Det=2731	O+H=6897	 DONE
04/10/2025 02:37:56:	move motor	S18.axis2.phaseshifter 2 to -1.896544deg	 DONE
04/10/2025 02:37:58:	17	count	time	30.000000s/cts	O Det=2351	H Det=1894	Mon Det=68517	Aux Det=2746	O+H=6991	 DONE
04/10/2025 02:38:29:	move motor	S18.axis2.phaseshifter 2 to -1.827578deg	 DONE
04/10/2025 02:38:31:	18	count	time	30.000000s/cts	O Det=2627	H Det=1668	Mon Det=69138	Aux Det=2791	O+H=7086	 DONE
04/10/2025 02:39:02:	move motor	S18.axis2.phaseshifter 2 to -1.758612deg	 DONE
04/10/2025 02:39:04:	19	count	time	30.000000s/cts	O Det=2691	H Det=1621	Mon Det=69413	Aux Det=2809	O+H=7121	 DONE
04/10/2025 02:39:36:	move motor	S18.axis2.phaseshifter 2 to -1.689646deg	 DONE
04/10/2025 02:39:37:	20	count	time	30.000000s/cts	O Det=2561	H Det=1669	Mon Det=69048	Aux Det=2779	O+H=7009	 DONE
04/10/2025 02:40:09:	move motor	S18.axis2.phaseshifter 2 to -1.620680deg	 DONE
04/10/2025 02:40:10:	21	count	time	30.000000s/cts	O Det=2309	H Det=1956	Mon Det=68975	Aux Det=2746	O+H=7011	 DONE
04/10/2025 02:40:42:	move motor	S18.axis2.phaseshifter 2 to -1.551714deg	 DONE
04/10/2025 02:40:44:	22	count	time	30.000000s/cts	O Det=1870	H Det=2308	Mon Det=68556	Aux Det=2659	O+H=6837	 DONE
04/10/2025 02:41:15:	move motor	S18.axis2.phaseshifter 2 to -1.482748deg	 DONE
04/10/2025 02:41:17:	23	count	time	30.000000s/cts	O Det=1355	H Det=2810	Mon Det=69265	Aux Det=2841	O+H=7006	 DONE
04/10/2025 02:41:48:	move motor	S18.axis2.phaseshifter 2 to -1.413782deg	 DONE
04/10/2025 02:41:50:	24	count	time	30.000000s/cts	O Det=916	H Det=3208	Mon Det=69643	Aux Det=2677	O+H=6801	 DONE
04/10/2025 02:42:22:	move motor	S18.axis2.phaseshifter 2 to -1.344816deg	 DONE
04/10/2025 02:42:23:	25	count	time	30.000000s/cts	O Det=596	H Det=3460	Mon Det=68513	Aux Det=2781	O+H=6837	 DONE
04/10/2025 02:42:55:	move motor	S18.axis2.phaseshifter 2 to -1.275850deg	 DONE
04/10/2025 02:42:56:	26	count	time	30.000000s/cts	O Det=433	H Det=3533	Mon Det=68879	Aux Det=2763	O+H=6729	 DONE
04/10/2025 02:43:28:	move motor	S18.axis2.phaseshifter 2 to -1.206884deg	 DONE
04/10/2025 02:43:30:	27	count	time	30.000000s/cts	O Det=498	H Det=3595	Mon Det=68480	Aux Det=2751	O+H=6844	 DONE
04/10/2025 02:44:01:	move motor	S18.axis2.phaseshifter 2 to -1.137918deg	 DONE
04/10/2025 02:44:03:	28	count	time	30.000000s/cts	O Det=706	H Det=3325	Mon Det=68997	Aux Det=2838	O+H=6869	 DONE
04/10/2025 02:44:34:	move motor	S18.axis2.phaseshifter 2 to -1.068952deg	 DONE
04/10/2025 02:44:36:	29	count	time	30.000000s/cts	O Det=1146	H Det=3032	Mon Det=68877	Aux Det=2724	O+H=6902	 DONE
04/10/2025 02:45:08:	move motor	S18.axis2.phaseshifter 2 to -0.999986deg	 DONE
04/10/2025 02:45:09:	30	count	time	30.000000s/cts	O Det=1499	H Det=2665	Mon Det=68656	Aux Det=2849	O+H=7013	 DONE
04/10/2025 02:45:41:	close file and end scan	 DONE
call of ifg2_newPS_2p30s_B1.sc DONE
04/10/2025 02:45:42:	move motor	S18.axis2.Aperture Y to 19.00000mm	reached 19.00000  DONE
04/10/2025 02:45:46:	move motor	S18.axis2.phaseshifter 2 to -3.100000deg	 DONE
04/10/2025 02:45:48:	create file	D:\data\Cycle 198\exp_3-16-19\rawdata\sc\Aperture_scan_ifg2_newPS_B1_2p30s_04Oct0245.dat	 DONE
room to enter remarks DONE
04/10/2025 02:45:49:	move motor	S18.axis2.phaseshifter 2 to -3.000000deg	 DONE
04/10/2025 02:45:51:	1	count	time	30.000000s/cts	O Det=2109	H Det=2913	Mon Det=69118	Aux Det=2451	O+H=7473	 DONE
04/10/2025 02:46:22:	move motor	S18.axis2.phaseshifter 2 to -2.931034deg	 DONE
04/10/2025 02:46:24:	2	count	time	30.000000s/cts	O Det=2428	H Det=2650	Mon Det=68709	Aux Det=2328	O+H=7406	 DONE
04/10/2025 02:46:56:	move motor	S18.axis2.phaseshifter 2 to -2.862068deg	 DONE
04/10/2025 02:46:57:	3	count	time	30.000000s/cts	O Det=2607	H Det=2340	Mon Det=68961	Aux Det=2175	O+H=7122	 DONE
04/10/2025 02:47:29:	move motor	S18.axis2.phaseshifter 2 to -2.793102deg	 DONE
04/10/2025 02:47:30:	4	count	time	30.000000s/cts	O Det=2716	H Det=2273	Mon Det=68581	Aux Det=2287	O+H=7276	 DONE
04/10/2025 02:48:02:	move motor	S18.axis2.phaseshifter 2 to -2.724136deg	 DONE
04/10/2025 02:48:03:	5	count	time	30.000000s/cts	O Det=2798	H Det=2261	Mon Det=69021	Aux Det=2364	O+H=7423	 DONE
04/10/2025 02:48:35:	move motor	S18.axis2.phaseshifter 2 to -2.655170deg	 DONE
04/10/2025 02:48:37:	6	count	time	30.000000s/cts	O Det=2444	H Det=2625	Mon Det=68638	Aux Det=2340	O+H=7409	 DONE
04/10/2025 02:49:08:	move motor	S18.axis2.phaseshifter 2 to -2.586204deg	 DONE
04/10/2025 02:49:10:	7	count	time	30.000000s/cts	O Det=2145	H Det=2947	Mon Det=69056	Aux Det=2395	O+H=7487	 DONE
04/10/2025 02:49:41:	move motor	S18.axis2.phaseshifter 2 to -2.517238deg	 DONE
04/10/2025 02:49:43:	8	count	time	30.000000s/cts	O Det=1576	H Det=3351	Mon Det=69699	Aux Det=2341	O+H=7268	 DONE
04/10/2025 02:50:15:	move motor	S18.axis2.phaseshifter 2 to -2.448272deg	 DONE
04/10/2025 02:50:16:	9	count	time	30.000000s/cts	O Det=1120	H Det=3730	Mon Det=69632	Aux Det=2331	O+H=7181	 DONE
04/10/2025 02:50:48:	move motor	S18.axis2.phaseshifter 2 to -2.379306deg	 DONE
04/10/2025 02:50:49:	10	count	time	30.000000s/cts	O Det=966	H Det=3936	Mon Det=69449	Aux Det=2397	O+H=7299	 DONE
04/10/2025 02:51:21:	move motor	S18.axis2.phaseshifter 2 to -2.310340deg	 DONE
04/10/2025 02:51:23:	11	count	time	30.000000s/cts	O Det=654	H Det=4204	Mon Det=69472	Aux Det=2319	O+H=7177	 DONE
04/10/2025 02:51:54:	move motor	S18.axis2.phaseshifter 2 to -2.241374deg	 DONE
04/10/2025 02:51:56:	12	count	time	30.000000s/cts	O Det=703	H Det=4209	Mon Det=69400	Aux Det=2384	O+H=7296	 DONE
04/10/2025 02:52:27:	move motor	S18.axis2.phaseshifter 2 to -2.172408deg	 DONE
04/10/2025 02:52:29:	13	count	time	30.000000s/cts	O Det=876	H Det=3873	Mon Det=69096	Aux Det=2393	O+H=7142	 DONE
04/10/2025 02:53:01:	move motor	S18.axis2.phaseshifter 2 to -2.103442deg	 DONE
04/10/2025 02:53:02:	14	count	time	30.000000s/cts	O Det=1364	H Det=3579	Mon Det=68982	Aux Det=2361	O+H=7304	 DONE
04/10/2025 02:53:34:	move motor	S18.axis2.phaseshifter 2 to -2.034476deg	 DONE
04/10/2025 02:53:35:	15	count	time	30.000000s/cts	O Det=1716	H Det=3181	Mon Det=68994	Aux Det=2374	O+H=7271	 DONE
04/10/2025 02:54:07:	move motor	S18.axis2.phaseshifter 2 to -1.965510deg	 DONE
04/10/2025 02:54:09:	16	count	time	30.000000s/cts	O Det=2154	H Det=2905	Mon Det=69153	Aux Det=2299	O+H=7358	 DONE
04/10/2025 02:54:40:	move motor	S18.axis2.phaseshifter 2 to -1.896544deg	 DONE
04/10/2025 02:54:42:	17	count	time	30.000000s/cts	O Det=2605	H Det=2658	Mon Det=69648	Aux Det=2366	O+H=7629	 DONE
04/10/2025 02:55:13:	move motor	S18.axis2.phaseshifter 2 to -1.827578deg	 DONE
04/10/2025 02:55:15:	18	count	time	30.000000s/cts	O Det=2735	H Det=2338	Mon Det=69321	Aux Det=2321	O+H=7394	 DONE
04/10/2025 02:55:47:	move motor	S18.axis2.phaseshifter 2 to -1.758612deg	 DONE
04/10/2025 02:55:48:	19	count	time	30.000000s/cts	O Det=2780	H Det=2247	Mon Det=69921	Aux Det=2383	O+H=7410	 DONE
04/10/2025 02:56:20:	move motor	S18.axis2.phaseshifter 2 to -1.689646deg	 DONE
04/10/2025 02:56:21:	20	count	time	30.000000s/cts	O Det=2666	H Det=2466	Mon Det=69748	Aux Det=2392	O+H=7524	 DONE
04/10/2025 02:56:53:	move motor	S18.axis2.phaseshifter 2 to -1.620680deg	 DONE
04/10/2025 02:56:55:	21	count	time	30.000000s/cts	O Det=2344	H Det=2688	Mon Det=68832	Aux Det=2373	O+H=7405	 DONE
04/10/2025 02:57:26:	move motor	S18.axis2.phaseshifter 2 to -1.551714deg	 DONE
04/10/2025 02:57:28:	22	count	time	30.000000s/cts	O Det=1949	H Det=3067	Mon Det=69228	Aux Det=2302	O+H=7318	 DONE
04/10/2025 02:57:59:	move motor	S18.axis2.phaseshifter 2 to -1.482748deg	 DONE
04/10/2025 02:58:01:	23	count	time	30.000000s/cts	O Det=1538	H Det=3496	Mon Det=69288	Aux Det=2343	O+H=7377	 DONE
04/10/2025 02:58:33:	move motor	S18.axis2.phaseshifter 2 to -1.413782deg	 DONE
04/10/2025 02:58:34:	24	count	time	30.000000s/cts	O Det=1173	H Det=3901	Mon Det=69177	Aux Det=2412	O+H=7486	 DONE
04/10/2025 02:59:06:	move motor	S18.axis2.phaseshifter 2 to -1.344816deg	 DONE
04/10/2025 02:59:07:	25	count	time	30.000000s/cts	O Det=739	H Det=4137	Mon Det=69112	Aux Det=2221	O+H=7097	 DONE
04/10/2025 02:59:39:	move motor	S18.axis2.phaseshifter 2 to -1.275850deg	 DONE
04/10/2025 02:59:41:	26	count	time	30.000000s/cts	O Det=701	H Det=4218	Mon Det=69057	Aux Det=2256	O+H=7175	 DONE
04/10/2025 03:00:12:	move motor	S18.axis2.phaseshifter 2 to -1.206884deg	 DONE
04/10/2025 03:00:14:	27	count	time	30.000000s/cts	O Det=791	H Det=4090	Mon Det=69398	Aux Det=2312	O+H=7193	 DONE
04/10/2025 03:00:46:	move motor	S18.axis2.phaseshifter 2 to -1.137918deg	 DONE
04/10/2025 03:00:47:	28	count	time	30.000000s/cts	O Det=1097	H Det=3878	Mon Det=69647	Aux Det=2258	O+H=7233	 DONE
04/10/2025 03:01:19:	move motor	S18.axis2.phaseshifter 2 to -1.068952deg	 DONE
04/10/2025 03:01:20:	29	count	time	30.000000s/cts	O Det=1538	H Det=3358	Mon Det=69649	Aux Det=2320	O+H=7216	 DONE
04/10/2025 03:01:52:	move motor	S18.axis2.phaseshifter 2 to -0.999986deg	 DONE
04/10/2025 03:01:54:	30	count	time	30.000000s/cts	O Det=1967	H Det=3167	Mon Det=69132	Aux Det=2243	O+H=7377	 DONE
04/10/2025 03:02:25:	close file and end scan	 DONE
call of ifg2_newPS_2p30s_B1.sc DONE
04/10/2025 03:02:26:	END OF SCRIPT	 DONE
