04/10/2025 12:32:12:	start execution of script D:\data\Cycle 198\exp_3-16-19\rawdata\sc\Aperture_scan_ifg1_newPS_B3_2p30s.sc	 DONE
04/10/2025 12:32:13:	move motor	S18.axis2.Aperture Z to 6.00000mm	reached 6.00000  DONE
04/10/2025 12:32:17:	move motor	S18.axis2.Aperture Y to 16.50000mm	reached 16.50000  DONE
04/10/2025 12:32:21:	move motor	S18.axis2.phaseshifter 1 to -1.100000deg	 DONE
04/10/2025 12:32:23:	create file	D:\data\Cycle 198\exp_3-16-19\rawdata\sc\Aperture_scan_ifg1_newPS_B3_2p30s_04Oct1232.dat	 DONE
room to enter remarks DONE
04/10/2025 12:32:24:	move motor	S18.axis2.phaseshifter 1 to -1.000000deg	 DONE
04/10/2025 12:32:25:	1	count	time	30.000000s/cts	O Det=1992	H Det=1825	Mon Det=69260	Aux Det=3106	O+H=6923	 DONE
04/10/2025 12:32:57:	move motor	S18.axis2.phaseshifter 1 to -0.931034deg	 DONE
04/10/2025 12:32:59:	2	count	time	30.000000s/cts	O Det=2216	H Det=1913	Mon Det=69621	Aux Det=2707	O+H=6836	 DONE
04/10/2025 12:33:30:	move motor	S18.axis2.phaseshifter 1 to -0.862068deg	 DONE
04/10/2025 12:33:32:	3	count	time	30.000000s/cts	O Det=2154	H Det=1890	Mon Det=69501	Aux Det=2906	O+H=6950	 DONE
04/10/2025 12:34:04:	move motor	S18.axis2.phaseshifter 1 to -0.793102deg	 DONE
04/10/2025 12:34:05:	4	count	time	30.000000s/cts	O Det=1958	H Det=1708	Mon Det=69781	Aux Det=3465	O+H=7131	 DONE
04/10/2025 12:34:37:	move motor	S18.axis2.phaseshifter 1 to -0.724136deg	 DONE
04/10/2025 12:34:38:	5	count	time	30.000000s/cts	O Det=1599	H Det=1454	Mon Det=69615	Aux Det=4334	O+H=7387	 DONE
04/10/2025 12:35:10:	move motor	S18.axis2.phaseshifter 1 to -0.655170deg	 DONE
04/10/2025 12:35:11:	6	count	time	30.000000s/cts	O Det=1239	H Det=1093	Mon Det=69522	Aux Det=5273	O+H=7605	 DONE
04/10/2025 12:35:43:	move motor	S18.axis2.phaseshifter 1 to -0.586204deg	 DONE
04/10/2025 12:35:45:	7	count	time	30.000000s/cts	O Det=920	H Det=823	Mon Det=69252	Aux Det=6077	O+H=7820	 DONE
04/10/2025 12:36:16:	move motor	S18.axis2.phaseshifter 1 to -0.517238deg	 DONE
04/10/2025 12:36:18:	8	count	time	30.000000s/cts	O Det=616	H Det=553	Mon Det=69455	Aux Det=6879	O+H=8048	 DONE
04/10/2025 12:36:50:	move motor	S18.axis2.phaseshifter 1 to -0.448272deg	 DONE
04/10/2025 12:36:51:	9	count	time	30.000000s/cts	O Det=410	H Det=465	Mon Det=69091	Aux Det=7557	O+H=8432	 DONE
04/10/2025 12:37:23:	move motor	S18.axis2.phaseshifter 1 to -0.379306deg	 DONE
04/10/2025 12:37:24:	10	count	time	30.000000s/cts	O Det=411	H Det=421	Mon Det=69538	Aux Det=7403	O+H=8235	 DONE
04/10/2025 12:37:56:	move motor	S18.axis2.phaseshifter 1 to -0.310340deg	 DONE
04/10/2025 12:37:57:	11	count	time	30.000000s/cts	O Det=542	H Det=551	Mon Det=69937	Aux Det=7162	O+H=8255	 DONE
04/10/2025 12:38:29:	move motor	S18.axis2.phaseshifter 1 to -0.241374deg	 DONE
04/10/2025 12:38:31:	12	count	time	30.000000s/cts	O Det=764	H Det=779	Mon Det=69464	Aux Det=6476	O+H=8019	 DONE
04/10/2025 12:39:02:	move motor	S18.axis2.phaseshifter 1 to -0.172408deg	 DONE
04/10/2025 12:39:04:	13	count	time	30.000000s/cts	O Det=1200	H Det=1097	Mon Det=68552	Aux Det=5414	O+H=7711	 DONE
04/10/2025 12:39:36:	move motor	S18.axis2.phaseshifter 1 to -0.103442deg	 DONE
04/10/2025 12:39:37:	14	count	time	30.000000s/cts	O Det=1610	H Det=1391	Mon Det=69541	Aux Det=4486	O+H=7487	 DONE
04/10/2025 12:40:09:	move motor	S18.axis2.phaseshifter 1 to -0.034476deg	 DONE
04/10/2025 12:40:10:	15	count	time	30.000000s/cts	O Det=1933	H Det=1677	Mon Det=69534	Aux Det=3440	O+H=7050	 DONE
04/10/2025 12:40:42:	move motor	S18.axis2.phaseshifter 1 to 0.034490deg	 DONE
04/10/2025 12:40:43:	16	count	time	30.000000s/cts	O Det=2060	H Det=1882	Mon Det=69548	Aux Det=2917	O+H=6859	 DONE
04/10/2025 12:41:15:	move motor	S18.axis2.phaseshifter 1 to 0.103456deg	 DONE
04/10/2025 12:41:17:	17	count	time	30.000000s/cts	O Det=2135	H Det=1949	Mon Det=69532	Aux Det=2797	O+H=6881	 DONE
04/10/2025 12:41:48:	move motor	S18.axis2.phaseshifter 1 to 0.172422deg	 DONE
04/10/2025 12:41:50:	18	count	time	30.000000s/cts	O Det=2127	H Det=1868	Mon Det=69114	Aux Det=2851	O+H=6846	 DONE
04/10/2025 12:42:22:	move motor	S18.axis2.phaseshifter 1 to 0.241388deg	 DONE
04/10/2025 12:42:23:	19	count	time	30.000000s/cts	O Det=1841	H Det=1686	Mon Det=69707	Aux Det=3382	O+H=6909	 DONE
04/10/2025 12:42:55:	move motor	S18.axis2.phaseshifter 1 to 0.310354deg	 DONE
04/10/2025 12:42:56:	20	count	time	30.000000s/cts	O Det=1667	H Det=1564	Mon Det=69228	Aux Det=4174	O+H=7405	 DONE
04/10/2025 12:43:28:	move motor	S18.axis2.phaseshifter 1 to 0.379320deg	 DONE
04/10/2025 12:43:30:	21	count	time	30.000000s/cts	O Det=1283	H Det=1200	Mon Det=69493	Aux Det=5212	O+H=7695	 DONE
04/10/2025 12:44:01:	move motor	S18.axis2.phaseshifter 1 to 0.448286deg	 DONE
04/10/2025 12:44:03:	22	count	time	30.000000s/cts	O Det=979	H Det=838	Mon Det=69854	Aux Det=6127	O+H=7944	 DONE
04/10/2025 12:44:34:	move motor	S18.axis2.phaseshifter 1 to 0.517252deg	 DONE
04/10/2025 12:44:36:	23	count	time	30.000000s/cts	O Det=639	H Det=598	Mon Det=69581	Aux Det=6933	O+H=8170	 DONE
04/10/2025 12:45:08:	move motor	S18.axis2.phaseshifter 1 to 0.586218deg	 DONE
04/10/2025 12:45:09:	24	count	time	30.000000s/cts	O Det=501	H Det=461	Mon Det=69687	Aux Det=7339	O+H=8301	 DONE
04/10/2025 12:45:41:	move motor	S18.axis2.phaseshifter 1 to 0.655184deg	 DONE
04/10/2025 12:45:43:	25	count	time	30.000000s/cts	O Det=432	H Det=446	Mon Det=70134	Aux Det=7562	O+H=8440	 DONE
04/10/2025 12:46:14:	move motor	S18.axis2.phaseshifter 1 to 0.724150deg	 DONE
04/10/2025 12:46:16:	26	count	time	30.000000s/cts	O Det=524	H Det=523	Mon Det=70182	Aux Det=7122	O+H=8169	 DONE
04/10/2025 12:46:47:	move motor	S18.axis2.phaseshifter 1 to 0.793116deg	 DONE
04/10/2025 12:46:49:	27	count	time	30.000000s/cts	O Det=711	H Det=764	Mon Det=69447	Aux Det=6380	O+H=7855	 DONE
04/10/2025 12:47:21:	move motor	S18.axis2.phaseshifter 1 to 0.862082deg	 DONE
04/10/2025 12:47:22:	28	count	time	30.000000s/cts	O Det=1043	H Det=971	Mon Det=69731	Aux Det=5687	O+H=7701	 DONE
04/10/2025 12:47:54:	move motor	S18.axis2.phaseshifter 1 to 0.931048deg	 DONE
04/10/2025 12:47:55:	29	count	time	30.000000s/cts	O Det=1551	H Det=1353	Mon Det=69861	Aux Det=4519	O+H=7423	 DONE
04/10/2025 12:48:27:	move motor	S18.axis2.phaseshifter 1 to 1.000014deg	 DONE
04/10/2025 12:48:29:	30	count	time	30.000000s/cts	O Det=1789	H Det=1684	Mon Det=69642	Aux Det=3715	O+H=7188	 DONE
04/10/2025 12:49:00:	close file and end scan	 DONE
call of ifg1_newPS_2p30s_B3.sc DONE
04/10/2025 12:49:01:	move motor	S18.axis2.Aperture Y to 19.00000mm	reached 19.00000  DONE
04/10/2025 12:49:06:	move motor	S18.axis2.phaseshifter 1 to -1.100000deg	 DONE
04/10/2025 12:49:08:	create file	D:\data\Cycle 198\exp_3-16-19\rawdata\sc\Aperture_scan_ifg1_newPS_B3_2p30s_04Oct1249.dat	 DONE
room to enter remarks DONE
04/10/2025 12:49:09:	move motor	S18.axis2.phaseshifter 1 to -1.000000deg	 DONE
04/10/2025 12:49:10:	1	count	time	30.000000s/cts	O Det=2083	H Det=1967	Mon Det=69749	Aux Det=2836	O+H=6886	 DONE
04/10/2025 12:49:42:	move motor	S18.axis2.phaseshifter 1 to -0.931034deg	 DONE
04/10/2025 12:49:43:	2	count	time	30.000000s/cts	O Det=2262	H Det=2124	Mon Det=69965	Aux Det=2447	O+H=6833	 DONE
04/10/2025 12:50:15:	move motor	S18.axis2.phaseshifter 1 to -0.862068deg	 DONE
04/10/2025 12:50:17:	3	count	time	30.000000s/cts	O Det=2375	H Det=2218	Mon Det=70025	Aux Det=2501	O+H=7094	 DONE
04/10/2025 12:50:48:	move motor	S18.axis2.phaseshifter 1 to -0.793102deg	 DONE
04/10/2025 12:50:50:	4	count	time	30.000000s/cts	O Det=2112	H Det=1962	Mon Det=70218	Aux Det=2865	O+H=6939	 DONE
04/10/2025 12:51:22:	move motor	S18.axis2.phaseshifter 1 to -0.724136deg	 DONE
04/10/2025 12:51:23:	5	count	time	30.000000s/cts	O Det=1962	H Det=1810	Mon Det=69459	Aux Det=3384	O+H=7156	 DONE
04/10/2025 12:51:55:	move motor	S18.axis2.phaseshifter 1 to -0.655170deg	 DONE
04/10/2025 12:51:56:	6	count	time	30.000000s/cts	O Det=1486	H Det=1421	Mon Det=69817	Aux Det=4389	O+H=7296	 DONE
04/10/2025 12:52:28:	move motor	S18.axis2.phaseshifter 1 to -0.586204deg	 DONE
04/10/2025 12:52:29:	7	count	time	30.000000s/cts	O Det=1119	H Det=1043	Mon Det=69857	Aux Det=5224	O+H=7386	 DONE
04/10/2025 12:53:01:	move motor	S18.axis2.phaseshifter 1 to -0.517238deg	 DONE
04/10/2025 12:53:03:	8	count	time	30.000000s/cts	O Det=747	H Det=774	Mon Det=69267	Aux Det=5873	O+H=7394	 DONE
04/10/2025 12:53:34:	move motor	S18.axis2.phaseshifter 1 to -0.448272deg	 DONE
04/10/2025 12:53:36:	9	count	time	30.000000s/cts	O Det=499	H Det=636	Mon Det=69785	Aux Det=6284	O+H=7419	 DONE
04/10/2025 12:54:08:	move motor	S18.axis2.phaseshifter 1 to -0.379306deg	 DONE
04/10/2025 12:54:09:	10	count	time	30.000000s/cts	O Det=461	H Det=499	Mon Det=69263	Aux Det=6300	O+H=7260	 DONE
04/10/2025 12:54:41:	move motor	S18.axis2.phaseshifter 1 to -0.310340deg	 DONE
04/10/2025 12:54:42:	11	count	time	30.000000s/cts	O Det=601	H Det=641	Mon Det=69542	Aux Det=6117	O+H=7359	 DONE
04/10/2025 12:55:14:	move motor	S18.axis2.phaseshifter 1 to -0.241374deg	 DONE
04/10/2025 12:55:15:	12	count	time	30.000000s/cts	O Det=802	H Det=817	Mon Det=69488	Aux Det=5565	O+H=7184	 DONE
04/10/2025 12:55:47:	move motor	S18.axis2.phaseshifter 1 to -0.172408deg	 DONE
04/10/2025 12:55:49:	13	count	time	30.000000s/cts	O Det=1140	H Det=1121	Mon Det=69582	Aux Det=5101	O+H=7362	 DONE
04/10/2025 12:56:20:	move motor	S18.axis2.phaseshifter 1 to -0.103442deg	 DONE
04/10/2025 12:56:22:	14	count	time	30.000000s/cts	O Det=1518	H Det=1432	Mon Det=69263	Aux Det=4045	O+H=6995	 DONE
04/10/2025 12:56:54:	move motor	S18.axis2.phaseshifter 1 to -0.034476deg	 DONE
04/10/2025 12:56:55:	15	count	time	30.000000s/cts	O Det=1958	H Det=1822	Mon Det=70176	Aux Det=3182	O+H=6962	 DONE
04/10/2025 12:57:27:	move motor	S18.axis2.phaseshifter 1 to 0.034490deg	 DONE
04/10/2025 12:57:28:	16	count	time	30.000000s/cts	O Det=2144	H Det=1901	Mon Det=69339	Aux Det=2775	O+H=6820	 DONE
04/10/2025 12:58:00:	move motor	S18.axis2.phaseshifter 1 to 0.103456deg	 DONE
04/10/2025 12:58:01:	17	count	time	30.000000s/cts	O Det=2340	H Det=2141	Mon Det=69388	Aux Det=2501	O+H=6982	 DONE
04/10/2025 12:58:33:	move motor	S18.axis2.phaseshifter 1 to 0.172422deg	 DONE
04/10/2025 12:58:35:	18	count	time	30.000000s/cts	O Det=2382	H Det=2162	Mon Det=69371	Aux Det=2380	O+H=6924	 DONE
04/10/2025 12:59:06:	move motor	S18.axis2.phaseshifter 1 to 0.241388deg	 DONE
04/10/2025 12:59:08:	19	count	time	30.000000s/cts	O Det=2121	H Det=2038	Mon Det=69670	Aux Det=2909	O+H=7068	 DONE
04/10/2025 12:59:39:	move motor	S18.axis2.phaseshifter 1 to 0.310354deg	 DONE
04/10/2025 12:59:41:	20	count	time	30.000000s/cts	O Det=1792	H Det=1785	Mon Det=69779	Aux Det=3421	O+H=6998	 DONE
04/10/2025 13:00:13:	move motor	S18.axis2.phaseshifter 1 to 0.379320deg	 DONE
04/10/2025 13:00:14:	21	count	time	30.000000s/cts	O Det=1476	H Det=1347	Mon Det=69685	Aux Det=4250	O+H=7073	 DONE
04/10/2025 13:00:46:	move motor	S18.axis2.phaseshifter 1 to 0.448286deg	 DONE
04/10/2025 13:00:47:	22	count	time	30.000000s/cts	O Det=1152	H Det=1118	Mon Det=69955	Aux Det=5165	O+H=7435	 DONE
04/10/2025 13:01:19:	move motor	S18.axis2.phaseshifter 1 to 0.517252deg	 DONE
04/10/2025 13:01:21:	23	count	time	30.000000s/cts	O Det=830	H Det=853	Mon Det=69900	Aux Det=5708	O+H=7391	 DONE
04/10/2025 13:01:52:	move motor	S18.axis2.phaseshifter 1 to 0.586218deg	 DONE
04/10/2025 13:01:54:	24	count	time	30.000000s/cts	O Det=573	H Det=588	Mon Det=69609	Aux Det=6396	O+H=7557	 DONE
04/10/2025 13:02:25:	move motor	S18.axis2.phaseshifter 1 to 0.655184deg	 DONE
04/10/2025 13:02:27:	25	count	time	30.000000s/cts	O Det=428	H Det=555	Mon Det=69272	Aux Det=6383	O+H=7366	 DONE
04/10/2025 13:02:59:	move motor	S18.axis2.phaseshifter 1 to 0.724150deg	 DONE
04/10/2025 13:03:00:	26	count	time	30.000000s/cts	O Det=561	H Det=614	Mon Det=69280	Aux Det=6092	O+H=7267	 DONE
04/10/2025 13:03:32:	move motor	S18.axis2.phaseshifter 1 to 0.793116deg	 DONE
04/10/2025 13:03:33:	27	count	time	30.000000s/cts	O Det=753	H Det=801	Mon Det=70069	Aux Det=5662	O+H=7216	 DONE
04/10/2025 13:04:05:	move motor	S18.axis2.phaseshifter 1 to 0.862082deg	 DONE
04/10/2025 13:04:07:	28	count	time	30.000000s/cts	O Det=1204	H Det=1065	Mon Det=69759	Aux Det=4834	O+H=7103	 DONE
04/10/2025 13:04:38:	move motor	S18.axis2.phaseshifter 1 to 0.931048deg	 DONE
04/10/2025 13:04:40:	29	count	time	30.000000s/cts	O Det=1573	H Det=1471	Mon Det=69410	Aux Det=4061	O+H=7105	 DONE
04/10/2025 13:05:12:	move motor	S18.axis2.phaseshifter 1 to 1.000014deg	 DONE
04/10/2025 13:05:13:	30	count	time	30.000000s/cts	O Det=1916	H Det=1740	Mon Det=70138	Aux Det=3288	O+H=6944	 DONE
04/10/2025 13:05:45:	close file and end scan	 DONE
call of ifg1_newPS_2p30s_B3.sc DONE
04/10/2025 13:05:46:	move motor	S18.axis2.Aperture Y to 21.50000mm	reached 21.50000  DONE
04/10/2025 13:05:50:	move motor	S18.axis2.phaseshifter 1 to -1.100000deg	 DONE
04/10/2025 13:05:52:	create file	D:\data\Cycle 198\exp_3-16-19\rawdata\sc\Aperture_scan_ifg1_newPS_B3_2p30s_04Oct1305.dat	 DONE
room to enter remarks DONE
04/10/2025 13:05:53:	move motor	S18.axis2.phaseshifter 1 to -1.000000deg	 DONE
04/10/2025 13:05:55:	1	count	time	30.000000s/cts	O Det=1886	H Det=1713	Mon Det=70020	Aux Det=1983	O+H=5582	 DONE
04/10/2025 13:06:26:	move motor	S18.axis2.phaseshifter 1 to -0.931034deg	 DONE
04/10/2025 13:06:28:	2	count	time	30.000000s/cts	O Det=1957	H Det=1840	Mon Det=69662	Aux Det=1897	O+H=5694	 DONE
04/10/2025 13:07:00:	move motor	S18.axis2.phaseshifter 1 to -0.862068deg	 DONE
04/10/2025 13:07:01:	3	count	time	30.000000s/cts	O Det=2005	H Det=1860	Mon Det=69871	Aux Det=1877	O+H=5742	 DONE
04/10/2025 13:07:33:	move motor	S18.axis2.phaseshifter 1 to -0.793102deg	 DONE
04/10/2025 13:07:34:	4	count	time	30.000000s/cts	O Det=1913	H Det=1759	Mon Det=69509	Aux Det=1955	O+H=5627	 DONE
04/10/2025 13:08:06:	move motor	S18.axis2.phaseshifter 1 to -0.724136deg	 DONE
04/10/2025 13:08:08:	5	count	time	30.000000s/cts	O Det=1664	H Det=1555	Mon Det=69848	Aux Det=2171	O+H=5390	 DONE
04/10/2025 13:08:39:	move motor	S18.axis2.phaseshifter 1 to -0.655170deg	 DONE
04/10/2025 13:08:41:	6	count	time	30.000000s/cts	O Det=1399	H Det=1272	Mon Det=69703	Aux Det=2811	O+H=5482	 DONE
04/10/2025 13:09:13:	move motor	S18.axis2.phaseshifter 1 to -0.586204deg	 DONE
04/10/2025 13:09:14:	7	count	time	30.000000s/cts	O Det=1000	H Det=980	Mon Det=69726	Aux Det=3235	O+H=5215	 DONE
04/10/2025 13:09:46:	move motor	S18.axis2.phaseshifter 1 to -0.517238deg	 DONE
04/10/2025 13:09:47:	8	count	time	30.000000s/cts	O Det=726	H Det=740	Mon Det=69585	Aux Det=3687	O+H=5153	 DONE
04/10/2025 13:10:19:	move motor	S18.axis2.phaseshifter 1 to -0.448272deg	 DONE
04/10/2025 13:10:20:	9	count	time	30.000000s/cts	O Det=536	H Det=672	Mon Det=69622	Aux Det=3889	O+H=5097	 DONE
04/10/2025 13:10:52:	move motor	S18.axis2.phaseshifter 1 to -0.379306deg	 DONE
04/10/2025 13:10:54:	10	count	time	30.000000s/cts	O Det=472	H Det=570	Mon Det=69590	Aux Det=4074	O+H=5116	 DONE
04/10/2025 13:11:25:	move motor	S18.axis2.phaseshifter 1 to -0.310340deg	 DONE
04/10/2025 13:11:27:	11	count	time	30.000000s/cts	O Det=542	H Det=584	Mon Det=69162	Aux Det=3965	O+H=5091	 DONE
04/10/2025 13:11:58:	move motor	S18.axis2.phaseshifter 1 to -0.241374deg	 DONE
04/10/2025 13:12:00:	12	count	time	30.000000s/cts	O Det=689	H Det=789	Mon Det=70220	Aux Det=3823	O+H=5301	 DONE
04/10/2025 13:12:32:	move motor	S18.axis2.phaseshifter 1 to -0.172408deg	 DONE
04/10/2025 13:12:33:	13	count	time	30.000000s/cts	O Det=999	H Det=999	Mon Det=69546	Aux Det=3432	O+H=5430	 DONE
04/10/2025 13:13:05:	move motor	S18.axis2.phaseshifter 1 to -0.103442deg	 DONE
04/10/2025 13:13:06:	14	count	time	30.000000s/cts	O Det=1300	H Det=1269	Mon Det=69274	Aux Det=2824	O+H=5393	 DONE
04/10/2025 13:13:38:	move motor	S18.axis2.phaseshifter 1 to -0.034476deg	 DONE
04/10/2025 13:13:40:	15	count	time	30.000000s/cts	O Det=1605	H Det=1548	Mon Det=69359	Aux Det=2287	O+H=5440	 DONE
04/10/2025 13:14:11:	move motor	S18.axis2.phaseshifter 1 to 0.034490deg	 DONE
04/10/2025 13:14:13:	16	count	time	30.000000s/cts	O Det=1871	H Det=1687	Mon Det=69588	Aux Det=1993	O+H=5551	 DONE
04/10/2025 13:14:44:	move motor	S18.axis2.phaseshifter 1 to 0.103456deg	 DONE
04/10/2025 13:14:46:	17	count	time	30.000000s/cts	O Det=1939	H Det=1839	Mon Det=69154	Aux Det=1852	O+H=5630	 DONE
04/10/2025 13:15:18:	move motor	S18.axis2.phaseshifter 1 to 0.172422deg	 DONE
04/10/2025 13:15:19:	18	count	time	30.000000s/cts	O Det=2001	H Det=1829	Mon Det=69339	Aux Det=1843	O+H=5673	 DONE
04/10/2025 13:15:51:	move motor	S18.axis2.phaseshifter 1 to 0.241388deg	 DONE
04/10/2025 13:15:52:	19	count	time	30.000000s/cts	O Det=1814	H Det=1717	Mon Det=69409	Aux Det=2034	O+H=5565	 DONE
04/10/2025 13:16:24:	move motor	S18.axis2.phaseshifter 1 to 0.310354deg	 DONE
04/10/2025 13:16:26:	20	count	time	30.000000s/cts	O Det=1788	H Det=1541	Mon Det=69386	Aux Det=2275	O+H=5604	 DONE
04/10/2025 13:16:57:	move motor	S18.axis2.phaseshifter 1 to 0.379320deg	 DONE
04/10/2025 13:16:59:	21	count	time	30.000000s/cts	O Det=1376	H Det=1301	Mon Det=69204	Aux Det=2716	O+H=5393	 DONE
04/10/2025 13:17:30:	move motor	S18.axis2.phaseshifter 1 to 0.448286deg	 DONE
04/10/2025 13:17:32:	22	count	time	30.000000s/cts	O Det=1074	H Det=1082	Mon Det=68718	Aux Det=3210	O+H=5366	 DONE
04/10/2025 13:18:04:	move motor	S18.axis2.phaseshifter 1 to 0.517252deg	 DONE
04/10/2025 13:18:05:	23	count	time	30.000000s/cts	O Det=810	H Det=810	Mon Det=69674	Aux Det=3608	O+H=5228	 DONE
04/10/2025 13:18:37:	move motor	S18.axis2.phaseshifter 1 to 0.586218deg	 DONE
04/10/2025 13:18:38:	24	count	time	30.000000s/cts	O Det=539	H Det=661	Mon Det=69678	Aux Det=3906	O+H=5106	 DONE
04/10/2025 13:19:10:	move motor	S18.axis2.phaseshifter 1 to 0.655184deg	 DONE
04/10/2025 13:19:12:	25	count	time	30.000000s/cts	O Det=435	H Det=535	Mon Det=69531	Aux Det=4032	O+H=5002	 DONE
04/10/2025 13:19:43:	move motor	S18.axis2.phaseshifter 1 to 0.724150deg	 DONE
04/10/2025 13:19:45:	26	count	time	30.000000s/cts	O Det=504	H Det=593	Mon Det=69756	Aux Det=3881	O+H=4978	 DONE
04/10/2025 13:20:16:	move motor	S18.axis2.phaseshifter 1 to 0.793116deg	 DONE
04/10/2025 13:20:18:	27	count	time	30.000000s/cts	O Det=699	H Det=759	Mon Det=69638	Aux Det=3758	O+H=5216	 DONE
04/10/2025 13:20:50:	move motor	S18.axis2.phaseshifter 1 to 0.862082deg	 DONE
04/10/2025 13:20:51:	28	count	time	30.000000s/cts	O Det=941	H Det=935	Mon Det=69184	Aux Det=3373	O+H=5249	 DONE
04/10/2025 13:21:23:	move motor	S18.axis2.phaseshifter 1 to 0.931048deg	 DONE
04/10/2025 13:21:24:	29	count	time	30.000000s/cts	O Det=1288	H Det=1302	Mon Det=69407	Aux Det=2835	O+H=5425	 DONE
04/10/2025 13:21:56:	move motor	S18.axis2.phaseshifter 1 to 1.000014deg	 DONE
04/10/2025 13:21:58:	30	count	time	30.000000s/cts	O Det=1601	H Det=1494	Mon Det=69531	Aux Det=2332	O+H=5427	 DONE
04/10/2025 13:22:29:	close file and end scan	 DONE
call of ifg1_newPS_2p30s_B3.sc DONE
04/10/2025 13:22:30:	move motor	S18.axis2.Aperture Z to 8.50000mm	reached 8.50000  DONE
04/10/2025 13:22:34:	move motor	S18.axis2.Aperture Y to 16.50000mm	reached 16.50000  DONE
04/10/2025 13:22:39:	move motor	S18.axis2.phaseshifter 1 to -1.100000deg	 DONE
04/10/2025 13:22:41:	create file	D:\data\Cycle 198\exp_3-16-19\rawdata\sc\Aperture_scan_ifg1_newPS_B3_2p30s_04Oct1322.dat	 DONE
room to enter remarks DONE
04/10/2025 13:22:42:	move motor	S18.axis2.phaseshifter 1 to -1.000000deg	 DONE
04/10/2025 13:22:44:	1	count	time	30.000000s/cts	O Det=2323	H Det=1967	Mon Det=69170	Aux Det=3249	O+H=7539	 DONE
04/10/2025 13:23:16:	move motor	S18.axis2.phaseshifter 1 to -0.931034deg	 DONE
04/10/2025 13:23:17:	2	count	time	30.000000s/cts	O Det=2499	H Det=2138	Mon Det=69464	Aux Det=3036	O+H=7673	 DONE
04/10/2025 13:23:49:	move motor	S18.axis2.phaseshifter 1 to -0.862068deg	 DONE
04/10/2025 13:23:50:	3	count	time	30.000000s/cts	O Det=2223	H Det=1946	Mon Det=68958	Aux Det=3368	O+H=7537	 DONE
04/10/2025 13:24:22:	move motor	S18.axis2.phaseshifter 1 to -0.793102deg	 DONE
04/10/2025 13:24:24:	4	count	time	30.000000s/cts	O Det=2065	H Det=1803	Mon Det=69915	Aux Det=4052	O+H=7920	 DONE
04/10/2025 13:24:55:	move motor	S18.axis2.phaseshifter 1 to -0.724136deg	 DONE
04/10/2025 13:24:57:	5	count	time	30.000000s/cts	O Det=1682	H Det=1482	Mon Det=69328	Aux Det=4849	O+H=8013	 DONE
04/10/2025 13:25:29:	move motor	S18.axis2.phaseshifter 1 to -0.655170deg	 DONE
04/10/2025 13:25:30:	6	count	time	30.000000s/cts	O Det=1240	H Det=1149	Mon Det=69548	Aux Det=5963	O+H=8352	 DONE
04/10/2025 13:26:02:	move motor	S18.axis2.phaseshifter 1 to -0.586204deg	 DONE
04/10/2025 13:26:03:	7	count	time	30.000000s/cts	O Det=857	H Det=807	Mon Det=69274	Aux Det=7225	O+H=8889	 DONE
04/10/2025 13:26:35:	move motor	S18.axis2.phaseshifter 1 to -0.517238deg	 DONE
04/10/2025 13:26:36:	8	count	time	30.000000s/cts	O Det=561	H Det=535	Mon Det=69324	Aux Det=7891	O+H=8987	 DONE
04/10/2025 13:27:08:	move motor	S18.axis2.phaseshifter 1 to -0.448272deg	 DONE
04/10/2025 13:27:10:	9	count	time	30.000000s/cts	O Det=428	H Det=418	Mon Det=69607	Aux Det=8267	O+H=9113	 DONE
04/10/2025 13:27:41:	move motor	S18.axis2.phaseshifter 1 to -0.379306deg	 DONE
04/10/2025 13:27:43:	10	count	time	30.000000s/cts	O Det=415	H Det=429	Mon Det=69275	Aux Det=8235	O+H=9079	 DONE
04/10/2025 13:28:14:	move motor	S18.axis2.phaseshifter 1 to -0.310340deg	 DONE
04/10/2025 13:28:16:	11	count	time	30.000000s/cts	O Det=602	H Det=655	Mon Det=69336	Aux Det=7695	O+H=8952	 DONE
04/10/2025 13:28:48:	move motor	S18.axis2.phaseshifter 1 to -0.241374deg	 DONE
04/10/2025 13:28:49:	12	count	time	30.000000s/cts	O Det=916	H Det=790	Mon Det=70208	Aux Det=6924	O+H=8630	 DONE
04/10/2025 13:29:21:	move motor	S18.axis2.phaseshifter 1 to -0.172408deg	 DONE
04/10/2025 13:29:22:	13	count	time	30.000000s/cts	O Det=1354	H Det=1203	Mon Det=69675	Aux Det=5641	O+H=8198	 DONE
04/10/2025 13:29:54:	move motor	S18.axis2.phaseshifter 1 to -0.103442deg	 DONE
04/10/2025 13:29:56:	14	count	time	30.000000s/cts	O Det=1711	H Det=1514	Mon Det=69857	Aux Det=4701	O+H=7926	 DONE
04/10/2025 13:30:27:	move motor	S18.axis2.phaseshifter 1 to -0.034476deg	 DONE
04/10/2025 13:30:29:	15	count	time	30.000000s/cts	O Det=2100	H Det=1827	Mon Det=69422	Aux Det=3646	O+H=7573	 DONE
04/10/2025 13:31:00:	move motor	S18.axis2.phaseshifter 1 to 0.034490deg	 DONE
04/10/2025 13:31:02:	16	count	time	30.000000s/cts	O Det=2358	H Det=1862	Mon Det=70244	Aux Det=3370	O+H=7590	 DONE
04/10/2025 13:31:34:	move motor	S18.axis2.phaseshifter 1 to 0.103456deg	 DONE
04/10/2025 13:31:35:	17	count	time	30.000000s/cts	O Det=2458	H Det=2021	Mon Det=69525	Aux Det=3050	O+H=7529	 DONE
04/10/2025 13:32:07:	move motor	S18.axis2.phaseshifter 1 to 0.172422deg	 DONE
04/10/2025 13:32:08:	18	count	time	30.000000s/cts	O Det=2339	H Det=1890	Mon Det=69920	Aux Det=3470	O+H=7699	 DONE
04/10/2025 13:32:40:	move motor	S18.axis2.phaseshifter 1 to 0.241388deg	 DONE
04/10/2025 13:32:42:	19	count	time	30.000000s/cts	O Det=2090	H Det=1771	Mon Det=70132	Aux Det=3817	O+H=7678	 DONE
04/10/2025 13:33:13:	move motor	S18.axis2.phaseshifter 1 to 0.310354deg	 DONE
04/10/2025 13:33:15:	20	count	time	30.000000s/cts	O Det=1743	H Det=1566	Mon Det=68838	Aux Det=4822	O+H=8131	 DONE
04/10/2025 13:33:46:	move motor	S18.axis2.phaseshifter 1 to 0.379320deg	 DONE
04/10/2025 13:33:48:	21	count	time	30.000000s/cts	O Det=1364	H Det=1211	Mon Det=69562	Aux Det=5776	O+H=8351	 DONE
04/10/2025 13:34:20:	move motor	S18.axis2.phaseshifter 1 to 0.448286deg	 DONE
04/10/2025 13:34:21:	22	count	time	30.000000s/cts	O Det=969	H Det=931	Mon Det=69415	Aux Det=6724	O+H=8624	 DONE
04/10/2025 13:34:53:	move motor	S18.axis2.phaseshifter 1 to 0.517252deg	 DONE
04/10/2025 13:34:54:	23	count	time	30.000000s/cts	O Det=700	H Det=602	Mon Det=69027	Aux Det=7525	O+H=8827	 DONE
04/10/2025 13:35:26:	move motor	S18.axis2.phaseshifter 1 to 0.586218deg	 DONE
04/10/2025 13:35:28:	24	count	time	30.000000s/cts	O Det=429	H Det=481	Mon Det=69585	Aux Det=8043	O+H=8953	 DONE
04/10/2025 13:35:59:	move motor	S18.axis2.phaseshifter 1 to 0.655184deg	 DONE
04/10/2025 13:36:01:	25	count	time	30.000000s/cts	O Det=438	H Det=455	Mon Det=69534	Aux Det=8334	O+H=9227	 DONE
04/10/2025 13:36:32:	move motor	S18.axis2.phaseshifter 1 to 0.724150deg	 DONE
04/10/2025 13:36:34:	26	count	time	30.000000s/cts	O Det=674	H Det=602	Mon Det=69303	Aux Det=7768	O+H=9044	 DONE
04/10/2025 13:37:06:	move motor	S18.axis2.phaseshifter 1 to 0.793116deg	 DONE
04/10/2025 13:37:07:	27	count	time	30.000000s/cts	O Det=876	H Det=779	Mon Det=69647	Aux Det=6813	O+H=8468	 DONE
04/10/2025 13:37:39:	move motor	S18.axis2.phaseshifter 1 to 0.862082deg	 DONE
04/10/2025 13:37:40:	28	count	time	30.000000s/cts	O Det=1258	H Det=1054	Mon Det=69450	Aux Det=6027	O+H=8339	 DONE
04/10/2025 13:38:12:	move motor	S18.axis2.phaseshifter 1 to 0.931048deg	 DONE
04/10/2025 13:38:14:	29	count	time	30.000000s/cts	O Det=1725	H Det=1466	Mon Det=69680	Aux Det=4779	O+H=7970	 DONE
04/10/2025 13:38:45:	move motor	S18.axis2.phaseshifter 1 to 1.000014deg	 DONE
04/10/2025 13:38:47:	30	count	time	30.000000s/cts	O Det=2111	H Det=1775	Mon Det=69676	Aux Det=3804	O+H=7690	 DONE
04/10/2025 13:39:19:	close file and end scan	 DONE
call of ifg1_newPS_2p30s_B3.sc DONE
04/10/2025 13:39:20:	move motor	S18.axis2.piezo rotation to -0.246905deg	 DONE
04/10/2025 13:39:23:	create file	D:\data\Cycle 198\exp_3-16-19\rawdata\sc\rocking_04Oct1339.dat	 DONE
room to enter remarks DONE
04/10/2025 13:39:24:	move motor	S18.axis2.piezo rotation to -0.146905deg	 DONE
04/10/2025 13:39:27:	1	count	time	5.000000s/cts	O Det=0	H Det=3	Mon Det=11581	Aux Det=18	O+H=21	 DONE
04/10/2025 13:39:34:	move motor	S18.axis2.piezo rotation to -0.146845deg	 DONE
04/10/2025 13:39:38:	2	count	time	5.000000s/cts	O Det=0	H Det=2	Mon Det=11493	Aux Det=20	O+H=22	 DONE
04/10/2025 13:39:45:	move motor	S18.axis2.piezo rotation to -0.146785deg	 DONE
04/10/2025 13:39:48:	3	count	time	5.000000s/cts	O Det=1	H Det=2	Mon Det=11762	Aux Det=40	O+H=43	 DONE
04/10/2025 13:39:55:	move motor	S18.axis2.piezo rotation to -0.146725deg	 DONE
04/10/2025 13:39:59:	4	count	time	5.000000s/cts	O Det=0	H Det=3	Mon Det=11609	Aux Det=21	O+H=24	 DONE
04/10/2025 13:40:05:	move motor	S18.axis2.piezo rotation to -0.146665deg	 DONE
04/10/2025 13:40:07:	5	count	time	5.000000s/cts	O Det=1	H Det=0	Mon Det=11719	Aux Det=32	O+H=33	 DONE
04/10/2025 13:40:14:	move motor	S18.axis2.piezo rotation to -0.146605deg	 DONE
04/10/2025 13:40:15:	6	count	time	5.000000s/cts	O Det=0	H Det=1	Mon Det=11731	Aux Det=42	O+H=43	 DONE
04/10/2025 13:40:22:	move motor	S18.axis2.piezo rotation to -0.146545deg	 DONE
04/10/2025 13:40:25:	7	count	time	5.000000s/cts	O Det=2	H Det=1	Mon Det=11586	Aux Det=43	O+H=46	 DONE
04/10/2025 13:40:32:	move motor	S18.axis2.piezo rotation to -0.146485deg	 DONE
04/10/2025 13:40:36:	8	count	time	5.000000s/cts	O Det=2	H Det=2	Mon Det=11720	Aux Det=44	O+H=48	 DONE
04/10/2025 13:40:43:	move motor	S18.axis2.piezo rotation to -0.146425deg	 DONE
04/10/2025 13:40:46:	9	count	time	5.000000s/cts	O Det=0	H Det=4	Mon Det=11584	Aux Det=49	O+H=53	 DONE
04/10/2025 13:40:53:	move motor	S18.axis2.piezo rotation to -0.146365deg	 DONE
04/10/2025 13:40:57:	10	count	time	5.000000s/cts	O Det=1	H Det=1	Mon Det=11514	Aux Det=35	O+H=37	 DONE
04/10/2025 13:41:03:	move motor	S18.axis2.piezo rotation to -0.146305deg	 DONE
04/10/2025 13:41:05:	11	count	time	5.000000s/cts	O Det=2	H Det=1	Mon Det=11801	Aux Det=65	O+H=68	 DONE
04/10/2025 13:41:11:	move motor	S18.axis2.piezo rotation to -0.146245deg	 DONE
04/10/2025 13:41:12:	12	count	time	5.000000s/cts	O Det=4	H Det=1	Mon Det=11568	Aux Det=56	O+H=61	 DONE
04/10/2025 13:41:19:	move motor	S18.axis2.piezo rotation to -0.146185deg	 DONE
04/10/2025 13:41:20:	13	count	time	5.000000s/cts	O Det=2	H Det=2	Mon Det=11641	Aux Det=79	O+H=83	 DONE
04/10/2025 13:41:27:	move motor	S18.axis2.piezo rotation to -0.146125deg	 DONE
04/10/2025 13:41:31:	14	count	time	5.000000s/cts	O Det=7	H Det=3	Mon Det=11560	Aux Det=86	O+H=96	 DONE
04/10/2025 13:41:37:	move motor	S18.axis2.piezo rotation to -0.146065deg	 DONE
04/10/2025 13:41:41:	15	count	time	5.000000s/cts	O Det=5	H Det=1	Mon Det=11631	Aux Det=88	O+H=94	 DONE
04/10/2025 13:41:48:	move motor	S18.axis2.piezo rotation to -0.146005deg	 DONE
04/10/2025 13:41:51:	16	count	time	5.000000s/cts	O Det=12	H Det=7	Mon Det=11722	Aux Det=114	O+H=133	 DONE
04/10/2025 13:41:58:	move motor	S18.axis2.piezo rotation to -0.145945deg	 DONE
04/10/2025 13:42:02:	17	count	time	5.000000s/cts	O Det=30	H Det=11	Mon Det=11584	Aux Det=163	O+H=204	 DONE
04/10/2025 13:42:08:	move motor	S18.axis2.piezo rotation to -0.145885deg	 DONE
04/10/2025 13:42:10:	18	count	time	5.000000s/cts	O Det=35	H Det=14	Mon Det=11612	Aux Det=192	O+H=241	 DONE
04/10/2025 13:42:16:	move motor	S18.axis2.piezo rotation to -0.145825deg	 DONE
04/10/2025 13:42:19:	19	count	time	5.000000s/cts	O Det=41	H Det=17	Mon Det=11478	Aux Det=208	O+H=266	 DONE
04/10/2025 13:42:26:	move motor	S18.axis2.piezo rotation to -0.145765deg	 DONE
04/10/2025 13:42:29:	20	count	time	5.000000s/cts	O Det=43	H Det=12	Mon Det=11624	Aux Det=229	O+H=284	 DONE
04/10/2025 13:42:36:	move motor	S18.axis2.piezo rotation to -0.145705deg	 DONE
04/10/2025 13:42:40:	21	count	time	5.000000s/cts	O Det=32	H Det=11	Mon Det=11770	Aux Det=237	O+H=280	 DONE
04/10/2025 13:42:46:	move motor	S18.axis2.piezo rotation to -0.145645deg	 DONE
04/10/2025 13:42:50:	22	count	time	5.000000s/cts	O Det=63	H Det=14	Mon Det=11666	Aux Det=337	O+H=414	 DONE
04/10/2025 13:42:57:	move motor	S18.axis2.piezo rotation to -0.145585deg	 DONE
04/10/2025 13:43:01:	23	count	time	5.000000s/cts	O Det=95	H Det=47	Mon Det=11751	Aux Det=379	O+H=521	 DONE
04/10/2025 13:43:07:	move motor	S18.axis2.piezo rotation to -0.145525deg	 DONE
04/10/2025 13:43:09:	24	count	time	5.000000s/cts	O Det=156	H Det=103	Mon Det=11765	Aux Det=550	O+H=809	 DONE
04/10/2025 13:43:15:	move motor	S18.axis2.piezo rotation to -0.145465deg	 DONE
04/10/2025 13:43:16:	25	count	time	5.000000s/cts	O Det=188	H Det=125	Mon Det=11761	Aux Det=615	O+H=928	 DONE
04/10/2025 13:43:23:	move motor	S18.axis2.piezo rotation to -0.145405deg	 DONE
04/10/2025 13:43:27:	26	count	time	5.000000s/cts	O Det=262	H Det=189	Mon Det=11610	Aux Det=708	O+H=1159	 DONE
04/10/2025 13:43:33:	move motor	S18.axis2.piezo rotation to -0.145345deg	 DONE
04/10/2025 13:43:37:	27	count	time	5.000000s/cts	O Det=305	H Det=246	Mon Det=11629	Aux Det=807	O+H=1358	 DONE
04/10/2025 13:43:44:	move motor	S18.axis2.piezo rotation to -0.145285deg	 DONE
04/10/2025 13:43:47:	28	count	time	5.000000s/cts	O Det=348	H Det=295	Mon Det=11542	Aux Det=815	O+H=1458	 DONE
04/10/2025 13:43:54:	move motor	S18.axis2.piezo rotation to -0.145225deg	 DONE
04/10/2025 13:43:58:	29	count	time	5.000000s/cts	O Det=342	H Det=314	Mon Det=11646	Aux Det=824	O+H=1480	 DONE
04/10/2025 13:44:04:	move motor	S18.axis2.piezo rotation to -0.145165deg	 DONE
04/10/2025 13:44:06:	30	count	time	5.000000s/cts	O Det=326	H Det=287	Mon Det=11560	Aux Det=759	O+H=1372	 DONE
04/10/2025 13:44:13:	move motor	S18.axis2.piezo rotation to -0.145105deg	 DONE
04/10/2025 13:44:14:	31	count	time	5.000000s/cts	O Det=331	H Det=299	Mon Det=11631	Aux Det=646	O+H=1276	 DONE
04/10/2025 13:44:21:	move motor	S18.axis2.piezo rotation to -0.145045deg	 DONE
04/10/2025 13:44:24:	32	count	time	5.000000s/cts	O Det=328	H Det=242	Mon Det=11661	Aux Det=528	O+H=1098	 DONE
04/10/2025 13:44:31:	move motor	S18.axis2.piezo rotation to -0.144985deg	 DONE
04/10/2025 13:44:35:	33	count	time	5.000000s/cts	O Det=257	H Det=191	Mon Det=11423	Aux Det=437	O+H=885	 DONE
04/10/2025 13:44:41:	move motor	S18.axis2.piezo rotation to -0.144925deg	 DONE
04/10/2025 13:44:45:	34	count	time	5.000000s/cts	O Det=211	H Det=124	Mon Det=11524	Aux Det=361	O+H=696	 DONE
04/10/2025 13:44:52:	move motor	S18.axis2.piezo rotation to -0.144865deg	 DONE
04/10/2025 13:44:55:	35	count	time	5.000000s/cts	O Det=178	H Det=90	Mon Det=11726	Aux Det=307	O+H=575	 DONE
04/10/2025 13:45:02:	move motor	S18.axis2.piezo rotation to -0.144805deg	 DONE
04/10/2025 13:45:03:	36	count	time	5.000000s/cts	O Det=131	H Det=49	Mon Det=11678	Aux Det=237	O+H=417	 DONE
04/10/2025 13:45:10:	move motor	S18.axis2.piezo rotation to -0.144745deg	 DONE
04/10/2025 13:45:11:	37	count	time	5.000000s/cts	O Det=72	H Det=17	Mon Det=11468	Aux Det=231	O+H=320	 DONE
04/10/2025 13:45:18:	move motor	S18.axis2.piezo rotation to -0.144685deg	 DONE
04/10/2025 13:45:22:	38	count	time	5.000000s/cts	O Det=50	H Det=13	Mon Det=11395	Aux Det=174	O+H=237	 DONE
04/10/2025 13:45:28:	move motor	S18.axis2.piezo rotation to -0.144625deg	 DONE
04/10/2025 13:45:32:	39	count	time	5.000000s/cts	O Det=29	H Det=7	Mon Det=11680	Aux Det=155	O+H=191	 DONE
04/10/2025 13:45:39:	move motor	S18.axis2.piezo rotation to -0.144565deg	 DONE
04/10/2025 13:45:42:	40	count	time	5.000000s/cts	O Det=24	H Det=3	Mon Det=11586	Aux Det=140	O+H=167	 DONE
04/10/2025 13:45:49:	move motor	S18.axis2.piezo rotation to -0.144505deg	 DONE
04/10/2025 13:45:53:	41	count	time	5.000000s/cts	O Det=14	H Det=4	Mon Det=11600	Aux Det=131	O+H=149	 DONE
04/10/2025 13:45:59:	move motor	S18.axis2.piezo rotation to -0.144445deg	 DONE
04/10/2025 13:46:01:	42	count	time	5.000000s/cts	O Det=8	H Det=2	Mon Det=11530	Aux Det=114	O+H=124	 DONE
04/10/2025 13:46:08:	move motor	S18.axis2.piezo rotation to -0.144385deg	 DONE
04/10/2025 13:46:09:	43	count	time	5.000000s/cts	O Det=6	H Det=1	Mon Det=11638	Aux Det=121	O+H=128	 DONE
04/10/2025 13:46:15:	move motor	S18.axis2.piezo rotation to -0.144325deg	 DONE
04/10/2025 13:46:19:	44	count	time	5.000000s/cts	O Det=4	H Det=4	Mon Det=11413	Aux Det=75	O+H=83	 DONE
04/10/2025 13:46:26:	move motor	S18.axis2.piezo rotation to -0.144265deg	 DONE
04/10/2025 13:46:29:	45	count	time	5.000000s/cts	O Det=7	H Det=0	Mon Det=11626	Aux Det=71	O+H=78	 DONE
04/10/2025 13:46:36:	move motor	S18.axis2.piezo rotation to -0.144205deg	 DONE
04/10/2025 13:46:40:	46	count	time	5.000000s/cts	O Det=4	H Det=3	Mon Det=11685	Aux Det=65	O+H=72	 DONE
04/10/2025 13:46:46:	move motor	S18.axis2.piezo rotation to -0.144145deg	 DONE
04/10/2025 13:46:50:	47	count	time	5.000000s/cts	O Det=0	H Det=2	Mon Det=11529	Aux Det=58	O+H=60	 DONE
04/10/2025 13:46:57:	move motor	S18.axis2.piezo rotation to -0.144085deg	 DONE
04/10/2025 13:46:58:	48	count	time	5.000000s/cts	O Det=4	H Det=4	Mon Det=11510	Aux Det=54	O+H=62	 DONE
04/10/2025 13:47:05:	move motor	S18.axis2.piezo rotation to -0.144025deg	 DONE
04/10/2025 13:47:06:	49	count	time	5.000000s/cts	O Det=3	H Det=0	Mon Det=11566	Aux Det=54	O+H=57	 DONE
04/10/2025 13:47:13:	move motor	S18.axis2.piezo rotation to -0.143965deg	 DONE
04/10/2025 13:47:14:	50	count	time	5.000000s/cts	O Det=1	H Det=1	Mon Det=11577	Aux Det=46	O+H=48	 DONE
04/10/2025 13:47:20:	move motor	S18.axis2.piezo rotation to -0.143905deg	 DONE
04/10/2025 13:47:24:	51	count	time	5.000000s/cts	O Det=2	H Det=0	Mon Det=11656	Aux Det=39	O+H=41	 DONE
04/10/2025 13:47:31:	move motor	S18.axis2.piezo rotation to -0.143845deg	 DONE
04/10/2025 13:47:34:	52	count	time	5.000000s/cts	O Det=1	H Det=2	Mon Det=11560	Aux Det=29	O+H=32	 DONE
04/10/2025 13:47:41:	move motor	S18.axis2.piezo rotation to -0.143785deg	 DONE
04/10/2025 13:47:45:	53	count	time	5.000000s/cts	O Det=1	H Det=0	Mon Det=11619	Aux Det=37	O+H=38	 DONE
04/10/2025 13:47:51:	move motor	S18.axis2.piezo rotation to -0.143725deg	 DONE
04/10/2025 13:47:55:	54	count	time	5.000000s/cts	O Det=0	H Det=4	Mon Det=11583	Aux Det=28	O+H=32	 DONE
04/10/2025 13:48:02:	move motor	S18.axis2.piezo rotation to -0.143665deg	 DONE
04/10/2025 13:48:03:	55	count	time	5.000000s/cts	O Det=2	H Det=2	Mon Det=11567	Aux Det=23	O+H=27	 DONE
04/10/2025 13:48:10:	move motor	S18.axis2.piezo rotation to -0.143605deg	 DONE
04/10/2025 13:48:11:	56	count	time	5.000000s/cts	O Det=3	H Det=1	Mon Det=11666	Aux Det=30	O+H=34	 DONE
04/10/2025 13:48:17:	move motor	S18.axis2.piezo rotation to -0.143545deg	 DONE
04/10/2025 13:48:21:	57	count	time	5.000000s/cts	O Det=3	H Det=3	Mon Det=11532	Aux Det=25	O+H=31	 DONE
04/10/2025 13:48:28:	move motor	S18.axis2.piezo rotation to -0.143485deg	 DONE
04/10/2025 13:48:31:	58	count	time	5.000000s/cts	O Det=0	H Det=1	Mon Det=11462	Aux Det=25	O+H=26	 DONE
04/10/2025 13:48:38:	move motor	S18.axis2.piezo rotation to -0.143425deg	 DONE
04/10/2025 13:48:42:	59	count	time	5.000000s/cts	O Det=1	H Det=0	Mon Det=11627	Aux Det=24	O+H=25	 DONE
04/10/2025 13:48:49:	move motor	S18.axis2.piezo rotation to -0.143365deg	 DONE
04/10/2025 13:48:52:	60	count	time	5.000000s/cts	O Det=0	H Det=2	Mon Det=11620	Aux Det=20	O+H=22	 DONE
04/10/2025 13:48:59:	close file and end scan	 DONE
04/10/2025 13:48:59:	move motor	S18.axis2.piezo rotation to fit SUM PEAK60	-0.145238reached -0.14523  DONE
call of rocking.sc DONE
04/10/2025 13:49:05:	move motor	S18.axis2.Aperture Y to 19.00000mm	reached 19.00000  DONE
04/10/2025 13:49:09:	move motor	S18.axis2.phaseshifter 1 to -1.100000deg	 DONE
04/10/2025 13:49:12:	create file	D:\data\Cycle 198\exp_3-16-19\rawdata\sc\Aperture_scan_ifg1_newPS_B3_2p30s_04Oct1349.dat	 DONE
room to enter remarks DONE
04/10/2025 13:49:13:	move motor	S18.axis2.phaseshifter 1 to -1.000000deg	 DONE
04/10/2025 13:49:14:	1	count	time	30.000000s/cts	O Det=2498	H Det=2392	Mon Det=69759	Aux Det=3773	O+H=8663	 DONE
04/10/2025 13:49:46:	move motor	S18.axis2.phaseshifter 1 to -0.931034deg	 DONE
04/10/2025 13:49:48:	2	count	time	30.000000s/cts	O Det=2813	H Det=2534	Mon Det=70176	Aux Det=3198	O+H=8545	 DONE
04/10/2025 13:50:19:	move motor	S18.axis2.phaseshifter 1 to -0.862068deg	 DONE
04/10/2025 13:50:21:	3	count	time	30.000000s/cts	O Det=2773	H Det=2634	Mon Det=69385	Aux Det=3096	O+H=8503	 DONE
04/10/2025 13:50:53:	move motor	S18.axis2.phaseshifter 1 to -0.793102deg	 DONE
04/10/2025 13:50:54:	4	count	time	30.000000s/cts	O Det=2636	H Det=2567	Mon Det=69584	Aux Det=3277	O+H=8480	 DONE
04/10/2025 13:51:26:	move motor	S18.axis2.phaseshifter 1 to -0.724136deg	 DONE
04/10/2025 13:51:27:	5	count	time	30.000000s/cts	O Det=2416	H Det=2350	Mon Det=69792	Aux Det=3891	O+H=8657	 DONE
04/10/2025 13:51:59:	move motor	S18.axis2.phaseshifter 1 to -0.655170deg	 DONE
04/10/2025 13:52:00:	6	count	time	30.000000s/cts	O Det=2029	H Det=1910	Mon Det=69444	Aux Det=4823	O+H=8762	 DONE
04/10/2025 13:52:32:	move motor	S18.axis2.phaseshifter 1 to -0.586204deg	 DONE
04/10/2025 13:52:34:	7	count	time	30.000000s/cts	O Det=1543	H Det=1471	Mon Det=69380	Aux Det=5895	O+H=8909	 DONE
04/10/2025 13:53:05:	move motor	S18.axis2.phaseshifter 1 to -0.517238deg	 DONE
04/10/2025 13:53:07:	8	count	time	30.000000s/cts	O Det=1193	H Det=1122	Mon Det=69467	Aux Det=6561	O+H=8876	 DONE
04/10/2025 13:53:38:	move motor	S18.axis2.phaseshifter 1 to -0.448272deg	 DONE
04/10/2025 13:53:40:	9	count	time	30.000000s/cts	O Det=854	H Det=834	Mon Det=69680	Aux Det=7155	O+H=8843	 DONE
04/10/2025 13:54:12:	move motor	S18.axis2.phaseshifter 1 to -0.379306deg	 DONE
04/10/2025 13:54:13:	10	count	time	30.000000s/cts	O Det=629	H Det=624	Mon Det=69457	Aux Det=7539	O+H=8792	 DONE
04/10/2025 13:54:45:	move motor	S18.axis2.phaseshifter 1 to -0.310340deg	 DONE
04/10/2025 13:54:46:	11	count	time	30.000000s/cts	O Det=711	H Det=713	Mon Det=69927	Aux Det=7437	O+H=8861	 DONE
04/10/2025 13:55:18:	move motor	S18.axis2.phaseshifter 1 to -0.241374deg	 DONE
04/10/2025 13:55:20:	12	count	time	30.000000s/cts	O Det=868	H Det=835	Mon Det=69232	Aux Det=7119	O+H=8822	 DONE
04/10/2025 13:55:51:	move motor	S18.axis2.phaseshifter 1 to -0.172408deg	 DONE
04/10/2025 13:55:53:	13	count	time	30.000000s/cts	O Det=1182	H Det=1104	Mon Det=69244	Aux Det=6424	O+H=8710	 DONE
04/10/2025 13:56:25:	move motor	S18.axis2.phaseshifter 1 to -0.103442deg	 DONE
04/10/2025 13:56:26:	14	count	time	30.000000s/cts	O Det=1659	H Det=1543	Mon Det=69588	Aux Det=5295	O+H=8497	 DONE
04/10/2025 13:56:58:	move motor	S18.axis2.phaseshifter 1 to -0.034476deg	 DONE
04/10/2025 13:56:59:	15	count	time	30.000000s/cts	O Det=2139	H Det=2001	Mon Det=69340	Aux Det=4502	O+H=8642	 DONE
04/10/2025 13:57:31:	move motor	S18.axis2.phaseshifter 1 to 0.034490deg	 DONE
04/10/2025 13:57:33:	16	count	time	30.000000s/cts	O Det=2390	H Det=2330	Mon Det=69452	Aux Det=3843	O+H=8563	 DONE
04/10/2025 13:58:04:	move motor	S18.axis2.phaseshifter 1 to 0.103456deg	 DONE
04/10/2025 13:58:06:	17	count	time	30.000000s/cts	O Det=2711	H Det=2541	Mon Det=69501	Aux Det=3343	O+H=8595	 DONE
04/10/2025 13:58:37:	move motor	S18.axis2.phaseshifter 1 to 0.172422deg	 DONE
04/10/2025 13:58:39:	18	count	time	30.000000s/cts	O Det=2758	H Det=2656	Mon Det=69277	Aux Det=3027	O+H=8441	 DONE
04/10/2025 13:59:11:	move motor	S18.axis2.phaseshifter 1 to 0.241388deg	 DONE
04/10/2025 13:59:12:	19	count	time	30.000000s/cts	O Det=2661	H Det=2508	Mon Det=69602	Aux Det=3277	O+H=8446	 DONE
04/10/2025 13:59:44:	move motor	S18.axis2.phaseshifter 1 to 0.310354deg	 DONE
04/10/2025 13:59:46:	20	count	time	30.000000s/cts	O Det=2413	H Det=2285	Mon Det=69788	Aux Det=3942	O+H=8640	 DONE
04/10/2025 14:00:17:	move motor	S18.axis2.phaseshifter 1 to 0.379320deg	 DONE
04/10/2025 14:00:19:	21	count	time	30.000000s/cts	O Det=2021	H Det=1910	Mon Det=69701	Aux Det=4777	O+H=8708	 DONE
04/10/2025 14:00:50:	move motor	S18.axis2.phaseshifter 1 to 0.448286deg	 DONE
04/10/2025 14:00:52:	22	count	time	30.000000s/cts	O Det=1717	H Det=1629	Mon Det=69634	Aux Det=5536	O+H=8882	 DONE
04/10/2025 14:01:24:	move motor	S18.axis2.phaseshifter 1 to 0.517252deg	 DONE
04/10/2025 14:01:25:	23	count	time	30.000000s/cts	O Det=1169	H Det=1117	Mon Det=69832	Aux Det=6686	O+H=8972	 DONE
04/10/2025 14:01:57:	move motor	S18.axis2.phaseshifter 1 to 0.586218deg	 DONE
04/10/2025 14:01:58:	24	count	time	30.000000s/cts	O Det=829	H Det=861	Mon Det=69515	Aux Det=7290	O+H=8980	 DONE
04/10/2025 14:02:30:	move motor	S18.axis2.phaseshifter 1 to 0.655184deg	 DONE
04/10/2025 14:02:32:	25	count	time	30.000000s/cts	O Det=664	H Det=701	Mon Det=69607	Aux Det=7598	O+H=8963	 DONE
04/10/2025 14:03:04:	move motor	S18.axis2.phaseshifter 1 to 0.724150deg	 DONE
04/10/2025 14:03:05:	26	count	time	30.000000s/cts	O Det=669	H Det=685	Mon Det=69595	Aux Det=7502	O+H=8856	 DONE
04/10/2025 14:03:37:	move motor	S18.axis2.phaseshifter 1 to 0.793116deg	 DONE
04/10/2025 14:03:38:	27	count	time	30.000000s/cts	O Det=875	H Det=903	Mon Det=68744	Aux Det=7335	O+H=9113	 DONE
04/10/2025 14:04:10:	move motor	S18.axis2.phaseshifter 1 to 0.862082deg	 DONE
04/10/2025 14:04:12:	28	count	time	30.000000s/cts	O Det=1242	H Det=1111	Mon Det=69531	Aux Det=6364	O+H=8717	 DONE
04/10/2025 14:04:43:	move motor	S18.axis2.phaseshifter 1 to 0.931048deg	 DONE
04/10/2025 14:04:45:	29	count	time	30.000000s/cts	O Det=1665	H Det=1598	Mon Det=69817	Aux Det=5493	O+H=8756	 DONE
04/10/2025 14:05:16:	move motor	S18.axis2.phaseshifter 1 to 1.000014deg	 DONE
04/10/2025 14:05:18:	30	count	time	30.000000s/cts	O Det=2141	H Det=1982	Mon Det=69188	Aux Det=4554	O+H=8677	 DONE
04/10/2025 14:05:50:	close file and end scan	 DONE
call of ifg1_newPS_2p30s_B3.sc DONE
04/10/2025 14:05:51:	move motor	S18.axis2.Aperture Y to 21.50000mm	reached 21.50000  DONE
04/10/2025 14:05:55:	move motor	S18.axis2.phaseshifter 1 to -1.100000deg	 DONE
04/10/2025 14:05:57:	create file	D:\data\Cycle 198\exp_3-16-19\rawdata\sc\Aperture_scan_ifg1_newPS_B3_2p30s_04Oct1405.dat	 DONE
room to enter remarks DONE
04/10/2025 14:05:58:	move motor	S18.axis2.phaseshifter 1 to -1.000000deg	 DONE
04/10/2025 14:06:00:	1	count	time	30.000000s/cts	O Det=2067	H Det=1948	Mon Det=69725	Aux Det=2756	O+H=6771	 DONE
04/10/2025 14:06:32:	move motor	S18.axis2.phaseshifter 1 to -0.931034deg	 DONE
04/10/2025 14:06:33:	2	count	time	30.000000s/cts	O Det=2364	H Det=2225	Mon Det=69642	Aux Det=2566	O+H=7155	 DONE
04/10/2025 14:07:05:	move motor	S18.axis2.phaseshifter 1 to -0.862068deg	 DONE
04/10/2025 14:07:06:	3	count	time	30.000000s/cts	O Det=2458	H Det=2334	Mon Det=69158	Aux Det=2362	O+H=7154	 DONE
04/10/2025 14:07:38:	move motor	S18.axis2.phaseshifter 1 to -0.793102deg	 DONE
04/10/2025 14:07:40:	4	count	time	30.000000s/cts	O Det=2486	H Det=2290	Mon Det=69000	Aux Det=2399	O+H=7175	 DONE
04/10/2025 14:08:11:	move motor	S18.axis2.phaseshifter 1 to -0.724136deg	 DONE
04/10/2025 14:08:13:	5	count	time	30.000000s/cts	O Det=2234	H Det=2035	Mon Det=69804	Aux Det=2707	O+H=6976	 DONE
04/10/2025 14:08:45:	move motor	S18.axis2.phaseshifter 1 to -0.655170deg	 DONE
04/10/2025 14:08:46:	6	count	time	30.000000s/cts	O Det=1784	H Det=1789	Mon Det=69627	Aux Det=3177	O+H=6750	 DONE
04/10/2025 14:09:18:	move motor	S18.axis2.phaseshifter 1 to -0.586204deg	 DONE
04/10/2025 14:09:19:	7	count	time	30.000000s/cts	O Det=1524	H Det=1523	Mon Det=69464	Aux Det=3784	O+H=6831	 DONE
04/10/2025 14:09:51:	move motor	S18.axis2.phaseshifter 1 to -0.517238deg	 DONE
04/10/2025 14:09:53:	8	count	time	30.000000s/cts	O Det=1196	H Det=1068	Mon Det=69226	Aux Det=4255	O+H=6519	 DONE
04/10/2025 14:10:24:	move motor	S18.axis2.phaseshifter 1 to -0.448272deg	 DONE
04/10/2025 14:10:26:	9	count	time	30.000000s/cts	O Det=857	H Det=970	Mon Det=69173	Aux Det=4636	O+H=6463	 DONE
04/10/2025 14:10:57:	move motor	S18.axis2.phaseshifter 1 to -0.379306deg	 DONE
04/10/2025 14:10:59:	10	count	time	30.000000s/cts	O Det=687	H Det=757	Mon Det=68969	Aux Det=4936	O+H=6380	 DONE
04/10/2025 14:11:31:	move motor	S18.axis2.phaseshifter 1 to -0.310340deg	 DONE
04/10/2025 14:11:32:	11	count	time	30.000000s/cts	O Det=622	H Det=724	Mon Det=69602	Aux Det=5062	O+H=6408	 DONE
04/10/2025 14:12:04:	move motor	S18.axis2.phaseshifter 1 to -0.241374deg	 DONE
04/10/2025 14:12:05:	12	count	time	30.000000s/cts	O Det=824	H Det=857	Mon Det=69221	Aux Det=4704	O+H=6385	 DONE
04/10/2025 14:12:37:	move motor	S18.axis2.phaseshifter 1 to -0.172408deg	 DONE
04/10/2025 14:12:39:	13	count	time	30.000000s/cts	O Det=1016	H Det=1049	Mon Det=69512	Aux Det=4458	O+H=6523	 DONE
04/10/2025 14:13:10:	move motor	S18.axis2.phaseshifter 1 to -0.103442deg	 DONE
04/10/2025 14:13:12:	14	count	time	30.000000s/cts	O Det=1385	H Det=1350	Mon Det=69169	Aux Det=3832	O+H=6567	 DONE
04/10/2025 14:13:43:	move motor	S18.axis2.phaseshifter 1 to -0.034476deg	 DONE
04/10/2025 14:13:45:	15	count	time	30.000000s/cts	O Det=1833	H Det=1730	Mon Det=68882	Aux Det=3263	O+H=6826	 DONE
04/10/2025 14:14:17:	move motor	S18.axis2.phaseshifter 1 to 0.034490deg	 DONE
04/10/2025 14:14:18:	16	count	time	30.000000s/cts	O Det=2127	H Det=2042	Mon Det=69494	Aux Det=2818	O+H=6987	 DONE
04/10/2025 14:14:50:	move motor	S18.axis2.phaseshifter 1 to 0.103456deg	 DONE
04/10/2025 14:14:51:	17	count	time	30.000000s/cts	O Det=2351	H Det=2225	Mon Det=69338	Aux Det=2467	O+H=7043	 DONE
04/10/2025 14:15:23:	move motor	S18.axis2.phaseshifter 1 to 0.172422deg	 DONE
04/10/2025 14:15:25:	18	count	time	30.000000s/cts	O Det=2499	H Det=2308	Mon Det=69117	Aux Det=2295	O+H=7102	 DONE
04/10/2025 14:15:56:	move motor	S18.axis2.phaseshifter 1 to 0.241388deg	 DONE
04/10/2025 14:15:58:	19	count	time	30.000000s/cts	O Det=2463	H Det=2230	Mon Det=69383	Aux Det=2381	O+H=7074	 DONE
04/10/2025 14:16:30:	move motor	S18.axis2.phaseshifter 1 to 0.310354deg	 DONE
04/10/2025 14:16:31:	20	count	time	30.000000s/cts	O Det=2188	H Det=2124	Mon Det=69576	Aux Det=2606	O+H=6918	 DONE
04/10/2025 14:17:03:	move motor	S18.axis2.phaseshifter 1 to 0.379320deg	 DONE
04/10/2025 14:17:04:	21	count	time	30.000000s/cts	O Det=1894	H Det=1802	Mon Det=69317	Aux Det=3206	O+H=6902	 DONE
04/10/2025 14:17:36:	move motor	S18.axis2.phaseshifter 1 to 0.448286deg	 DONE
04/10/2025 14:17:37:	22	count	time	30.000000s/cts	O Det=1554	H Det=1531	Mon Det=69557	Aux Det=3869	O+H=6954	 DONE
04/10/2025 14:18:09:	move motor	S18.axis2.phaseshifter 1 to 0.517252deg	 DONE
04/10/2025 14:18:11:	23	count	time	30.000000s/cts	O Det=1176	H Det=1249	Mon Det=69063	Aux Det=4248	O+H=6673	 DONE
04/10/2025 14:18:42:	move motor	S18.axis2.phaseshifter 1 to 0.586218deg	 DONE
04/10/2025 14:18:44:	24	count	time	30.000000s/cts	O Det=887	H Det=976	Mon Det=69337	Aux Det=4713	O+H=6576	 DONE
04/10/2025 14:19:16:	move motor	S18.axis2.phaseshifter 1 to 0.655184deg	 DONE
04/10/2025 14:19:17:	25	count	time	30.000000s/cts	O Det=674	H Det=745	Mon Det=69241	Aux Det=5044	O+H=6463	 DONE
04/10/2025 14:19:49:	move motor	S18.axis2.phaseshifter 1 to 0.724150deg	 DONE
04/10/2025 14:19:50:	26	count	time	30.000000s/cts	O Det=667	H Det=779	Mon Det=69335	Aux Det=4939	O+H=6385	 DONE
04/10/2025 14:20:22:	move motor	S18.axis2.phaseshifter 1 to 0.793116deg	 DONE
04/10/2025 14:20:24:	27	count	time	30.000000s/cts	O Det=767	H Det=926	Mon Det=69139	Aux Det=4676	O+H=6369	 DONE
04/10/2025 14:20:55:	move motor	S18.axis2.phaseshifter 1 to 0.862082deg	 DONE
04/10/2025 14:20:57:	28	count	time	30.000000s/cts	O Det=989	H Det=1025	Mon Det=69836	Aux Det=4557	O+H=6571	 DONE
04/10/2025 14:21:28:	move motor	S18.axis2.phaseshifter 1 to 0.931048deg	 DONE
04/10/2025 14:21:30:	29	count	time	30.000000s/cts	O Det=1346	H Det=1386	Mon Det=69397	Aux Det=3824	O+H=6556	 DONE
04/10/2025 14:22:02:	move motor	S18.axis2.phaseshifter 1 to 1.000014deg	 DONE
04/10/2025 14:22:03:	30	count	time	30.000000s/cts	O Det=1782	H Det=1673	Mon Det=69219	Aux Det=3374	O+H=6829	 DONE
04/10/2025 14:22:35:	close file and end scan	 DONE
call of ifg1_newPS_2p30s_B3.sc DONE
04/10/2025 14:22:36:	move motor	S18.axis2.Aperture Z to 11.00000mm	reached 11.00000  DONE
04/10/2025 14:22:40:	move motor	S18.axis2.Aperture Y to 16.50000mm	reached 16.50000  DONE
04/10/2025 14:22:45:	move motor	S18.axis2.phaseshifter 1 to -1.100000deg	 DONE
04/10/2025 14:22:47:	create file	D:\data\Cycle 198\exp_3-16-19\rawdata\sc\Aperture_scan_ifg1_newPS_B3_2p30s_04Oct1422.dat	 DONE
room to enter remarks DONE
04/10/2025 14:22:48:	move motor	S18.axis2.phaseshifter 1 to -1.000000deg	 DONE
04/10/2025 14:22:50:	1	count	time	30.000000s/cts	O Det=2585	H Det=2179	Mon Det=69353	Aux Det=4385	O+H=9149	 DONE
04/10/2025 14:23:21:	move motor	S18.axis2.phaseshifter 1 to -0.931034deg	 DONE
04/10/2025 14:23:23:	2	count	time	30.000000s/cts	O Det=2768	H Det=2406	Mon Det=69349	Aux Det=3783	O+H=8957	 DONE
04/10/2025 14:23:55:	move motor	S18.axis2.phaseshifter 1 to -0.862068deg	 DONE
04/10/2025 14:23:56:	3	count	time	30.000000s/cts	O Det=2808	H Det=2381	Mon Det=69234	Aux Det=3834	O+H=9023	 DONE
04/10/2025 14:24:28:	move motor	S18.axis2.phaseshifter 1 to -0.793102deg	 DONE
04/10/2025 14:24:29:	4	count	time	30.000000s/cts	O Det=2617	H Det=2275	Mon Det=69204	Aux Det=4310	O+H=9202	 DONE
04/10/2025 14:25:01:	move motor	S18.axis2.phaseshifter 1 to -0.724136deg	 DONE
04/10/2025 14:25:03:	5	count	time	30.000000s/cts	O Det=2279	H Det=2000	Mon Det=69673	Aux Det=5095	O+H=9374	 DONE
04/10/2025 14:25:34:	move motor	S18.axis2.phaseshifter 1 to -0.655170deg	 DONE
04/10/2025 14:25:36:	6	count	time	30.000000s/cts	O Det=1842	H Det=1544	Mon Det=69431	Aux Det=6495	O+H=9881	 DONE
04/10/2025 14:26:08:	move motor	S18.axis2.phaseshifter 1 to -0.586204deg	 DONE
04/10/2025 14:26:09:	7	count	time	30.000000s/cts	O Det=1371	H Det=1144	Mon Det=69307	Aux Det=7785	O+H=10300	 DONE
04/10/2025 14:26:41:	move motor	S18.axis2.phaseshifter 1 to -0.517238deg	 DONE
04/10/2025 14:26:42:	8	count	time	30.000000s/cts	O Det=923	H Det=904	Mon Det=69458	Aux Det=8577	O+H=10404	 DONE
04/10/2025 14:27:14:	move motor	S18.axis2.phaseshifter 1 to -0.448272deg	 DONE
04/10/2025 14:27:16:	9	count	time	30.000000s/cts	O Det=746	H Det=599	Mon Det=69606	Aux Det=9251	O+H=10596	 DONE
04/10/2025 14:27:47:	move motor	S18.axis2.phaseshifter 1 to -0.379306deg	 DONE
04/10/2025 14:27:49:	10	count	time	30.000000s/cts	O Det=607	H Det=547	Mon Det=69219	Aux Det=9492	O+H=10646	 DONE
04/10/2025 14:28:21:	move motor	S18.axis2.phaseshifter 1 to -0.310340deg	 DONE
04/10/2025 14:28:22:	11	count	time	30.000000s/cts	O Det=767	H Det=630	Mon Det=69813	Aux Det=9177	O+H=10574	 DONE
04/10/2025 14:28:54:	move motor	S18.axis2.phaseshifter 1 to -0.241374deg	 DONE
04/10/2025 14:28:55:	12	count	time	30.000000s/cts	O Det=1008	H Det=860	Mon Det=69813	Aux Det=8547	O+H=10415	 DONE
04/10/2025 14:29:27:	move motor	S18.axis2.phaseshifter 1 to -0.172408deg	 DONE
04/10/2025 14:29:29:	13	count	time	30.000000s/cts	O Det=1338	H Det=1163	Mon Det=69118	Aux Det=7560	O+H=10061	 DONE
04/10/2025 14:30:00:	move motor	S18.axis2.phaseshifter 1 to -0.103442deg	 DONE
04/10/2025 14:30:02:	14	count	time	30.000000s/cts	O Det=1817	H Det=1535	Mon Det=69468	Aux Det=6158	O+H=9510	 DONE
04/10/2025 14:30:33:	move motor	S18.axis2.phaseshifter 1 to -0.034476deg	 DONE
04/10/2025 14:30:35:	15	count	time	30.000000s/cts	O Det=2368	H Det=1977	Mon Det=69223	Aux Det=5127	O+H=9472	 DONE
04/10/2025 14:31:07:	move motor	S18.axis2.phaseshifter 1 to 0.034490deg	 DONE
04/10/2025 14:31:08:	16	count	time	30.000000s/cts	O Det=2506	H Det=2220	Mon Det=69163	Aux Det=4206	O+H=8932	 DONE
04/10/2025 14:31:40:	move motor	S18.axis2.phaseshifter 1 to 0.103456deg	 DONE
04/10/2025 14:31:42:	17	count	time	30.000000s/cts	O Det=2706	H Det=2290	Mon Det=69276	Aux Det=3896	O+H=8892	 DONE
04/10/2025 14:32:13:	move motor	S18.axis2.phaseshifter 1 to 0.172422deg	 DONE
04/10/2025 14:32:15:	18	count	time	30.000000s/cts	O Det=2681	H Det=2280	Mon Det=69421	Aux Det=3905	O+H=8866	 DONE
04/10/2025 14:32:46:	move motor	S18.axis2.phaseshifter 1 to 0.241388deg	 DONE
04/10/2025 14:32:48:	19	count	time	30.000000s/cts	O Det=2634	H Det=2179	Mon Det=69771	Aux Det=4258	O+H=9071	 DONE
04/10/2025 14:33:20:	move motor	S18.axis2.phaseshifter 1 to 0.310354deg	 DONE
04/10/2025 14:33:21:	20	count	time	30.000000s/cts	O Det=2196	H Det=1969	Mon Det=68805	Aux Det=5199	O+H=9364	 DONE
04/10/2025 14:33:53:	move motor	S18.axis2.phaseshifter 1 to 0.379320deg	 DONE
04/10/2025 14:33:55:	21	count	time	30.000000s/cts	O Det=1760	H Det=1597	Mon Det=69415	Aux Det=6335	O+H=9692	 DONE
04/10/2025 14:34:26:	move motor	S18.axis2.phaseshifter 1 to 0.448286deg	 DONE
04/10/2025 14:34:28:	22	count	time	30.000000s/cts	O Det=1437	H Det=1246	Mon Det=69461	Aux Det=7448	O+H=10131	 DONE
04/10/2025 14:34:59:	move motor	S18.axis2.phaseshifter 1 to 0.517252deg	 DONE
04/10/2025 14:35:01:	23	count	time	30.000000s/cts	O Det=971	H Det=933	Mon Det=69368	Aux Det=8383	O+H=10287	 DONE
04/10/2025 14:35:33:	move motor	S18.axis2.phaseshifter 1 to 0.586218deg	 DONE
04/10/2025 14:35:34:	24	count	time	30.000000s/cts	O Det=663	H Det=607	Mon Det=69225	Aux Det=9338	O+H=10608	 DONE
04/10/2025 14:36:06:	move motor	S18.axis2.phaseshifter 1 to 0.655184deg	 DONE
04/10/2025 14:36:07:	25	count	time	30.000000s/cts	O Det=641	H Det=563	Mon Det=69250	Aux Det=9543	O+H=10747	 DONE
04/10/2025 14:36:39:	move motor	S18.axis2.phaseshifter 1 to 0.724150deg	 DONE
04/10/2025 14:36:41:	26	count	time	30.000000s/cts	O Det=759	H Det=600	Mon Det=69179	Aux Det=9081	O+H=10440	 DONE
04/10/2025 14:37:12:	move motor	S18.axis2.phaseshifter 1 to 0.793116deg	 DONE
04/10/2025 14:37:14:	27	count	time	30.000000s/cts	O Det=988	H Det=829	Mon Det=69586	Aux Det=8614	O+H=10431	 DONE
04/10/2025 14:37:45:	move motor	S18.axis2.phaseshifter 1 to 0.862082deg	 DONE
04/10/2025 14:37:47:	28	count	time	30.000000s/cts	O Det=1345	H Det=1134	Mon Det=69399	Aux Det=7614	O+H=10093	 DONE
04/10/2025 14:38:19:	move motor	S18.axis2.phaseshifter 1 to 0.931048deg	 DONE
04/10/2025 14:38:20:	29	count	time	30.000000s/cts	O Det=1869	H Det=1568	Mon Det=69618	Aux Det=6150	O+H=9587	 DONE
04/10/2025 14:38:52:	move motor	S18.axis2.phaseshifter 1 to 1.000014deg	 DONE
04/10/2025 14:38:53:	30	count	time	30.000000s/cts	O Det=2370	H Det=1917	Mon Det=69068	Aux Det=5083	O+H=9370	 DONE
04/10/2025 14:39:25:	close file and end scan	 DONE
call of ifg1_newPS_2p30s_B3.sc DONE
04/10/2025 14:39:26:	move motor	S18.axis2.Aperture Y to 19.00000mm	reached 19.00000  DONE
04/10/2025 14:39:30:	move motor	S18.axis2.phaseshifter 1 to -1.100000deg	 DONE
04/10/2025 14:39:32:	create file	D:\data\Cycle 198\exp_3-16-19\rawdata\sc\Aperture_scan_ifg1_newPS_B3_2p30s_04Oct1439.dat	 DONE
room to enter remarks DONE
04/10/2025 14:39:33:	move motor	S18.axis2.phaseshifter 1 to -1.000000deg	 DONE
04/10/2025 14:39:35:	1	count	time	30.000000s/cts	O Det=2610	H Det=2263	Mon Det=68953	Aux Det=4000	O+H=8873	 DONE
04/10/2025 14:40:06:	move motor	S18.axis2.phaseshifter 1 to -0.931034deg	 DONE
04/10/2025 14:40:08:	2	count	time	30.000000s/cts	O Det=2857	H Det=2476	Mon Det=69337	Aux Det=3543	O+H=8876	 DONE
04/10/2025 14:40:40:	move motor	S18.axis2.phaseshifter 1 to -0.862068deg	 DONE
04/10/2025 14:40:41:	3	count	time	30.000000s/cts	O Det=3047	H Det=2675	Mon Det=70100	Aux Det=3193	O+H=8915	 DONE
04/10/2025 14:41:13:	move motor	S18.axis2.phaseshifter 1 to -0.793102deg	 DONE
04/10/2025 14:41:14:	4	count	time	30.000000s/cts	O Det=2938	H Det=2592	Mon Det=69207	Aux Det=3442	O+H=8972	 DONE
04/10/2025 14:41:46:	move motor	S18.axis2.phaseshifter 1 to -0.724136deg	 DONE
04/10/2025 14:41:48:	5	count	time	30.000000s/cts	O Det=2806	H Det=2390	Mon Det=69471	Aux Det=3960	O+H=9156	 DONE
04/10/2025 14:42:19:	move motor	S18.axis2.phaseshifter 1 to -0.655170deg	 DONE
04/10/2025 14:42:21:	6	count	time	30.000000s/cts	O Det=2348	H Det=2103	Mon Det=69021	Aux Det=4944	O+H=9395	 DONE
04/10/2025 14:42:53:	move motor	S18.axis2.phaseshifter 1 to -0.586204deg	 DONE
04/10/2025 14:42:54:	7	count	time	30.000000s/cts	O Det=1712	H Det=1620	Mon Det=69579	Aux Det=5801	O+H=9133	 DONE
04/10/2025 14:43:26:	move motor	S18.axis2.phaseshifter 1 to -0.517238deg	 DONE
04/10/2025 14:43:27:	8	count	time	30.000000s/cts	O Det=1308	H Det=1190	Mon Det=69372	Aux Det=6752	O+H=9250	 DONE
04/10/2025 14:43:59:	move motor	S18.axis2.phaseshifter 1 to -0.448272deg	 DONE
04/10/2025 14:44:01:	9	count	time	30.000000s/cts	O Det=933	H Det=915	Mon Det=69766	Aux Det=7447	O+H=9295	 DONE
04/10/2025 14:44:32:	move motor	S18.axis2.phaseshifter 1 to -0.379306deg	 DONE
04/10/2025 14:44:34:	10	count	time	30.000000s/cts	O Det=713	H Det=713	Mon Det=69746	Aux Det=7850	O+H=9276	 DONE
04/10/2025 14:45:06:	move motor	S18.axis2.phaseshifter 1 to -0.310340deg	 DONE
04/10/2025 14:45:07:	11	count	time	30.000000s/cts	O Det=665	H Det=664	Mon Det=69655	Aux Det=7905	O+H=9234	 DONE
04/10/2025 14:45:39:	move motor	S18.axis2.phaseshifter 1 to -0.241374deg	 DONE
04/10/2025 14:45:40:	12	count	time	30.000000s/cts	O Det=835	H Det=799	Mon Det=69392	Aux Det=7442	O+H=9076	 DONE
04/10/2025 14:46:12:	move motor	S18.axis2.phaseshifter 1 to -0.172408deg	 DONE
04/10/2025 14:46:14:	13	count	time	30.000000s/cts	O Det=1143	H Det=1058	Mon Det=69168	Aux Det=6932	O+H=9133	 DONE
04/10/2025 14:46:45:	move motor	S18.axis2.phaseshifter 1 to -0.103442deg	 DONE
04/10/2025 14:46:47:	14	count	time	30.000000s/cts	O Det=1654	H Det=1481	Mon Det=69350	Aux Det=6026	O+H=9161	 DONE
04/10/2025 14:47:18:	move motor	S18.axis2.phaseshifter 1 to -0.034476deg	 DONE
04/10/2025 14:47:20:	15	count	time	30.000000s/cts	O Det=2040	H Det=1868	Mon Det=69123	Aux Det=5000	O+H=8908	 DONE
04/10/2025 14:47:52:	move motor	S18.axis2.phaseshifter 1 to 0.034490deg	 DONE
04/10/2025 14:47:53:	16	count	time	30.000000s/cts	O Det=2542	H Det=2308	Mon Det=69288	Aux Det=4100	O+H=8950	 DONE
04/10/2025 14:48:25:	move motor	S18.axis2.phaseshifter 1 to 0.103456deg	 DONE
04/10/2025 14:48:27:	17	count	time	30.000000s/cts	O Det=2910	H Det=2604	Mon Det=69370	Aux Det=3497	O+H=9011	 DONE
04/10/2025 14:48:58:	move motor	S18.axis2.phaseshifter 1 to 0.172422deg	 DONE
04/10/2025 14:49:00:	18	count	time	30.000000s/cts	O Det=3000	H Det=2671	Mon Det=69170	Aux Det=3186	O+H=8857	 DONE
04/10/2025 14:49:31:	move motor	S18.axis2.phaseshifter 1 to 0.241388deg	 DONE
04/10/2025 14:49:33:	19	count	time	30.000000s/cts	O Det=2957	H Det=2694	Mon Det=69458	Aux Det=3392	O+H=9043	 DONE
04/10/2025 14:50:05:	move motor	S18.axis2.phaseshifter 1 to 0.310354deg	 DONE
04/10/2025 14:50:06:	20	count	time	30.000000s/cts	O Det=2763	H Det=2404	Mon Det=69148	Aux Det=3787	O+H=8954	 DONE
04/10/2025 14:50:38:	move motor	S18.axis2.phaseshifter 1 to 0.379320deg	 DONE
04/10/2025 14:50:39:	21	count	time	30.000000s/cts	O Det=2285	H Det=2053	Mon Det=69500	Aux Det=4717	O+H=9055	 DONE
04/10/2025 14:51:11:	move motor	S18.axis2.phaseshifter 1 to 0.448286deg	 DONE
04/10/2025 14:51:13:	22	count	time	30.000000s/cts	O Det=1846	H Det=1672	Mon Det=69265	Aux Det=5743	O+H=9261	 DONE
04/10/2025 14:51:44:	move motor	S18.axis2.phaseshifter 1 to 0.517252deg	 DONE
04/10/2025 14:51:46:	23	count	time	30.000000s/cts	O Det=1399	H Det=1184	Mon Det=69342	Aux Det=6724	O+H=9307	 DONE
04/10/2025 14:52:18:	move motor	S18.axis2.phaseshifter 1 to 0.586218deg	 DONE
04/10/2025 14:52:19:	24	count	time	30.000000s/cts	O Det=991	H Det=982	Mon Det=69203	Aux Det=7329	O+H=9302	 DONE
04/10/2025 14:52:51:	move motor	S18.axis2.phaseshifter 1 to 0.655184deg	 DONE
04/10/2025 14:52:52:	25	count	time	30.000000s/cts	O Det=738	H Det=680	Mon Det=69631	Aux Det=7966	O+H=9384	 DONE
04/10/2025 14:53:24:	move motor	S18.axis2.phaseshifter 1 to 0.724150deg	 DONE
04/10/2025 14:53:26:	26	count	time	30.000000s/cts	O Det=677	H Det=677	Mon Det=69774	Aux Det=8018	O+H=9372	 DONE
04/10/2025 14:53:57:	move motor	S18.axis2.phaseshifter 1 to 0.793116deg	 DONE
04/10/2025 14:53:59:	27	count	time	30.000000s/cts	O Det=783	H Det=805	Mon Det=69129	Aux Det=7553	O+H=9141	 DONE
04/10/2025 14:54:31:	move motor	S18.axis2.phaseshifter 1 to 0.862082deg	 DONE
04/10/2025 14:54:32:	28	count	time	30.000000s/cts	O Det=1126	H Det=1020	Mon Det=69991	Aux Det=6922	O+H=9068	 DONE
04/10/2025 14:55:04:	move motor	S18.axis2.phaseshifter 1 to 0.931048deg	 DONE
04/10/2025 14:55:06:	29	count	time	30.000000s/cts	O Det=1649	H Det=1474	Mon Det=69390	Aux Det=5995	O+H=9118	 DONE
04/10/2025 14:55:37:	move motor	S18.axis2.phaseshifter 1 to 1.000014deg	 DONE
04/10/2025 14:55:39:	30	count	time	30.000000s/cts	O Det=2223	H Det=1921	Mon Det=69323	Aux Det=4780	O+H=8924	 DONE
04/10/2025 14:56:11:	close file and end scan	 DONE
call of ifg1_newPS_2p30s_B3.sc DONE
04/10/2025 14:56:12:	move motor	S18.axis2.Aperture Y to 21.50000mm	reached 21.50000  DONE
04/10/2025 14:56:16:	move motor	S18.axis2.phaseshifter 1 to -1.100000deg	 DONE
04/10/2025 14:56:18:	create file	D:\data\Cycle 198\exp_3-16-19\rawdata\sc\Aperture_scan_ifg1_newPS_B3_2p30s_04Oct1456.dat	 DONE
room to enter remarks DONE
04/10/2025 14:56:19:	move motor	S18.axis2.phaseshifter 1 to -1.000000deg	 DONE
04/10/2025 14:56:20:	1	count	time	30.000000s/cts	O Det=2097	H Det=1819	Mon Det=69885	Aux Det=3196	O+H=7112	 DONE
04/10/2025 14:56:52:	move motor	S18.axis2.phaseshifter 1 to -0.931034deg	 DONE
04/10/2025 14:56:54:	2	count	time	30.000000s/cts	O Det=2288	H Det=2086	Mon Det=69328	Aux Det=2821	O+H=7195	 DONE
04/10/2025 14:57:25:	move motor	S18.axis2.phaseshifter 1 to -0.862068deg	 DONE
04/10/2025 14:57:27:	3	count	time	30.000000s/cts	O Det=2643	H Det=2227	Mon Det=69161	Aux Det=2475	O+H=7345	 DONE
04/10/2025 14:57:59:	move motor	S18.axis2.phaseshifter 1 to -0.793102deg	 DONE
04/10/2025 14:58:00:	4	count	time	30.000000s/cts	O Det=2665	H Det=2452	Mon Det=68825	Aux Det=2359	O+H=7476	 DONE
04/10/2025 14:58:32:	move motor	S18.axis2.phaseshifter 1 to -0.724136deg	 DONE
04/10/2025 14:58:33:	5	count	time	30.000000s/cts	O Det=2554	H Det=2254	Mon Det=69614	Aux Det=2642	O+H=7450	 DONE
04/10/2025 14:59:05:	move motor	S18.axis2.phaseshifter 1 to -0.655170deg	 DONE
04/10/2025 14:59:07:	6	count	time	30.000000s/cts	O Det=2232	H Det=1936	Mon Det=69592	Aux Det=3060	O+H=7228	 DONE
04/10/2025 14:59:38:	move motor	S18.axis2.phaseshifter 1 to -0.586204deg	 DONE
04/10/2025 14:59:40:	7	count	time	30.000000s/cts	O Det=1821	H Det=1717	Mon Det=69121	Aux Det=3685	O+H=7223	 DONE
04/10/2025 15:00:11:	move motor	S18.axis2.phaseshifter 1 to -0.517238deg	 DONE
04/10/2025 15:00:13:	8	count	time	30.000000s/cts	O Det=1346	H Det=1286	Mon Det=69614	Aux Det=4272	O+H=6904	 DONE
04/10/2025 15:00:45:	move motor	S18.axis2.phaseshifter 1 to -0.448272deg	 DONE
04/10/2025 15:00:46:	9	count	time	30.000000s/cts	O Det=1027	H Det=1043	Mon Det=69229	Aux Det=4773	O+H=6843	 DONE
04/10/2025 15:01:18:	move motor	S18.axis2.phaseshifter 1 to -0.379306deg	 DONE
04/10/2025 15:01:19:	10	count	time	30.000000s/cts	O Det=808	H Det=838	Mon Det=69083	Aux Det=5150	O+H=6796	 DONE
04/10/2025 15:01:51:	move motor	S18.axis2.phaseshifter 1 to -0.310340deg	 DONE
04/10/2025 15:01:53:	11	count	time	30.000000s/cts	O Det=624	H Det=694	Mon Det=69383	Aux Det=5135	O+H=6453	 DONE
04/10/2025 15:02:24:	move motor	S18.axis2.phaseshifter 1 to -0.241374deg	 DONE
04/10/2025 15:02:26:	12	count	time	30.000000s/cts	O Det=742	H Det=780	Mon Det=69338	Aux Det=5130	O+H=6652	 DONE
04/10/2025 15:02:57:	move motor	S18.axis2.phaseshifter 1 to -0.172408deg	 DONE
04/10/2025 15:02:59:	13	count	time	30.000000s/cts	O Det=880	H Det=922	Mon Det=69381	Aux Det=4795	O+H=6597	 DONE
04/10/2025 15:03:31:	move motor	S18.axis2.phaseshifter 1 to -0.103442deg	 DONE
04/10/2025 15:03:32:	14	count	time	30.000000s/cts	O Det=1350	H Det=1297	Mon Det=69122	Aux Det=4297	O+H=6944	 DONE
04/10/2025 15:04:04:	move motor	S18.axis2.phaseshifter 1 to -0.034476deg	 DONE
04/10/2025 15:04:05:	15	count	time	30.000000s/cts	O Det=1733	H Det=1599	Mon Det=69727	Aux Det=3627	O+H=6959	 DONE
04/10/2025 15:04:37:	move motor	S18.axis2.phaseshifter 1 to 0.034490deg	 DONE
04/10/2025 15:04:39:	16	count	time	30.000000s/cts	O Det=2104	H Det=1833	Mon Det=69400	Aux Det=3093	O+H=7030	 DONE
04/10/2025 15:05:10:	move motor	S18.axis2.phaseshifter 1 to 0.103456deg	 DONE
04/10/2025 15:05:12:	17	count	time	30.000000s/cts	O Det=2367	H Det=2128	Mon Det=70059	Aux Det=2748	O+H=7243	 DONE
04/10/2025 15:05:43:	move motor	S18.axis2.phaseshifter 1 to 0.172422deg	 DONE
04/10/2025 15:05:45:	18	count	time	30.000000s/cts	O Det=2586	H Det=2221	Mon Det=69638	Aux Det=2433	O+H=7240	 DONE
04/10/2025 15:06:17:	move motor	S18.axis2.phaseshifter 1 to 0.241388deg	 DONE
04/10/2025 15:06:18:	19	count	time	30.000000s/cts	O Det=2560	H Det=2266	Mon Det=69557	Aux Det=2481	O+H=7307	 DONE
04/10/2025 15:06:50:	move motor	S18.axis2.phaseshifter 1 to 0.310354deg	 DONE
04/10/2025 15:06:51:	20	count	time	30.000000s/cts	O Det=2533	H Det=2296	Mon Det=69284	Aux Det=2696	O+H=7525	 DONE
04/10/2025 15:07:23:	move motor	S18.axis2.phaseshifter 1 to 0.379320deg	 DONE
04/10/2025 15:07:25:	21	count	time	30.000000s/cts	O Det=2129	H Det=1983	Mon Det=69815	Aux Det=3084	O+H=7196	 DONE
04/10/2025 15:07:56:	move motor	S18.axis2.phaseshifter 1 to 0.448286deg	 DONE
04/10/2025 15:07:58:	22	count	time	30.000000s/cts	O Det=1849	H Det=1684	Mon Det=68980	Aux Det=3704	O+H=7237	 DONE
04/10/2025 15:08:30:	move motor	S18.axis2.phaseshifter 1 to 0.517252deg	 DONE
04/10/2025 15:08:31:	23	count	time	30.000000s/cts	O Det=1453	H Det=1331	Mon Det=69210	Aux Det=4265	O+H=7049	 DONE
04/10/2025 15:09:03:	move motor	S18.axis2.phaseshifter 1 to 0.586218deg	 DONE
04/10/2025 15:09:04:	24	count	time	30.000000s/cts	O Det=1095	H Det=1030	Mon Det=69536	Aux Det=4653	O+H=6778	 DONE
04/10/2025 15:09:36:	move motor	S18.axis2.phaseshifter 1 to 0.655184deg	 DONE
04/10/2025 15:09:38:	25	count	time	30.000000s/cts	O Det=780	H Det=740	Mon Det=70124	Aux Det=5144	O+H=6664	 DONE
04/10/2025 15:10:09:	move motor	S18.axis2.phaseshifter 1 to 0.724150deg	 DONE
04/10/2025 15:10:11:	26	count	time	30.000000s/cts	O Det=681	H Det=716	Mon Det=69768	Aux Det=5181	O+H=6578	 DONE
04/10/2025 15:10:42:	move motor	S18.axis2.phaseshifter 1 to 0.793116deg	 DONE
04/10/2025 15:10:44:	27	count	time	30.000000s/cts	O Det=769	H Det=798	Mon Det=69464	Aux Det=5163	O+H=6730	 DONE
04/10/2025 15:11:16:	move motor	S18.axis2.phaseshifter 1 to 0.862082deg	 DONE
04/10/2025 15:11:17:	28	count	time	30.000000s/cts	O Det=949	H Det=947	Mon Det=69637	Aux Det=4780	O+H=6676	 DONE
04/10/2025 15:11:49:	move motor	S18.axis2.phaseshifter 1 to 0.931048deg	 DONE
04/10/2025 15:11:50:	29	count	time	30.000000s/cts	O Det=1344	H Det=1243	Mon Det=69449	Aux Det=4156	O+H=6743	 DONE
04/10/2025 15:12:22:	move motor	S18.axis2.phaseshifter 1 to 1.000014deg	 DONE
04/10/2025 15:12:24:	30	count	time	30.000000s/cts	O Det=1683	H Det=1585	Mon Det=69551	Aux Det=3651	O+H=6919	 DONE
04/10/2025 15:12:55:	close file and end scan	 DONE
call of ifg1_newPS_2p30s_B2.sc DONE
04/10/2025 15:12:56:	END OF SCRIPT	 DONE
