04/10/2025 11:14:09:	start execution of script D:\data\Cycle 198\exp_3-16-19\rawdata\sc\Aperture_scan_ifg2_newPS_B2_2p30s.sc	 DONE
04/10/2025 11:14:10:	move motor	S18.axis2.Aperture Z to 8.50000mm	reached 8.50000  DONE
04/10/2025 11:14:14:	move motor	S18.axis2.Aperture Y to 16.50000mm	reached 16.50000  DONE
04/10/2025 11:14:18:	move motor	S18.axis2.phaseshifter 2 to -3.100000deg	 DONE
04/10/2025 11:14:20:	create file	D:\data\Cycle 198\exp_3-16-19\rawdata\sc\Aperture_scan_ifg2_newPS_B2_2p30s_04Oct1114.dat	 DONE
room to enter remarks DONE
04/10/2025 11:14:21:	move motor	S18.axis2.phaseshifter 2 to -3.000000deg	 DONE
04/10/2025 11:14:23:	1	count	time	30.000000s/cts	O Det=2402	H Det=1799	Mon Det=69078	Aux Det=3627	O+H=7828	 DONE
04/10/2025 11:14:55:	move motor	S18.axis2.phaseshifter 2 to -2.931034deg	 DONE
04/10/2025 11:14:56:	2	count	time	30.000000s/cts	O Det=2744	H Det=1475	Mon Det=69067	Aux Det=3667	O+H=7886	 DONE
04/10/2025 11:15:28:	move motor	S18.axis2.phaseshifter 2 to -2.862068deg	 DONE
04/10/2025 11:15:29:	3	count	time	30.000000s/cts	O Det=2812	H Det=1384	Mon Det=69151	Aux Det=3604	O+H=7800	 DONE
04/10/2025 11:16:01:	move motor	S18.axis2.phaseshifter 2 to -2.793102deg	 DONE
04/10/2025 11:16:02:	4	count	time	30.000000s/cts	O Det=2678	H Det=1499	Mon Det=69362	Aux Det=3552	O+H=7729	 DONE
04/10/2025 11:16:34:	move motor	S18.axis2.phaseshifter 2 to -2.724136deg	 DONE
04/10/2025 11:16:36:	5	count	time	30.000000s/cts	O Det=2449	H Det=1737	Mon Det=69670	Aux Det=3666	O+H=7852	 DONE
04/10/2025 11:17:07:	move motor	S18.axis2.phaseshifter 2 to -2.655170deg	 DONE
04/10/2025 11:17:09:	6	count	time	30.000000s/cts	O Det=1971	H Det=2179	Mon Det=69119	Aux Det=3623	O+H=7773	 DONE
04/10/2025 11:17:41:	move motor	S18.axis2.phaseshifter 2 to -2.586204deg	 DONE
04/10/2025 11:17:42:	7	count	time	30.000000s/cts	O Det=1497	H Det=2603	Mon Det=69340	Aux Det=3524	O+H=7624	 DONE
04/10/2025 11:18:14:	move motor	S18.axis2.phaseshifter 2 to -2.517238deg	 DONE
04/10/2025 11:18:15:	8	count	time	30.000000s/cts	O Det=966	H Det=3184	Mon Det=69394	Aux Det=3570	O+H=7720	 DONE
04/10/2025 11:18:47:	move motor	S18.axis2.phaseshifter 2 to -2.448272deg	 DONE
04/10/2025 11:18:48:	9	count	time	30.000000s/cts	O Det=700	H Det=3410	Mon Det=69394	Aux Det=3569	O+H=7679	 DONE
04/10/2025 11:19:20:	move motor	S18.axis2.phaseshifter 2 to -2.379306deg	 DONE
04/10/2025 11:19:22:	10	count	time	30.000000s/cts	O Det=433	H Det=3585	Mon Det=69578	Aux Det=3653	O+H=7671	 DONE
04/10/2025 11:19:53:	move motor	S18.axis2.phaseshifter 2 to -2.310340deg	 DONE
04/10/2025 11:19:55:	11	count	time	30.000000s/cts	O Det=407	H Det=3491	Mon Det=69472	Aux Det=3580	O+H=7478	 DONE
04/10/2025 11:20:27:	move motor	S18.axis2.phaseshifter 2 to -2.241374deg	 DONE
04/10/2025 11:20:28:	12	count	time	30.000000s/cts	O Det=704	H Det=3296	Mon Det=68956	Aux Det=3511	O+H=7511	 DONE
04/10/2025 11:21:00:	move motor	S18.axis2.phaseshifter 2 to -2.172408deg	 DONE
04/10/2025 11:21:01:	13	count	time	30.000000s/cts	O Det=983	H Det=3028	Mon Det=69817	Aux Det=3561	O+H=7572	 DONE
04/10/2025 11:21:33:	move motor	S18.axis2.phaseshifter 2 to -2.103442deg	 DONE
04/10/2025 11:21:35:	14	count	time	30.000000s/cts	O Det=1433	H Det=2478	Mon Det=69109	Aux Det=3612	O+H=7523	 DONE
04/10/2025 11:22:06:	move motor	S18.axis2.phaseshifter 2 to -2.034476deg	 DONE
04/10/2025 11:22:08:	15	count	time	30.000000s/cts	O Det=2165	H Det=2020	Mon Det=69558	Aux Det=3673	O+H=7858	 DONE
04/10/2025 11:22:39:	move motor	S18.axis2.phaseshifter 2 to -1.965510deg	 DONE
04/10/2025 11:22:41:	16	count	time	30.000000s/cts	O Det=2513	H Det=1734	Mon Det=69612	Aux Det=3496	O+H=7743	 DONE
04/10/2025 11:23:13:	move motor	S18.axis2.phaseshifter 2 to -1.896544deg	 DONE
04/10/2025 11:23:14:	17	count	time	30.000000s/cts	O Det=2760	H Det=1495	Mon Det=69249	Aux Det=3485	O+H=7740	 DONE
04/10/2025 11:23:46:	move motor	S18.axis2.phaseshifter 2 to -1.827578deg	 DONE
04/10/2025 11:23:47:	18	count	time	30.000000s/cts	O Det=2742	H Det=1417	Mon Det=69492	Aux Det=3559	O+H=7718	 DONE
04/10/2025 11:24:19:	move motor	S18.axis2.phaseshifter 2 to -1.758612deg	 DONE
04/10/2025 11:24:20:	19	count	time	30.000000s/cts	O Det=2679	H Det=1568	Mon Det=69237	Aux Det=3498	O+H=7745	 DONE
04/10/2025 11:24:52:	move motor	S18.axis2.phaseshifter 2 to -1.689646deg	 DONE
04/10/2025 11:24:54:	20	count	time	30.000000s/cts	O Det=2276	H Det=1916	Mon Det=69284	Aux Det=3550	O+H=7742	 DONE
04/10/2025 11:25:25:	move motor	S18.axis2.phaseshifter 2 to -1.620680deg	 DONE
04/10/2025 11:25:27:	21	count	time	30.000000s/cts	O Det=1725	H Det=2301	Mon Det=70011	Aux Det=3549	O+H=7575	 DONE
04/10/2025 11:25:59:	move motor	S18.axis2.phaseshifter 2 to -1.551714deg	 DONE
04/10/2025 11:26:00:	22	count	time	30.000000s/cts	O Det=1245	H Det=2875	Mon Det=69206	Aux Det=3546	O+H=7666	 DONE
04/10/2025 11:26:32:	move motor	S18.axis2.phaseshifter 2 to -1.482748deg	 DONE
04/10/2025 11:26:33:	23	count	time	30.000000s/cts	O Det=813	H Det=3212	Mon Det=69165	Aux Det=3502	O+H=7527	 DONE
04/10/2025 11:27:05:	move motor	S18.axis2.phaseshifter 2 to -1.413782deg	 DONE
04/10/2025 11:27:06:	24	count	time	30.000000s/cts	O Det=676	H Det=3322	Mon Det=69723	Aux Det=3474	O+H=7472	 DONE
04/10/2025 11:27:38:	move motor	S18.axis2.phaseshifter 2 to -1.344816deg	 DONE
04/10/2025 11:27:40:	25	count	time	30.000000s/cts	O Det=463	H Det=3453	Mon Det=69260	Aux Det=3567	O+H=7483	 DONE
04/10/2025 11:28:11:	move motor	S18.axis2.phaseshifter 2 to -1.275850deg	 DONE
04/10/2025 11:28:13:	26	count	time	30.000000s/cts	O Det=462	H Det=3447	Mon Det=69705	Aux Det=3617	O+H=7526	 DONE
04/10/2025 11:28:45:	move motor	S18.axis2.phaseshifter 2 to -1.206884deg	 DONE
04/10/2025 11:28:46:	27	count	time	30.000000s/cts	O Det=789	H Det=3187	Mon Det=69340	Aux Det=3578	O+H=7554	 DONE
04/10/2025 11:29:18:	move motor	S18.axis2.phaseshifter 2 to -1.137918deg	 DONE
04/10/2025 11:29:19:	28	count	time	30.000000s/cts	O Det=1152	H Det=2868	Mon Det=69386	Aux Det=3455	O+H=7475	 DONE
04/10/2025 11:29:51:	move motor	S18.axis2.phaseshifter 2 to -1.068952deg	 DONE
04/10/2025 11:29:53:	29	count	time	30.000000s/cts	O Det=1743	H Det=2413	Mon Det=69122	Aux Det=3544	O+H=7700	 DONE
04/10/2025 11:30:24:	move motor	S18.axis2.phaseshifter 2 to -0.999986deg	 DONE
04/10/2025 11:30:26:	30	count	time	30.000000s/cts	O Det=2092	H Det=2038	Mon Det=69696	Aux Det=3459	O+H=7589	 DONE
04/10/2025 11:30:58:	close file and end scan	 DONE
call of ifg2_newPS_2p30s_B2.sc DONE
04/10/2025 11:30:59:	move motor	S18.axis2.Aperture Y to 19.00000mm	reached 19.00000  DONE
04/10/2025 11:31:02:	move motor	S18.axis2.phaseshifter 2 to -3.100000deg	 DONE
04/10/2025 11:31:05:	create file	D:\data\Cycle 198\exp_3-16-19\rawdata\sc\Aperture_scan_ifg2_newPS_B2_2p30s_04Oct1131.dat	 DONE
room to enter remarks DONE
04/10/2025 11:31:06:	move motor	S18.axis2.phaseshifter 2 to -3.000000deg	 DONE
04/10/2025 11:31:07:	1	count	time	30.000000s/cts	O Det=2532	H Det=2155	Mon Det=69985	Aux Det=3110	O+H=7797	 DONE
04/10/2025 11:31:39:	move motor	S18.axis2.phaseshifter 2 to -2.931034deg	 DONE
04/10/2025 11:31:41:	2	count	time	30.000000s/cts	O Det=2754	H Det=1951	Mon Det=69509	Aux Det=3094	O+H=7799	 DONE
04/10/2025 11:32:12:	move motor	S18.axis2.phaseshifter 2 to -2.862068deg	 DONE
04/10/2025 11:32:14:	3	count	time	30.000000s/cts	O Det=2782	H Det=1998	Mon Det=69336	Aux Det=3147	O+H=7927	 DONE
04/10/2025 11:32:46:	move motor	S18.axis2.phaseshifter 2 to -2.793102deg	 DONE
04/10/2025 11:32:47:	4	count	time	30.000000s/cts	O Det=2365	H Det=2210	Mon Det=69245	Aux Det=3027	O+H=7602	 DONE
04/10/2025 11:33:19:	move motor	S18.axis2.phaseshifter 2 to -2.724136deg	 DONE
04/10/2025 11:33:20:	5	count	time	30.000000s/cts	O Det=2076	H Det=2558	Mon Det=69278	Aux Det=2963	O+H=7597	 DONE
04/10/2025 11:33:52:	move motor	S18.axis2.phaseshifter 2 to -2.655170deg	 DONE
04/10/2025 11:33:54:	6	count	time	30.000000s/cts	O Det=1512	H Det=3069	Mon Det=69457	Aux Det=3063	O+H=7644	 DONE
04/10/2025 11:34:25:	move motor	S18.axis2.phaseshifter 2 to -2.586204deg	 DONE
04/10/2025 11:34:27:	7	count	time	30.000000s/cts	O Det=1087	H Det=3483	Mon Det=69119	Aux Det=3017	O+H=7587	 DONE
04/10/2025 11:34:59:	move motor	S18.axis2.phaseshifter 2 to -2.517238deg	 DONE
04/10/2025 11:35:00:	8	count	time	30.000000s/cts	O Det=712	H Det=3774	Mon Det=68982	Aux Det=3061	O+H=7547	 DONE
04/10/2025 11:35:32:	move motor	S18.axis2.phaseshifter 2 to -2.448272deg	 DONE
04/10/2025 11:35:33:	9	count	time	30.000000s/cts	O Det=518	H Det=3933	Mon Det=69583	Aux Det=3037	O+H=7488	 DONE
04/10/2025 11:36:05:	move motor	S18.axis2.phaseshifter 2 to -2.379306deg	 DONE
04/10/2025 11:36:06:	10	count	time	30.000000s/cts	O Det=491	H Det=4140	Mon Det=69382	Aux Det=3164	O+H=7795	 DONE
04/10/2025 11:36:38:	move motor	S18.axis2.phaseshifter 2 to -2.310340deg	 DONE
04/10/2025 11:36:40:	11	count	time	30.000000s/cts	O Det=695	H Det=3949	Mon Det=69486	Aux Det=3080	O+H=7724	 DONE
04/10/2025 11:37:11:	move motor	S18.axis2.phaseshifter 2 to -2.241374deg	 DONE
04/10/2025 11:37:13:	12	count	time	30.000000s/cts	O Det=913	H Det=3721	Mon Det=69353	Aux Det=3066	O+H=7700	 DONE
04/10/2025 11:37:45:	move motor	S18.axis2.phaseshifter 2 to -2.172408deg	 DONE
04/10/2025 11:37:46:	13	count	time	30.000000s/cts	O Det=1640	H Det=3070	Mon Det=69526	Aux Det=3164	O+H=7874	 DONE
04/10/2025 11:38:18:	move motor	S18.axis2.phaseshifter 2 to -2.103442deg	 DONE
04/10/2025 11:38:19:	14	count	time	30.000000s/cts	O Det=2155	H Det=2660	Mon Det=69210	Aux Det=3087	O+H=7902	 DONE
04/10/2025 11:38:51:	move motor	S18.axis2.phaseshifter 2 to -2.034476deg	 DONE
04/10/2025 11:38:52:	15	count	time	30.000000s/cts	O Det=2454	H Det=2173	Mon Det=69464	Aux Det=3125	O+H=7752	 DONE
04/10/2025 11:39:24:	move motor	S18.axis2.phaseshifter 2 to -1.965510deg	 DONE
04/10/2025 11:39:26:	16	count	time	30.000000s/cts	O Det=2686	H Det=2064	Mon Det=69087	Aux Det=3176	O+H=7926	 DONE
04/10/2025 11:39:57:	move motor	S18.axis2.phaseshifter 2 to -1.896544deg	 DONE
04/10/2025 11:39:59:	17	count	time	30.000000s/cts	O Det=2760	H Det=1980	Mon Det=69260	Aux Det=2956	O+H=7696	 DONE
04/10/2025 11:40:31:	move motor	S18.axis2.phaseshifter 2 to -1.827578deg	 DONE
04/10/2025 11:40:32:	18	count	time	30.000000s/cts	O Det=2724	H Det=1998	Mon Det=69690	Aux Det=3078	O+H=7800	 DONE
04/10/2025 11:41:04:	move motor	S18.axis2.phaseshifter 2 to -1.758612deg	 DONE
04/10/2025 11:41:05:	19	count	time	30.000000s/cts	O Det=2310	H Det=2398	Mon Det=69926	Aux Det=3101	O+H=7809	 DONE
04/10/2025 11:41:37:	move motor	S18.axis2.phaseshifter 2 to -1.689646deg	 DONE
04/10/2025 11:41:38:	20	count	time	30.000000s/cts	O Det=1929	H Det=2685	Mon Det=69679	Aux Det=3084	O+H=7698	 DONE
04/10/2025 11:42:10:	move motor	S18.axis2.phaseshifter 2 to -1.620680deg	 DONE
04/10/2025 11:42:12:	21	count	time	30.000000s/cts	O Det=1560	H Det=3141	Mon Det=69227	Aux Det=3023	O+H=7724	 DONE
04/10/2025 11:42:43:	move motor	S18.axis2.phaseshifter 2 to -1.551714deg	 DONE
04/10/2025 11:42:45:	22	count	time	30.000000s/cts	O Det=939	H Det=3585	Mon Det=69357	Aux Det=3125	O+H=7649	 DONE
04/10/2025 11:43:17:	move motor	S18.axis2.phaseshifter 2 to -1.482748deg	 DONE
04/10/2025 11:43:18:	23	count	time	30.000000s/cts	O Det=676	H Det=3844	Mon Det=69498	Aux Det=3021	O+H=7541	 DONE
04/10/2025 11:43:50:	move motor	S18.axis2.phaseshifter 2 to -1.413782deg	 DONE
04/10/2025 11:43:51:	24	count	time	30.000000s/cts	O Det=455	H Det=4096	Mon Det=69261	Aux Det=3123	O+H=7674	 DONE
04/10/2025 11:44:23:	move motor	S18.axis2.phaseshifter 2 to -1.344816deg	 DONE
04/10/2025 11:44:24:	25	count	time	30.000000s/cts	O Det=517	H Det=4088	Mon Det=69690	Aux Det=3090	O+H=7695	 DONE
04/10/2025 11:44:56:	move motor	S18.axis2.phaseshifter 2 to -1.275850deg	 DONE
04/10/2025 11:44:58:	26	count	time	30.000000s/cts	O Det=812	H Det=3685	Mon Det=69597	Aux Det=3010	O+H=7507	 DONE
04/10/2025 11:45:29:	move motor	S18.axis2.phaseshifter 2 to -1.206884deg	 DONE
04/10/2025 11:45:31:	27	count	time	30.000000s/cts	O Det=1175	H Det=3261	Mon Det=69094	Aux Det=3059	O+H=7495	 DONE
04/10/2025 11:46:03:	move motor	S18.axis2.phaseshifter 2 to -1.137918deg	 DONE
04/10/2025 11:46:04:	28	count	time	30.000000s/cts	O Det=1601	H Det=2939	Mon Det=69973	Aux Det=3042	O+H=7582	 DONE
04/10/2025 11:46:36:	move motor	S18.axis2.phaseshifter 2 to -1.068952deg	 DONE
04/10/2025 11:46:37:	29	count	time	30.000000s/cts	O Det=2110	H Det=2493	Mon Det=69714	Aux Det=3107	O+H=7710	 DONE
04/10/2025 11:47:09:	move motor	S18.axis2.phaseshifter 2 to -0.999986deg	 DONE
04/10/2025 11:47:11:	30	count	time	30.000000s/cts	O Det=2522	H Det=2243	Mon Det=69241	Aux Det=3007	O+H=7772	 DONE
04/10/2025 11:47:42:	close file and end scan	 DONE
call of ifg2_newPS_2p30s_B2.sc DONE
04/10/2025 11:47:43:	move motor	S18.axis2.Aperture Z to 11.00000mm	reached 11.00000  DONE
04/10/2025 11:47:47:	move motor	S18.axis2.Aperture Y to 16.50000mm	reached 16.50000  DONE
04/10/2025 11:47:51:	move motor	S18.axis2.phaseshifter 2 to -3.100000deg	 DONE
04/10/2025 11:47:53:	create file	D:\data\Cycle 198\exp_3-16-19\rawdata\sc\Aperture_scan_ifg2_newPS_B2_2p30s_04Oct1147.dat	 DONE
room to enter remarks DONE
04/10/2025 11:47:54:	move motor	S18.axis2.phaseshifter 2 to -3.000000deg	 DONE
04/10/2025 11:47:56:	1	count	time	30.000000s/cts	O Det=2411	H Det=1943	Mon Det=69223	Aux Det=3418	O+H=7772	 DONE
04/10/2025 11:48:27:	move motor	S18.axis2.phaseshifter 2 to -2.931034deg	 DONE
04/10/2025 11:48:29:	2	count	time	30.000000s/cts	O Det=2740	H Det=1691	Mon Det=69356	Aux Det=3352	O+H=7783	 DONE
04/10/2025 11:49:01:	move motor	S18.axis2.phaseshifter 2 to -2.862068deg	 DONE
04/10/2025 11:49:02:	3	count	time	30.000000s/cts	O Det=2727	H Det=1670	Mon Det=69089	Aux Det=3413	O+H=7810	 DONE
04/10/2025 11:49:34:	move motor	S18.axis2.phaseshifter 2 to -2.793102deg	 DONE
04/10/2025 11:49:36:	4	count	time	30.000000s/cts	O Det=2569	H Det=1719	Mon Det=69214	Aux Det=3506	O+H=7794	 DONE
04/10/2025 11:50:07:	move motor	S18.axis2.phaseshifter 2 to -2.724136deg	 DONE
04/10/2025 11:50:09:	5	count	time	30.000000s/cts	O Det=2491	H Det=1723	Mon Det=69627	Aux Det=3336	O+H=7550	 DONE
04/10/2025 11:50:40:	move motor	S18.axis2.phaseshifter 2 to -2.655170deg	 DONE
04/10/2025 11:50:42:	6	count	time	30.000000s/cts	O Det=1895	H Det=2480	Mon Det=69296	Aux Det=3388	O+H=7763	 DONE
04/10/2025 11:51:14:	move motor	S18.axis2.phaseshifter 2 to -2.586204deg	 DONE
04/10/2025 11:51:15:	7	count	time	30.000000s/cts	O Det=1422	H Det=2909	Mon Det=69674	Aux Det=3445	O+H=7776	 DONE
04/10/2025 11:51:47:	move motor	S18.axis2.phaseshifter 2 to -2.517238deg	 DONE
04/10/2025 11:51:49:	8	count	time	30.000000s/cts	O Det=954	H Det=3185	Mon Det=69020	Aux Det=3510	O+H=7649	 DONE
04/10/2025 11:52:20:	move motor	S18.axis2.phaseshifter 2 to -2.448272deg	 DONE
04/10/2025 11:52:22:	9	count	time	30.000000s/cts	O Det=628	H Det=3496	Mon Det=69605	Aux Det=3359	O+H=7483	 DONE
04/10/2025 11:52:53:	move motor	S18.axis2.phaseshifter 2 to -2.379306deg	 DONE
04/10/2025 11:52:55:	10	count	time	30.000000s/cts	O Det=514	H Det=3501	Mon Det=69023	Aux Det=3454	O+H=7469	 DONE
04/10/2025 11:53:27:	move motor	S18.axis2.phaseshifter 2 to -2.310340deg	 DONE
04/10/2025 11:53:28:	11	count	time	30.000000s/cts	O Det=554	H Det=3665	Mon Det=69348	Aux Det=3410	O+H=7629	 DONE
04/10/2025 11:54:00:	move motor	S18.axis2.phaseshifter 2 to -2.241374deg	 DONE
04/10/2025 11:54:01:	12	count	time	30.000000s/cts	O Det=728	H Det=3487	Mon Det=69134	Aux Det=3351	O+H=7566	 DONE
04/10/2025 11:54:33:	move motor	S18.axis2.phaseshifter 2 to -2.172408deg	 DONE
04/10/2025 11:54:34:	13	count	time	30.000000s/cts	O Det=1059	H Det=3055	Mon Det=68588	Aux Det=3316	O+H=7430	 DONE
04/10/2025 11:55:06:	move motor	S18.axis2.phaseshifter 2 to -2.103442deg	 DONE
04/10/2025 11:55:08:	14	count	time	30.000000s/cts	O Det=1616	H Det=2692	Mon Det=68941	Aux Det=3438	O+H=7746	 DONE
04/10/2025 11:55:39:	move motor	S18.axis2.phaseshifter 2 to -2.034476deg	 DONE
04/10/2025 11:55:41:	15	count	time	30.000000s/cts	O Det=2165	H Det=2130	Mon Det=69317	Aux Det=3435	O+H=7730	 DONE
04/10/2025 11:56:13:	move motor	S18.axis2.phaseshifter 2 to -1.965510deg	 DONE
04/10/2025 11:56:14:	16	count	time	30.000000s/cts	O Det=2481	H Det=1742	Mon Det=69053	Aux Det=3429	O+H=7652	 DONE
04/10/2025 11:56:46:	move motor	S18.axis2.phaseshifter 2 to -1.896544deg	 DONE
04/10/2025 11:56:47:	17	count	time	30.000000s/cts	O Det=2705	H Det=1662	Mon Det=69175	Aux Det=3422	O+H=7789	 DONE
04/10/2025 11:57:19:	move motor	S18.axis2.phaseshifter 2 to -1.827578deg	 DONE
04/10/2025 11:57:20:	18	count	time	30.000000s/cts	O Det=2667	H Det=1628	Mon Det=69423	Aux Det=3376	O+H=7671	 DONE
04/10/2025 11:57:52:	move motor	S18.axis2.phaseshifter 2 to -1.758612deg	 DONE
04/10/2025 11:57:54:	19	count	time	30.000000s/cts	O Det=2459	H Det=1792	Mon Det=69550	Aux Det=3464	O+H=7715	 DONE
04/10/2025 11:58:25:	move motor	S18.axis2.phaseshifter 2 to -1.689646deg	 DONE
04/10/2025 11:58:27:	20	count	time	30.000000s/cts	O Det=2259	H Det=2037	Mon Det=69274	Aux Det=3441	O+H=7737	 DONE
04/10/2025 11:58:59:	move motor	S18.axis2.phaseshifter 2 to -1.620680deg	 DONE
04/10/2025 11:59:00:	21	count	time	30.000000s/cts	O Det=1697	H Det=2528	Mon Det=69557	Aux Det=3433	O+H=7658	 DONE
04/10/2025 11:59:32:	move motor	S18.axis2.phaseshifter 2 to -1.551714deg	 DONE
04/10/2025 11:59:33:	22	count	time	30.000000s/cts	O Det=1228	H Det=3001	Mon Det=69318	Aux Det=3368	O+H=7597	 DONE
04/10/2025 12:00:05:	move motor	S18.axis2.phaseshifter 2 to -1.482748deg	 DONE
04/10/2025 12:00:07:	23	count	time	30.000000s/cts	O Det=934	H Det=3142	Mon Det=69044	Aux Det=3370	O+H=7446	 DONE
04/10/2025 12:00:38:	move motor	S18.axis2.phaseshifter 2 to -1.413782deg	 DONE
04/10/2025 12:00:40:	24	count	time	30.000000s/cts	O Det=595	H Det=3462	Mon Det=69238	Aux Det=3382	O+H=7439	 DONE
04/10/2025 12:01:11:	move motor	S18.axis2.phaseshifter 2 to -1.344816deg	 DONE
04/10/2025 12:01:13:	25	count	time	30.000000s/cts	O Det=474	H Det=3640	Mon Det=69619	Aux Det=3319	O+H=7433	 DONE
04/10/2025 12:01:45:	move motor	S18.axis2.phaseshifter 2 to -1.275850deg	 DONE
04/10/2025 12:01:46:	26	count	time	30.000000s/cts	O Det=709	H Det=3324	Mon Det=69576	Aux Det=3429	O+H=7462	 DONE
04/10/2025 12:02:18:	move motor	S18.axis2.phaseshifter 2 to -1.206884deg	 DONE
04/10/2025 12:02:19:	27	count	time	30.000000s/cts	O Det=874	H Det=3160	Mon Det=69400	Aux Det=3400	O+H=7434	 DONE
04/10/2025 12:02:51:	move motor	S18.axis2.phaseshifter 2 to -1.137918deg	 DONE
04/10/2025 12:02:52:	28	count	time	30.000000s/cts	O Det=1287	H Det=2945	Mon Det=69089	Aux Det=3381	O+H=7613	 DONE
04/10/2025 12:03:24:	move motor	S18.axis2.phaseshifter 2 to -1.068952deg	 DONE
04/10/2025 12:03:26:	29	count	time	30.000000s/cts	O Det=1847	H Det=2354	Mon Det=69303	Aux Det=3468	O+H=7669	 DONE
04/10/2025 12:03:57:	move motor	S18.axis2.phaseshifter 2 to -0.999986deg	 DONE
04/10/2025 12:03:59:	30	count	time	30.000000s/cts	O Det=2192	H Det=2147	Mon Det=69337	Aux Det=3415	O+H=7754	 DONE
04/10/2025 12:04:31:	close file and end scan	 DONE
call of ifg2_newPS_2p30s_B2.sc DONE
04/10/2025 12:04:32:	move motor	S18.axis2.Aperture Y to 19.00000mm	reached 19.00000  DONE
04/10/2025 12:04:36:	move motor	S18.axis2.phaseshifter 2 to -3.100000deg	 DONE
04/10/2025 12:04:38:	create file	D:\data\Cycle 198\exp_3-16-19\rawdata\sc\Aperture_scan_ifg2_newPS_B2_2p30s_04Oct1204.dat	 DONE
room to enter remarks DONE
04/10/2025 12:04:39:	move motor	S18.axis2.phaseshifter 2 to -3.000000deg	 DONE
04/10/2025 12:04:41:	1	count	time	30.000000s/cts	O Det=2796	H Det=2279	Mon Det=69185	Aux Det=3074	O+H=8149	 DONE
04/10/2025 12:05:12:	move motor	S18.axis2.phaseshifter 2 to -2.931034deg	 DONE
04/10/2025 12:05:14:	2	count	time	30.000000s/cts	O Det=2845	H Det=2294	Mon Det=69305	Aux Det=3175	O+H=8314	 DONE
04/10/2025 12:05:46:	move motor	S18.axis2.phaseshifter 2 to -2.862068deg	 DONE
04/10/2025 12:05:47:	3	count	time	30.000000s/cts	O Det=2856	H Det=2262	Mon Det=69489	Aux Det=3232	O+H=8350	 DONE
04/10/2025 12:06:19:	move motor	S18.axis2.phaseshifter 2 to -2.793102deg	 DONE
04/10/2025 12:06:20:	4	count	time	30.000000s/cts	O Det=2406	H Det=2635	Mon Det=69452	Aux Det=3221	O+H=8262	 DONE
04/10/2025 12:06:52:	move motor	S18.axis2.phaseshifter 2 to -2.724136deg	 DONE
04/10/2025 12:06:53:	5	count	time	30.000000s/cts	O Det=2083	H Det=2850	Mon Det=69025	Aux Det=3252	O+H=8185	 DONE
04/10/2025 12:07:25:	move motor	S18.axis2.phaseshifter 2 to -2.655170deg	 DONE
04/10/2025 12:07:27:	6	count	time	30.000000s/cts	O Det=1666	H Det=3342	Mon Det=68992	Aux Det=3232	O+H=8240	 DONE
04/10/2025 12:07:58:	move motor	S18.axis2.phaseshifter 2 to -2.586204deg	 DONE
04/10/2025 12:08:00:	7	count	time	30.000000s/cts	O Det=1032	H Det=3848	Mon Det=69471	Aux Det=3100	O+H=7980	 DONE
04/10/2025 12:08:32:	move motor	S18.axis2.phaseshifter 2 to -2.517238deg	 DONE
04/10/2025 12:08:33:	8	count	time	30.000000s/cts	O Det=853	H Det=3981	Mon Det=69412	Aux Det=3290	O+H=8124	 DONE
04/10/2025 12:09:05:	move motor	S18.axis2.phaseshifter 2 to -2.448272deg	 DONE
04/10/2025 12:09:06:	9	count	time	30.000000s/cts	O Det=599	H Det=4202	Mon Det=69133	Aux Det=3195	O+H=7996	 DONE
04/10/2025 12:09:38:	move motor	S18.axis2.phaseshifter 2 to -2.379306deg	 DONE
04/10/2025 12:09:39:	10	count	time	30.000000s/cts	O Det=591	H Det=4259	Mon Det=69012	Aux Det=3305	O+H=8155	 DONE
04/10/2025 12:10:11:	move motor	S18.axis2.phaseshifter 2 to -2.310340deg	 DONE
04/10/2025 12:10:13:	11	count	time	30.000000s/cts	O Det=773	H Det=4055	Mon Det=68902	Aux Det=3209	O+H=8037	 DONE
04/10/2025 12:10:44:	move motor	S18.axis2.phaseshifter 2 to -2.241374deg	 DONE
04/10/2025 12:10:46:	12	count	time	30.000000s/cts	O Det=1109	H Det=3853	Mon Det=69467	Aux Det=3189	O+H=8151	 DONE
04/10/2025 12:11:18:	move motor	S18.axis2.phaseshifter 2 to -2.172408deg	 DONE
04/10/2025 12:11:19:	13	count	time	30.000000s/cts	O Det=1658	H Det=3332	Mon Det=69393	Aux Det=3186	O+H=8176	 DONE
04/10/2025 12:11:51:	move motor	S18.axis2.phaseshifter 2 to -2.103442deg	 DONE
04/10/2025 12:11:52:	14	count	time	30.000000s/cts	O Det=2203	H Det=2785	Mon Det=69428	Aux Det=3254	O+H=8242	 DONE
04/10/2025 12:12:24:	move motor	S18.axis2.phaseshifter 2 to -2.034476deg	 DONE
04/10/2025 12:12:25:	15	count	time	30.000000s/cts	O Det=2517	H Det=2521	Mon Det=69413	Aux Det=3263	O+H=8301	 DONE
04/10/2025 12:12:57:	move motor	S18.axis2.phaseshifter 2 to -1.965510deg	 DONE
04/10/2025 12:12:59:	16	count	time	30.000000s/cts	O Det=2741	H Det=2267	Mon Det=69415	Aux Det=3173	O+H=8181	 DONE
04/10/2025 12:13:30:	move motor	S18.axis2.phaseshifter 2 to -1.896544deg	 DONE
04/10/2025 12:13:32:	17	count	time	30.000000s/cts	O Det=2839	H Det=2273	Mon Det=69123	Aux Det=3113	O+H=8225	 DONE
04/10/2025 12:14:04:	move motor	S18.axis2.phaseshifter 2 to -1.827578deg	 DONE
04/10/2025 12:14:05:	18	count	time	30.000000s/cts	O Det=2670	H Det=2375	Mon Det=69592	Aux Det=3218	O+H=8263	 DONE
04/10/2025 12:14:37:	move motor	S18.axis2.phaseshifter 2 to -1.758612deg	 DONE
04/10/2025 12:14:38:	19	count	time	30.000000s/cts	O Det=2424	H Det=2693	Mon Det=69373	Aux Det=3185	O+H=8302	 DONE
04/10/2025 12:15:10:	move motor	S18.axis2.phaseshifter 2 to -1.689646deg	 DONE
04/10/2025 12:15:11:	20	count	time	30.000000s/cts	O Det=1868	H Det=2958	Mon Det=69332	Aux Det=3187	O+H=8013	 DONE
04/10/2025 12:15:43:	move motor	S18.axis2.phaseshifter 2 to -1.620680deg	 DONE
04/10/2025 12:15:45:	21	count	time	30.000000s/cts	O Det=1518	H Det=3442	Mon Det=69194	Aux Det=3165	O+H=8125	 DONE
04/10/2025 12:16:16:	move motor	S18.axis2.phaseshifter 2 to -1.551714deg	 DONE
04/10/2025 12:16:18:	22	count	time	30.000000s/cts	O Det=948	H Det=4001	Mon Det=69392	Aux Det=3213	O+H=8162	 DONE
04/10/2025 12:16:50:	move motor	S18.axis2.phaseshifter 2 to -1.482748deg	 DONE
04/10/2025 12:16:51:	23	count	time	30.000000s/cts	O Det=710	H Det=4101	Mon Det=69582	Aux Det=3224	O+H=8035	 DONE
04/10/2025 12:17:23:	move motor	S18.axis2.phaseshifter 2 to -1.413782deg	 DONE
04/10/2025 12:17:24:	24	count	time	30.000000s/cts	O Det=554	H Det=4276	Mon Det=69821	Aux Det=3126	O+H=7956	 DONE
04/10/2025 12:17:56:	move motor	S18.axis2.phaseshifter 2 to -1.344816deg	 DONE
04/10/2025 12:17:58:	25	count	time	30.000000s/cts	O Det=639	H Det=4312	Mon Det=69541	Aux Det=3252	O+H=8203	 DONE
04/10/2025 12:18:29:	move motor	S18.axis2.phaseshifter 2 to -1.275850deg	 DONE
04/10/2025 12:18:31:	26	count	time	30.000000s/cts	O Det=959	H Det=4004	Mon Det=69687	Aux Det=3259	O+H=8222	 DONE
04/10/2025 12:19:03:	move motor	S18.axis2.phaseshifter 2 to -1.206884deg	 DONE
04/10/2025 12:19:04:	27	count	time	30.000000s/cts	O Det=1331	H Det=3722	Mon Det=69646	Aux Det=3166	O+H=8219	 DONE
04/10/2025 12:19:36:	move motor	S18.axis2.phaseshifter 2 to -1.137918deg	 DONE
04/10/2025 12:19:37:	28	count	time	30.000000s/cts	O Det=1807	H Det=3241	Mon Det=69379	Aux Det=3156	O+H=8204	 DONE
04/10/2025 12:20:09:	move motor	S18.axis2.phaseshifter 2 to -1.068952deg	 DONE
04/10/2025 12:20:10:	29	count	time	30.000000s/cts	O Det=2343	H Det=2758	Mon Det=69326	Aux Det=3269	O+H=8370	 DONE
04/10/2025 12:20:42:	move motor	S18.axis2.phaseshifter 2 to -0.999986deg	 DONE
04/10/2025 12:20:44:	30	count	time	30.000000s/cts	O Det=2598	H Det=2372	Mon Det=69396	Aux Det=3254	O+H=8224	 DONE
04/10/2025 12:21:15:	close file and end scan	 DONE
call of ifg2_newPS_2p30s_B2.sc DONE
04/10/2025 12:21:16:	END OF SCRIPT	 DONE
