29/09/2025 13:51:31:	start execution of script D:\data\Cycle 198\exp_3-16-19\rawdata\sc\Aperture_scan_ifg1_B3_3p40s_cont.sc	 DONE
29/09/2025 13:51:31:	move motor	S18.axis2.piezo rotation to -1.962237deg	 DONE
29/09/2025 13:51:36:	create file	D:\data\Cycle 198\exp_3-16-19\rawdata\sc\rocking_29Sep1351.dat	 DONE
room to enter remarks DONE
29/09/2025 13:51:37:	move motor	S18.axis2.piezo rotation to -1.862237deg	 DONE
29/09/2025 13:51:41:	1	count	time	5.000000s/cts	O Det=1	H Det=1	Mon Det=11265	Aux Det=21	O+H=23	 DONE
29/09/2025 13:51:48:	move motor	S18.axis2.piezo rotation to -1.862187deg	 DONE
29/09/2025 13:51:49:	2	count	time	5.000000s/cts	O Det=0	H Det=0	Mon Det=11314	Aux Det=20	O+H=20	 DONE
29/09/2025 13:51:56:	move motor	S18.axis2.piezo rotation to -1.862137deg	 DONE
29/09/2025 13:51:58:	3	count	time	5.000000s/cts	O Det=0	H Det=1	Mon Det=11393	Aux Det=23	O+H=24	 DONE
29/09/2025 13:52:04:	move motor	S18.axis2.piezo rotation to -1.862087deg	 DONE
29/09/2025 13:52:05:	4	count	time	5.000000s/cts	O Det=0	H Det=2	Mon Det=11523	Aux Det=23	O+H=25	 DONE
29/09/2025 13:52:12:	move motor	S18.axis2.piezo rotation to -1.862037deg	 DONE
29/09/2025 13:52:14:	5	count	time	5.000000s/cts	O Det=1	H Det=0	Mon Det=11334	Aux Det=13	O+H=14	 DONE
29/09/2025 13:52:20:	move motor	S18.axis2.piezo rotation to -1.861987deg	 DONE
29/09/2025 13:52:22:	6	count	time	5.000000s/cts	O Det=1	H Det=2	Mon Det=11442	Aux Det=22	O+H=25	 DONE
29/09/2025 13:52:29:	move motor	S18.axis2.piezo rotation to -1.861937deg	 DONE
29/09/2025 13:52:30:	7	count	time	5.000000s/cts	O Det=1	H Det=2	Mon Det=11379	Aux Det=22	O+H=25	 DONE
29/09/2025 13:52:37:	move motor	S18.axis2.piezo rotation to -1.861887deg	 DONE
29/09/2025 13:52:38:	8	count	time	5.000000s/cts	O Det=1	H Det=1	Mon Det=11215	Aux Det=28	O+H=30	 DONE
29/09/2025 13:52:45:	move motor	S18.axis2.piezo rotation to -1.861837deg	 DONE
29/09/2025 13:52:46:	9	count	time	5.000000s/cts	O Det=0	H Det=2	Mon Det=11408	Aux Det=19	O+H=21	 DONE
29/09/2025 13:52:53:	move motor	S18.axis2.piezo rotation to -1.861787deg	 DONE
29/09/2025 13:52:54:	10	count	time	5.000000s/cts	O Det=0	H Det=1	Mon Det=11198	Aux Det=27	O+H=28	 DONE
29/09/2025 13:53:01:	move motor	S18.axis2.piezo rotation to -1.861737deg	 DONE
29/09/2025 13:53:02:	11	count	time	5.000000s/cts	O Det=1	H Det=1	Mon Det=11552	Aux Det=42	O+H=44	 DONE
29/09/2025 13:53:09:	move motor	S18.axis2.piezo rotation to -1.861687deg	 DONE
29/09/2025 13:53:10:	12	count	time	5.000000s/cts	O Det=3	H Det=2	Mon Det=11336	Aux Det=41	O+H=46	 DONE
29/09/2025 13:53:17:	move motor	S18.axis2.piezo rotation to -1.861637deg	 DONE
29/09/2025 13:53:19:	13	count	time	5.000000s/cts	O Det=4	H Det=0	Mon Det=11281	Aux Det=63	O+H=67	 DONE
29/09/2025 13:53:25:	move motor	S18.axis2.piezo rotation to -1.861587deg	 DONE
29/09/2025 13:53:27:	14	count	time	5.000000s/cts	O Det=12	H Det=6	Mon Det=11383	Aux Det=72	O+H=90	 DONE
29/09/2025 13:53:34:	move motor	S18.axis2.piezo rotation to -1.861537deg	 DONE
29/09/2025 13:53:35:	15	count	time	5.000000s/cts	O Det=15	H Det=7	Mon Det=11354	Aux Det=84	O+H=106	 DONE
29/09/2025 13:53:42:	move motor	S18.axis2.piezo rotation to -1.861487deg	 DONE
29/09/2025 13:53:43:	16	count	time	5.000000s/cts	O Det=18	H Det=10	Mon Det=11256	Aux Det=82	O+H=110	 DONE
29/09/2025 13:53:50:	move motor	S18.axis2.piezo rotation to -1.861437deg	 DONE
29/09/2025 13:53:52:	17	count	time	5.000000s/cts	O Det=13	H Det=9	Mon Det=11350	Aux Det=101	O+H=123	 DONE
29/09/2025 13:53:59:	move motor	S18.axis2.piezo rotation to -1.861387deg	 DONE
29/09/2025 13:54:00:	18	count	time	5.000000s/cts	O Det=19	H Det=6	Mon Det=11302	Aux Det=111	O+H=136	 DONE
29/09/2025 13:54:06:	move motor	S18.axis2.piezo rotation to -1.861337deg	 DONE
29/09/2025 13:54:08:	19	count	time	5.000000s/cts	O Det=38	H Det=4	Mon Det=11530	Aux Det=124	O+H=166	 DONE
29/09/2025 13:54:15:	move motor	S18.axis2.piezo rotation to -1.861287deg	 DONE
29/09/2025 13:54:16:	20	count	time	5.000000s/cts	O Det=35	H Det=14	Mon Det=11346	Aux Det=130	O+H=179	 DONE
29/09/2025 13:54:23:	move motor	S18.axis2.piezo rotation to -1.861237deg	 DONE
29/09/2025 13:54:24:	21	count	time	5.000000s/cts	O Det=51	H Det=22	Mon Det=11395	Aux Det=141	O+H=214	 DONE
29/09/2025 13:54:31:	move motor	S18.axis2.piezo rotation to -1.861187deg	 DONE
29/09/2025 13:54:33:	22	count	time	5.000000s/cts	O Det=90	H Det=53	Mon Det=11304	Aux Det=174	O+H=317	 DONE
29/09/2025 13:54:39:	move motor	S18.axis2.piezo rotation to -1.861137deg	 DONE
29/09/2025 13:54:41:	23	count	time	5.000000s/cts	O Det=97	H Det=69	Mon Det=11438	Aux Det=162	O+H=328	 DONE
29/09/2025 13:54:48:	move motor	S18.axis2.piezo rotation to -1.861087deg	 DONE
29/09/2025 13:54:49:	24	count	time	5.000000s/cts	O Det=130	H Det=97	Mon Det=11442	Aux Det=195	O+H=422	 DONE
29/09/2025 13:54:56:	move motor	S18.axis2.piezo rotation to -1.861037deg	 DONE
29/09/2025 13:54:57:	25	count	time	5.000000s/cts	O Det=184	H Det=131	Mon Det=11641	Aux Det=242	O+H=557	 DONE
29/09/2025 13:55:04:	move motor	S18.axis2.piezo rotation to -1.860987deg	 DONE
29/09/2025 13:55:05:	26	count	time	5.000000s/cts	O Det=203	H Det=152	Mon Det=11284	Aux Det=218	O+H=573	 DONE
29/09/2025 13:55:12:	move motor	S18.axis2.piezo rotation to -1.860937deg	 DONE
29/09/2025 13:55:13:	27	count	time	5.000000s/cts	O Det=225	H Det=178	Mon Det=11214	Aux Det=241	O+H=644	 DONE
29/09/2025 13:55:20:	move motor	S18.axis2.piezo rotation to -1.860887deg	 DONE
29/09/2025 13:55:22:	28	count	time	5.000000s/cts	O Det=252	H Det=210	Mon Det=11432	Aux Det=261	O+H=723	 DONE
29/09/2025 13:55:28:	move motor	S18.axis2.piezo rotation to -1.860837deg	 DONE
29/09/2025 13:55:30:	29	count	time	5.000000s/cts	O Det=237	H Det=220	Mon Det=11345	Aux Det=250	O+H=707	 DONE
29/09/2025 13:55:37:	move motor	S18.axis2.piezo rotation to -1.860787deg	 DONE
29/09/2025 13:55:38:	30	count	time	5.000000s/cts	O Det=247	H Det=179	Mon Det=11341	Aux Det=267	O+H=693	 DONE
29/09/2025 13:55:45:	move motor	S18.axis2.piezo rotation to -1.860737deg	 DONE
29/09/2025 13:55:46:	31	count	time	5.000000s/cts	O Det=195	H Det=182	Mon Det=11282	Aux Det=223	O+H=600	 DONE
29/09/2025 13:55:53:	move motor	S18.axis2.piezo rotation to -1.860687deg	 DONE
29/09/2025 13:55:54:	32	count	time	5.000000s/cts	O Det=215	H Det=147	Mon Det=11416	Aux Det=205	O+H=567	 DONE
29/09/2025 13:56:01:	move motor	S18.axis2.piezo rotation to -1.860637deg	 DONE
29/09/2025 13:56:03:	33	count	time	5.000000s/cts	O Det=187	H Det=110	Mon Det=11593	Aux Det=203	O+H=500	 DONE
29/09/2025 13:56:09:	move motor	S18.axis2.piezo rotation to -1.860587deg	 DONE
29/09/2025 13:56:11:	34	count	time	5.000000s/cts	O Det=133	H Det=77	Mon Det=11390	Aux Det=173	O+H=383	 DONE
29/09/2025 13:56:17:	move motor	S18.axis2.piezo rotation to -1.860537deg	 DONE
29/09/2025 13:56:19:	35	count	time	5.000000s/cts	O Det=101	H Det=61	Mon Det=11404	Aux Det=144	O+H=306	 DONE
29/09/2025 13:56:26:	move motor	S18.axis2.piezo rotation to -1.860487deg	 DONE
29/09/2025 13:56:27:	36	count	time	5.000000s/cts	O Det=91	H Det=37	Mon Det=11487	Aux Det=139	O+H=267	 DONE
29/09/2025 13:56:34:	move motor	S18.axis2.piezo rotation to -1.860437deg	 DONE
29/09/2025 13:56:36:	37	count	time	5.000000s/cts	O Det=67	H Det=15	Mon Det=11499	Aux Det=117	O+H=199	 DONE
29/09/2025 13:56:43:	move motor	S18.axis2.piezo rotation to -1.860387deg	 DONE
29/09/2025 13:56:45:	38	count	time	5.000000s/cts	O Det=52	H Det=13	Mon Det=11502	Aux Det=102	O+H=167	 DONE
29/09/2025 13:56:51:	move motor	S18.axis2.piezo rotation to -1.860337deg	 DONE
29/09/2025 13:56:53:	39	count	time	5.000000s/cts	O Det=24	H Det=7	Mon Det=11349	Aux Det=82	O+H=113	 DONE
29/09/2025 13:56:59:	move motor	S18.axis2.piezo rotation to -1.860287deg	 DONE
29/09/2025 13:57:01:	40	count	time	5.000000s/cts	O Det=22	H Det=7	Mon Det=11394	Aux Det=86	O+H=115	 DONE
29/09/2025 13:57:08:	move motor	S18.axis2.piezo rotation to -1.860237deg	 DONE
29/09/2025 13:57:09:	41	count	time	5.000000s/cts	O Det=19	H Det=1	Mon Det=11411	Aux Det=81	O+H=101	 DONE
29/09/2025 13:57:16:	move motor	S18.axis2.piezo rotation to -1.860187deg	 DONE
29/09/2025 13:57:18:	42	count	time	5.000000s/cts	O Det=7	H Det=1	Mon Det=11503	Aux Det=65	O+H=73	 DONE
29/09/2025 13:57:25:	move motor	S18.axis2.piezo rotation to -1.860137deg	 DONE
29/09/2025 13:57:26:	43	count	time	5.000000s/cts	O Det=8	H Det=1	Mon Det=11316	Aux Det=50	O+H=59	 DONE
29/09/2025 13:57:32:	move motor	S18.axis2.piezo rotation to -1.860087deg	 DONE
29/09/2025 13:57:34:	44	count	time	5.000000s/cts	O Det=7	H Det=1	Mon Det=11282	Aux Det=48	O+H=56	 DONE
29/09/2025 13:57:40:	move motor	S18.axis2.piezo rotation to -1.860037deg	 DONE
29/09/2025 13:57:41:	45	count	time	5.000000s/cts	O Det=3	H Det=2	Mon Det=11446	Aux Det=35	O+H=40	 DONE
29/09/2025 13:57:48:	move motor	S18.axis2.piezo rotation to -1.859987deg	 DONE
29/09/2025 13:57:50:	46	count	time	5.000000s/cts	O Det=3	H Det=2	Mon Det=11372	Aux Det=49	O+H=54	 DONE
29/09/2025 13:57:56:	move motor	S18.axis2.piezo rotation to -1.859937deg	 DONE
29/09/2025 13:57:58:	47	count	time	5.000000s/cts	O Det=4	H Det=2	Mon Det=11362	Aux Det=27	O+H=33	 DONE
29/09/2025 13:58:05:	move motor	S18.axis2.piezo rotation to -1.859887deg	 DONE
29/09/2025 13:58:06:	48	count	time	5.000000s/cts	O Det=2	H Det=1	Mon Det=11448	Aux Det=33	O+H=36	 DONE
29/09/2025 13:58:13:	move motor	S18.axis2.piezo rotation to -1.859837deg	 DONE
29/09/2025 13:58:14:	49	count	time	5.000000s/cts	O Det=3	H Det=5	Mon Det=11453	Aux Det=35	O+H=43	 DONE
29/09/2025 13:58:21:	move motor	S18.axis2.piezo rotation to -1.859787deg	 DONE
29/09/2025 13:58:23:	50	count	time	5.000000s/cts	O Det=5	H Det=0	Mon Det=11468	Aux Det=24	O+H=29	 DONE
29/09/2025 13:58:29:	move motor	S18.axis2.piezo rotation to -1.859737deg	 DONE
29/09/2025 13:58:31:	51	count	time	5.000000s/cts	O Det=4	H Det=1	Mon Det=11391	Aux Det=22	O+H=27	 DONE
29/09/2025 13:58:38:	move motor	S18.axis2.piezo rotation to -1.859687deg	 DONE
29/09/2025 13:58:39:	52	count	time	5.000000s/cts	O Det=2	H Det=1	Mon Det=11349	Aux Det=22	O+H=25	 DONE
29/09/2025 13:58:46:	move motor	S18.axis2.piezo rotation to -1.859637deg	 DONE
29/09/2025 13:58:47:	53	count	time	5.000000s/cts	O Det=1	H Det=0	Mon Det=11141	Aux Det=30	O+H=31	 DONE
29/09/2025 13:58:54:	move motor	S18.axis2.piezo rotation to -1.859587deg	 DONE
29/09/2025 13:58:55:	54	count	time	5.000000s/cts	O Det=0	H Det=2	Mon Det=11391	Aux Det=16	O+H=18	 DONE
29/09/2025 13:59:02:	move motor	S18.axis2.piezo rotation to -1.859537deg	 DONE
29/09/2025 13:59:03:	55	count	time	5.000000s/cts	O Det=1	H Det=1	Mon Det=11360	Aux Det=25	O+H=27	 DONE
29/09/2025 13:59:10:	move motor	S18.axis2.piezo rotation to -1.859487deg	 DONE
29/09/2025 13:59:11:	56	count	time	5.000000s/cts	O Det=1	H Det=3	Mon Det=11413	Aux Det=15	O+H=19	 DONE
29/09/2025 13:59:18:	move motor	S18.axis2.piezo rotation to -1.859437deg	 DONE
29/09/2025 13:59:19:	57	count	time	5.000000s/cts	O Det=0	H Det=2	Mon Det=11335	Aux Det=11	O+H=13	 DONE
29/09/2025 13:59:26:	move motor	S18.axis2.piezo rotation to -1.859387deg	 DONE
29/09/2025 13:59:27:	58	count	time	5.000000s/cts	O Det=0	H Det=3	Mon Det=11333	Aux Det=14	O+H=17	 DONE
29/09/2025 13:59:34:	move motor	S18.axis2.piezo rotation to -1.859337deg	 DONE
29/09/2025 13:59:36:	59	count	time	5.000000s/cts	O Det=1	H Det=2	Mon Det=11345	Aux Det=10	O+H=13	 DONE
29/09/2025 13:59:42:	move motor	S18.axis2.piezo rotation to -1.859287deg	 DONE
29/09/2025 13:59:44:	60	count	time	5.000000s/cts	O Det=0	H Det=1	Mon Det=11217	Aux Det=6	O+H=7	 DONE
29/09/2025 13:59:51:	close file and end scan	 DONE
29/09/2025 13:59:51:	move motor	S18.axis2.piezo rotation to fit SUM PEAK60	-1.860853reached -1.86085  DONE
call of rocking.sc DONE
29/09/2025 13:59:57:	move motor	S18.axis2.Aperture Y to 20.00000mm	reached 20.00000  DONE
call of Move_aparture_Y20.sc DONE
29/09/2025 14:00:01:	move motor	S18.axis2.phaseshifter 1 to -2.700000deg	 DONE
29/09/2025 14:00:04:	create file	D:\data\Cycle 198\exp_3-16-19\rawdata\sc\Aperture_scan_ifg1_B3_3p40s_cont_29Sep1400.dat	 DONE
room to enter remarks DONE
29/09/2025 14:00:05:	read encoder	S18.axis2.Aperture Y		20.000000 DONE
29/09/2025 14:00:06:	read encoder	S18.axis2.Aperture Z		13.500000 DONE
29/09/2025 14:00:06:	move motor	S18.axis2.phaseshifter 1 to -2.600000deg	 DONE
29/09/2025 14:00:08:	1	count	time	40.000000s/cts	O Det=832	H Det=742	Mon Det=91258	Aux Det=4285	O+H=5859	 DONE
29/09/2025 14:00:50:	move motor	S18.axis2.phaseshifter 1 to -2.426667deg	 DONE
29/09/2025 14:00:52:	2	count	time	40.000000s/cts	O Det=1254	H Det=1105	Mon Det=91374	Aux Det=3460	O+H=5819	 DONE
29/09/2025 14:01:33:	move motor	S18.axis2.phaseshifter 1 to -2.253334deg	 DONE
29/09/2025 14:01:35:	3	count	time	40.000000s/cts	O Det=1700	H Det=1535	Mon Det=91228	Aux Det=2583	O+H=5818	 DONE
29/09/2025 14:02:17:	move motor	S18.axis2.phaseshifter 1 to -2.080001deg	 DONE
29/09/2025 14:02:18:	4	count	time	40.000000s/cts	O Det=1955	H Det=1740	Mon Det=91241	Aux Det=2116	O+H=5811	 DONE
29/09/2025 14:03:00:	move motor	S18.axis2.phaseshifter 1 to -1.906668deg	 DONE
29/09/2025 14:03:02:	5	count	time	40.000000s/cts	O Det=2036	H Det=1709	Mon Det=90770	Aux Det=2100	O+H=5845	 DONE
29/09/2025 14:03:44:	move motor	S18.axis2.phaseshifter 1 to -1.733335deg	 DONE
29/09/2025 14:03:45:	6	count	time	40.000000s/cts	O Det=1614	H Det=1341	Mon Det=91167	Aux Det=2834	O+H=5789	 DONE
29/09/2025 14:04:27:	move motor	S18.axis2.phaseshifter 1 to -1.560002deg	 DONE
29/09/2025 14:04:29:	7	count	time	40.000000s/cts	O Det=1163	H Det=1040	Mon Det=91286	Aux Det=3612	O+H=5815	 DONE
29/09/2025 14:05:10:	move motor	S18.axis2.phaseshifter 1 to -1.386669deg	 DONE
29/09/2025 14:05:12:	8	count	time	40.000000s/cts	O Det=672	H Det=598	Mon Det=91125	Aux Det=4576	O+H=5846	 DONE
29/09/2025 14:05:54:	move motor	S18.axis2.phaseshifter 1 to -1.213336deg	 DONE
29/09/2025 14:05:55:	9	count	time	40.000000s/cts	O Det=461	H Det=447	Mon Det=91284	Aux Det=5007	O+H=5915	 DONE
29/09/2025 14:06:37:	move motor	S18.axis2.phaseshifter 1 to -1.040003deg	 DONE
29/09/2025 14:06:39:	10	count	time	40.000000s/cts	O Det=506	H Det=488	Mon Det=91101	Aux Det=4916	O+H=5910	 DONE
29/09/2025 14:07:21:	move motor	S18.axis2.phaseshifter 1 to -0.866670deg	 DONE
29/09/2025 14:07:23:	11	count	time	40.000000s/cts	O Det=846	H Det=775	Mon Det=91479	Aux Det=4326	O+H=5947	 DONE
29/09/2025 14:08:04:	move motor	S18.axis2.phaseshifter 1 to -0.693337deg	 DONE
29/09/2025 14:08:06:	12	count	time	40.000000s/cts	O Det=1360	H Det=1128	Mon Det=91104	Aux Det=3193	O+H=5681	 DONE
29/09/2025 14:08:48:	move motor	S18.axis2.phaseshifter 1 to -0.520004deg	 DONE
29/09/2025 14:08:49:	13	count	time	40.000000s/cts	O Det=1794	H Det=1583	Mon Det=91373	Aux Det=2493	O+H=5870	 DONE
29/09/2025 14:09:31:	move motor	S18.axis2.phaseshifter 1 to -0.346671deg	 DONE
29/09/2025 14:09:33:	14	count	time	40.000000s/cts	O Det=2006	H Det=1713	Mon Det=91299	Aux Det=2124	O+H=5843	 DONE
29/09/2025 14:10:15:	move motor	S18.axis2.phaseshifter 1 to -0.173338deg	 DONE
29/09/2025 14:10:16:	15	count	time	40.000000s/cts	O Det=2000	H Det=1741	Mon Det=91191	Aux Det=2183	O+H=5924	 DONE
29/09/2025 14:10:58:	move motor	S18.axis2.phaseshifter 1 to -0.000005deg	 DONE
29/09/2025 14:11:00:	16	count	time	40.000000s/cts	O Det=1633	H Det=1474	Mon Det=91211	Aux Det=2710	O+H=5817	 DONE
29/09/2025 14:11:42:	move motor	S18.axis2.phaseshifter 1 to 0.173328deg	 DONE
29/09/2025 14:11:43:	17	count	time	40.000000s/cts	O Det=1169	H Det=998	Mon Det=91340	Aux Det=3725	O+H=5892	 DONE
29/09/2025 14:12:25:	move motor	S18.axis2.phaseshifter 1 to 0.346661deg	 DONE
29/09/2025 14:12:27:	18	count	time	40.000000s/cts	O Det=715	H Det=654	Mon Det=91702	Aux Det=4420	O+H=5789	 DONE
29/09/2025 14:13:09:	move motor	S18.axis2.phaseshifter 1 to 0.519994deg	 DONE
29/09/2025 14:13:10:	19	count	time	40.000000s/cts	O Det=385	H Det=408	Mon Det=91085	Aux Det=4969	O+H=5762	 DONE
29/09/2025 14:13:52:	move motor	S18.axis2.phaseshifter 1 to 0.693327deg	 DONE
29/09/2025 14:13:54:	20	count	time	40.000000s/cts	O Det=467	H Det=443	Mon Det=91393	Aux Det=4997	O+H=5907	 DONE
29/09/2025 14:14:35:	move motor	S18.axis2.phaseshifter 1 to 0.866660deg	 DONE
29/09/2025 14:14:37:	21	count	time	40.000000s/cts	O Det=913	H Det=792	Mon Det=91858	Aux Det=4126	O+H=5831	 DONE
29/09/2025 14:15:19:	move motor	S18.axis2.phaseshifter 1 to 1.039993deg	 DONE
29/09/2025 14:15:21:	22	count	time	40.000000s/cts	O Det=1306	H Det=1121	Mon Det=91374	Aux Det=3460	O+H=5887	 DONE
29/09/2025 14:16:02:	move motor	S18.axis2.phaseshifter 1 to 1.213326deg	 DONE
29/09/2025 14:16:04:	23	count	time	40.000000s/cts	O Det=1691	H Det=1483	Mon Det=91239	Aux Det=2648	O+H=5822	 DONE
29/09/2025 14:16:46:	move motor	S18.axis2.phaseshifter 1 to 1.386659deg	 DONE
29/09/2025 14:16:48:	24	count	time	40.000000s/cts	O Det=1972	H Det=1730	Mon Det=91667	Aux Det=2065	O+H=5767	 DONE
29/09/2025 14:17:29:	move motor	S18.axis2.phaseshifter 1 to 1.559992deg	 DONE
29/09/2025 14:17:31:	25	count	time	40.000000s/cts	O Det=2030	H Det=1704	Mon Det=91423	Aux Det=2138	O+H=5872	 DONE
29/09/2025 14:18:13:	move motor	S18.axis2.phaseshifter 1 to 1.733325deg	 DONE
29/09/2025 14:18:14:	26	count	time	40.000000s/cts	O Det=1559	H Det=1377	Mon Det=91176	Aux Det=2896	O+H=5832	 DONE
29/09/2025 14:18:56:	move motor	S18.axis2.phaseshifter 1 to 1.906658deg	 DONE
29/09/2025 14:18:58:	27	count	time	40.000000s/cts	O Det=1181	H Det=1108	Mon Det=91261	Aux Det=3559	O+H=5848	 DONE
29/09/2025 14:19:39:	move motor	S18.axis2.phaseshifter 1 to 2.079991deg	 DONE
29/09/2025 14:19:41:	28	count	time	40.000000s/cts	O Det=728	H Det=643	Mon Det=91121	Aux Det=4622	O+H=5993	 DONE
29/09/2025 14:20:23:	move motor	S18.axis2.phaseshifter 1 to 2.253324deg	 DONE
29/09/2025 14:20:25:	29	count	time	40.000000s/cts	O Det=465	H Det=447	Mon Det=91751	Aux Det=4985	O+H=5897	 DONE
29/09/2025 14:21:06:	move motor	S18.axis2.phaseshifter 1 to 2.426657deg	 DONE
29/09/2025 14:21:08:	30	count	time	40.000000s/cts	O Det=471	H Det=451	Mon Det=91761	Aux Det=5029	O+H=5951	 DONE
29/09/2025 14:21:50:	move motor	S18.axis2.phaseshifter 1 to 2.599990deg	 DONE
29/09/2025 14:21:52:	31	count	time	40.000000s/cts	O Det=761	H Det=673	Mon Det=91360	Aux Det=4472	O+H=5906	 DONE
29/09/2025 14:22:33:	close file and end scan	 DONE
call of ifg1_3p40s_B3_ap.sc DONE
29/09/2025 14:22:35:	move motor	S18.axis2.Aperture Y to 22.00000mm	reached 22.00000  DONE
call of Move_aparture_Y22.sc DONE
29/09/2025 14:22:39:	move motor	S18.axis2.phaseshifter 1 to -2.700000deg	 DONE
29/09/2025 14:22:42:	create file	D:\data\Cycle 198\exp_3-16-19\rawdata\sc\Aperture_scan_ifg1_B3_3p40s_cont_29Sep1422.dat	 DONE
room to enter remarks DONE
29/09/2025 14:22:44:	read encoder	S18.axis2.Aperture Y		22.000000 DONE
29/09/2025 14:22:44:	read encoder	S18.axis2.Aperture Z		13.500000 DONE
29/09/2025 14:22:45:	move motor	S18.axis2.phaseshifter 1 to -2.600000deg	 DONE
29/09/2025 14:22:47:	1	count	time	40.000000s/cts	O Det=869	H Det=820	Mon Det=91499	Aux Det=4259	O+H=5948	 DONE
29/09/2025 14:23:28:	move motor	S18.axis2.phaseshifter 1 to -2.426667deg	 DONE
29/09/2025 14:23:30:	2	count	time	40.000000s/cts	O Det=1340	H Det=1142	Mon Det=91434	Aux Det=3185	O+H=5667	 DONE
29/09/2025 14:24:12:	move motor	S18.axis2.phaseshifter 1 to -2.253334deg	 DONE
29/09/2025 14:24:13:	3	count	time	40.000000s/cts	O Det=1705	H Det=1584	Mon Det=91282	Aux Det=2349	O+H=5638	 DONE
29/09/2025 14:24:55:	move motor	S18.axis2.phaseshifter 1 to -2.080001deg	 DONE
29/09/2025 14:24:57:	4	count	time	40.000000s/cts	O Det=1892	H Det=1702	Mon Det=91257	Aux Det=2075	O+H=5669	 DONE
29/09/2025 14:25:39:	move motor	S18.axis2.phaseshifter 1 to -1.906668deg	 DONE
29/09/2025 14:25:40:	5	count	time	40.000000s/cts	O Det=1823	H Det=1639	Mon Det=91437	Aux Det=2188	O+H=5650	 DONE
29/09/2025 14:26:22:	move motor	S18.axis2.phaseshifter 1 to -1.733335deg	 DONE
29/09/2025 14:26:24:	6	count	time	40.000000s/cts	O Det=1497	H Det=1299	Mon Det=91432	Aux Det=2809	O+H=5605	 DONE
29/09/2025 14:27:06:	move motor	S18.axis2.phaseshifter 1 to -1.560002deg	 DONE
29/09/2025 14:27:07:	7	count	time	40.000000s/cts	O Det=1053	H Det=986	Mon Det=90482	Aux Det=3777	O+H=5816	 DONE
29/09/2025 14:27:49:	move motor	S18.axis2.phaseshifter 1 to -1.386669deg	 DONE
29/09/2025 14:27:51:	8	count	time	40.000000s/cts	O Det=579	H Det=614	Mon Det=91387	Aux Det=4666	O+H=5859	 DONE
29/09/2025 14:28:33:	move motor	S18.axis2.phaseshifter 1 to -1.213336deg	 DONE
29/09/2025 14:28:34:	9	count	time	40.000000s/cts	O Det=391	H Det=379	Mon Det=91185	Aux Det=5010	O+H=5780	 DONE
29/09/2025 14:29:16:	move motor	S18.axis2.phaseshifter 1 to -1.040003deg	 DONE
29/09/2025 14:29:18:	10	count	time	40.000000s/cts	O Det=525	H Det=481	Mon Det=91484	Aux Det=4714	O+H=5720	 DONE
29/09/2025 14:29:59:	move motor	S18.axis2.phaseshifter 1 to -0.866670deg	 DONE
29/09/2025 14:30:01:	11	count	time	40.000000s/cts	O Det=850	H Det=773	Mon Det=90841	Aux Det=4046	O+H=5669	 DONE
29/09/2025 14:30:43:	move motor	S18.axis2.phaseshifter 1 to -0.693337deg	 DONE
29/09/2025 14:30:45:	12	count	time	40.000000s/cts	O Det=1385	H Det=1219	Mon Det=91170	Aux Det=3203	O+H=5807	 DONE
29/09/2025 14:31:26:	move motor	S18.axis2.phaseshifter 1 to -0.520004deg	 DONE
29/09/2025 14:31:28:	13	count	time	40.000000s/cts	O Det=1694	H Det=1588	Mon Det=91120	Aux Det=2358	O+H=5640	 DONE
29/09/2025 14:32:09:	move motor	S18.axis2.phaseshifter 1 to -0.346671deg	 DONE
29/09/2025 14:32:11:	14	count	time	40.000000s/cts	O Det=1971	H Det=1721	Mon Det=91102	Aux Det=2062	O+H=5754	 DONE
29/09/2025 14:32:53:	move motor	S18.axis2.phaseshifter 1 to -0.173338deg	 DONE
29/09/2025 14:32:55:	15	count	time	40.000000s/cts	O Det=1861	H Det=1629	Mon Det=91024	Aux Det=2256	O+H=5746	 DONE
29/09/2025 14:33:36:	move motor	S18.axis2.phaseshifter 1 to -0.000005deg	 DONE
29/09/2025 14:33:38:	16	count	time	40.000000s/cts	O Det=1494	H Det=1362	Mon Det=90845	Aux Det=2827	O+H=5683	 DONE
29/09/2025 14:34:20:	move motor	S18.axis2.phaseshifter 1 to 0.173328deg	 DONE
29/09/2025 14:34:22:	17	count	time	40.000000s/cts	O Det=1031	H Det=974	Mon Det=90963	Aux Det=3757	O+H=5762	 DONE
29/09/2025 14:35:04:	move motor	S18.axis2.phaseshifter 1 to 0.346661deg	 DONE
29/09/2025 14:35:05:	18	count	time	40.000000s/cts	O Det=578	H Det=610	Mon Det=90784	Aux Det=4658	O+H=5846	 DONE
29/09/2025 14:35:47:	move motor	S18.axis2.phaseshifter 1 to 0.519994deg	 DONE
29/09/2025 14:35:49:	19	count	time	40.000000s/cts	O Det=366	H Det=456	Mon Det=91183	Aux Det=4768	O+H=5590	 DONE
29/09/2025 14:36:30:	move motor	S18.axis2.phaseshifter 1 to 0.693327deg	 DONE
29/09/2025 14:36:32:	20	count	time	40.000000s/cts	O Det=501	H Det=455	Mon Det=90934	Aux Det=4635	O+H=5591	 DONE
29/09/2025 14:37:14:	move motor	S18.axis2.phaseshifter 1 to 0.866660deg	 DONE
29/09/2025 14:37:15:	21	count	time	40.000000s/cts	O Det=867	H Det=777	Mon Det=90681	Aux Det=4096	O+H=5740	 DONE
29/09/2025 14:37:57:	move motor	S18.axis2.phaseshifter 1 to 1.039993deg	 DONE
29/09/2025 14:37:59:	22	count	time	40.000000s/cts	O Det=1400	H Det=1297	Mon Det=90946	Aux Det=3153	O+H=5850	 DONE
29/09/2025 14:38:41:	move motor	S18.axis2.phaseshifter 1 to 1.213326deg	 DONE
29/09/2025 14:38:42:	23	count	time	40.000000s/cts	O Det=1755	H Det=1572	Mon Det=90655	Aux Det=2391	O+H=5718	 DONE
29/09/2025 14:39:24:	move motor	S18.axis2.phaseshifter 1 to 1.386659deg	 DONE
29/09/2025 14:39:26:	24	count	time	40.000000s/cts	O Det=1918	H Det=1742	Mon Det=90609	Aux Det=2146	O+H=5806	 DONE
29/09/2025 14:40:08:	move motor	S18.axis2.phaseshifter 1 to 1.559992deg	 DONE
29/09/2025 14:40:09:	25	count	time	40.000000s/cts	O Det=1811	H Det=1634	Mon Det=90992	Aux Det=2142	O+H=5587	 DONE
29/09/2025 14:40:51:	move motor	S18.axis2.phaseshifter 1 to 1.733325deg	 DONE
29/09/2025 14:40:53:	26	count	time	40.000000s/cts	O Det=1541	H Det=1425	Mon Det=90804	Aux Det=2747	O+H=5713	 DONE
29/09/2025 14:41:34:	move motor	S18.axis2.phaseshifter 1 to 1.906658deg	 DONE
29/09/2025 14:41:36:	27	count	time	40.000000s/cts	O Det=1129	H Det=1049	Mon Det=91493	Aux Det=3638	O+H=5816	 DONE
29/09/2025 14:42:18:	move motor	S18.axis2.phaseshifter 1 to 2.079991deg	 DONE
29/09/2025 14:42:20:	28	count	time	40.000000s/cts	O Det=692	H Det=661	Mon Det=91650	Aux Det=4396	O+H=5749	 DONE
29/09/2025 14:43:02:	move motor	S18.axis2.phaseshifter 1 to 2.253324deg	 DONE
29/09/2025 14:43:03:	29	count	time	40.000000s/cts	O Det=455	H Det=508	Mon Det=90480	Aux Det=4894	O+H=5857	 DONE
29/09/2025 14:43:45:	move motor	S18.axis2.phaseshifter 1 to 2.426657deg	 DONE
29/09/2025 14:43:47:	30	count	time	40.000000s/cts	O Det=546	H Det=543	Mon Det=90854	Aux Det=4852	O+H=5941	 DONE
29/09/2025 14:44:28:	move motor	S18.axis2.phaseshifter 1 to 2.599990deg	 DONE
29/09/2025 14:44:30:	31	count	time	40.000000s/cts	O Det=814	H Det=799	Mon Det=91219	Aux Det=4097	O+H=5710	 DONE
29/09/2025 14:45:12:	close file and end scan	 DONE
call of ifg1_3p40s_B3_ap.sc DONE
29/09/2025 14:45:13:	move motor	S18.axis2.Aperture Z to 17.00000mm	reached 17.00000  DONE
call of Move_aparture_Z17.sc DONE
29/09/2025 14:45:17:	move motor	S18.axis2.Aperture Y to 15.00000mm	reached 15.00000  DONE
call of Move_aparture_Y15.sc DONE
29/09/2025 14:45:24:	move motor	S18.axis2.phaseshifter 1 to -2.700000deg	 DONE
29/09/2025 14:45:27:	create file	D:\data\Cycle 198\exp_3-16-19\rawdata\sc\Aperture_scan_ifg1_B3_3p40s_cont_29Sep1445.dat	 DONE
room to enter remarks DONE
29/09/2025 14:45:28:	read encoder	S18.axis2.Aperture Y		15.000000 DONE
29/09/2025 14:45:29:	read encoder	S18.axis2.Aperture Z		17.000000 DONE
29/09/2025 14:45:30:	move motor	S18.axis2.phaseshifter 1 to -2.600000deg	 DONE
29/09/2025 14:45:31:	1	count	time	40.000000s/cts	O Det=1090	H Det=682	Mon Det=91474	Aux Det=2603	O+H=4375	 DONE
29/09/2025 14:46:13:	move motor	S18.axis2.phaseshifter 1 to -2.426667deg	 DONE
29/09/2025 14:46:15:	2	count	time	40.000000s/cts	O Det=1343	H Det=812	Mon Det=91160	Aux Det=2259	O+H=4414	 DONE
29/09/2025 14:46:56:	move motor	S18.axis2.phaseshifter 1 to -2.253334deg	 DONE
29/09/2025 14:46:58:	3	count	time	40.000000s/cts	O Det=1525	H Det=953	Mon Det=91546	Aux Det=1944	O+H=4422	 DONE
29/09/2025 14:47:40:	move motor	S18.axis2.phaseshifter 1 to -2.080001deg	 DONE
29/09/2025 14:47:41:	4	count	time	40.000000s/cts	O Det=1521	H Det=1013	Mon Det=90945	Aux Det=1763	O+H=4297	 DONE
29/09/2025 14:48:23:	move motor	S18.axis2.phaseshifter 1 to -1.906668deg	 DONE
29/09/2025 14:48:25:	5	count	time	40.000000s/cts	O Det=1416	H Det=992	Mon Det=91375	Aux Det=1982	O+H=4390	 DONE
29/09/2025 14:49:07:	move motor	S18.axis2.phaseshifter 1 to -1.733335deg	 DONE
29/09/2025 14:49:09:	6	count	time	40.000000s/cts	O Det=1190	H Det=777	Mon Det=91202	Aux Det=2558	O+H=4525	 DONE
29/09/2025 14:49:50:	move motor	S18.axis2.phaseshifter 1 to -1.560002deg	 DONE
29/09/2025 14:49:52:	7	count	time	40.000000s/cts	O Det=931	H Det=561	Mon Det=91116	Aux Det=2995	O+H=4487	 DONE
29/09/2025 14:50:34:	move motor	S18.axis2.phaseshifter 1 to -1.386669deg	 DONE
29/09/2025 14:50:35:	8	count	time	40.000000s/cts	O Det=779	H Det=453	Mon Det=91074	Aux Det=3397	O+H=4629	 DONE
29/09/2025 14:51:17:	move motor	S18.axis2.phaseshifter 1 to -1.213336deg	 DONE
29/09/2025 14:51:19:	9	count	time	40.000000s/cts	O Det=715	H Det=412	Mon Det=91521	Aux Det=3317	O+H=4444	 DONE
29/09/2025 14:52:01:	move motor	S18.axis2.phaseshifter 1 to -1.040003deg	 DONE
29/09/2025 14:52:03:	10	count	time	40.000000s/cts	O Det=859	H Det=472	Mon Det=91693	Aux Det=3143	O+H=4474	 DONE
29/09/2025 14:52:44:	move motor	S18.axis2.phaseshifter 1 to -0.866670deg	 DONE
29/09/2025 14:52:46:	11	count	time	40.000000s/cts	O Det=1144	H Det=659	Mon Det=90918	Aux Det=2740	O+H=4543	 DONE
29/09/2025 14:53:28:	move motor	S18.axis2.phaseshifter 1 to -0.693337deg	 DONE
29/09/2025 14:53:30:	12	count	time	40.000000s/cts	O Det=1318	H Det=861	Mon Det=91232	Aux Det=2353	O+H=4532	 DONE
29/09/2025 14:54:11:	move motor	S18.axis2.phaseshifter 1 to -0.520004deg	 DONE
29/09/2025 14:54:13:	13	count	time	40.000000s/cts	O Det=1444	H Det=1007	Mon Det=91235	Aux Det=1814	O+H=4265	 DONE
29/09/2025 14:54:55:	move motor	S18.axis2.phaseshifter 1 to -0.346671deg	 DONE
29/09/2025 14:54:56:	14	count	time	40.000000s/cts	O Det=1572	H Det=1054	Mon Det=91013	Aux Det=1846	O+H=4472	 DONE
29/09/2025 14:55:38:	move motor	S18.axis2.phaseshifter 1 to -0.173338deg	 DONE
29/09/2025 14:55:40:	15	count	time	40.000000s/cts	O Det=1407	H Det=916	Mon Det=90891	Aux Det=2031	O+H=4354	 DONE
29/09/2025 14:56:22:	move motor	S18.axis2.phaseshifter 1 to -0.000005deg	 DONE
29/09/2025 14:56:23:	16	count	time	40.000000s/cts	O Det=1177	H Det=746	Mon Det=91555	Aux Det=2545	O+H=4468	 DONE
29/09/2025 14:57:05:	move motor	S18.axis2.phaseshifter 1 to 0.173328deg	 DONE
29/09/2025 14:57:07:	17	count	time	40.000000s/cts	O Det=973	H Det=645	Mon Det=91246	Aux Det=2861	O+H=4479	 DONE
29/09/2025 14:57:49:	move motor	S18.axis2.phaseshifter 1 to 0.346661deg	 DONE
29/09/2025 14:57:50:	18	count	time	40.000000s/cts	O Det=760	H Det=493	Mon Det=90832	Aux Det=3281	O+H=4534	 DONE
29/09/2025 14:58:32:	move motor	S18.axis2.phaseshifter 1 to 0.519994deg	 DONE
29/09/2025 14:58:34:	19	count	time	40.000000s/cts	O Det=720	H Det=376	Mon Det=91315	Aux Det=3468	O+H=4564	 DONE
29/09/2025 14:59:16:	move motor	S18.axis2.phaseshifter 1 to 0.693327deg	 DONE
29/09/2025 14:59:17:	20	count	time	40.000000s/cts	O Det=811	H Det=454	Mon Det=91579	Aux Det=3200	O+H=4465	 DONE
29/09/2025 14:59:59:	move motor	S18.axis2.phaseshifter 1 to 0.866660deg	 DONE
29/09/2025 15:00:01:	21	count	time	40.000000s/cts	O Det=1118	H Det=646	Mon Det=91044	Aux Det=2703	O+H=4467	 DONE
29/09/2025 15:00:42:	move motor	S18.axis2.phaseshifter 1 to 1.039993deg	 DONE
29/09/2025 15:00:44:	22	count	time	40.000000s/cts	O Det=1370	H Det=792	Mon Det=91203	Aux Det=2314	O+H=4476	 DONE
29/09/2025 15:01:26:	move motor	S18.axis2.phaseshifter 1 to 1.213326deg	 DONE
29/09/2025 15:01:27:	23	count	time	40.000000s/cts	O Det=1470	H Det=931	Mon Det=91524	Aux Det=1905	O+H=4306	 DONE
29/09/2025 15:02:09:	move motor	S18.axis2.phaseshifter 1 to 1.386659deg	 DONE
29/09/2025 15:02:11:	24	count	time	40.000000s/cts	O Det=1601	H Det=1040	Mon Det=91238	Aux Det=1821	O+H=4462	 DONE
29/09/2025 15:02:52:	move motor	S18.axis2.phaseshifter 1 to 1.559992deg	 DONE
29/09/2025 15:02:54:	25	count	time	40.000000s/cts	O Det=1393	H Det=1020	Mon Det=91088	Aux Det=2039	O+H=4452	 DONE
29/09/2025 15:03:36:	move motor	S18.axis2.phaseshifter 1 to 1.733325deg	 DONE
29/09/2025 15:03:38:	26	count	time	40.000000s/cts	O Det=1148	H Det=785	Mon Det=91114	Aux Det=2483	O+H=4416	 DONE
29/09/2025 15:04:19:	move motor	S18.axis2.phaseshifter 1 to 1.906658deg	 DONE
29/09/2025 15:04:21:	27	count	time	40.000000s/cts	O Det=947	H Det=711	Mon Det=91331	Aux Det=2924	O+H=4582	 DONE
29/09/2025 15:05:03:	move motor	S18.axis2.phaseshifter 1 to 2.079991deg	 DONE
29/09/2025 15:05:04:	28	count	time	40.000000s/cts	O Det=790	H Det=523	Mon Det=91221	Aux Det=3278	O+H=4591	 DONE
29/09/2025 15:05:46:	move motor	S18.axis2.phaseshifter 1 to 2.253324deg	 DONE
29/09/2025 15:05:48:	29	count	time	40.000000s/cts	O Det=761	H Det=429	Mon Det=91196	Aux Det=3465	O+H=4655	 DONE
29/09/2025 15:06:29:	move motor	S18.axis2.phaseshifter 1 to 2.426657deg	 DONE
29/09/2025 15:06:31:	30	count	time	40.000000s/cts	O Det=816	H Det=463	Mon Det=91272	Aux Det=3293	O+H=4572	 DONE
29/09/2025 15:07:13:	move motor	S18.axis2.phaseshifter 1 to 2.599990deg	 DONE
29/09/2025 15:07:15:	31	count	time	40.000000s/cts	O Det=983	H Det=554	Mon Det=91100	Aux Det=3004	O+H=4541	 DONE
29/09/2025 15:07:57:	close file and end scan	 DONE
call of ifg1_3p40s_B3_ap.sc DONE
29/09/2025 15:07:58:	move motor	S18.axis2.Aperture Y to 18.00000mm	reached 18.00000  DONE
call of Move_aparture_Y18.sc DONE
29/09/2025 15:08:02:	move motor	S18.axis2.phaseshifter 1 to -2.700000deg	 DONE
29/09/2025 15:08:06:	create file	D:\data\Cycle 198\exp_3-16-19\rawdata\sc\Aperture_scan_ifg1_B3_3p40s_cont_29Sep1508.dat	 DONE
room to enter remarks DONE
29/09/2025 15:08:07:	read encoder	S18.axis2.Aperture Y		18.000000 DONE
29/09/2025 15:08:08:	read encoder	S18.axis2.Aperture Z		17.000000 DONE
29/09/2025 15:08:08:	move motor	S18.axis2.phaseshifter 1 to -2.600000deg	 DONE
29/09/2025 15:08:10:	1	count	time	40.000000s/cts	O Det=786	H Det=562	Mon Det=91404	Aux Det=4195	O+H=5543	 DONE
29/09/2025 15:08:52:	move motor	S18.axis2.phaseshifter 1 to -2.426667deg	 DONE
29/09/2025 15:08:53:	2	count	time	40.000000s/cts	O Det=1186	H Det=962	Mon Det=90886	Aux Det=3313	O+H=5461	 DONE
29/09/2025 15:09:35:	move motor	S18.axis2.phaseshifter 1 to -2.253334deg	 DONE
29/09/2025 15:09:37:	3	count	time	40.000000s/cts	O Det=1618	H Det=1360	Mon Det=91385	Aux Det=2488	O+H=5466	 DONE
29/09/2025 15:10:18:	move motor	S18.axis2.phaseshifter 1 to -2.080001deg	 DONE
29/09/2025 15:10:20:	4	count	time	40.000000s/cts	O Det=1946	H Det=1532	Mon Det=91663	Aux Det=2071	O+H=5549	 DONE
29/09/2025 15:11:02:	move motor	S18.axis2.phaseshifter 1 to -1.906668deg	 DONE
29/09/2025 15:11:04:	5	count	time	40.000000s/cts	O Det=1859	H Det=1466	Mon Det=91374	Aux Det=1973	O+H=5298	 DONE
29/09/2025 15:11:46:	move motor	S18.axis2.phaseshifter 1 to -1.733335deg	 DONE
29/09/2025 15:11:47:	6	count	time	40.000000s/cts	O Det=1610	H Det=1194	Mon Det=91516	Aux Det=2664	O+H=5468	 DONE
29/09/2025 15:12:29:	move motor	S18.axis2.phaseshifter 1 to -1.560002deg	 DONE
29/09/2025 15:12:31:	7	count	time	40.000000s/cts	O Det=1115	H Det=860	Mon Det=91240	Aux Det=3529	O+H=5504	 DONE
29/09/2025 15:13:12:	move motor	S18.axis2.phaseshifter 1 to -1.386669deg	 DONE
29/09/2025 15:13:14:	8	count	time	40.000000s/cts	O Det=677	H Det=528	Mon Det=91208	Aux Det=4318	O+H=5523	 DONE
29/09/2025 15:13:56:	move motor	S18.axis2.phaseshifter 1 to -1.213336deg	 DONE
29/09/2025 15:13:58:	9	count	time	40.000000s/cts	O Det=474	H Det=368	Mon Det=91336	Aux Det=4736	O+H=5578	 DONE
29/09/2025 15:14:39:	move motor	S18.axis2.phaseshifter 1 to -1.040003deg	 DONE
29/09/2025 15:14:41:	10	count	time	40.000000s/cts	O Det=463	H Det=323	Mon Det=90927	Aux Det=4742	O+H=5528	 DONE
29/09/2025 15:15:23:	move motor	S18.axis2.phaseshifter 1 to -0.866670deg	 DONE
29/09/2025 15:15:25:	11	count	time	40.000000s/cts	O Det=726	H Det=570	Mon Det=90808	Aux Det=4395	O+H=5691	 DONE
29/09/2025 15:16:07:	move motor	S18.axis2.phaseshifter 1 to -0.693337deg	 DONE
29/09/2025 15:16:08:	12	count	time	40.000000s/cts	O Det=1140	H Det=960	Mon Det=90861	Aux Det=3386	O+H=5486	 DONE
29/09/2025 15:16:50:	move motor	S18.axis2.phaseshifter 1 to -0.520004deg	 DONE
29/09/2025 15:16:52:	13	count	time	40.000000s/cts	O Det=1570	H Det=1214	Mon Det=91099	Aux Det=2730	O+H=5514	 DONE
29/09/2025 15:17:33:	move motor	S18.axis2.phaseshifter 1 to -0.346671deg	 DONE
29/09/2025 15:17:35:	14	count	time	40.000000s/cts	O Det=1938	H Det=1453	Mon Det=91229	Aux Det=1992	O+H=5383	 DONE
29/09/2025 15:18:17:	move motor	S18.axis2.phaseshifter 1 to -0.173338deg	 DONE
29/09/2025 15:18:18:	15	count	time	40.000000s/cts	O Det=1911	H Det=1438	Mon Det=91173	Aux Det=2037	O+H=5386	 DONE
29/09/2025 15:19:00:	move motor	S18.axis2.phaseshifter 1 to -0.000005deg	 DONE
29/09/2025 15:19:02:	16	count	time	40.000000s/cts	O Det=1544	H Det=1264	Mon Det=90602	Aux Det=2543	O+H=5351	 DONE
29/09/2025 15:19:43:	move motor	S18.axis2.phaseshifter 1 to 0.173328deg	 DONE
29/09/2025 15:19:45:	17	count	time	40.000000s/cts	O Det=1296	H Det=969	Mon Det=90900	Aux Det=3128	O+H=5393	 DONE
29/09/2025 15:20:27:	move motor	S18.axis2.phaseshifter 1 to 0.346661deg	 DONE
29/09/2025 15:20:29:	18	count	time	40.000000s/cts	O Det=707	H Det=561	Mon Det=91355	Aux Det=4178	O+H=5446	 DONE
29/09/2025 15:21:10:	move motor	S18.axis2.phaseshifter 1 to 0.519994deg	 DONE
29/09/2025 15:21:12:	19	count	time	40.000000s/cts	O Det=474	H Det=361	Mon Det=91155	Aux Det=4630	O+H=5465	 DONE
29/09/2025 15:21:54:	move motor	S18.axis2.phaseshifter 1 to 0.693327deg	 DONE
29/09/2025 15:21:55:	20	count	time	40.000000s/cts	O Det=477	H Det=312	Mon Det=90672	Aux Det=4783	O+H=5572	 DONE
29/09/2025 15:22:37:	move motor	S18.axis2.phaseshifter 1 to 0.866660deg	 DONE
29/09/2025 15:22:39:	21	count	time	40.000000s/cts	O Det=717	H Det=522	Mon Det=91220	Aux Det=4337	O+H=5576	 DONE
29/09/2025 15:23:20:	move motor	S18.axis2.phaseshifter 1 to 1.039993deg	 DONE
29/09/2025 15:23:22:	22	count	time	40.000000s/cts	O Det=1094	H Det=949	Mon Det=90887	Aux Det=3490	O+H=5533	 DONE
29/09/2025 15:24:04:	move motor	S18.axis2.phaseshifter 1 to 1.213326deg	 DONE
29/09/2025 15:24:05:	23	count	time	40.000000s/cts	O Det=1518	H Det=1203	Mon Det=91022	Aux Det=2845	O+H=5566	 DONE
29/09/2025 15:24:47:	move motor	S18.axis2.phaseshifter 1 to 1.386659deg	 DONE
29/09/2025 15:24:49:	24	count	time	40.000000s/cts	O Det=1864	H Det=1408	Mon Det=91135	Aux Det=2122	O+H=5394	 DONE
29/09/2025 15:25:31:	move motor	S18.axis2.phaseshifter 1 to 1.559992deg	 DONE
29/09/2025 15:25:32:	25	count	time	40.000000s/cts	O Det=2006	H Det=1508	Mon Det=90839	Aux Det=1996	O+H=5510	 DONE
29/09/2025 15:26:14:	move motor	S18.axis2.phaseshifter 1 to 1.733325deg	 DONE
29/09/2025 15:26:16:	26	count	time	40.000000s/cts	O Det=1683	H Det=1191	Mon Det=90895	Aux Det=2596	O+H=5470	 DONE
29/09/2025 15:26:57:	move motor	S18.axis2.phaseshifter 1 to 1.906658deg	 DONE
29/09/2025 15:26:59:	27	count	time	40.000000s/cts	O Det=1260	H Det=992	Mon Det=90841	Aux Det=3197	O+H=5449	 DONE
29/09/2025 15:27:41:	move motor	S18.axis2.phaseshifter 1 to 2.079991deg	 DONE
29/09/2025 15:27:42:	28	count	time	40.000000s/cts	O Det=946	H Det=669	Mon Det=91163	Aux Det=3905	O+H=5520	 DONE
29/09/2025 15:28:24:	move motor	S18.axis2.phaseshifter 1 to 2.253324deg	 DONE
29/09/2025 15:28:26:	29	count	time	40.000000s/cts	O Det=488	H Det=400	Mon Det=91294	Aux Det=4691	O+H=5579	 DONE
29/09/2025 15:29:08:	move motor	S18.axis2.phaseshifter 1 to 2.426657deg	 DONE
29/09/2025 15:29:09:	30	count	time	40.000000s/cts	O Det=423	H Det=313	Mon Det=90904	Aux Det=4791	O+H=5527	 DONE
29/09/2025 15:29:51:	move motor	S18.axis2.phaseshifter 1 to 2.599990deg	 DONE
29/09/2025 15:29:53:	31	count	time	40.000000s/cts	O Det=627	H Det=490	Mon Det=90840	Aux Det=4370	O+H=5487	 DONE
29/09/2025 15:30:34:	close file and end scan	 DONE
call of ifg1_3p40s_B3_ap.sc DONE
29/09/2025 15:30:36:	move motor	S18.axis2.Aperture Y to 20.00000mm	reached 20.00000  DONE
call of Move_aparture_Y20.sc DONE
29/09/2025 15:30:40:	move motor	S18.axis2.phaseshifter 1 to -2.700000deg	 DONE
29/09/2025 15:30:44:	create file	D:\data\Cycle 198\exp_3-16-19\rawdata\sc\Aperture_scan_ifg1_B3_3p40s_cont_29Sep1530.dat	 DONE
room to enter remarks DONE
29/09/2025 15:30:45:	read encoder	S18.axis2.Aperture Y		20.000000 DONE
29/09/2025 15:30:45:	read encoder	S18.axis2.Aperture Z		17.000000 DONE
29/09/2025 15:30:46:	move motor	S18.axis2.phaseshifter 1 to -2.600000deg	 DONE
29/09/2025 15:30:48:	1	count	time	40.000000s/cts	O Det=866	H Det=735	Mon Det=91179	Aux Det=4269	O+H=5870	 DONE
29/09/2025 15:31:29:	move motor	S18.axis2.phaseshifter 1 to -2.426667deg	 DONE
29/09/2025 15:31:31:	2	count	time	40.000000s/cts	O Det=1214	H Det=1087	Mon Det=90305	Aux Det=3565	O+H=5866	 DONE
29/09/2025 15:32:13:	move motor	S18.axis2.phaseshifter 1 to -2.253334deg	 DONE
29/09/2025 15:32:15:	3	count	time	40.000000s/cts	O Det=1790	H Det=1475	Mon Det=90250	Aux Det=2553	O+H=5818	 DONE
29/09/2025 15:32:56:	move motor	S18.axis2.phaseshifter 1 to -2.080001deg	 DONE
29/09/2025 15:32:58:	4	count	time	40.000000s/cts	O Det=2004	H Det=1537	Mon Det=90496	Aux Det=2080	O+H=5621	 DONE
29/09/2025 15:33:40:	move motor	S18.axis2.phaseshifter 1 to -1.906668deg	 DONE
29/09/2025 15:33:42:	5	count	time	40.000000s/cts	O Det=1957	H Det=1518	Mon Det=90604	Aux Det=2258	O+H=5733	 DONE
29/09/2025 15:34:23:	move motor	S18.axis2.phaseshifter 1 to -1.733335deg	 DONE
29/09/2025 15:34:25:	6	count	time	40.000000s/cts	O Det=1612	H Det=1290	Mon Det=91521	Aux Det=2855	O+H=5757	 DONE
29/09/2025 15:35:07:	move motor	S18.axis2.phaseshifter 1 to -1.560002deg	 DONE
29/09/2025 15:35:09:	7	count	time	40.000000s/cts	O Det=1156	H Det=976	Mon Det=91086	Aux Det=3633	O+H=5765	 DONE
29/09/2025 15:35:50:	move motor	S18.axis2.phaseshifter 1 to -1.386669deg	 DONE
29/09/2025 15:35:52:	8	count	time	40.000000s/cts	O Det=725	H Det=625	Mon Det=91246	Aux Det=4618	O+H=5968	 DONE
29/09/2025 15:36:34:	move motor	S18.axis2.phaseshifter 1 to -1.213336deg	 DONE
29/09/2025 15:36:36:	9	count	time	40.000000s/cts	O Det=438	H Det=353	Mon Det=91064	Aux Det=5066	O+H=5857	 DONE
29/09/2025 15:37:17:	move motor	S18.axis2.phaseshifter 1 to -1.040003deg	 DONE
29/09/2025 15:37:19:	10	count	time	40.000000s/cts	O Det=486	H Det=372	Mon Det=91124	Aux Det=4949	O+H=5807	 DONE
29/09/2025 15:38:01:	move motor	S18.axis2.phaseshifter 1 to -0.866670deg	 DONE
29/09/2025 15:38:02:	11	count	time	40.000000s/cts	O Det=808	H Det=671	Mon Det=91066	Aux Det=4318	O+H=5797	 DONE
29/09/2025 15:38:44:	move motor	S18.axis2.phaseshifter 1 to -0.693337deg	 DONE
29/09/2025 15:38:46:	12	count	time	40.000000s/cts	O Det=1238	H Det=1030	Mon Det=90940	Aux Det=3496	O+H=5764	 DONE
29/09/2025 15:39:28:	move motor	S18.axis2.phaseshifter 1 to -0.520004deg	 DONE
29/09/2025 15:39:29:	13	count	time	40.000000s/cts	O Det=1792	H Det=1349	Mon Det=90412	Aux Det=2554	O+H=5695	 DONE
29/09/2025 15:40:11:	move motor	S18.axis2.phaseshifter 1 to -0.346671deg	 DONE
29/09/2025 15:40:13:	14	count	time	40.000000s/cts	O Det=2036	H Det=1650	Mon Det=91451	Aux Det=1938	O+H=5624	 DONE
29/09/2025 15:40:55:	move motor	S18.axis2.phaseshifter 1 to -0.173338deg	 DONE
29/09/2025 15:40:57:	15	count	time	40.000000s/cts	O Det=1972	H Det=1569	Mon Det=90726	Aux Det=2258	O+H=5799	 DONE
29/09/2025 15:41:39:	move motor	S18.axis2.phaseshifter 1 to -0.000005deg	 DONE
29/09/2025 15:41:40:	16	count	time	40.000000s/cts	O Det=1617	H Det=1368	Mon Det=91440	Aux Det=2884	O+H=5869	 DONE
29/09/2025 15:42:22:	move motor	S18.axis2.phaseshifter 1 to 0.173328deg	 DONE
29/09/2025 15:42:24:	17	count	time	40.000000s/cts	O Det=1163	H Det=1012	Mon Det=90921	Aux Det=3565	O+H=5740	 DONE
29/09/2025 15:43:05:	move motor	S18.axis2.phaseshifter 1 to 0.346661deg	 DONE
29/09/2025 15:43:07:	18	count	time	40.000000s/cts	O Det=695	H Det=595	Mon Det=90775	Aux Det=4489	O+H=5779	 DONE
29/09/2025 15:43:49:	move motor	S18.axis2.phaseshifter 1 to 0.519994deg	 DONE
29/09/2025 15:43:51:	19	count	time	40.000000s/cts	O Det=414	H Det=347	Mon Det=90977	Aux Det=5057	O+H=5818	 DONE
29/09/2025 15:44:33:	move motor	S18.axis2.phaseshifter 1 to 0.693327deg	 DONE
29/09/2025 15:44:34:	20	count	time	40.000000s/cts	O Det=432	H Det=380	Mon Det=91146	Aux Det=5080	O+H=5892	 DONE
29/09/2025 15:45:16:	move motor	S18.axis2.phaseshifter 1 to 0.866660deg	 DONE
29/09/2025 15:45:18:	21	count	time	40.000000s/cts	O Det=791	H Det=657	Mon Det=91007	Aux Det=4437	O+H=5885	 DONE
29/09/2025 15:46:00:	move motor	S18.axis2.phaseshifter 1 to 1.039993deg	 DONE
29/09/2025 15:46:01:	22	count	time	40.000000s/cts	O Det=1288	H Det=1043	Mon Det=90272	Aux Det=3541	O+H=5872	 DONE
29/09/2025 15:46:43:	move motor	S18.axis2.phaseshifter 1 to 1.213326deg	 DONE
29/09/2025 15:46:45:	23	count	time	40.000000s/cts	O Det=1642	H Det=1338	Mon Det=90709	Aux Det=2663	O+H=5643	 DONE
29/09/2025 15:47:26:	move motor	S18.axis2.phaseshifter 1 to 1.386659deg	 DONE
29/09/2025 15:47:28:	24	count	time	40.000000s/cts	O Det=2049	H Det=1650	Mon Det=91214	Aux Det=2046	O+H=5745	 DONE
29/09/2025 15:48:10:	move motor	S18.axis2.phaseshifter 1 to 1.559992deg	 DONE
29/09/2025 15:48:12:	25	count	time	40.000000s/cts	O Det=2025	H Det=1677	Mon Det=91238	Aux Det=2035	O+H=5737	 DONE
29/09/2025 15:48:53:	move motor	S18.axis2.phaseshifter 1 to 1.733325deg	 DONE
29/09/2025 15:48:55:	26	count	time	40.000000s/cts	O Det=1762	H Det=1454	Mon Det=90986	Aux Det=2439	O+H=5655	 DONE
29/09/2025 15:49:37:	move motor	S18.axis2.phaseshifter 1 to 1.906658deg	 DONE
29/09/2025 15:49:38:	27	count	time	40.000000s/cts	O Det=1272	H Det=1029	Mon Det=90707	Aux Det=3345	O+H=5646	 DONE
29/09/2025 15:50:20:	move motor	S18.axis2.phaseshifter 1 to 2.079991deg	 DONE
29/09/2025 15:50:22:	28	count	time	40.000000s/cts	O Det=785	H Det=688	Mon Det=90779	Aux Det=4337	O+H=5810	 DONE
29/09/2025 15:51:04:	move motor	S18.axis2.phaseshifter 1 to 2.253324deg	 DONE
29/09/2025 15:51:05:	29	count	time	40.000000s/cts	O Det=357	H Det=372	Mon Det=91002	Aux Det=5018	O+H=5747	 DONE
29/09/2025 15:51:47:	paused
