03/10/2025 20:28:40:	start execution of script D:\data\Cycle 198\exp_3-16-19\rawdata\sc\Aperture_scan_ifg1_newPS_B2_2p30s.sc	 DONE
03/10/2025 20:28:40:	move motor	S18.axis2.Aperture Z to 8.50000mm	reached 8.50000  DONE
03/10/2025 20:28:44:	move motor	S18.axis2.Aperture Y to 16.50000mm	reached 16.50000  DONE
03/10/2025 20:28:48:	move motor	S18.axis2.phaseshifter 1 to -1.100000deg	 DONE
03/10/2025 20:28:50:	create file	D:\data\Cycle 198\exp_3-16-19\rawdata\sc\Aperture_scan_ifg1_newPS_B2_2p30s_03Oct2028.dat	 DONE
room to enter remarks DONE
03/10/2025 20:28:51:	move motor	S18.axis2.phaseshifter 1 to -1.000000deg	 DONE
03/10/2025 20:28:52:	1	count	time	30.000000s/cts	O Det=1451	H Det=2604	Mon Det=69077	Aux Det=3524	O+H=7579	 DONE
03/10/2025 20:29:24:	move motor	S18.axis2.phaseshifter 1 to -0.931034deg	 DONE
03/10/2025 20:29:25:	2	count	time	30.000000s/cts	O Det=1024	H Det=3015	Mon Det=69359	Aux Det=3542	O+H=7581	 DONE
03/10/2025 20:29:57:	move motor	S18.axis2.phaseshifter 1 to -0.862068deg	 DONE
03/10/2025 20:29:59:	3	count	time	30.000000s/cts	O Det=604	H Det=3429	Mon Det=69358	Aux Det=3428	O+H=7461	 DONE
03/10/2025 20:30:30:	move motor	S18.axis2.phaseshifter 1 to -0.793102deg	 DONE
03/10/2025 20:30:32:	4	count	time	30.000000s/cts	O Det=377	H Det=3540	Mon Det=69659	Aux Det=3341	O+H=7258	 DONE
03/10/2025 20:31:04:	move motor	S18.axis2.phaseshifter 1 to -0.724136deg	 DONE
03/10/2025 20:31:05:	5	count	time	30.000000s/cts	O Det=412	H Det=3486	Mon Det=69228	Aux Det=3489	O+H=7387	 DONE
03/10/2025 20:31:37:	move motor	S18.axis2.phaseshifter 1 to -0.655170deg	 DONE
03/10/2025 20:31:38:	6	count	time	30.000000s/cts	O Det=626	H Det=3233	Mon Det=69236	Aux Det=3314	O+H=7173	 DONE
03/10/2025 20:32:10:	move motor	S18.axis2.phaseshifter 1 to -0.586204deg	 DONE
03/10/2025 20:32:11:	7	count	time	30.000000s/cts	O Det=1044	H Det=2990	Mon Det=69708	Aux Det=3404	O+H=7438	 DONE
03/10/2025 20:32:43:	move motor	S18.axis2.phaseshifter 1 to -0.517238deg	 DONE
03/10/2025 20:32:45:	8	count	time	30.000000s/cts	O Det=1578	H Det=2487	Mon Det=69202	Aux Det=3450	O+H=7515	 DONE
03/10/2025 20:33:16:	move motor	S18.axis2.phaseshifter 1 to -0.448272deg	 DONE
03/10/2025 20:33:18:	9	count	time	30.000000s/cts	O Det=1891	H Det=2189	Mon Det=69365	Aux Det=3407	O+H=7487	 DONE
03/10/2025 20:33:50:	move motor	S18.axis2.phaseshifter 1 to -0.379306deg	 DONE
03/10/2025 20:33:51:	10	count	time	30.000000s/cts	O Det=2345	H Det=1769	Mon Det=69422	Aux Det=3364	O+H=7478	 DONE
03/10/2025 20:34:23:	move motor	S18.axis2.phaseshifter 1 to -0.310340deg	 DONE
03/10/2025 20:34:24:	11	count	time	30.000000s/cts	O Det=2748	H Det=1460	Mon Det=69276	Aux Det=3513	O+H=7721	 DONE
03/10/2025 20:34:56:	move motor	S18.axis2.phaseshifter 1 to -0.241374deg	 DONE
03/10/2025 20:34:57:	12	count	time	30.000000s/cts	O Det=2773	H Det=1404	Mon Det=69441	Aux Det=3393	O+H=7570	 DONE
03/10/2025 20:35:29:	move motor	S18.axis2.phaseshifter 1 to -0.172408deg	 DONE
03/10/2025 20:35:31:	13	count	time	30.000000s/cts	O Det=2634	H Det=1535	Mon Det=69537	Aux Det=3524	O+H=7693	 DONE
03/10/2025 20:36:02:	move motor	S18.axis2.phaseshifter 1 to -0.103442deg	 DONE
03/10/2025 20:36:04:	14	count	time	30.000000s/cts	O Det=2374	H Det=1850	Mon Det=69433	Aux Det=3422	O+H=7646	 DONE
03/10/2025 20:36:36:	move motor	S18.axis2.phaseshifter 1 to -0.034476deg	 DONE
03/10/2025 20:36:37:	15	count	time	30.000000s/cts	O Det=1923	H Det=2040	Mon Det=69541	Aux Det=3389	O+H=7352	 DONE
03/10/2025 20:37:09:	move motor	S18.axis2.phaseshifter 1 to 0.034490deg	 DONE
03/10/2025 20:37:10:	16	count	time	30.000000s/cts	O Det=1530	H Det=2570	Mon Det=69083	Aux Det=3371	O+H=7471	 DONE
03/10/2025 20:37:42:	move motor	S18.axis2.phaseshifter 1 to 0.103456deg	 DONE
03/10/2025 20:37:43:	17	count	time	30.000000s/cts	O Det=947	H Det=3025	Mon Det=69090	Aux Det=3393	O+H=7365	 DONE
03/10/2025 20:38:15:	move motor	S18.axis2.phaseshifter 1 to 0.172422deg	 DONE
03/10/2025 20:38:17:	18	count	time	30.000000s/cts	O Det=592	H Det=3416	Mon Det=69134	Aux Det=3441	O+H=7449	 DONE
03/10/2025 20:38:48:	move motor	S18.axis2.phaseshifter 1 to 0.241388deg	 DONE
03/10/2025 20:38:50:	19	count	time	30.000000s/cts	O Det=424	H Det=3625	Mon Det=69913	Aux Det=3466	O+H=7515	 DONE
03/10/2025 20:39:22:	move motor	S18.axis2.phaseshifter 1 to 0.310354deg	 DONE
03/10/2025 20:39:23:	20	count	time	30.000000s/cts	O Det=454	H Det=3560	Mon Det=69442	Aux Det=3315	O+H=7329	 DONE
03/10/2025 20:39:55:	move motor	S18.axis2.phaseshifter 1 to 0.379320deg	 DONE
03/10/2025 20:39:56:	21	count	time	30.000000s/cts	O Det=680	H Det=3224	Mon Det=69628	Aux Det=3482	O+H=7386	 DONE
03/10/2025 20:40:28:	move motor	S18.axis2.phaseshifter 1 to 0.448286deg	 DONE
03/10/2025 20:40:29:	22	count	time	30.000000s/cts	O Det=933	H Det=3003	Mon Det=69529	Aux Det=3433	O+H=7369	 DONE
03/10/2025 20:41:01:	move motor	S18.axis2.phaseshifter 1 to 0.517252deg	 DONE
03/10/2025 20:41:03:	23	count	time	30.000000s/cts	O Det=1501	H Det=2625	Mon Det=69728	Aux Det=3534	O+H=7660	 DONE
03/10/2025 20:41:34:	move motor	S18.axis2.phaseshifter 1 to 0.586218deg	 DONE
03/10/2025 20:41:36:	24	count	time	30.000000s/cts	O Det=2050	H Det=2080	Mon Det=69480	Aux Det=3455	O+H=7585	 DONE
03/10/2025 20:42:07:	move motor	S18.axis2.phaseshifter 1 to 0.655184deg	 DONE
03/10/2025 20:42:09:	25	count	time	30.000000s/cts	O Det=2277	H Det=1833	Mon Det=70026	Aux Det=3314	O+H=7424	 DONE
03/10/2025 20:42:41:	move motor	S18.axis2.phaseshifter 1 to 0.724150deg	 DONE
03/10/2025 20:42:42:	26	count	time	30.000000s/cts	O Det=2662	H Det=1536	Mon Det=69799	Aux Det=3420	O+H=7618	 DONE
03/10/2025 20:43:14:	move motor	S18.axis2.phaseshifter 1 to 0.793116deg	 DONE
03/10/2025 20:43:15:	27	count	time	30.000000s/cts	O Det=2699	H Det=1504	Mon Det=69540	Aux Det=3392	O+H=7595	 DONE
03/10/2025 20:43:47:	move motor	S18.axis2.phaseshifter 1 to 0.862082deg	 DONE
03/10/2025 20:43:49:	28	count	time	30.000000s/cts	O Det=2581	H Det=1482	Mon Det=69657	Aux Det=3267	O+H=7330	 DONE
03/10/2025 20:44:20:	move motor	S18.axis2.phaseshifter 1 to 0.931048deg	 DONE
03/10/2025 20:44:22:	29	count	time	30.000000s/cts	O Det=2345	H Det=1752	Mon Det=69844	Aux Det=3440	O+H=7537	 DONE
03/10/2025 20:44:53:	move motor	S18.axis2.phaseshifter 1 to 1.000014deg	 DONE
03/10/2025 20:44:55:	30	count	time	30.000000s/cts	O Det=1837	H Det=2226	Mon Det=69819	Aux Det=3493	O+H=7556	 DONE
03/10/2025 20:45:27:	close file and end scan	 DONE
call of ifg1_newPS_2p30s_B2.sc DONE
03/10/2025 20:45:28:	move motor	S18.axis2.Aperture Y to 19.00000mm	reached 19.00000  DONE
03/10/2025 20:45:32:	move motor	S18.axis2.phaseshifter 1 to -1.100000deg	 DONE
03/10/2025 20:45:34:	create file	D:\data\Cycle 198\exp_3-16-19\rawdata\sc\Aperture_scan_ifg1_newPS_B2_2p30s_03Oct2045.dat	 DONE
room to enter remarks DONE
03/10/2025 20:45:35:	move motor	S18.axis2.phaseshifter 1 to -1.000000deg	 DONE
03/10/2025 20:45:36:	1	count	time	30.000000s/cts	O Det=1955	H Det=2680	Mon Det=70086	Aux Det=3008	O+H=7643	 DONE
03/10/2025 20:46:08:	move motor	S18.axis2.phaseshifter 1 to -0.931034deg	 DONE
03/10/2025 20:46:10:	2	count	time	30.000000s/cts	O Det=1388	H Det=3156	Mon Det=69377	Aux Det=2974	O+H=7518	 DONE
03/10/2025 20:46:41:	move motor	S18.axis2.phaseshifter 1 to -0.862068deg	 DONE
03/10/2025 20:46:43:	3	count	time	30.000000s/cts	O Det=906	H Det=3584	Mon Det=69504	Aux Det=3069	O+H=7559	 DONE
03/10/2025 20:47:15:	move motor	S18.axis2.phaseshifter 1 to -0.793102deg	 DONE
03/10/2025 20:47:16:	4	count	time	30.000000s/cts	O Det=679	H Det=3850	Mon Det=69802	Aux Det=3026	O+H=7555	 DONE
03/10/2025 20:47:48:	move motor	S18.axis2.phaseshifter 1 to -0.724136deg	 DONE
03/10/2025 20:47:49:	5	count	time	30.000000s/cts	O Det=465	H Det=3995	Mon Det=69663	Aux Det=3062	O+H=7522	 DONE
03/10/2025 20:48:21:	move motor	S18.axis2.phaseshifter 1 to -0.655170deg	 DONE
03/10/2025 20:48:22:	6	count	time	30.000000s/cts	O Det=500	H Det=4057	Mon Det=69165	Aux Det=3045	O+H=7602	 DONE
03/10/2025 20:48:54:	move motor	S18.axis2.phaseshifter 1 to -0.586204deg	 DONE
03/10/2025 20:48:56:	7	count	time	30.000000s/cts	O Det=715	H Det=3647	Mon Det=68977	Aux Det=2914	O+H=7276	 DONE
03/10/2025 20:49:27:	move motor	S18.axis2.phaseshifter 1 to -0.517238deg	 DONE
03/10/2025 20:49:29:	8	count	time	30.000000s/cts	O Det=1067	H Det=3427	Mon Det=69487	Aux Det=3072	O+H=7566	 DONE
03/10/2025 20:50:00:	move motor	S18.axis2.phaseshifter 1 to -0.448272deg	 DONE
03/10/2025 20:50:02:	9	count	time	30.000000s/cts	O Det=1570	H Det=2963	Mon Det=69678	Aux Det=2987	O+H=7520	 DONE
03/10/2025 20:50:34:	move motor	S18.axis2.phaseshifter 1 to -0.379306deg	 DONE
03/10/2025 20:50:35:	10	count	time	30.000000s/cts	O Det=2050	H Det=2694	Mon Det=69351	Aux Det=2937	O+H=7681	 DONE
03/10/2025 20:51:07:	move motor	S18.axis2.phaseshifter 1 to -0.310340deg	 DONE
03/10/2025 20:51:08:	11	count	time	30.000000s/cts	O Det=2494	H Det=2176	Mon Det=69686	Aux Det=3005	O+H=7675	 DONE
03/10/2025 20:51:40:	move motor	S18.axis2.phaseshifter 1 to -0.241374deg	 DONE
03/10/2025 20:51:42:	12	count	time	30.000000s/cts	O Det=2739	H Det=1881	Mon Det=69331	Aux Det=2969	O+H=7589	 DONE
03/10/2025 20:52:13:	move motor	S18.axis2.phaseshifter 1 to -0.172408deg	 DONE
03/10/2025 20:52:15:	13	count	time	30.000000s/cts	O Det=2821	H Det=1924	Mon Det=69264	Aux Det=2991	O+H=7736	 DONE
03/10/2025 20:52:46:	move motor	S18.axis2.phaseshifter 1 to -0.103442deg	 DONE
03/10/2025 20:52:48:	14	count	time	30.000000s/cts	O Det=2674	H Det=2166	Mon Det=69643	Aux Det=3047	O+H=7887	 DONE
03/10/2025 20:53:20:	move motor	S18.axis2.phaseshifter 1 to -0.034476deg	 DONE
03/10/2025 20:53:21:	15	count	time	30.000000s/cts	O Det=2402	H Det=2387	Mon Det=69231	Aux Det=3072	O+H=7861	 DONE
03/10/2025 20:53:53:	move motor	S18.axis2.phaseshifter 1 to 0.034490deg	 DONE
03/10/2025 20:53:54:	16	count	time	30.000000s/cts	O Det=1984	H Det=2699	Mon Det=69408	Aux Det=3116	O+H=7799	 DONE
03/10/2025 20:54:26:	move motor	S18.axis2.phaseshifter 1 to 0.103456deg	 DONE
03/10/2025 20:54:28:	17	count	time	30.000000s/cts	O Det=1432	H Det=3290	Mon Det=69174	Aux Det=3038	O+H=7760	 DONE
03/10/2025 20:54:59:	move motor	S18.axis2.phaseshifter 1 to 0.172422deg	 DONE
03/10/2025 20:55:01:	18	count	time	30.000000s/cts	O Det=970	H Det=3676	Mon Det=69220	Aux Det=2918	O+H=7564	 DONE
03/10/2025 20:55:32:	move motor	S18.axis2.phaseshifter 1 to 0.241388deg	 DONE
03/10/2025 20:55:34:	19	count	time	30.000000s/cts	O Det=616	H Det=3821	Mon Det=69167	Aux Det=3002	O+H=7439	 DONE
03/10/2025 20:56:06:	move motor	S18.axis2.phaseshifter 1 to 0.310354deg	 DONE
03/10/2025 20:56:07:	20	count	time	30.000000s/cts	O Det=433	H Det=4077	Mon Det=69249	Aux Det=3043	O+H=7553	 DONE
03/10/2025 20:56:39:	move motor	S18.axis2.phaseshifter 1 to 0.379320deg	 DONE
03/10/2025 20:56:40:	21	count	time	30.000000s/cts	O Det=557	H Det=3818	Mon Det=69171	Aux Det=2923	O+H=7298	 DONE
03/10/2025 20:57:12:	move motor	S18.axis2.phaseshifter 1 to 0.448286deg	 DONE
03/10/2025 20:57:14:	22	count	time	30.000000s/cts	O Det=670	H Det=3809	Mon Det=69110	Aux Det=3139	O+H=7618	 DONE
03/10/2025 20:57:45:	move motor	S18.axis2.phaseshifter 1 to 0.517252deg	 DONE
03/10/2025 20:57:47:	23	count	time	30.000000s/cts	O Det=1009	H Det=3454	Mon Det=69254	Aux Det=3044	O+H=7507	 DONE
03/10/2025 20:58:18:	move motor	S18.axis2.phaseshifter 1 to 0.586218deg	 DONE
03/10/2025 20:58:20:	24	count	time	30.000000s/cts	O Det=1464	H Det=3192	Mon Det=69451	Aux Det=3012	O+H=7668	 DONE
03/10/2025 20:58:52:	move motor	S18.axis2.phaseshifter 1 to 0.655184deg	 DONE
03/10/2025 20:58:53:	25	count	time	30.000000s/cts	O Det=2168	H Det=2541	Mon Det=69787	Aux Det=3007	O+H=7716	 DONE
03/10/2025 20:59:25:	move motor	S18.axis2.phaseshifter 1 to 0.724150deg	 DONE
03/10/2025 20:59:26:	26	count	time	30.000000s/cts	O Det=2497	H Det=2185	Mon Det=69272	Aux Det=2955	O+H=7637	 DONE
03/10/2025 20:59:58:	move motor	S18.axis2.phaseshifter 1 to 0.793116deg	 DONE
03/10/2025 21:00:00:	27	count	time	30.000000s/cts	O Det=2750	H Det=1936	Mon Det=69406	Aux Det=2939	O+H=7625	 DONE
03/10/2025 21:00:31:	move motor	S18.axis2.phaseshifter 1 to 0.862082deg	 DONE
03/10/2025 21:00:33:	28	count	time	30.000000s/cts	O Det=2761	H Det=1867	Mon Det=69514	Aux Det=3099	O+H=7727	 DONE
03/10/2025 21:01:04:	move motor	S18.axis2.phaseshifter 1 to 0.931048deg	 DONE
03/10/2025 21:01:06:	29	count	time	30.000000s/cts	O Det=2664	H Det=2038	Mon Det=69375	Aux Det=3045	O+H=7747	 DONE
03/10/2025 21:01:38:	move motor	S18.axis2.phaseshifter 1 to 1.000014deg	 DONE
03/10/2025 21:01:39:	30	count	time	30.000000s/cts	O Det=2206	H Det=2445	Mon Det=69672	Aux Det=2979	O+H=7630	 DONE
03/10/2025 21:02:11:	close file and end scan	 DONE
call of ifg1_newPS_2p30s_B2.sc DONE
03/10/2025 21:02:12:	move motor	S18.axis2.Aperture Z to 11.00000mm	reached 11.00000  DONE
03/10/2025 21:02:16:	move motor	S18.axis2.Aperture Y to 16.50000mm	reached 16.50000  DONE
03/10/2025 21:02:20:	move motor	S18.axis2.phaseshifter 1 to -1.100000deg	 DONE
03/10/2025 21:02:22:	create file	D:\data\Cycle 198\exp_3-16-19\rawdata\sc\Aperture_scan_ifg1_newPS_B2_2p30s_03Oct2102.dat	 DONE
room to enter remarks DONE
03/10/2025 21:02:23:	move motor	S18.axis2.phaseshifter 1 to -1.000000deg	 DONE
03/10/2025 21:02:25:	1	count	time	30.000000s/cts	O Det=1446	H Det=2646	Mon Det=69325	Aux Det=3053	O+H=7145	 DONE
03/10/2025 21:02:56:	move motor	S18.axis2.phaseshifter 1 to -0.931034deg	 DONE
03/10/2025 21:02:58:	2	count	time	30.000000s/cts	O Det=1058	H Det=2936	Mon Det=69363	Aux Det=3081	O+H=7075	 DONE
03/10/2025 21:03:29:	move motor	S18.axis2.phaseshifter 1 to -0.862068deg	 DONE
03/10/2025 21:03:31:	3	count	time	30.000000s/cts	O Det=727	H Det=3235	Mon Det=69202	Aux Det=2984	O+H=6946	 DONE
03/10/2025 21:04:03:	move motor	S18.axis2.phaseshifter 1 to -0.793102deg	 DONE
03/10/2025 21:04:04:	4	count	time	30.000000s/cts	O Det=520	H Det=3474	Mon Det=69519	Aux Det=2951	O+H=6945	 DONE
03/10/2025 21:04:36:	move motor	S18.axis2.phaseshifter 1 to -0.724136deg	 DONE
03/10/2025 21:04:37:	5	count	time	30.000000s/cts	O Det=468	H Det=3434	Mon Det=68857	Aux Det=3063	O+H=6965	 DONE
03/10/2025 21:05:09:	move motor	S18.axis2.phaseshifter 1 to -0.655170deg	 DONE
03/10/2025 21:05:11:	6	count	time	30.000000s/cts	O Det=548	H Det=3280	Mon Det=69820	Aux Det=2979	O+H=6807	 DONE
03/10/2025 21:05:42:	move motor	S18.axis2.phaseshifter 1 to -0.586204deg	 DONE
03/10/2025 21:05:44:	7	count	time	30.000000s/cts	O Det=954	H Det=2949	Mon Det=68793	Aux Det=2884	O+H=6787	 DONE
03/10/2025 21:06:15:	move motor	S18.axis2.phaseshifter 1 to -0.517238deg	 DONE
03/10/2025 21:06:17:	8	count	time	30.000000s/cts	O Det=1380	H Det=2579	Mon Det=69800	Aux Det=3068	O+H=7027	 DONE
03/10/2025 21:06:49:	move motor	S18.axis2.phaseshifter 1 to -0.448272deg	 DONE
03/10/2025 21:06:50:	9	count	time	30.000000s/cts	O Det=1640	H Det=2432	Mon Det=69680	Aux Det=2937	O+H=7009	 DONE
03/10/2025 21:07:22:	move motor	S18.axis2.phaseshifter 1 to -0.379306deg	 DONE
03/10/2025 21:07:23:	10	count	time	30.000000s/cts	O Det=2223	H Det=1882	Mon Det=69326	Aux Det=2971	O+H=7076	 DONE
03/10/2025 21:07:55:	move motor	S18.axis2.phaseshifter 1 to -0.310340deg	 DONE
03/10/2025 21:07:57:	11	count	time	30.000000s/cts	O Det=2453	H Det=1690	Mon Det=69404	Aux Det=3072	O+H=7215	 DONE
03/10/2025 21:08:28:	move motor	S18.axis2.phaseshifter 1 to -0.241374deg	 DONE
03/10/2025 21:08:30:	12	count	time	30.000000s/cts	O Det=2553	H Det=1625	Mon Det=69651	Aux Det=3012	O+H=7190	 DONE
03/10/2025 21:09:01:	move motor	S18.axis2.phaseshifter 1 to -0.172408deg	 DONE
03/10/2025 21:09:03:	13	count	time	30.000000s/cts	O Det=2295	H Det=1800	Mon Det=69150	Aux Det=2972	O+H=7067	 DONE
03/10/2025 21:09:35:	move motor	S18.axis2.phaseshifter 1 to -0.103442deg	 DONE
03/10/2025 21:09:36:	14	count	time	30.000000s/cts	O Det=2176	H Det=1936	Mon Det=68885	Aux Det=2906	O+H=7018	 DONE
03/10/2025 21:10:08:	move motor	S18.axis2.phaseshifter 1 to -0.034476deg	 DONE
03/10/2025 21:10:09:	15	count	time	30.000000s/cts	O Det=1888	H Det=2193	Mon Det=69317	Aux Det=2915	O+H=6996	 DONE
03/10/2025 21:10:41:	move motor	S18.axis2.phaseshifter 1 to 0.034490deg	 DONE
03/10/2025 21:10:43:	16	count	time	30.000000s/cts	O Det=1507	H Det=2501	Mon Det=69095	Aux Det=2966	O+H=6974	 DONE
03/10/2025 21:11:14:	move motor	S18.axis2.phaseshifter 1 to 0.103456deg	 DONE
03/10/2025 21:11:16:	17	count	time	30.000000s/cts	O Det=1080	H Det=2903	Mon Det=69439	Aux Det=3000	O+H=6983	 DONE
03/10/2025 21:11:48:	move motor	S18.axis2.phaseshifter 1 to 0.172422deg	 DONE
03/10/2025 21:11:49:	18	count	time	30.000000s/cts	O Det=712	H Det=3183	Mon Det=69334	Aux Det=2970	O+H=6865	 DONE
03/10/2025 21:12:21:	move motor	S18.axis2.phaseshifter 1 to 0.241388deg	 DONE
03/10/2025 21:12:22:	19	count	time	30.000000s/cts	O Det=539	H Det=3399	Mon Det=69190	Aux Det=2923	O+H=6861	 DONE
03/10/2025 21:12:54:	move motor	S18.axis2.phaseshifter 1 to 0.310354deg	 DONE
03/10/2025 21:12:55:	20	count	time	30.000000s/cts	O Det=448	H Det=3535	Mon Det=69377	Aux Det=2967	O+H=6950	 DONE
03/10/2025 21:13:27:	move motor	S18.axis2.phaseshifter 1 to 0.379320deg	 DONE
03/10/2025 21:13:29:	21	count	time	30.000000s/cts	O Det=665	H Det=3301	Mon Det=69427	Aux Det=3042	O+H=7008	 DONE
03/10/2025 21:14:00:	move motor	S18.axis2.phaseshifter 1 to 0.448286deg	 DONE
03/10/2025 21:14:02:	22	count	time	30.000000s/cts	O Det=874	H Det=3153	Mon Det=69287	Aux Det=3017	O+H=7044	 DONE
03/10/2025 21:14:33:	move motor	S18.axis2.phaseshifter 1 to 0.517252deg	 DONE
03/10/2025 21:14:35:	23	count	time	30.000000s/cts	O Det=1251	H Det=2758	Mon Det=69949	Aux Det=3057	O+H=7066	 DONE
03/10/2025 21:15:07:	move motor	S18.axis2.phaseshifter 1 to 0.586218deg	 DONE
03/10/2025 21:15:08:	24	count	time	30.000000s/cts	O Det=1744	H Det=2335	Mon Det=69631	Aux Det=2945	O+H=7024	 DONE
03/10/2025 21:15:40:	move motor	S18.axis2.phaseshifter 1 to 0.655184deg	 DONE
03/10/2025 21:15:41:	25	count	time	30.000000s/cts	O Det=2078	H Det=2024	Mon Det=69725	Aux Det=3100	O+H=7202	 DONE
03/10/2025 21:16:13:	move motor	S18.axis2.phaseshifter 1 to 0.724150deg	 DONE
03/10/2025 21:16:15:	26	count	time	30.000000s/cts	O Det=2445	H Det=1661	Mon Det=69227	Aux Det=3011	O+H=7117	 DONE
03/10/2025 21:16:46:	move motor	S18.axis2.phaseshifter 1 to 0.793116deg	 DONE
03/10/2025 21:16:48:	27	count	time	30.000000s/cts	O Det=2554	H Det=1692	Mon Det=69898	Aux Det=2965	O+H=7211	 DONE
03/10/2025 21:17:19:	move motor	S18.axis2.phaseshifter 1 to 0.862082deg	 DONE
03/10/2025 21:17:21:	28	count	time	30.000000s/cts	O Det=2548	H Det=1610	Mon Det=69454	Aux Det=3058	O+H=7216	 DONE
03/10/2025 21:17:53:	move motor	S18.axis2.phaseshifter 1 to 0.931048deg	 DONE
03/10/2025 21:17:54:	29	count	time	30.000000s/cts	O Det=2189	H Det=1993	Mon Det=69049	Aux Det=2947	O+H=7129	 DONE
03/10/2025 21:18:26:	move motor	S18.axis2.phaseshifter 1 to 1.000014deg	 DONE
03/10/2025 21:18:27:	30	count	time	30.000000s/cts	O Det=1936	H Det=2208	Mon Det=69256	Aux Det=3006	O+H=7150	 DONE
03/10/2025 21:18:59:	close file and end scan	 DONE
call of ifg1_newPS_2p30s_B2.sc DONE
03/10/2025 21:19:00:	move motor	S18.axis2.Aperture Y to 19.00000mm	reached 19.00000  DONE
03/10/2025 21:19:04:	move motor	S18.axis2.phaseshifter 1 to -1.100000deg	 DONE
03/10/2025 21:19:06:	create file	D:\data\Cycle 198\exp_3-16-19\rawdata\sc\Aperture_scan_ifg1_newPS_B2_2p30s_03Oct2119.dat	 DONE
room to enter remarks DONE
03/10/2025 21:19:07:	move motor	S18.axis2.phaseshifter 1 to -1.000000deg	 DONE
03/10/2025 21:19:09:	1	count	time	30.000000s/cts	O Det=2011	H Det=2839	Mon Det=69335	Aux Det=2965	O+H=7815	 DONE
03/10/2025 21:19:41:	move motor	S18.axis2.phaseshifter 1 to -0.931034deg	 DONE
03/10/2025 21:19:42:	2	count	time	30.000000s/cts	O Det=1638	H Det=3270	Mon Det=69028	Aux Det=2970	O+H=7878	 DONE
03/10/2025 21:20:14:	move motor	S18.axis2.phaseshifter 1 to -0.862068deg	 DONE
03/10/2025 21:20:15:	3	count	time	30.000000s/cts	O Det=1040	H Det=3778	Mon Det=68987	Aux Det=2954	O+H=7772	 DONE
03/10/2025 21:20:47:	move motor	S18.axis2.phaseshifter 1 to -0.793102deg	 DONE
03/10/2025 21:20:49:	4	count	time	30.000000s/cts	O Det=749	H Det=4022	Mon Det=68766	Aux Det=2863	O+H=7634	 DONE
03/10/2025 21:21:20:	move motor	S18.axis2.phaseshifter 1 to -0.724136deg	 DONE
03/10/2025 21:21:22:	5	count	time	30.000000s/cts	O Det=562	H Det=4299	Mon Det=69429	Aux Det=2932	O+H=7793	 DONE
03/10/2025 21:21:54:	move motor	S18.axis2.phaseshifter 1 to -0.655170deg	 DONE
03/10/2025 21:21:55:	6	count	time	30.000000s/cts	O Det=583	H Det=4178	Mon Det=69514	Aux Det=2905	O+H=7666	 DONE
03/10/2025 21:22:27:	move motor	S18.axis2.phaseshifter 1 to -0.586204deg	 DONE
03/10/2025 21:22:28:	7	count	time	30.000000s/cts	O Det=745	H Det=4074	Mon Det=69686	Aux Det=3052	O+H=7871	 DONE
03/10/2025 21:23:00:	move motor	S18.axis2.phaseshifter 1 to -0.517238deg	 DONE
03/10/2025 21:23:02:	8	count	time	30.000000s/cts	O Det=1122	H Det=3790	Mon Det=69320	Aux Det=2893	O+H=7805	 DONE
03/10/2025 21:23:33:	move motor	S18.axis2.phaseshifter 1 to -0.448272deg	 DONE
03/10/2025 21:23:35:	9	count	time	30.000000s/cts	O Det=1449	H Det=3397	Mon Det=69509	Aux Det=2908	O+H=7754	 DONE
03/10/2025 21:24:06:	move motor	S18.axis2.phaseshifter 1 to -0.379306deg	 DONE
03/10/2025 21:24:08:	10	count	time	30.000000s/cts	O Det=2003	H Det=2896	Mon Det=69410	Aux Det=3027	O+H=7926	 DONE
03/10/2025 21:24:40:	move motor	S18.axis2.phaseshifter 1 to -0.310340deg	 DONE
03/10/2025 21:24:41:	11	count	time	30.000000s/cts	O Det=2438	H Det=2573	Mon Det=69104	Aux Det=3032	O+H=8043	 DONE
03/10/2025 21:25:13:	move motor	S18.axis2.phaseshifter 1 to -0.241374deg	 DONE
03/10/2025 21:25:14:	12	count	time	30.000000s/cts	O Det=2741	H Det=2359	Mon Det=69075	Aux Det=2878	O+H=7978	 DONE
03/10/2025 21:25:46:	move motor	S18.axis2.phaseshifter 1 to -0.172408deg	 DONE
03/10/2025 21:25:48:	13	count	time	30.000000s/cts	O Det=2702	H Det=2164	Mon Det=69699	Aux Det=2983	O+H=7849	 DONE
03/10/2025 21:26:19:	move motor	S18.axis2.phaseshifter 1 to -0.103442deg	 DONE
03/10/2025 21:26:21:	14	count	time	30.000000s/cts	O Det=2618	H Det=2249	Mon Det=69493	Aux Det=2926	O+H=7793	 DONE
03/10/2025 21:26:52:	move motor	S18.axis2.phaseshifter 1 to -0.034476deg	 DONE
03/10/2025 21:26:54:	15	count	time	30.000000s/cts	O Det=2424	H Det=2582	Mon Det=68782	Aux Det=2965	O+H=7971	 DONE
03/10/2025 21:27:26:	move motor	S18.axis2.phaseshifter 1 to 0.034490deg	 DONE
03/10/2025 21:27:27:	16	count	time	30.000000s/cts	O Det=2036	H Det=2981	Mon Det=69001	Aux Det=2993	O+H=8010	 DONE
03/10/2025 21:27:59:	move motor	S18.axis2.phaseshifter 1 to 0.103456deg	 DONE
03/10/2025 21:28:00:	17	count	time	30.000000s/cts	O Det=1639	H Det=3236	Mon Det=68824	Aux Det=2895	O+H=7770	 DONE
03/10/2025 21:28:32:	move motor	S18.axis2.phaseshifter 1 to 0.172422deg	 DONE
03/10/2025 21:28:34:	18	count	time	30.000000s/cts	O Det=1163	H Det=3650	Mon Det=69364	Aux Det=2931	O+H=7744	 DONE
03/10/2025 21:29:05:	move motor	S18.axis2.phaseshifter 1 to 0.241388deg	 DONE
03/10/2025 21:29:07:	19	count	time	30.000000s/cts	O Det=761	H Det=3893	Mon Det=69634	Aux Det=2975	O+H=7629	 DONE
03/10/2025 21:29:38:	move motor	S18.axis2.phaseshifter 1 to 0.310354deg	 DONE
03/10/2025 21:29:40:	20	count	time	30.000000s/cts	O Det=533	H Det=4266	Mon Det=69398	Aux Det=2904	O+H=7703	 DONE
03/10/2025 21:30:12:	move motor	S18.axis2.phaseshifter 1 to 0.379320deg	 DONE
03/10/2025 21:30:13:	21	count	time	30.000000s/cts	O Det=535	H Det=4144	Mon Det=69297	Aux Det=3013	O+H=7692	 DONE
03/10/2025 21:30:45:	move motor	S18.axis2.phaseshifter 1 to 0.448286deg	 DONE
03/10/2025 21:30:46:	22	count	time	30.000000s/cts	O Det=682	H Det=4199	Mon Det=69398	Aux Det=2869	O+H=7750	 DONE
03/10/2025 21:31:18:	move motor	S18.axis2.phaseshifter 1 to 0.517252deg	 DONE
03/10/2025 21:31:20:	23	count	time	30.000000s/cts	O Det=1084	H Det=3736	Mon Det=69437	Aux Det=2909	O+H=7729	 DONE
03/10/2025 21:31:51:	move motor	S18.axis2.phaseshifter 1 to 0.586218deg	 DONE
03/10/2025 21:31:53:	24	count	time	30.000000s/cts	O Det=1474	H Det=3389	Mon Det=69299	Aux Det=2826	O+H=7689	 DONE
03/10/2025 21:32:24:	move motor	S18.axis2.phaseshifter 1 to 0.655184deg	 DONE
03/10/2025 21:32:26:	25	count	time	30.000000s/cts	O Det=2065	H Det=2884	Mon Det=69464	Aux Det=2959	O+H=7908	 DONE
03/10/2025 21:32:58:	move motor	S18.axis2.phaseshifter 1 to 0.724150deg	 DONE
03/10/2025 21:32:59:	26	count	time	30.000000s/cts	O Det=2478	H Det=2474	Mon Det=69086	Aux Det=3036	O+H=7988	 DONE
03/10/2025 21:33:31:	move motor	S18.axis2.phaseshifter 1 to 0.793116deg	 DONE
03/10/2025 21:33:32:	27	count	time	30.000000s/cts	O Det=2734	H Det=2340	Mon Det=68845	Aux Det=2878	O+H=7952	 DONE
03/10/2025 21:34:04:	move motor	S18.axis2.phaseshifter 1 to 0.862082deg	 DONE
03/10/2025 21:34:06:	28	count	time	30.000000s/cts	O Det=2762	H Det=2188	Mon Det=69397	Aux Det=2984	O+H=7934	 DONE
03/10/2025 21:34:37:	move motor	S18.axis2.phaseshifter 1 to 0.931048deg	 DONE
03/10/2025 21:34:39:	29	count	time	30.000000s/cts	O Det=2631	H Det=2387	Mon Det=69105	Aux Det=2900	O+H=7918	 DONE
03/10/2025 21:35:10:	move motor	S18.axis2.phaseshifter 1 to 1.000014deg	 DONE
03/10/2025 21:35:12:	30	count	time	30.000000s/cts	O Det=2317	H Det=2558	Mon Det=68923	Aux Det=2977	O+H=7852	 DONE
03/10/2025 21:35:44:	close file and end scan	 DONE
call of ifg1_newPS_2p30s_B2.sc DONE
03/10/2025 21:35:45:	END OF SCRIPT	 DONE
