30/09/2025 18:32:32:	start execution of script D:\data\Cycle 198\exp_3-16-19\rawdata\sc\Aperture_scan_ifg2_newPS_B1_2p30s.sc	 DONE
30/09/2025 18:32:32:	move motor	S18.axis2.Aperture Z to 6.00000mm	reached 6.00000  DONE
30/09/2025 18:32:36:	move motor	S18.axis2.Aperture Y to 16.50000mm	reached 16.50000  DONE
30/09/2025 18:32:40:	move motor	S18.axis2.phaseshifter 2 to -3.100000deg	 DONE
30/09/2025 18:32:42:	create file	D:\data\Cycle 198\exp_3-16-19\rawdata\sc\Aperture_scan_ifg2_newPS_B1_2p30s_30Sep1832.dat	 DONE
room to enter remarks DONE
30/09/2025 18:32:43:	move motor	S18.axis2.phaseshifter 2 to -3.000000deg	 DONE
30/09/2025 18:32:45:	1	count	time	30.000000s/cts	O Det=525	H Det=2934	Mon Det=69022	Aux Det=2337	O+H=5796	 DONE
30/09/2025 18:33:16:	move motor	S18.axis2.phaseshifter 2 to -2.931034deg	 DONE
30/09/2025 18:33:18:	2	count	time	30.000000s/cts	O Det=663	H Det=2902	Mon Det=68740	Aux Det=2243	O+H=5808	 DONE
30/09/2025 18:33:50:	move motor	S18.axis2.phaseshifter 2 to -2.862068deg	 DONE
30/09/2025 18:33:51:	3	count	time	30.000000s/cts	O Det=1073	H Det=2606	Mon Det=68218	Aux Det=2275	O+H=5954	 DONE
30/09/2025 18:34:23:	move motor	S18.axis2.phaseshifter 2 to -2.793102deg	 DONE
30/09/2025 18:34:24:	4	count	time	30.000000s/cts	O Det=1456	H Det=2254	Mon Det=68562	Aux Det=2262	O+H=5972	 DONE
30/09/2025 18:34:56:	move motor	S18.axis2.phaseshifter 2 to -2.724136deg	 DONE
30/09/2025 18:34:58:	5	count	time	30.000000s/cts	O Det=1888	H Det=1858	Mon Det=68398	Aux Det=2308	O+H=6054	 DONE
30/09/2025 18:35:29:	move motor	S18.axis2.phaseshifter 2 to -2.655170deg	 DONE
30/09/2025 18:35:31:	6	count	time	30.000000s/cts	O Det=2312	H Det=1563	Mon Det=67984	Aux Det=2303	O+H=6178	 DONE
30/09/2025 18:36:03:	move motor	S18.axis2.phaseshifter 2 to -2.586204deg	 DONE
30/09/2025 18:36:04:	7	count	time	30.000000s/cts	O Det=2602	H Det=1208	Mon Det=68115	Aux Det=2237	O+H=6047	 DONE
30/09/2025 18:36:36:	move motor	S18.axis2.phaseshifter 2 to -2.517238deg	 DONE
30/09/2025 18:36:37:	8	count	time	30.000000s/cts	O Det=2859	H Det=1107	Mon Det=68078	Aux Det=2315	O+H=6281	 DONE
30/09/2025 18:37:09:	move motor	S18.axis2.phaseshifter 2 to -2.448272deg	 DONE
30/09/2025 18:37:11:	9	count	time	30.000000s/cts	O Det=2650	H Det=1140	Mon Det=68698	Aux Det=2234	O+H=6024	 DONE
30/09/2025 18:37:42:	move motor	S18.axis2.phaseshifter 2 to -2.379306deg	 DONE
30/09/2025 18:37:44:	10	count	time	30.000000s/cts	O Det=2440	H Det=1360	Mon Det=68031	Aux Det=2261	O+H=6061	 DONE
30/09/2025 18:38:16:	move motor	S18.axis2.phaseshifter 2 to -2.310340deg	 DONE
30/09/2025 18:38:17:	11	count	time	30.000000s/cts	O Det=2010	H Det=1704	Mon Det=68770	Aux Det=2303	O+H=6017	 DONE
30/09/2025 18:38:49:	move motor	S18.axis2.phaseshifter 2 to -2.241374deg	 DONE
30/09/2025 18:38:50:	12	count	time	30.000000s/cts	O Det=1591	H Det=2161	Mon Det=68087	Aux Det=2312	O+H=6064	 DONE
30/09/2025 18:39:22:	move motor	S18.axis2.phaseshifter 2 to -2.172408deg	 DONE
30/09/2025 18:39:24:	13	count	time	30.000000s/cts	O Det=1233	H Det=2552	Mon Det=68356	Aux Det=2168	O+H=5953	 DONE
30/09/2025 18:39:55:	move motor	S18.axis2.phaseshifter 2 to -2.103442deg	 DONE
30/09/2025 18:39:57:	14	count	time	30.000000s/cts	O Det=662	H Det=2998	Mon Det=68606	Aux Det=2252	O+H=5912	 DONE
30/09/2025 18:40:29:	move motor	S18.axis2.phaseshifter 2 to -2.034476deg	 DONE
30/09/2025 18:40:30:	15	count	time	30.000000s/cts	O Det=508	H Det=2934	Mon Det=68581	Aux Det=2256	O+H=5698	 DONE
30/09/2025 18:41:02:	move motor	S18.axis2.phaseshifter 2 to -1.965510deg	 DONE
30/09/2025 18:41:03:	16	count	time	30.000000s/cts	O Det=592	H Det=3109	Mon Det=68453	Aux Det=2263	O+H=5964	 DONE
30/09/2025 18:41:35:	move motor	S18.axis2.phaseshifter 2 to -1.896544deg	 DONE
30/09/2025 18:41:37:	17	count	time	30.000000s/cts	O Det=700	H Det=2821	Mon Det=68442	Aux Det=2255	O+H=5776	 DONE
30/09/2025 18:42:08:	move motor	S18.axis2.phaseshifter 2 to -1.827578deg	 DONE
30/09/2025 18:42:10:	18	count	time	30.000000s/cts	O Det=1086	H Det=2579	Mon Det=68677	Aux Det=2273	O+H=5938	 DONE
30/09/2025 18:42:42:	move motor	S18.axis2.phaseshifter 2 to -1.758612deg	 DONE
30/09/2025 18:42:43:	19	count	time	30.000000s/cts	O Det=1490	H Det=2113	Mon Det=68326	Aux Det=2224	O+H=5827	 DONE
30/09/2025 18:43:15:	move motor	S18.axis2.phaseshifter 2 to -1.689646deg	 DONE
30/09/2025 18:43:17:	20	count	time	30.000000s/cts	O Det=1988	H Det=1854	Mon Det=68300	Aux Det=2315	O+H=6157	 DONE
30/09/2025 18:43:48:	move motor	S18.axis2.phaseshifter 2 to -1.620680deg	 DONE
30/09/2025 18:43:50:	21	count	time	30.000000s/cts	O Det=2407	H Det=1340	Mon Det=68486	Aux Det=2229	O+H=5976	 DONE
30/09/2025 18:44:22:	move motor	S18.axis2.phaseshifter 2 to -1.551714deg	 DONE
30/09/2025 18:44:23:	22	count	time	30.000000s/cts	O Det=2652	H Det=1145	Mon Det=68248	Aux Det=2248	O+H=6045	 DONE
30/09/2025 18:44:55:	move motor	S18.axis2.phaseshifter 2 to -1.482748deg	 DONE
30/09/2025 18:44:56:	23	count	time	30.000000s/cts	O Det=2767	H Det=1044	Mon Det=68055	Aux Det=2268	O+H=6079	 DONE
30/09/2025 18:45:28:	move motor	S18.axis2.phaseshifter 2 to -1.413782deg	 DONE
30/09/2025 18:45:30:	24	count	time	30.000000s/cts	O Det=2756	H Det=1168	Mon Det=67985	Aux Det=2224	O+H=6148	 DONE
30/09/2025 18:46:01:	move motor	S18.axis2.phaseshifter 2 to -1.344816deg	 DONE
30/09/2025 18:46:03:	25	count	time	30.000000s/cts	O Det=2274	H Det=1540	Mon Det=68446	Aux Det=2278	O+H=6092	 DONE
30/09/2025 18:46:35:	move motor	S18.axis2.phaseshifter 2 to -1.275850deg	 DONE
30/09/2025 18:46:36:	26	count	time	30.000000s/cts	O Det=1672	H Det=2096	Mon Det=68778	Aux Det=2232	O+H=6000	 DONE
30/09/2025 18:47:08:	move motor	S18.axis2.phaseshifter 2 to -1.206884deg	 DONE
30/09/2025 18:47:09:	27	count	time	30.000000s/cts	O Det=1409	H Det=2237	Mon Det=68589	Aux Det=2134	O+H=5780	 DONE
30/09/2025 18:47:41:	move motor	S18.axis2.phaseshifter 2 to -1.137918deg	 DONE
30/09/2025 18:47:43:	28	count	time	30.000000s/cts	O Det=941	H Det=2602	Mon Det=68378	Aux Det=2278	O+H=5821	 DONE
30/09/2025 18:48:14:	move motor	S18.axis2.phaseshifter 2 to -1.068952deg	 DONE
30/09/2025 18:48:16:	29	count	time	30.000000s/cts	O Det=688	H Det=2908	Mon Det=68440	Aux Det=2280	O+H=5876	 DONE
30/09/2025 18:48:48:	move motor	S18.axis2.phaseshifter 2 to -0.999986deg	 DONE
30/09/2025 18:48:49:	30	count	time	30.000000s/cts	O Det=567	H Det=3120	Mon Det=68600	Aux Det=2263	O+H=5950	 DONE
30/09/2025 18:49:21:	close file and end scan	 DONE
call of ifg2_newPS_2p30s_B1.sc DONE
30/09/2025 18:49:22:	move motor	S18.axis2.Aperture Y to 19.00000mm	reached 19.00000  DONE
30/09/2025 18:49:26:	move motor	S18.axis2.phaseshifter 2 to -3.100000deg	 DONE
30/09/2025 18:49:28:	create file	D:\data\Cycle 198\exp_3-16-19\rawdata\sc\Aperture_scan_ifg2_newPS_B1_2p30s_30Sep1849.dat	 DONE
room to enter remarks DONE
30/09/2025 18:49:29:	move motor	S18.axis2.phaseshifter 2 to -3.000000deg	 DONE
30/09/2025 18:49:31:	1	count	time	30.000000s/cts	O Det=607	H Det=3449	Mon Det=68567	Aux Det=2472	O+H=6528	 DONE
30/09/2025 18:50:03:	move motor	S18.axis2.phaseshifter 2 to -2.931034deg	 DONE
30/09/2025 18:50:04:	2	count	time	30.000000s/cts	O Det=867	H Det=3194	Mon Det=68560	Aux Det=2512	O+H=6573	 DONE
30/09/2025 18:50:36:	move motor	S18.axis2.phaseshifter 2 to -2.862068deg	 DONE
30/09/2025 18:50:38:	3	count	time	30.000000s/cts	O Det=1159	H Det=2971	Mon Det=68524	Aux Det=2517	O+H=6647	 DONE
30/09/2025 18:51:09:	move motor	S18.axis2.phaseshifter 2 to -2.793102deg	 DONE
30/09/2025 18:51:11:	4	count	time	30.000000s/cts	O Det=1895	H Det=2429	Mon Det=68213	Aux Det=2488	O+H=6812	 DONE
30/09/2025 18:51:42:	move motor	S18.axis2.phaseshifter 2 to -2.724136deg	 DONE
30/09/2025 18:51:44:	5	count	time	30.000000s/cts	O Det=2210	H Det=1960	Mon Det=68645	Aux Det=2552	O+H=6722	 DONE
30/09/2025 18:52:16:	move motor	S18.axis2.phaseshifter 2 to -2.655170deg	 DONE
30/09/2025 18:52:17:	6	count	time	30.000000s/cts	O Det=2621	H Det=1552	Mon Det=68431	Aux Det=2499	O+H=6672	 DONE
30/09/2025 18:52:49:	move motor	S18.axis2.phaseshifter 2 to -2.586204deg	 DONE
30/09/2025 18:52:51:	7	count	time	30.000000s/cts	O Det=2800	H Det=1399	Mon Det=68655	Aux Det=2470	O+H=6669	 DONE
30/09/2025 18:53:22:	move motor	S18.axis2.phaseshifter 2 to -2.517238deg	 DONE
30/09/2025 18:53:24:	8	count	time	30.000000s/cts	O Det=2928	H Det=1361	Mon Det=68110	Aux Det=2529	O+H=6818	 DONE
30/09/2025 18:53:55:	move motor	S18.axis2.phaseshifter 2 to -2.448272deg	 DONE
30/09/2025 18:53:57:	9	count	time	30.000000s/cts	O Det=2786	H Det=1479	Mon Det=68245	Aux Det=2490	O+H=6755	 DONE
30/09/2025 18:54:29:	move motor	S18.axis2.phaseshifter 2 to -2.379306deg	 DONE
30/09/2025 18:54:30:	10	count	time	30.000000s/cts	O Det=2429	H Det=1883	Mon Det=68423	Aux Det=2447	O+H=6759	 DONE
30/09/2025 18:55:02:	move motor	S18.axis2.phaseshifter 2 to -2.310340deg	 DONE
30/09/2025 18:55:03:	11	count	time	30.000000s/cts	O Det=1981	H Det=2392	Mon Det=68492	Aux Det=2454	O+H=6827	 DONE
30/09/2025 18:55:35:	move motor	S18.axis2.phaseshifter 2 to -2.241374deg	 DONE
30/09/2025 18:55:37:	12	count	time	30.000000s/cts	O Det=1436	H Det=2765	Mon Det=68773	Aux Det=2404	O+H=6605	 DONE
30/09/2025 18:56:08:	move motor	S18.axis2.phaseshifter 2 to -2.172408deg	 DONE
30/09/2025 18:56:10:	13	count	time	30.000000s/cts	O Det=1104	H Det=2955	Mon Det=68266	Aux Det=2403	O+H=6462	 DONE
30/09/2025 18:56:42:	move motor	S18.axis2.phaseshifter 2 to -2.103442deg	 DONE
30/09/2025 18:56:43:	14	count	time	30.000000s/cts	O Det=758	H Det=3279	Mon Det=68151	Aux Det=2511	O+H=6548	 DONE
30/09/2025 18:57:15:	move motor	S18.axis2.phaseshifter 2 to -2.034476deg	 DONE
30/09/2025 18:57:17:	15	count	time	30.000000s/cts	O Det=624	H Det=3505	Mon Det=68782	Aux Det=2484	O+H=6613	 DONE
30/09/2025 18:57:48:	move motor	S18.axis2.phaseshifter 2 to -1.965510deg	 DONE
30/09/2025 18:57:50:	16	count	time	30.000000s/cts	O Det=745	H Det=3286	Mon Det=68755	Aux Det=2484	O+H=6515	 DONE
30/09/2025 18:58:21:	move motor	S18.axis2.phaseshifter 2 to -1.896544deg	 DONE
30/09/2025 18:58:23:	17	count	time	30.000000s/cts	O Det=948	H Det=3136	Mon Det=68664	Aux Det=2548	O+H=6632	 DONE
30/09/2025 18:58:55:	move motor	S18.axis2.phaseshifter 2 to -1.827578deg	 DONE
30/09/2025 18:58:56:	18	count	time	30.000000s/cts	O Det=1383	H Det=2823	Mon Det=68934	Aux Det=2436	O+H=6642	 DONE
30/09/2025 18:59:28:	move motor	S18.axis2.phaseshifter 2 to -1.758612deg	 DONE
30/09/2025 18:59:30:	19	count	time	30.000000s/cts	O Det=1781	H Det=2278	Mon Det=68703	Aux Det=2567	O+H=6626	 DONE
30/09/2025 19:00:01:	move motor	S18.axis2.phaseshifter 2 to -1.689646deg	 DONE
30/09/2025 19:00:03:	20	count	time	30.000000s/cts	O Det=2552	H Det=1693	Mon Det=68631	Aux Det=2438	O+H=6683	 DONE
30/09/2025 19:00:34:	move motor	S18.axis2.phaseshifter 2 to -1.620680deg	 DONE
30/09/2025 19:00:36:	21	count	time	30.000000s/cts	O Det=2659	H Det=1542	Mon Det=67785	Aux Det=2402	O+H=6603	 DONE
30/09/2025 19:01:08:	move motor	S18.axis2.phaseshifter 2 to -1.551714deg	 DONE
30/09/2025 19:01:09:	22	count	time	30.000000s/cts	O Det=2880	H Det=1306	Mon Det=68411	Aux Det=2482	O+H=6668	 DONE
30/09/2025 19:01:41:	move motor	S18.axis2.phaseshifter 2 to -1.482748deg	 DONE
30/09/2025 19:01:42:	23	count	time	30.000000s/cts	O Det=2878	H Det=1428	Mon Det=68459	Aux Det=2470	O+H=6776	 DONE
30/09/2025 19:02:14:	move motor	S18.axis2.phaseshifter 2 to -1.413782deg	 DONE
30/09/2025 19:02:16:	24	count	time	30.000000s/cts	O Det=2602	H Det=1668	Mon Det=68274	Aux Det=2507	O+H=6777	 DONE
30/09/2025 19:02:47:	move motor	S18.axis2.phaseshifter 2 to -1.344816deg	 DONE
30/09/2025 19:02:49:	25	count	time	30.000000s/cts	O Det=2057	H Det=2159	Mon Det=68243	Aux Det=2518	O+H=6734	 DONE
30/09/2025 19:03:21:	move motor	S18.axis2.phaseshifter 2 to -1.275850deg	 DONE
30/09/2025 19:03:22:	26	count	time	30.000000s/cts	O Det=1797	H Det=2309	Mon Det=68431	Aux Det=2429	O+H=6535	 DONE
30/09/2025 19:03:54:	move motor	S18.axis2.phaseshifter 2 to -1.206884deg	 DONE
30/09/2025 19:03:55:	27	count	time	30.000000s/cts	O Det=1256	H Det=2890	Mon Det=68017	Aux Det=2491	O+H=6637	 DONE
30/09/2025 19:04:27:	move motor	S18.axis2.phaseshifter 2 to -1.137918deg	 DONE
30/09/2025 19:04:29:	28	count	time	30.000000s/cts	O Det=909	H Det=3205	Mon Det=68311	Aux Det=2479	O+H=6593	 DONE
30/09/2025 19:05:00:	move motor	S18.axis2.phaseshifter 2 to -1.068952deg	 DONE
30/09/2025 19:05:02:	29	count	time	30.000000s/cts	O Det=700	H Det=3348	Mon Det=68598	Aux Det=2478	O+H=6526	 DONE
30/09/2025 19:05:34:	move motor	S18.axis2.phaseshifter 2 to -0.999986deg	 DONE
30/09/2025 19:05:35:	30	count	time	30.000000s/cts	O Det=622	H Det=3464	Mon Det=68821	Aux Det=2550	O+H=6636	 DONE
30/09/2025 19:06:07:	close file and end scan	 DONE
call of ifg2_newPS_2p30s_B1.sc DONE
30/09/2025 19:06:08:	move motor	S18.axis2.Aperture Y to 21.50000mm	reached 21.50000  DONE
30/09/2025 19:06:12:	move motor	S18.axis2.phaseshifter 2 to -3.100000deg	 DONE
30/09/2025 19:06:14:	create file	D:\data\Cycle 198\exp_3-16-19\rawdata\sc\Aperture_scan_ifg2_newPS_B1_2p30s_30Sep1906.dat	 DONE
room to enter remarks DONE
30/09/2025 19:06:16:	move motor	S18.axis2.phaseshifter 2 to -3.000000deg	 DONE
30/09/2025 19:06:17:	1	count	time	30.000000s/cts	O Det=850	H Det=3539	Mon Det=68148	Aux Det=2421	O+H=6810	 DONE
30/09/2025 19:06:49:	move motor	S18.axis2.phaseshifter 2 to -2.931034deg	 DONE
30/09/2025 19:06:50:	2	count	time	30.000000s/cts	O Det=1254	H Det=3117	Mon Det=68135	Aux Det=2489	O+H=6860	 DONE
30/09/2025 19:07:22:	move motor	S18.axis2.phaseshifter 2 to -2.862068deg	 DONE
30/09/2025 19:07:24:	3	count	time	30.000000s/cts	O Det=1480	H Det=3005	Mon Det=68523	Aux Det=2445	O+H=6930	 DONE
30/09/2025 19:07:55:	move motor	S18.axis2.phaseshifter 2 to -2.793102deg	 DONE
30/09/2025 19:07:57:	4	count	time	30.000000s/cts	O Det=1983	H Det=2528	Mon Det=68431	Aux Det=2496	O+H=7007	 DONE
30/09/2025 19:08:29:	move motor	S18.axis2.phaseshifter 2 to -2.724136deg	 DONE
30/09/2025 19:08:30:	5	count	time	30.000000s/cts	O Det=2282	H Det=2303	Mon Det=68290	Aux Det=2631	O+H=7216	 DONE
30/09/2025 19:09:02:	move motor	S18.axis2.phaseshifter 2 to -2.655170deg	 DONE
30/09/2025 19:09:04:	6	count	time	30.000000s/cts	O Det=2353	H Det=2227	Mon Det=67713	Aux Det=2426	O+H=7006	 DONE
30/09/2025 19:09:35:	move motor	S18.axis2.phaseshifter 2 to -2.586204deg	 DONE
30/09/2025 19:09:37:	7	count	time	30.000000s/cts	O Det=2543	H Det=2010	Mon Det=68736	Aux Det=2482	O+H=7035	 DONE
30/09/2025 19:10:09:	move motor	S18.axis2.phaseshifter 2 to -2.517238deg	 DONE
30/09/2025 19:10:10:	8	count	time	30.000000s/cts	O Det=2534	H Det=1977	Mon Det=68412	Aux Det=2483	O+H=6994	 DONE
30/09/2025 19:10:42:	move motor	S18.axis2.phaseshifter 2 to -2.448272deg	 DONE
30/09/2025 19:10:44:	9	count	time	30.000000s/cts	O Det=2393	H Det=2184	Mon Det=68639	Aux Det=2475	O+H=7052	 DONE
30/09/2025 19:11:15:	move motor	S18.axis2.phaseshifter 2 to -2.379306deg	 DONE
30/09/2025 19:11:17:	10	count	time	30.000000s/cts	O Det=2090	H Det=2461	Mon Det=68738	Aux Det=2519	O+H=7070	 DONE
30/09/2025 19:11:49:	move motor	S18.axis2.phaseshifter 2 to -2.310340deg	 DONE
30/09/2025 19:11:50:	11	count	time	30.000000s/cts	O Det=1740	H Det=2809	Mon Det=68490	Aux Det=2514	O+H=7063	 DONE
30/09/2025 19:12:22:	move motor	S18.axis2.phaseshifter 2 to -2.241374deg	 DONE
30/09/2025 19:12:24:	12	count	time	30.000000s/cts	O Det=1271	H Det=2975	Mon Det=68152	Aux Det=2455	O+H=6701	 DONE
30/09/2025 19:12:55:	move motor	S18.axis2.phaseshifter 2 to -2.172408deg	 DONE
30/09/2025 19:12:57:	13	count	time	30.000000s/cts	O Det=1081	H Det=3331	Mon Det=68360	Aux Det=2442	O+H=6854	 DONE
30/09/2025 19:13:28:	move motor	S18.axis2.phaseshifter 2 to -2.103442deg	 DONE
30/09/2025 19:13:30:	14	count	time	30.000000s/cts	O Det=868	H Det=3532	Mon Det=68406	Aux Det=2465	O+H=6865	 DONE
30/09/2025 19:14:02:	move motor	S18.axis2.phaseshifter 2 to -2.034476deg	 DONE
30/09/2025 19:14:03:	15	count	time	30.000000s/cts	O Det=1116	H Det=3376	Mon Det=68517	Aux Det=2382	O+H=6874	 DONE
30/09/2025 19:14:35:	move motor	S18.axis2.phaseshifter 2 to -1.965510deg	 DONE
30/09/2025 19:14:37:	16	count	time	30.000000s/cts	O Det=1027	H Det=3268	Mon Det=68653	Aux Det=2392	O+H=6687	 DONE
30/09/2025 19:15:08:	move motor	S18.axis2.phaseshifter 2 to -1.896544deg	 DONE
30/09/2025 19:15:10:	17	count	time	30.000000s/cts	O Det=1204	H Det=3119	Mon Det=68702	Aux Det=2421	O+H=6744	 DONE
30/09/2025 19:15:42:	move motor	S18.axis2.phaseshifter 2 to -1.827578deg	 DONE
30/09/2025 19:15:43:	18	count	time	30.000000s/cts	O Det=1582	H Det=2793	Mon Det=68570	Aux Det=2449	O+H=6824	 DONE
30/09/2025 19:16:15:	move motor	S18.axis2.phaseshifter 2 to -1.758612deg	 DONE
30/09/2025 19:16:17:	19	count	time	30.000000s/cts	O Det=2001	H Det=2389	Mon Det=68709	Aux Det=2494	O+H=6884	 DONE
30/09/2025 19:16:48:	move motor	S18.axis2.phaseshifter 2 to -1.689646deg	 DONE
30/09/2025 19:16:50:	20	count	time	30.000000s/cts	O Det=2331	H Det=2160	Mon Det=67849	Aux Det=2418	O+H=6909	 DONE
30/09/2025 19:17:21:	move motor	S18.axis2.phaseshifter 2 to -1.620680deg	 DONE
30/09/2025 19:17:23:	21	count	time	30.000000s/cts	O Det=2486	H Det=2060	Mon Det=68341	Aux Det=2536	O+H=7082	 DONE
30/09/2025 19:17:55:	move motor	S18.axis2.phaseshifter 2 to -1.551714deg	 DONE
30/09/2025 19:17:56:	22	count	time	30.000000s/cts	O Det=2542	H Det=1994	Mon Det=68266	Aux Det=2409	O+H=6945	 DONE
30/09/2025 19:18:28:	move motor	S18.axis2.phaseshifter 2 to -1.482748deg	 DONE
30/09/2025 19:18:30:	23	count	time	30.000000s/cts	O Det=2357	H Det=2062	Mon Det=68379	Aux Det=2401	O+H=6820	 DONE
30/09/2025 19:19:01:	move motor	S18.axis2.phaseshifter 2 to -1.413782deg	 DONE
30/09/2025 19:19:03:	24	count	time	30.000000s/cts	O Det=2319	H Det=2138	Mon Det=68436	Aux Det=2491	O+H=6948	 DONE
30/09/2025 19:19:35:	move motor	S18.axis2.phaseshifter 2 to -1.344816deg	 DONE
30/09/2025 19:19:36:	25	count	time	30.000000s/cts	O Det=1792	H Det=2696	Mon Det=68281	Aux Det=2416	O+H=6904	 DONE
30/09/2025 19:20:08:	move motor	S18.axis2.phaseshifter 2 to -1.275850deg	 DONE
30/09/2025 19:20:09:	26	count	time	30.000000s/cts	O Det=1363	H Det=3083	Mon Det=68603	Aux Det=2528	O+H=6974	 DONE
30/09/2025 19:20:41:	move motor	S18.axis2.phaseshifter 2 to -1.206884deg	 DONE
30/09/2025 19:20:43:	27	count	time	30.000000s/cts	O Det=1169	H Det=3278	Mon Det=68492	Aux Det=2459	O+H=6906	 DONE
30/09/2025 19:21:14:	move motor	S18.axis2.phaseshifter 2 to -1.137918deg	 DONE
30/09/2025 19:21:16:	28	count	time	30.000000s/cts	O Det=964	H Det=3402	Mon Det=68660	Aux Det=2490	O+H=6856	 DONE
30/09/2025 19:21:48:	move motor	S18.axis2.phaseshifter 2 to -1.068952deg	 DONE
30/09/2025 19:21:49:	29	count	time	30.000000s/cts	O Det=845	H Det=3477	Mon Det=68279	Aux Det=2468	O+H=6790	 DONE
30/09/2025 19:22:21:	move motor	S18.axis2.phaseshifter 2 to -0.999986deg	 DONE
30/09/2025 19:22:23:	30	count	time	30.000000s/cts	O Det=871	H Det=3526	Mon Det=68873	Aux Det=2492	O+H=6889	 DONE
30/09/2025 19:22:54:	close file and end scan	 DONE
call of ifg2_newPS_2p30s_B1.sc DONE
30/09/2025 19:22:56:	move motor	S18.axis2.Aperture Z to 8.50000mm	reached 8.50000  DONE
30/09/2025 19:22:59:	move motor	S18.axis2.Aperture Y to 16.50000mm	reached 16.50000  DONE
30/09/2025 19:23:04:	move motor	S18.axis2.phaseshifter 2 to -3.100000deg	 DONE
30/09/2025 19:23:07:	create file	D:\data\Cycle 198\exp_3-16-19\rawdata\sc\Aperture_scan_ifg2_newPS_B1_2p30s_30Sep1923.dat	 DONE
room to enter remarks DONE
30/09/2025 19:23:08:	move motor	S18.axis2.phaseshifter 2 to -3.000000deg	 DONE
30/09/2025 19:23:09:	1	count	time	30.000000s/cts	O Det=723	H Det=3431	Mon Det=68328	Aux Det=2638	O+H=6792	 DONE
30/09/2025 19:23:41:	move motor	S18.axis2.phaseshifter 2 to -2.931034deg	 DONE
30/09/2025 19:23:43:	2	count	time	30.000000s/cts	O Det=860	H Det=3263	Mon Det=68919	Aux Det=2610	O+H=6733	 DONE
30/09/2025 19:24:14:	move motor	S18.axis2.phaseshifter 2 to -2.862068deg	 DONE
30/09/2025 19:24:16:	3	count	time	30.000000s/cts	O Det=1175	H Det=2991	Mon Det=68502	Aux Det=2630	O+H=6796	 DONE
30/09/2025 19:24:48:	move motor	S18.axis2.phaseshifter 2 to -2.793102deg	 DONE
30/09/2025 19:24:49:	4	count	time	30.000000s/cts	O Det=1690	H Det=2487	Mon Det=68478	Aux Det=2608	O+H=6785	 DONE
30/09/2025 19:25:21:	move motor	S18.axis2.phaseshifter 2 to -2.724136deg	 DONE
30/09/2025 19:25:22:	5	count	time	30.000000s/cts	O Det=1906	H Det=2252	Mon Det=68293	Aux Det=2604	O+H=6762	 DONE
30/09/2025 19:25:54:	move motor	S18.axis2.phaseshifter 2 to -2.655170deg	 DONE
30/09/2025 19:25:56:	6	count	time	30.000000s/cts	O Det=2636	H Det=1675	Mon Det=68823	Aux Det=2516	O+H=6827	 DONE
30/09/2025 19:26:27:	move motor	S18.axis2.phaseshifter 2 to -2.586204deg	 DONE
30/09/2025 19:26:29:	7	count	time	30.000000s/cts	O Det=2854	H Det=1485	Mon Det=68118	Aux Det=2500	O+H=6839	 DONE
30/09/2025 19:27:01:	move motor	S18.axis2.phaseshifter 2 to -2.517238deg	 DONE
30/09/2025 19:27:02:	8	count	time	30.000000s/cts	O Det=2982	H Det=1430	Mon Det=68707	Aux Det=2604	O+H=7016	 DONE
30/09/2025 19:27:34:	move motor	S18.axis2.phaseshifter 2 to -2.448272deg	 DONE
30/09/2025 19:27:36:	9	count	time	30.000000s/cts	O Det=2876	H Det=1420	Mon Det=68955	Aux Det=2739	O+H=7035	 DONE
30/09/2025 19:28:07:	move motor	S18.axis2.phaseshifter 2 to -2.379306deg	 DONE
30/09/2025 19:28:09:	10	count	time	30.000000s/cts	O Det=2569	H Det=1723	Mon Det=68367	Aux Det=2587	O+H=6879	 DONE
30/09/2025 19:28:40:	move motor	S18.axis2.phaseshifter 2 to -2.310340deg	 DONE
30/09/2025 19:28:42:	11	count	time	30.000000s/cts	O Det=1870	H Det=2375	Mon Det=68259	Aux Det=2580	O+H=6825	 DONE
30/09/2025 19:29:14:	move motor	S18.axis2.phaseshifter 2 to -2.241374deg	 DONE
30/09/2025 19:29:15:	12	count	time	30.000000s/cts	O Det=1609	H Det=2590	Mon Det=68400	Aux Det=2783	O+H=6982	 DONE
30/09/2025 19:29:47:	move motor	S18.axis2.phaseshifter 2 to -2.172408deg	 DONE
30/09/2025 19:29:49:	13	count	time	30.000000s/cts	O Det=1385	H Det=2723	Mon Det=68451	Aux Det=2502	O+H=6610	 DONE
30/09/2025 19:30:20:	move motor	S18.axis2.phaseshifter 2 to -2.103442deg	 DONE
30/09/2025 19:30:22:	14	count	time	30.000000s/cts	O Det=816	H Det=3262	Mon Det=68492	Aux Det=2589	O+H=6667	 DONE
30/09/2025 19:30:54:	move motor	S18.axis2.phaseshifter 2 to -2.034476deg	 DONE
30/09/2025 19:30:55:	15	count	time	30.000000s/cts	O Det=705	H Det=3453	Mon Det=68668	Aux Det=2546	O+H=6704	 DONE
30/09/2025 19:31:27:	move motor	S18.axis2.phaseshifter 2 to -1.965510deg	 DONE
30/09/2025 19:31:29:	16	count	time	30.000000s/cts	O Det=821	H Det=3176	Mon Det=68201	Aux Det=2664	O+H=6661	 DONE
30/09/2025 19:32:00:	move motor	S18.axis2.phaseshifter 2 to -1.896544deg	 DONE
30/09/2025 19:32:02:	17	count	time	30.000000s/cts	O Det=954	H Det=3256	Mon Det=68282	Aux Det=2623	O+H=6833	 DONE
30/09/2025 19:32:33:	move motor	S18.axis2.phaseshifter 2 to -1.827578deg	 DONE
30/09/2025 19:32:35:	18	count	time	30.000000s/cts	O Det=1350	H Det=2802	Mon Det=68450	Aux Det=2626	O+H=6778	 DONE
30/09/2025 19:33:07:	move motor	S18.axis2.phaseshifter 2 to -1.758612deg	 DONE
30/09/2025 19:33:08:	19	count	time	30.000000s/cts	O Det=1791	H Det=2414	Mon Det=68302	Aux Det=2630	O+H=6835	 DONE
30/09/2025 19:33:40:	move motor	S18.axis2.phaseshifter 2 to -1.689646deg	 DONE
30/09/2025 19:33:41:	20	count	time	30.000000s/cts	O Det=2187	H Det=2020	Mon Det=68353	Aux Det=2644	O+H=6851	 DONE
30/09/2025 19:34:13:	move motor	S18.axis2.phaseshifter 2 to -1.620680deg	 DONE
30/09/2025 19:34:15:	21	count	time	30.000000s/cts	O Det=2720	H Det=1789	Mon Det=68530	Aux Det=2565	O+H=7074	 DONE
30/09/2025 19:34:46:	move motor	S18.axis2.phaseshifter 2 to -1.551714deg	 DONE
30/09/2025 19:34:48:	22	count	time	30.000000s/cts	O Det=2919	H Det=1360	Mon Det=68784	Aux Det=2698	O+H=6977	 DONE
30/09/2025 19:35:20:	move motor	S18.axis2.phaseshifter 2 to -1.482748deg	 DONE
30/09/2025 19:35:21:	23	count	time	30.000000s/cts	O Det=2960	H Det=1364	Mon Det=68239	Aux Det=2679	O+H=7003	 DONE
30/09/2025 19:35:53:	move motor	S18.axis2.phaseshifter 2 to -1.413782deg	 DONE
30/09/2025 19:35:54:	24	count	time	30.000000s/cts	O Det=2851	H Det=1597	Mon Det=68701	Aux Det=2561	O+H=7009	 DONE
30/09/2025 19:36:26:	move motor	S18.axis2.phaseshifter 2 to -1.344816deg	 DONE
30/09/2025 19:36:28:	25	count	time	30.000000s/cts	O Det=2300	H Det=1884	Mon Det=68219	Aux Det=2659	O+H=6843	 DONE
30/09/2025 19:36:59:	move motor	S18.axis2.phaseshifter 2 to -1.275850deg	 DONE
30/09/2025 19:37:01:	26	count	time	30.000000s/cts	O Det=2042	H Det=2129	Mon Det=68228	Aux Det=2666	O+H=6837	 DONE
30/09/2025 19:37:33:	move motor	S18.axis2.phaseshifter 2 to -1.206884deg	 DONE
30/09/2025 19:37:34:	27	count	time	30.000000s/cts	O Det=1704	H Det=2525	Mon Det=68343	Aux Det=2622	O+H=6851	 DONE
30/09/2025 19:38:06:	move motor	S18.axis2.phaseshifter 2 to -1.137918deg	 DONE
30/09/2025 19:38:07:	28	count	time	30.000000s/cts	O Det=1032	H Det=3067	Mon Det=68343	Aux Det=2607	O+H=6706	 DONE
30/09/2025 19:38:39:	move motor	S18.axis2.phaseshifter 2 to -1.068952deg	 DONE
30/09/2025 19:38:41:	29	count	time	30.000000s/cts	O Det=819	H Det=3306	Mon Det=68769	Aux Det=2618	O+H=6743	 DONE
30/09/2025 19:39:12:	move motor	S18.axis2.phaseshifter 2 to -0.999986deg	 DONE
30/09/2025 19:39:14:	30	count	time	30.000000s/cts	O Det=652	H Det=3364	Mon Det=68713	Aux Det=2653	O+H=6669	 DONE
30/09/2025 19:39:46:	close file and end scan	 DONE
call of ifg2_newPS_2p30s_B1.sc DONE
30/09/2025 19:39:47:	move motor	S18.axis2.piezo rotation to -0.983220deg	 DONE
30/09/2025 19:39:50:	create file	D:\data\Cycle 198\exp_3-16-19\rawdata\sc\rocking_30Sep1939.dat	 DONE
room to enter remarks DONE
30/09/2025 19:39:51:	move motor	S18.axis2.piezo rotation to -0.883220deg	 DONE
30/09/2025 19:39:54:	1	count	time	5.000000s/cts	O Det=0	H Det=7	Mon Det=11299	Aux Det=10	O+H=17	 DONE
30/09/2025 19:40:01:	move motor	S18.axis2.piezo rotation to -0.883160deg	 DONE
30/09/2025 19:40:03:	2	count	time	5.000000s/cts	O Det=1	H Det=11	Mon Det=11562	Aux Det=11	O+H=23	 DONE
30/09/2025 19:40:10:	move motor	S18.axis2.piezo rotation to -0.883100deg	 DONE
30/09/2025 19:40:12:	3	count	time	5.000000s/cts	O Det=0	H Det=7	Mon Det=11485	Aux Det=16	O+H=23	 DONE
30/09/2025 19:40:18:	move motor	S18.axis2.piezo rotation to -0.883040deg	 DONE
30/09/2025 19:40:20:	4	count	time	5.000000s/cts	O Det=1	H Det=17	Mon Det=11405	Aux Det=14	O+H=32	 DONE
30/09/2025 19:40:26:	move motor	S18.axis2.piezo rotation to -0.882980deg	 DONE
30/09/2025 19:40:28:	5	count	time	5.000000s/cts	O Det=2	H Det=15	Mon Det=11337	Aux Det=22	O+H=39	 DONE
30/09/2025 19:40:34:	move motor	S18.axis2.piezo rotation to -0.882920deg	 DONE
30/09/2025 19:40:36:	6	count	time	5.000000s/cts	O Det=0	H Det=16	Mon Det=11343	Aux Det=16	O+H=32	 DONE
30/09/2025 19:40:42:	move motor	S18.axis2.piezo rotation to -0.882860deg	 DONE
30/09/2025 19:40:44:	7	count	time	5.000000s/cts	O Det=1	H Det=19	Mon Det=11554	Aux Det=19	O+H=39	 DONE
30/09/2025 19:40:50:	move motor	S18.axis2.piezo rotation to -0.882800deg	 DONE
30/09/2025 19:40:51:	8	count	time	5.000000s/cts	O Det=2	H Det=17	Mon Det=11519	Aux Det=17	O+H=36	 DONE
30/09/2025 19:40:58:	move motor	S18.axis2.piezo rotation to -0.882740deg	 DONE
30/09/2025 19:41:00:	9	count	time	5.000000s/cts	O Det=2	H Det=21	Mon Det=11553	Aux Det=24	O+H=47	 DONE
30/09/2025 19:41:06:	move motor	S18.axis2.piezo rotation to -0.882680deg	 DONE
30/09/2025 19:41:08:	10	count	time	5.000000s/cts	O Det=2	H Det=25	Mon Det=11378	Aux Det=18	O+H=45	 DONE
30/09/2025 19:41:14:	move motor	S18.axis2.piezo rotation to -0.882620deg	 DONE
30/09/2025 19:41:16:	11	count	time	5.000000s/cts	O Det=0	H Det=25	Mon Det=11518	Aux Det=28	O+H=53	 DONE
30/09/2025 19:41:22:	move motor	S18.axis2.piezo rotation to -0.882560deg	 DONE
30/09/2025 19:41:24:	12	count	time	5.000000s/cts	O Det=0	H Det=32	Mon Det=11280	Aux Det=30	O+H=62	 DONE
30/09/2025 19:41:30:	move motor	S18.axis2.piezo rotation to -0.882500deg	 DONE
30/09/2025 19:41:32:	13	count	time	5.000000s/cts	O Det=1	H Det=23	Mon Det=11457	Aux Det=29	O+H=53	 DONE
30/09/2025 19:41:38:	move motor	S18.axis2.piezo rotation to -0.882440deg	 DONE
30/09/2025 19:41:40:	14	count	time	5.000000s/cts	O Det=1	H Det=33	Mon Det=11508	Aux Det=31	O+H=65	 DONE
30/09/2025 19:41:46:	move motor	S18.axis2.piezo rotation to -0.882380deg	 DONE
30/09/2025 19:41:48:	15	count	time	5.000000s/cts	O Det=0	H Det=39	Mon Det=11283	Aux Det=26	O+H=65	 DONE
30/09/2025 19:41:55:	move motor	S18.axis2.piezo rotation to -0.882320deg	 DONE
30/09/2025 19:41:56:	16	count	time	5.000000s/cts	O Det=0	H Det=39	Mon Det=11450	Aux Det=41	O+H=80	 DONE
30/09/2025 19:42:02:	move motor	S18.axis2.piezo rotation to -0.882260deg	 DONE
30/09/2025 19:42:04:	17	count	time	5.000000s/cts	O Det=2	H Det=36	Mon Det=11354	Aux Det=37	O+H=75	 DONE
30/09/2025 19:42:11:	move motor	S18.axis2.piezo rotation to -0.882200deg	 DONE
30/09/2025 19:42:12:	18	count	time	5.000000s/cts	O Det=1	H Det=25	Mon Det=11333	Aux Det=51	O+H=77	 DONE
30/09/2025 19:42:19:	move motor	S18.axis2.piezo rotation to -0.882140deg	 DONE
30/09/2025 19:42:20:	19	count	time	5.000000s/cts	O Det=2	H Det=50	Mon Det=11458	Aux Det=60	O+H=112	 DONE
30/09/2025 19:42:27:	move motor	S18.axis2.piezo rotation to -0.882080deg	 DONE
30/09/2025 19:42:28:	20	count	time	5.000000s/cts	O Det=3	H Det=53	Mon Det=11202	Aux Det=67	O+H=123	 DONE
30/09/2025 19:42:35:	move motor	S18.axis2.piezo rotation to -0.882020deg	 DONE
30/09/2025 19:42:36:	21	count	time	5.000000s/cts	O Det=0	H Det=81	Mon Det=11342	Aux Det=73	O+H=154	 DONE
30/09/2025 19:42:43:	move motor	S18.axis2.piezo rotation to -0.881960deg	 DONE
30/09/2025 19:42:44:	22	count	time	5.000000s/cts	O Det=10	H Det=77	Mon Det=11437	Aux Det=93	O+H=180	 DONE
30/09/2025 19:42:51:	move motor	S18.axis2.piezo rotation to -0.881900deg	 DONE
30/09/2025 19:42:53:	23	count	time	5.000000s/cts	O Det=8	H Det=91	Mon Det=11323	Aux Det=86	O+H=185	 DONE
30/09/2025 19:42:59:	move motor	S18.axis2.piezo rotation to -0.881840deg	 DONE
30/09/2025 19:43:01:	24	count	time	5.000000s/cts	O Det=14	H Det=97	Mon Det=11321	Aux Det=127	O+H=238	 DONE
30/09/2025 19:43:07:	move motor	S18.axis2.piezo rotation to -0.881780deg	 DONE
30/09/2025 19:43:08:	25	count	time	5.000000s/cts	O Det=29	H Det=147	Mon Det=11176	Aux Det=152	O+H=328	 DONE
30/09/2025 19:43:15:	move motor	S18.axis2.piezo rotation to -0.881720deg	 DONE
30/09/2025 19:43:16:	26	count	time	5.000000s/cts	O Det=16	H Det=147	Mon Det=11467	Aux Det=165	O+H=328	 DONE
30/09/2025 19:43:23:	move motor	S18.axis2.piezo rotation to -0.881660deg	 DONE
30/09/2025 19:43:24:	27	count	time	5.000000s/cts	O Det=23	H Det=179	Mon Det=11319	Aux Det=205	O+H=407	 DONE
30/09/2025 19:43:31:	move motor	S18.axis2.piezo rotation to -0.881600deg	 DONE
30/09/2025 19:43:32:	28	count	time	5.000000s/cts	O Det=44	H Det=199	Mon Det=11289	Aux Det=239	O+H=482	 DONE
30/09/2025 19:43:39:	move motor	S18.axis2.piezo rotation to -0.881540deg	 DONE
30/09/2025 19:43:41:	29	count	time	5.000000s/cts	O Det=67	H Det=225	Mon Det=11246	Aux Det=287	O+H=579	 DONE
30/09/2025 19:43:47:	move motor	S18.axis2.piezo rotation to -0.881480deg	 DONE
30/09/2025 19:43:49:	30	count	time	5.000000s/cts	O Det=62	H Det=255	Mon Det=11393	Aux Det=298	O+H=615	 DONE
30/09/2025 19:43:55:	move motor	S18.axis2.piezo rotation to -0.881420deg	 DONE
30/09/2025 19:43:57:	31	count	time	5.000000s/cts	O Det=92	H Det=313	Mon Det=11284	Aux Det=331	O+H=736	 DONE
30/09/2025 19:44:03:	move motor	S18.axis2.piezo rotation to -0.881360deg	 DONE
30/09/2025 19:44:05:	32	count	time	5.000000s/cts	O Det=106	H Det=362	Mon Det=11366	Aux Det=383	O+H=851	 DONE
30/09/2025 19:44:11:	move motor	S18.axis2.piezo rotation to -0.881300deg	 DONE
30/09/2025 19:44:13:	33	count	time	5.000000s/cts	O Det=128	H Det=434	Mon Det=11376	Aux Det=384	O+H=946	 DONE
30/09/2025 19:44:19:	move motor	S18.axis2.piezo rotation to -0.881240deg	 DONE
30/09/2025 19:44:21:	34	count	time	5.000000s/cts	O Det=126	H Det=514	Mon Det=11097	Aux Det=398	O+H=1038	 DONE
30/09/2025 19:44:27:	move motor	S18.axis2.piezo rotation to -0.881180deg	 DONE
30/09/2025 19:44:29:	35	count	time	5.000000s/cts	O Det=141	H Det=558	Mon Det=11381	Aux Det=411	O+H=1110	 DONE
30/09/2025 19:44:35:	move motor	S18.axis2.piezo rotation to -0.881120deg	 DONE
30/09/2025 19:44:36:	36	count	time	5.000000s/cts	O Det=122	H Det=536	Mon Det=11500	Aux Det=430	O+H=1088	 DONE
30/09/2025 19:44:43:	move motor	S18.axis2.piezo rotation to -0.881060deg	 DONE
30/09/2025 19:44:45:	37	count	time	5.000000s/cts	O Det=112	H Det=596	Mon Det=11570	Aux Det=419	O+H=1127	 DONE
30/09/2025 19:44:51:	move motor	S18.axis2.piezo rotation to -0.881000deg	 DONE
30/09/2025 19:44:53:	38	count	time	5.000000s/cts	O Det=106	H Det=558	Mon Det=11377	Aux Det=436	O+H=1100	 DONE
30/09/2025 19:44:59:	move motor	S18.axis2.piezo rotation to -0.880940deg	 DONE
30/09/2025 19:45:01:	39	count	time	5.000000s/cts	O Det=71	H Det=539	Mon Det=11435	Aux Det=415	O+H=1025	 DONE
30/09/2025 19:45:07:	move motor	S18.axis2.piezo rotation to -0.880880deg	 DONE
30/09/2025 19:45:08:	40	count	time	5.000000s/cts	O Det=60	H Det=504	Mon Det=11419	Aux Det=401	O+H=965	 DONE
30/09/2025 19:45:15:	move motor	S18.axis2.piezo rotation to -0.880820deg	 DONE
30/09/2025 19:45:17:	41	count	time	5.000000s/cts	O Det=58	H Det=394	Mon Det=11167	Aux Det=372	O+H=824	 DONE
30/09/2025 19:45:23:	move motor	S18.axis2.piezo rotation to -0.880760deg	 DONE
30/09/2025 19:45:25:	42	count	time	5.000000s/cts	O Det=31	H Det=404	Mon Det=11180	Aux Det=405	O+H=840	 DONE
30/09/2025 19:45:31:	move motor	S18.axis2.piezo rotation to -0.880700deg	 DONE
30/09/2025 19:45:33:	43	count	time	5.000000s/cts	O Det=35	H Det=333	Mon Det=11304	Aux Det=295	O+H=663	 DONE
30/09/2025 19:45:39:	move motor	S18.axis2.piezo rotation to -0.880640deg	 DONE
30/09/2025 19:45:41:	44	count	time	5.000000s/cts	O Det=25	H Det=279	Mon Det=11207	Aux Det=262	O+H=566	 DONE
30/09/2025 19:45:48:	move motor	S18.axis2.piezo rotation to -0.880580deg	 DONE
30/09/2025 19:45:49:	45	count	time	5.000000s/cts	O Det=21	H Det=209	Mon Det=11415	Aux Det=200	O+H=430	 DONE
30/09/2025 19:45:55:	move motor	S18.axis2.piezo rotation to -0.880520deg	 DONE
30/09/2025 19:45:57:	46	count	time	5.000000s/cts	O Det=19	H Det=162	Mon Det=11133	Aux Det=189	O+H=370	 DONE
30/09/2025 19:46:04:	move motor	S18.axis2.piezo rotation to -0.880460deg	 DONE
30/09/2025 19:46:05:	47	count	time	5.000000s/cts	O Det=13	H Det=137	Mon Det=11397	Aux Det=159	O+H=309	 DONE
30/09/2025 19:46:12:	move motor	S18.axis2.piezo rotation to -0.880400deg	 DONE
30/09/2025 19:46:13:	48	count	time	5.000000s/cts	O Det=19	H Det=121	Mon Det=11525	Aux Det=152	O+H=292	 DONE
30/09/2025 19:46:20:	move motor	S18.axis2.piezo rotation to -0.880340deg	 DONE
30/09/2025 19:46:21:	49	count	time	5.000000s/cts	O Det=9	H Det=105	Mon Det=11540	Aux Det=113	O+H=227	 DONE
30/09/2025 19:46:28:	move motor	S18.axis2.piezo rotation to -0.880280deg	 DONE
30/09/2025 19:46:29:	50	count	time	5.000000s/cts	O Det=13	H Det=108	Mon Det=11135	Aux Det=92	O+H=213	 DONE
30/09/2025 19:46:36:	move motor	S18.axis2.piezo rotation to -0.880220deg	 DONE
30/09/2025 19:46:38:	51	count	time	5.000000s/cts	O Det=5	H Det=75	Mon Det=11360	Aux Det=76	O+H=156	 DONE
30/09/2025 19:46:44:	move motor	S18.axis2.piezo rotation to -0.880160deg	 DONE
30/09/2025 19:46:46:	52	count	time	5.000000s/cts	O Det=4	H Det=81	Mon Det=11422	Aux Det=85	O+H=170	 DONE
30/09/2025 19:46:52:	move motor	S18.axis2.piezo rotation to -0.880100deg	 DONE
30/09/2025 19:46:54:	53	count	time	5.000000s/cts	O Det=3	H Det=45	Mon Det=11385	Aux Det=65	O+H=113	 DONE
30/09/2025 19:47:01:	move motor	S18.axis2.piezo rotation to -0.880040deg	 DONE
30/09/2025 19:47:02:	54	count	time	5.000000s/cts	O Det=4	H Det=50	Mon Det=11476	Aux Det=59	O+H=113	 DONE
30/09/2025 19:47:08:	move motor	S18.axis2.piezo rotation to -0.879980deg	 DONE
30/09/2025 19:47:10:	55	count	time	5.000000s/cts	O Det=4	H Det=43	Mon Det=11503	Aux Det=50	O+H=97	 DONE
30/09/2025 19:47:17:	move motor	S18.axis2.piezo rotation to -0.879920deg	 DONE
30/09/2025 19:47:18:	56	count	time	5.000000s/cts	O Det=1	H Det=42	Mon Det=11524	Aux Det=52	O+H=95	 DONE
30/09/2025 19:47:25:	move motor	S18.axis2.piezo rotation to -0.879860deg	 DONE
30/09/2025 19:47:26:	57	count	time	5.000000s/cts	O Det=2	H Det=43	Mon Det=11583	Aux Det=48	O+H=93	 DONE
30/09/2025 19:47:33:	move motor	S18.axis2.piezo rotation to -0.879800deg	 DONE
30/09/2025 19:47:34:	58	count	time	5.000000s/cts	O Det=1	H Det=28	Mon Det=11542	Aux Det=42	O+H=71	 DONE
30/09/2025 19:47:41:	move motor	S18.axis2.piezo rotation to -0.879740deg	 DONE
30/09/2025 19:47:42:	59	count	time	5.000000s/cts	O Det=0	H Det=35	Mon Det=11226	Aux Det=44	O+H=79	 DONE
30/09/2025 19:47:49:	move motor	S18.axis2.piezo rotation to -0.879680deg	 DONE
30/09/2025 19:47:50:	60	count	time	5.000000s/cts	O Det=1	H Det=23	Mon Det=11456	Aux Det=33	O+H=57	 DONE
30/09/2025 19:47:57:	close file and end scan	 DONE
30/09/2025 19:47:58:	move motor	S18.axis2.piezo rotation to fit SUM PEAK60	-0.881082reached -0.88108  DONE
call of rocking.sc DONE
30/09/2025 19:48:02:	move motor	S18.axis2.Aperture Y to 19.00000mm	reached 19.00000  DONE
30/09/2025 19:48:06:	move motor	S18.axis2.phaseshifter 2 to -3.100000deg	 DONE
30/09/2025 19:48:08:	create file	D:\data\Cycle 198\exp_3-16-19\rawdata\sc\Aperture_scan_ifg2_newPS_B1_2p30s_30Sep1948.dat	 DONE
room to enter remarks DONE
30/09/2025 19:48:09:	move motor	S18.axis2.phaseshifter 2 to -3.000000deg	 DONE
30/09/2025 19:48:11:	1	count	time	30.000000s/cts	O Det=872	H Det=3609	Mon Det=68250	Aux Det=2800	O+H=7281	 DONE
30/09/2025 19:48:43:	move motor	S18.axis2.phaseshifter 2 to -2.931034deg	 DONE
30/09/2025 19:48:44:	2	count	time	30.000000s/cts	O Det=956	H Det=3633	Mon Det=68424	Aux Det=2853	O+H=7442	 DONE
30/09/2025 19:49:16:	move motor	S18.axis2.phaseshifter 2 to -2.862068deg	 DONE
30/09/2025 19:49:17:	3	count	time	30.000000s/cts	O Det=1485	H Det=3042	Mon Det=68284	Aux Det=2711	O+H=7238	 DONE
30/09/2025 19:49:49:	move motor	S18.axis2.phaseshifter 2 to -2.793102deg	 DONE
30/09/2025 19:49:51:	4	count	time	30.000000s/cts	O Det=2066	H Det=2696	Mon Det=68009	Aux Det=2830	O+H=7592	 DONE
30/09/2025 19:50:22:	move motor	S18.axis2.phaseshifter 2 to -2.724136deg	 DONE
30/09/2025 19:50:24:	5	count	time	30.000000s/cts	O Det=2475	H Det=2205	Mon Det=68694	Aux Det=2794	O+H=7474	 DONE
30/09/2025 19:50:56:	move motor	S18.axis2.phaseshifter 2 to -2.655170deg	 DONE
30/09/2025 19:50:57:	6	count	time	30.000000s/cts	O Det=2773	H Det=2074	Mon Det=68382	Aux Det=2790	O+H=7637	 DONE
30/09/2025 19:51:29:	move motor	S18.axis2.phaseshifter 2 to -2.586204deg	 DONE
30/09/2025 19:51:30:	7	count	time	30.000000s/cts	O Det=3075	H Det=1836	Mon Det=68154	Aux Det=2823	O+H=7734	 DONE
30/09/2025 19:52:02:	move motor	S18.axis2.phaseshifter 2 to -2.517238deg	 DONE
30/09/2025 19:52:04:	8	count	time	30.000000s/cts	O Det=3014	H Det=1783	Mon Det=68106	Aux Det=2893	O+H=7690	 DONE
30/09/2025 19:52:35:	move motor	S18.axis2.phaseshifter 2 to -2.448272deg	 DONE
30/09/2025 19:52:37:	9	count	time	30.000000s/cts	O Det=2917	H Det=1850	Mon Det=68566	Aux Det=2780	O+H=7547	 DONE
30/09/2025 19:53:09:	move motor	S18.axis2.phaseshifter 2 to -2.379306deg	 DONE
30/09/2025 19:53:10:	10	count	time	30.000000s/cts	O Det=2669	H Det=2165	Mon Det=68545	Aux Det=2848	O+H=7682	 DONE
30/09/2025 19:53:42:	move motor	S18.axis2.phaseshifter 2 to -2.310340deg	 DONE
30/09/2025 19:53:43:	11	count	time	30.000000s/cts	O Det=1893	H Det=2788	Mon Det=68768	Aux Det=2825	O+H=7506	 DONE
30/09/2025 19:54:15:	move motor	S18.axis2.phaseshifter 2 to -2.241374deg	 DONE
30/09/2025 19:54:16:	12	count	time	30.000000s/cts	O Det=1531	H Det=3266	Mon Det=68310	Aux Det=2729	O+H=7526	 DONE
30/09/2025 19:54:48:	move motor	S18.axis2.phaseshifter 2 to -2.172408deg	 DONE
30/09/2025 19:54:50:	13	count	time	30.000000s/cts	O Det=1117	H Det=3527	Mon Det=68556	Aux Det=2776	O+H=7420	 DONE
30/09/2025 19:55:21:	move motor	S18.axis2.phaseshifter 2 to -2.103442deg	 DONE
30/09/2025 19:55:23:	14	count	time	30.000000s/cts	O Det=926	H Det=3734	Mon Det=68710	Aux Det=2853	O+H=7513	 DONE
30/09/2025 19:55:55:	move motor	S18.axis2.phaseshifter 2 to -2.034476deg	 DONE
30/09/2025 19:55:56:	15	count	time	30.000000s/cts	O Det=802	H Det=3818	Mon Det=68467	Aux Det=2903	O+H=7523	 DONE
30/09/2025 19:56:28:	move motor	S18.axis2.phaseshifter 2 to -1.965510deg	 DONE
30/09/2025 19:56:30:	16	count	time	30.000000s/cts	O Det=953	H Det=3758	Mon Det=68859	Aux Det=2839	O+H=7550	 DONE
30/09/2025 19:57:01:	move motor	S18.axis2.phaseshifter 2 to -1.896544deg	 DONE
30/09/2025 19:57:03:	17	count	time	30.000000s/cts	O Det=1237	H Det=3434	Mon Det=68238	Aux Det=2924	O+H=7595	 DONE
30/09/2025 19:57:35:	move motor	S18.axis2.phaseshifter 2 to -1.827578deg	 DONE
30/09/2025 19:57:36:	18	count	time	30.000000s/cts	O Det=1701	H Det=3190	Mon Det=67631	Aux Det=2713	O+H=7604	 DONE
30/09/2025 19:58:08:	move motor	S18.axis2.phaseshifter 2 to -1.758612deg	 DONE
30/09/2025 19:58:09:	19	count	time	30.000000s/cts	O Det=2069	H Det=2674	Mon Det=68361	Aux Det=2842	O+H=7585	 DONE
30/09/2025 19:58:41:	move motor	S18.axis2.phaseshifter 2 to -1.689646deg	 DONE
30/09/2025 19:58:43:	20	count	time	30.000000s/cts	O Det=2489	H Det=2405	Mon Det=68428	Aux Det=2836	O+H=7730	 DONE
30/09/2025 19:59:15:	move motor	S18.axis2.phaseshifter 2 to -1.620680deg	 DONE
30/09/2025 19:59:16:	21	count	time	30.000000s/cts	O Det=2860	H Det=1926	Mon Det=68837	Aux Det=2854	O+H=7640	 DONE
30/09/2025 19:59:48:	move motor	S18.axis2.phaseshifter 2 to -1.551714deg	 DONE
30/09/2025 19:59:49:	22	count	time	30.000000s/cts	O Det=3030	H Det=1807	Mon Det=68340	Aux Det=2879	O+H=7716	 DONE
30/09/2025 20:00:21:	move motor	S18.axis2.phaseshifter 2 to -1.482748deg	 DONE
30/09/2025 20:00:22:	23	count	time	30.000000s/cts	O Det=3072	H Det=1813	Mon Det=68454	Aux Det=2797	O+H=7682	 DONE
30/09/2025 20:00:54:	move motor	S18.axis2.phaseshifter 2 to -1.413782deg	 DONE
30/09/2025 20:00:56:	24	count	time	30.000000s/cts	O Det=2949	H Det=1936	Mon Det=68517	Aux Det=2856	O+H=7741	 DONE
30/09/2025 20:01:27:	move motor	S18.axis2.phaseshifter 2 to -1.344816deg	 DONE
30/09/2025 20:01:29:	25	count	time	30.000000s/cts	O Det=2347	H Det=2302	Mon Det=68311	Aux Det=2803	O+H=7452	 DONE
30/09/2025 20:02:01:	move motor	S18.axis2.phaseshifter 2 to -1.275850deg	 DONE
30/09/2025 20:02:02:	26	count	time	30.000000s/cts	O Det=1985	H Det=2801	Mon Det=68443	Aux Det=2833	O+H=7619	 DONE
30/09/2025 20:02:34:	move motor	S18.axis2.phaseshifter 2 to -1.206884deg	 DONE
30/09/2025 20:02:35:	27	count	time	30.000000s/cts	O Det=1452	H Det=3082	Mon Det=67981	Aux Det=2840	O+H=7374	 DONE
30/09/2025 20:03:07:	move motor	S18.axis2.phaseshifter 2 to -1.137918deg	 DONE
30/09/2025 20:03:09:	28	count	time	30.000000s/cts	O Det=1005	H Det=3621	Mon Det=68396	Aux Det=2893	O+H=7519	 DONE
30/09/2025 20:03:40:	move motor	S18.axis2.phaseshifter 2 to -1.068952deg	 DONE
30/09/2025 20:03:42:	29	count	time	30.000000s/cts	O Det=844	H Det=3811	Mon Det=68519	Aux Det=2893	O+H=7548	 DONE
30/09/2025 20:04:14:	move motor	S18.axis2.phaseshifter 2 to -0.999986deg	 DONE
30/09/2025 20:04:15:	30	count	time	30.000000s/cts	O Det=795	H Det=3775	Mon Det=68219	Aux Det=2844	O+H=7414	 DONE
30/09/2025 20:04:47:	close file and end scan	 DONE
call of ifg2_newPS_2p30s_B1.sc DONE
30/09/2025 20:04:48:	move motor	S18.axis2.Aperture Y to 21.50000mm	reached 21.50000  DONE
30/09/2025 20:04:52:	move motor	S18.axis2.phaseshifter 2 to -3.100000deg	 DONE
30/09/2025 20:04:54:	create file	D:\data\Cycle 198\exp_3-16-19\rawdata\sc\Aperture_scan_ifg2_newPS_B1_2p30s_30Sep2004.dat	 DONE
room to enter remarks DONE
30/09/2025 20:04:55:	move motor	S18.axis2.phaseshifter 2 to -3.000000deg	 DONE
30/09/2025 20:04:57:	1	count	time	30.000000s/cts	O Det=1035	H Det=3846	Mon Det=68484	Aux Det=2840	O+H=7721	 DONE
30/09/2025 20:05:29:	move motor	S18.axis2.phaseshifter 2 to -2.931034deg	 DONE
30/09/2025 20:05:30:	2	count	time	30.000000s/cts	O Det=1324	H Det=3785	Mon Det=68333	Aux Det=2793	O+H=7902	 DONE
30/09/2025 20:06:02:	move motor	S18.axis2.phaseshifter 2 to -2.862068deg	 DONE
30/09/2025 20:06:04:	3	count	time	30.000000s/cts	O Det=1510	H Det=3423	Mon Det=67534	Aux Det=2832	O+H=7765	 DONE
30/09/2025 20:06:35:	move motor	S18.axis2.phaseshifter 2 to -2.793102deg	 DONE
30/09/2025 20:06:37:	4	count	time	30.000000s/cts	O Det=2134	H Det=3095	Mon Det=68442	Aux Det=2813	O+H=8042	 DONE
30/09/2025 20:07:09:	move motor	S18.axis2.phaseshifter 2 to -2.724136deg	 DONE
30/09/2025 20:07:10:	5	count	time	30.000000s/cts	O Det=2455	H Det=2600	Mon Det=67936	Aux Det=2747	O+H=7802	 DONE
30/09/2025 20:07:42:	move motor	S18.axis2.phaseshifter 2 to -2.655170deg	 DONE
30/09/2025 20:07:43:	6	count	time	30.000000s/cts	O Det=2401	H Det=2698	Mon Det=68140	Aux Det=2832	O+H=7931	 DONE
30/09/2025 20:08:15:	move motor	S18.axis2.phaseshifter 2 to -2.586204deg	 DONE
30/09/2025 20:08:16:	7	count	time	30.000000s/cts	O Det=2617	H Det=2517	Mon Det=67912	Aux Det=2780	O+H=7914	 DONE
30/09/2025 20:08:48:	move motor	S18.axis2.phaseshifter 2 to -2.517238deg	 DONE
30/09/2025 20:08:50:	8	count	time	30.000000s/cts	O Det=2602	H Det=2636	Mon Det=68194	Aux Det=2809	O+H=8047	 DONE
30/09/2025 20:09:21:	move motor	S18.axis2.phaseshifter 2 to -2.448272deg	 DONE
30/09/2025 20:09:23:	9	count	time	30.000000s/cts	O Det=2360	H Det=2757	Mon Det=68513	Aux Det=2748	O+H=7865	 DONE
30/09/2025 20:09:55:	move motor	S18.axis2.phaseshifter 2 to -2.379306deg	 DONE
30/09/2025 20:09:56:	10	count	time	30.000000s/cts	O Det=2183	H Det=2874	Mon Det=68076	Aux Det=2861	O+H=7918	 DONE
30/09/2025 20:10:28:	move motor	S18.axis2.phaseshifter 2 to -2.310340deg	 DONE
30/09/2025 20:10:30:	11	count	time	30.000000s/cts	O Det=1777	H Det=3209	Mon Det=68538	Aux Det=2786	O+H=7772	 DONE
30/09/2025 20:11:01:	move motor	S18.axis2.phaseshifter 2 to -2.241374deg	 DONE
30/09/2025 20:11:03:	12	count	time	30.000000s/cts	O Det=1491	H Det=3476	Mon Det=68732	Aux Det=2815	O+H=7782	 DONE
30/09/2025 20:11:35:	move motor	S18.axis2.phaseshifter 2 to -2.172408deg	 DONE
30/09/2025 20:11:36:	13	count	time	30.000000s/cts	O Det=1085	H Det=3927	Mon Det=68560	Aux Det=2738	O+H=7750	 DONE
30/09/2025 20:12:08:	move motor	S18.axis2.phaseshifter 2 to -2.103442deg	 DONE
30/09/2025 20:12:09:	14	count	time	30.000000s/cts	O Det=975	H Det=4133	Mon Det=68529	Aux Det=2730	O+H=7838	 DONE
30/09/2025 20:12:41:	move motor	S18.axis2.phaseshifter 2 to -2.034476deg	 DONE
30/09/2025 20:12:43:	15	count	time	30.000000s/cts	O Det=1019	H Det=3939	Mon Det=68090	Aux Det=2840	O+H=7798	 DONE
30/09/2025 20:13:14:	move motor	S18.axis2.phaseshifter 2 to -1.965510deg	 DONE
30/09/2025 20:13:16:	16	count	time	30.000000s/cts	O Det=1381	H Det=3556	Mon Det=68315	Aux Det=2847	O+H=7784	 DONE
30/09/2025 20:13:48:	move motor	S18.axis2.phaseshifter 2 to -1.896544deg	 DONE
30/09/2025 20:13:49:	17	count	time	30.000000s/cts	O Det=1384	H Det=3573	Mon Det=68332	Aux Det=2889	O+H=7846	 DONE
30/09/2025 20:14:21:	move motor	S18.axis2.phaseshifter 2 to -1.827578deg	 DONE
30/09/2025 20:14:23:	18	count	time	30.000000s/cts	O Det=1717	H Det=3268	Mon Det=68649	Aux Det=2853	O+H=7838	 DONE
30/09/2025 20:14:54:	move motor	S18.axis2.phaseshifter 2 to -1.758612deg	 DONE
30/09/2025 20:14:56:	19	count	time	30.000000s/cts	O Det=2310	H Det=2773	Mon Det=68290	Aux Det=2801	O+H=7884	 DONE
30/09/2025 20:15:28:	move motor	S18.axis2.phaseshifter 2 to -1.689646deg	 DONE
30/09/2025 20:15:29:	20	count	time	30.000000s/cts	O Det=2411	H Det=2817	Mon Det=68484	Aux Det=2788	O+H=8016	 DONE
30/09/2025 20:16:01:	move motor	S18.axis2.phaseshifter 2 to -1.620680deg	 DONE
30/09/2025 20:16:03:	21	count	time	30.000000s/cts	O Det=2567	H Det=2439	Mon Det=68824	Aux Det=2633	O+H=7639	 DONE
30/09/2025 20:16:34:	move motor	S18.axis2.phaseshifter 2 to -1.551714deg	 DONE
30/09/2025 20:16:36:	22	count	time	30.000000s/cts	O Det=2671	H Det=2475	Mon Det=68275	Aux Det=2719	O+H=7865	 DONE
30/09/2025 20:17:08:	move motor	S18.axis2.phaseshifter 2 to -1.482748deg	 DONE
30/09/2025 20:17:09:	23	count	time	30.000000s/cts	O Det=2537	H Det=2612	Mon Det=68553	Aux Det=2874	O+H=8023	 DONE
30/09/2025 20:17:41:	move motor	S18.axis2.phaseshifter 2 to -1.413782deg	 DONE
30/09/2025 20:17:42:	24	count	time	30.000000s/cts	O Det=2218	H Det=2765	Mon Det=67889	Aux Det=2845	O+H=7828	 DONE
30/09/2025 20:18:14:	move motor	S18.axis2.phaseshifter 2 to -1.344816deg	 DONE
30/09/2025 20:18:16:	25	count	time	30.000000s/cts	O Det=1915	H Det=3052	Mon Det=68844	Aux Det=2893	O+H=7860	 DONE
30/09/2025 20:18:47:	move motor	S18.axis2.phaseshifter 2 to -1.275850deg	 DONE
30/09/2025 20:18:49:	26	count	time	30.000000s/cts	O Det=1631	H Det=3364	Mon Det=68324	Aux Det=2810	O+H=7805	 DONE
30/09/2025 20:19:21:	move motor	S18.axis2.phaseshifter 2 to -1.206884deg	 DONE
30/09/2025 20:19:22:	27	count	time	30.000000s/cts	O Det=1106	H Det=3810	Mon Det=68315	Aux Det=2710	O+H=7626	 DONE
30/09/2025 20:19:54:	move motor	S18.axis2.phaseshifter 2 to -1.137918deg	 DONE
30/09/2025 20:19:56:	28	count	time	30.000000s/cts	O Det=1064	H Det=3841	Mon Det=68604	Aux Det=2866	O+H=7771	 DONE
30/09/2025 20:20:27:	move motor	S18.axis2.phaseshifter 2 to -1.068952deg	 DONE
30/09/2025 20:20:29:	29	count	time	30.000000s/cts	O Det=1053	H Det=3995	Mon Det=68355	Aux Det=2776	O+H=7824	 DONE
30/09/2025 20:21:01:	move motor	S18.axis2.phaseshifter 2 to -0.999986deg	 DONE
30/09/2025 20:21:02:	30	count	time	30.000000s/cts	O Det=1001	H Det=3919	Mon Det=68348	Aux Det=2813	O+H=7733	 DONE
30/09/2025 20:21:34:	close file and end scan	 DONE
call of ifg2_newPS_2p30s_B1.sc DONE
30/09/2025 20:21:35:	move motor	S18.axis2.Aperture Z to 11.00000mm	reached 11.00000  DONE
30/09/2025 20:21:38:	move motor	S18.axis2.Aperture Y to 16.50000mm	reached 16.50000  DONE
30/09/2025 20:21:44:	move motor	S18.axis2.phaseshifter 2 to -3.100000deg	 DONE
30/09/2025 20:21:46:	create file	D:\data\Cycle 198\exp_3-16-19\rawdata\sc\Aperture_scan_ifg2_newPS_B1_2p30s_30Sep2021.dat	 DONE
room to enter remarks DONE
30/09/2025 20:21:47:	move motor	S18.axis2.phaseshifter 2 to -3.000000deg	 DONE
30/09/2025 20:21:49:	1	count	time	30.000000s/cts	O Det=721	H Det=3748	Mon Det=68789	Aux Det=2739	O+H=7208	 DONE
30/09/2025 20:22:20:	move motor	S18.axis2.phaseshifter 2 to -2.931034deg	 DONE
30/09/2025 20:22:22:	2	count	time	30.000000s/cts	O Det=1111	H Det=3197	Mon Det=68704	Aux Det=2795	O+H=7103	 DONE
30/09/2025 20:22:54:	move motor	S18.axis2.phaseshifter 2 to -2.862068deg	 DONE
30/09/2025 20:22:55:	3	count	time	30.000000s/cts	O Det=1553	H Det=2837	Mon Det=68511	Aux Det=2824	O+H=7214	 DONE
30/09/2025 20:23:27:	move motor	S18.axis2.phaseshifter 2 to -2.793102deg	 DONE
30/09/2025 20:23:28:	4	count	time	30.000000s/cts	O Det=1820	H Det=2724	Mon Det=68162	Aux Det=2805	O+H=7349	 DONE
30/09/2025 20:24:00:	move motor	S18.axis2.phaseshifter 2 to -2.724136deg	 DONE
30/09/2025 20:24:02:	5	count	time	30.000000s/cts	O Det=2096	H Det=2385	Mon Det=68212	Aux Det=2838	O+H=7319	 DONE
30/09/2025 20:24:33:	move motor	S18.axis2.phaseshifter 2 to -2.655170deg	 DONE
30/09/2025 20:24:35:	6	count	time	30.000000s/cts	O Det=2683	H Det=1843	Mon Det=68326	Aux Det=2932	O+H=7458	 DONE
30/09/2025 20:25:07:	move motor	S18.axis2.phaseshifter 2 to -2.586204deg	 DONE
30/09/2025 20:25:08:	7	count	time	30.000000s/cts	O Det=2940	H Det=1673	Mon Det=68212	Aux Det=2884	O+H=7497	 DONE
30/09/2025 20:25:40:	move motor	S18.axis2.phaseshifter 2 to -2.517238deg	 DONE
30/09/2025 20:25:42:	8	count	time	30.000000s/cts	O Det=3011	H Det=1592	Mon Det=68624	Aux Det=2885	O+H=7488	 DONE
30/09/2025 20:26:13:	move motor	S18.axis2.phaseshifter 2 to -2.448272deg	 DONE
30/09/2025 20:26:15:	9	count	time	30.000000s/cts	O Det=3012	H Det=1552	Mon Det=68569	Aux Det=2831	O+H=7395	 DONE
30/09/2025 20:26:47:	move motor	S18.axis2.phaseshifter 2 to -2.379306deg	 DONE
30/09/2025 20:26:48:	10	count	time	30.000000s/cts	O Det=2737	H Det=1938	Mon Det=68165	Aux Det=2739	O+H=7414	 DONE
30/09/2025 20:27:20:	move motor	S18.axis2.phaseshifter 2 to -2.310340deg	 DONE
30/09/2025 20:27:21:	11	count	time	30.000000s/cts	O Det=2464	H Det=2167	Mon Det=68110	Aux Det=2813	O+H=7444	 DONE
30/09/2025 20:27:53:	move motor	S18.axis2.phaseshifter 2 to -2.241374deg	 DONE
30/09/2025 20:27:55:	12	count	time	30.000000s/cts	O Det=1912	H Det=2507	Mon Det=68555	Aux Det=2738	O+H=7157	 DONE
30/09/2025 20:28:26:	move motor	S18.axis2.phaseshifter 2 to -2.172408deg	 DONE
30/09/2025 20:28:28:	13	count	time	30.000000s/cts	O Det=1247	H Det=3093	Mon Det=68455	Aux Det=2810	O+H=7150	 DONE
30/09/2025 20:28:59:	move motor	S18.axis2.phaseshifter 2 to -2.103442deg	 DONE
30/09/2025 20:29:01:	14	count	time	30.000000s/cts	O Det=1031	H Det=3373	Mon Det=68692	Aux Det=2919	O+H=7323	 DONE
30/09/2025 20:29:33:	move motor	S18.axis2.phaseshifter 2 to -2.034476deg	 DONE
30/09/2025 20:29:34:	15	count	time	30.000000s/cts	O Det=716	H Det=3717	Mon Det=68688	Aux Det=2740	O+H=7173	 DONE
30/09/2025 20:30:06:	move motor	S18.axis2.phaseshifter 2 to -1.965510deg	 DONE
30/09/2025 20:30:08:	16	count	time	30.000000s/cts	O Det=779	H Det=3627	Mon Det=68121	Aux Det=2831	O+H=7237	 DONE
30/09/2025 20:30:39:	move motor	S18.axis2.phaseshifter 2 to -1.896544deg	 DONE
30/09/2025 20:30:41:	17	count	time	30.000000s/cts	O Det=884	H Det=3535	Mon Det=68987	Aux Det=2806	O+H=7225	 DONE
30/09/2025 20:31:13:	move motor	S18.axis2.phaseshifter 2 to -1.827578deg	 DONE
30/09/2025 20:31:14:	18	count	time	30.000000s/cts	O Det=1275	H Det=3138	Mon Det=68143	Aux Det=2895	O+H=7308	 DONE
30/09/2025 20:31:46:	move motor	S18.axis2.phaseshifter 2 to -1.758612deg	 DONE
30/09/2025 20:31:47:	19	count	time	30.000000s/cts	O Det=2048	H Det=2458	Mon Det=68593	Aux Det=2880	O+H=7386	 DONE
30/09/2025 20:32:19:	move motor	S18.axis2.phaseshifter 2 to -1.689646deg	 DONE
30/09/2025 20:32:21:	20	count	time	30.000000s/cts	O Det=2172	H Det=2354	Mon Det=68317	Aux Det=2863	O+H=7389	 DONE
30/09/2025 20:32:52:	move motor	S18.axis2.phaseshifter 2 to -1.620680deg	 DONE
30/09/2025 20:32:54:	21	count	time	30.000000s/cts	O Det=2856	H Det=1766	Mon Det=68377	Aux Det=2847	O+H=7469	 DONE
30/09/2025 20:33:26:	move motor	S18.axis2.phaseshifter 2 to -1.551714deg	 DONE
30/09/2025 20:33:27:	22	count	time	30.000000s/cts	O Det=2871	H Det=1565	Mon Det=68070	Aux Det=2817	O+H=7253	 DONE
30/09/2025 20:33:59:	move motor	S18.axis2.phaseshifter 2 to -1.482748deg	 DONE
30/09/2025 20:34:01:	23	count	time	30.000000s/cts	O Det=3006	H Det=1585	Mon Det=68210	Aux Det=2786	O+H=7377	 DONE
30/09/2025 20:34:32:	move motor	S18.axis2.phaseshifter 2 to -1.413782deg	 DONE
30/09/2025 20:34:34:	24	count	time	30.000000s/cts	O Det=2909	H Det=1666	Mon Det=68515	Aux Det=2798	O+H=7373	 DONE
30/09/2025 20:35:06:	move motor	S18.axis2.phaseshifter 2 to -1.344816deg	 DONE
30/09/2025 20:35:07:	25	count	time	30.000000s/cts	O Det=2455	H Det=2058	Mon Det=68595	Aux Det=2738	O+H=7251	 DONE
30/09/2025 20:35:39:	move motor	S18.axis2.phaseshifter 2 to -1.275850deg	 DONE
30/09/2025 20:35:40:	26	count	time	30.000000s/cts	O Det=2042	H Det=2408	Mon Det=68648	Aux Det=2743	O+H=7193	 DONE
30/09/2025 20:36:12:	move motor	S18.axis2.phaseshifter 2 to -1.206884deg	 DONE
30/09/2025 20:36:13:	27	count	time	30.000000s/cts	O Det=1576	H Det=2861	Mon Det=68634	Aux Det=2837	O+H=7274	 DONE
30/09/2025 20:36:45:	move motor	S18.axis2.phaseshifter 2 to -1.137918deg	 DONE
30/09/2025 20:36:47:	28	count	time	30.000000s/cts	O Det=1112	H Det=3314	Mon Det=68454	Aux Det=2870	O+H=7296	 DONE
30/09/2025 20:37:18:	move motor	S18.axis2.phaseshifter 2 to -1.068952deg	 DONE
30/09/2025 20:37:20:	29	count	time	30.000000s/cts	O Det=905	H Det=3570	Mon Det=68167	Aux Det=2773	O+H=7248	 DONE
30/09/2025 20:37:52:	move motor	S18.axis2.phaseshifter 2 to -0.999986deg	 DONE
30/09/2025 20:37:53:	30	count	time	30.000000s/cts	O Det=780	H Det=3554	Mon Det=68256	Aux Det=2840	O+H=7174	 DONE
30/09/2025 20:38:25:	close file and end scan	 DONE
call of ifg2_newPS_2p30s_B1.sc DONE
30/09/2025 20:38:26:	move motor	S18.axis2.Aperture Y to 19.00000mm	reached 19.00000  DONE
30/09/2025 20:38:30:	move motor	S18.axis2.phaseshifter 2 to -3.100000deg	 DONE
30/09/2025 20:38:32:	create file	D:\data\Cycle 198\exp_3-16-19\rawdata\sc\Aperture_scan_ifg2_newPS_B1_2p30s_30Sep2038.dat	 DONE
room to enter remarks DONE
30/09/2025 20:38:33:	move motor	S18.axis2.phaseshifter 2 to -3.000000deg	 DONE
30/09/2025 20:38:35:	1	count	time	30.000000s/cts	O Det=922	H Det=3960	Mon Det=68457	Aux Det=3003	O+H=7885	 DONE
30/09/2025 20:39:07:	move motor	S18.axis2.phaseshifter 2 to -2.931034deg	 DONE
30/09/2025 20:39:08:	2	count	time	30.000000s/cts	O Det=1263	H Det=3627	Mon Det=68550	Aux Det=3025	O+H=7915	 DONE
30/09/2025 20:39:40:	move motor	S18.axis2.phaseshifter 2 to -2.862068deg	 DONE
30/09/2025 20:39:41:	3	count	time	30.000000s/cts	O Det=1752	H Det=3231	Mon Det=68781	Aux Det=3038	O+H=8021	 DONE
30/09/2025 20:40:13:	move motor	S18.axis2.phaseshifter 2 to -2.793102deg	 DONE
30/09/2025 20:40:15:	4	count	time	30.000000s/cts	O Det=2035	H Det=3012	Mon Det=68334	Aux Det=3038	O+H=8085	 DONE
30/09/2025 20:40:46:	move motor	S18.axis2.phaseshifter 2 to -2.724136deg	 DONE
30/09/2025 20:40:48:	5	count	time	30.000000s/cts	O Det=2391	H Det=2640	Mon Det=68853	Aux Det=3039	O+H=8070	 DONE
30/09/2025 20:41:20:	move motor	S18.axis2.phaseshifter 2 to -2.655170deg	 DONE
30/09/2025 20:41:21:	6	count	time	30.000000s/cts	O Det=3018	H Det=2075	Mon Det=68954	Aux Det=2995	O+H=8088	 DONE
30/09/2025 20:41:53:	move motor	S18.axis2.phaseshifter 2 to -2.586204deg	 DONE
30/09/2025 20:41:55:	7	count	time	30.000000s/cts	O Det=3021	H Det=1993	Mon Det=68251	Aux Det=2973	O+H=7987	 DONE
30/09/2025 20:42:26:	move motor	S18.axis2.phaseshifter 2 to -2.517238deg	 DONE
30/09/2025 20:42:28:	8	count	time	30.000000s/cts	O Det=3106	H Det=1963	Mon Det=68618	Aux Det=3006	O+H=8075	 DONE
30/09/2025 20:43:00:	move motor	S18.axis2.phaseshifter 2 to -2.448272deg	 DONE
30/09/2025 20:43:01:	9	count	time	30.000000s/cts	O Det=3034	H Det=2095	Mon Det=68440	Aux Det=3011	O+H=8140	 DONE
30/09/2025 20:43:33:	move motor	S18.axis2.phaseshifter 2 to -2.379306deg	 DONE
30/09/2025 20:43:34:	10	count	time	30.000000s/cts	O Det=2856	H Det=2213	Mon Det=68165	Aux Det=3089	O+H=8158	 DONE
30/09/2025 20:44:06:	move motor	S18.axis2.phaseshifter 2 to -2.310340deg	 DONE
30/09/2025 20:44:08:	11	count	time	30.000000s/cts	O Det=2111	H Det=2903	Mon Det=68110	Aux Det=2940	O+H=7954	 DONE
30/09/2025 20:44:39:	move motor	S18.axis2.phaseshifter 2 to -2.241374deg	 DONE
30/09/2025 20:44:41:	12	count	time	30.000000s/cts	O Det=1629	H Det=3336	Mon Det=68877	Aux Det=2992	O+H=7957	 DONE
30/09/2025 20:45:13:	move motor	S18.axis2.phaseshifter 2 to -2.172408deg	 DONE
30/09/2025 20:45:14:	13	count	time	30.000000s/cts	O Det=1211	H Det=3763	Mon Det=67987	Aux Det=3045	O+H=8019	 DONE
30/09/2025 20:45:46:	move motor	S18.axis2.phaseshifter 2 to -2.103442deg	 DONE
30/09/2025 20:45:48:	14	count	time	30.000000s/cts	O Det=893	H Det=4013	Mon Det=68429	Aux Det=2980	O+H=7886	 DONE
30/09/2025 20:46:19:	move motor	S18.axis2.phaseshifter 2 to -2.034476deg	 DONE
30/09/2025 20:46:21:	15	count	time	30.000000s/cts	O Det=794	H Det=3988	Mon Det=68409	Aux Det=3012	O+H=7794	 DONE
30/09/2025 20:46:53:	move motor	S18.axis2.phaseshifter 2 to -1.965510deg	 DONE
30/09/2025 20:46:54:	16	count	time	30.000000s/cts	O Det=883	H Det=3983	Mon Det=69094	Aux Det=2965	O+H=7831	 DONE
30/09/2025 20:47:26:	move motor	S18.axis2.phaseshifter 2 to -1.896544deg	 DONE
30/09/2025 20:47:28:	17	count	time	30.000000s/cts	O Det=1156	H Det=3913	Mon Det=68637	Aux Det=3069	O+H=8138	 DONE
30/09/2025 20:47:59:	move motor	S18.axis2.phaseshifter 2 to -1.827578deg	 DONE
30/09/2025 20:48:01:	18	count	time	30.000000s/cts	O Det=1476	H Det=3472	Mon Det=68373	Aux Det=3009	O+H=7957	 DONE
30/09/2025 20:48:32:	move motor	S18.axis2.phaseshifter 2 to -1.758612deg	 DONE
30/09/2025 20:48:34:	19	count	time	30.000000s/cts	O Det=2152	H Det=2954	Mon Det=68758	Aux Det=2964	O+H=8070	 DONE
30/09/2025 20:49:06:	move motor	S18.axis2.phaseshifter 2 to -1.689646deg	 DONE
30/09/2025 20:49:07:	20	count	time	30.000000s/cts	O Det=2671	H Det=2455	Mon Det=68227	Aux Det=2926	O+H=8052	 DONE
30/09/2025 20:49:39:	move motor	S18.axis2.phaseshifter 2 to -1.620680deg	 DONE
30/09/2025 20:49:41:	21	count	time	30.000000s/cts	O Det=2904	H Det=2268	Mon Det=68811	Aux Det=3010	O+H=8182	 DONE
30/09/2025 20:50:12:	move motor	S18.axis2.phaseshifter 2 to -1.551714deg	 DONE
30/09/2025 20:50:14:	22	count	time	30.000000s/cts	O Det=3067	H Det=2027	Mon Det=68556	Aux Det=2984	O+H=8078	 DONE
30/09/2025 20:50:46:	move motor	S18.axis2.phaseshifter 2 to -1.482748deg	 DONE
30/09/2025 20:50:47:	23	count	time	30.000000s/cts	O Det=3091	H Det=2074	Mon Det=68270	Aux Det=2979	O+H=8144	 DONE
30/09/2025 20:51:19:	move motor	S18.axis2.phaseshifter 2 to -1.413782deg	 DONE
30/09/2025 20:51:20:	24	count	time	30.000000s/cts	O Det=2938	H Det=2195	Mon Det=68383	Aux Det=3082	O+H=8215	 DONE
30/09/2025 20:51:52:	move motor	S18.axis2.phaseshifter 2 to -1.344816deg	 DONE
30/09/2025 20:51:54:	25	count	time	30.000000s/cts	O Det=2539	H Det=2577	Mon Det=68730	Aux Det=3004	O+H=8120	 DONE
30/09/2025 20:52:25:	move motor	S18.axis2.phaseshifter 2 to -1.275850deg	 DONE
30/09/2025 20:52:27:	26	count	time	30.000000s/cts	O Det=1991	H Det=3090	Mon Det=68813	Aux Det=3006	O+H=8087	 DONE
30/09/2025 20:52:59:	move motor	S18.axis2.phaseshifter 2 to -1.206884deg	 DONE
30/09/2025 20:53:00:	27	count	time	30.000000s/cts	O Det=1662	H Det=3258	Mon Det=68193	Aux Det=3005	O+H=7925	 DONE
30/09/2025 20:53:32:	move motor	S18.axis2.phaseshifter 2 to -1.137918deg	 DONE
30/09/2025 20:53:34:	28	count	time	30.000000s/cts	O Det=1214	H Det=3704	Mon Det=68585	Aux Det=2968	O+H=7886	 DONE
30/09/2025 20:54:05:	move motor	S18.axis2.phaseshifter 2 to -1.068952deg	 DONE
30/09/2025 20:54:07:	29	count	time	30.000000s/cts	O Det=805	H Det=4101	Mon Det=68143	Aux Det=3029	O+H=7935	 DONE
30/09/2025 20:54:39:	move motor	S18.axis2.phaseshifter 2 to -0.999986deg	 DONE
30/09/2025 20:54:40:	30	count	time	30.000000s/cts	O Det=824	H Det=4043	Mon Det=68495	Aux Det=3038	O+H=7905	 DONE
30/09/2025 20:55:12:	close file and end scan	 DONE
call of ifg2_newPS_2p30s_B1.sc DONE
30/09/2025 20:55:13:	move motor	S18.axis2.Aperture Y to 21.50000mm	reached 21.50000  DONE
30/09/2025 20:55:17:	move motor	S18.axis2.phaseshifter 2 to -3.100000deg	 DONE
30/09/2025 20:55:19:	create file	D:\data\Cycle 198\exp_3-16-19\rawdata\sc\Aperture_scan_ifg2_newPS_B1_2p30s_30Sep2055.dat	 DONE
room to enter remarks DONE
30/09/2025 20:55:20:	move motor	S18.axis2.phaseshifter 2 to -3.000000deg	 DONE
30/09/2025 20:55:22:	1	count	time	30.000000s/cts	O Det=1299	H Det=4084	Mon Det=68397	Aux Det=2871	O+H=8254	 DONE
30/09/2025 20:55:54:	move motor	S18.axis2.phaseshifter 2 to -2.931034deg	 DONE
30/09/2025 20:55:55:	2	count	time	30.000000s/cts	O Det=1355	H Det=3918	Mon Det=68351	Aux Det=3063	O+H=8336	 DONE
30/09/2025 20:56:27:	move motor	S18.axis2.phaseshifter 2 to -2.862068deg	 DONE
30/09/2025 20:56:28:	3	count	time	30.000000s/cts	O Det=1750	H Det=3486	Mon Det=68633	Aux Det=3001	O+H=8237	 DONE
30/09/2025 20:57:00:	move motor	S18.axis2.phaseshifter 2 to -2.793102deg	 DONE
30/09/2025 20:57:02:	4	count	time	30.000000s/cts	O Det=2128	H Det=3422	Mon Det=68422	Aux Det=3095	O+H=8645	 DONE
30/09/2025 20:57:33:	move motor	S18.axis2.phaseshifter 2 to -2.724136deg	 DONE
30/09/2025 20:57:35:	5	count	time	30.000000s/cts	O Det=2182	H Det=3135	Mon Det=68412	Aux Det=2944	O+H=8261	 DONE
30/09/2025 20:58:07:	move motor	S18.axis2.phaseshifter 2 to -2.655170deg	 DONE
30/09/2025 20:58:08:	6	count	time	30.000000s/cts	O Det=2590	H Det=2919	Mon Det=68519	Aux Det=2907	O+H=8416	 DONE
30/09/2025 20:58:40:	move motor	S18.axis2.phaseshifter 2 to -2.586204deg	 DONE
30/09/2025 20:58:41:	7	count	time	30.000000s/cts	O Det=2654	H Det=2843	Mon Det=68249	Aux Det=2874	O+H=8371	 DONE
30/09/2025 20:59:13:	move motor	S18.axis2.phaseshifter 2 to -2.517238deg	 DONE
30/09/2025 20:59:15:	8	count	time	30.000000s/cts	O Det=2489	H Det=2944	Mon Det=68354	Aux Det=2908	O+H=8341	 DONE
30/09/2025 20:59:46:	move motor	S18.axis2.phaseshifter 2 to -2.448272deg	 DONE
30/09/2025 20:59:48:	9	count	time	30.000000s/cts	O Det=2357	H Det=3024	Mon Det=68798	Aux Det=3013	O+H=8394	 DONE
30/09/2025 21:00:20:	move motor	S18.axis2.phaseshifter 2 to -2.379306deg	 DONE
30/09/2025 21:00:21:	10	count	time	30.000000s/cts	O Det=2223	H Det=3109	Mon Det=68516	Aux Det=2980	O+H=8312	 DONE
30/09/2025 21:00:53:	move motor	S18.axis2.phaseshifter 2 to -2.310340deg	 DONE
30/09/2025 21:00:55:	11	count	time	30.000000s/cts	O Det=1785	H Det=3521	Mon Det=68351	Aux Det=2987	O+H=8293	 DONE
30/09/2025 21:01:26:	move motor	S18.axis2.phaseshifter 2 to -2.241374deg	 DONE
30/09/2025 21:01:28:	12	count	time	30.000000s/cts	O Det=1438	H Det=3877	Mon Det=68832	Aux Det=3037	O+H=8352	 DONE
30/09/2025 21:02:00:	move motor	S18.axis2.phaseshifter 2 to -2.172408deg	 DONE
30/09/2025 21:02:01:	13	count	time	30.000000s/cts	O Det=1227	H Det=3978	Mon Det=68179	Aux Det=2957	O+H=8162	 DONE
30/09/2025 21:02:33:	move motor	S18.axis2.phaseshifter 2 to -2.103442deg	 DONE
30/09/2025 21:02:35:	14	count	time	30.000000s/cts	O Det=1062	H Det=4208	Mon Det=68743	Aux Det=3028	O+H=8298	 DONE
30/09/2025 21:03:06:	move motor	S18.axis2.phaseshifter 2 to -2.034476deg	 DONE
30/09/2025 21:03:08:	15	count	time	30.000000s/cts	O Det=1156	H Det=4121	Mon Det=68685	Aux Det=3002	O+H=8279	 DONE
30/09/2025 21:03:39:	move motor	S18.axis2.phaseshifter 2 to -1.965510deg	 DONE
30/09/2025 21:03:41:	16	count	time	30.000000s/cts	O Det=1335	H Det=3953	Mon Det=68096	Aux Det=2997	O+H=8285	 DONE
30/09/2025 21:04:13:	move motor	S18.axis2.phaseshifter 2 to -1.896544deg	 DONE
30/09/2025 21:04:14:	17	count	time	30.000000s/cts	O Det=1413	H Det=3900	Mon Det=68640	Aux Det=2945	O+H=8258	 DONE
30/09/2025 21:04:46:	move motor	S18.axis2.phaseshifter 2 to -1.827578deg	 DONE
30/09/2025 21:04:48:	18	count	time	30.000000s/cts	O Det=1827	H Det=3509	Mon Det=68740	Aux Det=3033	O+H=8369	 DONE
30/09/2025 21:05:19:	move motor	S18.axis2.phaseshifter 2 to -1.758612deg	 DONE
30/09/2025 21:05:21:	19	count	time	30.000000s/cts	O Det=2104	H Det=3265	Mon Det=68915	Aux Det=2983	O+H=8352	 DONE
30/09/2025 21:05:53:	move motor	S18.axis2.phaseshifter 2 to -1.689646deg	 DONE
30/09/2025 21:05:54:	20	count	time	30.000000s/cts	O Det=2324	H Det=3092	Mon Det=68713	Aux Det=2920	O+H=8336	 DONE
30/09/2025 21:06:26:	move motor	S18.axis2.phaseshifter 2 to -1.620680deg	 DONE
30/09/2025 21:06:27:	21	count	time	30.000000s/cts	O Det=2507	H Det=2950	Mon Det=69080	Aux Det=3018	O+H=8475	 DONE
30/09/2025 21:06:59:	move motor	S18.axis2.phaseshifter 2 to -1.551714deg	 DONE
30/09/2025 21:07:01:	22	count	time	30.000000s/cts	O Det=2645	H Det=2839	Mon Det=68073	Aux Det=2899	O+H=8383	 DONE
30/09/2025 21:07:32:	move motor	S18.axis2.phaseshifter 2 to -1.482748deg	 DONE
30/09/2025 21:07:34:	23	count	time	30.000000s/cts	O Det=2556	H Det=2958	Mon Det=68318	Aux Det=2924	O+H=8438	 DONE
30/09/2025 21:08:06:	move motor	S18.axis2.phaseshifter 2 to -1.413782deg	 DONE
30/09/2025 21:08:07:	24	count	time	30.000000s/cts	O Det=2242	H Det=3054	Mon Det=69090	Aux Det=3041	O+H=8337	 DONE
30/09/2025 21:08:39:	move motor	S18.axis2.phaseshifter 2 to -1.344816deg	 DONE
30/09/2025 21:08:40:	25	count	time	30.000000s/cts	O Det=2010	H Det=3374	Mon Det=68704	Aux Det=2935	O+H=8319	 DONE
30/09/2025 21:09:12:	move motor	S18.axis2.phaseshifter 2 to -1.275850deg	 DONE
30/09/2025 21:09:14:	26	count	time	30.000000s/cts	O Det=1617	H Det=3712	Mon Det=68784	Aux Det=3070	O+H=8399	 DONE
30/09/2025 21:09:46:	move motor	S18.axis2.phaseshifter 2 to -1.206884deg	 DONE
30/09/2025 21:09:47:	27	count	time	30.000000s/cts	O Det=1398	H Det=3866	Mon Det=68539	Aux Det=2962	O+H=8226	 DONE
30/09/2025 21:10:19:	move motor	S18.axis2.phaseshifter 2 to -1.137918deg	 DONE
30/09/2025 21:10:20:	28	count	time	30.000000s/cts	O Det=1269	H Det=3793	Mon Det=68840	Aux Det=2967	O+H=8029	 DONE
30/09/2025 21:10:52:	move motor	S18.axis2.phaseshifter 2 to -1.068952deg	 DONE
30/09/2025 21:10:54:	29	count	time	30.000000s/cts	O Det=1093	H Det=4265	Mon Det=68684	Aux Det=2892	O+H=8250	 DONE
30/09/2025 21:11:25:	move motor	S18.axis2.phaseshifter 2 to -0.999986deg	 DONE
30/09/2025 21:11:27:	30	count	time	30.000000s/cts	O Det=1117	H Det=4154	Mon Det=68539	Aux Det=2974	O+H=8245	 DONE
30/09/2025 21:11:59:	close file and end scan	 DONE
call of ifg2_newPS_2p30s_B1.sc DONE
30/09/2025 21:12:00:	END OF SCRIPT	 DONE
