01/10/2025 16:32:50:	start execution of script D:\data\Cycle 198\exp_3-16-19\rawdata\sc\ifg1_newPS_6p10s_B2.sc	 DONE
01/10/2025 16:32:51:	move motor	S18.axis2.phaseshifter 1 to -0.100000deg	 DONE
01/10/2025 16:32:55:	create file	D:\data\Cycle 198\exp_3-16-19\rawdata\sc\ifg1_newPS_6p10s_B2_01Oct1632.dat	 DONE
room to enter remarks DONE
01/10/2025 16:32:56:	move motor	S18.axis2.phaseshifter 1 to 0.000000deg	 DONE
01/10/2025 16:32:57:	1	count	time	10.000000s/cts	O Det=187	H Det=1362	Mon Det=22769	Aux Det=1114	O+H=2663	 DONE
01/10/2025 16:33:09:	move motor	S18.axis2.phaseshifter 1 to 0.101695deg	 DONE
01/10/2025 16:33:11:	2	count	time	10.000000s/cts	O Det=387	H Det=1199	Mon Det=22817	Aux Det=1119	O+H=2705	 DONE
01/10/2025 16:33:22:	move motor	S18.axis2.phaseshifter 1 to 0.203390deg	 DONE
01/10/2025 16:33:24:	3	count	time	10.000000s/cts	O Det=557	H Det=1000	Mon Det=22618	Aux Det=1152	O+H=2709	 DONE
01/10/2025 16:33:36:	move motor	S18.axis2.phaseshifter 1 to 0.305085deg	 DONE
01/10/2025 16:33:37:	4	count	time	10.000000s/cts	O Det=728	H Det=812	Mon Det=22958	Aux Det=1120	O+H=2660	 DONE
01/10/2025 16:33:49:	move motor	S18.axis2.phaseshifter 1 to 0.406780deg	 DONE
01/10/2025 16:33:51:	5	count	time	10.000000s/cts	O Det=955	H Det=650	Mon Det=22708	Aux Det=1161	O+H=2766	 DONE
01/10/2025 16:34:02:	move motor	S18.axis2.phaseshifter 1 to 0.508475deg	 DONE
01/10/2025 16:34:04:	6	count	time	10.000000s/cts	O Det=978	H Det=650	Mon Det=22841	Aux Det=1111	O+H=2739	 DONE
01/10/2025 16:34:16:	move motor	S18.axis2.phaseshifter 1 to 0.610170deg	 DONE
01/10/2025 16:34:17:	7	count	time	10.000000s/cts	O Det=899	H Det=722	Mon Det=22764	Aux Det=1121	O+H=2742	 DONE
01/10/2025 16:34:29:	move motor	S18.axis2.phaseshifter 1 to 0.711865deg	 DONE
01/10/2025 16:34:30:	8	count	time	10.000000s/cts	O Det=612	H Det=977	Mon Det=22728	Aux Det=1076	O+H=2665	 DONE
01/10/2025 16:34:42:	move motor	S18.axis2.phaseshifter 1 to 0.813560deg	 DONE
01/10/2025 16:34:44:	9	count	time	10.000000s/cts	O Det=388	H Det=1192	Mon Det=22779	Aux Det=1144	O+H=2724	 DONE
01/10/2025 16:34:56:	move motor	S18.axis2.phaseshifter 1 to 0.915255deg	 DONE
01/10/2025 16:34:57:	10	count	time	10.000000s/cts	O Det=225	H Det=1280	Mon Det=22688	Aux Det=1076	O+H=2581	 DONE
01/10/2025 16:35:09:	move motor	S18.axis2.phaseshifter 1 to 1.016950deg	 DONE
01/10/2025 16:35:11:	11	count	time	10.000000s/cts	O Det=153	H Det=1401	Mon Det=22724	Aux Det=1112	O+H=2666	 DONE
01/10/2025 16:35:22:	move motor	S18.axis2.phaseshifter 1 to 1.118645deg	 DONE
01/10/2025 16:35:24:	12	count	time	10.000000s/cts	O Det=263	H Det=1309	Mon Det=22707	Aux Det=1102	O+H=2674	 DONE
01/10/2025 16:35:36:	move motor	S18.axis2.phaseshifter 1 to 1.220340deg	 DONE
01/10/2025 16:35:37:	13	count	time	10.000000s/cts	O Det=545	H Det=1094	Mon Det=22865	Aux Det=1136	O+H=2775	 DONE
01/10/2025 16:35:49:	move motor	S18.axis2.phaseshifter 1 to 1.322035deg	 DONE
01/10/2025 16:35:51:	14	count	time	10.000000s/cts	O Det=811	H Det=774	Mon Det=23010	Aux Det=1105	O+H=2690	 DONE
01/10/2025 16:36:03:	move motor	S18.axis2.phaseshifter 1 to 1.423730deg	 DONE
01/10/2025 16:36:04:	15	count	time	10.000000s/cts	O Det=921	H Det=706	Mon Det=22915	Aux Det=1076	O+H=2703	 DONE
01/10/2025 16:36:16:	move motor	S18.axis2.phaseshifter 1 to 1.525425deg	 DONE
01/10/2025 16:36:17:	16	count	time	10.000000s/cts	O Det=987	H Det=629	Mon Det=22822	Aux Det=1177	O+H=2793	 DONE
01/10/2025 16:36:29:	move motor	S18.axis2.phaseshifter 1 to 1.627120deg	 DONE
01/10/2025 16:36:31:	17	count	time	10.000000s/cts	O Det=980	H Det=670	Mon Det=22758	Aux Det=1171	O+H=2821	 DONE
01/10/2025 16:36:43:	move motor	S18.axis2.phaseshifter 1 to 1.728815deg	 DONE
01/10/2025 16:36:44:	18	count	time	10.000000s/cts	O Det=765	H Det=849	Mon Det=22723	Aux Det=1143	O+H=2757	 DONE
01/10/2025 16:36:56:	move motor	S18.axis2.phaseshifter 1 to 1.830510deg	 DONE
01/10/2025 16:36:57:	19	count	time	10.000000s/cts	O Det=398	H Det=1222	Mon Det=22807	Aux Det=1131	O+H=2751	 DONE
01/10/2025 16:37:09:	move motor	S18.axis2.phaseshifter 1 to 1.932205deg	 DONE
01/10/2025 16:37:11:	20	count	time	10.000000s/cts	O Det=177	H Det=1400	Mon Det=23039	Aux Det=1165	O+H=2742	 DONE
01/10/2025 16:37:22:	move motor	S18.axis2.phaseshifter 1 to 2.033900deg	 DONE
01/10/2025 16:37:24:	21	count	time	10.000000s/cts	O Det=139	H Det=1418	Mon Det=22886	Aux Det=1095	O+H=2652	 DONE
01/10/2025 16:37:36:	move motor	S18.axis2.phaseshifter 1 to 2.135595deg	 DONE
01/10/2025 16:37:37:	22	count	time	10.000000s/cts	O Det=233	H Det=1310	Mon Det=22724	Aux Det=1120	O+H=2663	 DONE
01/10/2025 16:37:49:	move motor	S18.axis2.phaseshifter 1 to 2.237290deg	 DONE
01/10/2025 16:37:51:	23	count	time	10.000000s/cts	O Det=474	H Det=1140	Mon Det=22799	Aux Det=1102	O+H=2716	 DONE
01/10/2025 16:38:02:	move motor	S18.axis2.phaseshifter 1 to 2.338985deg	 DONE
01/10/2025 16:38:04:	24	count	time	10.000000s/cts	O Det=840	H Det=834	Mon Det=22752	Aux Det=1187	O+H=2861	 DONE
01/10/2025 16:38:16:	move motor	S18.axis2.phaseshifter 1 to 2.440680deg	 DONE
01/10/2025 16:38:17:	25	count	time	10.000000s/cts	O Det=975	H Det=667	Mon Det=22618	Aux Det=1165	O+H=2807	 DONE
01/10/2025 16:38:29:	move motor	S18.axis2.phaseshifter 1 to 2.542375deg	 DONE
01/10/2025 16:38:31:	26	count	time	10.000000s/cts	O Det=1009	H Det=641	Mon Det=22600	Aux Det=1166	O+H=2816	 DONE
01/10/2025 16:38:43:	move motor	S18.axis2.phaseshifter 1 to 2.644070deg	 DONE
01/10/2025 16:38:44:	27	count	time	10.000000s/cts	O Det=878	H Det=717	Mon Det=22802	Aux Det=1158	O+H=2753	 DONE
01/10/2025 16:38:56:	move motor	S18.axis2.phaseshifter 1 to 2.745765deg	 DONE
01/10/2025 16:38:57:	28	count	time	10.000000s/cts	O Det=722	H Det=887	Mon Det=22853	Aux Det=1122	O+H=2731	 DONE
01/10/2025 16:39:09:	move motor	S18.axis2.phaseshifter 1 to 2.847460deg	 DONE
01/10/2025 16:39:11:	29	count	time	10.000000s/cts	O Det=421	H Det=1209	Mon Det=23055	Aux Det=1166	O+H=2796	 DONE
01/10/2025 16:39:23:	move motor	S18.axis2.phaseshifter 1 to 2.949155deg	 DONE
01/10/2025 16:39:24:	30	count	time	10.000000s/cts	O Det=202	H Det=1402	Mon Det=22873	Aux Det=1140	O+H=2744	 DONE
01/10/2025 16:39:36:	move motor	S18.axis2.phaseshifter 1 to 3.050850deg	 DONE
01/10/2025 16:39:37:	31	count	time	10.000000s/cts	O Det=158	H Det=1412	Mon Det=22752	Aux Det=1015	O+H=2585	 DONE
01/10/2025 16:39:49:	move motor	S18.axis2.phaseshifter 1 to 3.152545deg	 DONE
01/10/2025 16:39:51:	32	count	time	10.000000s/cts	O Det=250	H Det=1310	Mon Det=22873	Aux Det=1141	O+H=2701	 DONE
01/10/2025 16:40:03:	move motor	S18.axis2.phaseshifter 1 to 3.254240deg	 DONE
01/10/2025 16:40:04:	33	count	time	10.000000s/cts	O Det=490	H Det=1068	Mon Det=22829	Aux Det=1212	O+H=2770	 DONE
01/10/2025 16:40:16:	move motor	S18.axis2.phaseshifter 1 to 3.355935deg	 DONE
01/10/2025 16:40:18:	34	count	time	10.000000s/cts	O Det=691	H Det=893	Mon Det=22794	Aux Det=1108	O+H=2692	 DONE
01/10/2025 16:40:29:	move motor	S18.axis2.phaseshifter 1 to 3.457630deg	 DONE
01/10/2025 16:40:31:	35	count	time	10.000000s/cts	O Det=915	H Det=637	Mon Det=22902	Aux Det=1160	O+H=2712	 DONE
01/10/2025 16:40:43:	move motor	S18.axis2.phaseshifter 1 to 3.559325deg	 DONE
01/10/2025 16:40:44:	36	count	time	10.000000s/cts	O Det=967	H Det=675	Mon Det=22787	Aux Det=1108	O+H=2750	 DONE
01/10/2025 16:40:56:	move motor	S18.axis2.phaseshifter 1 to 3.661020deg	 DONE
01/10/2025 16:40:58:	37	count	time	10.000000s/cts	O Det=859	H Det=722	Mon Det=22735	Aux Det=1095	O+H=2676	 DONE
01/10/2025 16:41:09:	move motor	S18.axis2.phaseshifter 1 to 3.762715deg	 DONE
01/10/2025 16:41:11:	38	count	time	10.000000s/cts	O Det=668	H Det=920	Mon Det=22739	Aux Det=1122	O+H=2710	 DONE
01/10/2025 16:41:23:	move motor	S18.axis2.phaseshifter 1 to 3.864410deg	 DONE
01/10/2025 16:41:24:	39	count	time	10.000000s/cts	O Det=378	H Det=1176	Mon Det=22516	Aux Det=1170	O+H=2724	 DONE
01/10/2025 16:41:36:	move motor	S18.axis2.phaseshifter 1 to 3.966105deg	 DONE
01/10/2025 16:41:38:	40	count	time	10.000000s/cts	O Det=199	H Det=1256	Mon Det=22690	Aux Det=1186	O+H=2641	 DONE
01/10/2025 16:41:49:	move motor	S18.axis2.phaseshifter 1 to 4.067800deg	 DONE
01/10/2025 16:41:51:	41	count	time	10.000000s/cts	O Det=152	H Det=1345	Mon Det=22800	Aux Det=1187	O+H=2684	 DONE
01/10/2025 16:42:03:	move motor	S18.axis2.phaseshifter 1 to 4.169495deg	 DONE
01/10/2025 16:42:04:	42	count	time	10.000000s/cts	O Det=351	H Det=1259	Mon Det=22839	Aux Det=1141	O+H=2751	 DONE
01/10/2025 16:42:16:	move motor	S18.axis2.phaseshifter 1 to 4.271190deg	 DONE
01/10/2025 16:42:18:	43	count	time	10.000000s/cts	O Det=600	H Det=969	Mon Det=22889	Aux Det=1162	O+H=2731	 DONE
01/10/2025 16:42:29:	move motor	S18.axis2.phaseshifter 1 to 4.372885deg	 DONE
01/10/2025 16:42:31:	44	count	time	10.000000s/cts	O Det=844	H Det=797	Mon Det=22594	Aux Det=1159	O+H=2800	 DONE
01/10/2025 16:42:43:	move motor	S18.axis2.phaseshifter 1 to 4.474580deg	 DONE
01/10/2025 16:42:44:	45	count	time	10.000000s/cts	O Det=947	H Det=677	Mon Det=22797	Aux Det=1148	O+H=2772	 DONE
01/10/2025 16:42:56:	move motor	S18.axis2.phaseshifter 1 to 4.576275deg	 DONE
01/10/2025 16:42:58:	46	count	time	10.000000s/cts	O Det=968	H Det=604	Mon Det=22760	Aux Det=1150	O+H=2722	 DONE
01/10/2025 16:43:09:	move motor	S18.axis2.phaseshifter 1 to 4.677970deg	 DONE
01/10/2025 16:43:11:	47	count	time	10.000000s/cts	O Det=838	H Det=805	Mon Det=22788	Aux Det=1166	O+H=2809	 DONE
01/10/2025 16:43:23:	move motor	S18.axis2.phaseshifter 1 to 4.779665deg	 DONE
01/10/2025 16:43:24:	48	count	time	10.000000s/cts	O Det=590	H Det=1009	Mon Det=22816	Aux Det=1132	O+H=2731	 DONE
01/10/2025 16:43:36:	move motor	S18.axis2.phaseshifter 1 to 4.881360deg	 DONE
01/10/2025 16:43:38:	49	count	time	10.000000s/cts	O Det=346	H Det=1178	Mon Det=22691	Aux Det=1095	O+H=2619	 DONE
01/10/2025 16:43:49:	move motor	S18.axis2.phaseshifter 1 to 4.983055deg	 DONE
01/10/2025 16:43:51:	50	count	time	10.000000s/cts	O Det=215	H Det=1336	Mon Det=22485	Aux Det=1137	O+H=2688	 DONE
01/10/2025 16:44:03:	move motor	S18.axis2.phaseshifter 1 to 5.084750deg	 DONE
01/10/2025 16:44:04:	51	count	time	10.000000s/cts	O Det=180	H Det=1423	Mon Det=22694	Aux Det=1098	O+H=2701	 DONE
01/10/2025 16:44:16:	move motor	S18.axis2.phaseshifter 1 to 5.186445deg	 DONE
01/10/2025 16:44:18:	52	count	time	10.000000s/cts	O Det=237	H Det=1254	Mon Det=23076	Aux Det=1244	O+H=2735	 DONE
01/10/2025 16:44:29:	move motor	S18.axis2.phaseshifter 1 to 5.288140deg	 DONE
01/10/2025 16:44:31:	53	count	time	10.000000s/cts	O Det=534	H Det=1053	Mon Det=22603	Aux Det=1161	O+H=2748	 DONE
01/10/2025 16:44:43:	move motor	S18.axis2.phaseshifter 1 to 5.389835deg	 DONE
01/10/2025 16:44:44:	54	count	time	10.000000s/cts	O Det=804	H Det=771	Mon Det=22729	Aux Det=1127	O+H=2702	 DONE
01/10/2025 16:44:56:	move motor	S18.axis2.phaseshifter 1 to 5.491530deg	 DONE
01/10/2025 16:44:58:	55	count	time	10.000000s/cts	O Det=962	H Det=692	Mon Det=22643	Aux Det=1122	O+H=2776	 DONE
01/10/2025 16:45:09:	move motor	S18.axis2.phaseshifter 1 to 5.593225deg	 DONE
01/10/2025 16:45:11:	56	count	time	10.000000s/cts	O Det=955	H Det=684	Mon Det=22827	Aux Det=1136	O+H=2775	 DONE
01/10/2025 16:45:23:	move motor	S18.axis2.phaseshifter 1 to 5.694920deg	 DONE
01/10/2025 16:45:24:	57	count	time	10.000000s/cts	O Det=778	H Det=815	Mon Det=22768	Aux Det=1110	O+H=2703	 DONE
01/10/2025 16:45:36:	move motor	S18.axis2.phaseshifter 1 to 5.796615deg	 DONE
01/10/2025 16:45:38:	58	count	time	10.000000s/cts	O Det=564	H Det=1006	Mon Det=23005	Aux Det=1105	O+H=2675	 DONE
01/10/2025 16:45:49:	move motor	S18.axis2.phaseshifter 1 to 5.898310deg	 DONE
01/10/2025 16:45:51:	59	count	time	10.000000s/cts	O Det=325	H Det=1247	Mon Det=22635	Aux Det=1173	O+H=2745	 DONE
01/10/2025 16:46:03:	move motor	S18.axis2.phaseshifter 1 to 6.000005deg	 DONE
01/10/2025 16:46:04:	60	count	time	10.000000s/cts	O Det=183	H Det=1324	Mon Det=22673	Aux Det=1098	O+H=2605	 DONE
01/10/2025 16:46:16:	close file and end scan	 DONE
01/10/2025 16:46:17:	END OF SCRIPT	 DONE
