08/10/2025 20:47:20:	start execution of script D:\data\Cycle 198\exp_3-16-19\rawdata\sc\ifg1R_newPS_2p30s_psi_+1-1-i_m90.sc	 DONE
08/10/2025 20:47:21:	create file	D:\data\Cycle 198\exp_3-16-19\rawdata\sc\ifg1R_newPS_2p30s_psi_+1-1-i_m90_08Oct2047.dat	 DONE
room to enter remarks DONE
08/10/2025 20:47:22:	MOVE MOTOR REL	S18.axis2.phaseshifter 1	deg	0	FALSE DONE
08/10/2025 20:47:25:	1	count	time	30.0s/cts	O Det=2095	H Det=7121	Mon Det=92308	Aux Det=5360	O+H=14576	 DONE
08/10/2025 20:47:57:	MOVE MOTOR REL	S18.axis2.phaseshifter 1	deg	0.1	FALSE DONE
08/10/2025 20:48:01:	2	count	time	30.0s/cts	O Det=2759	H Det=6527	Mon Det=92030	Aux Det=5251	O+H=14537	 DONE
08/10/2025 20:48:32:	MOVE MOTOR REL	S18.axis2.phaseshifter 1	deg	0.1	FALSE DONE
08/10/2025 20:48:36:	3	count	time	30.0s/cts	O Det=3159	H Det=5268	Mon Det=91997	Aux Det=6684	O+H=15111	 DONE
08/10/2025 20:49:08:	MOVE MOTOR REL	S18.axis2.phaseshifter 1	deg	0.1	FALSE DONE
08/10/2025 20:49:11:	4	count	time	30.0s/cts	O Det=3203	H Det=4001	Mon Det=91897	Aux Det=8829	O+H=16033	 DONE
08/10/2025 20:49:43:	MOVE MOTOR REL	S18.axis2.phaseshifter 1	deg	0.1	FALSE DONE
08/10/2025 20:49:46:	5	count	time	30.0s/cts	O Det=2983	H Det=2734	Mon Det=92353	Aux Det=11331	O+H=17048	 DONE
08/10/2025 20:50:18:	MOVE MOTOR REL	S18.axis2.phaseshifter 1	deg	0.1	FALSE DONE
08/10/2025 20:50:22:	6	count	time	30.0s/cts	O Det=2254	H Det=2205	Mon Det=91504	Aux Det=13113	O+H=17572	 DONE
08/10/2025 20:50:53:	MOVE MOTOR REL	S18.axis2.phaseshifter 1	deg	0.1	FALSE DONE
08/10/2025 20:50:57:	7	count	time	30.0s/cts	O Det=1459	H Det=2764	Mon Det=92054	Aux Det=13590	O+H=17813	 DONE
08/10/2025 20:51:29:	MOVE MOTOR REL	S18.axis2.phaseshifter 1	deg	0.1	FALSE DONE
08/10/2025 20:51:32:	8	count	time	30.0s/cts	O Det=870	H Det=4039	Mon Det=91726	Aux Det=12343	O+H=17252	 DONE
08/10/2025 20:52:04:	MOVE MOTOR REL	S18.axis2.phaseshifter 1	deg	0.1	FALSE DONE
08/10/2025 20:52:08:	9	count	time	30.0s/cts	O Det=789	H Det=5544	Mon Det=91799	Aux Det=10116	O+H=16449	 DONE
08/10/2025 20:52:39:	MOVE MOTOR REL	S18.axis2.phaseshifter 1	deg	0.1	FALSE DONE
08/10/2025 20:52:43:	10	count	time	30.0s/cts	O Det=1166	H Det=6975	Mon Det=92138	Aux Det=7127	O+H=15268	 DONE
08/10/2025 20:53:15:	MOVE MOTOR REL	S18.axis2.phaseshifter 1	deg	0.1	FALSE DONE
08/10/2025 20:53:18:	11	count	time	30.0s/cts	O Det=1882	H Det=7209	Mon Det=92120	Aux Det=5487	O+H=14578	 DONE
08/10/2025 20:53:50:	MOVE MOTOR REL	S18.axis2.phaseshifter 1	deg	0.1	FALSE DONE
08/10/2025 20:53:54:	12	count	time	30.0s/cts	O Det=2476	H Det=6903	Mon Det=91834	Aux Det=5131	O+H=14510	 DONE
08/10/2025 20:54:25:	MOVE MOTOR REL	S18.axis2.phaseshifter 1	deg	0.1	FALSE DONE
08/10/2025 20:54:29:	13	count	time	30.0s/cts	O Det=3042	H Det=5883	Mon Det=92400	Aux Det=6048	O+H=14973	 DONE
08/10/2025 20:55:01:	MOVE MOTOR REL	S18.axis2.phaseshifter 1	deg	0.1	FALSE DONE
08/10/2025 20:55:04:	14	count	time	30.0s/cts	O Det=3205	H Det=4316	Mon Det=91604	Aux Det=8146	O+H=15667	 DONE
08/10/2025 20:55:36:	MOVE MOTOR REL	S18.axis2.phaseshifter 1	deg	0.1	FALSE DONE
08/10/2025 20:55:40:	15	count	time	30.0s/cts	O Det=3031	H Det=3080	Mon Det=92084	Aux Det=10849	O+H=16960	 DONE
08/10/2025 20:56:11:	MOVE MOTOR REL	S18.axis2.phaseshifter 1	deg	0.1	FALSE DONE
08/10/2025 20:56:15:	16	count	time	30.0s/cts	O Det=2409	H Det=2431	Mon Det=91611	Aux Det=12710	O+H=17550	 DONE
08/10/2025 20:56:46:	MOVE MOTOR REL	S18.axis2.phaseshifter 1	deg	0.1	FALSE DONE
08/10/2025 20:56:50:	17	count	time	30.0s/cts	O Det=1714	H Det=2558	Mon Det=91904	Aux Det=13718	O+H=17990	 DONE
08/10/2025 20:57:22:	MOVE MOTOR REL	S18.axis2.phaseshifter 1	deg	0.1	FALSE DONE
08/10/2025 20:57:25:	18	count	time	30.0s/cts	O Det=1057	H Det=3454	Mon Det=92048	Aux Det=13078	O+H=17589	 DONE
08/10/2025 20:57:57:	MOVE MOTOR REL	S18.axis2.phaseshifter 1	deg	0.1	FALSE DONE
08/10/2025 20:58:01:	19	count	time	30.0s/cts	O Det=748	H Det=4564	Mon Det=92128	Aux Det=11650	O+H=16962	 DONE
08/10/2025 20:58:32:	MOVE MOTOR REL	S18.axis2.phaseshifter 1	deg	0.1	FALSE DONE
08/10/2025 20:58:36:	20	count	time	30.0s/cts	O Det=828	H Det=5909	Mon Det=92121	Aux Det=9135	O+H=15872	 DONE
08/10/2025 20:59:07:	MOVE MOTOR REL	S18.axis2.phaseshifter 1	deg	0.1	FALSE DONE
08/10/2025 20:59:11:	21	count	time	30.0s/cts	O Det=1261	H Det=7025	Mon Det=92103	Aux Det=6953	O+H=15239	 DONE
08/10/2025 20:59:43:	MOVE MOTOR REL	S18.axis2.phaseshifter 1	deg	0.1	FALSE DONE
08/10/2025 20:59:46:	22	count	time	30.0s/cts	O Det=2038	H Det=7252	Mon Det=91676	Aux Det=5490	O+H=14780	 DONE
08/10/2025 21:00:18:	close file and end scan	 DONE
call of ifg1r_newPS_2p30s.sc DONE
08/10/2025 21:00:19:	move motor	S18.axis2.phaseshifter 1 to fit O COS90	0.334134reached 0.32959  DONE
08/10/2025 21:00:22:	END OF SCRIPT	 DONE
