08/10/2025 03:21:54:	start execution of script D:\data\Cycle 198\exp_3-16-19\rawdata\sc\ifg1R_newPS_2p30s_0.sc	 DONE
08/10/2025 03:21:54:	create file	D:\data\Cycle 198\exp_3-16-19\rawdata\sc\ifg1R_newPS_2p30s_0_08Oct0321.dat	 DONE
room to enter remarks DONE
08/10/2025 03:21:55:	MOVE MOTOR REL	S18.axis2.phaseshifter 1	deg	0.1	FALSE DONE
08/10/2025 03:21:59:	1	count	time	30.0s/cts	O Det=7270	H Det=2448	Mon Det=92354	Aux Det=5750	O+H=15468	 DONE
08/10/2025 03:22:30:	MOVE MOTOR REL	S18.axis2.phaseshifter 1	deg	0.1	FALSE DONE
08/10/2025 03:22:34:	2	count	time	30.0s/cts	O Det=5684	H Det=2603	Mon Det=91949	Aux Det=7773	O+H=16060	 DONE
08/10/2025 03:23:06:	MOVE MOTOR REL	S18.axis2.phaseshifter 1	deg	0.1	FALSE DONE
08/10/2025 03:23:09:	3	count	time	30.0s/cts	O Det=4174	H Det=2644	Mon Det=91562	Aux Det=10065	O+H=16883	 DONE
08/10/2025 03:23:41:	MOVE MOTOR REL	S18.axis2.phaseshifter 1	deg	0.1	FALSE DONE
08/10/2025 03:23:44:	4	count	time	30.0s/cts	O Det=2332	H Det=2755	Mon Det=91506	Aux Det=12810	O+H=17897	 DONE
08/10/2025 03:24:16:	MOVE MOTOR REL	S18.axis2.phaseshifter 1	deg	0.1	FALSE DONE
08/10/2025 03:24:19:	5	count	time	30.0s/cts	O Det=1647	H Det=2689	Mon Det=91478	Aux Det=13547	O+H=17883	 DONE
08/10/2025 03:24:51:	MOVE MOTOR REL	S18.axis2.phaseshifter 1	deg	0.1	FALSE DONE
08/10/2025 03:24:55:	6	count	time	30.0s/cts	O Det=1705	H Det=2494	Mon Det=91925	Aux Det=13823	O+H=18022	 DONE
08/10/2025 03:25:26:	MOVE MOTOR REL	S18.axis2.phaseshifter 1	deg	0.1	FALSE DONE
08/10/2025 03:25:30:	7	count	time	30.0s/cts	O Det=2739	H Det=2422	Mon Det=92505	Aux Det=12727	O+H=17888	 DONE
08/10/2025 03:26:02:	MOVE MOTOR REL	S18.axis2.phaseshifter 1	deg	0.1	FALSE DONE
08/10/2025 03:26:05:	8	count	time	30.0s/cts	O Det=4181	H Det=2395	Mon Det=92141	Aux Det=10558	O+H=17134	 DONE
08/10/2025 03:26:37:	MOVE MOTOR REL	S18.axis2.phaseshifter 1	deg	0.1	FALSE DONE
08/10/2025 03:26:40:	9	count	time	30.0s/cts	O Det=6238	H Det=2383	Mon Det=91629	Aux Det=7924	O+H=16545	 DONE
08/10/2025 03:27:12:	MOVE MOTOR REL	S18.axis2.phaseshifter 1	deg	0.1	FALSE DONE
08/10/2025 03:27:16:	10	count	time	30.0s/cts	O Det=7459	H Det=2288	Mon Det=91638	Aux Det=5541	O+H=15288	 DONE
08/10/2025 03:27:47:	MOVE MOTOR REL	S18.axis2.phaseshifter 1	deg	0.1	FALSE DONE
08/10/2025 03:27:51:	11	count	time	30.0s/cts	O Det=7706	H Det=2437	Mon Det=92365	Aux Det=5252	O+H=15395	 DONE
08/10/2025 03:28:22:	MOVE MOTOR REL	S18.axis2.phaseshifter 1	deg	0.1	FALSE DONE
08/10/2025 03:28:26:	12	count	time	30.0s/cts	O Det=6931	H Det=2520	Mon Det=91923	Aux Det=6047	O+H=15498	 DONE
08/10/2025 03:28:58:	MOVE MOTOR REL	S18.axis2.phaseshifter 1	deg	0.1	FALSE DONE
08/10/2025 03:29:01:	13	count	time	30.0s/cts	O Det=5411	H Det=2653	Mon Det=92192	Aux Det=8698	O+H=16762	 DONE
08/10/2025 03:29:33:	MOVE MOTOR REL	S18.axis2.phaseshifter 1	deg	0.1	FALSE DONE
08/10/2025 03:29:36:	14	count	time	30.0s/cts	O Det=3385	H Det=2665	Mon Det=92103	Aux Det=11098	O+H=17148	 DONE
08/10/2025 03:30:08:	MOVE MOTOR REL	S18.axis2.phaseshifter 1	deg	0.1	FALSE DONE
08/10/2025 03:30:12:	15	count	time	30.0s/cts	O Det=2326	H Det=2617	Mon Det=92144	Aux Det=12728	O+H=17671	 DONE
08/10/2025 03:30:43:	MOVE MOTOR REL	S18.axis2.phaseshifter 1	deg	0.1	FALSE DONE
08/10/2025 03:30:47:	16	count	time	30.0s/cts	O Det=1594	H Det=2597	Mon Det=92104	Aux Det=13857	O+H=18048	 DONE
08/10/2025 03:31:18:	MOVE MOTOR REL	S18.axis2.phaseshifter 1	deg	0.1	FALSE DONE
08/10/2025 03:31:22:	17	count	time	30.0s/cts	O Det=2136	H Det=2451	Mon Det=92142	Aux Det=13392	O+H=17979	 DONE
08/10/2025 03:31:54:	MOVE MOTOR REL	S18.axis2.phaseshifter 1	deg	0.1	FALSE DONE
08/10/2025 03:31:57:	18	count	time	30.0s/cts	O Det=3249	H Det=2362	Mon Det=92122	Aux Det=11862	O+H=17473	 DONE
08/10/2025 03:32:29:	MOVE MOTOR REL	S18.axis2.phaseshifter 1	deg	0.1	FALSE DONE
08/10/2025 03:32:32:	19	count	time	30.0s/cts	O Det=4907	H Det=2304	Mon Det=92023	Aux Det=9585	O+H=16796	 DONE
08/10/2025 03:33:04:	MOVE MOTOR REL	S18.axis2.phaseshifter 1	deg	0.1	FALSE DONE
08/10/2025 03:33:08:	20	count	time	30.0s/cts	O Det=6820	H Det=2286	Mon Det=91274	Aux Det=6786	O+H=15892	 DONE
08/10/2025 03:33:39:	MOVE MOTOR REL	S18.axis2.phaseshifter 1	deg	0.1	FALSE DONE
08/10/2025 03:33:43:	21	count	time	30.0s/cts	O Det=7676	H Det=2283	Mon Det=91922	Aux Det=5447	O+H=15406	 DONE
08/10/2025 03:34:14:	MOVE MOTOR REL	S18.axis2.phaseshifter 1	deg	0.1	FALSE DONE
08/10/2025 03:34:18:	22	count	time	30.0s/cts	O Det=7483	H Det=2349	Mon Det=91562	Aux Det=5322	O+H=15154	 DONE
08/10/2025 03:34:50:	close file and end scan	 DONE
call of ifg1r_newPS_2p30s.sc DONE
08/10/2025 03:34:51:	move motor	S18.axis2.phaseshifter 1 to fit O COS-90	0.622917reached 0.62622  DONE
08/10/2025 03:34:54:	END OF SCRIPT	 DONE
