26/09/2025 02:25:47:	start execution of script D:\data\Cycle 198\exp_3-16-19\rawdata\sc\ifg1_3p120s_B2.sc	 DONE
26/09/2025 02:25:48:	move motor	S18.axis2.phaseshifter 1 to -2.725000deg	 DONE
26/09/2025 02:25:51:	create file	D:\data\Cycle 198\exp_3-16-19\rawdata\sc\ifg1_3p120s_B2_26Sep0225.dat	 DONE
room to enter remarks DONE
26/09/2025 02:25:52:	read encoder	S18.auxiliary.Robot Diagonal		-4014.438278 DONE
26/09/2025 02:25:53:	move motor	S18.axis2.phaseshifter 1 to -2.625000deg	 DONE
26/09/2025 02:25:55:	1	count	time	120.000000s/cts	O Det=10750	H Det=175713	Mon Det=274888	Aux Det=238023	O+H=424486	 DONE
26/09/2025 02:27:57:	move motor	S18.axis2.phaseshifter 1 to -2.450000deg	 DONE
26/09/2025 02:27:58:	2	count	time	120.000000s/cts	O Det=14540	H Det=148052	Mon Det=273826	Aux Det=237230	O+H=399822	 DONE
26/09/2025 02:30:01:	move motor	S18.axis2.phaseshifter 1 to -2.275000deg	 DONE
26/09/2025 02:30:02:	3	count	time	120.000000s/cts	O Det=16840	H Det=130734	Mon Det=273781	Aux Det=236029	O+H=383603	 DONE
26/09/2025 02:32:05:	move motor	S18.axis2.phaseshifter 1 to -2.100000deg	 DONE
26/09/2025 02:32:06:	4	count	time	120.000000s/cts	O Det=16673	H Det=127260	Mon Det=274740	Aux Det=234141	O+H=378074	 DONE
26/09/2025 02:34:08:	move motor	S18.axis2.phaseshifter 1 to -1.925000deg	 DONE
26/09/2025 02:34:10:	5	count	time	120.000000s/cts	O Det=15411	H Det=137368	Mon Det=274586	Aux Det=233149	O+H=385928	 DONE
26/09/2025 02:36:12:	move motor	S18.axis2.phaseshifter 1 to -1.750000deg	 DONE
26/09/2025 02:36:14:	6	count	time	120.000000s/cts	O Det=10635	H Det=170285	Mon Det=273883	Aux Det=232967	O+H=413887	 DONE
26/09/2025 02:38:16:	move motor	S18.axis2.phaseshifter 1 to -1.575000deg	 DONE
26/09/2025 02:38:18:	7	count	time	120.000000s/cts	O Det=9692	H Det=178998	Mon Det=273952	Aux Det=233116	O+H=421806	 DONE
26/09/2025 02:40:20:	move motor	S18.axis2.phaseshifter 1 to -1.400000deg	 DONE
26/09/2025 02:40:22:	8	count	time	120.000000s/cts	O Det=7141	H Det=198050	Mon Det=273558	Aux Det=232147	O+H=437338	 DONE
26/09/2025 02:42:24:	move motor	S18.axis2.phaseshifter 1 to -1.225000deg	 DONE
26/09/2025 02:42:25:	9	count	time	120.000000s/cts	O Det=6064	H Det=204857	Mon Det=273790	Aux Det=232118	O+H=443039	 DONE
26/09/2025 02:44:28:	move motor	S18.axis2.phaseshifter 1 to -1.050000deg	 DONE
26/09/2025 02:44:29:	10	count	time	120.000000s/cts	O Det=6429	H Det=202744	Mon Det=274016	Aux Det=231707	O+H=440880	 DONE
26/09/2025 02:46:31:	move motor	S18.axis2.phaseshifter 1 to -0.875000deg	 DONE
26/09/2025 02:46:33:	11	count	time	120.000000s/cts	O Det=9891	H Det=176016	Mon Det=273945	Aux Det=231702	O+H=417609	 DONE
26/09/2025 02:48:35:	move motor	S18.axis2.phaseshifter 1 to -0.700000deg	 DONE
26/09/2025 02:48:37:	12	count	time	120.000000s/cts	O Det=13859	H Det=146237	Mon Det=273972	Aux Det=229473	O+H=389569	 DONE
26/09/2025 02:50:39:	move motor	S18.axis2.phaseshifter 1 to -0.525000deg	 DONE
26/09/2025 02:50:40:	13	count	time	120.000000s/cts	O Det=16025	H Det=129585	Mon Det=274823	Aux Det=230173	O+H=375783	 DONE
26/09/2025 02:52:43:	move motor	S18.axis2.phaseshifter 1 to -0.350000deg	 DONE
26/09/2025 02:52:44:	14	count	time	120.000000s/cts	O Det=16584	H Det=125930	Mon Det=273768	Aux Det=228618	O+H=371132	 DONE
26/09/2025 02:54:47:	move motor	S18.axis2.phaseshifter 1 to -0.175000deg	 DONE
26/09/2025 02:54:48:	15	count	time	120.000000s/cts	O Det=15399	H Det=133341	Mon Det=274409	Aux Det=227404	O+H=376144	 DONE
26/09/2025 02:56:50:	move motor	S18.axis2.phaseshifter 1 to 0.000000deg	 DONE
26/09/2025 02:56:52:	16	count	time	120.000000s/cts	O Det=12355	H Det=155219	Mon Det=273358	Aux Det=227053	O+H=394627	 DONE
26/09/2025 02:58:54:	move motor	S18.axis2.phaseshifter 1 to 0.175000deg	 DONE
26/09/2025 02:58:56:	17	count	time	120.000000s/cts	O Det=10206	H Det=173198	Mon Det=273953	Aux Det=226261	O+H=409665	 DONE
26/09/2025 03:00:58:	move motor	S18.axis2.phaseshifter 1 to 0.350000deg	 DONE
26/09/2025 03:01:00:	18	count	time	120.000000s/cts	O Det=6633	H Det=198451	Mon Det=273970	Aux Det=227710	O+H=432794	 DONE
26/09/2025 03:03:02:	move motor	S18.axis2.phaseshifter 1 to 0.525000deg	 DONE
26/09/2025 03:03:04:	19	count	time	120.000000s/cts	O Det=5933	H Det=202389	Mon Det=273861	Aux Det=227738	O+H=436060	 DONE
26/09/2025 03:05:06:	move motor	S18.axis2.phaseshifter 1 to 0.700000deg	 DONE
26/09/2025 03:05:08:	20	count	time	120.000000s/cts	O Det=6970	H Det=195453	Mon Det=274222	Aux Det=226817	O+H=429240	 DONE
26/09/2025 03:07:10:	move motor	S18.axis2.phaseshifter 1 to 0.875000deg	 DONE
26/09/2025 03:07:12:	21	count	time	120.000000s/cts	O Det=10221	H Det=171587	Mon Det=274548	Aux Det=226519	O+H=408327	 DONE
26/09/2025 03:09:14:	move motor	S18.axis2.phaseshifter 1 to 1.050000deg	 DONE
26/09/2025 03:09:16:	22	count	time	120.000000s/cts	O Det=14238	H Det=141710	Mon Det=274010	Aux Det=226403	O+H=382351	 DONE
26/09/2025 03:11:18:	move motor	S18.axis2.phaseshifter 1 to 1.225000deg	 DONE
26/09/2025 03:11:19:	23	count	time	120.000000s/cts	O Det=15805	H Det=131581	Mon Det=273990	Aux Det=225714	O+H=373100	 DONE
26/09/2025 03:13:21:	move motor	S18.axis2.phaseshifter 1 to 1.400000deg	 DONE
26/09/2025 03:13:23:	24	count	time	120.000000s/cts	O Det=16707	H Det=124787	Mon Det=273215	Aux Det=225379	O+H=366873	 DONE
26/09/2025 03:15:25:	move motor	S18.axis2.phaseshifter 1 to 1.575000deg	 DONE
26/09/2025 03:15:27:	25	count	time	120.000000s/cts	O Det=15938	H Det=129090	Mon Det=273725	Aux Det=226103	O+H=371131	 DONE
26/09/2025 03:17:29:	move motor	S18.axis2.phaseshifter 1 to 1.750000deg	 DONE
26/09/2025 03:17:31:	26	count	time	120.000000s/cts	O Det=12199	H Det=155491	Mon Det=273804	Aux Det=226451	O+H=394141	 DONE
26/09/2025 03:19:33:	move motor	S18.axis2.phaseshifter 1 to 1.925000deg	 DONE
26/09/2025 03:19:35:	27	count	time	120.000000s/cts	O Det=8310	H Det=184558	Mon Det=273822	Aux Det=225978	O+H=418846	 DONE
26/09/2025 03:21:37:	move motor	S18.axis2.phaseshifter 1 to 2.100000deg	 DONE
26/09/2025 03:21:39:	28	count	time	120.000000s/cts	O Det=6445	H Det=198229	Mon Det=273553	Aux Det=226876	O+H=431550	 DONE
26/09/2025 03:23:41:	move motor	S18.axis2.phaseshifter 1 to 2.275000deg	 DONE
26/09/2025 03:23:42:	29	count	time	120.000000s/cts	O Det=5774	H Det=203548	Mon Det=273196	Aux Det=226469	O+H=435791	 DONE
26/09/2025 03:25:44:	move motor	S18.axis2.phaseshifter 1 to 2.450000deg	 DONE
26/09/2025 03:25:46:	30	count	time	120.000000s/cts	O Det=6285	H Det=199768	Mon Det=274305	Aux Det=227381	O+H=433434	 DONE
26/09/2025 03:27:48:	move motor	S18.axis2.phaseshifter 1 to 2.625000deg	 DONE
26/09/2025 03:27:50:	31	count	time	120.000000s/cts	O Det=9609	H Det=176981	Mon Det=272955	Aux Det=226101	O+H=412691	 DONE
26/09/2025 03:29:52:	close file and end scan	saving D:\data\Cycle 198\exp_3-16-19\rawdata\sc\ifg1_3p120s_B2_26Sep0225.tif  DONE
26/09/2025 03:29:53:	END OF SCRIPT	 DONE
