07/10/2025 19:13:11:	start execution of script D:\data\Cycle 198\exp_3-16-19\rawdata\sc\ifg1R_newPS_2p30s_0.sc	 DONE
07/10/2025 19:13:12:	create file	D:\data\Cycle 198\exp_3-16-19\rawdata\sc\ifg1R_newPS_2p30s_0_07Oct1913.dat	 DONE
room to enter remarks DONE
07/10/2025 19:13:13:	MOVE MOTOR REL	S18.axis2.phaseshifter 1	deg	0.1	FALSE DONE
07/10/2025 19:13:16:	1	count	time	30.0s/cts	O Det=7386	H Det=2366	Mon Det=91063	Aux Det=5845	O+H=15597	 DONE
07/10/2025 19:13:48:	MOVE MOTOR REL	S18.axis2.phaseshifter 1	deg	0.1	FALSE DONE
07/10/2025 19:13:52:	2	count	time	30.0s/cts	O Det=5905	H Det=2522	Mon Det=91131	Aux Det=8247	O+H=16674	 DONE
07/10/2025 19:14:23:	MOVE MOTOR REL	S18.axis2.phaseshifter 1	deg	0.1	FALSE DONE
07/10/2025 19:14:27:	3	count	time	30.0s/cts	O Det=4538	H Det=2477	Mon Det=91585	Aux Det=10235	O+H=17250	 DONE
07/10/2025 19:14:58:	MOVE MOTOR REL	S18.axis2.phaseshifter 1	deg	0.1	FALSE DONE
07/10/2025 19:15:02:	4	count	time	30.0s/cts	O Det=2733	H Det=2717	Mon Det=91957	Aux Det=12408	O+H=17858	 DONE
07/10/2025 19:15:34:	MOVE MOTOR REL	S18.axis2.phaseshifter 1	deg	0.1	FALSE DONE
07/10/2025 19:15:37:	5	count	time	30.0s/cts	O Det=1892	H Det=2677	Mon Det=91588	Aux Det=13899	O+H=18468	 DONE
07/10/2025 19:16:09:	MOVE MOTOR REL	S18.axis2.phaseshifter 1	deg	0.1	FALSE DONE
07/10/2025 19:16:12:	6	count	time	30.0s/cts	O Det=1993	H Det=2605	Mon Det=91024	Aux Det=13685	O+H=18283	 DONE
07/10/2025 19:16:44:	MOVE MOTOR REL	S18.axis2.phaseshifter 1	deg	0.1	FALSE DONE
07/10/2025 19:16:48:	7	count	time	30.0s/cts	O Det=3013	H Det=2592	Mon Det=91908	Aux Det=12203	O+H=17808	 DONE
07/10/2025 19:17:19:	MOVE MOTOR REL	S18.axis2.phaseshifter 1	deg	0.1	FALSE DONE
07/10/2025 19:17:23:	8	count	time	30.0s/cts	O Det=5037	H Det=2498	Mon Det=91345	Aux Det=9395	O+H=16930	 DONE
07/10/2025 19:17:54:	MOVE MOTOR REL	S18.axis2.phaseshifter 1	deg	0.1	FALSE DONE
07/10/2025 19:17:58:	9	count	time	30.0s/cts	O Det=6737	H Det=2421	Mon Det=92037	Aux Det=7086	O+H=16244	 DONE
07/10/2025 19:18:30:	MOVE MOTOR REL	S18.axis2.phaseshifter 1	deg	0.1	FALSE DONE
07/10/2025 19:18:33:	10	count	time	30.0s/cts	O Det=7631	H Det=2414	Mon Det=91530	Aux Det=5495	O+H=15540	 DONE
07/10/2025 19:19:05:	MOVE MOTOR REL	S18.axis2.phaseshifter 1	deg	0.1	FALSE DONE
07/10/2025 19:19:08:	11	count	time	30.0s/cts	O Det=7646	H Det=2411	Mon Det=91727	Aux Det=5462	O+H=15519	 DONE
07/10/2025 19:19:40:	MOVE MOTOR REL	S18.axis2.phaseshifter 1	deg	0.1	FALSE DONE
07/10/2025 19:19:44:	12	count	time	30.0s/cts	O Det=6587	H Det=2450	Mon Det=91465	Aux Det=7135	O+H=16172	 DONE
07/10/2025 19:20:15:	MOVE MOTOR REL	S18.axis2.phaseshifter 1	deg	0.1	FALSE DONE
07/10/2025 19:20:19:	13	count	time	30.0s/cts	O Det=5092	H Det=2464	Mon Det=91473	Aux Det=9473	O+H=17029	 DONE
07/10/2025 19:20:50:	MOVE MOTOR REL	S18.axis2.phaseshifter 1	deg	0.1	FALSE DONE
07/10/2025 19:20:54:	14	count	time	30.0s/cts	O Det=3138	H Det=2589	Mon Det=91823	Aux Det=12079	O+H=17806	 DONE
07/10/2025 19:21:26:	MOVE MOTOR REL	S18.axis2.phaseshifter 1	deg	0.1	FALSE DONE
07/10/2025 19:21:29:	15	count	time	30.0s/cts	O Det=1956	H Det=2660	Mon Det=91494	Aux Det=13711	O+H=18327	 DONE
07/10/2025 19:22:01:	MOVE MOTOR REL	S18.axis2.phaseshifter 1	deg	0.1	FALSE DONE
07/10/2025 19:22:04:	16	count	time	30.0s/cts	O Det=1879	H Det=2580	Mon Det=91747	Aux Det=13801	O+H=18260	 DONE
07/10/2025 19:22:36:	MOVE MOTOR REL	S18.axis2.phaseshifter 1	deg	0.1	FALSE DONE
07/10/2025 19:22:40:	17	count	time	30.0s/cts	O Det=2743	H Det=2762	Mon Det=91518	Aux Det=12381	O+H=17886	 DONE
07/10/2025 19:23:11:	MOVE MOTOR REL	S18.axis2.phaseshifter 1	deg	0.1	FALSE DONE
07/10/2025 19:23:15:	18	count	time	30.0s/cts	O Det=4371	H Det=2535	Mon Det=91434	Aux Det=10318	O+H=17224	 DONE
07/10/2025 19:23:47:	MOVE MOTOR REL	S18.axis2.phaseshifter 1	deg	0.1	FALSE DONE
07/10/2025 19:23:50:	19	count	time	30.0s/cts	O Det=6229	H Det=2656	Mon Det=91522	Aux Det=7659	O+H=16544	 DONE
07/10/2025 19:24:22:	MOVE MOTOR REL	S18.axis2.phaseshifter 1	deg	0.1	FALSE DONE
07/10/2025 19:24:25:	20	count	time	30.0s/cts	O Det=7413	H Det=2522	Mon Det=91820	Aux Det=5859	O+H=15794	 DONE
07/10/2025 19:24:57:	MOVE MOTOR REL	S18.axis2.phaseshifter 1	deg	0.1	FALSE DONE
07/10/2025 19:25:01:	21	count	time	30.0s/cts	O Det=7647	H Det=2490	Mon Det=91968	Aux Det=5361	O+H=15498	 DONE
07/10/2025 19:25:32:	MOVE MOTOR REL	S18.axis2.phaseshifter 1	deg	0.1	FALSE DONE
07/10/2025 19:25:36:	22	count	time	30.0s/cts	O Det=7172	H Det=2438	Mon Det=91718	Aux Det=6358	O+H=15968	 DONE
07/10/2025 19:26:07:	close file and end scan	 DONE
call of ifg1r_newPS_2p30s.sc DONE
07/10/2025 19:26:08:	move motor	S18.axis2.phaseshifter 1 to fit O COS-90	0.729403reached 0.73608  DONE
07/10/2025 19:26:11:	END OF SCRIPT	 DONE
