07/10/2025 23:21:36:	start execution of script D:\data\Cycle 198\exp_3-16-19\rawdata\sc\ifg1R_newPS_2p30s_p180.sc	 DONE
07/10/2025 23:21:36:	create file	D:\data\Cycle 198\exp_3-16-19\rawdata\sc\ifg1R_newPS_2p30s_p180_07Oct2321.dat	 DONE
room to enter remarks DONE
07/10/2025 23:21:37:	MOVE MOTOR REL	S18.axis2.phaseshifter 1	deg	0.1	FALSE DONE
07/10/2025 23:21:41:	1	count	time	30.0s/cts	O Det=1930	H Det=2738	Mon Det=91874	Aux Det=12226	O+H=16894	 DONE
07/10/2025 23:22:12:	MOVE MOTOR REL	S18.axis2.phaseshifter 1	deg	0.1	FALSE DONE
07/10/2025 23:22:16:	2	count	time	30.0s/cts	O Det=3316	H Det=2695	Mon Det=92038	Aux Det=10304	O+H=16315	 DONE
07/10/2025 23:22:48:	MOVE MOTOR REL	S18.axis2.phaseshifter 1	deg	0.1	FALSE DONE
07/10/2025 23:22:51:	3	count	time	30.0s/cts	O Det=4867	H Det=2661	Mon Det=92103	Aux Det=8379	O+H=15907	 DONE
07/10/2025 23:23:23:	MOVE MOTOR REL	S18.axis2.phaseshifter 1	deg	0.1	FALSE DONE
07/10/2025 23:23:26:	4	count	time	30.0s/cts	O Det=6271	H Det=2491	Mon Det=92614	Aux Det=6350	O+H=15112	 DONE
07/10/2025 23:23:58:	MOVE MOTOR REL	S18.axis2.phaseshifter 1	deg	0.1	FALSE DONE
07/10/2025 23:24:02:	5	count	time	30.0s/cts	O Det=7269	H Det=2373	Mon Det=91974	Aux Det=5309	O+H=14951	 DONE
07/10/2025 23:24:33:	MOVE MOTOR REL	S18.axis2.phaseshifter 1	deg	0.1	FALSE DONE
07/10/2025 23:24:37:	6	count	time	30.0s/cts	O Det=7025	H Det=2255	Mon Det=91674	Aux Det=5619	O+H=14899	 DONE
07/10/2025 23:25:08:	MOVE MOTOR REL	S18.axis2.phaseshifter 1	deg	0.1	FALSE DONE
07/10/2025 23:25:12:	7	count	time	30.0s/cts	O Det=6212	H Det=2092	Mon Det=91986	Aux Det=7048	O+H=15352	 DONE
07/10/2025 23:25:44:	MOVE MOTOR REL	S18.axis2.phaseshifter 1	deg	0.1	FALSE DONE
07/10/2025 23:25:47:	8	count	time	30.0s/cts	O Det=4414	H Det=2173	Mon Det=91979	Aux Det=9989	O+H=16576	 DONE
07/10/2025 23:26:19:	MOVE MOTOR REL	S18.axis2.phaseshifter 1	deg	0.1	FALSE DONE
07/10/2025 23:26:22:	9	count	time	30.0s/cts	O Det=2791	H Det=2224	Mon Det=92074	Aux Det=11820	O+H=16835	 DONE
07/10/2025 23:26:54:	MOVE MOTOR REL	S18.axis2.phaseshifter 1	deg	0.1	FALSE DONE
07/10/2025 23:26:58:	10	count	time	30.0s/cts	O Det=1815	H Det=2556	Mon Det=92198	Aux Det=13035	O+H=17406	 DONE
07/10/2025 23:27:29:	MOVE MOTOR REL	S18.axis2.phaseshifter 1	deg	0.1	FALSE DONE
07/10/2025 23:27:33:	11	count	time	30.0s/cts	O Det=1866	H Det=2637	Mon Det=91916	Aux Det=12602	O+H=17105	 DONE
07/10/2025 23:28:04:	MOVE MOTOR REL	S18.axis2.phaseshifter 1	deg	0.1	FALSE DONE
07/10/2025 23:28:08:	12	count	time	30.0s/cts	O Det=2785	H Det=2641	Mon Det=92042	Aux Det=11198	O+H=16624	 DONE
07/10/2025 23:28:40:	MOVE MOTOR REL	S18.axis2.phaseshifter 1	deg	0.1	FALSE DONE
07/10/2025 23:28:43:	13	count	time	30.0s/cts	O Det=4246	H Det=2737	Mon Det=91558	Aux Det=9115	O+H=16098	 DONE
07/10/2025 23:29:15:	MOVE MOTOR REL	S18.axis2.phaseshifter 1	deg	0.1	FALSE DONE
07/10/2025 23:29:18:	14	count	time	30.0s/cts	O Det=5785	H Det=2599	Mon Det=91862	Aux Det=6711	O+H=15095	 DONE
07/10/2025 23:29:50:	MOVE MOTOR REL	S18.axis2.phaseshifter 1	deg	0.1	FALSE DONE
07/10/2025 23:29:54:	15	count	time	30.0s/cts	O Det=7095	H Det=2447	Mon Det=92427	Aux Det=5430	O+H=14972	 DONE
07/10/2025 23:30:25:	MOVE MOTOR REL	S18.axis2.phaseshifter 1	deg	0.1	FALSE DONE
07/10/2025 23:30:29:	16	count	time	30.0s/cts	O Det=6985	H Det=2331	Mon Det=92032	Aux Det=5466	O+H=14782	 DONE
07/10/2025 23:31:00:	MOVE MOTOR REL	S18.axis2.phaseshifter 1	deg	0.1	FALSE DONE
07/10/2025 23:31:04:	17	count	time	30.0s/cts	O Det=6374	H Det=2091	Mon Det=91680	Aux Det=6695	O+H=15160	 DONE
07/10/2025 23:31:36:	MOVE MOTOR REL	S18.axis2.phaseshifter 1	deg	0.1	FALSE DONE
07/10/2025 23:31:39:	18	count	time	30.0s/cts	O Det=5007	H Det=2106	Mon Det=91386	Aux Det=8900	O+H=16013	 DONE
07/10/2025 23:32:11:	MOVE MOTOR REL	S18.axis2.phaseshifter 1	deg	0.1	FALSE DONE
07/10/2025 23:32:14:	19	count	time	30.0s/cts	O Det=3451	H Det=2197	Mon Det=92032	Aux Det=10873	O+H=16521	 DONE
07/10/2025 23:32:46:	MOVE MOTOR REL	S18.axis2.phaseshifter 1	deg	0.1	FALSE DONE
07/10/2025 23:32:50:	20	count	time	30.0s/cts	O Det=2178	H Det=2260	Mon Det=92064	Aux Det=12621	O+H=17059	 DONE
07/10/2025 23:33:21:	MOVE MOTOR REL	S18.axis2.phaseshifter 1	deg	0.1	FALSE DONE
07/10/2025 23:33:25:	21	count	time	30.0s/cts	O Det=1775	H Det=2463	Mon Det=91787	Aux Det=12760	O+H=16998	 DONE
07/10/2025 23:33:56:	MOVE MOTOR REL	S18.axis2.phaseshifter 1	deg	0.1	FALSE DONE
07/10/2025 23:34:00:	22	count	time	30.0s/cts	O Det=2486	H Det=2628	Mon Det=92427	Aux Det=11505	O+H=16619	 DONE
07/10/2025 23:34:32:	close file and end scan	 DONE
call of ifg1r_newPS_2p30s.sc DONE
07/10/2025 23:34:33:	END OF SCRIPT	 DONE
