27/09/2025 19:26:28:	start execution of script D:\data\Cycle 198\exp_3-16-19\rawdata\sc\ifg1_3p10s.sc	 DONE
27/09/2025 19:26:29:	move motor	S18.axis2.phaseshifter 1 to -2.725000deg	 DONE
27/09/2025 19:26:32:	create file	D:\data\Cycle 198\exp_3-16-19\rawdata\sc\ifg1_3p10s_27Sep1926.dat	 DONE
room to enter remarks DONE
27/09/2025 19:26:33:	read encoder	S18.auxiliary.Robot Diagonal		-20994.573892 DONE
27/09/2025 19:26:34:	move motor	S18.axis2.phaseshifter 1 to -2.625000deg	 DONE
27/09/2025 19:26:35:	1	count	time	10.000000s/cts	O Det=2060	H Det=1442	Mon Det=22842	Aux Det=3672	O+H=7174	 DONE
27/09/2025 19:26:47:	move motor	S18.axis2.phaseshifter 1 to -2.450000deg	 DONE
27/09/2025 19:26:49:	2	count	time	10.000000s/cts	O Det=1356	H Det=1351	Mon Det=22486	Aux Det=4476	O+H=7183	 DONE
27/09/2025 19:27:00:	move motor	S18.axis2.phaseshifter 1 to -2.275000deg	 DONE
27/09/2025 19:27:02:	3	count	time	10.000000s/cts	O Det=991	H Det=1352	Mon Det=22646	Aux Det=4843	O+H=7186	 DONE
27/09/2025 19:27:14:	move motor	S18.axis2.phaseshifter 1 to -2.100000deg	 DONE
27/09/2025 19:27:15:	4	count	time	10.000000s/cts	O Det=1015	H Det=1407	Mon Det=22543	Aux Det=4817	O+H=7239	 DONE
27/09/2025 19:27:27:	move motor	S18.axis2.phaseshifter 1 to -1.925000deg	 DONE
27/09/2025 19:27:29:	5	count	time	10.000000s/cts	O Det=1632	H Det=1440	Mon Det=22683	Aux Det=4186	O+H=7258	 DONE
27/09/2025 19:27:40:	move motor	S18.axis2.phaseshifter 1 to -1.750000deg	 DONE
27/09/2025 19:27:42:	6	count	time	10.000000s/cts	O Det=2401	H Det=1378	Mon Det=22427	Aux Det=3278	O+H=7057	 DONE
27/09/2025 19:27:54:	move motor	S18.axis2.phaseshifter 1 to -1.575000deg	 DONE
27/09/2025 19:27:55:	7	count	time	10.000000s/cts	O Det=3191	H Det=1427	Mon Det=22903	Aux Det=2629	O+H=7247	 DONE
27/09/2025 19:28:07:	move motor	S18.axis2.phaseshifter 1 to -1.400000deg	 DONE
27/09/2025 19:28:09:	8	count	time	10.000000s/cts	O Det=3793	H Det=1352	Mon Det=22474	Aux Det=2006	O+H=7151	 DONE
27/09/2025 19:28:20:	move motor	S18.axis2.phaseshifter 1 to -1.225000deg	 DONE
27/09/2025 19:28:22:	9	count	time	10.000000s/cts	O Det=3864	H Det=1388	Mon Det=22868	Aux Det=2091	O+H=7343	 DONE
27/09/2025 19:28:34:	move motor	S18.axis2.phaseshifter 1 to -1.050000deg	 DONE
27/09/2025 19:28:35:	10	count	time	10.000000s/cts	O Det=3304	H Det=1311	Mon Det=22820	Aux Det=2515	O+H=7130	 DONE
27/09/2025 19:28:47:	move motor	S18.axis2.phaseshifter 1 to -0.875000deg	 DONE
27/09/2025 19:28:49:	11	count	time	10.000000s/cts	O Det=2418	H Det=1273	Mon Det=22653	Aux Det=3496	O+H=7187	 DONE
27/09/2025 19:29:00:	move motor	S18.axis2.phaseshifter 1 to -0.700000deg	 DONE
27/09/2025 19:29:02:	12	count	time	10.000000s/cts	O Det=1473	H Det=1394	Mon Det=22615	Aux Det=4292	O+H=7159	 DONE
27/09/2025 19:29:14:	move motor	S18.axis2.phaseshifter 1 to -0.525000deg	 DONE
27/09/2025 19:29:15:	13	count	time	10.000000s/cts	O Det=967	H Det=1362	Mon Det=22743	Aux Det=4902	O+H=7231	 DONE
27/09/2025 19:29:27:	move motor	S18.axis2.phaseshifter 1 to -0.350000deg	 DONE
27/09/2025 19:29:29:	14	count	time	10.000000s/cts	O Det=932	H Det=1383	Mon Det=22624	Aux Det=4843	O+H=7158	 DONE
27/09/2025 19:29:40:	move motor	S18.axis2.phaseshifter 1 to -0.175000deg	 DONE
27/09/2025 19:29:42:	15	count	time	10.000000s/cts	O Det=1540	H Det=1358	Mon Det=22437	Aux Det=4192	O+H=7090	 DONE
27/09/2025 19:29:54:	move motor	S18.axis2.phaseshifter 1 to 0.000000deg	 DONE
27/09/2025 19:29:55:	16	count	time	10.000000s/cts	O Det=1993	H Det=1532	Mon Det=22634	Aux Det=3549	O+H=7074	 DONE
27/09/2025 19:30:07:	move motor	S18.axis2.phaseshifter 1 to 0.175000deg	 DONE
27/09/2025 19:30:09:	17	count	time	10.000000s/cts	O Det=3258	H Det=1397	Mon Det=22297	Aux Det=2560	O+H=7215	 DONE
27/09/2025 19:30:20:	move motor	S18.axis2.phaseshifter 1 to 0.350000deg	 DONE
27/09/2025 19:30:22:	18	count	time	10.000000s/cts	O Det=3880	H Det=1379	Mon Det=22716	Aux Det=2001	O+H=7260	 DONE
27/09/2025 19:30:34:	move motor	S18.axis2.phaseshifter 1 to 0.525000deg	 DONE
27/09/2025 19:30:35:	19	count	time	10.000000s/cts	O Det=3783	H Det=1386	Mon Det=22651	Aux Det=2021	O+H=7190	 DONE
27/09/2025 19:30:47:	move motor	S18.axis2.phaseshifter 1 to 0.700000deg	 DONE
27/09/2025 19:30:49:	20	count	time	10.000000s/cts	O Det=3477	H Det=1293	Mon Det=22599	Aux Det=2524	O+H=7294	 DONE
27/09/2025 19:31:00:	move motor	S18.axis2.phaseshifter 1 to 0.875000deg	 DONE
27/09/2025 19:31:02:	21	count	time	10.000000s/cts	O Det=2482	H Det=1283	Mon Det=22696	Aux Det=3262	O+H=7027	 DONE
27/09/2025 19:31:13:	move motor	S18.axis2.phaseshifter 1 to 1.050000deg	 DONE
27/09/2025 19:31:15:	22	count	time	10.000000s/cts	O Det=1635	H Det=1303	Mon Det=22608	Aux Det=4405	O+H=7343	 DONE
27/09/2025 19:31:27:	move motor	S18.axis2.phaseshifter 1 to 1.225000deg	 DONE
27/09/2025 19:31:28:	23	count	time	10.000000s/cts	O Det=975	H Det=1344	Mon Det=22574	Aux Det=4775	O+H=7094	 DONE
27/09/2025 19:31:40:	move motor	S18.axis2.phaseshifter 1 to 1.400000deg	 DONE
27/09/2025 19:31:42:	24	count	time	10.000000s/cts	O Det=932	H Det=1435	Mon Det=22693	Aux Det=4743	O+H=7110	 DONE
27/09/2025 19:31:53:	move motor	S18.axis2.phaseshifter 1 to 1.575000deg	 DONE
27/09/2025 19:31:55:	25	count	time	10.000000s/cts	O Det=1402	H Det=1421	Mon Det=22738	Aux Det=4243	O+H=7066	 DONE
27/09/2025 19:32:07:	move motor	S18.axis2.phaseshifter 1 to 1.750000deg	 DONE
27/09/2025 19:32:08:	26	count	time	10.000000s/cts	O Det=2213	H Det=1524	Mon Det=22546	Aux Det=3420	O+H=7157	 DONE
27/09/2025 19:32:20:	move motor	S18.axis2.phaseshifter 1 to 1.925000deg	 DONE
27/09/2025 19:32:22:	27	count	time	10.000000s/cts	O Det=3037	H Det=1451	Mon Det=22447	Aux Det=2615	O+H=7103	 DONE
27/09/2025 19:32:33:	move motor	S18.axis2.phaseshifter 1 to 2.100000deg	 DONE
27/09/2025 19:32:35:	28	count	time	10.000000s/cts	O Det=3645	H Det=1434	Mon Det=22410	Aux Det=2118	O+H=7197	 DONE
27/09/2025 19:32:47:	move motor	S18.axis2.phaseshifter 1 to 2.275000deg	 DONE
27/09/2025 19:32:48:	29	count	time	10.000000s/cts	O Det=3836	H Det=1419	Mon Det=22332	Aux Det=1984	O+H=7239	 DONE
27/09/2025 19:33:00:	move motor	S18.axis2.phaseshifter 1 to 2.450000deg	 DONE
27/09/2025 19:33:02:	30	count	time	10.000000s/cts	O Det=3160	H Det=1293	Mon Det=22507	Aux Det=2691	O+H=7144	 DONE
27/09/2025 19:33:13:	move motor	S18.axis2.phaseshifter 1 to 2.625000deg	 DONE
27/09/2025 19:33:15:	31	count	time	10.000000s/cts	O Det=2422	H Det=1284	Mon Det=22535	Aux Det=3456	O+H=7162	 DONE
27/09/2025 19:33:27:	close file and end scan	 DONE
27/09/2025 19:33:27:	END OF SCRIPT	 DONE
