16/10/2025 12:16:15:	start execution of script D:\data\Cycle 198\exp_3-16-19\rawdata\sc\ifg1r_newPS_2p30s.sc	 DONE
16/10/2025 12:16:15:	create file	D:\data\Cycle 198\exp_3-16-19\rawdata\sc\ifg1r_newPS_2p30s_16Oct1216.dat	 DONE
room to enter remarks DONE
16/10/2025 12:16:17:	MOVE MOTOR REL	S18.axis2.phaseshifter 1	deg	0.0	FALSE DONE
16/10/2025 12:16:20:	1	count	time	15.0s/cts	O Det=2094	H Det=1942	Mon Det=35621	Aux Det=2766	O+H=6802	 DONE
16/10/2025 12:16:36:	MOVE MOTOR REL	S18.axis2.phaseshifter 1	deg	0.07	FALSE DONE
16/10/2025 12:16:40:	2	count	time	15.0s/cts	O Det=2308	H Det=1747	Mon Det=35754	Aux Det=2505	O+H=6560	 DONE
16/10/2025 12:16:57:	MOVE MOTOR REL	S18.axis2.phaseshifter 1	deg	0.07	FALSE DONE
16/10/2025 12:17:00:	3	count	time	15.0s/cts	O Det=2650	H Det=1598	Mon Det=35528	Aux Det=2501	O+H=6749	 DONE
16/10/2025 12:17:17:	MOVE MOTOR REL	S18.axis2.phaseshifter 1	deg	0.07	FALSE DONE
16/10/2025 12:17:20:	4	count	time	15.0s/cts	O Det=2682	H Det=1438	Mon Det=35676	Aux Det=2842	O+H=6962	 DONE
16/10/2025 12:17:37:	MOVE MOTOR REL	S18.axis2.phaseshifter 1	deg	0.07	FALSE DONE
16/10/2025 12:17:40:	5	count	time	15.0s/cts	O Det=2602	H Det=1119	Mon Det=36089	Aux Det=3340	O+H=7061	 DONE
16/10/2025 12:17:57:	MOVE MOTOR REL	S18.axis2.phaseshifter 1	deg	0.07	FALSE DONE
16/10/2025 12:18:01:	6	count	time	15.0s/cts	O Det=2328	H Det=1063	Mon Det=35841	Aux Det=4059	O+H=7450	 DONE
16/10/2025 12:18:17:	MOVE MOTOR REL	S18.axis2.phaseshifter 1	deg	0.07	FALSE DONE
16/10/2025 12:18:21:	7	count	time	15.0s/cts	O Det=2060	H Det=870	Mon Det=35658	Aux Det=4800	O+H=7730	 DONE
16/10/2025 12:18:38:	MOVE MOTOR REL	S18.axis2.phaseshifter 1	deg	0.07	FALSE DONE
16/10/2025 12:18:41:	8	count	time	15.0s/cts	O Det=1617	H Det=872	Mon Det=35610	Aux Det=5591	O+H=8080	 DONE
16/10/2025 12:18:58:	MOVE MOTOR REL	S18.axis2.phaseshifter 1	deg	0.07	FALSE DONE
16/10/2025 12:19:01:	9	count	time	15.0s/cts	O Det=1177	H Det=979	Mon Det=36014	Aux Det=6013	O+H=8169	 DONE
16/10/2025 12:19:18:	MOVE MOTOR REL	S18.axis2.phaseshifter 1	deg	0.07	FALSE DONE
16/10/2025 12:19:21:	10	count	time	15.0s/cts	O Det=894	H Det=1132	Mon Det=35938	Aux Det=6259	O+H=8285	 DONE
16/10/2025 12:19:38:	MOVE MOTOR REL	S18.axis2.phaseshifter 1	deg	0.07	FALSE DONE
16/10/2025 12:19:42:	11	count	time	15.0s/cts	O Det=727	H Det=1281	Mon Det=35494	Aux Det=6323	O+H=8331	 DONE
16/10/2025 12:19:58:	MOVE MOTOR REL	S18.axis2.phaseshifter 1	deg	0.07	FALSE DONE
16/10/2025 12:20:02:	12	count	time	15.0s/cts	O Det=587	H Det=1565	Mon Det=36199	Aux Det=5909	O+H=8061	 DONE
16/10/2025 12:20:18:	MOVE MOTOR REL	S18.axis2.phaseshifter 1	deg	0.07	FALSE DONE
16/10/2025 12:20:22:	13	count	time	15.0s/cts	O Det=732	H Det=1708	Mon Det=35918	Aux Det=5424	O+H=7864	 DONE
16/10/2025 12:20:39:	MOVE MOTOR REL	S18.axis2.phaseshifter 1	deg	0.07	FALSE DONE
16/10/2025 12:20:42:	14	count	time	15.0s/cts	O Det=1022	H Det=1865	Mon Det=35360	Aux Det=4721	O+H=7608	 DONE
16/10/2025 12:20:59:	MOVE MOTOR REL	S18.axis2.phaseshifter 1	deg	0.07	FALSE DONE
16/10/2025 12:21:02:	15	count	time	15.0s/cts	O Det=1378	H Det=1996	Mon Det=35683	Aux Det=3924	O+H=7298	 DONE
16/10/2025 12:21:19:	MOVE MOTOR REL	S18.axis2.phaseshifter 1	deg	0.07	FALSE DONE
16/10/2025 12:21:23:	16	count	time	15.0s/cts	O Det=1724	H Det=1911	Mon Det=35937	Aux Det=3112	O+H=6747	 DONE
16/10/2025 12:21:39:	MOVE MOTOR REL	S18.axis2.phaseshifter 1	deg	0.07	FALSE DONE
16/10/2025 12:21:43:	17	count	time	15.0s/cts	O Det=2197	H Det=1854	Mon Det=35744	Aux Det=2718	O+H=6769	 DONE
16/10/2025 12:21:59:	MOVE MOTOR REL	S18.axis2.phaseshifter 1	deg	0.07	FALSE DONE
16/10/2025 12:22:03:	18	count	time	15.0s/cts	O Det=2477	H Det=1812	Mon Det=35706	Aux Det=2562	O+H=6851	 DONE
16/10/2025 12:22:20:	MOVE MOTOR REL	S18.axis2.phaseshifter 1	deg	0.07	FALSE DONE
16/10/2025 12:22:23:	19	count	time	15.0s/cts	O Det=2552	H Det=1569	Mon Det=35585	Aux Det=2655	O+H=6776	 DONE
16/10/2025 12:22:40:	MOVE MOTOR REL	S18.axis2.phaseshifter 1	deg	0.07	FALSE DONE
16/10/2025 12:22:43:	20	count	time	15.0s/cts	O Det=2636	H Det=1317	Mon Det=35950	Aux Det=2936	O+H=6889	 DONE
16/10/2025 12:23:00:	MOVE MOTOR REL	S18.axis2.phaseshifter 1	deg	0.07	FALSE DONE
16/10/2025 12:23:04:	21	count	time	15.0s/cts	O Det=2375	H Det=1166	Mon Det=35922	Aux Det=3555	O+H=7096	 DONE
16/10/2025 12:23:20:	MOVE MOTOR REL	S18.axis2.phaseshifter 1	deg	0.07	FALSE DONE
16/10/2025 12:23:24:	22	count	time	15.0s/cts	O Det=2278	H Det=987	Mon Det=35640	Aux Det=4321	O+H=7586	 DONE
16/10/2025 12:23:40:	MOVE MOTOR REL	S18.axis2.phaseshifter 1	deg	0.07	FALSE DONE
16/10/2025 12:23:44:	23	count	time	15.0s/cts	O Det=1925	H Det=918	Mon Det=35919	Aux Det=5106	O+H=7949	 DONE
16/10/2025 12:24:01:	MOVE MOTOR REL	S18.axis2.phaseshifter 1	deg	0.07	FALSE DONE
16/10/2025 12:24:04:	24	count	time	15.0s/cts	O Det=1457	H Det=982	Mon Det=35934	Aux Det=5627	O+H=8066	 DONE
16/10/2025 12:24:21:	MOVE MOTOR REL	S18.axis2.phaseshifter 1	deg	0.07	FALSE DONE
16/10/2025 12:24:24:	25	count	time	15.0s/cts	O Det=1099	H Det=991	Mon Det=35821	Aux Det=6142	O+H=8232	 DONE
16/10/2025 12:24:41:	MOVE MOTOR REL	S18.axis2.phaseshifter 1	deg	0.07	FALSE DONE
16/10/2025 12:24:45:	26	count	time	15.0s/cts	O Det=783	H Det=1151	Mon Det=35852	Aux Det=6394	O+H=8328	 DONE
16/10/2025 12:25:01:	MOVE MOTOR REL	S18.axis2.phaseshifter 1	deg	0.07	FALSE DONE
16/10/2025 12:25:05:	27	count	time	15.0s/cts	O Det=603	H Det=1299	Mon Det=35494	Aux Det=6171	O+H=8073	 DONE
16/10/2025 12:25:21:	MOVE MOTOR REL	S18.axis2.phaseshifter 1	deg	0.07	FALSE DONE
16/10/2025 12:25:25:	28	count	time	15.0s/cts	O Det=634	H Det=1605	Mon Det=35767	Aux Det=5877	O+H=8116	 DONE
16/10/2025 12:25:42:	MOVE MOTOR REL	S18.axis2.phaseshifter 1	deg	0.07	FALSE DONE
16/10/2025 12:25:45:	29	count	time	15.0s/cts	O Det=808	H Det=1785	Mon Det=35630	Aux Det=5233	O+H=7826	 DONE
16/10/2025 12:26:02:	MOVE MOTOR REL	S18.axis2.phaseshifter 1	deg	0.07	FALSE DONE
16/10/2025 12:26:05:	30	count	time	15.0s/cts	O Det=1080	H Det=1949	Mon Det=35600	Aux Det=4511	O+H=7540	 DONE
16/10/2025 12:26:22:	MOVE MOTOR REL	S18.axis2.phaseshifter 1	deg	0.07	FALSE DONE
16/10/2025 12:26:26:	31	count	time	15.0s/cts	O Det=1438	H Det=2055	Mon Det=35904	Aux Det=3640	O+H=7133	 DONE
16/10/2025 12:26:42:	MOVE MOTOR REL	S18.axis2.phaseshifter 1	deg	0.07	FALSE DONE
16/10/2025 12:26:46:	32	count	time	15.0s/cts	O Det=1708	H Det=2000	Mon Det=36088	Aux Det=3205	O+H=6913	 DONE
16/10/2025 12:27:03:	NO ACTION	 DONE
16/10/2025 12:27:03:	close file and end scan	 DONE
16/10/2025 12:27:04:	END OF SCRIPT	 DONE
