26/09/2025 21:14:16:	start execution of script D:\data\Cycle 198\exp_3-16-19\rawdata\sc\ifg1_3p20s_B3.sc	 DONE
26/09/2025 21:14:16:	move motor	S18.axis2.phaseshifter 1 to -2.725000deg	 DONE
26/09/2025 21:14:19:	create file	D:\data\Cycle 198\exp_3-16-19\rawdata\sc\ifg1_3p20s_B3_26Sep2114.dat	 DONE
room to enter remarks DONE
26/09/2025 21:14:21:	read encoder	S18.auxiliary.Robot Diagonal		93976.941589 DONE
26/09/2025 21:14:21:	move motor	S18.axis2.phaseshifter 1 to -2.625000deg	 DONE
26/09/2025 21:14:23:	1	count	time	20.000000s/cts	O Det=1114	H Det=1099	Mon Det=45113	Aux Det=9367	O+H=11580	 DONE
26/09/2025 21:14:45:	move motor	S18.axis2.phaseshifter 1 to -2.450000deg	 DONE
26/09/2025 21:14:46:	2	count	time	20.000000s/cts	O Det=857	H Det=875	Mon Det=45020	Aux Det=9888	O+H=11620	 DONE
26/09/2025 21:15:08:	move motor	S18.axis2.phaseshifter 1 to -2.275000deg	 DONE
26/09/2025 21:15:09:	3	count	time	20.000000s/cts	O Det=1405	H Det=1333	Mon Det=44740	Aux Det=8845	O+H=11583	 DONE
26/09/2025 21:15:31:	move motor	S18.axis2.phaseshifter 1 to -2.100000deg	 DONE
26/09/2025 21:15:33:	4	count	time	20.000000s/cts	O Det=1960	H Det=1886	Mon Det=45009	Aux Det=7622	O+H=11468	 DONE
26/09/2025 21:15:54:	move motor	S18.axis2.phaseshifter 1 to -1.925000deg	 DONE
26/09/2025 21:15:56:	5	count	time	20.000000s/cts	O Det=2924	H Det=2719	Mon Det=45099	Aux Det=5709	O+H=11352	 DONE
26/09/2025 21:16:18:	move motor	S18.axis2.phaseshifter 1 to -1.750000deg	 DONE
26/09/2025 21:16:19:	6	count	time	20.000000s/cts	O Det=3604	H Det=3328	Mon Det=45060	Aux Det=4324	O+H=11256	 DONE
26/09/2025 21:16:41:	move motor	S18.axis2.phaseshifter 1 to -1.575000deg	 DONE
26/09/2025 21:16:43:	7	count	time	20.000000s/cts	O Det=3738	H Det=3512	Mon Det=45376	Aux Det=3962	O+H=11212	 DONE
26/09/2025 21:17:04:	move motor	S18.axis2.phaseshifter 1 to -1.400000deg	 DONE
26/09/2025 21:17:06:	8	count	time	20.000000s/cts	O Det=3394	H Det=3165	Mon Det=45169	Aux Det=4620	O+H=11179	 DONE
26/09/2025 21:17:28:	move motor	S18.axis2.phaseshifter 1 to -1.225000deg	 DONE
26/09/2025 21:17:29:	9	count	time	20.000000s/cts	O Det=3010	H Det=2765	Mon Det=45014	Aux Det=5296	O+H=11071	 DONE
26/09/2025 21:17:51:	move motor	S18.axis2.phaseshifter 1 to -1.050000deg	 DONE
26/09/2025 21:17:52:	10	count	time	20.000000s/cts	O Det=1749	H Det=1673	Mon Det=45079	Aux Det=8119	O+H=11541	 DONE
26/09/2025 21:18:14:	move motor	S18.axis2.phaseshifter 1 to -0.875000deg	 DONE
26/09/2025 21:18:16:	11	count	time	20.000000s/cts	O Det=999	H Det=997	Mon Det=45150	Aux Det=9299	O+H=11295	 DONE
26/09/2025 21:18:37:	move motor	S18.axis2.phaseshifter 1 to -0.700000deg	 DONE
26/09/2025 21:18:39:	12	count	time	20.000000s/cts	O Det=864	H Det=874	Mon Det=45378	Aux Det=9780	O+H=11518	 DONE
26/09/2025 21:19:01:	move motor	S18.axis2.phaseshifter 1 to -0.525000deg	 DONE
26/09/2025 21:19:02:	13	count	time	20.000000s/cts	O Det=1249	H Det=1184	Mon Det=45106	Aux Det=8874	O+H=11307	 DONE
26/09/2025 21:19:24:	move motor	S18.axis2.phaseshifter 1 to -0.350000deg	 DONE
26/09/2025 21:19:26:	14	count	time	20.000000s/cts	O Det=1845	H Det=1693	Mon Det=44851	Aux Det=7953	O+H=11491	 DONE
26/09/2025 21:19:47:	move motor	S18.axis2.phaseshifter 1 to -0.175000deg	 DONE
26/09/2025 21:19:49:	15	count	time	20.000000s/cts	O Det=2759	H Det=2642	Mon Det=44675	Aux Det=5774	O+H=11175	 DONE
26/09/2025 21:20:11:	move motor	S18.axis2.phaseshifter 1 to 0.000000deg	 DONE
26/09/2025 21:20:12:	16	count	time	20.000000s/cts	O Det=3553	H Det=3222	Mon Det=45195	Aux Det=4358	O+H=11133	 DONE
26/09/2025 21:20:34:	move motor	S18.axis2.phaseshifter 1 to 0.175000deg	 DONE
26/09/2025 21:20:36:	17	count	time	20.000000s/cts	O Det=3704	H Det=3588	Mon Det=45036	Aux Det=3972	O+H=11264	 DONE
26/09/2025 21:20:57:	move motor	S18.axis2.phaseshifter 1 to 0.350000deg	 DONE
26/09/2025 21:20:59:	18	count	time	20.000000s/cts	O Det=3649	H Det=3358	Mon Det=45414	Aux Det=4322	O+H=11329	 DONE
26/09/2025 21:21:21:	move motor	S18.axis2.phaseshifter 1 to 0.525000deg	 DONE
26/09/2025 21:21:22:	19	count	time	20.000000s/cts	O Det=2780	H Det=2481	Mon Det=45212	Aux Det=6063	O+H=11324	 DONE
26/09/2025 21:21:44:	move motor	S18.axis2.phaseshifter 1 to 0.700000deg	 DONE
26/09/2025 21:21:45:	20	count	time	20.000000s/cts	O Det=1955	H Det=1951	Mon Det=44862	Aux Det=7515	O+H=11421	 DONE
26/09/2025 21:22:07:	move motor	S18.axis2.phaseshifter 1 to 0.875000deg	 DONE
26/09/2025 21:22:09:	21	count	time	20.000000s/cts	O Det=1127	H Det=1081	Mon Det=44780	Aux Det=9146	O+H=11354	 DONE
26/09/2025 21:22:30:	move motor	S18.axis2.phaseshifter 1 to 1.050000deg	 DONE
26/09/2025 21:22:32:	22	count	time	20.000000s/cts	O Det=899	H Det=830	Mon Det=45025	Aux Det=9642	O+H=11371	 DONE
26/09/2025 21:22:54:	move motor	S18.axis2.phaseshifter 1 to 1.225000deg	 DONE
26/09/2025 21:22:55:	23	count	time	20.000000s/cts	O Det=1113	H Det=1047	Mon Det=45090	Aux Det=9300	O+H=11460	 DONE
26/09/2025 21:23:17:	move motor	S18.axis2.phaseshifter 1 to 1.400000deg	 DONE
26/09/2025 21:23:19:	24	count	time	20.000000s/cts	O Det=1764	H Det=1718	Mon Det=45164	Aux Det=7912	O+H=11394	 DONE
26/09/2025 21:23:40:	move motor	S18.axis2.phaseshifter 1 to 1.575000deg	 DONE
26/09/2025 21:23:42:	25	count	time	20.000000s/cts	O Det=2814	H Det=2556	Mon Det=44837	Aux Det=5925	O+H=11295	 DONE
26/09/2025 21:24:04:	move motor	S18.axis2.phaseshifter 1 to 1.750000deg	 DONE
26/09/2025 21:24:05:	26	count	time	20.000000s/cts	O Det=3385	H Det=3231	Mon Det=44822	Aux Det=4619	O+H=11235	 DONE
26/09/2025 21:24:27:	move motor	S18.axis2.phaseshifter 1 to 1.925000deg	 DONE
26/09/2025 21:24:29:	27	count	time	20.000000s/cts	O Det=3772	H Det=3447	Mon Det=45330	Aux Det=3944	O+H=11163	 DONE
26/09/2025 21:24:50:	move motor	S18.axis2.phaseshifter 1 to 2.100000deg	 DONE
26/09/2025 21:24:52:	28	count	time	20.000000s/cts	O Det=3539	H Det=3229	Mon Det=45267	Aux Det=4487	O+H=11255	 DONE
26/09/2025 21:25:14:	move motor	S18.axis2.phaseshifter 1 to 2.275000deg	 DONE
26/09/2025 21:25:15:	29	count	time	20.000000s/cts	O Det=2924	H Det=2716	Mon Det=44848	Aux Det=5700	O+H=11340	 DONE
26/09/2025 21:25:37:	move motor	S18.axis2.phaseshifter 1 to 2.450000deg	 DONE
26/09/2025 21:25:38:	30	count	time	20.000000s/cts	O Det=2097	H Det=2027	Mon Det=45000	Aux Det=7548	O+H=11672	 DONE
26/09/2025 21:26:00:	move motor	S18.axis2.phaseshifter 1 to 2.625000deg	 DONE
26/09/2025 21:26:02:	31	count	time	20.000000s/cts	O Det=1194	H Det=1159	Mon Det=45067	Aux Det=9028	O+H=11381	 DONE
26/09/2025 21:26:23:	close file and end scan	 DONE
26/09/2025 21:26:24:	END OF SCRIPT	 DONE
