08/10/2025 19:27:44:	start execution of script D:\data\Cycle 198\exp_3-16-19\rawdata\sc\ifg1R_newPS_2p30s_psi_+1+1+1_m90.sc	 DONE
08/10/2025 19:27:44:	create file	D:\data\Cycle 198\exp_3-16-19\rawdata\sc\ifg1R_newPS_2p30s_psi_+1+1+1_m90_08Oct1927.dat	 DONE
room to enter remarks DONE
08/10/2025 19:27:45:	MOVE MOTOR REL	S18.axis2.phaseshifter 1	deg	0	FALSE DONE
08/10/2025 19:27:49:	1	count	time	30.0s/cts	O Det=3973	H Det=1689	Mon Det=91301	Aux Det=12285	O+H=17947	 DONE
08/10/2025 19:28:20:	MOVE MOTOR REL	S18.axis2.phaseshifter 1	deg	0.1	FALSE DONE
08/10/2025 19:28:24:	2	count	time	30.0s/cts	O Det=5302	H Det=1841	Mon Det=90853	Aux Det=10232	O+H=17375	 DONE
08/10/2025 19:28:56:	MOVE MOTOR REL	S18.axis2.phaseshifter 1	deg	0.1	FALSE DONE
08/10/2025 19:28:59:	3	count	time	30.0s/cts	O Det=6450	H Det=2342	Mon Det=91902	Aux Det=7439	O+H=16231	 DONE
08/10/2025 19:29:31:	MOVE MOTOR REL	S18.axis2.phaseshifter 1	deg	0.1	FALSE DONE
08/10/2025 19:29:34:	4	count	time	30.0s/cts	O Det=6525	H Det=3473	Mon Det=91925	Aux Det=5600	O+H=15598	 DONE
08/10/2025 19:30:06:	MOVE MOTOR REL	S18.axis2.phaseshifter 1	deg	0.1	FALSE DONE
08/10/2025 19:30:09:	5	count	time	30.0s/cts	O Det=5912	H Det=4267	Mon Det=91710	Aux Det=5333	O+H=15512	 DONE
08/10/2025 19:30:41:	MOVE MOTOR REL	S18.axis2.phaseshifter 1	deg	0.1	FALSE DONE
08/10/2025 19:30:45:	6	count	time	30.0s/cts	O Det=4307	H Det=4975	Mon Det=91899	Aux Det=6449	O+H=15731	 DONE
08/10/2025 19:31:16:	MOVE MOTOR REL	S18.axis2.phaseshifter 1	deg	0.1	FALSE DONE
08/10/2025 19:31:20:	7	count	time	30.0s/cts	O Det=2827	H Det=4911	Mon Det=91433	Aux Det=8556	O+H=16294	 DONE
08/10/2025 19:31:52:	MOVE MOTOR REL	S18.axis2.phaseshifter 1	deg	0.1	FALSE DONE
08/10/2025 19:31:55:	8	count	time	30.0s/cts	O Det=1610	H Det=4350	Mon Det=91871	Aux Det=11391	O+H=17351	 DONE
08/10/2025 19:32:27:	MOVE MOTOR REL	S18.axis2.phaseshifter 1	deg	0.1	FALSE DONE
08/10/2025 19:32:30:	9	count	time	30.0s/cts	O Det=1261	H Det=3362	Mon Det=91923	Aux Det=13272	O+H=17895	 DONE
08/10/2025 19:33:02:	MOVE MOTOR REL	S18.axis2.phaseshifter 1	deg	0.1	FALSE DONE
08/10/2025 19:33:06:	10	count	time	30.0s/cts	O Det=1847	H Det=2524	Mon Det=91921	Aux Det=14090	O+H=18461	 DONE
08/10/2025 19:33:37:	MOVE MOTOR REL	S18.axis2.phaseshifter 1	deg	0.1	FALSE DONE
08/10/2025 19:33:41:	11	count	time	30.0s/cts	O Det=3189	H Det=1826	Mon Det=91770	Aux Det=13225	O+H=18240	 DONE
08/10/2025 19:34:13:	MOVE MOTOR REL	S18.axis2.phaseshifter 1	deg	0.1	FALSE DONE
08/10/2025 19:34:16:	12	count	time	30.0s/cts	O Det=4619	H Det=1683	Mon Det=91792	Aux Det=11584	O+H=17886	 DONE
08/10/2025 19:34:48:	MOVE MOTOR REL	S18.axis2.phaseshifter 1	deg	0.1	FALSE DONE
08/10/2025 19:34:52:	13	count	time	30.0s/cts	O Det=6100	H Det=2190	Mon Det=91741	Aux Det=8826	O+H=17116	 DONE
08/10/2025 19:35:23:	MOVE MOTOR REL	S18.axis2.phaseshifter 1	deg	0.1	FALSE DONE
08/10/2025 19:35:27:	14	count	time	30.0s/cts	O Det=6580	H Det=2972	Mon Det=91444	Aux Det=6343	O+H=15895	 DONE
08/10/2025 19:35:58:	MOVE MOTOR REL	S18.axis2.phaseshifter 1	deg	0.1	FALSE DONE
08/10/2025 19:36:02:	15	count	time	30.0s/cts	O Det=6138	H Det=3992	Mon Det=91761	Aux Det=5311	O+H=15441	 DONE
08/10/2025 19:36:34:	MOVE MOTOR REL	S18.axis2.phaseshifter 1	deg	0.1	FALSE DONE
08/10/2025 19:36:37:	16	count	time	30.0s/cts	O Det=4901	H Det=4709	Mon Det=91786	Aux Det=5692	O+H=15302	 DONE
08/10/2025 19:37:09:	MOVE MOTOR REL	S18.axis2.phaseshifter 1	deg	0.1	FALSE DONE
08/10/2025 19:37:12:	17	count	time	30.0s/cts	O Det=3482	H Det=4841	Mon Det=91521	Aux Det=7688	O+H=16011	 DONE
08/10/2025 19:37:44:	MOVE MOTOR REL	S18.axis2.phaseshifter 1	deg	0.1	FALSE DONE
08/10/2025 19:37:48:	18	count	time	30.0s/cts	O Det=1933	H Det=4585	Mon Det=91688	Aux Det=10314	O+H=16832	 DONE
08/10/2025 19:38:19:	MOVE MOTOR REL	S18.axis2.phaseshifter 1	deg	0.1	FALSE DONE
08/10/2025 19:38:23:	19	count	time	30.0s/cts	O Det=1237	H Det=3915	Mon Det=91538	Aux Det=12465	O+H=17617	 DONE
08/10/2025 19:38:55:	MOVE MOTOR REL	S18.axis2.phaseshifter 1	deg	0.1	FALSE DONE
08/10/2025 19:38:58:	20	count	time	30.0s/cts	O Det=1647	H Det=2711	Mon Det=91757	Aux Det=14082	O+H=18440	 DONE
08/10/2025 19:39:30:	MOVE MOTOR REL	S18.axis2.phaseshifter 1	deg	0.1	FALSE DONE
08/10/2025 19:39:34:	21	count	time	30.0s/cts	O Det=2722	H Det=2069	Mon Det=92181	Aux Det=13824	O+H=18615	 DONE
08/10/2025 19:40:05:	MOVE MOTOR REL	S18.axis2.phaseshifter 1	deg	0.1	FALSE DONE
08/10/2025 19:40:09:	22	count	time	30.0s/cts	O Det=4104	H Det=1717	Mon Det=91809	Aux Det=11922	O+H=17743	 DONE
08/10/2025 19:40:41:	close file and end scan	 DONE
call of ifg1r_newPS_2p30s.sc DONE
08/10/2025 19:40:42:	move motor	S18.axis2.phaseshifter 1 to fit O COS90	1.073535reached 1.07666  DONE
08/10/2025 19:40:44:	END OF SCRIPT	 DONE
