26/09/2025 19:24:40:	start execution of script D:\data\Cycle 198\exp_3-16-19\rawdata\sc\ifg1_3p20s_B2.sc	 DONE
26/09/2025 19:24:41:	move motor	S18.axis2.phaseshifter 1 to -2.725000deg	 DONE
26/09/2025 19:24:43:	create file	D:\data\Cycle 198\exp_3-16-19\rawdata\sc\ifg1_3p20s_B2_26Sep1924.dat	 DONE
room to enter remarks DONE
26/09/2025 19:24:45:	read encoder	S18.auxiliary.Robot Diagonal		-12.660254 DONE
26/09/2025 19:24:45:	move motor	S18.axis2.phaseshifter 1 to -2.625000deg	 DONE
26/09/2025 19:24:47:	1	count	time	20.000000s/cts	O Det=657	H Det=4052	Mon Det=45283	Aux Det=3581	O+H=8290	 DONE
26/09/2025 19:25:09:	move motor	S18.axis2.phaseshifter 1 to -2.450000deg	 DONE
26/09/2025 19:25:10:	2	count	time	20.000000s/cts	O Det=503	H Det=4071	Mon Det=44620	Aux Det=3686	O+H=8260	 DONE
26/09/2025 19:25:32:	move motor	S18.axis2.phaseshifter 1 to -2.275000deg	 DONE
26/09/2025 19:25:33:	3	count	time	20.000000s/cts	O Det=472	H Det=4154	Mon Det=45091	Aux Det=3647	O+H=8273	 DONE
26/09/2025 19:25:55:	move motor	S18.axis2.phaseshifter 1 to -2.100000deg	 DONE
26/09/2025 19:25:57:	4	count	time	20.000000s/cts	O Det=1104	H Det=3649	Mon Det=45222	Aux Det=3761	O+H=8514	 DONE
26/09/2025 19:26:18:	move motor	S18.axis2.phaseshifter 1 to -1.925000deg	 DONE
26/09/2025 19:26:20:	5	count	time	20.000000s/cts	O Det=2422	H Det=2439	Mon Det=45008	Aux Det=3553	O+H=8414	 DONE
26/09/2025 19:26:42:	move motor	S18.axis2.phaseshifter 1 to -1.750000deg	 DONE
26/09/2025 19:26:43:	6	count	time	20.000000s/cts	O Det=2979	H Det=1861	Mon Det=44862	Aux Det=3573	O+H=8413	 DONE
26/09/2025 19:27:05:	move motor	S18.axis2.phaseshifter 1 to -1.575000deg	 DONE
26/09/2025 19:27:07:	7	count	time	20.000000s/cts	O Det=3384	H Det=1522	Mon Det=44822	Aux Det=3599	O+H=8505	 DONE
26/09/2025 19:27:28:	move motor	S18.axis2.phaseshifter 1 to -1.400000deg	 DONE
26/09/2025 19:27:30:	8	count	time	20.000000s/cts	O Det=3396	H Det=1639	Mon Det=44904	Aux Det=3694	O+H=8729	 DONE
26/09/2025 19:27:52:	move motor	S18.axis2.phaseshifter 1 to -1.225000deg	 DONE
26/09/2025 19:27:53:	9	count	time	20.000000s/cts	O Det=2633	H Det=2328	Mon Det=44880	Aux Det=3627	O+H=8588	 DONE
26/09/2025 19:28:15:	move motor	S18.axis2.phaseshifter 1 to -1.050000deg	 DONE
26/09/2025 19:28:17:	10	count	time	20.000000s/cts	O Det=1758	H Det=3047	Mon Det=44991	Aux Det=3661	O+H=8466	 DONE
26/09/2025 19:28:38:	move motor	S18.axis2.phaseshifter 1 to -0.875000deg	 DONE
26/09/2025 19:28:40:	11	count	time	20.000000s/cts	O Det=1080	H Det=3587	Mon Det=44787	Aux Det=3704	O+H=8371	 DONE
26/09/2025 19:29:02:	move motor	S18.axis2.phaseshifter 1 to -0.700000deg	 DONE
26/09/2025 19:29:03:	12	count	time	20.000000s/cts	O Det=480	H Det=4213	Mon Det=45000	Aux Det=3781	O+H=8474	 DONE
26/09/2025 19:29:25:	move motor	S18.axis2.phaseshifter 1 to -0.525000deg	 DONE
26/09/2025 19:29:27:	13	count	time	20.000000s/cts	O Det=823	H Det=3843	Mon Det=44937	Aux Det=3624	O+H=8290	 DONE
26/09/2025 19:29:48:	move motor	S18.axis2.phaseshifter 1 to -0.350000deg	 DONE
26/09/2025 19:29:50:	14	count	time	20.000000s/cts	O Det=1167	H Det=3510	Mon Det=45130	Aux Det=3644	O+H=8321	 DONE
26/09/2025 19:30:12:	move motor	S18.axis2.phaseshifter 1 to -0.175000deg	 DONE
26/09/2025 19:30:13:	15	count	time	20.000000s/cts	O Det=1823	H Det=3046	Mon Det=44661	Aux Det=3781	O+H=8650	 DONE
26/09/2025 19:30:35:	move motor	S18.axis2.phaseshifter 1 to 0.000000deg	 DONE
26/09/2025 19:30:37:	16	count	time	20.000000s/cts	O Det=3281	H Det=1684	Mon Det=45038	Aux Det=3727	O+H=8692	 DONE
26/09/2025 19:30:58:	move motor	S18.axis2.phaseshifter 1 to 0.175000deg	 DONE
26/09/2025 19:31:00:	17	count	time	20.000000s/cts	O Det=3317	H Det=1668	Mon Det=45318	Aux Det=3573	O+H=8558	 DONE
26/09/2025 19:31:22:	move motor	S18.axis2.phaseshifter 1 to 0.350000deg	 DONE
26/09/2025 19:31:23:	18	count	time	20.000000s/cts	O Det=3112	H Det=1897	Mon Det=45429	Aux Det=3566	O+H=8575	 DONE
26/09/2025 19:31:45:	move motor	S18.axis2.phaseshifter 1 to 0.525000deg	 DONE
26/09/2025 19:31:47:	19	count	time	20.000000s/cts	O Det=2696	H Det=2266	Mon Det=45224	Aux Det=3675	O+H=8637	 DONE
26/09/2025 19:32:08:	move motor	S18.axis2.phaseshifter 1 to 0.700000deg	 DONE
26/09/2025 19:32:10:	20	count	time	20.000000s/cts	O Det=1623	H Det=3189	Mon Det=45185	Aux Det=3773	O+H=8585	 DONE
26/09/2025 19:32:32:	move motor	S18.axis2.phaseshifter 1 to 0.875000deg	 DONE
26/09/2025 19:32:33:	21	count	time	20.000000s/cts	O Det=1202	H Det=3521	Mon Det=44712	Aux Det=3743	O+H=8466	 DONE
26/09/2025 19:32:55:	move motor	S18.axis2.phaseshifter 1 to 1.050000deg	 DONE
26/09/2025 19:32:56:	22	count	time	20.000000s/cts	O Det=638	H Det=3955	Mon Det=44840	Aux Det=3630	O+H=8223	 DONE
26/09/2025 19:33:18:	move motor	S18.axis2.phaseshifter 1 to 1.225000deg	 DONE
26/09/2025 19:33:20:	23	count	time	20.000000s/cts	O Det=394	H Det=4133	Mon Det=44982	Aux Det=3703	O+H=8230	 DONE
26/09/2025 19:33:41:	move motor	S18.axis2.phaseshifter 1 to 1.400000deg	 DONE
26/09/2025 19:33:43:	24	count	time	20.000000s/cts	O Det=615	H Det=4002	Mon Det=44968	Aux Det=3689	O+H=8306	 DONE
26/09/2025 19:34:05:	move motor	S18.axis2.phaseshifter 1 to 1.575000deg	 DONE
26/09/2025 19:34:06:	25	count	time	20.000000s/cts	O Det=1548	H Det=3361	Mon Det=44863	Aux Det=3577	O+H=8486	 DONE
26/09/2025 19:34:28:	move motor	S18.axis2.phaseshifter 1 to 1.750000deg	 DONE
26/09/2025 19:34:29:	26	count	time	20.000000s/cts	O Det=2672	H Det=2170	Mon Det=45238	Aux Det=3623	O+H=8465	 DONE
26/09/2025 19:34:51:	move motor	S18.axis2.phaseshifter 1 to 1.925000deg	 DONE
26/09/2025 19:34:53:	27	count	time	20.000000s/cts	O Det=3371	H Det=1541	Mon Det=45244	Aux Det=3614	O+H=8526	 DONE
26/09/2025 19:35:15:	move motor	S18.axis2.phaseshifter 1 to 2.100000deg	 DONE
26/09/2025 19:35:16:	28	count	time	20.000000s/cts	O Det=3454	H Det=1613	Mon Det=45178	Aux Det=3695	O+H=8762	 DONE
26/09/2025 19:35:38:	move motor	S18.axis2.phaseshifter 1 to 2.275000deg	 DONE
26/09/2025 19:35:40:	29	count	time	20.000000s/cts	O Det=2816	H Det=2141	Mon Det=45246	Aux Det=3648	O+H=8605	 DONE
26/09/2025 19:36:01:	move motor	S18.axis2.phaseshifter 1 to 2.450000deg	 DONE
26/09/2025 19:36:03:	30	count	time	20.000000s/cts	O Det=2303	H Det=2590	Mon Det=45014	Aux Det=3635	O+H=8528	 DONE
26/09/2025 19:36:24:	move motor	S18.axis2.phaseshifter 1 to 2.625000deg	 DONE
26/09/2025 19:36:26:	31	count	time	20.000000s/cts	O Det=1105	H Det=3622	Mon Det=45548	Aux Det=3742	O+H=8469	 DONE
26/09/2025 19:36:48:	close file and end scan	 DONE
26/09/2025 19:36:48:	END OF SCRIPT	 DONE
