08/10/2025 10:20:39:	start execution of script D:\data\Cycle 198\exp_3-16-19\rawdata\sc\ifg1R_newPS_2p30s_0.sc	 DONE
08/10/2025 10:20:39:	create file	D:\data\Cycle 198\exp_3-16-19\rawdata\sc\ifg1R_newPS_2p30s_0_08Oct1020.dat	 DONE
room to enter remarks DONE
08/10/2025 10:20:40:	MOVE MOTOR REL	S18.axis2.phaseshifter 1	deg	0.1	FALSE DONE
08/10/2025 10:20:44:	1	count	time	30.0s/cts	O Det=6939	H Det=2237	Mon Det=91959	Aux Det=5601	O+H=14777	 DONE
08/10/2025 10:21:16:	MOVE MOTOR REL	S18.axis2.phaseshifter 1	deg	0.1	FALSE DONE
08/10/2025 10:21:19:	2	count	time	30.0s/cts	O Det=5629	H Det=2316	Mon Det=91693	Aux Det=7115	O+H=15060	 DONE
08/10/2025 10:21:51:	MOVE MOTOR REL	S18.axis2.phaseshifter 1	deg	0.1	FALSE DONE
08/10/2025 10:21:54:	3	count	time	30.0s/cts	O Det=4000	H Det=2362	Mon Det=91526	Aux Det=9223	O+H=15585	 DONE
08/10/2025 10:22:26:	MOVE MOTOR REL	S18.axis2.phaseshifter 1	deg	0.1	FALSE DONE
08/10/2025 10:22:29:	4	count	time	30.0s/cts	O Det=2460	H Det=2393	Mon Det=92035	Aux Det=11528	O+H=16381	 DONE
08/10/2025 10:23:01:	MOVE MOTOR REL	S18.axis2.phaseshifter 1	deg	0.1	FALSE DONE
08/10/2025 10:23:05:	5	count	time	30.0s/cts	O Det=1644	H Det=2453	Mon Det=91526	Aux Det=12688	O+H=16785	 DONE
08/10/2025 10:23:36:	MOVE MOTOR REL	S18.axis2.phaseshifter 1	deg	0.1	FALSE DONE
08/10/2025 10:23:40:	6	count	time	30.0s/cts	O Det=1612	H Det=2445	Mon Det=91779	Aux Det=12887	O+H=16944	 DONE
08/10/2025 10:24:11:	MOVE MOTOR REL	S18.axis2.phaseshifter 1	deg	0.1	FALSE DONE
08/10/2025 10:24:15:	7	count	time	30.0s/cts	O Det=2401	H Det=2410	Mon Det=91887	Aux Det=11687	O+H=16498	 DONE
08/10/2025 10:24:47:	MOVE MOTOR REL	S18.axis2.phaseshifter 1	deg	0.1	FALSE DONE
08/10/2025 10:24:50:	8	count	time	30.0s/cts	O Det=3729	H Det=2277	Mon Det=91466	Aux Det=9726	O+H=15732	 DONE
08/10/2025 10:25:22:	MOVE MOTOR REL	S18.axis2.phaseshifter 1	deg	0.1	FALSE DONE
08/10/2025 10:25:25:	9	count	time	30.0s/cts	O Det=5549	H Det=2209	Mon Det=92041	Aux Det=7309	O+H=15067	 DONE
08/10/2025 10:25:57:	MOVE MOTOR REL	S18.axis2.phaseshifter 1	deg	0.1	FALSE DONE
08/10/2025 10:26:01:	10	count	time	30.0s/cts	O Det=6764	H Det=2258	Mon Det=91744	Aux Det=5434	O+H=14456	 DONE
08/10/2025 10:26:32:	MOVE MOTOR REL	S18.axis2.phaseshifter 1	deg	0.1	FALSE DONE
08/10/2025 10:26:36:	11	count	time	30.0s/cts	O Det=7131	H Det=2215	Mon Det=91951	Aux Det=4840	O+H=14186	 DONE
08/10/2025 10:27:07:	MOVE MOTOR REL	S18.axis2.phaseshifter 1	deg	0.1	FALSE DONE
08/10/2025 10:27:11:	12	count	time	30.0s/cts	O Det=6795	H Det=2195	Mon Det=92340	Aux Det=5411	O+H=14401	 DONE
08/10/2025 10:27:43:	MOVE MOTOR REL	S18.axis2.phaseshifter 1	deg	0.1	FALSE DONE
08/10/2025 10:27:46:	13	count	time	30.0s/cts	O Det=5537	H Det=2321	Mon Det=92020	Aux Det=7063	O+H=14921	 DONE
08/10/2025 10:28:18:	MOVE MOTOR REL	S18.axis2.phaseshifter 1	deg	0.1	FALSE DONE
08/10/2025 10:28:21:	14	count	time	30.0s/cts	O Det=4021	H Det=2461	Mon Det=91593	Aux Det=9470	O+H=15952	 DONE
08/10/2025 10:28:53:	MOVE MOTOR REL	S18.axis2.phaseshifter 1	deg	0.1	FALSE DONE
08/10/2025 10:28:57:	15	count	time	30.0s/cts	O Det=2290	H Det=2514	Mon Det=92167	Aux Det=11476	O+H=16280	 DONE
08/10/2025 10:29:28:	MOVE MOTOR REL	S18.axis2.phaseshifter 1	deg	0.1	FALSE DONE
08/10/2025 10:29:32:	16	count	time	30.0s/cts	O Det=1548	H Det=2440	Mon Det=91973	Aux Det=12836	O+H=16824	 DONE
08/10/2025 10:30:03:	MOVE MOTOR REL	S18.axis2.phaseshifter 1	deg	0.1	FALSE DONE
08/10/2025 10:30:07:	17	count	time	30.0s/cts	O Det=1638	H Det=2501	Mon Det=92152	Aux Det=12595	O+H=16734	 DONE
08/10/2025 10:30:39:	MOVE MOTOR REL	S18.axis2.phaseshifter 1	deg	0.1	FALSE DONE
08/10/2025 10:30:42:	18	count	time	30.0s/cts	O Det=2415	H Det=2420	Mon Det=92088	Aux Det=11559	O+H=16394	 DONE
08/10/2025 10:31:14:	MOVE MOTOR REL	S18.axis2.phaseshifter 1	deg	0.1	FALSE DONE
08/10/2025 10:31:17:	19	count	time	30.0s/cts	O Det=4168	H Det=2255	Mon Det=92175	Aux Det=9339	O+H=15762	 DONE
08/10/2025 10:31:49:	MOVE MOTOR REL	S18.axis2.phaseshifter 1	deg	0.1	FALSE DONE
08/10/2025 10:31:53:	20	count	time	30.0s/cts	O Det=5648	H Det=2200	Mon Det=92230	Aux Det=7002	O+H=14850	 DONE
08/10/2025 10:32:24:	MOVE MOTOR REL	S18.axis2.phaseshifter 1	deg	0.1	FALSE DONE
08/10/2025 10:32:28:	21	count	time	30.0s/cts	O Det=6590	H Det=2266	Mon Det=92129	Aux Det=5588	O+H=14444	 DONE
08/10/2025 10:32:59:	MOVE MOTOR REL	S18.axis2.phaseshifter 1	deg	0.1	FALSE DONE
08/10/2025 10:33:03:	22	count	time	30.0s/cts	O Det=7069	H Det=2217	Mon Det=91680	Aux Det=4833	O+H=14119	 DONE
08/10/2025 10:33:35:	close file and end scan	 DONE
call of ifg1r_newPS_2p30s.sc DONE
08/10/2025 10:33:36:	move motor	S18.axis2.phaseshifter 1 to fit O COS-90	0.626931reached 0.64819  DONE
08/10/2025 10:33:39:	END OF SCRIPT	 DONE
