20/10/2025 17:02:01:	start execution of script D:\data\Cycle 198\exp_3-16-19\rawdata\sc\ifg12_newPS_7p10s_B2.sc	 DONE
20/10/2025 17:02:01:	move motor	S18.axis2.phaseshifter both to -3.600000deg	 DONE
20/10/2025 17:02:10:	create file	D:\data\Cycle 198\exp_3-16-19\rawdata\sc\ifg12_newPS_7p10s_B2_20Oct1702.dat	 DONE
room to enter remarks DONE
20/10/2025 17:02:11:	move motor	S18.axis2.phaseshifter both to -3.500000deg	 DONE
20/10/2025 17:02:14:	1	count	time	10.000000s/cts	O Det=115	H Det=333	Mon Det=25353	Aux Det=445	O+H=893	 DONE
20/10/2025 17:02:26:	move motor	S18.axis2.phaseshifter both to -3.400000deg	 DONE
20/10/2025 17:02:29:	2	count	time	10.000000s/cts	O Det=114	H Det=361	Mon Det=25373	Aux Det=420	O+H=895	 DONE
20/10/2025 17:02:41:	move motor	S18.axis2.phaseshifter both to -3.300000deg	 DONE
20/10/2025 17:02:44:	3	count	time	10.000000s/cts	O Det=122	H Det=348	Mon Det=25469	Aux Det=421	O+H=891	 DONE
20/10/2025 17:02:56:	move motor	S18.axis2.phaseshifter both to -3.200000deg	 DONE
20/10/2025 17:02:59:	4	count	time	10.000000s/cts	O Det=102	H Det=346	Mon Det=25509	Aux Det=397	O+H=845	 DONE
20/10/2025 17:03:11:	move motor	S18.axis2.phaseshifter both to -3.100000deg	 DONE
20/10/2025 17:03:15:	5	count	time	10.000000s/cts	O Det=84	H Det=362	Mon Det=25486	Aux Det=432	O+H=878	 DONE
20/10/2025 17:03:27:	move motor	S18.axis2.phaseshifter both to -3.000000deg	 DONE
20/10/2025 17:03:30:	6	count	time	10.000000s/cts	O Det=55	H Det=346	Mon Det=25409	Aux Det=499	O+H=900	 DONE
20/10/2025 17:03:42:	move motor	S18.axis2.phaseshifter both to -2.900000deg	 DONE
20/10/2025 17:03:45:	7	count	time	10.000000s/cts	O Det=39	H Det=362	Mon Det=24683	Aux Det=533	O+H=934	 DONE
20/10/2025 17:03:57:	move motor	S18.axis2.phaseshifter both to -2.800000deg	 DONE
20/10/2025 17:04:00:	8	count	time	10.000000s/cts	O Det=41	H Det=369	Mon Det=25065	Aux Det=528	O+H=938	 DONE
20/10/2025 17:04:12:	move motor	S18.axis2.phaseshifter both to -2.700000deg	 DONE
20/10/2025 17:04:15:	9	count	time	10.000000s/cts	O Det=59	H Det=334	Mon Det=24819	Aux Det=530	O+H=923	 DONE
20/10/2025 17:04:27:	move motor	S18.axis2.phaseshifter both to -2.600000deg	 DONE
20/10/2025 17:04:30:	10	count	time	10.000000s/cts	O Det=1417	H Det=753	Mon Det=24641	Aux Det=2745	O+H=4915	 DONE
20/10/2025 17:04:42:	move motor	S18.axis2.phaseshifter both to -2.500000deg	STOPPED BY USER	20/10/2025 17:04:45:	close file and end scan	 DONE
