02/10/2025 21:00:34:	start execution of script D:\data\Cycle 198\exp_3-16-19\rawdata\sc\ifg1_newPS_6p20s_B2.sc	 DONE
02/10/2025 21:00:35:	move motor	S18.axis2.phaseshifter 1 to -3.100000deg	 DONE
02/10/2025 21:00:37:	create file	D:\data\Cycle 198\exp_3-16-19\rawdata\sc\ifg1_newPS_6p20s_B2_02Oct2100.dat	 DONE
room to enter remarks DONE
02/10/2025 21:00:38:	move motor	S18.axis2.phaseshifter 1 to -3.000000deg	 DONE
02/10/2025 21:00:40:	1	count	time	20.000000s/cts	O Det=553	H Det=1554	Mon Det=46080	Aux Det=2020	O+H=4127	 DONE
02/10/2025 21:01:02:	move motor	S18.axis2.phaseshifter 1 to -2.898305deg	 DONE
02/10/2025 21:01:03:	2	count	time	20.000000s/cts	O Det=328	H Det=1779	Mon Det=45604	Aux Det=1960	O+H=4067	 DONE
02/10/2025 21:01:25:	move motor	S18.axis2.phaseshifter 1 to -2.796610deg	 DONE
02/10/2025 21:01:26:	3	count	time	20.000000s/cts	O Det=248	H Det=1857	Mon Det=45885	Aux Det=1997	O+H=4102	 DONE
02/10/2025 21:01:48:	move motor	S18.axis2.phaseshifter 1 to -2.694915deg	 DONE
02/10/2025 21:01:50:	4	count	time	20.000000s/cts	O Det=406	H Det=1817	Mon Det=45908	Aux Det=1925	O+H=4148	 DONE
02/10/2025 21:02:11:	move motor	S18.axis2.phaseshifter 1 to -2.593220deg	 DONE
02/10/2025 21:02:13:	5	count	time	20.000000s/cts	O Det=770	H Det=1387	Mon Det=46041	Aux Det=1978	O+H=4135	 DONE
02/10/2025 21:02:35:	move motor	S18.axis2.phaseshifter 1 to -2.491525deg	 DONE
02/10/2025 21:02:36:	6	count	time	20.000000s/cts	O Det=1146	H Det=1127	Mon Det=46510	Aux Det=2020	O+H=4293	 DONE
02/10/2025 21:02:58:	move motor	S18.axis2.phaseshifter 1 to -2.389830deg	 DONE
02/10/2025 21:02:59:	7	count	time	20.000000s/cts	O Det=1442	H Det=800	Mon Det=45766	Aux Det=1999	O+H=4241	 DONE
02/10/2025 21:03:21:	move motor	S18.axis2.phaseshifter 1 to -2.288135deg	 DONE
02/10/2025 21:03:22:	8	count	time	20.000000s/cts	O Det=1433	H Det=823	Mon Det=45882	Aux Det=1999	O+H=4255	 DONE
02/10/2025 21:03:44:	move motor	S18.axis2.phaseshifter 1 to -2.186440deg	 DONE
02/10/2025 21:03:46:	9	count	time	20.000000s/cts	O Det=1288	H Det=960	Mon Det=46041	Aux Det=1945	O+H=4193	 DONE
02/10/2025 21:04:07:	move motor	S18.axis2.phaseshifter 1 to -2.084745deg	 DONE
02/10/2025 21:04:09:	10	count	time	20.000000s/cts	O Det=923	H Det=1198	Mon Det=45657	Aux Det=1979	O+H=4100	 DONE
02/10/2025 21:04:30:	move motor	S18.axis2.phaseshifter 1 to -1.983050deg	 DONE
02/10/2025 21:04:32:	11	count	time	20.000000s/cts	O Det=588	H Det=1654	Mon Det=45976	Aux Det=1971	O+H=4213	 DONE
02/10/2025 21:04:54:	move motor	S18.axis2.phaseshifter 1 to -1.881355deg	 DONE
02/10/2025 21:04:55:	12	count	time	20.000000s/cts	O Det=276	H Det=1817	Mon Det=45957	Aux Det=1953	O+H=4046	 DONE
02/10/2025 21:05:17:	move motor	S18.axis2.phaseshifter 1 to -1.779660deg	 DONE
02/10/2025 21:05:18:	13	count	time	20.000000s/cts	O Det=266	H Det=1867	Mon Det=45704	Aux Det=1967	O+H=4100	 DONE
02/10/2025 21:05:40:	move motor	S18.axis2.phaseshifter 1 to -1.677965deg	 DONE
02/10/2025 21:05:42:	14	count	time	20.000000s/cts	O Det=371	H Det=1800	Mon Det=45715	Aux Det=1987	O+H=4158	 DONE
02/10/2025 21:06:03:	move motor	S18.axis2.phaseshifter 1 to -1.576270deg	 DONE
02/10/2025 21:06:05:	15	count	time	20.000000s/cts	O Det=743	H Det=1425	Mon Det=46130	Aux Det=2083	O+H=4251	 DONE
02/10/2025 21:06:26:	move motor	S18.axis2.phaseshifter 1 to -1.474575deg	 DONE
02/10/2025 21:06:28:	16	count	time	20.000000s/cts	O Det=1111	H Det=1103	Mon Det=45959	Aux Det=1949	O+H=4163	 DONE
02/10/2025 21:06:50:	move motor	S18.axis2.phaseshifter 1 to -1.372880deg	 DONE
02/10/2025 21:06:51:	17	count	time	20.000000s/cts	O Det=1327	H Det=863	Mon Det=45889	Aux Det=1986	O+H=4176	 DONE
02/10/2025 21:07:13:	move motor	S18.axis2.phaseshifter 1 to -1.271185deg	 DONE
02/10/2025 21:07:14:	18	count	time	20.000000s/cts	O Det=1516	H Det=774	Mon Det=46186	Aux Det=1992	O+H=4282	 DONE
02/10/2025 21:07:36:	move motor	S18.axis2.phaseshifter 1 to -1.169490deg	 DONE
02/10/2025 21:07:38:	19	count	time	20.000000s/cts	O Det=1338	H Det=890	Mon Det=46181	Aux Det=1995	O+H=4223	 DONE
02/10/2025 21:07:59:	move motor	S18.axis2.phaseshifter 1 to -1.067795deg	 DONE
02/10/2025 21:08:01:	20	count	time	20.000000s/cts	O Det=991	H Det=1220	Mon Det=45715	Aux Det=1975	O+H=4186	 DONE
02/10/2025 21:08:22:	move motor	S18.axis2.phaseshifter 1 to -0.966100deg	 DONE
02/10/2025 21:08:24:	21	count	time	20.000000s/cts	O Det=752	H Det=1438	Mon Det=46082	Aux Det=1957	O+H=4147	 DONE
02/10/2025 21:08:46:	move motor	S18.axis2.phaseshifter 1 to -0.864405deg	 DONE
02/10/2025 21:08:47:	22	count	time	20.000000s/cts	O Det=396	H Det=1737	Mon Det=46015	Aux Det=1951	O+H=4084	 DONE
02/10/2025 21:09:09:	move motor	S18.axis2.phaseshifter 1 to -0.762710deg	 DONE
02/10/2025 21:09:10:	23	count	time	20.000000s/cts	O Det=220	H Det=1892	Mon Det=46258	Aux Det=2007	O+H=4119	 DONE
02/10/2025 21:09:32:	move motor	S18.axis2.phaseshifter 1 to -0.661015deg	 DONE
02/10/2025 21:09:34:	24	count	time	20.000000s/cts	O Det=340	H Det=1793	Mon Det=45664	Aux Det=1924	O+H=4057	 DONE
02/10/2025 21:09:55:	move motor	S18.axis2.phaseshifter 1 to -0.559320deg	 DONE
02/10/2025 21:09:57:	25	count	time	20.000000s/cts	O Det=621	H Det=1538	Mon Det=45664	Aux Det=1959	O+H=4118	 DONE
02/10/2025 21:10:19:	move motor	S18.axis2.phaseshifter 1 to -0.457625deg	 DONE
02/10/2025 21:10:20:	26	count	time	20.000000s/cts	O Det=1057	H Det=1184	Mon Det=45852	Aux Det=1952	O+H=4193	 DONE
02/10/2025 21:10:42:	move motor	S18.axis2.phaseshifter 1 to -0.355930deg	 DONE
02/10/2025 21:10:44:	27	count	time	20.000000s/cts	O Det=1366	H Det=833	Mon Det=46089	Aux Det=1986	O+H=4185	 DONE
02/10/2025 21:11:05:	move motor	S18.axis2.phaseshifter 1 to -0.254235deg	 DONE
02/10/2025 21:11:07:	28	count	time	20.000000s/cts	O Det=1510	H Det=744	Mon Det=45844	Aux Det=2067	O+H=4321	 DONE
02/10/2025 21:11:29:	move motor	S18.axis2.phaseshifter 1 to -0.152540deg	 DONE
02/10/2025 21:11:30:	29	count	time	20.000000s/cts	O Det=1442	H Det=828	Mon Det=45899	Aux Det=2021	O+H=4291	 DONE
02/10/2025 21:11:52:	move motor	S18.axis2.phaseshifter 1 to -0.050845deg	 DONE
02/10/2025 21:11:53:	30	count	time	20.000000s/cts	O Det=1125	H Det=1045	Mon Det=46365	Aux Det=2040	O+H=4210	 DONE
02/10/2025 21:12:15:	move motor	S18.axis2.phaseshifter 1 to 0.050850deg	 DONE
02/10/2025 21:12:16:	31	count	time	20.000000s/cts	O Det=677	H Det=1456	Mon Det=46162	Aux Det=1990	O+H=4123	 DONE
02/10/2025 21:12:38:	move motor	S18.axis2.phaseshifter 1 to 0.152545deg	 DONE
02/10/2025 21:12:40:	32	count	time	20.000000s/cts	O Det=352	H Det=1694	Mon Det=45618	Aux Det=1945	O+H=3991	 DONE
02/10/2025 21:13:01:	move motor	S18.axis2.phaseshifter 1 to 0.254240deg	 DONE
02/10/2025 21:13:03:	33	count	time	20.000000s/cts	O Det=254	H Det=1885	Mon Det=46081	Aux Det=2016	O+H=4155	 DONE
02/10/2025 21:13:24:	move motor	S18.axis2.phaseshifter 1 to 0.355935deg	 DONE
02/10/2025 21:13:26:	34	count	time	20.000000s/cts	O Det=287	H Det=1875	Mon Det=46223	Aux Det=2001	O+H=4163	 DONE
02/10/2025 21:13:48:	move motor	S18.axis2.phaseshifter 1 to 0.457630deg	 DONE
02/10/2025 21:13:49:	35	count	time	20.000000s/cts	O Det=603	H Det=1522	Mon Det=45610	Aux Det=2035	O+H=4160	 DONE
02/10/2025 21:14:11:	move motor	S18.axis2.phaseshifter 1 to 0.559325deg	 DONE
02/10/2025 21:14:12:	36	count	time	20.000000s/cts	O Det=1085	H Det=1160	Mon Det=45917	Aux Det=1981	O+H=4226	 DONE
02/10/2025 21:14:34:	move motor	S18.axis2.phaseshifter 1 to 0.661020deg	 DONE
02/10/2025 21:14:36:	37	count	time	20.000000s/cts	O Det=1427	H Det=890	Mon Det=45570	Aux Det=2000	O+H=4317	 DONE
02/10/2025 21:14:57:	move motor	S18.axis2.phaseshifter 1 to 0.762715deg	 DONE
02/10/2025 21:14:59:	38	count	time	20.000000s/cts	O Det=1432	H Det=729	Mon Det=45966	Aux Det=1914	O+H=4075	 DONE
02/10/2025 21:15:20:	move motor	S18.axis2.phaseshifter 1 to 0.864410deg	 DONE
02/10/2025 21:15:22:	39	count	time	20.000000s/cts	O Det=1433	H Det=903	Mon Det=46121	Aux Det=2091	O+H=4427	 DONE
02/10/2025 21:15:44:	move motor	S18.axis2.phaseshifter 1 to 0.966105deg	 DONE
02/10/2025 21:15:45:	40	count	time	20.000000s/cts	O Det=1087	H Det=1160	Mon Det=45842	Aux Det=1935	O+H=4182	 DONE
02/10/2025 21:16:07:	move motor	S18.axis2.phaseshifter 1 to 1.067800deg	 DONE
02/10/2025 21:16:08:	41	count	time	20.000000s/cts	O Det=715	H Det=1475	Mon Det=45955	Aux Det=2020	O+H=4210	 DONE
02/10/2025 21:16:30:	move motor	S18.axis2.phaseshifter 1 to 1.169495deg	 DONE
02/10/2025 21:16:32:	42	count	time	20.000000s/cts	O Det=404	H Det=1806	Mon Det=45371	Aux Det=1973	O+H=4183	 DONE
02/10/2025 21:16:53:	move motor	S18.axis2.phaseshifter 1 to 1.271190deg	 DONE
02/10/2025 21:16:55:	43	count	time	20.000000s/cts	O Det=238	H Det=1924	Mon Det=45878	Aux Det=2054	O+H=4216	 DONE
02/10/2025 21:17:17:	move motor	S18.axis2.phaseshifter 1 to 1.372885deg	 DONE
02/10/2025 21:17:18:	44	count	time	20.000000s/cts	O Det=272	H Det=1876	Mon Det=45867	Aux Det=1930	O+H=4078	 DONE
02/10/2025 21:17:40:	move motor	S18.axis2.phaseshifter 1 to 1.474580deg	 DONE
02/10/2025 21:17:41:	45	count	time	20.000000s/cts	O Det=559	H Det=1622	Mon Det=45665	Aux Det=1988	O+H=4169	 DONE
02/10/2025 21:18:03:	move motor	S18.axis2.phaseshifter 1 to 1.576275deg	 DONE
02/10/2025 21:18:05:	46	count	time	20.000000s/cts	O Det=875	H Det=1245	Mon Det=46038	Aux Det=2024	O+H=4144	 DONE
02/10/2025 21:18:26:	move motor	S18.axis2.phaseshifter 1 to 1.677970deg	 DONE
02/10/2025 21:18:28:	47	count	time	20.000000s/cts	O Det=1196	H Det=970	Mon Det=45771	Aux Det=1899	O+H=4065	 DONE
02/10/2025 21:18:49:	move motor	S18.axis2.phaseshifter 1 to 1.779665deg	 DONE
02/10/2025 21:18:51:	48	count	time	20.000000s/cts	O Det=1497	H Det=717	Mon Det=45905	Aux Det=1935	O+H=4149	 DONE
02/10/2025 21:19:13:	move motor	S18.axis2.phaseshifter 1 to 1.881360deg	 DONE
02/10/2025 21:19:14:	49	count	time	20.000000s/cts	O Det=1443	H Det=730	Mon Det=45784	Aux Det=1989	O+H=4162	 DONE
02/10/2025 21:19:36:	move motor	S18.axis2.phaseshifter 1 to 1.983055deg	 DONE
02/10/2025 21:19:37:	50	count	time	20.000000s/cts	O Det=1163	H Det=991	Mon Det=45980	Aux Det=1908	O+H=4062	 DONE
02/10/2025 21:19:59:	move motor	S18.axis2.phaseshifter 1 to 2.084750deg	 DONE
02/10/2025 21:20:01:	51	count	time	20.000000s/cts	O Det=846	H Det=1313	Mon Det=45958	Aux Det=1989	O+H=4148	 DONE
02/10/2025 21:20:22:	move motor	S18.axis2.phaseshifter 1 to 2.186445deg	 DONE
02/10/2025 21:20:24:	52	count	time	20.000000s/cts	O Det=465	H Det=1810	Mon Det=45854	Aux Det=1930	O+H=4205	 DONE
02/10/2025 21:20:45:	move motor	S18.axis2.phaseshifter 1 to 2.288140deg	 DONE
02/10/2025 21:20:47:	53	count	time	20.000000s/cts	O Det=236	H Det=1855	Mon Det=45927	Aux Det=2002	O+H=4093	 DONE
02/10/2025 21:21:09:	move motor	S18.axis2.phaseshifter 1 to 2.389835deg	 DONE
02/10/2025 21:21:10:	54	count	time	20.000000s/cts	O Det=262	H Det=1875	Mon Det=45984	Aux Det=1977	O+H=4114	 DONE
02/10/2025 21:21:32:	move motor	S18.axis2.phaseshifter 1 to 2.491530deg	 DONE
02/10/2025 21:21:33:	55	count	time	20.000000s/cts	O Det=479	H Det=1724	Mon Det=45920	Aux Det=1930	O+H=4133	 DONE
02/10/2025 21:21:55:	move motor	S18.axis2.phaseshifter 1 to 2.593225deg	 DONE
02/10/2025 21:21:57:	56	count	time	20.000000s/cts	O Det=944	H Det=1329	Mon Det=45864	Aux Det=2007	O+H=4280	 DONE
02/10/2025 21:22:18:	move motor	S18.axis2.phaseshifter 1 to 2.694920deg	 DONE
02/10/2025 21:22:20:	57	count	time	20.000000s/cts	O Det=1225	H Det=1039	Mon Det=45738	Aux Det=1931	O+H=4195	 DONE
02/10/2025 21:22:41:	move motor	S18.axis2.phaseshifter 1 to 2.796615deg	 DONE
02/10/2025 21:22:43:	58	count	time	20.000000s/cts	O Det=1445	H Det=756	Mon Det=45600	Aux Det=1988	O+H=4189	 DONE
02/10/2025 21:23:05:	move motor	S18.axis2.phaseshifter 1 to 2.898310deg	 DONE
02/10/2025 21:23:06:	59	count	time	20.000000s/cts	O Det=1473	H Det=763	Mon Det=45653	Aux Det=2079	O+H=4315	 DONE
02/10/2025 21:23:28:	move motor	S18.axis2.phaseshifter 1 to 3.000005deg	 DONE
02/10/2025 21:23:29:	60	count	time	20.000000s/cts	O Det=1246	H Det=910	Mon Det=46121	Aux Det=2004	O+H=4160	 DONE
02/10/2025 21:23:51:	close file and end scan	 DONE
02/10/2025 21:23:52:	END OF SCRIPT	 DONE
