03/10/2025 09:49:33:	start execution of script D:\data\Cycle 198\exp_3-16-19\rawdata\sc\ifg1_newPS_6p20s_B3.sc	 DONE
03/10/2025 09:49:34:	move motor	S18.axis2.phaseshifter 1 to -0.100000deg	 DONE
03/10/2025 09:49:35:	create file	D:\data\Cycle 198\exp_3-16-19\rawdata\sc\ifg1_newPS_6p20s_B3_03Oct0949.dat	 DONE
room to enter remarks DONE
03/10/2025 09:49:36:	move motor	S18.axis2.phaseshifter 1 to 0.000000deg	 DONE
03/10/2025 09:49:38:	1	count	time	20.000000s/cts	O Det=1062	H Det=984	Mon Det=46210	Aux Det=2971	O+H=5017	 DONE
03/10/2025 09:50:00:	move motor	S18.axis2.phaseshifter 1 to 0.101695deg	 DONE
03/10/2025 09:50:01:	2	count	time	20.000000s/cts	O Det=1302	H Det=1192	Mon Det=45884	Aux Det=2211	O+H=4705	 DONE
03/10/2025 09:50:23:	move motor	S18.axis2.phaseshifter 1 to 0.203390deg	 DONE
03/10/2025 09:50:24:	3	count	time	20.000000s/cts	O Det=1395	H Det=1230	Mon Det=45836	Aux Det=1956	O+H=4581	 DONE
03/10/2025 09:50:46:	move motor	S18.axis2.phaseshifter 1 to 0.305085deg	 DONE
03/10/2025 09:50:48:	4	count	time	20.000000s/cts	O Det=1267	H Det=1119	Mon Det=46195	Aux Det=2352	O+H=4738	 DONE
03/10/2025 09:51:09:	move motor	S18.axis2.phaseshifter 1 to 0.406780deg	 DONE
03/10/2025 09:51:11:	5	count	time	20.000000s/cts	O Det=982	H Det=909	Mon Det=46716	Aux Det=3034	O+H=4925	 DONE
03/10/2025 09:51:32:	move motor	S18.axis2.phaseshifter 1 to 0.508475deg	 DONE
03/10/2025 09:51:34:	6	count	time	20.000000s/cts	O Det=699	H Det=620	Mon Det=45988	Aux Det=3943	O+H=5262	 DONE
03/10/2025 09:51:56:	move motor	S18.axis2.phaseshifter 1 to 0.610170deg	 DONE
03/10/2025 09:51:57:	7	count	time	20.000000s/cts	O Det=427	H Det=411	Mon Det=46111	Aux Det=4742	O+H=5580	 DONE
03/10/2025 09:52:19:	move motor	S18.axis2.phaseshifter 1 to 0.711865deg	 DONE
03/10/2025 09:52:20:	8	count	time	20.000000s/cts	O Det=328	H Det=296	Mon Det=45928	Aux Det=4956	O+H=5580	 DONE
03/10/2025 09:52:42:	move motor	S18.axis2.phaseshifter 1 to 0.813560deg	 DONE
03/10/2025 09:52:44:	9	count	time	20.000000s/cts	O Det=439	H Det=361	Mon Det=46119	Aux Det=4848	O+H=5648	 DONE
03/10/2025 09:53:05:	move motor	S18.axis2.phaseshifter 1 to 0.915255deg	 DONE
03/10/2025 09:53:07:	10	count	time	20.000000s/cts	O Det=718	H Det=583	Mon Det=45841	Aux Det=4126	O+H=5427	 DONE
03/10/2025 09:53:29:	move motor	S18.axis2.phaseshifter 1 to 1.016950deg	 DONE
03/10/2025 09:53:30:	11	count	time	20.000000s/cts	O Det=1061	H Det=864	Mon Det=46194	Aux Det=2954	O+H=4879	 DONE
03/10/2025 09:53:52:	move motor	S18.axis2.phaseshifter 1 to 1.118645deg	 DONE
03/10/2025 09:53:53:	12	count	time	20.000000s/cts	O Det=1303	H Det=1077	Mon Det=45901	Aux Det=2278	O+H=4658	 DONE
03/10/2025 09:54:15:	move motor	S18.axis2.phaseshifter 1 to 1.220340deg	 DONE
03/10/2025 09:54:17:	13	count	time	20.000000s/cts	O Det=1365	H Det=1144	Mon Det=45892	Aux Det=2014	O+H=4523	 DONE
03/10/2025 09:54:38:	move motor	S18.axis2.phaseshifter 1 to 1.322035deg	 DONE
03/10/2025 09:54:40:	14	count	time	20.000000s/cts	O Det=1312	H Det=1124	Mon Det=45937	Aux Det=2247	O+H=4683	 DONE
03/10/2025 09:55:02:	move motor	S18.axis2.phaseshifter 1 to 1.423730deg	 DONE
03/10/2025 09:55:03:	15	count	time	20.000000s/cts	O Det=1086	H Det=878	Mon Det=45862	Aux Det=3026	O+H=4990	 DONE
03/10/2025 09:55:25:	move motor	S18.axis2.phaseshifter 1 to 1.525425deg	 DONE
03/10/2025 09:55:26:	16	count	time	20.000000s/cts	O Det=676	H Det=651	Mon Det=46126	Aux Det=3772	O+H=5099	 DONE
03/10/2025 09:55:48:	move motor	S18.axis2.phaseshifter 1 to 1.627120deg	 DONE
03/10/2025 09:55:50:	17	count	time	20.000000s/cts	O Det=540	H Det=461	Mon Det=46256	Aux Det=4472	O+H=5473	 DONE
03/10/2025 09:56:11:	move motor	S18.axis2.phaseshifter 1 to 1.728815deg	 DONE
03/10/2025 09:56:13:	18	count	time	20.000000s/cts	O Det=414	H Det=373	Mon Det=46126	Aux Det=4847	O+H=5634	 DONE
03/10/2025 09:56:35:	move motor	S18.axis2.phaseshifter 1 to 1.830510deg	 DONE
03/10/2025 09:56:36:	19	count	time	20.000000s/cts	O Det=469	H Det=383	Mon Det=46027	Aux Det=4572	O+H=5424	 DONE
03/10/2025 09:56:58:	move motor	S18.axis2.phaseshifter 1 to 1.932205deg	 DONE
03/10/2025 09:56:59:	20	count	time	20.000000s/cts	O Det=666	H Det=587	Mon Det=45901	Aux Det=4100	O+H=5353	 DONE
03/10/2025 09:57:21:	move motor	S18.axis2.phaseshifter 1 to 2.033900deg	 DONE
03/10/2025 09:57:23:	21	count	time	20.000000s/cts	O Det=942	H Det=805	Mon Det=46273	Aux Det=3319	O+H=5066	 DONE
03/10/2025 09:57:44:	move motor	S18.axis2.phaseshifter 1 to 2.135595deg	 DONE
03/10/2025 09:57:46:	22	count	time	20.000000s/cts	O Det=1217	H Det=1093	Mon Det=45819	Aux Det=2358	O+H=4668	 DONE
03/10/2025 09:58:08:	move motor	S18.axis2.phaseshifter 1 to 2.237290deg	 DONE
03/10/2025 09:58:09:	23	count	time	20.000000s/cts	O Det=1264	H Det=1128	Mon Det=46274	Aux Det=2345	O+H=4737	 DONE
03/10/2025 09:58:31:	move motor	S18.axis2.phaseshifter 1 to 2.338985deg	 DONE
03/10/2025 09:58:32:	24	count	time	20.000000s/cts	O Det=1368	H Det=1131	Mon Det=46001	Aux Det=2139	O+H=4638	 DONE
03/10/2025 09:58:54:	move motor	S18.axis2.phaseshifter 1 to 2.440680deg	 DONE
03/10/2025 09:58:56:	25	count	time	20.000000s/cts	O Det=1161	H Det=966	Mon Det=45744	Aux Det=2701	O+H=4828	 DONE
03/10/2025 09:59:17:	move motor	S18.axis2.phaseshifter 1 to 2.542375deg	 DONE
03/10/2025 09:59:19:	26	count	time	20.000000s/cts	O Det=782	H Det=660	Mon Det=45977	Aux Det=3706	O+H=5148	 DONE
03/10/2025 09:59:40:	move motor	S18.axis2.phaseshifter 1 to 2.644070deg	 DONE
03/10/2025 09:59:42:	27	count	time	20.000000s/cts	O Det=485	H Det=419	Mon Det=46262	Aux Det=4601	O+H=5505	 DONE
03/10/2025 10:00:04:	move motor	S18.axis2.phaseshifter 1 to 2.745765deg	 DONE
03/10/2025 10:00:05:	28	count	time	20.000000s/cts	O Det=360	H Det=295	Mon Det=45897	Aux Det=5042	O+H=5697	 DONE
03/10/2025 10:00:27:	move motor	S18.axis2.phaseshifter 1 to 2.847460deg	 DONE
03/10/2025 10:00:28:	29	count	time	20.000000s/cts	O Det=419	H Det=335	Mon Det=45867	Aux Det=4850	O+H=5604	 DONE
03/10/2025 10:00:50:	move motor	S18.axis2.phaseshifter 1 to 2.949155deg	 DONE
03/10/2025 10:00:52:	30	count	time	20.000000s/cts	O Det=667	H Det=533	Mon Det=46166	Aux Det=4264	O+H=5464	 DONE
03/10/2025 10:01:13:	move motor	S18.axis2.phaseshifter 1 to 3.050850deg	 DONE
03/10/2025 10:01:15:	31	count	time	20.000000s/cts	O Det=940	H Det=766	Mon Det=45835	Aux Det=3365	O+H=5071	 DONE
03/10/2025 10:01:37:	move motor	S18.axis2.phaseshifter 1 to 3.152545deg	 DONE
03/10/2025 10:01:38:	32	count	time	20.000000s/cts	O Det=1293	H Det=1031	Mon Det=46053	Aux Det=2504	O+H=4828	 DONE
03/10/2025 10:02:00:	move motor	S18.axis2.phaseshifter 1 to 3.254240deg	 DONE
03/10/2025 10:02:01:	33	count	time	20.000000s/cts	O Det=1348	H Det=1069	Mon Det=45902	Aux Det=2156	O+H=4573	 DONE
03/10/2025 10:02:23:	move motor	S18.axis2.phaseshifter 1 to 3.355935deg	 DONE
03/10/2025 10:02:25:	34	count	time	20.000000s/cts	O Det=1382	H Det=1101	Mon Det=46049	Aux Det=2127	O+H=4610	 DONE
03/10/2025 10:02:46:	move motor	S18.axis2.phaseshifter 1 to 3.457630deg	 DONE
03/10/2025 10:02:48:	35	count	time	20.000000s/cts	O Det=1142	H Det=973	Mon Det=46528	Aux Det=2835	O+H=4950	 DONE
03/10/2025 10:03:10:	move motor	S18.axis2.phaseshifter 1 to 3.559325deg	 DONE
03/10/2025 10:03:11:	36	count	time	20.000000s/cts	O Det=807	H Det=672	Mon Det=45842	Aux Det=3690	O+H=5169	 DONE
03/10/2025 10:03:33:	move motor	S18.axis2.phaseshifter 1 to 3.661020deg	 DONE
03/10/2025 10:03:34:	37	count	time	20.000000s/cts	O Det=497	H Det=450	Mon Det=46152	Aux Det=4706	O+H=5653	 DONE
03/10/2025 10:03:56:	move motor	S18.axis2.phaseshifter 1 to 3.762715deg	 DONE
03/10/2025 10:03:58:	38	count	time	20.000000s/cts	O Det=361	H Det=329	Mon Det=45638	Aux Det=5061	O+H=5751	 DONE
03/10/2025 10:04:19:	move motor	S18.axis2.phaseshifter 1 to 3.864410deg	 DONE
03/10/2025 10:04:21:	39	count	time	20.000000s/cts	O Det=400	H Det=356	Mon Det=45626	Aux Det=4754	O+H=5510	 DONE
03/10/2025 10:04:43:	move motor	S18.axis2.phaseshifter 1 to 3.966105deg	 DONE
03/10/2025 10:04:44:	40	count	time	20.000000s/cts	O Det=577	H Det=517	Mon Det=45662	Aux Det=4284	O+H=5378	 DONE
03/10/2025 10:05:06:	move motor	S18.axis2.phaseshifter 1 to 4.067800deg	 DONE
03/10/2025 10:05:07:	41	count	time	20.000000s/cts	O Det=926	H Det=777	Mon Det=45845	Aux Det=3281	O+H=4984	 DONE
03/10/2025 10:05:29:	move motor	S18.axis2.phaseshifter 1 to 4.169495deg	 DONE
03/10/2025 10:05:31:	42	count	time	20.000000s/cts	O Det=1229	H Det=1051	Mon Det=45742	Aux Det=2310	O+H=4590	 DONE
03/10/2025 10:05:52:	move motor	S18.axis2.phaseshifter 1 to 4.271190deg	 DONE
03/10/2025 10:05:54:	43	count	time	20.000000s/cts	O Det=1366	H Det=1185	Mon Det=45681	Aux Det=2080	O+H=4631	 DONE
03/10/2025 10:06:15:	move motor	S18.axis2.phaseshifter 1 to 4.372885deg	 DONE
03/10/2025 10:06:17:	44	count	time	20.000000s/cts	O Det=1335	H Det=1128	Mon Det=45861	Aux Det=2191	O+H=4654	 DONE
03/10/2025 10:06:39:	move motor	S18.axis2.phaseshifter 1 to 4.474580deg	 DONE
03/10/2025 10:06:40:	45	count	time	20.000000s/cts	O Det=1054	H Det=929	Mon Det=45728	Aux Det=2848	O+H=4831	 DONE
03/10/2025 10:07:02:	move motor	S18.axis2.phaseshifter 1 to 4.576275deg	 DONE
03/10/2025 10:07:03:	46	count	time	20.000000s/cts	O Det=750	H Det=716	Mon Det=45774	Aux Det=3850	O+H=5316	 DONE
03/10/2025 10:07:25:	move motor	S18.axis2.phaseshifter 1 to 4.677970deg	 DONE
03/10/2025 10:07:27:	47	count	time	20.000000s/cts	O Det=510	H Det=422	Mon Det=45901	Aux Det=4595	O+H=5527	 DONE
03/10/2025 10:07:48:	move motor	S18.axis2.phaseshifter 1 to 4.779665deg	 DONE
03/10/2025 10:07:50:	48	count	time	20.000000s/cts	O Det=350	H Det=309	Mon Det=45708	Aux Det=4966	O+H=5625	 DONE
03/10/2025 10:08:11:	move motor	S18.axis2.phaseshifter 1 to 4.881360deg	 DONE
03/10/2025 10:08:13:	49	count	time	20.000000s/cts	O Det=401	H Det=344	Mon Det=45983	Aux Det=4706	O+H=5451	 DONE
03/10/2025 10:08:35:	move motor	S18.axis2.phaseshifter 1 to 4.983055deg	 DONE
03/10/2025 10:08:36:	50	count	time	20.000000s/cts	O Det=715	H Det=553	Mon Det=45671	Aux Det=4068	O+H=5336	 DONE
03/10/2025 10:08:58:	move motor	S18.axis2.phaseshifter 1 to 5.084750deg	 DONE
03/10/2025 10:08:59:	51	count	time	20.000000s/cts	O Det=992	H Det=884	Mon Det=46054	Aux Det=3123	O+H=4999	 DONE
03/10/2025 10:09:21:	move motor	S18.axis2.phaseshifter 1 to 5.186445deg	 DONE
03/10/2025 10:09:23:	52	count	time	20.000000s/cts	O Det=1275	H Det=1080	Mon Det=45695	Aux Det=2321	O+H=4676	 DONE
03/10/2025 10:09:44:	move motor	S18.axis2.phaseshifter 1 to 5.288140deg	 DONE
03/10/2025 10:09:46:	53	count	time	20.000000s/cts	O Det=1381	H Det=1144	Mon Det=46079	Aux Det=2045	O+H=4570	 DONE
03/10/2025 10:10:08:	move motor	S18.axis2.phaseshifter 1 to 5.389835deg	 DONE
03/10/2025 10:10:09:	54	count	time	20.000000s/cts	O Det=1316	H Det=1110	Mon Det=46272	Aux Det=2342	O+H=4768	 DONE
03/10/2025 10:10:31:	move motor	S18.axis2.phaseshifter 1 to 5.491530deg	 DONE
03/10/2025 10:10:32:	55	count	time	20.000000s/cts	O Det=1034	H Det=905	Mon Det=45629	Aux Det=2941	O+H=4880	 DONE
03/10/2025 10:10:54:	move motor	S18.axis2.phaseshifter 1 to 5.593225deg	 DONE
03/10/2025 10:10:56:	56	count	time	20.000000s/cts	O Det=637	H Det=573	Mon Det=45934	Aux Det=4025	O+H=5235	 DONE
03/10/2025 10:11:17:	move motor	S18.axis2.phaseshifter 1 to 5.694920deg	 DONE
03/10/2025 10:11:19:	57	count	time	20.000000s/cts	O Det=445	H Det=410	Mon Det=46049	Aux Det=4579	O+H=5434	 DONE
03/10/2025 10:11:41:	move motor	S18.axis2.phaseshifter 1 to 5.796615deg	 DONE
03/10/2025 10:11:42:	58	count	time	20.000000s/cts	O Det=353	H Det=308	Mon Det=45355	Aux Det=4952	O+H=5613	 DONE
03/10/2025 10:12:04:	move motor	S18.axis2.phaseshifter 1 to 5.898310deg	 DONE
03/10/2025 10:12:05:	59	count	time	20.000000s/cts	O Det=497	H Det=443	Mon Det=46111	Aux Det=4465	O+H=5405	 DONE
03/10/2025 10:12:27:	move motor	S18.axis2.phaseshifter 1 to 6.000005deg	 DONE
03/10/2025 10:12:29:	60	count	time	20.000000s/cts	O Det=771	H Det=651	Mon Det=46028	Aux Det=3857	O+H=5279	 DONE
03/10/2025 10:12:50:	close file and end scan	 DONE
03/10/2025 10:12:51:	END OF SCRIPT	 DONE
