08/10/2025 02:38:04:	start execution of script D:\data\Cycle 198\exp_3-16-19\rawdata\sc\ifg1R_newPS_2p30s_p90.sc	 DONE
08/10/2025 02:38:04:	create file	D:\data\Cycle 198\exp_3-16-19\rawdata\sc\ifg1R_newPS_2p30s_p90_08Oct0238.dat	 DONE
room to enter remarks DONE
08/10/2025 02:38:05:	MOVE MOTOR REL	S18.axis2.phaseshifter 1	deg	0.1	FALSE DONE
08/10/2025 02:38:09:	1	count	time	30.0s/cts	O Det=2979	H Det=2448	Mon Det=91823	Aux Det=12075	O+H=17502	 DONE
08/10/2025 02:38:41:	MOVE MOTOR REL	S18.axis2.phaseshifter 1	deg	0.1	FALSE DONE
08/10/2025 02:38:44:	2	count	time	30.0s/cts	O Det=1805	H Det=2645	Mon Det=91987	Aux Det=13514	O+H=17964	 DONE
08/10/2025 02:39:16:	MOVE MOTOR REL	S18.axis2.phaseshifter 1	deg	0.1	FALSE DONE
08/10/2025 02:39:19:	3	count	time	30.0s/cts	O Det=1686	H Det=2572	Mon Det=92069	Aux Det=13873	O+H=18131	 DONE
08/10/2025 02:39:51:	MOVE MOTOR REL	S18.axis2.phaseshifter 1	deg	0.1	FALSE DONE
08/10/2025 02:39:55:	4	count	time	30.0s/cts	O Det=2497	H Det=2506	Mon Det=91697	Aux Det=12529	O+H=17532	 DONE
08/10/2025 02:40:26:	MOVE MOTOR REL	S18.axis2.phaseshifter 1	deg	0.1	FALSE DONE
08/10/2025 02:40:30:	5	count	time	30.0s/cts	O Det=3904	H Det=2625	Mon Det=91581	Aux Det=10306	O+H=16835	 DONE
08/10/2025 02:41:01:	MOVE MOTOR REL	S18.axis2.phaseshifter 1	deg	0.1	FALSE DONE
08/10/2025 02:41:05:	6	count	time	30.0s/cts	O Det=5661	H Det=2488	Mon Det=92380	Aux Det=7906	O+H=16055	 DONE
08/10/2025 02:41:37:	MOVE MOTOR REL	S18.axis2.phaseshifter 1	deg	0.1	FALSE DONE
08/10/2025 02:41:40:	7	count	time	30.0s/cts	O Det=6881	H Det=2342	Mon Det=91731	Aux Det=5910	O+H=15133	 DONE
08/10/2025 02:42:12:	MOVE MOTOR REL	S18.axis2.phaseshifter 1	deg	0.1	FALSE DONE
08/10/2025 02:42:15:	8	count	time	30.0s/cts	O Det=7569	H Det=2285	Mon Det=92068	Aux Det=5238	O+H=15092	 DONE
08/10/2025 02:42:47:	MOVE MOTOR REL	S18.axis2.phaseshifter 1	deg	0.1	FALSE DONE
08/10/2025 02:42:51:	9	count	time	30.0s/cts	O Det=6912	H Det=2326	Mon Det=92065	Aux Det=6166	O+H=15404	 DONE
08/10/2025 02:43:22:	MOVE MOTOR REL	S18.axis2.phaseshifter 1	deg	0.1	FALSE DONE
08/10/2025 02:43:26:	10	count	time	30.0s/cts	O Det=5544	H Det=2389	Mon Det=92055	Aux Det=8316	O+H=16249	 DONE
08/10/2025 02:43:57:	MOVE MOTOR REL	S18.axis2.phaseshifter 1	deg	0.1	FALSE DONE
08/10/2025 02:44:01:	11	count	time	30.0s/cts	O Det=4065	H Det=2362	Mon Det=91581	Aux Det=10277	O+H=16704	 DONE
08/10/2025 02:44:33:	MOVE MOTOR REL	S18.axis2.phaseshifter 1	deg	0.1	FALSE DONE
08/10/2025 02:44:36:	12	count	time	30.0s/cts	O Det=2331	H Det=2595	Mon Det=91916	Aux Det=12785	O+H=17711	 DONE
08/10/2025 02:45:08:	MOVE MOTOR REL	S18.axis2.phaseshifter 1	deg	0.1	FALSE DONE
08/10/2025 02:45:11:	13	count	time	30.0s/cts	O Det=1667	H Det=2639	Mon Det=91749	Aux Det=13597	O+H=17903	 DONE
08/10/2025 02:45:43:	MOVE MOTOR REL	S18.axis2.phaseshifter 1	deg	0.1	FALSE DONE
08/10/2025 02:45:47:	14	count	time	30.0s/cts	O Det=2079	H Det=2543	Mon Det=92175	Aux Det=12920	O+H=17542	 DONE
08/10/2025 02:46:18:	MOVE MOTOR REL	S18.axis2.phaseshifter 1	deg	0.1	FALSE DONE
08/10/2025 02:46:22:	15	count	time	30.0s/cts	O Det=3539	H Det=2550	Mon Det=92045	Aux Det=10984	O+H=17073	 DONE
08/10/2025 02:46:53:	MOVE MOTOR REL	S18.axis2.phaseshifter 1	deg	0.1	FALSE DONE
08/10/2025 02:46:57:	16	count	time	30.0s/cts	O Det=5235	H Det=2480	Mon Det=91620	Aux Det=8435	O+H=16150	 DONE
08/10/2025 02:47:29:	MOVE MOTOR REL	S18.axis2.phaseshifter 1	deg	0.1	FALSE DONE
08/10/2025 02:47:32:	17	count	time	30.0s/cts	O Det=6575	H Det=2489	Mon Det=91363	Aux Det=6395	O+H=15459	 DONE
08/10/2025 02:48:04:	MOVE MOTOR REL	S18.axis2.phaseshifter 1	deg	0.1	FALSE DONE
08/10/2025 02:48:07:	18	count	time	30.0s/cts	O Det=7670	H Det=2349	Mon Det=92049	Aux Det=5366	O+H=15385	 DONE
08/10/2025 02:48:39:	MOVE MOTOR REL	S18.axis2.phaseshifter 1	deg	0.1	FALSE DONE
08/10/2025 02:48:43:	19	count	time	30.0s/cts	O Det=7211	H Det=2244	Mon Det=92526	Aux Det=5906	O+H=15361	 DONE
08/10/2025 02:49:14:	MOVE MOTOR REL	S18.axis2.phaseshifter 1	deg	0.1	FALSE DONE
08/10/2025 02:49:18:	20	count	time	30.0s/cts	O Det=5954	H Det=2361	Mon Det=91675	Aux Det=7674	O+H=15989	 DONE
08/10/2025 02:49:49:	MOVE MOTOR REL	S18.axis2.phaseshifter 1	deg	0.1	FALSE DONE
08/10/2025 02:49:53:	21	count	time	30.0s/cts	O Det=4107	H Det=2422	Mon Det=91829	Aux Det=10189	O+H=16718	 DONE
08/10/2025 02:50:25:	MOVE MOTOR REL	S18.axis2.phaseshifter 1	deg	0.1	FALSE DONE
08/10/2025 02:50:28:	22	count	time	30.0s/cts	O Det=2549	H Det=2421	Mon Det=92566	Aux Det=12362	O+H=17332	 DONE
08/10/2025 02:51:00:	close file and end scan	 DONE
call of ifg1r_newPS_2p30s.sc DONE
08/10/2025 02:51:01:	move motor	S18.axis2.phaseshifter 1 to fit O COS180	3.458413reached 3.44971  DONE
08/10/2025 02:51:04:	END OF SCRIPT	 DONE
