03/10/2025 02:24:04:	start execution of script D:\data\Cycle 198\exp_3-16-19\rawdata\sc\ifg1_newPS_6p20s_B3.sc	 DONE
03/10/2025 02:24:05:	move motor	S18.axis2.phaseshifter 1 to -0.100000deg	 DONE
03/10/2025 02:24:06:	create file	D:\data\Cycle 198\exp_3-16-19\rawdata\sc\ifg1_newPS_6p20s_B3_03Oct0224.dat	 DONE
room to enter remarks DONE
03/10/2025 02:24:07:	move motor	S18.axis2.phaseshifter 1 to 0.000000deg	 DONE
03/10/2025 02:24:09:	1	count	time	20.000000s/cts	O Det=1179	H Det=930	Mon Det=45945	Aux Det=2340	O+H=4449	 DONE
03/10/2025 02:24:31:	move motor	S18.axis2.phaseshifter 1 to 0.101695deg	 DONE
03/10/2025 02:24:32:	2	count	time	20.000000s/cts	O Det=1337	H Det=1069	Mon Det=45800	Aux Det=1900	O+H=4306	 DONE
03/10/2025 02:24:54:	move motor	S18.axis2.phaseshifter 1 to 0.203390deg	 DONE
03/10/2025 02:24:55:	3	count	time	20.000000s/cts	O Det=1339	H Det=1047	Mon Det=46012	Aux Det=1856	O+H=4242	 DONE
03/10/2025 02:25:17:	move motor	S18.axis2.phaseshifter 1 to 0.305085deg	 DONE
03/10/2025 02:25:19:	4	count	time	20.000000s/cts	O Det=1201	H Det=979	Mon Det=45813	Aux Det=2389	O+H=4569	 DONE
03/10/2025 02:25:40:	move motor	S18.axis2.phaseshifter 1 to 0.406780deg	 DONE
03/10/2025 02:25:42:	5	count	time	20.000000s/cts	O Det=900	H Det=759	Mon Det=46033	Aux Det=3077	O+H=4736	 DONE
03/10/2025 02:26:03:	move motor	S18.axis2.phaseshifter 1 to 0.508475deg	 DONE
03/10/2025 02:26:05:	6	count	time	20.000000s/cts	O Det=585	H Det=493	Mon Det=46019	Aux Det=3818	O+H=4896	 DONE
03/10/2025 02:26:27:	move motor	S18.axis2.phaseshifter 1 to 0.610170deg	 DONE
03/10/2025 02:26:28:	7	count	time	20.000000s/cts	O Det=317	H Det=297	Mon Det=45739	Aux Det=4679	O+H=5293	 DONE
03/10/2025 02:26:50:	move motor	S18.axis2.phaseshifter 1 to 0.711865deg	 DONE
03/10/2025 02:26:52:	8	count	time	20.000000s/cts	O Det=262	H Det=220	Mon Det=45911	Aux Det=4807	O+H=5289	 DONE
03/10/2025 02:27:13:	move motor	S18.axis2.phaseshifter 1 to 0.813560deg	 DONE
03/10/2025 02:27:15:	9	count	time	20.000000s/cts	O Det=463	H Det=402	Mon Det=46028	Aux Det=4166	O+H=5031	 DONE
03/10/2025 02:27:36:	move motor	S18.axis2.phaseshifter 1 to 0.915255deg	 DONE
03/10/2025 02:27:38:	10	count	time	20.000000s/cts	O Det=684	H Det=581	Mon Det=46227	Aux Det=3586	O+H=4851	 DONE
03/10/2025 03:24:32:	move motor	S18.axis2.phaseshifter 1 to 1.016950deg	 DONE
03/10/2025 03:24:33:	11	count	time	20.000000s/cts	O Det=993	H Det=870	Mon Det=45803	Aux Det=2705	O+H=4568	 DONE
03/10/2025 03:24:55:	move motor	S18.axis2.phaseshifter 1 to 1.118645deg	 DONE
03/10/2025 03:24:57:	12	count	time	20.000000s/cts	O Det=1292	H Det=957	Mon Det=45691	Aux Det=2047	O+H=4296	 DONE
03/10/2025 03:25:18:	move motor	S18.axis2.phaseshifter 1 to 1.220340deg	 DONE
03/10/2025 03:25:20:	13	count	time	20.000000s/cts	O Det=1364	H Det=1075	Mon Det=45679	Aux Det=1770	O+H=4209	 DONE
03/10/2025 03:25:41:	move motor	S18.axis2.phaseshifter 1 to 1.322035deg	 DONE
03/10/2025 03:25:43:	14	count	time	20.000000s/cts	O Det=1236	H Det=959	Mon Det=45639	Aux Det=2039	O+H=4234	 DONE
03/10/2025 03:26:05:	move motor	S18.axis2.phaseshifter 1 to 1.423730deg	 DONE
03/10/2025 03:26:06:	15	count	time	20.000000s/cts	O Det=907	H Det=744	Mon Det=46163	Aux Det=2791	O+H=4442	 DONE
03/10/2025 03:26:28:	move motor	S18.axis2.phaseshifter 1 to 1.525425deg	 DONE
03/10/2025 03:26:30:	16	count	time	20.000000s/cts	O Det=647	H Det=535	Mon Det=46098	Aux Det=3481	O+H=4663	 DONE
03/10/2025 03:26:51:	move motor	S18.axis2.phaseshifter 1 to 1.627120deg	 DONE
03/10/2025 03:26:53:	17	count	time	20.000000s/cts	O Det=370	H Det=338	Mon Det=45829	Aux Det=4388	O+H=5096	 DONE
03/10/2025 03:27:15:	move motor	S18.axis2.phaseshifter 1 to 1.728815deg	 DONE
03/10/2025 03:27:16:	18	count	time	20.000000s/cts	O Det=278	H Det=232	Mon Det=45479	Aux Det=4779	O+H=5289	 DONE
03/10/2025 03:27:38:	move motor	S18.axis2.phaseshifter 1 to 1.830510deg	 DONE
03/10/2025 03:27:40:	19	count	time	20.000000s/cts	O Det=303	H Det=280	Mon Det=46195	Aux Det=4462	O+H=5045	 DONE
03/10/2025 03:28:01:	move motor	S18.axis2.phaseshifter 1 to 1.932205deg	 DONE
03/10/2025 03:28:03:	20	count	time	20.000000s/cts	O Det=564	H Det=454	Mon Det=46335	Aux Det=3841	O+H=4859	 DONE
03/10/2025 03:28:25:	move motor	S18.axis2.phaseshifter 1 to 2.033900deg	 DONE
03/10/2025 03:28:26:	21	count	time	20.000000s/cts	O Det=879	H Det=701	Mon Det=45956	Aux Det=2939	O+H=4519	 DONE
03/10/2025 03:28:48:	move motor	S18.axis2.phaseshifter 1 to 2.135595deg	 DONE
03/10/2025 03:28:49:	22	count	time	20.000000s/cts	O Det=1151	H Det=979	Mon Det=46355	Aux Det=2212	O+H=4342	 DONE
03/10/2025 03:29:11:	move motor	S18.axis2.phaseshifter 1 to 2.237290deg	 DONE
03/10/2025 03:29:13:	23	count	time	20.000000s/cts	O Det=1406	H Det=1071	Mon Det=46250	Aux Det=1841	O+H=4318	 DONE
03/10/2025 03:29:34:	move motor	S18.axis2.phaseshifter 1 to 2.338985deg	 DONE
03/10/2025 03:29:36:	24	count	time	20.000000s/cts	O Det=1247	H Det=1052	Mon Det=46177	Aux Det=1913	O+H=4212	 DONE
03/10/2025 03:29:58:	move motor	S18.axis2.phaseshifter 1 to 2.440680deg	 DONE
03/10/2025 03:29:59:	25	count	time	20.000000s/cts	O Det=975	H Det=803	Mon Det=46123	Aux Det=2620	O+H=4398	 DONE
03/10/2025 03:30:21:	move motor	S18.axis2.phaseshifter 1 to 2.542375deg	 DONE
03/10/2025 03:30:22:	26	count	time	20.000000s/cts	O Det=725	H Det=571	Mon Det=46233	Aux Det=3453	O+H=4749	 DONE
03/10/2025 03:30:44:	move motor	S18.axis2.phaseshifter 1 to 2.644070deg	 DONE
03/10/2025 03:30:46:	27	count	time	20.000000s/cts	O Det=414	H Det=331	Mon Det=45763	Aux Det=4290	O+H=5035	 DONE
03/10/2025 03:31:07:	move motor	S18.axis2.phaseshifter 1 to 2.745765deg	 DONE
03/10/2025 03:31:09:	28	count	time	20.000000s/cts	O Det=259	H Det=244	Mon Det=45556	Aux Det=4615	O+H=5118	 DONE
03/10/2025 03:31:31:	move motor	S18.axis2.phaseshifter 1 to 2.847460deg	 DONE
03/10/2025 03:31:32:	29	count	time	20.000000s/cts	O Det=287	H Det=285	Mon Det=45878	Aux Det=4317	O+H=4889	 DONE
03/10/2025 03:31:54:	move motor	S18.axis2.phaseshifter 1 to 2.949155deg	 DONE
03/10/2025 03:31:56:	30	count	time	20.000000s/cts	O Det=540	H Det=459	Mon Det=45934	Aux Det=3822	O+H=4821	 DONE
03/10/2025 03:32:17:	move motor	S18.axis2.phaseshifter 1 to 3.050850deg	 DONE
03/10/2025 03:32:19:	31	count	time	20.000000s/cts	O Det=911	H Det=682	Mon Det=45524	Aux Det=3081	O+H=4674	 DONE
03/10/2025 03:32:40:	move motor	S18.axis2.phaseshifter 1 to 3.152545deg	 DONE
03/10/2025 03:32:42:	32	count	time	20.000000s/cts	O Det=1119	H Det=973	Mon Det=46004	Aux Det=2268	O+H=4360	 DONE
03/10/2025 03:33:04:	move motor	S18.axis2.phaseshifter 1 to 3.254240deg	 DONE
03/10/2025 03:33:05:	33	count	time	20.000000s/cts	O Det=1262	H Det=1037	Mon Det=45900	Aux Det=1767	O+H=4066	 DONE
03/10/2025 03:33:27:	move motor	S18.axis2.phaseshifter 1 to 3.355935deg	 DONE
03/10/2025 03:33:29:	34	count	time	20.000000s/cts	O Det=1265	H Det=1063	Mon Det=45608	Aux Det=1837	O+H=4165	 DONE
03/10/2025 03:33:50:	move motor	S18.axis2.phaseshifter 1 to 3.457630deg	 DONE
03/10/2025 03:33:52:	35	count	time	20.000000s/cts	O Det=1009	H Det=867	Mon Det=46053	Aux Det=2607	O+H=4483	 DONE
03/10/2025 03:34:14:	move motor	S18.axis2.phaseshifter 1 to 3.559325deg	 DONE
03/10/2025 03:34:15:	36	count	time	20.000000s/cts	O Det=715	H Det=560	Mon Det=46049	Aux Det=3464	O+H=4739	 DONE
03/10/2025 03:34:37:	move motor	S18.axis2.phaseshifter 1 to 3.661020deg	 DONE
03/10/2025 03:34:38:	37	count	time	20.000000s/cts	O Det=400	H Det=349	Mon Det=45940	Aux Det=4074	O+H=4823	 DONE
03/10/2025 03:35:00:	move motor	S18.axis2.phaseshifter 1 to 3.762715deg	 DONE
03/10/2025 03:35:02:	38	count	time	20.000000s/cts	O Det=266	H Det=201	Mon Det=45855	Aux Det=4545	O+H=5012	 DONE
03/10/2025 03:35:23:	move motor	S18.axis2.phaseshifter 1 to 3.864410deg	 DONE
03/10/2025 03:35:25:	39	count	time	20.000000s/cts	O Det=322	H Det=273	Mon Det=46122	Aux Det=4452	O+H=5047	 DONE
03/10/2025 03:35:46:	move motor	S18.axis2.phaseshifter 1 to 3.966105deg	 DONE
03/10/2025 03:35:48:	40	count	time	20.000000s/cts	O Det=551	H Det=434	Mon Det=46241	Aux Det=3865	O+H=4850	 DONE
03/10/2025 03:36:10:	move motor	S18.axis2.phaseshifter 1 to 4.067800deg	 DONE
03/10/2025 03:36:11:	41	count	time	20.000000s/cts	O Det=928	H Det=698	Mon Det=46353	Aux Det=3015	O+H=4641	 DONE
03/10/2025 03:36:33:	move motor	S18.axis2.phaseshifter 1 to 4.169495deg	 DONE
03/10/2025 03:36:34:	42	count	time	20.000000s/cts	O Det=1196	H Det=921	Mon Det=45827	Aux Det=2235	O+H=4352	 DONE
03/10/2025 03:36:56:	move motor	S18.axis2.phaseshifter 1 to 4.271190deg	 DONE
03/10/2025 03:36:58:	43	count	time	20.000000s/cts	O Det=1282	H Det=1130	Mon Det=45805	Aux Det=1812	O+H=4224	 DONE
03/10/2025 03:37:19:	move motor	S18.axis2.phaseshifter 1 to 4.372885deg	 DONE
03/10/2025 03:37:21:	44	count	time	20.000000s/cts	O Det=1222	H Det=1013	Mon Det=46120	Aux Det=1987	O+H=4222	 DONE
03/10/2025 03:37:43:	move motor	S18.axis2.phaseshifter 1 to 4.474580deg	 DONE
03/10/2025 03:37:44:	45	count	time	20.000000s/cts	O Det=946	H Det=869	Mon Det=45840	Aux Det=2512	O+H=4327	 DONE
03/10/2025 03:38:06:	move motor	S18.axis2.phaseshifter 1 to 4.576275deg	 DONE
03/10/2025 03:38:08:	46	count	time	20.000000s/cts	O Det=698	H Det=568	Mon Det=45855	Aux Det=3426	O+H=4692	 DONE
03/10/2025 03:38:29:	move motor	S18.axis2.phaseshifter 1 to 4.677970deg	 DONE
03/10/2025 03:38:31:	47	count	time	20.000000s/cts	O Det=391	H Det=368	Mon Det=46182	Aux Det=4244	O+H=5003	 DONE
03/10/2025 03:38:52:	move motor	S18.axis2.phaseshifter 1 to 4.779665deg	 DONE
03/10/2025 03:38:54:	48	count	time	20.000000s/cts	O Det=287	H Det=230	Mon Det=46164	Aux Det=4486	O+H=5003	 DONE
03/10/2025 03:39:16:	move motor	S18.axis2.phaseshifter 1 to 4.881360deg	 DONE
03/10/2025 03:39:17:	49	count	time	20.000000s/cts	O Det=357	H Det=298	Mon Det=45822	Aux Det=4333	O+H=4988	 DONE
03/10/2025 03:39:39:	move motor	S18.axis2.phaseshifter 1 to 4.983055deg	 DONE
03/10/2025 03:39:41:	50	count	time	20.000000s/cts	O Det=629	H Det=556	Mon Det=46082	Aux Det=3551	O+H=4736	 DONE
03/10/2025 03:40:02:	move motor	S18.axis2.phaseshifter 1 to 5.084750deg	 DONE
03/10/2025 03:40:04:	51	count	time	20.000000s/cts	O Det=925	H Det=793	Mon Det=45698	Aux Det=2828	O+H=4546	 DONE
03/10/2025 03:40:26:	move motor	S18.axis2.phaseshifter 1 to 5.186445deg	 DONE
03/10/2025 03:40:27:	52	count	time	20.000000s/cts	O Det=1189	H Det=988	Mon Det=46013	Aux Det=2064	O+H=4241	 DONE
03/10/2025 03:40:49:	move motor	S18.axis2.phaseshifter 1 to 5.288140deg	 DONE
03/10/2025 03:40:50:	53	count	time	20.000000s/cts	O Det=1225	H Det=1063	Mon Det=45922	Aux Det=1921	O+H=4209	 DONE
03/10/2025 03:41:12:	move motor	S18.axis2.phaseshifter 1 to 5.389835deg	 DONE
03/10/2025 03:41:14:	54	count	time	20.000000s/cts	O Det=1199	H Det=1001	Mon Det=45805	Aux Det=2144	O+H=4344	 DONE
03/10/2025 03:41:35:	move motor	S18.axis2.phaseshifter 1 to 5.491530deg	 DONE
03/10/2025 03:41:37:	55	count	time	20.000000s/cts	O Det=935	H Det=766	Mon Det=45984	Aux Det=2753	O+H=4454	 DONE
03/10/2025 03:41:59:	move motor	S18.axis2.phaseshifter 1 to 5.593225deg	 DONE
03/10/2025 03:42:00:	56	count	time	20.000000s/cts	O Det=608	H Det=533	Mon Det=45722	Aux Det=3752	O+H=4893	 DONE
03/10/2025 03:42:22:	move motor	S18.axis2.phaseshifter 1 to 5.694920deg	 DONE
03/10/2025 03:42:23:	57	count	time	20.000000s/cts	O Det=397	H Det=315	Mon Det=45591	Aux Det=4275	O+H=4987	 DONE
03/10/2025 03:42:45:	move motor	S18.axis2.phaseshifter 1 to 5.796615deg	 DONE
03/10/2025 03:42:47:	58	count	time	20.000000s/cts	O Det=278	H Det=282	Mon Det=46105	Aux Det=4550	O+H=5110	 DONE
03/10/2025 03:43:08:	move motor	S18.axis2.phaseshifter 1 to 5.898310deg	 DONE
03/10/2025 03:43:10:	59	count	time	20.000000s/cts	O Det=382	H Det=331	Mon Det=45896	Aux Det=4292	O+H=5005	 DONE
03/10/2025 03:43:32:	move motor	S18.axis2.phaseshifter 1 to 6.000005deg	 DONE
03/10/2025 03:43:33:	60	count	time	20.000000s/cts	O Det=703	H Det=549	Mon Det=46421	Aux Det=3615	O+H=4867	 DONE
03/10/2025 03:43:55:	close file and end scan	 DONE
03/10/2025 03:43:56:	END OF SCRIPT	 DONE
