03/10/2025 13:18:52:	start execution of script D:\data\Cycle 198\exp_3-16-19\rawdata\sc\ifg1_newPS_2p30s_B3.sc	 DONE
03/10/2025 13:18:52:	move motor	S18.axis2.phaseshifter 1 to -1.100000deg	 DONE
03/10/2025 13:18:54:	create file	D:\data\Cycle 198\exp_3-16-19\rawdata\sc\ifg1_newPS_2p30s_B3_03Oct1318.dat	 DONE
room to enter remarks DONE
03/10/2025 13:18:55:	move motor	S18.axis2.phaseshifter 1 to -1.000000deg	 DONE
03/10/2025 13:18:57:	1	count	time	30.000000s/cts	O Det=2613	H Det=2106	Mon Det=68788	Aux Det=5140	O+H=9859	 DONE
03/10/2025 13:19:29:	move motor	S18.axis2.phaseshifter 1 to -0.931034deg	 DONE
03/10/2025 13:19:30:	2	count	time	30.000000s/cts	O Det=2948	H Det=2406	Mon Det=68810	Aux Det=4277	O+H=9631	 DONE
03/10/2025 13:20:02:	move motor	S18.axis2.phaseshifter 1 to -0.862068deg	 DONE
03/10/2025 13:20:03:	3	count	time	30.000000s/cts	O Det=2917	H Det=2449	Mon Det=68866	Aux Det=3990	O+H=9356	 DONE
03/10/2025 13:20:35:	move motor	S18.axis2.phaseshifter 1 to -0.793102deg	 DONE
03/10/2025 13:20:37:	4	count	time	30.000000s/cts	O Det=2836	H Det=2405	Mon Det=68611	Aux Det=4365	O+H=9606	 DONE
03/10/2025 13:21:08:	move motor	S18.axis2.phaseshifter 1 to -0.724136deg	 DONE
03/10/2025 13:21:10:	5	count	time	30.000000s/cts	O Det=2511	H Det=2161	Mon Det=68754	Aux Det=5187	O+H=9859	 DONE
03/10/2025 13:21:41:	move motor	S18.axis2.phaseshifter 1 to -0.655170deg	 DONE
03/10/2025 13:21:43:	6	count	time	30.000000s/cts	O Det=2049	H Det=1767	Mon Det=68396	Aux Det=6210	O+H=10026	 DONE
03/10/2025 13:22:15:	move motor	S18.axis2.phaseshifter 1 to -0.586204deg	 DONE
03/10/2025 13:22:16:	7	count	time	30.000000s/cts	O Det=1614	H Det=1375	Mon Det=68901	Aux Det=7606	O+H=10595	 DONE
03/10/2025 13:22:48:	move motor	S18.axis2.phaseshifter 1 to -0.517238deg	 DONE
03/10/2025 13:22:49:	8	count	time	30.000000s/cts	O Det=1139	H Det=1035	Mon Det=69094	Aux Det=8794	O+H=10968	 DONE
03/10/2025 13:23:21:	move motor	S18.axis2.phaseshifter 1 to -0.448272deg	 DONE
03/10/2025 13:23:23:	9	count	time	30.000000s/cts	O Det=834	H Det=750	Mon Det=68329	Aux Det=9582	O+H=11166	 DONE
03/10/2025 13:23:54:	move motor	S18.axis2.phaseshifter 1 to -0.379306deg	 DONE
03/10/2025 13:23:56:	10	count	time	30.000000s/cts	O Det=657	H Det=601	Mon Det=68541	Aux Det=10224	O+H=11482	 DONE
03/10/2025 13:24:27:	move motor	S18.axis2.phaseshifter 1 to -0.310340deg	 DONE
03/10/2025 13:24:29:	11	count	time	30.000000s/cts	O Det=681	H Det=601	Mon Det=68892	Aux Det=10221	O+H=11503	 DONE
03/10/2025 13:25:01:	move motor	S18.axis2.phaseshifter 1 to -0.241374deg	 DONE
03/10/2025 13:25:02:	12	count	time	30.000000s/cts	O Det=855	H Det=689	Mon Det=68267	Aux Det=9654	O+H=11198	 DONE
03/10/2025 13:25:34:	move motor	S18.axis2.phaseshifter 1 to -0.172408deg	 DONE
03/10/2025 13:25:35:	13	count	time	30.000000s/cts	O Det=1242	H Det=1019	Mon Det=68646	Aux Det=8652	O+H=10913	 DONE
03/10/2025 13:26:07:	move motor	S18.axis2.phaseshifter 1 to -0.103442deg	 DONE
03/10/2025 13:26:09:	14	count	time	30.000000s/cts	O Det=1759	H Det=1380	Mon Det=68768	Aux Det=7462	O+H=10601	 DONE
03/10/2025 13:26:40:	move motor	S18.axis2.phaseshifter 1 to -0.034476deg	 DONE
03/10/2025 13:26:42:	15	count	time	30.000000s/cts	O Det=2339	H Det=1897	Mon Det=68813	Aux Det=5684	O+H=9920	 DONE
03/10/2025 13:27:13:	move motor	S18.axis2.phaseshifter 1 to 0.034490deg	 DONE
03/10/2025 13:27:15:	16	count	time	30.000000s/cts	O Det=2700	H Det=2170	Mon Det=68978	Aux Det=4758	O+H=9628	 DONE
03/10/2025 13:27:47:	move motor	S18.axis2.phaseshifter 1 to 0.103456deg	 DONE
03/10/2025 13:27:48:	17	count	time	30.000000s/cts	O Det=2822	H Det=2387	Mon Det=68544	Aux Det=4198	O+H=9407	 DONE
03/10/2025 13:28:20:	move motor	S18.axis2.phaseshifter 1 to 0.172422deg	 DONE
03/10/2025 13:28:21:	18	count	time	30.000000s/cts	O Det=2899	H Det=2481	Mon Det=68394	Aux Det=3979	O+H=9359	 DONE
03/10/2025 13:28:53:	move motor	S18.axis2.phaseshifter 1 to 0.241388deg	 DONE
03/10/2025 13:28:55:	19	count	time	30.000000s/cts	O Det=2893	H Det=2352	Mon Det=69127	Aux Det=4285	O+H=9530	 DONE
03/10/2025 13:29:26:	move motor	S18.axis2.phaseshifter 1 to 0.310354deg	 DONE
03/10/2025 13:29:28:	20	count	time	30.000000s/cts	O Det=2567	H Det=2068	Mon Det=68569	Aux Det=4994	O+H=9629	 DONE
03/10/2025 13:29:59:	move motor	S18.axis2.phaseshifter 1 to 0.379320deg	 DONE
03/10/2025 13:30:01:	21	count	time	30.000000s/cts	O Det=2122	H Det=1719	Mon Det=68507	Aux Det=6328	O+H=10169	 DONE
03/10/2025 13:30:33:	move motor	S18.axis2.phaseshifter 1 to 0.448286deg	 DONE
03/10/2025 13:30:34:	22	count	time	30.000000s/cts	O Det=1632	H Det=1374	Mon Det=68615	Aux Det=7627	O+H=10633	 DONE
03/10/2025 13:31:06:	move motor	S18.axis2.phaseshifter 1 to 0.517252deg	 DONE
03/10/2025 13:31:07:	23	count	time	30.000000s/cts	O Det=1049	H Det=978	Mon Det=68737	Aux Det=9005	O+H=11032	 DONE
03/10/2025 13:31:39:	move motor	S18.axis2.phaseshifter 1 to 0.586218deg	 DONE
03/10/2025 13:31:41:	24	count	time	30.000000s/cts	O Det=774	H Det=740	Mon Det=68721	Aux Det=9893	O+H=11407	 DONE
03/10/2025 13:32:12:	move motor	S18.axis2.phaseshifter 1 to 0.655184deg	 DONE
03/10/2025 13:32:14:	25	count	time	30.000000s/cts	O Det=619	H Det=580	Mon Det=68229	Aux Det=10368	O+H=11567	 DONE
03/10/2025 13:32:45:	move motor	S18.axis2.phaseshifter 1 to 0.724150deg	 DONE
03/10/2025 13:32:47:	26	count	time	30.000000s/cts	O Det=692	H Det=567	Mon Det=68538	Aux Det=10122	O+H=11381	 DONE
03/10/2025 13:33:19:	move motor	S18.axis2.phaseshifter 1 to 0.793116deg	 DONE
03/10/2025 13:33:20:	27	count	time	30.000000s/cts	O Det=875	H Det=755	Mon Det=68578	Aux Det=9412	O+H=11042	 DONE
03/10/2025 13:33:52:	move motor	S18.axis2.phaseshifter 1 to 0.862082deg	 DONE
03/10/2025 13:33:53:	28	count	time	30.000000s/cts	O Det=1141	H Det=972	Mon Det=68905	Aux Det=8626	O+H=10739	 DONE
03/10/2025 13:34:25:	move motor	S18.axis2.phaseshifter 1 to 0.931048deg	 DONE
03/10/2025 13:34:27:	29	count	time	30.000000s/cts	O Det=1742	H Det=1518	Mon Det=68705	Aux Det=7271	O+H=10531	 DONE
03/10/2025 13:34:58:	move motor	S18.axis2.phaseshifter 1 to 1.000014deg	 DONE
03/10/2025 13:35:00:	30	count	time	30.000000s/cts	O Det=2190	H Det=1825	Mon Det=68544	Aux Det=5931	O+H=9946	 DONE
03/10/2025 13:35:31:	close file and end scan	 DONE
03/10/2025 13:35:32:	END OF SCRIPT	 DONE
