15/10/2025 14:54:52:	start execution of script D:\data\Cycle 198\exp_3-16-19\rawdata\sc\ifg12r_newPS_2p30s_AP.sc	 DONE
15/10/2025 14:54:53:	create file	D:\data\Cycle 198\exp_3-16-19\rawdata\sc\ifg12r_newPS_2p30s_AP_15Oct1454.dat	 DONE
room to enter remarks DONE
15/10/2025 14:54:54:	MOVE MOTOR REL	S18.axis2.phaseshifter both	deg	0.0	FALSE DONE
15/10/2025 14:54:57:	1	count	time	15.0s/cts	O Det=2108	H Det=1930	Mon Det=35552	Aux Det=2721	O+H=6759	 DONE
15/10/2025 14:55:14:	MOVE MOTOR REL	S18.axis2.phaseshifter both	deg	0.07	FALSE DONE
15/10/2025 14:55:19:	2	count	time	15.0s/cts	O Det=2223	H Det=1619	Mon Det=35691	Aux Det=3165	O+H=7007	 DONE
15/10/2025 14:55:35:	MOVE MOTOR REL	S18.axis2.phaseshifter both	deg	0.07	FALSE DONE
15/10/2025 14:55:40:	3	count	time	15.0s/cts	O Det=2166	H Det=1417	Mon Det=35707	Aux Det=3746	O+H=7329	 DONE
15/10/2025 14:55:57:	MOVE MOTOR REL	S18.axis2.phaseshifter both	deg	0.07	FALSE DONE
15/10/2025 14:56:01:	4	count	time	15.0s/cts	O Det=1883	H Det=1186	Mon Det=35981	Aux Det=4728	O+H=7797	 DONE
15/10/2025 14:56:18:	MOVE MOTOR REL	S18.axis2.phaseshifter both	deg	0.07	FALSE DONE
15/10/2025 14:56:22:	5	count	time	15.0s/cts	O Det=1687	H Det=1005	Mon Det=35962	Aux Det=5163	O+H=7855	 DONE
15/10/2025 14:56:39:	MOVE MOTOR REL	S18.axis2.phaseshifter both	deg	0.07	FALSE DONE
15/10/2025 14:56:44:	6	count	time	15.0s/cts	O Det=1345	H Det=913	Mon Det=35770	Aux Det=5870	O+H=8128	 DONE
15/10/2025 14:57:00:	MOVE MOTOR REL	S18.axis2.phaseshifter both	deg	0.07	FALSE DONE
15/10/2025 14:57:05:	7	count	time	15.0s/cts	O Det=1074	H Det=971	Mon Det=35743	Aux Det=6372	O+H=8417	 DONE
15/10/2025 14:57:21:	MOVE MOTOR REL	S18.axis2.phaseshifter both	deg	0.07	FALSE DONE
15/10/2025 14:57:26:	8	count	time	15.0s/cts	O Det=767	H Det=1174	Mon Det=35890	Aux Det=6375	O+H=8316	 DONE
15/10/2025 14:57:43:	MOVE MOTOR REL	S18.axis2.phaseshifter both	deg	0.07	FALSE DONE
15/10/2025 14:57:47:	9	count	time	15.0s/cts	O Det=534	H Det=1601	Mon Det=35938	Aux Det=6202	O+H=8337	 DONE
15/10/2025 14:58:04:	MOVE MOTOR REL	S18.axis2.phaseshifter both	deg	0.07	FALSE DONE
15/10/2025 14:58:08:	10	count	time	15.0s/cts	O Det=599	H Det=1726	Mon Det=35624	Aux Det=5586	O+H=7911	 DONE
15/10/2025 14:58:25:	MOVE MOTOR REL	S18.axis2.phaseshifter both	deg	0.07	FALSE DONE
15/10/2025 14:58:30:	11	count	time	15.0s/cts	O Det=727	H Det=2065	Mon Det=36000	Aux Det=4948	O+H=7740	 DONE
15/10/2025 14:58:46:	MOVE MOTOR REL	S18.axis2.phaseshifter both	deg	0.07	FALSE DONE
15/10/2025 14:58:51:	12	count	time	15.0s/cts	O Det=931	H Det=2034	Mon Det=35922	Aux Det=4304	O+H=7269	 DONE
15/10/2025 14:59:07:	MOVE MOTOR REL	S18.axis2.phaseshifter both	deg	0.07	FALSE DONE
15/10/2025 14:59:12:	13	count	time	15.0s/cts	O Det=1298	H Det=2179	Mon Det=35612	Aux Det=3668	O+H=7145	 DONE
15/10/2025 14:59:29:	MOVE MOTOR REL	S18.axis2.phaseshifter both	deg	0.07	FALSE DONE
15/10/2025 14:59:33:	14	count	time	15.0s/cts	O Det=1696	H Det=2275	Mon Det=35779	Aux Det=2903	O+H=6874	 DONE
15/10/2025 14:59:50:	paused
15/10/2025 14:59:52:	close file and end scan	 DONE
15/10/2025 14:59:53:	END OF SCRIPT	 DONE
