20/10/2025 17:04:55:	start execution of script D:\data\Cycle 198\exp_3-16-19\rawdata\sc\ifg12_newPS_7p10s_B2.sc	 DONE
20/10/2025 17:04:56:	move motor	S18.axis2.phaseshifter both to -3.600000deg	 DONE
20/10/2025 17:05:00:	create file	D:\data\Cycle 198\exp_3-16-19\rawdata\sc\ifg12_newPS_7p10s_B2_20Oct1705.dat	 DONE
room to enter remarks DONE
20/10/2025 17:05:01:	move motor	S18.axis2.phaseshifter both to -3.500000deg	 DONE
20/10/2025 17:05:04:	1	count	time	10.000000s/cts	O Det=1588	H Det=1026	Mon Det=24940	Aux Det=2047	O+H=4661	 DONE
20/10/2025 17:05:15:	move motor	S18.axis2.phaseshifter both to -3.400000deg	 DONE
20/10/2025 17:05:18:	2	count	time	10.000000s/cts	O Det=1502	H Det=1203	Mon Det=24833	Aux Det=1714	O+H=4419	 DONE
20/10/2025 17:05:30:	move motor	S18.axis2.phaseshifter both to -3.300000deg	 DONE
20/10/2025 17:05:33:	3	count	time	10.000000s/cts	O Det=1229	H Det=1265	Mon Det=24487	Aux Det=1932	O+H=4426	 DONE
20/10/2025 17:05:45:	move motor	S18.axis2.phaseshifter both to -3.200000deg	 DONE
20/10/2025 17:05:48:	4	count	time	10.000000s/cts	O Det=897	H Det=1335	Mon Det=24621	Aux Det=2394	O+H=4626	 DONE
20/10/2025 17:06:00:	move motor	S18.axis2.phaseshifter both to -3.100000deg	 DONE
20/10/2025 17:06:03:	5	count	time	10.000000s/cts	O Det=520	H Det=1296	Mon Det=24619	Aux Det=3177	O+H=4993	 DONE
20/10/2025 17:06:15:	move motor	S18.axis2.phaseshifter both to -3.000000deg	 DONE
20/10/2025 17:06:18:	6	count	time	10.000000s/cts	O Det=433	H Det=1070	Mon Det=24776	Aux Det=3826	O+H=5329	 DONE
20/10/2025 17:06:29:	move motor	S18.axis2.phaseshifter both to -2.900000deg	 DONE
20/10/2025 17:06:32:	7	count	time	10.000000s/cts	O Det=475	H Det=858	Mon Det=24870	Aux Det=4229	O+H=5562	 DONE
20/10/2025 17:06:44:	move motor	S18.axis2.phaseshifter both to -2.800000deg	 DONE
20/10/2025 17:06:47:	8	count	time	10.000000s/cts	O Det=785	H Det=631	Mon Det=24474	Aux Det=3900	O+H=5316	 DONE
20/10/2025 17:06:59:	move motor	S18.axis2.phaseshifter both to -2.700000deg	 DONE
20/10/2025 17:07:02:	9	count	time	10.000000s/cts	O Det=1152	H Det=616	Mon Det=25219	Aux Det=3547	O+H=5315	 DONE
20/10/2025 17:07:14:	move motor	S18.axis2.phaseshifter both to -2.600000deg	 DONE
20/10/2025 17:07:17:	10	count	time	10.000000s/cts	O Det=1440	H Det=681	Mon Det=25346	Aux Det=2758	O+H=4879	 DONE
20/10/2025 17:07:29:	move motor	S18.axis2.phaseshifter both to -2.500000deg	 DONE
20/10/2025 17:07:32:	11	count	time	10.000000s/cts	O Det=1616	H Det=892	Mon Det=25461	Aux Det=2125	O+H=4633	 DONE
20/10/2025 17:07:43:	move motor	S18.axis2.phaseshifter both to -2.400000deg	 DONE
20/10/2025 17:07:47:	12	count	time	10.000000s/cts	O Det=1517	H Det=1187	Mon Det=25402	Aux Det=1799	O+H=4503	 DONE
20/10/2025 17:07:58:	move motor	S18.axis2.phaseshifter both to -2.300000deg	 DONE
20/10/2025 17:08:01:	13	count	time	10.000000s/cts	O Det=1375	H Det=1340	Mon Det=25717	Aux Det=1842	O+H=4557	 DONE
20/10/2025 17:08:13:	move motor	S18.axis2.phaseshifter both to -2.200000deg	 DONE
20/10/2025 17:08:16:	14	count	time	10.000000s/cts	O Det=965	H Det=1362	Mon Det=25469	Aux Det=2332	O+H=4659	 DONE
20/10/2025 17:08:28:	move motor	S18.axis2.phaseshifter both to -2.100000deg	 DONE
20/10/2025 17:08:31:	15	count	time	10.000000s/cts	O Det=598	H Det=1288	Mon Det=24992	Aux Det=3002	O+H=4888	 DONE
20/10/2025 17:08:43:	move motor	S18.axis2.phaseshifter both to -2.000000deg	 DONE
20/10/2025 17:08:46:	16	count	time	10.000000s/cts	O Det=436	H Det=1007	Mon Det=25710	Aux Det=3847	O+H=5290	 DONE
20/10/2025 17:08:57:	move motor	S18.axis2.phaseshifter both to -1.900000deg	 DONE
20/10/2025 17:09:01:	17	count	time	10.000000s/cts	O Det=473	H Det=800	Mon Det=25121	Aux Det=4195	O+H=5468	 DONE
20/10/2025 17:09:12:	move motor	S18.axis2.phaseshifter both to -1.800000deg	 DONE
20/10/2025 17:09:15:	18	count	time	10.000000s/cts	O Det=723	H Det=635	Mon Det=25530	Aux Det=4034	O+H=5392	 DONE
20/10/2025 17:09:27:	move motor	S18.axis2.phaseshifter both to -1.700000deg	 DONE
20/10/2025 17:09:30:	19	count	time	10.000000s/cts	O Det=1124	H Det=640	Mon Det=25232	Aux Det=3587	O+H=5351	 DONE
20/10/2025 17:09:42:	move motor	S18.axis2.phaseshifter both to -1.600000deg	 DONE
20/10/2025 17:09:45:	20	count	time	10.000000s/cts	O Det=1485	H Det=615	Mon Det=25744	Aux Det=2946	O+H=5046	 DONE
20/10/2025 17:09:57:	move motor	S18.axis2.phaseshifter both to -1.500000deg	 DONE
20/10/2025 17:10:00:	21	count	time	10.000000s/cts	O Det=1739	H Det=792	Mon Det=24502	Aux Det=2200	O+H=4731	 DONE
20/10/2025 17:10:11:	move motor	S18.axis2.phaseshifter both to -1.400000deg	 DONE
20/10/2025 17:10:15:	22	count	time	10.000000s/cts	O Det=1614	H Det=1002	Mon Det=24335	Aux Det=1739	O+H=4355	 DONE
20/10/2025 17:10:26:	move motor	S18.axis2.phaseshifter both to -1.300000deg	 DONE
20/10/2025 17:10:29:	23	count	time	10.000000s/cts	O Det=1585	H Det=1133	Mon Det=24508	Aux Det=1760	O+H=4478	 DONE
20/10/2025 17:10:41:	move motor	S18.axis2.phaseshifter both to -1.200000deg	 DONE
20/10/2025 17:10:44:	24	count	time	10.000000s/cts	O Det=1233	H Det=1155	Mon Det=24520	Aux Det=2175	O+H=4563	 DONE
20/10/2025 17:10:56:	move motor	S18.axis2.phaseshifter both to -1.100000deg	 DONE
20/10/2025 17:10:59:	25	count	time	10.000000s/cts	O Det=804	H Det=1154	Mon Det=24495	Aux Det=3036	O+H=4994	 DONE
20/10/2025 17:11:11:	move motor	S18.axis2.phaseshifter both to -1.000000deg	 DONE
20/10/2025 17:11:14:	26	count	time	10.000000s/cts	O Det=507	H Det=1054	Mon Det=24953	Aux Det=3616	O+H=5177	 DONE
20/10/2025 17:11:26:	move motor	S18.axis2.phaseshifter both to -0.900000deg	 DONE
20/10/2025 17:11:29:	27	count	time	10.000000s/cts	O Det=453	H Det=930	Mon Det=24613	Aux Det=4051	O+H=5434	 DONE
20/10/2025 17:11:40:	move motor	S18.axis2.phaseshifter both to -0.800000deg	 DONE
20/10/2025 17:11:43:	28	count	time	10.000000s/cts	O Det=589	H Det=732	Mon Det=24413	Aux Det=4092	O+H=5413	 DONE
20/10/2025 17:11:55:	move motor	S18.axis2.phaseshifter both to -0.700000deg	 DONE
20/10/2025 17:11:58:	29	count	time	10.000000s/cts	O Det=974	H Det=591	Mon Det=24578	Aux Det=3706	O+H=5271	 DONE
20/10/2025 17:12:10:	move motor	S18.axis2.phaseshifter both to -0.600000deg	 DONE
20/10/2025 17:12:13:	30	count	time	10.000000s/cts	O Det=1400	H Det=671	Mon Det=25052	Aux Det=2993	O+H=5064	 DONE
20/10/2025 17:12:25:	move motor	S18.axis2.phaseshifter both to -0.500000deg	 DONE
20/10/2025 17:12:28:	31	count	time	10.000000s/cts	O Det=1591	H Det=713	Mon Det=24612	Aux Det=2364	O+H=4668	 DONE
20/10/2025 17:12:40:	move motor	S18.axis2.phaseshifter both to -0.400000deg	 DONE
20/10/2025 17:12:43:	32	count	time	10.000000s/cts	O Det=1677	H Det=1003	Mon Det=24904	Aux Det=1786	O+H=4466	 DONE
20/10/2025 17:12:54:	move motor	S18.axis2.phaseshifter both to -0.300000deg	 DONE
20/10/2025 17:12:58:	33	count	time	10.000000s/cts	O Det=1519	H Det=1274	Mon Det=24495	Aux Det=1734	O+H=4527	 DONE
20/10/2025 17:13:09:	move motor	S18.axis2.phaseshifter both to -0.200000deg	 DONE
20/10/2025 17:13:12:	34	count	time	10.000000s/cts	O Det=1104	H Det=1360	Mon Det=24779	Aux Det=2079	O+H=4543	 DONE
20/10/2025 17:13:24:	move motor	S18.axis2.phaseshifter both to -0.100000deg	 DONE
20/10/2025 17:13:27:	35	count	time	10.000000s/cts	O Det=800	H Det=1288	Mon Det=26107	Aux Det=2754	O+H=4842	 DONE
20/10/2025 17:13:39:	move motor	S18.axis2.phaseshifter both to 0.000000deg	 DONE
20/10/2025 17:13:42:	36	count	time	10.000000s/cts	O Det=493	H Det=1153	Mon Det=26244	Aux Det=3368	O+H=5014	 DONE
20/10/2025 17:13:54:	move motor	S18.axis2.phaseshifter both to 0.100000deg	 DONE
20/10/2025 17:13:57:	37	count	time	10.000000s/cts	O Det=389	H Det=956	Mon Det=26256	Aux Det=3929	O+H=5274	 DONE
20/10/2025 17:14:08:	move motor	S18.axis2.phaseshifter both to 0.200000deg	 DONE
20/10/2025 17:14:12:	38	count	time	10.000000s/cts	O Det=535	H Det=739	Mon Det=26271	Aux Det=4211	O+H=5485	 DONE
20/10/2025 17:14:23:	move motor	S18.axis2.phaseshifter both to 0.300000deg	 DONE
20/10/2025 17:14:26:	39	count	time	10.000000s/cts	O Det=824	H Det=684	Mon Det=26114	Aux Det=3929	O+H=5437	 DONE
20/10/2025 17:14:38:	move motor	S18.axis2.phaseshifter both to 0.400000deg	 DONE
20/10/2025 17:14:41:	40	count	time	10.000000s/cts	O Det=1219	H Det=602	Mon Det=26125	Aux Det=3302	O+H=5123	 DONE
20/10/2025 17:14:53:	move motor	S18.axis2.phaseshifter both to 0.500000deg	 DONE
20/10/2025 17:14:56:	41	count	time	10.000000s/cts	O Det=1634	H Det=693	Mon Det=26463	Aux Det=2536	O+H=4863	 DONE
20/10/2025 17:15:08:	move motor	S18.axis2.phaseshifter both to 0.600000deg	 DONE
20/10/2025 17:15:11:	42	count	time	10.000000s/cts	O Det=1706	H Det=964	Mon Det=26005	Aux Det=1778	O+H=4448	 DONE
20/10/2025 17:15:22:	move motor	S18.axis2.phaseshifter both to 0.700000deg	 DONE
20/10/2025 17:15:26:	43	count	time	10.000000s/cts	O Det=1556	H Det=1211	Mon Det=26270	Aux Det=1671	O+H=4438	 DONE
20/10/2025 17:15:37:	move motor	S18.axis2.phaseshifter both to 0.800000deg	 DONE
20/10/2025 17:15:40:	44	count	time	10.000000s/cts	O Det=1369	H Det=1259	Mon Det=25939	Aux Det=1905	O+H=4533	 DONE
20/10/2025 17:15:52:	move motor	S18.axis2.phaseshifter both to 0.900000deg	 DONE
20/10/2025 17:15:55:	45	count	time	10.000000s/cts	O Det=970	H Det=1327	Mon Det=26227	Aux Det=2444	O+H=4741	 DONE
20/10/2025 17:16:07:	move motor	S18.axis2.phaseshifter both to 1.000000deg	 DONE
20/10/2025 17:16:10:	46	count	time	10.000000s/cts	O Det=544	H Det=1287	Mon Det=26338	Aux Det=3191	O+H=5022	 DONE
20/10/2025 17:16:22:	move motor	S18.axis2.phaseshifter both to 1.100000deg	 DONE
20/10/2025 17:16:25:	47	count	time	10.000000s/cts	O Det=407	H Det=1003	Mon Det=24582	Aux Det=3922	O+H=5332	 DONE
20/10/2025 17:16:37:	move motor	S18.axis2.phaseshifter both to 1.200000deg	 DONE
20/10/2025 17:16:40:	48	count	time	10.000000s/cts	O Det=477	H Det=800	Mon Det=24652	Aux Det=4122	O+H=5399	 DONE
20/10/2025 17:16:51:	move motor	S18.axis2.phaseshifter both to 1.300000deg	 DONE
20/10/2025 17:16:54:	49	count	time	10.000000s/cts	O Det=694	H Det=637	Mon Det=24636	Aux Det=4180	O+H=5511	 DONE
20/10/2025 17:17:06:	move motor	S18.axis2.phaseshifter both to 1.400000deg	 DONE
20/10/2025 17:17:09:	50	count	time	10.000000s/cts	O Det=1140	H Det=665	Mon Det=24432	Aux Det=3458	O+H=5263	 DONE
20/10/2025 17:17:21:	move motor	S18.axis2.phaseshifter both to 1.500000deg	 DONE
20/10/2025 17:17:24:	51	count	time	10.000000s/cts	O Det=1508	H Det=655	Mon Det=24726	Aux Det=2657	O+H=4820	 DONE
20/10/2025 17:17:36:	move motor	S18.axis2.phaseshifter both to 1.600000deg	 DONE
20/10/2025 17:17:39:	52	count	time	10.000000s/cts	O Det=1759	H Det=784	Mon Det=24618	Aux Det=2092	O+H=4635	 DONE
20/10/2025 17:17:51:	move motor	S18.axis2.phaseshifter both to 1.700000deg	 DONE
20/10/2025 17:17:54:	53	count	time	10.000000s/cts	O Det=1767	H Det=996	Mon Det=24833	Aux Det=1738	O+H=4501	 DONE
20/10/2025 17:18:05:	move motor	S18.axis2.phaseshifter both to 1.800000deg	 DONE
20/10/2025 17:18:08:	54	count	time	10.000000s/cts	O Det=1554	H Det=1121	Mon Det=24349	Aux Det=1785	O+H=4460	 DONE
20/10/2025 17:18:20:	move motor	S18.axis2.phaseshifter both to 1.900000deg	 DONE
20/10/2025 17:18:23:	55	count	time	10.000000s/cts	O Det=1109	H Det=1208	Mon Det=24709	Aux Det=2266	O+H=4583	 DONE
20/10/2025 17:18:35:	move motor	S18.axis2.phaseshifter both to 2.000000deg	 DONE
20/10/2025 17:18:38:	56	count	time	10.000000s/cts	O Det=737	H Det=1165	Mon Det=24627	Aux Det=2969	O+H=4871	 DONE
20/10/2025 17:18:50:	move motor	S18.axis2.phaseshifter both to 2.100000deg	 DONE
20/10/2025 17:18:53:	57	count	time	10.000000s/cts	O Det=519	H Det=1034	Mon Det=24686	Aux Det=3766	O+H=5319	 DONE
20/10/2025 17:19:05:	move motor	S18.axis2.phaseshifter both to 2.200000deg	 DONE
20/10/2025 17:19:08:	58	count	time	10.000000s/cts	O Det=469	H Det=836	Mon Det=24521	Aux Det=4184	O+H=5489	 DONE
20/10/2025 17:19:19:	move motor	S18.axis2.phaseshifter both to 2.300000deg	 DONE
20/10/2025 17:19:22:	59	count	time	10.000000s/cts	O Det=639	H Det=695	Mon Det=24859	Aux Det=4217	O+H=5551	 DONE
20/10/2025 17:19:34:	move motor	S18.axis2.phaseshifter both to 2.400000deg	 DONE
20/10/2025 17:19:37:	60	count	time	10.000000s/cts	O Det=1079	H Det=567	Mon Det=24682	Aux Det=3592	O+H=5238	 DONE
20/10/2025 17:19:49:	move motor	S18.axis2.phaseshifter both to 2.500000deg	 DONE
20/10/2025 17:19:52:	61	count	time	10.000000s/cts	O Det=1466	H Det=724	Mon Det=24551	Aux Det=2888	O+H=5078	 DONE
20/10/2025 17:20:04:	move motor	S18.axis2.phaseshifter both to 2.600000deg	 DONE
20/10/2025 17:20:07:	62	count	time	10.000000s/cts	O Det=1607	H Det=885	Mon Det=24385	Aux Det=2131	O+H=4623	 DONE
20/10/2025 17:20:18:	move motor	S18.axis2.phaseshifter both to 2.700000deg	 DONE
20/10/2025 17:20:22:	63	count	time	10.000000s/cts	O Det=1754	H Det=881	Mon Det=24661	Aux Det=1779	O+H=4414	 DONE
20/10/2025 17:20:33:	move motor	S18.axis2.phaseshifter both to 2.800000deg	 DONE
20/10/2025 17:20:36:	64	count	time	10.000000s/cts	O Det=1680	H Det=1074	Mon Det=24175	Aux Det=1729	O+H=4483	 DONE
20/10/2025 17:20:48:	move motor	S18.axis2.phaseshifter both to 2.900000deg	 DONE
20/10/2025 17:20:51:	65	count	time	10.000000s/cts	O Det=1305	H Det=1180	Mon Det=24803	Aux Det=2096	O+H=4581	 DONE
20/10/2025 17:21:03:	move motor	S18.axis2.phaseshifter both to 3.000000deg	 DONE
20/10/2025 17:21:06:	66	count	time	10.000000s/cts	O Det=964	H Det=1085	Mon Det=24763	Aux Det=2743	O+H=4792	 DONE
20/10/2025 17:21:18:	move motor	S18.axis2.phaseshifter both to 3.100000deg	 DONE
20/10/2025 17:21:21:	67	count	time	10.000000s/cts	O Det=552	H Det=1107	Mon Det=24491	Aux Det=3446	O+H=5105	 DONE
20/10/2025 17:21:33:	move motor	S18.axis2.phaseshifter both to 3.200000deg	 DONE
20/10/2025 17:21:36:	68	count	time	10.000000s/cts	O Det=411	H Det=907	Mon Det=24663	Aux Det=4061	O+H=5379	 DONE
20/10/2025 17:21:48:	move motor	S18.axis2.phaseshifter both to 3.300000deg	 DONE
20/10/2025 17:21:51:	69	count	time	10.000000s/cts	O Det=560	H Det=735	Mon Det=24666	Aux Det=4194	O+H=5489	 DONE
20/10/2025 17:22:02:	move motor	S18.axis2.phaseshifter both to 3.400000deg	 DONE
20/10/2025 17:22:05:	70	count	time	10.000000s/cts	O Det=903	H Det=629	Mon Det=24460	Aux Det=3843	O+H=5375	 DONE
20/10/2025 17:22:17:	move motor	S18.axis2.phaseshifter both to 3.500000deg	 DONE
20/10/2025 17:22:20:	71	count	time	10.000000s/cts	O Det=1381	H Det=623	Mon Det=24635	Aux Det=3100	O+H=5104	 DONE
20/10/2025 17:22:32:	close file and end scan	 DONE
20/10/2025 17:22:32:	END OF SCRIPT	 DONE
