08/10/2025 22:15:15:	start execution of script D:\data\Cycle 198\exp_3-16-19\rawdata\sc\ifg1R_newPS_2p30s_psi_+1+1+1_p90.sc	 DONE
08/10/2025 22:15:15:	create file	D:\data\Cycle 198\exp_3-16-19\rawdata\sc\ifg1R_newPS_2p30s_psi_+1+1+1_p90_08Oct2215.dat	 DONE
room to enter remarks DONE
08/10/2025 22:15:16:	MOVE MOTOR REL	S18.axis2.phaseshifter 1	deg	0	FALSE DONE
08/10/2025 22:15:19:	1	count	time	30.0s/cts	O Det=4685	H Det=2772	Mon Det=92103	Aux Det=9359	O+H=16816	 DONE
08/10/2025 22:15:51:	MOVE MOTOR REL	S18.axis2.phaseshifter 1	deg	0.1	FALSE DONE
08/10/2025 22:15:55:	2	count	time	30.0s/cts	O Det=2876	H Det=2811	Mon Det=92370	Aux Det=11734	O+H=17421	 DONE
08/10/2025 22:16:26:	MOVE MOTOR REL	S18.axis2.phaseshifter 1	deg	0.1	FALSE DONE
08/10/2025 22:16:30:	3	count	time	30.0s/cts	O Det=1846	H Det=2681	Mon Det=92070	Aux Det=13324	O+H=17851	 DONE
08/10/2025 22:17:02:	MOVE MOTOR REL	S18.axis2.phaseshifter 1	deg	0.1	FALSE DONE
08/10/2025 22:17:05:	4	count	time	30.0s/cts	O Det=1623	H Det=2565	Mon Det=92515	Aux Det=13791	O+H=17979	 DONE
08/10/2025 22:17:37:	MOVE MOTOR REL	S18.axis2.phaseshifter 1	deg	0.1	FALSE DONE
08/10/2025 22:17:40:	5	count	time	30.0s/cts	O Det=2559	H Det=2382	Mon Det=92081	Aux Det=12845	O+H=17786	 DONE
08/10/2025 22:18:12:	MOVE MOTOR REL	S18.axis2.phaseshifter 1	deg	0.1	FALSE DONE
08/10/2025 22:18:15:	6	count	time	30.0s/cts	O Det=3956	H Det=2337	Mon Det=91685	Aux Det=10980	O+H=17273	 DONE
08/10/2025 22:18:47:	MOVE MOTOR REL	S18.axis2.phaseshifter 1	deg	0.1	FALSE DONE
08/10/2025 22:18:51:	7	count	time	30.0s/cts	O Det=6027	H Det=2311	Mon Det=93009	Aux Det=7930	O+H=16268	 DONE
08/10/2025 22:19:23:	MOVE MOTOR REL	S18.axis2.phaseshifter 1	deg	0.1	FALSE DONE
08/10/2025 22:19:26:	8	count	time	30.0s/cts	O Det=7385	H Det=2251	Mon Det=92087	Aux Det=5810	O+H=15446	 DONE
08/10/2025 22:19:58:	MOVE MOTOR REL	S18.axis2.phaseshifter 1	deg	0.1	FALSE DONE
08/10/2025 22:20:01:	9	count	time	30.0s/cts	O Det=7548	H Det=2349	Mon Det=92447	Aux Det=5135	O+H=15032	 DONE
08/10/2025 22:20:33:	MOVE MOTOR REL	S18.axis2.phaseshifter 1	deg	0.1	FALSE DONE
08/10/2025 22:20:37:	10	count	time	30.0s/cts	O Det=6978	H Det=2420	Mon Det=92233	Aux Det=5868	O+H=15266	 DONE
08/10/2025 22:21:08:	MOVE MOTOR REL	S18.axis2.phaseshifter 1	deg	0.1	FALSE DONE
08/10/2025 22:21:12:	11	count	time	30.0s/cts	O Det=5749	H Det=2754	Mon Det=92160	Aux Det=7768	O+H=16271	 DONE
08/10/2025 22:21:44:	MOVE MOTOR REL	S18.axis2.phaseshifter 1	deg	0.1	FALSE DONE
08/10/2025 22:21:47:	12	count	time	30.0s/cts	O Det=4055	H Det=2684	Mon Det=92495	Aux Det=10122	O+H=16861	 DONE
08/10/2025 22:22:19:	MOVE MOTOR REL	S18.axis2.phaseshifter 1	deg	0.1	FALSE DONE
08/10/2025 22:22:23:	13	count	time	30.0s/cts	O Det=2482	H Det=2798	Mon Det=92719	Aux Det=12432	O+H=17712	 DONE
08/10/2025 22:22:54:	MOVE MOTOR REL	S18.axis2.phaseshifter 1	deg	0.1	FALSE DONE
08/10/2025 22:22:58:	14	count	time	30.0s/cts	O Det=1664	H Det=2688	Mon Det=92793	Aux Det=13653	O+H=18005	 DONE
08/10/2025 22:23:30:	MOVE MOTOR REL	S18.axis2.phaseshifter 1	deg	0.1	FALSE DONE
08/10/2025 22:23:33:	15	count	time	30.0s/cts	O Det=1825	H Det=2482	Mon Det=92339	Aux Det=13857	O+H=18164	 DONE
08/10/2025 22:24:05:	MOVE MOTOR REL	S18.axis2.phaseshifter 1	deg	0.1	FALSE DONE
08/10/2025 22:24:09:	16	count	time	30.0s/cts	O Det=2910	H Det=2336	Mon Det=91883	Aux Det=12454	O+H=17700	 DONE
08/10/2025 22:24:40:	MOVE MOTOR REL	S18.axis2.phaseshifter 1	deg	0.1	FALSE DONE
08/10/2025 22:24:44:	17	count	time	30.0s/cts	O Det=4611	H Det=2257	Mon Det=92641	Aux Det=10136	O+H=17004	 DONE
08/10/2025 22:25:16:	MOVE MOTOR REL	S18.axis2.phaseshifter 1	deg	0.1	FALSE DONE
08/10/2025 22:25:19:	18	count	time	30.0s/cts	O Det=6413	H Det=2179	Mon Det=92308	Aux Det=7432	O+H=16024	 DONE
08/10/2025 22:25:51:	MOVE MOTOR REL	S18.axis2.phaseshifter 1	deg	0.1	FALSE DONE
08/10/2025 22:25:54:	19	count	time	30.0s/cts	O Det=7460	H Det=2230	Mon Det=92264	Aux Det=5622	O+H=15312	 DONE
08/10/2025 22:26:26:	MOVE MOTOR REL	S18.axis2.phaseshifter 1	deg	0.1	FALSE DONE
08/10/2025 22:26:30:	20	count	time	30.0s/cts	O Det=7683	H Det=2512	Mon Det=91818	Aux Det=5262	O+H=15457	 DONE
08/10/2025 22:27:01:	MOVE MOTOR REL	S18.axis2.phaseshifter 1	deg	0.1	FALSE DONE
08/10/2025 22:27:05:	21	count	time	30.0s/cts	O Det=6619	H Det=2579	Mon Det=92176	Aux Det=6394	O+H=15592	 DONE
08/10/2025 22:27:37:	MOVE MOTOR REL	S18.axis2.phaseshifter 1	deg	0.1	FALSE DONE
08/10/2025 22:27:40:	22	count	time	30.0s/cts	O Det=4856	H Det=2733	Mon Det=91857	Aux Det=8618	O+H=16207	 DONE
08/10/2025 22:28:12:	close file and end scan	 DONE
call of ifg1r_newPS_2p30s.sc DONE
08/10/2025 22:28:13:	move motor	S18.axis2.phaseshifter 1 to fit O COS-180	0.380976reached 0.39551  DONE
08/10/2025 22:28:16:	END OF SCRIPT	 DONE
