08/10/2025 11:43:21:	start execution of script D:\data\Cycle 198\exp_3-16-19\rawdata\sc\ifg1R_newPS_2p30s_p90.sc	 DONE
08/10/2025 11:43:21:	create file	D:\data\Cycle 198\exp_3-16-19\rawdata\sc\ifg1R_newPS_2p30s_p90_08Oct1143.dat	 DONE
room to enter remarks DONE
08/10/2025 11:43:22:	1	count	time	30.0s/cts	O Det=4087	H Det=2455	Mon Det=92054	Aux Det=8591	O+H=15133	 DONE
08/10/2025 11:43:54:	MOVE MOTOR REL	S18.axis2.phaseshifter 1	deg	0.1	FALSE DONE
08/10/2025 11:43:57:	2	count	time	30.0s/cts	O Det=2503	H Det=2472	Mon Det=91259	Aux Det=10848	O+H=15823	 DONE
08/10/2025 11:44:29:	MOVE MOTOR REL	S18.axis2.phaseshifter 1	deg	0.1	FALSE DONE
08/10/2025 11:44:33:	3	count	time	30.0s/cts	O Det=1531	H Det=2570	Mon Det=91500	Aux Det=12274	O+H=16375	 DONE
08/10/2025 11:45:04:	MOVE MOTOR REL	S18.axis2.phaseshifter 1	deg	0.1	FALSE DONE
08/10/2025 11:45:08:	4	count	time	30.0s/cts	O Det=1529	H Det=2428	Mon Det=91336	Aux Det=12324	O+H=16281	 DONE
08/10/2025 11:45:39:	MOVE MOTOR REL	S18.axis2.phaseshifter 1	deg	0.1	FALSE DONE
08/10/2025 11:45:43:	5	count	time	30.0s/cts	O Det=2264	H Det=2327	Mon Det=91589	Aux Det=11240	O+H=15831	 DONE
08/10/2025 11:46:15:	MOVE MOTOR REL	S18.axis2.phaseshifter 1	deg	0.1	FALSE DONE
08/10/2025 11:46:18:	6	count	time	30.0s/cts	O Det=3750	H Det=2279	Mon Det=92318	Aux Det=9063	O+H=15092	 DONE
08/10/2025 11:46:50:	MOVE MOTOR REL	S18.axis2.phaseshifter 1	deg	0.1	FALSE DONE
08/10/2025 11:46:53:	7	count	time	30.0s/cts	O Det=5385	H Det=2282	Mon Det=91998	Aux Det=6773	O+H=14440	 DONE
08/10/2025 11:47:25:	MOVE MOTOR REL	S18.axis2.phaseshifter 1	deg	0.1	FALSE DONE
08/10/2025 11:47:29:	8	count	time	30.0s/cts	O Det=6672	H Det=2155	Mon Det=91725	Aux Det=5157	O+H=13984	 DONE
08/10/2025 11:48:00:	MOVE MOTOR REL	S18.axis2.phaseshifter 1	deg	0.1	FALSE DONE
08/10/2025 11:48:04:	9	count	time	30.0s/cts	O Det=6939	H Det=2127	Mon Det=91721	Aux Det=4612	O+H=13678	 DONE
08/10/2025 11:48:35:	MOVE MOTOR REL	S18.axis2.phaseshifter 1	deg	0.1	FALSE DONE
08/10/2025 11:48:39:	10	count	time	30.0s/cts	O Det=6407	H Det=2218	Mon Det=91701	Aux Det=5467	O+H=14092	 DONE
08/10/2025 11:49:11:	MOVE MOTOR REL	S18.axis2.phaseshifter 1	deg	0.1	FALSE DONE
08/10/2025 11:49:14:	11	count	time	30.0s/cts	O Det=5030	H Det=2264	Mon Det=91716	Aux Det=6992	O+H=14286	 DONE
08/10/2025 11:49:46:	MOVE MOTOR REL	S18.axis2.phaseshifter 1	deg	0.1	FALSE DONE
08/10/2025 11:49:49:	12	count	time	30.0s/cts	O Det=3446	H Det=2469	Mon Det=91731	Aux Det=9299	O+H=15214	 DONE
08/10/2025 11:50:21:	MOVE MOTOR REL	S18.axis2.phaseshifter 1	deg	0.1	FALSE DONE
08/10/2025 11:50:25:	13	count	time	30.0s/cts	O Det=2095	H Det=2516	Mon Det=91764	Aux Det=11266	O+H=15877	 DONE
08/10/2025 11:50:56:	MOVE MOTOR REL	S18.axis2.phaseshifter 1	deg	0.1	FALSE DONE
08/10/2025 11:51:00:	14	count	time	30.0s/cts	O Det=1395	H Det=2512	Mon Det=91600	Aux Det=12195	O+H=16102	 DONE
08/10/2025 11:51:31:	MOVE MOTOR REL	S18.axis2.phaseshifter 1	deg	0.1	FALSE DONE
08/10/2025 11:51:35:	15	count	time	30.0s/cts	O Det=1715	H Det=2485	Mon Det=92354	Aux Det=11774	O+H=15974	 DONE
08/10/2025 11:52:07:	MOVE MOTOR REL	S18.axis2.phaseshifter 1	deg	0.1	FALSE DONE
08/10/2025 11:52:10:	16	count	time	30.0s/cts	O Det=2773	H Det=2366	Mon Det=91517	Aux Det=10225	O+H=15364	 DONE
08/10/2025 11:52:42:	MOVE MOTOR REL	S18.axis2.phaseshifter 1	deg	0.1	FALSE DONE
08/10/2025 11:52:46:	17	count	time	30.0s/cts	O Det=4322	H Det=2325	Mon Det=91326	Aux Det=8338	O+H=14985	 DONE
08/10/2025 11:53:17:	MOVE MOTOR REL	S18.axis2.phaseshifter 1	deg	0.1	FALSE DONE
08/10/2025 11:53:21:	18	count	time	30.0s/cts	O Det=5779	H Det=2156	Mon Det=91095	Aux Det=6136	O+H=14071	 DONE
08/10/2025 11:53:52:	MOVE MOTOR REL	S18.axis2.phaseshifter 1	deg	0.1	FALSE DONE
08/10/2025 11:53:56:	19	count	time	30.0s/cts	O Det=6850	H Det=2196	Mon Det=91658	Aux Det=4811	O+H=13857	 DONE
08/10/2025 11:54:28:	MOVE MOTOR REL	S18.axis2.phaseshifter 1	deg	0.1	FALSE DONE
08/10/2025 11:54:31:	20	count	time	30.0s/cts	O Det=6820	H Det=2152	Mon Det=91469	Aux Det=4688	O+H=13660	 DONE
08/10/2025 11:55:03:	MOVE MOTOR REL	S18.axis2.phaseshifter 1	deg	0.1	FALSE DONE
08/10/2025 11:55:06:	21	count	time	30.0s/cts	O Det=5764	H Det=2225	Mon Det=91237	Aux Det=5928	O+H=13917	 DONE
08/10/2025 11:55:38:	MOVE MOTOR REL	S18.axis2.phaseshifter 1	deg	0.1	FALSE DONE
08/10/2025 11:55:42:	22	count	time	30.0s/cts	O Det=4222	H Det=2340	Mon Det=91750	Aux Det=8294	O+H=14856	 DONE
08/10/2025 11:56:13:	close file and end scan	 DONE
call of ifg1r_newPS_2p30s.sc DONE
08/10/2025 11:56:14:	move motor	S18.axis2.phaseshifter 1 to fit O COS-180	0.356631reached 0.36255  DONE
08/10/2025 11:56:17:	END OF SCRIPT	 DONE
