08/10/2025 14:51:08:	start execution of script D:\data\Cycle 198\exp_3-16-19\rawdata\sc\ifg1R_newPS_2p30s_p180.sc	 DONE
08/10/2025 14:51:08:	create file	D:\data\Cycle 198\exp_3-16-19\rawdata\sc\ifg1R_newPS_2p30s_p180_08Oct1451.dat	 DONE
room to enter remarks DONE
08/10/2025 14:51:09:	MOVE MOTOR REL	S18.axis2.phaseshifter 1	deg	0	FALSE DONE
08/10/2025 14:51:13:	1	count	time	30.0s/cts	O Det=4706	H Det=2568	Mon Det=91728	Aux Det=9410	O+H=16684	 DONE
08/10/2025 14:51:44:	MOVE MOTOR REL	S18.axis2.phaseshifter 1	deg	0.1	FALSE DONE
08/10/2025 14:51:48:	2	count	time	30.0s/cts	O Det=3250	H Det=2554	Mon Det=92236	Aux Det=11221	O+H=17025	 DONE
08/10/2025 14:52:20:	MOVE MOTOR REL	S18.axis2.phaseshifter 1	deg	0.1	FALSE DONE
08/10/2025 14:52:23:	3	count	time	30.0s/cts	O Det=2030	H Det=2625	Mon Det=91821	Aux Det=13200	O+H=17855	 DONE
08/10/2025 14:52:55:	MOVE MOTOR REL	S18.axis2.phaseshifter 1	deg	0.1	FALSE DONE
08/10/2025 14:52:59:	4	count	time	30.0s/cts	O Det=1725	H Det=2560	Mon Det=92503	Aux Det=13636	O+H=17921	 DONE
08/10/2025 14:53:30:	MOVE MOTOR REL	S18.axis2.phaseshifter 1	deg	0.1	FALSE DONE
08/10/2025 14:53:34:	5	count	time	30.0s/cts	O Det=2347	H Det=2492	Mon Det=92213	Aux Det=13074	O+H=17913	 DONE
08/10/2025 14:54:06:	MOVE MOTOR REL	S18.axis2.phaseshifter 1	deg	0.1	FALSE DONE
08/10/2025 14:54:09:	6	count	time	30.0s/cts	O Det=3756	H Det=2442	Mon Det=91400	Aux Det=10866	O+H=17064	 DONE
08/10/2025 14:54:41:	MOVE MOTOR REL	S18.axis2.phaseshifter 1	deg	0.1	FALSE DONE
08/10/2025 14:54:44:	7	count	time	30.0s/cts	O Det=5607	H Det=2321	Mon Det=92126	Aux Det=8503	O+H=16431	 DONE
08/10/2025 14:55:16:	MOVE MOTOR REL	S18.axis2.phaseshifter 1	deg	0.1	FALSE DONE
08/10/2025 14:55:20:	8	count	time	30.0s/cts	O Det=6756	H Det=2325	Mon Det=91630	Aux Det=6222	O+H=15303	 DONE
08/10/2025 14:55:52:	MOVE MOTOR REL	S18.axis2.phaseshifter 1	deg	0.1	FALSE DONE
08/10/2025 14:55:55:	9	count	time	30.0s/cts	O Det=7652	H Det=2426	Mon Det=92481	Aux Det=5373	O+H=15451	 DONE
08/10/2025 14:56:27:	MOVE MOTOR REL	S18.axis2.phaseshifter 1	deg	0.1	FALSE DONE
08/10/2025 14:56:30:	10	count	time	30.0s/cts	O Det=7265	H Det=2377	Mon Det=92174	Aux Det=5634	O+H=15276	 DONE
08/10/2025 14:57:02:	MOVE MOTOR REL	S18.axis2.phaseshifter 1	deg	0.1	FALSE DONE
08/10/2025 14:57:05:	11	count	time	30.0s/cts	O Det=6099	H Det=2486	Mon Det=91851	Aux Det=6996	O+H=15581	 DONE
08/10/2025 14:57:37:	MOVE MOTOR REL	S18.axis2.phaseshifter 1	deg	0.1	FALSE DONE
08/10/2025 14:57:41:	12	count	time	30.0s/cts	O Det=4415	H Det=2650	Mon Det=92129	Aux Det=9646	O+H=16711	 DONE
08/10/2025 14:58:12:	MOVE MOTOR REL	S18.axis2.phaseshifter 1	deg	0.1	FALSE DONE
08/10/2025 14:58:16:	13	count	time	30.0s/cts	O Det=2652	H Det=2565	Mon Det=91664	Aux Det=12368	O+H=17585	 DONE
08/10/2025 14:58:48:	MOVE MOTOR REL	S18.axis2.phaseshifter 1	deg	0.1	FALSE DONE
08/10/2025 14:58:51:	14	count	time	30.0s/cts	O Det=1926	H Det=2757	Mon Det=92356	Aux Det=13417	O+H=18100	 DONE
08/10/2025 14:59:23:	MOVE MOTOR REL	S18.axis2.phaseshifter 1	deg	0.1	FALSE DONE
08/10/2025 14:59:27:	15	count	time	30.0s/cts	O Det=2021	H Det=2499	Mon Det=91581	Aux Det=13489	O+H=18009	 DONE
08/10/2025 14:59:58:	MOVE MOTOR REL	S18.axis2.phaseshifter 1	deg	0.1	FALSE DONE
08/10/2025 15:00:02:	16	count	time	30.0s/cts	O Det=2874	H Det=2549	Mon Det=91855	Aux Det=12049	O+H=17472	 DONE
08/10/2025 15:00:34:	MOVE MOTOR REL	S18.axis2.phaseshifter 1	deg	0.1	FALSE DONE
08/10/2025 15:00:37:	17	count	time	30.0s/cts	O Det=4395	H Det=2342	Mon Det=91892	Aux Det=10151	O+H=16888	 DONE
08/10/2025 15:01:09:	MOVE MOTOR REL	S18.axis2.phaseshifter 1	deg	0.1	FALSE DONE
08/10/2025 15:01:13:	18	count	time	30.0s/cts	O Det=6177	H Det=2321	Mon Det=91807	Aux Det=7535	O+H=16033	 DONE
08/10/2025 15:01:44:	MOVE MOTOR REL	S18.axis2.phaseshifter 1	deg	0.1	FALSE DONE
08/10/2025 15:01:48:	19	count	time	30.0s/cts	O Det=7332	H Det=2384	Mon Det=91844	Aux Det=6009	O+H=15725	 DONE
08/10/2025 15:02:20:	MOVE MOTOR REL	S18.axis2.phaseshifter 1	deg	0.1	FALSE DONE
08/10/2025 15:02:23:	20	count	time	30.0s/cts	O Det=7424	H Det=2420	Mon Det=91871	Aux Det=5393	O+H=15237	 DONE
08/10/2025 15:02:55:	MOVE MOTOR REL	S18.axis2.phaseshifter 1	deg	0.1	FALSE DONE
08/10/2025 15:02:59:	21	count	time	30.0s/cts	O Det=7029	H Det=2481	Mon Det=92229	Aux Det=6221	O+H=15731	 DONE
08/10/2025 15:03:30:	MOVE MOTOR REL	S18.axis2.phaseshifter 1	deg	0.1	FALSE DONE
08/10/2025 15:03:34:	22	count	time	30.0s/cts	O Det=5090	H Det=2620	Mon Det=92048	Aux Det=8765	O+H=16475	 DONE
08/10/2025 15:04:05:	close file and end scan	 DONE
call of ifg1r_newPS_2p30s.sc DONE
08/10/2025 15:04:07:	END OF SCRIPT	 DONE
