05/10/2025 23:22:51:	start execution of script D:\data\Cycle 198\exp_3-16-19\rawdata\sc\ifg1_newPS_2p30s_B2.sc	 DONE
05/10/2025 23:22:52:	move motor	S18.axis2.phaseshifter 1 to -1.100000deg	 DONE
05/10/2025 23:22:57:	create file	D:\data\Cycle 198\exp_3-16-19\rawdata\sc\ifg1_newPS_2p30s_B2_05Oct2322.dat	 DONE
room to enter remarks DONE
05/10/2025 23:22:58:	move motor	S18.axis2.phaseshifter 1 to -1.000000deg	 DONE
05/10/2025 23:22:59:	1	count	time	30.000000s/cts	O Det=0	H Det=10	Mon Det=69484	Aux Det=23	O+H=33	 DONE
05/10/2025 23:23:31:	move motor	S18.axis2.phaseshifter 1 to -0.931034deg	 DONE
05/10/2025 23:23:32:	2	count	time	30.000000s/cts	O Det=1	H Det=7	Mon Det=70193	Aux Det=23	O+H=31	 DONE
05/10/2025 23:24:04:	move motor	S18.axis2.phaseshifter 1 to -0.862068deg	 DONE
05/10/2025 23:24:06:	3	count	time	30.000000s/cts	O Det=2	H Det=7	Mon Det=69269	Aux Det=16	O+H=25	 DONE
05/10/2025 23:24:37:	move motor	S18.axis2.phaseshifter 1 to -0.793102deg	 DONE
05/10/2025 23:24:39:	4	count	time	30.000000s/cts	O Det=2	H Det=7	Mon Det=69807	Aux Det=18	O+H=27	 DONE
05/10/2025 23:25:11:	move motor	S18.axis2.phaseshifter 1 to -0.724136deg	 DONE
05/10/2025 23:25:12:	5	count	time	30.000000s/cts	O Det=3	H Det=6	Mon Det=69995	Aux Det=15	O+H=24	 DONE
05/10/2025 23:25:44:	move motor	S18.axis2.phaseshifter 1 to -0.655170deg	 DONE
05/10/2025 23:25:46:	6	count	time	30.000000s/cts	O Det=3	H Det=7	Mon Det=69407	Aux Det=16	O+H=26	 DONE
05/10/2025 23:26:17:	move motor	S18.axis2.phaseshifter 1 to -0.586204deg	 DONE
05/10/2025 23:26:21:	7	count	time	30.000000s/cts	O Det=3	H Det=11	Mon Det=69704	Aux Det=13	O+H=27	 DONE
05/10/2025 23:26:52:	move motor	S18.axis2.phaseshifter 1 to -0.517238deg	 DONE
05/10/2025 23:27:08:	8	count	time	30.000000s/cts	O Det=0	H Det=7	Mon Det=69723	Aux Det=25	O+H=32	 DONE
05/10/2025 23:27:40:	move motor	S18.axis2.phaseshifter 1 to -0.448272deg	 DONE
05/10/2025 23:27:43:	9	count	time	30.000000s/cts	O Det=1	H Det=5	Mon Det=69325	Aux Det=15	O+H=21	 DONE
05/10/2025 23:28:14:	move motor	S18.axis2.phaseshifter 1 to -0.379306deg	 DONE
05/10/2025 23:28:28:	10	count	time	30.000000s/cts	O Det=3	H Det=2	Mon Det=69610	Aux Det=16	O+H=21	 DONE
05/10/2025 23:29:00:	move motor	S18.axis2.phaseshifter 1 to -0.310340deg	 DONE
05/10/2025 23:29:19:	11	count	time	30.000000s/cts	O Det=2	H Det=6	Mon Det=69706	Aux Det=12	O+H=20	 DONE
05/10/2025 23:29:51:	move motor	S18.axis2.phaseshifter 1 to -0.241374deg	 DONE
05/10/2025 23:29:54:	12	count	time	30.000000s/cts	O Det=3	H Det=7	Mon Det=69478	Aux Det=15	O+H=25	 DONE
05/10/2025 23:30:25:	move motor	S18.axis2.phaseshifter 1 to -0.172408deg	 DONE
05/10/2025 23:30:28:	13	count	time	30.000000s/cts	O Det=1	H Det=2	Mon Det=69853	Aux Det=16	O+H=19	 DONE
05/10/2025 23:31:00:	move motor	S18.axis2.phaseshifter 1 to -0.103442deg	 DONE
05/10/2025 23:31:02:	14	count	time	30.000000s/cts	O Det=2	H Det=5	Mon Det=70033	Aux Det=16	O+H=23	 DONE
05/10/2025 23:31:34:	move motor	S18.axis2.phaseshifter 1 to -0.034476deg	 DONE
05/10/2025 23:31:39:	15	count	time	30.000000s/cts	O Det=1	H Det=7	Mon Det=69430	Aux Det=17	O+H=25	 DONE
05/10/2025 23:32:11:	move motor	S18.axis2.phaseshifter 1 to 0.034490deg	 DONE
05/10/2025 23:32:14:	16	count	time	30.000000s/cts	O Det=2	H Det=5	Mon Det=69727	Aux Det=21	O+H=28	 DONE
05/10/2025 23:32:46:	move motor	S18.axis2.phaseshifter 1 to 0.103456deg	 DONE
05/10/2025 23:32:51:	17	count	time	30.000000s/cts	O Det=3	H Det=4	Mon Det=69463	Aux Det=14	O+H=21	 DONE
05/10/2025 23:33:23:	move motor	S18.axis2.phaseshifter 1 to 0.172422deg	 DONE
05/10/2025 23:33:41:	18	count	time	30.000000s/cts	O Det=3	H Det=6	Mon Det=69223	Aux Det=20	O+H=29	 DONE
05/10/2025 23:34:13:	move motor	S18.axis2.phaseshifter 1 to 0.241388deg	 DONE
05/10/2025 23:34:16:	19	count	time	30.000000s/cts	O Det=1	H Det=11	Mon Det=69824	Aux Det=23	O+H=35	 DONE
05/10/2025 23:34:47:	move motor	S18.axis2.phaseshifter 1 to 0.310354deg	 DONE
05/10/2025 23:34:51:	20	count	time	30.000000s/cts	O Det=2	H Det=5	Mon Det=69373	Aux Det=17	O+H=24	 DONE
05/10/2025 23:35:23:	move motor	S18.axis2.phaseshifter 1 to 0.379320deg	 DONE
05/10/2025 23:35:25:	21	count	time	30.000000s/cts	O Det=1	H Det=3	Mon Det=69736	Aux Det=11	O+H=15	 DONE
05/10/2025 23:35:57:	move motor	S18.axis2.phaseshifter 1 to 0.448286deg	 DONE
05/10/2025 23:36:01:	22	count	time	30.000000s/cts	O Det=0	H Det=9	Mon Det=69767	Aux Det=18	O+H=27	 DONE
05/10/2025 23:36:33:	move motor	S18.axis2.phaseshifter 1 to 0.517252deg	 DONE
05/10/2025 23:36:47:	23	count	time	30.000000s/cts	O Det=4	H Det=2	Mon Det=69752	Aux Det=19	O+H=25	 DONE
05/10/2025 23:37:19:	move motor	S18.axis2.phaseshifter 1 to 0.586218deg	 DONE
05/10/2025 23:37:23:	24	count	time	30.000000s/cts	O Det=2	H Det=7	Mon Det=69564	Aux Det=17	O+H=26	 DONE
05/10/2025 23:37:54:	move motor	S18.axis2.phaseshifter 1 to 0.655184deg	 DONE
05/10/2025 23:37:57:	25	count	time	30.000000s/cts	O Det=3	H Det=6	Mon Det=69764	Aux Det=13	O+H=22	 DONE
05/10/2025 23:38:29:	move motor	S18.axis2.phaseshifter 1 to 0.724150deg	 DONE
05/10/2025 23:38:32:	26	count	time	30.000000s/cts	O Det=0	H Det=3	Mon Det=69355	Aux Det=24	O+H=27	 DONE
05/10/2025 23:39:04:	move motor	S18.axis2.phaseshifter 1 to 0.793116deg	 DONE
05/10/2025 23:39:10:	27	count	time	30.000000s/cts	O Det=5	H Det=8	Mon Det=69557	Aux Det=16	O+H=29	 DONE
05/10/2025 23:39:41:	move motor	S18.axis2.phaseshifter 1 to 0.862082deg	 DONE
05/10/2025 23:39:50:	28	count	time	30.000000s/cts	O Det=2	H Det=8	Mon Det=69415	Aux Det=14	O+H=24	 DONE
05/10/2025 23:40:22:	move motor	S18.axis2.phaseshifter 1 to 0.931048deg	 DONE
05/10/2025 23:40:26:	29	count	time	30.000000s/cts	O Det=1	H Det=7	Mon Det=69183	Aux Det=18	O+H=26	 DONE
05/10/2025 23:40:58:	move motor	S18.axis2.phaseshifter 1 to 1.000014deg	 DONE
05/10/2025 23:41:01:	30	count	time	30.000000s/cts	O Det=1	H Det=5	Mon Det=69632	Aux Det=22	O+H=28	 DONE
05/10/2025 23:41:33:	close file and end scan	 DONE
05/10/2025 23:41:34:	END OF SCRIPT	 DONE
