09/10/2025 00:23:36:	start execution of script D:\data\Cycle 198\exp_3-16-19\rawdata\sc\ifg1R_newPS_2p30s_psi_+1+1+1_0.sc	 DONE
09/10/2025 00:23:37:	create file	D:\data\Cycle 198\exp_3-16-19\rawdata\sc\ifg1R_newPS_2p30s_psi_+1+1+1_0_09Oct0023.dat	 DONE
room to enter remarks DONE
09/10/2025 00:23:38:	MOVE MOTOR REL	S18.axis2.phaseshifter 1	deg	0	FALSE DONE
09/10/2025 00:23:41:	1	count	time	30.0s/cts	O Det=4510	H Det=5460	Mon Det=91919	Aux Det=5253	O+H=15223	 DONE
09/10/2025 00:24:13:	MOVE MOTOR REL	S18.axis2.phaseshifter 1	deg	0.1	FALSE DONE
09/10/2025 00:24:16:	2	count	time	30.0s/cts	O Det=5279	H Det=4321	Mon Det=92159	Aux Det=5821	O+H=15421	 DONE
09/10/2025 00:24:48:	MOVE MOTOR REL	S18.axis2.phaseshifter 1	deg	0.1	FALSE DONE
09/10/2025 00:24:52:	3	count	time	30.0s/cts	O Det=5118	H Det=3080	Mon Det=92198	Aux Det=8060	O+H=16258	 DONE
09/10/2025 00:25:23:	MOVE MOTOR REL	S18.axis2.phaseshifter 1	deg	0.1	FALSE DONE
09/10/2025 00:25:27:	4	count	time	30.0s/cts	O Det=4361	H Det=2236	Mon Det=92211	Aux Det=10687	O+H=17284	 DONE
09/10/2025 00:25:59:	MOVE MOTOR REL	S18.axis2.phaseshifter 1	deg	0.1	FALSE DONE
09/10/2025 00:26:02:	5	count	time	30.0s/cts	O Det=3281	H Det=2021	Mon Det=92410	Aux Det=12793	O+H=18095	 DONE
09/10/2025 00:26:34:	MOVE MOTOR REL	S18.axis2.phaseshifter 1	deg	0.1	FALSE DONE
09/10/2025 00:26:38:	6	count	time	30.0s/cts	O Det=1696	H Det=2560	Mon Det=92362	Aux Det=13948	O+H=18204	 DONE
09/10/2025 00:27:09:	MOVE MOTOR REL	S18.axis2.phaseshifter 1	deg	0.1	FALSE DONE
09/10/2025 00:27:13:	7	count	time	30.0s/cts	O Det=1081	H Det=3401	Mon Det=92338	Aux Det=13360	O+H=17842	 DONE
09/10/2025 00:27:45:	MOVE MOTOR REL	S18.axis2.phaseshifter 1	deg	0.1	FALSE DONE
09/10/2025 00:27:48:	8	count	time	30.0s/cts	O Det=1087	H Det=4729	Mon Det=92132	Aux Det=11290	O+H=17106	 DONE
09/10/2025 00:28:20:	MOVE MOTOR REL	S18.axis2.phaseshifter 1	deg	0.1	FALSE DONE
09/10/2025 00:28:24:	9	count	time	30.0s/cts	O Det=1692	H Det=5769	Mon Det=92846	Aux Det=8856	O+H=16317	 DONE
09/10/2025 00:28:55:	MOVE MOTOR REL	S18.axis2.phaseshifter 1	deg	0.1	FALSE DONE
09/10/2025 00:28:59:	10	count	time	30.0s/cts	O Det=2741	H Det=6068	Mon Det=92365	Aux Det=6663	O+H=15472	 DONE
09/10/2025 00:29:31:	MOVE MOTOR REL	S18.axis2.phaseshifter 1	deg	0.1	FALSE DONE
09/10/2025 00:29:34:	11	count	time	30.0s/cts	O Det=4235	H Det=5648	Mon Det=91478	Aux Det=5289	O+H=15172	 DONE
09/10/2025 00:30:06:	MOVE MOTOR REL	S18.axis2.phaseshifter 1	deg	0.1	FALSE DONE
09/10/2025 00:30:09:	12	count	time	30.0s/cts	O Det=5255	H Det=4637	Mon Det=92600	Aux Det=5584	O+H=15476	 DONE
09/10/2025 00:30:41:	MOVE MOTOR REL	S18.axis2.phaseshifter 1	deg	0.1	FALSE DONE
09/10/2025 00:30:45:	13	count	time	30.0s/cts	O Det=5451	H Det=3624	Mon Det=92133	Aux Det=6979	O+H=16054	 DONE
09/10/2025 00:31:17:	MOVE MOTOR REL	S18.axis2.phaseshifter 1	deg	0.1	FALSE DONE
09/10/2025 00:31:20:	14	count	time	30.0s/cts	O Det=4890	H Det=2523	Mon Det=92669	Aux Det=9400	O+H=16813	 DONE
09/10/2025 00:31:52:	MOVE MOTOR REL	S18.axis2.phaseshifter 1	deg	0.1	FALSE DONE
09/10/2025 00:31:55:	15	count	time	30.0s/cts	O Det=3874	H Det=2052	Mon Det=92166	Aux Det=11914	O+H=17840	 DONE
09/10/2025 00:32:27:	MOVE MOTOR REL	S18.axis2.phaseshifter 1	deg	0.1	FALSE DONE
09/10/2025 00:32:31:	16	count	time	30.0s/cts	O Det=2656	H Det=2048	Mon Det=91940	Aux Det=13642	O+H=18346	 DONE
09/10/2025 00:33:02:	MOVE MOTOR REL	S18.axis2.phaseshifter 1	deg	0.1	FALSE DONE
09/10/2025 00:33:06:	17	count	time	30.0s/cts	O Det=1514	H Det=2817	Mon Det=92505	Aux Det=13971	O+H=18302	 DONE
09/10/2025 00:33:38:	MOVE MOTOR REL	S18.axis2.phaseshifter 1	deg	0.1	FALSE DONE
09/10/2025 00:33:41:	18	count	time	30.0s/cts	O Det=1037	H Det=3847	Mon Det=92678	Aux Det=12904	O+H=17788	 DONE
09/10/2025 00:34:13:	MOVE MOTOR REL	S18.axis2.phaseshifter 1	deg	0.1	FALSE DONE
09/10/2025 00:34:17:	19	count	time	30.0s/cts	O Det=1145	H Det=5132	Mon Det=92376	Aux Det=10761	O+H=17038	 DONE
09/10/2025 00:34:48:	MOVE MOTOR REL	S18.axis2.phaseshifter 1	deg	0.1	FALSE DONE
09/10/2025 00:34:52:	20	count	time	30.0s/cts	O Det=2230	H Det=5833	Mon Det=92155	Aux Det=7758	O+H=15821	 DONE
09/10/2025 00:35:24:	MOVE MOTOR REL	S18.axis2.phaseshifter 1	deg	0.1	FALSE DONE
09/10/2025 00:35:27:	21	count	time	30.0s/cts	O Det=3363	H Det=5966	Mon Det=92022	Aux Det=5850	O+H=15179	 DONE
09/10/2025 00:35:59:	MOVE MOTOR REL	S18.axis2.phaseshifter 1	deg	0.1	FALSE DONE
09/10/2025 00:36:02:	22	count	time	30.0s/cts	O Det=4618	H Det=5203	Mon Det=92518	Aux Det=5283	O+H=15104	 DONE
09/10/2025 00:36:34:	close file and end scan	 DONE
call of ifg1r_newPS_2p30s.sc DONE
09/10/2025 00:36:35:	move motor	S18.axis2.phaseshifter 1 to fit O COS-90	-0.223596reached -0.21973  DONE
09/10/2025 00:36:38:	END OF SCRIPT	 DONE
