27/09/2025 05:55:22:	start execution of script D:\data\Cycle 198\exp_3-16-19\rawdata\sc\ifg1_3p20s_B2.sc	 DONE
27/09/2025 05:55:22:	move motor	S18.axis2.phaseshifter 1 to -2.725000deg	 DONE
27/09/2025 05:55:26:	create file	D:\data\Cycle 198\exp_3-16-19\rawdata\sc\ifg1_3p20s_B2_27Sep0555.dat	 DONE
room to enter remarks DONE
27/09/2025 05:55:27:	read encoder	S18.auxiliary.Robot Diagonal		-11.794229 DONE
27/09/2025 05:55:27:	move motor	S18.axis2.phaseshifter 1 to -2.625000deg	 DONE
27/09/2025 05:55:29:	1	count	time	20.000000s/cts	O Det=1421	H Det=3515	Mon Det=45200	Aux Det=3783	O+H=8719	 DONE
27/09/2025 05:55:51:	move motor	S18.axis2.phaseshifter 1 to -2.450000deg	 DONE
27/09/2025 05:55:52:	2	count	time	20.000000s/cts	O Det=1132	H Det=3703	Mon Det=45220	Aux Det=3788	O+H=8623	 DONE
27/09/2025 05:56:14:	move motor	S18.axis2.phaseshifter 1 to -2.275000deg	 DONE
27/09/2025 05:56:16:	3	count	time	20.000000s/cts	O Det=522	H Det=4122	Mon Det=45258	Aux Det=3846	O+H=8490	 DONE
27/09/2025 05:56:37:	move motor	S18.axis2.phaseshifter 1 to -2.100000deg	 DONE
27/09/2025 05:56:39:	4	count	time	20.000000s/cts	O Det=486	H Det=4247	Mon Det=45464	Aux Det=3907	O+H=8640	 DONE
27/09/2025 05:57:01:	move motor	S18.axis2.phaseshifter 1 to -1.925000deg	 DONE
27/09/2025 05:57:02:	5	count	time	20.000000s/cts	O Det=1570	H Det=3301	Mon Det=44976	Aux Det=3784	O+H=8655	 DONE
27/09/2025 05:57:24:	move motor	S18.axis2.phaseshifter 1 to -1.750000deg	 DONE
27/09/2025 05:57:26:	6	count	time	20.000000s/cts	O Det=2241	H Det=2608	Mon Det=45251	Aux Det=3709	O+H=8558	 DONE
27/09/2025 05:57:47:	move motor	S18.axis2.phaseshifter 1 to -1.575000deg	 DONE
27/09/2025 05:57:49:	7	count	time	20.000000s/cts	O Det=3123	H Det=1810	Mon Det=45212	Aux Det=3760	O+H=8693	 DONE
27/09/2025 05:58:11:	move motor	S18.axis2.phaseshifter 1 to -1.400000deg	 DONE
27/09/2025 05:58:12:	8	count	time	20.000000s/cts	O Det=3471	H Det=1565	Mon Det=45334	Aux Det=3794	O+H=8830	 DONE
27/09/2025 05:58:34:	move motor	S18.axis2.phaseshifter 1 to -1.225000deg	 DONE
27/09/2025 05:58:35:	9	count	time	20.000000s/cts	O Det=3042	H Det=1945	Mon Det=44950	Aux Det=3703	O+H=8690	 DONE
27/09/2025 05:58:57:	move motor	S18.axis2.phaseshifter 1 to -1.050000deg	 DONE
27/09/2025 05:58:59:	10	count	time	20.000000s/cts	O Det=2300	H Det=2635	Mon Det=45391	Aux Det=3801	O+H=8736	 DONE
27/09/2025 05:59:20:	move motor	S18.axis2.phaseshifter 1 to -0.875000deg	 DONE
27/09/2025 05:59:22:	11	count	time	20.000000s/cts	O Det=1571	H Det=3333	Mon Det=45331	Aux Det=3764	O+H=8668	 DONE
27/09/2025 05:59:44:	move motor	S18.axis2.phaseshifter 1 to -0.700000deg	 DONE
27/09/2025 05:59:45:	12	count	time	20.000000s/cts	O Det=1221	H Det=3704	Mon Det=44841	Aux Det=3851	O+H=8776	 DONE
27/09/2025 06:00:07:	move motor	S18.axis2.phaseshifter 1 to -0.525000deg	 DONE
27/09/2025 06:00:09:	13	count	time	20.000000s/cts	O Det=551	H Det=4126	Mon Det=44974	Aux Det=3861	O+H=8538	 DONE
27/09/2025 06:00:30:	move motor	S18.axis2.phaseshifter 1 to -0.350000deg	 DONE
27/09/2025 06:00:32:	14	count	time	20.000000s/cts	O Det=531	H Det=4185	Mon Det=45102	Aux Det=3929	O+H=8645	 DONE
27/09/2025 06:00:54:	move motor	S18.axis2.phaseshifter 1 to -0.175000deg	 DONE
27/09/2025 06:00:55:	15	count	time	20.000000s/cts	O Det=1487	H Det=3280	Mon Det=45267	Aux Det=3811	O+H=8578	 DONE
27/09/2025 06:01:17:	move motor	S18.axis2.phaseshifter 1 to 0.000000deg	 DONE
27/09/2025 06:01:19:	16	count	time	20.000000s/cts	O Det=2013	H Det=2885	Mon Det=44886	Aux Det=3729	O+H=8627	 DONE
27/09/2025 06:01:40:	move motor	S18.axis2.phaseshifter 1 to 0.175000deg	 DONE
27/09/2025 06:01:42:	17	count	time	20.000000s/cts	O Det=3153	H Det=2022	Mon Det=45013	Aux Det=3878	O+H=9053	 DONE
27/09/2025 06:02:04:	move motor	S18.axis2.phaseshifter 1 to 0.350000deg	 DONE
27/09/2025 06:02:05:	18	count	time	20.000000s/cts	O Det=3497	H Det=1539	Mon Det=45153	Aux Det=3737	O+H=8773	 DONE
27/09/2025 06:02:27:	move motor	S18.axis2.phaseshifter 1 to 0.525000deg	 DONE
27/09/2025 06:02:29:	19	count	time	20.000000s/cts	O Det=3109	H Det=1902	Mon Det=45167	Aux Det=3792	O+H=8803	 DONE
27/09/2025 06:02:50:	move motor	S18.axis2.phaseshifter 1 to 0.700000deg	 DONE
27/09/2025 06:02:52:	20	count	time	20.000000s/cts	O Det=2262	H Det=2673	Mon Det=45503	Aux Det=3679	O+H=8614	 DONE
27/09/2025 06:03:14:	move motor	S18.axis2.phaseshifter 1 to 0.875000deg	 DONE
27/09/2025 06:03:15:	21	count	time	20.000000s/cts	O Det=1444	H Det=3468	Mon Det=45283	Aux Det=3745	O+H=8657	 DONE
27/09/2025 06:03:37:	move motor	S18.axis2.phaseshifter 1 to 1.050000deg	 DONE
27/09/2025 06:03:38:	22	count	time	20.000000s/cts	O Det=568	H Det=4109	Mon Det=45206	Aux Det=3824	O+H=8501	 DONE
27/09/2025 06:04:00:	move motor	S18.axis2.phaseshifter 1 to 1.225000deg	 DONE
27/09/2025 06:04:02:	23	count	time	20.000000s/cts	O Det=391	H Det=4212	Mon Det=45283	Aux Det=3744	O+H=8347	 DONE
27/09/2025 06:04:23:	move motor	S18.axis2.phaseshifter 1 to 1.400000deg	 DONE
27/09/2025 06:04:25:	24	count	time	20.000000s/cts	O Det=523	H Det=4151	Mon Det=45285	Aux Det=3770	O+H=8444	 DONE
27/09/2025 06:04:47:	move motor	S18.axis2.phaseshifter 1 to 1.575000deg	 DONE
27/09/2025 06:04:48:	25	count	time	20.000000s/cts	O Det=975	H Det=3875	Mon Det=44930	Aux Det=3815	O+H=8665	 DONE
27/09/2025 06:05:10:	move motor	S18.axis2.phaseshifter 1 to 1.750000deg	 DONE
27/09/2025 06:05:12:	26	count	time	20.000000s/cts	O Det=1656	H Det=3040	Mon Det=45393	Aux Det=3826	O+H=8522	 DONE
27/09/2025 06:05:33:	move motor	S18.axis2.phaseshifter 1 to 1.925000deg	 DONE
27/09/2025 06:05:35:	27	count	time	20.000000s/cts	O Det=2566	H Det=2210	Mon Det=45024	Aux Det=3782	O+H=8558	 DONE
27/09/2025 06:05:57:	move motor	S18.axis2.phaseshifter 1 to 2.100000deg	 DONE
27/09/2025 06:05:58:	28	count	time	20.000000s/cts	O Det=3321	H Det=1795	Mon Det=45122	Aux Det=3784	O+H=8900	 DONE
27/09/2025 06:06:20:	move motor	S18.axis2.phaseshifter 1 to 2.275000deg	 DONE
27/09/2025 06:06:22:	29	count	time	20.000000s/cts	O Det=3437	H Det=1588	Mon Det=45116	Aux Det=3689	O+H=8714	 DONE
27/09/2025 06:06:43:	move motor	S18.axis2.phaseshifter 1 to 2.450000deg	 DONE
27/09/2025 06:06:45:	30	count	time	20.000000s/cts	O Det=2497	H Det=2502	Mon Det=45309	Aux Det=3704	O+H=8703	 DONE
27/09/2025 06:07:07:	move motor	S18.axis2.phaseshifter 1 to 2.625000deg	 DONE
27/09/2025 06:07:08:	31	count	time	20.000000s/cts	O Det=1775	H Det=3018	Mon Det=45274	Aux Det=3852	O+H=8645	 DONE
27/09/2025 06:07:30:	close file and end scan	 DONE
27/09/2025 06:07:30:	END OF SCRIPT	 DONE
