28/09/2025 11:31:31:	start execution of script D:\data\Cycle 198\exp_3-16-19\rawdata\sc\ifg1_3p200s_B2.sc	 DONE
28/09/2025 11:31:32:	move motor	S18.axis2.phaseshifter 1 to -2.725000deg	 DONE
28/09/2025 11:31:35:	create file	D:\data\Cycle 198\exp_3-16-19\rawdata\sc\ifg1_3p200s_B2_28Sep1131.dat	 DONE
room to enter remarks DONE
28/09/2025 11:31:36:	read encoder	S18.auxiliary.Robot Diagonal		-11.794229 DONE
28/09/2025 11:31:37:	move motor	S18.axis2.phaseshifter 1 to -2.625000deg	 DONE
28/09/2025 11:31:39:	1	count	time	200.000000s/cts	O Det=1240	H Det=38204	Mon Det=457479	Aux Det=37458	O+H=76902	 DONE
28/09/2025 11:35:01:	move motor	S18.axis2.phaseshifter 1 to -2.450000deg	 DONE
28/09/2025 11:35:03:	2	count	time	200.000000s/cts	O Det=1961	H Det=31788	Mon Det=456551	Aux Det=37717	O+H=71466	 DONE
28/09/2025 11:38:25:	move motor	S18.axis2.phaseshifter 1 to -2.275000deg	 DONE
28/09/2025 11:38:27:	3	count	time	200.000000s/cts	O Det=3223	H Det=23108	Mon Det=457464	Aux Det=37765	O+H=64096	 DONE
28/09/2025 11:41:49:	move motor	S18.axis2.phaseshifter 1 to -2.100000deg	 DONE
28/09/2025 11:41:51:	4	count	time	200.000000s/cts	O Det=3722	H Det=17875	Mon Det=458217	Aux Det=37685	O+H=59282	 DONE
28/09/2025 11:45:13:	move motor	S18.axis2.phaseshifter 1 to -1.925000deg	 DONE
28/09/2025 11:45:15:	5	count	time	200.000000s/cts	O Det=3986	H Det=16551	Mon Det=456770	Aux Det=37782	O+H=58319	 DONE
28/09/2025 11:48:38:	move motor	S18.axis2.phaseshifter 1 to -1.750000deg	 DONE
28/09/2025 11:48:39:	6	count	time	200.000000s/cts	O Det=3369	H Det=21406	Mon Det=457305	Aux Det=37674	O+H=62449	 DONE
28/09/2025 11:52:02:	move motor	S18.axis2.phaseshifter 1 to -1.575000deg	 DONE
28/09/2025 11:52:04:	7	count	time	200.000000s/cts	O Det=2891	H Det=24724	Mon Det=456259	Aux Det=37555	O+H=65170	 DONE
28/09/2025 11:55:26:	move motor	S18.axis2.phaseshifter 1 to -1.400000deg	 DONE
28/09/2025 11:55:27:	8	count	time	200.000000s/cts	O Det=1416	H Det=36437	Mon Det=455705	Aux Det=37206	O+H=75059	 DONE
28/09/2025 11:58:50:	move motor	S18.axis2.phaseshifter 1 to -1.225000deg	 DONE
28/09/2025 11:58:51:	9	count	time	200.000000s/cts	O Det=705	H Det=42125	Mon Det=457230	Aux Det=37534	O+H=80364	 DONE
28/09/2025 12:02:14:	move motor	S18.axis2.phaseshifter 1 to -1.050000deg	 DONE
28/09/2025 12:02:16:	10	count	time	200.000000s/cts	O Det=525	H Det=43117	Mon Det=456380	Aux Det=37589	O+H=81231	 DONE
28/09/2025 12:05:38:	move motor	S18.axis2.phaseshifter 1 to -0.875000deg	 DONE
28/09/2025 12:05:40:	11	count	time	200.000000s/cts	O Det=880	H Det=39995	Mon Det=456248	Aux Det=37931	O+H=78806	 DONE
28/09/2025 12:09:02:	move motor	S18.axis2.phaseshifter 1 to -0.700000deg	 DONE
28/09/2025 12:09:04:	12	count	time	200.000000s/cts	O Det=1873	H Det=32664	Mon Det=458158	Aux Det=37615	O+H=72152	 DONE
28/09/2025 12:12:26:	move motor	S18.axis2.phaseshifter 1 to -0.525000deg	 DONE
28/09/2025 12:12:27:	13	count	time	200.000000s/cts	O Det=2965	H Det=23870	Mon Det=457526	Aux Det=37445	O+H=64280	 DONE
28/09/2025 12:15:50:	move motor	S18.axis2.phaseshifter 1 to -0.350000deg	 DONE
28/09/2025 12:15:51:	14	count	time	200.000000s/cts	O Det=3738	H Det=18652	Mon Det=458470	Aux Det=37257	O+H=59647	 DONE
28/09/2025 12:19:14:	move motor	S18.axis2.phaseshifter 1 to -0.175000deg	 DONE
28/09/2025 12:19:15:	15	count	time	200.000000s/cts	O Det=3934	H Det=16479	Mon Det=456953	Aux Det=37551	O+H=57964	 DONE
28/09/2025 12:22:38:	move motor	S18.axis2.phaseshifter 1 to 0.000000deg	 DONE
28/09/2025 12:22:39:	16	count	time	200.000000s/cts	O Det=3733	H Det=18148	Mon Det=458263	Aux Det=37252	O+H=59133	 DONE
28/09/2025 12:26:02:	move motor	S18.axis2.phaseshifter 1 to 0.175000deg	 DONE
28/09/2025 12:26:04:	17	count	time	200.000000s/cts	O Det=2746	H Det=25241	Mon Det=457536	Aux Det=37328	O+H=65315	 DONE
28/09/2025 12:29:26:	move motor	S18.axis2.phaseshifter 1 to 0.350000deg	 DONE
28/09/2025 12:29:28:	18	count	time	200.000000s/cts	O Det=1497	H Det=35614	Mon Det=457800	Aux Det=37593	O+H=74704	 DONE
28/09/2025 12:32:50:	move motor	S18.axis2.phaseshifter 1 to 0.525000deg	 DONE
28/09/2025 12:32:52:	19	count	time	200.000000s/cts	O Det=952	H Det=39904	Mon Det=456472	Aux Det=37347	O+H=78203	 DONE
28/09/2025 12:36:14:	move motor	S18.axis2.phaseshifter 1 to 0.700000deg	 DONE
28/09/2025 12:36:16:	20	count	time	200.000000s/cts	O Det=549	H Det=42845	Mon Det=456705	Aux Det=37328	O+H=80722	 DONE
28/09/2025 12:39:38:	move motor	S18.axis2.phaseshifter 1 to 0.875000deg	 DONE
28/09/2025 12:39:40:	21	count	time	200.000000s/cts	O Det=886	H Det=39976	Mon Det=457308	Aux Det=37541	O+H=78403	 DONE
28/09/2025 12:43:02:	move motor	S18.axis2.phaseshifter 1 to 1.050000deg	 DONE
28/09/2025 12:43:04:	22	count	time	200.000000s/cts	O Det=1732	H Det=32855	Mon Det=456522	Aux Det=37571	O+H=72158	 DONE
28/09/2025 12:46:27:	move motor	S18.axis2.phaseshifter 1 to 1.225000deg	 DONE
28/09/2025 12:46:28:	23	count	time	200.000000s/cts	O Det=2873	H Det=24836	Mon Det=455558	Aux Det=37729	O+H=65438	 DONE
28/09/2025 12:49:51:	move motor	S18.axis2.phaseshifter 1 to 1.400000deg	 DONE
28/09/2025 12:49:53:	24	count	time	200.000000s/cts	O Det=3618	H Det=19601	Mon Det=457864	Aux Det=37578	O+H=60797	 DONE
28/09/2025 12:53:15:	move motor	S18.axis2.phaseshifter 1 to 1.575000deg	 DONE
28/09/2025 12:53:17:	25	count	time	200.000000s/cts	O Det=3906	H Det=16208	Mon Det=456761	Aux Det=37665	O+H=57779	 DONE
28/09/2025 12:56:39:	move motor	S18.axis2.phaseshifter 1 to 1.750000deg	 DONE
28/09/2025 12:56:41:	26	count	time	200.000000s/cts	O Det=3692	H Det=18695	Mon Det=456876	Aux Det=37665	O+H=60052	 DONE
28/09/2025 13:00:03:	move motor	S18.axis2.phaseshifter 1 to 1.925000deg	 DONE
28/09/2025 13:00:05:	27	count	time	200.000000s/cts	O Det=2862	H Det=25187	Mon Det=456752	Aux Det=37321	O+H=65370	 DONE
28/09/2025 13:03:28:	move motor	S18.axis2.phaseshifter 1 to 2.100000deg	 DONE
28/09/2025 13:03:29:	28	count	time	200.000000s/cts	O Det=1703	H Det=34007	Mon Det=456809	Aux Det=37581	O+H=73291	 DONE
28/09/2025 13:06:52:	move motor	S18.axis2.phaseshifter 1 to 2.275000deg	 DONE
28/09/2025 13:06:53:	29	count	time	200.000000s/cts	O Det=1012	H Det=39420	Mon Det=456326	Aux Det=37666	O+H=78098	 DONE
28/09/2025 13:10:16:	move motor	S18.axis2.phaseshifter 1 to 2.450000deg	 DONE
28/09/2025 13:10:18:	30	count	time	200.000000s/cts	O Det=570	H Det=42691	Mon Det=454825	Aux Det=36961	O+H=80222	 DONE
28/09/2025 13:13:40:	move motor	S18.axis2.phaseshifter 1 to 2.625000deg	 DONE
28/09/2025 13:13:42:	31	count	time	200.000000s/cts	O Det=914	H Det=40121	Mon Det=455291	Aux Det=37527	O+H=78562	 DONE
28/09/2025 13:17:04:	close file and end scan	saving D:\data\Cycle 198\exp_3-16-19\rawdata\sc\ifg1_3p200s_B2_28Sep1131.tif  DONE
28/09/2025 13:17:04:	END OF SCRIPT	 DONE
