08/10/2025 09:23:53:	start execution of script D:\data\Cycle 198\exp_3-16-19\rawdata\sc\ifg1R_newPS_2p30s_m90.sc	 DONE
08/10/2025 09:23:54:	create file	D:\data\Cycle 198\exp_3-16-19\rawdata\sc\ifg1R_newPS_2p30s_m90_08Oct0923.dat	 DONE
room to enter remarks DONE
08/10/2025 09:23:55:	MOVE MOTOR REL	S18.axis2.phaseshifter 1	deg	0.1	FALSE DONE
08/10/2025 09:23:58:	1	count	time	30.0s/cts	O Det=6567	H Det=2247	Mon Det=92153	Aux Det=7090	O+H=15904	 DONE
08/10/2025 09:24:30:	MOVE MOTOR REL	S18.axis2.phaseshifter 1	deg	0.1	FALSE DONE
08/10/2025 09:24:33:	2	count	time	30.0s/cts	O Det=7771	H Det=2308	Mon Det=91962	Aux Det=5287	O+H=15366	 DONE
08/10/2025 09:25:05:	MOVE MOTOR REL	S18.axis2.phaseshifter 1	deg	0.1	FALSE DONE
08/10/2025 09:25:08:	3	count	time	30.0s/cts	O Det=7751	H Det=2507	Mon Det=92019	Aux Det=5358	O+H=15616	 DONE
08/10/2025 09:25:40:	MOVE MOTOR REL	S18.axis2.phaseshifter 1	deg	0.1	FALSE DONE
08/10/2025 09:25:44:	4	count	time	30.0s/cts	O Det=6766	H Det=2463	Mon Det=91909	Aux Det=6557	O+H=15786	 DONE
08/10/2025 09:26:15:	MOVE MOTOR REL	S18.axis2.phaseshifter 1	deg	0.1	FALSE DONE
08/10/2025 09:26:19:	5	count	time	30.0s/cts	O Det=5142	H Det=2499	Mon Det=91869	Aux Det=9191	O+H=16832	 DONE
08/10/2025 09:26:51:	MOVE MOTOR REL	S18.axis2.phaseshifter 1	deg	0.1	FALSE DONE
08/10/2025 09:26:54:	6	count	time	30.0s/cts	O Det=3309	H Det=2732	Mon Det=91566	Aux Det=11391	O+H=17432	 DONE
08/10/2025 09:27:26:	MOVE MOTOR REL	S18.axis2.phaseshifter 1	deg	0.1	FALSE DONE
08/10/2025 09:27:29:	7	count	time	30.0s/cts	O Det=2052	H Det=2735	Mon Det=91662	Aux Det=13580	O+H=18367	 DONE
08/10/2025 09:28:01:	MOVE MOTOR REL	S18.axis2.phaseshifter 1	deg	0.1	FALSE DONE
08/10/2025 09:28:04:	8	count	time	30.0s/cts	O Det=1759	H Det=2592	Mon Det=92095	Aux Det=13856	O+H=18207	 DONE
08/10/2025 09:28:36:	MOVE MOTOR REL	S18.axis2.phaseshifter 1	deg	0.1	FALSE DONE
08/10/2025 09:28:40:	9	count	time	30.0s/cts	O Det=2189	H Det=2530	Mon Det=92035	Aux Det=13533	O+H=18252	 DONE
08/10/2025 09:29:11:	MOVE MOTOR REL	S18.axis2.phaseshifter 1	deg	0.1	FALSE DONE
08/10/2025 09:29:15:	10	count	time	30.0s/cts	O Det=3708	H Det=2398	Mon Det=91529	Aux Det=11326	O+H=17432	 DONE
08/10/2025 09:29:47:	MOVE MOTOR REL	S18.axis2.phaseshifter 1	deg	0.1	FALSE DONE
08/10/2025 09:29:50:	11	count	time	30.0s/cts	O Det=5526	H Det=2445	Mon Det=91867	Aux Det=8442	O+H=16413	 DONE
08/10/2025 09:30:22:	MOVE MOTOR REL	S18.axis2.phaseshifter 1	deg	0.1	FALSE DONE
08/10/2025 09:30:25:	12	count	time	30.0s/cts	O Det=7085	H Det=2354	Mon Det=91463	Aux Det=6445	O+H=15884	 DONE
08/10/2025 09:30:57:	MOVE MOTOR REL	S18.axis2.phaseshifter 1	deg	0.1	FALSE DONE
08/10/2025 09:31:00:	13	count	time	30.0s/cts	O Det=7675	H Det=2348	Mon Det=91763	Aux Det=5248	O+H=15271	 DONE
08/10/2025 09:31:32:	MOVE MOTOR REL	S18.axis2.phaseshifter 1	deg	0.1	FALSE DONE
08/10/2025 09:31:36:	14	count	time	30.0s/cts	O Det=7456	H Det=2381	Mon Det=92045	Aux Det=5610	O+H=15447	 DONE
08/10/2025 09:32:07:	MOVE MOTOR REL	S18.axis2.phaseshifter 1	deg	0.1	FALSE DONE
08/10/2025 09:32:11:	15	count	time	30.0s/cts	O Det=6428	H Det=2517	Mon Det=91449	Aux Det=6972	O+H=15917	 DONE
08/10/2025 09:32:42:	MOVE MOTOR REL	S18.axis2.phaseshifter 1	deg	0.1	FALSE DONE
08/10/2025 09:32:46:	16	count	time	30.0s/cts	O Det=4597	H Det=2563	Mon Det=91494	Aux Det=9528	O+H=16688	 DONE
08/10/2025 09:33:18:	MOVE MOTOR REL	S18.axis2.phaseshifter 1	deg	0.1	FALSE DONE
08/10/2025 09:33:21:	17	count	time	30.0s/cts	O Det=3009	H Det=2631	Mon Det=91706	Aux Det=11772	O+H=17412	 DONE
08/10/2025 09:33:53:	MOVE MOTOR REL	S18.axis2.phaseshifter 1	deg	0.1	FALSE DONE
08/10/2025 09:33:56:	18	count	time	30.0s/cts	O Det=1851	H Det=2544	Mon Det=91778	Aux Det=13578	O+H=17973	 DONE
08/10/2025 09:34:28:	MOVE MOTOR REL	S18.axis2.phaseshifter 1	deg	0.1	FALSE DONE
08/10/2025 09:34:32:	19	count	time	30.0s/cts	O Det=1812	H Det=2587	Mon Det=91693	Aux Det=13886	O+H=18285	 DONE
08/10/2025 09:35:03:	MOVE MOTOR REL	S18.axis2.phaseshifter 1	deg	0.1	FALSE DONE
08/10/2025 09:35:07:	20	count	time	30.0s/cts	O Det=2901	H Det=2430	Mon Det=91897	Aux Det=12527	O+H=17858	 DONE
08/10/2025 09:35:38:	MOVE MOTOR REL	S18.axis2.phaseshifter 1	deg	0.1	FALSE DONE
08/10/2025 09:35:42:	21	count	time	30.0s/cts	O Det=4371	H Det=2518	Mon Det=91807	Aux Det=10218	O+H=17107	 DONE
08/10/2025 09:36:14:	MOVE MOTOR REL	S18.axis2.phaseshifter 1	deg	0.1	FALSE DONE
08/10/2025 09:36:17:	22	count	time	30.0s/cts	O Det=5818	H Det=2335	Mon Det=91677	Aux Det=8023	O+H=16176	 DONE
08/10/2025 09:36:49:	close file and end scan	 DONE
call of ifg1r_newPS_2p30s.sc DONE
08/10/2025 09:36:50:	move motor	S18.axis2.phaseshifter 1 to fit O COS90	2.195689reached 2.20825  DONE
08/10/2025 09:36:53:	END OF SCRIPT	 DONE
