08/10/2025 11:22:12:	start execution of script D:\data\Cycle 198\exp_3-16-19\rawdata\sc\ifg1R_newPS_2p30s_m90.sc	 DONE
08/10/2025 11:22:13:	create file	D:\data\Cycle 198\exp_3-16-19\rawdata\sc\ifg1R_newPS_2p30s_m90_08Oct1122.dat	 DONE
room to enter remarks DONE
08/10/2025 11:22:14:	1	count	time	30.0s/cts	O Det=7150	H Det=2165	Mon Det=92104	Aux Det=4702	O+H=14017	 DONE
08/10/2025 11:22:46:	MOVE MOTOR REL	S18.axis2.phaseshifter 1	deg	0.1	FALSE DONE
08/10/2025 11:22:49:	2	count	time	30.0s/cts	O Det=6353	H Det=2224	Mon Det=91660	Aux Det=5646	O+H=14223	 DONE
08/10/2025 11:23:21:	MOVE MOTOR REL	S18.axis2.phaseshifter 1	deg	0.1	FALSE DONE
08/10/2025 11:23:24:	3	count	time	30.0s/cts	O Det=4872	H Det=2373	Mon Det=92020	Aux Det=7525	O+H=14770	 DONE
08/10/2025 11:23:56:	MOVE MOTOR REL	S18.axis2.phaseshifter 1	deg	0.1	FALSE DONE
08/10/2025 11:23:59:	4	count	time	30.0s/cts	O Det=3164	H Det=2511	Mon Det=92582	Aux Det=10017	O+H=15692	 DONE
08/10/2025 11:24:31:	MOVE MOTOR REL	S18.axis2.phaseshifter 1	deg	0.1	FALSE DONE
08/10/2025 11:24:35:	5	count	time	30.0s/cts	O Det=2047	H Det=2433	Mon Det=91320	Aux Det=11598	O+H=16078	 DONE
08/10/2025 11:25:06:	MOVE MOTOR REL	S18.axis2.phaseshifter 1	deg	0.1	FALSE DONE
08/10/2025 11:25:10:	6	count	time	30.0s/cts	O Det=1373	H Det=2525	Mon Det=92086	Aux Det=12409	O+H=16307	 DONE
08/10/2025 11:25:41:	MOVE MOTOR REL	S18.axis2.phaseshifter 1	deg	0.1	FALSE DONE
08/10/2025 11:25:45:	7	count	time	30.0s/cts	O Det=1615	H Det=2453	Mon Det=92312	Aux Det=11993	O+H=16061	 DONE
08/10/2025 11:26:17:	MOVE MOTOR REL	S18.axis2.phaseshifter 1	deg	0.1	FALSE DONE
08/10/2025 11:26:20:	8	count	time	30.0s/cts	O Det=2800	H Det=2412	Mon Det=92300	Aux Det=10533	O+H=15745	 DONE
08/10/2025 11:26:52:	MOVE MOTOR REL	S18.axis2.phaseshifter 1	deg	0.1	FALSE DONE
08/10/2025 11:26:55:	9	count	time	30.0s/cts	O Det=4479	H Det=2148	Mon Det=91813	Aux Det=8277	O+H=14904	 DONE
08/10/2025 11:27:27:	MOVE MOTOR REL	S18.axis2.phaseshifter 1	deg	0.1	FALSE DONE
08/10/2025 11:27:31:	10	count	time	30.0s/cts	O Det=5996	H Det=2283	Mon Det=91403	Aux Det=5906	O+H=14185	 DONE
08/10/2025 11:28:02:	MOVE MOTOR REL	S18.axis2.phaseshifter 1	deg	0.1	FALSE DONE
08/10/2025 11:28:06:	11	count	time	30.0s/cts	O Det=6990	H Det=2134	Mon Det=91783	Aux Det=4793	O+H=13917	 DONE
08/10/2025 11:28:37:	MOVE MOTOR REL	S18.axis2.phaseshifter 1	deg	0.1	FALSE DONE
08/10/2025 11:28:41:	12	count	time	30.0s/cts	O Det=6983	H Det=2199	Mon Det=92316	Aux Det=4841	O+H=14023	 DONE
08/10/2025 11:29:13:	MOVE MOTOR REL	S18.axis2.phaseshifter 1	deg	0.1	FALSE DONE
08/10/2025 11:29:16:	13	count	time	30.0s/cts	O Det=5643	H Det=2265	Mon Det=91581	Aux Det=6484	O+H=14392	 DONE
08/10/2025 11:29:48:	MOVE MOTOR REL	S18.axis2.phaseshifter 1	deg	0.1	FALSE DONE
08/10/2025 11:29:51:	14	count	time	30.0s/cts	O Det=4090	H Det=2245	Mon Det=92304	Aux Det=8447	O+H=14782	 DONE
08/10/2025 11:30:23:	MOVE MOTOR REL	S18.axis2.phaseshifter 1	deg	0.1	FALSE DONE
08/10/2025 11:30:26:	15	count	time	30.0s/cts	O Det=2920	H Det=2354	Mon Det=91804	Aux Det=10416	O+H=15690	 DONE
08/10/2025 11:30:58:	MOVE MOTOR REL	S18.axis2.phaseshifter 1	deg	0.1	FALSE DONE
08/10/2025 11:31:02:	16	count	time	30.0s/cts	O Det=1723	H Det=2461	Mon Det=91217	Aux Det=11748	O+H=15932	 DONE
08/10/2025 11:31:33:	MOVE MOTOR REL	S18.axis2.phaseshifter 1	deg	0.1	FALSE DONE
08/10/2025 11:31:37:	17	count	time	30.0s/cts	O Det=1405	H Det=2548	Mon Det=91988	Aux Det=12399	O+H=16352	 DONE
08/10/2025 11:32:08:	MOVE MOTOR REL	S18.axis2.phaseshifter 1	deg	0.1	FALSE DONE
08/10/2025 11:32:12:	18	count	time	30.0s/cts	O Det=2020	H Det=2371	Mon Det=91533	Aux Det=11605	O+H=15996	 DONE
08/10/2025 11:32:44:	MOVE MOTOR REL	S18.axis2.phaseshifter 1	deg	0.1	FALSE DONE
08/10/2025 11:32:47:	19	count	time	30.0s/cts	O Det=3229	H Det=2348	Mon Det=91437	Aux Det=10010	O+H=15587	 DONE
08/10/2025 11:33:19:	paused
08/10/2025 11:41:30:	MOVE MOTOR REL	S18.axis2.phaseshifter 1	deg	0.1	FALSE DONE
08/10/2025 11:41:34:	20	count	time	30.0s/cts	O Det=5008	H Det=2214	Mon Det=91359	Aux Det=7408	O+H=14630	 DONE
08/10/2025 11:42:06:	MOVE MOTOR REL	S18.axis2.phaseshifter 1	deg	0.1	FALSE DONE
08/10/2025 11:42:09:	21	count	time	30.0s/cts	O Det=6339	H Det=2160	Mon Det=91458	Aux Det=5474	O+H=13973	 DONE
08/10/2025 11:42:41:	MOVE MOTOR REL	S18.axis2.phaseshifter 1	deg	0.1	FALSE DONE
08/10/2025 11:42:44:	22	count	time	30.0s/cts	O Det=7090	H Det=2079	Mon Det=91342	Aux Det=4707	O+H=13876	 DONE
08/10/2025 11:43:16:	close file and end scan	 DONE
call of ifg1r_newPS_2p30s.sc DONE
08/10/2025 11:43:17:	move motor	S18.axis2.phaseshifter 1 to fit O COS-270	0.104770reached 0.12085  DONE
08/10/2025 11:43:20:	END OF SCRIPT	 DONE
