03/10/2025 12:28:04:	start execution of script D:\data\Cycle 198\exp_3-16-19\rawdata\sc\ifg1_newPS_2p30s_B2.sc	 DONE
03/10/2025 12:28:05:	move motor	S18.axis2.phaseshifter 1 to -1.100000deg	 DONE
03/10/2025 12:28:07:	create file	D:\data\Cycle 198\exp_3-16-19\rawdata\sc\ifg1_newPS_2p30s_B2_03Oct1228.dat	 DONE
room to enter remarks DONE
03/10/2025 12:28:08:	move motor	S18.axis2.phaseshifter 1 to -1.000000deg	 DONE
03/10/2025 12:28:09:	1	count	time	30.000000s/cts	O Det=2104	H Det=2688	Mon Det=68521	Aux Det=4060	O+H=8852	 DONE
03/10/2025 12:28:41:	move motor	S18.axis2.phaseshifter 1 to -0.931034deg	 DONE
03/10/2025 12:28:43:	2	count	time	30.000000s/cts	O Det=1636	H Det=3081	Mon Det=69018	Aux Det=4187	O+H=8904	 DONE
03/10/2025 12:29:14:	move motor	S18.axis2.phaseshifter 1 to -0.862068deg	 DONE
03/10/2025 12:29:16:	3	count	time	30.000000s/cts	O Det=960	H Det=3593	Mon Det=68977	Aux Det=4165	O+H=8718	 DONE
03/10/2025 12:29:47:	move motor	S18.axis2.phaseshifter 1 to -0.793102deg	 DONE
03/10/2025 12:29:49:	4	count	time	30.000000s/cts	O Det=761	H Det=3763	Mon Det=68996	Aux Det=4156	O+H=8680	 DONE
03/10/2025 12:30:21:	move motor	S18.axis2.phaseshifter 1 to -0.724136deg	 DONE
03/10/2025 12:30:22:	5	count	time	30.000000s/cts	O Det=575	H Det=4021	Mon Det=68877	Aux Det=4165	O+H=8761	 DONE
03/10/2025 12:30:54:	move motor	S18.axis2.phaseshifter 1 to -0.655170deg	 DONE
03/10/2025 12:30:55:	6	count	time	30.000000s/cts	O Det=615	H Det=4011	Mon Det=68823	Aux Det=4098	O+H=8724	 DONE
03/10/2025 12:31:27:	move motor	S18.axis2.phaseshifter 1 to -0.586204deg	 DONE
03/10/2025 12:31:28:	7	count	time	30.000000s/cts	O Det=873	H Det=3544	Mon Det=69528	Aux Det=4211	O+H=8628	 DONE
03/10/2025 12:32:00:	move motor	S18.axis2.phaseshifter 1 to -0.517238deg	 DONE
03/10/2025 12:32:02:	8	count	time	30.000000s/cts	O Det=1332	H Det=3407	Mon Det=68956	Aux Det=4135	O+H=8874	 DONE
03/10/2025 12:32:33:	move motor	S18.axis2.phaseshifter 1 to -0.448272deg	 DONE
03/10/2025 12:32:35:	9	count	time	30.000000s/cts	O Det=1778	H Det=2959	Mon Det=69063	Aux Det=4109	O+H=8846	 DONE
03/10/2025 12:33:06:	move motor	S18.axis2.phaseshifter 1 to -0.379306deg	 DONE
03/10/2025 12:33:08:	10	count	time	30.000000s/cts	O Det=2345	H Det=2388	Mon Det=68971	Aux Det=4093	O+H=8826	 DONE
03/10/2025 12:33:40:	move motor	S18.axis2.phaseshifter 1 to -0.310340deg	 DONE
03/10/2025 12:33:41:	11	count	time	30.000000s/cts	O Det=2870	H Det=1978	Mon Det=68847	Aux Det=4161	O+H=9009	 DONE
03/10/2025 12:34:13:	move motor	S18.axis2.phaseshifter 1 to -0.241374deg	 DONE
03/10/2025 12:34:14:	12	count	time	30.000000s/cts	O Det=3127	H Det=1755	Mon Det=68724	Aux Det=4195	O+H=9077	 DONE
03/10/2025 12:34:46:	move motor	S18.axis2.phaseshifter 1 to -0.172408deg	 DONE
03/10/2025 12:34:48:	13	count	time	30.000000s/cts	O Det=3268	H Det=1637	Mon Det=69012	Aux Det=4145	O+H=9050	 DONE
03/10/2025 12:35:19:	move motor	S18.axis2.phaseshifter 1 to -0.103442deg	 DONE
03/10/2025 12:35:21:	14	count	time	30.000000s/cts	O Det=3002	H Det=1832	Mon Det=68916	Aux Det=4149	O+H=8983	 DONE
03/10/2025 12:35:53:	move motor	S18.axis2.phaseshifter 1 to -0.034476deg	 DONE
03/10/2025 12:35:54:	15	count	time	30.000000s/cts	O Det=2533	H Det=2359	Mon Det=69067	Aux Det=4094	O+H=8986	 DONE
03/10/2025 12:36:26:	move motor	S18.axis2.phaseshifter 1 to 0.034490deg	 DONE
03/10/2025 12:36:27:	16	count	time	30.000000s/cts	O Det=2092	H Det=2682	Mon Det=68486	Aux Det=4106	O+H=8880	 DONE
03/10/2025 12:36:59:	move motor	S18.axis2.phaseshifter 1 to 0.103456deg	 DONE
03/10/2025 12:37:00:	17	count	time	30.000000s/cts	O Det=1575	H Det=3076	Mon Det=68704	Aux Det=4104	O+H=8755	 DONE
03/10/2025 12:37:32:	move motor	S18.axis2.phaseshifter 1 to 0.172422deg	 DONE
03/10/2025 12:37:34:	18	count	time	30.000000s/cts	O Det=1102	H Det=3612	Mon Det=68370	Aux Det=4208	O+H=8922	 DONE
03/10/2025 12:38:05:	move motor	S18.axis2.phaseshifter 1 to 0.241388deg	 DONE
03/10/2025 12:38:07:	19	count	time	30.000000s/cts	O Det=682	H Det=3932	Mon Det=68888	Aux Det=4107	O+H=8721	 DONE
03/10/2025 12:38:38:	move motor	S18.axis2.phaseshifter 1 to 0.310354deg	 DONE
03/10/2025 12:38:40:	20	count	time	30.000000s/cts	O Det=508	H Det=3959	Mon Det=69052	Aux Det=4040	O+H=8507	 DONE
03/10/2025 12:39:12:	move motor	S18.axis2.phaseshifter 1 to 0.379320deg	 DONE
03/10/2025 12:39:13:	21	count	time	30.000000s/cts	O Det=606	H Det=4128	Mon Det=69417	Aux Det=4099	O+H=8833	 DONE
03/10/2025 12:39:45:	move motor	S18.axis2.phaseshifter 1 to 0.448286deg	 DONE
03/10/2025 12:39:47:	22	count	time	30.000000s/cts	O Det=871	H Det=3708	Mon Det=69196	Aux Det=4145	O+H=8724	 DONE
03/10/2025 12:40:18:	move motor	S18.axis2.phaseshifter 1 to 0.517252deg	 DONE
03/10/2025 12:40:20:	23	count	time	30.000000s/cts	O Det=1273	H Det=3351	Mon Det=69156	Aux Det=4135	O+H=8759	 DONE
03/10/2025 12:40:51:	move motor	S18.axis2.phaseshifter 1 to 0.586218deg	 DONE
03/10/2025 12:40:53:	24	count	time	30.000000s/cts	O Det=1761	H Det=2917	Mon Det=68942	Aux Det=4049	O+H=8727	 DONE
03/10/2025 12:41:25:	move motor	S18.axis2.phaseshifter 1 to 0.655184deg	 DONE
03/10/2025 12:41:26:	25	count	time	30.000000s/cts	O Det=2287	H Det=2426	Mon Det=68926	Aux Det=4118	O+H=8831	 DONE
03/10/2025 12:41:58:	move motor	S18.axis2.phaseshifter 1 to 0.724150deg	 DONE
03/10/2025 12:41:59:	26	count	time	30.000000s/cts	O Det=2858	H Det=1980	Mon Det=68770	Aux Det=4085	O+H=8923	 DONE
03/10/2025 12:42:31:	move motor	S18.axis2.phaseshifter 1 to 0.793116deg	 DONE
03/10/2025 12:42:33:	27	count	time	30.000000s/cts	O Det=3098	H Det=1735	Mon Det=69352	Aux Det=4089	O+H=8922	 DONE
03/10/2025 12:43:04:	move motor	S18.axis2.phaseshifter 1 to 0.862082deg	 DONE
03/10/2025 12:43:06:	28	count	time	30.000000s/cts	O Det=3133	H Det=1703	Mon Det=68727	Aux Det=4111	O+H=8947	 DONE
03/10/2025 12:43:38:	move motor	S18.axis2.phaseshifter 1 to 0.931048deg	 DONE
03/10/2025 12:43:39:	29	count	time	30.000000s/cts	O Det=3001	H Det=1887	Mon Det=68578	Aux Det=4054	O+H=8942	 DONE
03/10/2025 12:44:11:	move motor	S18.axis2.phaseshifter 1 to 1.000014deg	 DONE
03/10/2025 12:44:12:	30	count	time	30.000000s/cts	O Det=2640	H Det=2181	Mon Det=68970	Aux Det=4054	O+H=8875	 DONE
03/10/2025 12:44:44:	close file and end scan	 DONE
03/10/2025 12:44:44:	END OF SCRIPT	 DONE
