27/09/2025 14:48:13:	start execution of script D:\data\Cycle 198\exp_3-16-19\rawdata\sc\ifg1_3p20s_B12.sc	 DONE
27/09/2025 14:48:13:	move motor	S18.axis2.phaseshifter 1 to -2.725000deg	 DONE
27/09/2025 14:48:17:	create file	D:\data\Cycle 198\exp_3-16-19\rawdata\sc\ifg1_3p20s_B12_27Sep1448.dat	 DONE
room to enter remarks DONE
27/09/2025 14:48:18:	read encoder	S18.auxiliary.Robot Diagonal		48483.272730 DONE
27/09/2025 14:48:19:	move motor	S18.axis2.phaseshifter 1 to -2.625000deg	 DONE
27/09/2025 14:48:20:	1	count	time	20.000000s/cts	O Det=927	H Det=1891	Mon Det=45220	Aux Det=10	O+H=2828	 DONE
27/09/2025 14:48:42:	move motor	S18.axis2.phaseshifter 1 to -2.450000deg	 DONE
27/09/2025 14:48:44:	2	count	time	20.000000s/cts	O Det=924	H Det=1900	Mon Det=45262	Aux Det=10	O+H=2834	 DONE
27/09/2025 14:49:05:	move motor	S18.axis2.phaseshifter 1 to -2.275000deg	 DONE
27/09/2025 14:49:07:	3	count	time	20.000000s/cts	O Det=904	H Det=1848	Mon Det=45192	Aux Det=14	O+H=2766	 DONE
27/09/2025 14:49:29:	move motor	S18.axis2.phaseshifter 1 to -2.100000deg	 DONE
27/09/2025 14:49:30:	4	count	time	20.000000s/cts	O Det=924	H Det=1834	Mon Det=45399	Aux Det=10	O+H=2768	 DONE
27/09/2025 14:49:52:	move motor	S18.axis2.phaseshifter 1 to -1.925000deg	 DONE
27/09/2025 14:49:54:	5	count	time	20.000000s/cts	O Det=872	H Det=1845	Mon Det=45231	Aux Det=19	O+H=2736	 DONE
27/09/2025 14:50:15:	move motor	S18.axis2.phaseshifter 1 to -1.750000deg	 DONE
27/09/2025 14:50:17:	6	count	time	20.000000s/cts	O Det=909	H Det=1890	Mon Det=45313	Aux Det=10	O+H=2809	 DONE
27/09/2025 14:50:38:	move motor	S18.axis2.phaseshifter 1 to -1.575000deg	 DONE
27/09/2025 14:50:40:	7	count	time	20.000000s/cts	O Det=907	H Det=1926	Mon Det=45406	Aux Det=13	O+H=2846	 DONE
27/09/2025 14:51:02:	move motor	S18.axis2.phaseshifter 1 to -1.400000deg	 DONE
27/09/2025 14:51:03:	8	count	time	20.000000s/cts	O Det=931	H Det=1870	Mon Det=45258	Aux Det=14	O+H=2815	 DONE
27/09/2025 14:51:25:	move motor	S18.axis2.phaseshifter 1 to -1.225000deg	 DONE
27/09/2025 14:51:27:	9	count	time	20.000000s/cts	O Det=911	H Det=1977	Mon Det=44979	Aux Det=12	O+H=2900	 DONE
27/09/2025 14:51:48:	move motor	S18.axis2.phaseshifter 1 to -1.050000deg	 DONE
27/09/2025 14:51:50:	10	count	time	20.000000s/cts	O Det=941	H Det=1905	Mon Det=45012	Aux Det=8	O+H=2854	 DONE
27/09/2025 14:52:12:	move motor	S18.axis2.phaseshifter 1 to -0.875000deg	 DONE
27/09/2025 14:52:13:	11	count	time	20.000000s/cts	O Det=942	H Det=1822	Mon Det=45223	Aux Det=6	O+H=2770	 DONE
27/09/2025 14:52:35:	move motor	S18.axis2.phaseshifter 1 to -0.700000deg	 DONE
27/09/2025 14:52:37:	12	count	time	20.000000s/cts	O Det=940	H Det=1889	Mon Det=44952	Aux Det=14	O+H=2843	 DONE
27/09/2025 14:52:58:	move motor	S18.axis2.phaseshifter 1 to -0.525000deg	 DONE
27/09/2025 14:53:00:	13	count	time	20.000000s/cts	O Det=1002	H Det=1829	Mon Det=45395	Aux Det=9	O+H=2840	 DONE
27/09/2025 14:53:22:	move motor	S18.axis2.phaseshifter 1 to -0.350000deg	 DONE
27/09/2025 14:53:23:	14	count	time	20.000000s/cts	O Det=937	H Det=1885	Mon Det=44953	Aux Det=14	O+H=2836	 DONE
27/09/2025 14:53:45:	move motor	S18.axis2.phaseshifter 1 to -0.175000deg	 DONE
27/09/2025 14:53:47:	15	count	time	20.000000s/cts	O Det=893	H Det=1847	Mon Det=45077	Aux Det=8	O+H=2748	 DONE
27/09/2025 14:54:08:	move motor	S18.axis2.phaseshifter 1 to 0.000000deg	 DONE
27/09/2025 14:54:10:	16	count	time	20.000000s/cts	O Det=926	H Det=1876	Mon Det=44856	Aux Det=11	O+H=2813	 DONE
27/09/2025 14:54:32:	move motor	S18.axis2.phaseshifter 1 to 0.175000deg	 DONE
27/09/2025 14:54:33:	17	count	time	20.000000s/cts	O Det=898	H Det=1828	Mon Det=45540	Aux Det=15	O+H=2741	 DONE
27/09/2025 14:54:55:	move motor	S18.axis2.phaseshifter 1 to 0.350000deg	 DONE
27/09/2025 14:54:57:	18	count	time	20.000000s/cts	O Det=912	H Det=1922	Mon Det=45085	Aux Det=10	O+H=2844	 DONE
27/09/2025 14:55:18:	move motor	S18.axis2.phaseshifter 1 to 0.525000deg	 DONE
27/09/2025 14:55:20:	19	count	time	20.000000s/cts	O Det=958	H Det=1848	Mon Det=44854	Aux Det=14	O+H=2820	 DONE
27/09/2025 14:55:42:	move motor	S18.axis2.phaseshifter 1 to 0.700000deg	 DONE
27/09/2025 14:55:43:	20	count	time	20.000000s/cts	O Det=903	H Det=1853	Mon Det=44985	Aux Det=15	O+H=2771	 DONE
27/09/2025 14:56:05:	move motor	S18.axis2.phaseshifter 1 to 0.875000deg	 DONE
27/09/2025 14:56:07:	21	count	time	20.000000s/cts	O Det=909	H Det=1883	Mon Det=45262	Aux Det=14	O+H=2806	 DONE
27/09/2025 14:56:28:	move motor	S18.axis2.phaseshifter 1 to 1.050000deg	 DONE
27/09/2025 14:56:30:	22	count	time	20.000000s/cts	O Det=950	H Det=1888	Mon Det=45179	Aux Det=10	O+H=2848	 DONE
27/09/2025 14:56:52:	move motor	S18.axis2.phaseshifter 1 to 1.225000deg	 DONE
27/09/2025 14:56:53:	23	count	time	20.000000s/cts	O Det=926	H Det=1835	Mon Det=44778	Aux Det=8	O+H=2769	 DONE
27/09/2025 14:57:15:	move motor	S18.axis2.phaseshifter 1 to 1.400000deg	 DONE
27/09/2025 14:57:17:	24	count	time	20.000000s/cts	O Det=883	H Det=1927	Mon Det=45365	Aux Det=10	O+H=2820	 DONE
27/09/2025 14:57:38:	move motor	S18.axis2.phaseshifter 1 to 1.575000deg	 DONE
27/09/2025 14:57:40:	25	count	time	20.000000s/cts	O Det=953	H Det=1859	Mon Det=45005	Aux Det=13	O+H=2825	 DONE
27/09/2025 14:58:02:	move motor	S18.axis2.phaseshifter 1 to 1.750000deg	 DONE
27/09/2025 14:58:03:	26	count	time	20.000000s/cts	O Det=902	H Det=1825	Mon Det=44829	Aux Det=10	O+H=2737	 DONE
27/09/2025 14:58:25:	move motor	S18.axis2.phaseshifter 1 to 1.925000deg	 DONE
27/09/2025 14:58:27:	27	count	time	20.000000s/cts	O Det=903	H Det=1887	Mon Det=45030	Aux Det=9	O+H=2799	 DONE
27/09/2025 14:58:48:	move motor	S18.axis2.phaseshifter 1 to 2.100000deg	 DONE
27/09/2025 14:58:50:	28	count	time	20.000000s/cts	O Det=877	H Det=1861	Mon Det=45249	Aux Det=16	O+H=2754	 DONE
27/09/2025 14:59:12:	move motor	S18.axis2.phaseshifter 1 to 2.275000deg	 DONE
27/09/2025 14:59:13:	29	count	time	20.000000s/cts	O Det=887	H Det=1913	Mon Det=45121	Aux Det=14	O+H=2814	 DONE
27/09/2025 14:59:35:	move motor	S18.axis2.phaseshifter 1 to 2.450000deg	 DONE
27/09/2025 14:59:36:	30	count	time	20.000000s/cts	O Det=901	H Det=1851	Mon Det=45386	Aux Det=16	O+H=2768	 DONE
27/09/2025 14:59:58:	move motor	S18.axis2.phaseshifter 1 to 2.625000deg	 DONE
27/09/2025 15:00:00:	31	count	time	20.000000s/cts	O Det=934	H Det=1869	Mon Det=44869	Aux Det=5	O+H=2808	 DONE
27/09/2025 15:00:21:	close file and end scan	 DONE
27/09/2025 15:00:22:	END OF SCRIPT	 DONE
