08/10/2025 08:27:04:	start execution of script D:\data\Cycle 198\exp_3-16-19\rawdata\sc\ifg1R_newPS_2p30s_p90.sc	 DONE
08/10/2025 08:27:05:	create file	D:\data\Cycle 198\exp_3-16-19\rawdata\sc\ifg1R_newPS_2p30s_p90_08Oct0827.dat	 DONE
room to enter remarks DONE
08/10/2025 08:27:06:	MOVE MOTOR REL	S18.axis2.phaseshifter 1	deg	0.1	FALSE DONE
08/10/2025 08:27:09:	1	count	time	30.0s/cts	O Det=2981	H Det=2631	Mon Det=91407	Aux Det=11848	O+H=17460	 DONE
08/10/2025 08:27:41:	MOVE MOTOR REL	S18.axis2.phaseshifter 1	deg	0.1	FALSE DONE
08/10/2025 08:27:44:	2	count	time	30.0s/cts	O Det=1855	H Det=2575	Mon Det=92094	Aux Det=13569	O+H=17999	 DONE
08/10/2025 08:28:16:	MOVE MOTOR REL	S18.axis2.phaseshifter 1	deg	0.1	FALSE DONE
08/10/2025 08:28:20:	3	count	time	30.0s/cts	O Det=1774	H Det=2543	Mon Det=92148	Aux Det=13762	O+H=18079	 DONE
08/10/2025 08:28:51:	MOVE MOTOR REL	S18.axis2.phaseshifter 1	deg	0.1	FALSE DONE
08/10/2025 08:28:55:	4	count	time	30.0s/cts	O Det=2746	H Det=2366	Mon Det=91832	Aux Det=12456	O+H=17568	 DONE
08/10/2025 08:29:26:	MOVE MOTOR REL	S18.axis2.phaseshifter 1	deg	0.1	FALSE DONE
08/10/2025 08:29:30:	5	count	time	30.0s/cts	O Det=4265	H Det=2385	Mon Det=92281	Aux Det=10365	O+H=17015	 DONE
08/10/2025 08:30:02:	MOVE MOTOR REL	S18.axis2.phaseshifter 1	deg	0.1	FALSE DONE
08/10/2025 08:30:05:	6	count	time	30.0s/cts	O Det=5872	H Det=2310	Mon Det=91798	Aux Det=8046	O+H=16228	 DONE
08/10/2025 08:30:37:	MOVE MOTOR REL	S18.axis2.phaseshifter 1	deg	0.1	FALSE DONE
08/10/2025 08:30:40:	7	count	time	30.0s/cts	O Det=7114	H Det=2323	Mon Det=92455	Aux Det=6132	O+H=15569	 DONE
08/10/2025 08:31:12:	MOVE MOTOR REL	S18.axis2.phaseshifter 1	deg	0.1	FALSE DONE
08/10/2025 08:31:16:	8	count	time	30.0s/cts	O Det=7488	H Det=2417	Mon Det=91750	Aux Det=5319	O+H=15224	 DONE
08/10/2025 08:31:47:	MOVE MOTOR REL	S18.axis2.phaseshifter 1	deg	0.1	FALSE DONE
08/10/2025 08:31:51:	9	count	time	30.0s/cts	O Det=7091	H Det=2456	Mon Det=92100	Aux Det=5985	O+H=15532	 DONE
08/10/2025 08:32:22:	MOVE MOTOR REL	S18.axis2.phaseshifter 1	deg	0.1	FALSE DONE
08/10/2025 08:32:26:	10	count	time	30.0s/cts	O Det=5505	H Det=2573	Mon Det=91564	Aux Det=7852	O+H=15930	 DONE
08/10/2025 08:32:58:	MOVE MOTOR REL	S18.axis2.phaseshifter 1	deg	0.1	FALSE DONE
08/10/2025 08:33:01:	11	count	time	30.0s/cts	O Det=3994	H Det=2719	Mon Det=91615	Aux Det=10352	O+H=17065	 DONE
08/10/2025 08:33:33:	MOVE MOTOR REL	S18.axis2.phaseshifter 1	deg	0.1	FALSE DONE
08/10/2025 08:33:36:	12	count	time	30.0s/cts	O Det=2525	H Det=2625	Mon Det=91960	Aux Det=12358	O+H=17508	 DONE
08/10/2025 08:34:08:	MOVE MOTOR REL	S18.axis2.phaseshifter 1	deg	0.1	FALSE DONE
08/10/2025 08:34:11:	13	count	time	30.0s/cts	O Det=1641	H Det=2623	Mon Det=91962	Aux Det=13743	O+H=18007	 DONE
08/10/2025 08:34:43:	MOVE MOTOR REL	S18.axis2.phaseshifter 1	deg	0.1	FALSE DONE
08/10/2025 08:34:47:	14	count	time	30.0s/cts	O Det=2172	H Det=2521	Mon Det=92230	Aux Det=13123	O+H=17816	 DONE
08/10/2025 08:35:18:	MOVE MOTOR REL	S18.axis2.phaseshifter 1	deg	0.1	FALSE DONE
08/10/2025 08:35:22:	15	count	time	30.0s/cts	O Det=3486	H Det=2366	Mon Det=91695	Aux Det=11510	O+H=17362	 DONE
08/10/2025 08:35:54:	MOVE MOTOR REL	S18.axis2.phaseshifter 1	deg	0.1	FALSE DONE
08/10/2025 08:35:57:	16	count	time	30.0s/cts	O Det=5318	H Det=2312	Mon Det=91966	Aux Det=8850	O+H=16480	 DONE
08/10/2025 08:36:29:	MOVE MOTOR REL	S18.axis2.phaseshifter 1	deg	0.1	FALSE DONE
08/10/2025 08:36:32:	17	count	time	30.0s/cts	O Det=6647	H Det=2358	Mon Det=91964	Aux Det=6819	O+H=15824	 DONE
08/10/2025 08:37:04:	MOVE MOTOR REL	S18.axis2.phaseshifter 1	deg	0.1	FALSE DONE
08/10/2025 08:37:08:	18	count	time	30.0s/cts	O Det=7375	H Det=2292	Mon Det=91582	Aux Det=5754	O+H=15421	 DONE
08/10/2025 08:37:39:	MOVE MOTOR REL	S18.axis2.phaseshifter 1	deg	0.1	FALSE DONE
08/10/2025 08:37:43:	19	count	time	30.0s/cts	O Det=7521	H Det=2491	Mon Det=92172	Aux Det=5477	O+H=15489	 DONE
08/10/2025 08:38:15:	MOVE MOTOR REL	S18.axis2.phaseshifter 1	deg	0.1	FALSE DONE
08/10/2025 08:38:18:	20	count	time	30.0s/cts	O Det=6520	H Det=2492	Mon Det=91997	Aux Det=6587	O+H=15599	 DONE
08/10/2025 08:38:50:	MOVE MOTOR REL	S18.axis2.phaseshifter 1	deg	0.1	FALSE DONE
08/10/2025 08:38:53:	21	count	time	30.0s/cts	O Det=4736	H Det=2563	Mon Det=92130	Aux Det=9304	O+H=16603	 DONE
08/10/2025 08:39:25:	MOVE MOTOR REL	S18.axis2.phaseshifter 1	deg	0.1	FALSE DONE
08/10/2025 08:39:28:	22	count	time	30.0s/cts	O Det=3020	H Det=2645	Mon Det=91808	Aux Det=11888	O+H=17553	 DONE
08/10/2025 08:40:00:	close file and end scan	 DONE
call of ifg1r_newPS_2p30s.sc DONE
08/10/2025 08:40:01:	move motor	S18.axis2.phaseshifter 1 to fit O COS180	3.466686reached 3.48267  DONE
08/10/2025 08:40:04:	END OF SCRIPT	 DONE
