02/10/2025 18:51:02:	start execution of script D:\data\Cycle 198\exp_3-16-19\rawdata\sc\ifg1_newPS_6p20s_B2.sc	 DONE
02/10/2025 18:51:03:	move motor	S18.axis2.phaseshifter 1 to -3.100000deg	 DONE
02/10/2025 18:51:06:	create file	D:\data\Cycle 198\exp_3-16-19\rawdata\sc\ifg1_newPS_6p20s_B2_02Oct1851.dat	 DONE
room to enter remarks DONE
02/10/2025 18:51:07:	move motor	S18.axis2.phaseshifter 1 to -3.000000deg	 DONE
02/10/2025 18:51:08:	1	count	time	20.000000s/cts	O Det=586	H Det=1534	Mon Det=46007	Aux Det=2012	O+H=4132	 DONE
02/10/2025 18:51:30:	move motor	S18.axis2.phaseshifter 1 to -2.898305deg	 DONE
02/10/2025 18:51:31:	2	count	time	20.000000s/cts	O Det=331	H Det=1879	Mon Det=45703	Aux Det=1969	O+H=4179	 DONE
02/10/2025 18:51:53:	move motor	S18.axis2.phaseshifter 1 to -2.796610deg	 DONE
02/10/2025 18:51:55:	3	count	time	20.000000s/cts	O Det=235	H Det=1818	Mon Det=45758	Aux Det=1960	O+H=4013	 DONE
02/10/2025 18:52:16:	move motor	S18.axis2.phaseshifter 1 to -2.694915deg	 DONE
02/10/2025 18:52:18:	4	count	time	20.000000s/cts	O Det=352	H Det=1758	Mon Det=45970	Aux Det=1976	O+H=4086	 DONE
02/10/2025 18:52:39:	move motor	S18.axis2.phaseshifter 1 to -2.593220deg	 DONE
02/10/2025 18:52:41:	5	count	time	20.000000s/cts	O Det=699	H Det=1474	Mon Det=45674	Aux Det=2052	O+H=4225	 DONE
02/10/2025 18:53:03:	move motor	S18.axis2.phaseshifter 1 to -2.491525deg	 DONE
02/10/2025 18:53:04:	6	count	time	20.000000s/cts	O Det=1096	H Det=1101	Mon Det=46043	Aux Det=2029	O+H=4226	 DONE
02/10/2025 18:53:26:	move motor	S18.axis2.phaseshifter 1 to -2.389830deg	 DONE
02/10/2025 18:53:28:	7	count	time	20.000000s/cts	O Det=1457	H Det=827	Mon Det=45913	Aux Det=2009	O+H=4293	 DONE
02/10/2025 18:53:49:	move motor	S18.axis2.phaseshifter 1 to -2.288135deg	 DONE
02/10/2025 18:53:51:	8	count	time	20.000000s/cts	O Det=1425	H Det=827	Mon Det=46017	Aux Det=1940	O+H=4192	 DONE
02/10/2025 18:54:12:	move motor	S18.axis2.phaseshifter 1 to -2.186440deg	 DONE
02/10/2025 18:54:14:	9	count	time	20.000000s/cts	O Det=1366	H Det=871	Mon Det=46027	Aux Det=1991	O+H=4228	 DONE
02/10/2025 18:54:36:	move motor	S18.axis2.phaseshifter 1 to -2.084745deg	 DONE
02/10/2025 18:54:37:	10	count	time	20.000000s/cts	O Det=1027	H Det=1135	Mon Det=46233	Aux Det=2053	O+H=4215	 DONE
02/10/2025 18:54:59:	move motor	S18.axis2.phaseshifter 1 to -1.983050deg	 DONE
02/10/2025 18:55:00:	11	count	time	20.000000s/cts	O Det=667	H Det=1446	Mon Det=45804	Aux Det=1997	O+H=4110	 DONE
02/10/2025 18:55:22:	move motor	S18.axis2.phaseshifter 1 to -1.881355deg	 DONE
02/10/2025 18:55:24:	12	count	time	20.000000s/cts	O Det=374	H Det=1840	Mon Det=45379	Aux Det=1981	O+H=4195	 DONE
02/10/2025 18:55:45:	move motor	S18.axis2.phaseshifter 1 to -1.779660deg	 DONE
02/10/2025 18:55:47:	13	count	time	20.000000s/cts	O Det=212	H Det=1888	Mon Det=45909	Aux Det=2037	O+H=4137	 DONE
02/10/2025 18:56:08:	move motor	S18.axis2.phaseshifter 1 to -1.677965deg	 DONE
02/10/2025 18:56:10:	14	count	time	20.000000s/cts	O Det=345	H Det=1799	Mon Det=45857	Aux Det=2012	O+H=4156	 DONE
02/10/2025 18:56:32:	move motor	S18.axis2.phaseshifter 1 to -1.576270deg	 DONE
02/10/2025 18:56:33:	15	count	time	20.000000s/cts	O Det=681	H Det=1488	Mon Det=45831	Aux Det=1963	O+H=4132	 DONE
02/10/2025 18:56:55:	move motor	S18.axis2.phaseshifter 1 to -1.474575deg	 DONE
02/10/2025 18:56:56:	16	count	time	20.000000s/cts	O Det=1031	H Det=1148	Mon Det=45919	Aux Det=1996	O+H=4175	 DONE
02/10/2025 18:57:18:	move motor	S18.axis2.phaseshifter 1 to -1.372880deg	 DONE
02/10/2025 18:57:20:	17	count	time	20.000000s/cts	O Det=1381	H Det=835	Mon Det=45313	Aux Det=1917	O+H=4133	 DONE
02/10/2025 18:57:41:	move motor	S18.axis2.phaseshifter 1 to -1.271185deg	 DONE
02/10/2025 18:57:43:	18	count	time	20.000000s/cts	O Det=1527	H Det=733	Mon Det=45704	Aux Det=1945	O+H=4205	 DONE
02/10/2025 18:58:04:	move motor	S18.axis2.phaseshifter 1 to -1.169490deg	 DONE
02/10/2025 18:58:06:	19	count	time	20.000000s/cts	O Det=1350	H Det=863	Mon Det=45799	Aux Det=2075	O+H=4288	 DONE
02/10/2025 18:58:28:	move motor	S18.axis2.phaseshifter 1 to -1.067795deg	 DONE
02/10/2025 18:58:29:	20	count	time	20.000000s/cts	O Det=1073	H Det=1092	Mon Det=45722	Aux Det=1923	O+H=4088	 DONE
02/10/2025 18:58:51:	move motor	S18.axis2.phaseshifter 1 to -0.966100deg	 DONE
02/10/2025 18:58:52:	21	count	time	20.000000s/cts	O Det=689	H Det=1370	Mon Det=45712	Aux Det=1998	O+H=4057	 DONE
02/10/2025 18:59:14:	move motor	S18.axis2.phaseshifter 1 to -0.864405deg	 DONE
02/10/2025 18:59:16:	22	count	time	20.000000s/cts	O Det=387	H Det=1777	Mon Det=45806	Aux Det=1949	O+H=4113	 DONE
02/10/2025 18:59:37:	move motor	S18.axis2.phaseshifter 1 to -0.762710deg	 DONE
02/10/2025 18:59:39:	23	count	time	20.000000s/cts	O Det=238	H Det=1881	Mon Det=45942	Aux Det=1977	O+H=4096	 DONE
02/10/2025 19:00:00:	move motor	S18.axis2.phaseshifter 1 to -0.661015deg	 DONE
02/10/2025 19:00:02:	24	count	time	20.000000s/cts	O Det=359	H Det=1752	Mon Det=45510	Aux Det=1990	O+H=4101	 DONE
02/10/2025 19:00:24:	move motor	S18.axis2.phaseshifter 1 to -0.559320deg	 DONE
02/10/2025 19:00:25:	25	count	time	20.000000s/cts	O Det=597	H Det=1567	Mon Det=45694	Aux Det=1892	O+H=4056	 DONE
02/10/2025 19:00:47:	move motor	S18.axis2.phaseshifter 1 to -0.457625deg	 DONE
02/10/2025 19:00:49:	26	count	time	20.000000s/cts	O Det=997	H Det=1140	Mon Det=45681	Aux Det=1940	O+H=4077	 DONE
02/10/2025 19:01:10:	move motor	S18.axis2.phaseshifter 1 to -0.355930deg	 DONE
02/10/2025 19:01:12:	27	count	time	20.000000s/cts	O Det=1372	H Det=842	Mon Det=45895	Aux Det=1969	O+H=4183	 DONE
02/10/2025 19:01:33:	move motor	S18.axis2.phaseshifter 1 to -0.254235deg	 DONE
02/10/2025 19:01:35:	28	count	time	20.000000s/cts	O Det=1491	H Det=737	Mon Det=45322	Aux Det=1956	O+H=4184	 DONE
02/10/2025 19:01:57:	move motor	S18.axis2.phaseshifter 1 to -0.152540deg	 DONE
02/10/2025 19:01:58:	29	count	time	20.000000s/cts	O Det=1387	H Det=798	Mon Det=45640	Aux Det=1961	O+H=4146	 DONE
02/10/2025 19:02:20:	move motor	S18.axis2.phaseshifter 1 to -0.050845deg	 DONE
02/10/2025 19:02:21:	30	count	time	20.000000s/cts	O Det=1177	H Det=1062	Mon Det=46252	Aux Det=2041	O+H=4280	 DONE
02/10/2025 19:02:43:	move motor	S18.axis2.phaseshifter 1 to 0.050850deg	 DONE
02/10/2025 19:02:45:	31	count	time	20.000000s/cts	O Det=738	H Det=1390	Mon Det=45937	Aux Det=2009	O+H=4137	 DONE
02/10/2025 19:03:06:	move motor	S18.axis2.phaseshifter 1 to 0.152545deg	 DONE
02/10/2025 19:03:08:	32	count	time	20.000000s/cts	O Det=360	H Det=1818	Mon Det=45437	Aux Det=1982	O+H=4160	 DONE
02/10/2025 19:03:29:	move motor	S18.axis2.phaseshifter 1 to 0.254240deg	 DONE
02/10/2025 19:03:31:	33	count	time	20.000000s/cts	O Det=213	H Det=1885	Mon Det=45914	Aux Det=2071	O+H=4169	 DONE
02/10/2025 19:03:53:	move motor	S18.axis2.phaseshifter 1 to 0.355935deg	 DONE
02/10/2025 19:03:54:	34	count	time	20.000000s/cts	O Det=254	H Det=1950	Mon Det=45901	Aux Det=1963	O+H=4167	 DONE
02/10/2025 19:04:16:	move motor	S18.axis2.phaseshifter 1 to 0.457630deg	 DONE
02/10/2025 19:04:18:	35	count	time	20.000000s/cts	O Det=489	H Det=1591	Mon Det=45835	Aux Det=2042	O+H=4122	 DONE
02/10/2025 19:04:39:	move motor	S18.axis2.phaseshifter 1 to 0.559325deg	 DONE
02/10/2025 19:04:41:	36	count	time	20.000000s/cts	O Det=875	H Det=1292	Mon Det=45923	Aux Det=2004	O+H=4171	 DONE
02/10/2025 19:05:02:	move motor	S18.axis2.phaseshifter 1 to 0.661020deg	 DONE
02/10/2025 19:05:04:	37	count	time	20.000000s/cts	O Det=1299	H Det=940	Mon Det=46118	Aux Det=1934	O+H=4173	 DONE
02/10/2025 19:05:26:	move motor	S18.axis2.phaseshifter 1 to 0.762715deg	 DONE
02/10/2025 19:05:27:	38	count	time	20.000000s/cts	O Det=1536	H Det=756	Mon Det=45777	Aux Det=1906	O+H=4198	 DONE
02/10/2025 19:05:49:	move motor	S18.axis2.phaseshifter 1 to 0.864410deg	 DONE
02/10/2025 19:05:50:	39	count	time	20.000000s/cts	O Det=1460	H Det=812	Mon Det=45731	Aux Det=2010	O+H=4282	 DONE
02/10/2025 19:06:12:	move motor	S18.axis2.phaseshifter 1 to 0.966105deg	 DONE
02/10/2025 19:06:14:	40	count	time	20.000000s/cts	O Det=1220	H Det=1049	Mon Det=46130	Aux Det=2036	O+H=4305	 DONE
02/10/2025 19:06:35:	move motor	S18.axis2.phaseshifter 1 to 1.067800deg	 DONE
02/10/2025 19:06:37:	41	count	time	20.000000s/cts	O Det=763	H Det=1420	Mon Det=45820	Aux Det=1899	O+H=4082	 DONE
02/10/2025 19:06:58:	move motor	S18.axis2.phaseshifter 1 to 1.169495deg	 DONE
02/10/2025 19:07:00:	42	count	time	20.000000s/cts	O Det=485	H Det=1620	Mon Det=45676	Aux Det=1923	O+H=4028	 DONE
02/10/2025 19:07:22:	move motor	S18.axis2.phaseshifter 1 to 1.271190deg	 DONE
02/10/2025 19:07:23:	43	count	time	20.000000s/cts	O Det=218	H Det=1886	Mon Det=45649	Aux Det=1962	O+H=4066	 DONE
02/10/2025 19:07:45:	move motor	S18.axis2.phaseshifter 1 to 1.372885deg	 DONE
02/10/2025 19:07:46:	44	count	time	20.000000s/cts	O Det=291	H Det=1887	Mon Det=46178	Aux Det=2062	O+H=4240	 DONE
02/10/2025 19:08:08:	move motor	S18.axis2.phaseshifter 1 to 1.474580deg	 DONE
02/10/2025 19:08:10:	45	count	time	20.000000s/cts	O Det=495	H Det=1711	Mon Det=45587	Aux Det=1982	O+H=4188	 DONE
02/10/2025 19:08:31:	move motor	S18.axis2.phaseshifter 1 to 1.576275deg	 DONE
02/10/2025 19:08:33:	46	count	time	20.000000s/cts	O Det=794	H Det=1381	Mon Det=46026	Aux Det=2007	O+H=4182	 DONE
02/10/2025 19:08:54:	move motor	S18.axis2.phaseshifter 1 to 1.677970deg	 DONE
02/10/2025 19:08:56:	47	count	time	20.000000s/cts	O Det=1168	H Det=995	Mon Det=45642	Aux Det=2057	O+H=4220	 DONE
02/10/2025 19:09:18:	move motor	S18.axis2.phaseshifter 1 to 1.779665deg	 DONE
02/10/2025 19:09:19:	48	count	time	20.000000s/cts	O Det=1455	H Det=757	Mon Det=46128	Aux Det=2008	O+H=4220	 DONE
02/10/2025 19:09:41:	move motor	S18.axis2.phaseshifter 1 to 1.881360deg	 DONE
02/10/2025 19:09:42:	49	count	time	20.000000s/cts	O Det=1497	H Det=773	Mon Det=45585	Aux Det=2022	O+H=4292	 DONE
02/10/2025 19:10:04:	move motor	S18.axis2.phaseshifter 1 to 1.983055deg	 DONE
02/10/2025 19:10:06:	50	count	time	20.000000s/cts	O Det=1283	H Det=923	Mon Det=46034	Aux Det=2004	O+H=4210	 DONE
02/10/2025 19:10:27:	move motor	S18.axis2.phaseshifter 1 to 2.084750deg	 DONE
02/10/2025 19:10:29:	51	count	time	20.000000s/cts	O Det=834	H Det=1268	Mon Det=46119	Aux Det=1960	O+H=4062	 DONE
02/10/2025 19:10:50:	move motor	S18.axis2.phaseshifter 1 to 2.186445deg	 DONE
02/10/2025 19:10:52:	52	count	time	20.000000s/cts	O Det=434	H Det=1766	Mon Det=46066	Aux Det=1963	O+H=4163	 DONE
02/10/2025 19:11:14:	move motor	S18.axis2.phaseshifter 1 to 2.288140deg	 DONE
02/10/2025 19:11:15:	53	count	time	20.000000s/cts	O Det=272	H Det=1856	Mon Det=46107	Aux Det=1943	O+H=4071	 DONE
02/10/2025 19:11:37:	move motor	S18.axis2.phaseshifter 1 to 2.389835deg	 DONE
02/10/2025 19:11:38:	54	count	time	20.000000s/cts	O Det=283	H Det=1880	Mon Det=46022	Aux Det=1929	O+H=4092	 DONE
02/10/2025 19:12:00:	move motor	S18.axis2.phaseshifter 1 to 2.491530deg	 DONE
02/10/2025 19:12:02:	55	count	time	20.000000s/cts	O Det=430	H Det=1686	Mon Det=46238	Aux Det=2025	O+H=4141	 DONE
02/10/2025 19:12:23:	move motor	S18.axis2.phaseshifter 1 to 2.593225deg	 DONE
02/10/2025 19:12:25:	56	count	time	20.000000s/cts	O Det=810	H Det=1337	Mon Det=46031	Aux Det=1960	O+H=4107	 DONE
02/10/2025 19:12:46:	move motor	S18.axis2.phaseshifter 1 to 2.694920deg	 DONE
02/10/2025 19:12:48:	57	count	time	20.000000s/cts	O Det=1060	H Det=1039	Mon Det=46299	Aux Det=1945	O+H=4044	 DONE
02/10/2025 19:13:10:	move motor	S18.axis2.phaseshifter 1 to 2.796615deg	 DONE
02/10/2025 19:13:11:	58	count	time	20.000000s/cts	O Det=1407	H Det=803	Mon Det=45675	Aux Det=1964	O+H=4174	 DONE
02/10/2025 19:13:33:	move motor	S18.axis2.phaseshifter 1 to 2.898310deg	 DONE
02/10/2025 19:13:34:	59	count	time	20.000000s/cts	O Det=1390	H Det=761	Mon Det=46024	Aux Det=1996	O+H=4147	 DONE
02/10/2025 19:13:56:	move motor	S18.axis2.phaseshifter 1 to 3.000005deg	 DONE
02/10/2025 19:13:58:	60	count	time	20.000000s/cts	O Det=1230	H Det=917	Mon Det=45715	Aux Det=1945	O+H=4092	 DONE
02/10/2025 19:14:19:	close file and end scan	 DONE
02/10/2025 19:14:20:	END OF SCRIPT	 DONE
