15/10/2025 14:09:51:	start execution of script D:\data\Cycle 198\exp_3-16-19\rawdata\sc\ifg1r_newPS_2p30s.sc	 DONE
15/10/2025 14:09:51:	create file	D:\data\Cycle 198\exp_3-16-19\rawdata\sc\ifg1r_newPS_2p30s_15Oct1409.dat	 DONE
room to enter remarks DONE
15/10/2025 14:09:52:	MOVE MOTOR REL	S18.axis2.phaseshifter 1	deg	0.0	FALSE DONE
15/10/2025 14:09:55:	1	count	time	15.0s/cts	O Det=2753	H Det=1389	Mon Det=35877	Aux Det=2760	O+H=6902	 DONE
15/10/2025 14:10:12:	MOVE MOTOR REL	S18.axis2.phaseshifter 1	deg	0.07	FALSE DONE
15/10/2025 14:10:16:	2	count	time	15.0s/cts	O Det=2695	H Det=1139	Mon Det=35784	Aux Det=3265	O+H=7099	 DONE
15/10/2025 14:10:32:	MOVE MOTOR REL	S18.axis2.phaseshifter 1	deg	0.07	FALSE DONE
15/10/2025 14:10:36:	3	count	time	15.0s/cts	O Det=2484	H Det=1014	Mon Det=35746	Aux Det=4003	O+H=7501	 DONE
15/10/2025 14:10:52:	MOVE MOTOR REL	S18.axis2.phaseshifter 1	deg	0.07	FALSE DONE
15/10/2025 14:10:56:	4	count	time	15.0s/cts	O Det=2146	H Det=910	Mon Det=35535	Aux Det=4854	O+H=7910	 DONE
15/10/2025 14:11:13:	MOVE MOTOR REL	S18.axis2.phaseshifter 1	deg	0.07	FALSE DONE
15/10/2025 14:11:16:	5	count	time	15.0s/cts	O Det=1643	H Det=846	Mon Det=35711	Aux Det=5521	O+H=8010	 DONE
15/10/2025 14:11:33:	MOVE MOTOR REL	S18.axis2.phaseshifter 1	deg	0.07	FALSE DONE
15/10/2025 14:11:36:	6	count	time	15.0s/cts	O Det=1134	H Det=929	Mon Det=35843	Aux Det=6019	O+H=8082	 DONE
15/10/2025 14:11:53:	MOVE MOTOR REL	S18.axis2.phaseshifter 1	deg	0.07	FALSE DONE
15/10/2025 14:11:57:	7	count	time	15.0s/cts	O Det=875	H Det=1132	Mon Det=35995	Aux Det=6423	O+H=8430	 DONE
15/10/2025 14:12:13:	MOVE MOTOR REL	S18.axis2.phaseshifter 1	deg	0.07	FALSE DONE
15/10/2025 14:12:17:	8	count	time	15.0s/cts	O Det=718	H Det=1287	Mon Det=35810	Aux Det=6425	O+H=8430	 DONE
15/10/2025 14:12:33:	MOVE MOTOR REL	S18.axis2.phaseshifter 1	deg	0.07	FALSE DONE
15/10/2025 14:12:37:	9	count	time	15.0s/cts	O Det=651	H Det=1530	Mon Det=35535	Aux Det=5897	O+H=8078	 DONE
15/10/2025 14:12:54:	MOVE MOTOR REL	S18.axis2.phaseshifter 1	deg	0.07	FALSE DONE
15/10/2025 14:12:57:	10	count	time	15.0s/cts	O Det=727	H Det=1607	Mon Det=35697	Aux Det=5463	O+H=7797	 DONE
15/10/2025 14:13:14:	MOVE MOTOR REL	S18.axis2.phaseshifter 1	deg	0.07	FALSE DONE
15/10/2025 14:13:17:	11	count	time	15.0s/cts	O Det=1062	H Det=1809	Mon Det=35762	Aux Det=4879	O+H=7750	 DONE
15/10/2025 14:13:34:	MOVE MOTOR REL	S18.axis2.phaseshifter 1	deg	0.07	FALSE DONE
15/10/2025 14:13:38:	12	count	time	15.0s/cts	O Det=1343	H Det=1898	Mon Det=35743	Aux Det=4081	O+H=7322	 DONE
15/10/2025 14:13:54:	MOVE MOTOR REL	S18.axis2.phaseshifter 1	deg	0.07	FALSE DONE
15/10/2025 14:13:58:	13	count	time	15.0s/cts	O Det=1880	H Det=1918	Mon Det=35499	Aux Det=3418	O+H=7216	 DONE
15/10/2025 14:14:14:	MOVE MOTOR REL	S18.axis2.phaseshifter 1	deg	0.07	FALSE DONE
15/10/2025 14:14:18:	14	count	time	15.0s/cts	O Det=2132	H Det=1835	Mon Det=35777	Aux Det=2898	O+H=6865	 DONE
15/10/2025 14:14:35:	MOVE MOTOR REL	S18.axis2.phaseshifter 1	deg	0.07	FALSE DONE
15/10/2025 14:14:38:	15	count	time	15.0s/cts	O Det=2548	H Det=1780	Mon Det=35619	Aux Det=2579	O+H=6907	 DONE
15/10/2025 14:14:55:	MOVE MOTOR REL	S18.axis2.phaseshifter 1	deg	0.07	FALSE DONE
15/10/2025 14:14:58:	16	count	time	15.0s/cts	O Det=2690	H Det=1596	Mon Det=35540	Aux Det=2581	O+H=6867	 DONE
15/10/2025 14:15:15:	MOVE MOTOR REL	S18.axis2.phaseshifter 1	deg	0.07	FALSE DONE
15/10/2025 14:15:19:	17	count	time	15.0s/cts	O Det=2666	H Det=1366	Mon Det=35729	Aux Det=2949	O+H=6981	 DONE
15/10/2025 14:15:35:	MOVE MOTOR REL	S18.axis2.phaseshifter 1	deg	0.07	FALSE DONE
15/10/2025 14:15:39:	18	count	time	15.0s/cts	O Det=2717	H Det=1209	Mon Det=35961	Aux Det=3269	O+H=7195	 DONE
15/10/2025 14:15:55:	MOVE MOTOR REL	S18.axis2.phaseshifter 1	deg	0.07	FALSE DONE
15/10/2025 14:15:59:	19	count	time	15.0s/cts	O Det=2423	H Det=1023	Mon Det=35422	Aux Det=3905	O+H=7351	 DONE
15/10/2025 14:16:16:	MOVE MOTOR REL	S18.axis2.phaseshifter 1	deg	0.07	FALSE DONE
15/10/2025 14:16:19:	20	count	time	15.0s/cts	O Det=2206	H Det=909	Mon Det=35707	Aux Det=4641	O+H=7756	 DONE
15/10/2025 14:16:36:	MOVE MOTOR REL	S18.axis2.phaseshifter 1	deg	0.07	FALSE DONE
15/10/2025 14:16:39:	21	count	time	15.0s/cts	O Det=1793	H Det=868	Mon Det=35775	Aux Det=5265	O+H=7926	 DONE
15/10/2025 14:16:56:	MOVE MOTOR REL	S18.axis2.phaseshifter 1	deg	0.07	FALSE DONE
15/10/2025 14:17:00:	22	count	time	15.0s/cts	O Det=1344	H Det=918	Mon Det=35975	Aux Det=5918	O+H=8180	 DONE
15/10/2025 14:17:16:	MOVE MOTOR REL	S18.axis2.phaseshifter 1	deg	0.07	FALSE DONE
15/10/2025 14:17:20:	23	count	time	15.0s/cts	O Det=1036	H Det=1019	Mon Det=35784	Aux Det=6425	O+H=8480	 DONE
15/10/2025 14:17:36:	MOVE MOTOR REL	S18.axis2.phaseshifter 1	deg	0.07	FALSE DONE
15/10/2025 14:17:40:	24	count	time	15.0s/cts	O Det=775	H Det=1260	Mon Det=35632	Aux Det=6312	O+H=8347	 DONE
15/10/2025 14:17:57:	MOVE MOTOR REL	S18.axis2.phaseshifter 1	deg	0.07	FALSE DONE
15/10/2025 14:18:00:	25	count	time	15.0s/cts	O Det=686	H Det=1430	Mon Det=35569	Aux Det=6197	O+H=8313	 DONE
15/10/2025 14:18:17:	MOVE MOTOR REL	S18.axis2.phaseshifter 1	deg	0.07	FALSE DONE
15/10/2025 14:18:20:	26	count	time	15.0s/cts	O Det=622	H Det=1638	Mon Det=35756	Aux Det=5899	O+H=8159	 DONE
15/10/2025 14:18:37:	MOVE MOTOR REL	S18.axis2.phaseshifter 1	deg	0.07	FALSE DONE
15/10/2025 14:18:41:	27	count	time	15.0s/cts	O Det=924	H Det=1817	Mon Det=35553	Aux Det=4929	O+H=7670	 DONE
15/10/2025 14:18:57:	MOVE MOTOR REL	S18.axis2.phaseshifter 1	deg	0.07	FALSE DONE
15/10/2025 14:19:01:	28	count	time	15.0s/cts	O Det=1411	H Det=1977	Mon Det=36003	Aux Det=4056	O+H=7444	 DONE
15/10/2025 14:19:17:	MOVE MOTOR REL	S18.axis2.phaseshifter 1	deg	0.07	FALSE DONE
15/10/2025 14:19:21:	29	count	time	15.0s/cts	O Det=1717	H Det=1931	Mon Det=35971	Aux Det=3541	O+H=7189	 DONE
15/10/2025 14:19:38:	MOVE MOTOR REL	S18.axis2.phaseshifter 1	deg	0.07	FALSE DONE
15/10/2025 14:19:41:	30	count	time	15.0s/cts	O Det=2250	H Det=1863	Mon Det=35799	Aux Det=2759	O+H=6872	 DONE
15/10/2025 14:19:58:	NO ACTION	 DONE
15/10/2025 14:19:58:	close file and end scan	 DONE
15/10/2025 14:19:59:	END OF SCRIPT	 DONE
