16/10/2025 19:37:53:	start execution of script D:\data\Cycle 198\exp_3-16-19\rawdata\sc\ifg12r_newPS_2p30s_AP.sc	 DONE
16/10/2025 19:37:53:	create file	D:\data\Cycle 198\exp_3-16-19\rawdata\sc\ifg12r_newPS_2p30s_AP_16Oct1937.dat	 DONE
room to enter remarks DONE
16/10/2025 19:37:54:	MOVE MOTOR REL	S18.axis2.phaseshifter both	deg	0.0	FALSE DONE
16/10/2025 19:37:58:	1	count	time	30.0s/cts	O Det=2216	H Det=1823	Mon Det=71867	Aux Det=11728	O+H=15767	 DONE
16/10/2025 19:38:30:	MOVE MOTOR REL	S18.axis2.phaseshifter both	deg	0.07	FALSE DONE
16/10/2025 19:38:34:	2	count	time	30.0s/cts	O Det=2749	H Det=1839	Mon Det=71687	Aux Det=10971	O+H=15559	 DONE
16/10/2025 19:39:06:	MOVE MOTOR REL	S18.axis2.phaseshifter both	deg	0.07	FALSE DONE
16/10/2025 19:39:11:	3	count	time	30.0s/cts	O Det=3551	H Det=1981	Mon Det=71479	Aux Det=9482	O+H=15014	 DONE
16/10/2025 19:39:42:	MOVE MOTOR REL	S18.axis2.phaseshifter both	deg	0.07	FALSE DONE
16/10/2025 19:39:47:	4	count	time	30.0s/cts	O Det=4063	H Det=2336	Mon Det=71827	Aux Det=8055	O+H=14454	 DONE
16/10/2025 19:40:19:	MOVE MOTOR REL	S18.axis2.phaseshifter both	deg	0.07	FALSE DONE
16/10/2025 19:40:23:	5	count	time	30.0s/cts	O Det=4240	H Det=2834	Mon Det=71791	Aux Det=6729	O+H=13803	 DONE
16/10/2025 19:40:55:	MOVE MOTOR REL	S18.axis2.phaseshifter both	deg	0.07	FALSE DONE
16/10/2025 19:40:59:	6	count	time	30.0s/cts	O Det=4367	H Det=3302	Mon Det=71495	Aux Det=5554	O+H=13223	 DONE
16/10/2025 19:41:31:	MOVE MOTOR REL	S18.axis2.phaseshifter both	deg	0.07	FALSE DONE
16/10/2025 19:41:35:	7	count	time	30.0s/cts	O Det=4254	H Det=3738	Mon Det=71551	Aux Det=4910	O+H=12902	 DONE
16/10/2025 19:42:07:	MOVE MOTOR REL	S18.axis2.phaseshifter both	deg	0.07	FALSE DONE
16/10/2025 19:42:12:	8	count	time	30.0s/cts	O Det=4097	H Det=3971	Mon Det=71365	Aux Det=4709	O+H=12777	 DONE
16/10/2025 19:42:43:	MOVE MOTOR REL	S18.axis2.phaseshifter both	deg	0.07	FALSE DONE
16/10/2025 19:42:48:	9	count	time	30.0s/cts	O Det=3502	H Det=4150	Mon Det=71620	Aux Det=5496	O+H=13148	 DONE
16/10/2025 19:43:20:	MOVE MOTOR REL	S18.axis2.phaseshifter both	deg	0.07	FALSE DONE
16/10/2025 19:43:24:	10	count	time	30.0s/cts	O Det=2575	H Det=4526	Mon Det=71902	Aux Det=6107	O+H=13208	 DONE
16/10/2025 19:43:56:	MOVE MOTOR REL	S18.axis2.phaseshifter both	deg	0.07	FALSE DONE
16/10/2025 19:44:00:	11	count	time	30.0s/cts	O Det=1788	H Det=4396	Mon Det=71982	Aux Det=7560	O+H=13744	 DONE
16/10/2025 19:44:32:	MOVE MOTOR REL	S18.axis2.phaseshifter both	deg	0.07	FALSE DONE
16/10/2025 19:44:36:	12	count	time	30.0s/cts	O Det=1315	H Det=4114	Mon Det=71783	Aux Det=9068	O+H=14497	 DONE
16/10/2025 19:45:08:	MOVE MOTOR REL	S18.axis2.phaseshifter both	deg	0.07	FALSE DONE
16/10/2025 19:45:13:	13	count	time	30.0s/cts	O Det=866	H Det=3559	Mon Det=71789	Aux Det=10600	O+H=15025	 DONE
16/10/2025 19:45:44:	MOVE MOTOR REL	S18.axis2.phaseshifter both	deg	0.07	FALSE DONE
16/10/2025 19:45:49:	14	count	time	30.0s/cts	O Det=892	H Det=3021	Mon Det=71561	Aux Det=11523	O+H=15436	 DONE
16/10/2025 19:46:21:	MOVE MOTOR REL	S18.axis2.phaseshifter both	deg	0.07	FALSE DONE
16/10/2025 19:46:25:	15	count	time	30.0s/cts	O Det=1140	H Det=2621	Mon Det=71694	Aux Det=12335	O+H=16096	 DONE
16/10/2025 19:46:57:	MOVE MOTOR REL	S18.axis2.phaseshifter both	deg	0.07	FALSE DONE
16/10/2025 19:47:01:	16	count	time	30.0s/cts	O Det=1507	H Det=2097	Mon Det=71970	Aux Det=12197	O+H=15801	 DONE
16/10/2025 19:47:33:	MOVE MOTOR REL	S18.axis2.phaseshifter both	deg	0.07	FALSE DONE
16/10/2025 19:47:38:	17	count	time	30.0s/cts	O Det=2172	H Det=1884	Mon Det=71709	Aux Det=11789	O+H=15845	 DONE
16/10/2025 19:48:09:	MOVE MOTOR REL	S18.axis2.phaseshifter both	deg	0.07	FALSE DONE
16/10/2025 19:48:14:	18	count	time	30.0s/cts	O Det=2870	H Det=1754	Mon Det=71664	Aux Det=10902	O+H=15526	 DONE
16/10/2025 19:48:46:	MOVE MOTOR REL	S18.axis2.phaseshifter both	deg	0.07	FALSE DONE
16/10/2025 19:48:50:	19	count	time	30.0s/cts	O Det=3443	H Det=1989	Mon Det=71654	Aux Det=9653	O+H=15085	 DONE
16/10/2025 19:49:22:	MOVE MOTOR REL	S18.axis2.phaseshifter both	deg	0.07	FALSE DONE
16/10/2025 19:49:26:	20	count	time	30.0s/cts	O Det=3722	H Det=2446	Mon Det=72018	Aux Det=8111	O+H=14279	 DONE
16/10/2025 19:49:58:	MOVE MOTOR REL	S18.axis2.phaseshifter both	deg	0.07	FALSE DONE
16/10/2025 19:50:02:	21	count	time	30.0s/cts	O Det=4081	H Det=2970	Mon Det=71824	Aux Det=6784	O+H=13835	 DONE
16/10/2025 19:50:34:	MOVE MOTOR REL	S18.axis2.phaseshifter both	deg	0.07	FALSE DONE
16/10/2025 19:50:39:	22	count	time	30.0s/cts	O Det=3718	H Det=3666	Mon Det=71701	Aux Det=5674	O+H=13058	 DONE
16/10/2025 19:51:10:	MOVE MOTOR REL	S18.axis2.phaseshifter both	deg	0.07	FALSE DONE
16/10/2025 19:51:15:	23	count	time	30.0s/cts	O Det=3563	H Det=4364	Mon Det=71610	Aux Det=4885	O+H=12812	 DONE
16/10/2025 19:51:47:	MOVE MOTOR REL	S18.axis2.phaseshifter both	deg	0.07	FALSE DONE
16/10/2025 19:51:51:	24	count	time	30.0s/cts	O Det=2976	H Det=4997	Mon Det=71804	Aux Det=4726	O+H=12699	 DONE
16/10/2025 19:52:23:	MOVE MOTOR REL	S18.axis2.phaseshifter both	deg	0.07	FALSE DONE
16/10/2025 19:52:27:	25	count	time	30.0s/cts	O Det=2498	H Det=5267	Mon Det=71692	Aux Det=5184	O+H=12949	 DONE
16/10/2025 19:52:59:	MOVE MOTOR REL	S18.axis2.phaseshifter both	deg	0.07	FALSE DONE
16/10/2025 19:53:03:	26	count	time	30.0s/cts	O Det=1700	H Det=5473	Mon Det=71721	Aux Det=6158	O+H=13331	 DONE
16/10/2025 19:53:35:	MOVE MOTOR REL	S18.axis2.phaseshifter both	deg	0.07	FALSE DONE
16/10/2025 19:53:40:	27	count	time	30.0s/cts	O Det=1246	H Det=4945	Mon Det=72156	Aux Det=7551	O+H=13742	 DONE
16/10/2025 19:54:11:	MOVE MOTOR REL	S18.axis2.phaseshifter both	deg	0.07	FALSE DONE
16/10/2025 19:54:16:	28	count	time	30.0s/cts	O Det=981	H Det=4392	Mon Det=72243	Aux Det=9209	O+H=14582	 DONE
16/10/2025 19:54:47:	MOVE MOTOR REL	S18.axis2.phaseshifter both	deg	0.07	FALSE DONE
16/10/2025 19:54:52:	29	count	time	30.0s/cts	O Det=779	H Det=3703	Mon Det=71874	Aux Det=10554	O+H=15036	 DONE
16/10/2025 19:55:24:	MOVE MOTOR REL	S18.axis2.phaseshifter both	deg	0.07	FALSE DONE
16/10/2025 19:55:28:	30	count	time	30.0s/cts	O Det=835	H Det=3097	Mon Det=71537	Aux Det=11725	O+H=15657	 DONE
16/10/2025 19:56:00:	MOVE MOTOR REL	S18.axis2.phaseshifter both	deg	0.07	FALSE DONE
16/10/2025 19:56:05:	31	count	time	30.0s/cts	O Det=1118	H Det=2529	Mon Det=72009	Aux Det=12398	O+H=16045	 DONE
16/10/2025 19:56:36:	MOVE MOTOR REL	S18.axis2.phaseshifter both	deg	0.07	FALSE DONE
16/10/2025 19:56:41:	32	count	time	30.0s/cts	O Det=1650	H Det=2123	Mon Det=71870	Aux Det=12283	O+H=16056	 DONE
16/10/2025 19:57:12:	NO ACTION	 DONE
16/10/2025 19:57:13:	close file and end scan	 DONE
16/10/2025 19:57:14:	END OF SCRIPT	 DONE
