08/10/2025 01:15:15:	start execution of script D:\data\Cycle 198\exp_3-16-19\rawdata\sc\ifg1R_newPS_2p30s_m90.sc	 DONE
08/10/2025 01:15:15:	create file	D:\data\Cycle 198\exp_3-16-19\rawdata\sc\ifg1R_newPS_2p30s_m90_08Oct0115.dat	 DONE
room to enter remarks DONE
08/10/2025 01:15:16:	MOVE MOTOR REL	S18.axis2.phaseshifter 1	deg	0.1	FALSE DONE
08/10/2025 01:15:20:	1	count	time	30.0s/cts	O Det=6604	H Det=2333	Mon Det=92278	Aux Det=6776	O+H=15713	 DONE
08/10/2025 01:15:52:	MOVE MOTOR REL	S18.axis2.phaseshifter 1	deg	0.1	FALSE DONE
08/10/2025 01:15:55:	2	count	time	30.0s/cts	O Det=7573	H Det=2363	Mon Det=91688	Aux Det=5385	O+H=15321	 DONE
08/10/2025 01:16:27:	MOVE MOTOR REL	S18.axis2.phaseshifter 1	deg	0.1	FALSE DONE
08/10/2025 01:16:30:	3	count	time	30.0s/cts	O Det=7744	H Det=2289	Mon Det=92703	Aux Det=5253	O+H=15286	 DONE
08/10/2025 01:17:02:	MOVE MOTOR REL	S18.axis2.phaseshifter 1	deg	0.1	FALSE DONE
08/10/2025 01:17:05:	4	count	time	30.0s/cts	O Det=7039	H Det=2405	Mon Det=92676	Aux Det=6041	O+H=15485	 DONE
08/10/2025 01:17:37:	MOVE MOTOR REL	S18.axis2.phaseshifter 1	deg	0.1	FALSE DONE
08/10/2025 01:17:41:	5	count	time	30.0s/cts	O Det=5488	H Det=2537	Mon Det=91804	Aux Det=8469	O+H=16494	 DONE
08/10/2025 01:18:12:	MOVE MOTOR REL	S18.axis2.phaseshifter 1	deg	0.1	FALSE DONE
08/10/2025 01:18:16:	6	count	time	30.0s/cts	O Det=3807	H Det=2565	Mon Det=92812	Aux Det=10821	O+H=17193	 DONE
08/10/2025 01:18:47:	MOVE MOTOR REL	S18.axis2.phaseshifter 1	deg	0.1	FALSE DONE
08/10/2025 01:18:51:	7	count	time	30.0s/cts	O Det=2263	H Det=2614	Mon Det=92293	Aux Det=12953	O+H=17830	 DONE
08/10/2025 01:19:23:	MOVE MOTOR REL	S18.axis2.phaseshifter 1	deg	0.1	FALSE DONE
08/10/2025 01:19:26:	8	count	time	30.0s/cts	O Det=1681	H Det=2557	Mon Det=92230	Aux Det=14091	O+H=18329	 DONE
08/10/2025 01:19:58:	MOVE MOTOR REL	S18.axis2.phaseshifter 1	deg	0.1	FALSE DONE
08/10/2025 01:20:01:	9	count	time	30.0s/cts	O Det=2088	H Det=2563	Mon Det=92065	Aux Det=13284	O+H=17935	 DONE
08/10/2025 01:20:33:	MOVE MOTOR REL	S18.axis2.phaseshifter 1	deg	0.1	FALSE DONE
08/10/2025 01:20:36:	10	count	time	30.0s/cts	O Det=3453	H Det=2422	Mon Det=92039	Aux Det=11523	O+H=17398	 DONE
08/10/2025 01:21:08:	MOVE MOTOR REL	S18.axis2.phaseshifter 1	deg	0.1	FALSE DONE
08/10/2025 01:21:12:	11	count	time	30.0s/cts	O Det=5127	H Det=2523	Mon Det=92240	Aux Det=9026	O+H=16676	 DONE
08/10/2025 01:21:43:	MOVE MOTOR REL	S18.axis2.phaseshifter 1	deg	0.1	FALSE DONE
08/10/2025 01:21:47:	12	count	time	30.0s/cts	O Det=6492	H Det=2362	Mon Det=91878	Aux Det=7012	O+H=15866	 DONE
08/10/2025 01:22:18:	MOVE MOTOR REL	S18.axis2.phaseshifter 1	deg	0.1	FALSE DONE
08/10/2025 01:22:22:	13	count	time	30.0s/cts	O Det=7640	H Det=2348	Mon Det=92304	Aux Det=5531	O+H=15519	 DONE
08/10/2025 01:22:54:	MOVE MOTOR REL	S18.axis2.phaseshifter 1	deg	0.1	FALSE DONE
08/10/2025 01:22:57:	14	count	time	30.0s/cts	O Det=7660	H Det=2315	Mon Det=91627	Aux Det=5312	O+H=15287	 DONE
08/10/2025 01:23:29:	MOVE MOTOR REL	S18.axis2.phaseshifter 1	deg	0.1	FALSE DONE
08/10/2025 01:23:32:	15	count	time	30.0s/cts	O Det=6692	H Det=2351	Mon Det=92664	Aux Det=6808	O+H=15851	 DONE
08/10/2025 01:24:04:	MOVE MOTOR REL	S18.axis2.phaseshifter 1	deg	0.1	FALSE DONE
08/10/2025 01:24:08:	16	count	time	30.0s/cts	O Det=4771	H Det=2424	Mon Det=91999	Aux Det=9595	O+H=16790	 DONE
08/10/2025 01:24:39:	MOVE MOTOR REL	S18.axis2.phaseshifter 1	deg	0.1	FALSE DONE
08/10/2025 01:24:43:	17	count	time	30.0s/cts	O Det=3195	H Det=2593	Mon Det=92404	Aux Det=11919	O+H=17707	 DONE
08/10/2025 01:25:14:	MOVE MOTOR REL	S18.axis2.phaseshifter 1	deg	0.1	FALSE DONE
08/10/2025 01:25:18:	18	count	time	30.0s/cts	O Det=2177	H Det=2528	Mon Det=92000	Aux Det=13182	O+H=17887	 DONE
08/10/2025 01:25:50:	MOVE MOTOR REL	S18.axis2.phaseshifter 1	deg	0.1	FALSE DONE
08/10/2025 01:25:53:	19	count	time	30.0s/cts	O Det=1693	H Det=2556	Mon Det=92118	Aux Det=13786	O+H=18035	 DONE
08/10/2025 01:26:25:	MOVE MOTOR REL	S18.axis2.phaseshifter 1	deg	0.1	FALSE DONE
08/10/2025 01:26:28:	20	count	time	30.0s/cts	O Det=2241	H Det=2513	Mon Det=92244	Aux Det=12923	O+H=17677	 DONE
08/10/2025 01:27:00:	MOVE MOTOR REL	S18.axis2.phaseshifter 1	deg	0.1	FALSE DONE
08/10/2025 01:27:04:	21	count	time	30.0s/cts	O Det=3515	H Det=2478	Mon Det=92065	Aux Det=11195	O+H=17188	 DONE
08/10/2025 01:27:35:	MOVE MOTOR REL	S18.axis2.phaseshifter 1	deg	0.1	FALSE DONE
08/10/2025 01:27:39:	22	count	time	30.0s/cts	O Det=5303	H Det=2433	Mon Det=91886	Aux Det=8514	O+H=16250	 DONE
08/10/2025 01:28:10:	close file and end scan	 DONE
call of ifg1r_newPS_2p30s.sc DONE
08/10/2025 01:28:12:	move motor	S18.axis2.phaseshifter 1 to fit O COS90	2.168306reached 2.17529  DONE
08/10/2025 01:28:14:	END OF SCRIPT	 DONE
