05/10/2025 20:36:19:	start execution of script D:\data\Cycle 198\exp_3-16-19\rawdata\sc\ifg1_newPS_2p30s_B3.sc	 DONE
05/10/2025 20:36:20:	move motor	S18.axis2.phaseshifter 1 to -1.100000deg	 DONE
05/10/2025 20:36:22:	create file	D:\data\Cycle 198\exp_3-16-19\rawdata\sc\ifg1_newPS_2p30s_B3_05Oct2036.dat	 DONE
room to enter remarks DONE
05/10/2025 20:36:23:	move motor	S18.axis2.phaseshifter 1 to -1.000000deg	 DONE
05/10/2025 20:36:25:	1	count	time	30.000000s/cts	O Det=1807	H Det=1496	Mon Det=70050	Aux Det=6589	O+H=9892	 DONE
05/10/2025 20:36:56:	move motor	S18.axis2.phaseshifter 1 to -0.931034deg	 DONE
05/10/2025 20:36:58:	2	count	time	30.000000s/cts	O Det=2369	H Det=2076	Mon Det=69653	Aux Det=5158	O+H=9603	 DONE
05/10/2025 20:37:29:	move motor	S18.axis2.phaseshifter 1 to -0.862068deg	 DONE
05/10/2025 20:37:31:	3	count	time	30.000000s/cts	O Det=2684	H Det=2332	Mon Det=69805	Aux Det=4277	O+H=9293	 DONE
05/10/2025 20:38:03:	move motor	S18.axis2.phaseshifter 1 to -0.793102deg	 DONE
05/10/2025 20:38:04:	4	count	time	30.000000s/cts	O Det=2840	H Det=2501	Mon Det=69890	Aux Det=3912	O+H=9253	 DONE
05/10/2025 20:38:36:	move motor	S18.axis2.phaseshifter 1 to -0.724136deg	 DONE
05/10/2025 20:38:38:	5	count	time	30.000000s/cts	O Det=2967	H Det=2337	Mon Det=69835	Aux Det=3882	O+H=9186	 DONE
05/10/2025 20:39:09:	move motor	S18.axis2.phaseshifter 1 to -0.655170deg	 DONE
05/10/2025 20:39:11:	6	count	time	30.000000s/cts	O Det=2663	H Det=2265	Mon Det=70329	Aux Det=4150	O+H=9078	 DONE
05/10/2025 20:39:42:	move motor	S18.axis2.phaseshifter 1 to -0.586204deg	 DONE
05/10/2025 20:39:44:	7	count	time	30.000000s/cts	O Det=2487	H Det=2105	Mon Det=69756	Aux Det=4863	O+H=9455	 DONE
05/10/2025 20:40:16:	move motor	S18.axis2.phaseshifter 1 to -0.517238deg	 DONE
05/10/2025 20:40:17:	8	count	time	30.000000s/cts	O Det=1998	H Det=1778	Mon Det=70076	Aux Det=6084	O+H=9860	 DONE
05/10/2025 20:40:49:	move motor	S18.axis2.phaseshifter 1 to -0.448272deg	 DONE
05/10/2025 20:40:50:	9	count	time	30.000000s/cts	O Det=1372	H Det=1239	Mon Det=69500	Aux Det=7644	O+H=10255	 DONE
05/10/2025 20:41:22:	move motor	S18.axis2.phaseshifter 1 to -0.379306deg	 DONE
05/10/2025 20:41:24:	10	count	time	30.000000s/cts	O Det=1075	H Det=880	Mon Det=70025	Aux Det=8645	O+H=10600	 DONE
05/10/2025 20:41:55:	move motor	S18.axis2.phaseshifter 1 to -0.310340deg	 DONE
05/10/2025 20:41:57:	11	count	time	30.000000s/cts	O Det=705	H Det=654	Mon Det=70044	Aux Det=9463	O+H=10822	 DONE
05/10/2025 20:42:29:	move motor	S18.axis2.phaseshifter 1 to -0.241374deg	 DONE
05/10/2025 20:42:30:	12	count	time	30.000000s/cts	O Det=596	H Det=556	Mon Det=69888	Aux Det=9734	O+H=10886	 DONE
05/10/2025 20:43:02:	move motor	S18.axis2.phaseshifter 1 to -0.172408deg	 DONE
05/10/2025 20:43:03:	13	count	time	30.000000s/cts	O Det=695	H Det=573	Mon Det=70254	Aux Det=9511	O+H=10779	 DONE
05/10/2025 20:43:35:	move motor	S18.axis2.phaseshifter 1 to -0.103442deg	 DONE
05/10/2025 20:43:37:	14	count	time	30.000000s/cts	O Det=1026	H Det=844	Mon Det=69665	Aux Det=8514	O+H=10384	 DONE
05/10/2025 20:44:08:	move motor	S18.axis2.phaseshifter 1 to -0.034476deg	 DONE
05/10/2025 20:44:10:	15	count	time	30.000000s/cts	O Det=1479	H Det=1204	Mon Det=69697	Aux Det=7478	O+H=10161	 DONE
05/10/2025 20:44:42:	move motor	S18.axis2.phaseshifter 1 to 0.034490deg	 DONE
05/10/2025 20:44:43:	16	count	time	30.000000s/cts	O Det=1797	H Det=1427	Mon Det=69383	Aux Det=6640	O+H=9864	 DONE
05/10/2025 20:45:15:	move motor	S18.axis2.phaseshifter 1 to 0.103456deg	 DONE
05/10/2025 20:45:16:	17	count	time	30.000000s/cts	O Det=2094	H Det=1645	Mon Det=69848	Aux Det=5949	O+H=9688	 DONE
05/10/2025 20:45:48:	move motor	S18.axis2.phaseshifter 1 to 0.172422deg	 DONE
05/10/2025 20:45:50:	18	count	time	30.000000s/cts	O Det=2534	H Det=2094	Mon Det=69350	Aux Det=4539	O+H=9167	 DONE
05/10/2025 20:46:21:	move motor	S18.axis2.phaseshifter 1 to 0.241388deg	 DONE
05/10/2025 20:46:23:	19	count	time	30.000000s/cts	O Det=2772	H Det=2415	Mon Det=69781	Aux Det=3894	O+H=9081	 DONE
05/10/2025 20:46:55:	move motor	S18.axis2.phaseshifter 1 to 0.310354deg	 DONE
05/10/2025 20:46:56:	20	count	time	30.000000s/cts	O Det=2842	H Det=2404	Mon Det=69427	Aux Det=3762	O+H=9008	 DONE
05/10/2025 20:47:28:	move motor	S18.axis2.phaseshifter 1 to 0.379320deg	 DONE
05/10/2025 20:47:29:	21	count	time	30.000000s/cts	O Det=2753	H Det=2219	Mon Det=69882	Aux Det=4259	O+H=9231	 DONE
05/10/2025 20:48:01:	move motor	S18.axis2.phaseshifter 1 to 0.448286deg	 DONE
05/10/2025 20:48:03:	22	count	time	30.000000s/cts	O Det=2456	H Det=1997	Mon Det=70089	Aux Det=5077	O+H=9530	 DONE
05/10/2025 20:48:34:	move motor	S18.axis2.phaseshifter 1 to 0.517252deg	 DONE
05/10/2025 20:48:36:	23	count	time	30.000000s/cts	O Det=1903	H Det=1592	Mon Det=69770	Aux Det=6304	O+H=9799	 DONE
05/10/2025 20:49:07:	move motor	S18.axis2.phaseshifter 1 to 0.586218deg	 DONE
05/10/2025 20:49:09:	24	count	time	30.000000s/cts	O Det=1522	H Det=1295	Mon Det=69546	Aux Det=7343	O+H=10160	 DONE
05/10/2025 20:49:41:	move motor	S18.axis2.phaseshifter 1 to 0.655184deg	 DONE
05/10/2025 20:49:42:	25	count	time	30.000000s/cts	O Det=1058	H Det=864	Mon Det=69741	Aux Det=8512	O+H=10434	 DONE
05/10/2025 20:50:14:	move motor	S18.axis2.phaseshifter 1 to 0.724150deg	 DONE
05/10/2025 20:50:15:	26	count	time	30.000000s/cts	O Det=756	H Det=633	Mon Det=69699	Aux Det=9539	O+H=10928	 DONE
05/10/2025 20:50:47:	move motor	S18.axis2.phaseshifter 1 to 0.793116deg	 DONE
05/10/2025 20:50:49:	27	count	time	30.000000s/cts	O Det=561	H Det=522	Mon Det=69183	Aux Det=9774	O+H=10857	 DONE
05/10/2025 20:51:20:	move motor	S18.axis2.phaseshifter 1 to 0.862082deg	 DONE
05/10/2025 20:51:22:	28	count	time	30.000000s/cts	O Det=611	H Det=596	Mon Det=70005	Aux Det=9352	O+H=10559	 DONE
05/10/2025 20:51:54:	move motor	S18.axis2.phaseshifter 1 to 0.931048deg	 DONE
05/10/2025 20:51:55:	29	count	time	30.000000s/cts	O Det=865	H Det=765	Mon Det=69922	Aux Det=9008	O+H=10638	 DONE
05/10/2025 20:52:27:	move motor	S18.axis2.phaseshifter 1 to 1.000014deg	 DONE
05/10/2025 20:52:28:	30	count	time	30.000000s/cts	O Det=1264	H Det=1120	Mon Det=69586	Aux Det=7903	O+H=10287	 DONE
05/10/2025 20:53:00:	close file and end scan	 DONE
05/10/2025 20:53:01:	END OF SCRIPT	 DONE
