27/09/2025 01:15:48:	start execution of script D:\data\Cycle 198\exp_3-16-19\rawdata\sc\ifg1_3p20s_B13.sc	 DONE
27/09/2025 01:15:48:	move motor	S18.axis2.phaseshifter 1 to -2.725000deg	 DONE
27/09/2025 01:15:52:	create file	D:\data\Cycle 198\exp_3-16-19\rawdata\sc\ifg1_3p20s_B13_27Sep0115.dat	 DONE
room to enter remarks DONE
27/09/2025 01:15:53:	read encoder	S18.auxiliary.Robot Diagonal		25679.869082 DONE
27/09/2025 01:15:54:	move motor	S18.axis2.phaseshifter 1 to -2.625000deg	 DONE
27/09/2025 01:15:55:	1	count	time	20.000000s/cts	O Det=1340	H Det=1098	Mon Det=44968	Aux Det=3052	O+H=5490	 DONE
27/09/2025 01:16:17:	move motor	S18.axis2.phaseshifter 1 to -2.450000deg	 DONE
27/09/2025 01:16:18:	2	count	time	20.000000s/cts	O Det=1311	H Det=1197	Mon Det=44904	Aux Det=3026	O+H=5534	 DONE
27/09/2025 01:16:40:	move motor	S18.axis2.phaseshifter 1 to -2.275000deg	 DONE
27/09/2025 01:16:42:	3	count	time	20.000000s/cts	O Det=1316	H Det=1209	Mon Det=45137	Aux Det=3156	O+H=5681	 DONE
27/09/2025 01:17:04:	move motor	S18.axis2.phaseshifter 1 to -2.100000deg	 DONE
27/09/2025 01:17:05:	4	count	time	20.000000s/cts	O Det=1325	H Det=1214	Mon Det=45257	Aux Det=3089	O+H=5628	 DONE
27/09/2025 01:17:27:	move motor	S18.axis2.phaseshifter 1 to -1.925000deg	 DONE
27/09/2025 01:17:29:	5	count	time	20.000000s/cts	O Det=1314	H Det=1175	Mon Det=45110	Aux Det=2986	O+H=5475	 DONE
27/09/2025 01:17:50:	move motor	S18.axis2.phaseshifter 1 to -1.750000deg	 DONE
27/09/2025 01:17:52:	6	count	time	20.000000s/cts	O Det=1331	H Det=1133	Mon Det=45492	Aux Det=2989	O+H=5453	 DONE
27/09/2025 01:18:14:	move motor	S18.axis2.phaseshifter 1 to -1.575000deg	 DONE
27/09/2025 01:18:15:	7	count	time	20.000000s/cts	O Det=1315	H Det=1153	Mon Det=44885	Aux Det=3098	O+H=5566	 DONE
27/09/2025 01:18:37:	move motor	S18.axis2.phaseshifter 1 to -1.400000deg	 DONE
27/09/2025 01:18:39:	8	count	time	20.000000s/cts	O Det=1300	H Det=1140	Mon Det=45143	Aux Det=3016	O+H=5456	 DONE
27/09/2025 01:19:00:	move motor	S18.axis2.phaseshifter 1 to -1.225000deg	 DONE
27/09/2025 01:19:02:	9	count	time	20.000000s/cts	O Det=1300	H Det=1193	Mon Det=45428	Aux Det=3139	O+H=5632	 DONE
27/09/2025 01:19:24:	move motor	S18.axis2.phaseshifter 1 to -1.050000deg	 DONE
27/09/2025 01:19:25:	10	count	time	20.000000s/cts	O Det=1286	H Det=1156	Mon Det=45574	Aux Det=3028	O+H=5470	 DONE
27/09/2025 01:19:47:	move motor	S18.axis2.phaseshifter 1 to -0.875000deg	 DONE
27/09/2025 01:19:48:	11	count	time	20.000000s/cts	O Det=1266	H Det=1194	Mon Det=45599	Aux Det=3022	O+H=5482	 DONE
27/09/2025 01:20:10:	move motor	S18.axis2.phaseshifter 1 to -0.700000deg	 DONE
27/09/2025 01:20:12:	12	count	time	20.000000s/cts	O Det=1343	H Det=1178	Mon Det=45266	Aux Det=3039	O+H=5560	 DONE
27/09/2025 01:20:34:	move motor	S18.axis2.phaseshifter 1 to -0.525000deg	 DONE
27/09/2025 01:20:35:	13	count	time	20.000000s/cts	O Det=1306	H Det=1191	Mon Det=45083	Aux Det=3116	O+H=5613	 DONE
27/09/2025 01:20:57:	move motor	S18.axis2.phaseshifter 1 to -0.350000deg	 DONE
27/09/2025 01:20:58:	14	count	time	20.000000s/cts	O Det=1316	H Det=1172	Mon Det=45241	Aux Det=3074	O+H=5562	 DONE
27/09/2025 01:21:20:	move motor	S18.axis2.phaseshifter 1 to -0.175000deg	 DONE
27/09/2025 01:21:22:	15	count	time	20.000000s/cts	O Det=1365	H Det=1175	Mon Det=45553	Aux Det=3043	O+H=5583	 DONE
27/09/2025 01:21:43:	move motor	S18.axis2.phaseshifter 1 to 0.000000deg	 DONE
27/09/2025 01:21:45:	16	count	time	20.000000s/cts	O Det=1350	H Det=1185	Mon Det=45296	Aux Det=3131	O+H=5666	 DONE
27/09/2025 01:22:07:	move motor	S18.axis2.phaseshifter 1 to 0.175000deg	 DONE
27/09/2025 01:22:08:	17	count	time	20.000000s/cts	O Det=1304	H Det=1206	Mon Det=45259	Aux Det=3116	O+H=5626	 DONE
27/09/2025 01:22:30:	move motor	S18.axis2.phaseshifter 1 to 0.350000deg	 DONE
27/09/2025 01:22:32:	18	count	time	20.000000s/cts	O Det=1387	H Det=1191	Mon Det=45038	Aux Det=3029	O+H=5607	 DONE
27/09/2025 01:22:54:	move motor	S18.axis2.phaseshifter 1 to 0.525000deg	 DONE
27/09/2025 01:22:55:	19	count	time	20.000000s/cts	O Det=1282	H Det=1169	Mon Det=44975	Aux Det=3126	O+H=5577	 DONE
27/09/2025 01:23:17:	move motor	S18.axis2.phaseshifter 1 to 0.700000deg	 DONE
27/09/2025 01:23:19:	20	count	time	20.000000s/cts	O Det=1303	H Det=1211	Mon Det=45343	Aux Det=3099	O+H=5613	 DONE
27/09/2025 01:23:40:	move motor	S18.axis2.phaseshifter 1 to 0.875000deg	 DONE
27/09/2025 01:23:42:	21	count	time	20.000000s/cts	O Det=1289	H Det=1119	Mon Det=45197	Aux Det=3087	O+H=5495	 DONE
27/09/2025 01:24:04:	move motor	S18.axis2.phaseshifter 1 to 1.050000deg	 DONE
27/09/2025 01:24:05:	22	count	time	20.000000s/cts	O Det=1307	H Det=1192	Mon Det=45085	Aux Det=3013	O+H=5512	 DONE
27/09/2025 01:24:27:	move motor	S18.axis2.phaseshifter 1 to 1.225000deg	 DONE
27/09/2025 01:24:29:	23	count	time	20.000000s/cts	O Det=1355	H Det=1129	Mon Det=45421	Aux Det=3145	O+H=5629	 DONE
27/09/2025 01:24:50:	move motor	S18.axis2.phaseshifter 1 to 1.400000deg	 DONE
27/09/2025 01:24:52:	24	count	time	20.000000s/cts	O Det=1392	H Det=1213	Mon Det=44898	Aux Det=3032	O+H=5637	 DONE
27/09/2025 01:25:14:	move motor	S18.axis2.phaseshifter 1 to 1.575000deg	 DONE
27/09/2025 01:25:15:	25	count	time	20.000000s/cts	O Det=1275	H Det=1132	Mon Det=44729	Aux Det=3016	O+H=5423	 DONE
27/09/2025 01:25:37:	move motor	S18.axis2.phaseshifter 1 to 1.750000deg	 DONE
27/09/2025 01:25:38:	26	count	time	20.000000s/cts	O Det=1284	H Det=1235	Mon Det=45168	Aux Det=3068	O+H=5587	 DONE
27/09/2025 01:26:00:	move motor	S18.axis2.phaseshifter 1 to 1.925000deg	 DONE
27/09/2025 01:26:02:	27	count	time	20.000000s/cts	O Det=1278	H Det=1162	Mon Det=45211	Aux Det=3105	O+H=5545	 DONE
27/09/2025 01:26:23:	move motor	S18.axis2.phaseshifter 1 to 2.100000deg	 DONE
27/09/2025 01:26:25:	28	count	time	20.000000s/cts	O Det=1301	H Det=1126	Mon Det=45894	Aux Det=3110	O+H=5537	 DONE
27/09/2025 01:26:47:	move motor	S18.axis2.phaseshifter 1 to 2.275000deg	 DONE
27/09/2025 01:26:48:	29	count	time	20.000000s/cts	O Det=1346	H Det=1136	Mon Det=45341	Aux Det=3094	O+H=5576	 DONE
27/09/2025 01:27:10:	move motor	S18.axis2.phaseshifter 1 to 2.450000deg	 DONE
27/09/2025 01:27:12:	30	count	time	20.000000s/cts	O Det=1350	H Det=1190	Mon Det=45044	Aux Det=3152	O+H=5692	 DONE
27/09/2025 01:27:33:	move motor	S18.axis2.phaseshifter 1 to 2.625000deg	 DONE
27/09/2025 01:27:35:	31	count	time	20.000000s/cts	O Det=1320	H Det=1125	Mon Det=44915	Aux Det=3073	O+H=5518	 DONE
27/09/2025 01:27:57:	close file and end scan	 DONE
27/09/2025 01:27:57:	END OF SCRIPT	 DONE
