27/09/2025 04:18:17:	start execution of script D:\data\Cycle 198\exp_3-16-19\rawdata\sc\ifg1_3p20s_B12.sc	 DONE
27/09/2025 04:18:18:	move motor	S18.axis2.phaseshifter 1 to -2.725000deg	 DONE
27/09/2025 04:18:21:	create file	D:\data\Cycle 198\exp_3-16-19\rawdata\sc\ifg1_3p20s_B12_27Sep0418.dat	 DONE
room to enter remarks DONE
27/09/2025 04:18:22:	read encoder	S18.auxiliary.Robot Diagonal		48483.272730 DONE
27/09/2025 04:18:23:	move motor	S18.axis2.phaseshifter 1 to -2.625000deg	 DONE
27/09/2025 04:18:25:	1	count	time	20.000000s/cts	O Det=942	H Det=1903	Mon Det=45148	Aux Det=13	O+H=2858	 DONE
27/09/2025 04:18:46:	move motor	S18.axis2.phaseshifter 1 to -2.450000deg	 DONE
27/09/2025 04:18:48:	2	count	time	20.000000s/cts	O Det=903	H Det=1969	Mon Det=45278	Aux Det=16	O+H=2888	 DONE
27/09/2025 04:19:10:	move motor	S18.axis2.phaseshifter 1 to -2.275000deg	 DONE
27/09/2025 04:19:11:	3	count	time	20.000000s/cts	O Det=978	H Det=1943	Mon Det=45137	Aux Det=7	O+H=2928	 DONE
27/09/2025 04:19:33:	move motor	S18.axis2.phaseshifter 1 to -2.100000deg	 DONE
27/09/2025 04:19:35:	4	count	time	20.000000s/cts	O Det=932	H Det=1919	Mon Det=45399	Aux Det=10	O+H=2861	 DONE
27/09/2025 04:19:56:	move motor	S18.axis2.phaseshifter 1 to -1.925000deg	 DONE
27/09/2025 04:19:58:	5	count	time	20.000000s/cts	O Det=876	H Det=1913	Mon Det=44977	Aux Det=10	O+H=2799	 DONE
27/09/2025 04:20:20:	move motor	S18.axis2.phaseshifter 1 to -1.750000deg	 DONE
27/09/2025 04:20:21:	6	count	time	20.000000s/cts	O Det=960	H Det=1852	Mon Det=45109	Aux Det=16	O+H=2828	 DONE
27/09/2025 04:20:43:	move motor	S18.axis2.phaseshifter 1 to -1.575000deg	 DONE
27/09/2025 04:20:44:	7	count	time	20.000000s/cts	O Det=941	H Det=1862	Mon Det=45007	Aux Det=10	O+H=2813	 DONE
27/09/2025 04:21:06:	move motor	S18.axis2.phaseshifter 1 to -1.400000deg	 DONE
27/09/2025 04:21:08:	8	count	time	20.000000s/cts	O Det=913	H Det=1932	Mon Det=44896	Aux Det=14	O+H=2859	 DONE
27/09/2025 04:21:29:	move motor	S18.axis2.phaseshifter 1 to -1.225000deg	 DONE
27/09/2025 04:21:31:	9	count	time	20.000000s/cts	O Det=898	H Det=1889	Mon Det=45412	Aux Det=9	O+H=2796	 DONE
27/09/2025 04:21:53:	move motor	S18.axis2.phaseshifter 1 to -1.050000deg	 DONE
27/09/2025 04:21:54:	10	count	time	20.000000s/cts	O Det=943	H Det=1856	Mon Det=45107	Aux Det=7	O+H=2806	 DONE
27/09/2025 04:22:16:	move motor	S18.axis2.phaseshifter 1 to -0.875000deg	 DONE
27/09/2025 04:22:18:	11	count	time	20.000000s/cts	O Det=924	H Det=1854	Mon Det=45567	Aux Det=7	O+H=2785	 DONE
27/09/2025 04:22:39:	move motor	S18.axis2.phaseshifter 1 to -0.700000deg	 DONE
27/09/2025 04:22:41:	12	count	time	20.000000s/cts	O Det=953	H Det=1866	Mon Det=45112	Aux Det=18	O+H=2837	 DONE
27/09/2025 04:23:02:	move motor	S18.axis2.phaseshifter 1 to -0.525000deg	 DONE
27/09/2025 04:23:04:	13	count	time	20.000000s/cts	O Det=928	H Det=1838	Mon Det=45589	Aux Det=9	O+H=2775	 DONE
27/09/2025 04:23:26:	move motor	S18.axis2.phaseshifter 1 to -0.350000deg	 DONE
27/09/2025 04:23:27:	14	count	time	20.000000s/cts	O Det=928	H Det=1884	Mon Det=45173	Aux Det=11	O+H=2823	 DONE
27/09/2025 04:23:49:	move motor	S18.axis2.phaseshifter 1 to -0.175000deg	 DONE
27/09/2025 04:23:51:	15	count	time	20.000000s/cts	O Det=937	H Det=1858	Mon Det=45102	Aux Det=8	O+H=2803	 DONE
27/09/2025 04:24:12:	move motor	S18.axis2.phaseshifter 1 to 0.000000deg	 DONE
27/09/2025 04:24:14:	16	count	time	20.000000s/cts	O Det=863	H Det=1936	Mon Det=44992	Aux Det=10	O+H=2809	 DONE
27/09/2025 04:24:36:	move motor	S18.axis2.phaseshifter 1 to 0.175000deg	 DONE
27/09/2025 04:24:37:	17	count	time	20.000000s/cts	O Det=919	H Det=1905	Mon Det=45629	Aux Det=9	O+H=2833	 DONE
27/09/2025 04:24:59:	move motor	S18.axis2.phaseshifter 1 to 0.350000deg	 DONE
27/09/2025 04:25:01:	18	count	time	20.000000s/cts	O Det=892	H Det=1901	Mon Det=45350	Aux Det=7	O+H=2800	 DONE
27/09/2025 04:25:22:	move motor	S18.axis2.phaseshifter 1 to 0.525000deg	 DONE
27/09/2025 04:25:24:	19	count	time	20.000000s/cts	O Det=874	H Det=1852	Mon Det=45363	Aux Det=10	O+H=2736	 DONE
27/09/2025 04:25:46:	move motor	S18.axis2.phaseshifter 1 to 0.700000deg	 DONE
27/09/2025 04:25:47:	20	count	time	20.000000s/cts	O Det=899	H Det=1974	Mon Det=45360	Aux Det=10	O+H=2883	 DONE
27/09/2025 04:26:09:	move motor	S18.axis2.phaseshifter 1 to 0.875000deg	 DONE
27/09/2025 04:26:11:	21	count	time	20.000000s/cts	O Det=926	H Det=1796	Mon Det=45365	Aux Det=6	O+H=2728	 DONE
27/09/2025 04:26:32:	move motor	S18.axis2.phaseshifter 1 to 1.050000deg	 DONE
27/09/2025 04:26:34:	22	count	time	20.000000s/cts	O Det=904	H Det=1914	Mon Det=45530	Aux Det=18	O+H=2836	 DONE
27/09/2025 04:26:56:	move motor	S18.axis2.phaseshifter 1 to 1.225000deg	 DONE
27/09/2025 04:26:57:	23	count	time	20.000000s/cts	O Det=873	H Det=1842	Mon Det=44755	Aux Det=12	O+H=2727	 DONE
27/09/2025 04:27:19:	move motor	S18.axis2.phaseshifter 1 to 1.400000deg	 DONE
27/09/2025 04:27:21:	24	count	time	20.000000s/cts	O Det=923	H Det=1870	Mon Det=45171	Aux Det=5	O+H=2798	 DONE
27/09/2025 04:27:42:	move motor	S18.axis2.phaseshifter 1 to 1.575000deg	 DONE
27/09/2025 04:27:44:	25	count	time	20.000000s/cts	O Det=904	H Det=1903	Mon Det=45375	Aux Det=12	O+H=2819	 DONE
27/09/2025 04:28:06:	move motor	S18.axis2.phaseshifter 1 to 1.750000deg	 DONE
27/09/2025 04:28:07:	26	count	time	20.000000s/cts	O Det=972	H Det=1875	Mon Det=45330	Aux Det=13	O+H=2860	 DONE
27/09/2025 04:28:29:	move motor	S18.axis2.phaseshifter 1 to 1.925000deg	 DONE
27/09/2025 04:28:30:	27	count	time	20.000000s/cts	O Det=904	H Det=1877	Mon Det=45017	Aux Det=12	O+H=2793	 DONE
27/09/2025 04:28:52:	move motor	S18.axis2.phaseshifter 1 to 2.100000deg	 DONE
27/09/2025 04:28:54:	28	count	time	20.000000s/cts	O Det=900	H Det=1816	Mon Det=45092	Aux Det=11	O+H=2727	 DONE
27/09/2025 04:29:15:	move motor	S18.axis2.phaseshifter 1 to 2.275000deg	 DONE
27/09/2025 04:29:17:	29	count	time	20.000000s/cts	O Det=894	H Det=1956	Mon Det=45888	Aux Det=7	O+H=2857	 DONE
27/09/2025 04:29:39:	move motor	S18.axis2.phaseshifter 1 to 2.450000deg	 DONE
27/09/2025 04:29:40:	30	count	time	20.000000s/cts	O Det=874	H Det=1888	Mon Det=45435	Aux Det=15	O+H=2777	 DONE
27/09/2025 04:30:02:	move motor	S18.axis2.phaseshifter 1 to 2.625000deg	 DONE
27/09/2025 04:30:04:	31	count	time	20.000000s/cts	O Det=916	H Det=1823	Mon Det=45159	Aux Det=17	O+H=2756	 DONE
27/09/2025 04:30:25:	close file and end scan	 DONE
27/09/2025 04:30:26:	END OF SCRIPT	 DONE
