09/10/2025 03:11:08:	start execution of script D:\data\Cycle 198\exp_3-16-19\rawdata\sc\ifg1R_newPS_2p30s_psi_+1+1+1_m90.sc	 DONE
09/10/2025 03:11:08:	create file	D:\data\Cycle 198\exp_3-16-19\rawdata\sc\ifg1R_newPS_2p30s_psi_+1+1+1_m90_09Oct0311.dat	 DONE
room to enter remarks DONE
09/10/2025 03:11:10:	MOVE MOTOR REL	S18.axis2.phaseshifter 1	deg	0	FALSE DONE
09/10/2025 03:11:13:	1	count	time	30.0s/cts	O Det=3942	H Det=1648	Mon Det=92851	Aux Det=11706	O+H=17296	 DONE
09/10/2025 03:11:45:	MOVE MOTOR REL	S18.axis2.phaseshifter 1	deg	0.1	FALSE DONE
09/10/2025 03:11:48:	2	count	time	30.0s/cts	O Det=5650	H Det=1868	Mon Det=92425	Aux Det=9199	O+H=16717	 DONE
09/10/2025 03:12:20:	MOVE MOTOR REL	S18.axis2.phaseshifter 1	deg	0.1	FALSE DONE
09/10/2025 03:12:23:	3	count	time	30.0s/cts	O Det=6495	H Det=2560	Mon Det=92162	Aux Det=6576	O+H=15631	 DONE
09/10/2025 03:12:55:	MOVE MOTOR REL	S18.axis2.phaseshifter 1	deg	0.1	FALSE DONE
09/10/2025 03:12:59:	4	count	time	30.0s/cts	O Det=6371	H Det=3345	Mon Det=92743	Aux Det=5116	O+H=14832	 DONE
09/10/2025 03:13:30:	MOVE MOTOR REL	S18.axis2.phaseshifter 1	deg	0.1	FALSE DONE
09/10/2025 03:13:34:	5	count	time	30.0s/cts	O Det=5545	H Det=4042	Mon Det=92577	Aux Det=5434	O+H=15021	 DONE
09/10/2025 03:14:06:	MOVE MOTOR REL	S18.axis2.phaseshifter 1	deg	0.1	FALSE DONE
09/10/2025 03:14:09:	6	count	time	30.0s/cts	O Det=4072	H Det=4575	Mon Det=92435	Aux Det=6901	O+H=15548	 DONE
09/10/2025 03:14:41:	MOVE MOTOR REL	S18.axis2.phaseshifter 1	deg	0.1	FALSE DONE
09/10/2025 03:14:44:	7	count	time	30.0s/cts	O Det=2579	H Det=4430	Mon Det=92599	Aux Det=9256	O+H=16265	 DONE
09/10/2025 03:15:16:	MOVE MOTOR REL	S18.axis2.phaseshifter 1	deg	0.1	FALSE DONE
09/10/2025 03:15:20:	8	count	time	30.0s/cts	O Det=1509	H Det=3964	Mon Det=92485	Aux Det=11500	O+H=16973	 DONE
09/10/2025 03:15:51:	MOVE MOTOR REL	S18.axis2.phaseshifter 1	deg	0.1	FALSE DONE
09/10/2025 03:15:55:	9	count	time	30.0s/cts	O Det=1192	H Det=3304	Mon Det=92555	Aux Det=13269	O+H=17765	 DONE
09/10/2025 03:16:27:	MOVE MOTOR REL	S18.axis2.phaseshifter 1	deg	0.1	FALSE DONE
09/10/2025 03:16:30:	10	count	time	30.0s/cts	O Det=1693	H Det=2450	Mon Det=92618	Aux Det=13641	O+H=17784	 DONE
09/10/2025 03:17:02:	MOVE MOTOR REL	S18.axis2.phaseshifter 1	deg	0.1	FALSE DONE
09/10/2025 03:17:06:	11	count	time	30.0s/cts	O Det=2973	H Det=1826	Mon Det=92530	Aux Det=12663	O+H=17462	 DONE
09/10/2025 03:17:37:	MOVE MOTOR REL	S18.axis2.phaseshifter 1	deg	0.1	FALSE DONE
09/10/2025 03:17:41:	12	count	time	30.0s/cts	O Det=4740	H Det=1696	Mon Det=92826	Aux Det=10723	O+H=17159	 DONE
09/10/2025 03:18:13:	MOVE MOTOR REL	S18.axis2.phaseshifter 1	deg	0.1	FALSE DONE
09/10/2025 03:18:16:	13	count	time	30.0s/cts	O Det=5980	H Det=2102	Mon Det=92504	Aux Det=7941	O+H=16023	 DONE
09/10/2025 03:18:48:	MOVE MOTOR REL	S18.axis2.phaseshifter 1	deg	0.1	FALSE DONE
09/10/2025 03:18:52:	14	count	time	30.0s/cts	O Det=6608	H Det=2758	Mon Det=92344	Aux Det=6023	O+H=15389	 DONE
09/10/2025 03:19:23:	MOVE MOTOR REL	S18.axis2.phaseshifter 1	deg	0.1	FALSE DONE
09/10/2025 03:19:27:	15	count	time	30.0s/cts	O Det=6174	H Det=3682	Mon Det=92323	Aux Det=5007	O+H=14863	 DONE
09/10/2025 03:19:59:	MOVE MOTOR REL	S18.axis2.phaseshifter 1	deg	0.1	FALSE DONE
09/10/2025 03:20:02:	16	count	time	30.0s/cts	O Det=4969	H Det=4269	Mon Det=92919	Aux Det=5781	O+H=15019	 DONE
09/10/2025 03:20:34:	MOVE MOTOR REL	S18.axis2.phaseshifter 1	deg	0.1	FALSE DONE
09/10/2025 03:20:37:	17	count	time	30.0s/cts	O Det=3372	H Det=4376	Mon Det=92624	Aux Det=7828	O+H=15576	 DONE
09/10/2025 03:21:09:	MOVE MOTOR REL	S18.axis2.phaseshifter 1	deg	0.1	FALSE DONE
09/10/2025 03:21:13:	18	count	time	30.0s/cts	O Det=2069	H Det=4242	Mon Det=91517	Aux Det=10166	O+H=16477	 DONE
09/10/2025 03:21:44:	MOVE MOTOR REL	S18.axis2.phaseshifter 1	deg	0.1	FALSE DONE
09/10/2025 03:21:48:	19	count	time	30.0s/cts	O Det=1293	H Det=3617	Mon Det=92143	Aux Det=12466	O+H=17376	 DONE
09/10/2025 03:22:20:	MOVE MOTOR REL	S18.axis2.phaseshifter 1	deg	0.1	FALSE DONE
09/10/2025 03:22:23:	20	count	time	30.0s/cts	O Det=1392	H Det=2791	Mon Det=93044	Aux Det=13574	O+H=17757	 DONE
09/10/2025 03:22:55:	MOVE MOTOR REL	S18.axis2.phaseshifter 1	deg	0.1	FALSE DONE
09/10/2025 03:22:58:	21	count	time	30.0s/cts	O Det=2293	H Det=2138	Mon Det=92775	Aux Det=13575	O+H=18006	 DONE
09/10/2025 03:23:30:	MOVE MOTOR REL	S18.axis2.phaseshifter 1	deg	0.1	FALSE DONE
09/10/2025 03:23:34:	22	count	time	30.0s/cts	O Det=3792	H Det=1722	Mon Det=92308	Aux Det=11967	O+H=17481	 DONE
09/10/2025 03:24:05:	close file and end scan	 DONE
call of ifg1r_newPS_2p30s.sc DONE
09/10/2025 03:24:06:	move motor	S18.axis2.phaseshifter 1 to fit O COS90	0.040018reached 0.04395  DONE
09/10/2025 03:24:10:	END OF SCRIPT	 DONE
