03/10/2025 17:28:02:	start execution of script D:\data\Cycle 198\exp_3-16-19\rawdata\sc\ifg1_newPS_2p30s_B3.sc	 DONE
03/10/2025 17:28:02:	move motor	S18.axis2.phaseshifter 1 to -1.100000deg	 DONE
03/10/2025 17:28:04:	create file	D:\data\Cycle 198\exp_3-16-19\rawdata\sc\ifg1_newPS_2p30s_B3_03Oct1728.dat	 DONE
room to enter remarks DONE
03/10/2025 17:28:05:	move motor	S18.axis2.phaseshifter 1 to -1.000000deg	 DONE
03/10/2025 17:28:07:	1	count	time	30.000000s/cts	O Det=2873	H Det=2309	Mon Det=69164	Aux Det=4237	O+H=9419	 DONE
03/10/2025 17:28:38:	move motor	S18.axis2.phaseshifter 1 to -0.931034deg	 DONE
03/10/2025 17:28:40:	2	count	time	30.000000s/cts	O Det=2909	H Det=2355	Mon Det=68995	Aux Det=3981	O+H=9245	 DONE
03/10/2025 17:29:11:	move motor	S18.axis2.phaseshifter 1 to -0.862068deg	 DONE
03/10/2025 17:29:13:	3	count	time	30.000000s/cts	O Det=2757	H Det=2328	Mon Det=68830	Aux Det=4373	O+H=9458	 DONE
03/10/2025 17:29:45:	move motor	S18.axis2.phaseshifter 1 to -0.793102deg	 DONE
03/10/2025 17:29:46:	4	count	time	30.000000s/cts	O Det=2386	H Det=2133	Mon Det=69475	Aux Det=5082	O+H=9601	 DONE
03/10/2025 17:30:18:	move motor	S18.axis2.phaseshifter 1 to -0.724136deg	 DONE
03/10/2025 17:30:19:	5	count	time	30.000000s/cts	O Det=2111	H Det=1843	Mon Det=69213	Aux Det=6031	O+H=9985	 DONE
03/10/2025 17:30:51:	move motor	S18.axis2.phaseshifter 1 to -0.655170deg	 DONE
03/10/2025 17:30:53:	6	count	time	30.000000s/cts	O Det=1497	H Det=1349	Mon Det=69058	Aux Det=7640	O+H=10486	 DONE
03/10/2025 17:31:24:	move motor	S18.axis2.phaseshifter 1 to -0.586204deg	 DONE
03/10/2025 17:31:26:	7	count	time	30.000000s/cts	O Det=1085	H Det=976	Mon Det=69361	Aux Det=8851	O+H=10912	 DONE
03/10/2025 17:31:57:	move motor	S18.axis2.phaseshifter 1 to -0.517238deg	 DONE
03/10/2025 17:31:59:	8	count	time	30.000000s/cts	O Det=760	H Det=678	Mon Det=69045	Aux Det=9603	O+H=11041	 DONE
03/10/2025 17:32:31:	move motor	S18.axis2.phaseshifter 1 to -0.448272deg	 DONE
03/10/2025 17:32:32:	9	count	time	30.000000s/cts	O Det=583	H Det=539	Mon Det=68990	Aux Det=10144	O+H=11266	 DONE
03/10/2025 17:33:04:	move motor	S18.axis2.phaseshifter 1 to -0.379306deg	 DONE
03/10/2025 17:33:05:	10	count	time	30.000000s/cts	O Det=648	H Det=538	Mon Det=69214	Aux Det=10223	O+H=11409	 DONE
03/10/2025 17:33:37:	move motor	S18.axis2.phaseshifter 1 to -0.310340deg	 DONE
03/10/2025 17:33:39:	11	count	time	30.000000s/cts	O Det=875	H Det=706	Mon Det=68996	Aux Det=9357	O+H=10938	 DONE
03/10/2025 17:34:10:	move motor	S18.axis2.phaseshifter 1 to -0.241374deg	 DONE
03/10/2025 17:34:12:	12	count	time	30.000000s/cts	O Det=1275	H Det=1063	Mon Det=69302	Aux Det=8442	O+H=10780	 DONE
03/10/2025 17:34:43:	move motor	S18.axis2.phaseshifter 1 to -0.172408deg	 DONE
03/10/2025 17:34:45:	13	count	time	30.000000s/cts	O Det=1558	H Det=1304	Mon Det=69962	Aux Det=7423	O+H=10285	 DONE
03/10/2025 17:35:17:	move motor	S18.axis2.phaseshifter 1 to -0.103442deg	 DONE
03/10/2025 17:35:18:	14	count	time	30.000000s/cts	O Det=2104	H Det=1727	Mon Det=68912	Aux Det=6045	O+H=9876	 DONE
03/10/2025 17:35:50:	move motor	S18.axis2.phaseshifter 1 to -0.034476deg	 DONE
03/10/2025 17:35:51:	15	count	time	30.000000s/cts	O Det=2464	H Det=2115	Mon Det=68943	Aux Det=4857	O+H=9436	 DONE
03/10/2025 17:36:23:	move motor	S18.axis2.phaseshifter 1 to 0.034490deg	 DONE
03/10/2025 17:36:25:	16	count	time	30.000000s/cts	O Det=2827	H Det=2279	Mon Det=68889	Aux Det=4309	O+H=9415	 DONE
03/10/2025 17:36:56:	move motor	S18.axis2.phaseshifter 1 to 0.103456deg	 DONE
03/10/2025 17:36:58:	17	count	time	30.000000s/cts	O Det=2827	H Det=2336	Mon Det=69155	Aux Det=4051	O+H=9214	 DONE
03/10/2025 17:37:29:	move motor	S18.axis2.phaseshifter 1 to 0.172422deg	 DONE
03/10/2025 17:37:31:	18	count	time	30.000000s/cts	O Det=2729	H Det=2324	Mon Det=68265	Aux Det=4377	O+H=9430	 DONE
03/10/2025 17:38:03:	move motor	S18.axis2.phaseshifter 1 to 0.241388deg	 DONE
03/10/2025 17:38:04:	19	count	time	30.000000s/cts	O Det=2447	H Det=1965	Mon Det=69327	Aux Det=5077	O+H=9489	 DONE
03/10/2025 17:38:36:	move motor	S18.axis2.phaseshifter 1 to 0.310354deg	 DONE
03/10/2025 17:38:37:	20	count	time	30.000000s/cts	O Det=2037	H Det=1747	Mon Det=68971	Aux Det=6009	O+H=9793	 DONE
03/10/2025 17:39:09:	move motor	S18.axis2.phaseshifter 1 to 0.379320deg	 DONE
03/10/2025 17:39:11:	21	count	time	30.000000s/cts	O Det=1522	H Det=1389	Mon Det=68848	Aux Det=7370	O+H=10281	 DONE
03/10/2025 17:39:42:	move motor	S18.axis2.phaseshifter 1 to 0.448286deg	 DONE
03/10/2025 17:39:44:	22	count	time	30.000000s/cts	O Det=1080	H Det=1015	Mon Det=69128	Aux Det=8583	O+H=10678	 DONE
03/10/2025 17:40:15:	move motor	S18.axis2.phaseshifter 1 to 0.517252deg	 DONE
03/10/2025 17:40:17:	23	count	time	30.000000s/cts	O Det=850	H Det=696	Mon Det=69054	Aux Det=9451	O+H=10997	 DONE
03/10/2025 17:40:49:	move motor	S18.axis2.phaseshifter 1 to 0.586218deg	 DONE
03/10/2025 17:40:50:	24	count	time	30.000000s/cts	O Det=614	H Det=577	Mon Det=69434	Aux Det=9989	O+H=11180	 DONE
03/10/2025 17:41:22:	move motor	S18.axis2.phaseshifter 1 to 0.655184deg	 DONE
03/10/2025 17:41:23:	25	count	time	30.000000s/cts	O Det=633	H Det=515	Mon Det=68968	Aux Det=9953	O+H=11101	 DONE
03/10/2025 17:41:55:	move motor	S18.axis2.phaseshifter 1 to 0.724150deg	 DONE
03/10/2025 17:41:57:	26	count	time	30.000000s/cts	O Det=775	H Det=697	Mon Det=69097	Aux Det=9522	O+H=10994	 DONE
03/10/2025 17:42:28:	move motor	S18.axis2.phaseshifter 1 to 0.793116deg	 DONE
03/10/2025 17:42:30:	27	count	time	30.000000s/cts	O Det=1303	H Det=1052	Mon Det=69310	Aux Det=8202	O+H=10557	 DONE
03/10/2025 17:43:01:	move motor	S18.axis2.phaseshifter 1 to 0.862082deg	 DONE
03/10/2025 17:43:03:	28	count	time	30.000000s/cts	O Det=1616	H Det=1341	Mon Det=69243	Aux Det=7446	O+H=10403	 DONE
03/10/2025 17:43:35:	move motor	S18.axis2.phaseshifter 1 to 0.931048deg	 DONE
03/10/2025 17:43:36:	29	count	time	30.000000s/cts	O Det=2185	H Det=1789	Mon Det=69019	Aux Det=5879	O+H=9853	 DONE
03/10/2025 17:44:08:	move motor	S18.axis2.phaseshifter 1 to 1.000014deg	 DONE
03/10/2025 17:44:09:	30	count	time	30.000000s/cts	O Det=2585	H Det=2063	Mon Det=68977	Aux Det=4949	O+H=9597	 DONE
03/10/2025 17:44:41:	close file and end scan	 DONE
03/10/2025 17:44:42:	END OF SCRIPT	 DONE
