05/10/2025 21:31:43:	start execution of script D:\data\Cycle 198\exp_3-16-19\rawdata\sc\ifg1_newPS_2p30s_B2.sc	 DONE
05/10/2025 21:31:43:	move motor	S18.axis2.phaseshifter 1 to -1.100000deg	 DONE
05/10/2025 21:31:46:	create file	D:\data\Cycle 198\exp_3-16-19\rawdata\sc\ifg1_newPS_2p30s_B2_05Oct2131.dat	 DONE
room to enter remarks DONE
05/10/2025 21:31:47:	move motor	S18.axis2.phaseshifter 1 to -1.000000deg	 DONE
05/10/2025 21:31:48:	1	count	time	30.000000s/cts	O Det=0	H Det=8	Mon Det=69853	Aux Det=17	O+H=25	 DONE
05/10/2025 21:32:20:	move motor	S18.axis2.phaseshifter 1 to -0.931034deg	 DONE
05/10/2025 21:32:22:	2	count	time	30.000000s/cts	O Det=2	H Det=5	Mon Det=69733	Aux Det=13	O+H=20	 DONE
05/10/2025 21:32:53:	move motor	S18.axis2.phaseshifter 1 to -0.862068deg	 DONE
05/10/2025 21:32:55:	3	count	time	30.000000s/cts	O Det=0	H Det=2	Mon Det=69727	Aux Det=24	O+H=26	 DONE
05/10/2025 21:33:27:	move motor	S18.axis2.phaseshifter 1 to -0.793102deg	 DONE
05/10/2025 21:33:28:	4	count	time	30.000000s/cts	O Det=2	H Det=7	Mon Det=69478	Aux Det=17	O+H=26	 DONE
05/10/2025 21:34:00:	move motor	S18.axis2.phaseshifter 1 to -0.724136deg	 DONE
05/10/2025 21:34:01:	5	count	time	30.000000s/cts	O Det=1	H Det=3	Mon Det=69612	Aux Det=11	O+H=15	 DONE
05/10/2025 21:34:33:	move motor	S18.axis2.phaseshifter 1 to -0.655170deg	 DONE
05/10/2025 21:34:35:	6	count	time	30.000000s/cts	O Det=0	H Det=7	Mon Det=69951	Aux Det=21	O+H=28	 DONE
05/10/2025 21:35:06:	move motor	S18.axis2.phaseshifter 1 to -0.586204deg	 DONE
05/10/2025 21:35:08:	7	count	time	30.000000s/cts	O Det=0	H Det=4	Mon Det=70545	Aux Det=19	O+H=23	 DONE
05/10/2025 21:35:39:	move motor	S18.axis2.phaseshifter 1 to -0.517238deg	 DONE
05/10/2025 21:35:41:	8	count	time	30.000000s/cts	O Det=1	H Det=8	Mon Det=69144	Aux Det=21	O+H=30	 DONE
05/10/2025 21:36:13:	move motor	S18.axis2.phaseshifter 1 to -0.448272deg	 DONE
05/10/2025 21:36:14:	9	count	time	30.000000s/cts	O Det=1	H Det=3	Mon Det=69776	Aux Det=14	O+H=18	 DONE
05/10/2025 21:36:46:	move motor	S18.axis2.phaseshifter 1 to -0.379306deg	 DONE
05/10/2025 21:36:47:	10	count	time	30.000000s/cts	O Det=2	H Det=6	Mon Det=70058	Aux Det=16	O+H=24	 DONE
05/10/2025 21:37:19:	move motor	S18.axis2.phaseshifter 1 to -0.310340deg	 DONE
05/10/2025 21:37:21:	11	count	time	30.000000s/cts	O Det=3	H Det=3	Mon Det=69991	Aux Det=16	O+H=22	 DONE
05/10/2025 21:37:52:	move motor	S18.axis2.phaseshifter 1 to -0.241374deg	 DONE
05/10/2025 21:37:54:	12	count	time	30.000000s/cts	O Det=4	H Det=6	Mon Det=69506	Aux Det=14	O+H=24	 DONE
05/10/2025 21:38:26:	move motor	S18.axis2.phaseshifter 1 to -0.172408deg	 DONE
05/10/2025 21:38:27:	13	count	time	30.000000s/cts	O Det=1	H Det=7	Mon Det=69920	Aux Det=23	O+H=31	 DONE
05/10/2025 21:38:59:	move motor	S18.axis2.phaseshifter 1 to -0.103442deg	 DONE
05/10/2025 21:39:00:	14	count	time	30.000000s/cts	O Det=2	H Det=9	Mon Det=69834	Aux Det=23	O+H=34	 DONE
05/10/2025 21:39:32:	move motor	S18.axis2.phaseshifter 1 to -0.034476deg	 DONE
05/10/2025 21:39:34:	15	count	time	30.000000s/cts	O Det=0	H Det=6	Mon Det=69771	Aux Det=13	O+H=19	 DONE
05/10/2025 21:40:05:	move motor	S18.axis2.phaseshifter 1 to 0.034490deg	 DONE
05/10/2025 21:40:07:	16	count	time	30.000000s/cts	O Det=2	H Det=7	Mon Det=69478	Aux Det=16	O+H=25	 DONE
05/10/2025 21:40:39:	move motor	S18.axis2.phaseshifter 1 to 0.103456deg	 DONE
05/10/2025 21:40:40:	17	count	time	30.000000s/cts	O Det=2	H Det=3	Mon Det=69898	Aux Det=13	O+H=18	 DONE
05/10/2025 21:41:12:	move motor	S18.axis2.phaseshifter 1 to 0.172422deg	 DONE
05/10/2025 21:41:13:	18	count	time	30.000000s/cts	O Det=1	H Det=4	Mon Det=69931	Aux Det=19	O+H=24	 DONE
05/10/2025 21:41:45:	move motor	S18.axis2.phaseshifter 1 to 0.241388deg	 DONE
05/10/2025 21:41:47:	19	count	time	30.000000s/cts	O Det=1	H Det=5	Mon Det=69987	Aux Det=25	O+H=31	 DONE
05/10/2025 21:42:18:	move motor	S18.axis2.phaseshifter 1 to 0.310354deg	 DONE
05/10/2025 21:42:20:	20	count	time	30.000000s/cts	O Det=1	H Det=7	Mon Det=69741	Aux Det=11	O+H=19	 DONE
05/10/2025 21:42:52:	move motor	S18.axis2.phaseshifter 1 to 0.379320deg	 DONE
05/10/2025 21:42:53:	21	count	time	30.000000s/cts	O Det=2	H Det=4	Mon Det=69740	Aux Det=18	O+H=24	 DONE
05/10/2025 21:43:25:	move motor	S18.axis2.phaseshifter 1 to 0.448286deg	 DONE
05/10/2025 21:43:26:	22	count	time	30.000000s/cts	O Det=7	H Det=23	Mon Det=70185	Aux Det=14	O+H=44	 DONE
05/10/2025 21:43:58:	move motor	S18.axis2.phaseshifter 1 to 0.517252deg	 DONE
05/10/2025 21:44:00:	23	count	time	30.000000s/cts	O Det=2	H Det=12	Mon Det=69781	Aux Det=13	O+H=27	 DONE
05/10/2025 21:44:31:	move motor	S18.axis2.phaseshifter 1 to 0.586218deg	 DONE
05/10/2025 21:44:33:	24	count	time	30.000000s/cts	O Det=1	H Det=6	Mon Det=69862	Aux Det=18	O+H=25	 DONE
05/10/2025 21:45:05:	move motor	S18.axis2.phaseshifter 1 to 0.655184deg	 DONE
05/10/2025 21:45:06:	25	count	time	30.000000s/cts	O Det=2	H Det=6	Mon Det=69412	Aux Det=19	O+H=27	 DONE
05/10/2025 21:45:38:	move motor	S18.axis2.phaseshifter 1 to 0.724150deg	 DONE
05/10/2025 21:45:40:	26	count	time	30.000000s/cts	O Det=3	H Det=7	Mon Det=69630	Aux Det=17	O+H=27	 DONE
05/10/2025 21:46:11:	move motor	S18.axis2.phaseshifter 1 to 0.793116deg	 DONE
05/10/2025 21:46:13:	27	count	time	30.000000s/cts	O Det=2	H Det=4	Mon Det=70016	Aux Det=20	O+H=26	 DONE
05/10/2025 21:46:45:	move motor	S18.axis2.phaseshifter 1 to 0.862082deg	 DONE
05/10/2025 21:46:46:	28	count	time	30.000000s/cts	O Det=2	H Det=3	Mon Det=69958	Aux Det=17	O+H=22	 DONE
05/10/2025 21:47:18:	move motor	S18.axis2.phaseshifter 1 to 0.931048deg	 DONE
05/10/2025 21:47:20:	29	count	time	30.000000s/cts	O Det=1	H Det=10	Mon Det=69964	Aux Det=16	O+H=27	 DONE
05/10/2025 21:47:52:	move motor	S18.axis2.phaseshifter 1 to 1.000014deg	 DONE
05/10/2025 21:47:53:	30	count	time	30.000000s/cts	O Det=1	H Det=2	Mon Det=69906	Aux Det=16	O+H=19	 DONE
05/10/2025 21:48:25:	close file and end scan	 DONE
05/10/2025 21:48:25:	END OF SCRIPT	 DONE
