27/09/2025 06:55:48:	start execution of script D:\data\Cycle 198\exp_3-16-19\rawdata\sc\ifg1_3p20s_B12.sc	 DONE
27/09/2025 06:55:49:	move motor	S18.axis2.phaseshifter 1 to -2.725000deg	 DONE
27/09/2025 06:55:52:	create file	D:\data\Cycle 198\exp_3-16-19\rawdata\sc\ifg1_3p20s_B12_27Sep0655.dat	 DONE
room to enter remarks DONE
27/09/2025 06:55:53:	read encoder	S18.auxiliary.Robot Diagonal		48483.272730 DONE
27/09/2025 06:55:54:	move motor	S18.axis2.phaseshifter 1 to -2.625000deg	 DONE
27/09/2025 06:55:56:	1	count	time	20.000000s/cts	O Det=900	H Det=1819	Mon Det=45545	Aux Det=13	O+H=2732	 DONE
27/09/2025 06:56:17:	move motor	S18.axis2.phaseshifter 1 to -2.450000deg	 DONE
27/09/2025 06:56:19:	2	count	time	20.000000s/cts	O Det=959	H Det=1760	Mon Det=45090	Aux Det=8	O+H=2727	 DONE
27/09/2025 06:56:41:	move motor	S18.axis2.phaseshifter 1 to -2.275000deg	 DONE
27/09/2025 06:56:42:	3	count	time	20.000000s/cts	O Det=895	H Det=1987	Mon Det=45291	Aux Det=8	O+H=2890	 DONE
27/09/2025 06:57:04:	move motor	S18.axis2.phaseshifter 1 to -2.100000deg	 DONE
27/09/2025 06:57:06:	4	count	time	20.000000s/cts	O Det=910	H Det=1928	Mon Det=45362	Aux Det=14	O+H=2852	 DONE
27/09/2025 06:57:27:	move motor	S18.axis2.phaseshifter 1 to -1.925000deg	 DONE
27/09/2025 06:57:29:	5	count	time	20.000000s/cts	O Det=900	H Det=1951	Mon Det=45173	Aux Det=9	O+H=2860	 DONE
27/09/2025 06:57:50:	move motor	S18.axis2.phaseshifter 1 to -1.750000deg	 DONE
27/09/2025 06:57:52:	6	count	time	20.000000s/cts	O Det=911	H Det=1916	Mon Det=45114	Aux Det=6	O+H=2833	 DONE
27/09/2025 06:58:14:	move motor	S18.axis2.phaseshifter 1 to -1.575000deg	 DONE
27/09/2025 06:58:15:	7	count	time	20.000000s/cts	O Det=909	H Det=1835	Mon Det=45024	Aux Det=10	O+H=2754	 DONE
27/09/2025 06:58:37:	move motor	S18.axis2.phaseshifter 1 to -1.400000deg	 DONE
27/09/2025 06:58:39:	8	count	time	20.000000s/cts	O Det=936	H Det=1889	Mon Det=45342	Aux Det=12	O+H=2837	 DONE
27/09/2025 06:59:00:	move motor	S18.axis2.phaseshifter 1 to -1.225000deg	 DONE
27/09/2025 06:59:02:	9	count	time	20.000000s/cts	O Det=881	H Det=1925	Mon Det=45485	Aux Det=14	O+H=2820	 DONE
27/09/2025 06:59:24:	move motor	S18.axis2.phaseshifter 1 to -1.050000deg	 DONE
27/09/2025 06:59:25:	10	count	time	20.000000s/cts	O Det=941	H Det=1826	Mon Det=45465	Aux Det=12	O+H=2779	 DONE
27/09/2025 06:59:47:	move motor	S18.axis2.phaseshifter 1 to -0.875000deg	 DONE
27/09/2025 06:59:49:	11	count	time	20.000000s/cts	O Det=912	H Det=1925	Mon Det=45528	Aux Det=8	O+H=2845	 DONE
27/09/2025 07:00:10:	move motor	S18.axis2.phaseshifter 1 to -0.700000deg	 DONE
27/09/2025 07:00:12:	12	count	time	20.000000s/cts	O Det=971	H Det=1870	Mon Det=44537	Aux Det=13	O+H=2854	 DONE
27/09/2025 07:00:34:	move motor	S18.axis2.phaseshifter 1 to -0.525000deg	 DONE
27/09/2025 07:00:35:	13	count	time	20.000000s/cts	O Det=861	H Det=1869	Mon Det=45127	Aux Det=9	O+H=2739	 DONE
27/09/2025 07:00:57:	move motor	S18.axis2.phaseshifter 1 to -0.350000deg	 DONE
27/09/2025 07:00:59:	14	count	time	20.000000s/cts	O Det=957	H Det=1946	Mon Det=45159	Aux Det=19	O+H=2922	 DONE
27/09/2025 07:01:20:	move motor	S18.axis2.phaseshifter 1 to -0.175000deg	 DONE
27/09/2025 07:01:22:	15	count	time	20.000000s/cts	O Det=940	H Det=1936	Mon Det=45249	Aux Det=19	O+H=2895	 DONE
27/09/2025 07:01:44:	move motor	S18.axis2.phaseshifter 1 to 0.000000deg	 DONE
27/09/2025 07:01:45:	16	count	time	20.000000s/cts	O Det=895	H Det=1835	Mon Det=45354	Aux Det=12	O+H=2742	 DONE
27/09/2025 07:02:07:	move motor	S18.axis2.phaseshifter 1 to 0.175000deg	 DONE
27/09/2025 07:02:09:	17	count	time	20.000000s/cts	O Det=900	H Det=1928	Mon Det=45223	Aux Det=7	O+H=2835	 DONE
27/09/2025 07:02:30:	move motor	S18.axis2.phaseshifter 1 to 0.350000deg	 DONE
27/09/2025 07:02:32:	18	count	time	20.000000s/cts	O Det=923	H Det=1848	Mon Det=44915	Aux Det=10	O+H=2781	 DONE
27/09/2025 07:02:54:	move motor	S18.axis2.phaseshifter 1 to 0.525000deg	 DONE
27/09/2025 07:02:55:	19	count	time	20.000000s/cts	O Det=905	H Det=1867	Mon Det=45329	Aux Det=8	O+H=2780	 DONE
27/09/2025 07:03:17:	move motor	S18.axis2.phaseshifter 1 to 0.700000deg	 DONE
27/09/2025 07:03:18:	20	count	time	20.000000s/cts	O Det=905	H Det=1899	Mon Det=44839	Aux Det=11	O+H=2815	 DONE
27/09/2025 07:03:40:	move motor	S18.axis2.phaseshifter 1 to 0.875000deg	 DONE
27/09/2025 07:03:42:	21	count	time	20.000000s/cts	O Det=935	H Det=1848	Mon Det=45155	Aux Det=11	O+H=2794	 DONE
27/09/2025 07:04:04:	move motor	S18.axis2.phaseshifter 1 to 1.050000deg	 DONE
27/09/2025 07:04:05:	22	count	time	20.000000s/cts	O Det=921	H Det=1882	Mon Det=45236	Aux Det=11	O+H=2814	 DONE
27/09/2025 07:04:27:	move motor	S18.axis2.phaseshifter 1 to 1.225000deg	 DONE
27/09/2025 07:04:28:	23	count	time	20.000000s/cts	O Det=904	H Det=1953	Mon Det=45484	Aux Det=9	O+H=2866	 DONE
27/09/2025 07:04:50:	move motor	S18.axis2.phaseshifter 1 to 1.400000deg	 DONE
27/09/2025 07:04:52:	24	count	time	20.000000s/cts	O Det=950	H Det=1959	Mon Det=45063	Aux Det=11	O+H=2920	 DONE
27/09/2025 07:05:13:	move motor	S18.axis2.phaseshifter 1 to 1.575000deg	 DONE
27/09/2025 07:05:15:	25	count	time	20.000000s/cts	O Det=857	H Det=1852	Mon Det=45313	Aux Det=13	O+H=2722	 DONE
27/09/2025 07:05:37:	move motor	S18.axis2.phaseshifter 1 to 1.750000deg	 DONE
27/09/2025 07:05:38:	26	count	time	20.000000s/cts	O Det=887	H Det=1906	Mon Det=45430	Aux Det=10	O+H=2803	 DONE
27/09/2025 07:06:00:	move motor	S18.axis2.phaseshifter 1 to 1.925000deg	 DONE
27/09/2025 07:06:02:	27	count	time	20.000000s/cts	O Det=885	H Det=1899	Mon Det=45274	Aux Det=11	O+H=2795	 DONE
27/09/2025 07:06:23:	move motor	S18.axis2.phaseshifter 1 to 2.100000deg	 DONE
27/09/2025 07:06:25:	28	count	time	20.000000s/cts	O Det=896	H Det=1860	Mon Det=45471	Aux Det=11	O+H=2767	 DONE
27/09/2025 07:06:47:	move motor	S18.axis2.phaseshifter 1 to 2.275000deg	 DONE
27/09/2025 07:06:48:	29	count	time	20.000000s/cts	O Det=924	H Det=1880	Mon Det=45632	Aux Det=8	O+H=2812	 DONE
27/09/2025 07:07:10:	move motor	S18.axis2.phaseshifter 1 to 2.450000deg	 DONE
27/09/2025 07:07:12:	30	count	time	20.000000s/cts	O Det=906	H Det=1875	Mon Det=45665	Aux Det=7	O+H=2788	 DONE
27/09/2025 07:07:33:	move motor	S18.axis2.phaseshifter 1 to 2.625000deg	 DONE
27/09/2025 07:07:35:	31	count	time	20.000000s/cts	O Det=898	H Det=1869	Mon Det=45473	Aux Det=17	O+H=2784	 DONE
27/09/2025 07:07:57:	close file and end scan	 DONE
27/09/2025 07:07:57:	END OF SCRIPT	 DONE
