16/10/2025 20:34:49:	start execution of script D:\data\Cycle 198\exp_3-16-19\rawdata\sc\ifg1r_newPS_2p30s.sc	 DONE
16/10/2025 20:34:49:	create file	D:\data\Cycle 198\exp_3-16-19\rawdata\sc\ifg1r_newPS_2p30s_16Oct2034.dat	 DONE
room to enter remarks DONE
16/10/2025 20:34:51:	MOVE MOTOR REL	S18.axis2.phaseshifter 1	deg	0.0	FALSE DONE
16/10/2025 20:34:54:	1	count	time	30.0s/cts	O Det=1285	H Det=2299	Mon Det=71827	Aux Det=12280	O+H=15864	 DONE
16/10/2025 20:35:25:	MOVE MOTOR REL	S18.axis2.phaseshifter 1	deg	0.07	FALSE DONE
16/10/2025 20:35:29:	2	count	time	30.0s/cts	O Det=1221	H Det=2587	Mon Det=71604	Aux Det=11957	O+H=15765	 DONE
16/10/2025 20:36:01:	MOVE MOTOR REL	S18.axis2.phaseshifter 1	deg	0.07	FALSE DONE
16/10/2025 20:36:04:	3	count	time	30.0s/cts	O Det=1032	H Det=3273	Mon Det=71977	Aux Det=11140	O+H=15445	 DONE
16/10/2025 20:36:36:	MOVE MOTOR REL	S18.axis2.phaseshifter 1	deg	0.07	FALSE DONE
16/10/2025 20:36:39:	4	count	time	30.0s/cts	O Det=1037	H Det=3886	Mon Det=72031	Aux Det=9788	O+H=14711	 DONE
16/10/2025 20:37:11:	MOVE MOTOR REL	S18.axis2.phaseshifter 1	deg	0.07	FALSE DONE
16/10/2025 20:37:14:	5	count	time	30.0s/cts	O Det=961	H Det=4838	Mon Det=71840	Aux Det=8083	O+H=13882	 DONE
16/10/2025 20:37:46:	MOVE MOTOR REL	S18.axis2.phaseshifter 1	deg	0.07	FALSE DONE
16/10/2025 20:37:50:	6	count	time	30.0s/cts	O Det=1028	H Det=5591	Mon Det=71873	Aux Det=6502	O+H=13121	 DONE
16/10/2025 20:38:21:	MOVE MOTOR REL	S18.axis2.phaseshifter 1	deg	0.07	FALSE DONE
16/10/2025 20:38:25:	7	count	time	30.0s/cts	O Det=1073	H Det=6322	Mon Det=72078	Aux Det=5464	O+H=12859	 DONE
16/10/2025 20:38:56:	MOVE MOTOR REL	S18.axis2.phaseshifter 1	deg	0.07	FALSE DONE
16/10/2025 20:39:00:	8	count	time	30.0s/cts	O Det=1186	H Det=6503	Mon Det=71695	Aux Det=4827	O+H=12516	 DONE
16/10/2025 20:39:32:	MOVE MOTOR REL	S18.axis2.phaseshifter 1	deg	0.07	FALSE DONE
16/10/2025 20:39:35:	9	count	time	30.0s/cts	O Det=1318	H Det=6304	Mon Det=71616	Aux Det=4908	O+H=12530	 DONE
16/10/2025 20:40:07:	MOVE MOTOR REL	S18.axis2.phaseshifter 1	deg	0.07	FALSE DONE
16/10/2025 20:40:10:	10	count	time	30.0s/cts	O Det=1499	H Det=5797	Mon Det=71728	Aux Det=5596	O+H=12892	 DONE
16/10/2025 20:40:42:	MOVE MOTOR REL	S18.axis2.phaseshifter 1	deg	0.07	FALSE DONE
16/10/2025 20:40:45:	11	count	time	30.0s/cts	O Det=1564	H Det=5207	Mon Det=72011	Aux Det=6715	O+H=13486	 DONE
16/10/2025 20:41:17:	MOVE MOTOR REL	S18.axis2.phaseshifter 1	deg	0.07	FALSE DONE
16/10/2025 20:41:21:	12	count	time	30.0s/cts	O Det=1490	H Det=4574	Mon Det=71991	Aux Det=8003	O+H=14067	 DONE
16/10/2025 20:41:52:	MOVE MOTOR REL	S18.axis2.phaseshifter 1	deg	0.07	FALSE DONE
16/10/2025 20:41:56:	13	count	time	30.0s/cts	O Det=1640	H Det=3488	Mon Det=72035	Aux Det=9710	O+H=14838	 DONE
16/10/2025 20:42:27:	MOVE MOTOR REL	S18.axis2.phaseshifter 1	deg	0.07	FALSE DONE
16/10/2025 20:42:31:	14	count	time	30.0s/cts	O Det=1589	H Det=3059	Mon Det=71847	Aux Det=10740	O+H=15388	 DONE
16/10/2025 20:43:03:	MOVE MOTOR REL	S18.axis2.phaseshifter 1	deg	0.07	FALSE DONE
16/10/2025 20:43:06:	15	count	time	30.0s/cts	O Det=1485	H Det=2457	Mon Det=71656	Aux Det=11907	O+H=15849	 DONE
16/10/2025 20:43:38:	MOVE MOTOR REL	S18.axis2.phaseshifter 1	deg	0.07	FALSE DONE
16/10/2025 20:43:41:	16	count	time	30.0s/cts	O Det=1462	H Det=2246	Mon Det=71841	Aux Det=12288	O+H=15996	 DONE
16/10/2025 20:44:13:	MOVE MOTOR REL	S18.axis2.phaseshifter 1	deg	0.07	FALSE DONE
16/10/2025 20:44:17:	17	count	time	30.0s/cts	O Det=1283	H Det=2395	Mon Det=72171	Aux Det=12266	O+H=15944	 DONE
16/10/2025 20:44:48:	MOVE MOTOR REL	S18.axis2.phaseshifter 1	deg	0.07	FALSE DONE
16/10/2025 20:44:52:	18	count	time	30.0s/cts	O Det=1128	H Det=2956	Mon Det=71932	Aux Det=11611	O+H=15695	 DONE
16/10/2025 20:45:23:	MOVE MOTOR REL	S18.axis2.phaseshifter 1	deg	0.07	FALSE DONE
16/10/2025 20:45:27:	19	count	time	30.0s/cts	O Det=1084	H Det=3587	Mon Det=71483	Aux Det=10392	O+H=15063	 DONE
16/10/2025 20:45:59:	MOVE MOTOR REL	S18.axis2.phaseshifter 1	deg	0.07	FALSE DONE
16/10/2025 20:46:02:	20	count	time	30.0s/cts	O Det=1026	H Det=4466	Mon Det=71710	Aux Det=8962	O+H=14454	 DONE
16/10/2025 20:46:34:	MOVE MOTOR REL	S18.axis2.phaseshifter 1	deg	0.07	FALSE DONE
16/10/2025 20:46:37:	21	count	time	30.0s/cts	O Det=995	H Det=5355	Mon Det=71592	Aux Det=7433	O+H=13783	 DONE
16/10/2025 20:47:09:	MOVE MOTOR REL	S18.axis2.phaseshifter 1	deg	0.07	FALSE DONE
16/10/2025 20:47:13:	22	count	time	30.0s/cts	O Det=1085	H Det=5914	Mon Det=71697	Aux Det=6344	O+H=13343	 DONE
16/10/2025 20:47:44:	MOVE MOTOR REL	S18.axis2.phaseshifter 1	deg	0.07	FALSE DONE
16/10/2025 20:47:48:	23	count	time	30.0s/cts	O Det=1143	H Det=6276	Mon Det=72026	Aux Det=5403	O+H=12822	 DONE
16/10/2025 20:48:19:	MOVE MOTOR REL	S18.axis2.phaseshifter 1	deg	0.07	FALSE DONE
16/10/2025 20:48:23:	24	count	time	30.0s/cts	O Det=1155	H Det=6554	Mon Det=72255	Aux Det=4768	O+H=12477	 DONE
16/10/2025 20:48:54:	MOVE MOTOR REL	S18.axis2.phaseshifter 1	deg	0.07	FALSE DONE
16/10/2025 20:48:58:	25	count	time	30.0s/cts	O Det=1347	H Det=6247	Mon Det=71635	Aux Det=4975	O+H=12569	 DONE
16/10/2025 20:49:30:	MOVE MOTOR REL	S18.axis2.phaseshifter 1	deg	0.07	FALSE DONE
16/10/2025 20:49:33:	26	count	time	30.0s/cts	O Det=1481	H Det=5822	Mon Det=71638	Aux Det=5533	O+H=12836	 DONE
16/10/2025 20:50:05:	MOVE MOTOR REL	S18.axis2.phaseshifter 1	deg	0.07	FALSE DONE
16/10/2025 20:50:08:	27	count	time	30.0s/cts	O Det=1571	H Det=5145	Mon Det=71743	Aux Det=6860	O+H=13576	 DONE
16/10/2025 20:50:40:	MOVE MOTOR REL	S18.axis2.phaseshifter 1	deg	0.07	FALSE DONE
16/10/2025 20:50:44:	28	count	time	30.0s/cts	O Det=1597	H Det=4308	Mon Det=72030	Aux Det=8181	O+H=14086	 DONE
16/10/2025 20:51:15:	MOVE MOTOR REL	S18.axis2.phaseshifter 1	deg	0.07	FALSE DONE
16/10/2025 20:51:19:	29	count	time	30.0s/cts	O Det=1580	H Det=3680	Mon Det=72064	Aux Det=9715	O+H=14975	 DONE
16/10/2025 20:51:50:	MOVE MOTOR REL	S18.axis2.phaseshifter 1	deg	0.07	FALSE DONE
16/10/2025 20:51:54:	30	count	time	30.0s/cts	O Det=1616	H Det=2834	Mon Det=71913	Aux Det=10854	O+H=15304	 DONE
16/10/2025 20:52:26:	MOVE MOTOR REL	S18.axis2.phaseshifter 1	deg	0.07	FALSE DONE
16/10/2025 20:52:29:	31	count	time	30.0s/cts	O Det=1459	H Det=2464	Mon Det=71390	Aux Det=11891	O+H=15814	 DONE
16/10/2025 20:53:01:	MOVE MOTOR REL	S18.axis2.phaseshifter 1	deg	0.07	FALSE DONE
16/10/2025 20:53:04:	32	count	time	30.0s/cts	O Det=1328	H Det=2323	Mon Det=71882	Aux Det=12450	O+H=16101	 DONE
16/10/2025 20:53:36:	NO ACTION	 DONE
16/10/2025 20:53:36:	close file and end scan	 DONE
16/10/2025 20:53:37:	END OF SCRIPT	 DONE
