20/10/2025 17:31:45:	start execution of script D:\data\Cycle 198\exp_3-16-19\rawdata\sc\ifg12_newPS_7p10s_B2.sc	 DONE
20/10/2025 17:31:46:	move motor	S18.axis2.phaseshifter both to -3.600000deg	 DONE
20/10/2025 17:31:54:	create file	D:\data\Cycle 198\exp_3-16-19\rawdata\sc\ifg12_newPS_7p10s_B2_20Oct1731.dat	 DONE
room to enter remarks DONE
20/10/2025 17:31:55:	move motor	S18.axis2.phaseshifter both to -3.500000deg	 DONE
20/10/2025 17:31:58:	1	count	time	10.000000s/cts	O Det=1744	H Det=769	Mon Det=24734	Aux Det=1824	O+H=4337	 DONE
20/10/2025 17:32:10:	move motor	S18.axis2.phaseshifter both to -3.400000deg	 DONE
20/10/2025 17:32:13:	2	count	time	10.000000s/cts	O Det=1584	H Det=1036	Mon Det=25442	Aux Det=1622	O+H=4242	 DONE
20/10/2025 17:32:24:	move motor	S18.axis2.phaseshifter both to -3.300000deg	 DONE
20/10/2025 17:32:28:	3	count	time	10.000000s/cts	O Det=1355	H Det=1124	Mon Det=25729	Aux Det=1848	O+H=4327	 DONE
20/10/2025 17:32:39:	move motor	S18.axis2.phaseshifter both to -3.200000deg	 DONE
20/10/2025 17:32:42:	4	count	time	10.000000s/cts	O Det=995	H Det=1171	Mon Det=26159	Aux Det=2525	O+H=4691	 DONE
20/10/2025 17:32:54:	move motor	S18.axis2.phaseshifter both to -3.100000deg	 DONE
20/10/2025 17:32:57:	5	count	time	10.000000s/cts	O Det=609	H Det=1098	Mon Det=25582	Aux Det=3271	O+H=4978	 DONE
20/10/2025 17:33:09:	move motor	S18.axis2.phaseshifter both to -3.000000deg	 DONE
20/10/2025 17:33:12:	6	count	time	10.000000s/cts	O Det=360	H Det=954	Mon Det=25789	Aux Det=3780	O+H=5094	 DONE
20/10/2025 17:33:24:	move motor	S18.axis2.phaseshifter both to -2.900000deg	 DONE
20/10/2025 17:33:27:	7	count	time	10.000000s/cts	O Det=478	H Det=784	Mon Det=25417	Aux Det=3856	O+H=5118	 DONE
20/10/2025 17:33:38:	move motor	S18.axis2.phaseshifter both to -2.800000deg	 DONE
20/10/2025 17:33:42:	8	count	time	10.000000s/cts	O Det=734	H Det=618	Mon Det=25921	Aux Det=3725	O+H=5077	 DONE
20/10/2025 17:33:53:	move motor	S18.axis2.phaseshifter both to -2.700000deg	 DONE
20/10/2025 17:33:56:	9	count	time	10.000000s/cts	O Det=1184	H Det=611	Mon Det=25752	Aux Det=3242	O+H=5037	 DONE
20/10/2025 17:34:08:	move motor	S18.axis2.phaseshifter both to -2.600000deg	 DONE
20/10/2025 17:34:11:	10	count	time	10.000000s/cts	O Det=1493	H Det=691	Mon Det=25695	Aux Det=2467	O+H=4651	 DONE
20/10/2025 17:34:23:	move motor	S18.axis2.phaseshifter both to -2.500000deg	 DONE
20/10/2025 17:34:26:	11	count	time	10.000000s/cts	O Det=1585	H Det=908	Mon Det=25825	Aux Det=1946	O+H=4439	 DONE
20/10/2025 17:34:38:	move motor	S18.axis2.phaseshifter both to -2.400000deg	 DONE
20/10/2025 17:34:41:	12	count	time	10.000000s/cts	O Det=1508	H Det=1078	Mon Det=25517	Aux Det=1662	O+H=4248	 DONE
20/10/2025 17:34:52:	move motor	S18.axis2.phaseshifter both to -2.300000deg	 DONE
20/10/2025 17:34:56:	13	count	time	10.000000s/cts	O Det=1354	H Det=1108	Mon Det=25593	Aux Det=1745	O+H=4207	 DONE
20/10/2025 17:35:07:	move motor	S18.axis2.phaseshifter both to -2.200000deg	 DONE
20/10/2025 17:35:10:	14	count	time	10.000000s/cts	O Det=946	H Det=1261	Mon Det=25503	Aux Det=2418	O+H=4625	 DONE
20/10/2025 17:35:22:	move motor	S18.axis2.phaseshifter both to -2.100000deg	 DONE
20/10/2025 17:35:25:	15	count	time	10.000000s/cts	O Det=606	H Det=1083	Mon Det=25651	Aux Det=3057	O+H=4746	 DONE
20/10/2025 17:35:37:	move motor	S18.axis2.phaseshifter both to -2.000000deg	 DONE
20/10/2025 17:35:40:	16	count	time	10.000000s/cts	O Det=395	H Det=962	Mon Det=25205	Aux Det=3813	O+H=5170	 DONE
20/10/2025 17:35:52:	move motor	S18.axis2.phaseshifter both to -1.900000deg	 DONE
20/10/2025 17:35:55:	17	count	time	10.000000s/cts	O Det=415	H Det=810	Mon Det=25077	Aux Det=3960	O+H=5185	 DONE
20/10/2025 17:36:06:	move motor	S18.axis2.phaseshifter both to -1.800000deg	 DONE
20/10/2025 17:36:10:	18	count	time	10.000000s/cts	O Det=687	H Det=665	Mon Det=24820	Aux Det=3778	O+H=5130	 DONE
20/10/2025 17:36:21:	move motor	S18.axis2.phaseshifter both to -1.700000deg	 DONE
20/10/2025 17:36:24:	19	count	time	10.000000s/cts	O Det=1030	H Det=557	Mon Det=25067	Aux Det=3280	O+H=4867	 DONE
20/10/2025 17:36:36:	move motor	S18.axis2.phaseshifter both to -1.600000deg	 DONE
20/10/2025 17:36:39:	20	count	time	10.000000s/cts	O Det=1431	H Det=701	Mon Det=24883	Aux Det=2626	O+H=4758	 DONE
20/10/2025 17:36:51:	move motor	S18.axis2.phaseshifter both to -1.500000deg	 DONE
20/10/2025 17:36:54:	21	count	time	10.000000s/cts	O Det=1616	H Det=905	Mon Det=25135	Aux Det=2097	O+H=4618	 DONE
20/10/2025 17:37:06:	move motor	S18.axis2.phaseshifter both to -1.400000deg	 DONE
20/10/2025 17:37:09:	22	count	time	10.000000s/cts	O Det=1497	H Det=1223	Mon Det=24868	Aux Det=1604	O+H=4324	 DONE
20/10/2025 17:37:20:	move motor	S18.axis2.phaseshifter both to -1.300000deg	 DONE
20/10/2025 17:37:24:	23	count	time	10.000000s/cts	O Det=1166	H Det=1415	Mon Det=24851	Aux Det=1792	O+H=4373	 DONE
20/10/2025 17:37:35:	move motor	S18.axis2.phaseshifter both to -1.200000deg	 DONE
20/10/2025 17:37:38:	24	count	time	10.000000s/cts	O Det=852	H Det=1484	Mon Det=25120	Aux Det=2085	O+H=4421	 DONE
20/10/2025 17:37:50:	move motor	S18.axis2.phaseshifter both to -1.100000deg	 DONE
20/10/2025 17:37:53:	25	count	time	10.000000s/cts	O Det=573	H Det=1360	Mon Det=25244	Aux Det=2788	O+H=4721	 DONE
20/10/2025 17:38:05:	move motor	S18.axis2.phaseshifter both to -1.000000deg	 DONE
20/10/2025 17:38:08:	26	count	time	10.000000s/cts	O Det=344	H Det=1169	Mon Det=25149	Aux Det=3624	O+H=5137	 DONE
20/10/2025 17:38:20:	move motor	S18.axis2.phaseshifter both to -0.900000deg	 DONE
20/10/2025 17:38:23:	27	count	time	10.000000s/cts	O Det=348	H Det=888	Mon Det=24944	Aux Det=3993	O+H=5229	 DONE
20/10/2025 17:38:34:	move motor	S18.axis2.phaseshifter both to -0.800000deg	 DONE
20/10/2025 17:38:38:	28	count	time	10.000000s/cts	O Det=584	H Det=749	Mon Det=24669	Aux Det=3977	O+H=5310	 DONE
20/10/2025 17:38:49:	move motor	S18.axis2.phaseshifter both to -0.700000deg	 DONE
20/10/2025 17:38:52:	29	count	time	10.000000s/cts	O Det=925	H Det=566	Mon Det=26051	Aux Det=3733	O+H=5224	 DONE
20/10/2025 17:39:04:	move motor	S18.axis2.phaseshifter both to -0.600000deg	 DONE
20/10/2025 17:39:07:	30	count	time	10.000000s/cts	O Det=1191	H Det=656	Mon Det=26201	Aux Det=2829	O+H=4676	 DONE
20/10/2025 17:39:19:	move motor	S18.axis2.phaseshifter both to -0.500000deg	 DONE
20/10/2025 17:39:22:	31	count	time	10.000000s/cts	O Det=1634	H Det=813	Mon Det=26426	Aux Det=2111	O+H=4558	 DONE
20/10/2025 17:39:34:	move motor	S18.axis2.phaseshifter both to -0.400000deg	 DONE
20/10/2025 17:39:37:	32	count	time	10.000000s/cts	O Det=1521	H Det=1052	Mon Det=26196	Aux Det=1648	O+H=4221	 DONE
20/10/2025 17:39:48:	move motor	S18.axis2.phaseshifter both to -0.300000deg	 DONE
20/10/2025 17:39:52:	33	count	time	10.000000s/cts	O Det=1218	H Det=1354	Mon Det=26190	Aux Det=1614	O+H=4186	 DONE
20/10/2025 17:40:16:	move motor	S18.axis2.phaseshifter both to -0.200000deg	 DONE
20/10/2025 17:40:19:	34	count	time	10.000000s/cts	O Det=939	H Det=1420	Mon Det=26368	Aux Det=2143	O+H=4502	 DONE
20/10/2025 17:40:31:	move motor	S18.axis2.phaseshifter both to -0.100000deg	 DONE
20/10/2025 17:40:34:	35	count	time	10.000000s/cts	O Det=652	H Det=1362	Mon Det=26209	Aux Det=2579	O+H=4593	 DONE
20/10/2025 17:40:46:	move motor	S18.axis2.phaseshifter both to 0.000000deg	 DONE
20/10/2025 17:40:49:	36	count	time	10.000000s/cts	O Det=409	H Det=1152	Mon Det=26013	Aux Det=3432	O+H=4993	 DONE
20/10/2025 17:41:00:	move motor	S18.axis2.phaseshifter both to 0.100000deg	 DONE
20/10/2025 17:41:04:	37	count	time	10.000000s/cts	O Det=278	H Det=962	Mon Det=25939	Aux Det=3768	O+H=5008	 DONE
20/10/2025 17:41:15:	move motor	S18.axis2.phaseshifter both to 0.200000deg	 DONE
20/10/2025 17:41:18:	38	count	time	10.000000s/cts	O Det=485	H Det=743	Mon Det=26077	Aux Det=3973	O+H=5201	 DONE
20/10/2025 17:41:30:	move motor	S18.axis2.phaseshifter both to 0.300000deg	 DONE
20/10/2025 17:41:33:	39	count	time	10.000000s/cts	O Det=761	H Det=624	Mon Det=26729	Aux Det=3741	O+H=5126	 DONE
20/10/2025 17:41:45:	move motor	S18.axis2.phaseshifter both to 0.400000deg	 DONE
20/10/2025 17:41:48:	40	count	time	10.000000s/cts	O Det=1151	H Det=573	Mon Det=26456	Aux Det=3165	O+H=4889	 DONE
20/10/2025 17:42:00:	move motor	S18.axis2.phaseshifter both to 0.500000deg	 DONE
20/10/2025 17:42:03:	41	count	time	10.000000s/cts	O Det=1537	H Det=693	Mon Det=25536	Aux Det=2346	O+H=4576	 DONE
20/10/2025 17:42:14:	move motor	S18.axis2.phaseshifter both to 0.600000deg	 DONE
20/10/2025 17:42:18:	42	count	time	10.000000s/cts	O Det=1641	H Det=876	Mon Det=26122	Aux Det=1769	O+H=4286	 DONE
20/10/2025 17:42:29:	move motor	S18.axis2.phaseshifter both to 0.700000deg	 DONE
20/10/2025 17:42:32:	43	count	time	10.000000s/cts	O Det=1531	H Det=1125	Mon Det=26105	Aux Det=1652	O+H=4308	 DONE
20/10/2025 17:42:47:	move motor	S18.axis2.phaseshifter both to 0.800000deg	 DONE
20/10/2025 17:42:50:	44	count	time	10.000000s/cts	O Det=1248	H Det=1215	Mon Det=26124	Aux Det=1902	O+H=4365	 DONE
20/10/2025 17:43:17:	move motor	S18.axis2.phaseshifter both to 0.900000deg	 DONE
20/10/2025 17:43:20:	45	count	time	10.000000s/cts	O Det=869	H Det=1272	Mon Det=26052	Aux Det=2506	O+H=4647	 DONE
20/10/2025 17:43:32:	move motor	S18.axis2.phaseshifter both to 1.000000deg	 DONE
20/10/2025 17:43:35:	46	count	time	10.000000s/cts	O Det=465	H Det=1226	Mon Det=26032	Aux Det=3121	O+H=4812	 DONE
20/10/2025 17:43:47:	move motor	S18.axis2.phaseshifter both to 1.100000deg	 DONE
20/10/2025 17:43:50:	47	count	time	10.000000s/cts	O Det=330	H Det=1085	Mon Det=25812	Aux Det=3687	O+H=5102	 DONE
20/10/2025 17:44:02:	move motor	S18.axis2.phaseshifter both to 1.200000deg	 DONE
20/10/2025 17:44:05:	48	count	time	10.000000s/cts	O Det=374	H Det=817	Mon Det=25918	Aux Det=3994	O+H=5185	 DONE
20/10/2025 17:44:16:	move motor	S18.axis2.phaseshifter both to 1.300000deg	 DONE
20/10/2025 17:44:20:	49	count	time	10.000000s/cts	O Det=656	H Det=678	Mon Det=26143	Aux Det=3913	O+H=5247	 DONE
20/10/2025 17:44:31:	move motor	S18.axis2.phaseshifter both to 1.400000deg	 DONE
20/10/2025 17:44:35:	50	count	time	10.000000s/cts	O Det=1007	H Det=625	Mon Det=26028	Aux Det=3377	O+H=5009	 DONE
20/10/2025 17:44:46:	move motor	S18.axis2.phaseshifter both to 1.500000deg	 DONE
20/10/2025 17:44:49:	51	count	time	10.000000s/cts	O Det=1422	H Det=744	Mon Det=25916	Aux Det=2604	O+H=4770	 DONE
20/10/2025 17:45:01:	move motor	S18.axis2.phaseshifter both to 1.600000deg	 DONE
20/10/2025 17:45:04:	52	count	time	10.000000s/cts	O Det=1714	H Det=862	Mon Det=25253	Aux Det=1972	O+H=4548	 DONE
20/10/2025 17:45:16:	move motor	S18.axis2.phaseshifter both to 1.700000deg	 DONE
20/10/2025 17:45:19:	53	count	time	10.000000s/cts	O Det=1536	H Det=1075	Mon Det=24334	Aux Det=1680	O+H=4291	 DONE
20/10/2025 17:45:31:	move motor	S18.axis2.phaseshifter both to 1.800000deg	 DONE
20/10/2025 17:45:34:	54	count	time	10.000000s/cts	O Det=1373	H Det=1214	Mon Det=24809	Aux Det=1706	O+H=4293	 DONE
20/10/2025 17:45:45:	move motor	S18.axis2.phaseshifter both to 1.900000deg	 DONE
20/10/2025 17:45:49:	55	count	time	10.000000s/cts	O Det=1019	H Det=1330	Mon Det=24577	Aux Det=2134	O+H=4483	 DONE
20/10/2025 17:46:00:	move motor	S18.axis2.phaseshifter both to 2.000000deg	 DONE
20/10/2025 17:46:03:	56	count	time	10.000000s/cts	O Det=638	H Det=1153	Mon Det=24527	Aux Det=2907	O+H=4698	 DONE
20/10/2025 17:46:15:	move motor	S18.axis2.phaseshifter both to 2.100000deg	 DONE
20/10/2025 17:46:18:	57	count	time	10.000000s/cts	O Det=375	H Det=1156	Mon Det=24522	Aux Det=3598	O+H=5129	 DONE
20/10/2025 17:46:30:	move motor	S18.axis2.phaseshifter both to 2.200000deg	 DONE
20/10/2025 17:46:33:	58	count	time	10.000000s/cts	O Det=367	H Det=942	Mon Det=24639	Aux Det=4037	O+H=5346	 DONE
20/10/2025 17:46:45:	move motor	S18.axis2.phaseshifter both to 2.300000deg	 DONE
20/10/2025 17:46:48:	59	count	time	10.000000s/cts	O Det=528	H Det=664	Mon Det=24661	Aux Det=4010	O+H=5202	 DONE
20/10/2025 17:46:59:	move motor	S18.axis2.phaseshifter both to 2.400000deg	 DONE
20/10/2025 17:47:03:	60	count	time	10.000000s/cts	O Det=922	H Det=574	Mon Det=24411	Aux Det=3592	O+H=5088	 DONE
20/10/2025 17:47:14:	move motor	S18.axis2.phaseshifter both to 2.500000deg	 DONE
20/10/2025 17:47:17:	61	count	time	10.000000s/cts	O Det=1320	H Det=679	Mon Det=25055	Aux Det=2879	O+H=4878	 DONE
20/10/2025 17:47:29:	move motor	S18.axis2.phaseshifter both to 2.600000deg	 DONE
20/10/2025 17:47:32:	62	count	time	10.000000s/cts	O Det=1552	H Det=878	Mon Det=24563	Aux Det=2036	O+H=4466	 DONE
20/10/2025 17:47:44:	move motor	S18.axis2.phaseshifter both to 2.700000deg	 DONE
20/10/2025 17:47:47:	63	count	time	10.000000s/cts	O Det=1533	H Det=1040	Mon Det=24280	Aux Det=1620	O+H=4193	 DONE
20/10/2025 17:47:59:	move motor	S18.axis2.phaseshifter both to 2.800000deg	 DONE
20/10/2025 17:48:02:	64	count	time	10.000000s/cts	O Det=1243	H Det=1378	Mon Det=24414	Aux Det=1628	O+H=4249	 DONE
20/10/2025 17:48:13:	move motor	S18.axis2.phaseshifter both to 2.900000deg	 DONE
20/10/2025 17:48:17:	65	count	time	10.000000s/cts	O Det=888	H Det=1632	Mon Det=24869	Aux Det=1931	O+H=4451	 DONE
20/10/2025 17:48:28:	move motor	S18.axis2.phaseshifter both to 3.000000deg	 DONE
20/10/2025 17:48:31:	66	count	time	10.000000s/cts	O Det=549	H Det=1409	Mon Det=25164	Aux Det=2678	O+H=4636	 DONE
20/10/2025 17:48:43:	move motor	S18.axis2.phaseshifter both to 3.100000deg	 DONE
20/10/2025 17:48:46:	67	count	time	10.000000s/cts	O Det=323	H Det=1227	Mon Det=24949	Aux Det=3363	O+H=4913	 DONE
20/10/2025 17:48:58:	move motor	S18.axis2.phaseshifter both to 3.200000deg	 DONE
20/10/2025 17:49:01:	68	count	time	10.000000s/cts	O Det=311	H Det=968	Mon Det=25131	Aux Det=3878	O+H=5157	 DONE
20/10/2025 17:49:13:	move motor	S18.axis2.phaseshifter both to 3.300000deg	 DONE
20/10/2025 17:49:16:	69	count	time	10.000000s/cts	O Det=470	H Det=717	Mon Det=25009	Aux Det=4002	O+H=5189	 DONE
20/10/2025 17:49:27:	move motor	S18.axis2.phaseshifter both to 3.400000deg	 DONE
20/10/2025 17:49:31:	70	count	time	10.000000s/cts	O Det=771	H Det=632	Mon Det=25190	Aux Det=3756	O+H=5159	 DONE
20/10/2025 17:49:42:	move motor	S18.axis2.phaseshifter both to 3.500000deg	 DONE
20/10/2025 17:49:45:	71	count	time	10.000000s/cts	O Det=1130	H Det=679	Mon Det=25268	Aux Det=3035	O+H=4844	 DONE
20/10/2025 17:49:57:	close file and end scan	 DONE
20/10/2025 17:49:58:	END OF SCRIPT	 DONE
