09/10/2025 00:36:39:	start execution of script D:\data\Cycle 198\exp_3-16-19\rawdata\sc\ifg1R_newPS_2p30s_psi_+1+1+1_m90.sc	 DONE
09/10/2025 00:36:39:	create file	D:\data\Cycle 198\exp_3-16-19\rawdata\sc\ifg1R_newPS_2p30s_psi_+1+1+1_m90_09Oct0036.dat	 DONE
room to enter remarks DONE
09/10/2025 00:36:40:	MOVE MOTOR REL	S18.axis2.phaseshifter 1	deg	0	FALSE DONE
09/10/2025 00:36:44:	1	count	time	30.0s/cts	O Det=3192	H Det=6040	Mon Det=92404	Aux Det=6040	O+H=15272	 DONE
09/10/2025 00:37:15:	MOVE MOTOR REL	S18.axis2.phaseshifter 1	deg	0.1	FALSE DONE
09/10/2025 00:37:19:	2	count	time	30.0s/cts	O Det=4564	H Det=5440	Mon Det=92363	Aux Det=5089	O+H=15093	 DONE
09/10/2025 00:37:50:	MOVE MOTOR REL	S18.axis2.phaseshifter 1	deg	0.1	FALSE DONE
09/10/2025 00:37:54:	3	count	time	30.0s/cts	O Det=5178	H Det=4439	Mon Det=92324	Aux Det=6029	O+H=15646	 DONE
09/10/2025 00:38:26:	MOVE MOTOR REL	S18.axis2.phaseshifter 1	deg	0.1	FALSE DONE
09/10/2025 00:38:29:	4	count	time	30.0s/cts	O Det=5309	H Det=3181	Mon Det=92240	Aux Det=8063	O+H=16553	 DONE
09/10/2025 00:39:01:	MOVE MOTOR REL	S18.axis2.phaseshifter 1	deg	0.1	FALSE DONE
09/10/2025 00:39:05:	5	count	time	30.0s/cts	O Det=4455	H Det=2272	Mon Det=92974	Aux Det=10404	O+H=17131	 DONE
09/10/2025 00:39:36:	MOVE MOTOR REL	S18.axis2.phaseshifter 1	deg	0.1	FALSE DONE
09/10/2025 00:39:40:	6	count	time	30.0s/cts	O Det=3332	H Det=1919	Mon Det=92541	Aux Det=12999	O+H=18250	 DONE
09/10/2025 00:40:12:	MOVE MOTOR REL	S18.axis2.phaseshifter 1	deg	0.1	FALSE DONE
09/10/2025 00:40:15:	7	count	time	30.0s/cts	O Det=2206	H Det=2302	Mon Det=92492	Aux Det=13961	O+H=18469	 DONE
09/10/2025 00:40:47:	MOVE MOTOR REL	S18.axis2.phaseshifter 1	deg	0.1	FALSE DONE
09/10/2025 00:40:51:	8	count	time	30.0s/cts	O Det=1208	H Det=3219	Mon Det=92698	Aux Det=14050	O+H=18477	 DONE
09/10/2025 00:41:22:	MOVE MOTOR REL	S18.axis2.phaseshifter 1	deg	0.1	FALSE DONE
09/10/2025 00:41:26:	9	count	time	30.0s/cts	O Det=885	H Det=4188	Mon Det=92355	Aux Det=12670	O+H=17743	 DONE
09/10/2025 00:41:58:	MOVE MOTOR REL	S18.axis2.phaseshifter 1	deg	0.1	FALSE DONE
09/10/2025 00:42:01:	10	count	time	30.0s/cts	O Det=1306	H Det=5336	Mon Det=92193	Aux Det=10123	O+H=16765	 DONE
09/10/2025 00:42:33:	MOVE MOTOR REL	S18.axis2.phaseshifter 1	deg	0.1	FALSE DONE
09/10/2025 00:42:36:	11	count	time	30.0s/cts	O Det=2325	H Det=5897	Mon Det=92083	Aux Det=7623	O+H=15845	 DONE
09/10/2025 00:43:08:	MOVE MOTOR REL	S18.axis2.phaseshifter 1	deg	0.1	FALSE DONE
09/10/2025 00:43:12:	12	count	time	30.0s/cts	O Det=3457	H Det=6032	Mon Det=92965	Aux Det=5733	O+H=15222	 DONE
09/10/2025 00:43:43:	MOVE MOTOR REL	S18.axis2.phaseshifter 1	deg	0.1	FALSE DONE
09/10/2025 00:43:47:	13	count	time	30.0s/cts	O Det=4537	H Det=5335	Mon Det=92075	Aux Det=5236	O+H=15108	 DONE
09/10/2025 00:44:19:	MOVE MOTOR REL	S18.axis2.phaseshifter 1	deg	0.1	FALSE DONE
09/10/2025 00:44:22:	14	count	time	30.0s/cts	O Det=5179	H Det=4334	Mon Det=92714	Aux Det=5733	O+H=15246	 DONE
09/10/2025 00:44:54:	MOVE MOTOR REL	S18.axis2.phaseshifter 1	deg	0.1	FALSE DONE
09/10/2025 00:44:58:	15	count	time	30.0s/cts	O Det=5216	H Det=3256	Mon Det=91551	Aux Det=7870	O+H=16342	 DONE
09/10/2025 00:45:30:	MOVE MOTOR REL	S18.axis2.phaseshifter 1	deg	0.1	FALSE DONE
09/10/2025 00:45:33:	16	count	time	30.0s/cts	O Det=4416	H Det=2261	Mon Det=92469	Aux Det=10638	O+H=17315	 DONE
09/10/2025 00:46:05:	MOVE MOTOR REL	S18.axis2.phaseshifter 1	deg	0.1	FALSE DONE
09/10/2025 00:46:08:	17	count	time	30.0s/cts	O Det=3405	H Det=1946	Mon Det=92342	Aux Det=12792	O+H=18143	 DONE
09/10/2025 00:46:40:	MOVE MOTOR REL	S18.axis2.phaseshifter 1	deg	0.1	FALSE DONE
09/10/2025 00:46:44:	18	count	time	30.0s/cts	O Det=2071	H Det=2382	Mon Det=92171	Aux Det=14008	O+H=18461	 DONE
09/10/2025 00:47:15:	MOVE MOTOR REL	S18.axis2.phaseshifter 1	deg	0.1	FALSE DONE
09/10/2025 00:47:19:	19	count	time	30.0s/cts	O Det=1212	H Det=3239	Mon Det=92364	Aux Det=13994	O+H=18445	 DONE
09/10/2025 00:47:51:	MOVE MOTOR REL	S18.axis2.phaseshifter 1	deg	0.1	FALSE DONE
09/10/2025 00:47:54:	20	count	time	30.0s/cts	O Det=932	H Det=4437	Mon Det=92137	Aux Det=12083	O+H=17452	 DONE
09/10/2025 00:48:26:	MOVE MOTOR REL	S18.axis2.phaseshifter 1	deg	0.1	FALSE DONE
09/10/2025 00:48:30:	21	count	time	30.0s/cts	O Det=1477	H Det=5562	Mon Det=92507	Aux Det=9488	O+H=16527	 DONE
09/10/2025 00:49:01:	MOVE MOTOR REL	S18.axis2.phaseshifter 1	deg	0.1	FALSE DONE
09/10/2025 00:49:05:	22	count	time	30.0s/cts	O Det=2606	H Det=5957	Mon Det=92283	Aux Det=7122	O+H=15685	 DONE
09/10/2025 00:49:37:	close file and end scan	 DONE
call of ifg1r_newPS_2p30s.sc DONE
09/10/2025 00:49:38:	move motor	S18.axis2.phaseshifter 1 to fit O COS90	0.292797reached 0.29663  DONE
09/10/2025 00:49:41:	END OF SCRIPT	 DONE
