06/10/2025 01:13:59:	start execution of script D:\data\Cycle 198\exp_3-16-19\rawdata\sc\ifg1_newPS_2p30s_B2.sc	 DONE
06/10/2025 01:14:00:	move motor	S18.axis2.phaseshifter 1 to -1.100000deg	 DONE
06/10/2025 01:14:04:	create file	D:\data\Cycle 198\exp_3-16-19\rawdata\sc\ifg1_newPS_2p30s_B2_06Oct0114.dat	 DONE
room to enter remarks DONE
06/10/2025 01:14:05:	move motor	S18.axis2.phaseshifter 1 to -1.000000deg	 DONE
06/10/2025 01:14:07:	1	count	time	30.000000s/cts	O Det=0	H Det=7	Mon Det=69428	Aux Det=23	O+H=30	 DONE
06/10/2025 01:14:39:	move motor	S18.axis2.phaseshifter 1 to -0.931034deg	 DONE
06/10/2025 01:14:40:	2	count	time	30.000000s/cts	O Det=5	H Det=4	Mon Det=69172	Aux Det=17	O+H=26	 DONE
06/10/2025 01:15:12:	move motor	S18.axis2.phaseshifter 1 to -0.862068deg	 DONE
06/10/2025 01:15:14:	3	count	time	30.000000s/cts	O Det=1	H Det=2	Mon Det=69486	Aux Det=12	O+H=15	 DONE
06/10/2025 01:15:45:	move motor	S18.axis2.phaseshifter 1 to -0.793102deg	 DONE
06/10/2025 01:15:47:	4	count	time	30.000000s/cts	O Det=1	H Det=11	Mon Det=69542	Aux Det=17	O+H=29	 DONE
06/10/2025 01:16:18:	move motor	S18.axis2.phaseshifter 1 to -0.724136deg	 DONE
06/10/2025 01:16:20:	5	count	time	30.000000s/cts	O Det=4	H Det=3	Mon Det=69359	Aux Det=19	O+H=26	 DONE
06/10/2025 01:16:52:	move motor	S18.axis2.phaseshifter 1 to -0.655170deg	 DONE
06/10/2025 01:16:53:	6	count	time	30.000000s/cts	O Det=2	H Det=7	Mon Det=70221	Aux Det=17	O+H=26	 DONE
06/10/2025 01:17:25:	move motor	S18.axis2.phaseshifter 1 to -0.586204deg	 DONE
06/10/2025 01:17:27:	7	count	time	30.000000s/cts	O Det=0	H Det=6	Mon Det=69499	Aux Det=11	O+H=17	 DONE
06/10/2025 01:17:58:	move motor	S18.axis2.phaseshifter 1 to -0.517238deg	 DONE
06/10/2025 01:18:00:	8	count	time	30.000000s/cts	O Det=3	H Det=7	Mon Det=69623	Aux Det=23	O+H=33	 DONE
06/10/2025 01:18:32:	move motor	S18.axis2.phaseshifter 1 to -0.448272deg	 DONE
06/10/2025 01:18:33:	9	count	time	30.000000s/cts	O Det=0	H Det=8	Mon Det=69624	Aux Det=18	O+H=26	 DONE
06/10/2025 01:19:05:	move motor	S18.axis2.phaseshifter 1 to -0.379306deg	 DONE
06/10/2025 01:19:06:	10	count	time	30.000000s/cts	O Det=3	H Det=6	Mon Det=70040	Aux Det=15	O+H=24	 DONE
06/10/2025 01:19:38:	move motor	S18.axis2.phaseshifter 1 to -0.310340deg	 DONE
06/10/2025 01:19:40:	11	count	time	30.000000s/cts	O Det=0	H Det=3	Mon Det=69771	Aux Det=23	O+H=26	 DONE
06/10/2025 01:20:12:	move motor	S18.axis2.phaseshifter 1 to -0.241374deg	 DONE
06/10/2025 01:20:13:	12	count	time	30.000000s/cts	O Det=1	H Det=6	Mon Det=69724	Aux Det=15	O+H=22	 DONE
06/10/2025 01:20:45:	move motor	S18.axis2.phaseshifter 1 to -0.172408deg	 DONE
06/10/2025 01:20:47:	13	count	time	30.000000s/cts	O Det=4	H Det=2	Mon Det=69864	Aux Det=19	O+H=25	 DONE
06/10/2025 01:21:18:	move motor	S18.axis2.phaseshifter 1 to -0.103442deg	 DONE
06/10/2025 01:21:20:	14	count	time	30.000000s/cts	O Det=2	H Det=5	Mon Det=69345	Aux Det=17	O+H=24	 DONE
06/10/2025 01:21:52:	move motor	S18.axis2.phaseshifter 1 to -0.034476deg	 DONE
06/10/2025 01:21:53:	15	count	time	30.000000s/cts	O Det=3	H Det=3	Mon Det=69679	Aux Det=15	O+H=21	 DONE
06/10/2025 01:22:25:	move motor	S18.axis2.phaseshifter 1 to 0.034490deg	 DONE
06/10/2025 01:22:27:	16	count	time	30.000000s/cts	O Det=2	H Det=8	Mon Det=69280	Aux Det=18	O+H=28	 DONE
06/10/2025 01:22:59:	move motor	S18.axis2.phaseshifter 1 to 0.103456deg	 DONE
06/10/2025 01:23:01:	17	count	time	30.000000s/cts	O Det=2	H Det=6	Mon Det=69750	Aux Det=19	O+H=27	 DONE
06/10/2025 01:23:32:	move motor	S18.axis2.phaseshifter 1 to 0.172422deg	 DONE
06/10/2025 01:23:34:	18	count	time	30.000000s/cts	O Det=4	H Det=3	Mon Det=69970	Aux Det=19	O+H=26	 DONE
06/10/2025 01:24:06:	move motor	S18.axis2.phaseshifter 1 to 0.241388deg	 DONE
06/10/2025 01:24:08:	19	count	time	30.000000s/cts	O Det=0	H Det=5	Mon Det=69445	Aux Det=12	O+H=17	 DONE
06/10/2025 01:24:39:	move motor	S18.axis2.phaseshifter 1 to 0.310354deg	 DONE
06/10/2025 01:24:41:	20	count	time	30.000000s/cts	O Det=2	H Det=6	Mon Det=69467	Aux Det=22	O+H=30	 DONE
06/10/2025 01:25:13:	move motor	S18.axis2.phaseshifter 1 to 0.379320deg	 DONE
06/10/2025 01:25:15:	21	count	time	30.000000s/cts	O Det=1	H Det=3	Mon Det=69715	Aux Det=21	O+H=25	 DONE
06/10/2025 01:25:46:	move motor	S18.axis2.phaseshifter 1 to 0.448286deg	 DONE
06/10/2025 01:25:48:	22	count	time	30.000000s/cts	O Det=3	H Det=8	Mon Det=69514	Aux Det=16	O+H=27	 DONE
06/10/2025 01:26:20:	move motor	S18.axis2.phaseshifter 1 to 0.517252deg	 DONE
06/10/2025 01:26:22:	23	count	time	30.000000s/cts	O Det=3	H Det=5	Mon Det=69456	Aux Det=19	O+H=27	 DONE
06/10/2025 01:26:54:	move motor	S18.axis2.phaseshifter 1 to 0.586218deg	 DONE
06/10/2025 01:26:57:	24	count	time	30.000000s/cts	O Det=2	H Det=9	Mon Det=69700	Aux Det=16	O+H=27	 DONE
06/10/2025 01:27:28:	move motor	S18.axis2.phaseshifter 1 to 0.655184deg	 DONE
06/10/2025 01:27:31:	25	count	time	30.000000s/cts	O Det=1	H Det=4	Mon Det=69497	Aux Det=12	O+H=17	 DONE
06/10/2025 01:28:03:	move motor	S18.axis2.phaseshifter 1 to 0.724150deg	 DONE
06/10/2025 01:28:06:	26	count	time	30.000000s/cts	O Det=2	H Det=10	Mon Det=69171	Aux Det=15	O+H=27	 DONE
06/10/2025 01:28:38:	move motor	S18.axis2.phaseshifter 1 to 0.793116deg	 DONE
06/10/2025 01:28:41:	27	count	time	30.000000s/cts	O Det=1	H Det=9	Mon Det=69500	Aux Det=15	O+H=25	 DONE
06/10/2025 01:29:13:	move motor	S18.axis2.phaseshifter 1 to 0.862082deg	 DONE
06/10/2025 01:29:16:	28	count	time	30.000000s/cts	O Det=1	H Det=10	Mon Det=69457	Aux Det=19	O+H=30	 DONE
06/10/2025 01:29:48:	move motor	S18.axis2.phaseshifter 1 to 0.931048deg	 DONE
06/10/2025 01:29:53:	29	count	time	30.000000s/cts	O Det=4	H Det=5	Mon Det=69457	Aux Det=12	O+H=21	 DONE
06/10/2025 01:30:24:	move motor	S18.axis2.phaseshifter 1 to 1.000014deg	 DONE
06/10/2025 01:30:28:	30	count	time	30.000000s/cts	O Det=1	H Det=5	Mon Det=68988	Aux Det=21	O+H=27	 DONE
06/10/2025 01:31:00:	close file and end scan	 DONE
06/10/2025 01:31:00:	END OF SCRIPT	 DONE
