30/09/2025 15:57:05:	start execution of script D:\data\Cycle 198\exp_3-16-19\rawdata\sc\ifg1_newPS_2p30s_B2.sc	 DONE
30/09/2025 15:57:05:	move motor	S18.axis2.phaseshifter 1 to 0.900000deg	 DONE
30/09/2025 15:57:08:	create file	D:\data\Cycle 198\exp_3-16-19\rawdata\sc\ifg1_newPS_2p30s_B2_30Sep1557.dat	 DONE
room to enter remarks DONE
30/09/2025 15:57:09:	move motor	S18.axis2.phaseshifter 1 to 1.000000deg	 DONE
30/09/2025 15:57:11:	1	count	time	30.000000s/cts	O Det=2460	H Det=2001	Mon Det=69354	Aux Det=2944	O+H=7405	 DONE
30/09/2025 15:57:42:	move motor	S18.axis2.phaseshifter 1 to 1.068966deg	 DONE
30/09/2025 15:57:44:	2	count	time	30.000000s/cts	O Det=2149	H Det=2233	Mon Det=69268	Aux Det=3094	O+H=7476	 DONE
30/09/2025 15:58:16:	move motor	S18.axis2.phaseshifter 1 to 1.137932deg	 DONE
30/09/2025 15:58:17:	3	count	time	30.000000s/cts	O Det=1698	H Det=2616	Mon Det=69688	Aux Det=2969	O+H=7283	 DONE
30/09/2025 15:58:49:	move motor	S18.axis2.phaseshifter 1 to 1.206898deg	 DONE
30/09/2025 15:58:51:	4	count	time	30.000000s/cts	O Det=1126	H Det=3304	Mon Det=70123	Aux Det=2831	O+H=7261	 DONE
30/09/2025 15:59:22:	move motor	S18.axis2.phaseshifter 1 to 1.275864deg	 DONE
30/09/2025 15:59:24:	5	count	time	30.000000s/cts	O Det=736	H Det=3528	Mon Det=69755	Aux Det=2865	O+H=7129	 DONE
30/09/2025 15:59:56:	move motor	S18.axis2.phaseshifter 1 to 1.344830deg	 DONE
30/09/2025 15:59:57:	6	count	time	30.000000s/cts	O Det=570	H Det=3742	Mon Det=69381	Aux Det=2906	O+H=7218	 DONE
30/09/2025 16:00:29:	move motor	S18.axis2.phaseshifter 1 to 1.413796deg	 DONE
30/09/2025 16:00:30:	7	count	time	30.000000s/cts	O Det=454	H Det=3762	Mon Det=69592	Aux Det=2945	O+H=7161	 DONE
30/09/2025 16:01:02:	move motor	S18.axis2.phaseshifter 1 to 1.482762deg	 DONE
30/09/2025 16:01:03:	8	count	time	30.000000s/cts	O Det=576	H Det=3733	Mon Det=69731	Aux Det=2963	O+H=7272	 DONE
30/09/2025 16:01:35:	move motor	S18.axis2.phaseshifter 1 to 1.551728deg	 DONE
30/09/2025 16:01:37:	9	count	time	30.000000s/cts	O Det=891	H Det=3529	Mon Det=69884	Aux Det=2910	O+H=7330	 DONE
30/09/2025 16:02:09:	move motor	S18.axis2.phaseshifter 1 to 1.620694deg	 DONE
30/09/2025 16:02:10:	10	count	time	30.000000s/cts	O Det=1442	H Det=3008	Mon Det=69671	Aux Det=3006	O+H=7456	 DONE
30/09/2025 16:02:42:	move motor	S18.axis2.phaseshifter 1 to 1.689660deg	 DONE
30/09/2025 16:02:43:	11	count	time	30.000000s/cts	O Det=1779	H Det=2603	Mon Det=69545	Aux Det=2954	O+H=7336	 DONE
30/09/2025 16:03:15:	move motor	S18.axis2.phaseshifter 1 to 1.758626deg	 DONE
30/09/2025 16:03:17:	12	count	time	30.000000s/cts	O Det=2474	H Det=2089	Mon Det=69804	Aux Det=3055	O+H=7618	 DONE
30/09/2025 16:03:48:	move motor	S18.axis2.phaseshifter 1 to 1.827592deg	 DONE
30/09/2025 16:03:50:	13	count	time	30.000000s/cts	O Det=2535	H Det=1986	Mon Det=69396	Aux Det=2945	O+H=7466	 DONE
30/09/2025 16:04:22:	move motor	S18.axis2.phaseshifter 1 to 1.896558deg	 DONE
30/09/2025 16:04:23:	14	count	time	30.000000s/cts	O Det=2795	H Det=1768	Mon Det=69921	Aux Det=3011	O+H=7574	 DONE
30/09/2025 16:04:55:	move motor	S18.axis2.phaseshifter 1 to 1.965524deg	 DONE
30/09/2025 16:04:57:	15	count	time	30.000000s/cts	O Det=2529	H Det=1959	Mon Det=69063	Aux Det=2969	O+H=7457	 DONE
30/09/2025 16:05:28:	move motor	S18.axis2.phaseshifter 1 to 2.034490deg	 DONE
30/09/2025 16:05:30:	16	count	time	30.000000s/cts	O Det=2643	H Det=1966	Mon Det=70119	Aux Det=3024	O+H=7633	 DONE
30/09/2025 16:06:02:	move motor	S18.axis2.phaseshifter 1 to 2.103456deg	 DONE
30/09/2025 16:06:03:	17	count	time	30.000000s/cts	O Det=2130	H Det=2178	Mon Det=69352	Aux Det=2925	O+H=7233	 DONE
30/09/2025 16:06:35:	move motor	S18.axis2.phaseshifter 1 to 2.172422deg	 DONE
30/09/2025 16:06:36:	18	count	time	30.000000s/cts	O Det=1734	H Det=2654	Mon Det=69803	Aux Det=2949	O+H=7337	 DONE
30/09/2025 16:07:08:	move motor	S18.axis2.phaseshifter 1 to 2.241388deg	 DONE
30/09/2025 16:07:10:	19	count	time	30.000000s/cts	O Det=1070	H Det=3315	Mon Det=69488	Aux Det=2898	O+H=7283	 DONE
30/09/2025 16:07:41:	move motor	S18.axis2.phaseshifter 1 to 2.310354deg	 DONE
30/09/2025 16:07:43:	20	count	time	30.000000s/cts	O Det=865	H Det=3431	Mon Det=69757	Aux Det=2904	O+H=7200	 DONE
30/09/2025 16:08:15:	move motor	S18.axis2.phaseshifter 1 to 2.379320deg	 DONE
30/09/2025 16:08:16:	21	count	time	30.000000s/cts	O Det=600	H Det=3626	Mon Det=69796	Aux Det=2988	O+H=7214	 DONE
30/09/2025 16:08:48:	move motor	S18.axis2.phaseshifter 1 to 2.448286deg	 DONE
30/09/2025 16:08:50:	22	count	time	30.000000s/cts	O Det=787	H Det=3598	Mon Det=69724	Aux Det=2968	O+H=7353	 DONE
30/09/2025 16:09:21:	move motor	S18.axis2.phaseshifter 1 to 2.517252deg	 DONE
30/09/2025 16:09:23:	23	count	time	30.000000s/cts	O Det=594	H Det=3646	Mon Det=69483	Aux Det=2865	O+H=7105	 DONE
30/09/2025 16:09:55:	move motor	S18.axis2.phaseshifter 1 to 2.586218deg	 DONE
30/09/2025 16:09:56:	24	count	time	30.000000s/cts	O Det=979	H Det=3352	Mon Det=69498	Aux Det=2944	O+H=7275	 DONE
30/09/2025 16:10:28:	move motor	S18.axis2.phaseshifter 1 to 2.655184deg	 DONE
30/09/2025 16:10:29:	25	count	time	30.000000s/cts	O Det=1418	H Det=2873	Mon Det=69502	Aux Det=2958	O+H=7249	 DONE
30/09/2025 16:11:01:	move motor	S18.axis2.phaseshifter 1 to 2.724150deg	 DONE
30/09/2025 16:11:03:	26	count	time	30.000000s/cts	O Det=1771	H Det=2626	Mon Det=69172	Aux Det=2940	O+H=7337	 DONE
30/09/2025 16:11:34:	move motor	S18.axis2.phaseshifter 1 to 2.793116deg	 DONE
30/09/2025 16:11:36:	27	count	time	30.000000s/cts	O Det=1770	H Det=2551	Mon Det=69734	Aux Det=2997	O+H=7318	 DONE
30/09/2025 16:12:08:	move motor	S18.axis2.phaseshifter 1 to 2.862082deg	 DONE
30/09/2025 16:12:09:	28	count	time	30.000000s/cts	O Det=2565	H Det=1976	Mon Det=69620	Aux Det=3001	O+H=7542	 DONE
30/09/2025 16:12:41:	move motor	S18.axis2.phaseshifter 1 to 2.931048deg	 DONE
30/09/2025 16:12:42:	29	count	time	30.000000s/cts	O Det=2641	H Det=1872	Mon Det=68972	Aux Det=2861	O+H=7374	 DONE
30/09/2025 16:13:14:	move motor	S18.axis2.phaseshifter 1 to 3.000014deg	 DONE
30/09/2025 16:13:16:	30	count	time	30.000000s/cts	O Det=2715	H Det=1710	Mon Det=69640	Aux Det=2967	O+H=7392	 DONE
30/09/2025 16:13:47:	close file and end scan	 DONE
30/09/2025 16:13:48:	END OF SCRIPT	 DONE
