05/10/2025 15:27:25:	start execution of script D:\data\Cycle 198\exp_3-16-19\rawdata\sc\ifg2_newPS_2p30s_B2.sc	 DONE
05/10/2025 15:27:25:	move motor	S18.axis2.phaseshifter 2 to -3.100000deg	 DONE
05/10/2025 15:27:28:	create file	D:\data\Cycle 198\exp_3-16-19\rawdata\sc\ifg2_newPS_2p30s_B2_05Oct1527.dat	 DONE
room to enter remarks DONE
05/10/2025 15:27:29:	move motor	S18.axis2.phaseshifter 2 to -3.000000deg	 DONE
05/10/2025 15:27:31:	1	count	time	30.000000s/cts	O Det=2731	H Det=1733	Mon Det=69788	Aux Det=3636	O+H=8100	 DONE
05/10/2025 15:28:02:	move motor	S18.axis2.phaseshifter 2 to -2.931034deg	 DONE
05/10/2025 15:28:04:	2	count	time	30.000000s/cts	O Det=2807	H Det=1493	Mon Det=69715	Aux Det=3780	O+H=8080	 DONE
05/10/2025 15:28:35:	move motor	S18.axis2.phaseshifter 2 to -2.862068deg	 DONE
05/10/2025 15:28:37:	3	count	time	30.000000s/cts	O Det=2826	H Det=1482	Mon Det=69852	Aux Det=3779	O+H=8087	 DONE
05/10/2025 15:29:09:	move motor	S18.axis2.phaseshifter 2 to -2.793102deg	 DONE
05/10/2025 15:29:10:	4	count	time	30.000000s/cts	O Det=2565	H Det=1837	Mon Det=68730	Aux Det=3779	O+H=8181	 DONE
05/10/2025 15:29:42:	move motor	S18.axis2.phaseshifter 2 to -2.724136deg	 DONE
05/10/2025 15:29:43:	5	count	time	30.000000s/cts	O Det=2191	H Det=2190	Mon Det=69084	Aux Det=3766	O+H=8147	 DONE
05/10/2025 15:30:15:	move motor	S18.axis2.phaseshifter 2 to -2.655170deg	 DONE
05/10/2025 15:30:17:	6	count	time	30.000000s/cts	O Det=1671	H Det=2563	Mon Det=69528	Aux Det=3666	O+H=7900	 DONE
05/10/2025 15:30:48:	move motor	S18.axis2.phaseshifter 2 to -2.586204deg	 DONE
05/10/2025 15:30:50:	7	count	time	30.000000s/cts	O Det=1175	H Det=3058	Mon Det=69295	Aux Det=3573	O+H=7806	 DONE
05/10/2025 15:31:21:	move motor	S18.axis2.phaseshifter 2 to -2.517238deg	 DONE
05/10/2025 15:31:23:	8	count	time	30.000000s/cts	O Det=786	H Det=3364	Mon Det=69305	Aux Det=3788	O+H=7938	 DONE
05/10/2025 15:31:55:	move motor	S18.axis2.phaseshifter 2 to -2.448272deg	 DONE
05/10/2025 15:31:56:	9	count	time	30.000000s/cts	O Det=571	H Det=3530	Mon Det=69413	Aux Det=3671	O+H=7772	 DONE
05/10/2025 15:32:28:	move motor	S18.axis2.phaseshifter 2 to -2.379306deg	 DONE
05/10/2025 15:32:29:	10	count	time	30.000000s/cts	O Det=481	H Det=3640	Mon Det=69098	Aux Det=3567	O+H=7688	 DONE
05/10/2025 15:33:01:	move motor	S18.axis2.phaseshifter 2 to -2.310340deg	 DONE
05/10/2025 15:33:03:	11	count	time	30.000000s/cts	O Det=652	H Det=3461	Mon Det=69291	Aux Det=3773	O+H=7886	 DONE
05/10/2025 15:33:34:	move motor	S18.axis2.phaseshifter 2 to -2.241374deg	 DONE
05/10/2025 15:33:36:	12	count	time	30.000000s/cts	O Det=932	H Det=3268	Mon Det=69745	Aux Det=3770	O+H=7970	 DONE
05/10/2025 15:34:07:	move motor	S18.axis2.phaseshifter 2 to -2.172408deg	 DONE
05/10/2025 15:34:09:	13	count	time	30.000000s/cts	O Det=1399	H Det=2791	Mon Det=69611	Aux Det=3643	O+H=7833	 DONE
05/10/2025 15:34:41:	move motor	S18.axis2.phaseshifter 2 to -2.103442deg	 DONE
05/10/2025 15:34:42:	14	count	time	30.000000s/cts	O Det=1914	H Det=2294	Mon Det=69016	Aux Det=3668	O+H=7876	 DONE
05/10/2025 15:35:14:	move motor	S18.axis2.phaseshifter 2 to -2.034476deg	 DONE
05/10/2025 15:35:15:	15	count	time	30.000000s/cts	O Det=2465	H Det=1936	Mon Det=69203	Aux Det=3755	O+H=8156	 DONE
05/10/2025 15:35:47:	move motor	S18.axis2.phaseshifter 2 to -1.965510deg	 DONE
05/10/2025 15:35:49:	16	count	time	30.000000s/cts	O Det=2785	H Det=1637	Mon Det=69173	Aux Det=3786	O+H=8208	 DONE
05/10/2025 15:36:20:	move motor	S18.axis2.phaseshifter 2 to -1.896544deg	 DONE
05/10/2025 15:36:22:	17	count	time	30.000000s/cts	O Det=2794	H Det=1627	Mon Det=69912	Aux Det=3755	O+H=8176	 DONE
05/10/2025 15:36:53:	move motor	S18.axis2.phaseshifter 2 to -1.827578deg	 DONE
05/10/2025 15:36:55:	18	count	time	30.000000s/cts	O Det=2714	H Det=1740	Mon Det=69886	Aux Det=3659	O+H=8113	 DONE
05/10/2025 15:37:27:	move motor	S18.axis2.phaseshifter 2 to -1.758612deg	 DONE
05/10/2025 15:37:28:	19	count	time	30.000000s/cts	O Det=2434	H Det=2004	Mon Det=69447	Aux Det=3725	O+H=8163	 DONE
05/10/2025 15:38:00:	move motor	S18.axis2.phaseshifter 2 to -1.689646deg	 DONE
05/10/2025 15:38:01:	20	count	time	30.000000s/cts	O Det=2087	H Det=2184	Mon Det=69241	Aux Det=3581	O+H=7852	 DONE
05/10/2025 15:38:33:	move motor	S18.axis2.phaseshifter 2 to -1.620680deg	 DONE
05/10/2025 15:38:35:	21	count	time	30.000000s/cts	O Det=1638	H Det=2640	Mon Det=69475	Aux Det=3644	O+H=7922	 DONE
05/10/2025 15:39:06:	move motor	S18.axis2.phaseshifter 2 to -1.551714deg	 DONE
05/10/2025 15:39:08:	22	count	time	30.000000s/cts	O Det=1086	H Det=3193	Mon Det=69388	Aux Det=3677	O+H=7956	 DONE
05/10/2025 15:39:39:	move motor	S18.axis2.phaseshifter 2 to -1.482748deg	 DONE
05/10/2025 15:39:41:	23	count	time	30.000000s/cts	O Det=696	H Det=3462	Mon Det=69041	Aux Det=3650	O+H=7808	 DONE
05/10/2025 15:40:13:	move motor	S18.axis2.phaseshifter 2 to -1.413782deg	 DONE
05/10/2025 15:40:14:	24	count	time	30.000000s/cts	O Det=479	H Det=3767	Mon Det=69278	Aux Det=3735	O+H=7981	 DONE
05/10/2025 15:40:46:	move motor	S18.axis2.phaseshifter 2 to -1.344816deg	 DONE
05/10/2025 15:40:48:	25	count	time	30.000000s/cts	O Det=445	H Det=3763	Mon Det=69392	Aux Det=3744	O+H=7952	 DONE
05/10/2025 15:41:19:	move motor	S18.axis2.phaseshifter 2 to -1.275850deg	 DONE
05/10/2025 15:41:21:	26	count	time	30.000000s/cts	O Det=817	H Det=3446	Mon Det=68595	Aux Det=3610	O+H=7873	 DONE
05/10/2025 15:41:53:	move motor	S18.axis2.phaseshifter 2 to -1.206884deg	 DONE
05/10/2025 15:41:54:	27	count	time	30.000000s/cts	O Det=1014	H Det=3153	Mon Det=69721	Aux Det=3658	O+H=7825	 DONE
05/10/2025 15:42:26:	move motor	S18.axis2.phaseshifter 2 to -1.137918deg	 DONE
05/10/2025 15:42:27:	28	count	time	30.000000s/cts	O Det=1588	H Det=2760	Mon Det=69496	Aux Det=3690	O+H=8038	 DONE
05/10/2025 15:42:59:	move motor	S18.axis2.phaseshifter 2 to -1.068952deg	 DONE
05/10/2025 15:43:00:	29	count	time	30.000000s/cts	O Det=2090	H Det=2242	Mon Det=69458	Aux Det=3768	O+H=8100	 DONE
05/10/2025 15:43:32:	move motor	S18.axis2.phaseshifter 2 to -0.999986deg	 DONE
05/10/2025 15:43:34:	30	count	time	30.000000s/cts	O Det=2598	H Det=1886	Mon Det=68985	Aux Det=3655	O+H=8139	 DONE
05/10/2025 15:44:05:	close file and end scan	 DONE
05/10/2025 15:44:06:	END OF SCRIPT	 DONE
