28/09/2025 03:51:22:	start execution of script D:\data\Cycle 198\exp_3-16-19\rawdata\sc\ifg2_3p200s.sc	 DONE
28/09/2025 03:51:22:	move motor	S18.axis2.phaseshifter 2 to -2.725000deg	 DONE
28/09/2025 03:51:26:	create file	D:\data\Cycle 198\exp_3-16-19\rawdata\sc\ifg2_3p200s_28Sep0351.dat	 DONE
room to enter remarks DONE
28/09/2025 03:51:27:	read encoder	S18.auxiliary.Robot Diagonal		93974.441589 DONE
28/09/2025 03:51:27:	move motor	S18.axis2.phaseshifter 2 to -2.625000deg	 DONE
28/09/2025 03:51:29:	1	count	time	200.000000s/cts	O Det=5385	H Det=23235	Mon Det=453929	Aux Det=72085	O+H=100705	 DONE
28/09/2025 03:54:51:	move motor	S18.axis2.phaseshifter 2 to -2.450000deg	 DONE
28/09/2025 03:54:53:	2	count	time	200.000000s/cts	O Det=4680	H Det=29886	Mon Det=454205	Aux Det=72546	O+H=107112	 DONE
28/09/2025 03:58:15:	move motor	S18.axis2.phaseshifter 2 to -2.275000deg	 DONE
28/09/2025 03:58:17:	3	count	time	200.000000s/cts	O Det=3680	H Det=36319	Mon Det=454869	Aux Det=73806	O+H=113805	 DONE
28/09/2025 04:01:39:	move motor	S18.axis2.phaseshifter 2 to -2.100000deg	 DONE
28/09/2025 04:01:41:	4	count	time	200.000000s/cts	O Det=2506	H Det=45436	Mon Det=455341	Aux Det=73293	O+H=121235	 DONE
28/09/2025 04:05:03:	move motor	S18.axis2.phaseshifter 2 to -1.925000deg	 DONE
28/09/2025 04:05:05:	5	count	time	200.000000s/cts	O Det=1828	H Det=49828	Mon Det=455352	Aux Det=73212	O+H=124868	 DONE
28/09/2025 04:08:27:	move motor	S18.axis2.phaseshifter 2 to -1.750000deg	 DONE
28/09/2025 04:08:29:	6	count	time	200.000000s/cts	O Det=1255	H Det=53726	Mon Det=454769	Aux Det=74361	O+H=129342	 DONE
28/09/2025 04:11:51:	move motor	S18.axis2.phaseshifter 2 to -1.575000deg	 DONE
28/09/2025 04:11:53:	7	count	time	200.000000s/cts	O Det=1606	H Det=51732	Mon Det=454799	Aux Det=73533	O+H=126871	 DONE
28/09/2025 04:15:16:	move motor	S18.axis2.phaseshifter 2 to -1.400000deg	 DONE
28/09/2025 04:15:17:	8	count	time	200.000000s/cts	O Det=2334	H Det=44980	Mon Det=454681	Aux Det=75491	O+H=122805	 DONE
28/09/2025 04:18:40:	move motor	S18.axis2.phaseshifter 2 to -1.225000deg	 DONE
28/09/2025 04:18:42:	9	count	time	200.000000s/cts	O Det=3082	H Det=38345	Mon Det=454414	Aux Det=75290	O+H=116717	 DONE
28/09/2025 04:22:04:	move motor	S18.axis2.phaseshifter 2 to -1.050000deg	 DONE
28/09/2025 04:22:06:	10	count	time	200.000000s/cts	O Det=4704	H Det=29128	Mon Det=454632	Aux Det=72306	O+H=106138	 DONE
28/09/2025 04:25:28:	move motor	S18.axis2.phaseshifter 2 to -0.875000deg	 DONE
28/09/2025 04:25:30:	11	count	time	200.000000s/cts	O Det=5325	H Det=23041	Mon Det=456320	Aux Det=73506	O+H=101872	 DONE
28/09/2025 04:28:52:	move motor	S18.axis2.phaseshifter 2 to -0.700000deg	 DONE
28/09/2025 04:28:54:	12	count	time	200.000000s/cts	O Det=5488	H Det=22208	Mon Det=455376	Aux Det=72139	O+H=99835	 DONE
28/09/2025 04:32:16:	move motor	S18.axis2.phaseshifter 2 to -0.525000deg	 DONE
28/09/2025 04:32:18:	13	count	time	200.000000s/cts	O Det=4985	H Det=25032	Mon Det=456278	Aux Det=74679	O+H=104696	 DONE
28/09/2025 04:35:40:	move motor	S18.axis2.phaseshifter 2 to -0.350000deg	 DONE
28/09/2025 04:35:42:	14	count	time	200.000000s/cts	O Det=4332	H Det=31103	Mon Det=456213	Aux Det=73590	O+H=109025	 DONE
28/09/2025 04:39:05:	move motor	S18.axis2.phaseshifter 2 to -0.175000deg	 DONE
28/09/2025 04:39:06:	15	count	time	200.000000s/cts	O Det=3227	H Det=38393	Mon Det=456608	Aux Det=74387	O+H=116007	 DONE
28/09/2025 04:42:28:	move motor	S18.axis2.phaseshifter 2 to 0.000000deg	 DONE
28/09/2025 04:42:30:	16	count	time	200.000000s/cts	O Det=2239	H Det=46563	Mon Det=456307	Aux Det=73318	O+H=122120	 DONE
28/09/2025 04:45:53:	move motor	S18.axis2.phaseshifter 2 to 0.175000deg	 DONE
28/09/2025 04:45:54:	17	count	time	200.000000s/cts	O Det=1489	H Det=52617	Mon Det=455007	Aux Det=73393	O+H=127499	 DONE
28/09/2025 04:49:17:	move motor	S18.axis2.phaseshifter 2 to 0.350000deg	 DONE
28/09/2025 04:49:19:	18	count	time	200.000000s/cts	O Det=1289	H Det=54033	Mon Det=454514	Aux Det=74313	O+H=129635	 DONE
28/09/2025 04:52:41:	move motor	S18.axis2.phaseshifter 2 to 0.525000deg	 DONE
28/09/2025 04:52:43:	19	count	time	200.000000s/cts	O Det=1649	H Det=51351	Mon Det=455321	Aux Det=73900	O+H=126900	 DONE
28/09/2025 04:56:05:	move motor	S18.axis2.phaseshifter 2 to 0.700000deg	 DONE
28/09/2025 04:56:07:	20	count	time	200.000000s/cts	O Det=2809	H Det=43306	Mon Det=454533	Aux Det=73218	O+H=119333	 DONE
28/09/2025 04:59:29:	move motor	S18.axis2.phaseshifter 2 to 0.875000deg	 DONE
28/09/2025 04:59:31:	21	count	time	200.000000s/cts	O Det=3546	H Det=36103	Mon Det=454501	Aux Det=74453	O+H=114102	 DONE
28/09/2025 05:02:53:	move motor	S18.axis2.phaseshifter 2 to 1.050000deg	 DONE
28/09/2025 05:02:55:	22	count	time	200.000000s/cts	O Det=4463	H Det=28602	Mon Det=453122	Aux Det=74571	O+H=107636	 DONE
28/09/2025 05:06:17:	move motor	S18.axis2.phaseshifter 2 to 1.225000deg	 DONE
28/09/2025 05:06:19:	23	count	time	200.000000s/cts	O Det=5414	H Det=22580	Mon Det=455820	Aux Det=73413	O+H=101407	 DONE
28/09/2025 05:09:41:	move motor	S18.axis2.phaseshifter 2 to 1.400000deg	 DONE
28/09/2025 05:09:43:	24	count	time	200.000000s/cts	O Det=5390	H Det=22483	Mon Det=456020	Aux Det=73432	O+H=101305	 DONE
28/09/2025 05:13:06:	move motor	S18.axis2.phaseshifter 2 to 1.575000deg	 DONE
28/09/2025 05:13:07:	25	count	time	200.000000s/cts	O Det=5056	H Det=25447	Mon Det=455617	Aux Det=73349	O+H=103852	 DONE
28/09/2025 05:16:30:	move motor	S18.axis2.phaseshifter 2 to 1.750000deg	 DONE
28/09/2025 05:16:32:	26	count	time	200.000000s/cts	O Det=4131	H Det=31438	Mon Det=455610	Aux Det=74871	O+H=110440	 DONE
28/09/2025 05:19:54:	move motor	S18.axis2.phaseshifter 2 to 1.925000deg	 DONE
28/09/2025 05:19:56:	27	count	time	200.000000s/cts	O Det=3182	H Det=40330	Mon Det=456008	Aux Det=73164	O+H=116676	 DONE
28/09/2025 05:23:18:	move motor	S18.axis2.phaseshifter 2 to 2.100000deg	 DONE
28/09/2025 05:23:20:	28	count	time	200.000000s/cts	O Det=2065	H Det=46926	Mon Det=454971	Aux Det=74717	O+H=123708	 DONE
28/09/2025 05:26:42:	move motor	S18.axis2.phaseshifter 2 to 2.275000deg	 DONE
28/09/2025 05:26:44:	29	count	time	200.000000s/cts	O Det=1270	H Det=53712	Mon Det=454437	Aux Det=73780	O+H=128762	 DONE
28/09/2025 05:30:06:	move motor	S18.axis2.phaseshifter 2 to 2.450000deg	 DONE
28/09/2025 05:30:08:	30	count	time	200.000000s/cts	O Det=1450	H Det=54511	Mon Det=454813	Aux Det=72804	O+H=128765	 DONE
28/09/2025 05:33:30:	move motor	S18.axis2.phaseshifter 2 to 2.625000deg	 DONE
28/09/2025 05:33:32:	31	count	time	200.000000s/cts	O Det=1879	H Det=48981	Mon Det=456409	Aux Det=73680	O+H=124540	 DONE
28/09/2025 05:36:54:	close file and end scan	saving D:\data\Cycle 198\exp_3-16-19\rawdata\sc\ifg2_3p200s_28Sep0351.tif  DONE
28/09/2025 05:36:55:	END OF SCRIPT	 DONE
