03/10/2025 07:07:15:	start execution of script D:\data\Cycle 198\exp_3-16-19\rawdata\sc\ifg2_newPS_6p20s_B2.sc	 DONE
03/10/2025 07:07:15:	move motor	S18.axis2.phaseshifter 2 to -6.100000deg	 DONE
03/10/2025 07:07:19:	create file	D:\data\Cycle 198\exp_3-16-19\rawdata\sc\ifg2_newPS_6p20s_B2_03Oct0707.dat	 DONE
room to enter remarks DONE
03/10/2025 07:07:20:	move motor	S18.axis2.phaseshifter 2 to -6.000000deg	 DONE
03/10/2025 07:07:22:	1	count	time	20.000000s/cts	O Det=1305	H Det=959	Mon Det=46157	Aux Det=2011	O+H=4275	 DONE
03/10/2025 07:07:43:	move motor	S18.axis2.phaseshifter 2 to -5.898305deg	 DONE
03/10/2025 07:07:45:	2	count	time	20.000000s/cts	O Det=1420	H Det=803	Mon Det=46106	Aux Det=2029	O+H=4252	 DONE
03/10/2025 07:08:07:	move motor	S18.axis2.phaseshifter 2 to -5.796610deg	 DONE
03/10/2025 07:08:08:	3	count	time	20.000000s/cts	O Det=1369	H Det=830	Mon Det=46065	Aux Det=2022	O+H=4221	 DONE
03/10/2025 07:08:30:	move motor	S18.axis2.phaseshifter 2 to -5.694915deg	 DONE
03/10/2025 07:08:32:	4	count	time	20.000000s/cts	O Det=1042	H Det=1124	Mon Det=45689	Aux Det=1912	O+H=4078	 DONE
03/10/2025 07:08:53:	move motor	S18.axis2.phaseshifter 2 to -5.593220deg	 DONE
03/10/2025 07:08:55:	5	count	time	20.000000s/cts	O Det=695	H Det=1471	Mon Det=45844	Aux Det=1997	O+H=4163	 DONE
03/10/2025 07:09:17:	move motor	S18.axis2.phaseshifter 2 to -5.491525deg	 DONE
03/10/2025 07:09:18:	6	count	time	20.000000s/cts	O Det=428	H Det=1702	Mon Det=46122	Aux Det=2013	O+H=4143	 DONE
03/10/2025 07:09:40:	move motor	S18.axis2.phaseshifter 2 to -5.389830deg	 DONE
03/10/2025 07:09:41:	7	count	time	20.000000s/cts	O Det=244	H Det=1908	Mon Det=45768	Aux Det=2007	O+H=4159	 DONE
03/10/2025 07:10:03:	move motor	S18.axis2.phaseshifter 2 to -5.288135deg	 DONE
03/10/2025 07:10:05:	8	count	time	20.000000s/cts	O Det=390	H Det=1813	Mon Det=46239	Aux Det=2017	O+H=4220	 DONE
03/10/2025 07:10:26:	move motor	S18.axis2.phaseshifter 2 to -5.186440deg	 DONE
03/10/2025 07:10:28:	9	count	time	20.000000s/cts	O Det=662	H Det=1497	Mon Det=46020	Aux Det=1982	O+H=4141	 DONE
03/10/2025 07:10:50:	move motor	S18.axis2.phaseshifter 2 to -5.084745deg	 DONE
03/10/2025 07:10:51:	10	count	time	20.000000s/cts	O Det=990	H Det=1215	Mon Det=45853	Aux Det=1970	O+H=4175	 DONE
03/10/2025 07:11:13:	move motor	S18.axis2.phaseshifter 2 to -4.983050deg	 DONE
03/10/2025 07:11:14:	11	count	time	20.000000s/cts	O Det=1448	H Det=885	Mon Det=46394	Aux Det=2027	O+H=4360	 DONE
03/10/2025 07:11:36:	move motor	S18.axis2.phaseshifter 2 to -4.881355deg	 DONE
03/10/2025 07:11:38:	12	count	time	20.000000s/cts	O Det=1458	H Det=781	Mon Det=45752	Aux Det=2026	O+H=4265	 DONE
03/10/2025 07:11:59:	move motor	S18.axis2.phaseshifter 2 to -4.779660deg	 DONE
03/10/2025 07:12:01:	13	count	time	20.000000s/cts	O Det=1365	H Det=935	Mon Det=45696	Aux Det=1971	O+H=4271	 DONE
03/10/2025 07:12:23:	move motor	S18.axis2.phaseshifter 2 to -4.677965deg	 DONE
03/10/2025 07:12:24:	14	count	time	20.000000s/cts	O Det=985	H Det=1160	Mon Det=46018	Aux Det=1968	O+H=4113	 DONE
03/10/2025 07:12:46:	move motor	S18.axis2.phaseshifter 2 to -4.576270deg	 DONE
03/10/2025 07:12:47:	15	count	time	20.000000s/cts	O Det=640	H Det=1585	Mon Det=45854	Aux Det=1932	O+H=4157	 DONE
03/10/2025 07:13:09:	move motor	S18.axis2.phaseshifter 2 to -4.474575deg	 DONE
03/10/2025 07:13:11:	16	count	time	20.000000s/cts	O Det=314	H Det=1777	Mon Det=46276	Aux Det=1958	O+H=4049	 DONE
03/10/2025 07:13:32:	move motor	S18.axis2.phaseshifter 2 to -4.372880deg	 DONE
03/10/2025 07:13:34:	17	count	time	20.000000s/cts	O Det=226	H Det=1866	Mon Det=46033	Aux Det=1959	O+H=4051	 DONE
03/10/2025 07:13:56:	move motor	S18.axis2.phaseshifter 2 to -4.271185deg	 DONE
03/10/2025 07:13:57:	18	count	time	20.000000s/cts	O Det=414	H Det=1603	Mon Det=46664	Aux Det=1976	O+H=3993	 DONE
03/10/2025 07:14:19:	move motor	S18.axis2.phaseshifter 2 to -4.169490deg	 DONE
03/10/2025 07:14:20:	19	count	time	20.000000s/cts	O Det=700	H Det=1400	Mon Det=45992	Aux Det=1942	O+H=4042	 DONE
03/10/2025 07:14:42:	move motor	S18.axis2.phaseshifter 2 to -4.067795deg	 DONE
03/10/2025 07:14:44:	20	count	time	20.000000s/cts	O Det=1242	H Det=1031	Mon Det=46042	Aux Det=2001	O+H=4274	 DONE
03/10/2025 07:15:05:	move motor	S18.axis2.phaseshifter 2 to -3.966100deg	 DONE
03/10/2025 07:15:07:	21	count	time	20.000000s/cts	O Det=1452	H Det=840	Mon Det=45778	Aux Det=1945	O+H=4237	 DONE
03/10/2025 07:15:29:	move motor	S18.axis2.phaseshifter 2 to -3.864405deg	 DONE
03/10/2025 07:15:30:	22	count	time	20.000000s/cts	O Det=1453	H Det=766	Mon Det=46139	Aux Det=2030	O+H=4249	 DONE
03/10/2025 07:15:52:	move motor	S18.axis2.phaseshifter 2 to -3.762710deg	 DONE
03/10/2025 07:15:54:	23	count	time	20.000000s/cts	O Det=1335	H Det=1002	Mon Det=45877	Aux Det=1958	O+H=4295	 DONE
03/10/2025 07:16:15:	move motor	S18.axis2.phaseshifter 2 to -3.661015deg	 DONE
03/10/2025 07:16:17:	24	count	time	20.000000s/cts	O Det=988	H Det=1190	Mon Det=45873	Aux Det=2089	O+H=4267	 DONE
03/10/2025 07:16:38:	move motor	S18.axis2.phaseshifter 2 to -3.559320deg	 DONE
03/10/2025 07:16:40:	25	count	time	20.000000s/cts	O Det=609	H Det=1497	Mon Det=45746	Aux Det=1931	O+H=4037	 DONE
03/10/2025 07:17:02:	move motor	S18.axis2.phaseshifter 2 to -3.457625deg	 DONE
03/10/2025 07:17:03:	26	count	time	20.000000s/cts	O Det=341	H Det=1786	Mon Det=46359	Aux Det=2057	O+H=4184	 DONE
03/10/2025 07:17:25:	move motor	S18.axis2.phaseshifter 2 to -3.355930deg	 DONE
03/10/2025 07:17:26:	27	count	time	20.000000s/cts	O Det=209	H Det=1906	Mon Det=45868	Aux Det=1961	O+H=4076	 DONE
03/10/2025 07:17:48:	move motor	S18.axis2.phaseshifter 2 to -3.254235deg	 DONE
03/10/2025 07:17:50:	28	count	time	20.000000s/cts	O Det=444	H Det=1784	Mon Det=45902	Aux Det=2007	O+H=4235	 DONE
03/10/2025 07:18:11:	move motor	S18.axis2.phaseshifter 2 to -3.152540deg	 DONE
03/10/2025 07:18:13:	29	count	time	20.000000s/cts	O Det=724	H Det=1407	Mon Det=45937	Aux Det=1986	O+H=4117	 DONE
03/10/2025 07:18:35:	move motor	S18.axis2.phaseshifter 2 to -3.050845deg	 DONE
03/10/2025 07:18:36:	30	count	time	20.000000s/cts	O Det=1136	H Det=1034	Mon Det=46070	Aux Det=2000	O+H=4170	 DONE
03/10/2025 07:18:58:	move motor	S18.axis2.phaseshifter 2 to -2.949150deg	 DONE
03/10/2025 07:18:59:	31	count	time	20.000000s/cts	O Det=1515	H Det=768	Mon Det=45775	Aux Det=1899	O+H=4182	 DONE
03/10/2025 07:19:21:	move motor	S18.axis2.phaseshifter 2 to -2.847455deg	 DONE
03/10/2025 07:19:23:	32	count	time	20.000000s/cts	O Det=1438	H Det=805	Mon Det=46189	Aux Det=1935	O+H=4178	 DONE
03/10/2025 07:19:44:	move motor	S18.axis2.phaseshifter 2 to -2.745760deg	 DONE
03/10/2025 07:19:46:	33	count	time	20.000000s/cts	O Det=1301	H Det=930	Mon Det=45661	Aux Det=1984	O+H=4215	 DONE
03/10/2025 07:20:07:	move motor	S18.axis2.phaseshifter 2 to -2.644065deg	 DONE
03/10/2025 07:20:09:	34	count	time	20.000000s/cts	O Det=998	H Det=1286	Mon Det=46167	Aux Det=1942	O+H=4226	 DONE
03/10/2025 07:20:31:	move motor	S18.axis2.phaseshifter 2 to -2.542370deg	 DONE
03/10/2025 07:20:32:	35	count	time	20.000000s/cts	O Det=592	H Det=1544	Mon Det=45685	Aux Det=2000	O+H=4136	 DONE
03/10/2025 07:20:54:	move motor	S18.axis2.phaseshifter 2 to -2.440675deg	 DONE
03/10/2025 07:20:56:	36	count	time	20.000000s/cts	O Det=306	H Det=1806	Mon Det=46001	Aux Det=2006	O+H=4118	 DONE
03/10/2025 07:21:17:	move motor	S18.axis2.phaseshifter 2 to -2.338980deg	 DONE
03/10/2025 07:21:19:	37	count	time	20.000000s/cts	O Det=219	H Det=1852	Mon Det=45759	Aux Det=1981	O+H=4052	 DONE
03/10/2025 07:21:41:	move motor	S18.axis2.phaseshifter 2 to -2.237285deg	 DONE
03/10/2025 07:21:42:	38	count	time	20.000000s/cts	O Det=380	H Det=1673	Mon Det=45852	Aux Det=1919	O+H=3972	 DONE
03/10/2025 07:22:04:	move motor	S18.axis2.phaseshifter 2 to -2.135590deg	 DONE
03/10/2025 07:22:05:	39	count	time	20.000000s/cts	O Det=709	H Det=1475	Mon Det=46041	Aux Det=1983	O+H=4167	 DONE
03/10/2025 07:22:27:	move motor	S18.axis2.phaseshifter 2 to -2.033895deg	 DONE
03/10/2025 07:22:29:	40	count	time	20.000000s/cts	O Det=1167	H Det=1080	Mon Det=45983	Aux Det=1938	O+H=4185	 DONE
03/10/2025 07:22:50:	move motor	S18.axis2.phaseshifter 2 to -1.932200deg	 DONE
03/10/2025 07:22:52:	41	count	time	20.000000s/cts	O Det=1440	H Det=860	Mon Det=46272	Aux Det=2014	O+H=4314	 DONE
03/10/2025 07:23:14:	move motor	S18.axis2.phaseshifter 2 to -1.830505deg	 DONE
03/10/2025 07:23:15:	42	count	time	20.000000s/cts	O Det=1458	H Det=719	Mon Det=45486	Aux Det=2042	O+H=4219	 DONE
03/10/2025 07:23:37:	move motor	S18.axis2.phaseshifter 2 to -1.728810deg	 DONE
03/10/2025 07:23:38:	43	count	time	20.000000s/cts	O Det=1273	H Det=980	Mon Det=45768	Aux Det=1929	O+H=4182	 DONE
03/10/2025 07:24:00:	move motor	S18.axis2.phaseshifter 2 to -1.627115deg	 DONE
03/10/2025 07:24:02:	44	count	time	20.000000s/cts	O Det=965	H Det=1262	Mon Det=45638	Aux Det=1984	O+H=4211	 DONE
03/10/2025 07:24:23:	move motor	S18.axis2.phaseshifter 2 to -1.525420deg	 DONE
03/10/2025 07:24:25:	45	count	time	20.000000s/cts	O Det=567	H Det=1577	Mon Det=46269	Aux Det=2010	O+H=4154	 DONE
03/10/2025 07:24:47:	move motor	S18.axis2.phaseshifter 2 to -1.423725deg	 DONE
03/10/2025 07:24:48:	46	count	time	20.000000s/cts	O Det=313	H Det=1864	Mon Det=46322	Aux Det=2027	O+H=4204	 DONE
03/10/2025 07:25:10:	move motor	S18.axis2.phaseshifter 2 to -1.322030deg	 DONE
03/10/2025 07:25:11:	47	count	time	20.000000s/cts	O Det=244	H Det=1903	Mon Det=46022	Aux Det=1903	O+H=4050	 DONE
03/10/2025 07:25:33:	move motor	S18.axis2.phaseshifter 2 to -1.220335deg	 DONE
03/10/2025 07:25:35:	48	count	time	20.000000s/cts	O Det=408	H Det=1765	Mon Det=46191	Aux Det=2032	O+H=4205	 DONE
03/10/2025 07:25:56:	move motor	S18.axis2.phaseshifter 2 to -1.118640deg	 DONE
03/10/2025 07:25:58:	49	count	time	20.000000s/cts	O Det=757	H Det=1420	Mon Det=46223	Aux Det=2106	O+H=4283	 DONE
03/10/2025 07:26:19:	move motor	S18.axis2.phaseshifter 2 to -1.016945deg	 DONE
03/10/2025 07:26:21:	50	count	time	20.000000s/cts	O Det=1166	H Det=1034	Mon Det=45699	Aux Det=2000	O+H=4200	 DONE
03/10/2025 07:26:43:	move motor	S18.axis2.phaseshifter 2 to -0.915250deg	 DONE
03/10/2025 07:26:44:	51	count	time	20.000000s/cts	O Det=1481	H Det=848	Mon Det=45689	Aux Det=2027	O+H=4356	 DONE
03/10/2025 07:27:06:	move motor	S18.axis2.phaseshifter 2 to -0.813555deg	 DONE
03/10/2025 07:27:07:	52	count	time	20.000000s/cts	O Det=1483	H Det=786	Mon Det=46105	Aux Det=1973	O+H=4242	 DONE
03/10/2025 07:27:29:	move motor	S18.axis2.phaseshifter 2 to -0.711860deg	 DONE
03/10/2025 07:27:31:	53	count	time	20.000000s/cts	O Det=1375	H Det=916	Mon Det=45897	Aux Det=1991	O+H=4282	 DONE
03/10/2025 07:27:52:	move motor	S18.axis2.phaseshifter 2 to -0.610165deg	 DONE
03/10/2025 07:27:54:	54	count	time	20.000000s/cts	O Det=1041	H Det=1223	Mon Det=46105	Aux Det=1996	O+H=4260	 DONE
03/10/2025 07:28:16:	move motor	S18.axis2.phaseshifter 2 to -0.508470deg	 DONE
03/10/2025 07:28:17:	55	count	time	20.000000s/cts	O Det=606	H Det=1599	Mon Det=46049	Aux Det=1912	O+H=4117	 DONE
03/10/2025 07:28:39:	move motor	S18.axis2.phaseshifter 2 to -0.406775deg	 DONE
03/10/2025 07:28:40:	56	count	time	20.000000s/cts	O Det=325	H Det=1812	Mon Det=46353	Aux Det=2038	O+H=4175	 DONE
03/10/2025 07:29:02:	move motor	S18.axis2.phaseshifter 2 to -0.305080deg	 DONE
03/10/2025 07:29:04:	57	count	time	20.000000s/cts	O Det=241	H Det=2006	Mon Det=45750	Aux Det=1993	O+H=4240	 DONE
03/10/2025 07:29:25:	move motor	S18.axis2.phaseshifter 2 to -0.203385deg	 DONE
03/10/2025 07:29:27:	58	count	time	20.000000s/cts	O Det=372	H Det=1793	Mon Det=46008	Aux Det=2044	O+H=4209	 DONE
03/10/2025 07:29:48:	move motor	S18.axis2.phaseshifter 2 to -0.101690deg	 DONE
03/10/2025 07:29:50:	59	count	time	20.000000s/cts	O Det=761	H Det=1430	Mon Det=45932	Aux Det=2071	O+H=4262	 DONE
03/10/2025 07:30:12:	move motor	S18.axis2.phaseshifter 2 to 0.000005deg	 DONE
03/10/2025 07:30:13:	60	count	time	20.000000s/cts	O Det=1148	H Det=1078	Mon Det=45909	Aux Det=1982	O+H=4208	 DONE
03/10/2025 07:30:35:	close file and end scan	 DONE
03/10/2025 07:30:35:	END OF SCRIPT	 DONE
