27/09/2025 10:45:07:	start execution of script D:\data\Cycle 198\exp_3-16-19\rawdata\sc\ifg2_3p20s_B2.sc	 DONE
27/09/2025 10:45:07:	move motor	S18.axis2.phaseshifter 2 to -3.175000deg	 DONE
27/09/2025 10:45:11:	create file	D:\data\Cycle 198\exp_3-16-19\rawdata\sc\ifg2_3p20s_B2_27Sep1045.dat	 DONE
room to enter remarks DONE
27/09/2025 10:45:12:	read encoder	S18.auxiliary.Robot Diagonal		-20990.939917 DONE
27/09/2025 10:45:14:	move motor	S18.axis2.phaseshifter 2 to -3.075000deg	 DONE
27/09/2025 10:45:15:	1	count	time	20.000000s/cts	O Det=3816	H Det=1703	Mon Det=45246	Aux Det=3212	O+H=8731	 DONE
27/09/2025 10:45:37:	move motor	S18.axis2.phaseshifter 2 to -2.870000deg	 DONE
27/09/2025 10:45:39:	2	count	time	20.000000s/cts	O Det=3357	H Det=2155	Mon Det=45364	Aux Det=3071	O+H=8583	 DONE
27/09/2025 10:46:01:	move motor	S18.axis2.phaseshifter 2 to -2.665000deg	 DONE
27/09/2025 10:46:02:	3	count	time	20.000000s/cts	O Det=2719	H Det=2652	Mon Det=45462	Aux Det=3176	O+H=8547	 DONE
27/09/2025 10:46:24:	move motor	S18.axis2.phaseshifter 2 to -2.460000deg	 DONE
27/09/2025 10:46:26:	4	count	time	20.000000s/cts	O Det=1823	H Det=3347	Mon Det=45488	Aux Det=3093	O+H=8263	 DONE
27/09/2025 10:46:48:	move motor	S18.axis2.phaseshifter 2 to -2.255000deg	 DONE
27/09/2025 10:46:49:	5	count	time	20.000000s/cts	O Det=897	H Det=4244	Mon Det=45097	Aux Det=3130	O+H=8271	 DONE
27/09/2025 10:47:11:	move motor	S18.axis2.phaseshifter 2 to -2.050000deg	 DONE
27/09/2025 10:47:13:	6	count	time	20.000000s/cts	O Det=781	H Det=4366	Mon Det=45492	Aux Det=3208	O+H=8355	 DONE
27/09/2025 10:47:34:	move motor	S18.axis2.phaseshifter 2 to -1.845000deg	 DONE
27/09/2025 10:47:36:	7	count	time	20.000000s/cts	O Det=1348	H Det=3837	Mon Det=45185	Aux Det=3037	O+H=8222	 DONE
27/09/2025 10:47:58:	move motor	S18.axis2.phaseshifter 2 to -1.640000deg	 DONE
27/09/2025 10:48:00:	8	count	time	20.000000s/cts	O Det=2153	H Det=2949	Mon Det=45636	Aux Det=2982	O+H=8084	 DONE
27/09/2025 10:48:21:	move motor	S18.axis2.phaseshifter 2 to -1.435000deg	 DONE
27/09/2025 10:48:23:	9	count	time	20.000000s/cts	O Det=2677	H Det=2673	Mon Det=45304	Aux Det=3150	O+H=8500	 DONE
27/09/2025 10:48:45:	move motor	S18.axis2.phaseshifter 2 to -1.230000deg	 DONE
27/09/2025 10:48:47:	10	count	time	20.000000s/cts	O Det=3434	H Det=2083	Mon Det=45414	Aux Det=2926	O+H=8443	 DONE
27/09/2025 10:49:08:	move motor	S18.axis2.phaseshifter 2 to -1.025000deg	 DONE
27/09/2025 10:49:10:	11	count	time	20.000000s/cts	O Det=3803	H Det=1624	Mon Det=45346	Aux Det=3056	O+H=8483	 DONE
27/09/2025 10:49:32:	move motor	S18.axis2.phaseshifter 2 to -0.820000deg	 DONE
27/09/2025 10:49:33:	12	count	time	20.000000s/cts	O Det=3618	H Det=2019	Mon Det=45158	Aux Det=3102	O+H=8739	 DONE
27/09/2025 10:49:55:	move motor	S18.axis2.phaseshifter 2 to -0.615000deg	 DONE
27/09/2025 10:49:57:	13	count	time	20.000000s/cts	O Det=2732	H Det=2650	Mon Det=45432	Aux Det=3039	O+H=8421	 DONE
27/09/2025 10:50:19:	move motor	S18.axis2.phaseshifter 2 to -0.410000deg	 DONE
27/09/2025 10:50:20:	14	count	time	20.000000s/cts	O Det=1500	H Det=3691	Mon Det=45373	Aux Det=3034	O+H=8225	 DONE
27/09/2025 10:50:42:	move motor	S18.axis2.phaseshifter 2 to -0.205000deg	 DONE
27/09/2025 10:50:44:	15	count	time	20.000000s/cts	O Det=812	H Det=4342	Mon Det=45290	Aux Det=3103	O+H=8257	 DONE
27/09/2025 10:51:06:	move motor	S18.axis2.phaseshifter 2 to -0.000000deg	 DONE
27/09/2025 10:51:08:	16	count	time	20.000000s/cts	O Det=839	H Det=4502	Mon Det=45395	Aux Det=3065	O+H=8406	 DONE
27/09/2025 10:51:29:	move motor	S18.axis2.phaseshifter 2 to 0.205000deg	 DONE
27/09/2025 10:51:31:	17	count	time	20.000000s/cts	O Det=1030	H Det=4214	Mon Det=45327	Aux Det=2944	O+H=8188	 DONE
27/09/2025 10:51:53:	move motor	S18.axis2.phaseshifter 2 to 0.410000deg	 DONE
27/09/2025 10:51:54:	18	count	time	20.000000s/cts	O Det=1852	H Det=3418	Mon Det=45553	Aux Det=3036	O+H=8306	 DONE
27/09/2025 10:52:16:	move motor	S18.axis2.phaseshifter 2 to 0.615000deg	 DONE
27/09/2025 10:52:18:	19	count	time	20.000000s/cts	O Det=3076	H Det=2341	Mon Det=45870	Aux Det=3095	O+H=8512	 DONE
27/09/2025 10:52:40:	move motor	S18.axis2.phaseshifter 2 to 0.820000deg	 DONE
27/09/2025 10:52:41:	20	count	time	20.000000s/cts	O Det=3720	H Det=1765	Mon Det=45302	Aux Det=3036	O+H=8521	 DONE
27/09/2025 10:53:03:	move motor	S18.axis2.phaseshifter 2 to 1.025000deg	 DONE
27/09/2025 10:53:05:	21	count	time	20.000000s/cts	O Det=3710	H Det=1778	Mon Det=45606	Aux Det=3162	O+H=8650	 DONE
27/09/2025 10:53:27:	move motor	S18.axis2.phaseshifter 2 to 1.230000deg	 DONE
27/09/2025 10:53:29:	22	count	time	20.000000s/cts	O Det=3403	H Det=2128	Mon Det=45300	Aux Det=3111	O+H=8642	 DONE
27/09/2025 10:53:50:	move motor	S18.axis2.phaseshifter 2 to 1.435000deg	 DONE
27/09/2025 10:53:52:	23	count	time	20.000000s/cts	O Det=2706	H Det=2605	Mon Det=45273	Aux Det=3075	O+H=8386	 DONE
27/09/2025 10:54:14:	move motor	S18.axis2.phaseshifter 2 to 1.640000deg	 DONE
27/09/2025 10:54:16:	24	count	time	20.000000s/cts	O Det=1439	H Det=3674	Mon Det=45247	Aux Det=3110	O+H=8223	 DONE
27/09/2025 10:54:37:	move motor	S18.axis2.phaseshifter 2 to 1.845000deg	 DONE
27/09/2025 10:54:39:	25	count	time	20.000000s/cts	O Det=944	H Det=4229	Mon Det=45520	Aux Det=3119	O+H=8292	 DONE
27/09/2025 10:55:01:	move motor	S18.axis2.phaseshifter 2 to 2.050000deg	 DONE
27/09/2025 10:55:03:	26	count	time	20.000000s/cts	O Det=759	H Det=4322	Mon Det=45410	Aux Det=3061	O+H=8142	 DONE
27/09/2025 10:55:24:	move motor	S18.axis2.phaseshifter 2 to 2.255000deg	 DONE
27/09/2025 10:55:26:	27	count	time	20.000000s/cts	O Det=1191	H Det=3906	Mon Det=45036	Aux Det=3053	O+H=8150	 DONE
27/09/2025 10:55:48:	move motor	S18.axis2.phaseshifter 2 to 2.460000deg	 DONE
27/09/2025 10:55:50:	28	count	time	20.000000s/cts	O Det=2022	H Det=3216	Mon Det=45698	Aux Det=3008	O+H=8246	 DONE
27/09/2025 10:56:11:	move motor	S18.axis2.phaseshifter 2 to 2.665000deg	 DONE
27/09/2025 10:56:13:	29	count	time	20.000000s/cts	O Det=2759	H Det=2521	Mon Det=45492	Aux Det=2997	O+H=8277	 DONE
27/09/2025 10:56:35:	move motor	S18.axis2.phaseshifter 2 to 2.870000deg	 DONE
27/09/2025 10:56:37:	30	count	time	20.000000s/cts	O Det=3353	H Det=1989	Mon Det=45021	Aux Det=3111	O+H=8453	 DONE
27/09/2025 10:56:58:	move motor	S18.axis2.phaseshifter 2 to 3.075000deg	 DONE
27/09/2025 10:57:00:	31	count	time	20.000000s/cts	O Det=3710	H Det=1711	Mon Det=45037	Aux Det=3239	O+H=8660	 DONE
27/09/2025 10:57:22:	close file and end scan	 DONE
27/09/2025 10:57:23:	END OF SCRIPT	 DONE
