24/09/2025 00:18:50:	start execution of script D:\data\Cycle 198\exp_3-16-19\rawdata\sc\ifg2_3p200s_B1.sc	 DONE
24/09/2025 00:18:50:	move motor	S18.axis2.phaseshifter 2 to -2.725000deg	 DONE
24/09/2025 00:18:53:	create file	D:\data\Cycle 198\exp_3-16-19\rawdata\sc\ifg2_3p200s_B1_24Sep0018.dat	 DONE
room to enter remarks DONE
24/09/2025 00:18:54:	read encoder	S18.auxiliary.Robot Diagonal		-9998.779997 DONE
24/09/2025 00:18:55:	move motor	S18.axis2.phaseshifter 2 to -2.625000deg	 DONE
24/09/2025 00:18:57:	1	count	time	200.000000s/cts	O Det=30148	H Det=239459	Mon Det=443402	Aux Det=266694	O+H=536301	 DONE
24/09/2025 00:22:19:	move motor	S18.axis2.phaseshifter 2 to -2.450000deg	 DONE
24/09/2025 00:22:21:	2	count	time	200.000000s/cts	O Det=32124	H Det=223531	Mon Det=443299	Aux Det=266611	O+H=522266	 DONE
24/09/2025 00:25:44:	move motor	S18.axis2.phaseshifter 2 to -2.275000deg	 DONE
24/09/2025 00:25:45:	3	count	time	200.000000s/cts	O Det=32532	H Det=225462	Mon Det=442816	Aux Det=265831	O+H=523825	 DONE
24/09/2025 00:29:08:	move motor	S18.axis2.phaseshifter 2 to -2.100000deg	 DONE
24/09/2025 00:29:10:	4	count	time	200.000000s/cts	O Det=29843	H Det=242936	Mon Det=441537	Aux Det=266686	O+H=539465	 DONE
24/09/2025 00:32:32:	move motor	S18.axis2.phaseshifter 2 to -1.925000deg	 DONE
24/09/2025 00:32:34:	5	count	time	200.000000s/cts	O Det=24838	H Det=283891	Mon Det=442082	Aux Det=266153	O+H=574882	 DONE
24/09/2025 00:35:56:	move motor	S18.axis2.phaseshifter 2 to -1.750000deg	 DONE
24/09/2025 00:35:58:	6	count	time	200.000000s/cts	O Det=20227	H Det=317469	Mon Det=442900	Aux Det=265660	O+H=603356	 DONE
24/09/2025 00:39:20:	move motor	S18.axis2.phaseshifter 2 to -1.575000deg	 DONE
24/09/2025 00:39:22:	7	count	time	200.000000s/cts	O Det=16078	H Det=345582	Mon Det=443109	Aux Det=265866	O+H=627526	 DONE
24/09/2025 00:42:44:	move motor	S18.axis2.phaseshifter 2 to -1.400000deg	 DONE
24/09/2025 00:42:46:	8	count	time	200.000000s/cts	O Det=14793	H Det=355435	Mon Det=442699	Aux Det=267029	O+H=637257	 DONE
24/09/2025 00:46:08:	move motor	S18.axis2.phaseshifter 2 to -1.225000deg	 DONE
24/09/2025 00:46:10:	9	count	time	200.000000s/cts	O Det=15594	H Det=350083	Mon Det=441884	Aux Det=267043	O+H=632720	 DONE
24/09/2025 00:49:32:	move motor	S18.axis2.phaseshifter 2 to -1.050000deg	 DONE
24/09/2025 00:49:34:	10	count	time	200.000000s/cts	O Det=18981	H Det=322799	Mon Det=440597	Aux Det=267187	O+H=608967	 DONE
24/09/2025 00:52:56:	move motor	S18.axis2.phaseshifter 2 to -0.875000deg	 DONE
24/09/2025 00:52:58:	11	count	time	200.000000s/cts	O Det=23289	H Det=292617	Mon Det=442222	Aux Det=266349	O+H=582255	 DONE
24/09/2025 00:56:20:	move motor	S18.axis2.phaseshifter 2 to -0.700000deg	 DONE
24/09/2025 00:56:22:	12	count	time	200.000000s/cts	O Det=26143	H Det=266107	Mon Det=441862	Aux Det=266586	O+H=558836	 DONE
24/09/2025 00:59:44:	move motor	S18.axis2.phaseshifter 2 to -0.525000deg	 DONE
24/09/2025 00:59:46:	13	count	time	200.000000s/cts	O Det=31144	H Det=231054	Mon Det=442079	Aux Det=266922	O+H=529120	 DONE
24/09/2025 01:03:08:	move motor	S18.axis2.phaseshifter 2 to -0.350000deg	 DONE
24/09/2025 01:03:10:	14	count	time	200.000000s/cts	O Det=32632	H Det=219664	Mon Det=441311	Aux Det=266987	O+H=519283	 DONE
24/09/2025 01:06:33:	move motor	S18.axis2.phaseshifter 2 to -0.175000deg	 DONE
24/09/2025 01:06:34:	15	count	time	200.000000s/cts	O Det=31061	H Det=230643	Mon Det=443223	Aux Det=266065	O+H=527769	 DONE
24/09/2025 01:09:57:	move motor	S18.axis2.phaseshifter 2 to 0.000000deg	 DONE
24/09/2025 01:09:58:	16	count	time	200.000000s/cts	O Det=28310	H Det=253405	Mon Det=440558	Aux Det=266095	O+H=547810	 DONE
24/09/2025 01:13:20:	move motor	S18.axis2.phaseshifter 2 to 0.175000deg	 DONE
24/09/2025 01:13:22:	17	count	time	200.000000s/cts	O Det=24578	H Det=279805	Mon Det=439958	Aux Det=265950	O+H=570333	 DONE
24/09/2025 01:16:44:	move motor	S18.axis2.phaseshifter 2 to 0.350000deg	 DONE
24/09/2025 01:16:46:	18	count	time	200.000000s/cts	O Det=20000	H Det=315343	Mon Det=441034	Aux Det=266009	O+H=601352	 DONE
24/09/2025 01:20:08:	move motor	S18.axis2.phaseshifter 2 to 0.525000deg	 DONE
24/09/2025 01:20:10:	19	count	time	200.000000s/cts	O Det=16164	H Det=344127	Mon Det=441271	Aux Det=265357	O+H=625648	 DONE
24/09/2025 01:23:32:	move motor	S18.axis2.phaseshifter 2 to 0.700000deg	 DONE
24/09/2025 01:23:34:	20	count	time	200.000000s/cts	O Det=14414	H Det=356043	Mon Det=439807	Aux Det=265668	O+H=636125	 DONE
24/09/2025 01:26:57:	move motor	S18.axis2.phaseshifter 2 to 0.875000deg	 DONE
24/09/2025 01:26:59:	21	count	time	200.000000s/cts	O Det=15791	H Det=345647	Mon Det=441423	Aux Det=265847	O+H=627285	 DONE
24/09/2025 01:30:21:	move motor	S18.axis2.phaseshifter 2 to 1.050000deg	 DONE
24/09/2025 01:30:23:	22	count	time	200.000000s/cts	O Det=18502	H Det=324660	Mon Det=441482	Aux Det=265882	O+H=609044	 DONE
24/09/2025 01:33:45:	move motor	S18.axis2.phaseshifter 2 to 1.225000deg	 DONE
24/09/2025 01:33:47:	23	count	time	200.000000s/cts	O Det=22465	H Det=294235	Mon Det=441700	Aux Det=265363	O+H=582063	 DONE
24/09/2025 01:37:09:	move motor	S18.axis2.phaseshifter 2 to 1.400000deg	 DONE
24/09/2025 01:37:11:	24	count	time	200.000000s/cts	O Det=27713	H Det=255734	Mon Det=440264	Aux Det=264621	O+H=548068	 DONE
24/09/2025 01:40:34:	move motor	S18.axis2.phaseshifter 2 to 1.575000deg	 DONE
24/09/2025 01:40:35:	25	count	time	200.000000s/cts	O Det=31993	H Det=225113	Mon Det=440804	Aux Det=264260	O+H=521366	 DONE
24/09/2025 01:43:58:	move motor	S18.axis2.phaseshifter 2 to 1.750000deg	 DONE
24/09/2025 01:43:59:	26	count	time	200.000000s/cts	O Det=32296	H Det=219266	Mon Det=440497	Aux Det=265112	O+H=516674	 DONE
24/09/2025 01:47:22:	move motor	S18.axis2.phaseshifter 2 to 1.925000deg	 DONE
24/09/2025 01:47:24:	27	count	time	200.000000s/cts	O Det=30237	H Det=229646	Mon Det=439948	Aux Det=265110	O+H=524993	 DONE
24/09/2025 01:50:46:	move motor	S18.axis2.phaseshifter 2 to 2.100000deg	 DONE
24/09/2025 01:50:48:	28	count	time	200.000000s/cts	O Det=26362	H Det=262941	Mon Det=439132	Aux Det=264821	O+H=554124	 DONE
24/09/2025 01:54:10:	move motor	S18.axis2.phaseshifter 2 to 2.275000deg	 DONE
24/09/2025 01:54:12:	29	count	time	200.000000s/cts	O Det=21965	H Det=296129	Mon Det=440753	Aux Det=264031	O+H=582125	 DONE
24/09/2025 01:57:35:	move motor	S18.axis2.phaseshifter 2 to 2.450000deg	 DONE
24/09/2025 01:57:36:	30	count	time	200.000000s/cts	O Det=17596	H Det=325440	Mon Det=442163	Aux Det=263941	O+H=606977	 DONE
24/09/2025 02:00:59:	move motor	S18.axis2.phaseshifter 2 to 2.625000deg	 DONE
24/09/2025 02:01:01:	31	count	time	200.000000s/cts	O Det=14631	H Det=349863	Mon Det=442176	Aux Det=264350	O+H=628844	 DONE
24/09/2025 02:04:23:	close file and end scan	saving D:\data\Cycle 198\exp_3-16-19\rawdata\sc\ifg2_3p200s_B1_24Sep0018.tif  DONE
24/09/2025 02:04:24:	END OF SCRIPT	 DONE
