25/09/2025 10:45:53:	start execution of script D:\data\Cycle 198\exp_3-16-19\rawdata\sc\ifg2_3p120s_B1.sc	 DONE
25/09/2025 10:45:54:	move motor	S18.axis2.phaseshifter 2 to -2.725000deg	 DONE
25/09/2025 10:45:57:	create file	D:\data\Cycle 198\exp_3-16-19\rawdata\sc\ifg2_3p120s_B1_25Sep1045.dat	 DONE
room to enter remarks DONE
25/09/2025 10:45:58:	read encoder	S18.auxiliary.Robot Diagonal		-19995.693968 DONE
25/09/2025 10:45:59:	move motor	S18.axis2.phaseshifter 2 to -2.625000deg	 DONE
25/09/2025 10:46:01:	1	count	time	120.000000s/cts	O Det=19952	H Det=123629	Mon Det=273020	Aux Det=170032	O+H=313613	 DONE
25/09/2025 10:48:03:	move motor	S18.axis2.phaseshifter 2 to -2.450000deg	 DONE
25/09/2025 10:48:05:	2	count	time	120.000000s/cts	O Det=15322	H Det=160164	Mon Det=274368	Aux Det=170803	O+H=346289	 DONE
25/09/2025 10:50:07:	move motor	S18.axis2.phaseshifter 2 to -2.275000deg	 DONE
25/09/2025 10:50:08:	3	count	time	120.000000s/cts	O Det=12889	H Det=177290	Mon Det=274356	Aux Det=170333	O+H=360512	 DONE
25/09/2025 10:52:11:	move motor	S18.axis2.phaseshifter 2 to -2.100000deg	 DONE
25/09/2025 10:52:12:	4	count	time	120.000000s/cts	O Det=9267	H Det=205101	Mon Det=273579	Aux Det=171184	O+H=385552	 DONE
25/09/2025 10:54:14:	move motor	S18.axis2.phaseshifter 2 to -1.925000deg	 DONE
25/09/2025 10:54:16:	5	count	time	120.000000s/cts	O Det=7419	H Det=219469	Mon Det=273281	Aux Det=170838	O+H=397726	 DONE
25/09/2025 10:56:18:	move motor	S18.axis2.phaseshifter 2 to -1.750000deg	 DONE
25/09/2025 10:56:20:	6	count	time	120.000000s/cts	O Det=7944	H Det=212806	Mon Det=272950	Aux Det=170271	O+H=391021	 DONE
25/09/2025 10:58:22:	move motor	S18.axis2.phaseshifter 2 to -1.575000deg	 DONE
25/09/2025 10:58:23:	7	count	time	120.000000s/cts	O Det=8964	H Det=206337	Mon Det=273816	Aux Det=170559	O+H=385860	 DONE
25/09/2025 11:00:25:	move motor	S18.axis2.phaseshifter 2 to -1.400000deg	 DONE
25/09/2025 11:00:27:	8	count	time	120.000000s/cts	O Det=12890	H Det=176137	Mon Det=274039	Aux Det=171199	O+H=360226	 DONE
25/09/2025 11:02:29:	move motor	S18.axis2.phaseshifter 2 to -1.225000deg	 DONE
25/09/2025 11:02:31:	9	count	time	120.000000s/cts	O Det=17778	H Det=140848	Mon Det=273353	Aux Det=171627	O+H=330253	 DONE
25/09/2025 11:04:33:	move motor	S18.axis2.phaseshifter 2 to -1.050000deg	 DONE
25/09/2025 11:04:35:	10	count	time	120.000000s/cts	O Det=21461	H Det=113133	Mon Det=273951	Aux Det=171481	O+H=306075	 DONE
25/09/2025 11:06:37:	move motor	S18.axis2.phaseshifter 2 to -0.875000deg	 DONE
25/09/2025 11:06:38:	11	count	time	120.000000s/cts	O Det=22813	H Det=102250	Mon Det=273861	Aux Det=171398	O+H=296461	 DONE
25/09/2025 11:08:41:	move motor	S18.axis2.phaseshifter 2 to -0.700000deg	 DONE
25/09/2025 11:08:42:	12	count	time	120.000000s/cts	O Det=23242	H Det=100203	Mon Det=273863	Aux Det=170925	O+H=294370	 DONE
25/09/2025 11:10:44:	move motor	S18.axis2.phaseshifter 2 to -0.525000deg	 DONE
25/09/2025 11:10:46:	13	count	time	120.000000s/cts	O Det=20726	H Det=119098	Mon Det=273981	Aux Det=171263	O+H=311087	 DONE
25/09/2025 11:12:48:	move motor	S18.axis2.phaseshifter 2 to -0.350000deg	 DONE
25/09/2025 11:12:50:	14	count	time	120.000000s/cts	O Det=15664	H Det=158452	Mon Det=273201	Aux Det=172054	O+H=346170	 DONE
25/09/2025 11:14:52:	move motor	S18.axis2.phaseshifter 2 to -0.175000deg	 DONE
25/09/2025 11:14:54:	15	count	time	120.000000s/cts	O Det=12079	H Det=184169	Mon Det=273236	Aux Det=171617	O+H=367865	 DONE
25/09/2025 11:16:56:	move motor	S18.axis2.phaseshifter 2 to 0.000000deg	 DONE
25/09/2025 11:16:58:	16	count	time	120.000000s/cts	O Det=9628	H Det=205176	Mon Det=273250	Aux Det=171868	O+H=386672	 DONE
25/09/2025 11:19:00:	move motor	S18.axis2.phaseshifter 2 to 0.175000deg	 DONE
25/09/2025 11:19:01:	17	count	time	120.000000s/cts	O Det=6795	H Det=224634	Mon Det=274154	Aux Det=171949	O+H=403378	 DONE
25/09/2025 11:21:04:	move motor	S18.axis2.phaseshifter 2 to 0.350000deg	 DONE
25/09/2025 11:21:05:	18	count	time	120.000000s/cts	O Det=6810	H Det=223849	Mon Det=272522	Aux Det=171655	O+H=402314	 DONE
25/09/2025 11:23:08:	move motor	S18.axis2.phaseshifter 2 to 0.525000deg	 DONE
25/09/2025 11:23:09:	19	count	time	120.000000s/cts	O Det=9816	H Det=200121	Mon Det=273785	Aux Det=171765	O+H=381702	 DONE
25/09/2025 11:25:12:	move motor	S18.axis2.phaseshifter 2 to 0.700000deg	 DONE
25/09/2025 11:25:13:	20	count	time	120.000000s/cts	O Det=13851	H Det=169526	Mon Det=273246	Aux Det=172877	O+H=356254	 DONE
25/09/2025 11:27:16:	move motor	S18.axis2.phaseshifter 2 to 0.875000deg	 DONE
25/09/2025 11:27:17:	21	count	time	120.000000s/cts	O Det=18390	H Det=135558	Mon Det=273309	Aux Det=172715	O+H=326663	 DONE
25/09/2025 11:29:20:	move motor	S18.axis2.phaseshifter 2 to 1.050000deg	 DONE
25/09/2025 11:29:21:	22	count	time	120.000000s/cts	O Det=21865	H Det=110498	Mon Det=272748	Aux Det=172878	O+H=305241	 DONE
25/09/2025 11:31:23:	move motor	S18.axis2.phaseshifter 2 to 1.225000deg	 DONE
25/09/2025 11:31:25:	23	count	time	120.000000s/cts	O Det=23177	H Det=101040	Mon Det=273309	Aux Det=173571	O+H=297788	 DONE
25/09/2025 11:33:27:	move motor	S18.axis2.phaseshifter 2 to 1.400000deg	 DONE
25/09/2025 11:33:29:	24	count	time	120.000000s/cts	O Det=23166	H Det=102667	Mon Det=273361	Aux Det=173285	O+H=299118	 DONE
25/09/2025 11:35:31:	move motor	S18.axis2.phaseshifter 2 to 1.575000deg	 DONE
25/09/2025 11:35:33:	25	count	time	120.000000s/cts	O Det=20889	H Det=120295	Mon Det=272520	Aux Det=172997	O+H=314181	 DONE
25/09/2025 11:37:35:	move motor	S18.axis2.phaseshifter 2 to 1.750000deg	 DONE
25/09/2025 11:37:37:	26	count	time	120.000000s/cts	O Det=17317	H Det=146718	Mon Det=272682	Aux Det=173146	O+H=337181	 DONE
25/09/2025 11:39:39:	move motor	S18.axis2.phaseshifter 2 to 1.925000deg	 DONE
25/09/2025 11:39:41:	27	count	time	120.000000s/cts	O Det=12953	H Det=179700	Mon Det=272384	Aux Det=173063	O+H=365716	 DONE
25/09/2025 11:41:43:	move motor	S18.axis2.phaseshifter 2 to 2.100000deg	 DONE
25/09/2025 11:41:45:	28	count	time	120.000000s/cts	O Det=8220	H Det=215478	Mon Det=272662	Aux Det=173280	O+H=396978	 DONE
25/09/2025 11:43:47:	move motor	S18.axis2.phaseshifter 2 to 2.275000deg	 DONE
25/09/2025 11:43:48:	29	count	time	120.000000s/cts	O Det=6985	H Det=224625	Mon Det=272852	Aux Det=173387	O+H=404997	 DONE
25/09/2025 11:45:51:	move motor	S18.axis2.phaseshifter 2 to 2.450000deg	 DONE
25/09/2025 11:45:52:	30	count	time	120.000000s/cts	O Det=7578	H Det=221312	Mon Det=273663	Aux Det=173483	O+H=402373	 DONE
25/09/2025 11:47:54:	move motor	S18.axis2.phaseshifter 2 to 2.625000deg	 DONE
25/09/2025 11:47:56:	31	count	time	120.000000s/cts	O Det=8581	H Det=213744	Mon Det=274199	Aux Det=173406	O+H=395731	 DONE
25/09/2025 11:49:58:	close file and end scan	saving D:\data\Cycle 198\exp_3-16-19\rawdata\sc\ifg2_3p120s_B1_25Sep1045.tif  DONE
25/09/2025 11:49:59:	END OF SCRIPT	 DONE
