02/10/2025 18:18:43:	start execution of script D:\data\Cycle 198\exp_3-16-19\rawdata\sc\ifg2_newPS_6p20s_B1.sc	 DONE
02/10/2025 18:18:44:	move motor	S18.axis2.phaseshifter 2 to -3.100000deg	 DONE
02/10/2025 18:18:46:	create file	D:\data\Cycle 198\exp_3-16-19\rawdata\sc\ifg2_newPS_6p20s_B1_02Oct1818.dat	 DONE
room to enter remarks DONE
02/10/2025 18:18:47:	move motor	S18.axis2.phaseshifter 2 to -3.000000deg	 DONE
02/10/2025 18:18:49:	1	count	time	20.000000s/cts	O Det=824	H Det=1352	Mon Det=45768	Aux Det=1527	O+H=3703	 DONE
02/10/2025 18:19:10:	move motor	S18.axis2.phaseshifter 2 to -2.898305deg	 DONE
02/10/2025 18:19:12:	2	count	time	20.000000s/cts	O Det=1117	H Det=1052	Mon Det=45371	Aux Det=1490	O+H=3659	 DONE
02/10/2025 18:19:34:	move motor	S18.axis2.phaseshifter 2 to -2.796610deg	 DONE
02/10/2025 18:19:35:	3	count	time	20.000000s/cts	O Det=1376	H Det=840	Mon Det=46090	Aux Det=1465	O+H=3681	 DONE
02/10/2025 18:19:57:	move motor	S18.axis2.phaseshifter 2 to -2.694915deg	 DONE
02/10/2025 18:19:59:	4	count	time	20.000000s/cts	O Det=1485	H Det=759	Mon Det=45783	Aux Det=1480	O+H=3724	 DONE
02/10/2025 18:20:20:	move motor	S18.axis2.phaseshifter 2 to -2.593220deg	 DONE
02/10/2025 18:20:22:	5	count	time	20.000000s/cts	O Det=1261	H Det=894	Mon Det=46136	Aux Det=1447	O+H=3602	 DONE
02/10/2025 18:20:43:	move motor	S18.axis2.phaseshifter 2 to -2.491525deg	 DONE
02/10/2025 18:20:45:	6	count	time	20.000000s/cts	O Det=1036	H Det=1219	Mon Det=45692	Aux Det=1412	O+H=3667	 DONE
02/10/2025 18:21:07:	move motor	S18.axis2.phaseshifter 2 to -2.389830deg	 DONE
02/10/2025 18:21:08:	7	count	time	20.000000s/cts	O Det=666	H Det=1497	Mon Det=45409	Aux Det=1509	O+H=3672	 DONE
02/10/2025 18:21:30:	move motor	S18.axis2.phaseshifter 2 to -2.288135deg	 DONE
02/10/2025 18:21:32:	8	count	time	20.000000s/cts	O Det=373	H Det=1848	Mon Det=46052	Aux Det=1510	O+H=3731	 DONE
02/10/2025 18:21:53:	move motor	S18.axis2.phaseshifter 2 to -2.186440deg	 DONE
02/10/2025 18:21:55:	9	count	time	20.000000s/cts	O Det=310	H Det=1817	Mon Det=45755	Aux Det=1516	O+H=3643	 DONE
02/10/2025 18:22:16:	move motor	S18.axis2.phaseshifter 2 to -2.084745deg	 DONE
02/10/2025 18:22:18:	10	count	time	20.000000s/cts	O Det=457	H Det=1729	Mon Det=45788	Aux Det=1430	O+H=3616	 DONE
02/10/2025 18:22:40:	move motor	S18.axis2.phaseshifter 2 to -1.983050deg	 DONE
02/10/2025 18:22:41:	11	count	time	20.000000s/cts	O Det=808	H Det=1349	Mon Det=45656	Aux Det=1524	O+H=3681	 DONE
02/10/2025 18:23:03:	move motor	S18.axis2.phaseshifter 2 to -1.881355deg	 DONE
02/10/2025 18:23:04:	12	count	time	20.000000s/cts	O Det=1136	H Det=1008	Mon Det=45568	Aux Det=1443	O+H=3587	 DONE
02/10/2025 18:23:26:	move motor	S18.axis2.phaseshifter 2 to -1.779660deg	 DONE
02/10/2025 18:23:28:	13	count	time	20.000000s/cts	O Det=1359	H Det=886	Mon Det=45710	Aux Det=1454	O+H=3699	 DONE
02/10/2025 18:23:49:	move motor	S18.axis2.phaseshifter 2 to -1.677965deg	 DONE
02/10/2025 18:23:51:	14	count	time	20.000000s/cts	O Det=1527	H Det=791	Mon Det=45667	Aux Det=1476	O+H=3794	 DONE
02/10/2025 18:24:12:	move motor	S18.axis2.phaseshifter 2 to -1.576270deg	 DONE
02/10/2025 18:24:14:	15	count	time	20.000000s/cts	O Det=1312	H Det=915	Mon Det=45680	Aux Det=1509	O+H=3736	 DONE
02/10/2025 18:24:36:	move motor	S18.axis2.phaseshifter 2 to -1.474575deg	 DONE
02/10/2025 18:24:37:	16	count	time	20.000000s/cts	O Det=955	H Det=1224	Mon Det=45721	Aux Det=1471	O+H=3650	 DONE
02/10/2025 18:24:59:	move motor	S18.axis2.phaseshifter 2 to -1.372880deg	 DONE
02/10/2025 18:25:00:	17	count	time	20.000000s/cts	O Det=604	H Det=1499	Mon Det=45544	Aux Det=1455	O+H=3558	 DONE
02/10/2025 18:25:22:	move motor	S18.axis2.phaseshifter 2 to -1.271185deg	 DONE
02/10/2025 18:25:24:	18	count	time	20.000000s/cts	O Det=361	H Det=1694	Mon Det=45963	Aux Det=1567	O+H=3622	 DONE
02/10/2025 18:25:45:	move motor	S18.axis2.phaseshifter 2 to -1.169490deg	 DONE
02/10/2025 18:25:47:	19	count	time	20.000000s/cts	O Det=299	H Det=1837	Mon Det=45474	Aux Det=1510	O+H=3646	 DONE
02/10/2025 18:26:08:	move motor	S18.axis2.phaseshifter 2 to -1.067795deg	 DONE
02/10/2025 18:26:10:	20	count	time	20.000000s/cts	O Det=494	H Det=1725	Mon Det=45970	Aux Det=1447	O+H=3666	 DONE
02/10/2025 18:26:32:	move motor	S18.axis2.phaseshifter 2 to -0.966100deg	 DONE
02/10/2025 18:26:33:	21	count	time	20.000000s/cts	O Det=733	H Det=1442	Mon Det=46115	Aux Det=1545	O+H=3720	 DONE
02/10/2025 18:26:55:	move motor	S18.axis2.phaseshifter 2 to -0.864405deg	 DONE
02/10/2025 18:26:56:	22	count	time	20.000000s/cts	O Det=1064	H Det=1089	Mon Det=46224	Aux Det=1469	O+H=3622	 DONE
02/10/2025 18:27:18:	move motor	S18.axis2.phaseshifter 2 to -0.762710deg	 DONE
02/10/2025 18:27:20:	23	count	time	20.000000s/cts	O Det=1331	H Det=821	Mon Det=46058	Aux Det=1487	O+H=3639	 DONE
02/10/2025 18:27:41:	move motor	S18.axis2.phaseshifter 2 to -0.661015deg	 DONE
02/10/2025 18:27:43:	24	count	time	20.000000s/cts	O Det=1381	H Det=835	Mon Det=46117	Aux Det=1536	O+H=3752	 DONE
02/10/2025 18:28:04:	move motor	S18.axis2.phaseshifter 2 to -0.559320deg	 DONE
02/10/2025 18:28:06:	25	count	time	20.000000s/cts	O Det=1274	H Det=964	Mon Det=45700	Aux Det=1552	O+H=3790	 DONE
02/10/2025 18:28:28:	move motor	S18.axis2.phaseshifter 2 to -0.457625deg	 DONE
02/10/2025 18:28:29:	26	count	time	20.000000s/cts	O Det=967	H Det=1210	Mon Det=46089	Aux Det=1547	O+H=3724	 DONE
02/10/2025 18:28:51:	move motor	S18.axis2.phaseshifter 2 to -0.355930deg	 DONE
02/10/2025 18:28:52:	27	count	time	20.000000s/cts	O Det=616	H Det=1540	Mon Det=45723	Aux Det=1545	O+H=3701	 DONE
02/10/2025 18:29:14:	move motor	S18.axis2.phaseshifter 2 to -0.254235deg	 DONE
02/10/2025 18:29:16:	28	count	time	20.000000s/cts	O Det=365	H Det=1763	Mon Det=45427	Aux Det=1464	O+H=3592	 DONE
02/10/2025 18:29:37:	move motor	S18.axis2.phaseshifter 2 to -0.152540deg	 DONE
02/10/2025 18:29:39:	29	count	time	20.000000s/cts	O Det=288	H Det=1751	Mon Det=45882	Aux Det=1494	O+H=3533	 DONE
02/10/2025 18:30:00:	move motor	S18.axis2.phaseshifter 2 to -0.050845deg	 DONE
02/10/2025 18:30:02:	30	count	time	20.000000s/cts	O Det=474	H Det=1708	Mon Det=45955	Aux Det=1497	O+H=3679	 DONE
02/10/2025 18:30:24:	move motor	S18.axis2.phaseshifter 2 to 0.050850deg	 DONE
02/10/2025 18:30:25:	31	count	time	20.000000s/cts	O Det=750	H Det=1436	Mon Det=45787	Aux Det=1463	O+H=3649	 DONE
02/10/2025 18:30:47:	move motor	S18.axis2.phaseshifter 2 to 0.152545deg	 DONE
02/10/2025 18:30:48:	32	count	time	20.000000s/cts	O Det=1096	H Det=1195	Mon Det=46100	Aux Det=1510	O+H=3801	 DONE
02/10/2025 18:31:10:	move motor	S18.axis2.phaseshifter 2 to 0.254240deg	 DONE
02/10/2025 18:31:12:	33	count	time	20.000000s/cts	O Det=1378	H Det=848	Mon Det=46180	Aux Det=1478	O+H=3704	 DONE
02/10/2025 18:31:33:	move motor	S18.axis2.phaseshifter 2 to 0.355935deg	 DONE
02/10/2025 18:31:35:	34	count	time	20.000000s/cts	O Det=1375	H Det=801	Mon Det=45508	Aux Det=1489	O+H=3665	 DONE
02/10/2025 18:31:56:	move motor	S18.axis2.phaseshifter 2 to 0.457630deg	 DONE
02/10/2025 18:31:58:	35	count	time	20.000000s/cts	O Det=1389	H Det=877	Mon Det=46048	Aux Det=1461	O+H=3727	 DONE
02/10/2025 18:32:20:	move motor	S18.axis2.phaseshifter 2 to 0.559325deg	 DONE
02/10/2025 18:32:21:	36	count	time	20.000000s/cts	O Det=1125	H Det=1122	Mon Det=45824	Aux Det=1437	O+H=3684	 DONE
02/10/2025 18:32:43:	move motor	S18.axis2.phaseshifter 2 to 0.661020deg	 DONE
02/10/2025 18:32:45:	37	count	time	20.000000s/cts	O Det=787	H Det=1430	Mon Det=45245	Aux Det=1484	O+H=3701	 DONE
02/10/2025 18:33:06:	move motor	S18.axis2.phaseshifter 2 to 0.762715deg	 DONE
02/10/2025 18:33:08:	38	count	time	20.000000s/cts	O Det=390	H Det=1812	Mon Det=45793	Aux Det=1544	O+H=3746	 DONE
02/10/2025 18:33:30:	move motor	S18.axis2.phaseshifter 2 to 0.864410deg	 DONE
02/10/2025 18:33:31:	39	count	time	20.000000s/cts	O Det=291	H Det=1775	Mon Det=45505	Aux Det=1524	O+H=3590	 DONE
02/10/2025 18:33:53:	move motor	S18.axis2.phaseshifter 2 to 0.966105deg	 DONE
02/10/2025 18:33:54:	40	count	time	20.000000s/cts	O Det=364	H Det=1736	Mon Det=45870	Aux Det=1470	O+H=3570	 DONE
02/10/2025 18:34:16:	move motor	S18.axis2.phaseshifter 2 to 1.067800deg	 DONE
02/10/2025 18:34:18:	41	count	time	20.000000s/cts	O Det=663	H Det=1459	Mon Det=45853	Aux Det=1440	O+H=3562	 DONE
02/10/2025 18:34:39:	move motor	S18.axis2.phaseshifter 2 to 1.169495deg	 DONE
02/10/2025 18:34:41:	42	count	time	20.000000s/cts	O Det=989	H Det=1177	Mon Det=45814	Aux Det=1505	O+H=3671	 DONE
02/10/2025 18:35:03:	move motor	S18.axis2.phaseshifter 2 to 1.271190deg	 DONE
02/10/2025 18:35:04:	43	count	time	20.000000s/cts	O Det=1334	H Det=889	Mon Det=45925	Aux Det=1505	O+H=3728	 DONE
02/10/2025 18:35:26:	move motor	S18.axis2.phaseshifter 2 to 1.372885deg	 DONE
02/10/2025 18:35:28:	44	count	time	20.000000s/cts	O Det=1412	H Det=783	Mon Det=45785	Aux Det=1535	O+H=3730	 DONE
02/10/2025 18:35:49:	move motor	S18.axis2.phaseshifter 2 to 1.474580deg	 DONE
02/10/2025 18:35:51:	45	count	time	20.000000s/cts	O Det=1398	H Det=848	Mon Det=45572	Aux Det=1529	O+H=3775	 DONE
02/10/2025 18:36:12:	move motor	S18.axis2.phaseshifter 2 to 1.576275deg	 DONE
02/10/2025 18:36:14:	46	count	time	20.000000s/cts	O Det=1084	H Det=1083	Mon Det=45470	Aux Det=1491	O+H=3658	 DONE
02/10/2025 18:36:36:	move motor	S18.axis2.phaseshifter 2 to 1.677970deg	 DONE
02/10/2025 18:36:37:	47	count	time	20.000000s/cts	O Det=734	H Det=1419	Mon Det=45742	Aux Det=1458	O+H=3611	 DONE
02/10/2025 18:36:59:	move motor	S18.axis2.phaseshifter 2 to 1.779665deg	 DONE
02/10/2025 18:37:00:	48	count	time	20.000000s/cts	O Det=479	H Det=1705	Mon Det=46186	Aux Det=1489	O+H=3673	 DONE
02/10/2025 18:37:22:	move motor	S18.axis2.phaseshifter 2 to 1.881360deg	 DONE
02/10/2025 18:37:24:	49	count	time	20.000000s/cts	O Det=295	H Det=1795	Mon Det=45858	Aux Det=1529	O+H=3619	 DONE
02/10/2025 18:37:45:	move motor	S18.axis2.phaseshifter 2 to 1.983055deg	 DONE
02/10/2025 18:37:47:	50	count	time	20.000000s/cts	O Det=348	H Det=1820	Mon Det=45975	Aux Det=1493	O+H=3661	 DONE
02/10/2025 18:38:09:	move motor	S18.axis2.phaseshifter 2 to 2.084750deg	 DONE
02/10/2025 18:38:10:	51	count	time	20.000000s/cts	O Det=680	H Det=1461	Mon Det=45888	Aux Det=1486	O+H=3627	 DONE
02/10/2025 18:38:32:	move motor	S18.axis2.phaseshifter 2 to 2.186445deg	 DONE
02/10/2025 18:38:33:	52	count	time	20.000000s/cts	O Det=966	H Det=1232	Mon Det=45710	Aux Det=1436	O+H=3634	 DONE
02/10/2025 18:38:55:	move motor	S18.axis2.phaseshifter 2 to 2.288140deg	 DONE
02/10/2025 18:38:57:	53	count	time	20.000000s/cts	O Det=1231	H Det=938	Mon Det=46023	Aux Det=1468	O+H=3637	 DONE
02/10/2025 18:39:18:	move motor	S18.axis2.phaseshifter 2 to 2.389835deg	 DONE
02/10/2025 18:39:20:	54	count	time	20.000000s/cts	O Det=1411	H Det=791	Mon Det=45600	Aux Det=1527	O+H=3729	 DONE
02/10/2025 18:39:42:	move motor	S18.axis2.phaseshifter 2 to 2.491530deg	 DONE
02/10/2025 18:39:43:	55	count	time	20.000000s/cts	O Det=1341	H Det=846	Mon Det=45892	Aux Det=1512	O+H=3699	 DONE
02/10/2025 18:40:05:	move motor	S18.axis2.phaseshifter 2 to 2.593225deg	 DONE
02/10/2025 18:40:06:	56	count	time	20.000000s/cts	O Det=1140	H Det=1054	Mon Det=45734	Aux Det=1519	O+H=3713	 DONE
02/10/2025 18:40:28:	move motor	S18.axis2.phaseshifter 2 to 2.694920deg	 DONE
02/10/2025 18:40:30:	57	count	time	20.000000s/cts	O Det=875	H Det=1364	Mon Det=46232	Aux Det=1475	O+H=3714	 DONE
02/10/2025 18:40:51:	move motor	S18.axis2.phaseshifter 2 to 2.796615deg	 DONE
02/10/2025 18:40:53:	58	count	time	20.000000s/cts	O Det=453	H Det=1672	Mon Det=45875	Aux Det=1552	O+H=3677	 DONE
02/10/2025 18:41:14:	move motor	S18.axis2.phaseshifter 2 to 2.898310deg	 DONE
02/10/2025 18:41:16:	59	count	time	20.000000s/cts	O Det=324	H Det=1788	Mon Det=46213	Aux Det=1515	O+H=3627	 DONE
02/10/2025 18:41:38:	move motor	S18.axis2.phaseshifter 2 to 3.000005deg	 DONE
02/10/2025 18:41:39:	60	count	time	20.000000s/cts	O Det=329	H Det=1702	Mon Det=45618	Aux Det=1399	O+H=3430	 DONE
02/10/2025 18:42:01:	close file and end scan	 DONE
02/10/2025 18:42:01:	END OF SCRIPT	 DONE
