27/09/2025 18:34:26:	start execution of script D:\data\Cycle 198\exp_3-16-19\rawdata\sc\ifg2_3p10s_B1.sc	 DONE
27/09/2025 18:34:27:	move motor	S18.axis2.phaseshifter 2 to -3.175000deg	 DONE
27/09/2025 18:34:29:	create file	D:\data\Cycle 198\exp_3-16-19\rawdata\sc\ifg2_3p10s_B1_27Sep1834.dat	 DONE
room to enter remarks DONE
27/09/2025 18:34:30:	read encoder	S18.auxiliary.Robot Diagonal		-20995.439917 DONE
27/09/2025 18:34:31:	move motor	S18.axis2.phaseshifter 2 to -3.075000deg	 DONE
27/09/2025 18:34:33:	1	count	time	10.000000s/cts	O Det=1775	H Det=950	Mon Det=22344	Aux Det=1588	O+H=4313	 DONE
27/09/2025 18:34:45:	move motor	S18.axis2.phaseshifter 2 to -2.870000deg	 DONE
27/09/2025 18:34:46:	2	count	time	10.000000s/cts	O Det=1601	H Det=1090	Mon Det=22725	Aux Det=1546	O+H=4237	 DONE
27/09/2025 18:34:58:	move motor	S18.axis2.phaseshifter 2 to -2.665000deg	 DONE
27/09/2025 18:35:00:	3	count	time	10.000000s/cts	O Det=1157	H Det=1493	Mon Det=22879	Aux Det=1526	O+H=4176	 DONE
27/09/2025 18:35:11:	move motor	S18.axis2.phaseshifter 2 to -2.460000deg	 DONE
27/09/2025 18:35:13:	4	count	time	10.000000s/cts	O Det=714	H Det=1874	Mon Det=22606	Aux Det=1521	O+H=4109	 DONE
27/09/2025 18:35:25:	move motor	S18.axis2.phaseshifter 2 to -2.255000deg	 DONE
27/09/2025 18:35:27:	5	count	time	10.000000s/cts	O Det=448	H Det=2049	Mon Det=22561	Aux Det=1532	O+H=4029	 DONE
27/09/2025 18:35:38:	move motor	S18.axis2.phaseshifter 2 to -2.050000deg	 DONE
27/09/2025 18:35:40:	6	count	time	10.000000s/cts	O Det=393	H Det=2128	Mon Det=22487	Aux Det=1474	O+H=3995	 DONE
27/09/2025 18:35:52:	move motor	S18.axis2.phaseshifter 2 to -1.845000deg	 DONE
27/09/2025 18:35:54:	7	count	time	10.000000s/cts	O Det=612	H Det=2036	Mon Det=22325	Aux Det=1551	O+H=4199	 DONE
27/09/2025 18:36:05:	move motor	S18.axis2.phaseshifter 2 to -1.640000deg	 DONE
27/09/2025 18:36:07:	8	count	time	10.000000s/cts	O Det=1010	H Det=1566	Mon Det=22688	Aux Det=1550	O+H=4126	 DONE
27/09/2025 18:36:19:	move motor	S18.axis2.phaseshifter 2 to -1.435000deg	 DONE
27/09/2025 18:36:21:	9	count	time	10.000000s/cts	O Det=1492	H Det=1220	Mon Det=22843	Aux Det=1571	O+H=4283	 DONE
27/09/2025 18:36:32:	move motor	S18.axis2.phaseshifter 2 to -1.230000deg	 DONE
27/09/2025 18:36:34:	10	count	time	10.000000s/cts	O Det=1937	H Det=854	Mon Det=22942	Aux Det=1530	O+H=4321	 DONE
27/09/2025 18:36:46:	move motor	S18.axis2.phaseshifter 2 to -1.025000deg	 DONE
27/09/2025 18:36:48:	11	count	time	10.000000s/cts	O Det=1838	H Det=888	Mon Det=22564	Aux Det=1539	O+H=4265	 DONE
27/09/2025 18:36:59:	move motor	S18.axis2.phaseshifter 2 to -0.820000deg	 DONE
27/09/2025 18:37:01:	12	count	time	10.000000s/cts	O Det=1640	H Det=1024	Mon Det=22445	Aux Det=1445	O+H=4109	 DONE
27/09/2025 18:37:13:	move motor	S18.axis2.phaseshifter 2 to -0.615000deg	 DONE
27/09/2025 18:37:15:	13	count	time	10.000000s/cts	O Det=1212	H Det=1533	Mon Det=22624	Aux Det=1494	O+H=4239	 DONE
27/09/2025 18:37:26:	move motor	S18.axis2.phaseshifter 2 to -0.410000deg	 DONE
27/09/2025 18:37:28:	14	count	time	10.000000s/cts	O Det=589	H Det=1986	Mon Det=22498	Aux Det=1473	O+H=4048	 DONE
27/09/2025 18:37:40:	move motor	S18.axis2.phaseshifter 2 to -0.205000deg	 DONE
27/09/2025 18:37:42:	15	count	time	10.000000s/cts	O Det=422	H Det=2149	Mon Det=22584	Aux Det=1432	O+H=4003	 DONE
27/09/2025 18:37:53:	move motor	S18.axis2.phaseshifter 2 to -0.000000deg	 DONE
27/09/2025 18:37:55:	16	count	time	10.000000s/cts	O Det=376	H Det=2180	Mon Det=22630	Aux Det=1571	O+H=4127	 DONE
27/09/2025 18:38:07:	move motor	S18.axis2.phaseshifter 2 to 0.205000deg	 DONE
27/09/2025 18:38:08:	17	count	time	10.000000s/cts	O Det=672	H Det=1872	Mon Det=22601	Aux Det=1608	O+H=4152	 DONE
27/09/2025 18:38:20:	move motor	S18.axis2.phaseshifter 2 to 0.410000deg	 DONE
27/09/2025 18:38:22:	18	count	time	10.000000s/cts	O Det=1139	H Det=1471	Mon Det=22763	Aux Det=1587	O+H=4197	 DONE
27/09/2025 18:38:34:	move motor	S18.axis2.phaseshifter 2 to 0.615000deg	 DONE
27/09/2025 18:38:35:	19	count	time	10.000000s/cts	O Det=1537	H Det=1107	Mon Det=22789	Aux Det=1551	O+H=4195	 DONE
27/09/2025 18:38:47:	move motor	S18.axis2.phaseshifter 2 to 0.820000deg	 DONE
27/09/2025 18:38:49:	20	count	time	10.000000s/cts	O Det=1822	H Det=880	Mon Det=22471	Aux Det=1502	O+H=4204	 DONE
27/09/2025 18:39:01:	move motor	S18.axis2.phaseshifter 2 to 1.025000deg	 DONE
27/09/2025 18:39:02:	21	count	time	10.000000s/cts	O Det=1850	H Det=916	Mon Det=22722	Aux Det=1559	O+H=4325	 DONE
27/09/2025 18:39:14:	move motor	S18.axis2.phaseshifter 2 to 1.230000deg	 DONE
27/09/2025 18:39:16:	22	count	time	10.000000s/cts	O Det=1432	H Det=1245	Mon Det=22708	Aux Det=1543	O+H=4220	 DONE
27/09/2025 18:39:27:	move motor	S18.axis2.phaseshifter 2 to 1.435000deg	 DONE
27/09/2025 18:39:29:	23	count	time	10.000000s/cts	O Det=1145	H Det=1543	Mon Det=22478	Aux Det=1470	O+H=4158	 DONE
27/09/2025 18:39:41:	move motor	S18.axis2.phaseshifter 2 to 1.640000deg	 DONE
27/09/2025 18:39:43:	24	count	time	10.000000s/cts	O Det=879	H Det=1797	Mon Det=22672	Aux Det=1551	O+H=4227	 DONE
27/09/2025 18:39:55:	move motor	S18.axis2.phaseshifter 2 to 1.845000deg	 DONE
27/09/2025 18:39:56:	25	count	time	10.000000s/cts	O Det=481	H Det=2110	Mon Det=22948	Aux Det=1580	O+H=4171	 DONE
27/09/2025 18:40:08:	move motor	S18.axis2.phaseshifter 2 to 2.050000deg	 DONE
27/09/2025 18:40:10:	26	count	time	10.000000s/cts	O Det=352	H Det=2180	Mon Det=22776	Aux Det=1492	O+H=4024	 DONE
27/09/2025 18:40:21:	move motor	S18.axis2.phaseshifter 2 to 2.255000deg	 DONE
27/09/2025 18:40:23:	27	count	time	10.000000s/cts	O Det=672	H Det=1866	Mon Det=22597	Aux Det=1519	O+H=4057	 DONE
27/09/2025 18:40:35:	move motor	S18.axis2.phaseshifter 2 to 2.460000deg	 DONE
27/09/2025 18:40:37:	28	count	time	10.000000s/cts	O Det=1078	H Det=1585	Mon Det=22971	Aux Det=1504	O+H=4167	 DONE
27/09/2025 18:40:48:	move motor	S18.axis2.phaseshifter 2 to 2.665000deg	 DONE
27/09/2025 18:40:50:	29	count	time	10.000000s/cts	O Det=1554	H Det=1126	Mon Det=22559	Aux Det=1635	O+H=4315	 DONE
27/09/2025 18:41:02:	move motor	S18.axis2.phaseshifter 2 to 2.870000deg	 DONE
27/09/2025 18:41:04:	30	count	time	10.000000s/cts	O Det=1869	H Det=875	Mon Det=22711	Aux Det=1596	O+H=4340	 DONE
27/09/2025 18:41:15:	move motor	S18.axis2.phaseshifter 2 to 3.075000deg	 DONE
27/09/2025 18:41:17:	31	count	time	10.000000s/cts	O Det=1898	H Det=861	Mon Det=22823	Aux Det=1568	O+H=4327	 DONE
27/09/2025 18:41:29:	close file and end scan	 DONE
27/09/2025 18:41:29:	END OF SCRIPT	 DONE
