16/10/2025 11:13:22:	start execution of script D:\data\Cycle 198\exp_3-16-19\rawdata\sc\ifg2R_newPS_2p30s_p180.sc	 DONE
16/10/2025 11:13:23:	create file	D:\data\Cycle 198\exp_3-16-19\rawdata\sc\ifg2R_newPS_2p30s_p180_16Oct1113.dat	 DONE
room to enter remarks DONE
16/10/2025 11:13:24:	MOVE MOTOR REL	S18.axis2.phaseshifter 2	deg	0.0	FALSE DONE
16/10/2025 11:13:27:	1	count	time	30.0s/cts	O Det=1294	H Det=6464	Mon Det=71843	Aux Det=4873	O+H=12631	 DONE
16/10/2025 11:13:58:	MOVE MOTOR REL	S18.axis2.phaseshifter 2	deg	0.07	FALSE DONE
16/10/2025 11:14:02:	2	count	time	30.0s/cts	O Det=1463	H Det=6480	Mon Det=71871	Aux Det=5025	O+H=12968	 DONE
16/10/2025 11:14:34:	MOVE MOTOR REL	S18.axis2.phaseshifter 2	deg	0.07	FALSE DONE
16/10/2025 11:14:37:	3	count	time	30.0s/cts	O Det=2069	H Det=5884	Mon Det=71647	Aux Det=5044	O+H=12997	 DONE
16/10/2025 11:15:09:	MOVE MOTOR REL	S18.axis2.phaseshifter 2	deg	0.07	FALSE DONE
16/10/2025 11:15:12:	4	count	time	30.0s/cts	O Det=2968	H Det=5172	Mon Det=71102	Aux Det=5091	O+H=13231	 DONE
16/10/2025 11:15:44:	MOVE MOTOR REL	S18.axis2.phaseshifter 2	deg	0.07	FALSE DONE
16/10/2025 11:15:47:	5	count	time	30.0s/cts	O Det=3888	H Det=4295	Mon Det=71373	Aux Det=4932	O+H=13115	 DONE
16/10/2025 11:16:19:	MOVE MOTOR REL	S18.axis2.phaseshifter 2	deg	0.07	FALSE DONE
16/10/2025 11:16:23:	6	count	time	30.0s/cts	O Det=4581	H Det=3774	Mon Det=71347	Aux Det=4852	O+H=13207	 DONE
16/10/2025 11:16:54:	MOVE MOTOR REL	S18.axis2.phaseshifter 2	deg	0.07	FALSE DONE
16/10/2025 11:16:58:	7	count	time	30.0s/cts	O Det=5645	H Det=2903	Mon Det=71751	Aux Det=4963	O+H=13511	 DONE
16/10/2025 11:17:30:	MOVE MOTOR REL	S18.axis2.phaseshifter 2	deg	0.07	FALSE DONE
16/10/2025 11:17:33:	8	count	time	30.0s/cts	O Det=6213	H Det=2290	Mon Det=71261	Aux Det=4869	O+H=13372	 DONE
16/10/2025 11:18:05:	MOVE MOTOR REL	S18.axis2.phaseshifter 2	deg	0.07	FALSE DONE
16/10/2025 11:18:08:	9	count	time	30.0s/cts	O Det=1699	H Det=640	Mon Det=19186	Aux Det=1352	O+H=3691	STOPPED BY USER	16/10/2025 11:18:18:	close file and end scan	 DONE
