28/09/2025 09:36:58:	start execution of script D:\data\Cycle 198\exp_3-16-19\rawdata\sc\ifg2_3p200s_B2.sc	 DONE
28/09/2025 09:36:59:	move motor	S18.axis2.phaseshifter 2 to -2.725000deg	 DONE
28/09/2025 09:37:02:	create file	D:\data\Cycle 198\exp_3-16-19\rawdata\sc\ifg2_3p200s_B2_28Sep0937.dat	 DONE
room to enter remarks DONE
28/09/2025 09:37:04:	read encoder	S18.auxiliary.Robot Diagonal		-11.794229 DONE
28/09/2025 09:37:04:	move motor	S18.axis2.phaseshifter 2 to -2.625000deg	 DONE
28/09/2025 09:37:06:	1	count	time	200.000000s/cts	O Det=3561	H Det=20153	Mon Det=456717	Aux Det=36119	O+H=59833	 DONE
28/09/2025 09:40:29:	move motor	S18.axis2.phaseshifter 2 to -2.450000deg	 DONE
28/09/2025 09:40:30:	2	count	time	200.000000s/cts	O Det=3959	H Det=16683	Mon Det=456735	Aux Det=36206	O+H=56848	 DONE
28/09/2025 09:43:53:	move motor	S18.axis2.phaseshifter 2 to -2.275000deg	 DONE
28/09/2025 09:43:54:	3	count	time	200.000000s/cts	O Det=3672	H Det=17438	Mon Det=455048	Aux Det=36591	O+H=57701	 DONE
28/09/2025 09:47:17:	move motor	S18.axis2.phaseshifter 2 to -2.100000deg	 DONE
28/09/2025 09:47:18:	4	count	time	200.000000s/cts	O Det=3377	H Det=21259	Mon Det=455626	Aux Det=36692	O+H=61328	 DONE
28/09/2025 09:50:41:	move motor	S18.axis2.phaseshifter 2 to -1.925000deg	 DONE
28/09/2025 09:50:42:	5	count	time	200.000000s/cts	O Det=2554	H Det=28143	Mon Det=455852	Aux Det=36501	O+H=67198	 DONE
28/09/2025 09:54:05:	move motor	S18.axis2.phaseshifter 2 to -1.750000deg	 DONE
28/09/2025 09:54:07:	6	count	time	200.000000s/cts	O Det=1572	H Det=35440	Mon Det=455225	Aux Det=36690	O+H=73702	 DONE
28/09/2025 09:57:29:	move motor	S18.axis2.phaseshifter 2 to -1.575000deg	 DONE
28/09/2025 09:57:30:	7	count	time	200.000000s/cts	O Det=1000	H Det=40026	Mon Det=455619	Aux Det=36716	O+H=77742	 DONE
28/09/2025 10:00:53:	move motor	S18.axis2.phaseshifter 2 to -1.400000deg	 DONE
28/09/2025 10:00:55:	8	count	time	200.000000s/cts	O Det=497	H Det=43182	Mon Det=457199	Aux Det=36914	O+H=80593	 DONE
28/09/2025 10:04:17:	move motor	S18.axis2.phaseshifter 2 to -1.225000deg	 DONE
28/09/2025 10:04:19:	9	count	time	200.000000s/cts	O Det=738	H Det=41638	Mon Det=456022	Aux Det=36897	O+H=79273	 DONE
28/09/2025 10:07:41:	move motor	S18.axis2.phaseshifter 2 to -1.050000deg	 DONE
28/09/2025 10:07:43:	10	count	time	200.000000s/cts	O Det=1518	H Det=36391	Mon Det=456973	Aux Det=36651	O+H=74560	 DONE
28/09/2025 10:11:05:	move motor	S18.axis2.phaseshifter 2 to -0.875000deg	 DONE
28/09/2025 10:11:07:	11	count	time	200.000000s/cts	O Det=1804	H Det=33275	Mon Det=456467	Aux Det=36501	O+H=71580	 DONE
28/09/2025 10:14:29:	move motor	S18.axis2.phaseshifter 2 to -0.700000deg	 DONE
28/09/2025 10:14:31:	12	count	time	200.000000s/cts	O Det=3052	H Det=23964	Mon Det=456684	Aux Det=36941	O+H=63957	 DONE
28/09/2025 10:17:53:	move motor	S18.axis2.phaseshifter 2 to -0.525000deg	 DONE
28/09/2025 10:17:55:	13	count	time	200.000000s/cts	O Det=3704	H Det=18799	Mon Det=455363	Aux Det=36760	O+H=59263	 DONE
28/09/2025 10:21:17:	move motor	S18.axis2.phaseshifter 2 to -0.350000deg	 DONE
28/09/2025 10:21:19:	14	count	time	200.000000s/cts	O Det=3954	H Det=16628	Mon Det=456355	Aux Det=36611	O+H=57193	 DONE
28/09/2025 10:24:41:	move motor	S18.axis2.phaseshifter 2 to -0.175000deg	 DONE
28/09/2025 10:24:43:	15	count	time	200.000000s/cts	O Det=3594	H Det=18574	Mon Det=457401	Aux Det=36728	O+H=58896	 DONE
28/09/2025 10:28:05:	move motor	S18.axis2.phaseshifter 2 to 0.000000deg	 DONE
28/09/2025 10:28:07:	16	count	time	200.000000s/cts	O Det=3229	H Det=21723	Mon Det=456694	Aux Det=36598	O+H=61550	 DONE
28/09/2025 10:31:29:	move motor	S18.axis2.phaseshifter 2 to 0.175000deg	 DONE
28/09/2025 10:31:31:	17	count	time	200.000000s/cts	O Det=2492	H Det=28116	Mon Det=455860	Aux Det=36770	O+H=67378	 DONE
28/09/2025 10:34:53:	move motor	S18.axis2.phaseshifter 2 to 0.350000deg	 DONE
28/09/2025 10:34:55:	18	count	time	200.000000s/cts	O Det=1569	H Det=35139	Mon Det=456107	Aux Det=36679	O+H=73387	 DONE
28/09/2025 10:38:17:	move motor	S18.axis2.phaseshifter 2 to 0.525000deg	 DONE
28/09/2025 10:38:19:	19	count	time	200.000000s/cts	O Det=779	H Det=41216	Mon Det=454891	Aux Det=36932	O+H=78927	 DONE
28/09/2025 10:41:41:	move motor	S18.axis2.phaseshifter 2 to 0.700000deg	 DONE
28/09/2025 10:41:43:	20	count	time	200.000000s/cts	O Det=548	H Det=43393	Mon Det=456466	Aux Det=36555	O+H=80496	 DONE
28/09/2025 10:45:05:	move motor	S18.axis2.phaseshifter 2 to 0.875000deg	 DONE
28/09/2025 10:45:07:	21	count	time	200.000000s/cts	O Det=687	H Det=42630	Mon Det=457507	Aux Det=36685	O+H=80002	 DONE
28/09/2025 10:48:29:	move motor	S18.axis2.phaseshifter 2 to 1.050000deg	 DONE
28/09/2025 10:48:31:	22	count	time	200.000000s/cts	O Det=966	H Det=39890	Mon Det=456479	Aux Det=36807	O+H=77663	 DONE
28/09/2025 10:51:54:	move motor	S18.axis2.phaseshifter 2 to 1.225000deg	 DONE
28/09/2025 10:51:55:	23	count	time	200.000000s/cts	O Det=2264	H Det=29882	Mon Det=454383	Aux Det=36796	O+H=68942	 DONE
28/09/2025 10:55:18:	move motor	S18.axis2.phaseshifter 2 to 1.400000deg	 DONE
28/09/2025 10:55:19:	24	count	time	200.000000s/cts	O Det=2613	H Det=27497	Mon Det=455106	Aux Det=37128	O+H=67238	 DONE
28/09/2025 10:58:42:	move motor	S18.axis2.phaseshifter 2 to 1.575000deg	 DONE
28/09/2025 10:58:43:	25	count	time	200.000000s/cts	O Det=3459	H Det=19854	Mon Det=456271	Aux Det=37050	O+H=60363	 DONE
28/09/2025 11:02:06:	move motor	S18.axis2.phaseshifter 2 to 1.750000deg	 DONE
28/09/2025 11:02:08:	26	count	time	200.000000s/cts	O Det=3946	H Det=16809	Mon Det=455528	Aux Det=36419	O+H=57174	 DONE
28/09/2025 11:05:30:	move motor	S18.axis2.phaseshifter 2 to 1.925000deg	 DONE
28/09/2025 11:05:31:	27	count	time	200.000000s/cts	O Det=3991	H Det=16539	Mon Det=455227	Aux Det=36788	O+H=57318	 DONE
28/09/2025 11:08:54:	move motor	S18.axis2.phaseshifter 2 to 2.100000deg	 DONE
28/09/2025 11:08:55:	28	count	time	200.000000s/cts	O Det=3319	H Det=21128	Mon Det=454948	Aux Det=36772	O+H=61219	 DONE
28/09/2025 11:12:18:	move motor	S18.axis2.phaseshifter 2 to 2.275000deg	 DONE
28/09/2025 11:12:20:	29	count	time	200.000000s/cts	O Det=2601	H Det=27752	Mon Det=455372	Aux Det=36848	O+H=67201	 DONE
28/09/2025 11:15:42:	move motor	S18.axis2.phaseshifter 2 to 2.450000deg	 DONE
28/09/2025 11:15:44:	30	count	time	200.000000s/cts	O Det=1394	H Det=36518	Mon Det=457143	Aux Det=36992	O+H=74904	 DONE
28/09/2025 11:19:06:	move motor	S18.axis2.phaseshifter 2 to 2.625000deg	 DONE
28/09/2025 11:19:08:	31	count	time	200.000000s/cts	O Det=972	H Det=40514	Mon Det=455741	Aux Det=36950	O+H=78436	 DONE
28/09/2025 11:22:30:	close file and end scan	saving D:\data\Cycle 198\exp_3-16-19\rawdata\sc\ifg2_3p200s_B2_28Sep0937.tif  DONE
28/09/2025 11:22:31:	END OF SCRIPT	 DONE
