25/09/2025 03:17:09:	start execution of script D:\data\Cycle 198\exp_3-16-19\rawdata\sc\ifg2_3p120s_B2.sc	 DONE
25/09/2025 03:17:09:	move motor	S18.axis2.phaseshifter 2 to -2.725000deg	 DONE
25/09/2025 03:17:13:	create file	D:\data\Cycle 198\exp_3-16-19\rawdata\sc\ifg2_3p120s_B2_25Sep0317.dat	 DONE
room to enter remarks DONE
25/09/2025 03:17:14:	read encoder	S18.auxiliary.Robot Diagonal		-4006.278024 DONE
25/09/2025 03:17:15:	move motor	S18.axis2.phaseshifter 2 to -2.625000deg	 DONE
25/09/2025 03:17:17:	1	count	time	120.000000s/cts	O Det=14600	H Det=135503	Mon Det=265696	Aux Det=263033	O+H=413136	 DONE
25/09/2025 03:19:19:	move motor	S18.axis2.phaseshifter 2 to -2.450000deg	 DONE
25/09/2025 03:19:21:	2	count	time	120.000000s/cts	O Det=15551	H Det=123665	Mon Det=263581	Aux Det=263261	O+H=402477	 DONE
25/09/2025 03:21:23:	move motor	S18.axis2.phaseshifter 2 to -2.275000deg	 DONE
25/09/2025 03:21:25:	3	count	time	120.000000s/cts	O Det=13702	H Det=140472	Mon Det=265491	Aux Det=261619	O+H=415793	 DONE
25/09/2025 03:23:27:	move motor	S18.axis2.phaseshifter 2 to -2.100000deg	 DONE
25/09/2025 03:23:29:	4	count	time	120.000000s/cts	O Det=12958	H Det=146662	Mon Det=268253	Aux Det=262366	O+H=421986	 DONE
25/09/2025 03:25:31:	move motor	S18.axis2.phaseshifter 2 to -1.925000deg	 DONE
25/09/2025 03:25:33:	5	count	time	120.000000s/cts	O Det=10359	H Det=166517	Mon Det=266915	Aux Det=260224	O+H=437100	 DONE
25/09/2025 03:27:36:	move motor	S18.axis2.phaseshifter 2 to -1.750000deg	 DONE
25/09/2025 03:27:37:	6	count	time	120.000000s/cts	O Det=6918	H Det=198498	Mon Det=266698	Aux Det=260382	O+H=465798	 DONE
25/09/2025 03:29:40:	move motor	S18.axis2.phaseshifter 2 to -1.575000deg	 DONE
25/09/2025 03:29:42:	7	count	time	120.000000s/cts	O Det=5691	H Det=206778	Mon Det=266066	Aux Det=260239	O+H=472708	 DONE
25/09/2025 03:31:44:	move motor	S18.axis2.phaseshifter 2 to -1.400000deg	 DONE
25/09/2025 03:31:46:	8	count	time	120.000000s/cts	O Det=5901	H Det=207159	Mon Det=266490	Aux Det=260629	O+H=473689	 DONE
25/09/2025 03:33:48:	move motor	S18.axis2.phaseshifter 2 to -1.225000deg	 DONE
25/09/2025 03:33:50:	9	count	time	120.000000s/cts	O Det=7078	H Det=196754	Mon Det=267559	Aux Det=260143	O+H=463975	 DONE
25/09/2025 03:35:52:	move motor	S18.axis2.phaseshifter 2 to -1.050000deg	 DONE
25/09/2025 03:35:54:	10	count	time	120.000000s/cts	O Det=8807	H Det=180381	Mon Det=266170	Aux Det=259615	O+H=448803	 DONE
25/09/2025 03:37:56:	move motor	S18.axis2.phaseshifter 2 to -0.875000deg	 DONE
25/09/2025 03:37:58:	11	count	time	120.000000s/cts	O Det=12531	H Det=148907	Mon Det=267669	Aux Det=259258	O+H=420696	 DONE
25/09/2025 03:40:00:	move motor	S18.axis2.phaseshifter 2 to -0.700000deg	 DONE
25/09/2025 03:40:02:	12	count	time	120.000000s/cts	O Det=14683	H Det=130083	Mon Det=267180	Aux Det=259633	O+H=404399	 DONE
25/09/2025 03:42:04:	move motor	S18.axis2.phaseshifter 2 to -0.525000deg	 DONE
25/09/2025 03:42:06:	13	count	time	120.000000s/cts	O Det=15281	H Det=124405	Mon Det=266616	Aux Det=258831	O+H=398517	 DONE
25/09/2025 03:44:08:	move motor	S18.axis2.phaseshifter 2 to -0.350000deg	 DONE
25/09/2025 03:44:10:	14	count	time	120.000000s/cts	O Det=14494	H Det=130215	Mon Det=266903	Aux Det=260559	O+H=405268	 DONE
25/09/2025 03:46:13:	move motor	S18.axis2.phaseshifter 2 to -0.175000deg	 DONE
25/09/2025 03:46:14:	15	count	time	120.000000s/cts	O Det=12678	H Det=146479	Mon Det=266308	Aux Det=259344	O+H=418501	 DONE
25/09/2025 03:48:17:	move motor	S18.axis2.phaseshifter 2 to 0.000000deg	 DONE
25/09/2025 03:48:19:	16	count	time	120.000000s/cts	O Det=11132	H Det=163057	Mon Det=267494	Aux Det=259848	O+H=434037	 DONE
25/09/2025 03:50:21:	move motor	S18.axis2.phaseshifter 2 to 0.175000deg	 DONE
25/09/2025 03:50:23:	17	count	time	120.000000s/cts	O Det=8351	H Det=186049	Mon Det=266731	Aux Det=259070	O+H=453470	 DONE
25/09/2025 03:52:25:	move motor	S18.axis2.phaseshifter 2 to 0.350000deg	 DONE
25/09/2025 03:52:27:	18	count	time	120.000000s/cts	O Det=6072	H Det=205204	Mon Det=266918	Aux Det=260107	O+H=471383	 DONE
25/09/2025 03:54:29:	move motor	S18.axis2.phaseshifter 2 to 0.525000deg	 DONE
25/09/2025 03:54:31:	19	count	time	120.000000s/cts	O Det=5640	H Det=208776	Mon Det=265969	Aux Det=260033	O+H=474449	 DONE
25/09/2025 03:56:33:	move motor	S18.axis2.phaseshifter 2 to 0.700000deg	 DONE
25/09/2025 03:56:35:	20	count	time	120.000000s/cts	O Det=5906	H Det=206600	Mon Det=264295	Aux Det=260174	O+H=472680	 DONE
25/09/2025 03:58:38:	move motor	S18.axis2.phaseshifter 2 to 0.875000deg	 DONE
25/09/2025 03:58:40:	21	count	time	120.000000s/cts	O Det=8500	H Det=185207	Mon Det=264875	Aux Det=259525	O+H=453232	 DONE
25/09/2025 04:00:42:	move motor	S18.axis2.phaseshifter 2 to 1.050000deg	 DONE
25/09/2025 04:00:44:	22	count	time	120.000000s/cts	O Det=11396	H Det=161141	Mon Det=268300	Aux Det=260445	O+H=432982	 DONE
25/09/2025 04:02:46:	move motor	S18.axis2.phaseshifter 2 to 1.225000deg	 DONE
25/09/2025 04:02:48:	23	count	time	120.000000s/cts	O Det=13632	H Det=140811	Mon Det=267238	Aux Det=261497	O+H=415940	 DONE
25/09/2025 04:04:50:	move motor	S18.axis2.phaseshifter 2 to 1.400000deg	 DONE
25/09/2025 04:04:52:	24	count	time	120.000000s/cts	O Det=14719	H Det=133114	Mon Det=267551	Aux Det=261528	O+H=409361	 DONE
25/09/2025 04:06:55:	move motor	S18.axis2.phaseshifter 2 to 1.575000deg	 DONE
25/09/2025 04:06:56:	25	count	time	120.000000s/cts	O Det=15637	H Det=122977	Mon Det=266579	Aux Det=259914	O+H=398528	 DONE
25/09/2025 04:08:59:	move motor	S18.axis2.phaseshifter 2 to 1.750000deg	 DONE
25/09/2025 04:09:01:	26	count	time	120.000000s/cts	O Det=14594	H Det=135273	Mon Det=267087	Aux Det=260654	O+H=410521	 DONE
25/09/2025 04:11:03:	move motor	S18.axis2.phaseshifter 2 to 1.925000deg	 DONE
25/09/2025 04:11:05:	27	count	time	120.000000s/cts	O Det=11758	H Det=157061	Mon Det=266533	Aux Det=261515	O+H=430334	 DONE
25/09/2025 04:13:07:	move motor	S18.axis2.phaseshifter 2 to 2.100000deg	 DONE
25/09/2025 04:13:09:	28	count	time	120.000000s/cts	O Det=10678	H Det=170001	Mon Det=266790	Aux Det=262274	O+H=442953	 DONE
25/09/2025 04:15:11:	move motor	S18.axis2.phaseshifter 2 to 2.275000deg	 DONE
25/09/2025 04:15:13:	29	count	time	120.000000s/cts	O Det=7344	H Det=197301	Mon Det=265949	Aux Det=262669	O+H=467314	 DONE
25/09/2025 04:17:15:	move motor	S18.axis2.phaseshifter 2 to 2.450000deg	 DONE
25/09/2025 04:17:17:	30	count	time	120.000000s/cts	O Det=6536	H Det=205172	Mon Det=267433	Aux Det=262007	O+H=473715	 DONE
25/09/2025 04:19:20:	move motor	S18.axis2.phaseshifter 2 to 2.625000deg	 DONE
25/09/2025 04:19:22:	31	count	time	120.000000s/cts	O Det=5545	H Det=211637	Mon Det=265851	Aux Det=262295	O+H=479477	 DONE
25/09/2025 04:21:24:	close file and end scan	saving D:\data\Cycle 198\exp_3-16-19\rawdata\sc\ifg2_3p120s_B2_25Sep0317.tif  DONE
25/09/2025 04:21:25:	END OF SCRIPT	 DONE
