26/09/2025 11:40:43:	start execution of script D:\data\Cycle 198\exp_3-16-19\rawdata\sc\ifg2_3p10s_B1.sc	 DONE
26/09/2025 11:40:43:	move motor	S18.axis2.phaseshifter 2 to -3.175000deg	 DONE
26/09/2025 11:40:47:	create file	D:\data\Cycle 198\exp_3-16-19\rawdata\sc\ifg2_3p10s_B1_26Sep1140.dat	 DONE
room to enter remarks DONE
26/09/2025 11:40:48:	read encoder	S18.auxiliary.Robot Diagonal		-20001.158070 DONE
26/09/2025 11:40:50:	move motor	S18.axis2.phaseshifter 2 to -3.075000deg	 DONE
26/09/2025 11:40:51:	1	count	time	10.000000s/cts	O Det=427	H Det=2227	Mon Det=22868	Aux Det=1504	O+H=4158	 DONE
26/09/2025 11:41:03:	move motor	S18.axis2.phaseshifter 2 to -2.870000deg	 DONE
26/09/2025 11:41:05:	2	count	time	10.000000s/cts	O Det=494	H Det=2100	Mon Det=22987	Aux Det=1506	O+H=4100	 DONE
26/09/2025 11:41:16:	move motor	S18.axis2.phaseshifter 2 to -2.665000deg	 DONE
26/09/2025 11:41:18:	3	count	time	10.000000s/cts	O Det=712	H Det=1804	Mon Det=22693	Aux Det=1550	O+H=4066	 DONE
26/09/2025 11:41:30:	move motor	S18.axis2.phaseshifter 2 to -2.460000deg	 DONE
26/09/2025 11:41:32:	4	count	time	10.000000s/cts	O Det=1020	H Det=1589	Mon Det=22822	Aux Det=1464	O+H=4073	 DONE
26/09/2025 11:41:43:	move motor	S18.axis2.phaseshifter 2 to -2.255000deg	 DONE
26/09/2025 11:41:45:	5	count	time	10.000000s/cts	O Det=1679	H Det=1078	Mon Det=22544	Aux Det=1463	O+H=4220	 DONE
26/09/2025 11:41:57:	move motor	S18.axis2.phaseshifter 2 to -2.050000deg	 DONE
26/09/2025 11:41:59:	6	count	time	10.000000s/cts	O Det=1916	H Det=861	Mon Det=22785	Aux Det=1501	O+H=4278	 DONE
26/09/2025 11:42:10:	move motor	S18.axis2.phaseshifter 2 to -1.845000deg	 DONE
26/09/2025 11:42:12:	7	count	time	10.000000s/cts	O Det=1831	H Det=986	Mon Det=22764	Aux Det=1518	O+H=4335	 DONE
26/09/2025 11:42:24:	move motor	S18.axis2.phaseshifter 2 to -1.640000deg	 DONE
26/09/2025 11:42:26:	8	count	time	10.000000s/cts	O Det=1536	H Det=1195	Mon Det=22886	Aux Det=1412	O+H=4143	 DONE
26/09/2025 11:42:37:	move motor	S18.axis2.phaseshifter 2 to -1.435000deg	 DONE
26/09/2025 11:42:39:	9	count	time	10.000000s/cts	O Det=1044	H Det=1655	Mon Det=22837	Aux Det=1378	O+H=4077	 DONE
26/09/2025 11:42:51:	move motor	S18.axis2.phaseshifter 2 to -1.230000deg	 DONE
26/09/2025 11:42:53:	10	count	time	10.000000s/cts	O Det=673	H Det=2028	Mon Det=23071	Aux Det=1569	O+H=4270	 DONE
26/09/2025 11:43:04:	move motor	S18.axis2.phaseshifter 2 to -1.025000deg	 DONE
26/09/2025 11:43:06:	11	count	time	10.000000s/cts	O Det=368	H Det=2177	Mon Det=23126	Aux Det=1508	O+H=4053	 DONE
26/09/2025 11:43:18:	move motor	S18.axis2.phaseshifter 2 to -0.820000deg	 DONE
26/09/2025 11:43:20:	12	count	time	10.000000s/cts	O Det=548	H Det=2058	Mon Det=22908	Aux Det=1498	O+H=4104	 DONE
26/09/2025 11:43:31:	move motor	S18.axis2.phaseshifter 2 to -0.615000deg	 DONE
26/09/2025 11:43:33:	13	count	time	10.000000s/cts	O Det=836	H Det=1847	Mon Det=23081	Aux Det=1471	O+H=4154	 DONE
26/09/2025 11:43:45:	move motor	S18.axis2.phaseshifter 2 to -0.410000deg	 DONE
26/09/2025 11:43:47:	14	count	time	10.000000s/cts	O Det=1262	H Det=1398	Mon Det=22675	Aux Det=1543	O+H=4203	 DONE
26/09/2025 11:43:58:	move motor	S18.axis2.phaseshifter 2 to -0.205000deg	 DONE
26/09/2025 11:44:00:	15	count	time	10.000000s/cts	O Det=1662	H Det=1018	Mon Det=23124	Aux Det=1447	O+H=4127	 DONE
26/09/2025 11:44:12:	move motor	S18.axis2.phaseshifter 2 to -0.000000deg	 DONE
26/09/2025 11:44:13:	16	count	time	10.000000s/cts	O Det=1919	H Det=887	Mon Det=22856	Aux Det=1508	O+H=4314	 DONE
26/09/2025 11:44:25:	move motor	S18.axis2.phaseshifter 2 to 0.205000deg	 DONE
26/09/2025 11:44:27:	17	count	time	10.000000s/cts	O Det=1739	H Det=908	Mon Det=22738	Aux Det=1484	O+H=4131	 DONE
26/09/2025 11:44:38:	move motor	S18.axis2.phaseshifter 2 to 0.410000deg	 DONE
26/09/2025 11:44:40:	18	count	time	10.000000s/cts	O Det=1456	H Det=1281	Mon Det=23118	Aux Det=1481	O+H=4218	 DONE
26/09/2025 11:44:52:	move motor	S18.axis2.phaseshifter 2 to 0.615000deg	 DONE
26/09/2025 11:44:54:	19	count	time	10.000000s/cts	O Det=972	H Det=1700	Mon Det=22928	Aux Det=1488	O+H=4160	 DONE
26/09/2025 11:45:05:	move motor	S18.axis2.phaseshifter 2 to 0.820000deg	 DONE
26/09/2025 11:45:07:	20	count	time	10.000000s/cts	O Det=713	H Det=2001	Mon Det=23028	Aux Det=1487	O+H=4201	 DONE
26/09/2025 11:45:19:	move motor	S18.axis2.phaseshifter 2 to 1.025000deg	 DONE
26/09/2025 11:45:21:	21	count	time	10.000000s/cts	O Det=446	H Det=2110	Mon Det=23214	Aux Det=1509	O+H=4065	 DONE
26/09/2025 11:45:32:	move motor	S18.axis2.phaseshifter 2 to 1.230000deg	 DONE
26/09/2025 11:45:34:	22	count	time	10.000000s/cts	O Det=447	H Det=2156	Mon Det=23076	Aux Det=1475	O+H=4078	 DONE
26/09/2025 11:45:46:	move motor	S18.axis2.phaseshifter 2 to 1.435000deg	 DONE
26/09/2025 11:45:47:	23	count	time	10.000000s/cts	O Det=749	H Det=1852	Mon Det=22745	Aux Det=1560	O+H=4161	 DONE
26/09/2025 11:45:59:	move motor	S18.axis2.phaseshifter 2 to 1.640000deg	 DONE
26/09/2025 11:46:01:	24	count	time	10.000000s/cts	O Det=1050	H Det=1654	Mon Det=22818	Aux Det=1536	O+H=4240	 DONE
26/09/2025 11:46:13:	move motor	S18.axis2.phaseshifter 2 to 1.845000deg	 DONE
26/09/2025 11:46:14:	25	count	time	10.000000s/cts	O Det=1599	H Det=1238	Mon Det=22734	Aux Det=1461	O+H=4298	 DONE
26/09/2025 11:46:26:	move motor	S18.axis2.phaseshifter 2 to 2.050000deg	 DONE
26/09/2025 11:46:28:	26	count	time	10.000000s/cts	O Det=1848	H Det=950	Mon Det=22542	Aux Det=1486	O+H=4284	 DONE
26/09/2025 11:46:40:	move motor	S18.axis2.phaseshifter 2 to 2.255000deg	 DONE
26/09/2025 11:46:41:	27	count	time	10.000000s/cts	O Det=1792	H Det=945	Mon Det=22454	Aux Det=1509	O+H=4246	 DONE
26/09/2025 11:46:53:	move motor	S18.axis2.phaseshifter 2 to 2.460000deg	 DONE
26/09/2025 11:46:55:	28	count	time	10.000000s/cts	O Det=1532	H Det=1219	Mon Det=22969	Aux Det=1538	O+H=4289	 DONE
26/09/2025 11:47:06:	move motor	S18.axis2.phaseshifter 2 to 2.665000deg	 DONE
26/09/2025 11:47:08:	29	count	time	10.000000s/cts	O Det=968	H Det=1602	Mon Det=22743	Aux Det=1528	O+H=4098	 DONE
26/09/2025 11:47:20:	move motor	S18.axis2.phaseshifter 2 to 2.870000deg	 DONE
26/09/2025 11:47:22:	30	count	time	10.000000s/cts	O Det=608	H Det=2031	Mon Det=22930	Aux Det=1466	O+H=4105	 DONE
26/09/2025 11:47:33:	move motor	S18.axis2.phaseshifter 2 to 3.075000deg	 DONE
26/09/2025 11:47:35:	31	count	time	10.000000s/cts	O Det=421	H Det=2157	Mon Det=22846	Aux Det=1497	O+H=4075	 DONE
26/09/2025 11:47:47:	close file and end scan	 DONE
26/09/2025 11:47:47:	END OF SCRIPT	 DONE
