27/09/2025 11:58:29:	start execution of script D:\data\Cycle 198\exp_3-16-19\rawdata\sc\ifg2_3p20s_B12.sc	 DONE
27/09/2025 11:58:30:	move motor	S18.axis2.phaseshifter 2 to -3.175000deg	 DONE
27/09/2025 11:58:34:	create file	D:\data\Cycle 198\exp_3-16-19\rawdata\sc\ifg2_3p20s_B12_27Sep1158.dat	 DONE
room to enter remarks DONE
27/09/2025 11:58:35:	read encoder	S18.auxiliary.Robot Diagonal		48483.272730 DONE
27/09/2025 11:58:36:	move motor	S18.axis2.phaseshifter 2 to -3.075000deg	 DONE
27/09/2025 11:58:37:	1	count	time	20.000000s/cts	O Det=953	H Det=1879	Mon Det=45515	Aux Det=6	O+H=2838	 DONE
27/09/2025 11:58:59:	move motor	S18.axis2.phaseshifter 2 to -2.870000deg	 DONE
27/09/2025 11:59:01:	2	count	time	20.000000s/cts	O Det=953	H Det=1929	Mon Det=45192	Aux Det=11	O+H=2893	 DONE
27/09/2025 11:59:22:	move motor	S18.axis2.phaseshifter 2 to -2.665000deg	 DONE
27/09/2025 11:59:24:	3	count	time	20.000000s/cts	O Det=917	H Det=1872	Mon Det=45657	Aux Det=12	O+H=2801	 DONE
27/09/2025 11:59:46:	move motor	S18.axis2.phaseshifter 2 to -2.460000deg	 DONE
27/09/2025 11:59:47:	4	count	time	20.000000s/cts	O Det=975	H Det=1902	Mon Det=45161	Aux Det=6	O+H=2883	 DONE
27/09/2025 12:00:09:	move motor	S18.axis2.phaseshifter 2 to -2.255000deg	 DONE
27/09/2025 12:00:11:	5	count	time	20.000000s/cts	O Det=958	H Det=1829	Mon Det=45321	Aux Det=11	O+H=2798	 DONE
27/09/2025 12:00:33:	move motor	S18.axis2.phaseshifter 2 to -2.050000deg	 DONE
27/09/2025 12:00:34:	6	count	time	20.000000s/cts	O Det=882	H Det=1787	Mon Det=45245	Aux Det=9	O+H=2678	 DONE
27/09/2025 12:00:56:	move motor	S18.axis2.phaseshifter 2 to -1.845000deg	 DONE
27/09/2025 12:00:58:	7	count	time	20.000000s/cts	O Det=862	H Det=1893	Mon Det=44998	Aux Det=9	O+H=2764	 DONE
27/09/2025 12:01:20:	move motor	S18.axis2.phaseshifter 2 to -1.640000deg	 DONE
27/09/2025 12:01:21:	8	count	time	20.000000s/cts	O Det=917	H Det=1814	Mon Det=45422	Aux Det=16	O+H=2747	 DONE
27/09/2025 12:01:43:	move motor	S18.axis2.phaseshifter 2 to -1.435000deg	 DONE
27/09/2025 12:01:45:	9	count	time	20.000000s/cts	O Det=920	H Det=1815	Mon Det=45469	Aux Det=13	O+H=2748	 DONE
27/09/2025 12:02:07:	move motor	S18.axis2.phaseshifter 2 to -1.230000deg	 DONE
27/09/2025 12:02:08:	10	count	time	20.000000s/cts	O Det=909	H Det=1794	Mon Det=45231	Aux Det=8	O+H=2711	 DONE
27/09/2025 12:02:30:	move motor	S18.axis2.phaseshifter 2 to -1.025000deg	 DONE
27/09/2025 12:02:32:	11	count	time	20.000000s/cts	O Det=888	H Det=1873	Mon Det=45726	Aux Det=8	O+H=2769	 DONE
27/09/2025 12:02:54:	move motor	S18.axis2.phaseshifter 2 to -0.820000deg	 DONE
27/09/2025 12:02:56:	12	count	time	20.000000s/cts	O Det=914	H Det=1792	Mon Det=45171	Aux Det=16	O+H=2722	 DONE
27/09/2025 12:03:17:	move motor	S18.axis2.phaseshifter 2 to -0.615000deg	 DONE
27/09/2025 12:03:19:	13	count	time	20.000000s/cts	O Det=959	H Det=1875	Mon Det=45861	Aux Det=6	O+H=2840	 DONE
27/09/2025 12:03:41:	move motor	S18.axis2.phaseshifter 2 to -0.410000deg	 DONE
27/09/2025 12:03:43:	14	count	time	20.000000s/cts	O Det=910	H Det=1915	Mon Det=45218	Aux Det=11	O+H=2836	 DONE
27/09/2025 12:04:04:	move motor	S18.axis2.phaseshifter 2 to -0.205000deg	 DONE
27/09/2025 12:04:06:	15	count	time	20.000000s/cts	O Det=917	H Det=1933	Mon Det=44854	Aux Det=12	O+H=2862	 DONE
27/09/2025 12:04:28:	move motor	S18.axis2.phaseshifter 2 to -0.000000deg	 DONE
27/09/2025 12:04:30:	16	count	time	20.000000s/cts	O Det=964	H Det=1868	Mon Det=45399	Aux Det=12	O+H=2844	 DONE
27/09/2025 12:04:51:	move motor	S18.axis2.phaseshifter 2 to 0.205000deg	 DONE
27/09/2025 12:04:53:	17	count	time	20.000000s/cts	O Det=885	H Det=1814	Mon Det=45107	Aux Det=6	O+H=2705	 DONE
27/09/2025 12:05:15:	move motor	S18.axis2.phaseshifter 2 to 0.410000deg	 DONE
27/09/2025 12:05:16:	18	count	time	20.000000s/cts	O Det=939	H Det=1846	Mon Det=45101	Aux Det=11	O+H=2796	 DONE
27/09/2025 12:05:38:	move motor	S18.axis2.phaseshifter 2 to 0.615000deg	 DONE
27/09/2025 12:05:40:	19	count	time	20.000000s/cts	O Det=944	H Det=1779	Mon Det=45545	Aux Det=2	O+H=2725	 DONE
27/09/2025 12:06:02:	move motor	S18.axis2.phaseshifter 2 to 0.820000deg	 DONE
27/09/2025 12:06:03:	20	count	time	20.000000s/cts	O Det=905	H Det=1821	Mon Det=45245	Aux Det=20	O+H=2746	 DONE
27/09/2025 12:06:25:	move motor	S18.axis2.phaseshifter 2 to 1.025000deg	 DONE
27/09/2025 12:06:27:	21	count	time	20.000000s/cts	O Det=917	H Det=1830	Mon Det=45428	Aux Det=9	O+H=2756	 DONE
27/09/2025 12:06:49:	move motor	S18.axis2.phaseshifter 2 to 1.230000deg	 DONE
27/09/2025 12:06:51:	22	count	time	20.000000s/cts	O Det=972	H Det=1914	Mon Det=44969	Aux Det=7	O+H=2893	 DONE
27/09/2025 12:07:12:	move motor	S18.axis2.phaseshifter 2 to 1.435000deg	 DONE
27/09/2025 12:07:14:	23	count	time	20.000000s/cts	O Det=921	H Det=1866	Mon Det=45473	Aux Det=6	O+H=2793	 DONE
27/09/2025 12:07:36:	move motor	S18.axis2.phaseshifter 2 to 1.640000deg	 DONE
27/09/2025 12:07:38:	24	count	time	20.000000s/cts	O Det=957	H Det=1861	Mon Det=45525	Aux Det=9	O+H=2827	 DONE
27/09/2025 12:07:59:	move motor	S18.axis2.phaseshifter 2 to 1.845000deg	 DONE
27/09/2025 12:08:01:	25	count	time	20.000000s/cts	O Det=922	H Det=1902	Mon Det=44892	Aux Det=11	O+H=2835	 DONE
27/09/2025 12:08:23:	move motor	S18.axis2.phaseshifter 2 to 2.050000deg	 DONE
27/09/2025 12:08:25:	26	count	time	20.000000s/cts	O Det=915	H Det=1916	Mon Det=44949	Aux Det=14	O+H=2845	 DONE
27/09/2025 12:08:46:	move motor	S18.axis2.phaseshifter 2 to 2.255000deg	 DONE
27/09/2025 12:08:48:	27	count	time	20.000000s/cts	O Det=914	H Det=1927	Mon Det=45191	Aux Det=5	O+H=2846	 DONE
27/09/2025 12:09:10:	move motor	S18.axis2.phaseshifter 2 to 2.460000deg	 DONE
27/09/2025 12:09:12:	28	count	time	20.000000s/cts	O Det=967	H Det=1864	Mon Det=45382	Aux Det=13	O+H=2844	 DONE
27/09/2025 12:09:33:	move motor	S18.axis2.phaseshifter 2 to 2.665000deg	 DONE
27/09/2025 12:09:35:	29	count	time	20.000000s/cts	O Det=953	H Det=1870	Mon Det=45396	Aux Det=13	O+H=2836	 DONE
27/09/2025 12:09:57:	move motor	S18.axis2.phaseshifter 2 to 2.870000deg	 DONE
27/09/2025 12:09:59:	30	count	time	20.000000s/cts	O Det=957	H Det=1774	Mon Det=45550	Aux Det=12	O+H=2743	 DONE
27/09/2025 12:10:20:	move motor	S18.axis2.phaseshifter 2 to 3.075000deg	 DONE
27/09/2025 12:10:22:	31	count	time	20.000000s/cts	O Det=887	H Det=1853	Mon Det=45240	Aux Det=3	O+H=2743	 DONE
27/09/2025 12:10:44:	close file and end scan	 DONE
27/09/2025 12:10:44:	END OF SCRIPT	 DONE
