26/09/2025 19:12:26:	start execution of script D:\data\Cycle 198\exp_3-16-19\rawdata\sc\ifg2_3p20s_B2.sc	 DONE
26/09/2025 19:12:27:	move motor	S18.axis2.phaseshifter 2 to -3.175000deg	 DONE
26/09/2025 19:12:31:	create file	D:\data\Cycle 198\exp_3-16-19\rawdata\sc\ifg2_3p20s_B2_26Sep1912.dat	 DONE
room to enter remarks DONE
26/09/2025 19:12:32:	read encoder	S18.auxiliary.Robot Diagonal		-12.660254 DONE
26/09/2025 19:12:32:	move motor	S18.axis2.phaseshifter 2 to -3.075000deg	 DONE
26/09/2025 19:12:34:	1	count	time	20.000000s/cts	O Det=2824	H Det=2164	Mon Det=45045	Aux Det=3682	O+H=8670	 DONE
26/09/2025 19:12:56:	move motor	S18.axis2.phaseshifter 2 to -2.870000deg	 DONE
26/09/2025 19:12:57:	2	count	time	20.000000s/cts	O Det=2199	H Det=2565	Mon Det=45218	Aux Det=3635	O+H=8399	 DONE
26/09/2025 19:13:19:	move motor	S18.axis2.phaseshifter 2 to -2.665000deg	 DONE
26/09/2025 19:13:21:	3	count	time	20.000000s/cts	O Det=1298	H Det=3351	Mon Det=44978	Aux Det=3825	O+H=8474	 DONE
26/09/2025 19:13:42:	move motor	S18.axis2.phaseshifter 2 to -2.460000deg	 DONE
26/09/2025 19:13:44:	4	count	time	20.000000s/cts	O Det=821	H Det=3734	Mon Det=44875	Aux Det=3697	O+H=8252	 DONE
26/09/2025 19:14:06:	move motor	S18.axis2.phaseshifter 2 to -2.255000deg	 DONE
26/09/2025 19:14:08:	5	count	time	20.000000s/cts	O Det=434	H Det=4277	Mon Det=45336	Aux Det=3756	O+H=8467	 DONE
26/09/2025 19:14:29:	move motor	S18.axis2.phaseshifter 2 to -2.050000deg	 DONE
26/09/2025 19:14:31:	6	count	time	20.000000s/cts	O Det=829	H Det=3833	Mon Det=45627	Aux Det=3838	O+H=8500	 DONE
26/09/2025 19:14:53:	move motor	S18.axis2.phaseshifter 2 to -1.845000deg	 DONE
26/09/2025 19:14:55:	7	count	time	20.000000s/cts	O Det=1216	H Det=3575	Mon Det=45164	Aux Det=3740	O+H=8531	 DONE
26/09/2025 19:15:16:	move motor	S18.axis2.phaseshifter 2 to -1.640000deg	 DONE
26/09/2025 19:15:18:	8	count	time	20.000000s/cts	O Det=2527	H Det=2379	Mon Det=44767	Aux Det=3782	O+H=8688	 DONE
26/09/2025 19:15:40:	move motor	S18.axis2.phaseshifter 2 to -1.435000deg	 DONE
26/09/2025 19:15:42:	9	count	time	20.000000s/cts	O Det=2947	H Det=2033	Mon Det=45158	Aux Det=3656	O+H=8636	 DONE
26/09/2025 19:16:03:	move motor	S18.axis2.phaseshifter 2 to -1.230000deg	 DONE
26/09/2025 19:16:05:	10	count	time	20.000000s/cts	O Det=3374	H Det=1553	Mon Det=45024	Aux Det=3751	O+H=8678	 DONE
26/09/2025 19:16:27:	move motor	S18.axis2.phaseshifter 2 to -1.025000deg	 DONE
26/09/2025 19:16:29:	11	count	time	20.000000s/cts	O Det=2745	H Det=2158	Mon Det=44542	Aux Det=3687	O+H=8590	 DONE
26/09/2025 19:16:50:	move motor	S18.axis2.phaseshifter 2 to -0.820000deg	 DONE
26/09/2025 19:16:52:	12	count	time	20.000000s/cts	O Det=2489	H Det=2383	Mon Det=45166	Aux Det=3583	O+H=8455	 DONE
26/09/2025 19:17:14:	move motor	S18.axis2.phaseshifter 2 to -0.615000deg	 DONE
26/09/2025 19:17:16:	13	count	time	20.000000s/cts	O Det=1663	H Det=3093	Mon Det=45067	Aux Det=3772	O+H=8528	 DONE
26/09/2025 19:17:37:	move motor	S18.axis2.phaseshifter 2 to -0.410000deg	 DONE
26/09/2025 19:17:39:	14	count	time	20.000000s/cts	O Det=741	H Det=3933	Mon Det=44880	Aux Det=3723	O+H=8397	 DONE
26/09/2025 19:18:01:	move motor	S18.axis2.phaseshifter 2 to -0.205000deg	 DONE
26/09/2025 19:18:03:	15	count	time	20.000000s/cts	O Det=504	H Det=4244	Mon Det=45286	Aux Det=3599	O+H=8347	 DONE
26/09/2025 19:18:24:	move motor	S18.axis2.phaseshifter 2 to -0.000000deg	 DONE
26/09/2025 19:18:26:	16	count	time	20.000000s/cts	O Det=854	H Det=3825	Mon Det=45013	Aux Det=3605	O+H=8284	 DONE
26/09/2025 19:18:48:	move motor	S18.axis2.phaseshifter 2 to 0.205000deg	 DONE
26/09/2025 19:18:50:	17	count	time	20.000000s/cts	O Det=1523	H Det=3171	Mon Det=45083	Aux Det=3815	O+H=8509	 DONE
26/09/2025 19:19:11:	move motor	S18.axis2.phaseshifter 2 to 0.410000deg	 DONE
26/09/2025 19:19:13:	18	count	time	20.000000s/cts	O Det=2266	H Det=2526	Mon Det=45082	Aux Det=3632	O+H=8424	 DONE
26/09/2025 19:19:35:	move motor	S18.axis2.phaseshifter 2 to 0.615000deg	 DONE
26/09/2025 19:19:36:	19	count	time	20.000000s/cts	O Det=3190	H Det=1712	Mon Det=45205	Aux Det=3690	O+H=8592	 DONE
26/09/2025 19:19:58:	move motor	S18.axis2.phaseshifter 2 to 0.820000deg	 DONE
26/09/2025 19:20:00:	20	count	time	20.000000s/cts	O Det=3436	H Det=1633	Mon Det=45317	Aux Det=3672	O+H=8741	 DONE
26/09/2025 19:20:22:	move motor	S18.axis2.phaseshifter 2 to 1.025000deg	 DONE
26/09/2025 19:20:23:	21	count	time	20.000000s/cts	O Det=3371	H Det=1627	Mon Det=44723	Aux Det=3735	O+H=8733	 DONE
26/09/2025 19:20:45:	move motor	S18.axis2.phaseshifter 2 to 1.230000deg	 DONE
26/09/2025 19:20:47:	22	count	time	20.000000s/cts	O Det=2134	H Det=2669	Mon Det=45241	Aux Det=3624	O+H=8427	 DONE
26/09/2025 19:21:09:	move motor	S18.axis2.phaseshifter 2 to 1.435000deg	 DONE
26/09/2025 19:21:10:	23	count	time	20.000000s/cts	O Det=1174	H Det=3560	Mon Det=45247	Aux Det=3584	O+H=8318	 DONE
26/09/2025 19:21:32:	move motor	S18.axis2.phaseshifter 2 to 1.640000deg	 DONE
26/09/2025 19:21:34:	24	count	time	20.000000s/cts	O Det=756	H Det=3905	Mon Det=45258	Aux Det=3699	O+H=8360	 DONE
26/09/2025 19:21:55:	move motor	S18.axis2.phaseshifter 2 to 1.845000deg	 DONE
26/09/2025 19:21:57:	25	count	time	20.000000s/cts	O Det=552	H Det=4015	Mon Det=44797	Aux Det=3627	O+H=8194	 DONE
26/09/2025 19:22:19:	move motor	S18.axis2.phaseshifter 2 to 2.050000deg	 DONE
26/09/2025 19:22:21:	26	count	time	20.000000s/cts	O Det=888	H Det=3791	Mon Det=44642	Aux Det=3566	O+H=8245	 DONE
26/09/2025 19:22:42:	move motor	S18.axis2.phaseshifter 2 to 2.255000deg	 DONE
26/09/2025 19:22:44:	27	count	time	20.000000s/cts	O Det=1625	H Det=2951	Mon Det=44996	Aux Det=3754	O+H=8330	 DONE
26/09/2025 19:23:06:	move motor	S18.axis2.phaseshifter 2 to 2.460000deg	 DONE
26/09/2025 19:23:07:	28	count	time	20.000000s/cts	O Det=2978	H Det=1860	Mon Det=45187	Aux Det=3632	O+H=8470	 DONE
26/09/2025 19:23:29:	move motor	S18.axis2.phaseshifter 2 to 2.665000deg	 DONE
26/09/2025 19:23:31:	29	count	time	20.000000s/cts	O Det=3343	H Det=1725	Mon Det=45013	Aux Det=3633	O+H=8701	 DONE
26/09/2025 19:23:53:	move motor	S18.axis2.phaseshifter 2 to 2.870000deg	 DONE
26/09/2025 19:23:54:	30	count	time	20.000000s/cts	O Det=3350	H Det=1585	Mon Det=44739	Aux Det=3619	O+H=8554	 DONE
26/09/2025 19:24:16:	move motor	S18.axis2.phaseshifter 2 to 3.075000deg	 DONE
26/09/2025 19:24:18:	31	count	time	20.000000s/cts	O Det=3169	H Det=1800	Mon Det=45228	Aux Det=3661	O+H=8630	 DONE
26/09/2025 19:24:39:	close file and end scan	 DONE
26/09/2025 19:24:40:	END OF SCRIPT	 DONE
