27/09/2025 15:11:16:	start execution of script D:\data\Cycle 198\exp_3-16-19\rawdata\sc\ifg2_3p20s_B23.sc	 DONE
27/09/2025 15:11:17:	move motor	S18.axis2.phaseshifter 2 to -3.175000deg	 DONE
27/09/2025 15:11:21:	create file	D:\data\Cycle 198\exp_3-16-19\rawdata\sc\ifg2_3p20s_B23_27Sep1511.dat	 DONE
room to enter remarks DONE
27/09/2025 15:11:22:	read encoder	S18.auxiliary.Robot Diagonal		72487.074850 DONE
27/09/2025 15:11:22:	move motor	S18.axis2.phaseshifter 2 to -3.075000deg	 DONE
27/09/2025 15:11:24:	1	count	time	20.000000s/cts	O Det=1021	H Det=1001	Mon Det=44808	Aux Det=3746	O+H=5768	 DONE
27/09/2025 15:11:46:	move motor	S18.axis2.phaseshifter 2 to -2.870000deg	 DONE
27/09/2025 15:11:48:	2	count	time	20.000000s/cts	O Det=1002	H Det=1112	Mon Det=45359	Aux Det=3757	O+H=5871	 DONE
27/09/2025 15:12:09:	move motor	S18.axis2.phaseshifter 2 to -2.665000deg	 DONE
27/09/2025 15:12:11:	3	count	time	20.000000s/cts	O Det=1044	H Det=1106	Mon Det=45407	Aux Det=3662	O+H=5812	 DONE
27/09/2025 15:12:33:	move motor	S18.axis2.phaseshifter 2 to -2.460000deg	 DONE
27/09/2025 15:12:35:	4	count	time	20.000000s/cts	O Det=1008	H Det=1080	Mon Det=45339	Aux Det=3729	O+H=5817	 DONE
27/09/2025 15:12:56:	move motor	S18.axis2.phaseshifter 2 to -2.255000deg	 DONE
27/09/2025 15:12:58:	5	count	time	20.000000s/cts	O Det=1028	H Det=1122	Mon Det=45427	Aux Det=3711	O+H=5861	 DONE
27/09/2025 15:13:20:	move motor	S18.axis2.phaseshifter 2 to -2.050000deg	 DONE
27/09/2025 15:13:22:	6	count	time	20.000000s/cts	O Det=1000	H Det=1039	Mon Det=45017	Aux Det=3773	O+H=5812	 DONE
27/09/2025 15:13:43:	move motor	S18.axis2.phaseshifter 2 to -1.845000deg	 DONE
27/09/2025 15:13:45:	7	count	time	20.000000s/cts	O Det=966	H Det=1074	Mon Det=45370	Aux Det=3747	O+H=5787	 DONE
27/09/2025 15:14:07:	move motor	S18.axis2.phaseshifter 2 to -1.640000deg	 DONE
27/09/2025 15:14:09:	8	count	time	20.000000s/cts	O Det=1014	H Det=1050	Mon Det=45287	Aux Det=3797	O+H=5861	 DONE
27/09/2025 15:14:30:	move motor	S18.axis2.phaseshifter 2 to -1.435000deg	 DONE
27/09/2025 15:14:32:	9	count	time	20.000000s/cts	O Det=1013	H Det=1061	Mon Det=45372	Aux Det=3738	O+H=5812	 DONE
27/09/2025 15:14:54:	move motor	S18.axis2.phaseshifter 2 to -1.230000deg	 DONE
27/09/2025 15:14:56:	10	count	time	20.000000s/cts	O Det=993	H Det=1012	Mon Det=45459	Aux Det=3847	O+H=5852	 DONE
27/09/2025 15:15:17:	move motor	S18.axis2.phaseshifter 2 to -1.025000deg	 DONE
27/09/2025 15:15:19:	11	count	time	20.000000s/cts	O Det=984	H Det=1024	Mon Det=45145	Aux Det=3853	O+H=5861	 DONE
27/09/2025 15:15:41:	move motor	S18.axis2.phaseshifter 2 to -0.820000deg	 DONE
27/09/2025 15:15:43:	12	count	time	20.000000s/cts	O Det=1028	H Det=1081	Mon Det=45297	Aux Det=3721	O+H=5830	 DONE
27/09/2025 15:16:04:	move motor	S18.axis2.phaseshifter 2 to -0.615000deg	 DONE
27/09/2025 15:16:06:	13	count	time	20.000000s/cts	O Det=1012	H Det=1107	Mon Det=45201	Aux Det=3765	O+H=5884	 DONE
27/09/2025 15:16:28:	move motor	S18.axis2.phaseshifter 2 to -0.410000deg	 DONE
27/09/2025 15:16:30:	14	count	time	20.000000s/cts	O Det=1056	H Det=1072	Mon Det=45049	Aux Det=3747	O+H=5875	 DONE
27/09/2025 15:16:51:	move motor	S18.axis2.phaseshifter 2 to -0.205000deg	 DONE
27/09/2025 15:16:53:	15	count	time	20.000000s/cts	O Det=1067	H Det=1029	Mon Det=45179	Aux Det=3814	O+H=5910	 DONE
27/09/2025 15:17:15:	move motor	S18.axis2.phaseshifter 2 to -0.000000deg	 DONE
27/09/2025 15:17:16:	16	count	time	20.000000s/cts	O Det=1002	H Det=1011	Mon Det=45178	Aux Det=3753	O+H=5766	 DONE
27/09/2025 15:17:38:	move motor	S18.axis2.phaseshifter 2 to 0.205000deg	 DONE
27/09/2025 15:17:40:	17	count	time	20.000000s/cts	O Det=1016	H Det=1045	Mon Det=44958	Aux Det=3841	O+H=5902	 DONE
27/09/2025 15:18:02:	move motor	S18.axis2.phaseshifter 2 to 0.410000deg	 DONE
27/09/2025 15:18:03:	18	count	time	20.000000s/cts	O Det=1030	H Det=1023	Mon Det=45246	Aux Det=3714	O+H=5767	 DONE
27/09/2025 15:18:25:	move motor	S18.axis2.phaseshifter 2 to 0.615000deg	 DONE
27/09/2025 15:18:27:	19	count	time	20.000000s/cts	O Det=1017	H Det=1055	Mon Det=45418	Aux Det=3753	O+H=5825	 DONE
27/09/2025 15:18:48:	move motor	S18.axis2.phaseshifter 2 to 0.820000deg	 DONE
27/09/2025 15:18:50:	20	count	time	20.000000s/cts	O Det=1018	H Det=1103	Mon Det=45243	Aux Det=3696	O+H=5817	 DONE
27/09/2025 15:19:12:	move motor	S18.axis2.phaseshifter 2 to 1.025000deg	 DONE
27/09/2025 15:19:14:	21	count	time	20.000000s/cts	O Det=1044	H Det=1052	Mon Det=45538	Aux Det=3839	O+H=5935	 DONE
27/09/2025 15:19:35:	move motor	S18.axis2.phaseshifter 2 to 1.230000deg	 DONE
27/09/2025 15:19:37:	22	count	time	20.000000s/cts	O Det=963	H Det=1022	Mon Det=45364	Aux Det=3772	O+H=5757	 DONE
27/09/2025 15:19:59:	move motor	S18.axis2.phaseshifter 2 to 1.435000deg	 DONE
27/09/2025 15:20:01:	23	count	time	20.000000s/cts	O Det=997	H Det=1076	Mon Det=45256	Aux Det=3773	O+H=5846	 DONE
27/09/2025 15:20:22:	move motor	S18.axis2.phaseshifter 2 to 1.640000deg	 DONE
27/09/2025 15:20:24:	24	count	time	20.000000s/cts	O Det=972	H Det=1004	Mon Det=44949	Aux Det=3869	O+H=5845	 DONE
27/09/2025 15:20:46:	move motor	S18.axis2.phaseshifter 2 to 1.845000deg	 DONE
27/09/2025 15:20:48:	25	count	time	20.000000s/cts	O Det=1011	H Det=1048	Mon Det=45407	Aux Det=3889	O+H=5948	 DONE
27/09/2025 15:21:10:	move motor	S18.axis2.phaseshifter 2 to 2.050000deg	 DONE
27/09/2025 15:21:11:	26	count	time	20.000000s/cts	O Det=997	H Det=1113	Mon Det=45584	Aux Det=3778	O+H=5888	 DONE
27/09/2025 15:21:33:	move motor	S18.axis2.phaseshifter 2 to 2.255000deg	 DONE
27/09/2025 15:21:35:	27	count	time	20.000000s/cts	O Det=988	H Det=1105	Mon Det=45477	Aux Det=3656	O+H=5749	 DONE
27/09/2025 15:21:56:	move motor	S18.axis2.phaseshifter 2 to 2.460000deg	 DONE
27/09/2025 15:21:58:	28	count	time	20.000000s/cts	O Det=1008	H Det=1069	Mon Det=45645	Aux Det=3783	O+H=5860	 DONE
27/09/2025 15:22:20:	move motor	S18.axis2.phaseshifter 2 to 2.665000deg	 DONE
27/09/2025 15:22:22:	29	count	time	20.000000s/cts	O Det=1008	H Det=1041	Mon Det=45591	Aux Det=3827	O+H=5876	 DONE
27/09/2025 15:22:43:	move motor	S18.axis2.phaseshifter 2 to 2.870000deg	 DONE
27/09/2025 15:22:45:	30	count	time	20.000000s/cts	O Det=1065	H Det=1014	Mon Det=45293	Aux Det=3718	O+H=5797	 DONE
27/09/2025 15:23:07:	move motor	S18.axis2.phaseshifter 2 to 3.075000deg	 DONE
27/09/2025 15:23:09:	31	count	time	20.000000s/cts	O Det=1040	H Det=1027	Mon Det=45464	Aux Det=3779	O+H=5846	 DONE
27/09/2025 15:23:30:	close file and end scan	 DONE
27/09/2025 15:23:31:	END OF SCRIPT	 DONE
