16/10/2025 11:32:17:	start execution of script D:\data\Cycle 198\exp_3-16-19\rawdata\sc\ifg2r_newPS_2p30s.sc	 DONE
16/10/2025 11:32:18:	create file	D:\data\Cycle 198\exp_3-16-19\rawdata\sc\ifg2r_newPS_2p30s_16Oct1132.dat	 DONE
room to enter remarks DONE
16/10/2025 11:32:19:	MOVE MOTOR REL	S18.axis2.phaseshifter 2	deg	0.0	FALSE DONE
16/10/2025 11:32:22:	1	count	time	15.0s/cts	O Det=2232	H Det=1879	Mon Det=35730	Aux Det=2785	O+H=6896	 DONE
16/10/2025 11:32:39:	MOVE MOTOR REL	S18.axis2.phaseshifter 2	deg	0.07	FALSE DONE
16/10/2025 11:32:43:	2	count	time	15.0s/cts	O Det=1616	H Det=2327	Mon Det=35613	Aux Det=2749	O+H=6692	 DONE
16/10/2025 11:32:59:	MOVE MOTOR REL	S18.axis2.phaseshifter 2	deg	0.07	FALSE DONE
16/10/2025 11:33:03:	3	count	time	15.0s/cts	O Det=1108	H Det=2765	Mon Det=35775	Aux Det=2812	O+H=6685	 DONE
16/10/2025 11:33:19:	MOVE MOTOR REL	S18.axis2.phaseshifter 2	deg	0.07	FALSE DONE
16/10/2025 11:33:23:	4	count	time	15.0s/cts	O Det=756	H Det=3091	Mon Det=35847	Aux Det=2775	O+H=6622	 DONE
16/10/2025 11:33:40:	MOVE MOTOR REL	S18.axis2.phaseshifter 2	deg	0.07	FALSE DONE
16/10/2025 11:33:43:	5	count	time	15.0s/cts	O Det=666	H Det=3119	Mon Det=35690	Aux Det=2689	O+H=6474	 DONE
16/10/2025 11:34:00:	MOVE MOTOR REL	S18.axis2.phaseshifter 2	deg	0.07	FALSE DONE
16/10/2025 11:34:03:	6	count	time	15.0s/cts	O Det=614	H Det=3229	Mon Det=35645	Aux Det=2711	O+H=6554	 DONE
16/10/2025 11:34:20:	MOVE MOTOR REL	S18.axis2.phaseshifter 2	deg	0.07	FALSE DONE
16/10/2025 11:34:23:	7	count	time	15.0s/cts	O Det=830	H Det=3089	Mon Det=35560	Aux Det=2737	O+H=6656	 DONE
16/10/2025 11:34:40:	MOVE MOTOR REL	S18.axis2.phaseshifter 2	deg	0.07	FALSE DONE
16/10/2025 11:34:44:	8	count	time	15.0s/cts	O Det=1397	H Det=2669	Mon Det=35564	Aux Det=2719	O+H=6785	 DONE
16/10/2025 11:35:00:	MOVE MOTOR REL	S18.axis2.phaseshifter 2	deg	0.07	FALSE DONE
16/10/2025 11:35:04:	9	count	time	15.0s/cts	O Det=1781	H Det=2173	Mon Det=35743	Aux Det=2691	O+H=6645	 DONE
16/10/2025 11:35:21:	MOVE MOTOR REL	S18.axis2.phaseshifter 2	deg	0.07	FALSE DONE
16/10/2025 11:35:24:	10	count	time	15.0s/cts	O Det=2250	H Det=1681	Mon Det=35563	Aux Det=2784	O+H=6715	 DONE
16/10/2025 11:35:41:	MOVE MOTOR REL	S18.axis2.phaseshifter 2	deg	0.07	FALSE DONE
16/10/2025 11:35:44:	11	count	time	15.0s/cts	O Det=2680	H Det=1399	Mon Det=35876	Aux Det=2803	O+H=6882	 DONE
16/10/2025 11:36:01:	MOVE MOTOR REL	S18.axis2.phaseshifter 2	deg	0.07	FALSE DONE
16/10/2025 11:36:04:	12	count	time	15.0s/cts	O Det=2963	H Det=1153	Mon Det=35825	Aux Det=2754	O+H=6870	 DONE
16/10/2025 11:36:21:	MOVE MOTOR REL	S18.axis2.phaseshifter 2	deg	0.07	FALSE DONE
16/10/2025 11:36:25:	13	count	time	15.0s/cts	O Det=3059	H Det=1035	Mon Det=35364	Aux Det=2757	O+H=6851	 DONE
16/10/2025 11:36:41:	MOVE MOTOR REL	S18.axis2.phaseshifter 2	deg	0.07	FALSE DONE
16/10/2025 11:36:45:	14	count	time	15.0s/cts	O Det=3040	H Det=1189	Mon Det=35811	Aux Det=2698	O+H=6927	 DONE
16/10/2025 11:37:02:	MOVE MOTOR REL	S18.axis2.phaseshifter 2	deg	0.07	FALSE DONE
16/10/2025 11:37:05:	15	count	time	15.0s/cts	O Det=2809	H Det=1343	Mon Det=35612	Aux Det=2776	O+H=6928	 DONE
16/10/2025 11:37:22:	MOVE MOTOR REL	S18.axis2.phaseshifter 2	deg	0.07	FALSE DONE
16/10/2025 11:37:25:	16	count	time	15.0s/cts	O Det=2419	H Det=1632	Mon Det=35961	Aux Det=2765	O+H=6816	 DONE
16/10/2025 11:37:42:	MOVE MOTOR REL	S18.axis2.phaseshifter 2	deg	0.07	FALSE DONE
16/10/2025 11:37:45:	17	count	time	15.0s/cts	O Det=1957	H Det=2084	Mon Det=35656	Aux Det=2662	O+H=6703	 DONE
16/10/2025 11:38:02:	MOVE MOTOR REL	S18.axis2.phaseshifter 2	deg	0.07	FALSE DONE
16/10/2025 11:38:06:	18	count	time	15.0s/cts	O Det=1440	H Det=2545	Mon Det=35983	Aux Det=2672	O+H=6657	 DONE
16/10/2025 11:38:22:	MOVE MOTOR REL	S18.axis2.phaseshifter 2	deg	0.07	FALSE DONE
16/10/2025 11:38:26:	19	count	time	15.0s/cts	O Det=1099	H Det=2811	Mon Det=35733	Aux Det=2735	O+H=6645	 DONE
16/10/2025 11:38:43:	MOVE MOTOR REL	S18.axis2.phaseshifter 2	deg	0.07	FALSE DONE
16/10/2025 11:38:46:	20	count	time	15.0s/cts	O Det=743	H Det=3212	Mon Det=35951	Aux Det=2705	O+H=6660	 DONE
16/10/2025 11:39:03:	MOVE MOTOR REL	S18.axis2.phaseshifter 2	deg	0.07	FALSE DONE
16/10/2025 11:39:06:	21	count	time	15.0s/cts	O Det=616	H Det=3298	Mon Det=35669	Aux Det=2717	O+H=6631	 DONE
16/10/2025 11:39:23:	MOVE MOTOR REL	S18.axis2.phaseshifter 2	deg	0.07	FALSE DONE
16/10/2025 11:39:27:	22	count	time	15.0s/cts	O Det=692	H Det=3132	Mon Det=35754	Aux Det=2819	O+H=6643	 DONE
16/10/2025 11:39:43:	MOVE MOTOR REL	S18.axis2.phaseshifter 2	deg	0.07	FALSE DONE
16/10/2025 11:39:47:	23	count	time	15.0s/cts	O Det=907	H Det=2934	Mon Det=35838	Aux Det=2650	O+H=6491	 DONE
16/10/2025 11:40:04:	MOVE MOTOR REL	S18.axis2.phaseshifter 2	deg	0.07	FALSE DONE
16/10/2025 11:40:07:	24	count	time	15.0s/cts	O Det=1402	H Det=2632	Mon Det=35972	Aux Det=2702	O+H=6736	 DONE
16/10/2025 11:40:24:	MOVE MOTOR REL	S18.axis2.phaseshifter 2	deg	0.07	FALSE DONE
16/10/2025 11:40:27:	25	count	time	15.0s/cts	O Det=1887	H Det=2155	Mon Det=35794	Aux Det=2695	O+H=6737	 DONE
16/10/2025 11:40:44:	MOVE MOTOR REL	S18.axis2.phaseshifter 2	deg	0.07	FALSE DONE
16/10/2025 11:40:47:	26	count	time	15.0s/cts	O Det=2408	H Det=1753	Mon Det=35961	Aux Det=2716	O+H=6877	 DONE
16/10/2025 11:41:04:	MOVE MOTOR REL	S18.axis2.phaseshifter 2	deg	0.07	FALSE DONE
16/10/2025 11:41:08:	27	count	time	15.0s/cts	O Det=2787	H Det=1391	Mon Det=35979	Aux Det=2735	O+H=6913	 DONE
16/10/2025 11:41:25:	MOVE MOTOR REL	S18.axis2.phaseshifter 2	deg	0.07	FALSE DONE
16/10/2025 11:41:28:	28	count	time	15.0s/cts	O Det=3059	H Det=1131	Mon Det=35422	Aux Det=2783	O+H=6973	 DONE
16/10/2025 11:41:45:	MOVE MOTOR REL	S18.axis2.phaseshifter 2	deg	0.07	FALSE DONE
16/10/2025 11:41:48:	29	count	time	15.0s/cts	O Det=3107	H Det=1124	Mon Det=35844	Aux Det=2743	O+H=6974	 DONE
16/10/2025 11:42:05:	MOVE MOTOR REL	S18.axis2.phaseshifter 2	deg	0.07	FALSE DONE
16/10/2025 11:42:08:	30	count	time	15.0s/cts	O Det=2866	H Det=1225	Mon Det=35601	Aux Det=2642	O+H=6733	 DONE
16/10/2025 11:42:25:	MOVE MOTOR REL	S18.axis2.phaseshifter 2	deg	0.07	FALSE DONE
16/10/2025 11:42:29:	31	count	time	15.0s/cts	O Det=2597	H Det=1523	Mon Det=35724	Aux Det=2724	O+H=6844	 DONE
16/10/2025 11:42:45:	MOVE MOTOR REL	S18.axis2.phaseshifter 2	deg	0.07	FALSE DONE
16/10/2025 11:42:49:	32	count	time	15.0s/cts	O Det=2224	H Det=1836	Mon Det=35680	Aux Det=2818	O+H=6878	 DONE
16/10/2025 11:43:06:	NO ACTION	 DONE
16/10/2025 11:43:06:	close file and end scan	 DONE
16/10/2025 11:43:07:	END OF SCRIPT	 DONE
