30/09/2025 17:06:37:	start execution of script D:\data\Cycle 198\exp_3-16-19\rawdata\sc\ifg2_newPS_2p30s_B1.sc	 DONE
30/09/2025 17:06:37:	move motor	S18.axis2.phaseshifter 2 to -3.100000deg	 DONE
30/09/2025 17:06:40:	create file	D:\data\Cycle 198\exp_3-16-19\rawdata\sc\ifg2_newPS_2p30s_B1_30Sep1706.dat	 DONE
room to enter remarks DONE
30/09/2025 17:06:41:	move motor	S18.axis2.phaseshifter 2 to -3.000000deg	 DONE
30/09/2025 17:06:42:	1	count	time	30.000000s/cts	O Det=830	H Det=3813	Mon Det=69076	Aux Det=2747	O+H=7390	 DONE
30/09/2025 17:07:14:	move motor	S18.axis2.phaseshifter 2 to -2.931034deg	 DONE
30/09/2025 17:07:15:	2	count	time	30.000000s/cts	O Det=1081	H Det=3510	Mon Det=69110	Aux Det=2771	O+H=7362	 DONE
30/09/2025 17:07:47:	move motor	S18.axis2.phaseshifter 2 to -2.862068deg	 DONE
30/09/2025 17:07:49:	3	count	time	30.000000s/cts	O Det=1312	H Det=3319	Mon Det=68744	Aux Det=2759	O+H=7390	 DONE
30/09/2025 17:08:20:	move motor	S18.axis2.phaseshifter 2 to -2.793102deg	 DONE
30/09/2025 17:08:22:	4	count	time	30.000000s/cts	O Det=1922	H Det=2785	Mon Det=69172	Aux Det=2880	O+H=7587	 DONE
30/09/2025 17:08:54:	move motor	S18.axis2.phaseshifter 2 to -2.724136deg	 DONE
30/09/2025 17:08:55:	5	count	time	30.000000s/cts	O Det=2448	H Det=2359	Mon Det=68879	Aux Det=2795	O+H=7602	 DONE
30/09/2025 17:09:27:	move motor	S18.axis2.phaseshifter 2 to -2.655170deg	 DONE
30/09/2025 17:09:28:	6	count	time	30.000000s/cts	O Det=2752	H Det=2146	Mon Det=69153	Aux Det=2737	O+H=7635	 DONE
30/09/2025 17:10:00:	move motor	S18.axis2.phaseshifter 2 to -2.586204deg	 DONE
30/09/2025 17:10:02:	7	count	time	30.000000s/cts	O Det=3043	H Det=1836	Mon Det=69024	Aux Det=2809	O+H=7688	 DONE
30/09/2025 17:10:33:	move motor	S18.axis2.phaseshifter 2 to -2.517238deg	 DONE
30/09/2025 17:10:35:	8	count	time	30.000000s/cts	O Det=2938	H Det=1809	Mon Det=68799	Aux Det=2867	O+H=7614	 DONE
30/09/2025 17:11:07:	move motor	S18.axis2.phaseshifter 2 to -2.448272deg	 DONE
30/09/2025 17:11:08:	9	count	time	30.000000s/cts	O Det=2985	H Det=1871	Mon Det=68726	Aux Det=2787	O+H=7643	 DONE
30/09/2025 17:11:40:	move motor	S18.axis2.phaseshifter 2 to -2.379306deg	 DONE
30/09/2025 17:11:41:	10	count	time	30.000000s/cts	O Det=2574	H Det=2189	Mon Det=68558	Aux Det=2811	O+H=7574	 DONE
30/09/2025 17:12:13:	move motor	S18.axis2.phaseshifter 2 to -2.310340deg	 DONE
30/09/2025 17:12:15:	11	count	time	30.000000s/cts	O Det=2148	H Det=2628	Mon Det=69501	Aux Det=2789	O+H=7565	 DONE
30/09/2025 17:12:46:	move motor	S18.axis2.phaseshifter 2 to -2.241374deg	 DONE
30/09/2025 17:12:48:	12	count	time	30.000000s/cts	O Det=1536	H Det=3090	Mon Det=69013	Aux Det=2845	O+H=7471	 DONE
30/09/2025 17:13:20:	move motor	S18.axis2.phaseshifter 2 to -2.172408deg	 DONE
30/09/2025 17:13:21:	13	count	time	30.000000s/cts	O Det=1273	H Det=3335	Mon Det=69126	Aux Det=2906	O+H=7514	 DONE
30/09/2025 17:13:53:	move motor	S18.axis2.phaseshifter 2 to -2.103442deg	 DONE
30/09/2025 17:13:54:	14	count	time	30.000000s/cts	O Det=829	H Det=3680	Mon Det=69124	Aux Det=2803	O+H=7312	 DONE
30/09/2025 17:14:26:	move motor	S18.axis2.phaseshifter 2 to -2.034476deg	 DONE
30/09/2025 17:14:28:	15	count	time	30.000000s/cts	O Det=713	H Det=3802	Mon Det=68840	Aux Det=2799	O+H=7314	 DONE
30/09/2025 17:14:59:	move motor	S18.axis2.phaseshifter 2 to -1.965510deg	 DONE
30/09/2025 17:15:01:	16	count	time	30.000000s/cts	O Det=885	H Det=3684	Mon Det=68993	Aux Det=2879	O+H=7448	 DONE
30/09/2025 17:15:33:	move motor	S18.axis2.phaseshifter 2 to -1.896544deg	 DONE
30/09/2025 17:15:34:	17	count	time	30.000000s/cts	O Det=1197	H Det=3573	Mon Det=69054	Aux Det=2809	O+H=7579	 DONE
30/09/2025 17:16:06:	move motor	S18.axis2.phaseshifter 2 to -1.827578deg	 DONE
30/09/2025 17:16:07:	18	count	time	30.000000s/cts	O Det=1557	H Det=3161	Mon Det=69330	Aux Det=2826	O+H=7544	 DONE
30/09/2025 17:16:39:	move motor	S18.axis2.phaseshifter 2 to -1.758612deg	 DONE
30/09/2025 17:16:41:	19	count	time	30.000000s/cts	O Det=1922	H Det=2778	Mon Det=68983	Aux Det=2829	O+H=7529	 DONE
30/09/2025 17:17:12:	move motor	S18.axis2.phaseshifter 2 to -1.689646deg	 DONE
30/09/2025 17:17:14:	20	count	time	30.000000s/cts	O Det=2425	H Det=2200	Mon Det=68698	Aux Det=2835	O+H=7460	 DONE
30/09/2025 17:17:46:	move motor	S18.axis2.phaseshifter 2 to -1.620680deg	 DONE
30/09/2025 17:17:47:	21	count	time	30.000000s/cts	O Det=2782	H Det=1973	Mon Det=68717	Aux Det=2852	O+H=7607	 DONE
30/09/2025 17:18:19:	move motor	S18.axis2.phaseshifter 2 to -1.551714deg	 DONE
30/09/2025 17:18:20:	22	count	time	30.000000s/cts	O Det=2968	H Det=1806	Mon Det=69357	Aux Det=2800	O+H=7574	 DONE
30/09/2025 17:18:52:	move motor	S18.axis2.phaseshifter 2 to -1.482748deg	 DONE
30/09/2025 17:18:54:	23	count	time	30.000000s/cts	O Det=3062	H Det=1818	Mon Det=68956	Aux Det=2847	O+H=7727	 DONE
30/09/2025 17:19:25:	move motor	S18.axis2.phaseshifter 2 to -1.413782deg	 DONE
30/09/2025 17:19:27:	24	count	time	30.000000s/cts	O Det=2825	H Det=1967	Mon Det=68778	Aux Det=2652	O+H=7444	 DONE
30/09/2025 17:19:59:	move motor	S18.axis2.phaseshifter 2 to -1.344816deg	 DONE
30/09/2025 17:20:00:	25	count	time	30.000000s/cts	O Det=2284	H Det=2474	Mon Det=68705	Aux Det=2825	O+H=7583	 DONE
30/09/2025 17:20:32:	move motor	S18.axis2.phaseshifter 2 to -1.275850deg	 DONE
30/09/2025 17:20:34:	26	count	time	30.000000s/cts	O Det=2063	H Det=2770	Mon Det=69123	Aux Det=2791	O+H=7624	 DONE
30/09/2025 17:21:05:	move motor	S18.axis2.phaseshifter 2 to -1.206884deg	 DONE
30/09/2025 17:21:07:	27	count	time	30.000000s/cts	O Det=1625	H Det=3125	Mon Det=68641	Aux Det=2840	O+H=7590	 DONE
30/09/2025 17:21:38:	move motor	S18.axis2.phaseshifter 2 to -1.137918deg	 DONE
30/09/2025 17:21:40:	28	count	time	30.000000s/cts	O Det=1155	H Det=3456	Mon Det=68906	Aux Det=2813	O+H=7424	 DONE
30/09/2025 17:22:12:	move motor	S18.axis2.phaseshifter 2 to -1.068952deg	 DONE
30/09/2025 17:22:13:	29	count	time	30.000000s/cts	O Det=831	H Det=3749	Mon Det=68788	Aux Det=2874	O+H=7454	 DONE
30/09/2025 17:22:45:	move motor	S18.axis2.phaseshifter 2 to -0.999986deg	 DONE
30/09/2025 17:22:47:	30	count	time	30.000000s/cts	O Det=789	H Det=3877	Mon Det=68728	Aux Det=2865	O+H=7531	 DONE
30/09/2025 17:23:18:	close file and end scan	 DONE
30/09/2025 17:23:19:	END OF SCRIPT	 DONE
