25/09/2025 20:27:06:	start execution of script D:\data\Cycle 198\exp_3-16-19\rawdata\sc\ifg2_3p120s_B1.sc	 DONE
25/09/2025 20:27:07:	move motor	S18.axis2.phaseshifter 2 to -2.725000deg	 DONE
25/09/2025 20:27:09:	create file	D:\data\Cycle 198\exp_3-16-19\rawdata\sc\ifg2_3p120s_B1_25Sep2027.dat	 DONE
room to enter remarks DONE
25/09/2025 20:27:10:	read encoder	S18.auxiliary.Robot Diagonal		-19997.693968 DONE
25/09/2025 20:27:11:	move motor	S18.axis2.phaseshifter 2 to -2.625000deg	 DONE
25/09/2025 20:27:13:	1	count	time	120.000000s/cts	O Det=8228	H Det=215541	Mon Det=274557	Aux Det=164636	O+H=388405	 DONE
25/09/2025 20:29:15:	move motor	S18.axis2.phaseshifter 2 to -2.450000deg	 DONE
25/09/2025 20:29:17:	2	count	time	120.000000s/cts	O Det=9238	H Det=207539	Mon Det=274687	Aux Det=164495	O+H=381272	 DONE
25/09/2025 20:31:19:	move motor	S18.axis2.phaseshifter 2 to -2.275000deg	 DONE
25/09/2025 20:31:20:	3	count	time	120.000000s/cts	O Det=11870	H Det=186194	Mon Det=274216	Aux Det=163400	O+H=361464	 DONE
25/09/2025 20:33:23:	move motor	S18.axis2.phaseshifter 2 to -2.100000deg	 DONE
25/09/2025 20:33:24:	4	count	time	120.000000s/cts	O Det=16114	H Det=154990	Mon Det=274137	Aux Det=163216	O+H=334320	 DONE
25/09/2025 20:35:26:	move motor	S18.axis2.phaseshifter 2 to -1.925000deg	 DONE
25/09/2025 20:35:28:	5	count	time	120.000000s/cts	O Det=18432	H Det=138807	Mon Det=273399	Aux Det=163800	O+H=321039	 DONE
25/09/2025 20:37:30:	move motor	S18.axis2.phaseshifter 2 to -1.750000deg	 DONE
25/09/2025 20:37:32:	6	count	time	120.000000s/cts	O Det=18204	H Det=140212	Mon Det=274250	Aux Det=164274	O+H=322690	 DONE
25/09/2025 20:39:34:	move motor	S18.axis2.phaseshifter 2 to -1.575000deg	 DONE
25/09/2025 20:39:36:	7	count	time	120.000000s/cts	O Det=17456	H Det=146989	Mon Det=274784	Aux Det=163183	O+H=327628	 DONE
25/09/2025 20:41:38:	move motor	S18.axis2.phaseshifter 2 to -1.400000deg	 DONE
25/09/2025 20:41:39:	8	count	time	120.000000s/cts	O Det=14938	H Det=162885	Mon Det=274885	Aux Det=163540	O+H=341363	 DONE
25/09/2025 20:43:42:	move motor	S18.axis2.phaseshifter 2 to -1.225000deg	 DONE
25/09/2025 20:43:43:	9	count	time	120.000000s/cts	O Det=11408	H Det=189683	Mon Det=274061	Aux Det=163347	O+H=364438	 DONE
25/09/2025 20:45:46:	move motor	S18.axis2.phaseshifter 2 to -1.050000deg	 DONE
25/09/2025 20:45:48:	10	count	time	120.000000s/cts	O Det=9552	H Det=203837	Mon Det=274003	Aux Det=164251	O+H=377640	 DONE
25/09/2025 20:47:50:	move motor	S18.axis2.phaseshifter 2 to -0.875000deg	 DONE
25/09/2025 20:47:52:	11	count	time	120.000000s/cts	O Det=7950	H Det=216250	Mon Det=272842	Aux Det=163498	O+H=387698	 DONE
25/09/2025 20:49:54:	move motor	S18.axis2.phaseshifter 2 to -0.700000deg	 DONE
25/09/2025 20:49:55:	12	count	time	120.000000s/cts	O Det=7647	H Det=216966	Mon Det=274470	Aux Det=163525	O+H=388138	 DONE
25/09/2025 20:51:58:	move motor	S18.axis2.phaseshifter 2 to -0.525000deg	 DONE
25/09/2025 20:51:59:	13	count	time	120.000000s/cts	O Det=8561	H Det=210373	Mon Det=274267	Aux Det=164181	O+H=383115	 DONE
25/09/2025 20:54:02:	move motor	S18.axis2.phaseshifter 2 to -0.350000deg	 DONE
25/09/2025 20:54:03:	14	count	time	120.000000s/cts	O Det=12358	H Det=181972	Mon Det=275012	Aux Det=163871	O+H=358201	 DONE
25/09/2025 20:56:06:	move motor	S18.axis2.phaseshifter 2 to -0.175000deg	 DONE
25/09/2025 20:56:07:	15	count	time	120.000000s/cts	O Det=13667	H Det=171371	Mon Det=274541	Aux Det=163312	O+H=348350	 DONE
25/09/2025 20:58:09:	move motor	S18.axis2.phaseshifter 2 to 0.000000deg	 DONE
25/09/2025 20:58:11:	16	count	time	120.000000s/cts	O Det=16282	H Det=152775	Mon Det=274566	Aux Det=163211	O+H=332268	 DONE
25/09/2025 21:00:13:	move motor	S18.axis2.phaseshifter 2 to 0.175000deg	 DONE
25/09/2025 21:00:15:	17	count	time	120.000000s/cts	O Det=18217	H Det=139022	Mon Det=274573	Aux Det=163543	O+H=320782	 DONE
25/09/2025 21:02:17:	move motor	S18.axis2.phaseshifter 2 to 0.350000deg	 DONE
25/09/2025 21:02:19:	18	count	time	120.000000s/cts	O Det=18317	H Det=139560	Mon Det=274148	Aux Det=163627	O+H=321504	 DONE
25/09/2025 21:04:21:	move motor	S18.axis2.phaseshifter 2 to 0.525000deg	 DONE
25/09/2025 21:04:22:	19	count	time	120.000000s/cts	O Det=16383	H Det=150960	Mon Det=274416	Aux Det=163810	O+H=331153	 DONE
25/09/2025 21:06:25:	move motor	S18.axis2.phaseshifter 2 to 0.700000deg	 DONE
25/09/2025 21:06:26:	20	count	time	120.000000s/cts	O Det=13569	H Det=169892	Mon Det=274100	Aux Det=162991	O+H=346452	 DONE
25/09/2025 21:08:28:	move motor	S18.axis2.phaseshifter 2 to 0.875000deg	 DONE
25/09/2025 21:08:30:	21	count	time	120.000000s/cts	O Det=10648	H Det=194422	Mon Det=274339	Aux Det=163096	O+H=368166	 DONE
25/09/2025 21:10:32:	move motor	S18.axis2.phaseshifter 2 to 1.050000deg	 DONE
25/09/2025 21:10:34:	22	count	time	120.000000s/cts	O Det=8857	H Det=207478	Mon Det=274758	Aux Det=163346	O+H=379681	 DONE
25/09/2025 21:12:36:	move motor	S18.axis2.phaseshifter 2 to 1.225000deg	 DONE
25/09/2025 21:12:38:	23	count	time	120.000000s/cts	O Det=7743	H Det=215116	Mon Det=275264	Aux Det=163044	O+H=385903	 DONE
25/09/2025 21:14:40:	move motor	S18.axis2.phaseshifter 2 to 1.400000deg	 DONE
25/09/2025 21:14:41:	24	count	time	120.000000s/cts	O Det=7854	H Det=215569	Mon Det=273201	Aux Det=163650	O+H=387073	 DONE
25/09/2025 21:16:44:	move motor	S18.axis2.phaseshifter 2 to 1.575000deg	 DONE
25/09/2025 21:16:45:	25	count	time	120.000000s/cts	O Det=8770	H Det=207434	Mon Det=274395	Aux Det=163679	O+H=379883	 DONE
25/09/2025 21:18:47:	move motor	S18.axis2.phaseshifter 2 to 1.750000deg	 DONE
25/09/2025 21:18:49:	26	count	time	120.000000s/cts	O Det=11811	H Det=182858	Mon Det=274764	Aux Det=163399	O+H=358068	 DONE
25/09/2025 21:20:51:	move motor	S18.axis2.phaseshifter 2 to 1.925000deg	 DONE
25/09/2025 21:20:53:	27	count	time	120.000000s/cts	O Det=14672	H Det=161505	Mon Det=274530	Aux Det=163363	O+H=339540	 DONE
25/09/2025 21:22:55:	move motor	S18.axis2.phaseshifter 2 to 2.100000deg	 DONE
25/09/2025 21:22:57:	28	count	time	120.000000s/cts	O Det=17258	H Det=143670	Mon Det=274845	Aux Det=163635	O+H=324563	 DONE
25/09/2025 21:24:59:	move motor	S18.axis2.phaseshifter 2 to 2.275000deg	 DONE
25/09/2025 21:25:00:	29	count	time	120.000000s/cts	O Det=18435	H Det=136773	Mon Det=274960	Aux Det=162663	O+H=317871	 DONE
25/09/2025 21:27:03:	move motor	S18.axis2.phaseshifter 2 to 2.450000deg	 DONE
25/09/2025 21:27:04:	30	count	time	120.000000s/cts	O Det=17296	H Det=143896	Mon Det=275413	Aux Det=163267	O+H=324459	 DONE
25/09/2025 21:29:07:	move motor	S18.axis2.phaseshifter 2 to 2.625000deg	 DONE
25/09/2025 21:29:08:	31	count	time	120.000000s/cts	O Det=15970	H Det=153452	Mon Det=275222	Aux Det=163386	O+H=332808	 DONE
25/09/2025 21:31:11:	close file and end scan	saving D:\data\Cycle 198\exp_3-16-19\rawdata\sc\ifg2_3p120s_B1_25Sep2027.tif  DONE
25/09/2025 21:31:11:	END OF SCRIPT	 DONE
