02/10/2025 19:22:37:	start execution of script D:\data\Cycle 198\exp_3-16-19\rawdata\sc\ifg2_newPS_6p20s_B2.sc	 DONE
02/10/2025 19:22:37:	move motor	S18.axis2.phaseshifter 2 to -6.100000deg	 DONE
02/10/2025 19:22:41:	create file	D:\data\Cycle 198\exp_3-16-19\rawdata\sc\ifg2_newPS_6p20s_B2_02Oct1922.dat	 DONE
room to enter remarks DONE
02/10/2025 19:22:42:	move motor	S18.axis2.phaseshifter 2 to -6.000000deg	 DONE
02/10/2025 19:22:44:	1	count	time	20.000000s/cts	O Det=1142	H Det=1032	Mon Det=45929	Aux Det=1973	O+H=4147	 DONE
02/10/2025 19:23:05:	move motor	S18.axis2.phaseshifter 2 to -5.898305deg	 DONE
02/10/2025 19:23:07:	2	count	time	20.000000s/cts	O Det=1412	H Det=813	Mon Det=45976	Aux Det=1992	O+H=4217	 DONE
02/10/2025 19:23:28:	move motor	S18.axis2.phaseshifter 2 to -5.796610deg	 DONE
02/10/2025 19:23:30:	3	count	time	20.000000s/cts	O Det=1440	H Det=794	Mon Det=45704	Aux Det=1952	O+H=4186	 DONE
02/10/2025 19:23:52:	move motor	S18.axis2.phaseshifter 2 to -5.694915deg	 DONE
02/10/2025 19:23:53:	4	count	time	20.000000s/cts	O Det=1194	H Det=1010	Mon Det=45691	Aux Det=1923	O+H=4127	 DONE
02/10/2025 19:24:15:	move motor	S18.axis2.phaseshifter 2 to -5.593220deg	 DONE
02/10/2025 19:24:17:	5	count	time	20.000000s/cts	O Det=921	H Det=1263	Mon Det=45713	Aux Det=1918	O+H=4102	 DONE
02/10/2025 19:24:38:	move motor	S18.axis2.phaseshifter 2 to -5.491525deg	 DONE
02/10/2025 19:24:40:	6	count	time	20.000000s/cts	O Det=491	H Det=1663	Mon Det=45580	Aux Det=1984	O+H=4138	 DONE
02/10/2025 19:25:01:	move motor	S18.axis2.phaseshifter 2 to -5.389830deg	 DONE
02/10/2025 19:25:03:	7	count	time	20.000000s/cts	O Det=280	H Det=1832	Mon Det=46123	Aux Det=2021	O+H=4133	 DONE
02/10/2025 19:25:25:	move motor	S18.axis2.phaseshifter 2 to -5.288135deg	 DONE
02/10/2025 19:25:26:	8	count	time	20.000000s/cts	O Det=306	H Det=1814	Mon Det=45731	Aux Det=1950	O+H=4070	 DONE
02/10/2025 19:25:48:	move motor	S18.axis2.phaseshifter 2 to -5.186440deg	 DONE
02/10/2025 19:25:49:	9	count	time	20.000000s/cts	O Det=567	H Det=1630	Mon Det=45965	Aux Det=1965	O+H=4162	 DONE
02/10/2025 19:26:11:	move motor	S18.axis2.phaseshifter 2 to -5.084745deg	 DONE
02/10/2025 19:26:13:	10	count	time	20.000000s/cts	O Det=852	H Det=1313	Mon Det=46167	Aux Det=2026	O+H=4191	 DONE
02/10/2025 19:26:34:	move motor	S18.axis2.phaseshifter 2 to -4.983050deg	 DONE
02/10/2025 19:26:36:	11	count	time	20.000000s/cts	O Det=1219	H Det=1017	Mon Det=45906	Aux Det=2019	O+H=4255	 DONE
02/10/2025 19:26:58:	move motor	S18.axis2.phaseshifter 2 to -4.881355deg	 DONE
02/10/2025 19:26:59:	12	count	time	20.000000s/cts	O Det=1454	H Det=792	Mon Det=45795	Aux Det=1952	O+H=4198	 DONE
02/10/2025 19:27:21:	move motor	S18.axis2.phaseshifter 2 to -4.779660deg	 DONE
02/10/2025 19:27:22:	13	count	time	20.000000s/cts	O Det=1408	H Det=819	Mon Det=45849	Aux Det=1932	O+H=4159	 DONE
02/10/2025 19:27:44:	move motor	S18.axis2.phaseshifter 2 to -4.677965deg	 DONE
02/10/2025 19:27:45:	14	count	time	20.000000s/cts	O Det=1034	H Det=1079	Mon Det=45938	Aux Det=1981	O+H=4094	 DONE
02/10/2025 19:28:07:	move motor	S18.axis2.phaseshifter 2 to -4.576270deg	 DONE
02/10/2025 19:28:09:	15	count	time	20.000000s/cts	O Det=813	H Det=1335	Mon Det=46068	Aux Det=1930	O+H=4078	 DONE
02/10/2025 19:28:30:	move motor	S18.axis2.phaseshifter 2 to -4.474575deg	 DONE
02/10/2025 19:28:32:	16	count	time	20.000000s/cts	O Det=370	H Det=1844	Mon Det=46262	Aux Det=1966	O+H=4180	 DONE
02/10/2025 19:28:54:	move motor	S18.axis2.phaseshifter 2 to -4.372880deg	 DONE
02/10/2025 19:28:55:	17	count	time	20.000000s/cts	O Det=289	H Det=1848	Mon Det=45749	Aux Det=2008	O+H=4145	 DONE
02/10/2025 19:29:17:	move motor	S18.axis2.phaseshifter 2 to -4.271185deg	 DONE
02/10/2025 19:29:18:	18	count	time	20.000000s/cts	O Det=301	H Det=1777	Mon Det=45707	Aux Det=1961	O+H=4039	 DONE
02/10/2025 19:29:40:	move motor	S18.axis2.phaseshifter 2 to -4.169490deg	 DONE
02/10/2025 19:29:42:	19	count	time	20.000000s/cts	O Det=587	H Det=1556	Mon Det=45620	Aux Det=1952	O+H=4095	 DONE
02/10/2025 19:30:03:	move motor	S18.axis2.phaseshifter 2 to -4.067795deg	 DONE
02/10/2025 19:30:05:	20	count	time	20.000000s/cts	O Det=976	H Det=1175	Mon Det=46067	Aux Det=1952	O+H=4103	 DONE
02/10/2025 19:30:26:	move motor	S18.axis2.phaseshifter 2 to -3.966100deg	 DONE
02/10/2025 19:30:28:	21	count	time	20.000000s/cts	O Det=1397	H Det=865	Mon Det=46113	Aux Det=1976	O+H=4238	 DONE
02/10/2025 19:30:50:	move motor	S18.axis2.phaseshifter 2 to -3.864405deg	 DONE
02/10/2025 19:30:51:	22	count	time	20.000000s/cts	O Det=1404	H Det=735	Mon Det=46016	Aux Det=1999	O+H=4138	 DONE
02/10/2025 19:31:13:	move motor	S18.axis2.phaseshifter 2 to -3.762710deg	 DONE
02/10/2025 19:31:14:	23	count	time	20.000000s/cts	O Det=1334	H Det=848	Mon Det=45796	Aux Det=1979	O+H=4161	 DONE
02/10/2025 19:31:36:	move motor	S18.axis2.phaseshifter 2 to -3.661015deg	 DONE
02/10/2025 19:31:38:	24	count	time	20.000000s/cts	O Det=1083	H Det=1114	Mon Det=46231	Aux Det=2007	O+H=4204	 DONE
02/10/2025 19:31:59:	move motor	S18.axis2.phaseshifter 2 to -3.559320deg	 DONE
02/10/2025 19:32:01:	25	count	time	20.000000s/cts	O Det=758	H Det=1423	Mon Det=46144	Aux Det=1907	O+H=4088	 DONE
02/10/2025 19:32:22:	move motor	S18.axis2.phaseshifter 2 to -3.457625deg	 DONE
02/10/2025 19:32:24:	26	count	time	20.000000s/cts	O Det=440	H Det=1790	Mon Det=45827	Aux Det=1979	O+H=4209	 DONE
02/10/2025 19:32:46:	move motor	S18.axis2.phaseshifter 2 to -3.355930deg	 DONE
02/10/2025 19:32:47:	27	count	time	20.000000s/cts	O Det=248	H Det=1941	Mon Det=46558	Aux Det=1990	O+H=4179	 DONE
02/10/2025 19:33:09:	move motor	S18.axis2.phaseshifter 2 to -3.254235deg	 DONE
02/10/2025 19:33:10:	28	count	time	20.000000s/cts	O Det=311	H Det=1820	Mon Det=45892	Aux Det=1950	O+H=4081	 DONE
02/10/2025 19:33:32:	move motor	S18.axis2.phaseshifter 2 to -3.152540deg	 DONE
02/10/2025 19:33:33:	29	count	time	20.000000s/cts	O Det=591	H Det=1525	Mon Det=46067	Aux Det=1937	O+H=4053	 DONE
02/10/2025 19:33:55:	move motor	S18.axis2.phaseshifter 2 to -3.050845deg	 DONE
02/10/2025 19:33:57:	30	count	time	20.000000s/cts	O Det=994	H Det=1157	Mon Det=46108	Aux Det=1945	O+H=4096	 DONE
02/10/2025 19:34:18:	move motor	S18.axis2.phaseshifter 2 to -2.949150deg	 DONE
02/10/2025 19:34:20:	31	count	time	20.000000s/cts	O Det=1317	H Det=865	Mon Det=46401	Aux Det=1974	O+H=4156	 DONE
02/10/2025 19:34:42:	move motor	S18.axis2.phaseshifter 2 to -2.847455deg	 DONE
02/10/2025 19:34:43:	32	count	time	20.000000s/cts	O Det=1470	H Det=696	Mon Det=45815	Aux Det=1982	O+H=4148	 DONE
02/10/2025 19:35:05:	move motor	S18.axis2.phaseshifter 2 to -2.745760deg	 DONE
02/10/2025 19:35:06:	33	count	time	20.000000s/cts	O Det=1512	H Det=848	Mon Det=45903	Aux Det=1985	O+H=4345	 DONE
02/10/2025 19:35:28:	move motor	S18.axis2.phaseshifter 2 to -2.644065deg	 DONE
02/10/2025 19:35:30:	34	count	time	20.000000s/cts	O Det=1159	H Det=1018	Mon Det=45752	Aux Det=1991	O+H=4168	 DONE
02/10/2025 19:35:51:	move motor	S18.axis2.phaseshifter 2 to -2.542370deg	 DONE
02/10/2025 19:35:53:	35	count	time	20.000000s/cts	O Det=729	H Det=1426	Mon Det=45979	Aux Det=2000	O+H=4155	 DONE
02/10/2025 19:36:15:	move motor	S18.axis2.phaseshifter 2 to -2.440675deg	 DONE
02/10/2025 19:36:16:	36	count	time	20.000000s/cts	O Det=382	H Det=1709	Mon Det=45574	Aux Det=1938	O+H=4029	 DONE
02/10/2025 19:36:38:	move motor	S18.axis2.phaseshifter 2 to -2.338980deg	 DONE
02/10/2025 19:36:39:	37	count	time	20.000000s/cts	O Det=269	H Det=1824	Mon Det=46153	Aux Det=1948	O+H=4041	 DONE
02/10/2025 19:37:01:	move motor	S18.axis2.phaseshifter 2 to -2.237285deg	 DONE
02/10/2025 19:37:02:	38	count	time	20.000000s/cts	O Det=253	H Det=1854	Mon Det=45921	Aux Det=1910	O+H=4017	 DONE
02/10/2025 19:37:24:	move motor	S18.axis2.phaseshifter 2 to -2.135590deg	 DONE
02/10/2025 19:37:26:	39	count	time	20.000000s/cts	O Det=623	H Det=1455	Mon Det=46198	Aux Det=2021	O+H=4099	 DONE
02/10/2025 19:37:47:	move motor	S18.axis2.phaseshifter 2 to -2.033895deg	 DONE
02/10/2025 19:37:49:	40	count	time	20.000000s/cts	O Det=1029	H Det=1238	Mon Det=45770	Aux Det=1989	O+H=4256	 DONE
02/10/2025 19:38:11:	move motor	S18.axis2.phaseshifter 2 to -1.932200deg	 DONE
02/10/2025 19:38:12:	41	count	time	20.000000s/cts	O Det=1359	H Det=906	Mon Det=46084	Aux Det=1959	O+H=4224	 DONE
02/10/2025 19:38:34:	move motor	S18.axis2.phaseshifter 2 to -1.830505deg	 DONE
02/10/2025 19:38:35:	42	count	time	20.000000s/cts	O Det=1539	H Det=793	Mon Det=45624	Aux Det=1922	O+H=4254	 DONE
02/10/2025 19:38:57:	move motor	S18.axis2.phaseshifter 2 to -1.728810deg	 DONE
02/10/2025 19:38:59:	43	count	time	20.000000s/cts	O Det=1441	H Det=859	Mon Det=45678	Aux Det=1984	O+H=4284	 DONE
02/10/2025 19:39:20:	move motor	S18.axis2.phaseshifter 2 to -1.627115deg	 DONE
02/10/2025 19:39:22:	44	count	time	20.000000s/cts	O Det=1181	H Det=1001	Mon Det=45700	Aux Det=1930	O+H=4112	 DONE
02/10/2025 19:39:43:	move motor	S18.axis2.phaseshifter 2 to -1.525420deg	 DONE
02/10/2025 19:39:45:	45	count	time	20.000000s/cts	O Det=741	H Det=1363	Mon Det=46198	Aux Det=1991	O+H=4095	 DONE
02/10/2025 19:40:07:	move motor	S18.axis2.phaseshifter 2 to -1.423725deg	 DONE
02/10/2025 19:40:08:	46	count	time	20.000000s/cts	O Det=513	H Det=1676	Mon Det=46230	Aux Det=1987	O+H=4176	 DONE
02/10/2025 19:40:30:	move motor	S18.axis2.phaseshifter 2 to -1.322030deg	 DONE
02/10/2025 19:40:31:	47	count	time	20.000000s/cts	O Det=219	H Det=1833	Mon Det=45867	Aux Det=1981	O+H=4033	 DONE
02/10/2025 19:40:53:	move motor	S18.axis2.phaseshifter 2 to -1.220335deg	 DONE
02/10/2025 19:40:55:	48	count	time	20.000000s/cts	O Det=304	H Det=1746	Mon Det=46020	Aux Det=1974	O+H=4024	 DONE
02/10/2025 19:41:16:	move motor	S18.axis2.phaseshifter 2 to -1.118640deg	 DONE
02/10/2025 19:41:18:	49	count	time	20.000000s/cts	O Det=554	H Det=1569	Mon Det=45765	Aux Det=1897	O+H=4020	 DONE
02/10/2025 19:41:40:	move motor	S18.axis2.phaseshifter 2 to -1.016945deg	 DONE
02/10/2025 19:41:41:	50	count	time	20.000000s/cts	O Det=1048	H Det=1249	Mon Det=46109	Aux Det=1982	O+H=4279	 DONE
02/10/2025 19:42:03:	move motor	S18.axis2.phaseshifter 2 to -0.915250deg	 DONE
02/10/2025 19:42:04:	51	count	time	20.000000s/cts	O Det=1358	H Det=848	Mon Det=45653	Aux Det=1986	O+H=4192	 DONE
02/10/2025 19:42:26:	move motor	S18.axis2.phaseshifter 2 to -0.813555deg	 DONE
02/10/2025 19:42:28:	52	count	time	20.000000s/cts	O Det=1419	H Det=744	Mon Det=45263	Aux Det=1951	O+H=4114	 DONE
02/10/2025 19:42:49:	move motor	S18.axis2.phaseshifter 2 to -0.711860deg	 DONE
02/10/2025 19:42:51:	53	count	time	20.000000s/cts	O Det=1420	H Det=829	Mon Det=46002	Aux Det=1908	O+H=4157	 DONE
02/10/2025 19:43:12:	move motor	S18.axis2.phaseshifter 2 to -0.610165deg	 DONE
02/10/2025 19:43:14:	54	count	time	20.000000s/cts	O Det=1131	H Det=1067	Mon Det=45661	Aux Det=1978	O+H=4176	 DONE
02/10/2025 19:43:36:	move motor	S18.axis2.phaseshifter 2 to -0.508470deg	 DONE
02/10/2025 19:43:37:	55	count	time	20.000000s/cts	O Det=745	H Det=1442	Mon Det=45806	Aux Det=2011	O+H=4198	 DONE
02/10/2025 19:43:59:	move motor	S18.axis2.phaseshifter 2 to -0.406775deg	 DONE
02/10/2025 19:44:00:	56	count	time	20.000000s/cts	O Det=402	H Det=1743	Mon Det=45980	Aux Det=1997	O+H=4142	 DONE
02/10/2025 19:44:22:	move motor	S18.axis2.phaseshifter 2 to -0.305080deg	 DONE
02/10/2025 19:44:23:	57	count	time	20.000000s/cts	O Det=237	H Det=1925	Mon Det=45459	Aux Det=1963	O+H=4125	 DONE
02/10/2025 19:44:45:	move motor	S18.axis2.phaseshifter 2 to -0.203385deg	 DONE
02/10/2025 19:44:47:	58	count	time	20.000000s/cts	O Det=233	H Det=1868	Mon Det=45994	Aux Det=1893	O+H=3994	 DONE
02/10/2025 19:45:09:	move motor	S18.axis2.phaseshifter 2 to -0.101690deg	 DONE
02/10/2025 19:45:10:	59	count	time	20.000000s/cts	O Det=577	H Det=1608	Mon Det=45489	Aux Det=1936	O+H=4121	 DONE
02/10/2025 19:45:32:	move motor	S18.axis2.phaseshifter 2 to 0.000005deg	 DONE
02/10/2025 19:45:33:	60	count	time	20.000000s/cts	O Det=949	H Det=1199	Mon Det=46027	Aux Det=1923	O+H=4071	 DONE
02/10/2025 19:45:55:	close file and end scan	 DONE
02/10/2025 19:45:55:	END OF SCRIPT	 DONE
