05/10/2025 18:14:12:	start execution of script D:\data\Cycle 198\exp_3-16-19\rawdata\sc\ifg2_newPS_2p30s_B1.sc	 DONE
05/10/2025 18:14:12:	move motor	S18.axis2.phaseshifter 2 to -3.100000deg	 DONE
05/10/2025 18:14:15:	create file	D:\data\Cycle 198\exp_3-16-19\rawdata\sc\ifg2_newPS_2p30s_B1_05Oct1814.dat	 DONE
room to enter remarks DONE
05/10/2025 18:14:16:	move motor	S18.axis2.phaseshifter 2 to -3.000000deg	 DONE
05/10/2025 18:14:17:	1	count	time	30.000000s/cts	O Det=1567	H Det=2836	Mon Det=68974	Aux Det=2826	O+H=7229	 DONE
05/10/2025 18:14:49:	move motor	S18.axis2.phaseshifter 2 to -2.931034deg	 DONE
05/10/2025 18:14:50:	2	count	time	30.000000s/cts	O Det=2072	H Det=2278	Mon Det=69021	Aux Det=2830	O+H=7180	 DONE
05/10/2025 18:15:22:	move motor	S18.axis2.phaseshifter 2 to -2.862068deg	 DONE
05/10/2025 18:15:24:	3	count	time	30.000000s/cts	O Det=2447	H Det=1982	Mon Det=69252	Aux Det=2926	O+H=7355	 DONE
05/10/2025 18:15:55:	move motor	S18.axis2.phaseshifter 2 to -2.793102deg	 DONE
05/10/2025 18:15:57:	4	count	time	30.000000s/cts	O Det=2723	H Det=1751	Mon Det=69099	Aux Det=2862	O+H=7336	 DONE
05/10/2025 18:16:28:	move motor	S18.axis2.phaseshifter 2 to -2.724136deg	 DONE
05/10/2025 18:16:30:	5	count	time	30.000000s/cts	O Det=2849	H Det=1624	Mon Det=68847	Aux Det=2760	O+H=7233	 DONE
05/10/2025 18:17:02:	move motor	S18.axis2.phaseshifter 2 to -2.655170deg	 DONE
05/10/2025 18:17:03:	6	count	time	30.000000s/cts	O Det=2691	H Det=1709	Mon Det=68951	Aux Det=2853	O+H=7253	 DONE
05/10/2025 18:17:35:	move motor	S18.axis2.phaseshifter 2 to -2.586204deg	 DONE
05/10/2025 18:17:36:	7	count	time	30.000000s/cts	O Det=2448	H Det=2031	Mon Det=69183	Aux Det=2814	O+H=7293	 DONE
05/10/2025 18:18:08:	move motor	S18.axis2.phaseshifter 2 to -2.517238deg	 DONE
05/10/2025 18:18:10:	8	count	time	30.000000s/cts	O Det=2131	H Det=2270	Mon Det=69573	Aux Det=2810	O+H=7211	 DONE
05/10/2025 18:18:41:	move motor	S18.axis2.phaseshifter 2 to -2.448272deg	 DONE
05/10/2025 18:18:43:	9	count	time	30.000000s/cts	O Det=1688	H Det=2800	Mon Det=69530	Aux Det=2847	O+H=7335	 DONE
05/10/2025 18:19:15:	move motor	S18.axis2.phaseshifter 2 to -2.379306deg	 DONE
05/10/2025 18:19:16:	10	count	time	30.000000s/cts	O Det=1239	H Det=3055	Mon Det=69910	Aux Det=2758	O+H=7052	 DONE
05/10/2025 18:19:48:	move motor	S18.axis2.phaseshifter 2 to -2.310340deg	 DONE
05/10/2025 18:19:50:	11	count	time	30.000000s/cts	O Det=808	H Det=3440	Mon Det=69229	Aux Det=2830	O+H=7078	 DONE
05/10/2025 18:20:21:	move motor	S18.axis2.phaseshifter 2 to -2.241374deg	 DONE
05/10/2025 18:20:23:	12	count	time	30.000000s/cts	O Det=678	H Det=3718	Mon Det=69400	Aux Det=2909	O+H=7305	 DONE
05/10/2025 18:20:55:	move motor	S18.axis2.phaseshifter 2 to -2.172408deg	 DONE
05/10/2025 18:20:56:	13	count	time	30.000000s/cts	O Det=610	H Det=3621	Mon Det=69440	Aux Det=2763	O+H=6994	 DONE
05/10/2025 18:21:28:	move motor	S18.axis2.phaseshifter 2 to -2.103442deg	 DONE
05/10/2025 18:21:29:	14	count	time	30.000000s/cts	O Det=868	H Det=3390	Mon Det=69453	Aux Det=2844	O+H=7102	 DONE
05/10/2025 18:22:01:	move motor	S18.axis2.phaseshifter 2 to -2.034476deg	 DONE
05/10/2025 18:22:03:	15	count	time	30.000000s/cts	O Det=1276	H Det=3040	Mon Det=69766	Aux Det=2784	O+H=7100	 DONE
05/10/2025 18:22:34:	move motor	S18.axis2.phaseshifter 2 to -1.965510deg	 DONE
05/10/2025 18:22:36:	16	count	time	30.000000s/cts	O Det=1709	H Det=2630	Mon Det=70024	Aux Det=2792	O+H=7131	 DONE
05/10/2025 18:23:08:	move motor	S18.axis2.phaseshifter 2 to -1.896544deg	 DONE
05/10/2025 18:23:09:	17	count	time	30.000000s/cts	O Det=2180	H Det=2272	Mon Det=70128	Aux Det=2869	O+H=7321	 DONE
05/10/2025 18:23:41:	move motor	S18.axis2.phaseshifter 2 to -1.827578deg	 DONE
05/10/2025 18:23:43:	18	count	time	30.000000s/cts	O Det=2523	H Det=1699	Mon Det=69980	Aux Det=2901	O+H=7123	 DONE
05/10/2025 18:24:14:	move motor	S18.axis2.phaseshifter 2 to -1.758612deg	 DONE
05/10/2025 18:24:16:	19	count	time	30.000000s/cts	O Det=2831	H Det=1616	Mon Det=69234	Aux Det=2764	O+H=7211	 DONE
05/10/2025 18:24:47:	move motor	S18.axis2.phaseshifter 2 to -1.689646deg	 DONE
05/10/2025 18:24:49:	20	count	time	30.000000s/cts	O Det=2825	H Det=1601	Mon Det=69965	Aux Det=2711	O+H=7137	 DONE
05/10/2025 18:25:21:	move motor	S18.axis2.phaseshifter 2 to -1.620680deg	 DONE
05/10/2025 18:25:22:	21	count	time	30.000000s/cts	O Det=2630	H Det=1661	Mon Det=69439	Aux Det=2804	O+H=7095	 DONE
05/10/2025 18:25:54:	move motor	S18.axis2.phaseshifter 2 to -1.551714deg	 DONE
05/10/2025 18:25:56:	22	count	time	30.000000s/cts	O Det=2476	H Det=1929	Mon Det=70428	Aux Det=2863	O+H=7268	 DONE
05/10/2025 18:26:27:	move motor	S18.axis2.phaseshifter 2 to -1.482748deg	 DONE
05/10/2025 18:26:29:	23	count	time	30.000000s/cts	O Det=1918	H Det=2409	Mon Det=69951	Aux Det=2790	O+H=7117	 DONE
05/10/2025 18:27:01:	move motor	S18.axis2.phaseshifter 2 to -1.413782deg	 DONE
05/10/2025 18:27:02:	24	count	time	30.000000s/cts	O Det=1489	H Det=2923	Mon Det=69566	Aux Det=2978	O+H=7390	 DONE
05/10/2025 18:27:34:	move motor	S18.axis2.phaseshifter 2 to -1.344816deg	 DONE
05/10/2025 18:27:35:	25	count	time	30.000000s/cts	O Det=1037	H Det=3285	Mon Det=69957	Aux Det=2839	O+H=7161	 DONE
05/10/2025 18:28:07:	move motor	S18.axis2.phaseshifter 2 to -1.275850deg	 DONE
05/10/2025 18:28:09:	26	count	time	30.000000s/cts	O Det=654	H Det=3599	Mon Det=69644	Aux Det=2837	O+H=7090	 DONE
05/10/2025 18:28:40:	move motor	S18.axis2.phaseshifter 2 to -1.206884deg	 DONE
05/10/2025 18:28:42:	27	count	time	30.000000s/cts	O Det=620	H Det=3629	Mon Det=69784	Aux Det=2884	O+H=7133	 DONE
05/10/2025 18:29:13:	move motor	S18.axis2.phaseshifter 2 to -1.137918deg	 DONE
05/10/2025 18:29:15:	28	count	time	30.000000s/cts	O Det=650	H Det=3498	Mon Det=69540	Aux Det=2767	O+H=6915	 DONE
05/10/2025 18:29:47:	move motor	S18.axis2.phaseshifter 2 to -1.068952deg	 DONE
05/10/2025 18:29:48:	29	count	time	30.000000s/cts	O Det=984	H Det=3276	Mon Det=69646	Aux Det=2756	O+H=7016	 DONE
05/10/2025 18:30:20:	move motor	S18.axis2.phaseshifter 2 to -0.999986deg	 DONE
05/10/2025 18:30:21:	30	count	time	30.000000s/cts	O Det=1315	H Det=2896	Mon Det=69453	Aux Det=2789	O+H=7000	 DONE
05/10/2025 18:30:53:	close file and end scan	 DONE
05/10/2025 18:30:54:	END OF SCRIPT	 DONE
