05/10/2025 19:14:35:	start execution of script D:\data\Cycle 198\exp_3-16-19\rawdata\sc\ifg2_newPS_2p30s_B1.sc	 DONE
05/10/2025 19:14:35:	move motor	S18.axis2.phaseshifter 2 to -3.100000deg	 DONE
05/10/2025 19:14:38:	create file	D:\data\Cycle 198\exp_3-16-19\rawdata\sc\ifg2_newPS_2p30s_B1_05Oct1914.dat	 DONE
room to enter remarks DONE
05/10/2025 19:14:39:	move motor	S18.axis2.phaseshifter 2 to -3.000000deg	 DONE
05/10/2025 19:14:40:	1	count	time	30.000000s/cts	O Det=1343	H Det=3246	Mon Det=70199	Aux Det=3062	O+H=7651	 DONE
05/10/2025 19:15:12:	move motor	S18.axis2.phaseshifter 2 to -2.931034deg	 DONE
05/10/2025 19:15:14:	2	count	time	30.000000s/cts	O Det=1965	H Det=2615	Mon Det=69860	Aux Det=2999	O+H=7579	 DONE
05/10/2025 19:15:46:	move motor	S18.axis2.phaseshifter 2 to -2.862068deg	 DONE
05/10/2025 19:15:47:	3	count	time	30.000000s/cts	O Det=2268	H Det=2296	Mon Det=70039	Aux Det=3067	O+H=7631	 DONE
05/10/2025 19:16:19:	move motor	S18.axis2.phaseshifter 2 to -2.793102deg	 DONE
05/10/2025 19:16:20:	4	count	time	30.000000s/cts	O Det=2988	H Det=1843	Mon Det=70132	Aux Det=3019	O+H=7850	 DONE
05/10/2025 19:16:52:	move motor	S18.axis2.phaseshifter 2 to -2.724136deg	 DONE
05/10/2025 19:16:54:	5	count	time	30.000000s/cts	O Det=2931	H Det=1780	Mon Det=69634	Aux Det=2956	O+H=7667	 DONE
05/10/2025 19:17:25:	move motor	S18.axis2.phaseshifter 2 to -2.655170deg	 DONE
05/10/2025 19:17:27:	6	count	time	30.000000s/cts	O Det=3147	H Det=1720	Mon Det=70221	Aux Det=3077	O+H=7944	 DONE
05/10/2025 19:17:59:	move motor	S18.axis2.phaseshifter 2 to -2.586204deg	 DONE
05/10/2025 19:18:00:	7	count	time	30.000000s/cts	O Det=2744	H Det=2030	Mon Det=70183	Aux Det=2975	O+H=7749	 DONE
05/10/2025 19:18:32:	move motor	S18.axis2.phaseshifter 2 to -2.517238deg	 DONE
05/10/2025 19:18:33:	8	count	time	30.000000s/cts	O Det=2394	H Det=2350	Mon Det=70160	Aux Det=2984	O+H=7728	 DONE
05/10/2025 19:19:05:	move motor	S18.axis2.phaseshifter 2 to -2.448272deg	 DONE
05/10/2025 19:19:07:	9	count	time	30.000000s/cts	O Det=2142	H Det=2542	Mon Det=70028	Aux Det=2981	O+H=7665	 DONE
05/10/2025 19:19:38:	move motor	S18.axis2.phaseshifter 2 to -2.379306deg	 DONE
05/10/2025 19:19:40:	10	count	time	30.000000s/cts	O Det=1568	H Det=3075	Mon Det=70011	Aux Det=3071	O+H=7714	 DONE
05/10/2025 19:20:11:	move motor	S18.axis2.phaseshifter 2 to -2.310340deg	 DONE
05/10/2025 19:20:13:	11	count	time	30.000000s/cts	O Det=1110	H Det=3474	Mon Det=70236	Aux Det=2992	O+H=7576	 DONE
05/10/2025 19:20:45:	move motor	S18.axis2.phaseshifter 2 to -2.241374deg	 DONE
05/10/2025 19:20:46:	12	count	time	30.000000s/cts	O Det=809	H Det=3703	Mon Det=70316	Aux Det=3130	O+H=7642	 DONE
05/10/2025 19:21:18:	move motor	S18.axis2.phaseshifter 2 to -2.172408deg	 DONE
05/10/2025 19:21:19:	13	count	time	30.000000s/cts	O Det=678	H Det=3783	Mon Det=69510	Aux Det=3027	O+H=7488	 DONE
05/10/2025 19:21:51:	move motor	S18.axis2.phaseshifter 2 to -2.103442deg	 DONE
05/10/2025 19:21:53:	14	count	time	30.000000s/cts	O Det=776	H Det=3831	Mon Det=70180	Aux Det=3049	O+H=7656	 DONE
05/10/2025 19:22:24:	move motor	S18.axis2.phaseshifter 2 to -2.034476deg	 DONE
05/10/2025 19:22:26:	15	count	time	30.000000s/cts	O Det=977	H Det=3706	Mon Det=70163	Aux Det=2998	O+H=7681	 DONE
05/10/2025 19:22:58:	move motor	S18.axis2.phaseshifter 2 to -1.965510deg	 DONE
05/10/2025 19:22:59:	16	count	time	30.000000s/cts	O Det=1534	H Det=3186	Mon Det=70359	Aux Det=2995	O+H=7715	 DONE
05/10/2025 19:23:31:	move motor	S18.axis2.phaseshifter 2 to -1.896544deg	 DONE
05/10/2025 19:23:32:	17	count	time	30.000000s/cts	O Det=2086	H Det=2640	Mon Det=69686	Aux Det=3046	O+H=7772	 DONE
05/10/2025 19:24:04:	move motor	S18.axis2.phaseshifter 2 to -1.827578deg	 DONE
05/10/2025 19:24:06:	18	count	time	30.000000s/cts	O Det=2403	H Det=2323	Mon Det=69855	Aux Det=3004	O+H=7730	 DONE
05/10/2025 19:24:37:	move motor	S18.axis2.phaseshifter 2 to -1.758612deg	 DONE
05/10/2025 19:24:39:	19	count	time	30.000000s/cts	O Det=2733	H Det=1904	Mon Det=69364	Aux Det=2986	O+H=7623	 DONE
05/10/2025 19:25:11:	move motor	S18.axis2.phaseshifter 2 to -1.689646deg	 DONE
05/10/2025 19:25:12:	20	count	time	30.000000s/cts	O Det=2962	H Det=1794	Mon Det=69528	Aux Det=3031	O+H=7787	 DONE
05/10/2025 19:25:44:	move motor	S18.axis2.phaseshifter 2 to -1.620680deg	 DONE
05/10/2025 19:25:46:	21	count	time	30.000000s/cts	O Det=3023	H Det=1731	Mon Det=69380	Aux Det=3011	O+H=7765	 DONE
05/10/2025 19:26:17:	move motor	S18.axis2.phaseshifter 2 to -1.551714deg	 DONE
05/10/2025 19:26:19:	22	count	time	30.000000s/cts	O Det=2843	H Det=1941	Mon Det=69779	Aux Det=3079	O+H=7863	 DONE
05/10/2025 19:26:51:	move motor	S18.axis2.phaseshifter 2 to -1.482748deg	 DONE
05/10/2025 19:26:52:	23	count	time	30.000000s/cts	O Det=2382	H Det=2303	Mon Det=69539	Aux Det=2985	O+H=7670	 DONE
05/10/2025 19:27:24:	move motor	S18.axis2.phaseshifter 2 to -1.413782deg	 DONE
05/10/2025 19:27:25:	24	count	time	30.000000s/cts	O Det=1907	H Det=2796	Mon Det=69618	Aux Det=2872	O+H=7575	 DONE
05/10/2025 19:27:57:	move motor	S18.axis2.phaseshifter 2 to -1.344816deg	 DONE
05/10/2025 19:27:59:	25	count	time	30.000000s/cts	O Det=1407	H Det=3279	Mon Det=69827	Aux Det=3072	O+H=7758	 DONE
05/10/2025 19:28:30:	move motor	S18.axis2.phaseshifter 2 to -1.275850deg	 DONE
05/10/2025 19:28:32:	26	count	time	30.000000s/cts	O Det=869	H Det=3590	Mon Det=69353	Aux Det=2975	O+H=7434	 DONE
05/10/2025 19:29:03:	move motor	S18.axis2.phaseshifter 2 to -1.206884deg	 DONE
05/10/2025 19:29:05:	27	count	time	30.000000s/cts	O Det=675	H Det=3839	Mon Det=68970	Aux Det=3001	O+H=7515	 DONE
05/10/2025 19:29:37:	move motor	S18.axis2.phaseshifter 2 to -1.137918deg	 DONE
05/10/2025 19:29:38:	28	count	time	30.000000s/cts	O Det=601	H Det=3720	Mon Det=69310	Aux Det=3005	O+H=7326	 DONE
05/10/2025 19:30:10:	move motor	S18.axis2.phaseshifter 2 to -1.068952deg	 DONE
05/10/2025 19:30:11:	29	count	time	30.000000s/cts	O Det=703	H Det=3754	Mon Det=69992	Aux Det=3002	O+H=7459	 DONE
05/10/2025 19:30:43:	move motor	S18.axis2.phaseshifter 2 to -0.999986deg	 DONE
05/10/2025 19:30:45:	30	count	time	30.000000s/cts	O Det=1140	H Det=3392	Mon Det=69595	Aux Det=2955	O+H=7487	 DONE
05/10/2025 19:31:16:	close file and end scan	 DONE
05/10/2025 19:31:17:	END OF SCRIPT	 DONE
