30/09/2025 18:06:48:	start execution of script D:\data\Cycle 198\exp_3-16-19\rawdata\sc\ifg2_newPS_2p30s_B2.sc	 DONE
30/09/2025 18:06:49:	move motor	S18.axis2.phaseshifter 2 to -3.100000deg	 DONE
30/09/2025 18:06:51:	create file	D:\data\Cycle 198\exp_3-16-19\rawdata\sc\ifg2_newPS_2p30s_B2_30Sep1806.dat	 DONE
room to enter remarks DONE
30/09/2025 18:06:52:	move motor	S18.axis2.phaseshifter 2 to -3.000000deg	 DONE
30/09/2025 18:06:54:	1	count	time	30.000000s/cts	O Det=2764	H Det=1685	Mon Det=68177	Aux Det=2956	O+H=7405	 DONE
30/09/2025 18:07:25:	move motor	S18.axis2.phaseshifter 2 to -2.931034deg	 DONE
30/09/2025 18:07:27:	2	count	time	30.000000s/cts	O Det=2710	H Det=1731	Mon Det=68472	Aux Det=2918	O+H=7359	 DONE
30/09/2025 18:07:59:	move motor	S18.axis2.phaseshifter 2 to -2.862068deg	 DONE
30/09/2025 18:08:00:	3	count	time	30.000000s/cts	O Det=2253	H Det=2127	Mon Det=68382	Aux Det=2907	O+H=7287	 DONE
30/09/2025 18:08:35:	move motor	S18.axis2.phaseshifter 2 to -2.793102deg	 DONE
30/09/2025 18:08:36:	4	count	time	30.000000s/cts	O Det=1745	H Det=2640	Mon Det=68152	Aux Det=2964	O+H=7349	 DONE
30/09/2025 18:09:08:	move motor	S18.axis2.phaseshifter 2 to -2.724136deg	 DONE
30/09/2025 18:09:10:	5	count	time	30.000000s/cts	O Det=1488	H Det=2834	Mon Det=68132	Aux Det=2924	O+H=7246	 DONE
30/09/2025 18:09:41:	move motor	S18.axis2.phaseshifter 2 to -2.655170deg	 DONE
30/09/2025 18:09:43:	6	count	time	30.000000s/cts	O Det=923	H Det=3271	Mon Det=68639	Aux Det=2917	O+H=7111	 DONE
30/09/2025 18:10:15:	move motor	S18.axis2.phaseshifter 2 to -2.586204deg	 DONE
30/09/2025 18:10:16:	7	count	time	30.000000s/cts	O Det=589	H Det=3618	Mon Det=68550	Aux Det=2980	O+H=7187	 DONE
30/09/2025 18:10:48:	move motor	S18.axis2.phaseshifter 2 to -2.517238deg	 DONE
30/09/2025 18:10:49:	8	count	time	30.000000s/cts	O Det=465	H Det=3708	Mon Det=68155	Aux Det=3014	O+H=7187	 DONE
30/09/2025 18:11:21:	move motor	S18.axis2.phaseshifter 2 to -2.448272deg	 DONE
30/09/2025 18:11:23:	9	count	time	30.000000s/cts	O Det=453	H Det=3869	Mon Det=68557	Aux Det=3016	O+H=7338	 DONE
30/09/2025 18:11:54:	move motor	S18.axis2.phaseshifter 2 to -2.379306deg	 DONE
30/09/2025 18:11:56:	10	count	time	30.000000s/cts	O Det=760	H Det=3481	Mon Det=68553	Aux Det=3043	O+H=7284	 DONE
30/09/2025 18:12:28:	move motor	S18.axis2.phaseshifter 2 to -2.310340deg	 DONE
30/09/2025 18:12:30:	11	count	time	30.000000s/cts	O Det=1423	H Det=2996	Mon Det=68511	Aux Det=3015	O+H=7434	 DONE
30/09/2025 18:13:01:	move motor	S18.axis2.phaseshifter 2 to -2.241374deg	 DONE
30/09/2025 18:13:03:	12	count	time	30.000000s/cts	O Det=2030	H Det=2377	Mon Det=68848	Aux Det=2916	O+H=7323	 DONE
30/09/2025 18:13:34:	move motor	S18.axis2.phaseshifter 2 to -2.172408deg	 DONE
30/09/2025 18:13:36:	13	count	time	30.000000s/cts	O Det=1959	H Det=2506	Mon Det=68188	Aux Det=2988	O+H=7453	 DONE
30/09/2025 18:14:08:	move motor	S18.axis2.phaseshifter 2 to -2.103442deg	 DONE
30/09/2025 18:14:09:	14	count	time	30.000000s/cts	O Det=2696	H Det=1676	Mon Det=68449	Aux Det=3007	O+H=7379	 DONE
30/09/2025 18:14:41:	move motor	S18.axis2.phaseshifter 2 to -2.034476deg	 DONE
30/09/2025 18:14:43:	15	count	time	30.000000s/cts	O Det=2857	H Det=1702	Mon Det=68973	Aux Det=2988	O+H=7547	 DONE
30/09/2025 18:15:15:	move motor	S18.axis2.phaseshifter 2 to -1.965510deg	 DONE
30/09/2025 18:15:16:	16	count	time	30.000000s/cts	O Det=2811	H Det=1617	Mon Det=68350	Aux Det=2998	O+H=7426	 DONE
30/09/2025 18:15:48:	move motor	S18.axis2.phaseshifter 2 to -1.896544deg	 DONE
30/09/2025 18:15:50:	17	count	time	30.000000s/cts	O Det=2714	H Det=1651	Mon Det=68372	Aux Det=2902	O+H=7267	 DONE
30/09/2025 18:16:21:	move motor	S18.axis2.phaseshifter 2 to -1.827578deg	 DONE
30/09/2025 18:16:23:	18	count	time	30.000000s/cts	O Det=2319	H Det=2011	Mon Det=68822	Aux Det=2971	O+H=7301	 DONE
30/09/2025 18:16:55:	move motor	S18.axis2.phaseshifter 2 to -1.758612deg	 DONE
30/09/2025 18:16:56:	19	count	time	30.000000s/cts	O Det=1699	H Det=2638	Mon Det=68256	Aux Det=2894	O+H=7231	 DONE
30/09/2025 18:17:28:	move motor	S18.axis2.phaseshifter 2 to -1.689646deg	 DONE
30/09/2025 18:17:30:	20	count	time	30.000000s/cts	O Det=1509	H Det=2863	Mon Det=68346	Aux Det=2996	O+H=7368	 DONE
30/09/2025 18:18:01:	move motor	S18.axis2.phaseshifter 2 to -1.620680deg	 DONE
30/09/2025 18:18:03:	21	count	time	30.000000s/cts	O Det=875	H Det=3460	Mon Det=68106	Aux Det=3071	O+H=7406	 DONE
30/09/2025 18:18:35:	move motor	S18.axis2.phaseshifter 2 to -1.551714deg	 DONE
30/09/2025 18:18:36:	22	count	time	30.000000s/cts	O Det=601	H Det=3521	Mon Det=68406	Aux Det=2971	O+H=7093	 DONE
30/09/2025 18:19:08:	move motor	S18.axis2.phaseshifter 2 to -1.482748deg	 DONE
30/09/2025 18:19:10:	23	count	time	30.000000s/cts	O Det=394	H Det=3815	Mon Det=68279	Aux Det=2819	O+H=7028	 DONE
30/09/2025 18:19:41:	move motor	S18.axis2.phaseshifter 2 to -1.413782deg	 DONE
30/09/2025 18:19:43:	24	count	time	30.000000s/cts	O Det=451	H Det=3900	Mon Det=68898	Aux Det=3009	O+H=7360	 DONE
30/09/2025 18:20:15:	move motor	S18.axis2.phaseshifter 2 to -1.344816deg	 DONE
30/09/2025 18:20:16:	25	count	time	30.000000s/cts	O Det=1030	H Det=3368	Mon Det=68412	Aux Det=2961	O+H=7359	 DONE
30/09/2025 18:20:48:	move motor	S18.axis2.phaseshifter 2 to -1.275850deg	 DONE
30/09/2025 18:20:50:	26	count	time	30.000000s/cts	O Det=1229	H Det=3048	Mon Det=68753	Aux Det=2850	O+H=7127	 DONE
30/09/2025 18:21:21:	move motor	S18.axis2.phaseshifter 2 to -1.206884deg	 DONE
30/09/2025 18:21:23:	27	count	time	30.000000s/cts	O Det=1677	H Det=2736	Mon Det=68454	Aux Det=3023	O+H=7436	 DONE
30/09/2025 18:21:55:	move motor	S18.axis2.phaseshifter 2 to -1.137918deg	 DONE
30/09/2025 18:21:56:	28	count	time	30.000000s/cts	O Det=2418	H Det=1902	Mon Det=68785	Aux Det=2959	O+H=7279	 DONE
30/09/2025 18:22:28:	move motor	S18.axis2.phaseshifter 2 to -1.068952deg	 DONE
30/09/2025 18:22:30:	29	count	time	30.000000s/cts	O Det=2793	H Det=1740	Mon Det=68031	Aux Det=3043	O+H=7576	 DONE
30/09/2025 18:23:01:	paused
