03/10/2025 06:03:22:	start execution of script D:\data\Cycle 198\exp_3-16-19\rawdata\sc\ifg2_newPS_6p20s_B1.sc	 DONE
03/10/2025 06:03:22:	move motor	S18.axis2.phaseshifter 2 to -3.100000deg	 DONE
03/10/2025 06:03:25:	create file	D:\data\Cycle 198\exp_3-16-19\rawdata\sc\ifg2_newPS_6p20s_B1_03Oct0603.dat	 DONE
room to enter remarks DONE
03/10/2025 06:03:26:	move motor	S18.axis2.phaseshifter 2 to -3.000000deg	 DONE
03/10/2025 06:03:28:	1	count	time	20.000000s/cts	O Det=732	H Det=1432	Mon Det=45718	Aux Det=1457	O+H=3621	 DONE
03/10/2025 06:03:49:	move motor	S18.axis2.phaseshifter 2 to -2.898305deg	 DONE
03/10/2025 06:03:51:	2	count	time	20.000000s/cts	O Det=992	H Det=1157	Mon Det=45811	Aux Det=1525	O+H=3674	 DONE
03/10/2025 06:04:12:	move motor	S18.axis2.phaseshifter 2 to -2.796610deg	 DONE
03/10/2025 06:04:14:	3	count	time	20.000000s/cts	O Det=1278	H Det=858	Mon Det=45707	Aux Det=1419	O+H=3555	 DONE
03/10/2025 06:04:36:	move motor	S18.axis2.phaseshifter 2 to -2.694915deg	 DONE
03/10/2025 06:04:37:	4	count	time	20.000000s/cts	O Det=1446	H Det=799	Mon Det=45414	Aux Det=1577	O+H=3822	 DONE
03/10/2025 06:04:59:	move motor	S18.axis2.phaseshifter 2 to -2.593220deg	 DONE
03/10/2025 06:05:00:	5	count	time	20.000000s/cts	O Det=1274	H Det=848	Mon Det=45816	Aux Det=1413	O+H=3535	 DONE
03/10/2025 06:05:22:	move motor	S18.axis2.phaseshifter 2 to -2.491525deg	 DONE
03/10/2025 06:05:24:	6	count	time	20.000000s/cts	O Det=1063	H Det=1109	Mon Det=45418	Aux Det=1426	O+H=3598	 DONE
03/10/2025 06:05:45:	move motor	S18.axis2.phaseshifter 2 to -2.389830deg	 DONE
03/10/2025 06:05:47:	7	count	time	20.000000s/cts	O Det=728	H Det=1447	Mon Det=45669	Aux Det=1474	O+H=3649	 DONE
03/10/2025 06:06:08:	move motor	S18.axis2.phaseshifter 2 to -2.288135deg	 DONE
03/10/2025 06:06:10:	8	count	time	20.000000s/cts	O Det=437	H Det=1675	Mon Det=46090	Aux Det=1477	O+H=3589	 DONE
03/10/2025 06:06:32:	move motor	S18.axis2.phaseshifter 2 to -2.186440deg	 DONE
03/10/2025 06:06:33:	9	count	time	20.000000s/cts	O Det=321	H Det=1789	Mon Det=46144	Aux Det=1502	O+H=3612	 DONE
03/10/2025 06:06:55:	move motor	S18.axis2.phaseshifter 2 to -2.084745deg	 DONE
03/10/2025 06:06:56:	10	count	time	20.000000s/cts	O Det=409	H Det=1672	Mon Det=45974	Aux Det=1499	O+H=3580	 DONE
03/10/2025 06:07:18:	move motor	S18.axis2.phaseshifter 2 to -1.983050deg	 DONE
03/10/2025 06:07:20:	11	count	time	20.000000s/cts	O Det=701	H Det=1497	Mon Det=46134	Aux Det=1509	O+H=3707	 DONE
03/10/2025 06:07:41:	move motor	S18.axis2.phaseshifter 2 to -1.881355deg	 DONE
03/10/2025 06:07:43:	12	count	time	20.000000s/cts	O Det=1041	H Det=1109	Mon Det=46040	Aux Det=1522	O+H=3672	 DONE
03/10/2025 06:08:05:	move motor	S18.axis2.phaseshifter 2 to -1.779660deg	 DONE
03/10/2025 06:08:06:	13	count	time	20.000000s/cts	O Det=1333	H Det=877	Mon Det=46506	Aux Det=1436	O+H=3646	 DONE
03/10/2025 06:08:28:	move motor	S18.axis2.phaseshifter 2 to -1.677965deg	 DONE
03/10/2025 06:08:29:	14	count	time	20.000000s/cts	O Det=1417	H Det=837	Mon Det=46305	Aux Det=1518	O+H=3772	 DONE
03/10/2025 06:08:51:	move motor	S18.axis2.phaseshifter 2 to -1.576270deg	 DONE
03/10/2025 06:08:53:	15	count	time	20.000000s/cts	O Det=1373	H Det=866	Mon Det=45497	Aux Det=1463	O+H=3702	 DONE
03/10/2025 06:09:14:	move motor	S18.axis2.phaseshifter 2 to -1.474575deg	 DONE
03/10/2025 06:09:16:	16	count	time	20.000000s/cts	O Det=1048	H Det=1191	Mon Det=45832	Aux Det=1475	O+H=3714	 DONE
03/10/2025 06:09:37:	move motor	S18.axis2.phaseshifter 2 to -1.372880deg	 DONE
03/10/2025 06:09:39:	17	count	time	20.000000s/cts	O Det=729	H Det=1436	Mon Det=46133	Aux Det=1507	O+H=3672	 DONE
03/10/2025 06:10:01:	move motor	S18.axis2.phaseshifter 2 to -1.271185deg	 DONE
03/10/2025 06:10:02:	18	count	time	20.000000s/cts	O Det=373	H Det=1797	Mon Det=46406	Aux Det=1538	O+H=3708	 DONE
03/10/2025 06:10:24:	move motor	S18.axis2.phaseshifter 2 to -1.169490deg	 DONE
03/10/2025 06:10:25:	19	count	time	20.000000s/cts	O Det=274	H Det=1887	Mon Det=46269	Aux Det=1525	O+H=3686	 DONE
03/10/2025 06:10:47:	move motor	S18.axis2.phaseshifter 2 to -1.067795deg	 DONE
03/10/2025 06:10:49:	20	count	time	20.000000s/cts	O Det=424	H Det=1696	Mon Det=45756	Aux Det=1500	O+H=3620	 DONE
03/10/2025 06:11:10:	move motor	S18.axis2.phaseshifter 2 to -0.966100deg	 DONE
03/10/2025 06:11:12:	21	count	time	20.000000s/cts	O Det=664	H Det=1433	Mon Det=45931	Aux Det=1476	O+H=3573	 DONE
03/10/2025 06:11:34:	move motor	S18.axis2.phaseshifter 2 to -0.864405deg	 DONE
03/10/2025 06:11:35:	22	count	time	20.000000s/cts	O Det=1008	H Det=1171	Mon Det=45895	Aux Det=1460	O+H=3639	 DONE
03/10/2025 06:11:57:	move motor	S18.axis2.phaseshifter 2 to -0.762710deg	 DONE
03/10/2025 06:11:58:	23	count	time	20.000000s/cts	O Det=1363	H Det=914	Mon Det=46069	Aux Det=1485	O+H=3762	 DONE
03/10/2025 06:12:20:	move motor	S18.axis2.phaseshifter 2 to -0.661015deg	 DONE
03/10/2025 06:12:22:	24	count	time	20.000000s/cts	O Det=1412	H Det=790	Mon Det=45680	Aux Det=1470	O+H=3672	 DONE
03/10/2025 06:12:43:	move motor	S18.axis2.phaseshifter 2 to -0.559320deg	 DONE
03/10/2025 06:12:45:	25	count	time	20.000000s/cts	O Det=1283	H Det=915	Mon Det=46038	Aux Det=1467	O+H=3665	 DONE
03/10/2025 06:13:06:	move motor	S18.axis2.phaseshifter 2 to -0.457625deg	 DONE
03/10/2025 06:13:08:	26	count	time	20.000000s/cts	O Det=1087	H Det=1113	Mon Det=46300	Aux Det=1511	O+H=3711	 DONE
03/10/2025 06:13:30:	move motor	S18.axis2.phaseshifter 2 to -0.355930deg	 DONE
03/10/2025 06:13:31:	27	count	time	20.000000s/cts	O Det=748	H Det=1486	Mon Det=45912	Aux Det=1537	O+H=3771	 DONE
03/10/2025 06:13:53:	move motor	S18.axis2.phaseshifter 2 to -0.254235deg	 DONE
03/10/2025 06:13:54:	28	count	time	20.000000s/cts	O Det=392	H Det=1632	Mon Det=46011	Aux Det=1435	O+H=3459	 DONE
03/10/2025 06:14:16:	move motor	S18.axis2.phaseshifter 2 to -0.152540deg	 DONE
03/10/2025 06:14:18:	29	count	time	20.000000s/cts	O Det=274	H Det=1800	Mon Det=45932	Aux Det=1530	O+H=3604	 DONE
03/10/2025 06:14:39:	move motor	S18.axis2.phaseshifter 2 to -0.050845deg	 DONE
03/10/2025 06:14:41:	30	count	time	20.000000s/cts	O Det=415	H Det=1701	Mon Det=46260	Aux Det=1474	O+H=3590	 DONE
03/10/2025 06:15:03:	move motor	S18.axis2.phaseshifter 2 to 0.050850deg	 DONE
03/10/2025 06:15:04:	31	count	time	20.000000s/cts	O Det=680	H Det=1475	Mon Det=45999	Aux Det=1390	O+H=3545	 DONE
03/10/2025 06:15:26:	move motor	S18.axis2.phaseshifter 2 to 0.152545deg	 DONE
03/10/2025 06:15:27:	32	count	time	20.000000s/cts	O Det=975	H Det=1254	Mon Det=45955	Aux Det=1502	O+H=3731	 DONE
03/10/2025 06:15:49:	move motor	S18.axis2.phaseshifter 2 to 0.254240deg	 DONE
03/10/2025 06:15:51:	33	count	time	20.000000s/cts	O Det=1340	H Det=933	Mon Det=45788	Aux Det=1518	O+H=3791	 DONE
03/10/2025 06:16:12:	move motor	S18.axis2.phaseshifter 2 to 0.355935deg	 DONE
03/10/2025 06:16:14:	34	count	time	20.000000s/cts	O Det=1487	H Det=761	Mon Det=46203	Aux Det=1462	O+H=3710	 DONE
03/10/2025 06:16:35:	move motor	S18.axis2.phaseshifter 2 to 0.457630deg	 DONE
03/10/2025 06:16:37:	35	count	time	20.000000s/cts	O Det=1432	H Det=843	Mon Det=46486	Aux Det=1470	O+H=3745	 DONE
03/10/2025 06:16:59:	move motor	S18.axis2.phaseshifter 2 to 0.559325deg	 DONE
03/10/2025 06:17:00:	36	count	time	20.000000s/cts	O Det=1119	H Det=1077	Mon Det=46095	Aux Det=1540	O+H=3736	 DONE
03/10/2025 06:17:22:	move motor	S18.axis2.phaseshifter 2 to 0.661020deg	 DONE
03/10/2025 06:17:24:	37	count	time	20.000000s/cts	O Det=763	H Det=1406	Mon Det=46408	Aux Det=1508	O+H=3677	 DONE
03/10/2025 06:17:45:	move motor	S18.axis2.phaseshifter 2 to 0.762715deg	 DONE
03/10/2025 06:17:47:	38	count	time	20.000000s/cts	O Det=475	H Det=1667	Mon Det=46061	Aux Det=1399	O+H=3541	 DONE
03/10/2025 06:18:08:	move motor	S18.axis2.phaseshifter 2 to 0.864410deg	 DONE
03/10/2025 06:18:10:	39	count	time	20.000000s/cts	O Det=279	H Det=1821	Mon Det=45911	Aux Det=1433	O+H=3533	 DONE
03/10/2025 06:18:32:	move motor	S18.axis2.phaseshifter 2 to 0.966105deg	 DONE
03/10/2025 06:18:33:	40	count	time	20.000000s/cts	O Det=394	H Det=1791	Mon Det=45975	Aux Det=1461	O+H=3646	 DONE
03/10/2025 06:18:55:	move motor	S18.axis2.phaseshifter 2 to 1.067800deg	 DONE
03/10/2025 06:18:56:	41	count	time	20.000000s/cts	O Det=572	H Det=1525	Mon Det=46206	Aux Det=1452	O+H=3549	 DONE
03/10/2025 06:19:18:	move motor	S18.axis2.phaseshifter 2 to 1.169495deg	 DONE
03/10/2025 06:19:20:	42	count	time	20.000000s/cts	O Det=945	H Det=1147	Mon Det=45903	Aux Det=1500	O+H=3592	 DONE
03/10/2025 06:19:41:	move motor	S18.axis2.phaseshifter 2 to 1.271190deg	 DONE
03/10/2025 06:19:43:	43	count	time	20.000000s/cts	O Det=1325	H Det=928	Mon Det=46117	Aux Det=1525	O+H=3778	 DONE
03/10/2025 06:20:05:	move motor	S18.axis2.phaseshifter 2 to 1.372885deg	 DONE
03/10/2025 06:20:06:	44	count	time	20.000000s/cts	O Det=1436	H Det=796	Mon Det=45979	Aux Det=1535	O+H=3767	 DONE
03/10/2025 06:20:28:	move motor	S18.axis2.phaseshifter 2 to 1.474580deg	 DONE
03/10/2025 06:20:29:	45	count	time	20.000000s/cts	O Det=1369	H Det=816	Mon Det=46006	Aux Det=1461	O+H=3646	 DONE
03/10/2025 06:20:51:	move motor	S18.axis2.phaseshifter 2 to 1.576275deg	 DONE
03/10/2025 06:20:53:	46	count	time	20.000000s/cts	O Det=1150	H Det=1023	Mon Det=45961	Aux Det=1478	O+H=3651	 DONE
03/10/2025 06:21:14:	move motor	S18.axis2.phaseshifter 2 to 1.677970deg	 DONE
03/10/2025 06:21:16:	47	count	time	20.000000s/cts	O Det=825	H Det=1343	Mon Det=46348	Aux Det=1526	O+H=3694	 DONE
03/10/2025 06:21:37:	move motor	S18.axis2.phaseshifter 2 to 1.779665deg	 DONE
03/10/2025 06:21:39:	48	count	time	20.000000s/cts	O Det=503	H Det=1640	Mon Det=46304	Aux Det=1427	O+H=3570	 DONE
03/10/2025 06:22:01:	move motor	S18.axis2.phaseshifter 2 to 1.881360deg	 DONE
03/10/2025 06:22:02:	49	count	time	20.000000s/cts	O Det=324	H Det=1818	Mon Det=45954	Aux Det=1513	O+H=3655	 DONE
03/10/2025 06:22:24:	move motor	S18.axis2.phaseshifter 2 to 1.983055deg	 DONE
03/10/2025 06:22:26:	50	count	time	20.000000s/cts	O Det=344	H Det=1802	Mon Det=46377	Aux Det=1478	O+H=3624	 DONE
03/10/2025 06:22:47:	move motor	S18.axis2.phaseshifter 2 to 2.084750deg	 DONE
03/10/2025 06:22:49:	51	count	time	20.000000s/cts	O Det=624	H Det=1560	Mon Det=45991	Aux Det=1547	O+H=3731	 DONE
03/10/2025 06:23:10:	move motor	S18.axis2.phaseshifter 2 to 2.186445deg	 DONE
03/10/2025 06:23:12:	52	count	time	20.000000s/cts	O Det=911	H Det=1179	Mon Det=45862	Aux Det=1448	O+H=3538	 DONE
03/10/2025 06:23:34:	move motor	S18.axis2.phaseshifter 2 to 2.288140deg	 DONE
03/10/2025 06:23:35:	53	count	time	20.000000s/cts	O Det=1279	H Det=991	Mon Det=45671	Aux Det=1431	O+H=3701	 DONE
03/10/2025 06:23:57:	move motor	S18.axis2.phaseshifter 2 to 2.389835deg	 DONE
03/10/2025 06:23:58:	54	count	time	20.000000s/cts	O Det=1358	H Det=809	Mon Det=45917	Aux Det=1523	O+H=3690	 DONE
03/10/2025 06:24:20:	move motor	S18.axis2.phaseshifter 2 to 2.491530deg	 DONE
03/10/2025 06:24:22:	55	count	time	20.000000s/cts	O Det=1385	H Det=814	Mon Det=46371	Aux Det=1521	O+H=3720	 DONE
03/10/2025 06:24:43:	move motor	S18.axis2.phaseshifter 2 to 2.593225deg	 DONE
03/10/2025 06:24:45:	56	count	time	20.000000s/cts	O Det=1211	H Det=971	Mon Det=46235	Aux Det=1482	O+H=3664	 DONE
03/10/2025 06:25:07:	move motor	S18.axis2.phaseshifter 2 to 2.694920deg	 DONE
03/10/2025 06:25:08:	57	count	time	20.000000s/cts	O Det=891	H Det=1261	Mon Det=46070	Aux Det=1486	O+H=3638	 DONE
03/10/2025 06:25:30:	move motor	S18.axis2.phaseshifter 2 to 2.796615deg	 DONE
03/10/2025 06:25:31:	58	count	time	20.000000s/cts	O Det=515	H Det=1587	Mon Det=45625	Aux Det=1521	O+H=3623	 DONE
03/10/2025 06:25:53:	move motor	S18.axis2.phaseshifter 2 to 2.898310deg	 DONE
03/10/2025 06:25:55:	59	count	time	20.000000s/cts	O Det=325	H Det=1828	Mon Det=46072	Aux Det=1505	O+H=3658	 DONE
03/10/2025 06:26:16:	move motor	S18.axis2.phaseshifter 2 to 3.000005deg	 DONE
03/10/2025 06:26:18:	60	count	time	20.000000s/cts	O Det=315	H Det=1785	Mon Det=45817	Aux Det=1490	O+H=3590	 DONE
03/10/2025 06:26:39:	close file and end scan	 DONE
03/10/2025 06:26:40:	END OF SCRIPT	 DONE
