27/09/2025 06:43:34:	start execution of script D:\data\Cycle 198\exp_3-16-19\rawdata\sc\ifg2_3p20s_B12.sc	 DONE
27/09/2025 06:43:34:	move motor	S18.axis2.phaseshifter 2 to -3.175000deg	 DONE
27/09/2025 06:43:38:	create file	D:\data\Cycle 198\exp_3-16-19\rawdata\sc\ifg2_3p20s_B12_27Sep0643.dat	 DONE
room to enter remarks DONE
27/09/2025 06:43:39:	read encoder	S18.auxiliary.Robot Diagonal		48483.272730 DONE
27/09/2025 06:43:40:	move motor	S18.axis2.phaseshifter 2 to -3.075000deg	 DONE
27/09/2025 06:43:42:	1	count	time	20.000000s/cts	O Det=934	H Det=1892	Mon Det=44798	Aux Det=10	O+H=2836	 DONE
27/09/2025 06:44:03:	move motor	S18.axis2.phaseshifter 2 to -2.870000deg	 DONE
27/09/2025 06:44:05:	2	count	time	20.000000s/cts	O Det=903	H Det=1857	Mon Det=45253	Aux Det=17	O+H=2777	 DONE
27/09/2025 06:44:27:	move motor	S18.axis2.phaseshifter 2 to -2.665000deg	 DONE
27/09/2025 06:44:28:	3	count	time	20.000000s/cts	O Det=858	H Det=1903	Mon Det=45073	Aux Det=10	O+H=2771	 DONE
27/09/2025 06:44:50:	move motor	S18.axis2.phaseshifter 2 to -2.460000deg	 DONE
27/09/2025 06:44:52:	4	count	time	20.000000s/cts	O Det=907	H Det=1869	Mon Det=45106	Aux Det=10	O+H=2786	 DONE
27/09/2025 06:45:14:	move motor	S18.axis2.phaseshifter 2 to -2.255000deg	 DONE
27/09/2025 06:45:15:	5	count	time	20.000000s/cts	O Det=870	H Det=1907	Mon Det=45328	Aux Det=15	O+H=2792	 DONE
27/09/2025 06:45:37:	move motor	S18.axis2.phaseshifter 2 to -2.050000deg	 DONE
27/09/2025 06:45:39:	6	count	time	20.000000s/cts	O Det=995	H Det=1845	Mon Det=45485	Aux Det=14	O+H=2854	 DONE
27/09/2025 06:46:01:	move motor	S18.axis2.phaseshifter 2 to -1.845000deg	 DONE
27/09/2025 06:46:02:	7	count	time	20.000000s/cts	O Det=939	H Det=1847	Mon Det=45501	Aux Det=8	O+H=2794	 DONE
27/09/2025 06:46:24:	move motor	S18.axis2.phaseshifter 2 to -1.640000deg	 DONE
27/09/2025 06:46:26:	8	count	time	20.000000s/cts	O Det=977	H Det=1934	Mon Det=45601	Aux Det=12	O+H=2923	 DONE
27/09/2025 06:46:48:	move motor	S18.axis2.phaseshifter 2 to -1.435000deg	 DONE
27/09/2025 06:46:49:	9	count	time	20.000000s/cts	O Det=871	H Det=1952	Mon Det=45246	Aux Det=8	O+H=2831	 DONE
27/09/2025 06:47:11:	move motor	S18.axis2.phaseshifter 2 to -1.230000deg	 DONE
27/09/2025 06:47:13:	10	count	time	20.000000s/cts	O Det=936	H Det=1897	Mon Det=45572	Aux Det=14	O+H=2847	 DONE
27/09/2025 06:47:34:	move motor	S18.axis2.phaseshifter 2 to -1.025000deg	 DONE
27/09/2025 06:47:36:	11	count	time	20.000000s/cts	O Det=982	H Det=1967	Mon Det=45557	Aux Det=7	O+H=2956	 DONE
27/09/2025 06:47:58:	move motor	S18.axis2.phaseshifter 2 to -0.820000deg	 DONE
27/09/2025 06:48:00:	12	count	time	20.000000s/cts	O Det=889	H Det=1913	Mon Det=45126	Aux Det=10	O+H=2812	 DONE
27/09/2025 06:48:22:	move motor	S18.axis2.phaseshifter 2 to -0.615000deg	 DONE
27/09/2025 06:48:23:	13	count	time	20.000000s/cts	O Det=908	H Det=1873	Mon Det=45530	Aux Det=7	O+H=2788	 DONE
27/09/2025 06:48:45:	move motor	S18.axis2.phaseshifter 2 to -0.410000deg	 DONE
27/09/2025 06:48:47:	14	count	time	20.000000s/cts	O Det=980	H Det=1898	Mon Det=45403	Aux Det=9	O+H=2887	 DONE
27/09/2025 06:49:08:	move motor	S18.axis2.phaseshifter 2 to -0.205000deg	 DONE
27/09/2025 06:49:10:	15	count	time	20.000000s/cts	O Det=935	H Det=1858	Mon Det=45515	Aux Det=8	O+H=2801	 DONE
27/09/2025 06:49:32:	move motor	S18.axis2.phaseshifter 2 to -0.000000deg	 DONE
27/09/2025 06:49:34:	16	count	time	20.000000s/cts	O Det=891	H Det=1900	Mon Det=45325	Aux Det=13	O+H=2804	 DONE
27/09/2025 06:49:55:	move motor	S18.axis2.phaseshifter 2 to 0.205000deg	 DONE
27/09/2025 06:49:57:	17	count	time	20.000000s/cts	O Det=849	H Det=1845	Mon Det=45269	Aux Det=16	O+H=2710	 DONE
27/09/2025 06:50:19:	move motor	S18.axis2.phaseshifter 2 to 0.410000deg	 DONE
27/09/2025 06:50:21:	18	count	time	20.000000s/cts	O Det=931	H Det=1958	Mon Det=45182	Aux Det=12	O+H=2901	 DONE
27/09/2025 06:50:42:	move motor	S18.axis2.phaseshifter 2 to 0.615000deg	 DONE
27/09/2025 06:50:44:	19	count	time	20.000000s/cts	O Det=906	H Det=1841	Mon Det=45324	Aux Det=7	O+H=2754	 DONE
27/09/2025 06:51:06:	move motor	S18.axis2.phaseshifter 2 to 0.820000deg	 DONE
27/09/2025 06:51:07:	20	count	time	20.000000s/cts	O Det=925	H Det=1814	Mon Det=45329	Aux Det=11	O+H=2750	 DONE
27/09/2025 06:51:29:	move motor	S18.axis2.phaseshifter 2 to 1.025000deg	 DONE
27/09/2025 06:51:31:	21	count	time	20.000000s/cts	O Det=953	H Det=1839	Mon Det=45402	Aux Det=8	O+H=2800	 DONE
27/09/2025 06:51:53:	move motor	S18.axis2.phaseshifter 2 to 1.230000deg	 DONE
27/09/2025 06:51:54:	22	count	time	20.000000s/cts	O Det=950	H Det=1903	Mon Det=45089	Aux Det=10	O+H=2863	 DONE
27/09/2025 06:52:16:	move motor	S18.axis2.phaseshifter 2 to 1.435000deg	 DONE
27/09/2025 06:52:18:	23	count	time	20.000000s/cts	O Det=857	H Det=1911	Mon Det=45064	Aux Det=12	O+H=2780	 DONE
27/09/2025 06:52:39:	move motor	S18.axis2.phaseshifter 2 to 1.640000deg	 DONE
27/09/2025 06:52:41:	24	count	time	20.000000s/cts	O Det=913	H Det=1903	Mon Det=45179	Aux Det=7	O+H=2823	 DONE
27/09/2025 06:53:03:	move motor	S18.axis2.phaseshifter 2 to 1.845000deg	 DONE
27/09/2025 06:53:05:	25	count	time	20.000000s/cts	O Det=888	H Det=1827	Mon Det=45183	Aux Det=9	O+H=2724	 DONE
27/09/2025 06:53:27:	move motor	S18.axis2.phaseshifter 2 to 2.050000deg	 DONE
27/09/2025 06:53:28:	26	count	time	20.000000s/cts	O Det=902	H Det=1899	Mon Det=45427	Aux Det=13	O+H=2814	 DONE
27/09/2025 06:53:50:	move motor	S18.axis2.phaseshifter 2 to 2.255000deg	 DONE
27/09/2025 06:53:52:	27	count	time	20.000000s/cts	O Det=944	H Det=1889	Mon Det=45091	Aux Det=15	O+H=2848	 DONE
27/09/2025 06:54:13:	move motor	S18.axis2.phaseshifter 2 to 2.460000deg	 DONE
27/09/2025 06:54:15:	28	count	time	20.000000s/cts	O Det=908	H Det=1933	Mon Det=45234	Aux Det=14	O+H=2855	 DONE
27/09/2025 06:54:37:	move motor	S18.axis2.phaseshifter 2 to 2.665000deg	 DONE
27/09/2025 06:54:39:	29	count	time	20.000000s/cts	O Det=962	H Det=1914	Mon Det=45268	Aux Det=9	O+H=2885	 DONE
27/09/2025 06:55:00:	move motor	S18.axis2.phaseshifter 2 to 2.870000deg	 DONE
27/09/2025 06:55:02:	30	count	time	20.000000s/cts	O Det=904	H Det=1911	Mon Det=45302	Aux Det=10	O+H=2825	 DONE
27/09/2025 06:55:24:	move motor	S18.axis2.phaseshifter 2 to 3.075000deg	 DONE
27/09/2025 06:55:26:	31	count	time	20.000000s/cts	O Det=912	H Det=1938	Mon Det=45471	Aux Det=13	O+H=2863	 DONE
27/09/2025 06:55:47:	close file and end scan	 DONE
27/09/2025 06:55:48:	END OF SCRIPT	 DONE
