02/10/2025 13:48:34:	start execution of script D:\data\Cycle 198\exp_3-16-19\rawdata\sc\ifg2_newPS_6p20s_B2.sc	 DONE
02/10/2025 13:48:34:	move motor	S18.axis2.phaseshifter 2 to -6.100000deg	 DONE
02/10/2025 13:48:39:	create file	D:\data\Cycle 198\exp_3-16-19\rawdata\sc\ifg2_newPS_6p20s_B2_02Oct1348.dat	 DONE
room to enter remarks DONE
02/10/2025 13:48:40:	move motor	S18.axis2.phaseshifter 2 to -6.000000deg	 DONE
02/10/2025 13:48:42:	1	count	time	20.000000s/cts	O Det=771	H Det=1409	Mon Det=45625	Aux Det=1957	O+H=4137	 DONE
02/10/2025 13:49:03:	move motor	S18.axis2.phaseshifter 2 to -5.898305deg	 DONE
02/10/2025 13:49:05:	2	count	time	20.000000s/cts	O Det=1089	H Det=1111	Mon Det=46035	Aux Det=2011	O+H=4211	 DONE
02/10/2025 13:49:27:	move motor	S18.axis2.phaseshifter 2 to -5.796610deg	 DONE
02/10/2025 13:49:28:	3	count	time	20.000000s/cts	O Det=1393	H Det=872	Mon Det=45709	Aux Det=1942	O+H=4207	 DONE
02/10/2025 13:49:50:	move motor	S18.axis2.phaseshifter 2 to -5.694915deg	 DONE
02/10/2025 13:49:51:	4	count	time	20.000000s/cts	O Det=1512	H Det=749	Mon Det=45739	Aux Det=2047	O+H=4308	 DONE
02/10/2025 13:50:13:	move motor	S18.axis2.phaseshifter 2 to -5.593220deg	 DONE
02/10/2025 13:50:15:	5	count	time	20.000000s/cts	O Det=1245	H Det=913	Mon Det=45753	Aux Det=2003	O+H=4161	 DONE
02/10/2025 13:50:36:	move motor	S18.axis2.phaseshifter 2 to -5.491525deg	 DONE
02/10/2025 13:50:38:	6	count	time	20.000000s/cts	O Det=895	H Det=1230	Mon Det=45680	Aux Det=1983	O+H=4108	 DONE
02/10/2025 13:50:59:	move motor	S18.axis2.phaseshifter 2 to -5.389830deg	 DONE
02/10/2025 13:51:01:	7	count	time	20.000000s/cts	O Det=606	H Det=1555	Mon Det=45697	Aux Det=1954	O+H=4115	 DONE
02/10/2025 13:51:23:	move motor	S18.axis2.phaseshifter 2 to -5.288135deg	 DONE
02/10/2025 13:51:24:	8	count	time	20.000000s/cts	O Det=293	H Det=1825	Mon Det=45774	Aux Det=2008	O+H=4126	 DONE
02/10/2025 13:51:46:	move motor	S18.axis2.phaseshifter 2 to -5.186440deg	 DONE
02/10/2025 13:51:47:	9	count	time	20.000000s/cts	O Det=242	H Det=1817	Mon Det=45673	Aux Det=1939	O+H=3998	 DONE
02/10/2025 13:52:09:	move motor	S18.axis2.phaseshifter 2 to -5.084745deg	 DONE
02/10/2025 13:52:11:	10	count	time	20.000000s/cts	O Det=412	H Det=1781	Mon Det=45777	Aux Det=2002	O+H=4195	 DONE
02/10/2025 13:52:32:	move motor	S18.axis2.phaseshifter 2 to -4.983050deg	 DONE
02/10/2025 13:52:34:	11	count	time	20.000000s/cts	O Det=736	H Det=1459	Mon Det=45901	Aux Det=1997	O+H=4192	 DONE
02/10/2025 13:52:56:	move motor	S18.axis2.phaseshifter 2 to -4.881355deg	 DONE
02/10/2025 13:52:57:	12	count	time	20.000000s/cts	O Det=1041	H Det=1134	Mon Det=46266	Aux Det=1982	O+H=4157	 DONE
02/10/2025 13:53:19:	move motor	S18.axis2.phaseshifter 2 to -4.779660deg	 DONE
02/10/2025 13:53:20:	13	count	time	20.000000s/cts	O Det=1483	H Det=814	Mon Det=46145	Aux Det=1979	O+H=4276	 DONE
02/10/2025 13:53:42:	move motor	S18.axis2.phaseshifter 2 to -4.677965deg	 DONE
02/10/2025 13:53:44:	14	count	time	20.000000s/cts	O Det=1429	H Det=757	Mon Det=45500	Aux Det=2034	O+H=4220	 DONE
02/10/2025 13:54:05:	move motor	S18.axis2.phaseshifter 2 to -4.576270deg	 DONE
02/10/2025 13:54:07:	15	count	time	20.000000s/cts	O Det=1265	H Det=900	Mon Det=46301	Aux Det=2007	O+H=4172	 DONE
02/10/2025 13:54:29:	move motor	S18.axis2.phaseshifter 2 to -4.474575deg	 DONE
02/10/2025 13:54:30:	16	count	time	20.000000s/cts	O Det=978	H Det=1110	Mon Det=45618	Aux Det=1943	O+H=4031	 DONE
02/10/2025 13:54:52:	move motor	S18.axis2.phaseshifter 2 to -4.372880deg	 DONE
02/10/2025 13:54:53:	17	count	time	20.000000s/cts	O Det=621	H Det=1443	Mon Det=46072	Aux Det=2009	O+H=4073	 DONE
02/10/2025 13:55:15:	move motor	S18.axis2.phaseshifter 2 to -4.271185deg	 DONE
02/10/2025 13:55:17:	18	count	time	20.000000s/cts	O Det=288	H Det=1824	Mon Det=45509	Aux Det=1968	O+H=4080	 DONE
02/10/2025 13:55:38:	move motor	S18.axis2.phaseshifter 2 to -4.169490deg	 DONE
02/10/2025 13:55:40:	19	count	time	20.000000s/cts	O Det=241	H Det=1872	Mon Det=45572	Aux Det=2034	O+H=4147	 DONE
02/10/2025 13:56:01:	move motor	S18.axis2.phaseshifter 2 to -4.067795deg	 DONE
02/10/2025 13:56:03:	20	count	time	20.000000s/cts	O Det=346	H Det=1799	Mon Det=45694	Aux Det=1984	O+H=4129	 DONE
02/10/2025 13:56:25:	move motor	S18.axis2.phaseshifter 2 to -3.966100deg	 DONE
02/10/2025 13:56:26:	21	count	time	20.000000s/cts	O Det=724	H Det=1451	Mon Det=45829	Aux Det=1979	O+H=4154	 DONE
02/10/2025 13:56:48:	move motor	S18.axis2.phaseshifter 2 to -3.864405deg	 DONE
02/10/2025 13:56:49:	22	count	time	20.000000s/cts	O Det=1189	H Det=1168	Mon Det=46365	Aux Det=1877	O+H=4234	 DONE
02/10/2025 13:57:11:	move motor	S18.axis2.phaseshifter 2 to -3.762710deg	 DONE
02/10/2025 13:57:13:	23	count	time	20.000000s/cts	O Det=1361	H Det=870	Mon Det=45441	Aux Det=1988	O+H=4219	 DONE
02/10/2025 13:57:34:	move motor	S18.axis2.phaseshifter 2 to -3.661015deg	 DONE
02/10/2025 13:57:36:	24	count	time	20.000000s/cts	O Det=1509	H Det=762	Mon Det=46240	Aux Det=1973	O+H=4244	 DONE
02/10/2025 13:57:58:	move motor	S18.axis2.phaseshifter 2 to -3.559320deg	 DONE
02/10/2025 13:57:59:	25	count	time	20.000000s/cts	O Det=1363	H Det=860	Mon Det=45747	Aux Det=2016	O+H=4239	 DONE
02/10/2025 13:58:21:	move motor	S18.axis2.phaseshifter 2 to -3.457625deg	 DONE
02/10/2025 13:58:22:	26	count	time	20.000000s/cts	O Det=1154	H Det=1067	Mon Det=45926	Aux Det=1890	O+H=4111	 DONE
02/10/2025 13:58:44:	move motor	S18.axis2.phaseshifter 2 to -3.355930deg	 DONE
02/10/2025 13:58:46:	27	count	time	20.000000s/cts	O Det=667	H Det=1519	Mon Det=45399	Aux Det=1982	O+H=4168	 DONE
02/10/2025 13:59:07:	move motor	S18.axis2.phaseshifter 2 to -3.254235deg	 DONE
02/10/2025 13:59:09:	28	count	time	20.000000s/cts	O Det=380	H Det=1802	Mon Det=45828	Aux Det=1931	O+H=4113	 DONE
02/10/2025 13:59:31:	move motor	S18.axis2.phaseshifter 2 to -3.152540deg	 DONE
02/10/2025 13:59:32:	29	count	time	20.000000s/cts	O Det=232	H Det=1915	Mon Det=46017	Aux Det=1992	O+H=4139	 DONE
02/10/2025 13:59:54:	move motor	S18.axis2.phaseshifter 2 to -3.050845deg	 DONE
02/10/2025 13:59:55:	30	count	time	20.000000s/cts	O Det=371	H Det=1774	Mon Det=45806	Aux Det=1993	O+H=4138	 DONE
02/10/2025 14:00:17:	move motor	S18.axis2.phaseshifter 2 to -2.949150deg	 DONE
02/10/2025 14:00:19:	31	count	time	20.000000s/cts	O Det=690	H Det=1538	Mon Det=45941	Aux Det=2016	O+H=4244	 DONE
02/10/2025 14:00:40:	move motor	S18.axis2.phaseshifter 2 to -2.847455deg	 DONE
02/10/2025 14:00:42:	32	count	time	20.000000s/cts	O Det=957	H Det=1278	Mon Det=45867	Aux Det=1961	O+H=4196	 DONE
02/10/2025 14:01:03:	move motor	S18.axis2.phaseshifter 2 to -2.745760deg	 DONE
02/10/2025 14:01:05:	33	count	time	20.000000s/cts	O Det=1242	H Det=993	Mon Det=45421	Aux Det=2018	O+H=4253	 DONE
02/10/2025 14:01:27:	move motor	S18.axis2.phaseshifter 2 to -2.644065deg	 DONE
02/10/2025 14:01:28:	34	count	time	20.000000s/cts	O Det=1490	H Det=740	Mon Det=45884	Aux Det=2050	O+H=4280	 DONE
02/10/2025 14:01:50:	move motor	S18.axis2.phaseshifter 2 to -2.542370deg	 DONE
02/10/2025 14:01:52:	35	count	time	20.000000s/cts	O Det=1399	H Det=835	Mon Det=45978	Aux Det=1992	O+H=4226	 DONE
02/10/2025 14:02:13:	move motor	S18.axis2.phaseshifter 2 to -2.440675deg	 DONE
02/10/2025 14:02:15:	36	count	time	20.000000s/cts	O Det=1137	H Det=1058	Mon Det=46096	Aux Det=1923	O+H=4118	 DONE
02/10/2025 14:02:36:	move motor	S18.axis2.phaseshifter 2 to -2.338980deg	 DONE
02/10/2025 14:02:38:	37	count	time	20.000000s/cts	O Det=744	H Det=1393	Mon Det=45642	Aux Det=1952	O+H=4089	 DONE
02/10/2025 14:03:00:	move motor	S18.axis2.phaseshifter 2 to -2.237285deg	 DONE
02/10/2025 14:03:01:	38	count	time	20.000000s/cts	O Det=468	H Det=1688	Mon Det=46095	Aux Det=1923	O+H=4079	 DONE
02/10/2025 14:03:23:	move motor	S18.axis2.phaseshifter 2 to -2.135590deg	 DONE
02/10/2025 14:03:25:	39	count	time	20.000000s/cts	O Det=241	H Det=1848	Mon Det=45881	Aux Det=2036	O+H=4125	 DONE
02/10/2025 14:03:46:	move motor	S18.axis2.phaseshifter 2 to -2.033895deg	 DONE
02/10/2025 14:03:48:	40	count	time	20.000000s/cts	O Det=347	H Det=1737	Mon Det=45755	Aux Det=2045	O+H=4129	 DONE
02/10/2025 14:04:09:	move motor	S18.axis2.phaseshifter 2 to -1.932200deg	 DONE
02/10/2025 14:04:11:	41	count	time	20.000000s/cts	O Det=586	H Det=1488	Mon Det=46075	Aux Det=2043	O+H=4117	 DONE
02/10/2025 14:04:33:	move motor	S18.axis2.phaseshifter 2 to -1.830505deg	 DONE
02/10/2025 14:04:34:	42	count	time	20.000000s/cts	O Det=997	H Det=1195	Mon Det=46149	Aux Det=2003	O+H=4195	 DONE
02/10/2025 14:04:56:	move motor	S18.axis2.phaseshifter 2 to -1.728810deg	 DONE
02/10/2025 14:04:58:	43	count	time	20.000000s/cts	O Det=1288	H Det=986	Mon Det=46053	Aux Det=1926	O+H=4200	 DONE
02/10/2025 14:05:19:	move motor	S18.axis2.phaseshifter 2 to -1.627115deg	 DONE
02/10/2025 14:05:21:	44	count	time	20.000000s/cts	O Det=1410	H Det=865	Mon Det=45928	Aux Det=1957	O+H=4232	 DONE
02/10/2025 14:05:42:	move motor	S18.axis2.phaseshifter 2 to -1.525420deg	 DONE
02/10/2025 14:05:44:	45	count	time	20.000000s/cts	O Det=1436	H Det=817	Mon Det=46101	Aux Det=1947	O+H=4200	 DONE
02/10/2025 14:06:06:	move motor	S18.axis2.phaseshifter 2 to -1.423725deg	 DONE
02/10/2025 14:06:07:	46	count	time	20.000000s/cts	O Det=1196	H Det=983	Mon Det=45979	Aux Det=1892	O+H=4071	 DONE
02/10/2025 14:06:29:	move motor	S18.axis2.phaseshifter 2 to -1.322030deg	 DONE
02/10/2025 14:06:31:	47	count	time	20.000000s/cts	O Det=685	H Det=1405	Mon Det=45654	Aux Det=1967	O+H=4057	 DONE
02/10/2025 14:06:52:	move motor	S18.axis2.phaseshifter 2 to -1.220335deg	 DONE
02/10/2025 14:06:54:	48	count	time	20.000000s/cts	O Det=385	H Det=1660	Mon Det=45682	Aux Det=2019	O+H=4064	 DONE
02/10/2025 14:07:15:	move motor	S18.axis2.phaseshifter 2 to -1.118640deg	 DONE
02/10/2025 14:07:17:	49	count	time	20.000000s/cts	O Det=246	H Det=1856	Mon Det=46566	Aux Det=2003	O+H=4105	 DONE
02/10/2025 14:07:39:	move motor	S18.axis2.phaseshifter 2 to -1.016945deg	 DONE
02/10/2025 14:07:40:	50	count	time	20.000000s/cts	O Det=324	H Det=1805	Mon Det=46101	Aux Det=1965	O+H=4094	 DONE
02/10/2025 14:08:02:	move motor	S18.axis2.phaseshifter 2 to -0.915250deg	 DONE
02/10/2025 14:08:04:	51	count	time	20.000000s/cts	O Det=528	H Det=1675	Mon Det=45768	Aux Det=1966	O+H=4169	 DONE
02/10/2025 14:08:25:	move motor	S18.axis2.phaseshifter 2 to -0.813555deg	 DONE
02/10/2025 14:08:27:	52	count	time	20.000000s/cts	O Det=918	H Det=1343	Mon Det=46349	Aux Det=2016	O+H=4277	 DONE
02/10/2025 14:08:48:	move motor	S18.axis2.phaseshifter 2 to -0.711860deg	 DONE
02/10/2025 14:08:50:	53	count	time	20.000000s/cts	O Det=1325	H Det=950	Mon Det=45968	Aux Det=1945	O+H=4220	 DONE
02/10/2025 14:09:12:	move motor	S18.axis2.phaseshifter 2 to -0.610165deg	 DONE
02/10/2025 14:09:13:	54	count	time	20.000000s/cts	O Det=1465	H Det=767	Mon Det=46087	Aux Det=2022	O+H=4254	 DONE
02/10/2025 14:09:35:	move motor	S18.axis2.phaseshifter 2 to -0.508470deg	 DONE
02/10/2025 14:09:37:	55	count	time	20.000000s/cts	O Det=1381	H Det=783	Mon Det=45979	Aux Det=1963	O+H=4127	 DONE
02/10/2025 14:09:58:	move motor	S18.axis2.phaseshifter 2 to -0.406775deg	 DONE
02/10/2025 14:10:00:	56	count	time	20.000000s/cts	O Det=1208	H Det=1050	Mon Det=46066	Aux Det=1945	O+H=4203	 DONE
02/10/2025 14:10:22:	move motor	S18.axis2.phaseshifter 2 to -0.305080deg	 DONE
02/10/2025 14:10:23:	57	count	time	20.000000s/cts	O Det=762	H Det=1422	Mon Det=45649	Aux Det=1981	O+H=4165	 DONE
02/10/2025 14:10:45:	move motor	S18.axis2.phaseshifter 2 to -0.203385deg	 DONE
02/10/2025 14:10:46:	58	count	time	20.000000s/cts	O Det=457	H Det=1735	Mon Det=46094	Aux Det=1960	O+H=4152	 DONE
02/10/2025 14:11:08:	move motor	S18.axis2.phaseshifter 2 to -0.101690deg	 DONE
02/10/2025 14:11:10:	59	count	time	20.000000s/cts	O Det=275	H Det=1859	Mon Det=46013	Aux Det=1970	O+H=4104	 DONE
02/10/2025 14:11:31:	move motor	S18.axis2.phaseshifter 2 to 0.000005deg	 DONE
02/10/2025 14:11:33:	60	count	time	20.000000s/cts	O Det=283	H Det=1912	Mon Det=45997	Aux Det=1993	O+H=4188	 DONE
02/10/2025 14:11:55:	close file and end scan	 DONE
02/10/2025 14:11:55:	END OF SCRIPT	 DONE
