27/09/2025 07:18:53:	start execution of script D:\data\Cycle 198\exp_3-16-19\rawdata\sc\ifg2_3p20s_B23.sc	 DONE
27/09/2025 07:18:53:	move motor	S18.axis2.phaseshifter 2 to -3.175000deg	 DONE
27/09/2025 07:18:57:	create file	D:\data\Cycle 198\exp_3-16-19\rawdata\sc\ifg2_3p20s_B23_27Sep0718.dat	 DONE
room to enter remarks DONE
27/09/2025 07:18:58:	read encoder	S18.auxiliary.Robot Diagonal		72487.074850 DONE
27/09/2025 07:18:59:	move motor	S18.axis2.phaseshifter 2 to -3.075000deg	 DONE
27/09/2025 07:19:00:	1	count	time	20.000000s/cts	O Det=1054	H Det=1066	Mon Det=45267	Aux Det=3808	O+H=5928	 DONE
27/09/2025 07:19:22:	move motor	S18.axis2.phaseshifter 2 to -2.870000deg	 DONE
27/09/2025 07:19:24:	2	count	time	20.000000s/cts	O Det=1026	H Det=1012	Mon Det=45357	Aux Det=3638	O+H=5676	 DONE
27/09/2025 07:19:46:	move motor	S18.axis2.phaseshifter 2 to -2.665000deg	 DONE
27/09/2025 07:19:48:	3	count	time	20.000000s/cts	O Det=997	H Det=1049	Mon Det=45299	Aux Det=3832	O+H=5878	 DONE
27/09/2025 07:20:09:	move motor	S18.axis2.phaseshifter 2 to -2.460000deg	 DONE
27/09/2025 07:20:11:	4	count	time	20.000000s/cts	O Det=1041	H Det=1040	Mon Det=45113	Aux Det=3807	O+H=5888	 DONE
27/09/2025 07:20:33:	move motor	S18.axis2.phaseshifter 2 to -2.255000deg	 DONE
27/09/2025 07:20:35:	5	count	time	20.000000s/cts	O Det=980	H Det=1076	Mon Det=45338	Aux Det=3686	O+H=5742	 DONE
27/09/2025 07:20:56:	move motor	S18.axis2.phaseshifter 2 to -2.050000deg	 DONE
27/09/2025 07:20:58:	6	count	time	20.000000s/cts	O Det=1043	H Det=949	Mon Det=45361	Aux Det=3801	O+H=5793	 DONE
27/09/2025 07:21:20:	move motor	S18.axis2.phaseshifter 2 to -1.845000deg	 DONE
27/09/2025 07:21:22:	7	count	time	20.000000s/cts	O Det=1016	H Det=1078	Mon Det=45059	Aux Det=3810	O+H=5904	 DONE
27/09/2025 07:21:44:	move motor	S18.axis2.phaseshifter 2 to -1.640000deg	 DONE
27/09/2025 07:21:45:	8	count	time	20.000000s/cts	O Det=1004	H Det=1019	Mon Det=45513	Aux Det=3659	O+H=5682	 DONE
27/09/2025 07:22:07:	move motor	S18.axis2.phaseshifter 2 to -1.435000deg	 DONE
27/09/2025 07:22:09:	9	count	time	20.000000s/cts	O Det=957	H Det=1074	Mon Det=45326	Aux Det=3873	O+H=5904	 DONE
27/09/2025 07:22:31:	move motor	S18.axis2.phaseshifter 2 to -1.230000deg	 DONE
27/09/2025 07:22:32:	10	count	time	20.000000s/cts	O Det=1068	H Det=1069	Mon Det=45648	Aux Det=3729	O+H=5866	 DONE
27/09/2025 07:22:54:	move motor	S18.axis2.phaseshifter 2 to -1.025000deg	 DONE
27/09/2025 07:22:56:	11	count	time	20.000000s/cts	O Det=987	H Det=1022	Mon Det=45255	Aux Det=3816	O+H=5825	 DONE
27/09/2025 07:23:18:	move motor	S18.axis2.phaseshifter 2 to -0.820000deg	 DONE
27/09/2025 07:23:19:	12	count	time	20.000000s/cts	O Det=995	H Det=1058	Mon Det=45092	Aux Det=3544	O+H=5597	 DONE
27/09/2025 07:23:41:	move motor	S18.axis2.phaseshifter 2 to -0.615000deg	 DONE
27/09/2025 07:23:43:	13	count	time	20.000000s/cts	O Det=1011	H Det=1014	Mon Det=45132	Aux Det=3742	O+H=5767	 DONE
27/09/2025 07:24:05:	move motor	S18.axis2.phaseshifter 2 to -0.410000deg	 DONE
27/09/2025 07:24:06:	14	count	time	20.000000s/cts	O Det=1006	H Det=1042	Mon Det=45100	Aux Det=3734	O+H=5782	 DONE
27/09/2025 07:24:28:	move motor	S18.axis2.phaseshifter 2 to -0.205000deg	 DONE
27/09/2025 07:24:30:	15	count	time	20.000000s/cts	O Det=1002	H Det=1053	Mon Det=45472	Aux Det=3729	O+H=5784	 DONE
27/09/2025 07:24:51:	move motor	S18.axis2.phaseshifter 2 to -0.000000deg	 DONE
27/09/2025 07:24:53:	16	count	time	20.000000s/cts	O Det=991	H Det=1063	Mon Det=45299	Aux Det=3741	O+H=5795	 DONE
27/09/2025 07:25:15:	move motor	S18.axis2.phaseshifter 2 to 0.205000deg	 DONE
27/09/2025 07:25:16:	17	count	time	20.000000s/cts	O Det=978	H Det=1039	Mon Det=45116	Aux Det=3805	O+H=5822	 DONE
27/09/2025 07:25:38:	move motor	S18.axis2.phaseshifter 2 to 0.410000deg	 DONE
27/09/2025 07:25:40:	18	count	time	20.000000s/cts	O Det=1031	H Det=1029	Mon Det=45432	Aux Det=3713	O+H=5773	 DONE
27/09/2025 07:26:02:	move motor	S18.axis2.phaseshifter 2 to 0.615000deg	 DONE
27/09/2025 07:26:03:	19	count	time	20.000000s/cts	O Det=1059	H Det=1043	Mon Det=45098	Aux Det=3841	O+H=5943	 DONE
27/09/2025 07:26:25:	move motor	S18.axis2.phaseshifter 2 to 0.820000deg	 DONE
27/09/2025 07:26:27:	20	count	time	20.000000s/cts	O Det=1035	H Det=1055	Mon Det=44779	Aux Det=3755	O+H=5845	 DONE
27/09/2025 07:26:49:	move motor	S18.axis2.phaseshifter 2 to 1.025000deg	 DONE
27/09/2025 07:26:50:	21	count	time	20.000000s/cts	O Det=1036	H Det=1069	Mon Det=45028	Aux Det=3757	O+H=5862	 DONE
27/09/2025 07:27:12:	move motor	S18.axis2.phaseshifter 2 to 1.230000deg	 DONE
27/09/2025 07:27:14:	22	count	time	20.000000s/cts	O Det=956	H Det=1116	Mon Det=45468	Aux Det=3749	O+H=5821	 DONE
27/09/2025 07:27:35:	move motor	S18.axis2.phaseshifter 2 to 1.435000deg	 DONE
27/09/2025 07:27:37:	23	count	time	20.000000s/cts	O Det=1017	H Det=1061	Mon Det=45349	Aux Det=3751	O+H=5829	 DONE
27/09/2025 07:27:59:	move motor	S18.axis2.phaseshifter 2 to 1.640000deg	 DONE
27/09/2025 07:28:01:	24	count	time	20.000000s/cts	O Det=1035	H Det=1006	Mon Det=45341	Aux Det=3839	O+H=5880	 DONE
27/09/2025 07:28:22:	move motor	S18.axis2.phaseshifter 2 to 1.845000deg	 DONE
27/09/2025 07:28:24:	25	count	time	20.000000s/cts	O Det=1004	H Det=1021	Mon Det=44694	Aux Det=3693	O+H=5718	 DONE
27/09/2025 07:28:46:	move motor	S18.axis2.phaseshifter 2 to 2.050000deg	 DONE
27/09/2025 07:28:48:	26	count	time	20.000000s/cts	O Det=1048	H Det=1022	Mon Det=45513	Aux Det=3816	O+H=5886	 DONE
27/09/2025 07:29:09:	move motor	S18.axis2.phaseshifter 2 to 2.255000deg	 DONE
27/09/2025 07:29:11:	27	count	time	20.000000s/cts	O Det=1041	H Det=1089	Mon Det=45562	Aux Det=3732	O+H=5862	 DONE
27/09/2025 07:29:33:	move motor	S18.axis2.phaseshifter 2 to 2.460000deg	 DONE
27/09/2025 07:29:35:	28	count	time	20.000000s/cts	O Det=1021	H Det=1048	Mon Det=45475	Aux Det=3747	O+H=5816	 DONE
27/09/2025 07:29:56:	move motor	S18.axis2.phaseshifter 2 to 2.665000deg	 DONE
27/09/2025 07:29:58:	29	count	time	20.000000s/cts	O Det=1003	H Det=1042	Mon Det=45599	Aux Det=3755	O+H=5800	 DONE
27/09/2025 07:30:20:	move motor	S18.axis2.phaseshifter 2 to 2.870000deg	 DONE
27/09/2025 07:30:22:	30	count	time	20.000000s/cts	O Det=1013	H Det=1049	Mon Det=45268	Aux Det=3767	O+H=5829	 DONE
27/09/2025 07:30:43:	move motor	S18.axis2.phaseshifter 2 to 3.075000deg	 DONE
27/09/2025 07:30:45:	31	count	time	20.000000s/cts	O Det=1015	H Det=1014	Mon Det=44964	Aux Det=3712	O+H=5741	 DONE
27/09/2025 07:31:07:	close file and end scan	 DONE
27/09/2025 07:31:07:	END OF SCRIPT	 DONE
