27/09/2025 09:56:20:	start execution of script D:\data\Cycle 198\exp_3-16-19\rawdata\sc\ifg2_3p20s_B23.sc	 DONE
27/09/2025 09:56:21:	move motor	S18.axis2.phaseshifter 2 to -3.175000deg	 DONE
27/09/2025 09:56:24:	create file	D:\data\Cycle 198\exp_3-16-19\rawdata\sc\ifg2_3p20s_B23_27Sep0956.dat	 DONE
room to enter remarks DONE
27/09/2025 09:56:25:	read encoder	S18.auxiliary.Robot Diagonal		72487.074850 DONE
27/09/2025 09:56:27:	move motor	S18.axis2.phaseshifter 2 to -3.075000deg	 DONE
27/09/2025 09:56:29:	1	count	time	20.000000s/cts	O Det=1069	H Det=1102	Mon Det=45066	Aux Det=3804	O+H=5975	 DONE
27/09/2025 09:56:51:	move motor	S18.axis2.phaseshifter 2 to -2.870000deg	 DONE
27/09/2025 09:56:52:	2	count	time	20.000000s/cts	O Det=1019	H Det=1007	Mon Det=45195	Aux Det=3757	O+H=5783	 DONE
27/09/2025 09:57:14:	move motor	S18.axis2.phaseshifter 2 to -2.665000deg	 DONE
27/09/2025 09:57:16:	3	count	time	20.000000s/cts	O Det=1035	H Det=1070	Mon Det=45277	Aux Det=3870	O+H=5975	 DONE
27/09/2025 09:57:38:	move motor	S18.axis2.phaseshifter 2 to -2.460000deg	 DONE
27/09/2025 09:57:39:	4	count	time	20.000000s/cts	O Det=979	H Det=1045	Mon Det=45466	Aux Det=3647	O+H=5671	 DONE
27/09/2025 09:58:01:	move motor	S18.axis2.phaseshifter 2 to -2.255000deg	 DONE
27/09/2025 09:58:03:	5	count	time	20.000000s/cts	O Det=1000	H Det=1016	Mon Det=45057	Aux Det=3876	O+H=5892	 DONE
27/09/2025 09:58:24:	move motor	S18.axis2.phaseshifter 2 to -2.050000deg	 DONE
27/09/2025 09:58:26:	6	count	time	20.000000s/cts	O Det=1004	H Det=1052	Mon Det=44852	Aux Det=3678	O+H=5734	 DONE
27/09/2025 09:58:48:	move motor	S18.axis2.phaseshifter 2 to -1.845000deg	 DONE
27/09/2025 09:58:50:	7	count	time	20.000000s/cts	O Det=989	H Det=1112	Mon Det=45183	Aux Det=3844	O+H=5945	 DONE
27/09/2025 09:59:12:	move motor	S18.axis2.phaseshifter 2 to -1.640000deg	 DONE
27/09/2025 09:59:13:	8	count	time	20.000000s/cts	O Det=1017	H Det=1046	Mon Det=45370	Aux Det=3702	O+H=5765	 DONE
27/09/2025 09:59:35:	move motor	S18.axis2.phaseshifter 2 to -1.435000deg	 DONE
27/09/2025 09:59:37:	9	count	time	20.000000s/cts	O Det=979	H Det=1032	Mon Det=45185	Aux Det=3828	O+H=5839	 DONE
27/09/2025 09:59:58:	move motor	S18.axis2.phaseshifter 2 to -1.230000deg	 DONE
27/09/2025 10:00:00:	10	count	time	20.000000s/cts	O Det=1042	H Det=1066	Mon Det=44781	Aux Det=3878	O+H=5986	 DONE
27/09/2025 10:00:22:	move motor	S18.axis2.phaseshifter 2 to -1.025000deg	 DONE
27/09/2025 10:00:24:	11	count	time	20.000000s/cts	O Det=1051	H Det=1042	Mon Det=45068	Aux Det=3748	O+H=5841	 DONE
27/09/2025 10:00:46:	move motor	S18.axis2.phaseshifter 2 to -0.820000deg	 DONE
27/09/2025 10:00:47:	12	count	time	20.000000s/cts	O Det=1006	H Det=1072	Mon Det=45652	Aux Det=3781	O+H=5859	 DONE
27/09/2025 10:01:09:	move motor	S18.axis2.phaseshifter 2 to -0.615000deg	 DONE
27/09/2025 10:01:11:	13	count	time	20.000000s/cts	O Det=1042	H Det=1093	Mon Det=45054	Aux Det=3707	O+H=5842	 DONE
27/09/2025 10:01:33:	move motor	S18.axis2.phaseshifter 2 to -0.410000deg	 DONE
27/09/2025 10:01:34:	14	count	time	20.000000s/cts	O Det=987	H Det=1048	Mon Det=45443	Aux Det=3839	O+H=5874	 DONE
27/09/2025 10:01:56:	move motor	S18.axis2.phaseshifter 2 to -0.205000deg	 DONE
27/09/2025 10:01:58:	15	count	time	20.000000s/cts	O Det=1044	H Det=1046	Mon Det=45007	Aux Det=3798	O+H=5888	 DONE
27/09/2025 10:02:20:	move motor	S18.axis2.phaseshifter 2 to -0.000000deg	 DONE
27/09/2025 10:02:21:	16	count	time	20.000000s/cts	O Det=1034	H Det=1058	Mon Det=45245	Aux Det=3668	O+H=5760	 DONE
27/09/2025 10:02:43:	move motor	S18.axis2.phaseshifter 2 to 0.205000deg	 DONE
27/09/2025 10:02:45:	17	count	time	20.000000s/cts	O Det=1043	H Det=1025	Mon Det=45422	Aux Det=3800	O+H=5868	 DONE
27/09/2025 10:03:07:	move motor	S18.axis2.phaseshifter 2 to 0.410000deg	 DONE
27/09/2025 10:03:08:	18	count	time	20.000000s/cts	O Det=1036	H Det=1078	Mon Det=45047	Aux Det=3841	O+H=5955	 DONE
27/09/2025 10:03:30:	move motor	S18.axis2.phaseshifter 2 to 0.615000deg	 DONE
27/09/2025 10:03:32:	19	count	time	20.000000s/cts	O Det=972	H Det=1122	Mon Det=45213	Aux Det=3859	O+H=5953	 DONE
27/09/2025 10:03:53:	move motor	S18.axis2.phaseshifter 2 to 0.820000deg	 DONE
27/09/2025 10:03:55:	20	count	time	20.000000s/cts	O Det=1061	H Det=1038	Mon Det=45056	Aux Det=3774	O+H=5873	 DONE
27/09/2025 10:04:17:	move motor	S18.axis2.phaseshifter 2 to 1.025000deg	 DONE
27/09/2025 10:04:19:	21	count	time	20.000000s/cts	O Det=1044	H Det=1019	Mon Det=45145	Aux Det=3819	O+H=5882	 DONE
27/09/2025 10:04:41:	move motor	S18.axis2.phaseshifter 2 to 1.230000deg	 DONE
27/09/2025 10:04:42:	22	count	time	20.000000s/cts	O Det=998	H Det=1018	Mon Det=45426	Aux Det=3830	O+H=5846	 DONE
27/09/2025 10:05:04:	move motor	S18.axis2.phaseshifter 2 to 1.435000deg	 DONE
27/09/2025 10:05:06:	23	count	time	20.000000s/cts	O Det=996	H Det=1075	Mon Det=45622	Aux Det=3806	O+H=5877	 DONE
27/09/2025 10:05:27:	move motor	S18.axis2.phaseshifter 2 to 1.640000deg	 DONE
27/09/2025 10:05:29:	24	count	time	20.000000s/cts	O Det=1051	H Det=1095	Mon Det=45465	Aux Det=3781	O+H=5927	 DONE
27/09/2025 10:05:51:	move motor	S18.axis2.phaseshifter 2 to 1.845000deg	 DONE
27/09/2025 10:05:53:	25	count	time	20.000000s/cts	O Det=1034	H Det=1121	Mon Det=45190	Aux Det=3720	O+H=5875	 DONE
27/09/2025 10:06:14:	move motor	S18.axis2.phaseshifter 2 to 2.050000deg	 DONE
27/09/2025 10:06:16:	26	count	time	20.000000s/cts	O Det=1009	H Det=1044	Mon Det=45193	Aux Det=3827	O+H=5880	 DONE
27/09/2025 10:06:38:	move motor	S18.axis2.phaseshifter 2 to 2.255000deg	 DONE
27/09/2025 10:06:39:	27	count	time	20.000000s/cts	O Det=1048	H Det=1039	Mon Det=45230	Aux Det=3780	O+H=5867	 DONE
27/09/2025 10:07:01:	move motor	S18.axis2.phaseshifter 2 to 2.460000deg	 DONE
27/09/2025 10:07:03:	28	count	time	20.000000s/cts	O Det=1018	H Det=1111	Mon Det=45366	Aux Det=3723	O+H=5852	 DONE
27/09/2025 10:07:25:	move motor	S18.axis2.phaseshifter 2 to 2.665000deg	 DONE
27/09/2025 10:07:26:	29	count	time	20.000000s/cts	O Det=1076	H Det=1056	Mon Det=45309	Aux Det=3726	O+H=5858	 DONE
27/09/2025 10:07:48:	move motor	S18.axis2.phaseshifter 2 to 2.870000deg	 DONE
27/09/2025 10:07:50:	30	count	time	20.000000s/cts	O Det=1029	H Det=989	Mon Det=45659	Aux Det=3852	O+H=5870	 DONE
27/09/2025 10:08:12:	move motor	S18.axis2.phaseshifter 2 to 3.075000deg	 DONE
27/09/2025 10:08:13:	31	count	time	20.000000s/cts	O Det=1006	H Det=1037	Mon Det=45205	Aux Det=3900	O+H=5943	 DONE
27/09/2025 10:08:35:	close file and end scan	 DONE
27/09/2025 10:08:36:	END OF SCRIPT	 DONE
