26/09/2025 20:49:12:	start execution of script D:\data\Cycle 198\exp_3-16-19\rawdata\sc\ifg2_3p20s_B23.sc	 DONE
26/09/2025 20:49:13:	move motor	S18.axis2.phaseshifter 2 to -3.175000deg	 DONE
26/09/2025 20:49:16:	create file	D:\data\Cycle 198\exp_3-16-19\rawdata\sc\ifg2_3p20s_B23_26Sep2049.dat	 DONE
room to enter remarks DONE
26/09/2025 20:49:18:	read encoder	S18.auxiliary.Robot Diagonal		72487.074850 DONE
26/09/2025 20:49:18:	move motor	S18.axis2.phaseshifter 2 to -3.075000deg	 DONE
26/09/2025 20:49:20:	1	count	time	20.000000s/cts	O Det=1010	H Det=1063	Mon Det=45039	Aux Det=3828	O+H=5901	 DONE
26/09/2025 20:49:42:	move motor	S18.axis2.phaseshifter 2 to -2.870000deg	 DONE
26/09/2025 20:49:43:	2	count	time	20.000000s/cts	O Det=1046	H Det=1065	Mon Det=45311	Aux Det=3912	O+H=6023	 DONE
26/09/2025 20:50:05:	move motor	S18.axis2.phaseshifter 2 to -2.665000deg	 DONE
26/09/2025 20:50:07:	3	count	time	20.000000s/cts	O Det=1044	H Det=1019	Mon Det=44845	Aux Det=3721	O+H=5784	 DONE
26/09/2025 20:50:28:	move motor	S18.axis2.phaseshifter 2 to -2.460000deg	 DONE
26/09/2025 20:50:30:	4	count	time	20.000000s/cts	O Det=1031	H Det=1071	Mon Det=44934	Aux Det=3684	O+H=5786	 DONE
26/09/2025 20:50:52:	move motor	S18.axis2.phaseshifter 2 to -2.255000deg	 DONE
26/09/2025 20:50:54:	5	count	time	20.000000s/cts	O Det=961	H Det=1016	Mon Det=45101	Aux Det=3835	O+H=5812	 DONE
26/09/2025 20:51:15:	move motor	S18.axis2.phaseshifter 2 to -2.050000deg	 DONE
26/09/2025 20:51:17:	6	count	time	20.000000s/cts	O Det=1046	H Det=1031	Mon Det=45139	Aux Det=3800	O+H=5877	 DONE
26/09/2025 20:51:39:	move motor	S18.axis2.phaseshifter 2 to -1.845000deg	 DONE
26/09/2025 20:51:41:	7	count	time	20.000000s/cts	O Det=1072	H Det=1060	Mon Det=45149	Aux Det=3773	O+H=5905	 DONE
26/09/2025 20:52:03:	move motor	S18.axis2.phaseshifter 2 to -1.640000deg	 DONE
26/09/2025 20:52:04:	8	count	time	20.000000s/cts	O Det=988	H Det=1092	Mon Det=45271	Aux Det=3782	O+H=5862	 DONE
26/09/2025 20:52:26:	move motor	S18.axis2.phaseshifter 2 to -1.435000deg	 DONE
26/09/2025 20:52:28:	9	count	time	20.000000s/cts	O Det=967	H Det=1017	Mon Det=44861	Aux Det=3807	O+H=5791	 DONE
26/09/2025 20:52:50:	move motor	S18.axis2.phaseshifter 2 to -1.230000deg	 DONE
26/09/2025 20:52:51:	10	count	time	20.000000s/cts	O Det=1019	H Det=1026	Mon Det=45282	Aux Det=3836	O+H=5881	 DONE
26/09/2025 20:53:13:	move motor	S18.axis2.phaseshifter 2 to -1.025000deg	 DONE
26/09/2025 20:53:15:	11	count	time	20.000000s/cts	O Det=1055	H Det=1005	Mon Det=44546	Aux Det=3731	O+H=5791	 DONE
26/09/2025 20:53:36:	move motor	S18.axis2.phaseshifter 2 to -0.820000deg	 DONE
26/09/2025 20:53:38:	12	count	time	20.000000s/cts	O Det=990	H Det=1070	Mon Det=45303	Aux Det=3804	O+H=5864	 DONE
26/09/2025 20:54:00:	move motor	S18.axis2.phaseshifter 2 to -0.615000deg	 DONE
26/09/2025 20:54:02:	13	count	time	20.000000s/cts	O Det=1009	H Det=1010	Mon Det=45226	Aux Det=3897	O+H=5916	 DONE
26/09/2025 20:54:23:	move motor	S18.axis2.phaseshifter 2 to -0.410000deg	 DONE
26/09/2025 20:54:25:	14	count	time	20.000000s/cts	O Det=966	H Det=1037	Mon Det=44848	Aux Det=3780	O+H=5783	 DONE
26/09/2025 20:54:47:	move motor	S18.axis2.phaseshifter 2 to -0.205000deg	 DONE
26/09/2025 20:54:49:	15	count	time	20.000000s/cts	O Det=1021	H Det=1065	Mon Det=45170	Aux Det=3791	O+H=5877	 DONE
26/09/2025 20:55:10:	move motor	S18.axis2.phaseshifter 2 to -0.000000deg	 DONE
26/09/2025 20:55:12:	16	count	time	20.000000s/cts	O Det=1012	H Det=1023	Mon Det=44799	Aux Det=3818	O+H=5853	 DONE
26/09/2025 20:55:34:	move motor	S18.axis2.phaseshifter 2 to 0.205000deg	 DONE
26/09/2025 20:55:36:	17	count	time	20.000000s/cts	O Det=999	H Det=1037	Mon Det=44846	Aux Det=3855	O+H=5891	 DONE
26/09/2025 20:55:57:	move motor	S18.axis2.phaseshifter 2 to 0.410000deg	 DONE
26/09/2025 20:55:59:	18	count	time	20.000000s/cts	O Det=1048	H Det=1035	Mon Det=45035	Aux Det=3739	O+H=5822	 DONE
26/09/2025 20:56:21:	move motor	S18.axis2.phaseshifter 2 to 0.615000deg	 DONE
26/09/2025 20:56:22:	19	count	time	20.000000s/cts	O Det=1091	H Det=1091	Mon Det=45154	Aux Det=3787	O+H=5969	 DONE
26/09/2025 20:56:44:	move motor	S18.axis2.phaseshifter 2 to 0.820000deg	 DONE
26/09/2025 20:56:46:	20	count	time	20.000000s/cts	O Det=1015	H Det=1097	Mon Det=44975	Aux Det=3664	O+H=5776	 DONE
26/09/2025 20:57:08:	move motor	S18.axis2.phaseshifter 2 to 1.025000deg	 DONE
26/09/2025 20:57:09:	21	count	time	20.000000s/cts	O Det=972	H Det=1011	Mon Det=44892	Aux Det=3868	O+H=5851	 DONE
26/09/2025 20:57:31:	move motor	S18.axis2.phaseshifter 2 to 1.230000deg	 DONE
26/09/2025 20:57:32:	22	count	time	20.000000s/cts	O Det=979	H Det=1067	Mon Det=45132	Aux Det=3840	O+H=5886	 DONE
26/09/2025 20:57:54:	move motor	S18.axis2.phaseshifter 2 to 1.435000deg	 DONE
26/09/2025 20:57:56:	23	count	time	20.000000s/cts	O Det=1006	H Det=1074	Mon Det=44850	Aux Det=3729	O+H=5809	 DONE
26/09/2025 20:58:18:	move motor	S18.axis2.phaseshifter 2 to 1.640000deg	 DONE
26/09/2025 20:58:19:	24	count	time	20.000000s/cts	O Det=1002	H Det=1056	Mon Det=44723	Aux Det=3773	O+H=5831	 DONE
26/09/2025 20:58:41:	move motor	S18.axis2.phaseshifter 2 to 1.845000deg	 DONE
26/09/2025 20:58:43:	25	count	time	20.000000s/cts	O Det=1031	H Det=965	Mon Det=44917	Aux Det=3863	O+H=5859	 DONE
26/09/2025 20:59:05:	move motor	S18.axis2.phaseshifter 2 to 2.050000deg	 DONE
26/09/2025 20:59:06:	26	count	time	20.000000s/cts	O Det=1021	H Det=1033	Mon Det=44855	Aux Det=3832	O+H=5886	 DONE
26/09/2025 20:59:28:	move motor	S18.axis2.phaseshifter 2 to 2.255000deg	 DONE
26/09/2025 20:59:30:	27	count	time	20.000000s/cts	O Det=978	H Det=1094	Mon Det=45079	Aux Det=3802	O+H=5874	 DONE
26/09/2025 20:59:51:	move motor	S18.axis2.phaseshifter 2 to 2.460000deg	 DONE
26/09/2025 20:59:53:	28	count	time	20.000000s/cts	O Det=1045	H Det=998	Mon Det=45171	Aux Det=3856	O+H=5899	 DONE
26/09/2025 21:00:15:	move motor	S18.axis2.phaseshifter 2 to 2.665000deg	 DONE
26/09/2025 21:00:16:	29	count	time	20.000000s/cts	O Det=1048	H Det=1025	Mon Det=44889	Aux Det=3805	O+H=5878	 DONE
26/09/2025 21:00:38:	move motor	S18.axis2.phaseshifter 2 to 2.870000deg	 DONE
26/09/2025 21:00:40:	30	count	time	20.000000s/cts	O Det=1031	H Det=1020	Mon Det=45152	Aux Det=3717	O+H=5768	 DONE
26/09/2025 21:01:02:	move motor	S18.axis2.phaseshifter 2 to 3.075000deg	 DONE
26/09/2025 21:01:03:	31	count	time	20.000000s/cts	O Det=1034	H Det=1032	Mon Det=44587	Aux Det=3787	O+H=5853	 DONE
26/09/2025 21:01:25:	close file and end scan	 DONE
26/09/2025 21:01:26:	END OF SCRIPT	 DONE
