26/09/2025 01:13:42:	start execution of script D:\data\Cycle 198\exp_3-16-19\rawdata\sc\ifg2_3p120s_B1.sc	 DONE
26/09/2025 01:13:43:	move motor	S18.axis2.phaseshifter 2 to -2.725000deg	 DONE
26/09/2025 01:13:46:	create file	D:\data\Cycle 198\exp_3-16-19\rawdata\sc\ifg2_3p120s_B1_26Sep0113.dat	 DONE
room to enter remarks DONE
26/09/2025 01:13:47:	read encoder	S18.auxiliary.Robot Diagonal		-19995.193968 DONE
26/09/2025 01:13:48:	move motor	S18.axis2.phaseshifter 2 to -2.625000deg	 DONE
26/09/2025 01:13:50:	1	count	time	120.000000s/cts	O Det=8470	H Det=213388	Mon Det=274121	Aux Det=165038	O+H=386896	 DONE
26/09/2025 01:15:52:	move motor	S18.axis2.phaseshifter 2 to -2.450000deg	 DONE
26/09/2025 01:15:54:	2	count	time	120.000000s/cts	O Det=8683	H Det=211464	Mon Det=273832	Aux Det=164191	O+H=384338	 DONE
26/09/2025 01:17:56:	move motor	S18.axis2.phaseshifter 2 to -2.275000deg	 DONE
26/09/2025 01:17:57:	3	count	time	120.000000s/cts	O Det=12824	H Det=181258	Mon Det=274116	Aux Det=164547	O+H=358629	 DONE
26/09/2025 01:20:00:	move motor	S18.axis2.phaseshifter 2 to -2.100000deg	 DONE
26/09/2025 01:20:01:	4	count	time	120.000000s/cts	O Det=15869	H Det=158600	Mon Det=273384	Aux Det=163657	O+H=338126	 DONE
26/09/2025 01:22:03:	move motor	S18.axis2.phaseshifter 2 to -1.925000deg	 DONE
26/09/2025 01:22:05:	5	count	time	120.000000s/cts	O Det=18215	H Det=139026	Mon Det=273965	Aux Det=164577	O+H=321818	 DONE
26/09/2025 01:24:07:	move motor	S18.axis2.phaseshifter 2 to -1.750000deg	 DONE
26/09/2025 01:24:09:	6	count	time	120.000000s/cts	O Det=18793	H Det=136451	Mon Det=273738	Aux Det=163519	O+H=318763	 DONE
26/09/2025 01:26:11:	move motor	S18.axis2.phaseshifter 2 to -1.575000deg	 DONE
26/09/2025 01:26:13:	7	count	time	120.000000s/cts	O Det=18604	H Det=138437	Mon Det=275050	Aux Det=163813	O+H=320854	 DONE
26/09/2025 01:28:15:	move motor	S18.axis2.phaseshifter 2 to -1.400000deg	 DONE
26/09/2025 01:28:17:	8	count	time	120.000000s/cts	O Det=16225	H Det=154307	Mon Det=273528	Aux Det=163675	O+H=334207	 DONE
26/09/2025 01:30:19:	move motor	S18.axis2.phaseshifter 2 to -1.225000deg	 DONE
26/09/2025 01:30:21:	9	count	time	120.000000s/cts	O Det=12182	H Det=184594	Mon Det=273901	Aux Det=164074	O+H=360850	 DONE
26/09/2025 01:32:23:	move motor	S18.axis2.phaseshifter 2 to -1.050000deg	 DONE
26/09/2025 01:32:25:	10	count	time	120.000000s/cts	O Det=11070	H Det=192416	Mon Det=273720	Aux Det=163435	O+H=366921	 DONE
26/09/2025 01:34:27:	move motor	S18.axis2.phaseshifter 2 to -0.875000deg	 DONE
26/09/2025 01:34:28:	11	count	time	120.000000s/cts	O Det=9268	H Det=205351	Mon Det=273789	Aux Det=163872	O+H=378491	 DONE
26/09/2025 01:36:31:	move motor	S18.axis2.phaseshifter 2 to -0.700000deg	 DONE
26/09/2025 01:36:32:	12	count	time	120.000000s/cts	O Det=8089	H Det=212911	Mon Det=274231	Aux Det=163442	O+H=384442	 DONE
26/09/2025 01:38:34:	move motor	S18.axis2.phaseshifter 2 to -0.525000deg	 DONE
26/09/2025 01:38:36:	13	count	time	120.000000s/cts	O Det=8914	H Det=206299	Mon Det=274546	Aux Det=164053	O+H=379266	 DONE
26/09/2025 01:40:38:	move motor	S18.axis2.phaseshifter 2 to -0.350000deg	 DONE
26/09/2025 01:40:40:	14	count	time	120.000000s/cts	O Det=10067	H Det=193576	Mon Det=273576	Aux Det=163088	O+H=366731	 DONE
26/09/2025 01:42:42:	move motor	S18.axis2.phaseshifter 2 to -0.175000deg	 DONE
26/09/2025 01:42:43:	15	count	time	120.000000s/cts	O Det=12677	H Det=177922	Mon Det=274622	Aux Det=163497	O+H=354096	 DONE
26/09/2025 01:44:46:	move motor	S18.axis2.phaseshifter 2 to 0.000000deg	 DONE
26/09/2025 01:44:47:	16	count	time	120.000000s/cts	O Det=16079	H Det=152112	Mon Det=275252	Aux Det=163335	O+H=331526	 DONE
26/09/2025 01:46:50:	move motor	S18.axis2.phaseshifter 2 to 0.175000deg	 DONE
26/09/2025 01:46:51:	17	count	time	120.000000s/cts	O Det=17707	H Det=140022	Mon Det=273822	Aux Det=163359	O+H=321088	 DONE
26/09/2025 01:48:54:	move motor	S18.axis2.phaseshifter 2 to 0.350000deg	 DONE
26/09/2025 01:48:55:	18	count	time	120.000000s/cts	O Det=18233	H Det=135407	Mon Det=274418	Aux Det=163466	O+H=317106	 DONE
26/09/2025 01:50:57:	move motor	S18.axis2.phaseshifter 2 to 0.525000deg	 DONE
26/09/2025 01:50:59:	19	count	time	120.000000s/cts	O Det=17556	H Det=141766	Mon Det=273959	Aux Det=162415	O+H=321737	 DONE
26/09/2025 01:53:01:	move motor	S18.axis2.phaseshifter 2 to 0.700000deg	 DONE
26/09/2025 01:53:03:	20	count	time	120.000000s/cts	O Det=16058	H Det=152624	Mon Det=275021	Aux Det=163236	O+H=331918	 DONE
26/09/2025 01:55:05:	move motor	S18.axis2.phaseshifter 2 to 0.875000deg	 DONE
26/09/2025 01:55:07:	21	count	time	120.000000s/cts	O Det=12783	H Det=176564	Mon Det=274657	Aux Det=162961	O+H=352308	 DONE
26/09/2025 01:57:09:	move motor	S18.axis2.phaseshifter 2 to 1.050000deg	 DONE
26/09/2025 01:57:11:	22	count	time	120.000000s/cts	O Det=9354	H Det=202941	Mon Det=274553	Aux Det=163050	O+H=375345	 DONE
26/09/2025 01:59:13:	move motor	S18.axis2.phaseshifter 2 to 1.225000deg	 DONE
26/09/2025 01:59:14:	23	count	time	120.000000s/cts	O Det=8119	H Det=208779	Mon Det=274128	Aux Det=163320	O+H=380218	 DONE
26/09/2025 02:01:17:	move motor	S18.axis2.phaseshifter 2 to 1.400000deg	 DONE
26/09/2025 02:01:18:	24	count	time	120.000000s/cts	O Det=7668	H Det=211163	Mon Det=274484	Aux Det=163061	O+H=381892	 DONE
26/09/2025 02:03:21:	move motor	S18.axis2.phaseshifter 2 to 1.575000deg	 DONE
26/09/2025 02:03:22:	25	count	time	120.000000s/cts	O Det=8834	H Det=201745	Mon Det=274224	Aux Det=162792	O+H=373371	 DONE
26/09/2025 02:05:25:	move motor	S18.axis2.phaseshifter 2 to 1.750000deg	 DONE
26/09/2025 02:05:26:	26	count	time	120.000000s/cts	O Det=11947	H Det=180005	Mon Det=274805	Aux Det=163176	O+H=355128	 DONE
26/09/2025 02:07:28:	move motor	S18.axis2.phaseshifter 2 to 1.925000deg	 DONE
26/09/2025 02:07:30:	27	count	time	120.000000s/cts	O Det=13457	H Det=168675	Mon Det=273242	Aux Det=162834	O+H=344966	 DONE
26/09/2025 02:09:32:	move motor	S18.axis2.phaseshifter 2 to 2.100000deg	 DONE
26/09/2025 02:09:34:	28	count	time	120.000000s/cts	O Det=15503	H Det=152495	Mon Det=275530	Aux Det=163113	O+H=331111	 DONE
26/09/2025 02:11:36:	move motor	S18.axis2.phaseshifter 2 to 2.275000deg	 DONE
26/09/2025 02:11:38:	29	count	time	120.000000s/cts	O Det=18040	H Det=136424	Mon Det=274523	Aux Det=162835	O+H=317299	 DONE
26/09/2025 02:13:40:	move motor	S18.axis2.phaseshifter 2 to 2.450000deg	 DONE
26/09/2025 02:13:41:	30	count	time	120.000000s/cts	O Det=17888	H Det=136437	Mon Det=273950	Aux Det=162509	O+H=316834	 DONE
26/09/2025 02:15:44:	move motor	S18.axis2.phaseshifter 2 to 2.625000deg	 DONE
26/09/2025 02:15:45:	31	count	time	120.000000s/cts	O Det=16196	H Det=147354	Mon Det=273802	Aux Det=162394	O+H=325944	 DONE
26/09/2025 02:17:48:	close file and end scan	saving D:\data\Cycle 198\exp_3-16-19\rawdata\sc\ifg2_3p120s_B1_26Sep0113.tif  DONE
26/09/2025 02:17:48:	END OF SCRIPT	 DONE
