26/09/2025 19:47:46:	start execution of script D:\data\Cycle 198\exp_3-16-19\rawdata\sc\ifg2_3p20s_B13.sc	 DONE
26/09/2025 19:47:47:	move motor	S18.axis2.phaseshifter 2 to -3.175000deg	 DONE
26/09/2025 19:47:51:	create file	D:\data\Cycle 198\exp_3-16-19\rawdata\sc\ifg2_3p20s_B13_26Sep1947.dat	 DONE
room to enter remarks DONE
26/09/2025 19:47:52:	read encoder	S18.auxiliary.Robot Diagonal		25679.369082 DONE
26/09/2025 19:47:53:	move motor	S18.axis2.phaseshifter 2 to -3.075000deg	 DONE
26/09/2025 19:47:54:	1	count	time	20.000000s/cts	O Det=1331	H Det=1194	Mon Det=44716	Aux Det=2986	O+H=5511	 DONE
26/09/2025 19:48:16:	move motor	S18.axis2.phaseshifter 2 to -2.870000deg	 DONE
26/09/2025 19:48:18:	2	count	time	20.000000s/cts	O Det=1329	H Det=1203	Mon Det=44807	Aux Det=2970	O+H=5502	 DONE
26/09/2025 19:48:39:	move motor	S18.axis2.phaseshifter 2 to -2.665000deg	 DONE
26/09/2025 19:48:41:	3	count	time	20.000000s/cts	O Det=1326	H Det=1188	Mon Det=44676	Aux Det=3028	O+H=5542	 DONE
26/09/2025 19:49:03:	move motor	S18.axis2.phaseshifter 2 to -2.460000deg	 DONE
26/09/2025 19:49:05:	4	count	time	20.000000s/cts	O Det=1324	H Det=1093	Mon Det=45249	Aux Det=3137	O+H=5554	 DONE
26/09/2025 19:49:26:	move motor	S18.axis2.phaseshifter 2 to -2.255000deg	 DONE
26/09/2025 19:49:28:	5	count	time	20.000000s/cts	O Det=1272	H Det=1166	Mon Det=44977	Aux Det=3002	O+H=5440	 DONE
26/09/2025 19:49:50:	move motor	S18.axis2.phaseshifter 2 to -2.050000deg	 DONE
26/09/2025 19:49:52:	6	count	time	20.000000s/cts	O Det=1342	H Det=1185	Mon Det=45189	Aux Det=3134	O+H=5661	 DONE
26/09/2025 19:50:13:	move motor	S18.axis2.phaseshifter 2 to -1.845000deg	 DONE
26/09/2025 19:50:15:	7	count	time	20.000000s/cts	O Det=1351	H Det=1150	Mon Det=44846	Aux Det=3043	O+H=5544	 DONE
26/09/2025 19:50:37:	move motor	S18.axis2.phaseshifter 2 to -1.640000deg	 DONE
26/09/2025 19:50:39:	8	count	time	20.000000s/cts	O Det=1369	H Det=1118	Mon Det=45077	Aux Det=3005	O+H=5492	 DONE
26/09/2025 19:51:00:	move motor	S18.axis2.phaseshifter 2 to -1.435000deg	 DONE
26/09/2025 19:51:02:	9	count	time	20.000000s/cts	O Det=1277	H Det=1169	Mon Det=45330	Aux Det=3121	O+H=5567	 DONE
26/09/2025 19:51:24:	move motor	S18.axis2.phaseshifter 2 to -1.230000deg	 DONE
26/09/2025 19:51:26:	10	count	time	20.000000s/cts	O Det=1297	H Det=1178	Mon Det=44857	Aux Det=3187	O+H=5662	 DONE
26/09/2025 19:51:47:	move motor	S18.axis2.phaseshifter 2 to -1.025000deg	 DONE
26/09/2025 19:51:49:	11	count	time	20.000000s/cts	O Det=1276	H Det=1092	Mon Det=44779	Aux Det=3007	O+H=5375	 DONE
26/09/2025 19:52:11:	move motor	S18.axis2.phaseshifter 2 to -0.820000deg	 DONE
26/09/2025 19:52:13:	12	count	time	20.000000s/cts	O Det=1333	H Det=1184	Mon Det=44829	Aux Det=3219	O+H=5736	 DONE
26/09/2025 19:52:34:	move motor	S18.axis2.phaseshifter 2 to -0.615000deg	 DONE
26/09/2025 19:52:36:	13	count	time	20.000000s/cts	O Det=1312	H Det=1201	Mon Det=44883	Aux Det=3099	O+H=5612	 DONE
26/09/2025 19:52:58:	move motor	S18.axis2.phaseshifter 2 to -0.410000deg	 DONE
26/09/2025 19:53:00:	14	count	time	20.000000s/cts	O Det=1321	H Det=1207	Mon Det=45087	Aux Det=3055	O+H=5583	 DONE
26/09/2025 19:53:21:	move motor	S18.axis2.phaseshifter 2 to -0.205000deg	 DONE
26/09/2025 19:53:23:	15	count	time	20.000000s/cts	O Det=1352	H Det=1133	Mon Det=45192	Aux Det=3039	O+H=5524	 DONE
26/09/2025 19:53:45:	move motor	S18.axis2.phaseshifter 2 to -0.000000deg	 DONE
26/09/2025 19:53:46:	16	count	time	20.000000s/cts	O Det=1316	H Det=1134	Mon Det=44911	Aux Det=3026	O+H=5476	 DONE
26/09/2025 19:54:08:	move motor	S18.axis2.phaseshifter 2 to 0.205000deg	 DONE
26/09/2025 19:54:10:	17	count	time	20.000000s/cts	O Det=1336	H Det=1150	Mon Det=45146	Aux Det=3138	O+H=5624	 DONE
26/09/2025 19:54:32:	move motor	S18.axis2.phaseshifter 2 to 0.410000deg	 DONE
26/09/2025 19:54:33:	18	count	time	20.000000s/cts	O Det=1296	H Det=1217	Mon Det=45094	Aux Det=3056	O+H=5569	 DONE
26/09/2025 19:54:55:	move motor	S18.axis2.phaseshifter 2 to 0.615000deg	 DONE
26/09/2025 19:54:57:	19	count	time	20.000000s/cts	O Det=1265	H Det=1170	Mon Det=45010	Aux Det=3207	O+H=5642	 DONE
26/09/2025 19:55:19:	move motor	S18.axis2.phaseshifter 2 to 0.820000deg	 DONE
26/09/2025 19:55:21:	20	count	time	20.000000s/cts	O Det=1278	H Det=1181	Mon Det=45023	Aux Det=2991	O+H=5450	 DONE
26/09/2025 19:55:42:	move motor	S18.axis2.phaseshifter 2 to 1.025000deg	 DONE
26/09/2025 19:55:44:	21	count	time	20.000000s/cts	O Det=1379	H Det=1138	Mon Det=45191	Aux Det=3097	O+H=5614	 DONE
26/09/2025 19:56:06:	move motor	S18.axis2.phaseshifter 2 to 1.230000deg	 DONE
26/09/2025 19:56:08:	22	count	time	20.000000s/cts	O Det=1343	H Det=1164	Mon Det=45277	Aux Det=3080	O+H=5587	 DONE
26/09/2025 19:56:29:	move motor	S18.axis2.phaseshifter 2 to 1.435000deg	 DONE
26/09/2025 19:56:31:	23	count	time	20.000000s/cts	O Det=1340	H Det=1244	Mon Det=44832	Aux Det=3061	O+H=5645	 DONE
26/09/2025 19:56:53:	move motor	S18.axis2.phaseshifter 2 to 1.640000deg	 DONE
26/09/2025 19:56:55:	24	count	time	20.000000s/cts	O Det=1248	H Det=1148	Mon Det=44568	Aux Det=3106	O+H=5502	 DONE
26/09/2025 19:57:16:	move motor	S18.axis2.phaseshifter 2 to 1.845000deg	 DONE
26/09/2025 19:57:18:	25	count	time	20.000000s/cts	O Det=1325	H Det=1154	Mon Det=44843	Aux Det=3109	O+H=5588	 DONE
26/09/2025 19:57:40:	move motor	S18.axis2.phaseshifter 2 to 2.050000deg	 DONE
26/09/2025 19:57:42:	26	count	time	20.000000s/cts	O Det=1334	H Det=1172	Mon Det=44943	Aux Det=3083	O+H=5589	 DONE
26/09/2025 19:58:03:	move motor	S18.axis2.phaseshifter 2 to 2.255000deg	 DONE
26/09/2025 19:58:05:	27	count	time	20.000000s/cts	O Det=1289	H Det=1124	Mon Det=45572	Aux Det=3076	O+H=5489	 DONE
26/09/2025 19:58:27:	move motor	S18.axis2.phaseshifter 2 to 2.460000deg	 DONE
26/09/2025 19:58:28:	28	count	time	20.000000s/cts	O Det=1357	H Det=1194	Mon Det=45387	Aux Det=3070	O+H=5621	 DONE
26/09/2025 19:58:50:	move motor	S18.axis2.phaseshifter 2 to 2.665000deg	 DONE
26/09/2025 19:58:52:	29	count	time	20.000000s/cts	O Det=1281	H Det=1161	Mon Det=44923	Aux Det=3286	O+H=5728	 DONE
26/09/2025 19:59:14:	move motor	S18.axis2.phaseshifter 2 to 2.870000deg	 DONE
26/09/2025 19:59:15:	30	count	time	20.000000s/cts	O Det=1356	H Det=1148	Mon Det=44989	Aux Det=3076	O+H=5580	 DONE
26/09/2025 19:59:37:	move motor	S18.axis2.phaseshifter 2 to 3.075000deg	 DONE
26/09/2025 19:59:39:	31	count	time	20.000000s/cts	O Det=1259	H Det=1088	Mon Det=45064	Aux Det=3103	O+H=5450	 DONE
26/09/2025 20:00:00:	close file and end scan	 DONE
26/09/2025 20:00:01:	END OF SCRIPT	 DONE
