02/10/2025 16:08:11:	start execution of script D:\data\Cycle 198\exp_3-16-19\rawdata\sc\ifg2_newPS_6p20s_B1.sc	 DONE
02/10/2025 16:08:12:	move motor	S18.axis2.phaseshifter 2 to -3.100000deg	 DONE
02/10/2025 16:08:14:	create file	D:\data\Cycle 198\exp_3-16-19\rawdata\sc\ifg2_newPS_6p20s_B1_02Oct1608.dat	 DONE
room to enter remarks DONE
02/10/2025 16:08:15:	move motor	S18.axis2.phaseshifter 2 to -3.000000deg	 DONE
02/10/2025 16:08:17:	1	count	time	20.000000s/cts	O Det=814	H Det=1354	Mon Det=45889	Aux Det=1456	O+H=3624	 DONE
02/10/2025 16:08:38:	move motor	S18.axis2.phaseshifter 2 to -2.898305deg	 DONE
02/10/2025 16:08:40:	2	count	time	20.000000s/cts	O Det=1174	H Det=1092	Mon Det=45989	Aux Det=1486	O+H=3752	 DONE
02/10/2025 16:09:02:	move motor	S18.axis2.phaseshifter 2 to -2.796610deg	 DONE
02/10/2025 16:09:03:	3	count	time	20.000000s/cts	O Det=1353	H Det=842	Mon Det=45909	Aux Det=1448	O+H=3643	 DONE
02/10/2025 16:09:25:	move motor	S18.axis2.phaseshifter 2 to -2.694915deg	 DONE
02/10/2025 16:09:26:	4	count	time	20.000000s/cts	O Det=1457	H Det=757	Mon Det=45772	Aux Det=1461	O+H=3675	 DONE
02/10/2025 16:09:48:	move motor	S18.axis2.phaseshifter 2 to -2.593220deg	 DONE
02/10/2025 16:09:49:	5	count	time	20.000000s/cts	O Det=1284	H Det=962	Mon Det=45708	Aux Det=1458	O+H=3704	 DONE
02/10/2025 16:10:11:	move motor	S18.axis2.phaseshifter 2 to -2.491525deg	 DONE
02/10/2025 16:10:13:	6	count	time	20.000000s/cts	O Det=1024	H Det=1191	Mon Det=45988	Aux Det=1519	O+H=3734	 DONE
02/10/2025 16:10:34:	move motor	S18.axis2.phaseshifter 2 to -2.389830deg	 DONE
02/10/2025 16:10:36:	7	count	time	20.000000s/cts	O Det=695	H Det=1455	Mon Det=46253	Aux Det=1442	O+H=3592	 DONE
02/10/2025 16:10:58:	move motor	S18.axis2.phaseshifter 2 to -2.288135deg	 DONE
02/10/2025 16:10:59:	8	count	time	20.000000s/cts	O Det=355	H Det=1793	Mon Det=45804	Aux Det=1402	O+H=3550	 DONE
02/10/2025 16:11:21:	move motor	S18.axis2.phaseshifter 2 to -2.186440deg	 DONE
02/10/2025 16:11:22:	9	count	time	20.000000s/cts	O Det=296	H Det=1763	Mon Det=46074	Aux Det=1468	O+H=3527	 DONE
02/10/2025 16:11:44:	move motor	S18.axis2.phaseshifter 2 to -2.084745deg	 DONE
02/10/2025 16:11:45:	10	count	time	20.000000s/cts	O Det=473	H Det=1667	Mon Det=46044	Aux Det=1528	O+H=3668	 DONE
02/10/2025 16:12:07:	move motor	S18.axis2.phaseshifter 2 to -1.983050deg	 DONE
02/10/2025 16:12:09:	11	count	time	20.000000s/cts	O Det=768	H Det=1343	Mon Det=45968	Aux Det=1506	O+H=3617	 DONE
02/10/2025 16:12:30:	move motor	S18.axis2.phaseshifter 2 to -1.881355deg	 DONE
02/10/2025 16:12:32:	12	count	time	20.000000s/cts	O Det=1058	H Det=1056	Mon Det=46171	Aux Det=1480	O+H=3594	 DONE
02/10/2025 16:12:54:	move motor	S18.axis2.phaseshifter 2 to -1.779660deg	 DONE
02/10/2025 16:12:55:	13	count	time	20.000000s/cts	O Det=1406	H Det=826	Mon Det=46096	Aux Det=1474	O+H=3706	 DONE
02/10/2025 16:13:17:	move motor	S18.axis2.phaseshifter 2 to -1.677965deg	 DONE
02/10/2025 16:13:18:	14	count	time	20.000000s/cts	O Det=1478	H Det=756	Mon Det=45822	Aux Det=1552	O+H=3786	 DONE
02/10/2025 16:13:40:	move motor	S18.axis2.phaseshifter 2 to -1.576270deg	 DONE
02/10/2025 16:13:42:	15	count	time	20.000000s/cts	O Det=1346	H Det=930	Mon Det=46150	Aux Det=1458	O+H=3734	 DONE
02/10/2025 16:14:03:	move motor	S18.axis2.phaseshifter 2 to -1.474575deg	 DONE
02/10/2025 16:14:05:	16	count	time	20.000000s/cts	O Det=1080	H Det=1208	Mon Det=45609	Aux Det=1509	O+H=3797	 DONE
02/10/2025 16:14:27:	move motor	S18.axis2.phaseshifter 2 to -1.372880deg	 DONE
02/10/2025 16:14:28:	17	count	time	20.000000s/cts	O Det=636	H Det=1421	Mon Det=45628	Aux Det=1514	O+H=3571	 DONE
02/10/2025 16:14:50:	move motor	S18.axis2.phaseshifter 2 to -1.271185deg	 DONE
02/10/2025 16:14:51:	18	count	time	20.000000s/cts	O Det=401	H Det=1752	Mon Det=45933	Aux Det=1459	O+H=3612	 DONE
02/10/2025 16:15:13:	move motor	S18.axis2.phaseshifter 2 to -1.169490deg	 DONE
02/10/2025 16:15:14:	19	count	time	20.000000s/cts	O Det=356	H Det=1791	Mon Det=45930	Aux Det=1447	O+H=3594	 DONE
02/10/2025 16:15:36:	move motor	S18.axis2.phaseshifter 2 to -1.067795deg	 DONE
02/10/2025 16:15:38:	20	count	time	20.000000s/cts	O Det=520	H Det=1697	Mon Det=45827	Aux Det=1448	O+H=3665	 DONE
02/10/2025 16:15:59:	move motor	S18.axis2.phaseshifter 2 to -0.966100deg	 DONE
02/10/2025 16:16:01:	21	count	time	20.000000s/cts	O Det=713	H Det=1412	Mon Det=45894	Aux Det=1457	O+H=3582	 DONE
02/10/2025 16:16:23:	move motor	S18.axis2.phaseshifter 2 to -0.864405deg	 DONE
02/10/2025 16:16:24:	22	count	time	20.000000s/cts	O Det=1175	H Det=1024	Mon Det=45843	Aux Det=1427	O+H=3626	 DONE
02/10/2025 16:16:46:	move motor	S18.axis2.phaseshifter 2 to -0.762710deg	 DONE
02/10/2025 16:16:47:	23	count	time	20.000000s/cts	O Det=1343	H Det=869	Mon Det=45773	Aux Det=1551	O+H=3763	 DONE
02/10/2025 16:17:09:	move motor	S18.axis2.phaseshifter 2 to -0.661015deg	 DONE
02/10/2025 16:17:11:	24	count	time	20.000000s/cts	O Det=1519	H Det=808	Mon Det=45801	Aux Det=1414	O+H=3741	 DONE
02/10/2025 16:17:32:	move motor	S18.axis2.phaseshifter 2 to -0.559320deg	 DONE
02/10/2025 16:17:34:	25	count	time	20.000000s/cts	O Det=1257	H Det=934	Mon Det=45705	Aux Det=1511	O+H=3702	 DONE
02/10/2025 16:17:56:	move motor	S18.axis2.phaseshifter 2 to -0.457625deg	 DONE
02/10/2025 16:17:57:	26	count	time	20.000000s/cts	O Det=988	H Det=1213	Mon Det=45585	Aux Det=1444	O+H=3645	 DONE
02/10/2025 16:18:19:	move motor	S18.axis2.phaseshifter 2 to -0.355930deg	 DONE
02/10/2025 16:18:20:	27	count	time	20.000000s/cts	O Det=625	H Det=1488	Mon Det=45824	Aux Det=1437	O+H=3550	 DONE
02/10/2025 16:18:42:	move motor	S18.axis2.phaseshifter 2 to -0.254235deg	 DONE
02/10/2025 16:18:44:	28	count	time	20.000000s/cts	O Det=394	H Det=1714	Mon Det=45700	Aux Det=1457	O+H=3565	 DONE
02/10/2025 16:19:05:	move motor	S18.axis2.phaseshifter 2 to -0.152540deg	 DONE
02/10/2025 16:19:07:	29	count	time	20.000000s/cts	O Det=309	H Det=1809	Mon Det=45821	Aux Det=1521	O+H=3639	 DONE
02/10/2025 16:19:28:	move motor	S18.axis2.phaseshifter 2 to -0.050845deg	 DONE
02/10/2025 16:19:30:	30	count	time	20.000000s/cts	O Det=423	H Det=1733	Mon Det=45647	Aux Det=1471	O+H=3627	 DONE
02/10/2025 16:19:52:	move motor	S18.axis2.phaseshifter 2 to 0.050850deg	 DONE
02/10/2025 16:19:53:	31	count	time	20.000000s/cts	O Det=758	H Det=1391	Mon Det=45370	Aux Det=1463	O+H=3612	 DONE
02/10/2025 16:20:15:	move motor	S18.axis2.phaseshifter 2 to 0.152545deg	 DONE
02/10/2025 16:20:16:	32	count	time	20.000000s/cts	O Det=1065	H Det=1178	Mon Det=45344	Aux Det=1474	O+H=3717	 DONE
02/10/2025 16:20:38:	move motor	S18.axis2.phaseshifter 2 to 0.254240deg	 DONE
02/10/2025 16:20:40:	33	count	time	20.000000s/cts	O Det=1261	H Det=914	Mon Det=45510	Aux Det=1532	O+H=3707	 DONE
02/10/2025 16:21:01:	move motor	S18.axis2.phaseshifter 2 to 0.355935deg	 DONE
02/10/2025 16:21:03:	34	count	time	20.000000s/cts	O Det=1397	H Det=793	Mon Det=45925	Aux Det=1431	O+H=3621	 DONE
02/10/2025 16:21:25:	move motor	S18.axis2.phaseshifter 2 to 0.457630deg	 DONE
02/10/2025 16:21:26:	35	count	time	20.000000s/cts	O Det=1357	H Det=882	Mon Det=45423	Aux Det=1510	O+H=3749	 DONE
02/10/2025 16:21:48:	move motor	S18.axis2.phaseshifter 2 to 0.559325deg	 DONE
02/10/2025 16:21:49:	36	count	time	20.000000s/cts	O Det=1136	H Det=1090	Mon Det=45848	Aux Det=1496	O+H=3722	 DONE
02/10/2025 16:22:11:	move motor	S18.axis2.phaseshifter 2 to 0.661020deg	 DONE
02/10/2025 16:22:12:	37	count	time	20.000000s/cts	O Det=751	H Det=1417	Mon Det=46006	Aux Det=1478	O+H=3646	 DONE
02/10/2025 16:22:34:	move motor	S18.axis2.phaseshifter 2 to 0.762715deg	 DONE
02/10/2025 16:22:36:	38	count	time	20.000000s/cts	O Det=406	H Det=1697	Mon Det=45745	Aux Det=1471	O+H=3574	 DONE
02/10/2025 16:22:57:	move motor	S18.axis2.phaseshifter 2 to 0.864410deg	 DONE
02/10/2025 16:22:59:	39	count	time	20.000000s/cts	O Det=327	H Det=1857	Mon Det=46071	Aux Det=1530	O+H=3714	 DONE
02/10/2025 16:23:21:	move motor	S18.axis2.phaseshifter 2 to 0.966105deg	 DONE
02/10/2025 16:23:22:	40	count	time	20.000000s/cts	O Det=376	H Det=1718	Mon Det=45657	Aux Det=1493	O+H=3587	 DONE
02/10/2025 16:23:44:	move motor	S18.axis2.phaseshifter 2 to 1.067800deg	 DONE
02/10/2025 16:23:45:	41	count	time	20.000000s/cts	O Det=599	H Det=1518	Mon Det=46092	Aux Det=1507	O+H=3624	 DONE
02/10/2025 16:24:07:	move motor	S18.axis2.phaseshifter 2 to 1.169495deg	 DONE
02/10/2025 16:24:08:	42	count	time	20.000000s/cts	O Det=912	H Det=1223	Mon Det=45766	Aux Det=1497	O+H=3632	 DONE
02/10/2025 16:24:30:	move motor	S18.axis2.phaseshifter 2 to 1.271190deg	 DONE
02/10/2025 16:24:32:	43	count	time	20.000000s/cts	O Det=1337	H Det=937	Mon Det=46019	Aux Det=1470	O+H=3744	 DONE
02/10/2025 16:24:53:	move motor	S18.axis2.phaseshifter 2 to 1.372885deg	 DONE
02/10/2025 16:24:55:	44	count	time	20.000000s/cts	O Det=1485	H Det=849	Mon Det=45825	Aux Det=1493	O+H=3827	 DONE
02/10/2025 16:25:17:	move motor	S18.axis2.phaseshifter 2 to 1.474580deg	 DONE
02/10/2025 16:25:18:	45	count	time	20.000000s/cts	O Det=1431	H Det=910	Mon Det=45966	Aux Det=1493	O+H=3834	 DONE
02/10/2025 16:25:40:	move motor	S18.axis2.phaseshifter 2 to 1.576275deg	 DONE
02/10/2025 16:25:41:	46	count	time	20.000000s/cts	O Det=1142	H Det=1046	Mon Det=46102	Aux Det=1473	O+H=3661	 DONE
02/10/2025 16:26:03:	move motor	S18.axis2.phaseshifter 2 to 1.677970deg	 DONE
02/10/2025 16:26:04:	47	count	time	20.000000s/cts	O Det=799	H Det=1407	Mon Det=46152	Aux Det=1497	O+H=3703	 DONE
02/10/2025 16:26:26:	move motor	S18.axis2.phaseshifter 2 to 1.779665deg	 DONE
02/10/2025 16:26:28:	48	count	time	20.000000s/cts	O Det=511	H Det=1714	Mon Det=46051	Aux Det=1511	O+H=3736	 DONE
02/10/2025 16:26:49:	move motor	S18.axis2.phaseshifter 2 to 1.881360deg	 DONE
02/10/2025 16:26:51:	49	count	time	20.000000s/cts	O Det=332	H Det=1741	Mon Det=45590	Aux Det=1448	O+H=3521	 DONE
02/10/2025 16:27:13:	move motor	S18.axis2.phaseshifter 2 to 1.983055deg	 DONE
02/10/2025 16:27:14:	50	count	time	20.000000s/cts	O Det=344	H Det=1807	Mon Det=45666	Aux Det=1526	O+H=3677	 DONE
02/10/2025 16:27:36:	move motor	S18.axis2.phaseshifter 2 to 2.084750deg	 DONE
02/10/2025 16:27:37:	51	count	time	20.000000s/cts	O Det=563	H Det=1507	Mon Det=45929	Aux Det=1451	O+H=3521	 DONE
02/10/2025 16:27:59:	move motor	S18.axis2.phaseshifter 2 to 2.186445deg	 DONE
02/10/2025 16:28:01:	52	count	time	20.000000s/cts	O Det=977	H Det=1172	Mon Det=46023	Aux Det=1471	O+H=3620	 DONE
02/10/2025 16:28:23:	move motor	S18.axis2.phaseshifter 2 to 2.288140deg	 DONE
02/10/2025 16:28:24:	53	count	time	20.000000s/cts	O Det=1267	H Det=948	Mon Det=45971	Aux Det=1459	O+H=3674	 DONE
02/10/2025 16:28:46:	move motor	S18.axis2.phaseshifter 2 to 2.389835deg	 DONE
02/10/2025 16:28:47:	54	count	time	20.000000s/cts	O Det=1439	H Det=864	Mon Det=46294	Aux Det=1494	O+H=3797	 DONE
02/10/2025 16:29:09:	move motor	S18.axis2.phaseshifter 2 to 2.491530deg	 DONE
02/10/2025 16:29:11:	55	count	time	20.000000s/cts	O Det=1395	H Det=880	Mon Det=46030	Aux Det=1461	O+H=3736	 DONE
02/10/2025 16:29:32:	move motor	S18.axis2.phaseshifter 2 to 2.593225deg	 DONE
02/10/2025 16:29:34:	56	count	time	20.000000s/cts	O Det=1253	H Det=1000	Mon Det=46084	Aux Det=1549	O+H=3802	 DONE
02/10/2025 16:29:56:	move motor	S18.axis2.phaseshifter 2 to 2.694920deg	 DONE
02/10/2025 16:29:57:	57	count	time	20.000000s/cts	O Det=850	H Det=1305	Mon Det=46073	Aux Det=1491	O+H=3646	 DONE
02/10/2025 16:30:19:	move motor	S18.axis2.phaseshifter 2 to 2.796615deg	 DONE
02/10/2025 16:30:20:	58	count	time	20.000000s/cts	O Det=526	H Det=1592	Mon Det=45785	Aux Det=1493	O+H=3611	 DONE
02/10/2025 16:30:42:	move motor	S18.axis2.phaseshifter 2 to 2.898310deg	 DONE
02/10/2025 16:30:44:	59	count	time	20.000000s/cts	O Det=351	H Det=1780	Mon Det=45988	Aux Det=1483	O+H=3614	 DONE
02/10/2025 16:31:05:	move motor	S18.axis2.phaseshifter 2 to 3.000005deg	 DONE
02/10/2025 16:31:07:	60	count	time	20.000000s/cts	O Det=371	H Det=1734	Mon Det=45456	Aux Det=1510	O+H=3615	 DONE
02/10/2025 16:31:29:	close file and end scan	 DONE
02/10/2025 16:31:29:	END OF SCRIPT	 DONE
