24/10/2025 21:56:59:	start execution of script D:\data\Cycle 198\exp_3-16-19\rawdata\sc\ifg_wv2_psi_+1+exp(-i60)+exp(i120)_no_fit.sc	 DONE
24/10/2025 21:56:59:	create file	D:\data\Cycle 198\exp_3-16-19\rawdata\sc\ifg_wv2_psi_+1+exp(-i60)+exp(i120)_no_fit_24Oct2156.dat	 DONE
room to enter remarks DONE
24/10/2025 21:57:00:	MOVE MOTOR REL	S18.axis2.phaseshifter both	deg	-0.51751	FALSE DONE
24/10/2025 21:57:05:	1	count	time	30.0s/cts	O Det=2330	H Det=5188	Mon Det=75142	Aux Det=5408	O+H=12926	 DONE
24/10/2025 21:57:37:	MOVE MOTOR REL	S18.axis2.phaseshifter both	deg	0.06469	FALSE DONE
24/10/2025 21:57:41:	2	count	time	30.0s/cts	O Det=1648	H Det=5695	Mon Det=75450	Aux Det=5649	O+H=12992	 DONE
24/10/2025 21:58:13:	MOVE MOTOR REL	S18.axis2.phaseshifter both	deg	0.06469	FALSE DONE
24/10/2025 21:58:17:	3	count	time	30.0s/cts	O Det=1486	H Det=5270	Mon Det=75523	Aux Det=6443	O+H=13199	 DONE
24/10/2025 21:58:49:	MOVE MOTOR REL	S18.axis2.phaseshifter both	deg	0.06469	FALSE DONE
24/10/2025 21:58:54:	4	count	time	30.0s/cts	O Det=1238	H Det=4947	Mon Det=74852	Aux Det=7222	O+H=13407	 DONE
24/10/2025 21:59:25:	MOVE MOTOR REL	S18.axis2.phaseshifter both	deg	0.06469	FALSE DONE
24/10/2025 21:59:30:	5	count	time	30.0s/cts	O Det=995	H Det=4493	Mon Det=75087	Aux Det=8346	O+H=13834	 DONE
24/10/2025 22:00:01:	MOVE MOTOR REL	S18.axis2.phaseshifter both	deg	0.06469	FALSE DONE
24/10/2025 22:00:06:	6	count	time	30.0s/cts	O Det=1067	H Det=4043	Mon Det=74407	Aux Det=9816	O+H=14926	 DONE
24/10/2025 22:00:38:	MOVE MOTOR REL	S18.axis2.phaseshifter both	deg	0.06469	FALSE DONE
24/10/2025 22:00:42:	7	count	time	30.0s/cts	O Det=1315	H Det=3264	Mon Det=75205	Aux Det=10567	O+H=15146	 DONE
24/10/2025 22:01:14:	MOVE MOTOR REL	S18.axis2.phaseshifter both	deg	0.06469	FALSE DONE
24/10/2025 22:01:18:	8	count	time	30.0s/cts	O Det=1545	H Det=2737	Mon Det=76338	Aux Det=11523	O+H=15805	 DONE
24/10/2025 22:01:50:	MOVE MOTOR REL	S18.axis2.phaseshifter both	deg	0.06469	FALSE DONE
24/10/2025 22:01:55:	9	count	time	30.0s/cts	O Det=1731	H Det=2364	Mon Det=76934	Aux Det=11460	O+H=15555	 DONE
24/10/2025 22:02:26:	MOVE MOTOR REL	S18.axis2.phaseshifter both	deg	0.06469	FALSE DONE
24/10/2025 22:02:31:	10	count	time	30.0s/cts	O Det=2122	H Det=2137	Mon Det=77133	Aux Det=11359	O+H=15618	 DONE
24/10/2025 22:03:02:	MOVE MOTOR REL	S18.axis2.phaseshifter both	deg	0.06469	FALSE DONE
24/10/2025 22:03:07:	11	count	time	30.0s/cts	O Det=2486	H Det=2154	Mon Det=75853	Aux Det=10500	O+H=15140	 DONE
24/10/2025 22:03:39:	MOVE MOTOR REL	S18.axis2.phaseshifter both	deg	0.06469	FALSE DONE
24/10/2025 22:03:43:	12	count	time	30.0s/cts	O Det=2690	H Det=2647	Mon Det=76040	Aux Det=9546	O+H=14883	 DONE
24/10/2025 22:04:15:	MOVE MOTOR REL	S18.axis2.phaseshifter both	deg	0.06469	FALSE DONE
24/10/2025 22:04:19:	13	count	time	30.0s/cts	O Det=2640	H Det=3317	Mon Det=76532	Aux Det=8247	O+H=14204	 DONE
24/10/2025 22:04:51:	MOVE MOTOR REL	S18.axis2.phaseshifter both	deg	0.06469	FALSE DONE
24/10/2025 22:04:56:	14	count	time	30.0s/cts	O Det=2797	H Det=3823	Mon Det=76011	Aux Det=7206	O+H=13826	 DONE
24/10/2025 22:05:27:	MOVE MOTOR REL	S18.axis2.phaseshifter both	deg	0.06469	FALSE DONE
24/10/2025 22:05:32:	15	count	time	30.0s/cts	O Det=2898	H Det=4204	Mon Det=76800	Aux Det=6145	O+H=13247	 DONE
24/10/2025 22:06:03:	MOVE MOTOR REL	S18.axis2.phaseshifter both	deg	0.06469	FALSE DONE
24/10/2025 22:06:08:	16	count	time	30.0s/cts	O Det=2640	H Det=4862	Mon Det=76370	Aux Det=5608	O+H=13110	 DONE
24/10/2025 22:06:40:	MOVE MOTOR REL	S18.axis2.phaseshifter both	deg	0.06469	FALSE DONE
24/10/2025 22:06:44:	17	count	time	30.0s/cts	O Det=2187	H Det=5163	Mon Det=76117	Aux Det=5438	O+H=12788	 DONE
24/10/2025 22:07:16:	MOVE MOTOR REL	S18.axis2.phaseshifter both	deg	0.06469	FALSE DONE
24/10/2025 22:07:20:	18	count	time	30.0s/cts	O Det=1632	H Det=5401	Mon Det=75931	Aux Det=5848	O+H=12881	 DONE
24/10/2025 22:07:52:	MOVE MOTOR REL	S18.axis2.phaseshifter both	deg	0.06469	FALSE DONE
24/10/2025 22:07:57:	19	count	time	30.0s/cts	O Det=1349	H Det=5275	Mon Det=76515	Aux Det=6679	O+H=13303	 DONE
24/10/2025 22:08:28:	MOVE MOTOR REL	S18.axis2.phaseshifter both	deg	0.06469	FALSE DONE
24/10/2025 22:08:33:	20	count	time	30.0s/cts	O Det=1105	H Det=4955	Mon Det=76537	Aux Det=7779	O+H=13839	 DONE
24/10/2025 22:09:04:	MOVE MOTOR REL	S18.axis2.phaseshifter both	deg	0.06469	FALSE DONE
24/10/2025 22:09:09:	21	count	time	30.0s/cts	O Det=974	H Det=4535	Mon Det=76158	Aux Det=8832	O+H=14341	 DONE
24/10/2025 22:09:41:	MOVE MOTOR REL	S18.axis2.phaseshifter both	deg	0.06469	FALSE DONE
24/10/2025 22:09:45:	22	count	time	30.0s/cts	O Det=954	H Det=4001	Mon Det=75665	Aux Det=9872	O+H=14827	 DONE
24/10/2025 22:10:17:	MOVE MOTOR REL	S18.axis2.phaseshifter both	deg	0.06469	FALSE DONE
24/10/2025 22:10:21:	23	count	time	30.0s/cts	O Det=1234	H Det=3137	Mon Det=75810	Aux Det=10911	O+H=15282	 DONE
24/10/2025 22:10:53:	MOVE MOTOR REL	S18.axis2.phaseshifter both	deg	0.06469	FALSE DONE
24/10/2025 22:10:58:	24	count	time	30.0s/cts	O Det=1496	H Det=2692	Mon Det=75720	Aux Det=11499	O+H=15687	 DONE
24/10/2025 22:11:29:	MOVE MOTOR REL	S18.axis2.phaseshifter both	deg	0.06469	FALSE DONE
24/10/2025 22:11:34:	25	count	time	30.0s/cts	O Det=1921	H Det=2187	Mon Det=75578	Aux Det=11570	O+H=15678	 DONE
24/10/2025 22:12:05:	MOVE MOTOR REL	S18.axis2.phaseshifter both	deg	0.06469	FALSE DONE
24/10/2025 22:12:10:	26	count	time	30.0s/cts	O Det=2281	H Det=2089	Mon Det=75799	Aux Det=10888	O+H=15258	 DONE
24/10/2025 22:12:42:	MOVE MOTOR REL	S18.axis2.phaseshifter both	deg	0.06469	FALSE DONE
24/10/2025 22:12:46:	27	count	time	30.0s/cts	O Det=2588	H Det=2163	Mon Det=75604	Aux Det=10293	O+H=15044	 DONE
24/10/2025 22:13:18:	MOVE MOTOR REL	S18.axis2.phaseshifter both	deg	0.06469	FALSE DONE
24/10/2025 22:13:23:	28	count	time	30.0s/cts	O Det=3014	H Det=2598	Mon Det=75428	Aux Det=8966	O+H=14578	 DONE
24/10/2025 22:13:54:	MOVE MOTOR REL	S18.axis2.phaseshifter both	deg	0.06469	FALSE DONE
24/10/2025 22:13:59:	29	count	time	30.0s/cts	O Det=3311	H Det=3005	Mon Det=74722	Aux Det=7675	O+H=13991	 DONE
24/10/2025 22:14:30:	MOVE MOTOR REL	S18.axis2.phaseshifter both	deg	0.06469	FALSE DONE
24/10/2025 22:14:35:	30	count	time	30.0s/cts	O Det=3319	H Det=3645	Mon Det=75251	Aux Det=6513	O+H=13477	 DONE
24/10/2025 22:15:07:	MOVE MOTOR REL	S18.axis2.phaseshifter both	deg	0.06469	FALSE DONE
24/10/2025 22:15:11:	31	count	time	30.0s/cts	O Det=3085	H Det=4346	Mon Det=75106	Aux Det=5914	O+H=13345	 DONE
24/10/2025 22:15:43:	MOVE MOTOR REL	S18.axis2.phaseshifter both	deg	0.06469	FALSE DONE
24/10/2025 22:15:47:	32	count	time	30.0s/cts	O Det=2356	H Det=5248	Mon Det=74235	Aux Det=5469	O+H=13073	 DONE
24/10/2025 22:16:19:	MOVE MOTOR REL	S18.axis2.phaseshifter both	deg	0.06469	FALSE DONE
24/10/2025 22:16:24:	33	count	time	30.0s/cts	O Det=1968	H Det=5441	Mon Det=74523	Aux Det=5493	O+H=12902	 DONE
24/10/2025 22:16:55:	MOVE MOTOR REL	S18.axis2.phaseshifter both	deg	0.06469	FALSE DONE
24/10/2025 22:17:00:	34	count	time	30.0s/cts	O Det=1569	H Det=5467	Mon Det=74759	Aux Det=6263	O+H=13299	 DONE
24/10/2025 22:17:31:	MOVE MOTOR REL	S18.axis2.phaseshifter both	deg	0.06469	FALSE DONE
24/10/2025 22:17:36:	35	count	time	30.0s/cts	O Det=1352	H Det=5032	Mon Det=75052	Aux Det=7210	O+H=13594	 DONE
24/10/2025 22:18:08:	MOVE MOTOR REL	S18.axis2.phaseshifter both	deg	0.06469	FALSE DONE
24/10/2025 22:18:12:	36	count	time	30.0s/cts	O Det=1149	H Det=4529	Mon Det=74765	Aux Det=8489	O+H=14167	 DONE
24/10/2025 22:18:44:	MOVE MOTOR REL	S18.axis2.phaseshifter both	deg	0.06469	FALSE DONE
24/10/2025 22:18:48:	37	count	time	30.0s/cts	O Det=1024	H Det=4103	Mon Det=75287	Aux Det=9557	O+H=14684	 DONE
24/10/2025 22:19:20:	MOVE MOTOR REL	S18.axis2.phaseshifter both	deg	0.06469	FALSE DONE
24/10/2025 22:19:25:	38	count	time	30.0s/cts	O Det=1034	H Det=3563	Mon Det=74427	Aux Det=10466	O+H=15063	 DONE
24/10/2025 22:19:56:	MOVE MOTOR REL	S18.axis2.phaseshifter both	deg	0.06469	FALSE DONE
24/10/2025 22:20:01:	39	count	time	30.0s/cts	O Det=1303	H Det=2845	Mon Det=74776	Aux Det=11361	O+H=15509	 DONE
24/10/2025 22:20:32:	MOVE MOTOR REL	S18.axis2.phaseshifter both	deg	0.06469	FALSE DONE
24/10/2025 22:20:37:	40	count	time	30.0s/cts	O Det=1785	H Det=2298	Mon Det=75095	Aux Det=11771	O+H=15854	 DONE
24/10/2025 22:21:09:	MOVE MOTOR REL	S18.axis2.phaseshifter both	deg	0.06469	FALSE DONE
24/10/2025 22:21:13:	41	count	time	30.0s/cts	O Det=2199	H Det=2096	Mon Det=74430	Aux Det=11489	O+H=15784	 DONE
24/10/2025 22:21:45:	MOVE MOTOR REL	S18.axis2.phaseshifter both	deg	0.06469	FALSE DONE
24/10/2025 22:21:49:	42	count	time	30.0s/cts	O Det=2681	H Det=2041	Mon Det=74657	Aux Det=10666	O+H=15388	 DONE
24/10/2025 22:22:21:	MOVE MOTOR REL	S18.axis2.phaseshifter both	deg	0.06469	FALSE DONE
24/10/2025 22:22:26:	43	count	time	30.0s/cts	O Det=3108	H Det=2246	Mon Det=76098	Aux Det=9549	O+H=14903	 DONE
24/10/2025 22:22:57:	MOVE MOTOR REL	S18.axis2.phaseshifter both	deg	0.06469	FALSE DONE
24/10/2025 22:23:02:	44	count	time	30.0s/cts	O Det=3548	H Det=2586	Mon Det=76135	Aux Det=8326	O+H=14460	 DONE
24/10/2025 22:23:33:	MOVE MOTOR REL	S18.axis2.phaseshifter both	deg	0.06469	FALSE DONE
24/10/2025 22:23:38:	45	count	time	30.0s/cts	O Det=3352	H Det=3175	Mon Det=76982	Aux Det=7418	O+H=13945	 DONE
24/10/2025 22:24:10:	MOVE MOTOR REL	S18.axis2.phaseshifter both	deg	0.06469	FALSE DONE
24/10/2025 22:24:14:	46	count	time	30.0s/cts	O Det=3433	H Det=3783	Mon Det=76266	Aux Det=6229	O+H=13445	 DONE
24/10/2025 22:24:46:	MOVE MOTOR REL	S18.axis2.phaseshifter both	deg	0.06469	FALSE DONE
24/10/2025 22:24:50:	47	count	time	30.0s/cts	O Det=3034	H Det=4432	Mon Det=76027	Aux Det=5620	O+H=13086	 DONE
24/10/2025 22:25:22:	MOVE MOTOR REL	S18.axis2.phaseshifter both	deg	0.06469	FALSE DONE
24/10/2025 22:25:27:	48	count	time	30.0s/cts	O Det=2774	H Det=4817	Mon Det=76209	Aux Det=5313	O+H=12904	 DONE
24/10/2025 22:25:58:	close file and end scan	 DONE
call of ifg12r_newPS_2p30s_no_fit.sc DONE
24/10/2025 22:25:59:	create file	D:\data\Cycle 198\exp_3-16-19\rawdata\sc\ifg_wv2_psi_+1+exp(-i60)+exp(i120)_no_fit_24Oct2225.dat	 DONE
room to enter remarks DONE
24/10/2025 22:26:00:	close file and end scan	 DONE
call of int_meas_path213.sc DONE
24/10/2025 22:26:01:	END OF SCRIPT	 DONE
