22/10/2025 11:30:36:	start execution of script D:\data\Cycle 198\exp_3-16-19\rawdata\sc\ifg_wv2_psi_+1+1+1_no_fit.sc	 DONE
22/10/2025 11:30:37:	create file	D:\data\Cycle 198\exp_3-16-19\rawdata\sc\ifg_wv2_psi_+1+1+1_no_fit_22Oct1130.dat	 DONE
room to enter remarks DONE
22/10/2025 11:30:38:	MOVE MOTOR REL	S18.axis2.phaseshifter both	deg	-0.51751	FALSE DONE
22/10/2025 11:30:43:	1	count	time	30.0s/cts	O Det=1604	H Det=2361	Mon Det=73587	Aux Det=12609	O+H=16574	 DONE
22/10/2025 11:31:14:	MOVE MOTOR REL	S18.axis2.phaseshifter both	deg	0.06469	FALSE DONE
22/10/2025 11:31:19:	2	count	time	30.0s/cts	O Det=1573	H Det=2369	Mon Det=73319	Aux Det=12225	O+H=16167	 DONE
22/10/2025 11:31:50:	MOVE MOTOR REL	S18.axis2.phaseshifter both	deg	0.06469	FALSE DONE
22/10/2025 11:31:55:	3	count	time	30.0s/cts	O Det=2168	H Det=2349	Mon Det=73790	Aux Det=11651	O+H=16168	 DONE
22/10/2025 11:32:27:	MOVE MOTOR REL	S18.axis2.phaseshifter both	deg	0.06469	FALSE DONE
22/10/2025 11:32:31:	4	count	time	30.0s/cts	O Det=2721	H Det=2278	Mon Det=73434	Aux Det=10532	O+H=15531	 DONE
22/10/2025 11:33:03:	MOVE MOTOR REL	S18.axis2.phaseshifter both	deg	0.06469	FALSE DONE
22/10/2025 11:33:07:	5	count	time	30.0s/cts	O Det=3690	H Det=2110	Mon Det=73308	Aux Det=9446	O+H=15246	 DONE
22/10/2025 11:33:39:	MOVE MOTOR REL	S18.axis2.phaseshifter both	deg	0.06469	FALSE DONE
22/10/2025 11:33:44:	6	count	time	30.0s/cts	O Det=4529	H Det=2264	Mon Det=73642	Aux Det=8026	O+H=14819	 DONE
22/10/2025 11:34:15:	MOVE MOTOR REL	S18.axis2.phaseshifter both	deg	0.06469	FALSE DONE
22/10/2025 11:34:20:	7	count	time	30.0s/cts	O Det=5254	H Det=2343	Mon Det=73719	Aux Det=6531	O+H=14128	 DONE
22/10/2025 11:34:52:	MOVE MOTOR REL	S18.axis2.phaseshifter both	deg	0.06469	FALSE DONE
22/10/2025 11:34:56:	8	count	time	30.0s/cts	O Det=5924	H Det=2288	Mon Det=73819	Aux Det=5536	O+H=13748	 DONE
22/10/2025 11:35:28:	MOVE MOTOR REL	S18.axis2.phaseshifter both	deg	0.06469	FALSE DONE
22/10/2025 11:35:32:	9	count	time	30.0s/cts	O Det=6287	H Det=2244	Mon Det=73665	Aux Det=5077	O+H=13608	 DONE
22/10/2025 11:36:04:	MOVE MOTOR REL	S18.axis2.phaseshifter both	deg	0.06469	FALSE DONE
22/10/2025 11:36:09:	10	count	time	30.0s/cts	O Det=6238	H Det=2237	Mon Det=73444	Aux Det=5364	O+H=13839	 DONE
22/10/2025 11:36:40:	MOVE MOTOR REL	S18.axis2.phaseshifter both	deg	0.06469	FALSE DONE
22/10/2025 11:36:45:	11	count	time	30.0s/cts	O Det=5726	H Det=2264	Mon Det=73249	Aux Det=6108	O+H=14098	 DONE
22/10/2025 11:37:17:	MOVE MOTOR REL	S18.axis2.phaseshifter both	deg	0.06469	FALSE DONE
22/10/2025 11:37:21:	12	count	time	30.0s/cts	O Det=4934	H Det=2343	Mon Det=73243	Aux Det=6904	O+H=14181	 DONE
22/10/2025 11:37:53:	MOVE MOTOR REL	S18.axis2.phaseshifter both	deg	0.06469	FALSE DONE
22/10/2025 11:37:57:	13	count	time	30.0s/cts	O Det=3960	H Det=2388	Mon Det=73338	Aux Det=8531	O+H=14879	 DONE
22/10/2025 11:38:29:	MOVE MOTOR REL	S18.axis2.phaseshifter both	deg	0.06469	FALSE DONE
22/10/2025 11:38:34:	14	count	time	30.0s/cts	O Det=3137	H Det=2358	Mon Det=73049	Aux Det=9714	O+H=15209	 DONE
22/10/2025 11:39:05:	MOVE MOTOR REL	S18.axis2.phaseshifter both	deg	0.06469	FALSE DONE
22/10/2025 11:39:10:	15	count	time	30.0s/cts	O Det=2214	H Det=2555	Mon Det=73587	Aux Det=11079	O+H=15848	 DONE
22/10/2025 11:39:42:	MOVE MOTOR REL	S18.axis2.phaseshifter both	deg	0.06469	FALSE DONE
22/10/2025 11:39:46:	16	count	time	30.0s/cts	O Det=1613	H Det=2428	Mon Det=73787	Aux Det=11892	O+H=15933	 DONE
22/10/2025 11:40:18:	MOVE MOTOR REL	S18.axis2.phaseshifter both	deg	0.06469	FALSE DONE
22/10/2025 11:40:22:	17	count	time	30.0s/cts	O Det=1368	H Det=2353	Mon Det=73502	Aux Det=12581	O+H=16302	 DONE
22/10/2025 11:40:54:	MOVE MOTOR REL	S18.axis2.phaseshifter both	deg	0.06469	FALSE DONE
22/10/2025 11:40:58:	18	count	time	30.0s/cts	O Det=1603	H Det=2266	Mon Det=73924	Aux Det=12491	O+H=16360	 DONE
22/10/2025 11:41:30:	MOVE MOTOR REL	S18.axis2.phaseshifter both	deg	0.06469	FALSE DONE
22/10/2025 11:41:35:	19	count	time	30.0s/cts	O Det=2110	H Det=2197	Mon Det=73561	Aux Det=11684	O+H=15991	 DONE
22/10/2025 11:42:06:	MOVE MOTOR REL	S18.axis2.phaseshifter both	deg	0.06469	FALSE DONE
22/10/2025 11:42:11:	20	count	time	30.0s/cts	O Det=2887	H Det=2137	Mon Det=73595	Aux Det=10503	O+H=15527	 DONE
22/10/2025 11:42:43:	MOVE MOTOR REL	S18.axis2.phaseshifter both	deg	0.06469	FALSE DONE
22/10/2025 11:42:47:	21	count	time	30.0s/cts	O Det=3663	H Det=2147	Mon Det=73365	Aux Det=9483	O+H=15293	 DONE
22/10/2025 11:43:19:	MOVE MOTOR REL	S18.axis2.phaseshifter both	deg	0.06469	FALSE DONE
22/10/2025 11:43:23:	22	count	time	30.0s/cts	O Det=4526	H Det=2206	Mon Det=73596	Aux Det=7934	O+H=14666	 DONE
22/10/2025 11:43:55:	MOVE MOTOR REL	S18.axis2.phaseshifter both	deg	0.06469	FALSE DONE
22/10/2025 11:43:59:	23	count	time	30.0s/cts	O Det=5385	H Det=2330	Mon Det=73386	Aux Det=6568	O+H=14283	 DONE
22/10/2025 11:44:31:	MOVE MOTOR REL	S18.axis2.phaseshifter both	deg	0.06469	FALSE DONE
22/10/2025 11:44:36:	24	count	time	30.0s/cts	O Det=5745	H Det=2169	Mon Det=73615	Aux Det=5579	O+H=13493	 DONE
22/10/2025 11:45:08:	MOVE MOTOR REL	S18.axis2.phaseshifter both	deg	0.06469	FALSE DONE
22/10/2025 11:45:12:	25	count	time	30.0s/cts	O Det=6169	H Det=2336	Mon Det=73203	Aux Det=5015	O+H=13520	 DONE
22/10/2025 11:45:44:	MOVE MOTOR REL	S18.axis2.phaseshifter both	deg	0.06469	FALSE DONE
22/10/2025 11:45:48:	26	count	time	30.0s/cts	O Det=6142	H Det=2224	Mon Det=73356	Aux Det=5146	O+H=13512	 DONE
22/10/2025 11:46:20:	MOVE MOTOR REL	S18.axis2.phaseshifter both	deg	0.06469	FALSE DONE
22/10/2025 11:46:24:	27	count	time	30.0s/cts	O Det=5638	H Det=2304	Mon Det=73219	Aux Det=5855	O+H=13797	 DONE
22/10/2025 11:46:56:	MOVE MOTOR REL	S18.axis2.phaseshifter both	deg	0.06469	FALSE DONE
22/10/2025 11:47:01:	28	count	time	30.0s/cts	O Det=5100	H Det=2267	Mon Det=73484	Aux Det=6694	O+H=14061	 DONE
22/10/2025 11:47:32:	MOVE MOTOR REL	S18.axis2.phaseshifter both	deg	0.06469	FALSE DONE
22/10/2025 11:47:37:	29	count	time	30.0s/cts	O Det=4246	H Det=2165	Mon Det=73413	Aux Det=8354	O+H=14765	 DONE
22/10/2025 11:48:09:	MOVE MOTOR REL	S18.axis2.phaseshifter both	deg	0.06469	FALSE DONE
22/10/2025 11:48:13:	30	count	time	30.0s/cts	O Det=3332	H Det=2157	Mon Det=73568	Aux Det=9750	O+H=15239	 DONE
22/10/2025 11:48:45:	MOVE MOTOR REL	S18.axis2.phaseshifter both	deg	0.06469	FALSE DONE
22/10/2025 11:48:49:	31	count	time	30.0s/cts	O Det=2535	H Det=2182	Mon Det=73754	Aux Det=10995	O+H=15712	 DONE
22/10/2025 11:49:21:	MOVE MOTOR REL	S18.axis2.phaseshifter both	deg	0.06469	FALSE DONE
22/10/2025 11:49:25:	32	count	time	30.0s/cts	O Det=1816	H Det=2193	Mon Det=73119	Aux Det=12036	O+H=16045	 DONE
22/10/2025 11:49:57:	MOVE MOTOR REL	S18.axis2.phaseshifter both	deg	0.06469	FALSE DONE
22/10/2025 11:50:02:	33	count	time	30.0s/cts	O Det=1472	H Det=2326	Mon Det=73543	Aux Det=12577	O+H=16375	 DONE
22/10/2025 11:50:33:	MOVE MOTOR REL	S18.axis2.phaseshifter both	deg	0.06469	FALSE DONE
22/10/2025 11:50:38:	34	count	time	30.0s/cts	O Det=1473	H Det=2445	Mon Det=73275	Aux Det=12394	O+H=16312	 DONE
22/10/2025 11:51:10:	MOVE MOTOR REL	S18.axis2.phaseshifter both	deg	0.06469	FALSE DONE
22/10/2025 11:51:14:	35	count	time	30.0s/cts	O Det=1850	H Det=2409	Mon Det=73168	Aux Det=11689	O+H=15948	 DONE
22/10/2025 11:51:46:	MOVE MOTOR REL	S18.axis2.phaseshifter both	deg	0.06469	FALSE DONE
22/10/2025 11:51:50:	36	count	time	30.0s/cts	O Det=2447	H Det=2275	Mon Det=73708	Aux Det=10893	O+H=15615	 DONE
22/10/2025 11:52:22:	MOVE MOTOR REL	S18.axis2.phaseshifter both	deg	0.06469	FALSE DONE
22/10/2025 11:52:26:	37	count	time	30.0s/cts	O Det=3389	H Det=2470	Mon Det=73523	Aux Det=8898	O+H=14757	 DONE
22/10/2025 11:52:58:	MOVE MOTOR REL	S18.axis2.phaseshifter both	deg	0.06469	FALSE DONE
22/10/2025 11:53:03:	38	count	time	30.0s/cts	O Det=4458	H Det=2359	Mon Det=73225	Aux Det=7957	O+H=14774	 DONE
22/10/2025 11:53:34:	MOVE MOTOR REL	S18.axis2.phaseshifter both	deg	0.06469	FALSE DONE
22/10/2025 11:53:39:	39	count	time	30.0s/cts	O Det=5171	H Det=2364	Mon Det=73518	Aux Det=6550	O+H=14085	 DONE
22/10/2025 11:54:10:	MOVE MOTOR REL	S18.axis2.phaseshifter both	deg	0.06469	FALSE DONE
22/10/2025 11:54:15:	40	count	time	30.0s/cts	O Det=5838	H Det=2250	Mon Det=73304	Aux Det=5528	O+H=13616	 DONE
22/10/2025 11:54:47:	MOVE MOTOR REL	S18.axis2.phaseshifter both	deg	0.06469	FALSE DONE
22/10/2025 11:54:51:	41	count	time	30.0s/cts	O Det=6199	H Det=2324	Mon Det=73766	Aux Det=5044	O+H=13567	 DONE
22/10/2025 11:55:23:	MOVE MOTOR REL	S18.axis2.phaseshifter both	deg	0.06469	FALSE DONE
22/10/2025 11:55:27:	42	count	time	30.0s/cts	O Det=6084	H Det=2269	Mon Det=72973	Aux Det=5122	O+H=13475	 DONE
22/10/2025 11:55:59:	MOVE MOTOR REL	S18.axis2.phaseshifter both	deg	0.06469	FALSE DONE
22/10/2025 11:56:04:	43	count	time	30.0s/cts	O Det=5770	H Det=2333	Mon Det=73538	Aux Det=5629	O+H=13732	 DONE
22/10/2025 11:56:35:	MOVE MOTOR REL	S18.axis2.phaseshifter both	deg	0.06469	FALSE DONE
22/10/2025 11:56:40:	44	count	time	30.0s/cts	O Det=4714	H Det=2522	Mon Det=72917	Aux Det=7029	O+H=14265	 DONE
22/10/2025 11:57:11:	MOVE MOTOR REL	S18.axis2.phaseshifter both	deg	0.06469	FALSE DONE
22/10/2025 11:57:16:	45	count	time	30.0s/cts	O Det=3913	H Det=2514	Mon Det=73465	Aux Det=8107	O+H=14534	 DONE
22/10/2025 11:57:48:	MOVE MOTOR REL	S18.axis2.phaseshifter both	deg	0.06469	FALSE DONE
22/10/2025 11:57:52:	46	count	time	30.0s/cts	O Det=3059	H Det=2414	Mon Det=73651	Aux Det=9643	O+H=15116	 DONE
22/10/2025 11:58:24:	MOVE MOTOR REL	S18.axis2.phaseshifter both	deg	0.06469	FALSE DONE
22/10/2025 11:58:28:	47	count	time	30.0s/cts	O Det=2311	H Det=2559	Mon Det=73613	Aux Det=10656	O+H=15526	 DONE
22/10/2025 11:59:00:	MOVE MOTOR REL	S18.axis2.phaseshifter both	deg	0.06469	FALSE DONE
22/10/2025 11:59:05:	48	count	time	30.0s/cts	O Det=1710	H Det=2577	Mon Det=73341	Aux Det=11978	O+H=16265	 DONE
22/10/2025 11:59:36:	close file and end scan	 DONE
call of ifg12r_newPS_2p30s_no_fit.sc DONE
22/10/2025 11:59:37:	move motor	S18.auxiliary.Robot Z to 207413.00000um	reached 207408.00000  DONE
call of robot_Zout_doubleCd.sc DONE
22/10/2025 11:59:40:	move motor	S18.auxiliary.Robot Diagonal to 26000.00000um	reached 26003.75812  DONE
22/10/2025 12:00:04:	move motor	S18.auxiliary.Robot Z to 292012.00000um	reached 292022.00000  DONE
call of robot_Zin_doubleCd.sc DONE
call of Block_path13_doubleCd.sc DONE
22/10/2025 12:00:13:	move motor	S18.auxiliary.Robot Diagonal to 25999.900000um	 DONE
22/10/2025 12:00:18:	create file	D:\data\Cycle 198\exp_3-16-19\rawdata\sc\ifg_wv2_psi_+1+1+1_no_fit_22Oct1200.dat	 DONE
room to enter remarks DONE
22/10/2025 12:00:19:	move motor	S18.auxiliary.Robot Diagonal to 26000.000000um	 DONE
22/10/2025 12:00:25:	1	count	time	60.000000s/cts	O Det=1688	H Det=1783	Mon Det=146624	Aux Det=5890	O+H=9361	 DONE
22/10/2025 12:01:27:	move motor	S18.auxiliary.Robot Diagonal to 48000.000000um	 DONE
22/10/2025 12:01:42:	2	count	time	60.000000s/cts	O Det=1780	H Det=3297	Mon Det=146927	Aux Det=39	O+H=5116	 DONE
22/10/2025 12:02:44:	move motor	S18.auxiliary.Robot Diagonal to 70000.000000um	 DONE
22/10/2025 12:02:58:	3	count	time	60.000000s/cts	O Det=1798	H Det=1716	Mon Det=147484	Aux Det=11492	O+H=15006	 DONE
22/10/2025 12:04:00:	close file and end scan	 DONE
22/10/2025 12:04:01:	move motor	S18.auxiliary.Robot Z to 207413.00000um	reached 207402.00000  DONE
call of robot_Zout_doubleCd.sc DONE
call of int_meas_path213.sc DONE
22/10/2025 12:04:09:	END OF SCRIPT	 DONE
