22/10/2025 12:12:02:	start execution of script D:\data\Cycle 198\exp_3-16-19\rawdata\sc\ifg_wv3_psi_+1+1+1_no_fit.sc	 DONE
22/10/2025 12:12:03:	create file	D:\data\Cycle 198\exp_3-16-19\rawdata\sc\ifg_wv3_psi_+1+1+1_no_fit_22Oct1212.dat	 DONE
room to enter remarks DONE
22/10/2025 12:12:04:	MOVE MOTOR REL	S18.axis2.phaseshifter 1	deg	-0.51793	FALSE DONE
22/10/2025 12:12:08:	1	count	time	30.0s/cts	O Det=1486	H Det=2247	Mon Det=72769	Aux Det=12462	O+H=16195	 DONE
22/10/2025 12:12:39:	MOVE MOTOR REL	S18.axis2.phaseshifter 1	deg	0.06474	FALSE DONE
22/10/2025 12:12:43:	2	count	time	30.0s/cts	O Det=1751	H Det=2348	Mon Det=73703	Aux Det=12159	O+H=16258	 DONE
22/10/2025 12:13:14:	MOVE MOTOR REL	S18.axis2.phaseshifter 1	deg	0.06474	FALSE DONE
22/10/2025 12:13:18:	3	count	time	30.0s/cts	O Det=2313	H Det=2261	Mon Det=73511	Aux Det=11462	O+H=16036	 DONE
22/10/2025 12:13:50:	MOVE MOTOR REL	S18.axis2.phaseshifter 1	deg	0.06474	FALSE DONE
22/10/2025 12:13:53:	4	count	time	30.0s/cts	O Det=2990	H Det=2263	Mon Det=73403	Aux Det=10097	O+H=15350	 DONE
22/10/2025 12:14:25:	MOVE MOTOR REL	S18.axis2.phaseshifter 1	deg	0.06474	FALSE DONE
22/10/2025 12:14:28:	5	count	time	30.0s/cts	O Det=3886	H Det=2337	Mon Det=73089	Aux Det=8775	O+H=14998	 DONE
22/10/2025 12:15:00:	MOVE MOTOR REL	S18.axis2.phaseshifter 1	deg	0.06474	FALSE DONE
22/10/2025 12:15:04:	6	count	time	30.0s/cts	O Det=4609	H Det=2163	Mon Det=73373	Aux Det=7465	O+H=14237	 DONE
22/10/2025 12:15:35:	MOVE MOTOR REL	S18.axis2.phaseshifter 1	deg	0.06474	FALSE DONE
22/10/2025 12:15:39:	7	count	time	30.0s/cts	O Det=5386	H Det=2307	Mon Det=73511	Aux Det=6444	O+H=14137	 DONE
22/10/2025 12:16:10:	MOVE MOTOR REL	S18.axis2.phaseshifter 1	deg	0.06474	FALSE DONE
22/10/2025 12:16:14:	8	count	time	30.0s/cts	O Det=5775	H Det=2266	Mon Det=72813	Aux Det=5456	O+H=13497	 DONE
22/10/2025 12:16:46:	MOVE MOTOR REL	S18.axis2.phaseshifter 1	deg	0.06474	FALSE DONE
22/10/2025 12:16:49:	9	count	time	30.0s/cts	O Det=6208	H Det=2308	Mon Det=72939	Aux Det=4915	O+H=13431	 DONE
22/10/2025 12:17:21:	MOVE MOTOR REL	S18.axis2.phaseshifter 1	deg	0.06474	FALSE DONE
22/10/2025 12:17:24:	10	count	time	30.0s/cts	O Det=6088	H Det=2188	Mon Det=72832	Aux Det=5114	O+H=13390	 DONE
22/10/2025 12:17:56:	MOVE MOTOR REL	S18.axis2.phaseshifter 1	deg	0.06474	FALSE DONE
22/10/2025 12:18:00:	11	count	time	30.0s/cts	O Det=5917	H Det=2257	Mon Det=73523	Aux Det=5554	O+H=13728	 DONE
22/10/2025 12:18:31:	MOVE MOTOR REL	S18.axis2.phaseshifter 1	deg	0.06474	FALSE DONE
22/10/2025 12:18:35:	12	count	time	30.0s/cts	O Det=4974	H Det=2316	Mon Det=72996	Aux Det=6633	O+H=13923	 DONE
22/10/2025 12:19:06:	MOVE MOTOR REL	S18.axis2.phaseshifter 1	deg	0.06474	FALSE DONE
22/10/2025 12:19:10:	13	count	time	30.0s/cts	O Det=4170	H Det=2227	Mon Det=73519	Aux Det=8054	O+H=14451	 DONE
22/10/2025 12:19:42:	MOVE MOTOR REL	S18.axis2.phaseshifter 1	deg	0.06474	FALSE DONE
22/10/2025 12:19:45:	14	count	time	30.0s/cts	O Det=3292	H Det=2314	Mon Det=73850	Aux Det=9627	O+H=15233	 DONE
22/10/2025 12:20:17:	MOVE MOTOR REL	S18.axis2.phaseshifter 1	deg	0.06474	FALSE DONE
22/10/2025 12:20:20:	15	count	time	30.0s/cts	O Det=2572	H Det=2289	Mon Det=72931	Aux Det=10625	O+H=15486	 DONE
22/10/2025 12:20:52:	MOVE MOTOR REL	S18.axis2.phaseshifter 1	deg	0.06474	FALSE DONE
22/10/2025 12:20:56:	16	count	time	30.0s/cts	O Det=1979	H Det=2247	Mon Det=73470	Aux Det=11830	O+H=16056	 DONE
22/10/2025 12:21:27:	MOVE MOTOR REL	S18.axis2.phaseshifter 1	deg	0.06474	FALSE DONE
22/10/2025 12:21:31:	17	count	time	30.0s/cts	O Det=1628	H Det=2207	Mon Det=73568	Aux Det=12311	O+H=16146	 DONE
22/10/2025 12:22:02:	MOVE MOTOR REL	S18.axis2.phaseshifter 1	deg	0.06474	FALSE DONE
22/10/2025 12:22:06:	18	count	time	30.0s/cts	O Det=1597	H Det=2317	Mon Det=73546	Aux Det=12699	O+H=16613	 DONE
22/10/2025 12:22:38:	MOVE MOTOR REL	S18.axis2.phaseshifter 1	deg	0.06474	FALSE DONE
22/10/2025 12:22:41:	19	count	time	30.0s/cts	O Det=1851	H Det=2199	Mon Det=73274	Aux Det=12088	O+H=16138	 DONE
22/10/2025 12:23:13:	MOVE MOTOR REL	S18.axis2.phaseshifter 1	deg	0.06474	FALSE DONE
22/10/2025 12:23:16:	20	count	time	30.0s/cts	O Det=2532	H Det=2211	Mon Det=73839	Aux Det=10705	O+H=15448	 DONE
22/10/2025 12:23:48:	MOVE MOTOR REL	S18.axis2.phaseshifter 1	deg	0.06474	FALSE DONE
22/10/2025 12:23:51:	21	count	time	30.0s/cts	O Det=3286	H Det=2204	Mon Det=73475	Aux Det=9515	O+H=15005	 DONE
22/10/2025 12:24:23:	MOVE MOTOR REL	S18.axis2.phaseshifter 1	deg	0.06474	FALSE DONE
22/10/2025 12:24:27:	22	count	time	30.0s/cts	O Det=4249	H Det=2303	Mon Det=73285	Aux Det=8295	O+H=14847	 DONE
22/10/2025 12:24:58:	MOVE MOTOR REL	S18.axis2.phaseshifter 1	deg	0.06474	FALSE DONE
22/10/2025 12:25:02:	23	count	time	30.0s/cts	O Det=5060	H Det=2227	Mon Det=73125	Aux Det=6731	O+H=14018	 DONE
22/10/2025 12:25:33:	MOVE MOTOR REL	S18.axis2.phaseshifter 1	deg	0.06474	FALSE DONE
22/10/2025 12:25:37:	24	count	time	30.0s/cts	O Det=5763	H Det=2247	Mon Det=73918	Aux Det=5905	O+H=13915	 DONE
22/10/2025 12:26:09:	MOVE MOTOR REL	S18.axis2.phaseshifter 1	deg	0.06474	FALSE DONE
22/10/2025 12:26:12:	25	count	time	30.0s/cts	O Det=6202	H Det=2226	Mon Det=73166	Aux Det=5148	O+H=13576	 DONE
22/10/2025 12:26:44:	MOVE MOTOR REL	S18.axis2.phaseshifter 1	deg	0.06474	FALSE DONE
22/10/2025 12:26:47:	26	count	time	30.0s/cts	O Det=6166	H Det=2275	Mon Det=73305	Aux Det=5121	O+H=13562	 DONE
22/10/2025 12:27:19:	MOVE MOTOR REL	S18.axis2.phaseshifter 1	deg	0.06474	FALSE DONE
22/10/2025 12:27:23:	27	count	time	30.0s/cts	O Det=5817	H Det=2190	Mon Det=73433	Aux Det=5421	O+H=13428	 DONE
22/10/2025 12:27:54:	MOVE MOTOR REL	S18.axis2.phaseshifter 1	deg	0.06474	FALSE DONE
22/10/2025 12:27:58:	28	count	time	30.0s/cts	O Det=5260	H Det=2331	Mon Det=73304	Aux Det=6415	O+H=14006	 DONE
22/10/2025 12:28:29:	MOVE MOTOR REL	S18.axis2.phaseshifter 1	deg	0.06474	FALSE DONE
22/10/2025 12:28:33:	29	count	time	30.0s/cts	O Det=4347	H Det=2192	Mon Det=73201	Aux Det=7643	O+H=14182	 DONE
22/10/2025 12:29:05:	MOVE MOTOR REL	S18.axis2.phaseshifter 1	deg	0.06474	FALSE DONE
22/10/2025 12:29:08:	30	count	time	30.0s/cts	O Det=3717	H Det=2299	Mon Det=73726	Aux Det=9145	O+H=15161	 DONE
22/10/2025 12:29:40:	MOVE MOTOR REL	S18.axis2.phaseshifter 1	deg	0.06474	FALSE DONE
22/10/2025 12:29:43:	31	count	time	30.0s/cts	O Det=2774	H Det=2385	Mon Det=73601	Aux Det=10321	O+H=15480	 DONE
22/10/2025 12:30:15:	MOVE MOTOR REL	S18.axis2.phaseshifter 1	deg	0.06474	FALSE DONE
22/10/2025 12:30:18:	32	count	time	30.0s/cts	O Det=2182	H Det=2266	Mon Det=73785	Aux Det=11183	O+H=15631	 DONE
22/10/2025 12:30:50:	MOVE MOTOR REL	S18.axis2.phaseshifter 1	deg	0.06474	FALSE DONE
22/10/2025 12:30:54:	33	count	time	30.0s/cts	O Det=1752	H Det=2302	Mon Det=73322	Aux Det=12176	O+H=16230	 DONE
22/10/2025 12:31:25:	MOVE MOTOR REL	S18.axis2.phaseshifter 1	deg	0.06474	FALSE DONE
22/10/2025 12:31:29:	34	count	time	30.0s/cts	O Det=1552	H Det=2291	Mon Det=73244	Aux Det=12365	O+H=16208	 DONE
22/10/2025 12:32:00:	MOVE MOTOR REL	S18.axis2.phaseshifter 1	deg	0.06474	FALSE DONE
22/10/2025 12:32:04:	35	count	time	30.0s/cts	O Det=1725	H Det=2261	Mon Det=72797	Aux Det=12386	O+H=16372	 DONE
22/10/2025 12:32:36:	MOVE MOTOR REL	S18.axis2.phaseshifter 1	deg	0.06474	FALSE DONE
22/10/2025 12:32:39:	36	count	time	30.0s/cts	O Det=2202	H Det=2252	Mon Det=73582	Aux Det=11436	O+H=15890	 DONE
22/10/2025 12:33:11:	MOVE MOTOR REL	S18.axis2.phaseshifter 1	deg	0.06474	FALSE DONE
22/10/2025 12:33:14:	37	count	time	30.0s/cts	O Det=2832	H Det=2262	Mon Det=73254	Aux Det=10337	O+H=15431	 DONE
22/10/2025 12:33:46:	MOVE MOTOR REL	S18.axis2.phaseshifter 1	deg	0.06474	FALSE DONE
22/10/2025 12:33:50:	38	count	time	30.0s/cts	O Det=3850	H Det=2291	Mon Det=73794	Aux Det=8752	O+H=14893	 DONE
22/10/2025 12:34:21:	MOVE MOTOR REL	S18.axis2.phaseshifter 1	deg	0.06474	FALSE DONE
22/10/2025 12:34:25:	39	count	time	30.0s/cts	O Det=4695	H Det=2273	Mon Det=73679	Aux Det=7491	O+H=14459	 DONE
22/10/2025 12:34:56:	MOVE MOTOR REL	S18.axis2.phaseshifter 1	deg	0.06474	FALSE DONE
22/10/2025 12:35:00:	40	count	time	30.0s/cts	O Det=5302	H Det=2166	Mon Det=73708	Aux Det=6198	O+H=13666	 DONE
22/10/2025 12:35:32:	MOVE MOTOR REL	S18.axis2.phaseshifter 1	deg	0.06474	FALSE DONE
22/10/2025 12:35:35:	41	count	time	30.0s/cts	O Det=5864	H Det=2274	Mon Det=73384	Aux Det=5464	O+H=13602	 DONE
22/10/2025 12:36:07:	MOVE MOTOR REL	S18.axis2.phaseshifter 1	deg	0.06474	FALSE DONE
22/10/2025 12:36:10:	42	count	time	30.0s/cts	O Det=6074	H Det=2238	Mon Det=73934	Aux Det=5031	O+H=13343	 DONE
22/10/2025 12:36:42:	MOVE MOTOR REL	S18.axis2.phaseshifter 1	deg	0.06474	FALSE DONE
22/10/2025 12:36:46:	43	count	time	30.0s/cts	O Det=5958	H Det=2255	Mon Det=73512	Aux Det=5327	O+H=13540	 DONE
22/10/2025 12:37:17:	MOVE MOTOR REL	S18.axis2.phaseshifter 1	deg	0.06474	FALSE DONE
22/10/2025 12:37:21:	44	count	time	30.0s/cts	O Det=5195	H Det=2202	Mon Det=73459	Aux Det=6574	O+H=13971	 DONE
22/10/2025 12:37:52:	MOVE MOTOR REL	S18.axis2.phaseshifter 1	deg	0.06474	FALSE DONE
22/10/2025 12:37:56:	45	count	time	30.0s/cts	O Det=4350	H Det=2198	Mon Det=73388	Aux Det=7784	O+H=14332	 DONE
22/10/2025 12:38:28:	MOVE MOTOR REL	S18.axis2.phaseshifter 1	deg	0.06474	FALSE DONE
22/10/2025 12:38:31:	46	count	time	30.0s/cts	O Det=3561	H Det=2294	Mon Det=73386	Aux Det=9128	O+H=14983	 DONE
22/10/2025 12:39:03:	MOVE MOTOR REL	S18.axis2.phaseshifter 1	deg	0.06474	FALSE DONE
22/10/2025 12:39:06:	47	count	time	30.0s/cts	O Det=2672	H Det=2247	Mon Det=73394	Aux Det=10377	O+H=15296	 DONE
22/10/2025 12:39:38:	MOVE MOTOR REL	S18.axis2.phaseshifter 1	deg	0.06474	FALSE DONE
22/10/2025 12:39:42:	48	count	time	30.0s/cts	O Det=2125	H Det=2385	Mon Det=72993	Aux Det=11561	O+H=16071	 DONE
22/10/2025 12:40:13:	close file and end scan	 DONE
call of ifg1r_newPS_2p30s_no_fit.sc DONE
22/10/2025 12:40:14:	move motor	S18.auxiliary.Robot Z to 207413.00000um	reached 207408.00000  DONE
call of robot_Zout_doubleCd.sc DONE
22/10/2025 12:40:17:	move motor	S18.auxiliary.Robot Diagonal to 26000.00000um	reached 26003.75812  DONE
22/10/2025 12:40:41:	move motor	S18.auxiliary.Robot Z to 292012.00000um	reached 292012.00000  DONE
call of robot_Zin_doubleCd.sc DONE
call of Block_path13_doubleCd.sc DONE
22/10/2025 12:40:49:	move motor	S18.auxiliary.Robot Diagonal to 25999.900000um	 DONE
22/10/2025 12:40:56:	create file	D:\data\Cycle 198\exp_3-16-19\rawdata\sc\ifg_wv3_psi_+1+1+1_no_fit_22Oct1240.dat	 DONE
room to enter remarks DONE
22/10/2025 12:40:57:	move motor	S18.auxiliary.Robot Diagonal to 26000.000000um	 DONE
22/10/2025 12:41:03:	1	count	time	60.000000s/cts	O Det=1690	H Det=1806	Mon Det=146759	Aux Det=6112	O+H=9608	 DONE
22/10/2025 12:42:05:	move motor	S18.auxiliary.Robot Diagonal to 48000.000000um	 DONE
22/10/2025 12:42:20:	2	count	time	60.000000s/cts	O Det=1765	H Det=3256	Mon Det=146458	Aux Det=32	O+H=5053	 DONE
22/10/2025 12:43:21:	move motor	S18.auxiliary.Robot Diagonal to 70000.000000um	 DONE
22/10/2025 12:43:36:	3	count	time	60.000000s/cts	O Det=1787	H Det=1762	Mon Det=147359	Aux Det=11395	O+H=14944	 DONE
22/10/2025 12:44:38:	close file and end scan	 DONE
22/10/2025 12:44:39:	move motor	S18.auxiliary.Robot Z to 207413.00000um	reached 207402.00000  DONE
call of robot_Zout_doubleCd.sc DONE
call of int_meas_path213.sc DONE
22/10/2025 12:44:47:	END OF SCRIPT	 DONE
