22/10/2025 22:37:18:	start execution of script D:\data\Cycle 198\exp_3-16-19\rawdata\sc\ifg_wv2_psi_+exp(-i60)+1+exp(i120)_no_fit.sc	 DONE
22/10/2025 22:37:19:	create file	D:\data\Cycle 198\exp_3-16-19\rawdata\sc\ifg_wv2_psi_+exp(-i60)+1+exp(i120)_no_fit_22Oct2237.dat	 DONE
room to enter remarks DONE
22/10/2025 22:37:20:	MOVE MOTOR REL	S18.axis2.phaseshifter both	deg	-0.51751	FALSE DONE
22/10/2025 22:37:25:	1	count	time	30.0s/cts	O Det=1189	H Det=5445	Mon Det=73859	Aux Det=6769	O+H=13403	 DONE
22/10/2025 22:37:57:	MOVE MOTOR REL	S18.axis2.phaseshifter both	deg	0.06469	FALSE DONE
22/10/2025 22:38:01:	2	count	time	30.0s/cts	O Det=1335	H Det=4589	Mon Det=73721	Aux Det=8052	O+H=13976	 DONE
22/10/2025 22:38:33:	MOVE MOTOR REL	S18.axis2.phaseshifter both	deg	0.06469	FALSE DONE
22/10/2025 22:38:37:	3	count	time	30.0s/cts	O Det=1458	H Det=3731	Mon Det=73698	Aux Det=9409	O+H=14598	 DONE
22/10/2025 22:39:09:	MOVE MOTOR REL	S18.axis2.phaseshifter both	deg	0.06469	FALSE DONE
22/10/2025 22:39:13:	4	count	time	30.0s/cts	O Det=1389	H Det=3038	Mon Det=73984	Aux Det=10692	O+H=15119	 DONE
22/10/2025 22:39:45:	MOVE MOTOR REL	S18.axis2.phaseshifter both	deg	0.06469	FALSE DONE
22/10/2025 22:39:50:	5	count	time	30.0s/cts	O Det=1386	H Det=2453	Mon Det=73782	Aux Det=11950	O+H=15789	 DONE
22/10/2025 22:40:21:	MOVE MOTOR REL	S18.axis2.phaseshifter both	deg	0.06469	FALSE DONE
22/10/2025 22:40:26:	6	count	time	30.0s/cts	O Det=1495	H Det=2204	Mon Det=73344	Aux Det=12193	O+H=15892	 DONE
22/10/2025 22:40:58:	MOVE MOTOR REL	S18.axis2.phaseshifter both	deg	0.06469	FALSE DONE
22/10/2025 22:41:02:	7	count	time	30.0s/cts	O Det=1539	H Det=2357	Mon Det=73821	Aux Det=11967	O+H=15863	 DONE
22/10/2025 22:41:34:	MOVE MOTOR REL	S18.axis2.phaseshifter both	deg	0.06469	FALSE DONE
22/10/2025 22:41:38:	8	count	time	30.0s/cts	O Det=1536	H Det=2724	Mon Det=73575	Aux Det=11259	O+H=15519	 DONE
22/10/2025 22:42:10:	MOVE MOTOR REL	S18.axis2.phaseshifter both	deg	0.06469	FALSE DONE
22/10/2025 22:42:15:	9	count	time	30.0s/cts	O Det=1501	H Det=3559	Mon Det=73352	Aux Det=9838	O+H=14898	 DONE
22/10/2025 22:42:46:	MOVE MOTOR REL	S18.axis2.phaseshifter both	deg	0.06469	FALSE DONE
22/10/2025 22:42:51:	10	count	time	30.0s/cts	O Det=1502	H Det=4286	Mon Det=73653	Aux Det=8331	O+H=14119	 DONE
22/10/2025 22:43:22:	MOVE MOTOR REL	S18.axis2.phaseshifter both	deg	0.06469	FALSE DONE
22/10/2025 22:43:27:	11	count	time	30.0s/cts	O Det=1451	H Det=5133	Mon Det=73965	Aux Det=7049	O+H=13633	 DONE
22/10/2025 22:43:59:	MOVE MOTOR REL	S18.axis2.phaseshifter both	deg	0.06469	FALSE DONE
22/10/2025 22:44:03:	12	count	time	30.0s/cts	O Det=1376	H Det=5792	Mon Det=73666	Aux Det=5776	O+H=12944	 DONE
22/10/2025 22:44:35:	MOVE MOTOR REL	S18.axis2.phaseshifter both	deg	0.06469	FALSE DONE
22/10/2025 22:44:39:	13	count	time	30.0s/cts	O Det=1399	H Det=6164	Mon Det=73691	Aux Det=4886	O+H=12449	 DONE
22/10/2025 22:45:11:	MOVE MOTOR REL	S18.axis2.phaseshifter both	deg	0.06469	FALSE DONE
22/10/2025 22:45:15:	14	count	time	30.0s/cts	O Det=1237	H Det=6444	Mon Det=73545	Aux Det=4723	O+H=12404	 DONE
22/10/2025 22:45:47:	MOVE MOTOR REL	S18.axis2.phaseshifter both	deg	0.06469	FALSE DONE
22/10/2025 22:45:52:	15	count	time	30.0s/cts	O Det=1174	H Det=6190	Mon Det=73505	Aux Det=5088	O+H=12452	 DONE
22/10/2025 22:46:23:	MOVE MOTOR REL	S18.axis2.phaseshifter both	deg	0.06469	FALSE DONE
22/10/2025 22:46:28:	16	count	time	30.0s/cts	O Det=1126	H Det=5859	Mon Det=73743	Aux Det=5659	O+H=12644	 DONE
22/10/2025 22:47:00:	MOVE MOTOR REL	S18.axis2.phaseshifter both	deg	0.06469	FALSE DONE
22/10/2025 22:47:04:	17	count	time	30.0s/cts	O Det=1263	H Det=5153	Mon Det=73711	Aux Det=6817	O+H=13233	 DONE
22/10/2025 22:47:36:	MOVE MOTOR REL	S18.axis2.phaseshifter both	deg	0.06469	FALSE DONE
22/10/2025 22:47:40:	18	count	time	30.0s/cts	O Det=1299	H Det=4717	Mon Det=73537	Aux Det=8045	O+H=14061	 DONE
22/10/2025 22:48:12:	MOVE MOTOR REL	S18.axis2.phaseshifter both	deg	0.06469	FALSE DONE
22/10/2025 22:48:17:	19	count	time	30.0s/cts	O Det=1354	H Det=3792	Mon Det=73581	Aux Det=9551	O+H=14697	 DONE
22/10/2025 22:48:48:	MOVE MOTOR REL	S18.axis2.phaseshifter both	deg	0.06469	FALSE DONE
22/10/2025 22:48:53:	20	count	time	30.0s/cts	O Det=1210	H Det=3127	Mon Det=73497	Aux Det=10649	O+H=14986	 DONE
22/10/2025 22:49:24:	MOVE MOTOR REL	S18.axis2.phaseshifter both	deg	0.06469	FALSE DONE
22/10/2025 22:49:29:	21	count	time	30.0s/cts	O Det=1378	H Det=2547	Mon Det=73435	Aux Det=11478	O+H=15403	 DONE
22/10/2025 22:50:01:	MOVE MOTOR REL	S18.axis2.phaseshifter both	deg	0.06469	FALSE DONE
22/10/2025 22:50:05:	22	count	time	30.0s/cts	O Det=1414	H Det=2399	Mon Det=73831	Aux Det=12244	O+H=16057	 DONE
22/10/2025 22:50:37:	MOVE MOTOR REL	S18.axis2.phaseshifter both	deg	0.06469	FALSE DONE
22/10/2025 22:50:41:	23	count	time	30.0s/cts	O Det=1615	H Det=2355	Mon Det=73708	Aux Det=12076	O+H=16046	 DONE
22/10/2025 22:51:13:	MOVE MOTOR REL	S18.axis2.phaseshifter both	deg	0.06469	FALSE DONE
22/10/2025 22:51:17:	24	count	time	30.0s/cts	O Det=1550	H Det=2672	Mon Det=73733	Aux Det=11065	O+H=15287	 DONE
22/10/2025 22:51:49:	MOVE MOTOR REL	S18.axis2.phaseshifter both	deg	0.06469	FALSE DONE
22/10/2025 22:51:54:	25	count	time	30.0s/cts	O Det=1555	H Det=3227	Mon Det=73755	Aux Det=9985	O+H=14767	 DONE
22/10/2025 22:52:25:	MOVE MOTOR REL	S18.axis2.phaseshifter both	deg	0.06469	FALSE DONE
22/10/2025 22:52:30:	26	count	time	30.0s/cts	O Det=1412	H Det=3882	Mon Det=73068	Aux Det=8914	O+H=14208	 DONE
22/10/2025 22:53:02:	MOVE MOTOR REL	S18.axis2.phaseshifter both	deg	0.06469	FALSE DONE
22/10/2025 22:53:06:	27	count	time	30.0s/cts	O Det=1339	H Det=4659	Mon Det=73683	Aux Det=7665	O+H=13663	 DONE
22/10/2025 22:53:38:	MOVE MOTOR REL	S18.axis2.phaseshifter both	deg	0.06469	FALSE DONE
22/10/2025 22:53:42:	28	count	time	30.0s/cts	O Det=1220	H Det=5314	Mon Det=73390	Aux Det=6502	O+H=13036	 DONE
22/10/2025 22:54:14:	MOVE MOTOR REL	S18.axis2.phaseshifter both	deg	0.06469	FALSE DONE
22/10/2025 22:54:18:	29	count	time	30.0s/cts	O Det=1315	H Det=5867	Mon Det=73766	Aux Det=5554	O+H=12736	 DONE
22/10/2025 22:54:50:	MOVE MOTOR REL	S18.axis2.phaseshifter both	deg	0.06469	FALSE DONE
22/10/2025 22:54:55:	30	count	time	30.0s/cts	O Det=1212	H Det=6468	Mon Det=73440	Aux Det=4803	O+H=12483	 DONE
22/10/2025 22:55:26:	MOVE MOTOR REL	S18.axis2.phaseshifter both	deg	0.06469	FALSE DONE
22/10/2025 22:55:31:	31	count	time	30.0s/cts	O Det=1187	H Det=6436	Mon Det=73635	Aux Det=5022	O+H=12645	 DONE
22/10/2025 22:56:03:	MOVE MOTOR REL	S18.axis2.phaseshifter both	deg	0.06469	FALSE DONE
22/10/2025 22:56:07:	32	count	time	30.0s/cts	O Det=1234	H Det=5969	Mon Det=73409	Aux Det=5364	O+H=12567	 DONE
22/10/2025 22:56:39:	MOVE MOTOR REL	S18.axis2.phaseshifter both	deg	0.06469	FALSE DONE
22/10/2025 22:56:43:	33	count	time	30.0s/cts	O Det=1228	H Det=5589	Mon Det=73871	Aux Det=6361	O+H=13178	 DONE
22/10/2025 22:57:15:	MOVE MOTOR REL	S18.axis2.phaseshifter both	deg	0.06469	FALSE DONE
22/10/2025 22:57:20:	34	count	time	30.0s/cts	O Det=1360	H Det=4734	Mon Det=73664	Aux Det=7529	O+H=13623	 DONE
22/10/2025 22:57:51:	MOVE MOTOR REL	S18.axis2.phaseshifter both	deg	0.06469	FALSE DONE
22/10/2025 22:57:56:	35	count	time	30.0s/cts	O Det=1500	H Det=3888	Mon Det=73421	Aux Det=9018	O+H=14406	 DONE
22/10/2025 22:58:28:	MOVE MOTOR REL	S18.axis2.phaseshifter both	deg	0.06469	FALSE DONE
22/10/2025 22:58:32:	36	count	time	30.0s/cts	O Det=1406	H Det=3301	Mon Det=73524	Aux Det=10381	O+H=15088	 DONE
22/10/2025 22:59:04:	MOVE MOTOR REL	S18.axis2.phaseshifter both	deg	0.06469	FALSE DONE
22/10/2025 22:59:08:	37	count	time	30.0s/cts	O Det=1493	H Det=2614	Mon Det=73731	Aux Det=11088	O+H=15195	 DONE
22/10/2025 22:59:40:	MOVE MOTOR REL	S18.axis2.phaseshifter both	deg	0.06469	FALSE DONE
22/10/2025 22:59:44:	38	count	time	30.0s/cts	O Det=1504	H Det=2324	Mon Det=73441	Aux Det=11932	O+H=15760	 DONE
22/10/2025 23:00:16:	MOVE MOTOR REL	S18.axis2.phaseshifter both	deg	0.06469	FALSE DONE
22/10/2025 23:00:21:	39	count	time	30.0s/cts	O Det=1391	H Det=2283	Mon Det=73437	Aux Det=12089	O+H=15763	 DONE
22/10/2025 23:00:52:	MOVE MOTOR REL	S18.axis2.phaseshifter both	deg	0.06469	FALSE DONE
22/10/2025 23:00:57:	40	count	time	30.0s/cts	O Det=1366	H Det=2522	Mon Det=73536	Aux Det=11568	O+H=15456	 DONE
22/10/2025 23:01:29:	MOVE MOTOR REL	S18.axis2.phaseshifter both	deg	0.06469	FALSE DONE
22/10/2025 23:01:33:	41	count	time	30.0s/cts	O Det=1338	H Det=3178	Mon Det=73502	Aux Det=10602	O+H=15118	 DONE
22/10/2025 23:02:05:	MOVE MOTOR REL	S18.axis2.phaseshifter both	deg	0.06469	FALSE DONE
22/10/2025 23:02:09:	42	count	time	30.0s/cts	O Det=1269	H Det=4040	Mon Det=73334	Aux Det=9253	O+H=14562	 DONE
22/10/2025 23:02:41:	MOVE MOTOR REL	S18.axis2.phaseshifter both	deg	0.06469	FALSE DONE
22/10/2025 23:02:45:	43	count	time	30.0s/cts	O Det=1161	H Det=4835	Mon Det=73725	Aux Det=7729	O+H=13725	 DONE
22/10/2025 23:03:17:	MOVE MOTOR REL	S18.axis2.phaseshifter both	deg	0.06469	FALSE DONE
22/10/2025 23:03:22:	44	count	time	30.0s/cts	O Det=1092	H Det=5568	Mon Det=74114	Aux Det=6231	O+H=12891	 DONE
22/10/2025 23:03:53:	MOVE MOTOR REL	S18.axis2.phaseshifter both	deg	0.06469	FALSE DONE
22/10/2025 23:03:58:	45	count	time	30.0s/cts	O Det=1149	H Det=6164	Mon Det=73568	Aux Det=5367	O+H=12680	 DONE
22/10/2025 23:04:30:	MOVE MOTOR REL	S18.axis2.phaseshifter both	deg	0.06469	FALSE DONE
22/10/2025 23:04:34:	46	count	time	30.0s/cts	O Det=1170	H Det=6449	Mon Det=73721	Aux Det=4828	O+H=12447	 DONE
22/10/2025 23:05:06:	MOVE MOTOR REL	S18.axis2.phaseshifter both	deg	0.06469	FALSE DONE
22/10/2025 23:05:10:	47	count	time	30.0s/cts	O Det=1233	H Det=6327	Mon Det=74015	Aux Det=4597	O+H=12157	 DONE
22/10/2025 23:05:42:	MOVE MOTOR REL	S18.axis2.phaseshifter both	deg	0.06469	FALSE DONE
22/10/2025 23:05:46:	48	count	time	30.0s/cts	O Det=1303	H Det=5983	Mon Det=73785	Aux Det=5290	O+H=12576	 DONE
22/10/2025 23:06:18:	close file and end scan	 DONE
call of ifg12r_newPS_2p30s_no_fit.sc DONE
22/10/2025 23:06:19:	create file	D:\data\Cycle 198\exp_3-16-19\rawdata\sc\ifg_wv2_psi_+exp(-i60)+1+exp(i120)_no_fit_22Oct2306.dat	 DONE
room to enter remarks DONE
22/10/2025 23:06:20:	close file and end scan	 DONE
call of int_meas_path213.sc DONE
22/10/2025 23:06:21:	END OF SCRIPT	 DONE
