17/10/2025 20:18:51:	start execution of script D:\data\Cycle 198\exp_3-16-19\rawdata\sc\ifg_wv2_psi_+1+exp(-i60)+exp(i120).sc	 DONE
17/10/2025 20:18:51:	create file	D:\data\Cycle 198\exp_3-16-19\rawdata\sc\ifg_wv2_psi_+1+exp(-i60)+exp(i120)_17Oct2018.dat	 DONE
room to enter remarks DONE
17/10/2025 20:18:52:	MOVE MOTOR REL	S18.axis2.phaseshifter both	deg	0.0	FALSE DONE
17/10/2025 20:18:56:	1	count	time	30.0s/cts	O Det=1527	H Det=2178	Mon Det=71447	Aux Det=12363	O+H=16068	 DONE
17/10/2025 20:19:28:	MOVE MOTOR REL	S18.axis2.phaseshifter both	deg	0.07	FALSE DONE
17/10/2025 20:19:32:	2	count	time	30.0s/cts	O Det=2067	H Det=2075	Mon Det=71971	Aux Det=11972	O+H=16114	 DONE
17/10/2025 20:20:04:	MOVE MOTOR REL	S18.axis2.phaseshifter both	deg	0.07	FALSE DONE
17/10/2025 20:20:08:	3	count	time	30.0s/cts	O Det=2287	H Det=2118	Mon Det=71619	Aux Det=10991	O+H=15396	 DONE
17/10/2025 20:20:40:	MOVE MOTOR REL	S18.axis2.phaseshifter both	deg	0.07	FALSE DONE
17/10/2025 20:20:45:	4	count	time	30.0s/cts	O Det=2810	H Det=2650	Mon Det=71961	Aux Det=9738	O+H=15198	 DONE
17/10/2025 20:21:16:	MOVE MOTOR REL	S18.axis2.phaseshifter both	deg	0.07	FALSE DONE
17/10/2025 20:21:21:	5	count	time	30.0s/cts	O Det=2891	H Det=3190	Mon Det=71907	Aux Det=8195	O+H=14276	 DONE
17/10/2025 20:21:52:	MOVE MOTOR REL	S18.axis2.phaseshifter both	deg	0.07	FALSE DONE
17/10/2025 20:21:57:	6	count	time	30.0s/cts	O Det=3065	H Det=3998	Mon Det=71774	Aux Det=6426	O+H=13489	 DONE
17/10/2025 20:22:29:	MOVE MOTOR REL	S18.axis2.phaseshifter both	deg	0.07	FALSE DONE
17/10/2025 20:22:33:	7	count	time	30.0s/cts	O Det=2860	H Det=4814	Mon Det=71482	Aux Det=5453	O+H=13127	 DONE
17/10/2025 20:23:05:	MOVE MOTOR REL	S18.axis2.phaseshifter both	deg	0.07	FALSE DONE
17/10/2025 20:23:09:	8	count	time	30.0s/cts	O Det=2479	H Det=5318	Mon Det=71853	Aux Det=4859	O+H=12656	 DONE
17/10/2025 20:23:41:	MOVE MOTOR REL	S18.axis2.phaseshifter both	deg	0.07	FALSE DONE
17/10/2025 20:23:46:	9	count	time	30.0s/cts	O Det=2025	H Det=5789	Mon Det=71911	Aux Det=4863	O+H=12677	 DONE
17/10/2025 20:24:17:	MOVE MOTOR REL	S18.axis2.phaseshifter both	deg	0.07	FALSE DONE
17/10/2025 20:24:22:	10	count	time	30.0s/cts	O Det=1674	H Det=5827	Mon Det=71826	Aux Det=5450	O+H=12951	 DONE
17/10/2025 20:24:53:	MOVE MOTOR REL	S18.axis2.phaseshifter both	deg	0.07	FALSE DONE
17/10/2025 20:24:58:	11	count	time	30.0s/cts	O Det=1160	H Det=5654	Mon Det=72494	Aux Det=6083	O+H=12897	 DONE
17/10/2025 20:25:30:	MOVE MOTOR REL	S18.axis2.phaseshifter both	deg	0.07	FALSE DONE
17/10/2025 20:25:34:	12	count	time	30.0s/cts	O Det=916	H Det=5200	Mon Det=71755	Aux Det=7567	O+H=13683	 DONE
17/10/2025 20:26:06:	MOVE MOTOR REL	S18.axis2.phaseshifter both	deg	0.07	FALSE DONE
17/10/2025 20:26:10:	13	count	time	30.0s/cts	O Det=749	H Det=4611	Mon Det=72006	Aux Det=8891	O+H=14251	 DONE
17/10/2025 20:26:42:	MOVE MOTOR REL	S18.axis2.phaseshifter both	deg	0.07	FALSE DONE
17/10/2025 20:26:47:	14	count	time	30.0s/cts	O Det=743	H Det=3748	Mon Det=72106	Aux Det=10415	O+H=14906	 DONE
17/10/2025 20:27:18:	MOVE MOTOR REL	S18.axis2.phaseshifter both	deg	0.07	FALSE DONE
17/10/2025 20:27:23:	15	count	time	30.0s/cts	O Det=997	H Det=3094	Mon Det=71553	Aux Det=11586	O+H=15677	 DONE
17/10/2025 20:27:54:	MOVE MOTOR REL	S18.axis2.phaseshifter both	deg	0.07	FALSE DONE
17/10/2025 20:27:59:	16	count	time	30.0s/cts	O Det=1231	H Det=2480	Mon Det=71674	Aux Det=11975	O+H=15686	 DONE
17/10/2025 20:28:31:	MOVE MOTOR REL	S18.axis2.phaseshifter both	deg	0.07	FALSE DONE
17/10/2025 20:28:35:	17	count	time	30.0s/cts	O Det=1570	H Det=2159	Mon Det=72005	Aux Det=12182	O+H=15911	 DONE
17/10/2025 20:29:07:	MOVE MOTOR REL	S18.axis2.phaseshifter both	deg	0.07	FALSE DONE
17/10/2025 20:29:11:	18	count	time	30.0s/cts	O Det=1793	H Det=2181	Mon Det=71862	Aux Det=11775	O+H=15749	 DONE
17/10/2025 20:29:43:	MOVE MOTOR REL	S18.axis2.phaseshifter both	deg	0.07	FALSE DONE
17/10/2025 20:29:48:	19	count	time	30.0s/cts	O Det=2077	H Det=2458	Mon Det=72041	Aux Det=10621	O+H=15156	 DONE
17/10/2025 20:30:19:	MOVE MOTOR REL	S18.axis2.phaseshifter both	deg	0.07	FALSE DONE
17/10/2025 20:30:24:	20	count	time	30.0s/cts	O Det=2252	H Det=3087	Mon Det=71720	Aux Det=9137	O+H=14476	 DONE
17/10/2025 20:30:56:	MOVE MOTOR REL	S18.axis2.phaseshifter both	deg	0.07	FALSE DONE
17/10/2025 20:31:00:	21	count	time	30.0s/cts	O Det=2369	H Det=3868	Mon Det=72013	Aux Det=7755	O+H=13992	 DONE
17/10/2025 20:31:32:	MOVE MOTOR REL	S18.axis2.phaseshifter both	deg	0.07	FALSE DONE
17/10/2025 20:31:37:	22	count	time	30.0s/cts	O Det=2213	H Det=4658	Mon Det=72030	Aux Det=6413	O+H=13284	 DONE
17/10/2025 20:32:08:	MOVE MOTOR REL	S18.axis2.phaseshifter both	deg	0.07	FALSE DONE
17/10/2025 20:32:13:	23	count	time	30.0s/cts	O Det=2158	H Det=5346	Mon Det=72185	Aux Det=5254	O+H=12758	 DONE
17/10/2025 20:32:44:	MOVE MOTOR REL	S18.axis2.phaseshifter both	deg	0.07	FALSE DONE
17/10/2025 20:32:49:	24	count	time	30.0s/cts	O Det=1670	H Det=5912	Mon Det=71963	Aux Det=4776	O+H=12358	 DONE
17/10/2025 20:33:21:	MOVE MOTOR REL	S18.axis2.phaseshifter both	deg	0.07	FALSE DONE
17/10/2025 20:33:25:	25	count	time	30.0s/cts	O Det=1424	H Det=6364	Mon Det=71889	Aux Det=4844	O+H=12632	 DONE
17/10/2025 20:33:57:	MOVE MOTOR REL	S18.axis2.phaseshifter both	deg	0.07	FALSE DONE
17/10/2025 20:34:01:	26	count	time	30.0s/cts	O Det=1148	H Det=6337	Mon Det=72150	Aux Det=5360	O+H=12845	 DONE
17/10/2025 20:34:33:	MOVE MOTOR REL	S18.axis2.phaseshifter both	deg	0.07	FALSE DONE
17/10/2025 20:34:38:	27	count	time	30.0s/cts	O Det=933	H Det=5885	Mon Det=71515	Aux Det=6384	O+H=13202	 DONE
17/10/2025 20:35:09:	MOVE MOTOR REL	S18.axis2.phaseshifter both	deg	0.07	FALSE DONE
17/10/2025 20:35:14:	28	count	time	30.0s/cts	O Det=910	H Det=5018	Mon Det=72215	Aux Det=7890	O+H=13818	 DONE
17/10/2025 20:35:45:	MOVE MOTOR REL	S18.axis2.phaseshifter both	deg	0.07	FALSE DONE
17/10/2025 20:35:50:	29	count	time	30.0s/cts	O Det=948	H Det=4067	Mon Det=72475	Aux Det=9477	O+H=14492	 DONE
17/10/2025 20:36:22:	MOVE MOTOR REL	S18.axis2.phaseshifter both	deg	0.07	FALSE DONE
17/10/2025 20:36:26:	30	count	time	30.0s/cts	O Det=1021	H Det=3383	Mon Det=72008	Aux Det=11078	O+H=15482	 DONE
17/10/2025 20:36:58:	MOVE MOTOR REL	S18.axis2.phaseshifter both	deg	0.07	FALSE DONE
17/10/2025 20:37:02:	31	count	time	30.0s/cts	O Det=1239	H Det=2751	Mon Det=71962	Aux Det=11893	O+H=15883	 DONE
17/10/2025 20:37:34:	MOVE MOTOR REL	S18.axis2.phaseshifter both	deg	0.07	FALSE DONE
17/10/2025 20:37:39:	32	count	time	30.0s/cts	O Det=1397	H Det=2309	Mon Det=71674	Aux Det=12287	O+H=15993	 DONE
17/10/2025 20:38:10:	NO ACTION	 DONE
17/10/2025 20:38:11:	close file and end scan	 DONE
call of ifg12r_newPS_2p30s_AP.sc DONE
17/10/2025 20:38:12:	move motor	S18.axis2.phaseshifter both to fit O COS-210	0.285715reached 0.28564  DONE
call of ifg12R_newPS_2p30s_0_+1+exp(-i60)+exp(i120)_wv2.sc DONE
17/10/2025 20:38:18:	create file	D:\data\Cycle 198\exp_3-16-19\rawdata\sc\ifg_wv2_psi_+1+exp(-i60)+exp(i120)_17Oct2038.dat	 DONE
room to enter remarks DONE
17/10/2025 20:38:19:	MOVE MOTOR REL	S18.axis2.phaseshifter both	deg	0.0	FALSE DONE
17/10/2025 20:38:23:	1	count	time	30.0s/cts	O Det=899	H Det=5274	Mon Det=71829	Aux Det=7634	O+H=13807	 DONE
17/10/2025 20:38:54:	MOVE MOTOR REL	S18.axis2.phaseshifter both	deg	0.07	FALSE DONE
17/10/2025 20:38:59:	2	count	time	30.0s/cts	O Det=878	H Det=4419	Mon Det=71432	Aux Det=9023	O+H=14320	 DONE
17/10/2025 20:39:30:	MOVE MOTOR REL	S18.axis2.phaseshifter both	deg	0.07	FALSE DONE
17/10/2025 20:39:35:	3	count	time	30.0s/cts	O Det=1000	H Det=3476	Mon Det=72920	Aux Det=10551	O+H=15027	 DONE
17/10/2025 20:40:07:	MOVE MOTOR REL	S18.axis2.phaseshifter both	deg	0.07	FALSE DONE
17/10/2025 20:40:11:	4	count	time	30.0s/cts	O Det=1087	H Det=2815	Mon Det=71724	Aux Det=11400	O+H=15302	 DONE
17/10/2025 20:40:43:	MOVE MOTOR REL	S18.axis2.phaseshifter both	deg	0.07	FALSE DONE
17/10/2025 20:40:47:	5	count	time	30.0s/cts	O Det=1331	H Det=2341	Mon Det=72082	Aux Det=12160	O+H=15832	 DONE
17/10/2025 20:41:19:	MOVE MOTOR REL	S18.axis2.phaseshifter both	deg	0.07	FALSE DONE
17/10/2025 20:41:23:	6	count	time	30.0s/cts	O Det=1574	H Det=2203	Mon Det=71910	Aux Det=12212	O+H=15989	 DONE
17/10/2025 20:41:55:	MOVE MOTOR REL	S18.axis2.phaseshifter both	deg	0.07	FALSE DONE
17/10/2025 20:42:00:	7	count	time	30.0s/cts	O Det=1882	H Det=2217	Mon Det=71909	Aux Det=11690	O+H=15789	 DONE
17/10/2025 20:42:31:	MOVE MOTOR REL	S18.axis2.phaseshifter both	deg	0.07	FALSE DONE
17/10/2025 20:42:36:	8	count	time	30.0s/cts	O Det=2126	H Det=2717	Mon Det=72105	Aux Det=10216	O+H=15059	 DONE
17/10/2025 20:43:07:	MOVE MOTOR REL	S18.axis2.phaseshifter both	deg	0.07	FALSE DONE
17/10/2025 20:43:12:	9	count	time	30.0s/cts	O Det=2206	H Det=3361	Mon Det=72093	Aux Det=8913	O+H=14480	 DONE
17/10/2025 20:43:44:	MOVE MOTOR REL	S18.axis2.phaseshifter both	deg	0.07	FALSE DONE
17/10/2025 20:43:48:	10	count	time	30.0s/cts	O Det=2375	H Det=4014	Mon Det=71561	Aux Det=7113	O+H=13502	 DONE
17/10/2025 20:44:20:	MOVE MOTOR REL	S18.axis2.phaseshifter both	deg	0.07	FALSE DONE
17/10/2025 20:44:24:	11	count	time	30.0s/cts	O Det=1928	H Det=5054	Mon Det=72087	Aux Det=5958	O+H=12940	 DONE
17/10/2025 20:44:56:	MOVE MOTOR REL	S18.axis2.phaseshifter both	deg	0.07	FALSE DONE
17/10/2025 20:45:01:	12	count	time	30.0s/cts	O Det=1814	H Det=5606	Mon Det=72707	Aux Det=5053	O+H=12473	 DONE
17/10/2025 20:45:32:	MOVE MOTOR REL	S18.axis2.phaseshifter both	deg	0.07	FALSE DONE
17/10/2025 20:45:37:	13	count	time	30.0s/cts	O Det=1485	H Det=6068	Mon Det=71533	Aux Det=4730	O+H=12283	 DONE
17/10/2025 20:46:08:	MOVE MOTOR REL	S18.axis2.phaseshifter both	deg	0.07	FALSE DONE
17/10/2025 20:46:13:	14	count	time	30.0s/cts	O Det=1256	H Det=6283	Mon Det=72118	Aux Det=4990	O+H=12529	 DONE
17/10/2025 20:46:45:	MOVE MOTOR REL	S18.axis2.phaseshifter both	deg	0.07	FALSE DONE
17/10/2025 20:46:49:	15	count	time	30.0s/cts	O Det=1123	H Det=6188	Mon Det=71817	Aux Det=5511	O+H=12822	 DONE
17/10/2025 20:47:21:	MOVE MOTOR REL	S18.axis2.phaseshifter both	deg	0.07	FALSE DONE
17/10/2025 20:47:25:	16	count	time	30.0s/cts	O Det=1000	H Det=5654	Mon Det=71810	Aux Det=6651	O+H=13305	 DONE
17/10/2025 20:47:57:	MOVE MOTOR REL	S18.axis2.phaseshifter both	deg	0.07	FALSE DONE
17/10/2025 20:48:02:	17	count	time	30.0s/cts	O Det=1005	H Det=4852	Mon Det=71949	Aux Det=8012	O+H=13869	 DONE
17/10/2025 20:48:33:	MOVE MOTOR REL	S18.axis2.phaseshifter both	deg	0.07	FALSE DONE
17/10/2025 20:48:38:	18	count	time	30.0s/cts	O Det=1003	H Det=3986	Mon Det=71950	Aux Det=9651	O+H=14640	 DONE
17/10/2025 20:49:09:	MOVE MOTOR REL	S18.axis2.phaseshifter both	deg	0.07	FALSE DONE
17/10/2025 20:49:14:	19	count	time	30.0s/cts	O Det=1072	H Det=3098	Mon Det=72334	Aux Det=11298	O+H=15468	 DONE
17/10/2025 20:49:46:	MOVE MOTOR REL	S18.axis2.phaseshifter both	deg	0.07	FALSE DONE
17/10/2025 20:49:50:	20	count	time	30.0s/cts	O Det=1180	H Det=2564	Mon Det=71795	Aux Det=11947	O+H=15691	 DONE
17/10/2025 20:50:22:	MOVE MOTOR REL	S18.axis2.phaseshifter both	deg	0.07	FALSE DONE
17/10/2025 20:50:26:	21	count	time	30.0s/cts	O Det=1412	H Det=2232	Mon Det=71707	Aux Det=12223	O+H=15867	 DONE
17/10/2025 20:50:58:	MOVE MOTOR REL	S18.axis2.phaseshifter both	deg	0.07	FALSE DONE
17/10/2025 20:51:03:	22	count	time	30.0s/cts	O Det=1651	H Det=2153	Mon Det=72041	Aux Det=11962	O+H=15766	 DONE
17/10/2025 20:51:34:	MOVE MOTOR REL	S18.axis2.phaseshifter both	deg	0.07	FALSE DONE
17/10/2025 20:51:39:	23	count	time	30.0s/cts	O Det=1846	H Det=2489	Mon Det=71472	Aux Det=11024	O+H=15359	 DONE
17/10/2025 20:52:10:	MOVE MOTOR REL	S18.axis2.phaseshifter both	deg	0.07	FALSE DONE
17/10/2025 20:52:15:	24	count	time	30.0s/cts	O Det=1911	H Det=3175	Mon Det=72242	Aux Det=9512	O+H=14598	 DONE
17/10/2025 20:52:47:	MOVE MOTOR REL	S18.axis2.phaseshifter both	deg	0.07	FALSE DONE
17/10/2025 20:52:51:	25	count	time	30.0s/cts	O Det=1930	H Det=3621	Mon Det=72076	Aux Det=8697	O+H=14248	 DONE
17/10/2025 20:53:23:	MOVE MOTOR REL	S18.axis2.phaseshifter both	deg	0.07	FALSE DONE
17/10/2025 20:53:27:	26	count	time	30.0s/cts	O Det=1810	H Det=4531	Mon Det=71643	Aux Det=7194	O+H=13535	 DONE
17/10/2025 20:53:59:	MOVE MOTOR REL	S18.axis2.phaseshifter both	deg	0.07	FALSE DONE
17/10/2025 20:54:04:	27	count	time	30.0s/cts	O Det=1678	H Det=5357	Mon Det=71796	Aux Det=5957	O+H=12992	 DONE
17/10/2025 20:54:35:	MOVE MOTOR REL	S18.axis2.phaseshifter both	deg	0.07	FALSE DONE
17/10/2025 20:54:40:	28	count	time	30.0s/cts	O Det=1301	H Det=6170	Mon Det=72276	Aux Det=5202	O+H=12673	 DONE
17/10/2025 20:55:11:	MOVE MOTOR REL	S18.axis2.phaseshifter both	deg	0.07	FALSE DONE
17/10/2025 20:55:16:	29	count	time	30.0s/cts	O Det=1270	H Det=6337	Mon Det=71855	Aux Det=4690	O+H=12297	 DONE
17/10/2025 20:55:48:	MOVE MOTOR REL	S18.axis2.phaseshifter both	deg	0.07	FALSE DONE
17/10/2025 20:55:52:	30	count	time	30.0s/cts	O Det=1197	H Det=6312	Mon Det=72191	Aux Det=4917	O+H=12426	 DONE
17/10/2025 20:56:24:	MOVE MOTOR REL	S18.axis2.phaseshifter both	deg	0.07	FALSE DONE
17/10/2025 20:56:28:	31	count	time	30.0s/cts	O Det=1058	H Det=6004	Mon Det=72299	Aux Det=5616	O+H=12678	 DONE
17/10/2025 20:57:00:	MOVE MOTOR REL	S18.axis2.phaseshifter both	deg	0.07	FALSE DONE
17/10/2025 20:57:05:	32	count	time	30.0s/cts	O Det=1025	H Det=5573	Mon Det=71846	Aux Det=6824	O+H=13422	 DONE
17/10/2025 20:57:36:	NO ACTION	 DONE
17/10/2025 20:57:37:	close file and end scan	 DONE
call of ifg12r_newPS_2p30s_AP.sc DONE
17/10/2025 20:57:38:	move motor	S18.axis2.phaseshifter both to fit O COS-30	0.754571reached 0.76904  DONE
call of ifg12R_newPS_2p30s_m90_+1+exp(-i60)+exp(i120)_wv2.sc DONE
17/10/2025 20:57:44:	create file	D:\data\Cycle 198\exp_3-16-19\rawdata\sc\ifg_wv2_psi_+1+exp(-i60)+exp(i120)_17Oct2057.dat	 DONE
room to enter remarks DONE
17/10/2025 20:57:45:	MOVE MOTOR REL	S18.axis2.phaseshifter both	deg	0.0	FALSE DONE
17/10/2025 20:57:49:	1	count	time	30.0s/cts	O Det=1782	H Det=3078	Mon Det=71561	Aux Det=10117	O+H=14977	 DONE
17/10/2025 20:58:21:	MOVE MOTOR REL	S18.axis2.phaseshifter both	deg	0.07	FALSE DONE
17/10/2025 20:58:25:	2	count	time	30.0s/cts	O Det=1747	H Det=3817	Mon Det=72031	Aux Det=8748	O+H=14312	 DONE
17/10/2025 20:58:57:	MOVE MOTOR REL	S18.axis2.phaseshifter both	deg	0.07	FALSE DONE
17/10/2025 20:59:02:	3	count	time	30.0s/cts	O Det=1662	H Det=4740	Mon Det=72533	Aux Det=7346	O+H=13748	 DONE
17/10/2025 20:59:33:	MOVE MOTOR REL	S18.axis2.phaseshifter both	deg	0.07	FALSE DONE
17/10/2025 20:59:38:	4	count	time	30.0s/cts	O Det=1504	H Det=5276	Mon Det=72229	Aux Det=6203	O+H=12983	 DONE
17/10/2025 21:00:09:	MOVE MOTOR REL	S18.axis2.phaseshifter both	deg	0.07	FALSE DONE
17/10/2025 21:00:14:	5	count	time	30.0s/cts	O Det=1428	H Det=5982	Mon Det=72116	Aux Det=5301	O+H=12711	 DONE
17/10/2025 21:00:46:	MOVE MOTOR REL	S18.axis2.phaseshifter both	deg	0.07	FALSE DONE
17/10/2025 21:00:50:	6	count	time	30.0s/cts	O Det=1286	H Det=6337	Mon Det=71787	Aux Det=4693	O+H=12316	 DONE
17/10/2025 21:01:22:	MOVE MOTOR REL	S18.axis2.phaseshifter both	deg	0.07	FALSE DONE
17/10/2025 21:01:27:	7	count	time	30.0s/cts	O Det=1151	H Det=6371	Mon Det=72105	Aux Det=4964	O+H=12486	 DONE
17/10/2025 21:01:58:	MOVE MOTOR REL	S18.axis2.phaseshifter both	deg	0.07	FALSE DONE
17/10/2025 21:02:03:	8	count	time	30.0s/cts	O Det=1065	H Det=6079	Mon Det=72118	Aux Det=5743	O+H=12887	 DONE
17/10/2025 21:02:34:	MOVE MOTOR REL	S18.axis2.phaseshifter both	deg	0.07	FALSE DONE
17/10/2025 21:02:39:	9	count	time	30.0s/cts	O Det=1031	H Det=5519	Mon Det=71893	Aux Det=6764	O+H=13314	 DONE
17/10/2025 21:03:11:	MOVE MOTOR REL	S18.axis2.phaseshifter both	deg	0.07	FALSE DONE
17/10/2025 21:03:15:	10	count	time	30.0s/cts	O Det=942	H Det=4536	Mon Det=72037	Aux Det=8499	O+H=13977	 DONE
17/10/2025 21:03:47:	MOVE MOTOR REL	S18.axis2.phaseshifter both	deg	0.07	FALSE DONE
17/10/2025 21:03:51:	11	count	time	30.0s/cts	O Det=1073	H Det=3584	Mon Det=71520	Aux Det=10055	O+H=14712	 DONE
17/10/2025 21:04:23:	MOVE MOTOR REL	S18.axis2.phaseshifter both	deg	0.07	FALSE DONE
17/10/2025 21:04:28:	12	count	time	30.0s/cts	O Det=1116	H Det=2876	Mon Det=72027	Aux Det=11251	O+H=15243	 DONE
17/10/2025 21:04:59:	MOVE MOTOR REL	S18.axis2.phaseshifter both	deg	0.07	FALSE DONE
17/10/2025 21:05:04:	13	count	time	30.0s/cts	O Det=1325	H Det=2360	Mon Det=71823	Aux Det=11897	O+H=15582	 DONE
17/10/2025 21:05:35:	MOVE MOTOR REL	S18.axis2.phaseshifter both	deg	0.07	FALSE DONE
17/10/2025 21:05:40:	14	count	time	30.0s/cts	O Det=1380	H Det=2171	Mon Det=72268	Aux Det=12074	O+H=15625	 DONE
17/10/2025 21:06:12:	MOVE MOTOR REL	S18.axis2.phaseshifter both	deg	0.07	FALSE DONE
17/10/2025 21:06:16:	15	count	time	30.0s/cts	O Det=1411	H Det=2376	Mon Det=72139	Aux Det=11981	O+H=15768	 DONE
17/10/2025 21:06:48:	MOVE MOTOR REL	S18.axis2.phaseshifter both	deg	0.07	FALSE DONE
17/10/2025 21:06:52:	16	count	time	30.0s/cts	O Det=1295	H Det=2782	Mon Det=71415	Aux Det=11336	O+H=15413	 DONE
17/10/2025 21:07:24:	MOVE MOTOR REL	S18.axis2.phaseshifter both	deg	0.07	FALSE DONE
17/10/2025 21:07:29:	17	count	time	30.0s/cts	O Det=1196	H Det=3446	Mon Det=71749	Aux Det=10190	O+H=14832	 DONE
17/10/2025 21:08:00:	MOVE MOTOR REL	S18.axis2.phaseshifter both	deg	0.07	FALSE DONE
17/10/2025 21:08:05:	18	count	time	30.0s/cts	O Det=1198	H Det=4160	Mon Det=71524	Aux Det=8711	O+H=14069	 DONE
17/10/2025 21:08:36:	MOVE MOTOR REL	S18.axis2.phaseshifter both	deg	0.07	FALSE DONE
17/10/2025 21:08:41:	19	count	time	30.0s/cts	O Det=1194	H Det=4980	Mon Det=71602	Aux Det=7099	O+H=13273	 DONE
17/10/2025 21:09:13:	MOVE MOTOR REL	S18.axis2.phaseshifter both	deg	0.07	FALSE DONE
17/10/2025 21:09:17:	20	count	time	30.0s/cts	O Det=1068	H Det=5854	Mon Det=71831	Aux Det=5738	O+H=12660	 DONE
17/10/2025 21:09:49:	MOVE MOTOR REL	S18.axis2.phaseshifter both	deg	0.07	FALSE DONE
17/10/2025 21:09:53:	21	count	time	30.0s/cts	O Det=1129	H Det=6284	Mon Det=71745	Aux Det=5011	O+H=12424	 DONE
17/10/2025 21:10:25:	MOVE MOTOR REL	S18.axis2.phaseshifter both	deg	0.07	FALSE DONE
17/10/2025 21:10:30:	22	count	time	30.0s/cts	O Det=1098	H Det=6227	Mon Det=72159	Aux Det=4638	O+H=11963	 DONE
17/10/2025 21:11:01:	MOVE MOTOR REL	S18.axis2.phaseshifter both	deg	0.07	FALSE DONE
17/10/2025 21:11:06:	23	count	time	30.0s/cts	O Det=1160	H Det=6128	Mon Det=71509	Aux Det=5042	O+H=12330	 DONE
17/10/2025 21:11:37:	MOVE MOTOR REL	S18.axis2.phaseshifter both	deg	0.07	FALSE DONE
17/10/2025 21:11:42:	24	count	time	30.0s/cts	O Det=1202	H Det=5634	Mon Det=72160	Aux Det=6100	O+H=12936	 DONE
17/10/2025 21:12:14:	MOVE MOTOR REL	S18.axis2.phaseshifter both	deg	0.07	FALSE DONE
17/10/2025 21:12:18:	25	count	time	30.0s/cts	O Det=1208	H Det=4925	Mon Det=72343	Aux Det=7283	O+H=13416	 DONE
17/10/2025 21:12:50:	MOVE MOTOR REL	S18.axis2.phaseshifter both	deg	0.07	FALSE DONE
17/10/2025 21:12:54:	26	count	time	30.0s/cts	O Det=1406	H Det=4070	Mon Det=72144	Aux Det=8801	O+H=14277	 DONE
17/10/2025 21:13:26:	MOVE MOTOR REL	S18.axis2.phaseshifter both	deg	0.07	FALSE DONE
17/10/2025 21:13:31:	27	count	time	30.0s/cts	O Det=1350	H Det=3304	Mon Det=71676	Aux Det=10256	O+H=14910	 DONE
17/10/2025 21:14:02:	MOVE MOTOR REL	S18.axis2.phaseshifter both	deg	0.07	FALSE DONE
17/10/2025 21:14:07:	28	count	time	30.0s/cts	O Det=1463	H Det=2678	Mon Det=72278	Aux Det=11228	O+H=15369	 DONE
17/10/2025 21:14:38:	MOVE MOTOR REL	S18.axis2.phaseshifter both	deg	0.07	FALSE DONE
17/10/2025 21:14:43:	29	count	time	30.0s/cts	O Det=1498	H Det=2244	Mon Det=71452	Aux Det=11742	O+H=15484	 DONE
17/10/2025 21:15:15:	MOVE MOTOR REL	S18.axis2.phaseshifter both	deg	0.07	FALSE DONE
17/10/2025 21:15:19:	30	count	time	30.0s/cts	O Det=1456	H Det=2215	Mon Det=72091	Aux Det=12248	O+H=15919	 DONE
17/10/2025 21:15:51:	MOVE MOTOR REL	S18.axis2.phaseshifter both	deg	0.07	FALSE DONE
17/10/2025 21:15:55:	31	count	time	30.0s/cts	O Det=1343	H Det=2445	Mon Det=72353	Aux Det=11698	O+H=15486	 DONE
17/10/2025 21:16:27:	MOVE MOTOR REL	S18.axis2.phaseshifter both	deg	0.07	FALSE DONE
17/10/2025 21:16:32:	32	count	time	30.0s/cts	O Det=1213	H Det=2954	Mon Det=72135	Aux Det=10795	O+H=14962	 DONE
17/10/2025 21:17:03:	NO ACTION	 DONE
17/10/2025 21:17:04:	close file and end scan	 DONE
call of ifg12r_newPS_2p30s_AP.sc DONE
17/10/2025 21:17:05:	move motor	S18.axis2.phaseshifter both to fit O COS-300	0.992809reached 0.98877  DONE
call of ifg12R_newPS_2p30s_p90_+1+exp(-i60)+exp(i120)_wv2.sc DONE
17/10/2025 21:17:11:	create file	D:\data\Cycle 198\exp_3-16-19\rawdata\sc\ifg_wv2_psi_+1+exp(-i60)+exp(i120)_17Oct2117.dat	 DONE
room to enter remarks DONE
17/10/2025 21:17:12:	MOVE MOTOR REL	S18.axis2.phaseshifter both	deg	0.0	FALSE DONE
17/10/2025 21:17:16:	1	count	time	30.0s/cts	O Det=1160	H Det=5884	Mon Det=72454	Aux Det=5409	O+H=12453	 DONE
17/10/2025 21:17:47:	MOVE MOTOR REL	S18.axis2.phaseshifter both	deg	0.07	FALSE DONE
17/10/2025 21:17:52:	2	count	time	30.0s/cts	O Det=1184	H Det=6211	Mon Det=71939	Aux Det=4801	O+H=12196	 DONE
17/10/2025 21:18:24:	MOVE MOTOR REL	S18.axis2.phaseshifter both	deg	0.07	FALSE DONE
17/10/2025 21:18:28:	3	count	time	30.0s/cts	O Det=1147	H Det=6488	Mon Det=72514	Aux Det=4642	O+H=12277	 DONE
17/10/2025 21:19:00:	MOVE MOTOR REL	S18.axis2.phaseshifter both	deg	0.07	FALSE DONE
17/10/2025 21:19:04:	4	count	time	30.0s/cts	O Det=1156	H Det=5973	Mon Det=72008	Aux Det=5102	O+H=12231	 DONE
17/10/2025 21:19:36:	MOVE MOTOR REL	S18.axis2.phaseshifter both	deg	0.07	FALSE DONE
17/10/2025 21:19:41:	5	count	time	30.0s/cts	O Det=1135	H Det=5638	Mon Det=71515	Aux Det=6228	O+H=13001	 DONE
17/10/2025 21:20:12:	MOVE MOTOR REL	S18.axis2.phaseshifter both	deg	0.07	FALSE DONE
17/10/2025 21:20:17:	6	count	time	30.0s/cts	O Det=1309	H Det=5069	Mon Det=71913	Aux Det=7206	O+H=13584	 DONE
17/10/2025 21:20:49:	MOVE MOTOR REL	S18.axis2.phaseshifter both	deg	0.07	FALSE DONE
17/10/2025 21:20:53:	7	count	time	30.0s/cts	O Det=1317	H Det=4178	Mon Det=71789	Aux Det=8615	O+H=14110	 DONE
17/10/2025 21:21:25:	MOVE MOTOR REL	S18.axis2.phaseshifter both	deg	0.07	FALSE DONE
17/10/2025 21:21:29:	8	count	time	30.0s/cts	O Det=1312	H Det=3284	Mon Det=72477	Aux Det=10020	O+H=14616	 DONE
17/10/2025 21:22:01:	MOVE MOTOR REL	S18.axis2.phaseshifter both	deg	0.07	FALSE DONE
17/10/2025 21:22:06:	9	count	time	30.0s/cts	O Det=1290	H Det=2639	Mon Det=71627	Aux Det=11274	O+H=15203	 DONE
17/10/2025 21:22:37:	MOVE MOTOR REL	S18.axis2.phaseshifter both	deg	0.07	FALSE DONE
17/10/2025 21:22:42:	10	count	time	30.0s/cts	O Det=1412	H Det=2336	Mon Det=71925	Aux Det=12093	O+H=15841	 DONE
17/10/2025 21:23:13:	MOVE MOTOR REL	S18.axis2.phaseshifter both	deg	0.07	FALSE DONE
17/10/2025 21:23:18:	11	count	time	30.0s/cts	O Det=1355	H Det=2279	Mon Det=71446	Aux Det=11897	O+H=15531	 DONE
17/10/2025 21:23:50:	MOVE MOTOR REL	S18.axis2.phaseshifter both	deg	0.07	FALSE DONE
17/10/2025 21:23:54:	12	count	time	30.0s/cts	O Det=1406	H Det=2498	Mon Det=71591	Aux Det=11369	O+H=15273	 DONE
17/10/2025 21:24:26:	MOVE MOTOR REL	S18.axis2.phaseshifter both	deg	0.07	FALSE DONE
17/10/2025 21:24:31:	13	count	time	30.0s/cts	O Det=1316	H Det=3136	Mon Det=71922	Aux Det=10711	O+H=15163	 DONE
17/10/2025 21:25:02:	MOVE MOTOR REL	S18.axis2.phaseshifter both	deg	0.07	FALSE DONE
17/10/2025 21:25:07:	14	count	time	30.0s/cts	O Det=1254	H Det=3849	Mon Det=72076	Aux Det=9163	O+H=14266	 DONE
17/10/2025 21:25:38:	MOVE MOTOR REL	S18.axis2.phaseshifter both	deg	0.07	FALSE DONE
17/10/2025 21:25:43:	15	count	time	30.0s/cts	O Det=1271	H Det=4566	Mon Det=72114	Aux Det=7422	O+H=13259	 DONE
17/10/2025 21:26:15:	MOVE MOTOR REL	S18.axis2.phaseshifter both	deg	0.07	FALSE DONE
17/10/2025 21:26:19:	16	count	time	30.0s/cts	O Det=1185	H Det=5511	Mon Det=71589	Aux Det=6313	O+H=13009	 DONE
17/10/2025 21:26:51:	MOVE MOTOR REL	S18.axis2.phaseshifter both	deg	0.07	FALSE DONE
17/10/2025 21:26:55:	17	count	time	30.0s/cts	O Det=1124	H Det=6115	Mon Det=71638	Aux Det=5285	O+H=12524	 DONE
17/10/2025 21:27:27:	MOVE MOTOR REL	S18.axis2.phaseshifter both	deg	0.07	FALSE DONE
17/10/2025 21:27:32:	18	count	time	30.0s/cts	O Det=1108	H Det=6328	Mon Det=72068	Aux Det=4843	O+H=12279	 DONE
17/10/2025 21:28:03:	MOVE MOTOR REL	S18.axis2.phaseshifter both	deg	0.07	FALSE DONE
17/10/2025 21:28:08:	19	count	time	30.0s/cts	O Det=1205	H Det=6435	Mon Det=71909	Aux Det=4803	O+H=12443	 DONE
17/10/2025 21:28:39:	MOVE MOTOR REL	S18.axis2.phaseshifter both	deg	0.07	FALSE DONE
17/10/2025 21:28:44:	20	count	time	30.0s/cts	O Det=1263	H Det=6026	Mon Det=71845	Aux Det=5275	O+H=12564	 DONE
17/10/2025 21:29:16:	MOVE MOTOR REL	S18.axis2.phaseshifter both	deg	0.07	FALSE DONE
17/10/2025 21:29:20:	21	count	time	30.0s/cts	O Det=1162	H Det=5416	Mon Det=71490	Aux Det=6249	O+H=12827	 DONE
17/10/2025 21:29:52:	MOVE MOTOR REL	S18.axis2.phaseshifter both	deg	0.07	FALSE DONE
17/10/2025 21:29:56:	22	count	time	30.0s/cts	O Det=1076	H Det=4629	Mon Det=71410	Aux Det=8107	O+H=13812	 DONE
17/10/2025 21:30:28:	MOVE MOTOR REL	S18.axis2.phaseshifter both	deg	0.07	FALSE DONE
17/10/2025 21:30:33:	23	count	time	30.0s/cts	O Det=1221	H Det=3576	Mon Det=71619	Aux Det=9433	O+H=14230	 DONE
17/10/2025 21:31:04:	MOVE MOTOR REL	S18.axis2.phaseshifter both	deg	0.07	FALSE DONE
17/10/2025 21:31:09:	24	count	time	30.0s/cts	O Det=1268	H Det=2901	Mon Det=71596	Aux Det=10796	O+H=14965	 DONE
17/10/2025 21:31:40:	MOVE MOTOR REL	S18.axis2.phaseshifter both	deg	0.07	FALSE DONE
17/10/2025 21:31:45:	25	count	time	30.0s/cts	O Det=1365	H Det=2543	Mon Det=71651	Aux Det=11646	O+H=15554	 DONE
17/10/2025 21:32:17:	MOVE MOTOR REL	S18.axis2.phaseshifter both	deg	0.07	FALSE DONE
17/10/2025 21:32:21:	26	count	time	30.0s/cts	O Det=1362	H Det=2142	Mon Det=71791	Aux Det=11936	O+H=15440	 DONE
17/10/2025 21:32:53:	MOVE MOTOR REL	S18.axis2.phaseshifter both	deg	0.07	FALSE DONE
17/10/2025 21:32:57:	27	count	time	30.0s/cts	O Det=1394	H Det=2393	Mon Det=71776	Aux Det=11702	O+H=15489	 DONE
17/10/2025 21:33:29:	MOVE MOTOR REL	S18.axis2.phaseshifter both	deg	0.07	FALSE DONE
17/10/2025 21:33:34:	28	count	time	30.0s/cts	O Det=1393	H Det=2766	Mon Det=71858	Aux Det=10850	O+H=15009	 DONE
17/10/2025 21:34:05:	MOVE MOTOR REL	S18.axis2.phaseshifter both	deg	0.07	FALSE DONE
17/10/2025 21:34:10:	29	count	time	30.0s/cts	O Det=1317	H Det=3354	Mon Det=71601	Aux Det=9595	O+H=14266	 DONE
17/10/2025 21:34:41:	MOVE MOTOR REL	S18.axis2.phaseshifter both	deg	0.07	FALSE DONE
17/10/2025 21:34:46:	30	count	time	30.0s/cts	O Det=1473	H Det=3991	Mon Det=71673	Aux Det=8247	O+H=13711	 DONE
17/10/2025 21:35:18:	MOVE MOTOR REL	S18.axis2.phaseshifter both	deg	0.07	FALSE DONE
17/10/2025 21:35:22:	31	count	time	30.0s/cts	O Det=1296	H Det=5041	Mon Det=71178	Aux Det=6683	O+H=13020	 DONE
17/10/2025 21:35:54:	MOVE MOTOR REL	S18.axis2.phaseshifter both	deg	0.07	FALSE DONE
17/10/2025 21:35:58:	32	count	time	30.0s/cts	O Det=1300	H Det=5684	Mon Det=71580	Aux Det=5545	O+H=12529	 DONE
17/10/2025 21:36:30:	NO ACTION	 DONE
17/10/2025 21:36:31:	close file and end scan	 DONE
call of ifg12r_newPS_2p30s_AP.sc DONE
call of ifg12R_newPS_2p30s_p180.sc DONE
17/10/2025 21:36:32:	move motor	S18.auxiliary.Robot Z to 207413.00000um	reached 207407.00000  DONE
call of robot_Zout_doubleCd.sc DONE
17/10/2025 21:36:35:	move motor	S18.auxiliary.Robot rot big to 90.00000deg	reached 90.00000  DONE
17/10/2025 21:36:38:	move motor	S18.auxiliary.Robot Diagonal to 26000.00000um	reached 26003.25812  DONE
17/10/2025 21:37:02:	move motor	S18.auxiliary.Robot Z to 207413.00000um	reached 207412.00000  DONE
call of robot_Zout_doubleCd.sc DONE
17/10/2025 21:37:05:	move motor	S18.auxiliary.Robot rot big to 90.00000deg	reached 90.00000  DONE
17/10/2025 21:37:08:	move motor	S18.auxiliary.Robot Z to 292012.00000um	reached 292012.00000  DONE
call of robot_Zin_doubleCd.sc DONE
call of Block_path13_doubleCd.sc DONE
17/10/2025 21:37:16:	move motor	S18.auxiliary.Robot Diagonal to 25999.900000um	 DONE
17/10/2025 21:37:23:	create file	D:\data\Cycle 198\exp_3-16-19\rawdata\sc\ifg_wv2_psi_+1+exp(-i60)+exp(i120)_17Oct2137.dat	 DONE
room to enter remarks DONE
17/10/2025 21:37:24:	move motor	S18.auxiliary.Robot Diagonal to 26000.000000um	 DONE
17/10/2025 21:37:29:	1	count	time	60.000000s/cts	O Det=1626	H Det=1605	Mon Det=143764	Aux Det=5915	O+H=9146	 DONE
17/10/2025 21:38:31:	move motor	S18.auxiliary.Robot Diagonal to 48000.000000um	 DONE
17/10/2025 21:38:46:	2	count	time	60.000000s/cts	O Det=1536	H Det=3378	Mon Det=143320	Aux Det=35	O+H=4949	 DONE
17/10/2025 21:39:48:	move motor	S18.auxiliary.Robot Diagonal to 70000.000000um	 DONE
17/10/2025 21:40:02:	3	count	time	60.000000s/cts	O Det=1696	H Det=1537	Mon Det=143805	Aux Det=10568	O+H=13801	 DONE
17/10/2025 21:41:04:	close file and end scan	 DONE
17/10/2025 21:41:05:	move motor	S18.auxiliary.Robot Z to 207413.00000um	reached 207403.00000  DONE
call of robot_Zout_doubleCd.sc DONE
call of int_meas_path213.sc DONE
17/10/2025 21:41:13:	END OF SCRIPT	 DONE
