20/10/2025 02:36:50:	start execution of script D:\data\Cycle 198\exp_3-16-19\rawdata\sc\ifg_wv1_psi_+1+1+1.sc	 DONE
20/10/2025 02:36:51:	create file	D:\data\Cycle 198\exp_3-16-19\rawdata\sc\ifg_wv1_psi_+1+1+1_20Oct0236.dat	 DONE
room to enter remarks DONE
20/10/2025 02:36:52:	MOVE MOTOR REL	S18.axis2.phaseshifter 2	deg	0.0	FALSE DONE
20/10/2025 02:36:55:	1	count	time	30.0s/cts	O Det=6401	H Det=2135	Mon Det=72664	Aux Det=5021	O+H=13557	 DONE
20/10/2025 02:37:27:	MOVE MOTOR REL	S18.axis2.phaseshifter 2	deg	0.07	FALSE DONE
20/10/2025 02:37:30:	2	count	time	30.0s/cts	O Det=6207	H Det=2369	Mon Det=72703	Aux Det=4992	O+H=13568	 DONE
20/10/2025 02:38:02:	MOVE MOTOR REL	S18.axis2.phaseshifter 2	deg	0.07	FALSE DONE
20/10/2025 02:38:06:	3	count	time	30.0s/cts	O Det=5652	H Det=2746	Mon Det=72464	Aux Det=5029	O+H=13427	 DONE
20/10/2025 02:38:37:	MOVE MOTOR REL	S18.axis2.phaseshifter 2	deg	0.07	FALSE DONE
20/10/2025 02:38:41:	4	count	time	30.0s/cts	O Det=4872	H Det=3476	Mon Det=72977	Aux Det=4982	O+H=13330	 DONE
20/10/2025 02:39:13:	MOVE MOTOR REL	S18.axis2.phaseshifter 2	deg	0.07	FALSE DONE
20/10/2025 02:39:16:	5	count	time	30.0s/cts	O Det=3924	H Det=4510	Mon Det=72813	Aux Det=4984	O+H=13418	 DONE
20/10/2025 02:39:48:	MOVE MOTOR REL	S18.axis2.phaseshifter 2	deg	0.07	FALSE DONE
20/10/2025 02:39:52:	6	count	time	30.0s/cts	O Det=3172	H Det=5220	Mon Det=72606	Aux Det=4973	O+H=13365	 DONE
20/10/2025 02:40:23:	MOVE MOTOR REL	S18.axis2.phaseshifter 2	deg	0.07	FALSE DONE
20/10/2025 02:40:27:	7	count	time	30.0s/cts	O Det=2157	H Det=5951	Mon Det=72839	Aux Det=5074	O+H=13182	 DONE
20/10/2025 02:40:59:	MOVE MOTOR REL	S18.axis2.phaseshifter 2	deg	0.07	FALSE DONE
20/10/2025 02:41:03:	8	count	time	30.0s/cts	O Det=1600	H Det=6398	Mon Det=73390	Aux Det=5074	O+H=13072	 DONE
20/10/2025 02:41:34:	MOVE MOTOR REL	S18.axis2.phaseshifter 2	deg	0.07	FALSE DONE
20/10/2025 02:41:38:	9	count	time	30.0s/cts	O Det=1366	H Det=6666	Mon Det=72891	Aux Det=5029	O+H=13061	 DONE
20/10/2025 02:42:09:	MOVE MOTOR REL	S18.axis2.phaseshifter 2	deg	0.07	FALSE DONE
20/10/2025 02:42:13:	10	count	time	30.0s/cts	O Det=1285	H Det=6799	Mon Det=72944	Aux Det=4938	O+H=13022	 DONE
20/10/2025 02:42:45:	MOVE MOTOR REL	S18.axis2.phaseshifter 2	deg	0.07	FALSE DONE
20/10/2025 02:42:48:	11	count	time	30.0s/cts	O Det=1534	H Det=6540	Mon Det=73227	Aux Det=5079	O+H=13153	 DONE
20/10/2025 02:43:20:	MOVE MOTOR REL	S18.axis2.phaseshifter 2	deg	0.07	FALSE DONE
20/10/2025 02:43:24:	12	count	time	30.0s/cts	O Det=2542	H Det=5729	Mon Det=73340	Aux Det=4978	O+H=13249	 DONE
20/10/2025 02:43:55:	MOVE MOTOR REL	S18.axis2.phaseshifter 2	deg	0.07	FALSE DONE
20/10/2025 02:43:59:	13	count	time	30.0s/cts	O Det=3301	H Det=4805	Mon Det=72579	Aux Det=5152	O+H=13258	 DONE
20/10/2025 02:44:31:	MOVE MOTOR REL	S18.axis2.phaseshifter 2	deg	0.07	FALSE DONE
20/10/2025 02:44:34:	14	count	time	30.0s/cts	O Det=4321	H Det=4096	Mon Det=72707	Aux Det=5045	O+H=13462	 DONE
20/10/2025 02:45:06:	MOVE MOTOR REL	S18.axis2.phaseshifter 2	deg	0.07	FALSE DONE
20/10/2025 02:45:10:	15	count	time	30.0s/cts	O Det=5348	H Det=3271	Mon Det=73060	Aux Det=5094	O+H=13713	 DONE
20/10/2025 02:45:41:	MOVE MOTOR REL	S18.axis2.phaseshifter 2	deg	0.07	FALSE DONE
20/10/2025 02:45:45:	16	count	time	30.0s/cts	O Det=6035	H Det=2614	Mon Det=73358	Aux Det=5014	O+H=13663	 DONE
20/10/2025 02:46:17:	MOVE MOTOR REL	S18.axis2.phaseshifter 2	deg	0.07	FALSE DONE
20/10/2025 02:46:20:	17	count	time	30.0s/cts	O Det=6180	H Det=2363	Mon Det=72230	Aux Det=5019	O+H=13562	 DONE
20/10/2025 02:46:52:	MOVE MOTOR REL	S18.axis2.phaseshifter 2	deg	0.07	FALSE DONE
20/10/2025 02:46:55:	18	count	time	30.0s/cts	O Det=6140	H Det=2400	Mon Det=72561	Aux Det=5109	O+H=13649	 DONE
20/10/2025 02:47:27:	MOVE MOTOR REL	S18.axis2.phaseshifter 2	deg	0.07	FALSE DONE
20/10/2025 02:47:31:	19	count	time	30.0s/cts	O Det=5991	H Det=2662	Mon Det=72655	Aux Det=5099	O+H=13752	 DONE
20/10/2025 02:48:02:	MOVE MOTOR REL	S18.axis2.phaseshifter 2	deg	0.07	FALSE DONE
20/10/2025 02:48:06:	20	count	time	30.0s/cts	O Det=5039	H Det=3340	Mon Det=72562	Aux Det=4919	O+H=13298	 DONE
20/10/2025 02:48:38:	MOVE MOTOR REL	S18.axis2.phaseshifter 2	deg	0.07	FALSE DONE
20/10/2025 02:48:41:	21	count	time	30.0s/cts	O Det=4221	H Det=4109	Mon Det=72292	Aux Det=4962	O+H=13292	 DONE
20/10/2025 02:49:13:	MOVE MOTOR REL	S18.axis2.phaseshifter 2	deg	0.07	FALSE DONE
20/10/2025 02:49:17:	22	count	time	30.0s/cts	O Det=3232	H Det=4978	Mon Det=72312	Aux Det=5016	O+H=13226	 DONE
20/10/2025 02:49:48:	MOVE MOTOR REL	S18.axis2.phaseshifter 2	deg	0.07	FALSE DONE
20/10/2025 02:49:52:	23	count	time	30.0s/cts	O Det=2247	H Det=5840	Mon Det=72495	Aux Det=4997	O+H=13084	 DONE
20/10/2025 02:50:24:	MOVE MOTOR REL	S18.axis2.phaseshifter 2	deg	0.07	FALSE DONE
20/10/2025 02:50:27:	24	count	time	30.0s/cts	O Det=1681	H Det=6378	Mon Det=72583	Aux Det=5049	O+H=13108	 DONE
20/10/2025 02:50:59:	MOVE MOTOR REL	S18.axis2.phaseshifter 2	deg	0.07	FALSE DONE
20/10/2025 02:51:03:	25	count	time	30.0s/cts	O Det=1358	H Det=6558	Mon Det=73273	Aux Det=4981	O+H=12897	 DONE
20/10/2025 02:51:34:	MOVE MOTOR REL	S18.axis2.phaseshifter 2	deg	0.07	FALSE DONE
20/10/2025 02:51:38:	26	count	time	30.0s/cts	O Det=1299	H Det=6651	Mon Det=73164	Aux Det=4955	O+H=12905	 DONE
20/10/2025 02:52:09:	MOVE MOTOR REL	S18.axis2.phaseshifter 2	deg	0.07	FALSE DONE
20/10/2025 02:52:13:	27	count	time	30.0s/cts	O Det=1764	H Det=6327	Mon Det=72932	Aux Det=4966	O+H=13057	 DONE
20/10/2025 02:52:45:	MOVE MOTOR REL	S18.axis2.phaseshifter 2	deg	0.07	FALSE DONE
20/10/2025 02:52:48:	28	count	time	30.0s/cts	O Det=2281	H Det=5794	Mon Det=72476	Aux Det=5013	O+H=13088	 DONE
20/10/2025 02:53:20:	MOVE MOTOR REL	S18.axis2.phaseshifter 2	deg	0.07	FALSE DONE
20/10/2025 02:53:24:	29	count	time	30.0s/cts	O Det=3210	H Det=5078	Mon Det=72451	Aux Det=4931	O+H=13219	 DONE
20/10/2025 02:53:56:	MOVE MOTOR REL	S18.axis2.phaseshifter 2	deg	0.07	FALSE DONE
20/10/2025 02:53:59:	30	count	time	30.0s/cts	O Det=4242	H Det=4046	Mon Det=73196	Aux Det=5006	O+H=13294	 DONE
20/10/2025 02:54:31:	MOVE MOTOR REL	S18.axis2.phaseshifter 2	deg	0.07	FALSE DONE
20/10/2025 02:54:35:	31	count	time	30.0s/cts	O Det=5181	H Det=3479	Mon Det=73080	Aux Det=4940	O+H=13600	 DONE
20/10/2025 02:55:06:	MOVE MOTOR REL	S18.axis2.phaseshifter 2	deg	0.07	FALSE DONE
20/10/2025 02:55:10:	32	count	time	30.0s/cts	O Det=5729	H Det=2858	Mon Det=72399	Aux Det=5018	O+H=13605	 DONE
20/10/2025 02:55:42:	NO ACTION	 DONE
20/10/2025 02:55:42:	close file and end scan	 DONE
call of ifg2r_newPS_2p30s.sc DONE
20/10/2025 02:55:43:	move motor	S18.axis2.phaseshifter 2 to fit O COS-450	-1.614635reached -1.61499  DONE
call of ifg2R_newPS_2p30s_0_+1+1+1_w1.sc DONE
20/10/2025 02:55:47:	create file	D:\data\Cycle 198\exp_3-16-19\rawdata\sc\ifg_wv1_psi_+1+1+1_20Oct0255.dat	 DONE
room to enter remarks DONE
20/10/2025 02:55:48:	MOVE MOTOR REL	S18.axis2.phaseshifter 2	deg	0.0	FALSE DONE
20/10/2025 02:55:51:	1	count	time	30.0s/cts	O Det=3380	H Det=4859	Mon Det=73089	Aux Det=5082	O+H=13321	 DONE
20/10/2025 02:56:23:	MOVE MOTOR REL	S18.axis2.phaseshifter 2	deg	0.07	FALSE DONE
20/10/2025 02:56:27:	2	count	time	30.0s/cts	O Det=4460	H Det=3931	Mon Det=72971	Aux Det=5003	O+H=13394	 DONE
20/10/2025 02:56:58:	MOVE MOTOR REL	S18.axis2.phaseshifter 2	deg	0.07	FALSE DONE
20/10/2025 02:57:02:	3	count	time	30.0s/cts	O Det=5360	H Det=3084	Mon Det=73361	Aux Det=5077	O+H=13521	 DONE
20/10/2025 02:57:34:	MOVE MOTOR REL	S18.axis2.phaseshifter 2	deg	0.07	FALSE DONE
20/10/2025 02:57:37:	4	count	time	30.0s/cts	O Det=6023	H Det=2569	Mon Det=72606	Aux Det=5049	O+H=13641	 DONE
20/10/2025 02:58:09:	MOVE MOTOR REL	S18.axis2.phaseshifter 2	deg	0.07	FALSE DONE
20/10/2025 02:58:13:	5	count	time	30.0s/cts	O Det=6259	H Det=2234	Mon Det=72260	Aux Det=5061	O+H=13554	 DONE
20/10/2025 02:58:44:	MOVE MOTOR REL	S18.axis2.phaseshifter 2	deg	0.07	FALSE DONE
20/10/2025 02:58:48:	6	count	time	30.0s/cts	O Det=6274	H Det=2345	Mon Det=73039	Aux Det=4892	O+H=13511	 DONE
20/10/2025 02:59:20:	MOVE MOTOR REL	S18.axis2.phaseshifter 2	deg	0.07	FALSE DONE
20/10/2025 02:59:23:	7	count	time	30.0s/cts	O Det=5749	H Det=2686	Mon Det=72903	Aux Det=4925	O+H=13360	 DONE
20/10/2025 02:59:55:	MOVE MOTOR REL	S18.axis2.phaseshifter 2	deg	0.07	FALSE DONE
20/10/2025 02:59:58:	8	count	time	30.0s/cts	O Det=5188	H Det=3394	Mon Det=72892	Aux Det=4989	O+H=13571	 DONE
20/10/2025 03:00:30:	MOVE MOTOR REL	S18.axis2.phaseshifter 2	deg	0.07	FALSE DONE
20/10/2025 03:00:34:	9	count	time	30.0s/cts	O Det=4048	H Det=4325	Mon Det=73082	Aux Det=5085	O+H=13458	 DONE
20/10/2025 03:01:06:	MOVE MOTOR REL	S18.axis2.phaseshifter 2	deg	0.07	FALSE DONE
20/10/2025 03:01:09:	10	count	time	30.0s/cts	O Det=3167	H Det=5088	Mon Det=72714	Aux Det=5113	O+H=13368	 DONE
20/10/2025 03:01:41:	MOVE MOTOR REL	S18.axis2.phaseshifter 2	deg	0.07	FALSE DONE
20/10/2025 03:01:45:	11	count	time	30.0s/cts	O Det=2051	H Det=5988	Mon Det=72761	Aux Det=5124	O+H=13163	 DONE
20/10/2025 03:02:16:	MOVE MOTOR REL	S18.axis2.phaseshifter 2	deg	0.07	FALSE DONE
20/10/2025 03:02:20:	12	count	time	30.0s/cts	O Det=1510	H Det=6453	Mon Det=72589	Aux Det=4943	O+H=12906	 DONE
20/10/2025 03:02:52:	MOVE MOTOR REL	S18.axis2.phaseshifter 2	deg	0.07	FALSE DONE
20/10/2025 03:02:55:	13	count	time	30.0s/cts	O Det=1219	H Det=6584	Mon Det=72301	Aux Det=4970	O+H=12773	 DONE
20/10/2025 03:03:27:	MOVE MOTOR REL	S18.axis2.phaseshifter 2	deg	0.07	FALSE DONE
20/10/2025 03:03:30:	14	count	time	30.0s/cts	O Det=1429	H Det=6583	Mon Det=72833	Aux Det=5028	O+H=13040	 DONE
20/10/2025 03:04:02:	MOVE MOTOR REL	S18.axis2.phaseshifter 2	deg	0.07	FALSE DONE
20/10/2025 03:04:06:	15	count	time	30.0s/cts	O Det=2026	H Det=6167	Mon Det=72961	Aux Det=5062	O+H=13255	 DONE
20/10/2025 03:04:37:	MOVE MOTOR REL	S18.axis2.phaseshifter 2	deg	0.07	FALSE DONE
20/10/2025 03:04:41:	16	count	time	30.0s/cts	O Det=2805	H Det=5242	Mon Det=73217	Aux Det=4994	O+H=13041	 DONE
20/10/2025 03:05:13:	MOVE MOTOR REL	S18.axis2.phaseshifter 2	deg	0.07	FALSE DONE
20/10/2025 03:05:16:	17	count	time	30.0s/cts	O Det=3817	H Det=4469	Mon Det=72862	Aux Det=5194	O+H=13480	 DONE
20/10/2025 03:05:48:	MOVE MOTOR REL	S18.axis2.phaseshifter 2	deg	0.07	FALSE DONE
20/10/2025 03:05:52:	18	count	time	30.0s/cts	O Det=4928	H Det=3534	Mon Det=72827	Aux Det=5031	O+H=13493	 DONE
20/10/2025 03:06:23:	MOVE MOTOR REL	S18.axis2.phaseshifter 2	deg	0.07	FALSE DONE
20/10/2025 03:06:27:	19	count	time	30.0s/cts	O Det=5657	H Det=2945	Mon Det=72850	Aux Det=5027	O+H=13629	 DONE
20/10/2025 03:06:59:	MOVE MOTOR REL	S18.axis2.phaseshifter 2	deg	0.07	FALSE DONE
20/10/2025 03:07:02:	20	count	time	30.0s/cts	O Det=6288	H Det=2340	Mon Det=72639	Aux Det=5082	O+H=13710	 DONE
20/10/2025 03:07:34:	MOVE MOTOR REL	S18.axis2.phaseshifter 2	deg	0.07	FALSE DONE
20/10/2025 03:07:38:	21	count	time	30.0s/cts	O Det=6330	H Det=2207	Mon Det=73011	Aux Det=5022	O+H=13559	 DONE
20/10/2025 03:08:09:	MOVE MOTOR REL	S18.axis2.phaseshifter 2	deg	0.07	FALSE DONE
20/10/2025 03:08:13:	22	count	time	30.0s/cts	O Det=5990	H Det=2487	Mon Det=72870	Aux Det=4998	O+H=13475	 DONE
20/10/2025 03:08:44:	MOVE MOTOR REL	S18.axis2.phaseshifter 2	deg	0.07	FALSE DONE
20/10/2025 03:08:48:	23	count	time	30.0s/cts	O Det=5457	H Det=3231	Mon Det=73049	Aux Det=4933	O+H=13621	 DONE
20/10/2025 03:09:20:	MOVE MOTOR REL	S18.axis2.phaseshifter 2	deg	0.07	FALSE DONE
20/10/2025 03:09:23:	24	count	time	30.0s/cts	O Det=4460	H Det=3696	Mon Det=73100	Aux Det=5046	O+H=13202	 DONE
20/10/2025 03:09:55:	MOVE MOTOR REL	S18.axis2.phaseshifter 2	deg	0.07	FALSE DONE
20/10/2025 03:09:59:	25	count	time	30.0s/cts	O Det=3437	H Det=4757	Mon Det=72914	Aux Det=5095	O+H=13289	 DONE
20/10/2025 03:10:30:	MOVE MOTOR REL	S18.axis2.phaseshifter 2	deg	0.07	FALSE DONE
20/10/2025 03:10:34:	26	count	time	30.0s/cts	O Det=2667	H Det=5349	Mon Det=73235	Aux Det=5130	O+H=13146	 DONE
20/10/2025 03:11:06:	MOVE MOTOR REL	S18.axis2.phaseshifter 2	deg	0.07	FALSE DONE
20/10/2025 03:11:09:	27	count	time	30.0s/cts	O Det=1994	H Det=6063	Mon Det=72494	Aux Det=5029	O+H=13086	 DONE
20/10/2025 03:11:41:	MOVE MOTOR REL	S18.axis2.phaseshifter 2	deg	0.07	FALSE DONE
20/10/2025 03:11:45:	28	count	time	30.0s/cts	O Det=1426	H Det=6531	Mon Det=72461	Aux Det=5026	O+H=12983	 DONE
20/10/2025 03:12:16:	MOVE MOTOR REL	S18.axis2.phaseshifter 2	deg	0.07	FALSE DONE
20/10/2025 03:12:20:	29	count	time	30.0s/cts	O Det=1240	H Det=6669	Mon Det=72761	Aux Det=5000	O+H=12909	 DONE
20/10/2025 03:12:51:	MOVE MOTOR REL	S18.axis2.phaseshifter 2	deg	0.07	FALSE DONE
20/10/2025 03:12:55:	30	count	time	30.0s/cts	O Det=1587	H Det=6538	Mon Det=72765	Aux Det=4993	O+H=13118	 DONE
20/10/2025 03:13:27:	MOVE MOTOR REL	S18.axis2.phaseshifter 2	deg	0.07	FALSE DONE
20/10/2025 03:13:31:	31	count	time	30.0s/cts	O Det=2416	H Det=5605	Mon Det=72428	Aux Det=5074	O+H=13095	 DONE
20/10/2025 03:14:02:	MOVE MOTOR REL	S18.axis2.phaseshifter 2	deg	0.07	FALSE DONE
20/10/2025 03:14:06:	32	count	time	30.0s/cts	O Det=3281	H Det=4955	Mon Det=72553	Aux Det=5036	O+H=13272	 DONE
20/10/2025 03:14:38:	NO ACTION	 DONE
20/10/2025 03:14:38:	close file and end scan	 DONE
call of ifg2r_newPS_2p30s.sc DONE
20/10/2025 03:14:39:	move motor	S18.axis2.phaseshifter 2 to fit O COS90	-1.082930reached -1.07666  DONE
call of ifg2R_newPS_2p30s_m90_+1+1+1_wv1.sc DONE
20/10/2025 03:14:43:	create file	D:\data\Cycle 198\exp_3-16-19\rawdata\sc\ifg_wv1_psi_+1+1+1_20Oct0314.dat	 DONE
room to enter remarks DONE
20/10/2025 03:14:44:	MOVE MOTOR REL	S18.axis2.phaseshifter 2	deg	0.0	FALSE DONE
20/10/2025 03:14:48:	1	count	time	30.0s/cts	O Det=3586	H Det=4582	Mon Det=73116	Aux Det=5171	O+H=13339	 DONE
20/10/2025 03:15:19:	MOVE MOTOR REL	S18.axis2.phaseshifter 2	deg	0.07	FALSE DONE
20/10/2025 03:15:23:	2	count	time	30.0s/cts	O Det=2794	H Det=5545	Mon Det=72480	Aux Det=4993	O+H=13332	 DONE
20/10/2025 03:15:55:	MOVE MOTOR REL	S18.axis2.phaseshifter 2	deg	0.07	FALSE DONE
20/10/2025 03:15:58:	3	count	time	30.0s/cts	O Det=1892	H Det=6134	Mon Det=72823	Aux Det=5171	O+H=13197	 DONE
20/10/2025 03:16:30:	MOVE MOTOR REL	S18.axis2.phaseshifter 2	deg	0.07	FALSE DONE
20/10/2025 03:16:34:	4	count	time	30.0s/cts	O Det=1356	H Det=6657	Mon Det=72728	Aux Det=4887	O+H=12900	 DONE
20/10/2025 03:17:05:	MOVE MOTOR REL	S18.axis2.phaseshifter 2	deg	0.07	FALSE DONE
20/10/2025 03:17:09:	5	count	time	30.0s/cts	O Det=1338	H Det=6521	Mon Det=72686	Aux Det=5093	O+H=12952	 DONE
20/10/2025 03:17:41:	MOVE MOTOR REL	S18.axis2.phaseshifter 2	deg	0.07	FALSE DONE
20/10/2025 03:17:44:	6	count	time	30.0s/cts	O Det=1610	H Det=6511	Mon Det=72839	Aux Det=4786	O+H=12907	 DONE
20/10/2025 03:18:16:	MOVE MOTOR REL	S18.axis2.phaseshifter 2	deg	0.07	FALSE DONE
20/10/2025 03:18:20:	7	count	time	30.0s/cts	O Det=2228	H Det=5784	Mon Det=72844	Aux Det=5072	O+H=13084	 DONE
20/10/2025 03:18:51:	MOVE MOTOR REL	S18.axis2.phaseshifter 2	deg	0.07	FALSE DONE
20/10/2025 03:18:55:	8	count	time	30.0s/cts	O Det=3220	H Det=5030	Mon Det=73067	Aux Det=5024	O+H=13274	 DONE
20/10/2025 03:19:27:	MOVE MOTOR REL	S18.axis2.phaseshifter 2	deg	0.07	FALSE DONE
20/10/2025 03:19:30:	9	count	time	30.0s/cts	O Det=4307	H Det=4126	Mon Det=72850	Aux Det=4897	O+H=13330	 DONE
20/10/2025 03:20:02:	MOVE MOTOR REL	S18.axis2.phaseshifter 2	deg	0.07	FALSE DONE
20/10/2025 03:20:06:	10	count	time	30.0s/cts	O Det=5319	H Det=3204	Mon Det=73331	Aux Det=5134	O+H=13657	 DONE
20/10/2025 03:20:37:	MOVE MOTOR REL	S18.axis2.phaseshifter 2	deg	0.07	FALSE DONE
20/10/2025 03:20:41:	11	count	time	30.0s/cts	O Det=5893	H Det=2658	Mon Det=73226	Aux Det=5157	O+H=13708	 DONE
20/10/2025 03:21:13:	MOVE MOTOR REL	S18.axis2.phaseshifter 2	deg	0.07	FALSE DONE
20/10/2025 03:21:16:	12	count	time	30.0s/cts	O Det=6233	H Det=2392	Mon Det=72565	Aux Det=5033	O+H=13658	 DONE
20/10/2025 03:21:48:	MOVE MOTOR REL	S18.axis2.phaseshifter 2	deg	0.07	FALSE DONE
20/10/2025 03:21:51:	13	count	time	30.0s/cts	O Det=6212	H Det=2354	Mon Det=73212	Aux Det=5015	O+H=13581	 DONE
20/10/2025 03:22:23:	MOVE MOTOR REL	S18.axis2.phaseshifter 2	deg	0.07	FALSE DONE
20/10/2025 03:22:27:	14	count	time	30.0s/cts	O Det=5944	H Det=2516	Mon Det=73010	Aux Det=5015	O+H=13475	 DONE
20/10/2025 03:22:58:	MOVE MOTOR REL	S18.axis2.phaseshifter 2	deg	0.07	FALSE DONE
20/10/2025 03:23:02:	15	count	time	30.0s/cts	O Det=5223	H Det=3266	Mon Det=73011	Aux Det=5069	O+H=13558	 DONE
20/10/2025 03:23:34:	MOVE MOTOR REL	S18.axis2.phaseshifter 2	deg	0.07	FALSE DONE
20/10/2025 03:23:37:	16	count	time	30.0s/cts	O Det=4159	H Det=4106	Mon Det=72555	Aux Det=5014	O+H=13279	 DONE
20/10/2025 03:24:09:	MOVE MOTOR REL	S18.axis2.phaseshifter 2	deg	0.07	FALSE DONE
20/10/2025 03:24:13:	17	count	time	30.0s/cts	O Det=3246	H Det=4893	Mon Det=72496	Aux Det=5151	O+H=13290	 DONE
20/10/2025 03:24:44:	MOVE MOTOR REL	S18.axis2.phaseshifter 2	deg	0.07	FALSE DONE
20/10/2025 03:24:48:	18	count	time	30.0s/cts	O Det=2441	H Det=5748	Mon Det=73218	Aux Det=5091	O+H=13280	 DONE
20/10/2025 03:25:20:	MOVE MOTOR REL	S18.axis2.phaseshifter 2	deg	0.07	FALSE DONE
20/10/2025 03:25:23:	19	count	time	30.0s/cts	O Det=1675	H Det=6250	Mon Det=73235	Aux Det=5041	O+H=12966	 DONE
20/10/2025 03:25:55:	MOVE MOTOR REL	S18.axis2.phaseshifter 2	deg	0.07	FALSE DONE
20/10/2025 03:25:59:	20	count	time	30.0s/cts	O Det=1304	H Det=6775	Mon Det=72938	Aux Det=4947	O+H=13026	 DONE
20/10/2025 03:26:30:	MOVE MOTOR REL	S18.axis2.phaseshifter 2	deg	0.07	FALSE DONE
20/10/2025 03:26:34:	21	count	time	30.0s/cts	O Det=1288	H Det=6806	Mon Det=72667	Aux Det=5052	O+H=13146	 DONE
20/10/2025 03:27:06:	MOVE MOTOR REL	S18.axis2.phaseshifter 2	deg	0.07	FALSE DONE
20/10/2025 03:27:09:	22	count	time	30.0s/cts	O Det=1765	H Det=6227	Mon Det=73190	Aux Det=4986	O+H=12978	 DONE
20/10/2025 03:27:41:	MOVE MOTOR REL	S18.axis2.phaseshifter 2	deg	0.07	FALSE DONE
20/10/2025 03:27:45:	23	count	time	30.0s/cts	O Det=2345	H Det=5652	Mon Det=73169	Aux Det=4999	O+H=12996	 DONE
20/10/2025 03:28:16:	MOVE MOTOR REL	S18.axis2.phaseshifter 2	deg	0.07	FALSE DONE
20/10/2025 03:28:20:	24	count	time	30.0s/cts	O Det=3374	H Det=4831	Mon Det=72917	Aux Det=5218	O+H=13423	 DONE
20/10/2025 03:28:52:	MOVE MOTOR REL	S18.axis2.phaseshifter 2	deg	0.07	FALSE DONE
20/10/2025 03:28:55:	25	count	time	30.0s/cts	O Det=4525	H Det=3957	Mon Det=72601	Aux Det=5072	O+H=13554	 DONE
20/10/2025 03:29:27:	MOVE MOTOR REL	S18.axis2.phaseshifter 2	deg	0.07	FALSE DONE
20/10/2025 03:29:31:	26	count	time	30.0s/cts	O Det=5203	H Det=3082	Mon Det=73065	Aux Det=4891	O+H=13176	 DONE
20/10/2025 03:30:02:	MOVE MOTOR REL	S18.axis2.phaseshifter 2	deg	0.07	FALSE DONE
20/10/2025 03:30:06:	27	count	time	30.0s/cts	O Det=6059	H Det=2499	Mon Det=73357	Aux Det=5059	O+H=13617	 DONE
20/10/2025 03:30:38:	MOVE MOTOR REL	S18.axis2.phaseshifter 2	deg	0.07	FALSE DONE
20/10/2025 03:30:41:	28	count	time	30.0s/cts	O Det=6417	H Det=2271	Mon Det=72456	Aux Det=4953	O+H=13641	 DONE
20/10/2025 03:31:13:	MOVE MOTOR REL	S18.axis2.phaseshifter 2	deg	0.07	FALSE DONE
20/10/2025 03:31:17:	29	count	time	30.0s/cts	O Det=6157	H Det=2454	Mon Det=72914	Aux Det=5088	O+H=13699	 DONE
20/10/2025 03:31:48:	MOVE MOTOR REL	S18.axis2.phaseshifter 2	deg	0.07	FALSE DONE
20/10/2025 03:31:52:	30	count	time	30.0s/cts	O Det=5688	H Det=2900	Mon Det=72579	Aux Det=5093	O+H=13681	 DONE
20/10/2025 03:32:24:	MOVE MOTOR REL	S18.axis2.phaseshifter 2	deg	0.07	FALSE DONE
20/10/2025 03:32:27:	31	count	time	30.0s/cts	O Det=4919	H Det=3428	Mon Det=73226	Aux Det=4954	O+H=13301	 DONE
20/10/2025 03:32:59:	MOVE MOTOR REL	S18.axis2.phaseshifter 2	deg	0.07	FALSE DONE
20/10/2025 03:33:02:	32	count	time	30.0s/cts	O Det=3898	H Det=4401	Mon Det=73095	Aux Det=5051	O+H=13350	 DONE
20/10/2025 03:33:34:	NO ACTION	 DONE
20/10/2025 03:33:35:	close file and end scan	 DONE
call of ifg2r_newPS_2p30s.sc DONE
20/10/2025 03:33:36:	move motor	S18.axis2.phaseshifter 2 to fit O COS-180	-0.837243reached -0.82397  DONE
call of ifg2R_newPS_2p30s_p90_+1+1+1_wv1.sc DONE
20/10/2025 03:33:40:	create file	D:\data\Cycle 198\exp_3-16-19\rawdata\sc\ifg_wv1_psi_+1+1+1_20Oct0333.dat	 DONE
room to enter remarks DONE
20/10/2025 03:33:41:	MOVE MOTOR REL	S18.axis2.phaseshifter 2	deg	0.0	FALSE DONE
20/10/2025 03:33:44:	1	count	time	30.0s/cts	O Det=1298	H Det=6543	Mon Det=73034	Aux Det=4930	O+H=12771	 DONE
20/10/2025 03:34:16:	MOVE MOTOR REL	S18.axis2.phaseshifter 2	deg	0.07	FALSE DONE
20/10/2025 03:34:19:	2	count	time	30.0s/cts	O Det=1445	H Det=6539	Mon Det=73203	Aux Det=5144	O+H=13128	 DONE
20/10/2025 03:34:51:	MOVE MOTOR REL	S18.axis2.phaseshifter 2	deg	0.07	FALSE DONE
20/10/2025 03:34:55:	3	count	time	30.0s/cts	O Det=1796	H Det=6303	Mon Det=72301	Aux Det=5104	O+H=13203	 DONE
20/10/2025 03:35:27:	MOVE MOTOR REL	S18.axis2.phaseshifter 2	deg	0.07	FALSE DONE
20/10/2025 03:35:30:	4	count	time	30.0s/cts	O Det=2576	H Det=5535	Mon Det=72454	Aux Det=5034	O+H=13145	 DONE
20/10/2025 03:36:02:	MOVE MOTOR REL	S18.axis2.phaseshifter 2	deg	0.07	FALSE DONE
20/10/2025 03:36:06:	5	count	time	30.0s/cts	O Det=3523	H Det=4717	Mon Det=72818	Aux Det=4964	O+H=13204	 DONE
20/10/2025 03:36:37:	MOVE MOTOR REL	S18.axis2.phaseshifter 2	deg	0.07	FALSE DONE
20/10/2025 03:36:41:	6	count	time	30.0s/cts	O Det=4562	H Det=3781	Mon Det=72782	Aux Det=4993	O+H=13336	 DONE
20/10/2025 03:37:12:	MOVE MOTOR REL	S18.axis2.phaseshifter 2	deg	0.07	FALSE DONE
20/10/2025 03:37:16:	7	count	time	30.0s/cts	O Det=5383	H Det=3162	Mon Det=72730	Aux Det=5020	O+H=13565	 DONE
20/10/2025 03:37:48:	MOVE MOTOR REL	S18.axis2.phaseshifter 2	deg	0.07	FALSE DONE
20/10/2025 03:37:51:	8	count	time	30.0s/cts	O Det=6106	H Det=2453	Mon Det=73154	Aux Det=4817	O+H=13376	 DONE
20/10/2025 03:38:23:	MOVE MOTOR REL	S18.axis2.phaseshifter 2	deg	0.07	FALSE DONE
20/10/2025 03:38:27:	9	count	time	30.0s/cts	O Det=6147	H Det=2185	Mon Det=73321	Aux Det=5007	O+H=13339	 DONE
20/10/2025 03:38:58:	MOVE MOTOR REL	S18.axis2.phaseshifter 2	deg	0.07	FALSE DONE
20/10/2025 03:39:02:	10	count	time	30.0s/cts	O Det=6310	H Det=2370	Mon Det=72934	Aux Det=4937	O+H=13617	 DONE
20/10/2025 03:39:34:	MOVE MOTOR REL	S18.axis2.phaseshifter 2	deg	0.07	FALSE DONE
20/10/2025 03:39:37:	11	count	time	30.0s/cts	O Det=5564	H Det=2861	Mon Det=73149	Aux Det=5021	O+H=13446	 DONE
20/10/2025 03:40:09:	MOVE MOTOR REL	S18.axis2.phaseshifter 2	deg	0.07	FALSE DONE
20/10/2025 03:40:13:	12	count	time	30.0s/cts	O Det=5068	H Det=3324	Mon Det=73236	Aux Det=4960	O+H=13352	 DONE
20/10/2025 03:40:44:	MOVE MOTOR REL	S18.axis2.phaseshifter 2	deg	0.07	FALSE DONE
20/10/2025 03:40:48:	13	count	time	30.0s/cts	O Det=4064	H Det=4210	Mon Det=72533	Aux Det=5023	O+H=13297	 DONE
20/10/2025 03:41:20:	MOVE MOTOR REL	S18.axis2.phaseshifter 2	deg	0.07	FALSE DONE
20/10/2025 03:41:23:	14	count	time	30.0s/cts	O Det=3307	H Det=5079	Mon Det=73448	Aux Det=5051	O+H=13437	 DONE
20/10/2025 03:41:55:	MOVE MOTOR REL	S18.axis2.phaseshifter 2	deg	0.07	FALSE DONE
20/10/2025 03:41:59:	15	count	time	30.0s/cts	O Det=2299	H Det=5711	Mon Det=73326	Aux Det=5082	O+H=13092	 DONE
20/10/2025 03:42:30:	MOVE MOTOR REL	S18.axis2.phaseshifter 2	deg	0.07	FALSE DONE
20/10/2025 03:42:34:	16	count	time	30.0s/cts	O Det=1583	H Det=6374	Mon Det=73067	Aux Det=5066	O+H=13023	 DONE
20/10/2025 03:43:06:	MOVE MOTOR REL	S18.axis2.phaseshifter 2	deg	0.07	FALSE DONE
20/10/2025 03:43:10:	17	count	time	30.0s/cts	O Det=1307	H Det=6561	Mon Det=72962	Aux Det=5061	O+H=12929	 DONE
20/10/2025 03:43:41:	MOVE MOTOR REL	S18.axis2.phaseshifter 2	deg	0.07	FALSE DONE
20/10/2025 03:43:45:	18	count	time	30.0s/cts	O Det=1402	H Det=6535	Mon Det=72715	Aux Det=5047	O+H=12984	 DONE
20/10/2025 03:44:17:	MOVE MOTOR REL	S18.axis2.phaseshifter 2	deg	0.07	FALSE DONE
20/10/2025 03:44:20:	19	count	time	30.0s/cts	O Det=1858	H Det=6170	Mon Det=73486	Aux Det=5062	O+H=13090	 DONE
20/10/2025 03:44:52:	MOVE MOTOR REL	S18.axis2.phaseshifter 2	deg	0.07	FALSE DONE
20/10/2025 03:44:56:	20	count	time	30.0s/cts	O Det=2500	H Det=5478	Mon Det=73247	Aux Det=4932	O+H=12910	 DONE
20/10/2025 03:45:27:	MOVE MOTOR REL	S18.axis2.phaseshifter 2	deg	0.07	FALSE DONE
20/10/2025 03:45:31:	21	count	time	30.0s/cts	O Det=3504	H Det=4662	Mon Det=72573	Aux Det=5024	O+H=13190	 DONE
20/10/2025 03:46:03:	MOVE MOTOR REL	S18.axis2.phaseshifter 2	deg	0.07	FALSE DONE
20/10/2025 03:46:07:	22	count	time	30.0s/cts	O Det=4549	H Det=3797	Mon Det=72721	Aux Det=4970	O+H=13316	 DONE
20/10/2025 03:46:38:	MOVE MOTOR REL	S18.axis2.phaseshifter 2	deg	0.07	FALSE DONE
20/10/2025 03:46:42:	23	count	time	30.0s/cts	O Det=5314	H Det=3218	Mon Det=72992	Aux Det=5028	O+H=13560	 DONE
20/10/2025 03:47:14:	MOVE MOTOR REL	S18.axis2.phaseshifter 2	deg	0.07	FALSE DONE
20/10/2025 03:47:17:	24	count	time	30.0s/cts	O Det=6011	H Det=2599	Mon Det=73054	Aux Det=5035	O+H=13645	 DONE
20/10/2025 03:47:49:	MOVE MOTOR REL	S18.axis2.phaseshifter 2	deg	0.07	FALSE DONE
20/10/2025 03:47:52:	25	count	time	30.0s/cts	O Det=6353	H Det=2200	Mon Det=73065	Aux Det=4951	O+H=13504	 DONE
20/10/2025 03:48:24:	MOVE MOTOR REL	S18.axis2.phaseshifter 2	deg	0.07	FALSE DONE
20/10/2025 03:48:28:	26	count	time	30.0s/cts	O Det=6125	H Det=2314	Mon Det=72784	Aux Det=5024	O+H=13463	 DONE
20/10/2025 03:48:59:	MOVE MOTOR REL	S18.axis2.phaseshifter 2	deg	0.07	FALSE DONE
20/10/2025 03:49:03:	27	count	time	30.0s/cts	O Det=5684	H Det=2772	Mon Det=72833	Aux Det=4922	O+H=13378	 DONE
20/10/2025 03:49:35:	MOVE MOTOR REL	S18.axis2.phaseshifter 2	deg	0.07	FALSE DONE
20/10/2025 03:49:38:	28	count	time	30.0s/cts	O Det=4948	H Det=3380	Mon Det=73041	Aux Det=5046	O+H=13374	 DONE
20/10/2025 03:50:10:	MOVE MOTOR REL	S18.axis2.phaseshifter 2	deg	0.07	FALSE DONE
20/10/2025 03:50:14:	29	count	time	30.0s/cts	O Det=4099	H Det=4281	Mon Det=73444	Aux Det=5020	O+H=13400	 DONE
20/10/2025 03:50:45:	MOVE MOTOR REL	S18.axis2.phaseshifter 2	deg	0.07	FALSE DONE
20/10/2025 03:50:49:	30	count	time	30.0s/cts	O Det=3102	H Det=5029	Mon Det=72425	Aux Det=5007	O+H=13138	 DONE
20/10/2025 03:51:21:	MOVE MOTOR REL	S18.axis2.phaseshifter 2	deg	0.07	FALSE DONE
20/10/2025 03:51:24:	31	count	time	30.0s/cts	O Det=2249	H Det=5673	Mon Det=72891	Aux Det=5034	O+H=12956	 DONE
20/10/2025 03:51:56:	MOVE MOTOR REL	S18.axis2.phaseshifter 2	deg	0.07	FALSE DONE
20/10/2025 03:52:00:	32	count	time	30.0s/cts	O Det=1600	H Det=6423	Mon Det=72817	Aux Det=4899	O+H=12922	 DONE
20/10/2025 03:52:31:	NO ACTION	 DONE
20/10/2025 03:52:32:	close file and end scan	 DONE
call of ifg2r_newPS_2p30s.sc DONE
call of ifg2R_newPS_2p30s_p180.sc DONE
20/10/2025 03:52:33:	move motor	S18.auxiliary.Robot Z to 207413.00000um	reached 207412.00000  DONE
call of robot_Zout_doubleCd.sc DONE
20/10/2025 03:52:37:	move motor	S18.auxiliary.Robot rot big to 90.00000deg	reached 90.00000  DONE
20/10/2025 03:52:39:	move motor	S18.auxiliary.Robot Diagonal to 26000.00000um	reached 25997.79402  DONE
20/10/2025 03:53:03:	move motor	S18.auxiliary.Robot Z to 207413.00000um	reached 207427.00000  DONE
call of robot_Zout_doubleCd.sc DONE
20/10/2025 03:53:06:	move motor	S18.auxiliary.Robot rot big to 90.00000deg	reached 90.00000  DONE
20/10/2025 03:53:09:	move motor	S18.auxiliary.Robot Z to 292012.00000um	reached 292012.00000  DONE
call of robot_Zin_doubleCd.sc DONE
call of Block_path13_doubleCd.sc DONE
20/10/2025 03:53:17:	move motor	S18.auxiliary.Robot Diagonal to 25999.900000um	 DONE
20/10/2025 03:53:24:	create file	D:\data\Cycle 198\exp_3-16-19\rawdata\sc\ifg_wv1_psi_+1+1+1_20Oct0353.dat	 DONE
room to enter remarks DONE
20/10/2025 03:53:25:	move motor	S18.auxiliary.Robot Diagonal to 26000.000000um	 DONE
20/10/2025 03:53:31:	1	count	time	60.000000s/cts	O Det=1728	H Det=1798	Mon Det=145644	Aux Det=6008	O+H=9534	 DONE
20/10/2025 03:54:33:	move motor	S18.auxiliary.Robot Diagonal to 48000.000000um	 DONE
20/10/2025 03:54:48:	2	count	time	60.000000s/cts	O Det=1818	H Det=3209	Mon Det=145675	Aux Det=46	O+H=5073	 DONE
20/10/2025 03:55:49:	move motor	S18.auxiliary.Robot Diagonal to 70000.000000um	 DONE
20/10/2025 03:56:04:	3	count	time	60.000000s/cts	O Det=1848	H Det=1725	Mon Det=144795	Aux Det=11852	O+H=15425	 DONE
20/10/2025 03:57:06:	close file and end scan	 DONE
20/10/2025 03:57:06:	move motor	S18.auxiliary.Robot Z to 207413.00000um	reached 207426.00000  DONE
call of robot_Zout_doubleCd.sc DONE
call of int_meas_path213.sc DONE
20/10/2025 03:57:14:	END OF SCRIPT	 DONE
