11/10/2025 15:22:16:	start execution of script D:\data\Cycle 198\exp_3-16-19\rawdata\sc\ifg_wv2_psi_+1+1+1.sc	 DONE
11/10/2025 15:22:17:	create file	D:\data\Cycle 198\exp_3-16-19\rawdata\sc\ifg_wv2_psi_+1+1+1_11Oct1522.dat	 DONE
room to enter remarks DONE
11/10/2025 15:22:18:	MOVE MOTOR REL	S18.axis2.phaseshifter both	deg	0.0	FALSE DONE
11/10/2025 15:22:22:	1	count	time	30.0s/cts	O Det=6790	H Det=2115	Mon Det=93392	Aux Det=5080	O+H=13985	 DONE
11/10/2025 15:22:53:	MOVE MOTOR REL	S18.axis2.phaseshifter both	deg	0.07	FALSE DONE
11/10/2025 15:22:58:	2	count	time	30.0s/cts	O Det=6679	H Det=2058	Mon Det=92243	Aux Det=5184	O+H=13921	 DONE
11/10/2025 15:23:29:	MOVE MOTOR REL	S18.axis2.phaseshifter both	deg	0.07	FALSE DONE
11/10/2025 15:23:34:	3	count	time	30.0s/cts	O Det=6155	H Det=2030	Mon Det=93337	Aux Det=6200	O+H=14385	 DONE
11/10/2025 15:24:06:	MOVE MOTOR REL	S18.axis2.phaseshifter both	deg	0.07	FALSE DONE
11/10/2025 15:24:10:	4	count	time	30.0s/cts	O Det=5347	H Det=2165	Mon Det=93043	Aux Det=7477	O+H=14989	 DONE
11/10/2025 15:24:42:	MOVE MOTOR REL	S18.axis2.phaseshifter both	deg	0.07	FALSE DONE
11/10/2025 15:24:46:	5	count	time	30.0s/cts	O Det=4146	H Det=2082	Mon Det=93679	Aux Det=9207	O+H=15435	 DONE
11/10/2025 15:25:18:	MOVE MOTOR REL	S18.axis2.phaseshifter both	deg	0.07	FALSE DONE
11/10/2025 15:25:23:	6	count	time	30.0s/cts	O Det=2990	H Det=2375	Mon Det=92934	Aux Det=10640	O+H=16005	 DONE
11/10/2025 15:25:54:	MOVE MOTOR REL	S18.axis2.phaseshifter both	deg	0.07	FALSE DONE
11/10/2025 15:25:59:	7	count	time	30.0s/cts	O Det=2279	H Det=2478	Mon Det=92706	Aux Det=11726	O+H=16483	 DONE
11/10/2025 15:26:30:	MOVE MOTOR REL	S18.axis2.phaseshifter both	deg	0.07	FALSE DONE
11/10/2025 15:26:35:	8	count	time	30.0s/cts	O Det=1774	H Det=2389	Mon Det=92918	Aux Det=12499	O+H=16662	 DONE
11/10/2025 15:27:07:	MOVE MOTOR REL	S18.axis2.phaseshifter both	deg	0.07	FALSE DONE
11/10/2025 15:27:11:	9	count	time	30.0s/cts	O Det=1599	H Det=2413	Mon Det=93801	Aux Det=12804	O+H=16816	 DONE
11/10/2025 15:27:43:	MOVE MOTOR REL	S18.axis2.phaseshifter both	deg	0.07	FALSE DONE
11/10/2025 15:27:47:	10	count	time	30.0s/cts	O Det=2013	H Det=2332	Mon Det=93100	Aux Det=12572	O+H=16917	 DONE
11/10/2025 15:28:19:	MOVE MOTOR REL	S18.axis2.phaseshifter both	deg	0.07	FALSE DONE
11/10/2025 15:28:23:	11	count	time	30.0s/cts	O Det=2501	H Det=2405	Mon Det=93198	Aux Det=11519	O+H=16425	 DONE
11/10/2025 15:28:55:	MOVE MOTOR REL	S18.axis2.phaseshifter both	deg	0.07	FALSE DONE
11/10/2025 15:29:00:	12	count	time	30.0s/cts	O Det=3283	H Det=2303	Mon Det=92620	Aux Det=10248	O+H=15834	 DONE
11/10/2025 15:29:31:	MOVE MOTOR REL	S18.axis2.phaseshifter both	deg	0.07	FALSE DONE
11/10/2025 15:29:36:	13	count	time	30.0s/cts	O Det=4567	H Det=2190	Mon Det=93438	Aux Det=8488	O+H=15245	 DONE
11/10/2025 15:30:08:	MOVE MOTOR REL	S18.axis2.phaseshifter both	deg	0.07	FALSE DONE
11/10/2025 15:30:12:	14	count	time	30.0s/cts	O Det=5557	H Det=2112	Mon Det=93043	Aux Det=7068	O+H=14737	 DONE
11/10/2025 15:30:44:	MOVE MOTOR REL	S18.axis2.phaseshifter both	deg	0.07	FALSE DONE
11/10/2025 15:30:48:	15	count	time	30.0s/cts	O Det=6428	H Det=2129	Mon Det=93428	Aux Det=5844	O+H=14401	 DONE
11/10/2025 15:31:20:	MOVE MOTOR REL	S18.axis2.phaseshifter both	deg	0.07	FALSE DONE
11/10/2025 15:31:25:	16	count	time	30.0s/cts	O Det=6670	H Det=2044	Mon Det=92732	Aux Det=5187	O+H=13901	 DONE
11/10/2025 15:31:56:	MOVE MOTOR REL	S18.axis2.phaseshifter both	deg	0.07	FALSE DONE
11/10/2025 15:32:01:	17	count	time	30.0s/cts	O Det=6887	H Det=2083	Mon Det=93177	Aux Det=4906	O+H=13876	 DONE
11/10/2025 15:32:32:	MOVE MOTOR REL	S18.axis2.phaseshifter both	deg	0.07	FALSE DONE
11/10/2025 15:32:37:	18	count	time	30.0s/cts	O Det=6635	H Det=2136	Mon Det=93706	Aux Det=5350	O+H=14121	 DONE
11/10/2025 15:33:09:	MOVE MOTOR REL	S18.axis2.phaseshifter both	deg	0.07	FALSE DONE
11/10/2025 15:33:13:	19	count	time	30.0s/cts	O Det=5861	H Det=2238	Mon Det=92651	Aux Det=6269	O+H=14368	 DONE
11/10/2025 15:33:45:	MOVE MOTOR REL	S18.axis2.phaseshifter both	deg	0.07	FALSE DONE
11/10/2025 15:33:49:	20	count	time	30.0s/cts	O Det=4977	H Det=2348	Mon Det=92247	Aux Det=7574	O+H=14899	 DONE
11/10/2025 15:34:21:	MOVE MOTOR REL	S18.axis2.phaseshifter both	deg	0.07	FALSE DONE
11/10/2025 15:34:25:	21	count	time	30.0s/cts	O Det=3876	H Det=2396	Mon Det=93413	Aux Det=9044	O+H=15316	 DONE
11/10/2025 15:34:57:	MOVE MOTOR REL	S18.axis2.phaseshifter both	deg	0.07	FALSE DONE
11/10/2025 15:35:02:	22	count	time	30.0s/cts	O Det=3103	H Det=2255	Mon Det=92590	Aux Det=10806	O+H=16164	 DONE
11/10/2025 15:35:33:	MOVE MOTOR REL	S18.axis2.phaseshifter both	deg	0.07	FALSE DONE
11/10/2025 15:35:38:	23	count	time	30.0s/cts	O Det=2218	H Det=2393	Mon Det=92932	Aux Det=11619	O+H=16230	 DONE
11/10/2025 15:36:10:	MOVE MOTOR REL	S18.axis2.phaseshifter both	deg	0.07	FALSE DONE
11/10/2025 15:36:14:	24	count	time	30.0s/cts	O Det=1726	H Det=2394	Mon Det=92976	Aux Det=12639	O+H=16759	 DONE
11/10/2025 15:36:46:	MOVE MOTOR REL	S18.axis2.phaseshifter both	deg	0.07	FALSE DONE
11/10/2025 15:36:50:	25	count	time	30.0s/cts	O Det=1574	H Det=2331	Mon Det=92582	Aux Det=12741	O+H=16646	 DONE
11/10/2025 15:37:22:	MOVE MOTOR REL	S18.axis2.phaseshifter both	deg	0.07	FALSE DONE
11/10/2025 15:37:26:	26	count	time	30.0s/cts	O Det=1845	H Det=2476	Mon Det=92901	Aux Det=12500	O+H=16821	 DONE
11/10/2025 15:37:58:	MOVE MOTOR REL	S18.axis2.phaseshifter both	deg	0.07	FALSE DONE
11/10/2025 15:38:03:	27	count	time	30.0s/cts	O Det=2578	H Det=2316	Mon Det=93296	Aux Det=11430	O+H=16324	 DONE
11/10/2025 15:38:34:	MOVE MOTOR REL	S18.axis2.phaseshifter both	deg	0.07	FALSE DONE
11/10/2025 15:38:39:	28	count	time	30.0s/cts	O Det=3441	H Det=2314	Mon Det=93169	Aux Det=10224	O+H=15979	 DONE
11/10/2025 15:39:11:	MOVE MOTOR REL	S18.axis2.phaseshifter both	deg	0.07	FALSE DONE
11/10/2025 15:39:15:	29	count	time	30.0s/cts	O Det=4390	H Det=2285	Mon Det=93363	Aux Det=8799	O+H=15474	 DONE
11/10/2025 15:39:47:	MOVE MOTOR REL	S18.axis2.phaseshifter both	deg	0.07	FALSE DONE
11/10/2025 15:39:51:	30	count	time	30.0s/cts	O Det=5259	H Det=2050	Mon Det=92864	Aux Det=7397	O+H=14706	 DONE
11/10/2025 15:40:23:	NO ACTION	 DONE
11/10/2025 15:40:23:	close file and end scan	 DONE
call of ifg12r_newPS_2p30s_AP.sc DONE
11/10/2025 15:40:24:	move motor	S18.axis2.phaseshifter both to fit O COS-90	-1.379899reached -1.37329  DONE
call of ifg12R_newPS_2p30s_0.sc DONE
11/10/2025 15:40:30:	create file	D:\data\Cycle 198\exp_3-16-19\rawdata\sc\ifg_wv2_psi_+1+1+1_11Oct1540.dat	 DONE
room to enter remarks DONE
11/10/2025 15:40:31:	MOVE MOTOR REL	S18.axis2.phaseshifter both	deg	0.0	FALSE DONE
11/10/2025 15:40:35:	1	count	time	30.0s/cts	O Det=4405	H Det=2196	Mon Det=93121	Aux Det=8770	O+H=15371	 DONE
11/10/2025 15:41:07:	MOVE MOTOR REL	S18.axis2.phaseshifter both	deg	0.07	FALSE DONE
11/10/2025 15:41:11:	2	count	time	30.0s/cts	O Det=5381	H Det=2145	Mon Det=93123	Aux Det=7074	O+H=14600	 DONE
11/10/2025 15:41:43:	MOVE MOTOR REL	S18.axis2.phaseshifter both	deg	0.07	FALSE DONE
11/10/2025 15:41:47:	3	count	time	30.0s/cts	O Det=6317	H Det=2017	Mon Det=93224	Aux Det=5980	O+H=14314	 DONE
11/10/2025 15:42:19:	MOVE MOTOR REL	S18.axis2.phaseshifter both	deg	0.07	FALSE DONE
11/10/2025 15:42:24:	4	count	time	30.0s/cts	O Det=6652	H Det=2113	Mon Det=93500	Aux Det=5349	O+H=14114	 DONE
11/10/2025 15:43:48:	MOVE MOTOR REL	S18.axis2.phaseshifter both	deg	0.07	FALSE DONE
11/10/2025 15:43:52:	5	count	time	30.0s/cts	O Det=6678	H Det=2209	Mon Det=93567	Aux Det=5168	O+H=14055	 DONE
11/10/2025 15:44:24:	MOVE MOTOR REL	S18.axis2.phaseshifter both	deg	0.07	FALSE DONE
11/10/2025 15:44:28:	6	count	time	30.0s/cts	O Det=6452	H Det=2159	Mon Det=93301	Aux Det=5456	O+H=14067	 DONE
11/10/2025 15:45:00:	MOVE MOTOR REL	S18.axis2.phaseshifter both	deg	0.07	FALSE DONE
11/10/2025 15:45:05:	7	count	time	30.0s/cts	O Det=5589	H Det=2240	Mon Det=92726	Aux Det=6640	O+H=14469	 DONE
11/10/2025 15:45:36:	MOVE MOTOR REL	S18.axis2.phaseshifter both	deg	0.07	FALSE DONE
11/10/2025 15:45:41:	8	count	time	30.0s/cts	O Det=4694	H Det=2517	Mon Det=93091	Aux Det=7570	O+H=14781	 DONE
11/10/2025 15:46:12:	MOVE MOTOR REL	S18.axis2.phaseshifter both	deg	0.07	FALSE DONE
11/10/2025 15:46:17:	9	count	time	30.0s/cts	O Det=3834	H Det=2494	Mon Det=92738	Aux Det=9051	O+H=15379	 DONE
11/10/2025 15:46:49:	MOVE MOTOR REL	S18.axis2.phaseshifter both	deg	0.07	FALSE DONE
11/10/2025 15:46:53:	10	count	time	30.0s/cts	O Det=2871	H Det=2549	Mon Det=92413	Aux Det=10601	O+H=16021	 DONE
11/10/2025 15:47:25:	MOVE MOTOR REL	S18.axis2.phaseshifter both	deg	0.07	FALSE DONE
11/10/2025 15:47:29:	11	count	time	30.0s/cts	O Det=1931	H Det=2507	Mon Det=92859	Aux Det=11719	O+H=16157	 DONE
11/10/2025 15:48:01:	MOVE MOTOR REL	S18.axis2.phaseshifter both	deg	0.07	FALSE DONE
11/10/2025 15:48:05:	12	count	time	30.0s/cts	O Det=1644	H Det=2406	Mon Det=92991	Aux Det=12860	O+H=16910	 DONE
11/10/2025 15:48:37:	MOVE MOTOR REL	S18.axis2.phaseshifter both	deg	0.07	FALSE DONE
11/10/2025 15:48:42:	13	count	time	30.0s/cts	O Det=1662	H Det=2384	Mon Det=93096	Aux Det=12678	O+H=16724	 DONE
11/10/2025 15:49:13:	MOVE MOTOR REL	S18.axis2.phaseshifter both	deg	0.07	FALSE DONE
11/10/2025 15:49:18:	14	count	time	30.0s/cts	O Det=1989	H Det=2404	Mon Det=92609	Aux Det=12299	O+H=16692	 DONE
11/10/2025 15:49:50:	MOVE MOTOR REL	S18.axis2.phaseshifter both	deg	0.07	FALSE DONE
11/10/2025 15:49:54:	15	count	time	30.0s/cts	O Det=2596	H Det=2277	Mon Det=93127	Aux Det=11430	O+H=16303	 DONE
11/10/2025 15:50:26:	MOVE MOTOR REL	S18.axis2.phaseshifter both	deg	0.07	FALSE DONE
11/10/2025 15:50:30:	16	count	time	30.0s/cts	O Det=3631	H Det=2195	Mon Det=92936	Aux Det=10009	O+H=15835	 DONE
11/10/2025 15:51:02:	MOVE MOTOR REL	S18.axis2.phaseshifter both	deg	0.07	FALSE DONE
11/10/2025 15:51:06:	17	count	time	30.0s/cts	O Det=4485	H Det=2148	Mon Det=92837	Aux Det=8300	O+H=14933	 DONE
11/10/2025 15:51:38:	MOVE MOTOR REL	S18.axis2.phaseshifter both	deg	0.07	FALSE DONE
11/10/2025 15:51:43:	18	count	time	30.0s/cts	O Det=5731	H Det=2016	Mon Det=92655	Aux Det=7019	O+H=14766	 DONE
11/10/2025 15:52:14:	MOVE MOTOR REL	S18.axis2.phaseshifter both	deg	0.07	FALSE DONE
11/10/2025 15:52:19:	19	count	time	30.0s/cts	O Det=6297	H Det=2128	Mon Det=92958	Aux Det=5799	O+H=14224	 DONE
11/10/2025 15:52:51:	MOVE MOTOR REL	S18.axis2.phaseshifter both	deg	0.07	FALSE DONE
11/10/2025 15:52:55:	20	count	time	30.0s/cts	O Det=6752	H Det=2067	Mon Det=93128	Aux Det=5207	O+H=14026	 DONE
11/10/2025 15:53:27:	MOVE MOTOR REL	S18.axis2.phaseshifter both	deg	0.07	FALSE DONE
11/10/2025 15:53:31:	21	count	time	30.0s/cts	O Det=6780	H Det=2063	Mon Det=92697	Aux Det=5149	O+H=13992	 DONE
11/10/2025 15:54:03:	MOVE MOTOR REL	S18.axis2.phaseshifter both	deg	0.07	FALSE DONE
11/10/2025 15:54:08:	22	count	time	30.0s/cts	O Det=6147	H Det=2371	Mon Det=92947	Aux Det=5526	O+H=14044	 DONE
11/10/2025 15:54:39:	MOVE MOTOR REL	S18.axis2.phaseshifter both	deg	0.07	FALSE DONE
11/10/2025 15:54:44:	23	count	time	30.0s/cts	O Det=5454	H Det=2494	Mon Det=92903	Aux Det=6463	O+H=14411	 DONE
11/10/2025 15:55:15:	MOVE MOTOR REL	S18.axis2.phaseshifter both	deg	0.07	FALSE DONE
11/10/2025 15:55:20:	24	count	time	30.0s/cts	O Det=4446	H Det=2576	Mon Det=93511	Aux Det=7680	O+H=14702	 DONE
11/10/2025 15:55:52:	MOVE MOTOR REL	S18.axis2.phaseshifter both	deg	0.07	FALSE DONE
11/10/2025 15:55:56:	25	count	time	30.0s/cts	O Det=3392	H Det=2695	Mon Det=93113	Aux Det=9413	O+H=15500	 DONE
11/10/2025 15:56:28:	MOVE MOTOR REL	S18.axis2.phaseshifter both	deg	0.07	FALSE DONE
11/10/2025 15:56:32:	26	count	time	30.0s/cts	O Det=2688	H Det=2619	Mon Det=93010	Aux Det=10767	O+H=16074	 DONE
11/10/2025 15:57:04:	MOVE MOTOR REL	S18.axis2.phaseshifter both	deg	0.07	FALSE DONE
11/10/2025 15:57:08:	27	count	time	30.0s/cts	O Det=1915	H Det=2546	Mon Det=93277	Aux Det=12096	O+H=16557	 DONE
11/10/2025 15:57:40:	MOVE MOTOR REL	S18.axis2.phaseshifter both	deg	0.07	FALSE DONE
11/10/2025 15:57:45:	28	count	time	30.0s/cts	O Det=1576	H Det=2530	Mon Det=93038	Aux Det=12551	O+H=16657	 DONE
11/10/2025 15:58:16:	MOVE MOTOR REL	S18.axis2.phaseshifter both	deg	0.07	FALSE DONE
11/10/2025 15:58:21:	29	count	time	30.0s/cts	O Det=1690	H Det=2352	Mon Det=92602	Aux Det=12885	O+H=16927	 DONE
11/10/2025 15:58:53:	MOVE MOTOR REL	S18.axis2.phaseshifter both	deg	0.07	FALSE DONE
11/10/2025 15:58:57:	30	count	time	30.0s/cts	O Det=2234	H Det=2087	Mon Det=93247	Aux Det=12201	O+H=16522	 DONE
11/10/2025 15:59:29:	NO ACTION	 DONE
11/10/2025 15:59:29:	close file and end scan	 DONE
call of ifg12r_newPS_2p30s_AP.sc DONE
11/10/2025 15:59:30:	move motor	S18.axis2.phaseshifter both to fit O COS90	-0.869508reached -0.87891  DONE
call of ifg12R_newPS_2p30s_m90.sc DONE
11/10/2025 15:59:36:	create file	D:\data\Cycle 198\exp_3-16-19\rawdata\sc\ifg_wv2_psi_+1+1+1_11Oct1559.dat	 DONE
room to enter remarks DONE
11/10/2025 15:59:37:	MOVE MOTOR REL	S18.axis2.phaseshifter both	deg	0.0	FALSE DONE
11/10/2025 15:59:41:	1	count	time	30.0s/cts	O Det=4245	H Det=2332	Mon Det=93063	Aux Det=8641	O+H=15218	 DONE
11/10/2025 16:00:13:	MOVE MOTOR REL	S18.axis2.phaseshifter both	deg	0.07	FALSE DONE
11/10/2025 16:00:17:	2	count	time	30.0s/cts	O Det=3157	H Det=2500	Mon Det=92594	Aux Det=10165	O+H=15822	 DONE
11/10/2025 16:00:49:	MOVE MOTOR REL	S18.axis2.phaseshifter both	deg	0.07	FALSE DONE
11/10/2025 16:00:53:	3	count	time	30.0s/cts	O Det=2474	H Det=2503	Mon Det=93176	Aux Det=11215	O+H=16192	 DONE
11/10/2025 16:01:25:	MOVE MOTOR REL	S18.axis2.phaseshifter both	deg	0.07	FALSE DONE
11/10/2025 16:01:30:	4	count	time	30.0s/cts	O Det=1903	H Det=2380	Mon Det=92969	Aux Det=12494	O+H=16777	 DONE
11/10/2025 16:02:01:	MOVE MOTOR REL	S18.axis2.phaseshifter both	deg	0.07	FALSE DONE
11/10/2025 16:02:06:	5	count	time	30.0s/cts	O Det=1601	H Det=2430	Mon Det=93457	Aux Det=12587	O+H=16618	 DONE
11/10/2025 16:02:38:	MOVE MOTOR REL	S18.axis2.phaseshifter both	deg	0.07	FALSE DONE
11/10/2025 16:02:42:	6	count	time	30.0s/cts	O Det=1825	H Det=2340	Mon Det=93293	Aux Det=12933	O+H=17098	 DONE
11/10/2025 16:03:14:	MOVE MOTOR REL	S18.axis2.phaseshifter both	deg	0.07	FALSE DONE
11/10/2025 16:03:18:	7	count	time	30.0s/cts	O Det=2286	H Det=2175	Mon Det=93109	Aux Det=12028	O+H=16489	 DONE
11/10/2025 16:03:50:	MOVE MOTOR REL	S18.axis2.phaseshifter both	deg	0.07	FALSE DONE
11/10/2025 16:03:54:	8	count	time	30.0s/cts	O Det=3143	H Det=1969	Mon Det=92767	Aux Det=10830	O+H=15942	 DONE
11/10/2025 16:04:26:	MOVE MOTOR REL	S18.axis2.phaseshifter both	deg	0.07	FALSE DONE
11/10/2025 16:04:31:	9	count	time	30.0s/cts	O Det=4387	H Det=1829	Mon Det=93026	Aux Det=9511	O+H=15727	 DONE
11/10/2025 16:05:02:	MOVE MOTOR REL	S18.axis2.phaseshifter both	deg	0.07	FALSE DONE
11/10/2025 16:05:07:	10	count	time	30.0s/cts	O Det=5398	H Det=1944	Mon Det=93003	Aux Det=7892	O+H=15234	 DONE
11/10/2025 16:05:39:	MOVE MOTOR REL	S18.axis2.phaseshifter both	deg	0.07	FALSE DONE
11/10/2025 16:05:43:	11	count	time	30.0s/cts	O Det=5998	H Det=1884	Mon Det=93209	Aux Det=6619	O+H=14501	 DONE
11/10/2025 16:06:15:	MOVE MOTOR REL	S18.axis2.phaseshifter both	deg	0.07	FALSE DONE
11/10/2025 16:06:19:	12	count	time	30.0s/cts	O Det=6553	H Det=1946	Mon Det=92768	Aux Det=5717	O+H=14216	 DONE
11/10/2025 16:06:51:	MOVE MOTOR REL	S18.axis2.phaseshifter both	deg	0.07	FALSE DONE
11/10/2025 16:06:55:	13	count	time	30.0s/cts	O Det=6696	H Det=2112	Mon Det=92916	Aux Det=5111	O+H=13919	 DONE
11/10/2025 16:07:27:	MOVE MOTOR REL	S18.axis2.phaseshifter both	deg	0.07	FALSE DONE
11/10/2025 16:07:32:	14	count	time	30.0s/cts	O Det=6561	H Det=2324	Mon Det=92868	Aux Det=5147	O+H=14032	 DONE
11/10/2025 16:08:03:	MOVE MOTOR REL	S18.axis2.phaseshifter both	deg	0.07	FALSE DONE
11/10/2025 16:08:08:	15	count	time	30.0s/cts	O Det=6068	H Det=2424	Mon Det=92724	Aux Det=5761	O+H=14253	 DONE
11/10/2025 16:10:15:	MOVE MOTOR REL	S18.axis2.phaseshifter both	deg	0.07	FALSE DONE
11/10/2025 16:10:20:	16	count	time	30.0s/cts	O Det=5229	H Det=2653	Mon Det=93277	Aux Det=6765	O+H=14647	 DONE
11/10/2025 16:10:51:	MOVE MOTOR REL	S18.axis2.phaseshifter both	deg	0.07	FALSE DONE
11/10/2025 16:10:56:	17	count	time	30.0s/cts	O Det=4066	H Det=2731	Mon Det=93145	Aux Det=8221	O+H=15018	 DONE
11/10/2025 16:11:27:	MOVE MOTOR REL	S18.axis2.phaseshifter both	deg	0.07	FALSE DONE
11/10/2025 16:11:32:	18	count	time	30.0s/cts	O Det=3271	H Det=2831	Mon Det=93605	Aux Det=9566	O+H=15668	 DONE
11/10/2025 16:12:04:	MOVE MOTOR REL	S18.axis2.phaseshifter both	deg	0.07	FALSE DONE
11/10/2025 16:12:08:	19	count	time	30.0s/cts	O Det=2461	H Det=2760	Mon Det=93083	Aux Det=10991	O+H=16212	 DONE
11/10/2025 16:12:40:	MOVE MOTOR REL	S18.axis2.phaseshifter both	deg	0.07	FALSE DONE
11/10/2025 16:12:44:	20	count	time	30.0s/cts	O Det=1745	H Det=2645	Mon Det=92753	Aux Det=12086	O+H=16476	 DONE
11/10/2025 16:13:16:	MOVE MOTOR REL	S18.axis2.phaseshifter both	deg	0.07	FALSE DONE
11/10/2025 16:13:20:	21	count	time	30.0s/cts	O Det=1563	H Det=2538	Mon Det=92852	Aux Det=12706	O+H=16807	 DONE
11/10/2025 16:13:52:	MOVE MOTOR REL	S18.axis2.phaseshifter both	deg	0.07	FALSE DONE
11/10/2025 16:13:57:	22	count	time	30.0s/cts	O Det=1711	H Det=2333	Mon Det=93196	Aux Det=12905	O+H=16949	 DONE
11/10/2025 16:14:28:	MOVE MOTOR REL	S18.axis2.phaseshifter both	deg	0.07	FALSE DONE
11/10/2025 16:14:33:	23	count	time	30.0s/cts	O Det=2105	H Det=2063	Mon Det=93087	Aux Det=12462	O+H=16630	 DONE
11/10/2025 16:15:05:	MOVE MOTOR REL	S18.axis2.phaseshifter both	deg	0.07	FALSE DONE
11/10/2025 16:15:09:	24	count	time	30.0s/cts	O Det=2781	H Det=1991	Mon Det=93132	Aux Det=11680	O+H=16452	 DONE
11/10/2025 16:15:41:	MOVE MOTOR REL	S18.axis2.phaseshifter both	deg	0.07	FALSE DONE
11/10/2025 16:15:45:	25	count	time	30.0s/cts	O Det=3952	H Det=1710	Mon Det=92767	Aux Det=10270	O+H=15932	 DONE
11/10/2025 16:16:17:	MOVE MOTOR REL	S18.axis2.phaseshifter both	deg	0.07	FALSE DONE
11/10/2025 16:16:21:	26	count	time	30.0s/cts	O Det=4962	H Det=1779	Mon Det=93187	Aux Det=8836	O+H=15577	 DONE
11/10/2025 16:16:53:	MOVE MOTOR REL	S18.axis2.phaseshifter both	deg	0.07	FALSE DONE
11/10/2025 16:16:58:	27	count	time	30.0s/cts	O Det=5941	H Det=1882	Mon Det=93145	Aux Det=7042	O+H=14865	 DONE
11/10/2025 16:17:30:	MOVE MOTOR REL	S18.axis2.phaseshifter both	deg	0.07	FALSE DONE
11/10/2025 16:17:34:	28	count	time	30.0s/cts	O Det=6245	H Det=1971	Mon Det=92412	Aux Det=5877	O+H=14093	 DONE
11/10/2025 16:18:06:	MOVE MOTOR REL	S18.axis2.phaseshifter both	deg	0.07	FALSE DONE
11/10/2025 16:18:10:	29	count	time	30.0s/cts	O Det=6430	H Det=2189	Mon Det=92944	Aux Det=5464	O+H=14083	 DONE
11/10/2025 16:18:42:	MOVE MOTOR REL	S18.axis2.phaseshifter both	deg	0.07	FALSE DONE
11/10/2025 16:18:46:	30	count	time	30.0s/cts	O Det=6408	H Det=2386	Mon Det=92679	Aux Det=5062	O+H=13856	 DONE
11/10/2025 16:19:18:	NO ACTION	 DONE
11/10/2025 16:19:19:	close file and end scan	 DONE
call of ifg12r_newPS_2p30s_AP.sc DONE
11/10/2025 16:19:20:	move motor	S18.axis2.phaseshifter both to fit O COS-180	-0.624249reached -0.62622  DONE
call of ifg12R_newPS_2p30s_p90.sc DONE
11/10/2025 16:19:26:	create file	D:\data\Cycle 198\exp_3-16-19\rawdata\sc\ifg_wv2_psi_+1+1+1_11Oct1619.dat	 DONE
room to enter remarks DONE
11/10/2025 16:19:27:	MOVE MOTOR REL	S18.axis2.phaseshifter both	deg	0.0	FALSE DONE
11/10/2025 16:19:31:	1	count	time	30.0s/cts	O Det=1513	H Det=2497	Mon Det=92759	Aux Det=12828	O+H=16838	 DONE
11/10/2025 16:20:02:	MOVE MOTOR REL	S18.axis2.phaseshifter both	deg	0.07	FALSE DONE
11/10/2025 16:20:07:	2	count	time	30.0s/cts	O Det=1873	H Det=2293	Mon Det=92640	Aux Det=12879	O+H=17045	 DONE
11/10/2025 16:20:39:	MOVE MOTOR REL	S18.axis2.phaseshifter both	deg	0.07	FALSE DONE
11/10/2025 16:20:43:	3	count	time	30.0s/cts	O Det=2483	H Det=1994	Mon Det=93322	Aux Det=12338	O+H=16815	 DONE
11/10/2025 16:21:15:	MOVE MOTOR REL	S18.axis2.phaseshifter both	deg	0.07	FALSE DONE
11/10/2025 16:21:19:	4	count	time	30.0s/cts	O Det=3263	H Det=1787	Mon Det=93399	Aux Det=11118	O+H=16168	 DONE
11/10/2025 16:21:51:	MOVE MOTOR REL	S18.axis2.phaseshifter both	deg	0.07	FALSE DONE
11/10/2025 16:21:55:	5	count	time	30.0s/cts	O Det=4511	H Det=1823	Mon Det=93153	Aux Det=9257	O+H=15591	 DONE
11/10/2025 16:22:27:	MOVE MOTOR REL	S18.axis2.phaseshifter both	deg	0.07	FALSE DONE
11/10/2025 16:22:32:	6	count	time	30.0s/cts	O Det=5442	H Det=1793	Mon Det=92956	Aux Det=8000	O+H=15235	 DONE
11/10/2025 16:23:03:	MOVE MOTOR REL	S18.axis2.phaseshifter both	deg	0.07	FALSE DONE
11/10/2025 16:23:08:	7	count	time	30.0s/cts	O Det=5950	H Det=1888	Mon Det=92718	Aux Det=6850	O+H=14688	 DONE
11/10/2025 16:23:40:	MOVE MOTOR REL	S18.axis2.phaseshifter both	deg	0.07	FALSE DONE
11/10/2025 16:23:44:	8	count	time	30.0s/cts	O Det=6443	H Det=1996	Mon Det=92744	Aux Det=5699	O+H=14138	 DONE
11/10/2025 16:24:16:	MOVE MOTOR REL	S18.axis2.phaseshifter both	deg	0.07	FALSE DONE
11/10/2025 16:24:20:	9	count	time	30.0s/cts	O Det=6390	H Det=2341	Mon Det=92942	Aux Det=5180	O+H=13911	 DONE
11/10/2025 16:24:52:	MOVE MOTOR REL	S18.axis2.phaseshifter both	deg	0.07	FALSE DONE
11/10/2025 16:24:56:	10	count	time	30.0s/cts	O Det=6216	H Det=2569	Mon Det=92856	Aux Det=5076	O+H=13861	 DONE
11/10/2025 16:25:28:	MOVE MOTOR REL	S18.axis2.phaseshifter both	deg	0.07	FALSE DONE
11/10/2025 16:25:33:	11	count	time	30.0s/cts	O Det=5531	H Det=2795	Mon Det=93251	Aux Det=5876	O+H=14202	 DONE
11/10/2025 16:26:04:	MOVE MOTOR REL	S18.axis2.phaseshifter both	deg	0.07	FALSE DONE
11/10/2025 16:26:09:	12	count	time	30.0s/cts	O Det=4623	H Det=3055	Mon Det=92511	Aux Det=6853	O+H=14531	 DONE
11/10/2025 16:26:41:	MOVE MOTOR REL	S18.axis2.phaseshifter both	deg	0.07	FALSE DONE
11/10/2025 16:26:45:	13	count	time	30.0s/cts	O Det=3564	H Det=3431	Mon Det=92554	Aux Det=8270	O+H=15265	 DONE
11/10/2025 16:27:17:	MOVE MOTOR REL	S18.axis2.phaseshifter both	deg	0.07	FALSE DONE
11/10/2025 16:27:21:	14	count	time	30.0s/cts	O Det=2580	H Det=3284	Mon Det=92688	Aux Det=9795	O+H=15659	 DONE
11/10/2025 16:27:53:	MOVE MOTOR REL	S18.axis2.phaseshifter both	deg	0.07	FALSE DONE
11/10/2025 16:27:57:	15	count	time	30.0s/cts	O Det=1787	H Det=3223	Mon Det=92660	Aux Det=11033	O+H=16043	 DONE
11/10/2025 16:28:29:	MOVE MOTOR REL	S18.axis2.phaseshifter both	deg	0.07	FALSE DONE
11/10/2025 16:28:34:	16	count	time	30.0s/cts	O Det=1541	H Det=2905	Mon Det=93233	Aux Det=12325	O+H=16771	 DONE
11/10/2025 16:29:05:	MOVE MOTOR REL	S18.axis2.phaseshifter both	deg	0.07	FALSE DONE
11/10/2025 16:29:10:	17	count	time	30.0s/cts	O Det=1520	H Det=2557	Mon Det=93097	Aux Det=12781	O+H=16858	 DONE
11/10/2025 16:29:42:	MOVE MOTOR REL	S18.axis2.phaseshifter both	deg	0.07	FALSE DONE
11/10/2025 16:29:46:	18	count	time	30.0s/cts	O Det=1867	H Det=2239	Mon Det=92750	Aux Det=12607	O+H=16713	 DONE
11/10/2025 16:30:18:	MOVE MOTOR REL	S18.axis2.phaseshifter both	deg	0.07	FALSE DONE
11/10/2025 16:30:23:	19	count	time	30.0s/cts	O Det=2460	H Det=1948	Mon Det=93528	Aux Det=12255	O+H=16663	 DONE
11/10/2025 16:30:54:	MOVE MOTOR REL	S18.axis2.phaseshifter both	deg	0.07	FALSE DONE
11/10/2025 16:30:59:	20	count	time	30.0s/cts	O Det=3402	H Det=1727	Mon Det=93092	Aux Det=10970	O+H=16099	 DONE
11/10/2025 16:31:30:	MOVE MOTOR REL	S18.axis2.phaseshifter both	deg	0.07	FALSE DONE
11/10/2025 16:31:35:	21	count	time	30.0s/cts	O Det=4432	H Det=1662	Mon Det=92638	Aux Det=9516	O+H=15610	 DONE
11/10/2025 16:32:07:	MOVE MOTOR REL	S18.axis2.phaseshifter both	deg	0.07	FALSE DONE
11/10/2025 16:32:11:	22	count	time	30.0s/cts	O Det=5508	H Det=1788	Mon Det=92895	Aux Det=7614	O+H=14910	 DONE
11/10/2025 16:32:43:	MOVE MOTOR REL	S18.axis2.phaseshifter both	deg	0.07	FALSE DONE
11/10/2025 16:32:47:	23	count	time	30.0s/cts	O Det=6153	H Det=1931	Mon Det=92607	Aux Det=6537	O+H=14621	 DONE
11/10/2025 16:33:19:	MOVE MOTOR REL	S18.axis2.phaseshifter both	deg	0.07	FALSE DONE
11/10/2025 16:33:23:	24	count	time	30.0s/cts	O Det=6578	H Det=2022	Mon Det=93079	Aux Det=5318	O+H=13918	 DONE
11/10/2025 16:33:55:	MOVE MOTOR REL	S18.axis2.phaseshifter both	deg	0.07	FALSE DONE
11/10/2025 16:34:00:	25	count	time	30.0s/cts	O Det=6544	H Det=2348	Mon Det=92788	Aux Det=5153	O+H=14045	 DONE
11/10/2025 16:34:31:	MOVE MOTOR REL	S18.axis2.phaseshifter both	deg	0.07	FALSE DONE
11/10/2025 16:34:36:	26	count	time	30.0s/cts	O Det=6062	H Det=2554	Mon Det=93121	Aux Det=5326	O+H=13942	 DONE
11/10/2025 16:35:08:	MOVE MOTOR REL	S18.axis2.phaseshifter both	deg	0.07	FALSE DONE
11/10/2025 16:35:12:	27	count	time	30.0s/cts	O Det=5370	H Det=2924	Mon Det=92895	Aux Det=6046	O+H=14340	 DONE
11/10/2025 16:35:44:	MOVE MOTOR REL	S18.axis2.phaseshifter both	deg	0.07	FALSE DONE
11/10/2025 16:35:48:	28	count	time	30.0s/cts	O Det=4370	H Det=2970	Mon Det=92780	Aux Det=7241	O+H=14581	 DONE
11/10/2025 16:36:20:	MOVE MOTOR REL	S18.axis2.phaseshifter both	deg	0.07	FALSE DONE
11/10/2025 16:36:24:	29	count	time	30.0s/cts	O Det=3586	H Det=3003	Mon Det=93280	Aux Det=8528	O+H=15117	 DONE
11/10/2025 16:36:56:	MOVE MOTOR REL	S18.axis2.phaseshifter both	deg	0.07	FALSE DONE
11/10/2025 16:37:01:	30	count	time	30.0s/cts	O Det=2513	H Det=2972	Mon Det=92953	Aux Det=10272	O+H=15757	 DONE
11/10/2025 16:37:32:	NO ACTION	 DONE
11/10/2025 16:37:33:	close file and end scan	 DONE
call of ifg12r_newPS_2p30s_AP.sc DONE
call of ifg12R_newPS_2p30s_p180.sc DONE
11/10/2025 16:37:34:	move motor	S18.auxiliary.Robot Z to 207413.00000um	reached 207412.00000  DONE
call of robot_Zout_doubleCd.sc DONE
11/10/2025 16:37:37:	move motor	S18.auxiliary.Robot rot big to 90.00000deg	reached 90.00000  DONE
11/10/2025 16:37:40:	move motor	S18.auxiliary.Robot Diagonal to 26000.00000um	reached 26003.75812  DONE
11/10/2025 16:37:54:	move motor	S18.auxiliary.Robot Z to 207413.00000um	reached 207412.00000  DONE
call of robot_Zout_doubleCd.sc DONE
11/10/2025 16:37:57:	move motor	S18.auxiliary.Robot rot big to 90.00000deg	reached 90.00000  DONE
11/10/2025 16:38:00:	move motor	S18.auxiliary.Robot Z to 292012.00000um	reached 292012.00000  DONE
call of robot_Zin_doubleCd.sc DONE
call of Block_path13_doubleCd.sc DONE
11/10/2025 16:38:08:	move motor	S18.auxiliary.Robot Diagonal to 25999.900000um	 DONE
11/10/2025 16:38:13:	create file	D:\data\Cycle 198\exp_3-16-19\rawdata\sc\ifg_wv2_psi_+1+1+1_11Oct1638.dat	 DONE
room to enter remarks DONE
11/10/2025 16:38:15:	move motor	S18.auxiliary.Robot Diagonal to 26000.000000um	 DONE
11/10/2025 16:38:20:	1	count	time	60.000000s/cts	O Det=1828	H Det=1938	Mon Det=185510	Aux Det=6214	O+H=9980	 DONE
11/10/2025 16:39:22:	move motor	S18.auxiliary.Robot Diagonal to 48000.000000um	 DONE
11/10/2025 16:39:37:	2	count	time	60.000000s/cts	O Det=1988	H Det=3102	Mon Det=185680	Aux Det=40	O+H=5130	 DONE
11/10/2025 16:40:39:	move motor	S18.auxiliary.Robot Diagonal to 70000.000000um	 DONE
11/10/2025 16:40:53:	3	count	time	60.000000s/cts	O Det=1847	H Det=1787	Mon Det=185664	Aux Det=11409	O+H=15043	 DONE
11/10/2025 16:41:55:	close file and end scan	 DONE
11/10/2025 16:41:56:	move motor	S18.auxiliary.Robot Z to 207413.00000um	reached 207407.00000  DONE
call of robot_Zout_doubleCd.sc DONE
call of int_meas_path213.sc DONE
11/10/2025 16:42:04:	END OF SCRIPT	 DONE
