12/10/2025 01:33:19:	start execution of script D:\data\Cycle 198\exp_3-16-19\rawdata\sc\ifg_wv1_psi_+1-1-1.sc	 DONE
12/10/2025 01:33:20:	create file	D:\data\Cycle 198\exp_3-16-19\rawdata\sc\ifg_wv1_psi_+1-1-1_12Oct0133.dat	 DONE
room to enter remarks DONE
12/10/2025 01:33:21:	MOVE MOTOR REL	S18.axis2.phaseshifter 2	deg	0.0	FALSE DONE
12/10/2025 01:33:24:	1	count	time	30.0s/cts	O Det=1505	H Det=9024	Mon Det=92838	Aux Det=6571	O+H=17100	 DONE
12/10/2025 01:33:56:	MOVE MOTOR REL	S18.axis2.phaseshifter 2	deg	0.07	FALSE DONE
12/10/2025 01:33:59:	2	count	time	30.0s/cts	O Det=1881	H Det=8783	Mon Det=92840	Aux Det=6631	O+H=17295	 DONE
12/10/2025 01:34:31:	MOVE MOTOR REL	S18.axis2.phaseshifter 2	deg	0.07	FALSE DONE
12/10/2025 01:34:34:	3	count	time	30.0s/cts	O Det=2849	H Det=7919	Mon Det=92955	Aux Det=6515	O+H=17283	 DONE
12/10/2025 01:35:06:	MOVE MOTOR REL	S18.axis2.phaseshifter 2	deg	0.07	FALSE DONE
12/10/2025 01:35:10:	4	count	time	30.0s/cts	O Det=4011	H Det=6938	Mon Det=92729	Aux Det=6348	O+H=17297	 DONE
12/10/2025 01:35:41:	MOVE MOTOR REL	S18.axis2.phaseshifter 2	deg	0.07	FALSE DONE
12/10/2025 01:35:45:	5	count	time	30.0s/cts	O Det=5535	H Det=5757	Mon Det=93028	Aux Det=6422	O+H=17714	 DONE
12/10/2025 01:36:17:	MOVE MOTOR REL	S18.axis2.phaseshifter 2	deg	0.07	FALSE DONE
12/10/2025 01:36:20:	6	count	time	30.0s/cts	O Det=6552	H Det=4469	Mon Det=92568	Aux Det=6500	O+H=17521	 DONE
12/10/2025 01:36:52:	MOVE MOTOR REL	S18.axis2.phaseshifter 2	deg	0.07	FALSE DONE
12/10/2025 01:36:55:	7	count	time	30.0s/cts	O Det=7729	H Det=3504	Mon Det=93531	Aux Det=6526	O+H=17759	 DONE
12/10/2025 01:37:27:	MOVE MOTOR REL	S18.axis2.phaseshifter 2	deg	0.07	FALSE DONE
12/10/2025 01:37:31:	8	count	time	30.0s/cts	O Det=8459	H Det=3010	Mon Det=93108	Aux Det=6670	O+H=18139	 DONE
12/10/2025 01:38:02:	MOVE MOTOR REL	S18.axis2.phaseshifter 2	deg	0.07	FALSE DONE
12/10/2025 01:38:06:	9	count	time	30.0s/cts	O Det=8264	H Det=3061	Mon Det=92327	Aux Det=6536	O+H=17861	 DONE
12/10/2025 01:38:37:	MOVE MOTOR REL	S18.axis2.phaseshifter 2	deg	0.07	FALSE DONE
12/10/2025 01:38:41:	10	count	time	30.0s/cts	O Det=7842	H Det=3525	Mon Det=92880	Aux Det=6483	O+H=17850	 DONE
12/10/2025 01:39:13:	MOVE MOTOR REL	S18.axis2.phaseshifter 2	deg	0.07	FALSE DONE
12/10/2025 01:39:16:	11	count	time	30.0s/cts	O Det=6692	H Det=4400	Mon Det=93041	Aux Det=6600	O+H=17692	 DONE
12/10/2025 01:39:48:	MOVE MOTOR REL	S18.axis2.phaseshifter 2	deg	0.07	FALSE DONE
12/10/2025 01:39:51:	12	count	time	30.0s/cts	O Det=5526	H Det=5486	Mon Det=92855	Aux Det=6443	O+H=17455	 DONE
12/10/2025 01:40:23:	MOVE MOTOR REL	S18.axis2.phaseshifter 2	deg	0.07	FALSE DONE
12/10/2025 01:40:27:	13	count	time	30.0s/cts	O Det=4133	H Det=6610	Mon Det=93131	Aux Det=6385	O+H=17128	 DONE
12/10/2025 01:40:58:	MOVE MOTOR REL	S18.axis2.phaseshifter 2	deg	0.07	FALSE DONE
12/10/2025 01:41:02:	14	count	time	30.0s/cts	O Det=2966	H Det=7708	Mon Det=92755	Aux Det=6518	O+H=17192	 DONE
12/10/2025 01:41:33:	MOVE MOTOR REL	S18.axis2.phaseshifter 2	deg	0.07	FALSE DONE
12/10/2025 01:41:37:	15	count	time	30.0s/cts	O Det=2018	H Det=8527	Mon Det=93291	Aux Det=6469	O+H=17014	 DONE
12/10/2025 01:42:09:	MOVE MOTOR REL	S18.axis2.phaseshifter 2	deg	0.07	FALSE DONE
12/10/2025 01:42:12:	16	count	time	30.0s/cts	O Det=1534	H Det=8983	Mon Det=93178	Aux Det=6477	O+H=16994	 DONE
12/10/2025 01:42:44:	MOVE MOTOR REL	S18.axis2.phaseshifter 2	deg	0.07	FALSE DONE
12/10/2025 01:42:47:	17	count	time	30.0s/cts	O Det=1617	H Det=9006	Mon Det=92906	Aux Det=6470	O+H=17093	 DONE
12/10/2025 01:43:19:	MOVE MOTOR REL	S18.axis2.phaseshifter 2	deg	0.07	FALSE DONE
12/10/2025 01:43:23:	18	count	time	30.0s/cts	O Det=1948	H Det=8486	Mon Det=92774	Aux Det=6362	O+H=16796	 DONE
12/10/2025 01:43:54:	MOVE MOTOR REL	S18.axis2.phaseshifter 2	deg	0.07	FALSE DONE
12/10/2025 01:43:58:	19	count	time	30.0s/cts	O Det=2913	H Det=7619	Mon Det=92465	Aux Det=6493	O+H=17025	 DONE
12/10/2025 01:44:29:	MOVE MOTOR REL	S18.axis2.phaseshifter 2	deg	0.07	FALSE DONE
12/10/2025 01:44:33:	20	count	time	30.0s/cts	O Det=4231	H Det=6572	Mon Det=92744	Aux Det=6443	O+H=17246	 DONE
12/10/2025 01:45:05:	MOVE MOTOR REL	S18.axis2.phaseshifter 2	deg	0.07	FALSE DONE
12/10/2025 01:45:08:	21	count	time	30.0s/cts	O Det=5665	H Det=5366	Mon Det=92827	Aux Det=6404	O+H=17435	 DONE
12/10/2025 01:45:40:	MOVE MOTOR REL	S18.axis2.phaseshifter 2	deg	0.07	FALSE DONE
12/10/2025 01:45:43:	22	count	time	30.0s/cts	O Det=7076	H Det=4122	Mon Det=92099	Aux Det=6475	O+H=17673	 DONE
12/10/2025 01:46:15:	MOVE MOTOR REL	S18.axis2.phaseshifter 2	deg	0.07	FALSE DONE
12/10/2025 01:46:19:	23	count	time	30.0s/cts	O Det=7818	H Det=3310	Mon Det=92627	Aux Det=6434	O+H=17562	 DONE
12/10/2025 01:46:50:	MOVE MOTOR REL	S18.axis2.phaseshifter 2	deg	0.07	FALSE DONE
12/10/2025 01:46:54:	24	count	time	30.0s/cts	O Det=8457	H Det=2858	Mon Det=92400	Aux Det=6497	O+H=17812	 DONE
12/10/2025 01:47:26:	MOVE MOTOR REL	S18.axis2.phaseshifter 2	deg	0.07	FALSE DONE
12/10/2025 01:47:29:	25	count	time	30.0s/cts	O Det=8254	H Det=3027	Mon Det=92643	Aux Det=6432	O+H=17713	 DONE
12/10/2025 01:48:01:	MOVE MOTOR REL	S18.axis2.phaseshifter 2	deg	0.07	FALSE DONE
12/10/2025 01:48:04:	26	count	time	30.0s/cts	O Det=7549	H Det=3504	Mon Det=93064	Aux Det=6433	O+H=17486	 DONE
12/10/2025 01:48:36:	MOVE MOTOR REL	S18.axis2.phaseshifter 2	deg	0.07	FALSE DONE
12/10/2025 01:48:40:	27	count	time	30.0s/cts	O Det=6489	H Det=4597	Mon Det=93143	Aux Det=6530	O+H=17616	 DONE
12/10/2025 01:49:11:	MOVE MOTOR REL	S18.axis2.phaseshifter 2	deg	0.07	FALSE DONE
12/10/2025 01:49:15:	28	count	time	30.0s/cts	O Det=4898	H Det=5774	Mon Det=93007	Aux Det=6532	O+H=17204	 DONE
12/10/2025 01:49:46:	MOVE MOTOR REL	S18.axis2.phaseshifter 2	deg	0.07	FALSE DONE
12/10/2025 01:49:50:	29	count	time	30.0s/cts	O Det=3772	H Det=6938	Mon Det=92828	Aux Det=6439	O+H=17149	 DONE
12/10/2025 01:50:22:	MOVE MOTOR REL	S18.axis2.phaseshifter 2	deg	0.07	FALSE DONE
12/10/2025 01:50:25:	30	count	time	30.0s/cts	O Det=2558	H Det=8133	Mon Det=92560	Aux Det=6460	O+H=17151	 DONE
12/10/2025 01:50:57:	NO ACTION	 DONE
12/10/2025 01:50:57:	close file and end scan	 DONE
call of ifg2r_newPS_2p30s.sc DONE
12/10/2025 01:50:58:	move motor	S18.axis2.phaseshifter 2 to fit O COS-270	-2.256855reached -2.24121  DONE
call of ifg2R_newPS_2p30s_0_+1-1-1_wv1.sc DONE
12/10/2025 01:51:02:	create file	D:\data\Cycle 198\exp_3-16-19\rawdata\sc\ifg_wv1_psi_+1-1-1_12Oct0151.dat	 DONE
room to enter remarks DONE
12/10/2025 01:51:03:	MOVE MOTOR REL	S18.axis2.phaseshifter 2	deg	0.0	FALSE DONE
12/10/2025 01:51:07:	1	count	time	30.0s/cts	O Det=5017	H Det=5886	Mon Det=92649	Aux Det=6345	O+H=17248	 DONE
12/10/2025 01:51:38:	MOVE MOTOR REL	S18.axis2.phaseshifter 2	deg	0.07	FALSE DONE
12/10/2025 01:51:42:	2	count	time	30.0s/cts	O Det=3412	H Det=7282	Mon Det=92294	Aux Det=6451	O+H=17145	 DONE
12/10/2025 01:52:14:	MOVE MOTOR REL	S18.axis2.phaseshifter 2	deg	0.07	FALSE DONE
12/10/2025 01:52:17:	3	count	time	30.0s/cts	O Det=2420	H Det=8134	Mon Det=92819	Aux Det=6506	O+H=17060	 DONE
12/10/2025 01:52:49:	MOVE MOTOR REL	S18.axis2.phaseshifter 2	deg	0.07	FALSE DONE
12/10/2025 01:52:52:	4	count	time	30.0s/cts	O Det=1563	H Det=8917	Mon Det=92194	Aux Det=6423	O+H=16903	 DONE
12/10/2025 01:53:24:	MOVE MOTOR REL	S18.axis2.phaseshifter 2	deg	0.07	FALSE DONE
12/10/2025 01:53:28:	5	count	time	30.0s/cts	O Det=1543	H Det=8923	Mon Det=92795	Aux Det=6481	O+H=16947	 DONE
12/10/2025 01:53:59:	MOVE MOTOR REL	S18.axis2.phaseshifter 2	deg	0.07	FALSE DONE
12/10/2025 01:54:03:	6	count	time	30.0s/cts	O Det=1803	H Det=8562	Mon Det=92656	Aux Det=6334	O+H=16699	 DONE
12/10/2025 01:54:34:	MOVE MOTOR REL	S18.axis2.phaseshifter 2	deg	0.07	FALSE DONE
12/10/2025 01:54:38:	7	count	time	30.0s/cts	O Det=2556	H Det=7976	Mon Det=92566	Aux Det=6401	O+H=16933	 DONE
12/10/2025 01:55:10:	MOVE MOTOR REL	S18.axis2.phaseshifter 2	deg	0.07	FALSE DONE
12/10/2025 01:55:13:	8	count	time	30.0s/cts	O Det=3827	H Det=6830	Mon Det=92219	Aux Det=6362	O+H=17019	 DONE
12/10/2025 01:55:45:	MOVE MOTOR REL	S18.axis2.phaseshifter 2	deg	0.07	FALSE DONE
12/10/2025 01:55:49:	9	count	time	30.0s/cts	O Det=5240	H Det=5696	Mon Det=93313	Aux Det=6431	O+H=17367	 DONE
12/10/2025 01:56:20:	MOVE MOTOR REL	S18.axis2.phaseshifter 2	deg	0.07	FALSE DONE
12/10/2025 01:56:24:	10	count	time	30.0s/cts	O Det=6439	H Det=4461	Mon Det=91895	Aux Det=6429	O+H=17329	 DONE
12/10/2025 01:56:56:	MOVE MOTOR REL	S18.axis2.phaseshifter 2	deg	0.07	FALSE DONE
12/10/2025 01:56:59:	11	count	time	30.0s/cts	O Det=7501	H Det=3606	Mon Det=92534	Aux Det=6399	O+H=17506	 DONE
12/10/2025 01:57:31:	MOVE MOTOR REL	S18.axis2.phaseshifter 2	deg	0.07	FALSE DONE
12/10/2025 01:57:34:	12	count	time	30.0s/cts	O Det=8069	H Det=2910	Mon Det=92464	Aux Det=6424	O+H=17403	 DONE
12/10/2025 01:58:06:	MOVE MOTOR REL	S18.axis2.phaseshifter 2	deg	0.07	FALSE DONE
12/10/2025 01:58:10:	13	count	time	30.0s/cts	O Det=8101	H Det=2919	Mon Det=93209	Aux Det=6363	O+H=17383	 DONE
12/10/2025 01:58:41:	MOVE MOTOR REL	S18.axis2.phaseshifter 2	deg	0.07	FALSE DONE
12/10/2025 01:58:45:	14	count	time	30.0s/cts	O Det=7769	H Det=3424	Mon Det=93140	Aux Det=6300	O+H=17493	 DONE
12/10/2025 01:59:16:	MOVE MOTOR REL	S18.axis2.phaseshifter 2	deg	0.07	FALSE DONE
12/10/2025 01:59:20:	15	count	time	30.0s/cts	O Det=6310	H Det=4751	Mon Det=93050	Aux Det=6487	O+H=17548	 DONE
12/10/2025 01:59:52:	MOVE MOTOR REL	S18.axis2.phaseshifter 2	deg	0.07	FALSE DONE
12/10/2025 01:59:55:	16	count	time	30.0s/cts	O Det=5012	H Det=5678	Mon Det=92756	Aux Det=6325	O+H=17015	 DONE
12/10/2025 02:00:27:	MOVE MOTOR REL	S18.axis2.phaseshifter 2	deg	0.07	FALSE DONE
12/10/2025 02:00:30:	17	count	time	30.0s/cts	O Det=3789	H Det=7018	Mon Det=92873	Aux Det=6451	O+H=17258	 DONE
12/10/2025 02:01:02:	MOVE MOTOR REL	S18.axis2.phaseshifter 2	deg	0.07	FALSE DONE
12/10/2025 02:01:06:	18	count	time	30.0s/cts	O Det=2343	H Det=7960	Mon Det=92832	Aux Det=6337	O+H=16640	 DONE
12/10/2025 02:01:37:	MOVE MOTOR REL	S18.axis2.phaseshifter 2	deg	0.07	FALSE DONE
12/10/2025 02:01:41:	19	count	time	30.0s/cts	O Det=1711	H Det=8706	Mon Det=92896	Aux Det=6424	O+H=16841	 DONE
12/10/2025 02:02:12:	MOVE MOTOR REL	S18.axis2.phaseshifter 2	deg	0.07	FALSE DONE
12/10/2025 02:02:16:	20	count	time	30.0s/cts	O Det=1535	H Det=8864	Mon Det=92823	Aux Det=6343	O+H=16742	 DONE
12/10/2025 02:02:48:	MOVE MOTOR REL	S18.axis2.phaseshifter 2	deg	0.07	FALSE DONE
12/10/2025 02:02:51:	21	count	time	30.0s/cts	O Det=1998	H Det=8539	Mon Det=92454	Aux Det=6493	O+H=17030	 DONE
12/10/2025 02:03:23:	MOVE MOTOR REL	S18.axis2.phaseshifter 2	deg	0.07	FALSE DONE
12/10/2025 02:03:27:	22	count	time	30.0s/cts	O Det=2827	H Det=7641	Mon Det=92417	Aux Det=6461	O+H=16929	 DONE
12/10/2025 02:03:58:	MOVE MOTOR REL	S18.axis2.phaseshifter 2	deg	0.07	FALSE DONE
12/10/2025 02:04:02:	23	count	time	30.0s/cts	O Det=4198	H Det=6430	Mon Det=92514	Aux Det=6353	O+H=16981	 DONE
12/10/2025 02:04:33:	MOVE MOTOR REL	S18.axis2.phaseshifter 2	deg	0.07	FALSE DONE
12/10/2025 02:04:37:	24	count	time	30.0s/cts	O Det=5755	H Det=5147	Mon Det=92644	Aux Det=6434	O+H=17336	 DONE
12/10/2025 02:05:09:	MOVE MOTOR REL	S18.axis2.phaseshifter 2	deg	0.07	FALSE DONE
12/10/2025 02:05:12:	25	count	time	30.0s/cts	O Det=6895	H Det=4021	Mon Det=93216	Aux Det=6480	O+H=17396	 DONE
12/10/2025 02:05:44:	MOVE MOTOR REL	S18.axis2.phaseshifter 2	deg	0.07	FALSE DONE
12/10/2025 02:05:48:	26	count	time	30.0s/cts	O Det=7987	H Det=3171	Mon Det=93098	Aux Det=6374	O+H=17532	 DONE
12/10/2025 02:06:19:	MOVE MOTOR REL	S18.axis2.phaseshifter 2	deg	0.07	FALSE DONE
12/10/2025 02:06:23:	27	count	time	30.0s/cts	O Det=8344	H Det=2991	Mon Det=92913	Aux Det=6316	O+H=17651	 DONE
12/10/2025 02:06:54:	MOVE MOTOR REL	S18.axis2.phaseshifter 2	deg	0.07	FALSE DONE
12/10/2025 02:06:58:	28	count	time	30.0s/cts	O Det=7822	H Det=3225	Mon Det=92673	Aux Det=6352	O+H=17399	 DONE
12/10/2025 02:07:30:	MOVE MOTOR REL	S18.axis2.phaseshifter 2	deg	0.07	FALSE DONE
12/10/2025 02:07:33:	29	count	time	30.0s/cts	O Det=7148	H Det=3853	Mon Det=92948	Aux Det=6434	O+H=17435	 DONE
12/10/2025 02:08:05:	MOVE MOTOR REL	S18.axis2.phaseshifter 2	deg	0.07	FALSE DONE
12/10/2025 02:08:08:	30	count	time	30.0s/cts	O Det=6285	H Det=4789	Mon Det=92950	Aux Det=6313	O+H=17387	 DONE
12/10/2025 02:08:40:	NO ACTION	 DONE
12/10/2025 02:08:41:	close file and end scan	 DONE
call of ifg2r_newPS_2p30s.sc DONE
12/10/2025 02:08:42:	move motor	S18.axis2.phaseshifter 2 to fit O COS-450	-2.755554reached -2.76855  DONE
call of ifg2R_newPS_2p30s_m90_+1-1-1_wv1.sc DONE
12/10/2025 02:08:46:	create file	D:\data\Cycle 198\exp_3-16-19\rawdata\sc\ifg_wv1_psi_+1-1-1_12Oct0208.dat	 DONE
room to enter remarks DONE
12/10/2025 02:08:47:	MOVE MOTOR REL	S18.axis2.phaseshifter 2	deg	0.0	FALSE DONE
12/10/2025 02:08:50:	1	count	time	30.0s/cts	O Det=5069	H Det=5664	Mon Det=92591	Aux Det=6504	O+H=17237	 DONE
12/10/2025 02:09:22:	MOVE MOTOR REL	S18.axis2.phaseshifter 2	deg	0.07	FALSE DONE
12/10/2025 02:09:25:	2	count	time	30.0s/cts	O Det=6454	H Det=4474	Mon Det=92725	Aux Det=6422	O+H=17350	 DONE
12/10/2025 02:09:57:	MOVE MOTOR REL	S18.axis2.phaseshifter 2	deg	0.07	FALSE DONE
12/10/2025 02:10:00:	3	count	time	30.0s/cts	O Det=7213	H Det=3756	Mon Det=92762	Aux Det=6472	O+H=17441	 DONE
12/10/2025 02:10:32:	MOVE MOTOR REL	S18.axis2.phaseshifter 2	deg	0.07	FALSE DONE
12/10/2025 02:10:36:	4	count	time	30.0s/cts	O Det=7999	H Det=3047	Mon Det=92681	Aux Det=6396	O+H=17442	 DONE
12/10/2025 02:11:07:	MOVE MOTOR REL	S18.axis2.phaseshifter 2	deg	0.07	FALSE DONE
12/10/2025 02:11:11:	5	count	time	30.0s/cts	O Det=8272	H Det=2924	Mon Det=92166	Aux Det=6411	O+H=17607	 DONE
12/10/2025 02:11:43:	MOVE MOTOR REL	S18.axis2.phaseshifter 2	deg	0.07	FALSE DONE
12/10/2025 02:11:46:	6	count	time	30.0s/cts	O Det=8054	H Det=3244	Mon Det=92556	Aux Det=6301	O+H=17599	 DONE
12/10/2025 02:12:18:	MOVE MOTOR REL	S18.axis2.phaseshifter 2	deg	0.07	FALSE DONE
12/10/2025 02:12:21:	7	count	time	30.0s/cts	O Det=6906	H Det=4091	Mon Det=92621	Aux Det=6326	O+H=17323	 DONE
12/10/2025 02:12:53:	MOVE MOTOR REL	S18.axis2.phaseshifter 2	deg	0.07	FALSE DONE
12/10/2025 02:12:57:	8	count	time	30.0s/cts	O Det=5742	H Det=5141	Mon Det=93102	Aux Det=6311	O+H=17194	 DONE
12/10/2025 02:13:28:	MOVE MOTOR REL	S18.axis2.phaseshifter 2	deg	0.07	FALSE DONE
12/10/2025 02:13:32:	9	count	time	30.0s/cts	O Det=4545	H Det=6218	Mon Det=92164	Aux Det=6471	O+H=17234	 DONE
12/10/2025 02:14:04:	MOVE MOTOR REL	S18.axis2.phaseshifter 2	deg	0.07	FALSE DONE
12/10/2025 02:14:07:	10	count	time	30.0s/cts	O Det=3259	H Det=7492	Mon Det=92740	Aux Det=6336	O+H=17087	 DONE
12/10/2025 02:14:39:	MOVE MOTOR REL	S18.axis2.phaseshifter 2	deg	0.07	FALSE DONE
12/10/2025 02:14:42:	11	count	time	30.0s/cts	O Det=2173	H Det=8302	Mon Det=93140	Aux Det=6373	O+H=16848	 DONE
12/10/2025 02:15:14:	MOVE MOTOR REL	S18.axis2.phaseshifter 2	deg	0.07	FALSE DONE
12/10/2025 02:15:18:	12	count	time	30.0s/cts	O Det=1487	H Det=9019	Mon Det=92669	Aux Det=6319	O+H=16825	 DONE
12/10/2025 02:15:49:	MOVE MOTOR REL	S18.axis2.phaseshifter 2	deg	0.07	FALSE DONE
12/10/2025 02:15:53:	13	count	time	30.0s/cts	O Det=1577	H Det=8737	Mon Det=92401	Aux Det=6446	O+H=16760	 DONE
12/10/2025 02:16:24:	MOVE MOTOR REL	S18.axis2.phaseshifter 2	deg	0.07	FALSE DONE
12/10/2025 02:16:28:	14	count	time	30.0s/cts	O Det=2020	H Det=8385	Mon Det=93231	Aux Det=6411	O+H=16816	 DONE
12/10/2025 02:17:00:	MOVE MOTOR REL	S18.axis2.phaseshifter 2	deg	0.07	FALSE DONE
12/10/2025 02:17:03:	15	count	time	30.0s/cts	O Det=3208	H Det=7314	Mon Det=92440	Aux Det=6365	O+H=16887	 DONE
12/10/2025 02:17:35:	MOVE MOTOR REL	S18.axis2.phaseshifter 2	deg	0.07	FALSE DONE
12/10/2025 02:17:39:	16	count	time	30.0s/cts	O Det=4464	H Det=6321	Mon Det=92961	Aux Det=6391	O+H=17176	 DONE
12/10/2025 02:18:10:	MOVE MOTOR REL	S18.axis2.phaseshifter 2	deg	0.07	FALSE DONE
12/10/2025 02:18:14:	17	count	time	30.0s/cts	O Det=5669	H Det=5059	Mon Det=92233	Aux Det=6361	O+H=17089	 DONE
12/10/2025 02:18:45:	MOVE MOTOR REL	S18.axis2.phaseshifter 2	deg	0.07	FALSE DONE
12/10/2025 02:18:49:	18	count	time	30.0s/cts	O Det=6684	H Det=4255	Mon Det=92680	Aux Det=6379	O+H=17318	 DONE
12/10/2025 02:19:21:	MOVE MOTOR REL	S18.axis2.phaseshifter 2	deg	0.07	FALSE DONE
12/10/2025 02:19:24:	19	count	time	30.0s/cts	O Det=7765	H Det=3232	Mon Det=93290	Aux Det=6332	O+H=17329	 DONE
12/10/2025 02:19:56:	MOVE MOTOR REL	S18.axis2.phaseshifter 2	deg	0.07	FALSE DONE
12/10/2025 02:19:59:	20	count	time	30.0s/cts	O Det=8109	H Det=2958	Mon Det=92738	Aux Det=6399	O+H=17466	 DONE
12/10/2025 02:20:31:	MOVE MOTOR REL	S18.axis2.phaseshifter 2	deg	0.07	FALSE DONE
12/10/2025 02:20:35:	21	count	time	30.0s/cts	O Det=8096	H Det=3082	Mon Det=92881	Aux Det=6406	O+H=17584	 DONE
12/10/2025 02:21:06:	MOVE MOTOR REL	S18.axis2.phaseshifter 2	deg	0.07	FALSE DONE
12/10/2025 02:21:10:	22	count	time	30.0s/cts	O Det=7322	H Det=3862	Mon Det=92828	Aux Det=6424	O+H=17608	 DONE
12/10/2025 02:21:41:	MOVE MOTOR REL	S18.axis2.phaseshifter 2	deg	0.07	FALSE DONE
12/10/2025 02:21:45:	23	count	time	30.0s/cts	O Det=6260	H Det=4664	Mon Det=92722	Aux Det=6390	O+H=17314	 DONE
12/10/2025 02:22:17:	MOVE MOTOR REL	S18.axis2.phaseshifter 2	deg	0.07	FALSE DONE
12/10/2025 02:22:20:	24	count	time	30.0s/cts	O Det=5189	H Det=5764	Mon Det=92951	Aux Det=6407	O+H=17360	 DONE
12/10/2025 02:22:52:	MOVE MOTOR REL	S18.axis2.phaseshifter 2	deg	0.07	FALSE DONE
12/10/2025 02:22:56:	25	count	time	30.0s/cts	O Det=3602	H Det=6903	Mon Det=92549	Aux Det=6410	O+H=16915	 DONE
12/10/2025 02:23:27:	MOVE MOTOR REL	S18.axis2.phaseshifter 2	deg	0.07	FALSE DONE
12/10/2025 02:23:31:	26	count	time	30.0s/cts	O Det=2587	H Det=7976	Mon Det=92459	Aux Det=6240	O+H=16803	 DONE
12/10/2025 02:24:02:	MOVE MOTOR REL	S18.axis2.phaseshifter 2	deg	0.07	FALSE DONE
12/10/2025 02:24:06:	27	count	time	30.0s/cts	O Det=1972	H Det=8624	Mon Det=92505	Aux Det=6483	O+H=17079	 DONE
12/10/2025 02:24:38:	MOVE MOTOR REL	S18.axis2.phaseshifter 2	deg	0.07	FALSE DONE
12/10/2025 02:24:41:	28	count	time	30.0s/cts	O Det=1420	H Det=8902	Mon Det=92671	Aux Det=6320	O+H=16642	 DONE
12/10/2025 02:25:13:	MOVE MOTOR REL	S18.axis2.phaseshifter 2	deg	0.07	FALSE DONE
12/10/2025 02:25:16:	29	count	time	30.0s/cts	O Det=1794	H Det=8678	Mon Det=93070	Aux Det=6320	O+H=16792	 DONE
12/10/2025 02:25:48:	MOVE MOTOR REL	S18.axis2.phaseshifter 2	deg	0.07	FALSE DONE
12/10/2025 02:25:52:	30	count	time	30.0s/cts	O Det=2182	H Det=8318	Mon Det=92880	Aux Det=6262	O+H=16762	 DONE
12/10/2025 02:26:23:	NO ACTION	 DONE
12/10/2025 02:26:24:	close file and end scan	 DONE
call of ifg2r_newPS_2p30s.sc DONE
12/10/2025 02:26:25:	move motor	S18.axis2.phaseshifter 2 to fit O COS-360	-3.526238reached -3.52661  DONE
call of ifg2R_newPS_2p30s_p90_+1-1-1_wv1.sc DONE
12/10/2025 02:26:29:	create file	D:\data\Cycle 198\exp_3-16-19\rawdata\sc\ifg_wv1_psi_+1-1-1_12Oct0226.dat	 DONE
room to enter remarks DONE
12/10/2025 02:26:30:	MOVE MOTOR REL	S18.axis2.phaseshifter 2	deg	0.0	FALSE DONE
12/10/2025 02:26:33:	1	count	time	30.0s/cts	O Det=8278	H Det=2935	Mon Det=92680	Aux Det=6665	O+H=17878	 DONE
12/10/2025 02:27:05:	MOVE MOTOR REL	S18.axis2.phaseshifter 2	deg	0.07	FALSE DONE
12/10/2025 02:27:09:	2	count	time	30.0s/cts	O Det=8003	H Det=3209	Mon Det=92753	Aux Det=6500	O+H=17712	 DONE
12/10/2025 02:27:40:	MOVE MOTOR REL	S18.axis2.phaseshifter 2	deg	0.07	FALSE DONE
12/10/2025 02:27:44:	3	count	time	30.0s/cts	O Det=7136	H Det=4031	Mon Det=93201	Aux Det=6512	O+H=17679	 DONE
12/10/2025 02:28:15:	MOVE MOTOR REL	S18.axis2.phaseshifter 2	deg	0.07	FALSE DONE
12/10/2025 02:28:19:	4	count	time	30.0s/cts	O Det=5936	H Det=4992	Mon Det=92541	Aux Det=6426	O+H=17354	 DONE
12/10/2025 02:28:51:	MOVE MOTOR REL	S18.axis2.phaseshifter 2	deg	0.07	FALSE DONE
12/10/2025 02:28:54:	5	count	time	30.0s/cts	O Det=4506	H Det=6224	Mon Det=92682	Aux Det=6348	O+H=17078	 DONE
12/10/2025 02:29:26:	MOVE MOTOR REL	S18.axis2.phaseshifter 2	deg	0.07	FALSE DONE
12/10/2025 02:29:29:	6	count	time	30.0s/cts	O Det=3239	H Det=7329	Mon Det=92705	Aux Det=6282	O+H=16850	 DONE
12/10/2025 02:30:01:	MOVE MOTOR REL	S18.axis2.phaseshifter 2	deg	0.07	FALSE DONE
12/10/2025 02:30:05:	7	count	time	30.0s/cts	O Det=2310	H Det=8044	Mon Det=93068	Aux Det=6339	O+H=16693	 DONE
12/10/2025 02:30:36:	MOVE MOTOR REL	S18.axis2.phaseshifter 2	deg	0.07	FALSE DONE
12/10/2025 02:30:40:	8	count	time	30.0s/cts	O Det=1607	H Det=8701	Mon Det=93002	Aux Det=6420	O+H=16728	 DONE
12/10/2025 02:31:12:	MOVE MOTOR REL	S18.axis2.phaseshifter 2	deg	0.07	FALSE DONE
12/10/2025 02:31:15:	9	count	time	30.0s/cts	O Det=1586	H Det=8780	Mon Det=92413	Aux Det=6438	O+H=16804	 DONE
12/10/2025 02:31:47:	MOVE MOTOR REL	S18.axis2.phaseshifter 2	deg	0.07	FALSE DONE
12/10/2025 02:31:50:	10	count	time	30.0s/cts	O Det=2158	H Det=8257	Mon Det=92538	Aux Det=6270	O+H=16685	 DONE
12/10/2025 02:32:22:	MOVE MOTOR REL	S18.axis2.phaseshifter 2	deg	0.07	FALSE DONE
12/10/2025 02:32:26:	11	count	time	30.0s/cts	O Det=2992	H Det=7608	Mon Det=92692	Aux Det=6330	O+H=16930	 DONE
12/10/2025 02:32:57:	MOVE MOTOR REL	S18.axis2.phaseshifter 2	deg	0.07	FALSE DONE
12/10/2025 02:33:01:	12	count	time	30.0s/cts	O Det=4412	H Det=6221	Mon Det=92919	Aux Det=6496	O+H=17129	 DONE
12/10/2025 02:33:33:	MOVE MOTOR REL	S18.axis2.phaseshifter 2	deg	0.07	FALSE DONE
12/10/2025 02:33:36:	13	count	time	30.0s/cts	O Det=5670	H Det=5278	Mon Det=92707	Aux Det=6316	O+H=17264	 DONE
12/10/2025 02:34:08:	MOVE MOTOR REL	S18.axis2.phaseshifter 2	deg	0.07	FALSE DONE
12/10/2025 02:34:11:	14	count	time	30.0s/cts	O Det=7019	H Det=3953	Mon Det=92820	Aux Det=6464	O+H=17436	 DONE
12/10/2025 02:34:43:	MOVE MOTOR REL	S18.axis2.phaseshifter 2	deg	0.07	FALSE DONE
12/10/2025 02:34:47:	15	count	time	30.0s/cts	O Det=7777	H Det=3328	Mon Det=92881	Aux Det=6443	O+H=17548	 DONE
12/10/2025 02:35:18:	MOVE MOTOR REL	S18.axis2.phaseshifter 2	deg	0.07	FALSE DONE
12/10/2025 02:35:22:	16	count	time	30.0s/cts	O Det=8171	H Det=2921	Mon Det=92890	Aux Det=6388	O+H=17480	 DONE
12/10/2025 02:35:53:	MOVE MOTOR REL	S18.axis2.phaseshifter 2	deg	0.07	FALSE DONE
12/10/2025 02:35:57:	17	count	time	30.0s/cts	O Det=8132	H Det=3106	Mon Det=92957	Aux Det=6277	O+H=17515	 DONE
12/10/2025 02:36:29:	MOVE MOTOR REL	S18.axis2.phaseshifter 2	deg	0.07	FALSE DONE
12/10/2025 02:36:32:	18	count	time	30.0s/cts	O Det=7394	H Det=3706	Mon Det=92136	Aux Det=6376	O+H=17476	 DONE
12/10/2025 02:37:04:	MOVE MOTOR REL	S18.axis2.phaseshifter 2	deg	0.07	FALSE DONE
12/10/2025 02:37:07:	19	count	time	30.0s/cts	O Det=6125	H Det=4781	Mon Det=92218	Aux Det=6290	O+H=17196	 DONE
12/10/2025 02:37:39:	MOVE MOTOR REL	S18.axis2.phaseshifter 2	deg	0.07	FALSE DONE
12/10/2025 02:37:43:	20	count	time	30.0s/cts	O Det=4928	H Det=5738	Mon Det=92590	Aux Det=6278	O+H=16944	 DONE
12/10/2025 02:38:14:	MOVE MOTOR REL	S18.axis2.phaseshifter 2	deg	0.07	FALSE DONE
12/10/2025 02:38:18:	21	count	time	30.0s/cts	O Det=3429	H Det=7096	Mon Det=92754	Aux Det=6234	O+H=16759	 DONE
12/10/2025 02:38:50:	MOVE MOTOR REL	S18.axis2.phaseshifter 2	deg	0.07	FALSE DONE
12/10/2025 02:38:53:	22	count	time	30.0s/cts	O Det=2346	H Det=8076	Mon Det=93204	Aux Det=6419	O+H=16841	 DONE
12/10/2025 02:39:25:	MOVE MOTOR REL	S18.axis2.phaseshifter 2	deg	0.07	FALSE DONE
12/10/2025 02:39:28:	23	count	time	30.0s/cts	O Det=1598	H Det=8690	Mon Det=92955	Aux Det=6347	O+H=16635	 DONE
12/10/2025 02:40:00:	MOVE MOTOR REL	S18.axis2.phaseshifter 2	deg	0.07	FALSE DONE
12/10/2025 02:40:04:	24	count	time	30.0s/cts	O Det=1448	H Det=8591	Mon Det=93387	Aux Det=6434	O+H=16473	 DONE
12/10/2025 02:40:35:	MOVE MOTOR REL	S18.axis2.phaseshifter 2	deg	0.07	FALSE DONE
12/10/2025 02:40:39:	25	count	time	30.0s/cts	O Det=1906	H Det=8320	Mon Det=93011	Aux Det=6459	O+H=16685	 DONE
12/10/2025 02:41:11:	MOVE MOTOR REL	S18.axis2.phaseshifter 2	deg	0.07	FALSE DONE
12/10/2025 02:41:15:	26	count	time	30.0s/cts	O Det=2673	H Det=7876	Mon Det=92901	Aux Det=6278	O+H=16827	 DONE
12/10/2025 02:41:46:	MOVE MOTOR REL	S18.axis2.phaseshifter 2	deg	0.07	FALSE DONE
12/10/2025 02:41:50:	27	count	time	30.0s/cts	O Det=4152	H Det=6475	Mon Det=92735	Aux Det=6269	O+H=16896	 DONE
12/10/2025 02:42:21:	MOVE MOTOR REL	S18.axis2.phaseshifter 2	deg	0.07	FALSE DONE
12/10/2025 02:42:25:	28	count	time	30.0s/cts	O Det=5399	H Det=5479	Mon Det=92284	Aux Det=6380	O+H=17258	 DONE
12/10/2025 02:42:57:	MOVE MOTOR REL	S18.axis2.phaseshifter 2	deg	0.07	FALSE DONE
12/10/2025 02:43:00:	29	count	time	30.0s/cts	O Det=6544	H Det=4353	Mon Det=92952	Aux Det=6390	O+H=17287	 DONE
12/10/2025 02:43:32:	MOVE MOTOR REL	S18.axis2.phaseshifter 2	deg	0.07	FALSE DONE
12/10/2025 02:43:35:	30	count	time	30.0s/cts	O Det=7641	H Det=3501	Mon Det=93089	Aux Det=6459	O+H=17601	 DONE
12/10/2025 02:44:07:	NO ACTION	 DONE
12/10/2025 02:44:08:	close file and end scan	 DONE
call of ifg2r_newPS_2p30s.sc DONE
call of ifg2R_newPS_2p30s_p180.sc DONE
12/10/2025 02:44:09:	move motor	S18.auxiliary.Robot Z to 207413.00000um	reached 207427.00000  DONE
call of robot_Zout_doubleCd.sc DONE
12/10/2025 02:44:12:	move motor	S18.auxiliary.Robot rot big to 90.00000deg	reached 90.00000  DONE
12/10/2025 02:44:15:	move motor	S18.auxiliary.Robot Diagonal to 26000.00000um	reached 25999.79402  DONE
12/10/2025 02:44:39:	move motor	S18.auxiliary.Robot Z to 207413.00000um	reached 207431.00000  DONE
call of robot_Zout_doubleCd.sc DONE
12/10/2025 02:44:42:	move motor	S18.auxiliary.Robot rot big to 90.00000deg	reached 90.00000  DONE
12/10/2025 02:44:45:	move motor	S18.auxiliary.Robot Z to 292012.00000um	reached 292017.00000  DONE
call of robot_Zin_doubleCd.sc DONE
call of Block_path13_doubleCd.sc DONE
12/10/2025 02:44:53:	move motor	S18.auxiliary.Robot Diagonal to 25999.900000um	 DONE
12/10/2025 02:44:59:	create file	D:\data\Cycle 198\exp_3-16-19\rawdata\sc\ifg_wv1_psi_+1-1-1_12Oct0244.dat	 DONE
room to enter remarks DONE
12/10/2025 02:45:00:	move motor	S18.auxiliary.Robot Diagonal to 26000.000000um	 DONE
12/10/2025 02:45:06:	1	count	time	60.000000s/cts	O Det=2181	H Det=2369	Mon Det=185635	Aux Det=7836	O+H=12386	 DONE
12/10/2025 02:46:08:	move motor	S18.auxiliary.Robot Diagonal to 48000.000000um	 DONE
12/10/2025 02:46:22:	2	count	time	60.000000s/cts	O Det=2185	H Det=4498	Mon Det=183886	Aux Det=36	O+H=6719	 DONE
12/10/2025 02:47:24:	move motor	S18.auxiliary.Robot Diagonal to 70000.000000um	 DONE
12/10/2025 02:47:39:	3	count	time	60.000000s/cts	O Det=2412	H Det=2270	Mon Det=185738	Aux Det=14749	O+H=19431	 DONE
12/10/2025 02:48:41:	close file and end scan	 DONE
12/10/2025 02:48:41:	move motor	S18.auxiliary.Robot Z to 207413.00000um	reached 207426.00000  DONE
call of robot_Zout_doubleCd.sc DONE
call of int_meas_path213.sc DONE
12/10/2025 02:48:49:	END OF SCRIPT	 DONE
