23/10/2025 02:29:02:	start execution of script D:\data\Cycle 198\exp_3-16-19\rawdata\sc\ifg_wv2_psi_+1-1-1_no_fit.sc	 DONE
23/10/2025 02:29:03:	create file	D:\data\Cycle 198\exp_3-16-19\rawdata\sc\ifg_wv2_psi_+1-1-1_no_fit_23Oct0229.dat	 DONE
room to enter remarks DONE
23/10/2025 02:29:04:	MOVE MOTOR REL	S18.axis2.phaseshifter both	deg	-0.51751	FALSE DONE
23/10/2025 02:29:08:	1	count	time	30.0s/cts	O Det=1546	H Det=2317	Mon Det=73924	Aux Det=12531	O+H=16394	 DONE
23/10/2025 02:29:40:	MOVE MOTOR REL	S18.axis2.phaseshifter both	deg	0.06469	FALSE DONE
23/10/2025 02:29:45:	2	count	time	30.0s/cts	O Det=1593	H Det=2471	Mon Det=74472	Aux Det=12080	O+H=16144	 DONE
23/10/2025 02:30:16:	MOVE MOTOR REL	S18.axis2.phaseshifter both	deg	0.06469	FALSE DONE
23/10/2025 02:30:21:	3	count	time	30.0s/cts	O Det=1580	H Det=3020	Mon Det=73882	Aux Det=11152	O+H=15752	 DONE
23/10/2025 02:30:53:	MOVE MOTOR REL	S18.axis2.phaseshifter both	deg	0.06469	FALSE DONE
23/10/2025 02:30:57:	4	count	time	30.0s/cts	O Det=1594	H Det=3504	Mon Det=73585	Aux Det=10077	O+H=15175	 DONE
23/10/2025 02:31:29:	MOVE MOTOR REL	S18.axis2.phaseshifter both	deg	0.06469	FALSE DONE
23/10/2025 02:31:33:	5	count	time	30.0s/cts	O Det=1518	H Det=4102	Mon Det=73522	Aux Det=8743	O+H=14363	 DONE
23/10/2025 02:32:05:	MOVE MOTOR REL	S18.axis2.phaseshifter both	deg	0.06469	FALSE DONE
23/10/2025 02:32:10:	6	count	time	30.0s/cts	O Det=1348	H Det=4993	Mon Det=73508	Aux Det=7453	O+H=13794	 DONE
23/10/2025 02:32:41:	MOVE MOTOR REL	S18.axis2.phaseshifter both	deg	0.06469	FALSE DONE
23/10/2025 02:32:46:	7	count	time	30.0s/cts	O Det=1281	H Det=5793	Mon Det=73715	Aux Det=6285	O+H=13359	 DONE
23/10/2025 02:33:17:	MOVE MOTOR REL	S18.axis2.phaseshifter both	deg	0.06469	FALSE DONE
23/10/2025 02:33:22:	8	count	time	30.0s/cts	O Det=1221	H Det=6227	Mon Det=73438	Aux Det=5538	O+H=12986	 DONE
23/10/2025 02:33:54:	MOVE MOTOR REL	S18.axis2.phaseshifter both	deg	0.06469	FALSE DONE
23/10/2025 02:33:58:	9	count	time	30.0s/cts	O Det=1256	H Det=6476	Mon Det=73607	Aux Det=5046	O+H=12778	 DONE
23/10/2025 02:34:30:	MOVE MOTOR REL	S18.axis2.phaseshifter both	deg	0.06469	FALSE DONE
23/10/2025 02:34:34:	10	count	time	30.0s/cts	O Det=1339	H Det=6374	Mon Det=73412	Aux Det=5015	O+H=12728	 DONE
23/10/2025 02:35:06:	MOVE MOTOR REL	S18.axis2.phaseshifter both	deg	0.06469	FALSE DONE
23/10/2025 02:35:10:	11	count	time	30.0s/cts	O Det=1298	H Det=5975	Mon Det=73718	Aux Det=5748	O+H=13021	 DONE
23/10/2025 02:35:42:	MOVE MOTOR REL	S18.axis2.phaseshifter both	deg	0.06469	FALSE DONE
23/10/2025 02:35:47:	12	count	time	30.0s/cts	O Det=1314	H Det=5294	Mon Det=73493	Aux Det=6787	O+H=13395	 DONE
23/10/2025 02:36:18:	MOVE MOTOR REL	S18.axis2.phaseshifter both	deg	0.06469	FALSE DONE
23/10/2025 02:36:23:	13	count	time	30.0s/cts	O Det=1471	H Det=4476	Mon Det=73988	Aux Det=8086	O+H=14033	 DONE
23/10/2025 02:36:55:	MOVE MOTOR REL	S18.axis2.phaseshifter both	deg	0.06469	FALSE DONE
23/10/2025 02:36:59:	14	count	time	30.0s/cts	O Det=1500	H Det=3858	Mon Det=73485	Aux Det=9733	O+H=15091	 DONE
23/10/2025 02:37:31:	MOVE MOTOR REL	S18.axis2.phaseshifter both	deg	0.06469	FALSE DONE
23/10/2025 02:37:35:	15	count	time	30.0s/cts	O Det=1473	H Det=3074	Mon Det=73271	Aux Det=10977	O+H=15524	 DONE
23/10/2025 02:38:07:	MOVE MOTOR REL	S18.axis2.phaseshifter both	deg	0.06469	FALSE DONE
23/10/2025 02:38:11:	16	count	time	30.0s/cts	O Det=1668	H Det=2492	Mon Det=73776	Aux Det=11803	O+H=15963	 DONE
23/10/2025 02:38:43:	MOVE MOTOR REL	S18.axis2.phaseshifter both	deg	0.06469	FALSE DONE
23/10/2025 02:38:48:	17	count	time	30.0s/cts	O Det=1507	H Det=2295	Mon Det=73630	Aux Det=12378	O+H=16180	 DONE
23/10/2025 02:39:19:	MOVE MOTOR REL	S18.axis2.phaseshifter both	deg	0.06469	FALSE DONE
23/10/2025 02:39:24:	18	count	time	30.0s/cts	O Det=1493	H Det=2398	Mon Det=74147	Aux Det=12146	O+H=16037	 DONE
23/10/2025 02:39:56:	MOVE MOTOR REL	S18.axis2.phaseshifter both	deg	0.06469	FALSE DONE
23/10/2025 02:40:00:	19	count	time	30.0s/cts	O Det=1425	H Det=2824	Mon Det=73394	Aux Det=11597	O+H=15846	 DONE
23/10/2025 02:40:32:	MOVE MOTOR REL	S18.axis2.phaseshifter both	deg	0.06469	FALSE DONE
23/10/2025 02:40:36:	20	count	time	30.0s/cts	O Det=1303	H Det=3485	Mon Det=73829	Aux Det=10461	O+H=15249	 DONE
23/10/2025 02:41:08:	MOVE MOTOR REL	S18.axis2.phaseshifter both	deg	0.06469	FALSE DONE
23/10/2025 02:41:12:	21	count	time	30.0s/cts	O Det=1389	H Det=4468	Mon Det=73769	Aux Det=8580	O+H=14437	 DONE
23/10/2025 02:41:44:	MOVE MOTOR REL	S18.axis2.phaseshifter both	deg	0.06469	FALSE DONE
23/10/2025 02:41:49:	22	count	time	30.0s/cts	O Det=1219	H Det=5196	Mon Det=73881	Aux Det=7410	O+H=13825	 DONE
23/10/2025 02:42:20:	MOVE MOTOR REL	S18.axis2.phaseshifter both	deg	0.06469	FALSE DONE
23/10/2025 02:42:25:	23	count	time	30.0s/cts	O Det=1184	H Det=5993	Mon Det=73161	Aux Det=6142	O+H=13319	 DONE
23/10/2025 02:42:57:	MOVE MOTOR REL	S18.axis2.phaseshifter both	deg	0.06469	FALSE DONE
23/10/2025 02:43:01:	24	count	time	30.0s/cts	O Det=1259	H Det=6423	Mon Det=73613	Aux Det=5116	O+H=12798	 DONE
23/10/2025 02:43:33:	MOVE MOTOR REL	S18.axis2.phaseshifter both	deg	0.06469	FALSE DONE
23/10/2025 02:43:37:	25	count	time	30.0s/cts	O Det=1208	H Det=6543	Mon Det=73263	Aux Det=4939	O+H=12690	 DONE
23/10/2025 02:44:09:	MOVE MOTOR REL	S18.axis2.phaseshifter both	deg	0.06469	FALSE DONE
23/10/2025 02:44:13:	26	count	time	30.0s/cts	O Det=1290	H Det=6344	Mon Det=73373	Aux Det=5248	O+H=12882	 DONE
23/10/2025 02:44:45:	MOVE MOTOR REL	S18.axis2.phaseshifter both	deg	0.06469	FALSE DONE
23/10/2025 02:44:50:	27	count	time	30.0s/cts	O Det=1338	H Det=5816	Mon Det=74110	Aux Det=6147	O+H=13301	 DONE
23/10/2025 02:45:21:	MOVE MOTOR REL	S18.axis2.phaseshifter both	deg	0.06469	FALSE DONE
23/10/2025 02:45:26:	28	count	time	30.0s/cts	O Det=1422	H Det=4976	Mon Det=73570	Aux Det=7267	O+H=13665	 DONE
23/10/2025 02:45:58:	MOVE MOTOR REL	S18.axis2.phaseshifter both	deg	0.06469	FALSE DONE
23/10/2025 02:46:02:	29	count	time	30.0s/cts	O Det=1445	H Det=4038	Mon Det=73602	Aux Det=8937	O+H=14420	 DONE
23/10/2025 02:46:34:	MOVE MOTOR REL	S18.axis2.phaseshifter both	deg	0.06469	FALSE DONE
23/10/2025 02:46:38:	30	count	time	30.0s/cts	O Det=1414	H Det=3564	Mon Det=73558	Aux Det=10478	O+H=15456	 DONE
23/10/2025 02:47:10:	MOVE MOTOR REL	S18.axis2.phaseshifter both	deg	0.06469	FALSE DONE
23/10/2025 02:47:14:	31	count	time	30.0s/cts	O Det=1580	H Det=2727	Mon Det=73296	Aux Det=11311	O+H=15618	 DONE
23/10/2025 02:47:46:	MOVE MOTOR REL	S18.axis2.phaseshifter both	deg	0.06469	FALSE DONE
23/10/2025 02:47:51:	32	count	time	30.0s/cts	O Det=1501	H Det=2404	Mon Det=73459	Aux Det=11858	O+H=15763	 DONE
23/10/2025 02:48:22:	MOVE MOTOR REL	S18.axis2.phaseshifter both	deg	0.06469	FALSE DONE
23/10/2025 02:48:27:	33	count	time	30.0s/cts	O Det=1456	H Det=2204	Mon Det=73894	Aux Det=12254	O+H=15914	 DONE
23/10/2025 02:48:59:	MOVE MOTOR REL	S18.axis2.phaseshifter both	deg	0.06469	FALSE DONE
23/10/2025 02:49:03:	34	count	time	30.0s/cts	O Det=1469	H Det=2344	Mon Det=73539	Aux Det=12298	O+H=16111	 DONE
23/10/2025 02:49:35:	MOVE MOTOR REL	S18.axis2.phaseshifter both	deg	0.06469	FALSE DONE
23/10/2025 02:49:39:	35	count	time	30.0s/cts	O Det=1468	H Det=2964	Mon Det=73617	Aux Det=11531	O+H=15963	 DONE
23/10/2025 02:50:11:	MOVE MOTOR REL	S18.axis2.phaseshifter both	deg	0.06469	FALSE DONE
23/10/2025 02:50:15:	36	count	time	30.0s/cts	O Det=1455	H Det=3637	Mon Det=73429	Aux Det=10219	O+H=15311	 DONE
23/10/2025 02:50:47:	MOVE MOTOR REL	S18.axis2.phaseshifter both	deg	0.06469	FALSE DONE
23/10/2025 02:50:52:	37	count	time	30.0s/cts	O Det=1237	H Det=4447	Mon Det=73598	Aux Det=8898	O+H=14582	 DONE
23/10/2025 02:51:23:	MOVE MOTOR REL	S18.axis2.phaseshifter both	deg	0.06469	FALSE DONE
23/10/2025 02:51:28:	38	count	time	30.0s/cts	O Det=1167	H Det=5190	Mon Det=73563	Aux Det=7471	O+H=13828	 DONE
23/10/2025 02:52:00:	MOVE MOTOR REL	S18.axis2.phaseshifter both	deg	0.06469	FALSE DONE
23/10/2025 02:52:04:	39	count	time	30.0s/cts	O Det=1057	H Det=5864	Mon Det=73906	Aux Det=6315	O+H=13236	 DONE
23/10/2025 02:52:36:	MOVE MOTOR REL	S18.axis2.phaseshifter both	deg	0.06469	FALSE DONE
23/10/2025 02:52:40:	40	count	time	30.0s/cts	O Det=1239	H Det=6231	Mon Det=73764	Aux Det=5432	O+H=12902	 DONE
23/10/2025 02:53:12:	MOVE MOTOR REL	S18.axis2.phaseshifter both	deg	0.06469	FALSE DONE
23/10/2025 02:53:16:	41	count	time	30.0s/cts	O Det=1230	H Det=6428	Mon Det=73377	Aux Det=4990	O+H=12648	 DONE
23/10/2025 02:53:48:	MOVE MOTOR REL	S18.axis2.phaseshifter both	deg	0.06469	FALSE DONE
23/10/2025 02:53:53:	42	count	time	30.0s/cts	O Det=1329	H Det=6288	Mon Det=73507	Aux Det=5211	O+H=12828	 DONE
23/10/2025 02:54:24:	MOVE MOTOR REL	S18.axis2.phaseshifter both	deg	0.06469	FALSE DONE
23/10/2025 02:54:29:	43	count	time	30.0s/cts	O Det=1348	H Det=5733	Mon Det=74269	Aux Det=6057	O+H=13138	 DONE
23/10/2025 02:55:01:	MOVE MOTOR REL	S18.axis2.phaseshifter both	deg	0.06469	FALSE DONE
23/10/2025 02:55:05:	44	count	time	30.0s/cts	O Det=1416	H Det=5133	Mon Det=74168	Aux Det=7262	O+H=13811	 DONE
23/10/2025 02:55:37:	MOVE MOTOR REL	S18.axis2.phaseshifter both	deg	0.06469	FALSE DONE
23/10/2025 02:55:41:	45	count	time	30.0s/cts	O Det=1450	H Det=4303	Mon Det=73278	Aux Det=8712	O+H=14465	 DONE
23/10/2025 02:56:13:	MOVE MOTOR REL	S18.axis2.phaseshifter both	deg	0.06469	FALSE DONE
23/10/2025 02:56:17:	46	count	time	30.0s/cts	O Det=1674	H Det=3460	Mon Det=73703	Aux Det=10227	O+H=15361	 DONE
23/10/2025 02:56:49:	MOVE MOTOR REL	S18.axis2.phaseshifter both	deg	0.06469	FALSE DONE
23/10/2025 02:56:54:	47	count	time	30.0s/cts	O Det=1528	H Det=2927	Mon Det=73512	Aux Det=11308	O+H=15763	 DONE
23/10/2025 02:57:25:	MOVE MOTOR REL	S18.axis2.phaseshifter both	deg	0.06469	FALSE DONE
23/10/2025 02:57:30:	48	count	time	30.0s/cts	O Det=1569	H Det=2373	Mon Det=73604	Aux Det=11974	O+H=15916	 DONE
23/10/2025 02:58:02:	close file and end scan	 DONE
call of ifg12r_newPS_2p30s_no_fit.sc DONE
23/10/2025 02:58:03:	create file	D:\data\Cycle 198\exp_3-16-19\rawdata\sc\ifg_wv2_psi_+1-1-1_no_fit_23Oct0258.dat	 DONE
room to enter remarks DONE
23/10/2025 02:58:04:	close file and end scan	 DONE
call of int_meas_path213.sc DONE
23/10/2025 02:58:05:	END OF SCRIPT	 DONE
