17/10/2025 19:11:20:	start execution of script D:\data\Cycle 198\exp_3-16-19\rawdata\sc\ifg_wv2_psi_+1+exp(-i60)+exp(i120).sc	 DONE
17/10/2025 19:11:20:	create file	D:\data\Cycle 198\exp_3-16-19\rawdata\sc\ifg_wv2_psi_+1+exp(-i60)+exp(i120)_17Oct1911.dat	 DONE
room to enter remarks DONE
17/10/2025 19:11:21:	MOVE MOTOR REL	S18.axis2.phaseshifter both	deg	0.0	FALSE DONE
17/10/2025 19:11:25:	1	count	time	15.0s/cts	O Det=773	H Det=1115	Mon Det=36103	Aux Det=6213	O+H=8101	 DONE
17/10/2025 19:11:42:	MOVE MOTOR REL	S18.axis2.phaseshifter both	deg	0.07	FALSE DONE
17/10/2025 19:11:46:	2	count	time	15.0s/cts	O Det=998	H Det=1060	Mon Det=35849	Aux Det=6083	O+H=8141	 DONE
17/10/2025 19:12:03:	MOVE MOTOR REL	S18.axis2.phaseshifter both	deg	0.07	FALSE DONE
17/10/2025 19:12:07:	3	count	time	15.0s/cts	O Det=1195	H Det=1025	Mon Det=35729	Aux Det=5692	O+H=7912	 DONE
17/10/2025 19:12:24:	MOVE MOTOR REL	S18.axis2.phaseshifter both	deg	0.07	FALSE DONE
17/10/2025 19:12:28:	4	count	time	15.0s/cts	O Det=1387	H Det=1233	Mon Det=35919	Aux Det=5028	O+H=7648	 DONE
17/10/2025 19:12:45:	MOVE MOTOR REL	S18.axis2.phaseshifter both	deg	0.07	FALSE DONE
17/10/2025 19:12:50:	5	count	time	15.0s/cts	O Det=1608	H Det=1446	Mon Det=35857	Aux Det=4199	O+H=7253	 DONE
17/10/2025 19:13:06:	MOVE MOTOR REL	S18.axis2.phaseshifter both	deg	0.07	FALSE DONE
17/10/2025 19:13:11:	6	count	time	15.0s/cts	O Det=1629	H Det=1833	Mon Det=35995	Aux Det=3496	O+H=6958	 DONE
17/10/2025 19:13:28:	MOVE MOTOR REL	S18.axis2.phaseshifter both	deg	0.07	FALSE DONE
17/10/2025 19:13:32:	7	count	time	15.0s/cts	O Det=1552	H Det=2240	Mon Det=36159	Aux Det=2866	O+H=6658	 DONE
17/10/2025 19:13:49:	MOVE MOTOR REL	S18.axis2.phaseshifter both	deg	0.07	FALSE DONE
17/10/2025 19:13:53:	8	count	time	15.0s/cts	O Det=1424	H Det=2383	Mon Det=35793	Aux Det=2479	O+H=6286	 DONE
17/10/2025 19:14:10:	MOVE MOTOR REL	S18.axis2.phaseshifter both	deg	0.07	FALSE DONE
17/10/2025 19:14:15:	9	count	time	15.0s/cts	O Det=1213	H Det=2737	Mon Det=35500	Aux Det=2434	O+H=6384	 DONE
17/10/2025 19:14:31:	MOVE MOTOR REL	S18.axis2.phaseshifter both	deg	0.07	FALSE DONE
17/10/2025 19:14:36:	10	count	time	15.0s/cts	O Det=922	H Det=2901	Mon Det=36271	Aux Det=2755	O+H=6578	 DONE
17/10/2025 19:14:53:	MOVE MOTOR REL	S18.axis2.phaseshifter both	deg	0.07	FALSE DONE
17/10/2025 19:14:57:	11	count	time	15.0s/cts	O Det=731	H Det=2984	Mon Det=35917	Aux Det=3086	O+H=6801	 DONE
17/10/2025 19:15:14:	MOVE MOTOR REL	S18.axis2.phaseshifter both	deg	0.07	FALSE DONE
17/10/2025 19:15:18:	12	count	time	15.0s/cts	O Det=566	H Det=2666	Mon Det=35665	Aux Det=3690	O+H=6922	 DONE
17/10/2025 19:15:35:	MOVE MOTOR REL	S18.axis2.phaseshifter both	deg	0.07	FALSE DONE
17/10/2025 19:15:40:	13	count	time	15.0s/cts	O Det=414	H Det=2408	Mon Det=35785	Aux Det=4537	O+H=7359	 DONE
17/10/2025 19:15:56:	MOVE MOTOR REL	S18.axis2.phaseshifter both	deg	0.07	FALSE DONE
17/10/2025 19:16:01:	14	count	time	15.0s/cts	O Det=412	H Det=1961	Mon Det=35939	Aux Det=5072	O+H=7445	 DONE
17/10/2025 19:16:18:	MOVE MOTOR REL	S18.axis2.phaseshifter both	deg	0.07	FALSE DONE
17/10/2025 19:16:22:	15	count	time	15.0s/cts	O Det=468	H Det=1612	Mon Det=35889	Aux Det=5877	O+H=7957	 DONE
17/10/2025 19:16:39:	MOVE MOTOR REL	S18.axis2.phaseshifter both	deg	0.07	FALSE DONE
17/10/2025 19:16:43:	16	count	time	15.0s/cts	O Det=607	H Det=1348	Mon Det=36218	Aux Det=6069	O+H=8024	 DONE
17/10/2025 19:17:00:	MOVE MOTOR REL	S18.axis2.phaseshifter both	deg	0.07	FALSE DONE
17/10/2025 19:17:04:	17	count	time	15.0s/cts	O Det=824	H Det=1103	Mon Det=35826	Aux Det=6294	O+H=8221	 DONE
17/10/2025 19:17:21:	MOVE MOTOR REL	S18.axis2.phaseshifter both	deg	0.07	FALSE DONE
17/10/2025 19:17:26:	18	count	time	15.0s/cts	O Det=974	H Det=1093	Mon Det=35895	Aux Det=6110	O+H=8177	 DONE
17/10/2025 19:17:42:	MOVE MOTOR REL	S18.axis2.phaseshifter both	deg	0.07	FALSE DONE
17/10/2025 19:17:47:	19	count	time	15.0s/cts	O Det=1203	H Det=1135	Mon Det=35904	Aux Det=5552	O+H=7890	 DONE
17/10/2025 19:18:04:	MOVE MOTOR REL	S18.axis2.phaseshifter both	deg	0.07	FALSE DONE
17/10/2025 19:18:08:	20	count	time	15.0s/cts	O Det=1297	H Det=1378	Mon Det=35851	Aux Det=4900	O+H=7575	 DONE
17/10/2025 19:18:25:	MOVE MOTOR REL	S18.axis2.phaseshifter both	deg	0.07	FALSE DONE
17/10/2025 19:18:29:	21	count	time	15.0s/cts	O Det=1236	H Det=1753	Mon Det=36166	Aux Det=4075	O+H=7064	 DONE
17/10/2025 19:18:46:	MOVE MOTOR REL	S18.axis2.phaseshifter both	deg	0.07	FALSE DONE
17/10/2025 19:18:50:	22	count	time	15.0s/cts	O Det=1133	H Det=2286	Mon Det=36325	Aux Det=3450	O+H=6869	 DONE
17/10/2025 19:19:07:	MOVE MOTOR REL	S18.axis2.phaseshifter both	deg	0.07	FALSE DONE
17/10/2025 19:19:12:	23	count	time	15.0s/cts	O Det=1245	H Det=2679	Mon Det=36036	Aux Det=2728	O+H=6652	 DONE
17/10/2025 19:19:28:	MOVE MOTOR REL	S18.axis2.phaseshifter both	deg	0.07	FALSE DONE
17/10/2025 19:19:33:	24	count	time	15.0s/cts	O Det=1028	H Det=2927	Mon Det=35825	Aux Det=2497	O+H=6452	 DONE
17/10/2025 19:19:50:	MOVE MOTOR REL	S18.axis2.phaseshifter both	deg	0.07	FALSE DONE
17/10/2025 19:19:54:	25	count	time	15.0s/cts	O Det=892	H Det=2938	Mon Det=35785	Aux Det=2481	O+H=6311	 DONE
17/10/2025 19:20:11:	MOVE MOTOR REL	S18.axis2.phaseshifter both	deg	0.07	FALSE DONE
17/10/2025 19:20:15:	26	count	time	15.0s/cts	O Det=761	H Det=3038	Mon Det=36274	Aux Det=2879	O+H=6678	 DONE
17/10/2025 19:20:32:	MOVE MOTOR REL	S18.axis2.phaseshifter both	deg	0.07	FALSE DONE
17/10/2025 19:20:36:	27	count	time	15.0s/cts	O Det=538	H Det=2801	Mon Det=35774	Aux Det=3429	O+H=6768	 DONE
17/10/2025 19:20:53:	MOVE MOTOR REL	S18.axis2.phaseshifter both	deg	0.07	FALSE DONE
17/10/2025 19:20:58:	28	count	time	15.0s/cts	O Det=422	H Det=2410	Mon Det=36043	Aux Det=4277	O+H=7109	 DONE
17/10/2025 19:21:14:	MOVE MOTOR REL	S18.axis2.phaseshifter both	deg	0.07	FALSE DONE
17/10/2025 19:21:19:	29	count	time	15.0s/cts	O Det=409	H Det=2011	Mon Det=36041	Aux Det=5102	O+H=7522	 DONE
17/10/2025 19:21:36:	MOVE MOTOR REL	S18.axis2.phaseshifter both	deg	0.07	FALSE DONE
17/10/2025 19:21:40:	30	count	time	15.0s/cts	O Det=468	H Det=1730	Mon Det=35829	Aux Det=5709	O+H=7907	 DONE
17/10/2025 19:21:57:	MOVE MOTOR REL	S18.axis2.phaseshifter both	deg	0.07	FALSE DONE
17/10/2025 19:22:01:	31	count	time	15.0s/cts	O Det=511	H Det=1341	Mon Det=36013	Aux Det=6092	O+H=7944	 DONE
17/10/2025 19:22:18:	MOVE MOTOR REL	S18.axis2.phaseshifter both	deg	0.07	FALSE DONE
17/10/2025 19:22:22:	32	count	time	15.0s/cts	O Det=709	H Det=1170	Mon Det=35950	Aux Det=6232	O+H=8111	 DONE
17/10/2025 19:22:39:	NO ACTION	 DONE
17/10/2025 19:22:40:	close file and end scan	 DONE
call of ifg12r_newPS_2p30s_AP.sc DONE
17/10/2025 19:22:41:	move motor	S18.axis2.phaseshifter both to fit O COS-210	-0.728784reached -0.72510  DONE
call of ifg12R_newPS_2p30s_0_+1+exp(-i60)+exp(i120)_wv2.sc DONE
17/10/2025 19:22:47:	create file	D:\data\Cycle 198\exp_3-16-19\rawdata\sc\ifg_wv2_psi_+1+exp(-i60)+exp(i120)_17Oct1922.dat	 DONE
room to enter remarks DONE
17/10/2025 19:22:48:	MOVE MOTOR REL	S18.axis2.phaseshifter both	deg	0.0	FALSE DONE
17/10/2025 19:22:52:	1	count	time	15.0s/cts	O Det=415	H Det=2465	Mon Det=35676	Aux Det=4198	O+H=7078	 DONE
17/10/2025 19:23:09:	MOVE MOTOR REL	S18.axis2.phaseshifter both	deg	0.07	FALSE DONE
17/10/2025 19:23:13:	2	count	time	15.0s/cts	O Det=374	H Det=2093	Mon Det=35872	Aux Det=4993	O+H=7460	 DONE
17/10/2025 19:23:30:	MOVE MOTOR REL	S18.axis2.phaseshifter both	deg	0.07	FALSE DONE
17/10/2025 19:23:34:	3	count	time	15.0s/cts	O Det=472	H Det=1765	Mon Det=36267	Aux Det=5661	O+H=7898	 DONE
17/10/2025 19:23:51:	MOVE MOTOR REL	S18.axis2.phaseshifter both	deg	0.07	FALSE DONE
17/10/2025 19:23:56:	4	count	time	15.0s/cts	O Det=576	H Det=1291	Mon Det=36356	Aux Det=6044	O+H=7911	 DONE
17/10/2025 19:24:13:	MOVE MOTOR REL	S18.axis2.phaseshifter both	deg	0.07	FALSE DONE
17/10/2025 19:24:17:	5	count	time	15.0s/cts	O Det=790	H Det=1123	Mon Det=36014	Aux Det=6316	O+H=8229	 DONE
17/10/2025 19:24:34:	MOVE MOTOR REL	S18.axis2.phaseshifter both	deg	0.07	FALSE DONE
17/10/2025 19:24:39:	6	count	time	15.0s/cts	O Det=991	H Det=1002	Mon Det=36037	Aux Det=6082	O+H=8075	 DONE
17/10/2025 19:24:55:	MOVE MOTOR REL	S18.axis2.phaseshifter both	deg	0.07	FALSE DONE
17/10/2025 19:25:00:	7	count	time	15.0s/cts	O Det=1163	H Det=1148	Mon Det=35859	Aux Det=5610	O+H=7921	 DONE
17/10/2025 19:25:17:	MOVE MOTOR REL	S18.axis2.phaseshifter both	deg	0.07	FALSE DONE
17/10/2025 19:25:21:	8	count	time	15.0s/cts	O Det=1300	H Det=1313	Mon Det=36363	Aux Det=4934	O+H=7547	 DONE
17/10/2025 19:25:38:	MOVE MOTOR REL	S18.axis2.phaseshifter both	deg	0.07	FALSE DONE
17/10/2025 19:25:42:	9	count	time	15.0s/cts	O Det=1418	H Det=1620	Mon Det=36156	Aux Det=4190	O+H=7228	 DONE
17/10/2025 19:25:59:	MOVE MOTOR REL	S18.axis2.phaseshifter both	deg	0.07	FALSE DONE
17/10/2025 19:26:03:	10	count	time	15.0s/cts	O Det=1466	H Det=2079	Mon Det=35848	Aux Det=3371	O+H=6916	 DONE
17/10/2025 19:26:20:	MOVE MOTOR REL	S18.axis2.phaseshifter both	deg	0.07	FALSE DONE
17/10/2025 19:26:25:	11	count	time	15.0s/cts	O Det=1323	H Det=2436	Mon Det=36011	Aux Det=2921	O+H=6680	 DONE
17/10/2025 19:26:41:	MOVE MOTOR REL	S18.axis2.phaseshifter both	deg	0.07	FALSE DONE
17/10/2025 19:26:46:	12	count	time	15.0s/cts	O Det=1135	H Det=2812	Mon Det=36020	Aux Det=2450	O+H=6397	 DONE
17/10/2025 19:27:03:	MOVE MOTOR REL	S18.axis2.phaseshifter both	deg	0.07	FALSE DONE
17/10/2025 19:27:07:	13	count	time	15.0s/cts	O Det=961	H Det=2921	Mon Det=36263	Aux Det=2417	O+H=6299	 DONE
17/10/2025 19:27:24:	MOVE MOTOR REL	S18.axis2.phaseshifter both	deg	0.07	FALSE DONE
17/10/2025 19:27:28:	14	count	time	15.0s/cts	O Det=781	H Det=2903	Mon Det=35863	Aux Det=2667	O+H=6351	 DONE
17/10/2025 19:27:45:	MOVE MOTOR REL	S18.axis2.phaseshifter both	deg	0.07	FALSE DONE
17/10/2025 19:27:49:	15	count	time	15.0s/cts	O Det=583	H Det=2788	Mon Det=35992	Aux Det=3285	O+H=6656	 DONE
17/10/2025 19:28:06:	MOVE MOTOR REL	S18.axis2.phaseshifter both	deg	0.07	FALSE DONE
17/10/2025 19:28:11:	16	count	time	15.0s/cts	O Det=432	H Det=2695	Mon Det=36021	Aux Det=3946	O+H=7073	 DONE
17/10/2025 19:28:27:	MOVE MOTOR REL	S18.axis2.phaseshifter both	deg	0.07	FALSE DONE
17/10/2025 19:28:32:	17	count	time	15.0s/cts	O Det=401	H Det=2332	Mon Det=35853	Aux Det=4620	O+H=7353	 DONE
17/10/2025 19:28:49:	MOVE MOTOR REL	S18.axis2.phaseshifter both	deg	0.07	FALSE DONE
17/10/2025 19:28:53:	18	count	time	15.0s/cts	O Det=415	H Det=1886	Mon Det=36417	Aux Det=5397	O+H=7698	 DONE
17/10/2025 19:29:10:	MOVE MOTOR REL	S18.axis2.phaseshifter both	deg	0.07	FALSE DONE
17/10/2025 19:29:14:	19	count	time	15.0s/cts	O Det=484	H Det=1585	Mon Det=36223	Aux Det=5847	O+H=7916	 DONE
17/10/2025 19:29:31:	MOVE MOTOR REL	S18.axis2.phaseshifter both	deg	0.07	FALSE DONE
17/10/2025 19:29:36:	20	count	time	15.0s/cts	O Det=625	H Det=1264	Mon Det=36042	Aux Det=6025	O+H=7914	 DONE
17/10/2025 19:29:52:	MOVE MOTOR REL	S18.axis2.phaseshifter both	deg	0.07	FALSE DONE
17/10/2025 19:29:57:	21	count	time	15.0s/cts	O Det=806	H Det=1090	Mon Det=36012	Aux Det=6149	O+H=8045	 DONE
17/10/2025 19:30:14:	MOVE MOTOR REL	S18.axis2.phaseshifter both	deg	0.07	FALSE DONE
17/10/2025 19:30:18:	22	count	time	15.0s/cts	O Det=940	H Det=1051	Mon Det=35720	Aux Det=6055	O+H=8046	 DONE
17/10/2025 19:30:35:	MOVE MOTOR REL	S18.axis2.phaseshifter both	deg	0.07	FALSE DONE
17/10/2025 19:30:39:	23	count	time	15.0s/cts	O Det=1213	H Det=1165	Mon Det=35694	Aux Det=5183	O+H=7561	 DONE
17/10/2025 19:30:56:	MOVE MOTOR REL	S18.axis2.phaseshifter both	deg	0.07	FALSE DONE
17/10/2025 19:31:00:	24	count	time	15.0s/cts	O Det=1340	H Det=1558	Mon Det=36050	Aux Det=4624	O+H=7522	 DONE
17/10/2025 19:31:17:	MOVE MOTOR REL	S18.axis2.phaseshifter both	deg	0.07	FALSE DONE
17/10/2025 19:31:22:	25	count	time	15.0s/cts	O Det=1382	H Det=1821	Mon Det=36219	Aux Det=3853	O+H=7056	 DONE
17/10/2025 19:31:38:	MOVE MOTOR REL	S18.axis2.phaseshifter both	deg	0.07	FALSE DONE
17/10/2025 19:31:43:	26	count	time	15.0s/cts	O Det=1370	H Det=2232	Mon Det=35866	Aux Det=3232	O+H=6834	 DONE
17/10/2025 19:32:00:	MOVE MOTOR REL	S18.axis2.phaseshifter both	deg	0.07	FALSE DONE
17/10/2025 19:32:04:	27	count	time	15.0s/cts	O Det=1354	H Det=2433	Mon Det=35837	Aux Det=2601	O+H=6388	 DONE
17/10/2025 19:32:21:	MOVE MOTOR REL	S18.axis2.phaseshifter both	deg	0.07	FALSE DONE
17/10/2025 19:32:25:	28	count	time	15.0s/cts	O Det=1217	H Det=2729	Mon Det=35652	Aux Det=2442	O+H=6388	 DONE
17/10/2025 19:32:42:	MOVE MOTOR REL	S18.axis2.phaseshifter both	deg	0.07	FALSE DONE
17/10/2025 19:32:46:	29	count	time	15.0s/cts	O Det=906	H Det=2896	Mon Det=36071	Aux Det=2570	O+H=6372	 DONE
17/10/2025 19:33:03:	MOVE MOTOR REL	S18.axis2.phaseshifter both	deg	0.07	FALSE DONE
17/10/2025 19:33:08:	30	count	time	15.0s/cts	O Det=693	H Det=3005	Mon Det=36318	Aux Det=2832	O+H=6530	 DONE
17/10/2025 19:33:24:	MOVE MOTOR REL	S18.axis2.phaseshifter both	deg	0.07	FALSE DONE
17/10/2025 19:33:29:	31	count	time	15.0s/cts	O Det=543	H Det=2863	Mon Det=36030	Aux Det=3213	O+H=6619	 DONE
17/10/2025 19:33:46:	MOVE MOTOR REL	S18.axis2.phaseshifter both	deg	0.07	FALSE DONE
17/10/2025 19:33:50:	32	count	time	15.0s/cts	O Det=464	H Det=2619	Mon Det=36024	Aux Det=3943	O+H=7026	 DONE
17/10/2025 19:34:07:	NO ACTION	 DONE
17/10/2025 19:34:07:	close file and end scan	 DONE
call of ifg12r_newPS_2p30s_AP.sc DONE
17/10/2025 19:34:08:	move motor	S18.axis2.phaseshifter both to fit O COS-30	-0.235165reached -0.24170  DONE
call of ifg12R_newPS_2p30s_m90_+1+exp(-i60)+exp(i120)_wv2.sc DONE
17/10/2025 19:34:14:	create file	D:\data\Cycle 198\exp_3-16-19\rawdata\sc\ifg_wv2_psi_+1+exp(-i60)+exp(i120)_17Oct1934.dat	 DONE
room to enter remarks DONE
17/10/2025 19:34:15:	MOVE MOTOR REL	S18.axis2.phaseshifter both	deg	0.0	FALSE DONE
17/10/2025 19:34:19:	1	count	time	15.0s/cts	O Det=1251	H Det=1482	Mon Det=35954	Aux Det=4711	O+H=7444	 DONE
17/10/2025 19:34:36:	MOVE MOTOR REL	S18.axis2.phaseshifter both	deg	0.07	FALSE DONE
17/10/2025 19:34:40:	2	count	time	15.0s/cts	O Det=1300	H Det=1879	Mon Det=36170	Aux Det=4077	O+H=7256	 DONE
17/10/2025 19:34:57:	MOVE MOTOR REL	S18.axis2.phaseshifter both	deg	0.07	FALSE DONE
17/10/2025 19:35:02:	3	count	time	15.0s/cts	O Det=1198	H Det=2332	Mon Det=36260	Aux Det=3477	O+H=7007	 DONE
17/10/2025 19:35:18:	MOVE MOTOR REL	S18.axis2.phaseshifter both	deg	0.07	FALSE DONE
17/10/2025 19:35:23:	4	count	time	15.0s/cts	O Det=1014	H Det=2608	Mon Det=35960	Aux Det=3000	O+H=6622	 DONE
17/10/2025 19:35:40:	MOVE MOTOR REL	S18.axis2.phaseshifter both	deg	0.07	FALSE DONE
17/10/2025 19:35:44:	5	count	time	15.0s/cts	O Det=847	H Det=3042	Mon Det=36267	Aux Det=2600	O+H=6489	 DONE
17/10/2025 19:36:01:	MOVE MOTOR REL	S18.axis2.phaseshifter both	deg	0.07	FALSE DONE
17/10/2025 19:36:05:	6	count	time	15.0s/cts	O Det=766	H Det=3086	Mon Det=36345	Aux Det=2423	O+H=6275	 DONE
17/10/2025 19:36:22:	MOVE MOTOR REL	S18.axis2.phaseshifter both	deg	0.07	FALSE DONE
17/10/2025 19:36:26:	7	count	time	15.0s/cts	O Det=645	H Det=3185	Mon Det=36227	Aux Det=2541	O+H=6371	 DONE
17/10/2025 19:36:43:	MOVE MOTOR REL	S18.axis2.phaseshifter both	deg	0.07	FALSE DONE
17/10/2025 19:36:48:	8	count	time	15.0s/cts	O Det=541	H Det=3008	Mon Det=35780	Aux Det=3147	O+H=6696	 DONE
17/10/2025 19:37:04:	MOVE MOTOR REL	S18.axis2.phaseshifter both	deg	0.07	FALSE DONE
17/10/2025 19:37:09:	9	count	time	15.0s/cts	O Det=464	H Det=2789	Mon Det=36047	Aux Det=3812	O+H=7065	 DONE
17/10/2025 19:37:26:	MOVE MOTOR REL	S18.axis2.phaseshifter both	deg	0.07	FALSE DONE
17/10/2025 19:37:30:	10	count	time	15.0s/cts	O Det=420	H Det=2333	Mon Det=35934	Aux Det=4493	O+H=7246	 DONE
17/10/2025 19:37:47:	MOVE MOTOR REL	S18.axis2.phaseshifter both	deg	0.07	FALSE DONE
17/10/2025 19:37:51:	11	count	time	15.0s/cts	O Det=456	H Det=1878	Mon Det=36192	Aux Det=5285	O+H=7619	 DONE
17/10/2025 19:38:08:	MOVE MOTOR REL	S18.axis2.phaseshifter both	deg	0.07	FALSE DONE
17/10/2025 19:38:13:	12	count	time	15.0s/cts	O Det=529	H Det=1559	Mon Det=35793	Aux Det=5843	O+H=7931	 DONE
17/10/2025 19:38:30:	MOVE MOTOR REL	S18.axis2.phaseshifter both	deg	0.07	FALSE DONE
17/10/2025 19:38:34:	13	count	time	15.0s/cts	O Det=652	H Det=1345	Mon Det=36231	Aux Det=6241	O+H=8238	 DONE
17/10/2025 19:38:51:	MOVE MOTOR REL	S18.axis2.phaseshifter both	deg	0.07	FALSE DONE
17/10/2025 19:38:55:	14	count	time	15.0s/cts	O Det=800	H Det=1163	Mon Det=35797	Aux Det=6152	O+H=8115	 DONE
17/10/2025 19:39:12:	MOVE MOTOR REL	S18.axis2.phaseshifter both	deg	0.07	FALSE DONE
17/10/2025 19:39:16:	15	count	time	15.0s/cts	O Det=876	H Det=1161	Mon Det=36092	Aux Det=6026	O+H=8063	 DONE
17/10/2025 19:39:33:	MOVE MOTOR REL	S18.axis2.phaseshifter both	deg	0.07	FALSE DONE
17/10/2025 19:39:38:	16	count	time	15.0s/cts	O Det=960	H Det=1269	Mon Det=36021	Aux Det=5372	O+H=7601	 DONE
17/10/2025 19:39:54:	MOVE MOTOR REL	S18.axis2.phaseshifter both	deg	0.07	FALSE DONE
17/10/2025 19:39:59:	17	count	time	15.0s/cts	O Det=1003	H Det=1690	Mon Det=36065	Aux Det=4573	O+H=7266	 DONE
17/10/2025 19:40:16:	MOVE MOTOR REL	S18.axis2.phaseshifter both	deg	0.07	FALSE DONE
17/10/2025 19:40:20:	18	count	time	15.0s/cts	O Det=995	H Det=2072	Mon Det=35828	Aux Det=3996	O+H=7063	 DONE
17/10/2025 19:40:37:	MOVE MOTOR REL	S18.axis2.phaseshifter both	deg	0.07	FALSE DONE
17/10/2025 19:40:41:	19	count	time	15.0s/cts	O Det=948	H Det=2419	Mon Det=36123	Aux Det=3282	O+H=6649	 DONE
17/10/2025 19:40:58:	MOVE MOTOR REL	S18.axis2.phaseshifter both	deg	0.07	FALSE DONE
17/10/2025 19:41:02:	20	count	time	15.0s/cts	O Det=945	H Det=2856	Mon Det=35515	Aux Det=2665	O+H=6466	 DONE
17/10/2025 19:41:19:	MOVE MOTOR REL	S18.axis2.phaseshifter both	deg	0.07	FALSE DONE
17/10/2025 19:41:24:	21	count	time	15.0s/cts	O Det=827	H Det=3067	Mon Det=36164	Aux Det=2496	O+H=6390	 DONE
17/10/2025 19:41:40:	MOVE MOTOR REL	S18.axis2.phaseshifter both	deg	0.07	FALSE DONE
17/10/2025 19:41:45:	22	count	time	15.0s/cts	O Det=636	H Det=3182	Mon Det=36236	Aux Det=2464	O+H=6282	 DONE
17/10/2025 19:42:02:	MOVE MOTOR REL	S18.axis2.phaseshifter both	deg	0.07	FALSE DONE
17/10/2025 19:42:06:	23	count	time	15.0s/cts	O Det=576	H Det=3000	Mon Det=36057	Aux Det=2785	O+H=6361	 DONE
17/10/2025 19:42:23:	MOVE MOTOR REL	S18.axis2.phaseshifter both	deg	0.07	FALSE DONE
17/10/2025 19:42:27:	24	count	time	15.0s/cts	O Det=493	H Det=2880	Mon Det=36349	Aux Det=3290	O+H=6663	 DONE
17/10/2025 19:42:44:	MOVE MOTOR REL	S18.axis2.phaseshifter both	deg	0.07	FALSE DONE
17/10/2025 19:42:48:	25	count	time	15.0s/cts	O Det=425	H Det=2519	Mon Det=35604	Aux Det=4064	O+H=7008	 DONE
17/10/2025 19:43:05:	MOVE MOTOR REL	S18.axis2.phaseshifter both	deg	0.07	FALSE DONE
17/10/2025 19:43:10:	26	count	time	15.0s/cts	O Det=421	H Det=2097	Mon Det=35944	Aux Det=4961	O+H=7479	 DONE
17/10/2025 19:43:26:	MOVE MOTOR REL	S18.axis2.phaseshifter both	deg	0.07	FALSE DONE
17/10/2025 19:43:31:	27	count	time	15.0s/cts	O Det=507	H Det=1666	Mon Det=35837	Aux Det=5561	O+H=7734	 DONE
17/10/2025 19:43:48:	MOVE MOTOR REL	S18.axis2.phaseshifter both	deg	0.07	FALSE DONE
17/10/2025 19:43:52:	28	count	time	15.0s/cts	O Det=562	H Det=1248	Mon Det=35876	Aux Det=6086	O+H=7896	 DONE
17/10/2025 19:44:09:	MOVE MOTOR REL	S18.axis2.phaseshifter both	deg	0.07	FALSE DONE
17/10/2025 19:44:13:	29	count	time	15.0s/cts	O Det=781	H Det=1052	Mon Det=36082	Aux Det=6179	O+H=8012	 DONE
17/10/2025 19:44:30:	MOVE MOTOR REL	S18.axis2.phaseshifter both	deg	0.07	FALSE DONE
17/10/2025 19:44:35:	30	count	time	15.0s/cts	O Det=905	H Det=1086	Mon Det=36234	Aux Det=5916	O+H=7907	 DONE
17/10/2025 19:44:51:	MOVE MOTOR REL	S18.axis2.phaseshifter both	deg	0.07	FALSE DONE
17/10/2025 19:44:56:	31	count	time	15.0s/cts	O Det=987	H Det=1260	Mon Det=36056	Aux Det=5407	O+H=7654	 DONE
17/10/2025 19:45:13:	MOVE MOTOR REL	S18.axis2.phaseshifter both	deg	0.07	FALSE DONE
17/10/2025 19:45:17:	32	count	time	15.0s/cts	O Det=1106	H Det=1486	Mon Det=36173	Aux Det=4871	O+H=7463	 DONE
17/10/2025 19:45:34:	NO ACTION	 DONE
17/10/2025 19:45:34:	close file and end scan	 DONE
call of ifg12r_newPS_2p30s_AP.sc DONE
17/10/2025 19:45:35:	move motor	S18.axis2.phaseshifter both to fit O COS-300	-0.018520reached -0.01099  DONE
call of ifg12R_newPS_2p30s_p90_+1+exp(-i60)+exp(i120)_wv2.sc DONE
17/10/2025 19:45:41:	create file	D:\data\Cycle 198\exp_3-16-19\rawdata\sc\ifg_wv2_psi_+1+exp(-i60)+exp(i120)_17Oct1945.dat	 DONE
room to enter remarks DONE
17/10/2025 19:45:42:	MOVE MOTOR REL	S18.axis2.phaseshifter both	deg	0.0	FALSE DONE
17/10/2025 19:45:47:	1	count	time	15.0s/cts	O Det=1055	H Det=2671	Mon Det=36573	Aux Det=2757	O+H=6483	 DONE
17/10/2025 19:46:03:	MOVE MOTOR REL	S18.axis2.phaseshifter both	deg	0.07	FALSE DONE
17/10/2025 19:46:08:	2	count	time	15.0s/cts	O Det=998	H Det=2915	Mon Det=35944	Aux Det=2511	O+H=6424	 DONE
17/10/2025 19:46:24:	MOVE MOTOR REL	S18.axis2.phaseshifter both	deg	0.07	FALSE DONE
17/10/2025 19:46:29:	3	count	time	15.0s/cts	O Det=860	H Det=2983	Mon Det=35952	Aux Det=2411	O+H=6254	 DONE
17/10/2025 19:46:46:	MOVE MOTOR REL	S18.axis2.phaseshifter both	deg	0.07	FALSE DONE
17/10/2025 19:46:50:	4	count	time	15.0s/cts	O Det=666	H Det=2985	Mon Det=35965	Aux Det=2770	O+H=6421	 DONE
17/10/2025 19:47:07:	MOVE MOTOR REL	S18.axis2.phaseshifter both	deg	0.07	FALSE DONE
17/10/2025 19:47:11:	5	count	time	15.0s/cts	O Det=538	H Det=2767	Mon Det=35763	Aux Det=3372	O+H=6677	 DONE
17/10/2025 19:47:28:	MOVE MOTOR REL	S18.axis2.phaseshifter both	deg	0.07	FALSE DONE
17/10/2025 19:47:33:	6	count	time	15.0s/cts	O Det=418	H Det=2487	Mon Det=36267	Aux Det=3923	O+H=6828	 DONE
17/10/2025 19:47:49:	MOVE MOTOR REL	S18.axis2.phaseshifter both	deg	0.07	FALSE DONE
17/10/2025 19:47:54:	7	count	time	15.0s/cts	O Det=400	H Det=2274	Mon Det=36217	Aux Det=4832	O+H=7506	 DONE
17/10/2025 19:48:11:	MOVE MOTOR REL	S18.axis2.phaseshifter both	deg	0.07	FALSE DONE
17/10/2025 19:48:15:	8	count	time	15.0s/cts	O Det=395	H Det=1732	Mon Det=36178	Aux Det=5634	O+H=7761	 DONE
17/10/2025 19:48:32:	MOVE MOTOR REL	S18.axis2.phaseshifter both	deg	0.07	FALSE DONE
17/10/2025 19:48:37:	9	count	time	15.0s/cts	O Det=542	H Det=1393	Mon Det=35920	Aux Det=5904	O+H=7839	 DONE
17/10/2025 19:48:53:	MOVE MOTOR REL	S18.axis2.phaseshifter both	deg	0.07	FALSE DONE
17/10/2025 19:48:58:	10	count	time	15.0s/cts	O Det=670	H Det=1175	Mon Det=35853	Aux Det=6143	O+H=7988	 DONE
17/10/2025 19:49:15:	MOVE MOTOR REL	S18.axis2.phaseshifter both	deg	0.07	FALSE DONE
17/10/2025 19:49:19:	11	count	time	15.0s/cts	O Det=792	H Det=1072	Mon Det=36117	Aux Det=6133	O+H=7997	 DONE
17/10/2025 19:49:36:	MOVE MOTOR REL	S18.axis2.phaseshifter both	deg	0.07	FALSE DONE
17/10/2025 19:49:40:	12	count	time	15.0s/cts	O Det=997	H Det=1106	Mon Det=36197	Aux Det=5704	O+H=7807	 DONE
17/10/2025 19:49:57:	MOVE MOTOR REL	S18.axis2.phaseshifter both	deg	0.07	FALSE DONE
17/10/2025 19:50:02:	13	count	time	15.0s/cts	O Det=1147	H Det=1319	Mon Det=35887	Aux Det=5059	O+H=7525	 DONE
17/10/2025 19:50:18:	MOVE MOTOR REL	S18.axis2.phaseshifter both	deg	0.07	FALSE DONE
17/10/2025 19:50:23:	14	count	time	15.0s/cts	O Det=1233	H Det=1723	Mon Det=35856	Aux Det=4215	O+H=7171	 DONE
17/10/2025 19:50:40:	MOVE MOTOR REL	S18.axis2.phaseshifter both	deg	0.07	FALSE DONE
17/10/2025 19:50:44:	15	count	time	15.0s/cts	O Det=1212	H Det=2146	Mon Det=35843	Aux Det=3589	O+H=6947	 DONE
17/10/2025 19:51:01:	MOVE MOTOR REL	S18.axis2.phaseshifter both	deg	0.07	FALSE DONE
17/10/2025 19:51:05:	16	count	time	15.0s/cts	O Det=1138	H Det=2548	Mon Det=36029	Aux Det=3052	O+H=6738	 DONE
17/10/2025 19:51:22:	MOVE MOTOR REL	S18.axis2.phaseshifter both	deg	0.07	FALSE DONE
17/10/2025 19:51:26:	17	count	time	15.0s/cts	O Det=955	H Det=2827	Mon Det=35680	Aux Det=2633	O+H=6415	 DONE
17/10/2025 19:51:43:	MOVE MOTOR REL	S18.axis2.phaseshifter both	deg	0.07	FALSE DONE
17/10/2025 19:51:48:	18	count	time	15.0s/cts	O Det=765	H Det=3077	Mon Det=36148	Aux Det=2415	O+H=6257	 DONE
17/10/2025 19:52:04:	MOVE MOTOR REL	S18.axis2.phaseshifter both	deg	0.07	FALSE DONE
17/10/2025 19:52:09:	19	count	time	15.0s/cts	O Det=688	H Det=3180	Mon Det=35979	Aux Det=2450	O+H=6318	 DONE
17/10/2025 19:52:26:	MOVE MOTOR REL	S18.axis2.phaseshifter both	deg	0.07	FALSE DONE
17/10/2025 19:52:30:	20	count	time	15.0s/cts	O Det=591	H Det=3062	Mon Det=35762	Aux Det=2771	O+H=6424	 DONE
17/10/2025 19:52:47:	MOVE MOTOR REL	S18.axis2.phaseshifter both	deg	0.07	FALSE DONE
17/10/2025 19:52:51:	21	count	time	15.0s/cts	O Det=472	H Det=2916	Mon Det=36037	Aux Det=3324	O+H=6712	 DONE
17/10/2025 19:53:08:	MOVE MOTOR REL	S18.axis2.phaseshifter both	deg	0.07	FALSE DONE
17/10/2025 19:53:12:	22	count	time	15.0s/cts	O Det=488	H Det=2473	Mon Det=36173	Aux Det=3907	O+H=6868	 DONE
17/10/2025 19:53:29:	MOVE MOTOR REL	S18.axis2.phaseshifter both	deg	0.07	FALSE DONE
17/10/2025 19:53:34:	23	count	time	15.0s/cts	O Det=511	H Det=2072	Mon Det=36084	Aux Det=4707	O+H=7290	 DONE
17/10/2025 19:53:50:	MOVE MOTOR REL	S18.axis2.phaseshifter both	deg	0.07	FALSE DONE
17/10/2025 19:53:55:	24	count	time	15.0s/cts	O Det=576	H Det=1689	Mon Det=36311	Aux Det=5490	O+H=7755	 DONE
17/10/2025 19:54:12:	MOVE MOTOR REL	S18.axis2.phaseshifter both	deg	0.07	FALSE DONE
17/10/2025 19:54:16:	25	count	time	15.0s/cts	O Det=645	H Det=1387	Mon Det=36080	Aux Det=6014	O+H=8046	 DONE
17/10/2025 19:54:33:	MOVE MOTOR REL	S18.axis2.phaseshifter both	deg	0.07	FALSE DONE
17/10/2025 19:54:37:	26	count	time	15.0s/cts	O Det=701	H Det=1185	Mon Det=36084	Aux Det=6212	O+H=8098	 DONE
17/10/2025 19:54:54:	MOVE MOTOR REL	S18.axis2.phaseshifter both	deg	0.07	FALSE DONE
17/10/2025 19:54:59:	27	count	time	15.0s/cts	O Det=737	H Det=1132	Mon Det=36049	Aux Det=6067	O+H=7936	 DONE
17/10/2025 19:55:15:	MOVE MOTOR REL	S18.axis2.phaseshifter both	deg	0.07	FALSE DONE
17/10/2025 19:55:20:	28	count	time	15.0s/cts	O Det=904	H Det=1195	Mon Det=36057	Aux Det=5777	O+H=7876	 DONE
17/10/2025 19:55:37:	MOVE MOTOR REL	S18.axis2.phaseshifter both	deg	0.07	FALSE DONE
17/10/2025 19:55:41:	29	count	time	15.0s/cts	O Det=852	H Det=1577	Mon Det=36526	Aux Det=5440	O+H=7869	 DONE
17/10/2025 19:55:58:	MOVE MOTOR REL	S18.axis2.phaseshifter both	deg	0.07	FALSE DONE
17/10/2025 19:56:02:	30	count	time	15.0s/cts	O Det=843	H Det=1901	Mon Det=36009	Aux Det=4575	O+H=7319	 DONE
17/10/2025 19:56:19:	MOVE MOTOR REL	S18.axis2.phaseshifter both	deg	0.07	FALSE DONE
17/10/2025 19:56:24:	31	count	time	15.0s/cts	O Det=746	H Det=2469	Mon Det=36167	Aux Det=3784	O+H=6999	 DONE
17/10/2025 19:56:40:	MOVE MOTOR REL	S18.axis2.phaseshifter both	deg	0.07	FALSE DONE
17/10/2025 19:56:45:	32	count	time	15.0s/cts	O Det=599	H Det=2922	Mon Det=36125	Aux Det=3053	O+H=6574	 DONE
17/10/2025 19:57:02:	NO ACTION	 DONE
17/10/2025 19:57:02:	close file and end scan	 DONE
call of ifg12r_newPS_2p30s_AP.sc DONE
call of ifg12R_newPS_2p30s_p180.sc DONE
17/10/2025 19:57:04:	move motor	S18.auxiliary.Robot Z to 207413.00000um	reached 207412.00000  DONE
call of robot_Zout_doubleCd.sc DONE
17/10/2025 19:57:07:	move motor	S18.auxiliary.Robot rot big to 90.00000deg	reached 90.00000  DONE
17/10/2025 19:57:09:	move motor	S18.auxiliary.Robot Diagonal to 26000.00000um	reached 25999.79402  DONE
17/10/2025 19:57:33:	move motor	S18.auxiliary.Robot Z to 207413.00000um	reached 207417.00000  DONE
call of robot_Zout_doubleCd.sc DONE
17/10/2025 19:57:36:	move motor	S18.auxiliary.Robot rot big to 90.00000deg	reached 90.00000  DONE
17/10/2025 19:57:39:	move motor	S18.auxiliary.Robot Z to 292012.00000um	reached 292012.00000  DONE
call of robot_Zin_doubleCd.sc DONE
call of Block_path13_doubleCd.sc DONE
17/10/2025 19:57:47:	move motor	S18.auxiliary.Robot Diagonal to 25999.900000um	 DONE
17/10/2025 19:57:54:	create file	D:\data\Cycle 198\exp_3-16-19\rawdata\sc\ifg_wv2_psi_+1+exp(-i60)+exp(i120)_17Oct1957.dat	 DONE
room to enter remarks DONE
17/10/2025 19:57:55:	move motor	S18.auxiliary.Robot Diagonal to 26000.000000um	 DONE
17/10/2025 19:58:01:	1	count	time	60.000000s/cts	O Det=1680	H Det=1736	Mon Det=143774	Aux Det=5912	O+H=9328	 DONE
17/10/2025 19:59:02:	move motor	S18.auxiliary.Robot Diagonal to 48000.000000um	 DONE
17/10/2025 19:59:17:	2	count	time	60.000000s/cts	O Det=1712	H Det=3324	Mon Det=144211	Aux Det=21	O+H=5057	 DONE
17/10/2025 20:00:19:	move motor	S18.auxiliary.Robot Diagonal to 70000.000000um	 DONE
17/10/2025 20:00:34:	3	count	time	60.000000s/cts	O Det=1771	H Det=1727	Mon Det=144086	Aux Det=11308	O+H=14806	 DONE
17/10/2025 20:01:35:	close file and end scan	 DONE
17/10/2025 20:01:36:	move motor	S18.auxiliary.Robot Z to 207413.00000um	reached 207412.00000  DONE
call of robot_Zout_doubleCd.sc DONE
call of int_meas_path213.sc DONE
17/10/2025 20:01:44:	END OF SCRIPT	 DONE
