23/10/2025 01:52:54:	start execution of script D:\data\Cycle 198\exp_3-16-19\rawdata\sc\ifg_wv1_psi_+1-1-1_no_fit.sc	 DONE
23/10/2025 01:52:55:	create file	D:\data\Cycle 198\exp_3-16-19\rawdata\sc\ifg_wv1_psi_+1-1-1_no_fit_23Oct0152.dat	 DONE
room to enter remarks DONE
23/10/2025 01:52:56:	MOVE MOTOR REL	S18.axis2.phaseshifter 2	deg	-0.51958	FALSE DONE
23/10/2025 01:53:00:	1	count	time	30.0s/cts	O Det=6146	H Det=2296	Mon Det=73726	Aux Det=5077	O+H=13519	 DONE
23/10/2025 01:53:31:	MOVE MOTOR REL	S18.axis2.phaseshifter 2	deg	0.06495	FALSE DONE
23/10/2025 01:53:35:	2	count	time	30.0s/cts	O Det=6063	H Det=2366	Mon Det=73802	Aux Det=5053	O+H=13482	 DONE
23/10/2025 01:54:07:	MOVE MOTOR REL	S18.axis2.phaseshifter 2	deg	0.06495	FALSE DONE
23/10/2025 01:54:10:	3	count	time	30.0s/cts	O Det=5641	H Det=2806	Mon Det=73847	Aux Det=5054	O+H=13501	 DONE
23/10/2025 01:54:42:	MOVE MOTOR REL	S18.axis2.phaseshifter 2	deg	0.06495	FALSE DONE
23/10/2025 01:54:46:	4	count	time	30.0s/cts	O Det=4819	H Det=3592	Mon Det=73735	Aux Det=5095	O+H=13506	 DONE
23/10/2025 01:55:17:	MOVE MOTOR REL	S18.axis2.phaseshifter 2	deg	0.06495	FALSE DONE
23/10/2025 01:55:21:	5	count	time	30.0s/cts	O Det=3825	H Det=4446	Mon Det=73813	Aux Det=5076	O+H=13347	 DONE
23/10/2025 01:55:52:	MOVE MOTOR REL	S18.axis2.phaseshifter 2	deg	0.06495	FALSE DONE
23/10/2025 01:55:56:	6	count	time	30.0s/cts	O Det=2714	H Det=5222	Mon Det=73760	Aux Det=5039	O+H=12975	 DONE
23/10/2025 01:56:28:	MOVE MOTOR REL	S18.axis2.phaseshifter 2	deg	0.06495	FALSE DONE
23/10/2025 01:56:31:	7	count	time	30.0s/cts	O Det=2014	H Det=6118	Mon Det=73660	Aux Det=4977	O+H=13109	 DONE
23/10/2025 01:57:03:	MOVE MOTOR REL	S18.axis2.phaseshifter 2	deg	0.06495	FALSE DONE
23/10/2025 01:57:06:	8	count	time	30.0s/cts	O Det=1486	H Det=6417	Mon Det=73627	Aux Det=5048	O+H=12951	 DONE
23/10/2025 01:57:38:	MOVE MOTOR REL	S18.axis2.phaseshifter 2	deg	0.06495	FALSE DONE
23/10/2025 01:57:42:	9	count	time	30.0s/cts	O Det=1281	H Det=6588	Mon Det=73590	Aux Det=5059	O+H=12928	 DONE
23/10/2025 01:58:13:	MOVE MOTOR REL	S18.axis2.phaseshifter 2	deg	0.06495	FALSE DONE
23/10/2025 01:58:17:	10	count	time	30.0s/cts	O Det=1454	H Det=6441	Mon Det=74376	Aux Det=5003	O+H=12898	 DONE
23/10/2025 01:58:48:	MOVE MOTOR REL	S18.axis2.phaseshifter 2	deg	0.06495	FALSE DONE
23/10/2025 01:58:52:	11	count	time	30.0s/cts	O Det=2073	H Det=5667	Mon Det=73756	Aux Det=5193	O+H=12933	 DONE
23/10/2025 01:59:24:	MOVE MOTOR REL	S18.axis2.phaseshifter 2	deg	0.06495	FALSE DONE
23/10/2025 01:59:27:	12	count	time	30.0s/cts	O Det=2848	H Det=5130	Mon Det=73755	Aux Det=5090	O+H=13068	 DONE
23/10/2025 01:59:59:	MOVE MOTOR REL	S18.axis2.phaseshifter 2	deg	0.06495	FALSE DONE
23/10/2025 02:00:02:	13	count	time	30.0s/cts	O Det=3925	H Det=4244	Mon Det=73599	Aux Det=4958	O+H=13127	 DONE
23/10/2025 02:00:34:	MOVE MOTOR REL	S18.axis2.phaseshifter 2	deg	0.06495	FALSE DONE
23/10/2025 02:00:38:	14	count	time	30.0s/cts	O Det=4953	H Det=3504	Mon Det=73384	Aux Det=5118	O+H=13575	 DONE
23/10/2025 02:01:09:	MOVE MOTOR REL	S18.axis2.phaseshifter 2	deg	0.06495	FALSE DONE
23/10/2025 02:01:13:	15	count	time	30.0s/cts	O Det=5568	H Det=2708	Mon Det=73758	Aux Det=4925	O+H=13201	 DONE
23/10/2025 02:01:44:	MOVE MOTOR REL	S18.axis2.phaseshifter 2	deg	0.06495	FALSE DONE
23/10/2025 02:01:48:	16	count	time	30.0s/cts	O Det=5949	H Det=2371	Mon Det=73597	Aux Det=5078	O+H=13398	 DONE
23/10/2025 02:02:20:	MOVE MOTOR REL	S18.axis2.phaseshifter 2	deg	0.06495	FALSE DONE
23/10/2025 02:02:23:	17	count	time	30.0s/cts	O Det=6235	H Det=2310	Mon Det=73534	Aux Det=5128	O+H=13673	 DONE
23/10/2025 02:02:55:	MOVE MOTOR REL	S18.axis2.phaseshifter 2	deg	0.06495	FALSE DONE
23/10/2025 02:02:58:	18	count	time	30.0s/cts	O Det=6046	H Det=2503	Mon Det=73914	Aux Det=5061	O+H=13610	 DONE
23/10/2025 02:03:30:	MOVE MOTOR REL	S18.axis2.phaseshifter 2	deg	0.06495	FALSE DONE
23/10/2025 02:03:34:	19	count	time	30.0s/cts	O Det=5317	H Det=3060	Mon Det=73973	Aux Det=5192	O+H=13569	 DONE
23/10/2025 02:04:05:	MOVE MOTOR REL	S18.axis2.phaseshifter 2	deg	0.06495	FALSE DONE
23/10/2025 02:04:09:	20	count	time	30.0s/cts	O Det=4604	H Det=3645	Mon Det=73502	Aux Det=5052	O+H=13301	 DONE
23/10/2025 02:04:40:	MOVE MOTOR REL	S18.axis2.phaseshifter 2	deg	0.06495	FALSE DONE
23/10/2025 02:04:44:	21	count	time	30.0s/cts	O Det=3699	H Det=4339	Mon Det=73993	Aux Det=4984	O+H=13022	 DONE
23/10/2025 02:05:16:	MOVE MOTOR REL	S18.axis2.phaseshifter 2	deg	0.06495	FALSE DONE
23/10/2025 02:05:19:	22	count	time	30.0s/cts	O Det=2815	H Det=5188	Mon Det=73718	Aux Det=5049	O+H=13052	 DONE
23/10/2025 02:05:51:	MOVE MOTOR REL	S18.axis2.phaseshifter 2	deg	0.06495	FALSE DONE
23/10/2025 02:05:54:	23	count	time	30.0s/cts	O Det=2162	H Det=5744	Mon Det=74138	Aux Det=5064	O+H=12970	 DONE
23/10/2025 02:06:26:	MOVE MOTOR REL	S18.axis2.phaseshifter 2	deg	0.06495	FALSE DONE
23/10/2025 02:06:30:	24	count	time	30.0s/cts	O Det=1621	H Det=6141	Mon Det=74011	Aux Det=5019	O+H=12781	 DONE
23/10/2025 02:07:01:	MOVE MOTOR REL	S18.axis2.phaseshifter 2	deg	0.06495	FALSE DONE
23/10/2025 02:07:05:	25	count	time	30.0s/cts	O Det=1276	H Det=6676	Mon Det=74002	Aux Det=5036	O+H=12988	 DONE
23/10/2025 02:07:36:	MOVE MOTOR REL	S18.axis2.phaseshifter 2	deg	0.06495	FALSE DONE
23/10/2025 02:07:40:	26	count	time	30.0s/cts	O Det=1275	H Det=6655	Mon Det=73942	Aux Det=4969	O+H=12899	 DONE
23/10/2025 02:08:12:	MOVE MOTOR REL	S18.axis2.phaseshifter 2	deg	0.06495	FALSE DONE
23/10/2025 02:08:15:	27	count	time	30.0s/cts	O Det=1511	H Det=6321	Mon Det=74434	Aux Det=5101	O+H=12933	 DONE
23/10/2025 02:08:47:	MOVE MOTOR REL	S18.axis2.phaseshifter 2	deg	0.06495	FALSE DONE
23/10/2025 02:08:50:	28	count	time	30.0s/cts	O Det=2276	H Det=5623	Mon Det=73771	Aux Det=4924	O+H=12823	 DONE
23/10/2025 02:09:22:	MOVE MOTOR REL	S18.axis2.phaseshifter 2	deg	0.06495	FALSE DONE
23/10/2025 02:09:26:	29	count	time	30.0s/cts	O Det=3287	H Det=4700	Mon Det=74319	Aux Det=5037	O+H=13024	 DONE
23/10/2025 02:09:57:	MOVE MOTOR REL	S18.axis2.phaseshifter 2	deg	0.06495	FALSE DONE
23/10/2025 02:10:01:	30	count	time	30.0s/cts	O Det=4113	H Det=3983	Mon Det=73616	Aux Det=4968	O+H=13064	 DONE
23/10/2025 02:10:32:	MOVE MOTOR REL	S18.axis2.phaseshifter 2	deg	0.06495	FALSE DONE
23/10/2025 02:10:36:	31	count	time	30.0s/cts	O Det=5109	H Det=3212	Mon Det=73910	Aux Det=5160	O+H=13481	 DONE
23/10/2025 02:11:08:	MOVE MOTOR REL	S18.axis2.phaseshifter 2	deg	0.06495	FALSE DONE
23/10/2025 02:11:11:	32	count	time	30.0s/cts	O Det=5830	H Det=2479	Mon Det=73521	Aux Det=5008	O+H=13317	 DONE
23/10/2025 02:11:43:	MOVE MOTOR REL	S18.axis2.phaseshifter 2	deg	0.06495	FALSE DONE
23/10/2025 02:11:46:	33	count	time	30.0s/cts	O Det=6180	H Det=2273	Mon Det=73968	Aux Det=4931	O+H=13384	 DONE
23/10/2025 02:12:18:	MOVE MOTOR REL	S18.axis2.phaseshifter 2	deg	0.06495	FALSE DONE
23/10/2025 02:12:22:	34	count	time	30.0s/cts	O Det=6100	H Det=2404	Mon Det=73996	Aux Det=4916	O+H=13420	 DONE
23/10/2025 02:12:53:	MOVE MOTOR REL	S18.axis2.phaseshifter 2	deg	0.06495	FALSE DONE
23/10/2025 02:12:57:	35	count	time	30.0s/cts	O Det=5662	H Det=2805	Mon Det=73713	Aux Det=5131	O+H=13598	 DONE
23/10/2025 02:13:28:	MOVE MOTOR REL	S18.axis2.phaseshifter 2	deg	0.06495	FALSE DONE
23/10/2025 02:13:32:	36	count	time	30.0s/cts	O Det=4776	H Det=3495	Mon Det=73341	Aux Det=5052	O+H=13323	 DONE
23/10/2025 02:14:04:	MOVE MOTOR REL	S18.axis2.phaseshifter 2	deg	0.06495	FALSE DONE
23/10/2025 02:14:07:	37	count	time	30.0s/cts	O Det=3705	H Det=4539	Mon Det=73873	Aux Det=4934	O+H=13178	 DONE
23/10/2025 02:14:39:	MOVE MOTOR REL	S18.axis2.phaseshifter 2	deg	0.06495	FALSE DONE
23/10/2025 02:14:42:	38	count	time	30.0s/cts	O Det=2759	H Det=5180	Mon Det=73961	Aux Det=4980	O+H=12919	 DONE
23/10/2025 02:15:14:	MOVE MOTOR REL	S18.axis2.phaseshifter 2	deg	0.06495	FALSE DONE
23/10/2025 02:15:18:	39	count	time	30.0s/cts	O Det=1893	H Det=6035	Mon Det=73612	Aux Det=5089	O+H=13017	 DONE
23/10/2025 02:15:49:	MOVE MOTOR REL	S18.axis2.phaseshifter 2	deg	0.06495	FALSE DONE
23/10/2025 02:15:53:	40	count	time	30.0s/cts	O Det=1349	H Det=6424	Mon Det=73820	Aux Det=4967	O+H=12740	 DONE
23/10/2025 02:16:24:	MOVE MOTOR REL	S18.axis2.phaseshifter 2	deg	0.06495	FALSE DONE
23/10/2025 02:16:28:	41	count	time	30.0s/cts	O Det=1177	H Det=6645	Mon Det=73717	Aux Det=5057	O+H=12879	 DONE
23/10/2025 02:17:00:	MOVE MOTOR REL	S18.axis2.phaseshifter 2	deg	0.06495	FALSE DONE
23/10/2025 02:17:03:	42	count	time	30.0s/cts	O Det=1527	H Det=6462	Mon Det=73530	Aux Det=5033	O+H=13022	 DONE
23/10/2025 02:17:35:	MOVE MOTOR REL	S18.axis2.phaseshifter 2	deg	0.06495	FALSE DONE
23/10/2025 02:17:38:	43	count	time	30.0s/cts	O Det=2075	H Det=5942	Mon Det=73797	Aux Det=5054	O+H=13071	 DONE
23/10/2025 02:18:10:	MOVE MOTOR REL	S18.axis2.phaseshifter 2	deg	0.06495	FALSE DONE
23/10/2025 02:18:14:	44	count	time	30.0s/cts	O Det=2967	H Det=5229	Mon Det=73670	Aux Det=4981	O+H=13177	 DONE
23/10/2025 02:18:45:	MOVE MOTOR REL	S18.axis2.phaseshifter 2	deg	0.06495	FALSE DONE
23/10/2025 02:18:49:	45	count	time	30.0s/cts	O Det=3783	H Det=4467	Mon Det=73987	Aux Det=5031	O+H=13281	 DONE
23/10/2025 02:19:20:	MOVE MOTOR REL	S18.axis2.phaseshifter 2	deg	0.06495	FALSE DONE
23/10/2025 02:19:24:	46	count	time	30.0s/cts	O Det=4585	H Det=3566	Mon Det=74308	Aux Det=5050	O+H=13201	 DONE
23/10/2025 02:19:56:	MOVE MOTOR REL	S18.axis2.phaseshifter 2	deg	0.06495	FALSE DONE
23/10/2025 02:19:59:	47	count	time	30.0s/cts	O Det=5483	H Det=2894	Mon Det=73684	Aux Det=4999	O+H=13376	 DONE
23/10/2025 02:20:31:	MOVE MOTOR REL	S18.axis2.phaseshifter 2	deg	0.06495	FALSE DONE
23/10/2025 02:20:34:	48	count	time	30.0s/cts	O Det=6054	H Det=2350	Mon Det=73867	Aux Det=5097	O+H=13501	 DONE
23/10/2025 02:21:06:	close file and end scan	 DONE
call of ifg2r_newPS_2p30s_no_fit.sc DONE
23/10/2025 02:21:07:	create file	D:\data\Cycle 198\exp_3-16-19\rawdata\sc\ifg_wv1_psi_+1-1-1_no_fit_23Oct0221.dat	 DONE
room to enter remarks DONE
23/10/2025 02:21:08:	close file and end scan	 DONE
call of int_meas_path213.sc DONE
23/10/2025 02:21:09:	END OF SCRIPT	 DONE
