24/10/2025 22:36:53:	start execution of script D:\data\Cycle 198\exp_3-16-19\rawdata\sc\ifg_wv3_psi_+1+exp(-i60)+exp(i120)_no_fit.sc	 DONE
24/10/2025 22:36:54:	create file	D:\data\Cycle 198\exp_3-16-19\rawdata\sc\ifg_wv3_psi_+1+exp(-i60)+exp(i120)_no_fit_24Oct2236.dat	 DONE
room to enter remarks DONE
24/10/2025 22:36:55:	MOVE MOTOR REL	S18.axis2.phaseshifter 1	deg	-0.51793	FALSE DONE
24/10/2025 22:36:59:	1	count	time	30.0s/cts	O Det=4616	H Det=3134	Mon Det=74348	Aux Det=5362	O+H=13112	 DONE
24/10/2025 22:37:30:	MOVE MOTOR REL	S18.axis2.phaseshifter 1	deg	0.06474	FALSE DONE
24/10/2025 22:37:34:	2	count	time	30.0s/cts	O Det=5009	H Det=2707	Mon Det=74698	Aux Det=5672	O+H=13388	 DONE
24/10/2025 22:38:06:	MOVE MOTOR REL	S18.axis2.phaseshifter 1	deg	0.06474	FALSE DONE
24/10/2025 22:38:09:	3	count	time	30.0s/cts	O Det=4658	H Det=2558	Mon Det=74745	Aux Det=6430	O+H=13646	 DONE
24/10/2025 22:38:41:	MOVE MOTOR REL	S18.axis2.phaseshifter 1	deg	0.06474	FALSE DONE
24/10/2025 22:38:44:	4	count	time	30.0s/cts	O Det=4590	H Det=2235	Mon Det=74775	Aux Det=7385	O+H=14210	 DONE
24/10/2025 22:39:16:	MOVE MOTOR REL	S18.axis2.phaseshifter 1	deg	0.06474	FALSE DONE
24/10/2025 22:39:20:	5	count	time	30.0s/cts	O Det=4007	H Det=2269	Mon Det=74736	Aux Det=8343	O+H=14619	 DONE
24/10/2025 22:39:51:	MOVE MOTOR REL	S18.axis2.phaseshifter 1	deg	0.06474	FALSE DONE
24/10/2025 22:39:55:	6	count	time	30.0s/cts	O Det=3626	H Det=1895	Mon Det=74666	Aux Det=9455	O+H=14976	 DONE
24/10/2025 22:40:26:	MOVE MOTOR REL	S18.axis2.phaseshifter 1	deg	0.06474	FALSE DONE
24/10/2025 22:40:30:	7	count	time	30.0s/cts	O Det=2782	H Det=1932	Mon Det=74791	Aux Det=10438	O+H=15152	 DONE
24/10/2025 22:41:02:	MOVE MOTOR REL	S18.axis2.phaseshifter 1	deg	0.06474	FALSE DONE
24/10/2025 22:41:05:	8	count	time	30.0s/cts	O Det=2247	H Det=2124	Mon Det=74718	Aux Det=11439	O+H=15810	 DONE
24/10/2025 22:41:37:	MOVE MOTOR REL	S18.axis2.phaseshifter 1	deg	0.06474	FALSE DONE
24/10/2025 22:41:40:	9	count	time	30.0s/cts	O Det=1717	H Det=2365	Mon Det=74556	Aux Det=11642	O+H=15724	 DONE
24/10/2025 22:42:12:	MOVE MOTOR REL	S18.axis2.phaseshifter 1	deg	0.06474	FALSE DONE
24/10/2025 22:42:16:	10	count	time	30.0s/cts	O Det=1539	H Det=2517	Mon Det=74440	Aux Det=11432	O+H=15488	 DONE
24/10/2025 22:42:47:	MOVE MOTOR REL	S18.axis2.phaseshifter 1	deg	0.06474	FALSE DONE
24/10/2025 22:42:51:	11	count	time	30.0s/cts	O Det=1612	H Det=3031	Mon Det=74480	Aux Det=10841	O+H=15484	 DONE
24/10/2025 22:43:22:	MOVE MOTOR REL	S18.axis2.phaseshifter 1	deg	0.06474	FALSE DONE
24/10/2025 22:43:26:	12	count	time	30.0s/cts	O Det=2005	H Det=3223	Mon Det=74645	Aux Det=9657	O+H=14885	 DONE
24/10/2025 22:43:58:	MOVE MOTOR REL	S18.axis2.phaseshifter 1	deg	0.06474	FALSE DONE
24/10/2025 22:44:01:	13	count	time	30.0s/cts	O Det=2496	H Det=3341	Mon Det=74979	Aux Det=8433	O+H=14270	 DONE
24/10/2025 22:44:33:	MOVE MOTOR REL	S18.axis2.phaseshifter 1	deg	0.06474	FALSE DONE
24/10/2025 22:44:36:	14	count	time	30.0s/cts	O Det=3118	H Det=3507	Mon Det=74883	Aux Det=7472	O+H=14097	 DONE
24/10/2025 22:45:08:	MOVE MOTOR REL	S18.axis2.phaseshifter 1	deg	0.06474	FALSE DONE
24/10/2025 22:45:12:	15	count	time	30.0s/cts	O Det=3531	H Det=3548	Mon Det=75305	Aux Det=6482	O+H=13561	 DONE
24/10/2025 22:45:43:	MOVE MOTOR REL	S18.axis2.phaseshifter 1	deg	0.06474	FALSE DONE
24/10/2025 22:45:47:	16	count	time	30.0s/cts	O Det=4449	H Det=3186	Mon Det=74378	Aux Det=5528	O+H=13163	 DONE
24/10/2025 22:46:18:	MOVE MOTOR REL	S18.axis2.phaseshifter 1	deg	0.06474	FALSE DONE
24/10/2025 22:46:22:	17	count	time	30.0s/cts	O Det=4597	H Det=3165	Mon Det=74825	Aux Det=5587	O+H=13349	 DONE
24/10/2025 22:46:54:	MOVE MOTOR REL	S18.axis2.phaseshifter 1	deg	0.06474	FALSE DONE
24/10/2025 22:46:57:	18	count	time	30.0s/cts	O Det=4863	H Det=2759	Mon Det=74668	Aux Det=5707	O+H=13329	 DONE
24/10/2025 22:47:29:	MOVE MOTOR REL	S18.axis2.phaseshifter 1	deg	0.06474	FALSE DONE
24/10/2025 22:47:32:	19	count	time	30.0s/cts	O Det=4898	H Det=2322	Mon Det=74472	Aux Det=6528	O+H=13748	 DONE
24/10/2025 22:48:04:	MOVE MOTOR REL	S18.axis2.phaseshifter 1	deg	0.06474	FALSE DONE
24/10/2025 22:48:08:	20	count	time	30.0s/cts	O Det=4607	H Det=2053	Mon Det=74213	Aux Det=7445	O+H=14105	 DONE
24/10/2025 22:48:39:	MOVE MOTOR REL	S18.axis2.phaseshifter 1	deg	0.06474	FALSE DONE
24/10/2025 22:48:43:	21	count	time	30.0s/cts	O Det=4077	H Det=1961	Mon Det=74335	Aux Det=8481	O+H=14519	 DONE
24/10/2025 22:49:14:	MOVE MOTOR REL	S18.axis2.phaseshifter 1	deg	0.06474	FALSE DONE
24/10/2025 22:49:18:	22	count	time	30.0s/cts	O Det=3215	H Det=1880	Mon Det=74360	Aux Det=9936	O+H=15031	 DONE
24/10/2025 22:49:50:	MOVE MOTOR REL	S18.axis2.phaseshifter 1	deg	0.06474	FALSE DONE
24/10/2025 22:49:53:	23	count	time	30.0s/cts	O Det=2482	H Det=1920	Mon Det=74545	Aux Det=11140	O+H=15542	 DONE
24/10/2025 22:50:25:	MOVE MOTOR REL	S18.axis2.phaseshifter 1	deg	0.06474	FALSE DONE
24/10/2025 22:50:29:	24	count	time	30.0s/cts	O Det=1992	H Det=2163	Mon Det=74648	Aux Det=11475	O+H=15630	 DONE
24/10/2025 22:51:00:	MOVE MOTOR REL	S18.axis2.phaseshifter 1	deg	0.06474	FALSE DONE
24/10/2025 22:51:04:	25	count	time	30.0s/cts	O Det=1602	H Det=2412	Mon Det=74433	Aux Det=11726	O+H=15740	 DONE
24/10/2025 22:51:35:	MOVE MOTOR REL	S18.axis2.phaseshifter 1	deg	0.06474	FALSE DONE
24/10/2025 22:51:39:	26	count	time	30.0s/cts	O Det=1499	H Det=2780	Mon Det=73988	Aux Det=11105	O+H=15384	 DONE
24/10/2025 22:52:11:	MOVE MOTOR REL	S18.axis2.phaseshifter 1	deg	0.06474	FALSE DONE
24/10/2025 22:52:14:	27	count	time	30.0s/cts	O Det=1837	H Det=2956	Mon Det=74672	Aux Det=10333	O+H=15126	 DONE
24/10/2025 22:52:46:	MOVE MOTOR REL	S18.axis2.phaseshifter 1	deg	0.06474	FALSE DONE
24/10/2025 22:52:49:	28	count	time	30.0s/cts	O Det=2107	H Det=3262	Mon Det=74550	Aux Det=9138	O+H=14507	 DONE
24/10/2025 22:53:21:	MOVE MOTOR REL	S18.axis2.phaseshifter 1	deg	0.06474	FALSE DONE
24/10/2025 22:53:25:	29	count	time	30.0s/cts	O Det=2803	H Det=3421	Mon Det=74974	Aux Det=7950	O+H=14174	 DONE
24/10/2025 22:53:56:	MOVE MOTOR REL	S18.axis2.phaseshifter 1	deg	0.06474	FALSE DONE
24/10/2025 22:54:00:	30	count	time	30.0s/cts	O Det=3590	H Det=3426	Mon Det=74329	Aux Det=6726	O+H=13742	 DONE
24/10/2025 22:54:31:	MOVE MOTOR REL	S18.axis2.phaseshifter 1	deg	0.06474	FALSE DONE
24/10/2025 22:54:35:	31	count	time	30.0s/cts	O Det=3885	H Det=3402	Mon Det=74906	Aux Det=5934	O+H=13221	 DONE
24/10/2025 22:55:07:	MOVE MOTOR REL	S18.axis2.phaseshifter 1	deg	0.06474	FALSE DONE
24/10/2025 22:55:10:	32	count	time	30.0s/cts	O Det=4586	H Det=3087	Mon Det=74194	Aux Det=5551	O+H=13224	 DONE
24/10/2025 22:55:42:	MOVE MOTOR REL	S18.axis2.phaseshifter 1	deg	0.06474	FALSE DONE
24/10/2025 22:55:45:	33	count	time	30.0s/cts	O Det=4867	H Det=2916	Mon Det=74780	Aux Det=5499	O+H=13282	 DONE
24/10/2025 22:56:17:	MOVE MOTOR REL	S18.axis2.phaseshifter 1	deg	0.06474	FALSE DONE
24/10/2025 22:56:21:	34	count	time	30.0s/cts	O Det=4762	H Det=2678	Mon Det=74614	Aux Det=5776	O+H=13216	 DONE
24/10/2025 22:56:52:	MOVE MOTOR REL	S18.axis2.phaseshifter 1	deg	0.06474	FALSE DONE
24/10/2025 22:56:56:	35	count	time	30.0s/cts	O Det=4768	H Det=2395	Mon Det=74286	Aux Det=6623	O+H=13786	 DONE
24/10/2025 22:57:27:	MOVE MOTOR REL	S18.axis2.phaseshifter 1	deg	0.06474	FALSE DONE
24/10/2025 22:57:31:	36	count	time	30.0s/cts	O Det=4435	H Det=1995	Mon Det=74134	Aux Det=7809	O+H=14239	 DONE
24/10/2025 22:58:03:	MOVE MOTOR REL	S18.axis2.phaseshifter 1	deg	0.06474	FALSE DONE
24/10/2025 22:58:06:	37	count	time	30.0s/cts	O Det=3810	H Det=1924	Mon Det=74341	Aux Det=8948	O+H=14682	 DONE
24/10/2025 22:58:38:	MOVE MOTOR REL	S18.axis2.phaseshifter 1	deg	0.06474	FALSE DONE
24/10/2025 22:58:41:	38	count	time	30.0s/cts	O Det=3266	H Det=1953	Mon Det=73867	Aux Det=9939	O+H=15158	 DONE
24/10/2025 22:59:13:	MOVE MOTOR REL	S18.axis2.phaseshifter 1	deg	0.06474	FALSE DONE
24/10/2025 22:59:17:	39	count	time	30.0s/cts	O Det=2737	H Det=1970	Mon Det=74263	Aux Det=10700	O+H=15407	 DONE
24/10/2025 22:59:48:	MOVE MOTOR REL	S18.axis2.phaseshifter 1	deg	0.06474	FALSE DONE
24/10/2025 22:59:52:	40	count	time	30.0s/cts	O Det=2220	H Det=2109	Mon Det=74258	Aux Det=11511	O+H=15840	 DONE
24/10/2025 23:00:23:	MOVE MOTOR REL	S18.axis2.phaseshifter 1	deg	0.06474	FALSE DONE
24/10/2025 23:00:27:	41	count	time	30.0s/cts	O Det=1842	H Det=2314	Mon Det=74176	Aux Det=11516	O+H=15672	 DONE
24/10/2025 23:00:59:	MOVE MOTOR REL	S18.axis2.phaseshifter 1	deg	0.06474	FALSE DONE
24/10/2025 23:01:02:	42	count	time	30.0s/cts	O Det=1610	H Det=2655	Mon Det=73994	Aux Det=11274	O+H=15539	 DONE
24/10/2025 23:01:34:	MOVE MOTOR REL	S18.axis2.phaseshifter 1	deg	0.06474	FALSE DONE
24/10/2025 23:01:37:	43	count	time	30.0s/cts	O Det=1662	H Det=2901	Mon Det=74694	Aux Det=10470	O+H=15033	 DONE
24/10/2025 23:02:09:	MOVE MOTOR REL	S18.axis2.phaseshifter 1	deg	0.06474	FALSE DONE
24/10/2025 23:02:13:	44	count	time	30.0s/cts	O Det=2050	H Det=3183	Mon Det=74534	Aux Det=9460	O+H=14693	 DONE
24/10/2025 23:02:44:	MOVE MOTOR REL	S18.axis2.phaseshifter 1	deg	0.06474	FALSE DONE
24/10/2025 23:02:48:	45	count	time	30.0s/cts	O Det=2568	H Det=3297	Mon Det=74663	Aux Det=8544	O+H=14409	 DONE
24/10/2025 23:03:19:	MOVE MOTOR REL	S18.axis2.phaseshifter 1	deg	0.06474	FALSE DONE
24/10/2025 23:03:23:	46	count	time	30.0s/cts	O Det=2779	H Det=3455	Mon Det=74167	Aux Det=7699	O+H=13933	 DONE
24/10/2025 23:03:55:	MOVE MOTOR REL	S18.axis2.phaseshifter 1	deg	0.06474	FALSE DONE
24/10/2025 23:03:58:	47	count	time	30.0s/cts	O Det=3621	H Det=3455	Mon Det=74668	Aux Det=6633	O+H=13709	 DONE
24/10/2025 23:04:30:	MOVE MOTOR REL	S18.axis2.phaseshifter 1	deg	0.06474	FALSE DONE
24/10/2025 23:04:33:	48	count	time	30.0s/cts	O Det=4293	H Det=3233	Mon Det=74342	Aux Det=5958	O+H=13484	 DONE
24/10/2025 23:05:05:	close file and end scan	 DONE
call of ifg1r_newPS_2p30s_no_fit.sc DONE
24/10/2025 23:05:06:	create file	D:\data\Cycle 198\exp_3-16-19\rawdata\sc\ifg_wv3_psi_+1+exp(-i60)+exp(i120)_no_fit_24Oct2305.dat	 DONE
room to enter remarks DONE
24/10/2025 23:05:07:	close file and end scan	 DONE
call of int_meas_path213.sc DONE
24/10/2025 23:05:08:	END OF SCRIPT	 DONE
