15/10/2025 07:37:28:	start execution of script D:\data\Cycle 198\exp_3-16-19\rawdata\sc\ifg_wv3_psi_+1-1-i.sc	 DONE
15/10/2025 07:37:28:	create file	D:\data\Cycle 198\exp_3-16-19\rawdata\sc\ifg_wv3_psi_+1-1-i_15Oct0737.dat	 DONE
room to enter remarks DONE
15/10/2025 07:37:29:	MOVE MOTOR REL	S18.axis2.phaseshifter 1	deg	0.0	FALSE DONE
15/10/2025 07:37:32:	1	count	time	30.0s/cts	O Det=1128	H Det=4319	Mon Det=71376	Aux Det=8478	O+H=13925	 DONE
15/10/2025 07:38:04:	MOVE MOTOR REL	S18.axis2.phaseshifter 1	deg	0.07	FALSE DONE
15/10/2025 07:38:08:	2	count	time	30.0s/cts	O Det=1204	H Det=3634	Mon Det=71560	Aux Det=10115	O+H=14953	 DONE
15/10/2025 07:38:39:	MOVE MOTOR REL	S18.axis2.phaseshifter 1	deg	0.07	FALSE DONE
15/10/2025 07:38:43:	3	count	time	30.0s/cts	O Det=1315	H Det=2836	Mon Det=71577	Aux Det=11134	O+H=15285	 DONE
15/10/2025 07:39:14:	MOVE MOTOR REL	S18.axis2.phaseshifter 1	deg	0.07	FALSE DONE
15/10/2025 07:39:18:	4	count	time	30.0s/cts	O Det=1239	H Det=2452	Mon Det=71432	Aux Det=12077	O+H=15768	 DONE
15/10/2025 07:39:50:	MOVE MOTOR REL	S18.axis2.phaseshifter 1	deg	0.07	FALSE DONE
15/10/2025 07:39:53:	5	count	time	30.0s/cts	O Det=1241	H Det=2331	Mon Det=71389	Aux Det=12148	O+H=15720	 DONE
15/10/2025 07:40:25:	MOVE MOTOR REL	S18.axis2.phaseshifter 1	deg	0.07	FALSE DONE
15/10/2025 07:40:28:	6	count	time	30.0s/cts	O Det=1318	H Det=2494	Mon Det=71709	Aux Det=12097	O+H=15909	 DONE
15/10/2025 07:41:00:	MOVE MOTOR REL	S18.axis2.phaseshifter 1	deg	0.07	FALSE DONE
15/10/2025 07:41:03:	7	count	time	30.0s/cts	O Det=1297	H Det=2967	Mon Det=71452	Aux Det=10994	O+H=15258	 DONE
15/10/2025 07:41:35:	MOVE MOTOR REL	S18.axis2.phaseshifter 1	deg	0.07	FALSE DONE
15/10/2025 07:41:39:	8	count	time	30.0s/cts	O Det=1232	H Det=3626	Mon Det=71463	Aux Det=9846	O+H=14704	 DONE
15/10/2025 07:42:10:	MOVE MOTOR REL	S18.axis2.phaseshifter 1	deg	0.07	FALSE DONE
15/10/2025 07:42:14:	9	count	time	30.0s/cts	O Det=1285	H Det=4453	Mon Det=71258	Aux Det=8447	O+H=14185	 DONE
15/10/2025 07:42:45:	MOVE MOTOR REL	S18.axis2.phaseshifter 1	deg	0.07	FALSE DONE
15/10/2025 07:42:49:	10	count	time	30.0s/cts	O Det=1187	H Det=5182	Mon Det=71527	Aux Det=7121	O+H=13490	 DONE
15/10/2025 07:43:21:	MOVE MOTOR REL	S18.axis2.phaseshifter 1	deg	0.07	FALSE DONE
15/10/2025 07:43:24:	11	count	time	30.0s/cts	O Det=1227	H Det=6049	Mon Det=71790	Aux Det=5469	O+H=12745	 DONE
15/10/2025 07:43:56:	MOVE MOTOR REL	S18.axis2.phaseshifter 1	deg	0.07	FALSE DONE
15/10/2025 07:43:59:	12	count	time	30.0s/cts	O Det=1215	H Det=6283	Mon Det=71143	Aux Det=5050	O+H=12548	 DONE
15/10/2025 07:44:31:	MOVE MOTOR REL	S18.axis2.phaseshifter 1	deg	0.07	FALSE DONE
15/10/2025 07:44:34:	13	count	time	30.0s/cts	O Det=1204	H Det=6367	Mon Det=71133	Aux Det=4807	O+H=12378	 DONE
15/10/2025 07:45:06:	MOVE MOTOR REL	S18.axis2.phaseshifter 1	deg	0.07	FALSE DONE
15/10/2025 07:45:10:	14	count	time	30.0s/cts	O Det=1103	H Det=6371	Mon Det=70944	Aux Det=5166	O+H=12640	 DONE
15/10/2025 07:45:41:	MOVE MOTOR REL	S18.axis2.phaseshifter 1	deg	0.07	FALSE DONE
15/10/2025 07:45:45:	15	count	time	30.0s/cts	O Det=1166	H Det=5725	Mon Det=71428	Aux Det=6097	O+H=12988	 DONE
15/10/2025 07:46:17:	MOVE MOTOR REL	S18.axis2.phaseshifter 1	deg	0.07	FALSE DONE
15/10/2025 07:46:20:	16	count	time	30.0s/cts	O Det=1172	H Det=4947	Mon Det=72003	Aux Det=7374	O+H=13493	 DONE
15/10/2025 07:46:52:	MOVE MOTOR REL	S18.axis2.phaseshifter 1	deg	0.07	FALSE DONE
15/10/2025 07:46:55:	17	count	time	30.0s/cts	O Det=1190	H Det=4215	Mon Det=71942	Aux Det=8816	O+H=14221	 DONE
15/10/2025 07:47:27:	MOVE MOTOR REL	S18.axis2.phaseshifter 1	deg	0.07	FALSE DONE
15/10/2025 07:47:30:	18	count	time	30.0s/cts	O Det=1226	H Det=3467	Mon Det=71146	Aux Det=10110	O+H=14803	 DONE
15/10/2025 07:48:02:	MOVE MOTOR REL	S18.axis2.phaseshifter 1	deg	0.07	FALSE DONE
15/10/2025 07:48:06:	19	count	time	30.0s/cts	O Det=1192	H Det=2755	Mon Det=71377	Aux Det=11326	O+H=15273	 DONE
15/10/2025 07:48:37:	MOVE MOTOR REL	S18.axis2.phaseshifter 1	deg	0.07	FALSE DONE
15/10/2025 07:48:41:	20	count	time	30.0s/cts	O Det=1260	H Det=2478	Mon Det=71355	Aux Det=11918	O+H=15656	 DONE
15/10/2025 07:49:12:	MOVE MOTOR REL	S18.axis2.phaseshifter 1	deg	0.07	FALSE DONE
15/10/2025 07:49:16:	21	count	time	30.0s/cts	O Det=1298	H Det=2425	Mon Det=71593	Aux Det=12056	O+H=15779	 DONE
15/10/2025 07:49:48:	MOVE MOTOR REL	S18.axis2.phaseshifter 1	deg	0.07	FALSE DONE
15/10/2025 07:49:51:	22	count	time	30.0s/cts	O Det=1272	H Det=2565	Mon Det=71141	Aux Det=11891	O+H=15728	 DONE
15/10/2025 07:50:23:	MOVE MOTOR REL	S18.axis2.phaseshifter 1	deg	0.07	FALSE DONE
15/10/2025 07:50:26:	23	count	time	30.0s/cts	O Det=1256	H Det=3019	Mon Det=71159	Aux Det=10797	O+H=15072	 DONE
15/10/2025 07:50:58:	MOVE MOTOR REL	S18.axis2.phaseshifter 1	deg	0.07	FALSE DONE
15/10/2025 07:51:02:	24	count	time	30.0s/cts	O Det=1226	H Det=3730	Mon Det=71326	Aux Det=9644	O+H=14600	 DONE
15/10/2025 07:51:33:	MOVE MOTOR REL	S18.axis2.phaseshifter 1	deg	0.07	FALSE DONE
15/10/2025 07:51:37:	25	count	time	30.0s/cts	O Det=1191	H Det=4264	Mon Det=71484	Aux Det=8373	O+H=13828	 DONE
15/10/2025 07:52:08:	MOVE MOTOR REL	S18.axis2.phaseshifter 1	deg	0.07	FALSE DONE
15/10/2025 07:52:12:	26	count	time	30.0s/cts	O Det=1241	H Det=5166	Mon Det=71352	Aux Det=6993	O+H=13400	 DONE
15/10/2025 07:52:44:	MOVE MOTOR REL	S18.axis2.phaseshifter 1	deg	0.07	FALSE DONE
15/10/2025 07:52:47:	27	count	time	30.0s/cts	O Det=1157	H Det=5932	Mon Det=71767	Aux Det=5755	O+H=12844	 DONE
15/10/2025 07:53:19:	MOVE MOTOR REL	S18.axis2.phaseshifter 1	deg	0.07	FALSE DONE
15/10/2025 07:53:22:	28	count	time	30.0s/cts	O Det=1149	H Det=6270	Mon Det=71514	Aux Det=4830	O+H=12249	 DONE
15/10/2025 07:53:54:	MOVE MOTOR REL	S18.axis2.phaseshifter 1	deg	0.07	FALSE DONE
15/10/2025 07:53:57:	29	count	time	30.0s/cts	O Det=1148	H Det=6626	Mon Det=71410	Aux Det=4828	O+H=12602	 DONE
15/10/2025 07:54:29:	MOVE MOTOR REL	S18.axis2.phaseshifter 1	deg	0.07	FALSE DONE
15/10/2025 07:54:33:	30	count	time	30.0s/cts	O Det=1153	H Det=6201	Mon Det=71379	Aux Det=5221	O+H=12575	 DONE
15/10/2025 07:55:04:	NO ACTION	 DONE
15/10/2025 07:55:05:	close file and end scan	 DONE
call of ifg1r_newPS_2p30s.sc DONE
15/10/2025 07:55:06:	move motor	S18.axis2.phaseshifter 1 to fit O COS-180	-0.058489reached -0.05493  DONE
call of ifg1R_newPS_2p30s_0_+1-1-i_wv3.sc DONE
15/10/2025 07:55:09:	create file	D:\data\Cycle 198\exp_3-16-19\rawdata\sc\ifg_wv3_psi_+1-1-i_15Oct0755.dat	 DONE
room to enter remarks DONE
15/10/2025 07:55:10:	MOVE MOTOR REL	S18.axis2.phaseshifter 1	deg	0.0	FALSE DONE
15/10/2025 07:55:14:	1	count	time	30.0s/cts	O Det=1155	H Det=5520	Mon Det=71659	Aux Det=5971	O+H=12646	 DONE
15/10/2025 07:55:45:	MOVE MOTOR REL	S18.axis2.phaseshifter 1	deg	0.07	FALSE DONE
15/10/2025 07:55:49:	2	count	time	30.0s/cts	O Det=1198	H Det=4888	Mon Det=71256	Aux Det=7477	O+H=13563	 DONE
15/10/2025 07:56:21:	MOVE MOTOR REL	S18.axis2.phaseshifter 1	deg	0.07	FALSE DONE
15/10/2025 07:56:24:	3	count	time	30.0s/cts	O Det=1176	H Det=4194	Mon Det=71955	Aux Det=8804	O+H=14174	 DONE
15/10/2025 07:56:56:	MOVE MOTOR REL	S18.axis2.phaseshifter 1	deg	0.07	FALSE DONE
15/10/2025 07:56:59:	4	count	time	30.0s/cts	O Det=1229	H Det=3455	Mon Det=71197	Aux Det=10159	O+H=14843	 DONE
15/10/2025 07:57:31:	MOVE MOTOR REL	S18.axis2.phaseshifter 1	deg	0.07	FALSE DONE
15/10/2025 07:57:34:	5	count	time	30.0s/cts	O Det=1222	H Det=2753	Mon Det=71629	Aux Det=11351	O+H=15326	 DONE
15/10/2025 07:58:06:	MOVE MOTOR REL	S18.axis2.phaseshifter 1	deg	0.07	FALSE DONE
15/10/2025 07:58:10:	6	count	time	30.0s/cts	O Det=1217	H Det=2424	Mon Det=71517	Aux Det=12080	O+H=15721	 DONE
15/10/2025 07:58:41:	MOVE MOTOR REL	S18.axis2.phaseshifter 1	deg	0.07	FALSE DONE
15/10/2025 07:58:45:	7	count	time	30.0s/cts	O Det=1309	H Det=2348	Mon Det=71679	Aux Det=12286	O+H=15943	 DONE
15/10/2025 07:59:17:	MOVE MOTOR REL	S18.axis2.phaseshifter 1	deg	0.07	FALSE DONE
15/10/2025 07:59:20:	8	count	time	30.0s/cts	O Det=1270	H Det=2549	Mon Det=71557	Aux Det=11759	O+H=15578	 DONE
15/10/2025 07:59:52:	MOVE MOTOR REL	S18.axis2.phaseshifter 1	deg	0.07	FALSE DONE
15/10/2025 07:59:55:	9	count	time	30.0s/cts	O Det=1263	H Det=2963	Mon Det=71165	Aux Det=10983	O+H=15209	 DONE
15/10/2025 08:00:27:	MOVE MOTOR REL	S18.axis2.phaseshifter 1	deg	0.07	FALSE DONE
15/10/2025 08:00:30:	10	count	time	30.0s/cts	O Det=1167	H Det=3620	Mon Det=71607	Aux Det=9717	O+H=14504	 DONE
15/10/2025 08:01:02:	MOVE MOTOR REL	S18.axis2.phaseshifter 1	deg	0.07	FALSE DONE
15/10/2025 08:01:06:	11	count	time	30.0s/cts	O Det=1221	H Det=4455	Mon Det=71122	Aux Det=8304	O+H=13980	 DONE
15/10/2025 08:01:37:	MOVE MOTOR REL	S18.axis2.phaseshifter 1	deg	0.07	FALSE DONE
15/10/2025 08:01:41:	12	count	time	30.0s/cts	O Det=1212	H Det=5322	Mon Det=71460	Aux Det=6867	O+H=13401	 DONE
15/10/2025 08:02:12:	MOVE MOTOR REL	S18.axis2.phaseshifter 1	deg	0.07	FALSE DONE
15/10/2025 08:02:16:	13	count	time	30.0s/cts	O Det=1260	H Det=6011	Mon Det=71545	Aux Det=5424	O+H=12695	 DONE
15/10/2025 08:02:48:	MOVE MOTOR REL	S18.axis2.phaseshifter 1	deg	0.07	FALSE DONE
15/10/2025 08:02:51:	14	count	time	30.0s/cts	O Det=1124	H Det=6280	Mon Det=71810	Aux Det=4874	O+H=12278	 DONE
15/10/2025 08:03:23:	MOVE MOTOR REL	S18.axis2.phaseshifter 1	deg	0.07	FALSE DONE
15/10/2025 08:03:26:	15	count	time	30.0s/cts	O Det=1083	H Det=6376	Mon Det=71591	Aux Det=4788	O+H=12247	 DONE
15/10/2025 08:03:58:	MOVE MOTOR REL	S18.axis2.phaseshifter 1	deg	0.07	FALSE DONE
15/10/2025 08:04:02:	16	count	time	30.0s/cts	O Det=1096	H Det=6054	Mon Det=71412	Aux Det=5335	O+H=12485	 DONE
15/10/2025 08:04:33:	MOVE MOTOR REL	S18.axis2.phaseshifter 1	deg	0.07	FALSE DONE
15/10/2025 08:04:37:	17	count	time	30.0s/cts	O Det=1137	H Det=5610	Mon Det=71239	Aux Det=6323	O+H=13070	 DONE
15/10/2025 08:05:08:	MOVE MOTOR REL	S18.axis2.phaseshifter 1	deg	0.07	FALSE DONE
15/10/2025 08:05:12:	18	count	time	30.0s/cts	O Det=1144	H Det=5023	Mon Det=71526	Aux Det=7720	O+H=13887	 DONE
15/10/2025 08:05:44:	MOVE MOTOR REL	S18.axis2.phaseshifter 1	deg	0.07	FALSE DONE
15/10/2025 08:05:47:	19	count	time	30.0s/cts	O Det=1168	H Det=4021	Mon Det=71695	Aux Det=9380	O+H=14569	 DONE
15/10/2025 08:06:19:	MOVE MOTOR REL	S18.axis2.phaseshifter 1	deg	0.07	FALSE DONE
15/10/2025 08:06:22:	20	count	time	30.0s/cts	O Det=1177	H Det=3325	Mon Det=71450	Aux Det=10248	O+H=14750	 DONE
15/10/2025 08:06:54:	MOVE MOTOR REL	S18.axis2.phaseshifter 1	deg	0.07	FALSE DONE
15/10/2025 08:06:58:	21	count	time	30.0s/cts	O Det=1207	H Det=2781	Mon Det=71830	Aux Det=11397	O+H=15385	 DONE
15/10/2025 08:07:29:	MOVE MOTOR REL	S18.axis2.phaseshifter 1	deg	0.07	FALSE DONE
15/10/2025 08:07:33:	22	count	time	30.0s/cts	O Det=1229	H Det=2388	Mon Det=71540	Aux Det=11929	O+H=15546	 DONE
15/10/2025 08:08:04:	MOVE MOTOR REL	S18.axis2.phaseshifter 1	deg	0.07	FALSE DONE
15/10/2025 08:08:08:	23	count	time	30.0s/cts	O Det=1186	H Det=2327	Mon Det=71673	Aux Det=11971	O+H=15484	 DONE
15/10/2025 08:08:40:	MOVE MOTOR REL	S18.axis2.phaseshifter 1	deg	0.07	FALSE DONE
15/10/2025 08:08:43:	24	count	time	30.0s/cts	O Det=1310	H Det=2620	Mon Det=71655	Aux Det=11497	O+H=15427	 DONE
15/10/2025 08:09:15:	MOVE MOTOR REL	S18.axis2.phaseshifter 1	deg	0.07	FALSE DONE
15/10/2025 08:09:18:	25	count	time	30.0s/cts	O Det=1219	H Det=3232	Mon Det=71622	Aux Det=10323	O+H=14774	 DONE
15/10/2025 08:09:50:	MOVE MOTOR REL	S18.axis2.phaseshifter 1	deg	0.07	FALSE DONE
15/10/2025 08:09:54:	26	count	time	30.0s/cts	O Det=1210	H Det=4056	Mon Det=71682	Aux Det=9065	O+H=14331	 DONE
15/10/2025 08:10:25:	MOVE MOTOR REL	S18.axis2.phaseshifter 1	deg	0.07	FALSE DONE
15/10/2025 08:10:29:	27	count	time	30.0s/cts	O Det=1240	H Det=4755	Mon Det=71319	Aux Det=7756	O+H=13751	 DONE
15/10/2025 08:11:01:	MOVE MOTOR REL	S18.axis2.phaseshifter 1	deg	0.07	FALSE DONE
15/10/2025 08:11:04:	28	count	time	30.0s/cts	O Det=1237	H Det=5377	Mon Det=71887	Aux Det=6360	O+H=12974	 DONE
15/10/2025 08:11:36:	MOVE MOTOR REL	S18.axis2.phaseshifter 1	deg	0.07	FALSE DONE
15/10/2025 08:11:39:	29	count	time	30.0s/cts	O Det=1156	H Det=6072	Mon Det=71644	Aux Det=5413	O+H=12641	 DONE
15/10/2025 08:12:11:	MOVE MOTOR REL	S18.axis2.phaseshifter 1	deg	0.07	FALSE DONE
15/10/2025 08:12:14:	30	count	time	30.0s/cts	O Det=1187	H Det=6242	Mon Det=71516	Aux Det=4763	O+H=12192	 DONE
15/10/2025 08:12:46:	NO ACTION	 DONE
15/10/2025 08:12:47:	close file and end scan	 DONE
call of ifg1r_newPS_2p30s.sc DONE
15/10/2025 08:12:48:	move motor	S18.axis2.phaseshifter 1 to fit O COS-360	-0.771034reached -0.75806  DONE
call of ifg1R_newPS_2p30s_m90_+1-1-i_wv3.sc DONE
15/10/2025 08:12:52:	create file	D:\data\Cycle 198\exp_3-16-19\rawdata\sc\ifg_wv3_psi_+1-1-i_15Oct0812.dat	 DONE
room to enter remarks DONE
15/10/2025 08:12:53:	MOVE MOTOR REL	S18.axis2.phaseshifter 1	deg	0.0	FALSE DONE
15/10/2025 08:12:56:	1	count	time	30.0s/cts	O Det=1141	H Det=2591	Mon Det=71598	Aux Det=11501	O+H=15233	 DONE
15/10/2025 08:13:27:	MOVE MOTOR REL	S18.axis2.phaseshifter 1	deg	0.07	FALSE DONE
15/10/2025 08:13:31:	2	count	time	30.0s/cts	O Det=1251	H Det=2301	Mon Det=71200	Aux Det=12079	O+H=15631	 DONE
15/10/2025 08:14:03:	MOVE MOTOR REL	S18.axis2.phaseshifter 1	deg	0.07	FALSE DONE
15/10/2025 08:14:06:	3	count	time	30.0s/cts	O Det=1182	H Det=2493	Mon Det=71998	Aux Det=11677	O+H=15352	 DONE
15/10/2025 08:14:38:	MOVE MOTOR REL	S18.axis2.phaseshifter 1	deg	0.07	FALSE DONE
15/10/2025 08:14:41:	4	count	time	30.0s/cts	O Det=1210	H Det=2969	Mon Det=71704	Aux Det=10775	O+H=14954	 DONE
15/10/2025 08:15:13:	MOVE MOTOR REL	S18.axis2.phaseshifter 1	deg	0.07	FALSE DONE
15/10/2025 08:15:16:	5	count	time	30.0s/cts	O Det=1242	H Det=4013	Mon Det=71393	Aux Det=9202	O+H=14457	 DONE
15/10/2025 08:15:48:	MOVE MOTOR REL	S18.axis2.phaseshifter 1	deg	0.07	FALSE DONE
15/10/2025 08:15:52:	6	count	time	30.0s/cts	O Det=1230	H Det=4556	Mon Det=71150	Aux Det=7894	O+H=13680	 DONE
15/10/2025 08:16:23:	MOVE MOTOR REL	S18.axis2.phaseshifter 1	deg	0.07	FALSE DONE
15/10/2025 08:16:27:	7	count	time	30.0s/cts	O Det=1208	H Det=5434	Mon Det=71777	Aux Det=6506	O+H=13148	 DONE
15/10/2025 08:16:59:	MOVE MOTOR REL	S18.axis2.phaseshifter 1	deg	0.07	FALSE DONE
15/10/2025 08:17:02:	8	count	time	30.0s/cts	O Det=1252	H Det=5913	Mon Det=71523	Aux Det=5538	O+H=12703	 DONE
15/10/2025 08:17:34:	MOVE MOTOR REL	S18.axis2.phaseshifter 1	deg	0.07	FALSE DONE
15/10/2025 08:17:37:	9	count	time	30.0s/cts	O Det=1083	H Det=6330	Mon Det=71539	Aux Det=5019	O+H=12432	 DONE
15/10/2025 08:18:09:	MOVE MOTOR REL	S18.axis2.phaseshifter 1	deg	0.07	FALSE DONE
15/10/2025 08:18:12:	10	count	time	30.0s/cts	O Det=1156	H Det=6332	Mon Det=71674	Aux Det=4675	O+H=12163	 DONE
15/10/2025 08:18:44:	MOVE MOTOR REL	S18.axis2.phaseshifter 1	deg	0.07	FALSE DONE
15/10/2025 08:18:48:	11	count	time	30.0s/cts	O Det=1154	H Det=6097	Mon Det=71169	Aux Det=5176	O+H=12427	 DONE
15/10/2025 08:19:19:	MOVE MOTOR REL	S18.axis2.phaseshifter 1	deg	0.07	FALSE DONE
15/10/2025 08:19:23:	12	count	time	30.0s/cts	O Det=1162	H Det=5580	Mon Det=71482	Aux Det=6228	O+H=12970	 DONE
15/10/2025 08:19:54:	MOVE MOTOR REL	S18.axis2.phaseshifter 1	deg	0.07	FALSE DONE
15/10/2025 08:19:58:	13	count	time	30.0s/cts	O Det=1087	H Det=4725	Mon Det=71672	Aux Det=7816	O+H=13628	 DONE
15/10/2025 08:20:30:	MOVE MOTOR REL	S18.axis2.phaseshifter 1	deg	0.07	FALSE DONE
15/10/2025 08:20:33:	14	count	time	30.0s/cts	O Det=1195	H Det=4090	Mon Det=71608	Aux Det=9046	O+H=14331	 DONE
15/10/2025 08:21:05:	MOVE MOTOR REL	S18.axis2.phaseshifter 1	deg	0.07	FALSE DONE
15/10/2025 08:21:08:	15	count	time	30.0s/cts	O Det=1207	H Det=3312	Mon Det=71627	Aux Det=10273	O+H=14792	 DONE
15/10/2025 08:21:40:	MOVE MOTOR REL	S18.axis2.phaseshifter 1	deg	0.07	FALSE DONE
15/10/2025 08:21:44:	16	count	time	30.0s/cts	O Det=1281	H Det=2644	Mon Det=71746	Aux Det=11419	O+H=15344	 DONE
15/10/2025 08:22:15:	MOVE MOTOR REL	S18.axis2.phaseshifter 1	deg	0.07	FALSE DONE
15/10/2025 08:22:19:	17	count	time	30.0s/cts	O Det=1185	H Det=2363	Mon Det=71450	Aux Det=12043	O+H=15591	 DONE
15/10/2025 08:22:50:	MOVE MOTOR REL	S18.axis2.phaseshifter 1	deg	0.07	FALSE DONE
15/10/2025 08:22:54:	18	count	time	30.0s/cts	O Det=1304	H Det=2293	Mon Det=72003	Aux Det=12061	O+H=15658	 DONE
15/10/2025 08:23:26:	MOVE MOTOR REL	S18.axis2.phaseshifter 1	deg	0.07	FALSE DONE
15/10/2025 08:23:29:	19	count	time	30.0s/cts	O Det=1273	H Det=2701	Mon Det=71859	Aux Det=11641	O+H=15615	 DONE
15/10/2025 08:24:01:	MOVE MOTOR REL	S18.axis2.phaseshifter 1	deg	0.07	FALSE DONE
15/10/2025 08:24:04:	20	count	time	30.0s/cts	O Det=1243	H Det=3382	Mon Det=71321	Aux Det=10245	O+H=14870	 DONE
15/10/2025 08:24:36:	MOVE MOTOR REL	S18.axis2.phaseshifter 1	deg	0.07	FALSE DONE
15/10/2025 08:24:40:	21	count	time	30.0s/cts	O Det=1293	H Det=4088	Mon Det=71138	Aux Det=8597	O+H=13978	 DONE
15/10/2025 08:25:11:	MOVE MOTOR REL	S18.axis2.phaseshifter 1	deg	0.07	FALSE DONE
15/10/2025 08:25:15:	22	count	time	30.0s/cts	O Det=1244	H Det=4898	Mon Det=71478	Aux Det=7645	O+H=13787	 DONE
15/10/2025 08:25:46:	MOVE MOTOR REL	S18.axis2.phaseshifter 1	deg	0.07	FALSE DONE
15/10/2025 08:25:50:	23	count	time	30.0s/cts	O Det=1227	H Det=5701	Mon Det=71053	Aux Det=5962	O+H=12890	 DONE
15/10/2025 08:26:22:	MOVE MOTOR REL	S18.axis2.phaseshifter 1	deg	0.07	FALSE DONE
15/10/2025 08:26:25:	24	count	time	30.0s/cts	O Det=1177	H Det=6315	Mon Det=71443	Aux Det=4920	O+H=12412	 DONE
15/10/2025 08:26:57:	MOVE MOTOR REL	S18.axis2.phaseshifter 1	deg	0.07	FALSE DONE
15/10/2025 08:27:00:	25	count	time	30.0s/cts	O Det=1128	H Det=6487	Mon Det=71277	Aux Det=4675	O+H=12290	 DONE
15/10/2025 08:27:32:	MOVE MOTOR REL	S18.axis2.phaseshifter 1	deg	0.07	FALSE DONE
15/10/2025 08:27:35:	26	count	time	30.0s/cts	O Det=1146	H Det=6140	Mon Det=71423	Aux Det=5087	O+H=12373	 DONE
15/10/2025 08:28:07:	MOVE MOTOR REL	S18.axis2.phaseshifter 1	deg	0.07	FALSE DONE
15/10/2025 08:28:11:	27	count	time	30.0s/cts	O Det=1067	H Det=5722	Mon Det=71586	Aux Det=5976	O+H=12765	 DONE
15/10/2025 08:28:42:	MOVE MOTOR REL	S18.axis2.phaseshifter 1	deg	0.07	FALSE DONE
15/10/2025 08:28:46:	28	count	time	30.0s/cts	O Det=1158	H Det=5115	Mon Det=71519	Aux Det=6987	O+H=13260	 DONE
15/10/2025 08:29:17:	MOVE MOTOR REL	S18.axis2.phaseshifter 1	deg	0.07	FALSE DONE
15/10/2025 08:29:21:	29	count	time	30.0s/cts	O Det=1178	H Det=4320	Mon Det=71313	Aux Det=8379	O+H=13877	 DONE
15/10/2025 08:29:53:	MOVE MOTOR REL	S18.axis2.phaseshifter 1	deg	0.07	FALSE DONE
15/10/2025 08:29:56:	30	count	time	30.0s/cts	O Det=1204	H Det=3589	Mon Det=71565	Aux Det=9982	O+H=14775	 DONE
15/10/2025 08:30:28:	NO ACTION	 DONE
15/10/2025 08:30:28:	close file and end scan	 DONE
call of ifg1r_newPS_2p30s.sc DONE
15/10/2025 08:30:29:	move motor	S18.axis2.phaseshifter 1 to fit O COS-270	-1.243102reached -1.25244  DONE
call of ifg1R_newPS_2p30s_p90_+1-1-i_wv3.sc DONE
15/10/2025 08:30:33:	create file	D:\data\Cycle 198\exp_3-16-19\rawdata\sc\ifg_wv3_psi_+1-1-i_15Oct0830.dat	 DONE
room to enter remarks DONE
15/10/2025 08:30:34:	MOVE MOTOR REL	S18.axis2.phaseshifter 1	deg	0.0	FALSE DONE
15/10/2025 08:30:38:	1	count	time	30.0s/cts	O Det=1097	H Det=6383	Mon Det=71758	Aux Det=4674	O+H=12154	 DONE
15/10/2025 08:31:09:	MOVE MOTOR REL	S18.axis2.phaseshifter 1	deg	0.07	FALSE DONE
15/10/2025 08:31:13:	2	count	time	30.0s/cts	O Det=1120	H Det=6178	Mon Det=71560	Aux Det=4848	O+H=12146	 DONE
15/10/2025 08:31:44:	MOVE MOTOR REL	S18.axis2.phaseshifter 1	deg	0.07	FALSE DONE
15/10/2025 08:31:48:	3	count	time	30.0s/cts	O Det=1151	H Det=6098	Mon Det=71145	Aux Det=5496	O+H=12745	 DONE
15/10/2025 08:32:20:	MOVE MOTOR REL	S18.axis2.phaseshifter 1	deg	0.07	FALSE DONE
15/10/2025 08:32:23:	4	count	time	30.0s/cts	O Det=1095	H Det=5291	Mon Det=71965	Aux Det=6742	O+H=13128	 DONE
15/10/2025 08:32:55:	MOVE MOTOR REL	S18.axis2.phaseshifter 1	deg	0.07	FALSE DONE
15/10/2025 08:32:58:	5	count	time	30.0s/cts	O Det=1161	H Det=4554	Mon Det=71381	Aux Det=8023	O+H=13738	 DONE
15/10/2025 08:33:30:	MOVE MOTOR REL	S18.axis2.phaseshifter 1	deg	0.07	FALSE DONE
15/10/2025 08:33:34:	6	count	time	30.0s/cts	O Det=1208	H Det=3709	Mon Det=71590	Aux Det=9610	O+H=14527	 DONE
15/10/2025 08:34:05:	MOVE MOTOR REL	S18.axis2.phaseshifter 1	deg	0.07	FALSE DONE
15/10/2025 08:34:09:	7	count	time	30.0s/cts	O Det=1197	H Det=3132	Mon Det=71409	Aux Det=10713	O+H=15042	 DONE
15/10/2025 08:34:40:	MOVE MOTOR REL	S18.axis2.phaseshifter 1	deg	0.07	FALSE DONE
15/10/2025 08:34:44:	8	count	time	30.0s/cts	O Det=1319	H Det=2612	Mon Det=71368	Aux Det=11735	O+H=15666	 DONE
15/10/2025 08:35:16:	MOVE MOTOR REL	S18.axis2.phaseshifter 1	deg	0.07	FALSE DONE
15/10/2025 08:35:19:	9	count	time	30.0s/cts	O Det=1270	H Det=2406	Mon Det=71268	Aux Det=12101	O+H=15777	 DONE
15/10/2025 08:35:51:	MOVE MOTOR REL	S18.axis2.phaseshifter 1	deg	0.07	FALSE DONE
15/10/2025 08:35:55:	10	count	time	30.0s/cts	O Det=1287	H Det=2471	Mon Det=71426	Aux Det=11804	O+H=15562	 DONE
15/10/2025 08:36:26:	MOVE MOTOR REL	S18.axis2.phaseshifter 1	deg	0.07	FALSE DONE
15/10/2025 08:36:30:	11	count	time	30.0s/cts	O Det=1170	H Det=3041	Mon Det=71674	Aux Det=10627	O+H=14838	 DONE
15/10/2025 08:37:01:	MOVE MOTOR REL	S18.axis2.phaseshifter 1	deg	0.07	FALSE DONE
15/10/2025 08:37:05:	12	count	time	30.0s/cts	O Det=1257	H Det=3750	Mon Det=70796	Aux Det=9612	O+H=14619	 DONE
15/10/2025 08:37:37:	MOVE MOTOR REL	S18.axis2.phaseshifter 1	deg	0.07	FALSE DONE
15/10/2025 08:37:40:	13	count	time	30.0s/cts	O Det=1240	H Det=4462	Mon Det=71896	Aux Det=8045	O+H=13747	 DONE
15/10/2025 08:38:12:	MOVE MOTOR REL	S18.axis2.phaseshifter 1	deg	0.07	FALSE DONE
15/10/2025 08:38:15:	14	count	time	30.0s/cts	O Det=1190	H Det=5379	Mon Det=71274	Aux Det=6356	O+H=12925	 DONE
15/10/2025 08:38:47:	MOVE MOTOR REL	S18.axis2.phaseshifter 1	deg	0.07	FALSE DONE
15/10/2025 08:38:51:	15	count	time	30.0s/cts	O Det=1193	H Det=5803	Mon Det=71511	Aux Det=5549	O+H=12545	 DONE
15/10/2025 08:39:22:	MOVE MOTOR REL	S18.axis2.phaseshifter 1	deg	0.07	FALSE DONE
15/10/2025 08:39:26:	16	count	time	30.0s/cts	O Det=1200	H Det=6232	Mon Det=71780	Aux Det=4910	O+H=12342	 DONE
15/10/2025 08:39:57:	MOVE MOTOR REL	S18.axis2.phaseshifter 1	deg	0.07	FALSE DONE
15/10/2025 08:40:01:	17	count	time	30.0s/cts	O Det=1129	H Det=6457	Mon Det=71078	Aux Det=4576	O+H=12162	 DONE
15/10/2025 08:40:33:	MOVE MOTOR REL	S18.axis2.phaseshifter 1	deg	0.07	FALSE DONE
15/10/2025 08:40:36:	18	count	time	30.0s/cts	O Det=1093	H Det=6176	Mon Det=71617	Aux Det=5103	O+H=12372	 DONE
15/10/2025 08:41:08:	MOVE MOTOR REL	S18.axis2.phaseshifter 1	deg	0.07	FALSE DONE
15/10/2025 08:41:11:	19	count	time	30.0s/cts	O Det=1047	H Det=5702	Mon Det=71361	Aux Det=6255	O+H=13004	 DONE
15/10/2025 08:41:43:	MOVE MOTOR REL	S18.axis2.phaseshifter 1	deg	0.07	FALSE DONE
15/10/2025 08:41:47:	20	count	time	30.0s/cts	O Det=1086	H Det=4926	Mon Det=71472	Aux Det=7442	O+H=13454	 DONE
15/10/2025 08:42:18:	MOVE MOTOR REL	S18.axis2.phaseshifter 1	deg	0.07	FALSE DONE
15/10/2025 08:42:22:	21	count	time	30.0s/cts	O Det=1211	H Det=4273	Mon Det=71599	Aux Det=8706	O+H=14190	 DONE
15/10/2025 08:42:53:	MOVE MOTOR REL	S18.axis2.phaseshifter 1	deg	0.07	FALSE DONE
15/10/2025 08:42:57:	22	count	time	30.0s/cts	O Det=1135	H Det=3501	Mon Det=71388	Aux Det=10073	O+H=14709	 DONE
15/10/2025 08:43:29:	MOVE MOTOR REL	S18.axis2.phaseshifter 1	deg	0.07	FALSE DONE
15/10/2025 08:43:32:	23	count	time	30.0s/cts	O Det=1239	H Det=2758	Mon Det=71218	Aux Det=11275	O+H=15272	 DONE
15/10/2025 08:44:04:	MOVE MOTOR REL	S18.axis2.phaseshifter 1	deg	0.07	FALSE DONE
15/10/2025 08:44:07:	24	count	time	30.0s/cts	O Det=1243	H Det=2349	Mon Det=71383	Aux Det=11878	O+H=15470	 DONE
15/10/2025 08:44:39:	MOVE MOTOR REL	S18.axis2.phaseshifter 1	deg	0.07	FALSE DONE
15/10/2025 08:44:43:	25	count	time	30.0s/cts	O Det=1241	H Det=2308	Mon Det=71865	Aux Det=12160	O+H=15709	 DONE
15/10/2025 08:45:14:	MOVE MOTOR REL	S18.axis2.phaseshifter 1	deg	0.07	FALSE DONE
15/10/2025 08:45:18:	26	count	time	30.0s/cts	O Det=1238	H Det=2544	Mon Det=71712	Aux Det=11945	O+H=15727	 DONE
15/10/2025 08:45:49:	MOVE MOTOR REL	S18.axis2.phaseshifter 1	deg	0.07	FALSE DONE
15/10/2025 08:45:53:	27	count	time	30.0s/cts	O Det=1239	H Det=3014	Mon Det=71582	Aux Det=10827	O+H=15080	 DONE
15/10/2025 08:46:25:	MOVE MOTOR REL	S18.axis2.phaseshifter 1	deg	0.07	FALSE DONE
15/10/2025 08:46:28:	28	count	time	30.0s/cts	O Det=1167	H Det=3693	Mon Det=72122	Aux Det=9856	O+H=14716	 DONE
15/10/2025 08:47:00:	MOVE MOTOR REL	S18.axis2.phaseshifter 1	deg	0.07	FALSE DONE
15/10/2025 08:47:03:	29	count	time	30.0s/cts	O Det=1228	H Det=4426	Mon Det=71947	Aux Det=8194	O+H=13848	 DONE
15/10/2025 08:47:35:	MOVE MOTOR REL	S18.axis2.phaseshifter 1	deg	0.07	FALSE DONE
15/10/2025 08:47:39:	30	count	time	30.0s/cts	O Det=1182	H Det=4988	Mon Det=71589	Aux Det=6895	O+H=13065	 DONE
15/10/2025 08:48:10:	NO ACTION	 DONE
15/10/2025 08:48:11:	close file and end scan	 DONE
call of ifg1r_newPS_2p30s.sc DONE
call of ifg1R_newPS_2p30s_p180.sc DONE
15/10/2025 08:48:12:	move motor	S18.auxiliary.Robot Z to 207413.00000um	reached 207412.00000  DONE
call of robot_Zout_doubleCd.sc DONE
15/10/2025 08:48:15:	move motor	S18.auxiliary.Robot rot big to 90.00000deg	reached 90.00000  DONE
15/10/2025 08:48:18:	move motor	S18.auxiliary.Robot Diagonal to 26000.00000um	reached 25999.79402  DONE
15/10/2025 08:48:42:	move motor	S18.auxiliary.Robot Z to 207413.00000um	reached 207412.00000  DONE
call of robot_Zout_doubleCd.sc DONE
15/10/2025 08:48:45:	move motor	S18.auxiliary.Robot rot big to 90.00000deg	reached 90.00000  DONE
15/10/2025 08:48:47:	move motor	S18.auxiliary.Robot Z to 292012.00000um	reached 292012.00000  DONE
call of robot_Zin_doubleCd.sc DONE
call of Block_path13_doubleCd.sc DONE
15/10/2025 08:48:55:	move motor	S18.auxiliary.Robot Diagonal to 25999.900000um	 DONE
15/10/2025 08:49:02:	create file	D:\data\Cycle 198\exp_3-16-19\rawdata\sc\ifg_wv3_psi_+1-1-i_15Oct0849.dat	 DONE
room to enter remarks DONE
15/10/2025 08:49:03:	move motor	S18.auxiliary.Robot Diagonal to 26000.000000um	 DONE
15/10/2025 08:49:09:	1	count	time	60.000000s/cts	O Det=1561	H Det=1625	Mon Det=142397	Aux Det=5872	O+H=9058	 DONE
15/10/2025 08:50:11:	move motor	S18.auxiliary.Robot Diagonal to 48000.000000um	 DONE
15/10/2025 08:50:26:	2	count	time	60.000000s/cts	O Det=1622	H Det=3252	Mon Det=142578	Aux Det=34	O+H=4908	 DONE
15/10/2025 08:51:28:	move motor	S18.auxiliary.Robot Diagonal to 70000.000000um	 DONE
15/10/2025 08:51:42:	3	count	time	60.000000s/cts	O Det=1806	H Det=1511	Mon Det=142744	Aux Det=10740	O+H=14057	 DONE
15/10/2025 08:52:44:	close file and end scan	 DONE
15/10/2025 08:52:45:	move motor	S18.auxiliary.Robot Z to 207413.00000um	reached 207403.00000  DONE
call of robot_Zout_doubleCd.sc DONE
call of int_meas_path213.sc DONE
15/10/2025 08:52:53:	END OF SCRIPT	 DONE
