15/10/2025 11:57:45:	start execution of script D:\data\Cycle 198\exp_3-16-19\rawdata\sc\ifg_wv1_psi_+1-1-i.sc	 DONE
15/10/2025 11:57:45:	create file	D:\data\Cycle 198\exp_3-16-19\rawdata\sc\ifg_wv1_psi_+1-1-i_15Oct1157.dat	 DONE
room to enter remarks DONE
15/10/2025 11:57:46:	MOVE MOTOR REL	S18.axis2.phaseshifter 2	deg	0.0	FALSE DONE
15/10/2025 11:57:49:	1	count	time	15.0s/cts	O Det=765	H Det=2169	Mon Det=35597	Aux Det=4588	O+H=7522	 DONE
15/10/2025 11:58:06:	MOVE MOTOR REL	S18.axis2.phaseshifter 2	deg	0.07	FALSE DONE
15/10/2025 11:58:10:	2	count	time	15.0s/cts	O Det=530	H Det=2294	Mon Det=35864	Aux Det=4522	O+H=7346	 DONE
15/10/2025 11:58:26:	MOVE MOTOR REL	S18.axis2.phaseshifter 2	deg	0.07	FALSE DONE
15/10/2025 11:58:30:	3	count	time	15.0s/cts	O Det=410	H Det=2333	Mon Det=35736	Aux Det=4548	O+H=7291	 DONE
15/10/2025 11:58:46:	MOVE MOTOR REL	S18.axis2.phaseshifter 2	deg	0.07	FALSE DONE
15/10/2025 11:58:50:	4	count	time	15.0s/cts	O Det=449	H Det=2424	Mon Det=35315	Aux Det=4457	O+H=7330	 DONE
15/10/2025 11:59:07:	MOVE MOTOR REL	S18.axis2.phaseshifter 2	deg	0.07	FALSE DONE
15/10/2025 11:59:10:	5	count	time	15.0s/cts	O Det=699	H Det=2163	Mon Det=36197	Aux Det=4524	O+H=7386	 DONE
15/10/2025 11:59:27:	MOVE MOTOR REL	S18.axis2.phaseshifter 2	deg	0.07	FALSE DONE
15/10/2025 11:59:30:	6	count	time	15.0s/cts	O Det=976	H Det=1972	Mon Det=36072	Aux Det=4586	O+H=7534	 DONE
15/10/2025 11:59:47:	MOVE MOTOR REL	S18.axis2.phaseshifter 2	deg	0.07	FALSE DONE
15/10/2025 11:59:51:	7	count	time	15.0s/cts	O Det=1290	H Det=1628	Mon Det=35254	Aux Det=4430	O+H=7348	 DONE
15/10/2025 12:00:07:	MOVE MOTOR REL	S18.axis2.phaseshifter 2	deg	0.07	FALSE DONE
15/10/2025 12:00:11:	8	count	time	15.0s/cts	O Det=1575	H Det=1350	Mon Det=35707	Aux Det=4733	O+H=7658	 DONE
15/10/2025 12:00:28:	MOVE MOTOR REL	S18.axis2.phaseshifter 2	deg	0.07	FALSE DONE
15/10/2025 12:00:31:	9	count	time	15.0s/cts	O Det=1866	H Det=1193	Mon Det=35619	Aux Det=4484	O+H=7543	 DONE
15/10/2025 12:00:48:	MOVE MOTOR REL	S18.axis2.phaseshifter 2	deg	0.07	FALSE DONE
15/10/2025 12:00:51:	10	count	time	15.0s/cts	O Det=2132	H Det=985	Mon Det=35789	Aux Det=4526	O+H=7643	 DONE
15/10/2025 12:01:08:	MOVE MOTOR REL	S18.axis2.phaseshifter 2	deg	0.07	FALSE DONE
15/10/2025 12:01:11:	11	count	time	15.0s/cts	O Det=2190	H Det=868	Mon Det=35731	Aux Det=4599	O+H=7657	 DONE
15/10/2025 12:01:28:	MOVE MOTOR REL	S18.axis2.phaseshifter 2	deg	0.07	FALSE DONE
15/10/2025 12:01:32:	12	count	time	15.0s/cts	O Det=2107	H Det=906	Mon Det=35515	Aux Det=4470	O+H=7483	 DONE
15/10/2025 12:01:48:	MOVE MOTOR REL	S18.axis2.phaseshifter 2	deg	0.07	FALSE DONE
15/10/2025 12:01:52:	13	count	time	15.0s/cts	O Det=1937	H Det=1053	Mon Det=35704	Aux Det=4428	O+H=7418	 DONE
15/10/2025 12:02:09:	MOVE MOTOR REL	S18.axis2.phaseshifter 2	deg	0.07	FALSE DONE
15/10/2025 12:02:12:	14	count	time	15.0s/cts	O Det=1747	H Det=1362	Mon Det=36060	Aux Det=4551	O+H=7660	 DONE
15/10/2025 12:02:29:	MOVE MOTOR REL	S18.axis2.phaseshifter 2	deg	0.07	FALSE DONE
15/10/2025 12:02:32:	15	count	time	15.0s/cts	O Det=1403	H Det=1574	Mon Det=35789	Aux Det=4487	O+H=7464	 DONE
15/10/2025 12:02:49:	MOVE MOTOR REL	S18.axis2.phaseshifter 2	deg	0.07	FALSE DONE
15/10/2025 12:02:52:	16	count	time	15.0s/cts	O Det=1004	H Det=1868	Mon Det=35868	Aux Det=4496	O+H=7368	 DONE
15/10/2025 12:03:09:	MOVE MOTOR REL	S18.axis2.phaseshifter 2	deg	0.07	FALSE DONE
15/10/2025 12:03:13:	17	count	time	15.0s/cts	O Det=741	H Det=2169	Mon Det=35675	Aux Det=4588	O+H=7498	 DONE
15/10/2025 12:03:29:	MOVE MOTOR REL	S18.axis2.phaseshifter 2	deg	0.07	FALSE DONE
15/10/2025 12:03:33:	18	count	time	15.0s/cts	O Det=525	H Det=2332	Mon Det=35611	Aux Det=4613	O+H=7470	 DONE
15/10/2025 12:03:50:	MOVE MOTOR REL	S18.axis2.phaseshifter 2	deg	0.07	FALSE DONE
15/10/2025 12:03:53:	19	count	time	15.0s/cts	O Det=381	H Det=2466	Mon Det=35847	Aux Det=4475	O+H=7322	 DONE
15/10/2025 12:04:10:	MOVE MOTOR REL	S18.axis2.phaseshifter 2	deg	0.07	FALSE DONE
15/10/2025 12:04:13:	20	count	time	15.0s/cts	O Det=423	H Det=2425	Mon Det=35814	Aux Det=4580	O+H=7428	 DONE
15/10/2025 12:04:30:	MOVE MOTOR REL	S18.axis2.phaseshifter 2	deg	0.07	FALSE DONE
15/10/2025 12:04:33:	21	count	time	15.0s/cts	O Det=549	H Det=2256	Mon Det=35807	Aux Det=4521	O+H=7326	 DONE
15/10/2025 12:04:50:	MOVE MOTOR REL	S18.axis2.phaseshifter 2	deg	0.07	FALSE DONE
15/10/2025 12:04:54:	22	count	time	15.0s/cts	O Det=892	H Det=2103	Mon Det=35779	Aux Det=4579	O+H=7574	 DONE
15/10/2025 12:05:10:	MOVE MOTOR REL	S18.axis2.phaseshifter 2	deg	0.07	FALSE DONE
15/10/2025 12:05:14:	23	count	time	15.0s/cts	O Det=1043	H Det=1877	Mon Det=35760	Aux Det=4569	O+H=7489	 DONE
15/10/2025 12:05:31:	MOVE MOTOR REL	S18.axis2.phaseshifter 2	deg	0.07	FALSE DONE
15/10/2025 12:05:34:	24	count	time	15.0s/cts	O Det=1428	H Det=1505	Mon Det=35694	Aux Det=4590	O+H=7523	 DONE
15/10/2025 12:05:51:	MOVE MOTOR REL	S18.axis2.phaseshifter 2	deg	0.07	FALSE DONE
15/10/2025 12:05:54:	25	count	time	15.0s/cts	O Det=1780	H Det=1236	Mon Det=35584	Aux Det=4612	O+H=7628	 DONE
15/10/2025 12:06:11:	MOVE MOTOR REL	S18.axis2.phaseshifter 2	deg	0.07	FALSE DONE
15/10/2025 12:06:14:	26	count	time	15.0s/cts	O Det=2069	H Det=1023	Mon Det=35496	Aux Det=4516	O+H=7608	 DONE
15/10/2025 12:06:31:	MOVE MOTOR REL	S18.axis2.phaseshifter 2	deg	0.07	FALSE DONE
15/10/2025 12:06:35:	27	count	time	15.0s/cts	O Det=2179	H Det=965	Mon Det=35932	Aux Det=4503	O+H=7647	 DONE
15/10/2025 12:06:51:	MOVE MOTOR REL	S18.axis2.phaseshifter 2	deg	0.07	FALSE DONE
15/10/2025 12:06:55:	28	count	time	15.0s/cts	O Det=2101	H Det=913	Mon Det=35734	Aux Det=4547	O+H=7561	 DONE
15/10/2025 12:07:12:	MOVE MOTOR REL	S18.axis2.phaseshifter 2	deg	0.07	FALSE DONE
15/10/2025 12:07:15:	29	count	time	15.0s/cts	O Det=1988	H Det=1092	Mon Det=35391	Aux Det=4587	O+H=7667	 DONE
15/10/2025 12:07:32:	MOVE MOTOR REL	S18.axis2.phaseshifter 2	deg	0.07	FALSE DONE
15/10/2025 12:07:35:	30	count	time	15.0s/cts	O Det=1737	H Det=1213	Mon Det=35705	Aux Det=4603	O+H=7553	 DONE
15/10/2025 12:07:52:	NO ACTION	 DONE
15/10/2025 12:07:52:	close file and end scan	 DONE
call of ifg2r_newPS_2p30s.sc DONE
15/10/2025 12:07:53:	move motor	S18.axis2.phaseshifter 2 to fit O COS-315	-1.101458reached -1.09863  DONE
call of ifg2R_newPS_2p30s_0_+1-1-i_wv1.sc DONE
15/10/2025 12:07:57:	create file	D:\data\Cycle 198\exp_3-16-19\rawdata\sc\ifg_wv1_psi_+1-1-i_15Oct1207.dat	 DONE
room to enter remarks DONE
15/10/2025 12:07:58:	MOVE MOTOR REL	S18.axis2.phaseshifter 2	deg	0.0	FALSE DONE
15/10/2025 12:08:02:	1	count	time	15.0s/cts	O Det=1933	H Det=1132	Mon Det=35810	Aux Det=4649	O+H=7714	 DONE
15/10/2025 12:08:18:	MOVE MOTOR REL	S18.axis2.phaseshifter 2	deg	0.07	FALSE DONE
15/10/2025 12:08:22:	2	count	time	15.0s/cts	O Det=1607	H Det=1391	Mon Det=35490	Aux Det=4620	O+H=7618	 DONE
15/10/2025 12:08:39:	MOVE MOTOR REL	S18.axis2.phaseshifter 2	deg	0.07	FALSE DONE
15/10/2025 12:08:42:	3	count	time	15.0s/cts	O Det=1180	H Det=1795	Mon Det=35690	Aux Det=4512	O+H=7487	 DONE
15/10/2025 12:08:59:	MOVE MOTOR REL	S18.axis2.phaseshifter 2	deg	0.07	FALSE DONE
15/10/2025 12:09:02:	4	count	time	15.0s/cts	O Det=843	H Det=2109	Mon Det=35892	Aux Det=4597	O+H=7549	 DONE
15/10/2025 12:09:19:	MOVE MOTOR REL	S18.axis2.phaseshifter 2	deg	0.07	FALSE DONE
15/10/2025 12:09:22:	5	count	time	15.0s/cts	O Det=526	H Det=2256	Mon Det=35838	Aux Det=4442	O+H=7224	 DONE
15/10/2025 12:09:39:	MOVE MOTOR REL	S18.axis2.phaseshifter 2	deg	0.07	FALSE DONE
15/10/2025 12:09:43:	6	count	time	15.0s/cts	O Det=375	H Det=2527	Mon Det=35549	Aux Det=4607	O+H=7509	 DONE
15/10/2025 12:09:59:	MOVE MOTOR REL	S18.axis2.phaseshifter 2	deg	0.07	FALSE DONE
15/10/2025 12:10:03:	7	count	time	15.0s/cts	O Det=414	H Det=2420	Mon Det=35808	Aux Det=4615	O+H=7449	 DONE
15/10/2025 12:10:20:	MOVE MOTOR REL	S18.axis2.phaseshifter 2	deg	0.07	FALSE DONE
15/10/2025 12:10:23:	8	count	time	15.0s/cts	O Det=679	H Det=2256	Mon Det=35784	Aux Det=4395	O+H=7330	 DONE
15/10/2025 12:10:40:	MOVE MOTOR REL	S18.axis2.phaseshifter 2	deg	0.07	FALSE DONE
15/10/2025 12:10:43:	9	count	time	15.0s/cts	O Det=880	H Det=1966	Mon Det=35963	Aux Det=4574	O+H=7420	 DONE
15/10/2025 12:11:00:	MOVE MOTOR REL	S18.axis2.phaseshifter 2	deg	0.07	FALSE DONE
15/10/2025 12:11:03:	10	count	time	15.0s/cts	O Det=1268	H Det=1649	Mon Det=35512	Aux Det=4554	O+H=7471	 DONE
15/10/2025 12:11:20:	MOVE MOTOR REL	S18.axis2.phaseshifter 2	deg	0.07	FALSE DONE
15/10/2025 12:11:24:	11	count	time	15.0s/cts	O Det=1668	H Det=1353	Mon Det=35463	Aux Det=4417	O+H=7438	 DONE
15/10/2025 12:11:40:	MOVE MOTOR REL	S18.axis2.phaseshifter 2	deg	0.07	FALSE DONE
15/10/2025 12:11:44:	12	count	time	15.0s/cts	O Det=1922	H Det=1103	Mon Det=35697	Aux Det=4509	O+H=7534	 DONE
15/10/2025 12:12:01:	MOVE MOTOR REL	S18.axis2.phaseshifter 2	deg	0.07	FALSE DONE
15/10/2025 12:12:04:	13	count	time	15.0s/cts	O Det=2097	H Det=987	Mon Det=35236	Aux Det=4582	O+H=7666	 DONE
15/10/2025 12:12:21:	MOVE MOTOR REL	S18.axis2.phaseshifter 2	deg	0.07	FALSE DONE
15/10/2025 12:12:24:	14	count	time	15.0s/cts	O Det=2074	H Det=909	Mon Det=35122	Aux Det=4477	O+H=7460	 DONE
15/10/2025 12:12:41:	MOVE MOTOR REL	S18.axis2.phaseshifter 2	deg	0.07	FALSE DONE
15/10/2025 12:12:44:	15	count	time	15.0s/cts	O Det=2094	H Det=988	Mon Det=35809	Aux Det=4524	O+H=7606	 DONE
15/10/2025 12:13:01:	MOVE MOTOR REL	S18.axis2.phaseshifter 2	deg	0.07	FALSE DONE
15/10/2025 12:13:05:	16	count	time	15.0s/cts	O Det=1922	H Det=1088	Mon Det=35686	Aux Det=4611	O+H=7621	 DONE
15/10/2025 12:13:21:	MOVE MOTOR REL	S18.axis2.phaseshifter 2	deg	0.07	FALSE DONE
15/10/2025 12:13:25:	17	count	time	15.0s/cts	O Det=1576	H Det=1406	Mon Det=36143	Aux Det=4454	O+H=7436	 DONE
15/10/2025 12:13:42:	MOVE MOTOR REL	S18.axis2.phaseshifter 2	deg	0.07	FALSE DONE
15/10/2025 12:13:45:	18	count	time	15.0s/cts	O Det=1318	H Det=1625	Mon Det=35625	Aux Det=4656	O+H=7599	 DONE
15/10/2025 12:14:02:	MOVE MOTOR REL	S18.axis2.phaseshifter 2	deg	0.07	FALSE DONE
15/10/2025 12:14:05:	19	count	time	15.0s/cts	O Det=1026	H Det=1906	Mon Det=35898	Aux Det=4533	O+H=7465	 DONE
15/10/2025 12:14:22:	MOVE MOTOR REL	S18.axis2.phaseshifter 2	deg	0.07	FALSE DONE
15/10/2025 12:14:25:	20	count	time	15.0s/cts	O Det=692	H Det=2201	Mon Det=35886	Aux Det=4576	O+H=7469	 DONE
15/10/2025 12:14:42:	MOVE MOTOR REL	S18.axis2.phaseshifter 2	deg	0.07	FALSE DONE
15/10/2025 12:14:46:	21	count	time	15.0s/cts	O Det=510	H Det=2321	Mon Det=35762	Aux Det=4503	O+H=7334	 DONE
15/10/2025 12:15:02:	MOVE MOTOR REL	S18.axis2.phaseshifter 2	deg	0.07	FALSE DONE
15/10/2025 12:15:06:	22	count	time	15.0s/cts	O Det=391	H Det=2492	Mon Det=35697	Aux Det=4495	O+H=7378	 DONE
15/10/2025 12:15:23:	MOVE MOTOR REL	S18.axis2.phaseshifter 2	deg	0.07	FALSE DONE
15/10/2025 12:15:26:	23	count	time	15.0s/cts	O Det=425	H Det=2429	Mon Det=35580	Aux Det=4620	O+H=7474	 DONE
15/10/2025 12:15:43:	MOVE MOTOR REL	S18.axis2.phaseshifter 2	deg	0.07	FALSE DONE
15/10/2025 12:15:46:	24	count	time	15.0s/cts	O Det=554	H Det=2330	Mon Det=35827	Aux Det=4582	O+H=7466	 DONE
15/10/2025 12:16:03:	MOVE MOTOR REL	S18.axis2.phaseshifter 2	deg	0.07	FALSE DONE
15/10/2025 12:16:06:	25	count	time	15.0s/cts	O Det=830	H Det=1990	Mon Det=35748	Aux Det=4673	O+H=7493	 DONE
15/10/2025 12:16:23:	MOVE MOTOR REL	S18.axis2.phaseshifter 2	deg	0.07	FALSE DONE
15/10/2025 12:16:27:	26	count	time	15.0s/cts	O Det=1174	H Det=1732	Mon Det=35326	Aux Det=4493	O+H=7399	 DONE
15/10/2025 12:16:43:	MOVE MOTOR REL	S18.axis2.phaseshifter 2	deg	0.07	FALSE DONE
15/10/2025 12:16:47:	27	count	time	15.0s/cts	O Det=1557	H Det=1425	Mon Det=35292	Aux Det=4436	O+H=7418	 DONE
15/10/2025 12:17:04:	MOVE MOTOR REL	S18.axis2.phaseshifter 2	deg	0.07	FALSE DONE
15/10/2025 12:17:07:	28	count	time	15.0s/cts	O Det=1817	H Det=1176	Mon Det=35467	Aux Det=4522	O+H=7515	 DONE
15/10/2025 12:17:24:	MOVE MOTOR REL	S18.axis2.phaseshifter 2	deg	0.07	FALSE DONE
15/10/2025 12:17:27:	29	count	time	15.0s/cts	O Det=1995	H Det=964	Mon Det=36003	Aux Det=4639	O+H=7598	 DONE
15/10/2025 12:17:44:	MOVE MOTOR REL	S18.axis2.phaseshifter 2	deg	0.07	FALSE DONE
15/10/2025 12:17:48:	30	count	time	15.0s/cts	O Det=2201	H Det=863	Mon Det=35865	Aux Det=4540	O+H=7604	 DONE
15/10/2025 12:18:04:	NO ACTION	 DONE
15/10/2025 12:18:05:	close file and end scan	 DONE
call of ifg2r_newPS_2p30s.sc DONE
15/10/2025 12:18:06:	move motor	S18.axis2.phaseshifter 2 to fit O COS-135	-0.587518reached -0.58228  DONE
call of ifg2R_newPS_2p30s_m90_+1+1-i_wv1.sc DONE
15/10/2025 12:18:10:	create file	D:\data\Cycle 198\exp_3-16-19\rawdata\sc\ifg_wv1_psi_+1-1-i_15Oct1218.dat	 DONE
room to enter remarks DONE
15/10/2025 12:18:11:	MOVE MOTOR REL	S18.axis2.phaseshifter 2	deg	0.0	FALSE DONE
15/10/2025 12:18:14:	1	count	time	15.0s/cts	O Det=685	H Det=2207	Mon Det=35935	Aux Det=4629	O+H=7521	 DONE
15/10/2025 12:18:30:	MOVE MOTOR REL	S18.axis2.phaseshifter 2	deg	0.07	FALSE DONE
15/10/2025 12:18:34:	2	count	time	15.0s/cts	O Det=1008	H Det=1869	Mon Det=35529	Aux Det=4589	O+H=7466	 DONE
15/10/2025 12:18:51:	MOVE MOTOR REL	S18.axis2.phaseshifter 2	deg	0.07	FALSE DONE
15/10/2025 12:18:54:	3	count	time	15.0s/cts	O Det=1439	H Det=1574	Mon Det=35522	Aux Det=4503	O+H=7516	 DONE
15/10/2025 12:19:11:	MOVE MOTOR REL	S18.axis2.phaseshifter 2	deg	0.07	FALSE DONE
15/10/2025 12:19:14:	4	count	time	15.0s/cts	O Det=1762	H Det=1322	Mon Det=35864	Aux Det=4472	O+H=7556	 DONE
15/10/2025 12:19:31:	MOVE MOTOR REL	S18.axis2.phaseshifter 2	deg	0.07	FALSE DONE
15/10/2025 12:19:35:	5	count	time	15.0s/cts	O Det=1991	H Det=1095	Mon Det=35753	Aux Det=4526	O+H=7612	 DONE
15/10/2025 12:19:51:	MOVE MOTOR REL	S18.axis2.phaseshifter 2	deg	0.07	FALSE DONE
15/10/2025 12:19:55:	6	count	time	15.0s/cts	O Det=2107	H Det=960	Mon Det=35281	Aux Det=4595	O+H=7662	 DONE
15/10/2025 12:20:11:	MOVE MOTOR REL	S18.axis2.phaseshifter 2	deg	0.07	FALSE DONE
15/10/2025 12:20:15:	7	count	time	15.0s/cts	O Det=2153	H Det=921	Mon Det=35844	Aux Det=4587	O+H=7661	 DONE
15/10/2025 12:20:32:	MOVE MOTOR REL	S18.axis2.phaseshifter 2	deg	0.07	FALSE DONE
15/10/2025 12:20:35:	8	count	time	15.0s/cts	O Det=1962	H Det=1065	Mon Det=35725	Aux Det=4563	O+H=7590	 DONE
15/10/2025 12:20:52:	MOVE MOTOR REL	S18.axis2.phaseshifter 2	deg	0.07	FALSE DONE
15/10/2025 12:20:55:	9	count	time	15.0s/cts	O Det=1704	H Det=1223	Mon Det=35259	Aux Det=4741	O+H=7668	 DONE
15/10/2025 12:21:12:	MOVE MOTOR REL	S18.axis2.phaseshifter 2	deg	0.07	FALSE DONE
15/10/2025 12:21:16:	10	count	time	15.0s/cts	O Det=1436	H Det=1506	Mon Det=35796	Aux Det=4668	O+H=7610	 DONE
15/10/2025 12:21:32:	MOVE MOTOR REL	S18.axis2.phaseshifter 2	deg	0.07	FALSE DONE
15/10/2025 12:21:36:	11	count	time	15.0s/cts	O Det=1145	H Det=1747	Mon Det=35838	Aux Det=4467	O+H=7359	 DONE
15/10/2025 12:21:53:	MOVE MOTOR REL	S18.axis2.phaseshifter 2	deg	0.07	FALSE DONE
15/10/2025 12:21:56:	12	count	time	15.0s/cts	O Det=785	H Det=2050	Mon Det=35563	Aux Det=4642	O+H=7477	 DONE
15/10/2025 12:22:13:	MOVE MOTOR REL	S18.axis2.phaseshifter 2	deg	0.07	FALSE DONE
15/10/2025 12:22:16:	13	count	time	15.0s/cts	O Det=552	H Det=2361	Mon Det=35594	Aux Det=4643	O+H=7556	 DONE
15/10/2025 12:22:33:	MOVE MOTOR REL	S18.axis2.phaseshifter 2	deg	0.07	FALSE DONE
15/10/2025 12:22:36:	14	count	time	15.0s/cts	O Det=452	H Det=2474	Mon Det=35503	Aux Det=4565	O+H=7491	 DONE
15/10/2025 12:22:53:	MOVE MOTOR REL	S18.axis2.phaseshifter 2	deg	0.07	FALSE DONE
15/10/2025 12:22:57:	15	count	time	15.0s/cts	O Det=417	H Det=2413	Mon Det=35535	Aux Det=4543	O+H=7373	 DONE
15/10/2025 12:23:13:	MOVE MOTOR REL	S18.axis2.phaseshifter 2	deg	0.07	FALSE DONE
15/10/2025 12:23:17:	16	count	time	15.0s/cts	O Det=567	H Det=2437	Mon Det=35713	Aux Det=4562	O+H=7566	 DONE
15/10/2025 12:23:34:	MOVE MOTOR REL	S18.axis2.phaseshifter 2	deg	0.07	FALSE DONE
15/10/2025 12:23:37:	17	count	time	15.0s/cts	O Det=789	H Det=2131	Mon Det=35474	Aux Det=4496	O+H=7416	 DONE
15/10/2025 12:23:54:	MOVE MOTOR REL	S18.axis2.phaseshifter 2	deg	0.07	FALSE DONE
15/10/2025 12:23:57:	18	count	time	15.0s/cts	O Det=1062	H Det=1870	Mon Det=35805	Aux Det=4532	O+H=7464	 DONE
15/10/2025 12:24:14:	MOVE MOTOR REL	S18.axis2.phaseshifter 2	deg	0.07	FALSE DONE
15/10/2025 12:24:17:	19	count	time	15.0s/cts	O Det=1460	H Det=1517	Mon Det=35397	Aux Det=4433	O+H=7410	 DONE
15/10/2025 12:24:34:	MOVE MOTOR REL	S18.axis2.phaseshifter 2	deg	0.07	FALSE DONE
15/10/2025 12:24:38:	20	count	time	15.0s/cts	O Det=1858	H Det=1205	Mon Det=35993	Aux Det=4538	O+H=7601	 DONE
15/10/2025 12:24:54:	MOVE MOTOR REL	S18.axis2.phaseshifter 2	deg	0.07	FALSE DONE
15/10/2025 12:24:58:	21	count	time	15.0s/cts	O Det=2142	H Det=997	Mon Det=35706	Aux Det=4506	O+H=7645	 DONE
15/10/2025 12:25:15:	MOVE MOTOR REL	S18.axis2.phaseshifter 2	deg	0.07	FALSE DONE
15/10/2025 12:25:18:	22	count	time	15.0s/cts	O Det=2231	H Det=965	Mon Det=35953	Aux Det=4449	O+H=7645	 DONE
15/10/2025 12:25:35:	MOVE MOTOR REL	S18.axis2.phaseshifter 2	deg	0.07	FALSE DONE
15/10/2025 12:25:38:	23	count	time	15.0s/cts	O Det=2151	H Det=917	Mon Det=35479	Aux Det=4566	O+H=7634	 DONE
15/10/2025 12:25:55:	MOVE MOTOR REL	S18.axis2.phaseshifter 2	deg	0.07	FALSE DONE
15/10/2025 12:25:58:	24	count	time	15.0s/cts	O Det=2017	H Det=1123	Mon Det=35492	Aux Det=4488	O+H=7628	 DONE
15/10/2025 12:26:15:	MOVE MOTOR REL	S18.axis2.phaseshifter 2	deg	0.07	FALSE DONE
15/10/2025 12:26:19:	25	count	time	15.0s/cts	O Det=1534	H Det=1325	Mon Det=35794	Aux Det=4562	O+H=7421	 DONE
15/10/2025 12:26:35:	MOVE MOTOR REL	S18.axis2.phaseshifter 2	deg	0.07	FALSE DONE
15/10/2025 12:26:39:	26	count	time	15.0s/cts	O Det=1345	H Det=1646	Mon Det=35848	Aux Det=4557	O+H=7548	 DONE
15/10/2025 12:26:56:	MOVE MOTOR REL	S18.axis2.phaseshifter 2	deg	0.07	FALSE DONE
15/10/2025 12:26:59:	27	count	time	15.0s/cts	O Det=945	H Det=1978	Mon Det=35419	Aux Det=4556	O+H=7479	 DONE
15/10/2025 12:27:16:	MOVE MOTOR REL	S18.axis2.phaseshifter 2	deg	0.07	FALSE DONE
15/10/2025 12:27:19:	28	count	time	15.0s/cts	O Det=682	H Det=2156	Mon Det=35528	Aux Det=4586	O+H=7424	 DONE
15/10/2025 12:27:36:	MOVE MOTOR REL	S18.axis2.phaseshifter 2	deg	0.07	FALSE DONE
15/10/2025 12:27:39:	29	count	time	15.0s/cts	O Det=503	H Det=2384	Mon Det=35968	Aux Det=4521	O+H=7408	 DONE
15/10/2025 12:27:56:	MOVE MOTOR REL	S18.axis2.phaseshifter 2	deg	0.07	FALSE DONE
15/10/2025 12:28:00:	30	count	time	15.0s/cts	O Det=407	H Det=2453	Mon Det=35814	Aux Det=4686	O+H=7546	 DONE
15/10/2025 12:28:16:	NO ACTION	 DONE
15/10/2025 12:28:17:	close file and end scan	 DONE
call of ifg2r_newPS_2p30s.sc DONE
15/10/2025 12:28:18:	move motor	S18.axis2.phaseshifter 2 to fit O COS-405	-1.370816reached -1.37329  DONE
call of ifg2R_newPS_2p30s_p90_+1-1-i_wv1.sc DONE
15/10/2025 12:28:22:	create file	D:\data\Cycle 198\exp_3-16-19\rawdata\sc\ifg_wv1_psi_+1-1-i_15Oct1228.dat	 DONE
room to enter remarks DONE
15/10/2025 12:28:23:	MOVE MOTOR REL	S18.axis2.phaseshifter 2	deg	0.0	FALSE DONE
15/10/2025 12:28:26:	1	count	time	15.0s/cts	O Det=1850	H Det=1134	Mon Det=35873	Aux Det=4437	O+H=7421	 DONE
15/10/2025 12:28:43:	MOVE MOTOR REL	S18.axis2.phaseshifter 2	deg	0.07	FALSE DONE
15/10/2025 12:28:47:	2	count	time	15.0s/cts	O Det=2096	H Det=983	Mon Det=35711	Aux Det=4479	O+H=7558	 DONE
15/10/2025 12:29:03:	MOVE MOTOR REL	S18.axis2.phaseshifter 2	deg	0.07	FALSE DONE
15/10/2025 12:29:07:	3	count	time	15.0s/cts	O Det=2146	H Det=903	Mon Det=35921	Aux Det=4567	O+H=7616	 DONE
15/10/2025 12:29:24:	MOVE MOTOR REL	S18.axis2.phaseshifter 2	deg	0.07	FALSE DONE
15/10/2025 12:29:27:	4	count	time	15.0s/cts	O Det=2080	H Det=1013	Mon Det=35903	Aux Det=4497	O+H=7590	 DONE
15/10/2025 12:29:44:	MOVE MOTOR REL	S18.axis2.phaseshifter 2	deg	0.07	FALSE DONE
15/10/2025 12:29:47:	5	count	time	15.0s/cts	O Det=1972	H Det=1053	Mon Det=35868	Aux Det=4665	O+H=7690	 DONE
15/10/2025 12:30:04:	MOVE MOTOR REL	S18.axis2.phaseshifter 2	deg	0.07	FALSE DONE
15/10/2025 12:30:08:	6	count	time	15.0s/cts	O Det=1717	H Det=1365	Mon Det=35870	Aux Det=4479	O+H=7561	 DONE
15/10/2025 12:30:24:	MOVE MOTOR REL	S18.axis2.phaseshifter 2	deg	0.07	FALSE DONE
15/10/2025 12:30:28:	7	count	time	15.0s/cts	O Det=1265	H Det=1660	Mon Det=35874	Aux Det=4483	O+H=7408	 DONE
15/10/2025 12:30:45:	MOVE MOTOR REL	S18.axis2.phaseshifter 2	deg	0.07	FALSE DONE
15/10/2025 12:30:48:	8	count	time	15.0s/cts	O Det=923	H Det=1999	Mon Det=35567	Aux Det=4578	O+H=7500	 DONE
15/10/2025 12:31:05:	MOVE MOTOR REL	S18.axis2.phaseshifter 2	deg	0.07	FALSE DONE
15/10/2025 12:31:08:	9	count	time	15.0s/cts	O Det=637	H Det=2285	Mon Det=35847	Aux Det=4607	O+H=7529	 DONE
15/10/2025 12:31:25:	MOVE MOTOR REL	S18.axis2.phaseshifter 2	deg	0.07	FALSE DONE
15/10/2025 12:31:28:	10	count	time	15.0s/cts	O Det=429	H Det=2346	Mon Det=35694	Aux Det=4575	O+H=7350	 DONE
15/10/2025 12:31:45:	MOVE MOTOR REL	S18.axis2.phaseshifter 2	deg	0.07	FALSE DONE
15/10/2025 12:31:49:	11	count	time	15.0s/cts	O Det=370	H Det=2478	Mon Det=35628	Aux Det=4590	O+H=7438	 DONE
15/10/2025 12:32:05:	MOVE MOTOR REL	S18.axis2.phaseshifter 2	deg	0.07	FALSE DONE
15/10/2025 12:32:09:	12	count	time	15.0s/cts	O Det=573	H Det=2314	Mon Det=35602	Aux Det=4602	O+H=7489	 DONE
15/10/2025 12:32:26:	MOVE MOTOR REL	S18.axis2.phaseshifter 2	deg	0.07	FALSE DONE
15/10/2025 12:32:29:	13	count	time	15.0s/cts	O Det=857	H Det=2092	Mon Det=35913	Aux Det=4472	O+H=7421	 DONE
15/10/2025 12:32:46:	MOVE MOTOR REL	S18.axis2.phaseshifter 2	deg	0.07	FALSE DONE
15/10/2025 12:32:49:	14	count	time	15.0s/cts	O Det=1208	H Det=1792	Mon Det=35547	Aux Det=4625	O+H=7625	 DONE
15/10/2025 12:33:06:	MOVE MOTOR REL	S18.axis2.phaseshifter 2	deg	0.07	FALSE DONE
15/10/2025 12:33:09:	15	count	time	15.0s/cts	O Det=1551	H Det=1467	Mon Det=35519	Aux Det=4537	O+H=7555	 DONE
15/10/2025 12:33:26:	MOVE MOTOR REL	S18.axis2.phaseshifter 2	deg	0.07	FALSE DONE
15/10/2025 12:33:30:	16	count	time	15.0s/cts	O Det=1886	H Det=1226	Mon Det=35942	Aux Det=4536	O+H=7648	 DONE
15/10/2025 12:33:46:	MOVE MOTOR REL	S18.axis2.phaseshifter 2	deg	0.07	FALSE DONE
15/10/2025 12:33:50:	17	count	time	15.0s/cts	O Det=2114	H Det=983	Mon Det=35988	Aux Det=4438	O+H=7535	 DONE
15/10/2025 12:34:07:	MOVE MOTOR REL	S18.axis2.phaseshifter 2	deg	0.07	FALSE DONE
15/10/2025 12:34:10:	18	count	time	15.0s/cts	O Det=2237	H Det=880	Mon Det=35849	Aux Det=4460	O+H=7577	 DONE
15/10/2025 12:34:27:	MOVE MOTOR REL	S18.axis2.phaseshifter 2	deg	0.07	FALSE DONE
15/10/2025 12:34:30:	19	count	time	15.0s/cts	O Det=2134	H Det=974	Mon Det=35451	Aux Det=4587	O+H=7695	 DONE
15/10/2025 12:34:47:	MOVE MOTOR REL	S18.axis2.phaseshifter 2	deg	0.07	FALSE DONE
15/10/2025 12:34:50:	20	count	time	15.0s/cts	O Det=2011	H Det=1048	Mon Det=35669	Aux Det=4652	O+H=7711	 DONE
15/10/2025 12:35:07:	MOVE MOTOR REL	S18.axis2.phaseshifter 2	deg	0.07	FALSE DONE
15/10/2025 12:35:11:	21	count	time	15.0s/cts	O Det=1803	H Det=1265	Mon Det=35608	Aux Det=4556	O+H=7624	 DONE
15/10/2025 12:35:27:	MOVE MOTOR REL	S18.axis2.phaseshifter 2	deg	0.07	FALSE DONE
15/10/2025 12:35:31:	22	count	time	15.0s/cts	O Det=1447	H Det=1539	Mon Det=35817	Aux Det=4578	O+H=7564	 DONE
15/10/2025 12:35:48:	MOVE MOTOR REL	S18.axis2.phaseshifter 2	deg	0.07	FALSE DONE
15/10/2025 12:35:51:	23	count	time	15.0s/cts	O Det=1068	H Det=1781	Mon Det=35868	Aux Det=4525	O+H=7374	 DONE
15/10/2025 12:36:08:	MOVE MOTOR REL	S18.axis2.phaseshifter 2	deg	0.07	FALSE DONE
15/10/2025 12:36:11:	24	count	time	15.0s/cts	O Det=804	H Det=2083	Mon Det=35551	Aux Det=4576	O+H=7463	 DONE
15/10/2025 12:36:28:	MOVE MOTOR REL	S18.axis2.phaseshifter 2	deg	0.07	FALSE DONE
15/10/2025 12:36:31:	25	count	time	15.0s/cts	O Det=571	H Det=2422	Mon Det=35612	Aux Det=4597	O+H=7590	 DONE
15/10/2025 12:36:48:	MOVE MOTOR REL	S18.axis2.phaseshifter 2	deg	0.07	FALSE DONE
15/10/2025 12:36:52:	26	count	time	15.0s/cts	O Det=415	H Det=2465	Mon Det=35653	Aux Det=4578	O+H=7458	 DONE
15/10/2025 12:37:09:	MOVE MOTOR REL	S18.axis2.phaseshifter 2	deg	0.07	FALSE DONE
15/10/2025 12:37:12:	27	count	time	15.0s/cts	O Det=426	H Det=2454	Mon Det=35424	Aux Det=4484	O+H=7364	 DONE
15/10/2025 12:37:29:	MOVE MOTOR REL	S18.axis2.phaseshifter 2	deg	0.07	FALSE DONE
15/10/2025 12:37:32:	28	count	time	15.0s/cts	O Det=546	H Det=2268	Mon Det=35753	Aux Det=4574	O+H=7388	 DONE
15/10/2025 12:37:49:	MOVE MOTOR REL	S18.axis2.phaseshifter 2	deg	0.07	FALSE DONE
15/10/2025 12:37:52:	29	count	time	15.0s/cts	O Det=744	H Det=2145	Mon Det=36033	Aux Det=4472	O+H=7361	 DONE
15/10/2025 12:38:09:	MOVE MOTOR REL	S18.axis2.phaseshifter 2	deg	0.07	FALSE DONE
15/10/2025 12:38:13:	30	count	time	15.0s/cts	O Det=982	H Det=1902	Mon Det=35740	Aux Det=4613	O+H=7497	 DONE
15/10/2025 12:38:29:	NO ACTION	 DONE
15/10/2025 12:38:30:	close file and end scan	 DONE
call of ifg2r_newPS_2p30s.sc DONE
call of ifg2R_newPS_2p30s_p180.sc DONE
15/10/2025 12:38:31:	move motor	S18.auxiliary.Robot Z to 207413.00000um	reached 207412.00000  DONE
call of robot_Zout_doubleCd.sc DONE
15/10/2025 12:38:34:	move motor	S18.auxiliary.Robot rot big to 90.00000deg	reached 90.00000  DONE
15/10/2025 12:38:37:	move motor	S18.auxiliary.Robot Diagonal to 26000.00000um	reached 25999.79402  DONE
15/10/2025 12:39:01:	move motor	S18.auxiliary.Robot Z to 207413.00000um	reached 207412.00000  DONE
call of robot_Zout_doubleCd.sc DONE
15/10/2025 12:39:04:	move motor	S18.auxiliary.Robot rot big to 90.00000deg	reached 90.00000  DONE
15/10/2025 12:39:06:	move motor	S18.auxiliary.Robot Z to 292012.00000um	reached 292012.00000  DONE
call of robot_Zin_doubleCd.sc DONE
call of Block_path13_doubleCd.sc DONE
15/10/2025 12:39:14:	move motor	S18.auxiliary.Robot Diagonal to 25999.900000um	 DONE
15/10/2025 12:39:20:	create file	D:\data\Cycle 198\exp_3-16-19\rawdata\sc\ifg_wv1_psi_+1-1-i_15Oct1239.dat	 DONE
room to enter remarks DONE
15/10/2025 12:39:21:	move motor	S18.auxiliary.Robot Diagonal to 26000.000000um	 DONE
15/10/2025 12:39:27:	1	count	time	60.000000s/cts	O Det=1736	H Det=1774	Mon Det=142990	Aux Det=5856	O+H=9366	 DONE
15/10/2025 12:40:29:	move motor	S18.auxiliary.Robot Diagonal to 48000.000000um	 DONE
15/10/2025 12:40:44:	2	count	time	60.000000s/cts	O Det=1788	H Det=3121	Mon Det=143275	Aux Det=28	O+H=4937	 DONE
15/10/2025 12:41:45:	move motor	S18.auxiliary.Robot Diagonal to 70000.000000um	 DONE
15/10/2025 12:42:00:	3	count	time	60.000000s/cts	O Det=1805	H Det=1749	Mon Det=142966	Aux Det=11965	O+H=15519	 DONE
15/10/2025 12:43:02:	close file and end scan	 DONE
15/10/2025 12:43:02:	move motor	S18.auxiliary.Robot Z to 207413.00000um	reached 207403.00000  DONE
call of robot_Zout_doubleCd.sc DONE
call of int_meas_path213.sc DONE
15/10/2025 12:43:10:	END OF SCRIPT	 DONE
