20/10/2025 14:09:02:	start execution of script D:\data\Cycle 198\exp_3-16-19\rawdata\sc\ifg_wv2_psi_+1-1-i.sc	 DONE
20/10/2025 14:09:03:	create file	D:\data\Cycle 198\exp_3-16-19\rawdata\sc\ifg_wv2_psi_+1-1-i_20Oct1409.dat	 DONE
room to enter remarks DONE
20/10/2025 14:09:04:	MOVE MOTOR REL	S18.axis2.phaseshifter both	deg	0.0	FALSE DONE
20/10/2025 14:09:08:	1	count	time	15.0s/cts	O Det=556	H Det=2226	Mon Det=35834	Aux Det=4175	O+H=6957	 DONE
20/10/2025 14:09:24:	MOVE MOTOR REL	S18.axis2.phaseshifter both	deg	0.07	FALSE DONE
20/10/2025 14:09:29:	2	count	time	15.0s/cts	O Det=872	H Det=2376	Mon Det=36261	Aux Det=3551	O+H=6799	 DONE
20/10/2025 14:09:46:	MOVE MOTOR REL	S18.axis2.phaseshifter both	deg	0.07	FALSE DONE
20/10/2025 14:09:50:	3	count	time	15.0s/cts	O Det=1180	H Det=2387	Mon Det=35998	Aux Det=2836	O+H=6403	 DONE
20/10/2025 14:10:07:	MOVE MOTOR REL	S18.axis2.phaseshifter both	deg	0.07	FALSE DONE
20/10/2025 14:10:11:	4	count	time	15.0s/cts	O Det=1391	H Det=2332	Mon Det=36670	Aux Det=2534	O+H=6257	 DONE
20/10/2025 14:10:28:	MOVE MOTOR REL	S18.axis2.phaseshifter both	deg	0.07	FALSE DONE
20/10/2025 14:10:33:	5	count	time	15.0s/cts	O Det=1764	H Det=2142	Mon Det=36094	Aux Det=2399	O+H=6305	 DONE
20/10/2025 14:10:49:	MOVE MOTOR REL	S18.axis2.phaseshifter both	deg	0.07	FALSE DONE
20/10/2025 14:10:54:	6	count	time	15.0s/cts	O Det=2046	H Det=1902	Mon Det=36094	Aux Det=2422	O+H=6370	 DONE
20/10/2025 14:11:10:	MOVE MOTOR REL	S18.axis2.phaseshifter both	deg	0.07	FALSE DONE
20/10/2025 14:11:15:	7	count	time	15.0s/cts	O Det=1950	H Det=1640	Mon Det=36111	Aux Det=2997	O+H=6587	 DONE
20/10/2025 14:11:32:	MOVE MOTOR REL	S18.axis2.phaseshifter both	deg	0.07	FALSE DONE
20/10/2025 14:11:36:	8	count	time	15.0s/cts	O Det=2009	H Det=1366	Mon Det=36319	Aux Det=3713	O+H=7088	 DONE
20/10/2025 14:11:53:	MOVE MOTOR REL	S18.axis2.phaseshifter both	deg	0.07	FALSE DONE
20/10/2025 14:11:58:	9	count	time	15.0s/cts	O Det=1768	H Det=1078	Mon Det=36447	Aux Det=4395	O+H=7241	 DONE
20/10/2025 14:12:14:	MOVE MOTOR REL	S18.axis2.phaseshifter both	deg	0.07	FALSE DONE
20/10/2025 14:12:19:	10	count	time	15.0s/cts	O Det=1476	H Det=928	Mon Det=36199	Aux Det=5016	O+H=7420	 DONE
20/10/2025 14:12:36:	MOVE MOTOR REL	S18.axis2.phaseshifter both	deg	0.07	FALSE DONE
20/10/2025 14:12:40:	11	count	time	15.0s/cts	O Det=1153	H Det=912	Mon Det=36004	Aux Det=5499	O+H=7564	 DONE
20/10/2025 14:12:57:	MOVE MOTOR REL	S18.axis2.phaseshifter both	deg	0.07	FALSE DONE
20/10/2025 14:13:01:	12	count	time	15.0s/cts	O Det=928	H Det=973	Mon Det=36310	Aux Det=5890	O+H=7791	 DONE
20/10/2025 14:13:18:	MOVE MOTOR REL	S18.axis2.phaseshifter both	deg	0.07	FALSE DONE
20/10/2025 14:13:23:	13	count	time	15.0s/cts	O Det=645	H Det=1245	Mon Det=36645	Aux Det=6092	O+H=7982	 DONE
20/10/2025 14:13:39:	MOVE MOTOR REL	S18.axis2.phaseshifter both	deg	0.07	FALSE DONE
20/10/2025 14:13:44:	14	count	time	15.0s/cts	O Det=456	H Det=1439	Mon Det=36133	Aux Det=5986	O+H=7881	 DONE
20/10/2025 14:14:00:	MOVE MOTOR REL	S18.axis2.phaseshifter both	deg	0.07	FALSE DONE
20/10/2025 14:14:05:	15	count	time	15.0s/cts	O Det=389	H Det=1705	Mon Det=36142	Aux Det=5414	O+H=7508	 DONE
20/10/2025 14:14:22:	MOVE MOTOR REL	S18.axis2.phaseshifter both	deg	0.07	FALSE DONE
20/10/2025 14:14:26:	16	count	time	15.0s/cts	O Det=531	H Det=1937	Mon Det=36442	Aux Det=4842	O+H=7310	 DONE
20/10/2025 14:14:43:	MOVE MOTOR REL	S18.axis2.phaseshifter both	deg	0.07	FALSE DONE
20/10/2025 14:14:47:	17	count	time	15.0s/cts	O Det=788	H Det=2038	Mon Det=36419	Aux Det=4253	O+H=7079	 DONE
20/10/2025 14:15:04:	MOVE MOTOR REL	S18.axis2.phaseshifter both	deg	0.07	FALSE DONE
20/10/2025 14:15:09:	18	count	time	15.0s/cts	O Det=1077	H Det=2137	Mon Det=36306	Aux Det=3486	O+H=6700	 DONE
20/10/2025 14:15:25:	MOVE MOTOR REL	S18.axis2.phaseshifter both	deg	0.07	FALSE DONE
20/10/2025 14:15:30:	19	count	time	15.0s/cts	O Det=1575	H Det=2033	Mon Det=36394	Aux Det=2972	O+H=6580	 DONE
20/10/2025 14:15:46:	MOVE MOTOR REL	S18.axis2.phaseshifter both	deg	0.07	FALSE DONE
20/10/2025 14:15:51:	20	count	time	15.0s/cts	O Det=2018	H Det=1810	Mon Det=36255	Aux Det=2473	O+H=6301	 DONE
20/10/2025 14:16:08:	MOVE MOTOR REL	S18.axis2.phaseshifter both	deg	0.07	FALSE DONE
20/10/2025 14:16:12:	21	count	time	15.0s/cts	O Det=2222	H Det=1688	Mon Det=36258	Aux Det=2389	O+H=6299	 DONE
20/10/2025 14:16:29:	MOVE MOTOR REL	S18.axis2.phaseshifter both	deg	0.07	FALSE DONE
20/10/2025 14:16:33:	22	count	time	15.0s/cts	O Det=2428	H Det=1512	Mon Det=36433	Aux Det=2485	O+H=6425	 DONE
20/10/2025 14:16:50:	MOVE MOTOR REL	S18.axis2.phaseshifter both	deg	0.07	FALSE DONE
20/10/2025 14:16:55:	23	count	time	15.0s/cts	O Det=2346	H Det=1353	Mon Det=36489	Aux Det=2995	O+H=6694	 DONE
20/10/2025 14:17:11:	MOVE MOTOR REL	S18.axis2.phaseshifter both	deg	0.07	FALSE DONE
20/10/2025 14:17:16:	24	count	time	15.0s/cts	O Det=2227	H Det=1064	Mon Det=36028	Aux Det=3740	O+H=7031	 DONE
20/10/2025 14:17:32:	MOVE MOTOR REL	S18.axis2.phaseshifter both	deg	0.07	FALSE DONE
20/10/2025 14:17:37:	25	count	time	15.0s/cts	O Det=1972	H Det=906	Mon Det=36243	Aux Det=4428	O+H=7306	 DONE
20/10/2025 14:17:54:	MOVE MOTOR REL	S18.axis2.phaseshifter both	deg	0.07	FALSE DONE
20/10/2025 14:17:58:	26	count	time	15.0s/cts	O Det=1521	H Det=852	Mon Det=36326	Aux Det=4991	O+H=7364	 DONE
20/10/2025 14:18:15:	MOVE MOTOR REL	S18.axis2.phaseshifter both	deg	0.07	FALSE DONE
20/10/2025 14:18:20:	27	count	time	15.0s/cts	O Det=1088	H Det=904	Mon Det=36325	Aux Det=5538	O+H=7530	 DONE
20/10/2025 14:18:36:	MOVE MOTOR REL	S18.axis2.phaseshifter both	deg	0.07	FALSE DONE
20/10/2025 14:18:41:	28	count	time	15.0s/cts	O Det=827	H Det=1046	Mon Det=36246	Aux Det=5840	O+H=7713	 DONE
20/10/2025 14:18:57:	MOVE MOTOR REL	S18.axis2.phaseshifter both	deg	0.07	FALSE DONE
20/10/2025 14:19:02:	29	count	time	15.0s/cts	O Det=620	H Det=1283	Mon Det=35800	Aux Det=5772	O+H=7675	 DONE
20/10/2025 14:19:19:	MOVE MOTOR REL	S18.axis2.phaseshifter both	deg	0.07	FALSE DONE
20/10/2025 14:19:23:	30	count	time	15.0s/cts	O Det=429	H Det=1472	Mon Det=36195	Aux Det=5721	O+H=7622	 DONE
20/10/2025 14:19:40:	MOVE MOTOR REL	S18.axis2.phaseshifter both	deg	0.07	FALSE DONE
20/10/2025 14:19:44:	31	count	time	15.0s/cts	O Det=433	H Det=1711	Mon Det=35990	Aux Det=5329	O+H=7473	 DONE
20/10/2025 14:20:01:	MOVE MOTOR REL	S18.axis2.phaseshifter both	deg	0.07	FALSE DONE
20/10/2025 14:20:06:	32	count	time	15.0s/cts	O Det=585	H Det=1926	Mon Det=36032	Aux Det=4702	O+H=7213	 DONE
20/10/2025 14:20:22:	NO ACTION	 DONE
20/10/2025 14:20:23:	close file and end scan	 DONE
call of ifg12r_newPS_2p30s_AP.sc DONE
20/10/2025 14:20:24:	move motor	S18.axis2.phaseshifter both to fit O COS-225	-2.379634reached -2.38403  DONE
call of ifg12R_newPS_2p30s_0_+1-1-i_wv2.sc DONE
20/10/2025 14:20:30:	create file	D:\data\Cycle 198\exp_3-16-19\rawdata\sc\ifg_wv2_psi_+1-1-i_20Oct1420.dat	 DONE
room to enter remarks DONE
20/10/2025 14:20:31:	MOVE MOTOR REL	S18.axis2.phaseshifter both	deg	0.0	FALSE DONE
20/10/2025 14:20:35:	1	count	time	15.0s/cts	O Det=606	H Det=1263	Mon Det=36009	Aux Det=6016	O+H=7885	 DONE
20/10/2025 14:20:52:	MOVE MOTOR REL	S18.axis2.phaseshifter both	deg	0.07	FALSE DONE
20/10/2025 14:20:56:	2	count	time	15.0s/cts	O Det=447	H Det=1464	Mon Det=36000	Aux Det=5684	O+H=7595	 DONE
20/10/2025 14:21:13:	MOVE MOTOR REL	S18.axis2.phaseshifter both	deg	0.07	FALSE DONE
20/10/2025 14:21:18:	3	count	time	15.0s/cts	O Det=404	H Det=1774	Mon Det=36164	Aux Det=5340	O+H=7518	 DONE
20/10/2025 14:21:34:	MOVE MOTOR REL	S18.axis2.phaseshifter both	deg	0.07	FALSE DONE
20/10/2025 14:21:39:	4	count	time	15.0s/cts	O Det=553	H Det=1993	Mon Det=36156	Aux Det=4604	O+H=7150	 DONE
20/10/2025 14:21:55:	MOVE MOTOR REL	S18.axis2.phaseshifter both	deg	0.07	FALSE DONE
20/10/2025 14:22:00:	5	count	time	15.0s/cts	O Det=830	H Det=2108	Mon Det=35982	Aux Det=3957	O+H=6895	 DONE
20/10/2025 14:22:17:	MOVE MOTOR REL	S18.axis2.phaseshifter both	deg	0.07	FALSE DONE
20/10/2025 14:22:21:	6	count	time	15.0s/cts	O Det=1165	H Det=2256	Mon Det=35883	Aux Det=3223	O+H=6644	 DONE
20/10/2025 14:22:38:	MOVE MOTOR REL	S18.axis2.phaseshifter both	deg	0.07	FALSE DONE
20/10/2025 14:22:42:	7	count	time	15.0s/cts	O Det=1466	H Det=2176	Mon Det=36267	Aux Det=2728	O+H=6370	 DONE
20/10/2025 14:22:59:	MOVE MOTOR REL	S18.axis2.phaseshifter both	deg	0.07	FALSE DONE
20/10/2025 14:23:04:	8	count	time	15.0s/cts	O Det=1865	H Det=2052	Mon Det=36223	Aux Det=2496	O+H=6413	 DONE
20/10/2025 14:23:20:	MOVE MOTOR REL	S18.axis2.phaseshifter both	deg	0.07	FALSE DONE
20/10/2025 14:23:25:	9	count	time	15.0s/cts	O Det=2117	H Det=1903	Mon Det=36181	Aux Det=2434	O+H=6454	 DONE
20/10/2025 14:23:41:	MOVE MOTOR REL	S18.axis2.phaseshifter both	deg	0.07	FALSESTOPPED BY USER	