14/10/2025 17:35:20:	start execution of script D:\data\Cycle 198\exp_3-16-19\rawdata\sc\ifg_wv2_psi_+1+1+1.sc	 DONE
14/10/2025 17:35:20:	create file	D:\data\Cycle 198\exp_3-16-19\rawdata\sc\ifg_wv2_psi_+1+1+1_14Oct1735.dat	 DONE
room to enter remarks DONE
14/10/2025 17:35:21:	MOVE MOTOR REL	S18.axis2.phaseshifter both	deg	0.0	FALSE DONE
14/10/2025 17:35:25:	1	count	time	15.0s/cts	O Det=3217	H Det=1092	Mon Det=36007	Aux Det=2607	O+H=6916	 DONE
14/10/2025 17:35:42:	MOVE MOTOR REL	S18.axis2.phaseshifter both	deg	0.07	FALSE DONE
14/10/2025 17:35:46:	2	count	time	15.0s/cts	O Det=3080	H Det=1123	Mon Det=36129	Aux Det=2552	O+H=6755	 DONE
14/10/2025 17:36:03:	MOVE MOTOR REL	S18.axis2.phaseshifter both	deg	0.07	FALSE DONE
14/10/2025 17:36:08:	3	count	time	15.0s/cts	O Det=2756	H Det=1160	Mon Det=35671	Aux Det=3238	O+H=7154	 DONE
14/10/2025 17:36:24:	MOVE MOTOR REL	S18.axis2.phaseshifter both	deg	0.07	FALSE DONE
14/10/2025 17:36:29:	4	count	time	15.0s/cts	O Det=2350	H Det=1276	Mon Det=36212	Aux Det=3792	O+H=7418	 DONE
14/10/2025 17:36:45:	MOVE MOTOR REL	S18.axis2.phaseshifter both	deg	0.07	FALSE DONE
14/10/2025 17:36:50:	5	count	time	15.0s/cts	O Det=1977	H Det=1142	Mon Det=36211	Aux Det=4578	O+H=7697	 DONE
14/10/2025 17:37:07:	MOVE MOTOR REL	S18.axis2.phaseshifter both	deg	0.07	FALSE DONE
14/10/2025 17:37:11:	6	count	time	15.0s/cts	O Det=1504	H Det=1110	Mon Det=35873	Aux Det=5301	O+H=7915	 DONE
14/10/2025 17:37:28:	MOVE MOTOR REL	S18.axis2.phaseshifter both	deg	0.07	FALSE DONE
14/10/2025 17:37:32:	7	count	time	15.0s/cts	O Det=1139	H Det=1118	Mon Det=36054	Aux Det=5942	O+H=8199	 DONE
14/10/2025 17:37:49:	MOVE MOTOR REL	S18.axis2.phaseshifter both	deg	0.07	FALSE DONE
14/10/2025 17:37:54:	8	count	time	15.0s/cts	O Det=925	H Det=1132	Mon Det=36197	Aux Det=6437	O+H=8494	 DONE
14/10/2025 17:38:10:	MOVE MOTOR REL	S18.axis2.phaseshifter both	deg	0.07	FALSE DONE
14/10/2025 17:38:15:	9	count	time	15.0s/cts	O Det=850	H Det=1129	Mon Det=35893	Aux Det=6339	O+H=8318	 DONE
14/10/2025 17:38:31:	MOVE MOTOR REL	S18.axis2.phaseshifter both	deg	0.07	FALSE DONE
14/10/2025 17:38:36:	10	count	time	15.0s/cts	O Det=1021	H Det=1086	Mon Det=35585	Aux Det=6188	O+H=8295	 DONE
14/10/2025 17:38:53:	MOVE MOTOR REL	S18.axis2.phaseshifter both	deg	0.07	FALSE DONE
14/10/2025 17:38:57:	11	count	time	15.0s/cts	O Det=1295	H Det=1041	Mon Det=36179	Aux Det=5876	O+H=8212	 DONE
14/10/2025 17:39:14:	MOVE MOTOR REL	S18.axis2.phaseshifter both	deg	0.07	FALSE DONE
14/10/2025 17:39:18:	12	count	time	15.0s/cts	O Det=1834	H Det=1048	Mon Det=36178	Aux Det=5047	O+H=7929	 DONE
14/10/2025 17:39:35:	MOVE MOTOR REL	S18.axis2.phaseshifter both	deg	0.07	FALSE DONE
14/10/2025 17:39:40:	13	count	time	15.0s/cts	O Det=2268	H Det=1036	Mon Det=36073	Aux Det=4352	O+H=7656	 DONE
14/10/2025 17:39:56:	MOVE MOTOR REL	S18.axis2.phaseshifter both	deg	0.07	FALSE DONE
14/10/2025 17:40:01:	14	count	time	15.0s/cts	O Det=2766	H Det=995	Mon Det=35595	Aux Det=3734	O+H=7495	 DONE
14/10/2025 17:40:17:	MOVE MOTOR REL	S18.axis2.phaseshifter both	deg	0.07	FALSE DONE
14/10/2025 17:40:22:	15	count	time	15.0s/cts	O Det=2909	H Det=1038	Mon Det=36000	Aux Det=3095	O+H=7042	 DONE
14/10/2025 17:40:39:	MOVE MOTOR REL	S18.axis2.phaseshifter both	deg	0.07	FALSE DONE
14/10/2025 17:40:43:	16	count	time	15.0s/cts	O Det=3280	H Det=1125	Mon Det=35886	Aux Det=2632	O+H=7037	 DONE
14/10/2025 17:41:00:	MOVE MOTOR REL	S18.axis2.phaseshifter both	deg	0.07	FALSE DONE
14/10/2025 17:41:04:	17	count	time	15.0s/cts	O Det=3267	H Det=1200	Mon Det=35634	Aux Det=2617	O+H=7084	 DONE
14/10/2025 17:41:21:	MOVE MOTOR REL	S18.axis2.phaseshifter both	deg	0.07	FALSE DONE
14/10/2025 17:41:26:	18	count	time	15.0s/cts	O Det=2955	H Det=1266	Mon Det=35774	Aux Det=2819	O+H=7040	 DONE
14/10/2025 17:41:42:	MOVE MOTOR REL	S18.axis2.phaseshifter both	deg	0.07	FALSE DONE
14/10/2025 17:41:47:	19	count	time	15.0s/cts	O Det=2736	H Det=1276	Mon Det=35768	Aux Det=3089	O+H=7101	 DONE
14/10/2025 17:42:04:	MOVE MOTOR REL	S18.axis2.phaseshifter both	deg	0.07	FALSE DONE
14/10/2025 17:42:08:	20	count	time	15.0s/cts	O Det=2298	H Det=1325	Mon Det=35640	Aux Det=3745	O+H=7368	 DONE
14/10/2025 17:42:25:	MOVE MOTOR REL	S18.axis2.phaseshifter both	deg	0.07	FALSE DONE
14/10/2025 17:42:29:	21	count	time	15.0s/cts	O Det=1850	H Det=1314	Mon Det=36165	Aux Det=4443	O+H=7607	 DONE
14/10/2025 17:42:46:	MOVE MOTOR REL	S18.axis2.phaseshifter both	deg	0.07	FALSE DONE
14/10/2025 17:42:51:	22	count	time	15.0s/cts	O Det=1520	H Det=1176	Mon Det=35949	Aux Det=5174	O+H=7870	 DONE
14/10/2025 17:43:07:	MOVE MOTOR REL	S18.axis2.phaseshifter both	deg	0.07	FALSE DONE
14/10/2025 17:43:12:	23	count	time	15.0s/cts	O Det=1178	H Det=1210	Mon Det=35878	Aux Det=5791	O+H=8179	 DONE
14/10/2025 17:43:28:	MOVE MOTOR REL	S18.axis2.phaseshifter both	deg	0.07	FALSE DONE
14/10/2025 17:43:33:	24	count	time	15.0s/cts	O Det=842	H Det=1242	Mon Det=35636	Aux Det=6267	O+H=8351	 DONE
14/10/2025 17:43:50:	MOVE MOTOR REL	S18.axis2.phaseshifter both	deg	0.07	FALSE DONE
14/10/2025 17:43:54:	25	count	time	15.0s/cts	O Det=844	H Det=1104	Mon Det=35584	Aux Det=6482	O+H=8430	 DONE
14/10/2025 17:44:11:	MOVE MOTOR REL	S18.axis2.phaseshifter both	deg	0.07	FALSE DONE
14/10/2025 17:44:15:	26	count	time	15.0s/cts	O Det=950	H Det=1064	Mon Det=35731	Aux Det=6299	O+H=8313	 DONE
14/10/2025 17:44:32:	MOVE MOTOR REL	S18.axis2.phaseshifter both	deg	0.07	FALSE DONE
14/10/2025 17:44:37:	27	count	time	15.0s/cts	O Det=1176	H Det=1036	Mon Det=35913	Aux Det=6171	O+H=8383	 DONE
14/10/2025 17:44:53:	MOVE MOTOR REL	S18.axis2.phaseshifter both	deg	0.07	FALSE DONE
14/10/2025 17:44:58:	28	count	time	15.0s/cts	O Det=1628	H Det=944	Mon Det=35685	Aux Det=5588	O+H=8160	 DONE
14/10/2025 17:45:14:	MOVE MOTOR REL	S18.axis2.phaseshifter both	deg	0.07	FALSE DONE
14/10/2025 17:45:19:	29	count	time	15.0s/cts	O Det=2064	H Det=929	Mon Det=36014	Aux Det=4988	O+H=7981	 DONE
14/10/2025 17:45:36:	MOVE MOTOR REL	S18.axis2.phaseshifter both	deg	0.07	FALSE DONE
14/10/2025 17:45:40:	30	count	time	15.0s/cts	O Det=2641	H Det=929	Mon Det=35798	Aux Det=4133	O+H=7703	 DONE
14/10/2025 17:45:57:	NO ACTION	 DONE
14/10/2025 17:45:57:	close file and end scan	 DONE
call of ifg12r_newPS_2p30s_AP.sc DONE
14/10/2025 17:45:58:	move motor	S18.axis2.phaseshifter both to fit O COS-90	-0.437991reached -0.43945  DONE
call of ifg12R_newPS_2p30s_0.sc DONE
14/10/2025 17:46:04:	create file	D:\data\Cycle 198\exp_3-16-19\rawdata\sc\ifg_wv2_psi_+1+1+1_14Oct1746.dat	 DONE
room to enter remarks DONE
14/10/2025 17:46:05:	MOVE MOTOR REL	S18.axis2.phaseshifter both	deg	0.0	FALSE DONE
14/10/2025 17:46:09:	1	count	time	15.0s/cts	O Det=2189	H Det=878	Mon Det=35828	Aux Det=4659	O+H=7726	 DONE
14/10/2025 17:46:26:	MOVE MOTOR REL	S18.axis2.phaseshifter both	deg	0.07	FALSE DONE
14/10/2025 17:46:30:	2	count	time	15.0s/cts	O Det=2559	H Det=942	Mon Det=35965	Aux Det=3987	O+H=7488	 DONE
14/10/2025 17:46:47:	MOVE MOTOR REL	S18.axis2.phaseshifter both	deg	0.07	FALSE DONE
14/10/2025 17:46:51:	3	count	time	15.0s/cts	O Det=2968	H Det=1022	Mon Det=35957	Aux Det=3345	O+H=7335	 DONE
14/10/2025 17:47:08:	MOVE MOTOR REL	S18.axis2.phaseshifter both	deg	0.07	FALSE DONE
14/10/2025 17:47:13:	4	count	time	15.0s/cts	O Det=3114	H Det=1185	Mon Det=36030	Aux Det=2721	O+H=7020	 DONE
14/10/2025 17:47:29:	MOVE MOTOR REL	S18.axis2.phaseshifter both	deg	0.07	FALSE DONE
14/10/2025 17:47:34:	5	count	time	15.0s/cts	O Det=3219	H Det=1262	Mon Det=35438	Aux Det=2588	O+H=7069	 DONE
14/10/2025 17:47:50:	MOVE MOTOR REL	S18.axis2.phaseshifter both	deg	0.07	FALSE DONE
14/10/2025 17:47:55:	6	count	time	15.0s/cts	O Det=2906	H Det=1379	Mon Det=35661	Aux Det=2633	O+H=6918	 DONE
14/10/2025 17:48:12:	MOVE MOTOR REL	S18.axis2.phaseshifter both	deg	0.07	FALSE DONE
14/10/2025 17:48:16:	7	count	time	15.0s/cts	O Det=2789	H Det=1356	Mon Det=35747	Aux Det=2919	O+H=7064	 DONE
14/10/2025 17:48:33:	MOVE MOTOR REL	S18.axis2.phaseshifter both	deg	0.07	FALSE DONE
14/10/2025 17:48:37:	8	count	time	15.0s/cts	O Det=2340	H Det=1380	Mon Det=35965	Aux Det=3552	O+H=7272	 DONE
14/10/2025 17:48:54:	MOVE MOTOR REL	S18.axis2.phaseshifter both	deg	0.07	FALSE DONE
14/10/2025 17:48:59:	9	count	time	15.0s/cts	O Det=1891	H Det=1297	Mon Det=35891	Aux Det=4263	O+H=7451	 DONE
14/10/2025 17:49:15:	MOVE MOTOR REL	S18.axis2.phaseshifter both	deg	0.07	FALSE DONE
14/10/2025 17:49:20:	10	count	time	15.0s/cts	O Det=1454	H Det=1371	Mon Det=35728	Aux Det=5187	O+H=8012	 DONE
14/10/2025 17:49:36:	MOVE MOTOR REL	S18.axis2.phaseshifter both	deg	0.07	FALSE DONE
14/10/2025 17:49:41:	11	count	time	15.0s/cts	O Det=1064	H Det=1243	Mon Det=35865	Aux Det=5813	O+H=8120	 DONE
14/10/2025 17:49:58:	MOVE MOTOR REL	S18.axis2.phaseshifter both	deg	0.07	FALSE DONE
14/10/2025 17:50:02:	12	count	time	15.0s/cts	O Det=862	H Det=1191	Mon Det=35845	Aux Det=6286	O+H=8339	 DONE
14/10/2025 17:50:19:	MOVE MOTOR REL	S18.axis2.phaseshifter both	deg	0.07	FALSE DONE
14/10/2025 17:50:23:	13	count	time	15.0s/cts	O Det=854	H Det=1113	Mon Det=35681	Aux Det=6411	O+H=8378	 DONE
14/10/2025 17:50:40:	MOVE MOTOR REL	S18.axis2.phaseshifter both	deg	0.07	FALSE DONE
14/10/2025 17:50:45:	14	count	time	15.0s/cts	O Det=1023	H Det=1054	Mon Det=35850	Aux Det=6308	O+H=8385	 DONE
14/10/2025 17:51:01:	MOVE MOTOR REL	S18.axis2.phaseshifter both	deg	0.07	FALSE DONE
14/10/2025 17:51:06:	15	count	time	15.0s/cts	O Det=1393	H Det=920	Mon Det=36006	Aux Det=5706	O+H=8019	 DONE
14/10/2025 17:51:22:	MOVE MOTOR REL	S18.axis2.phaseshifter both	deg	0.07	FALSE DONE
14/10/2025 17:51:27:	16	count	time	15.0s/cts	O Det=1841	H Det=872	Mon Det=35621	Aux Det=5310	O+H=8023	 DONE
14/10/2025 17:51:44:	MOVE MOTOR REL	S18.axis2.phaseshifter both	deg	0.07	FALSE DONE
14/10/2025 17:51:48:	17	count	time	15.0s/cts	O Det=2254	H Det=908	Mon Det=35547	Aux Det=4652	O+H=7814	 DONE
14/10/2025 17:52:05:	MOVE MOTOR REL	S18.axis2.phaseshifter both	deg	0.07	FALSE DONE
14/10/2025 17:52:09:	18	count	time	15.0s/cts	O Det=2639	H Det=979	Mon Det=35643	Aux Det=3832	O+H=7450	 DONE
14/10/2025 17:52:26:	MOVE MOTOR REL	S18.axis2.phaseshifter both	deg	0.07	FALSE DONE
14/10/2025 17:52:31:	19	count	time	15.0s/cts	O Det=3012	H Det=1002	Mon Det=35341	Aux Det=3071	O+H=7085	 DONE
14/10/2025 17:52:47:	MOVE MOTOR REL	S18.axis2.phaseshifter both	deg	0.07	FALSE DONE
14/10/2025 17:52:52:	20	count	time	15.0s/cts	O Det=3105	H Det=1168	Mon Det=35467	Aux Det=2629	O+H=6902	 DONE
14/10/2025 17:53:08:	MOVE MOTOR REL	S18.axis2.phaseshifter both	deg	0.07	FALSE DONE
14/10/2025 17:53:13:	21	count	time	15.0s/cts	O Det=3040	H Det=1333	Mon Det=35584	Aux Det=2546	O+H=6919	 DONE
14/10/2025 17:53:30:	MOVE MOTOR REL	S18.axis2.phaseshifter both	deg	0.07	FALSE DONE
14/10/2025 17:53:34:	22	count	time	15.0s/cts	O Det=2854	H Det=1437	Mon Det=35995	Aux Det=2589	O+H=6880	 DONE
14/10/2025 17:53:51:	MOVE MOTOR REL	S18.axis2.phaseshifter both	deg	0.07	FALSE DONE
14/10/2025 17:53:55:	23	count	time	15.0s/cts	O Det=2564	H Det=1562	Mon Det=36159	Aux Det=2954	O+H=7080	 DONE
14/10/2025 17:54:12:	MOVE MOTOR REL	S18.axis2.phaseshifter both	deg	0.07	FALSE DONE
14/10/2025 17:54:17:	24	count	time	15.0s/cts	O Det=2058	H Det=1661	Mon Det=35663	Aux Det=3512	O+H=7231	 DONE
14/10/2025 17:54:33:	MOVE MOTOR REL	S18.axis2.phaseshifter both	deg	0.07	FALSE DONE
14/10/2025 17:54:38:	25	count	time	15.0s/cts	O Det=1539	H Det=1751	Mon Det=35852	Aux Det=4227	O+H=7517	 DONE
14/10/2025 17:54:54:	MOVE MOTOR REL	S18.axis2.phaseshifter both	deg	0.07	FALSE DONE
14/10/2025 17:54:59:	26	count	time	15.0s/cts	O Det=1160	H Det=1590	Mon Det=36037	Aux Det=4835	O+H=7585	 DONE
14/10/2025 17:55:16:	MOVE MOTOR REL	S18.axis2.phaseshifter both	deg	0.07	FALSE DONE
14/10/2025 17:55:20:	27	count	time	15.0s/cts	O Det=892	H Det=1546	Mon Det=35878	Aux Det=5696	O+H=8134	 DONE
14/10/2025 17:55:37:	MOVE MOTOR REL	S18.axis2.phaseshifter both	deg	0.07	FALSE DONE
14/10/2025 17:55:41:	28	count	time	15.0s/cts	O Det=774	H Det=1406	Mon Det=36006	Aux Det=6061	O+H=8241	 DONE
14/10/2025 17:55:58:	MOVE MOTOR REL	S18.axis2.phaseshifter both	deg	0.07	FALSE DONE
14/10/2025 17:56:03:	29	count	time	15.0s/cts	O Det=780	H Det=1195	Mon Det=36184	Aux Det=6244	O+H=8219	 DONE
14/10/2025 17:56:19:	MOVE MOTOR REL	S18.axis2.phaseshifter both	deg	0.07	FALSE DONE
14/10/2025 17:56:24:	30	count	time	15.0s/cts	O Det=995	H Det=1004	Mon Det=35866	Aux Det=6401	O+H=8400	 DONE
14/10/2025 17:56:40:	NO ACTION	 DONE
14/10/2025 17:56:41:	close file and end scan	 DONE
call of ifg12r_newPS_2p30s_AP.sc DONE
14/10/2025 17:56:42:	move motor	S18.axis2.phaseshifter both to fit O COS90	0.056478reached 0.06592  DONE
call of ifg12R_newPS_2p30s_m90.sc DONE
14/10/2025 17:56:47:	create file	D:\data\Cycle 198\exp_3-16-19\rawdata\sc\ifg_wv2_psi_+1+1+1_14Oct1756.dat	 DONE
room to enter remarks DONE
14/10/2025 17:56:49:	MOVE MOTOR REL	S18.axis2.phaseshifter both	deg	0.0	FALSE DONE
14/10/2025 17:56:52:	1	count	time	15.0s/cts	O Det=1600	H Det=1642	Mon Det=36069	Aux Det=4097	O+H=7339	 DONE
14/10/2025 17:57:09:	MOVE MOTOR REL	S18.axis2.phaseshifter both	deg	0.07	FALSE DONE
14/10/2025 17:57:14:	2	count	time	15.0s/cts	O Det=1210	H Det=1646	Mon Det=35936	Aux Det=4751	O+H=7607	 DONE
14/10/2025 17:57:30:	MOVE MOTOR REL	S18.axis2.phaseshifter both	deg	0.07	FALSE DONE
14/10/2025 17:57:35:	3	count	time	15.0s/cts	O Det=975	H Det=1463	Mon Det=35885	Aux Det=5578	O+H=8016	 DONE
14/10/2025 17:57:52:	MOVE MOTOR REL	S18.axis2.phaseshifter both	deg	0.07	FALSE DONE
14/10/2025 17:57:56:	4	count	time	15.0s/cts	O Det=759	H Det=1335	Mon Det=36275	Aux Det=6036	O+H=8130	 DONE
14/10/2025 17:58:13:	MOVE MOTOR REL	S18.axis2.phaseshifter both	deg	0.07	FALSE DONE
14/10/2025 17:58:17:	5	count	time	15.0s/cts	O Det=847	H Det=1167	Mon Det=35913	Aux Det=6395	O+H=8409	 DONE
14/10/2025 17:58:34:	MOVE MOTOR REL	S18.axis2.phaseshifter both	deg	0.07	FALSE DONE
14/10/2025 17:58:39:	6	count	time	15.0s/cts	O Det=972	H Det=1021	Mon Det=35970	Aux Det=6495	O+H=8488	 DONE
14/10/2025 17:58:55:	MOVE MOTOR REL	S18.axis2.phaseshifter both	deg	0.07	FALSE DONE
14/10/2025 17:59:00:	7	count	time	15.0s/cts	O Det=1259	H Det=941	Mon Det=35998	Aux Det=6151	O+H=8351	 DONE
14/10/2025 17:59:16:	MOVE MOTOR REL	S18.axis2.phaseshifter both	deg	0.07	FALSE DONE
14/10/2025 17:59:21:	8	count	time	15.0s/cts	O Det=1622	H Det=880	Mon Det=36114	Aux Det=5592	O+H=8094	 DONE
14/10/2025 17:59:38:	MOVE MOTOR REL	S18.axis2.phaseshifter both	deg	0.07	FALSE DONE
14/10/2025 17:59:42:	9	count	time	15.0s/cts	O Det=1967	H Det=865	Mon Det=36367	Aux Det=5181	O+H=8013	 DONE
14/10/2025 17:59:59:	MOVE MOTOR REL	S18.axis2.phaseshifter both	deg	0.07	FALSE DONE
14/10/2025 18:00:03:	10	count	time	15.0s/cts	O Det=2450	H Det=825	Mon Det=35930	Aux Det=4303	O+H=7578	 DONE
14/10/2025 18:00:20:	MOVE MOTOR REL	S18.axis2.phaseshifter both	deg	0.07	FALSE DONE
14/10/2025 18:00:25:	11	count	time	15.0s/cts	O Det=2723	H Det=1071	Mon Det=35894	Aux Det=3523	O+H=7317	 DONE
14/10/2025 18:00:41:	MOVE MOTOR REL	S18.axis2.phaseshifter both	deg	0.07	FALSE DONE
14/10/2025 18:00:46:	12	count	time	15.0s/cts	O Det=2995	H Det=1179	Mon Det=36033	Aux Det=2750	O+H=6924	 DONE
14/10/2025 18:01:02:	MOVE MOTOR REL	S18.axis2.phaseshifter both	deg	0.07	FALSE DONE
14/10/2025 18:01:07:	13	count	time	15.0s/cts	O Det=2874	H Det=1385	Mon Det=35883	Aux Det=2517	O+H=6776	 DONE
14/10/2025 18:01:24:	MOVE MOTOR REL	S18.axis2.phaseshifter both	deg	0.07	FALSE DONE
14/10/2025 18:01:28:	14	count	time	15.0s/cts	O Det=2644	H Det=1616	Mon Det=35876	Aux Det=2563	O+H=6823	 DONE
14/10/2025 18:01:45:	MOVE MOTOR REL	S18.axis2.phaseshifter both	deg	0.07	FALSE DONE
14/10/2025 18:01:49:	15	count	time	15.0s/cts	O Det=2255	H Det=1714	Mon Det=36015	Aux Det=2841	O+H=6810	 DONE
14/10/2025 18:02:06:	MOVE MOTOR REL	S18.axis2.phaseshifter both	deg	0.07	FALSE DONE
14/10/2025 18:02:11:	16	count	time	15.0s/cts	O Det=1858	H Det=1785	Mon Det=35589	Aux Det=3289	O+H=6932	 DONE
14/10/2025 18:02:27:	MOVE MOTOR REL	S18.axis2.phaseshifter both	deg	0.07	FALSE DONE
14/10/2025 18:02:32:	17	count	time	15.0s/cts	O Det=1507	H Det=1846	Mon Det=35520	Aux Det=3910	O+H=7263	 DONE
14/10/2025 18:02:48:	MOVE MOTOR REL	S18.axis2.phaseshifter both	deg	0.07	FALSE DONE
14/10/2025 18:02:53:	18	count	time	15.0s/cts	O Det=1180	H Det=1723	Mon Det=36069	Aux Det=4880	O+H=7783	 DONE
14/10/2025 18:03:10:	MOVE MOTOR REL	S18.axis2.phaseshifter both	deg	0.07	FALSE DONE
14/10/2025 18:03:14:	19	count	time	15.0s/cts	O Det=835	H Det=1581	Mon Det=35771	Aux Det=5371	O+H=7787	 DONE
14/10/2025 18:03:31:	MOVE MOTOR REL	S18.axis2.phaseshifter both	deg	0.07	FALSE DONE
14/10/2025 18:03:35:	20	count	time	15.0s/cts	O Det=717	H Det=1358	Mon Det=35583	Aux Det=6190	O+H=8265	 DONE
14/10/2025 18:03:52:	MOVE MOTOR REL	S18.axis2.phaseshifter both	deg	0.07	FALSE DONE
14/10/2025 18:03:57:	21	count	time	15.0s/cts	O Det=844	H Det=1191	Mon Det=36086	Aux Det=6282	O+H=8317	 DONE
14/10/2025 18:04:13:	MOVE MOTOR REL	S18.axis2.phaseshifter both	deg	0.07	FALSE DONE
14/10/2025 18:04:18:	22	count	time	15.0s/cts	O Det=1001	H Det=1001	Mon Det=35930	Aux Det=6438	O+H=8440	 DONE
14/10/2025 18:04:35:	MOVE MOTOR REL	S18.axis2.phaseshifter both	deg	0.07	FALSE DONE
14/10/2025 18:04:39:	23	count	time	15.0s/cts	O Det=1230	H Det=897	Mon Det=35712	Aux Det=6228	O+H=8355	 DONE
14/10/2025 18:04:56:	MOVE MOTOR REL	S18.axis2.phaseshifter both	deg	0.07	FALSE DONE
14/10/2025 18:05:00:	24	count	time	15.0s/cts	O Det=1502	H Det=820	Mon Det=35617	Aux Det=5795	O+H=8117	 DONE
14/10/2025 18:05:17:	MOVE MOTOR REL	S18.axis2.phaseshifter both	deg	0.07	FALSE DONE
14/10/2025 18:05:22:	25	count	time	15.0s/cts	O Det=1991	H Det=858	Mon Det=35767	Aux Det=5183	O+H=8032	 DONE
14/10/2025 18:05:38:	MOVE MOTOR REL	S18.axis2.phaseshifter both	deg	0.07	FALSE DONE
14/10/2025 18:05:43:	26	count	time	15.0s/cts	O Det=2228	H Det=996	Mon Det=35754	Aux Det=4385	O+H=7609	 DONE
14/10/2025 18:05:59:	MOVE MOTOR REL	S18.axis2.phaseshifter both	deg	0.07	FALSE DONE
14/10/2025 18:06:04:	27	count	time	15.0s/cts	O Det=2663	H Det=1068	Mon Det=35755	Aux Det=3600	O+H=7331	 DONE
14/10/2025 18:06:21:	MOVE MOTOR REL	S18.axis2.phaseshifter both	deg	0.07	FALSE DONE
14/10/2025 18:06:25:	28	count	time	15.0s/cts	O Det=2735	H Det=1281	Mon Det=35572	Aux Det=3081	O+H=7097	 DONE
14/10/2025 18:06:42:	MOVE MOTOR REL	S18.axis2.phaseshifter both	deg	0.07	FALSE DONE
14/10/2025 18:06:46:	29	count	time	15.0s/cts	O Det=2784	H Det=1488	Mon Det=35837	Aux Det=2644	O+H=6916	 DONE
14/10/2025 18:07:03:	MOVE MOTOR REL	S18.axis2.phaseshifter both	deg	0.07	FALSE DONE
14/10/2025 18:07:08:	30	count	time	15.0s/cts	O Det=2530	H Det=1724	Mon Det=35721	Aux Det=2636	O+H=6890	 DONE
14/10/2025 18:07:24:	NO ACTION	 DONE
14/10/2025 18:07:25:	close file and end scan	 DONE
call of ifg12r_newPS_2p30s_AP.sc DONE
14/10/2025 18:07:26:	move motor	S18.axis2.phaseshifter both to fit O COS-180	0.282613reached 0.28564  DONE
call of ifg12R_newPS_2p30s_p90.sc DONE
14/10/2025 18:07:32:	create file	D:\data\Cycle 198\exp_3-16-19\rawdata\sc\ifg_wv2_psi_+1+1+1_14Oct1807.dat	 DONE
room to enter remarks DONE
14/10/2025 18:07:33:	MOVE MOTOR REL	S18.axis2.phaseshifter both	deg	0.0	FALSE DONE
14/10/2025 18:07:37:	1	count	time	15.0s/cts	O Det=692	H Det=1288	Mon Det=35877	Aux Det=6163	O+H=8143	 DONE
14/10/2025 18:07:53:	MOVE MOTOR REL	S18.axis2.phaseshifter both	deg	0.07	FALSE DONE
14/10/2025 18:07:58:	2	count	time	15.0s/cts	O Det=818	H Det=1147	Mon Det=35911	Aux Det=6408	O+H=8373	 DONE
14/10/2025 18:08:14:	MOVE MOTOR REL	S18.axis2.phaseshifter both	deg	0.07	FALSE DONE
14/10/2025 18:08:19:	3	count	time	15.0s/cts	O Det=1030	H Det=919	Mon Det=36026	Aux Det=6342	O+H=8291	 DONE
14/10/2025 18:08:36:	MOVE MOTOR REL	S18.axis2.phaseshifter both	deg	0.07	FALSE DONE
14/10/2025 18:08:40:	4	count	time	15.0s/cts	O Det=1423	H Det=830	Mon Det=36179	Aux Det=6135	O+H=8388	 DONE
14/10/2025 18:08:57:	MOVE MOTOR REL	S18.axis2.phaseshifter both	deg	0.07	FALSE DONE
14/10/2025 18:09:01:	5	count	time	15.0s/cts	O Det=1871	H Det=885	Mon Det=35851	Aux Det=5593	O+H=8349	 DONE
14/10/2025 18:09:18:	MOVE MOTOR REL	S18.axis2.phaseshifter both	deg	0.07	FALSE DONE
14/10/2025 18:09:23:	6	count	time	15.0s/cts	O Det=2216	H Det=882	Mon Det=35909	Aux Det=4787	O+H=7885	 DONE
14/10/2025 18:09:39:	MOVE MOTOR REL	S18.axis2.phaseshifter both	deg	0.07	FALSE DONE
14/10/2025 18:09:44:	7	count	time	15.0s/cts	O Det=2381	H Det=1030	Mon Det=35802	Aux Det=4047	O+H=7458	 DONE
14/10/2025 18:10:00:	MOVE MOTOR REL	S18.axis2.phaseshifter both	deg	0.07	FALSE DONE
14/10/2025 18:10:05:	8	count	time	15.0s/cts	O Det=2552	H Det=1252	Mon Det=35484	Aux Det=3322	O+H=7126	 DONE
14/10/2025 18:10:22:	MOVE MOTOR REL	S18.axis2.phaseshifter both	deg	0.07	FALSE DONE
14/10/2025 18:10:26:	9	count	time	15.0s/cts	O Det=2562	H Det=1513	Mon Det=36008	Aux Det=2750	O+H=6825	 DONE
14/10/2025 18:10:43:	MOVE MOTOR REL	S18.axis2.phaseshifter both	deg	0.07	FALSE DONE
14/10/2025 18:10:48:	10	count	time	15.0s/cts	O Det=2544	H Det=1799	Mon Det=35953	Aux Det=2564	O+H=6907	 DONE
14/10/2025 18:11:04:	MOVE MOTOR REL	S18.axis2.phaseshifter both	deg	0.07	FALSE DONE
14/10/2025 18:11:09:	11	count	time	15.0s/cts	O Det=2282	H Det=1905	Mon Det=35642	Aux Det=2616	O+H=6803	 DONE
14/10/2025 18:11:26:	MOVE MOTOR REL	S18.axis2.phaseshifter both	deg	0.07	FALSE DONE
14/10/2025 18:11:30:	12	count	time	15.0s/cts	O Det=1812	H Det=2162	Mon Det=35768	Aux Det=2955	O+H=6929	 DONE
14/10/2025 18:11:47:	MOVE MOTOR REL	S18.axis2.phaseshifter both	deg	0.07	FALSE DONE
14/10/2025 18:11:52:	13	count	time	15.0s/cts	O Det=1399	H Det=2267	Mon Det=35452	Aux Det=3364	O+H=7030	 DONE
14/10/2025 18:12:08:	MOVE MOTOR REL	S18.axis2.phaseshifter both	deg	0.07	FALSE DONE
14/10/2025 18:12:13:	14	count	time	15.0s/cts	O Det=1020	H Det=2090	Mon Det=35784	Aux Det=4051	O+H=7161	 DONE
14/10/2025 18:12:30:	MOVE MOTOR REL	S18.axis2.phaseshifter both	deg	0.07	FALSE DONE
14/10/2025 18:12:34:	15	count	time	15.0s/cts	O Det=793	H Det=1995	Mon Det=35785	Aux Det=4724	O+H=7512	 DONE
14/10/2025 18:12:51:	MOVE MOTOR REL	S18.axis2.phaseshifter both	deg	0.07	FALSE DONE
14/10/2025 18:12:56:	16	count	time	15.0s/cts	O Det=714	H Det=1754	Mon Det=35990	Aux Det=5457	O+H=7925	 DONE
14/10/2025 18:13:12:	MOVE MOTOR REL	S18.axis2.phaseshifter both	deg	0.07	FALSE DONE
14/10/2025 18:13:17:	17	count	time	15.0s/cts	O Det=625	H Det=1552	Mon Det=35901	Aux Det=6244	O+H=8421	 DONE
14/10/2025 18:13:33:	MOVE MOTOR REL	S18.axis2.phaseshifter both	deg	0.07	FALSE DONE
14/10/2025 18:13:38:	18	count	time	15.0s/cts	O Det=703	H Det=1271	Mon Det=35515	Aux Det=6277	O+H=8251	 DONE
14/10/2025 18:13:55:	MOVE MOTOR REL	S18.axis2.phaseshifter both	deg	0.07	FALSE DONE
14/10/2025 18:13:59:	19	count	time	15.0s/cts	O Det=897	H Det=1047	Mon Det=35783	Aux Det=6380	O+H=8324	 DONE
14/10/2025 18:14:16:	MOVE MOTOR REL	S18.axis2.phaseshifter both	deg	0.07	FALSE DONE
14/10/2025 18:14:20:	20	count	time	15.0s/cts	O Det=1158	H Det=942	Mon Det=35796	Aux Det=6123	O+H=8223	 DONE
14/10/2025 18:14:37:	MOVE MOTOR REL	S18.axis2.phaseshifter both	deg	0.07	FALSE DONE
14/10/2025 18:14:42:	21	count	time	15.0s/cts	O Det=1709	H Det=932	Mon Det=35875	Aux Det=5585	O+H=8226	 DONE
14/10/2025 18:14:58:	MOVE MOTOR REL	S18.axis2.phaseshifter both	deg	0.07	FALSE DONE
14/10/2025 18:15:03:	22	count	time	15.0s/cts	O Det=1926	H Det=971	Mon Det=35781	Aux Det=5006	O+H=7903	 DONE
14/10/2025 18:15:19:	MOVE MOTOR REL	S18.axis2.phaseshifter both	deg	0.07	FALSE DONE
14/10/2025 18:15:24:	23	count	time	15.0s/cts	O Det=2178	H Det=1071	Mon Det=35855	Aux Det=4317	O+H=7566	 DONE
14/10/2025 18:15:41:	MOVE MOTOR REL	S18.axis2.phaseshifter both	deg	0.07	FALSE DONE
14/10/2025 18:15:45:	24	count	time	15.0s/cts	O Det=2227	H Det=1328	Mon Det=35888	Aux Det=3758	O+H=7313	 DONE
14/10/2025 18:16:02:	MOVE MOTOR REL	S18.axis2.phaseshifter both	deg	0.07	FALSE DONE
14/10/2025 18:16:06:	25	count	time	15.0s/cts	O Det=2044	H Det=1676	Mon Det=36227	Aux Det=3271	O+H=6991	 DONE
14/10/2025 18:16:23:	MOVE MOTOR REL	S18.axis2.phaseshifter both	deg	0.07	FALSE DONE
14/10/2025 18:16:28:	26	count	time	15.0s/cts	O Det=2126	H Det=2008	Mon Det=36072	Aux Det=2676	O+H=6810	 DONE
14/10/2025 18:16:44:	MOVE MOTOR REL	S18.axis2.phaseshifter both	deg	0.07	FALSE DONE
14/10/2025 18:16:49:	27	count	time	15.0s/cts	O Det=1987	H Det=2251	Mon Det=35615	Aux Det=2533	O+H=6771	 DONE
14/10/2025 18:17:05:	MOVE MOTOR REL	S18.axis2.phaseshifter both	deg	0.07	FALSE DONE
14/10/2025 18:17:10:	28	count	time	15.0s/cts	O Det=1657	H Det=2409	Mon Det=35979	Aux Det=2700	O+H=6766	 DONE
14/10/2025 18:17:27:	MOVE MOTOR REL	S18.axis2.phaseshifter both	deg	0.07	FALSE DONE
14/10/2025 18:17:31:	29	count	time	15.0s/cts	O Det=1226	H Det=2498	Mon Det=35794	Aux Det=3170	O+H=6894	 DONE
14/10/2025 18:17:48:	MOVE MOTOR REL	S18.axis2.phaseshifter both	deg	0.07	FALSE DONE
14/10/2025 18:17:52:	30	count	time	15.0s/cts	O Det=946	H Det=2537	Mon Det=35905	Aux Det=3746	O+H=7229	 DONE
14/10/2025 18:18:09:	NO ACTION	 DONE
14/10/2025 18:18:10:	close file and end scan	 DONE
call of ifg12r_newPS_2p30s_AP.sc DONE
call of ifg12R_newPS_2p30s_p180.sc DONE
14/10/2025 18:18:11:	move motor	S18.auxiliary.Robot Z to 207413.00000um	reached 207412.00000  DONE
call of robot_Zout_doubleCd.sc DONE
14/10/2025 18:18:14:	move motor	S18.auxiliary.Robot rot big to 90.00000deg	reached 90.00000  DONE
14/10/2025 18:18:17:	move motor	S18.auxiliary.Robot Diagonal to 26000.00000um	reached 25997.79402  DONE
14/10/2025 18:18:41:	move motor	S18.auxiliary.Robot Z to 207413.00000um	reached 207412.00000  DONE
call of robot_Zout_doubleCd.sc DONE
14/10/2025 18:18:44:	move motor	S18.auxiliary.Robot rot big to 90.00000deg	reached 90.00000  DONE
14/10/2025 18:18:46:	move motor	S18.auxiliary.Robot Z to 292012.00000um	reached 292007.00000  DONE
call of robot_Zin_doubleCd.sc DONE
call of Block_path13_doubleCd.sc DONE
14/10/2025 18:18:54:	move motor	S18.auxiliary.Robot Diagonal to 25999.900000um	 DONE
14/10/2025 18:19:00:	create file	D:\data\Cycle 198\exp_3-16-19\rawdata\sc\ifg_wv2_psi_+1+1+1_14Oct1819.dat	 DONE
room to enter remarks DONE
14/10/2025 18:19:01:	move motor	S18.auxiliary.Robot Diagonal to 26000.000000um	 DONE
14/10/2025 18:19:07:	1	count	time	60.000000s/cts	O Det=1812	H Det=1760	Mon Det=143721	Aux Det=5928	O+H=9500	 DONE
14/10/2025 18:20:09:	move motor	S18.auxiliary.Robot Diagonal to 48000.000000um	 DONE
14/10/2025 18:20:23:	2	count	time	60.000000s/cts	O Det=1857	H Det=3054	Mon Det=144318	Aux Det=30	O+H=4941	 DONE
14/10/2025 18:21:25:	move motor	S18.auxiliary.Robot Diagonal to 70000.000000um	 DONE
14/10/2025 18:21:40:	3	count	time	60.000000s/cts	O Det=1849	H Det=1960	Mon Det=143116	Aux Det=12112	O+H=15921	 DONE
14/10/2025 18:22:42:	close file and end scan	 DONE
14/10/2025 18:22:42:	move motor	S18.auxiliary.Robot Z to 207413.00000um	reached 207417.00000  DONE
call of robot_Zout_doubleCd.sc DONE
call of int_meas_path213.sc DONE
14/10/2025 18:22:50:	END OF SCRIPT	 DONE
