21/10/2025 17:42:58:	start execution of script D:\data\Cycle 198\exp_3-16-19\rawdata\sc\ifg_wv1_psi_+1-i-1_no_fit.sc	 DONE
21/10/2025 17:42:58:	create file	D:\data\Cycle 198\exp_3-16-19\rawdata\sc\ifg_wv1_psi_+1-i-1_no_fit_21Oct1742.dat	 DONE
room to enter remarks DONE
21/10/2025 17:43:00:	MOVE MOTOR REL	S18.axis2.phaseshifter 2	deg	-0.51958	FALSE DONE
21/10/2025 17:43:03:	1	count	time	15.0s/cts	O Det=665	H Det=2222	Mon Det=36745	Aux Det=4560	O+H=7447	 DONE
21/10/2025 17:43:20:	MOVE MOTOR REL	S18.axis2.phaseshifter 2	deg	0.06495	FALSE DONE
21/10/2025 17:43:23:	2	count	time	15.0s/cts	O Det=914	H Det=1918	Mon Det=36808	Aux Det=4381	O+H=7213	 DONE
21/10/2025 17:43:40:	MOVE MOTOR REL	S18.axis2.phaseshifter 2	deg	0.06495	FALSE DONE
21/10/2025 17:43:44:	3	count	time	15.0s/cts	O Det=1331	H Det=1699	Mon Det=36953	Aux Det=4465	O+H=7495	 DONE
21/10/2025 17:44:00:	MOVE MOTOR REL	S18.axis2.phaseshifter 2	deg	0.06495	FALSE DONE
21/10/2025 17:44:04:	4	count	time	15.0s/cts	O Det=1646	H Det=1369	Mon Det=36453	Aux Det=4527	O+H=7542	 DONE
21/10/2025 17:44:20:	MOVE MOTOR REL	S18.axis2.phaseshifter 2	deg	0.06495	FALSE DONE
21/10/2025 17:44:24:	5	count	time	15.0s/cts	O Det=1948	H Det=1159	Mon Det=36496	Aux Det=4514	O+H=7621	 DONE
21/10/2025 17:44:41:	MOVE MOTOR REL	S18.axis2.phaseshifter 2	deg	0.06495	FALSE DONE
21/10/2025 17:44:44:	6	count	time	15.0s/cts	O Det=2067	H Det=997	Mon Det=36294	Aux Det=4445	O+H=7509	 DONE
21/10/2025 17:45:01:	MOVE MOTOR REL	S18.axis2.phaseshifter 2	deg	0.06495	FALSE DONE
21/10/2025 17:45:04:	7	count	time	15.0s/cts	O Det=2160	H Det=936	Mon Det=36903	Aux Det=4536	O+H=7632	 DONE
21/10/2025 17:45:21:	MOVE MOTOR REL	S18.axis2.phaseshifter 2	deg	0.06495	FALSE DONE
21/10/2025 17:45:25:	8	count	time	15.0s/cts	O Det=2008	H Det=1009	Mon Det=36468	Aux Det=4603	O+H=7620	 DONE
21/10/2025 17:45:41:	MOVE MOTOR REL	S18.axis2.phaseshifter 2	deg	0.06495	FALSE DONE
21/10/2025 17:45:45:	9	count	time	15.0s/cts	O Det=1844	H Det=1199	Mon Det=36839	Aux Det=4424	O+H=7467	 DONE
21/10/2025 17:46:02:	MOVE MOTOR REL	S18.axis2.phaseshifter 2	deg	0.06495	FALSE DONE
21/10/2025 17:46:05:	10	count	time	15.0s/cts	O Det=1377	H Det=1627	Mon Det=36777	Aux Det=4427	O+H=7431	 DONE
21/10/2025 17:46:22:	MOVE MOTOR REL	S18.axis2.phaseshifter 2	deg	0.06495	FALSE DONE
21/10/2025 17:46:25:	11	count	time	15.0s/cts	O Det=1068	H Det=1825	Mon Det=36925	Aux Det=4519	O+H=7412	 DONE
21/10/2025 17:46:42:	MOVE MOTOR REL	S18.axis2.phaseshifter 2	deg	0.06495	FALSE DONE
21/10/2025 17:46:45:	12	count	time	15.0s/cts	O Det=850	H Det=2116	Mon Det=36953	Aux Det=4450	O+H=7416	 DONE
21/10/2025 17:47:02:	MOVE MOTOR REL	S18.axis2.phaseshifter 2	deg	0.06495	FALSE DONE
21/10/2025 17:47:06:	13	count	time	15.0s/cts	O Det=653	H Det=2240	Mon Det=36375	Aux Det=4426	O+H=7319	 DONE
21/10/2025 17:47:22:	MOVE MOTOR REL	S18.axis2.phaseshifter 2	deg	0.06495	FALSE DONE
21/10/2025 17:47:26:	14	count	time	15.0s/cts	O Det=488	H Det=2344	Mon Det=36795	Aux Det=4329	O+H=7161	 DONE
21/10/2025 17:47:42:	MOVE MOTOR REL	S18.axis2.phaseshifter 2	deg	0.06495	FALSE DONE
21/10/2025 17:47:46:	15	count	time	15.0s/cts	O Det=480	H Det=2508	Mon Det=36953	Aux Det=4389	O+H=7377	 DONE
21/10/2025 17:48:03:	MOVE MOTOR REL	S18.axis2.phaseshifter 2	deg	0.06495	FALSE DONE
21/10/2025 17:48:06:	16	count	time	15.0s/cts	O Det=608	H Det=2304	Mon Det=36754	Aux Det=4486	O+H=7398	 DONE
21/10/2025 17:48:23:	MOVE MOTOR REL	S18.axis2.phaseshifter 2	deg	0.06495	FALSE DONE
21/10/2025 17:48:26:	17	count	time	15.0s/cts	O Det=613	H Det=1427	Mon Det=24868	Aux Det=3057	O+H=5097	STOPPED BY USER	21/10/2025 17:48:38:	close file and end scan	 DONE
call of ifg2r_newPS_2p30s_no_fit.sc DONE
