22/10/2025 23:58:32:	start execution of script D:\data\Cycle 198\exp_3-16-19\rawdata\sc\ifg_wv1_psi_+1+1+1_no_fit.sc	 DONE
22/10/2025 23:58:32:	create file	D:\data\Cycle 198\exp_3-16-19\rawdata\sc\ifg_wv1_psi_+1+1+1_no_fit_22Oct2358.dat	 DONE
room to enter remarks DONE
22/10/2025 23:58:33:	MOVE MOTOR REL	S18.axis2.phaseshifter 2	deg	-0.51958	FALSE DONE
22/10/2025 23:58:37:	1	count	time	30.0s/cts	O Det=1281	H Det=6543	Mon Det=73679	Aux Det=5105	O+H=12929	 DONE
22/10/2025 23:59:09:	MOVE MOTOR REL	S18.axis2.phaseshifter 2	deg	0.06495	FALSE DONE
22/10/2025 23:59:12:	2	count	time	30.0s/cts	O Det=1387	H Det=6358	Mon Det=73697	Aux Det=4991	O+H=12736	 DONE
22/10/2025 23:59:44:	MOVE MOTOR REL	S18.axis2.phaseshifter 2	deg	0.06495	FALSE DONE
22/10/2025 23:59:47:	3	count	time	30.0s/cts	O Det=2021	H Det=5811	Mon Det=73724	Aux Det=5120	O+H=12952	 DONE
23/10/2025 00:00:19:	MOVE MOTOR REL	S18.axis2.phaseshifter 2	deg	0.06495	FALSE DONE
23/10/2025 00:00:22:	4	count	time	30.0s/cts	O Det=2806	H Det=5184	Mon Det=73565	Aux Det=5186	O+H=13176	 DONE
23/10/2025 00:00:54:	MOVE MOTOR REL	S18.axis2.phaseshifter 2	deg	0.06495	FALSE DONE
23/10/2025 00:00:58:	5	count	time	30.0s/cts	O Det=3502	H Det=4546	Mon Det=73234	Aux Det=4924	O+H=12972	 DONE
23/10/2025 00:01:29:	MOVE MOTOR REL	S18.axis2.phaseshifter 2	deg	0.06495	FALSE DONE
23/10/2025 00:01:33:	6	count	time	30.0s/cts	O Det=4641	H Det=3640	Mon Det=73679	Aux Det=4953	O+H=13234	 DONE
23/10/2025 00:02:04:	MOVE MOTOR REL	S18.axis2.phaseshifter 2	deg	0.06495	FALSE DONE
23/10/2025 00:02:08:	7	count	time	30.0s/cts	O Det=5461	H Det=2979	Mon Det=73215	Aux Det=5171	O+H=13611	 DONE
23/10/2025 00:02:40:	MOVE MOTOR REL	S18.axis2.phaseshifter 2	deg	0.06495	FALSE DONE
23/10/2025 00:02:43:	8	count	time	30.0s/cts	O Det=6069	H Det=2489	Mon Det=74147	Aux Det=5020	O+H=13578	 DONE
23/10/2025 00:03:15:	MOVE MOTOR REL	S18.axis2.phaseshifter 2	deg	0.06495	FALSE DONE
23/10/2025 00:03:18:	9	count	time	30.0s/cts	O Det=6127	H Det=2312	Mon Det=73349	Aux Det=5095	O+H=13534	 DONE
23/10/2025 00:03:50:	MOVE MOTOR REL	S18.axis2.phaseshifter 2	deg	0.06495	FALSE DONE
23/10/2025 00:03:54:	10	count	time	30.0s/cts	O Det=6117	H Det=2425	Mon Det=73887	Aux Det=5069	O+H=13611	 DONE
23/10/2025 00:04:25:	MOVE MOTOR REL	S18.axis2.phaseshifter 2	deg	0.06495	FALSE DONE
23/10/2025 00:04:29:	11	count	time	30.0s/cts	O Det=5611	H Det=2705	Mon Det=73798	Aux Det=4995	O+H=13311	 DONE
23/10/2025 00:05:00:	MOVE MOTOR REL	S18.axis2.phaseshifter 2	deg	0.06495	FALSE DONE
23/10/2025 00:05:04:	12	count	time	30.0s/cts	O Det=4735	H Det=3310	Mon Det=73318	Aux Det=4994	O+H=13039	 DONE
23/10/2025 00:05:36:	MOVE MOTOR REL	S18.axis2.phaseshifter 2	deg	0.06495	FALSE DONE
23/10/2025 00:05:39:	13	count	time	30.0s/cts	O Det=3929	H Det=4322	Mon Det=73366	Aux Det=4962	O+H=13213	 DONE
23/10/2025 00:06:11:	MOVE MOTOR REL	S18.axis2.phaseshifter 2	deg	0.06495	FALSE DONE
23/10/2025 00:06:14:	14	count	time	30.0s/cts	O Det=2834	H Det=5092	Mon Det=73450	Aux Det=5033	O+H=12959	 DONE
23/10/2025 00:06:46:	MOVE MOTOR REL	S18.axis2.phaseshifter 2	deg	0.06495	FALSE DONE
23/10/2025 00:06:50:	15	count	time	30.0s/cts	O Det=2005	H Det=5865	Mon Det=73702	Aux Det=4918	O+H=12788	 DONE
23/10/2025 00:07:21:	MOVE MOTOR REL	S18.axis2.phaseshifter 2	deg	0.06495	FALSE DONE
23/10/2025 00:07:25:	16	count	time	30.0s/cts	O Det=1452	H Det=6565	Mon Det=73382	Aux Det=4981	O+H=12998	 DONE
23/10/2025 00:07:56:	MOVE MOTOR REL	S18.axis2.phaseshifter 2	deg	0.06495	FALSE DONE
23/10/2025 00:08:00:	17	count	time	30.0s/cts	O Det=1303	H Det=6649	Mon Det=73015	Aux Det=4983	O+H=12935	 DONE
23/10/2025 00:08:32:	MOVE MOTOR REL	S18.axis2.phaseshifter 2	deg	0.06495	FALSE DONE
23/10/2025 00:08:35:	18	count	time	30.0s/cts	O Det=1371	H Det=6407	Mon Det=73999	Aux Det=4981	O+H=12759	 DONE
23/10/2025 00:09:07:	MOVE MOTOR REL	S18.axis2.phaseshifter 2	deg	0.06495	FALSE DONE
23/10/2025 00:09:10:	19	count	time	30.0s/cts	O Det=2059	H Det=5776	Mon Det=73826	Aux Det=4959	O+H=12794	 DONE
23/10/2025 00:09:42:	MOVE MOTOR REL	S18.axis2.phaseshifter 2	deg	0.06495	FALSE DONE
23/10/2025 00:09:46:	20	count	time	30.0s/cts	O Det=2606	H Det=5452	Mon Det=73968	Aux Det=5134	O+H=13192	 DONE
23/10/2025 00:10:17:	MOVE MOTOR REL	S18.axis2.phaseshifter 2	deg	0.06495	FALSE DONE
23/10/2025 00:10:21:	21	count	time	30.0s/cts	O Det=3793	H Det=4448	Mon Det=74495	Aux Det=4983	O+H=13224	 DONE
23/10/2025 00:10:52:	MOVE MOTOR REL	S18.axis2.phaseshifter 2	deg	0.06495	FALSE DONE
23/10/2025 00:10:56:	22	count	time	30.0s/cts	O Det=4633	H Det=3599	Mon Det=73383	Aux Det=5121	O+H=13353	 DONE
23/10/2025 00:11:28:	MOVE MOTOR REL	S18.axis2.phaseshifter 2	deg	0.06495	FALSE DONE
23/10/2025 00:11:31:	23	count	time	30.0s/cts	O Det=5367	H Det=2860	Mon Det=73880	Aux Det=5007	O+H=13234	 DONE
23/10/2025 00:12:03:	MOVE MOTOR REL	S18.axis2.phaseshifter 2	deg	0.06495	FALSE DONE
23/10/2025 00:12:06:	24	count	time	30.0s/cts	O Det=5837	H Det=2442	Mon Det=73488	Aux Det=4930	O+H=13209	 DONE
23/10/2025 00:12:38:	MOVE MOTOR REL	S18.axis2.phaseshifter 2	deg	0.06495	FALSE DONE
23/10/2025 00:12:42:	25	count	time	30.0s/cts	O Det=6194	H Det=2227	Mon Det=73648	Aux Det=4927	O+H=13348	 DONE
23/10/2025 00:13:13:	MOVE MOTOR REL	S18.axis2.phaseshifter 2	deg	0.06495	FALSE DONE
23/10/2025 00:13:17:	26	count	time	30.0s/cts	O Det=5935	H Det=2494	Mon Det=73940	Aux Det=4903	O+H=13332	 DONE
23/10/2025 00:13:48:	MOVE MOTOR REL	S18.axis2.phaseshifter 2	deg	0.06495	FALSE DONE
23/10/2025 00:13:52:	27	count	time	30.0s/cts	O Det=5431	H Det=2982	Mon Det=73694	Aux Det=5054	O+H=13467	 DONE
23/10/2025 00:14:24:	MOVE MOTOR REL	S18.axis2.phaseshifter 2	deg	0.06495	FALSE DONE
23/10/2025 00:14:27:	28	count	time	30.0s/cts	O Det=4454	H Det=3719	Mon Det=74020	Aux Det=4953	O+H=13126	 DONE
23/10/2025 00:14:59:	MOVE MOTOR REL	S18.axis2.phaseshifter 2	deg	0.06495	FALSE DONE
23/10/2025 00:15:02:	29	count	time	30.0s/cts	O Det=3700	H Det=4392	Mon Det=73891	Aux Det=4875	O+H=12967	 DONE
23/10/2025 00:15:34:	MOVE MOTOR REL	S18.axis2.phaseshifter 2	deg	0.06495	FALSE DONE
23/10/2025 00:15:38:	30	count	time	30.0s/cts	O Det=2847	H Det=5220	Mon Det=73867	Aux Det=5057	O+H=13124	 DONE
23/10/2025 00:16:09:	MOVE MOTOR REL	S18.axis2.phaseshifter 2	deg	0.06495	FALSE DONE
23/10/2025 00:16:13:	31	count	time	30.0s/cts	O Det=1937	H Det=5969	Mon Det=73722	Aux Det=5107	O+H=13013	 DONE
23/10/2025 00:16:44:	MOVE MOTOR REL	S18.axis2.phaseshifter 2	deg	0.06495	FALSE DONE
23/10/2025 00:16:48:	32	count	time	30.0s/cts	O Det=1410	H Det=6303	Mon Det=73968	Aux Det=5048	O+H=12761	 DONE
23/10/2025 00:17:20:	MOVE MOTOR REL	S18.axis2.phaseshifter 2	deg	0.06495	FALSE DONE
23/10/2025 00:17:23:	33	count	time	30.0s/cts	O Det=1163	H Det=6651	Mon Det=73978	Aux Det=5037	O+H=12851	 DONE
23/10/2025 00:17:55:	MOVE MOTOR REL	S18.axis2.phaseshifter 2	deg	0.06495	FALSE DONE
23/10/2025 00:17:58:	34	count	time	30.0s/cts	O Det=1337	H Det=6351	Mon Det=73860	Aux Det=4952	O+H=12640	 DONE
23/10/2025 00:18:30:	MOVE MOTOR REL	S18.axis2.phaseshifter 2	deg	0.06495	FALSE DONE
23/10/2025 00:18:34:	35	count	time	30.0s/cts	O Det=1856	H Det=6119	Mon Det=73553	Aux Det=4984	O+H=12959	 DONE
23/10/2025 00:19:05:	MOVE MOTOR REL	S18.axis2.phaseshifter 2	deg	0.06495	FALSE DONE
23/10/2025 00:19:09:	36	count	time	30.0s/cts	O Det=2623	H Det=5271	Mon Det=73115	Aux Det=5041	O+H=12935	 DONE
23/10/2025 00:19:40:	MOVE MOTOR REL	S18.axis2.phaseshifter 2	deg	0.06495	FALSE DONE
23/10/2025 00:19:44:	37	count	time	30.0s/cts	O Det=3359	H Det=4747	Mon Det=73638	Aux Det=5010	O+H=13116	 DONE
23/10/2025 00:20:16:	MOVE MOTOR REL	S18.axis2.phaseshifter 2	deg	0.06495	FALSE DONE
23/10/2025 00:20:19:	38	count	time	30.0s/cts	O Det=4480	H Det=3782	Mon Det=73279	Aux Det=5024	O+H=13286	 DONE
23/10/2025 00:20:51:	MOVE MOTOR REL	S18.axis2.phaseshifter 2	deg	0.06495	FALSE DONE
23/10/2025 00:20:54:	39	count	time	30.0s/cts	O Det=5325	H Det=2984	Mon Det=73425	Aux Det=5029	O+H=13338	 DONE
23/10/2025 00:21:26:	MOVE MOTOR REL	S18.axis2.phaseshifter 2	deg	0.06495	FALSE DONE
23/10/2025 00:21:30:	40	count	time	30.0s/cts	O Det=6023	H Det=2320	Mon Det=73570	Aux Det=5078	O+H=13421	 DONE
23/10/2025 00:22:01:	MOVE MOTOR REL	S18.axis2.phaseshifter 2	deg	0.06495	FALSE DONE
23/10/2025 00:22:05:	41	count	time	30.0s/cts	O Det=6114	H Det=2187	Mon Det=73648	Aux Det=5073	O+H=13374	 DONE
23/10/2025 00:22:36:	MOVE MOTOR REL	S18.axis2.phaseshifter 2	deg	0.06495	FALSE DONE
23/10/2025 00:22:40:	42	count	time	30.0s/cts	O Det=6000	H Det=2415	Mon Det=73073	Aux Det=5114	O+H=13529	 DONE
23/10/2025 00:23:12:	MOVE MOTOR REL	S18.axis2.phaseshifter 2	deg	0.06495	FALSE DONE
23/10/2025 00:23:15:	43	count	time	30.0s/cts	O Det=5353	H Det=3039	Mon Det=74319	Aux Det=5056	O+H=13448	 DONE
23/10/2025 00:23:47:	MOVE MOTOR REL	S18.axis2.phaseshifter 2	deg	0.06495	FALSE DONE
23/10/2025 00:23:51:	44	count	time	30.0s/cts	O Det=4724	H Det=3596	Mon Det=73956	Aux Det=5065	O+H=13385	 DONE
23/10/2025 00:24:22:	MOVE MOTOR REL	S18.axis2.phaseshifter 2	deg	0.06495	FALSE DONE
23/10/2025 00:24:26:	45	count	time	30.0s/cts	O Det=3784	H Det=4540	Mon Det=73595	Aux Det=4816	O+H=13140	 DONE
23/10/2025 00:24:57:	MOVE MOTOR REL	S18.axis2.phaseshifter 2	deg	0.06495	FALSE DONE
23/10/2025 00:25:01:	46	count	time	30.0s/cts	O Det=2701	H Det=5113	Mon Det=73791	Aux Det=4981	O+H=12795	 DONE
23/10/2025 00:25:33:	MOVE MOTOR REL	S18.axis2.phaseshifter 2	deg	0.06495	FALSE DONE
23/10/2025 00:25:36:	47	count	time	30.0s/cts	O Det=1946	H Det=5863	Mon Det=73859	Aux Det=4977	O+H=12786	 DONE
23/10/2025 00:26:08:	MOVE MOTOR REL	S18.axis2.phaseshifter 2	deg	0.06495	FALSE DONE
23/10/2025 00:26:11:	48	count	time	30.0s/cts	O Det=1365	H Det=6379	Mon Det=73520	Aux Det=4891	O+H=12635	 DONE
23/10/2025 00:26:43:	close file and end scan	 DONE
call of ifg2r_newPS_2p30s_no_fit.sc DONE
23/10/2025 00:26:44:	create file	D:\data\Cycle 198\exp_3-16-19\rawdata\sc\ifg_wv1_psi_+1+1+1_no_fit_23Oct0026.dat	 DONE
room to enter remarks DONE
23/10/2025 00:26:45:	close file and end scan	 DONE
call of int_meas_path213.sc DONE
23/10/2025 00:26:46:	END OF SCRIPT	 DONE
