23/10/2025 05:53:37:	start execution of script D:\data\Cycle 198\exp_3-16-19\rawdata\sc\ifg_wv1_psi_+1+exp(-i60)+exp(i120)_no_fit.sc	 DONE
23/10/2025 05:53:38:	create file	D:\data\Cycle 198\exp_3-16-19\rawdata\sc\ifg_wv1_psi_+1+exp(-i60)+exp(i120)_no_fit_23Oct0553.dat	 DONE
room to enter remarks DONE
23/10/2025 05:53:39:	MOVE MOTOR REL	S18.axis2.phaseshifter 2	deg	-0.51958	FALSE DONE
23/10/2025 05:53:43:	1	count	time	30.0s/cts	O Det=1570	H Det=2329	Mon Det=74275	Aux Det=12596	O+H=16495	 DONE
23/10/2025 05:54:14:	MOVE MOTOR REL	S18.axis2.phaseshifter 2	deg	0.06495	FALSE DONE
23/10/2025 05:54:18:	2	count	time	30.0s/cts	O Det=1609	H Det=2228	Mon Det=74354	Aux Det=12339	O+H=16176	 DONE
23/10/2025 05:54:49:	MOVE MOTOR REL	S18.axis2.phaseshifter 2	deg	0.06495	FALSE DONE
23/10/2025 05:54:53:	3	count	time	30.0s/cts	O Det=1633	H Det=2224	Mon Det=74413	Aux Det=12407	O+H=16264	 DONE
23/10/2025 05:55:25:	MOVE MOTOR REL	S18.axis2.phaseshifter 2	deg	0.06495	FALSE DONE
23/10/2025 05:55:28:	4	count	time	30.0s/cts	O Det=1703	H Det=2194	Mon Det=74154	Aux Det=12526	O+H=16423	 DONE
23/10/2025 05:56:00:	MOVE MOTOR REL	S18.axis2.phaseshifter 2	deg	0.06495	FALSE DONE
23/10/2025 05:56:03:	5	count	time	30.0s/cts	O Det=1814	H Det=2223	Mon Det=73842	Aux Det=12375	O+H=16412	 DONE
23/10/2025 05:56:35:	MOVE MOTOR REL	S18.axis2.phaseshifter 2	deg	0.06495	FALSE DONE
23/10/2025 05:56:39:	6	count	time	30.0s/cts	O Det=1676	H Det=2266	Mon Det=73671	Aux Det=12508	O+H=16450	 DONE
23/10/2025 05:57:10:	MOVE MOTOR REL	S18.axis2.phaseshifter 2	deg	0.06495	FALSE DONE
23/10/2025 05:57:14:	7	count	time	30.0s/cts	O Det=1694	H Det=2303	Mon Det=73619	Aux Det=12542	O+H=16539	 DONE
23/10/2025 05:57:45:	MOVE MOTOR REL	S18.axis2.phaseshifter 2	deg	0.06495	FALSE DONE
23/10/2025 05:57:49:	8	count	time	30.0s/cts	O Det=1680	H Det=2287	Mon Det=74291	Aux Det=12306	O+H=16273	 DONE
23/10/2025 05:58:21:	MOVE MOTOR REL	S18.axis2.phaseshifter 2	deg	0.06495	FALSE DONE
23/10/2025 05:58:24:	9	count	time	30.0s/cts	O Det=1599	H Det=2350	Mon Det=73894	Aux Det=12295	O+H=16244	 DONE
23/10/2025 05:58:56:	MOVE MOTOR REL	S18.axis2.phaseshifter 2	deg	0.06495	FALSE DONE
23/10/2025 05:58:59:	10	count	time	30.0s/cts	O Det=1472	H Det=2399	Mon Det=73544	Aux Det=12285	O+H=16156	 DONE
23/10/2025 05:59:31:	MOVE MOTOR REL	S18.axis2.phaseshifter 2	deg	0.06495	FALSE DONE
23/10/2025 05:59:35:	11	count	time	30.0s/cts	O Det=1422	H Det=2322	Mon Det=74012	Aux Det=12471	O+H=16215	 DONE
23/10/2025 06:00:06:	MOVE MOTOR REL	S18.axis2.phaseshifter 2	deg	0.06495	FALSE DONE
23/10/2025 06:00:10:	12	count	time	30.0s/cts	O Det=1452	H Det=2425	Mon Det=74125	Aux Det=12464	O+H=16341	 DONE
23/10/2025 06:00:41:	MOVE MOTOR REL	S18.axis2.phaseshifter 2	deg	0.06495	FALSE DONE
23/10/2025 06:00:45:	13	count	time	30.0s/cts	O Det=1413	H Det=2461	Mon Det=74143	Aux Det=12445	O+H=16319	 DONE
23/10/2025 06:01:17:	MOVE MOTOR REL	S18.axis2.phaseshifter 2	deg	0.06495	FALSE DONE
23/10/2025 06:01:20:	14	count	time	30.0s/cts	O Det=1430	H Det=2413	Mon Det=74079	Aux Det=12274	O+H=16117	 DONE
23/10/2025 06:01:52:	MOVE MOTOR REL	S18.axis2.phaseshifter 2	deg	0.06495	FALSE DONE
23/10/2025 06:01:55:	15	count	time	30.0s/cts	O Det=1517	H Det=2340	Mon Det=74078	Aux Det=12442	O+H=16299	 DONE
23/10/2025 06:02:27:	MOVE MOTOR REL	S18.axis2.phaseshifter 2	deg	0.06495	FALSE DONE
23/10/2025 06:02:30:	16	count	time	30.0s/cts	O Det=1565	H Det=2319	Mon Det=73510	Aux Det=12760	O+H=16644	 DONE
23/10/2025 06:03:02:	MOVE MOTOR REL	S18.axis2.phaseshifter 2	deg	0.06495	FALSE DONE
23/10/2025 06:03:06:	17	count	time	30.0s/cts	O Det=1625	H Det=2365	Mon Det=74034	Aux Det=12612	O+H=16602	 DONE
23/10/2025 06:03:37:	MOVE MOTOR REL	S18.axis2.phaseshifter 2	deg	0.06495	FALSE DONE
23/10/2025 06:03:41:	18	count	time	30.0s/cts	O Det=1630	H Det=2196	Mon Det=73326	Aux Det=12660	O+H=16486	 DONE
23/10/2025 06:04:12:	MOVE MOTOR REL	S18.axis2.phaseshifter 2	deg	0.06495	FALSE DONE
23/10/2025 06:04:16:	19	count	time	30.0s/cts	O Det=1670	H Det=2170	Mon Det=74086	Aux Det=12490	O+H=16330	 DONE
23/10/2025 06:04:48:	MOVE MOTOR REL	S18.axis2.phaseshifter 2	deg	0.06495	FALSE DONE
23/10/2025 06:04:51:	20	count	time	30.0s/cts	O Det=1605	H Det=2287	Mon Det=73842	Aux Det=12459	O+H=16351	 DONE
23/10/2025 06:05:23:	MOVE MOTOR REL	S18.axis2.phaseshifter 2	deg	0.06495	FALSE DONE
23/10/2025 06:05:26:	21	count	time	30.0s/cts	O Det=1548	H Det=2207	Mon Det=74142	Aux Det=12607	O+H=16362	 DONE
23/10/2025 06:05:58:	MOVE MOTOR REL	S18.axis2.phaseshifter 2	deg	0.06495	FALSE DONE
23/10/2025 06:06:02:	22	count	time	30.0s/cts	O Det=1491	H Det=2346	Mon Det=74082	Aux Det=12418	O+H=16255	 DONE
23/10/2025 06:06:33:	MOVE MOTOR REL	S18.axis2.phaseshifter 2	deg	0.06495	FALSE DONE
23/10/2025 06:06:37:	23	count	time	30.0s/cts	O Det=1565	H Det=2307	Mon Det=73328	Aux Det=12297	O+H=16169	 DONE
23/10/2025 06:07:08:	MOVE MOTOR REL	S18.axis2.phaseshifter 2	deg	0.06495	FALSE DONE
23/10/2025 06:07:12:	24	count	time	30.0s/cts	O Det=1437	H Det=2370	Mon Det=74178	Aux Det=12393	O+H=16200	 DONE
23/10/2025 06:07:44:	MOVE MOTOR REL	S18.axis2.phaseshifter 2	deg	0.06495	FALSE DONE
23/10/2025 06:07:47:	25	count	time	30.0s/cts	O Det=1529	H Det=2314	Mon Det=74266	Aux Det=12350	O+H=16193	 DONE
23/10/2025 06:08:19:	MOVE MOTOR REL	S18.axis2.phaseshifter 2	deg	0.06495	FALSE DONE
23/10/2025 06:08:22:	26	count	time	30.0s/cts	O Det=1430	H Det=2450	Mon Det=74287	Aux Det=12509	O+H=16389	 DONE
23/10/2025 06:08:54:	MOVE MOTOR REL	S18.axis2.phaseshifter 2	deg	0.06495	FALSE DONE
23/10/2025 06:08:57:	27	count	time	30.0s/cts	O Det=1483	H Det=2324	Mon Det=74525	Aux Det=12399	O+H=16206	 DONE
23/10/2025 06:09:29:	MOVE MOTOR REL	S18.axis2.phaseshifter 2	deg	0.06495	FALSE DONE
23/10/2025 06:09:33:	28	count	time	30.0s/cts	O Det=1493	H Det=2395	Mon Det=74356	Aux Det=12675	O+H=16563	 DONE
23/10/2025 06:10:04:	MOVE MOTOR REL	S18.axis2.phaseshifter 2	deg	0.06495	FALSE DONE
23/10/2025 06:10:08:	29	count	time	30.0s/cts	O Det=1515	H Det=2279	Mon Det=73974	Aux Det=12537	O+H=16331	 DONE
23/10/2025 06:10:40:	MOVE MOTOR REL	S18.axis2.phaseshifter 2	deg	0.06495	FALSE DONE
23/10/2025 06:10:43:	30	count	time	30.0s/cts	O Det=1504	H Det=2375	Mon Det=74512	Aux Det=12616	O+H=16495	 DONE
23/10/2025 06:11:15:	MOVE MOTOR REL	S18.axis2.phaseshifter 2	deg	0.06495	FALSE DONE
23/10/2025 06:11:18:	31	count	time	30.0s/cts	O Det=1513	H Det=2327	Mon Det=74048	Aux Det=12858	O+H=16698	 DONE
23/10/2025 06:11:50:	MOVE MOTOR REL	S18.axis2.phaseshifter 2	deg	0.06495	FALSE DONE
23/10/2025 06:11:53:	32	count	time	30.0s/cts	O Det=1559	H Det=2363	Mon Det=74120	Aux Det=12455	O+H=16377	 DONE
23/10/2025 06:12:25:	MOVE MOTOR REL	S18.axis2.phaseshifter 2	deg	0.06495	FALSE DONE
23/10/2025 06:12:29:	33	count	time	30.0s/cts	O Det=1512	H Det=2239	Mon Det=73882	Aux Det=12540	O+H=16291	 DONE
23/10/2025 06:13:00:	MOVE MOTOR REL	S18.axis2.phaseshifter 2	deg	0.06495	FALSE DONE
23/10/2025 06:13:04:	34	count	time	30.0s/cts	O Det=1598	H Det=2256	Mon Det=74050	Aux Det=12519	O+H=16373	 DONE
23/10/2025 06:13:36:	MOVE MOTOR REL	S18.axis2.phaseshifter 2	deg	0.06495	FALSE DONE
23/10/2025 06:13:39:	35	count	time	30.0s/cts	O Det=1587	H Det=2235	Mon Det=73688	Aux Det=12546	O+H=16368	 DONE
23/10/2025 06:14:11:	MOVE MOTOR REL	S18.axis2.phaseshifter 2	deg	0.06495	FALSE DONE
23/10/2025 06:14:14:	36	count	time	30.0s/cts	O Det=1548	H Det=2310	Mon Det=73775	Aux Det=12431	O+H=16289	 DONE
23/10/2025 06:14:46:	MOVE MOTOR REL	S18.axis2.phaseshifter 2	deg	0.06495	FALSE DONE
23/10/2025 06:14:49:	37	count	time	30.0s/cts	O Det=1656	H Det=2265	Mon Det=74188	Aux Det=12318	O+H=16239	 DONE
23/10/2025 06:15:21:	MOVE MOTOR REL	S18.axis2.phaseshifter 2	deg	0.06495	FALSE DONE
23/10/2025 06:15:25:	38	count	time	30.0s/cts	O Det=1564	H Det=2379	Mon Det=74142	Aux Det=12412	O+H=16355	 DONE
23/10/2025 06:15:56:	MOVE MOTOR REL	S18.axis2.phaseshifter 2	deg	0.06495	FALSE DONE
23/10/2025 06:16:00:	39	count	time	30.0s/cts	O Det=1529	H Det=2345	Mon Det=73777	Aux Det=12354	O+H=16228	 DONE
23/10/2025 06:16:32:	MOVE MOTOR REL	S18.axis2.phaseshifter 2	deg	0.06495	FALSE DONE
23/10/2025 06:16:35:	40	count	time	30.0s/cts	O Det=1481	H Det=2388	Mon Det=74206	Aux Det=12531	O+H=16400	 DONE
23/10/2025 06:17:07:	MOVE MOTOR REL	S18.axis2.phaseshifter 2	deg	0.06495	FALSE DONE
23/10/2025 06:17:10:	41	count	time	30.0s/cts	O Det=1470	H Det=2420	Mon Det=73684	Aux Det=12465	O+H=16355	 DONE
23/10/2025 06:17:42:	MOVE MOTOR REL	S18.axis2.phaseshifter 2	deg	0.06495	FALSE DONE
23/10/2025 06:17:45:	42	count	time	30.0s/cts	O Det=1392	H Det=2415	Mon Det=73961	Aux Det=12652	O+H=16459	 DONE
23/10/2025 06:18:17:	MOVE MOTOR REL	S18.axis2.phaseshifter 2	deg	0.06495	FALSE DONE
23/10/2025 06:18:21:	43	count	time	30.0s/cts	O Det=1463	H Det=2414	Mon Det=73749	Aux Det=12603	O+H=16480	 DONE
23/10/2025 06:18:52:	MOVE MOTOR REL	S18.axis2.phaseshifter 2	deg	0.06495	FALSE DONE
23/10/2025 06:18:56:	44	count	time	30.0s/cts	O Det=1459	H Det=2380	Mon Det=74190	Aux Det=12505	O+H=16344	 DONE
23/10/2025 06:19:28:	MOVE MOTOR REL	S18.axis2.phaseshifter 2	deg	0.06495	FALSE DONE
23/10/2025 06:19:31:	45	count	time	30.0s/cts	O Det=1522	H Det=2395	Mon Det=74086	Aux Det=12295	O+H=16212	 DONE
23/10/2025 06:20:03:	MOVE MOTOR REL	S18.axis2.phaseshifter 2	deg	0.06495	FALSE DONE
23/10/2025 06:20:06:	46	count	time	30.0s/cts	O Det=1494	H Det=2405	Mon Det=73851	Aux Det=12531	O+H=16430	 DONE
23/10/2025 06:20:38:	MOVE MOTOR REL	S18.axis2.phaseshifter 2	deg	0.06495	FALSE DONE
23/10/2025 06:20:41:	47	count	time	30.0s/cts	O Det=1605	H Det=2268	Mon Det=74159	Aux Det=12462	O+H=16335	 DONE
23/10/2025 06:21:13:	MOVE MOTOR REL	S18.axis2.phaseshifter 2	deg	0.06495	FALSE DONE
23/10/2025 06:21:17:	48	count	time	30.0s/cts	O Det=1631	H Det=2276	Mon Det=74088	Aux Det=12314	O+H=16221	 DONE
23/10/2025 06:21:48:	close file and end scan	 DONE
call of ifg2r_newPS_2p30s_no_fit.sc DONE
23/10/2025 06:21:49:	create file	D:\data\Cycle 198\exp_3-16-19\rawdata\sc\ifg_wv1_psi_+1+exp(-i60)+exp(i120)_no_fit_23Oct0621.dat	 DONE
room to enter remarks DONE
23/10/2025 06:21:50:	close file and end scan	 DONE
call of int_meas_path213.sc DONE
23/10/2025 06:21:51:	END OF SCRIPT	 DONE
