22/10/2025 20:33:57:	start execution of script D:\data\Cycle 198\exp_3-16-19\rawdata\sc\ifg_wv2_psi_+1-i-1_no_fit.sc	 DONE
22/10/2025 20:33:58:	create file	D:\data\Cycle 198\exp_3-16-19\rawdata\sc\ifg_wv2_psi_+1-i-1_no_fit_22Oct2033.dat	 DONE
room to enter remarks DONE
22/10/2025 20:33:59:	MOVE MOTOR REL	S18.axis2.phaseshifter both	deg	-0.51751	FALSE DONE
22/10/2025 20:34:04:	1	count	time	30.0s/cts	O Det=1246	H Det=4313	Mon Det=73341	Aux Det=8679	O+H=14238	 DONE
22/10/2025 20:34:35:	MOVE MOTOR REL	S18.axis2.phaseshifter both	deg	0.06469	FALSE DONE
22/10/2025 20:34:40:	2	count	time	30.0s/cts	O Det=1380	H Det=5047	Mon Det=73138	Aux Det=7486	O+H=13913	 DONE
22/10/2025 20:35:12:	MOVE MOTOR REL	S18.axis2.phaseshifter both	deg	0.06469	FALSE DONE
22/10/2025 20:35:16:	3	count	time	30.0s/cts	O Det=1253	H Det=5790	Mon Det=73606	Aux Det=6037	O+H=13080	 DONE
22/10/2025 20:35:48:	MOVE MOTOR REL	S18.axis2.phaseshifter both	deg	0.06469	FALSE DONE
22/10/2025 20:35:52:	4	count	time	30.0s/cts	O Det=1200	H Det=6263	Mon Det=73778	Aux Det=5105	O+H=12568	 DONE
22/10/2025 20:36:24:	MOVE MOTOR REL	S18.axis2.phaseshifter both	deg	0.06469	FALSE DONE
22/10/2025 20:36:29:	5	count	time	30.0s/cts	O Det=1168	H Det=6487	Mon Det=73238	Aux Det=4935	O+H=12590	 DONE
22/10/2025 20:37:00:	MOVE MOTOR REL	S18.axis2.phaseshifter both	deg	0.06469	FALSE DONE
22/10/2025 20:37:05:	6	count	time	30.0s/cts	O Det=1246	H Det=6341	Mon Det=73381	Aux Det=5072	O+H=12659	 DONE
22/10/2025 20:37:36:	MOVE MOTOR REL	S18.axis2.phaseshifter both	deg	0.06469	FALSE DONE
22/10/2025 20:37:41:	7	count	time	30.0s/cts	O Det=1456	H Det=5859	Mon Det=73572	Aux Det=5848	O+H=13163	 DONE
22/10/2025 20:38:13:	MOVE MOTOR REL	S18.axis2.phaseshifter both	deg	0.06469	FALSE DONE
22/10/2025 20:38:17:	8	count	time	30.0s/cts	O Det=1430	H Det=5104	Mon Det=73312	Aux Det=7009	O+H=13543	 DONE
22/10/2025 20:38:49:	MOVE MOTOR REL	S18.axis2.phaseshifter both	deg	0.06469	FALSE DONE
22/10/2025 20:38:53:	9	count	time	30.0s/cts	O Det=1556	H Det=4436	Mon Det=73060	Aux Det=8375	O+H=14367	 DONE
22/10/2025 20:39:25:	MOVE MOTOR REL	S18.axis2.phaseshifter both	deg	0.06469	FALSE DONE
22/10/2025 20:39:30:	10	count	time	30.0s/cts	O Det=1598	H Det=3814	Mon Det=73565	Aux Det=9642	O+H=15054	 DONE
22/10/2025 20:40:01:	MOVE MOTOR REL	S18.axis2.phaseshifter both	deg	0.06469	FALSE DONE
22/10/2025 20:40:06:	11	count	time	30.0s/cts	O Det=1588	H Det=2982	Mon Det=73628	Aux Det=10772	O+H=15342	 DONE
22/10/2025 20:40:37:	MOVE MOTOR REL	S18.axis2.phaseshifter both	deg	0.06469	FALSE DONE
22/10/2025 20:40:42:	12	count	time	30.0s/cts	O Det=1548	H Det=2477	Mon Det=73388	Aux Det=11704	O+H=15729	 DONE
22/10/2025 20:41:14:	MOVE MOTOR REL	S18.axis2.phaseshifter both	deg	0.06469	FALSE DONE
22/10/2025 20:41:18:	13	count	time	30.0s/cts	O Det=1494	H Det=2344	Mon Det=73401	Aux Det=12346	O+H=16184	 DONE
22/10/2025 20:41:50:	MOVE MOTOR REL	S18.axis2.phaseshifter both	deg	0.06469	FALSE DONE
22/10/2025 20:41:54:	14	count	time	30.0s/cts	O Det=1472	H Det=2341	Mon Det=73465	Aux Det=12138	O+H=15951	 DONE
22/10/2025 20:42:26:	MOVE MOTOR REL	S18.axis2.phaseshifter both	deg	0.06469	FALSE DONE
22/10/2025 20:42:31:	15	count	time	30.0s/cts	O Det=1406	H Det=2756	Mon Det=73423	Aux Det=11313	O+H=15475	 DONE
22/10/2025 20:43:02:	MOVE MOTOR REL	S18.axis2.phaseshifter both	deg	0.06469	FALSE DONE
22/10/2025 20:43:07:	16	count	time	30.0s/cts	O Det=1103	H Det=3575	Mon Det=73985	Aux Det=10564	O+H=15242	 DONE
22/10/2025 20:43:38:	MOVE MOTOR REL	S18.axis2.phaseshifter both	deg	0.06469	FALSE DONE
22/10/2025 20:43:43:	17	count	time	30.0s/cts	O Det=1182	H Det=4335	Mon Det=73189	Aux Det=8907	O+H=14424	 DONE
22/10/2025 20:44:15:	MOVE MOTOR REL	S18.axis2.phaseshifter both	deg	0.06469	FALSE DONE
22/10/2025 20:44:19:	18	count	time	30.0s/cts	O Det=1187	H Det=5147	Mon Det=73974	Aux Det=7414	O+H=13748	 DONE
22/10/2025 20:44:51:	MOVE MOTOR REL	S18.axis2.phaseshifter both	deg	0.06469	FALSE DONE
22/10/2025 20:44:55:	19	count	time	30.0s/cts	O Det=1071	H Det=5953	Mon Det=73287	Aux Det=6330	O+H=13354	 DONE
22/10/2025 20:45:27:	MOVE MOTOR REL	S18.axis2.phaseshifter both	deg	0.06469	FALSE DONE
22/10/2025 20:45:32:	20	count	time	30.0s/cts	O Det=1118	H Det=6496	Mon Det=73515	Aux Det=5181	O+H=12795	 DONE
22/10/2025 20:46:03:	MOVE MOTOR REL	S18.axis2.phaseshifter both	deg	0.06469	FALSE DONE
22/10/2025 20:46:08:	21	count	time	30.0s/cts	O Det=1246	H Det=6445	Mon Det=74032	Aux Det=4832	O+H=12523	 DONE
22/10/2025 20:46:39:	MOVE MOTOR REL	S18.axis2.phaseshifter both	deg	0.06469	FALSE DONE
22/10/2025 20:46:44:	22	count	time	30.0s/cts	O Det=1365	H Det=6108	Mon Det=73689	Aux Det=5177	O+H=12650	 DONE
22/10/2025 20:47:16:	MOVE MOTOR REL	S18.axis2.phaseshifter both	deg	0.06469	FALSE DONE
22/10/2025 20:47:20:	23	count	time	30.0s/cts	O Det=1392	H Det=5705	Mon Det=73658	Aux Det=6157	O+H=13254	 DONE
22/10/2025 20:47:52:	MOVE MOTOR REL	S18.axis2.phaseshifter both	deg	0.06469	FALSE DONE
22/10/2025 20:47:56:	24	count	time	30.0s/cts	O Det=1415	H Det=5059	Mon Det=73837	Aux Det=7208	O+H=13682	 DONE
22/10/2025 20:48:28:	MOVE MOTOR REL	S18.axis2.phaseshifter both	deg	0.06469	FALSE DONE
22/10/2025 20:48:33:	25	count	time	30.0s/cts	O Det=1508	H Det=4182	Mon Det=73445	Aux Det=8536	O+H=14226	 DONE
22/10/2025 20:49:04:	MOVE MOTOR REL	S18.axis2.phaseshifter both	deg	0.06469	FALSE DONE
22/10/2025 20:49:09:	26	count	time	30.0s/cts	O Det=1436	H Det=3374	Mon Det=73628	Aux Det=10131	O+H=14941	 DONE
22/10/2025 20:49:40:	MOVE MOTOR REL	S18.axis2.phaseshifter both	deg	0.06469	FALSE DONE
22/10/2025 20:49:45:	27	count	time	30.0s/cts	O Det=1450	H Det=2844	Mon Det=73440	Aux Det=11243	O+H=15537	 DONE
22/10/2025 20:50:17:	MOVE MOTOR REL	S18.axis2.phaseshifter both	deg	0.06469	FALSE DONE
22/10/2025 20:50:21:	28	count	time	30.0s/cts	O Det=1532	H Det=2338	Mon Det=73244	Aux Det=11963	O+H=15833	 DONE
22/10/2025 20:50:53:	MOVE MOTOR REL	S18.axis2.phaseshifter both	deg	0.06469	FALSE DONE
22/10/2025 20:50:57:	29	count	time	30.0s/cts	O Det=1487	H Det=2265	Mon Det=74011	Aux Det=12294	O+H=16046	 DONE
22/10/2025 20:51:29:	MOVE MOTOR REL	S18.axis2.phaseshifter both	deg	0.06469	FALSE DONE
22/10/2025 20:51:34:	30	count	time	30.0s/cts	O Det=1503	H Det=2409	Mon Det=73538	Aux Det=11881	O+H=15793	 DONE
22/10/2025 20:52:05:	MOVE MOTOR REL	S18.axis2.phaseshifter both	deg	0.06469	FALSE DONE
22/10/2025 20:52:10:	31	count	time	30.0s/cts	O Det=1452	H Det=2924	Mon Det=73484	Aux Det=10892	O+H=15268	 DONE
22/10/2025 20:52:41:	MOVE MOTOR REL	S18.axis2.phaseshifter both	deg	0.06469	FALSE DONE
22/10/2025 20:52:46:	32	count	time	30.0s/cts	O Det=1491	H Det=3708	Mon Det=73480	Aux Det=9685	O+H=14884	 DONE
22/10/2025 20:53:18:	MOVE MOTOR REL	S18.axis2.phaseshifter both	deg	0.06469	FALSE DONE
22/10/2025 20:53:22:	33	count	time	30.0s/cts	O Det=1396	H Det=4800	Mon Det=73055	Aux Det=8094	O+H=14290	 DONE
22/10/2025 20:53:54:	MOVE MOTOR REL	S18.axis2.phaseshifter both	deg	0.06469	FALSE DONE
22/10/2025 20:53:58:	34	count	time	30.0s/cts	O Det=1219	H Det=5499	Mon Det=73694	Aux Det=6759	O+H=13477	 DONE
22/10/2025 20:54:30:	MOVE MOTOR REL	S18.axis2.phaseshifter both	deg	0.06469	FALSE DONE
22/10/2025 20:54:35:	35	count	time	30.0s/cts	O Det=1249	H Det=5882	Mon Det=73469	Aux Det=5689	O+H=12820	 DONE
22/10/2025 20:55:06:	MOVE MOTOR REL	S18.axis2.phaseshifter both	deg	0.06469	FALSE DONE
22/10/2025 20:55:11:	36	count	time	30.0s/cts	O Det=1121	H Det=6442	Mon Det=73497	Aux Det=5144	O+H=12707	 DONE
22/10/2025 20:55:42:	MOVE MOTOR REL	S18.axis2.phaseshifter both	deg	0.06469	FALSE DONE
22/10/2025 20:55:47:	37	count	time	30.0s/cts	O Det=1252	H Det=6508	Mon Det=73725	Aux Det=4956	O+H=12716	 DONE
22/10/2025 20:56:19:	MOVE MOTOR REL	S18.axis2.phaseshifter both	deg	0.06469	FALSE DONE
22/10/2025 20:56:23:	38	count	time	30.0s/cts	O Det=1447	H Det=6175	Mon Det=73571	Aux Det=5090	O+H=12712	 DONE
22/10/2025 20:56:55:	MOVE MOTOR REL	S18.axis2.phaseshifter both	deg	0.06469	FALSE DONE
22/10/2025 20:56:59:	39	count	time	30.0s/cts	O Det=1500	H Det=5608	Mon Det=72916	Aux Det=5805	O+H=12913	 DONE
22/10/2025 20:57:31:	MOVE MOTOR REL	S18.axis2.phaseshifter both	deg	0.06469	FALSE DONE
22/10/2025 20:57:36:	40	count	time	30.0s/cts	O Det=1618	H Det=5139	Mon Det=73650	Aux Det=6759	O+H=13516	 DONE
22/10/2025 20:58:07:	MOVE MOTOR REL	S18.axis2.phaseshifter both	deg	0.06469	FALSE DONE
22/10/2025 20:58:12:	41	count	time	30.0s/cts	O Det=1759	H Det=4207	Mon Det=73268	Aux Det=8170	O+H=14136	 DONE
22/10/2025 20:58:43:	MOVE MOTOR REL	S18.axis2.phaseshifter both	deg	0.06469	FALSE DONE
22/10/2025 20:58:48:	42	count	time	30.0s/cts	O Det=1733	H Det=3501	Mon Det=73648	Aux Det=9561	O+H=14795	 DONE
22/10/2025 20:59:20:	MOVE MOTOR REL	S18.axis2.phaseshifter both	deg	0.06469	FALSE DONE
22/10/2025 20:59:24:	43	count	time	30.0s/cts	O Det=1617	H Det=2778	Mon Det=73440	Aux Det=10829	O+H=15224	 DONE
22/10/2025 20:59:56:	MOVE MOTOR REL	S18.axis2.phaseshifter both	deg	0.06469	FALSE DONE
22/10/2025 21:00:00:	44	count	time	30.0s/cts	O Det=1609	H Det=2335	Mon Det=73973	Aux Det=11767	O+H=15711	 DONE
22/10/2025 21:00:32:	MOVE MOTOR REL	S18.axis2.phaseshifter both	deg	0.06469	FALSE DONE
22/10/2025 21:00:37:	45	count	time	30.0s/cts	O Det=1513	H Det=2170	Mon Det=73600	Aux Det=12234	O+H=15917	 DONE
22/10/2025 21:01:08:	MOVE MOTOR REL	S18.axis2.phaseshifter both	deg	0.06469	FALSE DONE
22/10/2025 21:01:13:	46	count	time	30.0s/cts	O Det=1395	H Det=2421	Mon Det=73830	Aux Det=12116	O+H=15932	 DONE
22/10/2025 21:01:44:	MOVE MOTOR REL	S18.axis2.phaseshifter both	deg	0.06469	FALSE DONE
22/10/2025 21:01:49:	47	count	time	30.0s/cts	O Det=1252	H Det=2896	Mon Det=74103	Aux Det=11620	O+H=15768	 DONE
22/10/2025 21:02:21:	MOVE MOTOR REL	S18.axis2.phaseshifter both	deg	0.06469	FALSE DONE
22/10/2025 21:02:25:	48	count	time	30.0s/cts	O Det=1185	H Det=3506	Mon Det=73767	Aux Det=10539	O+H=15230	 DONE
22/10/2025 21:02:57:	close file and end scan	 DONE
call of ifg12r_newPS_2p30s_no_fit.sc DONE
22/10/2025 21:02:58:	create file	D:\data\Cycle 198\exp_3-16-19\rawdata\sc\ifg_wv2_psi_+1-i-1_no_fit_22Oct2102.dat	 DONE
room to enter remarks DONE
22/10/2025 21:02:59:	close file and end scan	 DONE
call of int_meas_path213.sc DONE
22/10/2025 21:03:00:	END OF SCRIPT	 DONE
