25/10/2025 01:12:26:	start execution of script D:\data\Cycle 198\exp_3-16-19\rawdata\sc\ifg_wv1_psi_+1-1-1_no_fit.sc	 DONE
25/10/2025 01:12:26:	create file	D:\data\Cycle 198\exp_3-16-19\rawdata\sc\ifg_wv1_psi_+1-1-1_no_fit_25Oct0112.dat	 DONE
room to enter remarks DONE
25/10/2025 01:12:28:	MOVE MOTOR REL	S18.axis2.phaseshifter 2	deg	-0.51958	FALSE DONE
25/10/2025 01:12:31:	1	count	time	30.0s/cts	O Det=5568	H Det=2157	Mon Det=74409	Aux Det=5222	O+H=12947	 DONE
25/10/2025 01:13:03:	MOVE MOTOR REL	S18.axis2.phaseshifter 2	deg	0.06495	FALSE DONE
25/10/2025 01:13:06:	2	count	time	30.0s/cts	O Det=5439	H Det=2385	Mon Det=74430	Aux Det=5251	O+H=13075	 DONE
25/10/2025 01:13:38:	MOVE MOTOR REL	S18.axis2.phaseshifter 2	deg	0.06495	FALSE DONE
25/10/2025 01:13:42:	3	count	time	30.0s/cts	O Det=4891	H Det=2728	Mon Det=75073	Aux Det=5327	O+H=12946	 DONE
25/10/2025 01:14:13:	MOVE MOTOR REL	S18.axis2.phaseshifter 2	deg	0.06495	FALSE DONE
25/10/2025 01:14:17:	4	count	time	30.0s/cts	O Det=4153	H Det=3456	Mon Det=74238	Aux Det=5286	O+H=12895	 DONE
25/10/2025 01:14:48:	MOVE MOTOR REL	S18.axis2.phaseshifter 2	deg	0.06495	FALSE DONE
25/10/2025 01:14:52:	5	count	time	30.0s/cts	O Det=3221	H Det=4221	Mon Det=74175	Aux Det=5216	O+H=12658	 DONE
25/10/2025 01:15:24:	MOVE MOTOR REL	S18.axis2.phaseshifter 2	deg	0.06495	FALSE DONE
25/10/2025 01:15:27:	6	count	time	30.0s/cts	O Det=2460	H Det=4832	Mon Det=74061	Aux Det=5268	O+H=12560	 DONE
25/10/2025 01:15:59:	MOVE MOTOR REL	S18.axis2.phaseshifter 2	deg	0.06495	FALSE DONE
25/10/2025 01:16:02:	7	count	time	30.0s/cts	O Det=1712	H Det=5593	Mon Det=73920	Aux Det=5306	O+H=12611	 DONE
25/10/2025 01:16:34:	MOVE MOTOR REL	S18.axis2.phaseshifter 2	deg	0.06495	FALSE DONE
25/10/2025 01:16:37:	8	count	time	30.0s/cts	O Det=1311	H Det=5914	Mon Det=74044	Aux Det=5353	O+H=12578	 DONE
25/10/2025 01:17:09:	MOVE MOTOR REL	S18.axis2.phaseshifter 2	deg	0.06495	FALSE DONE
25/10/2025 01:17:13:	9	count	time	30.0s/cts	O Det=1259	H Det=6094	Mon Det=74444	Aux Det=5258	O+H=12611	 DONE
25/10/2025 01:17:44:	MOVE MOTOR REL	S18.axis2.phaseshifter 2	deg	0.06495	FALSE DONE
25/10/2025 01:17:48:	10	count	time	30.0s/cts	O Det=1572	H Det=5660	Mon Det=73997	Aux Det=5323	O+H=12555	 DONE
25/10/2025 01:18:19:	MOVE MOTOR REL	S18.axis2.phaseshifter 2	deg	0.06495	FALSE DONE
25/10/2025 01:18:23:	11	count	time	30.0s/cts	O Det=2005	H Det=5289	Mon Det=74248	Aux Det=5324	O+H=12618	 DONE
25/10/2025 01:18:55:	MOVE MOTOR REL	S18.axis2.phaseshifter 2	deg	0.06495	FALSE DONE
25/10/2025 01:18:58:	12	count	time	30.0s/cts	O Det=2499	H Det=4897	Mon Det=74298	Aux Det=5284	O+H=12680	 DONE
25/10/2025 01:19:30:	MOVE MOTOR REL	S18.axis2.phaseshifter 2	deg	0.06495	FALSE DONE
25/10/2025 01:19:33:	13	count	time	30.0s/cts	O Det=3509	H Det=4214	Mon Det=74225	Aux Det=5185	O+H=12908	 DONE
25/10/2025 01:20:05:	MOVE MOTOR REL	S18.axis2.phaseshifter 2	deg	0.06495	FALSE DONE
25/10/2025 01:20:09:	14	count	time	30.0s/cts	O Det=4319	H Det=3195	Mon Det=73473	Aux Det=5284	O+H=12798	 DONE
25/10/2025 01:20:40:	MOVE MOTOR REL	S18.axis2.phaseshifter 2	deg	0.06495	FALSE DONE
25/10/2025 01:20:44:	15	count	time	30.0s/cts	O Det=5142	H Det=2547	Mon Det=73666	Aux Det=5253	O+H=12942	 DONE
25/10/2025 01:21:15:	MOVE MOTOR REL	S18.axis2.phaseshifter 2	deg	0.06495	FALSE DONE
25/10/2025 01:21:19:	16	count	time	30.0s/cts	O Det=5418	H Det=2139	Mon Det=73656	Aux Det=5329	O+H=12886	 DONE
25/10/2025 01:21:51:	MOVE MOTOR REL	S18.axis2.phaseshifter 2	deg	0.06495	FALSE DONE
25/10/2025 01:21:54:	17	count	time	30.0s/cts	O Det=5557	H Det=2158	Mon Det=73549	Aux Det=5253	O+H=12968	 DONE
25/10/2025 01:22:26:	MOVE MOTOR REL	S18.axis2.phaseshifter 2	deg	0.06495	FALSE DONE
25/10/2025 01:22:29:	18	count	time	30.0s/cts	O Det=5272	H Det=2430	Mon Det=74071	Aux Det=5273	O+H=12975	 DONE
25/10/2025 01:23:01:	MOVE MOTOR REL	S18.axis2.phaseshifter 2	deg	0.06495	FALSE DONE
25/10/2025 01:23:04:	19	count	time	30.0s/cts	O Det=4732	H Det=2910	Mon Det=73886	Aux Det=5164	O+H=12806	 DONE
25/10/2025 01:23:36:	MOVE MOTOR REL	S18.axis2.phaseshifter 2	deg	0.06495	FALSE DONE
25/10/2025 01:23:40:	20	count	time	30.0s/cts	O Det=4055	H Det=3567	Mon Det=74585	Aux Det=5371	O+H=12993	 DONE
25/10/2025 01:24:11:	MOVE MOTOR REL	S18.axis2.phaseshifter 2	deg	0.06495	FALSE DONE
25/10/2025 01:24:15:	21	count	time	30.0s/cts	O Det=3177	H Det=4291	Mon Det=73974	Aux Det=5159	O+H=12627	 DONE
25/10/2025 01:24:46:	MOVE MOTOR REL	S18.axis2.phaseshifter 2	deg	0.06495	FALSE DONE
25/10/2025 01:24:50:	22	count	time	30.0s/cts	O Det=2355	H Det=5057	Mon Det=73929	Aux Det=5110	O+H=12522	 DONE
25/10/2025 01:25:22:	MOVE MOTOR REL	S18.axis2.phaseshifter 2	deg	0.06495	FALSE DONE
25/10/2025 01:25:25:	23	count	time	30.0s/cts	O Det=1545	H Det=5725	Mon Det=73573	Aux Det=5275	O+H=12545	 DONE
25/10/2025 01:25:57:	MOVE MOTOR REL	S18.axis2.phaseshifter 2	deg	0.06495	FALSE DONE
25/10/2025 01:26:00:	24	count	time	30.0s/cts	O Det=1352	H Det=5952	Mon Det=74141	Aux Det=5204	O+H=12508	 DONE
25/10/2025 01:26:32:	MOVE MOTOR REL	S18.axis2.phaseshifter 2	deg	0.06495	FALSE DONE
25/10/2025 01:26:35:	25	count	time	30.0s/cts	O Det=1183	H Det=5859	Mon Det=74594	Aux Det=5066	O+H=12108	 DONE
25/10/2025 01:27:07:	MOVE MOTOR REL	S18.axis2.phaseshifter 2	deg	0.06495	FALSE DONE
25/10/2025 01:27:11:	26	count	time	30.0s/cts	O Det=1405	H Det=5796	Mon Det=74199	Aux Det=5252	O+H=12453	 DONE
25/10/2025 01:27:42:	MOVE MOTOR REL	S18.axis2.phaseshifter 2	deg	0.06495	FALSE DONE
25/10/2025 01:27:46:	27	count	time	30.0s/cts	O Det=1959	H Det=5340	Mon Det=74695	Aux Det=5229	O+H=12528	 DONE
25/10/2025 01:28:17:	MOVE MOTOR REL	S18.axis2.phaseshifter 2	deg	0.06495	FALSE DONE
25/10/2025 01:28:21:	28	count	time	30.0s/cts	O Det=2480	H Det=4908	Mon Det=73868	Aux Det=5287	O+H=12675	 DONE
25/10/2025 01:28:53:	MOVE MOTOR REL	S18.axis2.phaseshifter 2	deg	0.06495	FALSE DONE
25/10/2025 01:28:56:	29	count	time	30.0s/cts	O Det=3255	H Det=4295	Mon Det=73995	Aux Det=5205	O+H=12755	 DONE
25/10/2025 01:29:28:	MOVE MOTOR REL	S18.axis2.phaseshifter 2	deg	0.06495	FALSE DONE
25/10/2025 01:29:31:	30	count	time	30.0s/cts	O Det=4307	H Det=3223	Mon Det=74538	Aux Det=5261	O+H=12791	 DONE
25/10/2025 01:30:03:	MOVE MOTOR REL	S18.axis2.phaseshifter 2	deg	0.06495	FALSE DONE
25/10/2025 01:30:07:	31	count	time	30.0s/cts	O Det=4955	H Det=2802	Mon Det=74097	Aux Det=5226	O+H=12983	 DONE
25/10/2025 01:30:38:	MOVE MOTOR REL	S18.axis2.phaseshifter 2	deg	0.06495	FALSE DONE
25/10/2025 01:30:42:	32	count	time	30.0s/cts	O Det=5380	H Det=2321	Mon Det=74200	Aux Det=5131	O+H=12832	 DONE
25/10/2025 01:31:13:	MOVE MOTOR REL	S18.axis2.phaseshifter 2	deg	0.06495	FALSE DONE
25/10/2025 01:31:17:	33	count	time	30.0s/cts	O Det=5527	H Det=2174	Mon Det=73698	Aux Det=5070	O+H=12771	 DONE
25/10/2025 01:31:49:	MOVE MOTOR REL	S18.axis2.phaseshifter 2	deg	0.06495	FALSE DONE
25/10/2025 01:31:52:	34	count	time	30.0s/cts	O Det=5601	H Det=2196	Mon Det=74154	Aux Det=5267	O+H=13064	 DONE
25/10/2025 01:32:24:	MOVE MOTOR REL	S18.axis2.phaseshifter 2	deg	0.06495	FALSE DONE
25/10/2025 01:32:27:	35	count	time	30.0s/cts	O Det=5067	H Det=2468	Mon Det=74017	Aux Det=5203	O+H=12738	 DONE
25/10/2025 01:32:59:	MOVE MOTOR REL	S18.axis2.phaseshifter 2	deg	0.06495	FALSE DONE
25/10/2025 01:33:02:	36	count	time	30.0s/cts	O Det=4162	H Det=3397	Mon Det=73873	Aux Det=5253	O+H=12812	 DONE
25/10/2025 01:33:34:	MOVE MOTOR REL	S18.axis2.phaseshifter 2	deg	0.06495	FALSE DONE
25/10/2025 01:33:38:	37	count	time	30.0s/cts	O Det=3419	H Det=4000	Mon Det=74205	Aux Det=5225	O+H=12644	 DONE
25/10/2025 01:34:09:	MOVE MOTOR REL	S18.axis2.phaseshifter 2	deg	0.06495	FALSE DONE
25/10/2025 01:34:13:	38	count	time	30.0s/cts	O Det=2705	H Det=4706	Mon Det=74022	Aux Det=5093	O+H=12504	 DONE
25/10/2025 01:34:44:	MOVE MOTOR REL	S18.axis2.phaseshifter 2	deg	0.06495	FALSE DONE
25/10/2025 01:34:48:	39	count	time	30.0s/cts	O Det=2091	H Det=5243	Mon Det=74495	Aux Det=5173	O+H=12507	 DONE
25/10/2025 01:35:20:	MOVE MOTOR REL	S18.axis2.phaseshifter 2	deg	0.06495	FALSE DONE
25/10/2025 01:35:23:	40	count	time	30.0s/cts	O Det=1378	H Det=5841	Mon Det=74165	Aux Det=5111	O+H=12330	 DONE
25/10/2025 01:35:55:	MOVE MOTOR REL	S18.axis2.phaseshifter 2	deg	0.06495	FALSE DONE
25/10/2025 01:35:58:	41	count	time	30.0s/cts	O Det=1160	H Det=5950	Mon Det=74442	Aux Det=5151	O+H=12261	 DONE
25/10/2025 01:36:30:	MOVE MOTOR REL	S18.axis2.phaseshifter 2	deg	0.06495	FALSE DONE
25/10/2025 01:36:34:	42	count	time	30.0s/cts	O Det=1220	H Det=6007	Mon Det=74331	Aux Det=5044	O+H=12271	 DONE
25/10/2025 01:37:05:	MOVE MOTOR REL	S18.axis2.phaseshifter 2	deg	0.06495	FALSE DONE
25/10/2025 01:37:09:	43	count	time	30.0s/cts	O Det=1798	H Det=5612	Mon Det=74190	Aux Det=5250	O+H=12660	 DONE
25/10/2025 01:37:40:	MOVE MOTOR REL	S18.axis2.phaseshifter 2	deg	0.06495	FALSE DONE
25/10/2025 01:37:44:	44	count	time	30.0s/cts	O Det=2129	H Det=5299	Mon Det=73908	Aux Det=5185	O+H=12613	 DONE
25/10/2025 01:38:16:	MOVE MOTOR REL	S18.axis2.phaseshifter 2	deg	0.06495	FALSE DONE
25/10/2025 01:38:19:	45	count	time	30.0s/cts	O Det=3142	H Det=4258	Mon Det=74002	Aux Det=5207	O+H=12607	 DONE
25/10/2025 01:38:51:	MOVE MOTOR REL	S18.axis2.phaseshifter 2	deg	0.06495	FALSE DONE
25/10/2025 01:38:55:	46	count	time	30.0s/cts	O Det=3727	H Det=3678	Mon Det=74585	Aux Det=5155	O+H=12560	 DONE
25/10/2025 01:39:26:	MOVE MOTOR REL	S18.axis2.phaseshifter 2	deg	0.06495	FALSE DONE
25/10/2025 01:39:30:	47	count	time	30.0s/cts	O Det=4811	H Det=2875	Mon Det=74422	Aux Det=5173	O+H=12859	 DONE
25/10/2025 01:40:01:	MOVE MOTOR REL	S18.axis2.phaseshifter 2	deg	0.06495	FALSE DONE
25/10/2025 01:40:05:	48	count	time	30.0s/cts	O Det=5316	H Det=2389	Mon Det=74713	Aux Det=5184	O+H=12889	 DONE
25/10/2025 01:40:37:	close file and end scan	 DONE
call of ifg2r_newPS_2p30s_no_fit.sc DONE
25/10/2025 01:40:38:	create file	D:\data\Cycle 198\exp_3-16-19\rawdata\sc\ifg_wv1_psi_+1-1-1_no_fit_25Oct0140.dat	 DONE
room to enter remarks DONE
25/10/2025 01:40:39:	close file and end scan	 DONE
call of int_meas_path213.sc DONE
25/10/2025 01:40:40:	END OF SCRIPT	 DONE
