10/10/2025 10:59:50:	start execution of script D:\data\Cycle 198\exp_3-16-19\rawdata\sc\ifg_wv1_psi_+1-1-i.sc	 DONE
10/10/2025 10:59:50:	create file	D:\data\Cycle 198\exp_3-16-19\rawdata\sc\ifg_wv1_psi_+1-1-i_10Oct1059.dat	 DONE
room to enter remarks DONE
10/10/2025 10:59:51:	MOVE MOTOR REL	S18.axis2.phaseshifter 2	deg	0	FALSE DONE
10/10/2025 10:59:54:	1	count	time	30.0s/cts	O Det=1158	H Det=4667	Mon Det=92414	Aux Det=8417	O+H=14242	 DONE
10/10/2025 11:00:26:	MOVE MOTOR REL	S18.axis2.phaseshifter 2	deg	0.1	FALSE DONE
10/10/2025 11:00:30:	2	count	time	30.0s/cts	O Det=739	H Det=4995	Mon Det=92264	Aux Det=8559	O+H=14293	 DONE
10/10/2025 11:01:01:	MOVE MOTOR REL	S18.axis2.phaseshifter 2	deg	0.1	FALSE DONE
10/10/2025 11:01:05:	3	count	time	30.0s/cts	O Det=946	H Det=4864	Mon Det=93037	Aux Det=8623	O+H=14433	 DONE
10/10/2025 11:01:36:	MOVE MOTOR REL	S18.axis2.phaseshifter 2	deg	0.1	FALSE DONE
10/10/2025 11:01:40:	4	count	time	30.0s/cts	O Det=1640	H Det=4143	Mon Det=92680	Aux Det=8591	O+H=14374	 DONE
10/10/2025 11:02:12:	MOVE MOTOR REL	S18.axis2.phaseshifter 2	deg	0.1	FALSE DONE
10/10/2025 11:02:15:	5	count	time	30.0s/cts	O Det=3002	H Det=3028	Mon Det=92492	Aux Det=8363	O+H=14393	 DONE
10/10/2025 11:02:47:	MOVE MOTOR REL	S18.axis2.phaseshifter 2	deg	0.1	FALSE DONE
10/10/2025 11:02:50:	6	count	time	30.0s/cts	O Det=3992	H Det=2242	Mon Det=92421	Aux Det=8365	O+H=14599	 DONE
10/10/2025 11:03:22:	MOVE MOTOR REL	S18.axis2.phaseshifter 2	deg	0.1	FALSE DONE
10/10/2025 11:03:25:	7	count	time	30.0s/cts	O Det=4446	H Det=1812	Mon Det=92724	Aux Det=8437	O+H=14695	 DONE
10/10/2025 11:03:57:	MOVE MOTOR REL	S18.axis2.phaseshifter 2	deg	0.1	FALSE DONE
10/10/2025 11:04:01:	8	count	time	30.0s/cts	O Det=4428	H Det=1809	Mon Det=92066	Aux Det=8424	O+H=14661	 DONE
10/10/2025 11:04:33:	MOVE MOTOR REL	S18.axis2.phaseshifter 2	deg	0.1	FALSE DONE
10/10/2025 11:04:36:	9	count	time	30.0s/cts	O Det=3653	H Det=2469	Mon Det=92622	Aux Det=8430	O+H=14552	 DONE
10/10/2025 11:05:08:	MOVE MOTOR REL	S18.axis2.phaseshifter 2	deg	0.1	FALSE DONE
10/10/2025 11:05:11:	10	count	time	30.0s/cts	O Det=2688	H Det=3324	Mon Det=92860	Aux Det=8491	O+H=14503	 DONE
10/10/2025 11:05:43:	MOVE MOTOR REL	S18.axis2.phaseshifter 2	deg	0.1	FALSE DONE
10/10/2025 11:05:47:	11	count	time	30.0s/cts	O Det=1555	H Det=4163	Mon Det=92992	Aux Det=8404	O+H=14122	 DONE
10/10/2025 11:06:18:	MOVE MOTOR REL	S18.axis2.phaseshifter 2	deg	0.1	FALSE DONE
10/10/2025 11:06:22:	12	count	time	30.0s/cts	O Det=910	H Det=4987	Mon Det=92206	Aux Det=8475	O+H=14372	 DONE
10/10/2025 11:06:53:	MOVE MOTOR REL	S18.axis2.phaseshifter 2	deg	0.1	FALSE DONE
10/10/2025 11:06:57:	13	count	time	30.0s/cts	O Det=735	H Det=5005	Mon Det=92812	Aux Det=8624	O+H=14364	 DONE
10/10/2025 11:07:29:	MOVE MOTOR REL	S18.axis2.phaseshifter 2	deg	0.1	FALSE DONE
10/10/2025 11:07:32:	14	count	time	30.0s/cts	O Det=1195	H Det=4681	Mon Det=92610	Aux Det=8510	O+H=14386	 DONE
10/10/2025 11:08:04:	MOVE MOTOR REL	S18.axis2.phaseshifter 2	deg	0.1	FALSE DONE
10/10/2025 11:08:07:	15	count	time	30.0s/cts	O Det=1965	H Det=3752	Mon Det=92212	Aux Det=8509	O+H=14226	 DONE
10/10/2025 11:08:39:	MOVE MOTOR REL	S18.axis2.phaseshifter 2	deg	0.1	FALSE DONE
10/10/2025 11:08:43:	16	count	time	30.0s/cts	O Det=3011	H Det=3078	Mon Det=92275	Aux Det=8626	O+H=14715	 DONE
10/10/2025 11:09:14:	MOVE MOTOR REL	S18.axis2.phaseshifter 2	deg	0.1	FALSE DONE
10/10/2025 11:09:18:	17	count	time	30.0s/cts	O Det=3983	H Det=2218	Mon Det=92855	Aux Det=8408	O+H=14609	 DONE
10/10/2025 11:09:49:	MOVE MOTOR REL	S18.axis2.phaseshifter 2	deg	0.1	FALSE DONE
10/10/2025 11:09:53:	18	count	time	30.0s/cts	O Det=4459	H Det=1806	Mon Det=92497	Aux Det=8643	O+H=14908	 DONE
10/10/2025 11:10:25:	MOVE MOTOR REL	S18.axis2.phaseshifter 2	deg	0.1	FALSE DONE
10/10/2025 11:10:28:	19	count	time	30.0s/cts	O Det=4198	H Det=1875	Mon Det=92918	Aux Det=8582	O+H=14655	 DONE
10/10/2025 11:11:00:	MOVE MOTOR REL	S18.axis2.phaseshifter 2	deg	0.1	FALSE DONE
10/10/2025 11:11:04:	20	count	time	30.0s/cts	O Det=3446	H Det=2571	Mon Det=92492	Aux Det=8547	O+H=14564	 DONE
10/10/2025 11:11:35:	MOVE MOTOR REL	S18.axis2.phaseshifter 2	deg	0.1	FALSE DONE
10/10/2025 11:11:39:	21	count	time	30.0s/cts	O Det=2386	H Det=3430	Mon Det=92875	Aux Det=8323	O+H=14139	 DONE
10/10/2025 11:12:11:	MOVE MOTOR REL	S18.axis2.phaseshifter 2	deg	0.1	FALSE DONE
10/10/2025 11:12:14:	22	count	time	30.0s/cts	O Det=1386	H Det=4514	Mon Det=92481	Aux Det=8663	O+H=14563	 DONE
10/10/2025 11:12:46:	close file and end scan	 DONE
call of ifg2r_newPS_2p30s.sc DONE
10/10/2025 11:12:47:	move motor	S18.axis2.phaseshifter 2 to fit O COS-90	-0.172954reached -0.17578  DONE
call of ifg2R_newPS_2p30s_0.sc DONE
10/10/2025 11:12:51:	create file	D:\data\Cycle 198\exp_3-16-19\rawdata\sc\ifg_wv1_psi_+1-1-i_10Oct1112.dat	 DONE
room to enter remarks DONE
10/10/2025 11:12:52:	MOVE MOTOR REL	S18.axis2.phaseshifter 2	deg	0	FALSE DONE
10/10/2025 11:12:55:	1	count	time	30.0s/cts	O Det=3446	H Det=2653	Mon Det=92673	Aux Det=8329	O+H=14428	 DONE
10/10/2025 11:13:27:	MOVE MOTOR REL	S18.axis2.phaseshifter 2	deg	0.1	FALSE DONE
10/10/2025 11:13:30:	2	count	time	30.0s/cts	O Det=2189	H Det=3611	Mon Det=92237	Aux Det=8359	O+H=14159	 DONE
10/10/2025 11:14:02:	MOVE MOTOR REL	S18.axis2.phaseshifter 2	deg	0.1	FALSE DONE
10/10/2025 11:14:05:	3	count	time	30.0s/cts	O Det=1242	H Det=4516	Mon Det=92179	Aux Det=8459	O+H=14217	 DONE
10/10/2025 11:14:37:	MOVE MOTOR REL	S18.axis2.phaseshifter 2	deg	0.1	FALSE DONE
10/10/2025 11:14:41:	4	count	time	30.0s/cts	O Det=661	H Det=5035	Mon Det=92024	Aux Det=8428	O+H=14124	 DONE
10/10/2025 11:15:13:	MOVE MOTOR REL	S18.axis2.phaseshifter 2	deg	0.1	FALSE DONE
10/10/2025 11:15:16:	5	count	time	30.0s/cts	O Det=887	H Det=4760	Mon Det=92187	Aux Det=8366	O+H=14013	 DONE
10/10/2025 11:15:48:	MOVE MOTOR REL	S18.axis2.phaseshifter 2	deg	0.1	FALSE DONE
10/10/2025 11:15:51:	6	count	time	30.0s/cts	O Det=1601	H Det=4150	Mon Det=92699	Aux Det=8416	O+H=14167	 DONE
10/10/2025 11:16:23:	MOVE MOTOR REL	S18.axis2.phaseshifter 2	deg	0.1	FALSE DONE
10/10/2025 11:16:27:	7	count	time	30.0s/cts	O Det=2717	H Det=3209	Mon Det=92405	Aux Det=8361	O+H=14287	 DONE
10/10/2025 11:16:58:	MOVE MOTOR REL	S18.axis2.phaseshifter 2	deg	0.1	FALSE DONE
10/10/2025 11:17:02:	8	count	time	30.0s/cts	O Det=3687	H Det=2353	Mon Det=92760	Aux Det=8332	O+H=14372	 DONE
10/10/2025 11:17:34:	MOVE MOTOR REL	S18.axis2.phaseshifter 2	deg	0.1	FALSE DONE
10/10/2025 11:17:37:	9	count	time	30.0s/cts	O Det=4399	H Det=1781	Mon Det=92161	Aux Det=8441	O+H=14621	 DONE
10/10/2025 11:18:09:	MOVE MOTOR REL	S18.axis2.phaseshifter 2	deg	0.1	FALSE DONE
10/10/2025 11:18:13:	10	count	time	30.0s/cts	O Det=4300	H Det=1928	Mon Det=92488	Aux Det=8315	O+H=14543	 DONE
10/10/2025 11:18:44:	MOVE MOTOR REL	S18.axis2.phaseshifter 2	deg	0.1	FALSE DONE
10/10/2025 11:18:48:	11	count	time	30.0s/cts	O Det=3583	H Det=2538	Mon Det=92225	Aux Det=8449	O+H=14570	 DONE
10/10/2025 11:19:20:	MOVE MOTOR REL	S18.axis2.phaseshifter 2	deg	0.1	FALSE DONE
10/10/2025 11:19:23:	12	count	time	30.0s/cts	O Det=2727	H Det=3305	Mon Det=92170	Aux Det=8360	O+H=14392	 DONE
10/10/2025 11:19:55:	MOVE MOTOR REL	S18.axis2.phaseshifter 2	deg	0.1	FALSE DONE
10/10/2025 11:19:59:	13	count	time	30.0s/cts	O Det=1648	H Det=4235	Mon Det=92768	Aux Det=8211	O+H=14094	 DONE
10/10/2025 11:20:30:	MOVE MOTOR REL	S18.axis2.phaseshifter 2	deg	0.1	FALSE DONE
10/10/2025 11:20:34:	14	count	time	30.0s/cts	O Det=984	H Det=4763	Mon Det=92638	Aux Det=8647	O+H=14394	 DONE
10/10/2025 11:21:06:	MOVE MOTOR REL	S18.axis2.phaseshifter 2	deg	0.1	FALSE DONE
10/10/2025 11:21:09:	15	count	time	30.0s/cts	O Det=816	H Det=4936	Mon Det=92804	Aux Det=8401	O+H=14153	 DONE
10/10/2025 11:21:41:	MOVE MOTOR REL	S18.axis2.phaseshifter 2	deg	0.1	FALSE DONE
10/10/2025 11:21:45:	16	count	time	30.0s/cts	O Det=1129	H Det=4533	Mon Det=92761	Aux Det=8409	O+H=14071	 DONE
10/10/2025 11:22:16:	MOVE MOTOR REL	S18.axis2.phaseshifter 2	deg	0.1	FALSE DONE
10/10/2025 11:22:20:	17	count	time	30.0s/cts	O Det=2224	H Det=3842	Mon Det=92833	Aux Det=8377	O+H=14443	 DONE
10/10/2025 11:22:52:	MOVE MOTOR REL	S18.axis2.phaseshifter 2	deg	0.1	FALSE DONE
10/10/2025 11:22:55:	18	count	time	30.0s/cts	O Det=3230	H Det=2763	Mon Det=92360	Aux Det=8475	O+H=14468	 DONE
10/10/2025 11:23:27:	MOVE MOTOR REL	S18.axis2.phaseshifter 2	deg	0.1	FALSE DONE
10/10/2025 11:23:30:	19	count	time	30.0s/cts	O Det=4111	H Det=1935	Mon Det=93272	Aux Det=8526	O+H=14572	 DONE
10/10/2025 11:24:02:	MOVE MOTOR REL	S18.axis2.phaseshifter 2	deg	0.1	FALSE DONE
10/10/2025 11:24:06:	20	count	time	30.0s/cts	O Det=4459	H Det=1726	Mon Det=92865	Aux Det=8352	O+H=14537	 DONE
10/10/2025 11:24:37:	MOVE MOTOR REL	S18.axis2.phaseshifter 2	deg	0.1	FALSE DONE
10/10/2025 11:24:41:	21	count	time	30.0s/cts	O Det=4217	H Det=1919	Mon Det=92915	Aux Det=8467	O+H=14603	 DONE
10/10/2025 11:25:13:	MOVE MOTOR REL	S18.axis2.phaseshifter 2	deg	0.1	FALSE DONE
10/10/2025 11:25:16:	22	count	time	30.0s/cts	O Det=3516	H Det=2485	Mon Det=93236	Aux Det=8375	O+H=14376	 DONE
10/10/2025 11:25:48:	close file and end scan	 DONE
call of ifg2r_newPS_2p30s.sc DONE
10/10/2025 11:25:49:	move motor	S18.axis2.phaseshifter 2 to fit O COS90	0.939460reached 0.94482  DONE
call of ifg2R_newPS_2p30s_m90.sc DONE
10/10/2025 11:25:53:	create file	D:\data\Cycle 198\exp_3-16-19\rawdata\sc\ifg_wv1_psi_+1-1-i_10Oct1125.dat	 DONE
room to enter remarks DONE
10/10/2025 11:25:54:	MOVE MOTOR REL	S18.axis2.phaseshifter 2	deg	0	FALSE DONE
10/10/2025 11:25:57:	1	count	time	30.0s/cts	O Det=2518	H Det=3327	Mon Det=92409	Aux Det=8455	O+H=14300	 DONE
10/10/2025 11:26:29:	MOVE MOTOR REL	S18.axis2.phaseshifter 2	deg	0.1	FALSE DONE
10/10/2025 11:26:32:	2	count	time	30.0s/cts	O Det=1434	H Det=4341	Mon Det=92414	Aux Det=8399	O+H=14174	 DONE
10/10/2025 11:27:04:	MOVE MOTOR REL	S18.axis2.phaseshifter 2	deg	0.1	FALSE DONE
10/10/2025 11:27:08:	3	count	time	30.0s/cts	O Det=778	H Det=4796	Mon Det=92872	Aux Det=8611	O+H=14185	 DONE
10/10/2025 11:27:43:	MOVE MOTOR REL	S18.axis2.phaseshifter 2	deg	0.1	FALSE DONE
10/10/2025 11:27:46:	4	count	time	30.0s/cts	O Det=844	H Det=4938	Mon Det=92479	Aux Det=8538	O+H=14320	 DONE
10/10/2025 11:28:18:	MOVE MOTOR REL	S18.axis2.phaseshifter 2	deg	0.1	FALSE DONE
10/10/2025 11:28:21:	5	count	time	30.0s/cts	O Det=1443	H Det=4300	Mon Det=93003	Aux Det=8499	O+H=14242	 DONE
10/10/2025 11:28:53:	MOVE MOTOR REL	S18.axis2.phaseshifter 2	deg	0.1	FALSE DONE
10/10/2025 11:28:57:	6	count	time	30.0s/cts	O Det=2611	H Det=3366	Mon Det=92662	Aux Det=8306	O+H=14283	 DONE
10/10/2025 11:29:29:	MOVE MOTOR REL	S18.axis2.phaseshifter 2	deg	0.1	FALSE DONE
10/10/2025 11:29:32:	7	count	time	30.0s/cts	O Det=3533	H Det=2508	Mon Det=92603	Aux Det=8301	O+H=14342	 DONE
10/10/2025 11:30:04:	MOVE MOTOR REL	S18.axis2.phaseshifter 2	deg	0.1	FALSE DONE
10/10/2025 11:30:07:	8	count	time	30.0s/cts	O Det=4083	H Det=1952	Mon Det=92918	Aux Det=8404	O+H=14439	 DONE
10/10/2025 11:30:39:	MOVE MOTOR REL	S18.axis2.phaseshifter 2	deg	0.1	FALSE DONE
10/10/2025 11:30:43:	9	count	time	30.0s/cts	O Det=4333	H Det=1760	Mon Det=93102	Aux Det=8439	O+H=14532	 DONE
10/10/2025 11:31:14:	MOVE MOTOR REL	S18.axis2.phaseshifter 2	deg	0.1	FALSE DONE
10/10/2025 11:31:18:	10	count	time	30.0s/cts	O Det=3977	H Det=2174	Mon Det=92498	Aux Det=8378	O+H=14529	 DONE
10/10/2025 11:31:50:	MOVE MOTOR REL	S18.axis2.phaseshifter 2	deg	0.1	FALSE DONE
10/10/2025 11:31:53:	11	count	time	30.0s/cts	O Det=3071	H Det=2933	Mon Det=93000	Aux Det=8381	O+H=14385	 DONE
10/10/2025 11:32:25:	MOVE MOTOR REL	S18.axis2.phaseshifter 2	deg	0.1	FALSE DONE
10/10/2025 11:32:29:	12	count	time	30.0s/cts	O Det=1906	H Det=3919	Mon Det=92211	Aux Det=8436	O+H=14261	 DONE
10/10/2025 11:33:00:	MOVE MOTOR REL	S18.axis2.phaseshifter 2	deg	0.1	FALSE DONE
10/10/2025 11:33:04:	13	count	time	30.0s/cts	O Det=1024	H Det=4700	Mon Det=93050	Aux Det=8499	O+H=14223	 DONE
10/10/2025 11:33:36:	MOVE MOTOR REL	S18.axis2.phaseshifter 2	deg	0.1	FALSE DONE
10/10/2025 11:33:39:	14	count	time	30.0s/cts	O Det=736	H Det=4982	Mon Det=92658	Aux Det=8382	O+H=14100	 DONE
10/10/2025 11:34:11:	MOVE MOTOR REL	S18.axis2.phaseshifter 2	deg	0.1	FALSE DONE
10/10/2025 11:34:15:	15	count	time	30.0s/cts	O Det=1065	H Det=4576	Mon Det=92769	Aux Det=8321	O+H=13962	 DONE
10/10/2025 11:34:46:	MOVE MOTOR REL	S18.axis2.phaseshifter 2	deg	0.1	FALSE DONE
10/10/2025 11:34:50:	16	count	time	30.0s/cts	O Det=1898	H Det=3834	Mon Det=92630	Aux Det=8518	O+H=14250	 DONE
10/10/2025 11:35:22:	MOVE MOTOR REL	S18.axis2.phaseshifter 2	deg	0.1	FALSE DONE
10/10/2025 11:35:25:	17	count	time	30.0s/cts	O Det=3062	H Det=2718	Mon Det=92353	Aux Det=8443	O+H=14223	 DONE
10/10/2025 11:35:57:	MOVE MOTOR REL	S18.axis2.phaseshifter 2	deg	0.1	FALSE DONE
10/10/2025 11:36:01:	18	count	time	30.0s/cts	O Det=3847	H Det=2163	Mon Det=92824	Aux Det=8392	O+H=14402	 DONE
10/10/2025 11:36:33:	MOVE MOTOR REL	S18.axis2.phaseshifter 2	deg	0.1	FALSE DONE
10/10/2025 11:36:36:	19	count	time	30.0s/cts	O Det=4388	H Det=1701	Mon Det=93138	Aux Det=8315	O+H=14404	 DONE
10/10/2025 11:37:08:	MOVE MOTOR REL	S18.axis2.phaseshifter 2	deg	0.1	FALSE DONE
10/10/2025 11:37:11:	20	count	time	30.0s/cts	O Det=4182	H Det=2010	Mon Det=92732	Aux Det=8291	O+H=14483	 DONE
10/10/2025 11:37:43:	MOVE MOTOR REL	S18.axis2.phaseshifter 2	deg	0.1	FALSE DONE
10/10/2025 11:37:47:	21	count	time	30.0s/cts	O Det=3375	H Det=2612	Mon Det=92614	Aux Det=8343	O+H=14330	 DONE
10/10/2025 11:38:19:	MOVE MOTOR REL	S18.axis2.phaseshifter 2	deg	0.1	FALSE DONE
10/10/2025 11:38:22:	22	count	time	30.0s/cts	O Det=2328	H Det=3600	Mon Det=92727	Aux Det=8380	O+H=14308	 DONE
10/10/2025 11:38:54:	close file and end scan	 DONE
call of ifg2r_newPS_2p30s.sc DONE
10/10/2025 11:38:55:	move motor	S18.axis2.phaseshifter 2 to fit O COS-180	3.253631reached 3.24097  DONE
call of ifg2R_newPS_2p30s_p90.sc DONE
10/10/2025 11:38:58:	create file	D:\data\Cycle 198\exp_3-16-19\rawdata\sc\ifg_wv1_psi_+1-1-i_10Oct1138.dat	 DONE
room to enter remarks DONE
10/10/2025 11:39:00:	MOVE MOTOR REL	S18.axis2.phaseshifter 2	deg	0	FALSE DONE
10/10/2025 11:39:03:	1	count	time	30.0s/cts	O Det=750	H Det=4886	Mon Det=92332	Aux Det=8549	O+H=14185	 DONE
10/10/2025 11:39:35:	MOVE MOTOR REL	S18.axis2.phaseshifter 2	deg	0.1	FALSE DONE
10/10/2025 11:39:38:	2	count	time	30.0s/cts	O Det=1053	H Det=4647	Mon Det=92672	Aux Det=8453	O+H=14153	 DONE
10/10/2025 11:40:10:	MOVE MOTOR REL	S18.axis2.phaseshifter 2	deg	0.1	FALSE DONE
10/10/2025 11:40:14:	3	count	time	30.0s/cts	O Det=1972	H Det=3821	Mon Det=92864	Aux Det=8371	O+H=14164	 DONE
10/10/2025 11:40:45:	MOVE MOTOR REL	S18.axis2.phaseshifter 2	deg	0.1	FALSE DONE
10/10/2025 11:40:49:	4	count	time	30.0s/cts	O Det=2861	H Det=3000	Mon Det=92918	Aux Det=8356	O+H=14217	 DONE
10/10/2025 11:41:21:	MOVE MOTOR REL	S18.axis2.phaseshifter 2	deg	0.1	FALSE DONE
10/10/2025 11:41:24:	5	count	time	30.0s/cts	O Det=3795	H Det=2275	Mon Det=92263	Aux Det=8325	O+H=14395	 DONE
10/10/2025 11:41:56:	MOVE MOTOR REL	S18.axis2.phaseshifter 2	deg	0.1	FALSE DONE
10/10/2025 11:41:59:	6	count	time	30.0s/cts	O Det=4318	H Det=1809	Mon Det=92625	Aux Det=8550	O+H=14677	 DONE
10/10/2025 11:42:31:	MOVE MOTOR REL	S18.axis2.phaseshifter 2	deg	0.1	FALSE DONE
10/10/2025 11:42:35:	7	count	time	30.0s/cts	O Det=4204	H Det=1932	Mon Det=92678	Aux Det=8385	O+H=14521	 DONE
10/10/2025 11:43:06:	MOVE MOTOR REL	S18.axis2.phaseshifter 2	deg	0.1	FALSE DONE
10/10/2025 11:43:10:	8	count	time	30.0s/cts	O Det=3530	H Det=2459	Mon Det=92907	Aux Det=8510	O+H=14499	 DONE
10/10/2025 11:43:42:	MOVE MOTOR REL	S18.axis2.phaseshifter 2	deg	0.1	FALSE DONE
10/10/2025 11:43:45:	9	count	time	30.0s/cts	O Det=2503	H Det=3297	Mon Det=92543	Aux Det=8432	O+H=14232	 DONE
10/10/2025 11:44:17:	MOVE MOTOR REL	S18.axis2.phaseshifter 2	deg	0.1	FALSE DONE
10/10/2025 11:44:21:	10	count	time	30.0s/cts	O Det=1479	H Det=4142	Mon Det=92419	Aux Det=8395	O+H=14016	 DONE
10/10/2025 11:44:53:	MOVE MOTOR REL	S18.axis2.phaseshifter 2	deg	0.1	FALSE DONE
10/10/2025 11:44:56:	11	count	time	30.0s/cts	O Det=850	H Det=4817	Mon Det=92312	Aux Det=8499	O+H=14166	 DONE
10/10/2025 11:45:28:	MOVE MOTOR REL	S18.axis2.phaseshifter 2	deg	0.1	FALSE DONE
10/10/2025 11:45:31:	12	count	time	30.0s/cts	O Det=835	H Det=4835	Mon Det=92650	Aux Det=8372	O+H=14042	 DONE
10/10/2025 11:46:03:	MOVE MOTOR REL	S18.axis2.phaseshifter 2	deg	0.1	FALSE DONE
10/10/2025 11:46:07:	13	count	time	30.0s/cts	O Det=1328	H Det=4413	Mon Det=92812	Aux Det=8202	O+H=13943	 DONE
10/10/2025 11:46:38:	MOVE MOTOR REL	S18.axis2.phaseshifter 2	deg	0.1	FALSE DONE
10/10/2025 11:46:42:	14	count	time	30.0s/cts	O Det=2222	H Det=3567	Mon Det=92346	Aux Det=8425	O+H=14214	 DONE
10/10/2025 11:47:14:	MOVE MOTOR REL	S18.axis2.phaseshifter 2	deg	0.1	FALSE DONE
10/10/2025 11:47:18:	15	count	time	30.0s/cts	O Det=3268	H Det=2751	Mon Det=91981	Aux Det=8284	O+H=14303	 DONE
10/10/2025 11:47:49:	MOVE MOTOR REL	S18.axis2.phaseshifter 2	deg	0.1	FALSE DONE
10/10/2025 11:47:53:	16	count	time	30.0s/cts	O Det=4145	H Det=1946	Mon Det=92747	Aux Det=8243	O+H=14334	 DONE
10/10/2025 11:48:25:	MOVE MOTOR REL	S18.axis2.phaseshifter 2	deg	0.1	FALSE DONE
10/10/2025 11:48:28:	17	count	time	30.0s/cts	O Det=4132	H Det=1853	Mon Det=92358	Aux Det=8516	O+H=14501	 DONE
10/10/2025 11:49:00:	MOVE MOTOR REL	S18.axis2.phaseshifter 2	deg	0.1	FALSE DONE
10/10/2025 11:49:03:	18	count	time	30.0s/cts	O Det=3873	H Det=2178	Mon Det=92862	Aux Det=8334	O+H=14385	 DONE
10/10/2025 11:49:35:	MOVE MOTOR REL	S18.axis2.phaseshifter 2	deg	0.1	FALSE DONE
10/10/2025 11:49:39:	19	count	time	30.0s/cts	O Det=2949	H Det=2910	Mon Det=92672	Aux Det=8413	O+H=14272	 DONE
10/10/2025 11:50:10:	MOVE MOTOR REL	S18.axis2.phaseshifter 2	deg	0.1	FALSE DONE
10/10/2025 11:50:14:	20	count	time	30.0s/cts	O Det=2001	H Det=3937	Mon Det=92408	Aux Det=8303	O+H=14241	 DONE
10/10/2025 11:50:46:	MOVE MOTOR REL	S18.axis2.phaseshifter 2	deg	0.1	FALSE DONE
10/10/2025 11:50:49:	21	count	time	30.0s/cts	O Det=1151	H Det=4675	Mon Det=92327	Aux Det=8296	O+H=14122	 DONE
10/10/2025 11:51:21:	MOVE MOTOR REL	S18.axis2.phaseshifter 2	deg	0.1	FALSE DONE
10/10/2025 11:51:24:	22	count	time	30.0s/cts	O Det=799	H Det=4818	Mon Det=93055	Aux Det=8280	O+H=13897	 DONE
10/10/2025 11:51:56:	close file and end scan	 DONE
call of ifg2r_newPS_2p30s.sc DONE
call of ifg2R_newPS_2p30s_p180.sc DONE
10/10/2025 11:51:58:	move motor	S18.auxiliary.Robot Z to 207413.00000um	reached 207413.00000  DONE
call of robot_Zout_doubleCd.sc DONE
10/10/2025 11:52:01:	move motor	S18.auxiliary.Robot rot big to 90.00000deg	reached 90.00000  DONE
10/10/2025 11:52:04:	move motor	S18.auxiliary.Robot Diagonal to 26000.00000um	reached 26000.29402  DONE
10/10/2025 11:52:28:	move motor	S18.auxiliary.Robot Z to 207413.00000um	reached 207412.00000  DONE
call of robot_Zout_doubleCd.sc DONE
10/10/2025 11:52:31:	move motor	S18.auxiliary.Robot rot big to 90.00000deg	reached 90.00000  DONE
10/10/2025 11:52:33:	move motor	S18.auxiliary.Robot Z to 292012.00000um	reached 292012.00000  DONE
call of robot_Zin_doubleCd.sc DONE
call of Block_path13_doubleCd.sc DONE
10/10/2025 11:52:42:	move motor	S18.auxiliary.Robot Diagonal to 25999.900000um	 DONE
10/10/2025 11:52:49:	create file	D:\data\Cycle 198\exp_3-16-19\rawdata\sc\ifg_wv1_psi_+1-1-i_10Oct1152.dat	 DONE
room to enter remarks DONE
10/10/2025 11:52:50:	move motor	S18.auxiliary.Robot Diagonal to 26000.000000um	 DONE
10/10/2025 11:52:56:	1	count	time	60.000000s/cts	O Det=1579	H Det=1731	Mon Det=184905	Aux Det=6328	O+H=9638	 DONE
10/10/2025 11:53:58:	move motor	S18.auxiliary.Robot Diagonal to 48000.000000um	 DONE
10/10/2025 11:54:13:	2	count	time	60.000000s/cts	O Det=1759	H Det=3377	Mon Det=185145	Aux Det=36	O+H=5172	 DONE
10/10/2025 11:55:14:	move motor	S18.auxiliary.Robot Diagonal to 70000.000000um	 DONE
10/10/2025 11:55:29:	3	count	time	60.000000s/cts	O Det=1767	H Det=1524	Mon Det=184367	Aux Det=10215	O+H=13506	 DONE
10/10/2025 11:56:31:	close file and end scan	 DONE
10/10/2025 11:56:31:	move motor	S18.auxiliary.Robot Z to 207413.00000um	reached 207426.00000  DONE
call of robot_Zout_doubleCd.sc DONE
call of int_meas_path213.sc DONE
10/10/2025 11:56:40:	END OF SCRIPT	 DONE
