20/10/2025 20:43:53:	start execution of script D:\data\Cycle 198\exp_3-16-19\rawdata\sc\ifg_wv2_psi_+1+1+1.sc	 DONE
20/10/2025 20:43:53:	create file	D:\data\Cycle 198\exp_3-16-19\rawdata\sc\ifg_wv2_psi_+1+1+1_20Oct2043.dat	 DONE
room to enter remarks DONE
20/10/2025 20:43:54:	MOVE MOTOR REL	S18.axis2.phaseshifter both	deg	0.0	FALSE DONE
20/10/2025 20:43:58:	1	count	time	30.0s/cts	O Det=6114	H Det=2278	Mon Det=72724	Aux Det=4871	O+H=13263	 DONE
20/10/2025 20:44:30:	MOVE MOTOR REL	S18.axis2.phaseshifter both	deg	0.07	FALSE DONE
20/10/2025 20:44:34:	2	count	time	30.0s/cts	O Det=5913	H Det=2146	Mon Det=72524	Aux Det=5321	O+H=13380	 DONE
20/10/2025 20:45:06:	MOVE MOTOR REL	S18.axis2.phaseshifter both	deg	0.07	FALSE DONE
20/10/2025 20:45:10:	3	count	time	30.0s/cts	O Det=5337	H Det=1978	Mon Det=72575	Aux Det=6143	O+H=13458	 DONE
20/10/2025 20:45:42:	MOVE MOTOR REL	S18.axis2.phaseshifter both	deg	0.07	FALSE DONE
20/10/2025 20:45:47:	4	count	time	30.0s/cts	O Det=4538	H Det=2149	Mon Det=73509	Aux Det=7594	O+H=14281	 DONE
20/10/2025 20:46:18:	MOVE MOTOR REL	S18.axis2.phaseshifter both	deg	0.07	FALSE DONE
20/10/2025 20:46:23:	5	count	time	30.0s/cts	O Det=3597	H Det=2156	Mon Det=72925	Aux Det=8992	O+H=14745	 DONE
20/10/2025 20:46:55:	MOVE MOTOR REL	S18.axis2.phaseshifter both	deg	0.07	FALSE DONE
20/10/2025 20:46:59:	6	count	time	30.0s/cts	O Det=2875	H Det=2184	Mon Det=73474	Aux Det=10302	O+H=15361	 DONE
20/10/2025 20:47:31:	MOVE MOTOR REL	S18.axis2.phaseshifter both	deg	0.07	FALSE DONE
20/10/2025 20:47:35:	7	count	time	30.0s/cts	O Det=2118	H Det=2204	Mon Det=72963	Aux Det=11586	O+H=15908	 DONE
20/10/2025 20:48:07:	MOVE MOTOR REL	S18.axis2.phaseshifter both	deg	0.07	FALSE DONE
20/10/2025 20:48:11:	8	count	time	30.0s/cts	O Det=1566	H Det=2360	Mon Det=73107	Aux Det=12198	O+H=16124	 DONE
20/10/2025 20:48:43:	MOVE MOTOR REL	S18.axis2.phaseshifter both	deg	0.07	FALSE DONE
20/10/2025 20:48:48:	9	count	time	30.0s/cts	O Det=1314	H Det=2459	Mon Det=73020	Aux Det=12264	O+H=16037	 DONE
20/10/2025 20:49:19:	MOVE MOTOR REL	S18.axis2.phaseshifter both	deg	0.07	FALSE DONE
20/10/2025 20:49:24:	10	count	time	30.0s/cts	O Det=1420	H Det=2583	Mon Det=73129	Aux Det=11800	O+H=15803	 DONE
20/10/2025 20:49:55:	MOVE MOTOR REL	S18.axis2.phaseshifter both	deg	0.07	FALSE DONE
20/10/2025 20:50:00:	11	count	time	30.0s/cts	O Det=1944	H Det=2494	Mon Det=72976	Aux Det=11032	O+H=15470	 DONE
20/10/2025 20:50:32:	MOVE MOTOR REL	S18.axis2.phaseshifter both	deg	0.07	FALSE DONE
20/10/2025 20:50:36:	12	count	time	30.0s/cts	O Det=2607	H Det=2542	Mon Det=72912	Aux Det=9952	O+H=15101	 DONE
20/10/2025 20:51:08:	MOVE MOTOR REL	S18.axis2.phaseshifter both	deg	0.07	FALSE DONE
20/10/2025 20:51:12:	13	count	time	30.0s/cts	O Det=3746	H Det=2479	Mon Det=72471	Aux Det=8277	O+H=14502	 DONE
20/10/2025 20:51:44:	MOVE MOTOR REL	S18.axis2.phaseshifter both	deg	0.07	FALSE DONE
20/10/2025 20:51:49:	14	count	time	30.0s/cts	O Det=4581	H Det=2536	Mon Det=72833	Aux Det=6786	O+H=13903	 DONE
20/10/2025 20:52:20:	MOVE MOTOR REL	S18.axis2.phaseshifter both	deg	0.07	FALSE DONE
20/10/2025 20:52:25:	15	count	time	30.0s/cts	O Det=5278	H Det=2537	Mon Det=72695	Aux Det=5922	O+H=13737	 DONE
20/10/2025 20:52:56:	MOVE MOTOR REL	S18.axis2.phaseshifter both	deg	0.07	FALSE DONE
20/10/2025 20:53:01:	16	count	time	30.0s/cts	O Det=5770	H Det=2372	Mon Det=72611	Aux Det=5131	O+H=13273	 DONE
20/10/2025 20:53:33:	MOVE MOTOR REL	S18.axis2.phaseshifter both	deg	0.07	FALSE DONE
20/10/2025 20:53:37:	17	count	time	30.0s/cts	O Det=5885	H Det=2230	Mon Det=72875	Aux Det=5030	O+H=13145	 DONE
20/10/2025 20:54:09:	MOVE MOTOR REL	S18.axis2.phaseshifter both	deg	0.07	FALSE DONE
20/10/2025 20:54:13:	18	count	time	30.0s/cts	O Det=5973	H Det=2234	Mon Det=72805	Aux Det=5305	O+H=13512	 DONE
20/10/2025 20:54:45:	MOVE MOTOR REL	S18.axis2.phaseshifter both	deg	0.07	FALSE DONE
20/10/2025 20:54:50:	19	count	time	30.0s/cts	O Det=5363	H Det=2259	Mon Det=73519	Aux Det=5882	O+H=13504	 DONE
20/10/2025 20:55:21:	MOVE MOTOR REL	S18.axis2.phaseshifter both	deg	0.07	FALSE DONE
20/10/2025 20:55:26:	20	count	time	30.0s/cts	O Det=4613	H Det=2220	Mon Det=73017	Aux Det=7154	O+H=13987	 DONE
20/10/2025 20:55:57:	MOVE MOTOR REL	S18.axis2.phaseshifter both	deg	0.07	FALSE DONE
20/10/2025 20:56:02:	21	count	time	30.0s/cts	O Det=3872	H Det=2309	Mon Det=73314	Aux Det=8346	O+H=14527	 DONE
20/10/2025 20:56:34:	MOVE MOTOR REL	S18.axis2.phaseshifter both	deg	0.07	FALSE DONE
20/10/2025 20:56:38:	22	count	time	30.0s/cts	O Det=2771	H Det=2522	Mon Det=73604	Aux Det=9715	O+H=15008	 DONE
20/10/2025 20:57:10:	MOVE MOTOR REL	S18.axis2.phaseshifter both	deg	0.07	FALSE DONE
20/10/2025 20:57:14:	23	count	time	30.0s/cts	O Det=2174	H Det=2439	Mon Det=73204	Aux Det=10925	O+H=15538	 DONE
20/10/2025 20:57:46:	MOVE MOTOR REL	S18.axis2.phaseshifter both	deg	0.07	FALSE DONE
20/10/2025 20:57:51:	24	count	time	30.0s/cts	O Det=1564	H Det=2382	Mon Det=72758	Aux Det=11923	O+H=15869	 DONE
20/10/2025 20:58:22:	MOVE MOTOR REL	S18.axis2.phaseshifter both	deg	0.07	FALSE DONE
20/10/2025 20:58:27:	25	count	time	30.0s/cts	O Det=1336	H Det=2404	Mon Det=73161	Aux Det=12301	O+H=16041	 DONE
20/10/2025 20:58:58:	MOVE MOTOR REL	S18.axis2.phaseshifter both	deg	0.07	FALSE DONE
20/10/2025 20:59:03:	26	count	time	30.0s/cts	O Det=1525	H Det=2476	Mon Det=72987	Aux Det=11922	O+H=15923	 DONE
20/10/2025 20:59:35:	MOVE MOTOR REL	S18.axis2.phaseshifter both	deg	0.07	FALSE DONE
20/10/2025 20:59:39:	27	count	time	30.0s/cts	O Det=2084	H Det=2401	Mon Det=73104	Aux Det=11172	O+H=15657	 DONE
20/10/2025 21:00:11:	MOVE MOTOR REL	S18.axis2.phaseshifter both	deg	0.07	FALSE DONE
20/10/2025 21:00:15:	28	count	time	30.0s/cts	O Det=2786	H Det=2441	Mon Det=73318	Aux Det=9775	O+H=15002	 DONE
20/10/2025 21:00:47:	MOVE MOTOR REL	S18.axis2.phaseshifter both	deg	0.07	FALSE DONE
20/10/2025 21:00:52:	29	count	time	30.0s/cts	O Det=3580	H Det=2339	Mon Det=72568	Aux Det=8646	O+H=14565	 DONE
20/10/2025 21:01:23:	MOVE MOTOR REL	S18.axis2.phaseshifter both	deg	0.07	FALSE DONE
20/10/2025 21:01:28:	30	count	time	30.0s/cts	O Det=4431	H Det=2366	Mon Det=72717	Aux Det=7092	O+H=13889	 DONE
20/10/2025 21:01:59:	MOVE MOTOR REL	S18.axis2.phaseshifter both	deg	0.07	FALSE DONE
20/10/2025 21:02:04:	31	count	time	30.0s/cts	O Det=5208	H Det=2407	Mon Det=72742	Aux Det=5735	O+H=13350	 DONE
20/10/2025 21:02:36:	MOVE MOTOR REL	S18.axis2.phaseshifter both	deg	0.07	FALSE DONE
20/10/2025 21:02:40:	32	count	time	30.0s/cts	O Det=5713	H Det=2352	Mon Det=72984	Aux Det=5150	O+H=13215	 DONE
20/10/2025 21:03:12:	NO ACTION	 DONE
20/10/2025 21:03:12:	close file and end scan	 DONE
call of ifg12r_newPS_2p30s_AP.sc DONE
20/10/2025 21:03:13:	move motor	S18.axis2.phaseshifter both to fit O COS-450	-1.611923reached -1.61499  DONE
call of ifg12R_newPS_2p30s_0_+1+1+1_wv2.sc DONE
20/10/2025 21:03:20:	create file	D:\data\Cycle 198\exp_3-16-19\rawdata\sc\ifg_wv2_psi_+1+1+1_20Oct2103.dat	 DONE
room to enter remarks DONE
20/10/2025 21:03:21:	MOVE MOTOR REL	S18.axis2.phaseshifter both	deg	0.0	FALSE DONE
20/10/2025 21:03:25:	1	count	time	30.0s/cts	O Det=3696	H Det=2630	Mon Det=72817	Aux Det=8060	O+H=14386	 DONE
20/10/2025 21:03:56:	MOVE MOTOR REL	S18.axis2.phaseshifter both	deg	0.07	FALSE DONE
20/10/2025 21:04:01:	2	count	time	30.0s/cts	O Det=4492	H Det=2468	Mon Det=72849	Aux Det=6825	O+H=13785	 DONE
20/10/2025 21:04:32:	MOVE MOTOR REL	S18.axis2.phaseshifter both	deg	0.07	FALSE DONE
20/10/2025 21:04:37:	3	count	time	30.0s/cts	O Det=5345	H Det=2449	Mon Det=72828	Aux Det=5672	O+H=13466	 DONE
20/10/2025 21:05:09:	MOVE MOTOR REL	S18.axis2.phaseshifter both	deg	0.07	FALSE DONE
20/10/2025 21:05:13:	4	count	time	30.0s/cts	O Det=5891	H Det=2305	Mon Det=72552	Aux Det=5067	O+H=13263	 DONE
20/10/2025 21:05:45:	MOVE MOTOR REL	S18.axis2.phaseshifter both	deg	0.07	FALSE DONE
20/10/2025 21:05:49:	5	count	time	30.0s/cts	O Det=5951	H Det=2331	Mon Det=73044	Aux Det=5034	O+H=13316	 DONE
20/10/2025 21:06:21:	MOVE MOTOR REL	S18.axis2.phaseshifter both	deg	0.07	FALSE DONE
20/10/2025 21:06:26:	6	count	time	30.0s/cts	O Det=5821	H Det=2185	Mon Det=72223	Aux Det=5589	O+H=13595	 DONE
20/10/2025 21:06:57:	MOVE MOTOR REL	S18.axis2.phaseshifter both	deg	0.07	FALSE DONE
20/10/2025 21:07:02:	7	count	time	30.0s/cts	O Det=5317	H Det=2283	Mon Det=73115	Aux Det=6163	O+H=13763	 DONE
20/10/2025 21:07:33:	MOVE MOTOR REL	S18.axis2.phaseshifter both	deg	0.07	FALSE DONE
20/10/2025 21:07:38:	8	count	time	30.0s/cts	O Det=4469	H Det=2126	Mon Det=72643	Aux Det=7409	O+H=14004	 DONE
20/10/2025 21:08:10:	MOVE MOTOR REL	S18.axis2.phaseshifter both	deg	0.07	FALSE DONE
20/10/2025 21:08:14:	9	count	time	30.0s/cts	O Det=3476	H Det=2297	Mon Det=72678	Aux Det=8833	O+H=14606	 DONE
20/10/2025 21:08:46:	MOVE MOTOR REL	S18.axis2.phaseshifter both	deg	0.07	FALSE DONE
20/10/2025 21:08:50:	10	count	time	30.0s/cts	O Det=2617	H Det=2227	Mon Det=73350	Aux Det=10387	O+H=15231	 DONE
20/10/2025 21:09:22:	MOVE MOTOR REL	S18.axis2.phaseshifter both	deg	0.07	FALSE DONE
20/10/2025 21:09:27:	11	count	time	30.0s/cts	O Det=2008	H Det=2441	Mon Det=72530	Aux Det=11216	O+H=15665	 DONE
20/10/2025 21:09:58:	MOVE MOTOR REL	S18.axis2.phaseshifter both	deg	0.07	FALSE DONE
20/10/2025 21:10:03:	12	count	time	30.0s/cts	O Det=1459	H Det=2520	Mon Det=72458	Aux Det=11795	O+H=15774	 DONE
20/10/2025 21:10:34:	MOVE MOTOR REL	S18.axis2.phaseshifter both	deg	0.07	FALSE DONE
20/10/2025 21:10:39:	13	count	time	30.0s/cts	O Det=1376	H Det=2414	Mon Det=73197	Aux Det=12155	O+H=15945	 DONE
20/10/2025 21:11:11:	MOVE MOTOR REL	S18.axis2.phaseshifter both	deg	0.07	FALSE DONE
20/10/2025 21:11:15:	14	count	time	30.0s/cts	O Det=1642	H Det=2398	Mon Det=72746	Aux Det=12003	O+H=16043	 DONE
20/10/2025 21:11:47:	MOVE MOTOR REL	S18.axis2.phaseshifter both	deg	0.07	FALSE DONE
20/10/2025 21:11:51:	15	count	time	30.0s/cts	O Det=2257	H Det=2325	Mon Det=73172	Aux Det=10986	O+H=15568	 DONE
20/10/2025 21:12:23:	MOVE MOTOR REL	S18.axis2.phaseshifter both	deg	0.07	FALSE DONE
20/10/2025 21:12:28:	16	count	time	30.0s/cts	O Det=2901	H Det=2267	Mon Det=72708	Aux Det=9804	O+H=14972	 DONE
20/10/2025 21:12:59:	MOVE MOTOR REL	S18.axis2.phaseshifter both	deg	0.07	FALSE DONE
20/10/2025 21:13:04:	17	count	time	30.0s/cts	O Det=3976	H Det=2287	Mon Det=72800	Aux Det=8328	O+H=14591	 DONE
20/10/2025 21:13:35:	MOVE MOTOR REL	S18.axis2.phaseshifter both	deg	0.07	FALSE DONE
20/10/2025 21:13:40:	18	count	time	30.0s/cts	O Det=4739	H Det=2335	Mon Det=73170	Aux Det=7134	O+H=14208	 DONE
20/10/2025 21:14:12:	MOVE MOTOR REL	S18.axis2.phaseshifter both	deg	0.07	FALSE DONE
20/10/2025 21:14:16:	19	count	time	30.0s/cts	O Det=5485	H Det=2190	Mon Det=73048	Aux Det=5764	O+H=13439	 DONE
20/10/2025 21:14:48:	MOVE MOTOR REL	S18.axis2.phaseshifter both	deg	0.07	FALSE DONE
20/10/2025 21:14:52:	20	count	time	30.0s/cts	O Det=5884	H Det=2173	Mon Det=73133	Aux Det=5150	O+H=13207	 DONE
20/10/2025 21:15:24:	MOVE MOTOR REL	S18.axis2.phaseshifter both	deg	0.07	FALSE DONE
20/10/2025 21:15:29:	21	count	time	30.0s/cts	O Det=5880	H Det=2293	Mon Det=73023	Aux Det=4955	O+H=13128	 DONE
20/10/2025 21:16:00:	MOVE MOTOR REL	S18.axis2.phaseshifter both	deg	0.07	FALSE DONE
20/10/2025 21:16:05:	22	count	time	30.0s/cts	O Det=5562	H Det=2386	Mon Det=72707	Aux Det=5257	O+H=13205	 DONE
20/10/2025 21:16:36:	MOVE MOTOR REL	S18.axis2.phaseshifter both	deg	0.07	FALSE DONE
20/10/2025 21:16:41:	23	count	time	30.0s/cts	O Det=5171	H Det=2394	Mon Det=72722	Aux Det=5994	O+H=13559	 DONE
20/10/2025 21:17:13:	MOVE MOTOR REL	S18.axis2.phaseshifter both	deg	0.07	FALSE DONE
20/10/2025 21:17:17:	24	count	time	30.0s/cts	O Det=4426	H Det=2443	Mon Det=72803	Aux Det=7187	O+H=14056	 DONE
20/10/2025 21:17:49:	MOVE MOTOR REL	S18.axis2.phaseshifter both	deg	0.07	FALSE DONE
20/10/2025 21:17:53:	25	count	time	30.0s/cts	O Det=3556	H Det=2625	Mon Det=72955	Aux Det=8505	O+H=14686	 DONE
20/10/2025 21:18:25:	MOVE MOTOR REL	S18.axis2.phaseshifter both	deg	0.07	FALSE DONE
20/10/2025 21:18:30:	26	count	time	30.0s/cts	O Det=2626	H Det=2580	Mon Det=73206	Aux Det=9872	O+H=15078	 DONE
20/10/2025 21:19:01:	MOVE MOTOR REL	S18.axis2.phaseshifter both	deg	0.07	FALSE DONE
20/10/2025 21:19:06:	27	count	time	30.0s/cts	O Det=1733	H Det=2627	Mon Det=73715	Aux Det=11116	O+H=15476	 DONE
20/10/2025 21:19:37:	MOVE MOTOR REL	S18.axis2.phaseshifter both	deg	0.07	FALSE DONE
20/10/2025 21:19:42:	28	count	time	30.0s/cts	O Det=1391	H Det=2706	Mon Det=72909	Aux Det=11781	O+H=15878	 DONE
20/10/2025 21:20:14:	MOVE MOTOR REL	S18.axis2.phaseshifter both	deg	0.07	FALSE DONE
20/10/2025 21:20:18:	29	count	time	30.0s/cts	O Det=1290	H Det=2498	Mon Det=73012	Aux Det=12271	O+H=16059	 DONE
20/10/2025 21:20:50:	MOVE MOTOR REL	S18.axis2.phaseshifter both	deg	0.07	FALSE DONE
20/10/2025 21:20:54:	30	count	time	30.0s/cts	O Det=1637	H Det=2239	Mon Det=72720	Aux Det=12084	O+H=15960	 DONE
20/10/2025 21:21:26:	MOVE MOTOR REL	S18.axis2.phaseshifter both	deg	0.07	FALSE DONE
20/10/2025 21:21:31:	31	count	time	30.0s/cts	O Det=2209	H Det=2263	Mon Det=73317	Aux Det=11181	O+H=15653	 DONE
20/10/2025 21:22:02:	MOVE MOTOR REL	S18.axis2.phaseshifter both	deg	0.07	FALSE DONE
20/10/2025 21:22:07:	32	count	time	30.0s/cts	O Det=2938	H Det=2224	Mon Det=72982	Aux Det=10138	O+H=15300	 DONE
20/10/2025 21:22:38:	NO ACTION	 DONE
20/10/2025 21:22:39:	close file and end scan	 DONE
call of ifg12r_newPS_2p30s_AP.sc DONE
20/10/2025 21:22:40:	move motor	S18.axis2.phaseshifter both to fit O COS90	-1.112294reached -1.12061  DONE
call of ifg12R_newPS_2p30s_m90_+1+1+1_wv2.sc DONE
20/10/2025 21:22:46:	create file	D:\data\Cycle 198\exp_3-16-19\rawdata\sc\ifg_wv2_psi_+1+1+1_20Oct2122.dat	 DONE
room to enter remarks DONE
20/10/2025 21:22:47:	MOVE MOTOR REL	S18.axis2.phaseshifter both	deg	0.0	FALSE DONE
20/10/2025 21:22:51:	1	count	time	30.0s/cts	O Det=3227	H Det=2601	Mon Det=73348	Aux Det=8652	O+H=14480	 DONE
20/10/2025 21:23:23:	MOVE MOTOR REL	S18.axis2.phaseshifter both	deg	0.07	FALSE DONE
20/10/2025 21:23:27:	2	count	time	30.0s/cts	O Det=2520	H Det=2686	Mon Det=73822	Aux Det=9935	O+H=15141	 DONE
20/10/2025 21:23:59:	MOVE MOTOR REL	S18.axis2.phaseshifter both	deg	0.07	FALSE DONE
20/10/2025 21:24:03:	3	count	time	30.0s/cts	O Det=1798	H Det=2584	Mon Det=73469	Aux Det=11404	O+H=15786	 DONE
20/10/2025 21:24:35:	MOVE MOTOR REL	S18.axis2.phaseshifter both	deg	0.07	FALSE DONE
20/10/2025 21:24:39:	4	count	time	30.0s/cts	O Det=1343	H Det=2435	Mon Det=73807	Aux Det=11995	O+H=15773	 DONE
20/10/2025 21:25:11:	MOVE MOTOR REL	S18.axis2.phaseshifter both	deg	0.07	FALSE DONE
20/10/2025 21:25:16:	5	count	time	30.0s/cts	O Det=1315	H Det=2399	Mon Det=73583	Aux Det=12255	O+H=15969	 DONE
20/10/2025 21:25:47:	MOVE MOTOR REL	S18.axis2.phaseshifter both	deg	0.07	FALSE DONE
20/10/2025 21:25:52:	6	count	time	30.0s/cts	O Det=1675	H Det=2427	Mon Det=73189	Aux Det=11584	O+H=15686	 DONE
20/10/2025 21:26:23:	MOVE MOTOR REL	S18.axis2.phaseshifter both	deg	0.07	FALSE DONE
20/10/2025 21:26:28:	7	count	time	30.0s/cts	O Det=2271	H Det=2305	Mon Det=72987	Aux Det=10758	O+H=15334	 DONE
20/10/2025 21:27:00:	MOVE MOTOR REL	S18.axis2.phaseshifter both	deg	0.07	FALSE DONE
20/10/2025 21:27:04:	8	count	time	30.0s/cts	O Det=3165	H Det=2284	Mon Det=73003	Aux Det=9495	O+H=14944	 DONE
20/10/2025 21:27:36:	MOVE MOTOR REL	S18.axis2.phaseshifter both	deg	0.07	FALSE DONE
20/10/2025 21:27:40:	9	count	time	30.0s/cts	O Det=4048	H Det=2401	Mon Det=73082	Aux Det=7900	O+H=14349	 DONE
20/10/2025 21:28:12:	MOVE MOTOR REL	S18.axis2.phaseshifter both	deg	0.07	FALSE DONE
20/10/2025 21:28:17:	10	count	time	30.0s/cts	O Det=4951	H Det=2416	Mon Det=72877	Aux Det=6622	O+H=13989	 DONE
20/10/2025 21:28:48:	MOVE MOTOR REL	S18.axis2.phaseshifter both	deg	0.07	FALSE DONE
20/10/2025 21:28:53:	11	count	time	30.0s/cts	O Det=5534	H Det=2262	Mon Det=72531	Aux Det=5699	O+H=13495	 DONE
20/10/2025 21:29:24:	MOVE MOTOR REL	S18.axis2.phaseshifter both	deg	0.07	FALSE DONE
20/10/2025 21:29:29:	12	count	time	30.0s/cts	O Det=5927	H Det=2257	Mon Det=73311	Aux Det=5130	O+H=13314	 DONE
20/10/2025 21:30:01:	MOVE MOTOR REL	S18.axis2.phaseshifter both	deg	0.07	FALSE DONE
20/10/2025 21:30:05:	13	count	time	30.0s/cts	O Det=5931	H Det=2303	Mon Det=73195	Aux Det=5049	O+H=13283	 DONE
20/10/2025 21:30:37:	MOVE MOTOR REL	S18.axis2.phaseshifter both	deg	0.07	FALSE DONE
20/10/2025 21:30:41:	14	count	time	30.0s/cts	O Det=5782	H Det=2307	Mon Det=73067	Aux Det=5393	O+H=13482	 DONE
20/10/2025 21:31:13:	MOVE MOTOR REL	S18.axis2.phaseshifter both	deg	0.07	FALSE DONE
20/10/2025 21:31:18:	15	count	time	30.0s/cts	O Det=5154	H Det=2262	Mon Det=73127	Aux Det=6311	O+H=13727	 DONE
20/10/2025 21:31:49:	MOVE MOTOR REL	S18.axis2.phaseshifter both	deg	0.07	FALSE DONE
20/10/2025 21:31:54:	16	count	time	30.0s/cts	O Det=4229	H Det=2331	Mon Det=73605	Aux Det=7731	O+H=14291	 DONE
20/10/2025 21:32:25:	MOVE MOTOR REL	S18.axis2.phaseshifter both	deg	0.07	FALSE DONE
20/10/2025 21:32:30:	17	count	time	30.0s/cts	O Det=3367	H Det=2474	Mon Det=73009	Aux Det=8984	O+H=14825	 DONE
20/10/2025 21:33:02:	MOVE MOTOR REL	S18.axis2.phaseshifter both	deg	0.07	FALSE DONE
20/10/2025 21:33:06:	18	count	time	30.0s/cts	O Det=2564	H Det=2479	Mon Det=73314	Aux Det=10225	O+H=15268	 DONE
20/10/2025 21:33:38:	MOVE MOTOR REL	S18.axis2.phaseshifter both	deg	0.07	FALSE DONE
20/10/2025 21:33:42:	19	count	time	30.0s/cts	O Det=1912	H Det=2455	Mon Det=73146	Aux Det=11141	O+H=15508	 DONE
20/10/2025 21:34:14:	MOVE MOTOR REL	S18.axis2.phaseshifter both	deg	0.07	FALSE DONE
20/10/2025 21:34:19:	20	count	time	30.0s/cts	O Det=1483	H Det=2471	Mon Det=73196	Aux Det=12092	O+H=16046	 DONE
20/10/2025 21:34:50:	MOVE MOTOR REL	S18.axis2.phaseshifter both	deg	0.07	FALSE DONE
20/10/2025 21:34:55:	21	count	time	30.0s/cts	O Det=1393	H Det=2395	Mon Det=72961	Aux Det=12327	O+H=16115	 DONE
20/10/2025 21:35:26:	MOVE MOTOR REL	S18.axis2.phaseshifter both	deg	0.07	FALSE DONE
20/10/2025 21:35:31:	22	count	time	30.0s/cts	O Det=1674	H Det=2227	Mon Det=73067	Aux Det=12061	O+H=15962	 DONE
20/10/2025 21:36:03:	MOVE MOTOR REL	S18.axis2.phaseshifter both	deg	0.07	FALSE DONE
20/10/2025 21:36:07:	23	count	time	30.0s/cts	O Det=2152	H Det=2312	Mon Det=73179	Aux Det=11151	O+H=15615	 DONE
20/10/2025 21:36:39:	MOVE MOTOR REL	S18.axis2.phaseshifter both	deg	0.07	FALSE DONE
20/10/2025 21:36:43:	24	count	time	30.0s/cts	O Det=2876	H Det=2267	Mon Det=73198	Aux Det=10010	O+H=15153	 DONE
20/10/2025 21:37:15:	MOVE MOTOR REL	S18.axis2.phaseshifter both	deg	0.07	FALSE DONE
20/10/2025 21:37:20:	25	count	time	30.0s/cts	O Det=3768	H Det=2115	Mon Det=73026	Aux Det=8721	O+H=14604	 DONE
20/10/2025 21:37:51:	MOVE MOTOR REL	S18.axis2.phaseshifter both	deg	0.07	FALSE DONE
20/10/2025 21:37:56:	26	count	time	30.0s/cts	O Det=4644	H Det=2246	Mon Det=73071	Aux Det=7180	O+H=14070	 DONE
20/10/2025 21:38:27:	MOVE MOTOR REL	S18.axis2.phaseshifter both	deg	0.07	FALSE DONE
20/10/2025 21:38:32:	27	count	time	30.0s/cts	O Det=5394	H Det=2291	Mon Det=73012	Aux Det=6000	O+H=13685	 DONE
20/10/2025 21:39:04:	MOVE MOTOR REL	S18.axis2.phaseshifter both	deg	0.07	FALSE DONE
20/10/2025 21:39:08:	28	count	time	30.0s/cts	O Det=5971	H Det=2213	Mon Det=73876	Aux Det=5122	O+H=13306	 DONE
20/10/2025 21:39:40:	MOVE MOTOR REL	S18.axis2.phaseshifter both	deg	0.07	FALSE DONE
20/10/2025 21:39:44:	29	count	time	30.0s/cts	O Det=6046	H Det=2279	Mon Det=73634	Aux Det=4882	O+H=13207	 DONE
20/10/2025 21:40:16:	MOVE MOTOR REL	S18.axis2.phaseshifter both	deg	0.07	FALSE DONE
20/10/2025 21:40:21:	30	count	time	30.0s/cts	O Det=5613	H Det=2341	Mon Det=73783	Aux Det=5444	O+H=13398	 DONE
20/10/2025 21:40:52:	MOVE MOTOR REL	S18.axis2.phaseshifter both	deg	0.07	FALSE DONE
20/10/2025 21:40:57:	31	count	time	30.0s/cts	O Det=5177	H Det=2379	Mon Det=73421	Aux Det=6422	O+H=13978	 DONE
20/10/2025 21:41:28:	MOVE MOTOR REL	S18.axis2.phaseshifter both	deg	0.07	FALSE DONE
20/10/2025 21:41:33:	32	count	time	30.0s/cts	O Det=4170	H Det=2381	Mon Det=73284	Aux Det=7904	O+H=14455	 DONE
20/10/2025 21:42:05:	NO ACTION	 DONE
20/10/2025 21:42:05:	close file and end scan	 DONE
call of ifg12r_newPS_2p30s_AP.sc DONE
20/10/2025 21:42:06:	move motor	S18.axis2.phaseshifter both to fit O COS-180	-0.867378reached -0.85693  DONE
call of ifg12R_newPS_2p30s_p90_+1+1+1_wv2.sc DONE
20/10/2025 21:42:12:	create file	D:\data\Cycle 198\exp_3-16-19\rawdata\sc\ifg_wv2_psi_+1+1+1_20Oct2142.dat	 DONE
room to enter remarks DONE
20/10/2025 21:42:13:	MOVE MOTOR REL	S18.axis2.phaseshifter both	deg	0.0	FALSE DONE
20/10/2025 21:42:17:	1	count	time	30.0s/cts	O Det=1377	H Det=2438	Mon Det=73212	Aux Det=12271	O+H=16086	 DONE
20/10/2025 21:42:49:	MOVE MOTOR REL	S18.axis2.phaseshifter both	deg	0.07	FALSE DONE
20/10/2025 21:42:53:	2	count	time	30.0s/cts	O Det=1559	H Det=2272	Mon Det=73304	Aux Det=12206	O+H=16037	 DONE
20/10/2025 21:43:25:	MOVE MOTOR REL	S18.axis2.phaseshifter both	deg	0.07	FALSE DONE
20/10/2025 21:43:29:	3	count	time	30.0s/cts	O Det=1932	H Det=2420	Mon Det=72855	Aux Det=11276	O+H=15628	 DONE
20/10/2025 21:44:01:	MOVE MOTOR REL	S18.axis2.phaseshifter both	deg	0.07	FALSE DONE
20/10/2025 21:44:06:	4	count	time	30.0s/cts	O Det=2701	H Det=2424	Mon Det=73132	Aux Det=10080	O+H=15205	 DONE
20/10/2025 21:44:37:	MOVE MOTOR REL	S18.axis2.phaseshifter both	deg	0.07	FALSE DONE
20/10/2025 21:44:42:	5	count	time	30.0s/cts	O Det=3456	H Det=2501	Mon Det=72704	Aux Det=8772	O+H=14729	 DONE
20/10/2025 21:45:13:	MOVE MOTOR REL	S18.axis2.phaseshifter both	deg	0.07	FALSE DONE
20/10/2025 21:45:18:	6	count	time	30.0s/cts	O Det=4320	H Det=2506	Mon Det=73400	Aux Det=7205	O+H=14031	 DONE
20/10/2025 21:45:50:	MOVE MOTOR REL	S18.axis2.phaseshifter both	deg	0.07	FALSE DONE
20/10/2025 21:45:54:	7	count	time	30.0s/cts	O Det=5213	H Det=2358	Mon Det=73420	Aux Det=6040	O+H=13611	 DONE
20/10/2025 21:46:26:	MOVE MOTOR REL	S18.axis2.phaseshifter both	deg	0.07	FALSE DONE
20/10/2025 21:46:30:	8	count	time	30.0s/cts	O Det=5713	H Det=2335	Mon Det=73066	Aux Det=5450	O+H=13498	 DONE
20/10/2025 21:47:02:	MOVE MOTOR REL	S18.axis2.phaseshifter both	deg	0.07	FALSE DONE
20/10/2025 21:47:07:	9	count	time	30.0s/cts	O Det=5893	H Det=2353	Mon Det=73798	Aux Det=5023	O+H=13269	 DONE
20/10/2025 21:47:38:	MOVE MOTOR REL	S18.axis2.phaseshifter both	deg	0.07	FALSE DONE
20/10/2025 21:47:43:	10	count	time	30.0s/cts	O Det=6009	H Det=2156	Mon Det=73472	Aux Det=5057	O+H=13222	 DONE
20/10/2025 21:48:14:	MOVE MOTOR REL	S18.axis2.phaseshifter both	deg	0.07	FALSE DONE
20/10/2025 21:48:19:	11	count	time	30.0s/cts	O Det=5595	H Det=2172	Mon Det=73523	Aux Det=6169	O+H=13936	 DONE
20/10/2025 21:48:51:	MOVE MOTOR REL	S18.axis2.phaseshifter both	deg	0.07	FALSE DONE
20/10/2025 21:48:55:	12	count	time	30.0s/cts	O Det=4742	H Det=2155	Mon Det=72462	Aux Det=7180	O+H=14077	 DONE
20/10/2025 21:49:27:	MOVE MOTOR REL	S18.axis2.phaseshifter both	deg	0.07	FALSE DONE
20/10/2025 21:49:31:	13	count	time	30.0s/cts	O Det=3775	H Det=2135	Mon Det=73043	Aux Det=8778	O+H=14688	 DONE
20/10/2025 21:50:03:	MOVE MOTOR REL	S18.axis2.phaseshifter both	deg	0.07	FALSE DONE
20/10/2025 21:50:08:	14	count	time	30.0s/cts	O Det=3026	H Det=2216	Mon Det=73258	Aux Det=9971	O+H=15213	 DONE
20/10/2025 21:50:39:	MOVE MOTOR REL	S18.axis2.phaseshifter both	deg	0.07	FALSE DONE
20/10/2025 21:50:44:	15	count	time	30.0s/cts	O Det=2197	H Det=2239	Mon Det=72851	Aux Det=10973	O+H=15409	 DONE
20/10/2025 21:51:15:	MOVE MOTOR REL	S18.axis2.phaseshifter both	deg	0.07	FALSE DONE
20/10/2025 21:51:20:	16	count	time	30.0s/cts	O Det=1675	H Det=2221	Mon Det=72872	Aux Det=11916	O+H=15812	 DONE
20/10/2025 21:51:52:	MOVE MOTOR REL	S18.axis2.phaseshifter both	deg	0.07	FALSE DONE
20/10/2025 21:51:56:	17	count	time	30.0s/cts	O Det=1314	H Det=2519	Mon Det=72960	Aux Det=12244	O+H=16077	 DONE
20/10/2025 21:52:28:	MOVE MOTOR REL	S18.axis2.phaseshifter both	deg	0.07	FALSE DONE
20/10/2025 21:52:32:	18	count	time	30.0s/cts	O Det=1431	H Det=2453	Mon Det=72681	Aux Det=11932	O+H=15816	 DONE
20/10/2025 21:53:04:	MOVE MOTOR REL	S18.axis2.phaseshifter both	deg	0.07	FALSE DONE
20/10/2025 21:53:08:	19	count	time	30.0s/cts	O Det=1956	H Det=2704	Mon Det=73232	Aux Det=10832	O+H=15492	 DONE
20/10/2025 21:53:40:	MOVE MOTOR REL	S18.axis2.phaseshifter both	deg	0.07	FALSE DONE
20/10/2025 21:53:45:	20	count	time	30.0s/cts	O Det=2698	H Det=2679	Mon Det=72758	Aux Det=9686	O+H=15063	 DONE
20/10/2025 21:54:16:	MOVE MOTOR REL	S18.axis2.phaseshifter both	deg	0.07	FALSE DONE
20/10/2025 21:54:21:	21	count	time	30.0s/cts	O Det=3464	H Det=2748	Mon Det=73086	Aux Det=8247	O+H=14459	 DONE
20/10/2025 21:54:52:	MOVE MOTOR REL	S18.axis2.phaseshifter both	deg	0.07	FALSE DONE
20/10/2025 21:54:57:	22	count	time	30.0s/cts	O Det=4428	H Det=2583	Mon Det=73315	Aux Det=6965	O+H=13976	 DONE
20/10/2025 21:55:29:	MOVE MOTOR REL	S18.axis2.phaseshifter both	deg	0.07	FALSE DONE
20/10/2025 21:55:33:	23	count	time	30.0s/cts	O Det=5210	H Det=2578	Mon Det=72991	Aux Det=5791	O+H=13579	 DONE
20/10/2025 21:56:05:	MOVE MOTOR REL	S18.axis2.phaseshifter both	deg	0.07	FALSE DONE
20/10/2025 21:56:09:	24	count	time	30.0s/cts	O Det=5644	H Det=2315	Mon Det=72831	Aux Det=5211	O+H=13170	 DONE
20/10/2025 21:56:41:	MOVE MOTOR REL	S18.axis2.phaseshifter both	deg	0.07	FALSE DONE
20/10/2025 21:56:46:	25	count	time	30.0s/cts	O Det=5938	H Det=2342	Mon Det=73006	Aux Det=4895	O+H=13175	 DONE
20/10/2025 21:57:17:	MOVE MOTOR REL	S18.axis2.phaseshifter both	deg	0.07	FALSE DONE
20/10/2025 21:57:22:	26	count	time	30.0s/cts	O Det=5773	H Det=2144	Mon Det=73029	Aux Det=5368	O+H=13285	 DONE
20/10/2025 21:57:53:	MOVE MOTOR REL	S18.axis2.phaseshifter both	deg	0.07	FALSE DONE
20/10/2025 21:57:58:	27	count	time	30.0s/cts	O Det=5124	H Det=2155	Mon Det=72650	Aux Det=6521	O+H=13800	 DONE
20/10/2025 21:58:30:	MOVE MOTOR REL	S18.axis2.phaseshifter both	deg	0.07	FALSE DONE
20/10/2025 21:58:34:	28	count	time	30.0s/cts	O Det=4486	H Det=2117	Mon Det=73004	Aux Det=7867	O+H=14470	 DONE
20/10/2025 21:59:06:	MOVE MOTOR REL	S18.axis2.phaseshifter both	deg	0.07	FALSE DONE
20/10/2025 21:59:10:	29	count	time	30.0s/cts	O Det=3664	H Det=2135	Mon Det=72754	Aux Det=9279	O+H=15078	 DONE
20/10/2025 21:59:42:	MOVE MOTOR REL	S18.axis2.phaseshifter both	deg	0.07	FALSE DONE
20/10/2025 21:59:47:	30	count	time	30.0s/cts	O Det=2608	H Det=2138	Mon Det=73232	Aux Det=10639	O+H=15385	 DONE
20/10/2025 22:00:18:	MOVE MOTOR REL	S18.axis2.phaseshifter both	deg	0.07	FALSE DONE
20/10/2025 22:00:23:	31	count	time	30.0s/cts	O Det=2015	H Det=2275	Mon Det=72711	Aux Det=11722	O+H=16012	 DONE
20/10/2025 22:00:54:	MOVE MOTOR REL	S18.axis2.phaseshifter both	deg	0.07	FALSE DONE
20/10/2025 22:00:59:	32	count	time	30.0s/cts	O Det=1567	H Det=2425	Mon Det=73028	Aux Det=12090	O+H=16082	 DONE
20/10/2025 22:01:31:	NO ACTION	 DONE
20/10/2025 22:01:31:	close file and end scan	 DONE
call of ifg12r_newPS_2p30s_AP.sc DONE
call of ifg12R_newPS_2p30s_p180.sc DONE
20/10/2025 22:01:33:	move motor	S18.auxiliary.Robot Z to 207413.00000um	reached 207412.00000  DONE
call of robot_Zout_doubleCd.sc DONE
20/10/2025 22:01:36:	move motor	S18.auxiliary.Robot rot big to 90.00000deg	reached 90.00000  DONE
20/10/2025 22:01:38:	move motor	S18.auxiliary.Robot Diagonal to 26000.00000um	reached 26003.75812  DONE
20/10/2025 22:02:03:	move motor	S18.auxiliary.Robot Z to 207413.00000um	reached 207412.00000  DONE
call of robot_Zout_doubleCd.sc DONE
20/10/2025 22:02:06:	move motor	S18.auxiliary.Robot rot big to 90.00000deg	reached 90.00000  DONE
20/10/2025 22:02:09:	move motor	S18.auxiliary.Robot Z to 292012.00000um	reached 292012.00000  DONE
call of robot_Zin_doubleCd.sc DONE
call of Block_path13_doubleCd.sc DONE
20/10/2025 22:02:17:	move motor	S18.auxiliary.Robot Diagonal to 25999.900000um	 DONE
20/10/2025 22:02:23:	create file	D:\data\Cycle 198\exp_3-16-19\rawdata\sc\ifg_wv2_psi_+1+1+1_20Oct2202.dat	 DONE
room to enter remarks DONE
20/10/2025 22:02:24:	move motor	S18.auxiliary.Robot Diagonal to 26000.000000um	 DONE
20/10/2025 22:02:30:	1	count	time	60.000000s/cts	O Det=1609	H Det=1779	Mon Det=147388	Aux Det=5884	O+H=9272	 DONE
20/10/2025 22:03:31:	move motor	S18.auxiliary.Robot Diagonal to 48000.000000um	 DONE
20/10/2025 22:03:46:	2	count	time	60.000000s/cts	O Det=1686	H Det=3298	Mon Det=146851	Aux Det=36	O+H=5020	 DONE
20/10/2025 22:04:48:	move motor	S18.auxiliary.Robot Diagonal to 70000.000000um	 DONE
20/10/2025 22:05:03:	3	count	time	60.000000s/cts	O Det=1725	H Det=1708	Mon Det=147485	Aux Det=11242	O+H=14675	 DONE
20/10/2025 22:06:04:	close file and end scan	 DONE
20/10/2025 22:06:05:	move motor	S18.auxiliary.Robot Z to 207413.00000um	reached 207402.00000  DONE
call of robot_Zout_doubleCd.sc DONE
call of int_meas_path213.sc DONE
20/10/2025 22:06:13:	END OF SCRIPT	 DONE
