15/10/2025 17:47:10:	start execution of script D:\data\Cycle 198\exp_3-16-19\rawdata\sc\ifg_wv2_psi_+1-1-i.sc	 DONE
15/10/2025 17:47:11:	create file	D:\data\Cycle 198\exp_3-16-19\rawdata\sc\ifg_wv2_psi_+1-1-i_15Oct1747.dat	 DONE
room to enter remarks DONE
15/10/2025 17:47:12:	MOVE MOTOR REL	S18.axis2.phaseshifter both	deg	0.0	FALSE DONE
15/10/2025 17:47:16:	1	count	time	15.0s/cts	O Det=558	H Det=2525	Mon Det=35787	Aux Det=4157	O+H=7240	 DONE
15/10/2025 17:47:33:	MOVE MOTOR REL	S18.axis2.phaseshifter both	deg	0.07	FALSE DONE
15/10/2025 17:47:38:	2	count	time	15.0s/cts	O Det=774	H Det=2629	Mon Det=35669	Aux Det=3440	O+H=6843	 DONE
15/10/2025 17:47:55:	MOVE MOTOR REL	S18.axis2.phaseshifter both	deg	0.07	FALSE DONE
15/10/2025 17:47:59:	3	count	time	15.0s/cts	O Det=1139	H Det=2746	Mon Det=35828	Aux Det=2782	O+H=6667	 DONE
15/10/2025 17:48:16:	MOVE MOTOR REL	S18.axis2.phaseshifter both	deg	0.07	FALSE DONE
15/10/2025 17:48:21:	4	count	time	15.0s/cts	O Det=1434	H Det=2632	Mon Det=35798	Aux Det=2526	O+H=6592	 DONE
15/10/2025 17:48:37:	MOVE MOTOR REL	S18.axis2.phaseshifter both	deg	0.07	FALSE DONE
15/10/2025 17:48:42:	5	count	time	15.0s/cts	O Det=1652	H Det=2327	Mon Det=35348	Aux Det=2579	O+H=6558	 DONE
15/10/2025 17:48:59:	MOVE MOTOR REL	S18.axis2.phaseshifter both	deg	0.07	FALSE DONE
15/10/2025 17:49:04:	6	count	time	15.0s/cts	O Det=1970	H Det=2026	Mon Det=35851	Aux Det=2738	O+H=6734	 DONE
15/10/2025 17:49:21:	MOVE MOTOR REL	S18.axis2.phaseshifter both	deg	0.07	FALSE DONE
15/10/2025 17:49:26:	7	count	time	15.0s/cts	O Det=1893	H Det=1694	Mon Det=35759	Aux Det=3436	O+H=7023	 DONE
15/10/2025 17:49:43:	MOVE MOTOR REL	S18.axis2.phaseshifter both	deg	0.07	FALSE DONE
15/10/2025 17:49:47:	8	count	time	15.0s/cts	O Det=1781	H Det=1388	Mon Det=35284	Aux Det=4282	O+H=7451	 DONE
15/10/2025 17:50:04:	MOVE MOTOR REL	S18.axis2.phaseshifter both	deg	0.07	FALSE DONE
15/10/2025 17:50:09:	9	count	time	15.0s/cts	O Det=1664	H Det=1044	Mon Det=35781	Aux Det=5087	O+H=7795	 DONE
15/10/2025 17:50:26:	MOVE MOTOR REL	S18.axis2.phaseshifter both	deg	0.07	FALSE DONE
15/10/2025 17:50:31:	10	count	time	15.0s/cts	O Det=1476	H Det=974	Mon Det=35907	Aux Det=5544	O+H=7994	 DONE
15/10/2025 17:50:47:	MOVE MOTOR REL	S18.axis2.phaseshifter both	deg	0.07	FALSE DONE
15/10/2025 17:50:52:	11	count	time	15.0s/cts	O Det=1133	H Det=980	Mon Det=35896	Aux Det=6095	O+H=8208	 DONE
15/10/2025 17:51:09:	MOVE MOTOR REL	S18.axis2.phaseshifter both	deg	0.07	FALSE DONE
15/10/2025 17:51:14:	12	count	time	15.0s/cts	O Det=823	H Det=1114	Mon Det=36055	Aux Det=6272	O+H=8209	 DONE
15/10/2025 17:51:31:	MOVE MOTOR REL	S18.axis2.phaseshifter both	deg	0.07	FALSE DONE
15/10/2025 17:51:36:	13	count	time	15.0s/cts	O Det=581	H Det=1341	Mon Det=35629	Aux Det=6316	O+H=8238	 DONE
15/10/2025 17:51:52:	MOVE MOTOR REL	S18.axis2.phaseshifter both	deg	0.07	FALSE DONE
15/10/2025 17:51:57:	14	count	time	15.0s/cts	O Det=411	H Det=1650	Mon Det=35232	Aux Det=5945	O+H=8006	 DONE
15/10/2025 17:52:14:	MOVE MOTOR REL	S18.axis2.phaseshifter both	deg	0.07	FALSE DONE
15/10/2025 17:52:19:	15	count	time	15.0s/cts	O Det=373	H Det=1931	Mon Det=35772	Aux Det=5345	O+H=7649	 DONE
15/10/2025 17:52:36:	MOVE MOTOR REL	S18.axis2.phaseshifter both	deg	0.07	FALSE DONE
15/10/2025 17:52:41:	16	count	time	15.0s/cts	O Det=498	H Det=2242	Mon Det=35811	Aux Det=4631	O+H=7371	 DONE
15/10/2025 17:52:58:	MOVE MOTOR REL	S18.axis2.phaseshifter both	deg	0.07	FALSE DONE
15/10/2025 17:53:02:	17	count	time	15.0s/cts	O Det=660	H Det=2376	Mon Det=35723	Aux Det=3825	O+H=6861	 DONE
15/10/2025 17:53:19:	MOVE MOTOR REL	S18.axis2.phaseshifter both	deg	0.07	FALSE DONE
15/10/2025 17:53:24:	18	count	time	15.0s/cts	O Det=972	H Det=2559	Mon Det=35599	Aux Det=3216	O+H=6747	 DONE
15/10/2025 17:53:41:	MOVE MOTOR REL	S18.axis2.phaseshifter both	deg	0.07	FALSE DONE
15/10/2025 17:53:46:	19	count	time	15.0s/cts	O Det=1223	H Det=2632	Mon Det=36026	Aux Det=2797	O+H=6652	 DONE
15/10/2025 17:54:02:	MOVE MOTOR REL	S18.axis2.phaseshifter both	deg	0.07	FALSE DONE
15/10/2025 17:54:07:	20	count	time	15.0s/cts	O Det=1490	H Det=2503	Mon Det=35681	Aux Det=2448	O+H=6441	 DONE
15/10/2025 17:54:24:	MOVE MOTOR REL	S18.axis2.phaseshifter both	deg	0.07	FALSE DONE
15/10/2025 17:54:29:	21	count	time	15.0s/cts	O Det=1659	H Det=2354	Mon Det=35631	Aux Det=2583	O+H=6596	 DONE
15/10/2025 17:54:46:	MOVE MOTOR REL	S18.axis2.phaseshifter both	deg	0.07	FALSE DONE
15/10/2025 17:54:51:	22	count	time	15.0s/cts	O Det=1895	H Det=2052	Mon Det=35498	Aux Det=2779	O+H=6726	 DONE
15/10/2025 17:55:07:	MOVE MOTOR REL	S18.axis2.phaseshifter both	deg	0.07	FALSE DONE
15/10/2025 17:55:12:	23	count	time	15.0s/cts	O Det=1958	H Det=1749	Mon Det=35718	Aux Det=3142	O+H=6849	 DONE
15/10/2025 17:55:29:	MOVE MOTOR REL	S18.axis2.phaseshifter both	deg	0.07	FALSE DONE
15/10/2025 17:55:34:	24	count	time	15.0s/cts	O Det=2022	H Det=1414	Mon Det=35648	Aux Det=3740	O+H=7176	 DONE
15/10/2025 17:55:50:	MOVE MOTOR REL	S18.axis2.phaseshifter both	deg	0.07	FALSE DONE
15/10/2025 17:55:55:	25	count	time	15.0s/cts	O Det=2051	H Det=1129	Mon Det=35731	Aux Det=4312	O+H=7492	 DONE
15/10/2025 17:56:12:	MOVE MOTOR REL	S18.axis2.phaseshifter both	deg	0.07	FALSE DONE
15/10/2025 17:56:17:	26	count	time	15.0s/cts	O Det=1680	H Det=989	Mon Det=35730	Aux Det=5142	O+H=7811	 DONE
15/10/2025 17:56:34:	MOVE MOTOR REL	S18.axis2.phaseshifter both	deg	0.07	FALSE DONE
15/10/2025 17:56:38:	27	count	time	15.0s/cts	O Det=1331	H Det=951	Mon Det=36091	Aux Det=5820	O+H=8102	 DONE
15/10/2025 17:56:55:	MOVE MOTOR REL	S18.axis2.phaseshifter both	deg	0.07	FALSE DONE
15/10/2025 17:57:00:	28	count	time	15.0s/cts	O Det=1050	H Det=935	Mon Det=35629	Aux Det=6138	O+H=8123	 DONE
15/10/2025 17:57:17:	MOVE MOTOR REL	S18.axis2.phaseshifter both	deg	0.07	FALSE DONE
15/10/2025 17:57:22:	29	count	time	15.0s/cts	O Det=746	H Det=1161	Mon Det=35929	Aux Det=6251	O+H=8158	 DONE
15/10/2025 17:57:39:	MOVE MOTOR REL	S18.axis2.phaseshifter both	deg	0.07	FALSE DONE
15/10/2025 17:57:44:	30	count	time	15.0s/cts	O Det=492	H Det=1470	Mon Det=35907	Aux Det=6034	O+H=7996	 DONE
15/10/2025 17:58:00:	NO ACTION	 DONE
15/10/2025 17:58:01:	close file and end scan	 DONE
call of ifg12r_newPS_2p30s_AP.sc DONE
15/10/2025 17:58:02:	move motor	S18.axis2.phaseshifter both to fit O COS-225	-1.337627reached -1.31836  DONE
call of ifg12R_newPS_2p30s_0_+1-1-i_wv2.sc DONE
15/10/2025 17:58:09:	create file	D:\data\Cycle 198\exp_3-16-19\rawdata\sc\ifg_wv2_psi_+1-1-i_15Oct1758.dat	 DONE
room to enter remarks DONE
15/10/2025 17:58:10:	MOVE MOTOR REL	S18.axis2.phaseshifter both	deg	0.0	FALSE DONE
15/10/2025 17:58:14:	1	count	time	15.0s/cts	O Det=643	H Det=1275	Mon Det=35842	Aux Det=6178	O+H=8096	 DONE
15/10/2025 17:58:31:	MOVE MOTOR REL	S18.axis2.phaseshifter both	deg	0.07	FALSE DONE
15/10/2025 17:58:36:	2	count	time	15.0s/cts	O Det=494	H Det=1546	Mon Det=35936	Aux Det=5945	O+H=7985	 DONE
15/10/2025 17:58:53:	MOVE MOTOR REL	S18.axis2.phaseshifter both	deg	0.07	FALSE DONE
15/10/2025 17:58:58:	3	count	time	15.0s/cts	O Det=508	H Det=1917	Mon Det=35792	Aux Det=5380	O+H=7805	 DONE
15/10/2025 17:59:14:	MOVE MOTOR REL	S18.axis2.phaseshifter both	deg	0.07	FALSE DONE
15/10/2025 17:59:19:	4	count	time	15.0s/cts	O Det=579	H Det=2192	Mon Det=35666	Aux Det=4518	O+H=7289	 DONE
15/10/2025 17:59:36:	MOVE MOTOR REL	S18.axis2.phaseshifter both	deg	0.07	FALSE DONE
15/10/2025 17:59:41:	5	count	time	15.0s/cts	O Det=850	H Det=2416	Mon Det=35879	Aux Det=3863	O+H=7129	 DONE
15/10/2025 17:59:58:	MOVE MOTOR REL	S18.axis2.phaseshifter both	deg	0.07	FALSE DONE
15/10/2025 18:00:03:	6	count	time	15.0s/cts	O Det=1168	H Det=2413	Mon Det=35647	Aux Det=3262	O+H=6843	 DONE
15/10/2025 18:00:20:	MOVE MOTOR REL	S18.axis2.phaseshifter both	deg	0.07	FALSE DONE
15/10/2025 18:00:25:	7	count	time	15.0s/cts	O Det=1502	H Det=2345	Mon Det=35979	Aux Det=2768	O+H=6615	 DONE
15/10/2025 18:00:42:	MOVE MOTOR REL	S18.axis2.phaseshifter both	deg	0.07	FALSE DONE
15/10/2025 18:00:47:	8	count	time	15.0s/cts	O Det=1885	H Det=2146	Mon Det=35440	Aux Det=2438	O+H=6469	 DONE
15/10/2025 18:01:03:	MOVE MOTOR REL	S18.axis2.phaseshifter both	deg	0.07	FALSE DONE
15/10/2025 18:01:08:	9	count	time	15.0s/cts	O Det=2017	H Det=1958	Mon Det=35512	Aux Det=2606	O+H=6581	 DONE
15/10/2025 18:01:25:	MOVE MOTOR REL	S18.axis2.phaseshifter both	deg	0.07	FALSE DONE
15/10/2025 18:01:30:	10	count	time	15.0s/cts	O Det=2314	H Det=1643	Mon Det=35952	Aux Det=2850	O+H=6807	 DONE
15/10/2025 18:01:47:	MOVE MOTOR REL	S18.axis2.phaseshifter both	deg	0.07	FALSE DONE
15/10/2025 18:01:52:	11	count	time	15.0s/cts	O Det=2275	H Det=1380	Mon Det=35736	Aux Det=3315	O+H=6970	 DONE
15/10/2025 18:02:08:	MOVE MOTOR REL	S18.axis2.phaseshifter both	deg	0.07	FALSE DONE
15/10/2025 18:02:14:	12	count	time	15.0s/cts	O Det=2129	H Det=1098	Mon Det=35697	Aux Det=4148	O+H=7375	 DONE
15/10/2025 18:02:30:	MOVE MOTOR REL	S18.axis2.phaseshifter both	deg	0.07	FALSE DONE
15/10/2025 18:02:35:	13	count	time	15.0s/cts	O Det=1958	H Det=909	Mon Det=35808	Aux Det=4969	O+H=7836	 DONE
15/10/2025 18:02:52:	MOVE MOTOR REL	S18.axis2.phaseshifter both	deg	0.07	FALSE DONE
15/10/2025 18:02:57:	14	count	time	15.0s/cts	O Det=1516	H Det=831	Mon Det=35871	Aux Det=5690	O+H=8037	 DONE
15/10/2025 18:03:14:	MOVE MOTOR REL	S18.axis2.phaseshifter both	deg	0.07	FALSE DONE
15/10/2025 18:03:19:	15	count	time	15.0s/cts	O Det=1199	H Det=909	Mon Det=35716	Aux Det=6106	O+H=8214	 DONE
15/10/2025 18:03:35:	MOVE MOTOR REL	S18.axis2.phaseshifter both	deg	0.07	FALSE DONE
15/10/2025 18:03:40:	16	count	time	15.0s/cts	O Det=830	H Det=1024	Mon Det=35882	Aux Det=6120	O+H=7974	 DONE
15/10/2025 18:03:57:	MOVE MOTOR REL	S18.axis2.phaseshifter both	deg	0.07	FALSE DONE
15/10/2025 18:04:02:	17	count	time	15.0s/cts	O Det=663	H Det=1241	Mon Det=35752	Aux Det=6370	O+H=8274	 DONE
15/10/2025 18:04:18:	MOVE MOTOR REL	S18.axis2.phaseshifter both	deg	0.07	FALSE DONE
15/10/2025 18:04:23:	18	count	time	15.0s/cts	O Det=482	H Det=1530	Mon Det=36033	Aux Det=5974	O+H=7986	 DONE
15/10/2025 18:04:40:	MOVE MOTOR REL	S18.axis2.phaseshifter both	deg	0.07	FALSE DONE
15/10/2025 18:04:45:	19	count	time	15.0s/cts	O Det=534	H Det=1762	Mon Det=35830	Aux Det=5315	O+H=7611	 DONE
15/10/2025 18:05:02:	MOVE MOTOR REL	S18.axis2.phaseshifter both	deg	0.07	FALSE DONE
15/10/2025 18:05:07:	20	count	time	15.0s/cts	O Det=722	H Det=2073	Mon Det=35797	Aux Det=4781	O+H=7576	 DONE
15/10/2025 18:05:23:	MOVE MOTOR REL	S18.axis2.phaseshifter both	deg	0.07	FALSE DONE
15/10/2025 18:05:28:	21	count	time	15.0s/cts	O Det=1042	H Det=2201	Mon Det=35535	Aux Det=4015	O+H=7258	 DONE
15/10/2025 18:05:45:	MOVE MOTOR REL	S18.axis2.phaseshifter both	deg	0.07	FALSE DONE
15/10/2025 18:05:50:	22	count	time	15.0s/cts	O Det=1385	H Det=2191	Mon Det=35939	Aux Det=3327	O+H=6903	 DONE
15/10/2025 18:06:06:	MOVE MOTOR REL	S18.axis2.phaseshifter both	deg	0.07	FALSE DONE
15/10/2025 18:06:12:	23	count	time	15.0s/cts	O Det=1848	H Det=2102	Mon Det=35763	Aux Det=2646	O+H=6596	 DONE
15/10/2025 18:06:29:	MOVE MOTOR REL	S18.axis2.phaseshifter both	deg	0.07	FALSE DONE
15/10/2025 18:06:34:	24	count	time	15.0s/cts	O Det=2227	H Det=1874	Mon Det=35498	Aux Det=2591	O+H=6692	 DONE
15/10/2025 18:06:51:	MOVE MOTOR REL	S18.axis2.phaseshifter both	deg	0.07	FALSE DONE
15/10/2025 18:06:56:	25	count	time	15.0s/cts	O Det=2372	H Det=1813	Mon Det=35383	Aux Det=2505	O+H=6690	 DONE
15/10/2025 18:07:12:	MOVE MOTOR REL	S18.axis2.phaseshifter both	deg	0.07	FALSE DONE
15/10/2025 18:07:17:	26	count	time	15.0s/cts	O Det=2648	H Det=1445	Mon Det=35786	Aux Det=2684	O+H=6777	 DONE
15/10/2025 18:07:34:	MOVE MOTOR REL	S18.axis2.phaseshifter both	deg	0.07	FALSE DONE
15/10/2025 18:07:39:	27	count	time	15.0s/cts	O Det=2553	H Det=1283	Mon Det=35769	Aux Det=3210	O+H=7046	 DONE
15/10/2025 18:07:55:	MOVE MOTOR REL	S18.axis2.phaseshifter both	deg	0.07	FALSE DONE
15/10/2025 18:08:00:	28	count	time	15.0s/cts	O Det=2436	H Det=1013	Mon Det=35686	Aux Det=3853	O+H=7302	 DONE
15/10/2025 18:08:17:	MOVE MOTOR REL	S18.axis2.phaseshifter both	deg	0.07	FALSE DONE
15/10/2025 18:08:22:	29	count	time	15.0s/cts	O Det=2081	H Det=872	Mon Det=35600	Aux Det=4569	O+H=7522	 DONE
15/10/2025 18:08:38:	MOVE MOTOR REL	S18.axis2.phaseshifter both	deg	0.07	FALSE DONE
15/10/2025 18:08:43:	30	count	time	15.0s/cts	O Det=1723	H Det=795	Mon Det=35953	Aux Det=5452	O+H=7970	 DONE
15/10/2025 18:09:00:	NO ACTION	 DONE
15/10/2025 18:09:01:	close file and end scan	 DONE
call of ifg12r_newPS_2p30s_AP.sc DONE
15/10/2025 18:09:02:	move motor	S18.axis2.phaseshifter both to fit O COS-405	-1.859201reached -1.85669  DONE
call of ifg12R_newPS_2p30s_m90_+1-1-i_wv2.sc DONE
15/10/2025 18:09:09:	create file	D:\data\Cycle 198\exp_3-16-19\rawdata\sc\ifg_wv2_psi_+1-1-i_15Oct1809.dat	 DONE
room to enter remarks DONE
15/10/2025 18:09:10:	MOVE MOTOR REL	S18.axis2.phaseshifter both	deg	0.0	FALSE DONE
15/10/2025 18:09:14:	1	count	time	15.0s/cts	O Det=2415	H Det=1639	Mon Det=35805	Aux Det=2458	O+H=6512	 DONE
15/10/2025 18:09:31:	MOVE MOTOR REL	S18.axis2.phaseshifter both	deg	0.07	FALSE DONE
15/10/2025 18:09:36:	2	count	time	15.0s/cts	O Det=2393	H Det=1539	Mon Det=35954	Aux Det=3106	O+H=7038	 DONE
15/10/2025 18:09:52:	MOVE MOTOR REL	S18.axis2.phaseshifter both	deg	0.07	FALSE DONE
15/10/2025 18:09:57:	3	count	time	15.0s/cts	O Det=2443	H Det=1237	Mon Det=35753	Aux Det=3435	O+H=7115	 DONE
15/10/2025 18:10:14:	MOVE MOTOR REL	S18.axis2.phaseshifter both	deg	0.07	FALSE DONE
15/10/2025 18:10:19:	4	count	time	15.0s/cts	O Det=2116	H Det=1015	Mon Det=35559	Aux Det=4220	O+H=7351	 DONE
15/10/2025 18:10:36:	MOVE MOTOR REL	S18.axis2.phaseshifter both	deg	0.07	FALSE DONE
15/10/2025 18:10:41:	5	count	time	15.0s/cts	O Det=1837	H Det=909	Mon Det=35669	Aux Det=4984	O+H=7730	 DONE
15/10/2025 18:10:57:	MOVE MOTOR REL	S18.axis2.phaseshifter both	deg	0.07	FALSE DONE
15/10/2025 18:11:02:	6	count	time	15.0s/cts	O Det=1479	H Det=914	Mon Det=35791	Aux Det=5659	O+H=8052	 DONE
15/10/2025 18:11:19:	MOVE MOTOR REL	S18.axis2.phaseshifter both	deg	0.07	FALSE DONE
15/10/2025 18:11:24:	7	count	time	15.0s/cts	O Det=1109	H Det=974	Mon Det=35522	Aux Det=5946	O+H=8029	 DONE
15/10/2025 18:11:41:	MOVE MOTOR REL	S18.axis2.phaseshifter both	deg	0.07	FALSE DONE
15/10/2025 18:11:46:	8	count	time	15.0s/cts	O Det=800	H Det=1137	Mon Det=35669	Aux Det=6145	O+H=8082	 DONE
15/10/2025 18:12:03:	MOVE MOTOR REL	S18.axis2.phaseshifter both	deg	0.07	FALSE DONE
15/10/2025 18:12:08:	9	count	time	15.0s/cts	O Det=564	H Det=1304	Mon Det=35793	Aux Det=6137	O+H=8005	 DONE
15/10/2025 18:12:24:	MOVE MOTOR REL	S18.axis2.phaseshifter both	deg	0.07	FALSE DONE
15/10/2025 18:12:29:	10	count	time	15.0s/cts	O Det=527	H Det=1548	Mon Det=36320	Aux Det=5842	O+H=7917	 DONE
15/10/2025 18:12:46:	MOVE MOTOR REL	S18.axis2.phaseshifter both	deg	0.07	FALSE DONE
15/10/2025 18:12:51:	11	count	time	15.0s/cts	O Det=608	H Det=1847	Mon Det=35866	Aux Det=5318	O+H=7773	 DONE
15/10/2025 18:13:07:	MOVE MOTOR REL	S18.axis2.phaseshifter both	deg	0.07	FALSE DONE
15/10/2025 18:13:13:	12	count	time	15.0s/cts	O Det=856	H Det=1947	Mon Det=35650	Aux Det=4685	O+H=7488	 DONE
15/10/2025 18:13:29:	MOVE MOTOR REL	S18.axis2.phaseshifter both	deg	0.07	FALSE DONE
15/10/2025 18:13:34:	13	count	time	15.0s/cts	O Det=1225	H Det=2005	Mon Det=36048	Aux Det=4032	O+H=7262	 DONE
15/10/2025 18:13:51:	MOVE MOTOR REL	S18.axis2.phaseshifter both	deg	0.07	FALSE DONE
15/10/2025 18:13:56:	14	count	time	15.0s/cts	O Det=1594	H Det=1959	Mon Det=35571	Aux Det=3317	O+H=6870	 DONE
15/10/2025 18:14:13:	MOVE MOTOR REL	S18.axis2.phaseshifter both	deg	0.07	FALSE DONE
15/10/2025 18:14:17:	15	count	time	15.0s/cts	O Det=2067	H Det=1870	Mon Det=35745	Aux Det=2681	O+H=6618	 DONE
15/10/2025 18:14:34:	MOVE MOTOR REL	S18.axis2.phaseshifter both	deg	0.07	FALSE DONE
15/10/2025 18:14:39:	16	count	time	15.0s/cts	O Det=2401	H Det=1682	Mon Det=35565	Aux Det=2574	O+H=6657	 DONE
15/10/2025 18:14:56:	MOVE MOTOR REL	S18.axis2.phaseshifter both	deg	0.07	FALSE DONE
15/10/2025 18:15:01:	17	count	time	15.0s/cts	O Det=2786	H Det=1452	Mon Det=35715	Aux Det=2580	O+H=6818	 DONE
15/10/2025 18:15:17:	MOVE MOTOR REL	S18.axis2.phaseshifter both	deg	0.07	FALSE DONE
15/10/2025 18:15:22:	18	count	time	15.0s/cts	O Det=2735	H Det=1343	Mon Det=35642	Aux Det=2792	O+H=6870	 DONE
15/10/2025 18:15:39:	MOVE MOTOR REL	S18.axis2.phaseshifter both	deg	0.07	FALSE DONE
15/10/2025 18:15:44:	19	count	time	15.0s/cts	O Det=2711	H Det=1140	Mon Det=35842	Aux Det=3351	O+H=7202	 DONE
15/10/2025 18:16:01:	MOVE MOTOR REL	S18.axis2.phaseshifter both	deg	0.07	FALSE DONE
15/10/2025 18:16:06:	20	count	time	15.0s/cts	O Det=2411	H Det=925	Mon Det=35332	Aux Det=3918	O+H=7254	 DONE
15/10/2025 18:16:22:	MOVE MOTOR REL	S18.axis2.phaseshifter both	deg	0.07	FALSE DONE
15/10/2025 18:16:27:	21	count	time	15.0s/cts	O Det=2037	H Det=944	Mon Det=35665	Aux Det=4769	O+H=7750	 DONE
15/10/2025 18:16:44:	MOVE MOTOR REL	S18.axis2.phaseshifter both	deg	0.07	FALSE DONE
15/10/2025 18:16:49:	22	count	time	15.0s/cts	O Det=1591	H Det=890	Mon Det=36150	Aux Det=5462	O+H=7943	 DONE
15/10/2025 18:17:05:	MOVE MOTOR REL	S18.axis2.phaseshifter both	deg	0.07	FALSE DONE
15/10/2025 18:17:10:	23	count	time	15.0s/cts	O Det=1159	H Det=992	Mon Det=35883	Aux Det=6044	O+H=8195	 DONE
15/10/2025 18:17:27:	MOVE MOTOR REL	S18.axis2.phaseshifter both	deg	0.07	FALSE DONE
15/10/2025 18:17:32:	24	count	time	15.0s/cts	O Det=799	H Det=1073	Mon Det=35849	Aux Det=6383	O+H=8255	 DONE
15/10/2025 18:17:49:	MOVE MOTOR REL	S18.axis2.phaseshifter both	deg	0.07	FALSE DONE
15/10/2025 18:17:54:	25	count	time	15.0s/cts	O Det=640	H Det=1185	Mon Det=35627	Aux Det=6167	O+H=7992	 DONE
15/10/2025 18:18:11:	MOVE MOTOR REL	S18.axis2.phaseshifter both	deg	0.07	FALSE DONE
15/10/2025 18:18:16:	26	count	time	15.0s/cts	O Det=706	H Det=1377	Mon Det=35746	Aux Det=6046	O+H=8129	 DONE
15/10/2025 18:18:33:	MOVE MOTOR REL	S18.axis2.phaseshifter both	deg	0.07	FALSE DONE
15/10/2025 18:18:37:	27	count	time	15.0s/cts	O Det=845	H Det=1547	Mon Det=35632	Aux Det=5445	O+H=7837	 DONE
15/10/2025 18:18:54:	MOVE MOTOR REL	S18.axis2.phaseshifter both	deg	0.07	FALSE DONE
15/10/2025 18:18:59:	28	count	time	15.0s/cts	O Det=1184	H Det=1766	Mon Det=35509	Aux Det=4630	O+H=7580	 DONE
15/10/2025 18:19:16:	MOVE MOTOR REL	S18.axis2.phaseshifter both	deg	0.07	FALSE DONE
15/10/2025 18:19:21:	29	count	time	15.0s/cts	O Det=1550	H Det=1771	Mon Det=35953	Aux Det=4043	O+H=7364	 DONE
15/10/2025 18:19:38:	MOVE MOTOR REL	S18.axis2.phaseshifter both	deg	0.07	FALSE DONE
15/10/2025 18:19:43:	30	count	time	15.0s/cts	O Det=1939	H Det=1639	Mon Det=36002	Aux Det=3303	O+H=6881	 DONE
15/10/2025 18:19:59:	NO ACTION	 DONE
15/10/2025 18:20:00:	close file and end scan	 DONE
call of ifg12r_newPS_2p30s_AP.sc DONE
15/10/2025 18:20:01:	move motor	S18.axis2.phaseshifter both to fit O COS-315	-1.664277reached -1.65894  DONE
call of ifg12R_newPS_2p30s_p90_+1-1-i_wv2.sc DONE
15/10/2025 18:20:08:	create file	D:\data\Cycle 198\exp_3-16-19\rawdata\sc\ifg_wv2_psi_+1-1-i_15Oct1820.dat	 DONE
room to enter remarks DONE
15/10/2025 18:20:09:	MOVE MOTOR REL	S18.axis2.phaseshifter both	deg	0.0	FALSE DONE
15/10/2025 18:20:13:	1	count	time	15.0s/cts	O Det=2279	H Det=872	Mon Det=35600	Aux Det=4156	O+H=7307	 DONE
15/10/2025 18:20:30:	MOVE MOTOR REL	S18.axis2.phaseshifter both	deg	0.07	FALSE DONE
15/10/2025 18:20:34:	2	count	time	15.0s/cts	O Det=1980	H Det=901	Mon Det=35643	Aux Det=4822	O+H=7703	 DONE
15/10/2025 18:20:51:	MOVE MOTOR REL	S18.axis2.phaseshifter both	deg	0.07	FALSE DONE
15/10/2025 18:20:56:	3	count	time	15.0s/cts	O Det=1484	H Det=916	Mon Det=35727	Aux Det=5580	O+H=7980	 DONE
15/10/2025 18:21:13:	MOVE MOTOR REL	S18.axis2.phaseshifter both	deg	0.07	FALSE DONE
15/10/2025 18:21:18:	4	count	time	15.0s/cts	O Det=1053	H Det=1076	Mon Det=35828	Aux Det=6081	O+H=8210	 DONE
15/10/2025 18:21:34:	MOVE MOTOR REL	S18.axis2.phaseshifter both	deg	0.07	FALSE DONE
15/10/2025 18:21:39:	5	count	time	15.0s/cts	O Det=824	H Det=1064	Mon Det=35716	Aux Det=6407	O+H=8295	 DONE
15/10/2025 18:21:56:	MOVE MOTOR REL	S18.axis2.phaseshifter both	deg	0.07	FALSE DONE
15/10/2025 18:22:01:	6	count	time	15.0s/cts	O Det=607	H Det=1313	Mon Det=36162	Aux Det=6175	O+H=8095	 DONE
15/10/2025 18:22:18:	MOVE MOTOR REL	S18.axis2.phaseshifter both	deg	0.07	FALSE DONE
15/10/2025 18:22:23:	7	count	time	15.0s/cts	O Det=682	H Det=1489	Mon Det=35383	Aux Det=5789	O+H=7960	 DONE
15/10/2025 18:22:39:	MOVE MOTOR REL	S18.axis2.phaseshifter both	deg	0.07	FALSE DONE
15/10/2025 18:22:44:	8	count	time	15.0s/cts	O Det=941	H Det=1618	Mon Det=35899	Aux Det=5183	O+H=7742	 DONE
15/10/2025 18:23:01:	MOVE MOTOR REL	S18.axis2.phaseshifter both	deg	0.07	FALSE DONE
15/10/2025 18:23:06:	9	count	time	15.0s/cts	O Det=1340	H Det=1648	Mon Det=35885	Aux Det=4433	O+H=7421	 DONE
15/10/2025 18:23:23:	MOVE MOTOR REL	S18.axis2.phaseshifter both	deg	0.07	FALSE DONE
15/10/2025 18:23:27:	10	count	time	15.0s/cts	O Det=1716	H Det=1703	Mon Det=35625	Aux Det=3602	O+H=7021	 DONE
15/10/2025 18:23:44:	MOVE MOTOR REL	S18.axis2.phaseshifter both	deg	0.07	FALSE DONE
15/10/2025 18:23:49:	11	count	time	15.0s/cts	O Det=2307	H Det=1566	Mon Det=35713	Aux Det=3063	O+H=6936	 DONE
15/10/2025 18:24:06:	MOVE MOTOR REL	S18.axis2.phaseshifter both	deg	0.07	FALSE DONE
15/10/2025 18:24:11:	12	count	time	15.0s/cts	O Det=2650	H Det=1505	Mon Det=35866	Aux Det=2582	O+H=6737	 DONE
15/10/2025 18:24:27:	MOVE MOTOR REL	S18.axis2.phaseshifter both	deg	0.07	FALSE DONE
15/10/2025 18:24:32:	13	count	time	15.0s/cts	O Det=2841	H Det=1301	Mon Det=35766	Aux Det=2408	O+H=6550	 DONE
15/10/2025 18:24:49:	MOVE MOTOR REL	S18.axis2.phaseshifter both	deg	0.07	FALSE DONE
15/10/2025 18:24:54:	14	count	time	15.0s/cts	O Det=2855	H Det=1201	Mon Det=35841	Aux Det=2585	O+H=6641	 DONE
15/10/2025 18:25:11:	MOVE MOTOR REL	S18.axis2.phaseshifter both	deg	0.07	FALSE DONE
15/10/2025 18:25:15:	15	count	time	15.0s/cts	O Det=2793	H Det=1021	Mon Det=35831	Aux Det=3168	O+H=6982	 DONE
15/10/2025 18:25:32:	MOVE MOTOR REL	S18.axis2.phaseshifter both	deg	0.07	FALSE DONE
15/10/2025 18:25:37:	16	count	time	15.0s/cts	O Det=2384	H Det=967	Mon Det=35915	Aux Det=4003	O+H=7354	 DONE
15/10/2025 18:25:54:	MOVE MOTOR REL	S18.axis2.phaseshifter both	deg	0.07	FALSE DONE
15/10/2025 18:25:59:	17	count	time	15.0s/cts	O Det=2010	H Det=810	Mon Det=35291	Aux Det=4850	O+H=7670	 DONE
15/10/2025 18:26:16:	MOVE MOTOR REL	S18.axis2.phaseshifter both	deg	0.07	FALSE DONE
15/10/2025 18:26:20:	18	count	time	15.0s/cts	O Det=1574	H Det=865	Mon Det=35640	Aux Det=5457	O+H=7896	 DONE
15/10/2025 18:26:37:	MOVE MOTOR REL	S18.axis2.phaseshifter both	deg	0.07	FALSE DONE
15/10/2025 18:26:42:	19	count	time	15.0s/cts	O Det=1086	H Det=958	Mon Det=36146	Aux Det=5945	O+H=7989	 DONE
15/10/2025 18:26:59:	MOVE MOTOR REL	S18.axis2.phaseshifter both	deg	0.07	FALSE DONE
15/10/2025 18:27:04:	20	count	time	15.0s/cts	O Det=812	H Det=1055	Mon Det=35878	Aux Det=6266	O+H=8133	 DONE
15/10/2025 18:27:20:	MOVE MOTOR REL	S18.axis2.phaseshifter both	deg	0.07	FALSE DONE
15/10/2025 18:27:25:	21	count	time	15.0s/cts	O Det=624	H Det=1310	Mon Det=35750	Aux Det=6385	O+H=8319	 DONE
15/10/2025 18:27:42:	MOVE MOTOR REL	S18.axis2.phaseshifter both	deg	0.07	FALSE DONE
15/10/2025 18:27:47:	22	count	time	15.0s/cts	O Det=602	H Det=1485	Mon Det=35763	Aux Det=5976	O+H=8063	 DONE
15/10/2025 18:28:03:	MOVE MOTOR REL	S18.axis2.phaseshifter both	deg	0.07	FALSE DONE
15/10/2025 18:28:08:	23	count	time	15.0s/cts	O Det=814	H Det=1576	Mon Det=35676	Aux Det=5477	O+H=7867	 DONE
15/10/2025 18:28:25:	MOVE MOTOR REL	S18.axis2.phaseshifter both	deg	0.07	FALSE DONE
15/10/2025 18:28:30:	24	count	time	15.0s/cts	O Det=1136	H Det=1696	Mon Det=35738	Aux Det=4715	O+H=7547	 DONE
15/10/2025 18:28:47:	MOVE MOTOR REL	S18.axis2.phaseshifter both	deg	0.07	FALSE DONE
15/10/2025 18:28:51:	25	count	time	15.0s/cts	O Det=1466	H Det=1828	Mon Det=35543	Aux Det=4052	O+H=7346	 DONE
15/10/2025 18:29:08:	MOVE MOTOR REL	S18.axis2.phaseshifter both	deg	0.07	FALSE DONE
15/10/2025 18:29:13:	26	count	time	15.0s/cts	O Det=1922	H Det=1696	Mon Det=35602	Aux Det=3385	O+H=7003	 DONE
15/10/2025 18:29:30:	MOVE MOTOR REL	S18.axis2.phaseshifter both	deg	0.07	FALSE DONE
15/10/2025 18:29:35:	27	count	time	15.0s/cts	O Det=2280	H Det=1782	Mon Det=36063	Aux Det=2686	O+H=6748	 DONE
15/10/2025 18:29:52:	MOVE MOTOR REL	S18.axis2.phaseshifter both	deg	0.07	FALSE DONE
15/10/2025 18:29:57:	28	count	time	15.0s/cts	O Det=2592	H Det=1623	Mon Det=35673	Aux Det=2453	O+H=6668	 DONE
15/10/2025 18:30:13:	MOVE MOTOR REL	S18.axis2.phaseshifter both	deg	0.07	FALSE DONE
15/10/2025 18:30:18:	29	count	time	15.0s/cts	O Det=2943	H Det=1376	Mon Det=35703	Aux Det=2474	O+H=6793	 DONE
15/10/2025 18:30:35:	MOVE MOTOR REL	S18.axis2.phaseshifter both	deg	0.07	FALSE DONE
15/10/2025 18:30:40:	30	count	time	15.0s/cts	O Det=2970	H Det=1091	Mon Det=35616	Aux Det=2868	O+H=6929	 DONE
15/10/2025 18:30:57:	NO ACTION	 DONE
15/10/2025 18:30:57:	close file and end scan	 DONE
call of ifg12r_newPS_2p30s_AP.sc DONE
call of ifg12R_newPS_2p30s_p180.sc DONE
15/10/2025 18:30:59:	move motor	S18.auxiliary.Robot Z to 207413.00000um	