17/10/2025 06:18:10:	start execution of script D:\data\Cycle 198\exp_3-16-19\rawdata\sc\ifg_wv3_psi_+1-1-i.sc	 DONE
17/10/2025 06:18:10:	create file	D:\data\Cycle 198\exp_3-16-19\rawdata\sc\ifg_wv3_psi_+1-1-i_17Oct0618.dat	 DONE
room to enter remarks DONE
17/10/2025 06:18:11:	MOVE MOTOR REL	S18.axis2.phaseshifter 1	deg	0.0	FALSE DONE
17/10/2025 06:18:15:	1	count	time	30.0s/cts	O Det=1523	H Det=4395	Mon Det=72366	Aux Det=8549	O+H=14467	 DONE
17/10/2025 06:18:46:	MOVE MOTOR REL	S18.axis2.phaseshifter 1	deg	0.07	FALSE DONE
17/10/2025 06:18:50:	2	count	time	30.0s/cts	O Det=1555	H Det=3679	Mon Det=72223	Aux Det=9932	O+H=15166	 DONE
17/10/2025 06:19:21:	MOVE MOTOR REL	S18.axis2.phaseshifter 1	deg	0.07	FALSE DONE
17/10/2025 06:19:25:	3	count	time	30.0s/cts	O Det=1557	H Det=2957	Mon Det=72345	Aux Det=11355	O+H=15869	 DONE
17/10/2025 06:19:57:	MOVE MOTOR REL	S18.axis2.phaseshifter 1	deg	0.07	FALSE DONE
17/10/2025 06:20:00:	4	count	time	30.0s/cts	O Det=1545	H Det=2455	Mon Det=72360	Aux Det=12169	O+H=16169	 DONE
17/10/2025 06:20:32:	MOVE MOTOR REL	S18.axis2.phaseshifter 1	deg	0.07	FALSE DONE
17/10/2025 06:20:35:	5	count	time	30.0s/cts	O Det=1473	H Det=2297	Mon Det=71446	Aux Det=12449	O+H=16219	 DONE
17/10/2025 06:21:07:	MOVE MOTOR REL	S18.axis2.phaseshifter 1	deg	0.07	FALSE DONE
17/10/2025 06:21:11:	6	count	time	30.0s/cts	O Det=1405	H Det=2532	Mon Det=71966	Aux Det=12344	O+H=16281	 DONE
17/10/2025 06:21:42:	MOVE MOTOR REL	S18.axis2.phaseshifter 1	deg	0.07	FALSE DONE
17/10/2025 06:21:46:	7	count	time	30.0s/cts	O Det=1290	H Det=3013	Mon Det=71446	Aux Det=11508	O+H=15811	 DONE
17/10/2025 06:22:17:	MOVE MOTOR REL	S18.axis2.phaseshifter 1	deg	0.07	FALSE DONE
17/10/2025 06:22:21:	8	count	time	30.0s/cts	O Det=1256	H Det=3781	Mon Det=72004	Aux Det=10291	O+H=15328	 DONE
17/10/2025 06:22:53:	MOVE MOTOR REL	S18.axis2.phaseshifter 1	deg	0.07	FALSE DONE
17/10/2025 06:22:56:	9	count	time	30.0s/cts	O Det=1228	H Det=4503	Mon Det=71874	Aux Det=8699	O+H=14430	 DONE
17/10/2025 06:23:28:	MOVE MOTOR REL	S18.axis2.phaseshifter 1	deg	0.07	FALSE DONE
17/10/2025 06:23:31:	10	count	time	30.0s/cts	O Det=1188	H Det=5433	Mon Det=72028	Aux Det=7365	O+H=13986	 DONE
17/10/2025 06:24:03:	MOVE MOTOR REL	S18.axis2.phaseshifter 1	deg	0.07	FALSE DONE
17/10/2025 06:24:06:	11	count	time	30.0s/cts	O Det=1233	H Det=5937	Mon Det=72144	Aux Det=6094	O+H=13264	 DONE
17/10/2025 06:24:38:	MOVE MOTOR REL	S18.axis2.phaseshifter 1	deg	0.07	FALSE DONE
17/10/2025 06:24:42:	12	count	time	30.0s/cts	O Det=1240	H Det=6596	Mon Det=72167	Aux Det=5144	O+H=12980	 DONE
17/10/2025 06:25:13:	MOVE MOTOR REL	S18.axis2.phaseshifter 1	deg	0.07	FALSE DONE
17/10/2025 06:25:17:	13	count	time	30.0s/cts	O Det=1334	H Det=6680	Mon Det=72382	Aux Det=4996	O+H=13010	 DONE
17/10/2025 06:25:49:	MOVE MOTOR REL	S18.axis2.phaseshifter 1	deg	0.07	FALSE DONE
17/10/2025 06:25:52:	14	count	time	30.0s/cts	O Det=1230	H Det=6567	Mon Det=71675	Aux Det=5471	O+H=13268	 DONE
17/10/2025 06:26:24:	MOVE MOTOR REL	S18.axis2.phaseshifter 1	deg	0.07	FALSE DONE
17/10/2025 06:26:27:	15	count	time	30.0s/cts	O Det=1399	H Det=5965	Mon Det=71988	Aux Det=6330	O+H=13694	 DONE
17/10/2025 06:26:59:	MOVE MOTOR REL	S18.axis2.phaseshifter 1	deg	0.07	FALSE DONE
17/10/2025 06:27:02:	16	count	time	30.0s/cts	O Det=1475	H Det=4917	Mon Det=72268	Aux Det=7639	O+H=14031	 DONE
17/10/2025 06:27:34:	MOVE MOTOR REL	S18.axis2.phaseshifter 1	deg	0.07	FALSE DONE
17/10/2025 06:27:38:	17	count	time	30.0s/cts	O Det=1460	H Det=4383	Mon Det=71885	Aux Det=8885	O+H=14728	 DONE
17/10/2025 06:28:09:	MOVE MOTOR REL	S18.axis2.phaseshifter 1	deg	0.07	FALSE DONE
17/10/2025 06:28:13:	18	count	time	30.0s/cts	O Det=1569	H Det=3497	Mon Det=71859	Aux Det=10609	O+H=15675	 DONE
17/10/2025 06:28:44:	MOVE MOTOR REL	S18.axis2.phaseshifter 1	deg	0.07	FALSE DONE
17/10/2025 06:28:48:	19	count	time	30.0s/cts	O Det=1560	H Det=2711	Mon Det=71805	Aux Det=11652	O+H=15923	 DONE
17/10/2025 06:29:20:	MOVE MOTOR REL	S18.axis2.phaseshifter 1	deg	0.07	FALSE DONE
17/10/2025 06:29:23:	20	count	time	30.0s/cts	O Det=1439	H Det=2416	Mon Det=72188	Aux Det=12456	O+H=16311	 DONE
17/10/2025 06:29:55:	MOVE MOTOR REL	S18.axis2.phaseshifter 1	deg	0.07	FALSE DONE
17/10/2025 06:29:58:	21	count	time	30.0s/cts	O Det=1493	H Det=2271	Mon Det=72273	Aux Det=12552	O+H=16316	 DONE
17/10/2025 06:30:30:	MOVE MOTOR REL	S18.axis2.phaseshifter 1	deg	0.07	FALSE DONE
17/10/2025 06:30:33:	22	count	time	30.0s/cts	O Det=1459	H Det=2531	Mon Det=71878	Aux Det=12449	O+H=16439	 DONE
17/10/2025 06:31:05:	MOVE MOTOR REL	S18.axis2.phaseshifter 1	deg	0.07	FALSE DONE
17/10/2025 06:31:09:	23	count	time	30.0s/cts	O Det=1320	H Det=2955	Mon Det=72519	Aux Det=11633	O+H=15908	 DONE
17/10/2025 06:31:41:	MOVE MOTOR REL	S18.axis2.phaseshifter 1	deg	0.07	FALSE DONE
17/10/2025 06:31:44:	24	count	time	30.0s/cts	O Det=1287	H Det=3694	Mon Det=72220	Aux Det=10439	O+H=15420	 DONE
17/10/2025 06:32:16:	MOVE MOTOR REL	S18.axis2.phaseshifter 1	deg	0.07	FALSE DONE
17/10/2025 06:32:19:	25	count	time	30.0s/cts	O Det=1209	H Det=4552	Mon Det=72123	Aux Det=8717	O+H=14478	 DONE
17/10/2025 06:32:51:	MOVE MOTOR REL	S18.axis2.phaseshifter 1	deg	0.07	FALSE DONE
17/10/2025 06:32:54:	26	count	time	30.0s/cts	O Det=1174	H Det=5592	Mon Det=72164	Aux Det=7204	O+H=13970	 DONE
17/10/2025 06:33:26:	MOVE MOTOR REL	S18.axis2.phaseshifter 1	deg	0.07	FALSE DONE
17/10/2025 06:33:30:	27	count	time	30.0s/cts	O Det=1155	H Det=6308	Mon Det=72280	Aux Det=5860	O+H=13323	 DONE
17/10/2025 06:34:01:	MOVE MOTOR REL	S18.axis2.phaseshifter 1	deg	0.07	FALSE DONE
17/10/2025 06:34:05:	28	count	time	30.0s/cts	O Det=1260	H Det=6709	Mon Det=72565	Aux Det=5179	O+H=13148	 DONE
17/10/2025 06:34:36:	MOVE MOTOR REL	S18.axis2.phaseshifter 1	deg	0.07	FALSE DONE
17/10/2025 06:34:40:	29	count	time	30.0s/cts	O Det=1320	H Det=6644	Mon Det=71613	Aux Det=5032	O+H=12996	 DONE
17/10/2025 06:35:12:	MOVE MOTOR REL	S18.axis2.phaseshifter 1	deg	0.07	FALSE DONE
17/10/2025 06:35:15:	30	count	time	30.0s/cts	O Det=1332	H Det=6270	Mon Det=71828	Aux Det=5241	O+H=12843	 DONE
17/10/2025 06:35:47:	MOVE MOTOR REL	S18.axis2.phaseshifter 1	deg	0.07	FALSE DONE
17/10/2025 06:35:50:	31	count	time	30.0s/cts	O Det=1479	H Det=5815	Mon Det=72132	Aux Det=6401	O+H=13695	 DONE
17/10/2025 06:36:22:	MOVE MOTOR REL	S18.axis2.phaseshifter 1	deg	0.07	FALSE DONE
17/10/2025 06:36:25:	32	count	time	30.0s/cts	O Det=1460	H Det=5030	Mon Det=71909	Aux Det=7829	O+H=14319	 DONE
17/10/2025 06:36:57:	NO ACTION	 DONE
17/10/2025 06:36:58:	close file and end scan	 DONE
call of ifg1r_newPS_2p30s.sc DONE
17/10/2025 06:36:59:	move motor	S18.axis2.phaseshifter 1 to fit O COS-180	-0.302326reached -0.31860  DONE
call of ifg1R_newPS_2p30s_0_+1-1-i_wv3.sc DONE
17/10/2025 06:37:02:	create file	D:\data\Cycle 198\exp_3-16-19\rawdata\sc\ifg_wv3_psi_+1-1-i_17Oct0637.dat	 DONE
room to enter remarks DONE
17/10/2025 06:37:03:	MOVE MOTOR REL	S18.axis2.phaseshifter 1	deg	0.0	FALSE DONE
17/10/2025 06:37:06:	1	count	time	30.0s/cts	O Det=1093	H Det=5675	Mon Det=71800	Aux Det=6854	O+H=13622	 DONE
17/10/2025 06:37:38:	MOVE MOTOR REL	S18.axis2.phaseshifter 1	deg	0.07	FALSE DONE
17/10/2025 06:37:42:	2	count	time	30.0s/cts	O Det=1088	H Det=6297	Mon Det=71991	Aux Det=5659	O+H=13044	 DONE
17/10/2025 06:38:13:	MOVE MOTOR REL	S18.axis2.phaseshifter 1	deg	0.07	FALSE DONE
17/10/2025 06:38:17:	3	count	time	30.0s/cts	O Det=1237	H Det=6620	Mon Det=71946	Aux Det=5003	O+H=12860	 DONE
17/10/2025 06:38:48:	MOVE MOTOR REL	S18.axis2.phaseshifter 1	deg	0.07	FALSE DONE
17/10/2025 06:38:52:	4	count	time	30.0s/cts	O Det=1271	H Det=6568	Mon Det=71973	Aux Det=5014	O+H=12853	 DONE
17/10/2025 06:39:24:	MOVE MOTOR REL	S18.axis2.phaseshifter 1	deg	0.07	FALSE DONE
17/10/2025 06:39:27:	5	count	time	30.0s/cts	O Det=1312	H Det=6181	Mon Det=71782	Aux Det=5626	O+H=13119	 DONE
17/10/2025 06:39:59:	MOVE MOTOR REL	S18.axis2.phaseshifter 1	deg	0.07	FALSE DONE
17/10/2025 06:40:02:	6	count	time	30.0s/cts	O Det=1443	H Det=5469	Mon Det=72168	Aux Det=6466	O+H=13378	 DONE
17/10/2025 06:40:34:	MOVE MOTOR REL	S18.axis2.phaseshifter 1	deg	0.07	FALSE DONE
17/10/2025 06:40:37:	7	count	time	30.0s/cts	O Det=1474	H Det=4877	Mon Det=71616	Aux Det=8021	O+H=14372	 DONE
17/10/2025 06:41:09:	MOVE MOTOR REL	S18.axis2.phaseshifter 1	deg	0.07	FALSE DONE
17/10/2025 06:41:13:	8	count	time	30.0s/cts	O Det=1520	H Det=4014	Mon Det=72364	Aux Det=9558	O+H=15092	 DONE
17/10/2025 06:41:45:	MOVE MOTOR REL	S18.axis2.phaseshifter 1	deg	0.07	FALSE DONE
17/10/2025 06:41:48:	9	count	time	30.0s/cts	O Det=1501	H Det=3090	Mon Det=71877	Aux Det=11123	O+H=15714	 DONE
17/10/2025 06:42:20:	MOVE MOTOR REL	S18.axis2.phaseshifter 1	deg	0.07	FALSE DONE
17/10/2025 06:42:23:	10	count	time	30.0s/cts	O Det=1489	H Det=2535	Mon Det=72414	Aux Det=12171	O+H=16195	 DONE
17/10/2025 06:42:55:	MOVE MOTOR REL	S18.axis2.phaseshifter 1	deg	0.07	FALSE DONE
17/10/2025 06:42:58:	11	count	time	30.0s/cts	O Det=1468	H Det=2353	Mon Det=71891	Aux Det=12495	O+H=16316	 DONE
17/10/2025 06:43:30:	MOVE MOTOR REL	S18.axis2.phaseshifter 1	deg	0.07	FALSE DONE
17/10/2025 06:43:34:	12	count	time	30.0s/cts	O Det=1459	H Det=2434	Mon Det=71982	Aux Det=12666	O+H=16559	 DONE
17/10/2025 06:44:05:	MOVE MOTOR REL	S18.axis2.phaseshifter 1	deg	0.07	FALSE DONE
17/10/2025 06:44:09:	13	count	time	30.0s/cts	O Det=1388	H Det=2785	Mon Det=72004	Aux Det=11744	O+H=15917	 DONE
17/10/2025 06:44:41:	MOVE MOTOR REL	S18.axis2.phaseshifter 1	deg	0.07	FALSE DONE
17/10/2025 06:44:44:	14	count	time	30.0s/cts	O Det=1376	H Det=3599	Mon Det=72547	Aux Det=10831	O+H=15806	 DONE
17/10/2025 06:45:16:	MOVE MOTOR REL	S18.axis2.phaseshifter 1	deg	0.07	FALSE DONE
17/10/2025 06:45:19:	15	count	time	30.0s/cts	O Det=1202	H Det=4534	Mon Det=72382	Aux Det=9205	O+H=14941	 DONE
17/10/2025 06:45:51:	MOVE MOTOR REL	S18.axis2.phaseshifter 1	deg	0.07	FALSE DONE
17/10/2025 06:45:54:	16	count	time	30.0s/cts	O Det=1184	H Det=5473	Mon Det=71786	Aux Det=7404	O+H=14061	 DONE
17/10/2025 06:46:26:	MOVE MOTOR REL	S18.axis2.phaseshifter 1	deg	0.07	FALSE DONE
17/10/2025 06:46:30:	17	count	time	30.0s/cts	O Det=1212	H Det=6234	Mon Det=72230	Aux Det=6001	O+H=13447	 DONE
17/10/2025 06:47:01:	MOVE MOTOR REL	S18.axis2.phaseshifter 1	deg	0.07	FALSE DONE
17/10/2025 06:47:05:	18	count	time	30.0s/cts	O Det=1120	H Det=6582	Mon Det=72285	Aux Det=5212	O+H=12914	 DONE
17/10/2025 06:47:37:	MOVE MOTOR REL	S18.axis2.phaseshifter 1	deg	0.07	FALSE DONE
17/10/2025 06:47:40:	19	count	time	30.0s/cts	O Det=1209	H Det=6567	Mon Det=71914	Aux Det=4949	O+H=12725	 DONE
17/10/2025 06:48:12:	MOVE MOTOR REL	S18.axis2.phaseshifter 1	deg	0.07	FALSE DONE
17/10/2025 06:48:15:	20	count	time	30.0s/cts	O Det=1330	H Det=6386	Mon Det=72593	Aux Det=5312	O+H=13028	 DONE
17/10/2025 06:48:47:	MOVE MOTOR REL	S18.axis2.phaseshifter 1	deg	0.07	FALSE DONE
17/10/2025 06:48:50:	21	count	time	30.0s/cts	O Det=1377	H Det=5737	Mon Det=72091	Aux Det=6327	O+H=13441	 DONE
17/10/2025 06:49:22:	MOVE MOTOR REL	S18.axis2.phaseshifter 1	deg	0.07	FALSE DONE
17/10/2025 06:49:26:	22	count	time	30.0s/cts	O Det=1510	H Det=5026	Mon Det=71901	Aux Det=7594	O+H=14130	 DONE
17/10/2025 06:49:57:	MOVE MOTOR REL	S18.axis2.phaseshifter 1	deg	0.07	FALSE DONE
17/10/2025 06:50:01:	23	count	time	30.0s/cts	O Det=1482	H Det=4065	Mon Det=72063	Aux Det=9646	O+H=15193	 DONE
17/10/2025 06:50:33:	MOVE MOTOR REL	S18.axis2.phaseshifter 1	deg	0.07	FALSE DONE
17/10/2025 06:50:36:	24	count	time	30.0s/cts	O Det=1518	H Det=3023	Mon Det=72084	Aux Det=11046	O+H=15587	 DONE
17/10/2025 06:51:08:	MOVE MOTOR REL	S18.axis2.phaseshifter 1	deg	0.07	FALSE DONE
17/10/2025 06:51:11:	25	count	time	30.0s/cts	O Det=1567	H Det=2557	Mon Det=72180	Aux Det=11980	O+H=16104	 DONE
17/10/2025 06:51:43:	MOVE MOTOR REL	S18.axis2.phaseshifter 1	deg	0.07	FALSE DONE
17/10/2025 06:51:47:	26	count	time	30.0s/cts	O Det=1494	H Det=2293	Mon Det=71757	Aux Det=12379	O+H=16166	 DONE
17/10/2025 06:52:18:	MOVE MOTOR REL	S18.axis2.phaseshifter 1	deg	0.07	FALSE DONE
17/10/2025 06:52:22:	27	count	time	30.0s/cts	O Det=1468	H Det=2412	Mon Det=71979	Aux Det=12467	O+H=16347	 DONE
17/10/2025 06:52:54:	MOVE MOTOR REL	S18.axis2.phaseshifter 1	deg	0.07	FALSE DONE
17/10/2025 06:52:57:	28	count	time	30.0s/cts	O Det=1420	H Det=3012	Mon Det=71994	Aux Det=11571	O+H=16003	 DONE
17/10/2025 06:53:29:	MOVE MOTOR REL	S18.axis2.phaseshifter 1	deg	0.07	FALSE DONE
17/10/2025 06:53:32:	29	count	time	30.0s/cts	O Det=1287	H Det=3674	Mon Det=71789	Aux Det=10544	O+H=15505	 DONE
17/10/2025 06:54:04:	MOVE MOTOR REL	S18.axis2.phaseshifter 1	deg	0.07	FALSE DONE
17/10/2025 06:54:07:	30	count	time	30.0s/cts	O Det=1139	H Det=4485	Mon Det=72123	Aux Det=9098	O+H=14722	 DONE
17/10/2025 06:54:39:	MOVE MOTOR REL	S18.axis2.phaseshifter 1	deg	0.07	FALSE DONE
17/10/2025 06:54:43:	31	count	time	30.0s/cts	O Det=1165	H Det=5427	Mon Det=71898	Aux Det=7286	O+H=13878	 DONE
17/10/2025 06:55:14:	MOVE MOTOR REL	S18.axis2.phaseshifter 1	deg	0.07	FALSE DONE
17/10/2025 06:55:18:	32	count	time	30.0s/cts	O Det=1190	H Det=5932	Mon Det=72139	Aux Det=6336	O+H=13458	 DONE
17/10/2025 06:55:50:	NO ACTION	 DONE
17/10/2025 06:55:50:	close file and end scan	 DONE
call of ifg1r_newPS_2p30s.sc DONE
17/10/2025 06:55:51:	move motor	S18.axis2.phaseshifter 1 to fit O COS-360	-0.809614reached -0.81299  DONE
call of ifg1R_newPS_2p30s_m90_+1-1-i_wv3.sc DONE
17/10/2025 06:55:55:	create file	D:\data\Cycle 198\exp_3-16-19\rawdata\sc\ifg_wv3_psi_+1-1-i_17Oct0655.dat	 DONE
room to enter remarks DONE
17/10/2025 06:55:56:	MOVE MOTOR REL	S18.axis2.phaseshifter 1	deg	0.0	FALSE DONE
17/10/2025 06:55:59:	1	count	time	30.0s/cts	O Det=1541	H Det=3056	Mon Det=72099	Aux Det=11112	O+H=15709	 DONE
17/10/2025 06:56:31:	MOVE MOTOR REL	S18.axis2.phaseshifter 1	deg	0.07	FALSE DONE
17/10/2025 06:56:34:	2	count	time	30.0s/cts	O Det=1564	H Det=2553	Mon Det=71980	Aux Det=12187	O+H=16304	 DONE
17/10/2025 06:57:06:	MOVE MOTOR REL	S18.axis2.phaseshifter 1	deg	0.07	FALSE DONE
17/10/2025 06:57:10:	3	count	time	30.0s/cts	O Det=1475	H Det=2274	Mon Det=71941	Aux Det=12482	O+H=16231	 DONE
17/10/2025 06:57:41:	MOVE MOTOR REL	S18.axis2.phaseshifter 1	deg	0.07	FALSE DONE
17/10/2025 06:57:45:	4	count	time	30.0s/cts	O Det=1450	H Det=2422	Mon Det=72007	Aux Det=12488	O+H=16360	 DONE
17/10/2025 06:58:16:	MOVE MOTOR REL	S18.axis2.phaseshifter 1	deg	0.07	FALSE DONE
17/10/2025 06:58:20:	5	count	time	30.0s/cts	O Det=1317	H Det=2998	Mon Det=72100	Aux Det=11731	O+H=16046	 DONE
17/10/2025 06:58:52:	MOVE MOTOR REL	S18.axis2.phaseshifter 1	deg	0.07	FALSE DONE
17/10/2025 06:58:55:	6	count	time	30.0s/cts	O Det=1227	H Det=3830	Mon Det=71651	Aux Det=10377	O+H=15434	 DONE
17/10/2025 06:59:27:	MOVE MOTOR REL	S18.axis2.phaseshifter 1	deg	0.07	FALSE DONE
17/10/2025 06:59:30:	7	count	time	30.0s/cts	O Det=1159	H Det=4580	Mon Det=72227	Aux Det=8934	O+H=14673	 DONE
17/10/2025 07:00:02:	MOVE MOTOR REL	S18.axis2.phaseshifter 1	deg	0.07	FALSE DONE
17/10/2025 07:00:05:	8	count	time	30.0s/cts	O Det=1192	H Det=5398	Mon Det=72194	Aux Det=7351	O+H=13941	 DONE
17/10/2025 07:00:37:	MOVE MOTOR REL	S18.axis2.phaseshifter 1	deg	0.07	FALSE DONE
17/10/2025 07:00:41:	9	count	time	30.0s/cts	O Det=1190	H Det=5944	Mon Det=72313	Aux Det=6125	O+H=13259	 DONE
17/10/2025 07:01:12:	MOVE MOTOR REL	S18.axis2.phaseshifter 1	deg	0.07	FALSE DONE
17/10/2025 07:01:16:	10	count	time	30.0s/cts	O Det=1175	H Det=6577	Mon Det=72573	Aux Det=5510	O+H=13262	 DONE
17/10/2025 07:01:48:	MOVE MOTOR REL	S18.axis2.phaseshifter 1	deg	0.07	FALSE DONE
17/10/2025 07:01:51:	11	count	time	30.0s/cts	O Det=1187	H Det=6670	Mon Det=72514	Aux Det=5001	O+H=12858	 DONE
17/10/2025 07:02:23:	MOVE MOTOR REL	S18.axis2.phaseshifter 1	deg	0.07	FALSE DONE
17/10/2025 07:02:26:	12	count	time	30.0s/cts	O Det=1285	H Det=6681	Mon Det=72084	Aux Det=4995	O+H=12961	 DONE
17/10/2025 07:02:58:	MOVE MOTOR REL	S18.axis2.phaseshifter 1	deg	0.07	FALSE DONE
17/10/2025 07:03:01:	13	count	time	30.0s/cts	O Det=1288	H Det=6247	Mon Det=72025	Aux Det=5489	O+H=13024	 DONE
17/10/2025 07:03:33:	MOVE MOTOR REL	S18.axis2.phaseshifter 1	deg	0.07	FALSE DONE
17/10/2025 07:03:37:	14	count	time	30.0s/cts	O Det=1449	H Det=5678	Mon Det=71924	Aux Det=6723	O+H=13850	 DONE
17/10/2025 07:04:08:	MOVE MOTOR REL	S18.axis2.phaseshifter 1	deg	0.07	FALSE DONE
17/10/2025 07:04:12:	15	count	time	30.0s/cts	O Det=1466	H Det=4921	Mon Det=71721	Aux Det=7642	O+H=14029	 DONE
17/10/2025 07:04:43:	MOVE MOTOR REL	S18.axis2.phaseshifter 1	deg	0.07	FALSE DONE
17/10/2025 07:04:47:	16	count	time	30.0s/cts	O Det=1515	H Det=4339	Mon Det=71634	Aux Det=8846	O+H=14700	 DONE
17/10/2025 07:05:19:	MOVE MOTOR REL	S18.axis2.phaseshifter 1	deg	0.07	FALSE DONE
17/10/2025 07:05:22:	17	count	time	30.0s/cts	O Det=1501	H Det=3435	Mon Det=71681	Aux Det=10289	O+H=15225	 DONE
17/10/2025 07:05:54:	MOVE MOTOR REL	S18.axis2.phaseshifter 1	deg	0.07	FALSE DONE
17/10/2025 07:05:57:	18	count	time	30.0s/cts	O Det=1546	H Det=2832	Mon Det=71713	Aux Det=11580	O+H=15958	 DONE
17/10/2025 07:06:29:	MOVE MOTOR REL	S18.axis2.phaseshifter 1	deg	0.07	FALSE DONE
17/10/2025 07:06:33:	19	count	time	30.0s/cts	O Det=1415	H Det=2409	Mon Det=72211	Aux Det=12347	O+H=16171	 DONE
17/10/2025 07:07:04:	MOVE MOTOR REL	S18.axis2.phaseshifter 1	deg	0.07	FALSE DONE
17/10/2025 07:07:08:	20	count	time	30.0s/cts	O Det=1490	H Det=2232	Mon Det=71906	Aux Det=12602	O+H=16324	 DONE
17/10/2025 07:07:39:	MOVE MOTOR REL	S18.axis2.phaseshifter 1	deg	0.07	FALSE DONE
17/10/2025 07:07:43:	21	count	time	30.0s/cts	O Det=1399	H Det=2678	Mon Det=72298	Aux Det=12482	O+H=16559	 DONE
17/10/2025 07:08:15:	MOVE MOTOR REL	S18.axis2.phaseshifter 1	deg	0.07	FALSE DONE
17/10/2025 07:08:18:	22	count	time	30.0s/cts	O Det=1346	H Det=3167	Mon Det=72334	Aux Det=11470	O+H=15983	 DONE
17/10/2025 07:08:50:	MOVE MOTOR REL	S18.axis2.phaseshifter 1	deg	0.07	FALSE DONE
17/10/2025 07:08:54:	23	count	time	30.0s/cts	O Det=1284	H Det=4044	Mon Det=71795	Aux Det=9666	O+H=14994	 DONE
17/10/2025 07:09:25:	MOVE MOTOR REL	S18.axis2.phaseshifter 1	deg	0.07	FALSE DONE
17/10/2025 07:09:29:	24	count	time	30.0s/cts	O Det=1210	H Det=4959	Mon Det=71913	Aux Det=8214	O+H=14383	 DONE
17/10/2025 07:10:00:	MOVE MOTOR REL	S18.axis2.phaseshifter 1	deg	0.07	FALSE DONE
17/10/2025 07:10:04:	25	count	time	30.0s/cts	O Det=1150	H Det=5846	Mon Det=71917	Aux Det=6828	O+H=13824	 DONE
17/10/2025 07:10:36:	MOVE MOTOR REL	S18.axis2.phaseshifter 1	deg	0.07	FALSE DONE
17/10/2025 07:10:39:	26	count	time	30.0s/cts	O Det=1157	H Det=6428	Mon Det=72498	Aux Det=5344	O+H=12929	 DONE
17/10/2025 07:11:11:	MOVE MOTOR REL	S18.axis2.phaseshifter 1	deg	0.07	FALSE DONE
17/10/2025 07:11:14:	27	count	time	30.0s/cts	O Det=1187	H Det=6597	Mon Det=72346	Aux Det=4981	O+H=12765	 DONE
17/10/2025 07:11:46:	MOVE MOTOR REL	S18.axis2.phaseshifter 1	deg	0.07	FALSE DONE
17/10/2025 07:11:50:	28	count	time	30.0s/cts	O Det=1330	H Det=6449	Mon Det=72210	Aux Det=5106	O+H=12885	 DONE
17/10/2025 07:12:21:	MOVE MOTOR REL	S18.axis2.phaseshifter 1	deg	0.07	FALSE DONE
17/10/2025 07:12:25:	29	count	time	30.0s/cts	O Det=1371	H Det=6239	Mon Det=72280	Aux Det=5584	O+H=13194	 DONE
17/10/2025 07:12:56:	MOVE MOTOR REL	S18.axis2.phaseshifter 1	deg	0.07	FALSE DONE
17/10/2025 07:13:00:	30	count	time	30.0s/cts	O Det=1390	H Det=5400	Mon Det=72092	Aux Det=6979	O+H=13769	 DONE
17/10/2025 07:13:32:	MOVE MOTOR REL	S18.axis2.phaseshifter 1	deg	0.07	FALSE DONE
17/10/2025 07:13:35:	31	count	time	30.0s/cts	O Det=1553	H Det=4647	Mon Det=71768	Aux Det=8032	O+H=14232	 DONE
17/10/2025 07:14:07:	MOVE MOTOR REL	S18.axis2.phaseshifter 1	deg	0.07	FALSE DONE
17/10/2025 07:14:10:	32	count	time	30.0s/cts	O Det=1566	H Det=4026	Mon Det=72492	Aux Det=9510	O+H=15102	 DONE
17/10/2025 07:14:42:	NO ACTION	 DONE
17/10/2025 07:14:42:	close file and end scan	 DONE
call of ifg1r_newPS_2p30s.sc DONE
17/10/2025 07:14:43:	move motor	S18.axis2.phaseshifter 1 to fit O COS-270	-0.552558reached -0.54932  DONE
call of ifg1R_newPS_2p30s_p90_+1-1-i_wv3.sc DONE
17/10/2025 07:14:47:	create file	D:\data\Cycle 198\exp_3-16-19\rawdata\sc\ifg_wv3_psi_+1-1-i_17Oct0714.dat	 DONE
room to enter remarks DONE
17/10/2025 07:14:48:	MOVE MOTOR REL	S18.axis2.phaseshifter 1	deg	0.0	FALSE DONE
17/10/2025 07:14:51:	1	count	time	30.0s/cts	O Det=1364	H Det=2840	Mon Det=71888	Aux Det=11884	O+H=16088	 DONE
17/10/2025 07:15:23:	MOVE MOTOR REL	S18.axis2.phaseshifter 1	deg	0.07	FALSE DONE
17/10/2025 07:15:27:	2	count	time	30.0s/cts	O Det=1291	H Det=3457	Mon Det=71638	Aux Det=10735	O+H=15483	 DONE
17/10/2025 07:15:58:	MOVE MOTOR REL	S18.axis2.phaseshifter 1	deg	0.07	FALSE DONE
17/10/2025 07:16:02:	3	count	time	30.0s/cts	O Det=1154	H Det=4485	Mon Det=71980	Aux Det=9116	O+H=14755	 DONE
17/10/2025 07:16:33:	MOVE MOTOR REL	S18.axis2.phaseshifter 1	deg	0.07	FALSE DONE
17/10/2025 07:16:37:	4	count	time	30.0s/cts	O Det=1175	H Det=5450	Mon Det=72132	Aux Det=7335	O+H=13960	 DONE
17/10/2025 07:17:09:	MOVE MOTOR REL	S18.axis2.phaseshifter 1	deg	0.07	FALSE DONE
17/10/2025 07:17:12:	5	count	time	30.0s/cts	O Det=1154	H Det=6124	Mon Det=72508	Aux Det=5953	O+H=13231	 DONE
17/10/2025 07:17:44:	MOVE MOTOR REL	S18.axis2.phaseshifter 1	deg	0.07	FALSE DONE
17/10/2025 07:17:47:	6	count	time	30.0s/cts	O Det=1232	H Det=6466	Mon Det=72105	Aux Det=5116	O+H=12814	 DONE
17/10/2025 07:18:19:	MOVE MOTOR REL	S18.axis2.phaseshifter 1	deg	0.07	FALSE DONE
17/10/2025 07:18:22:	7	count	time	30.0s/cts	O Det=1265	H Det=6649	Mon Det=72095	Aux Det=5103	O+H=13017	 DONE
17/10/2025 07:18:54:	MOVE MOTOR REL	S18.axis2.phaseshifter 1	deg	0.07	FALSE DONE
17/10/2025 07:18:58:	8	count	time	30.0s/cts	O Det=1412	H Det=6489	Mon Det=72216	Aux Det=5241	O+H=13142	 DONE
17/10/2025 07:19:29:	MOVE MOTOR REL	S18.axis2.phaseshifter 1	deg	0.07	FALSE DONE
17/10/2025 07:19:33:	9	count	time	30.0s/cts	O Det=1312	H Det=5934	Mon Det=72020	Aux Det=5900	O+H=13146	 DONE
17/10/2025 07:20:04:	MOVE MOTOR REL	S18.axis2.phaseshifter 1	deg	0.07	FALSE DONE
17/10/2025 07:20:08:	10	count	time	30.0s/cts	O Det=1509	H Det=5213	Mon Det=71531	Aux Det=7155	O+H=13877	 DONE
17/10/2025 07:20:40:	MOVE MOTOR REL	S18.axis2.phaseshifter 1	deg	0.07	FALSE DONE
17/10/2025 07:20:43:	11	count	time	30.0s/cts	O Det=1531	H Det=4420	Mon Det=72102	Aux Det=8719	O+H=14670	 DONE
17/10/2025 07:21:15:	MOVE MOTOR REL	S18.axis2.phaseshifter 1	deg	0.07	FALSE DONE
17/10/2025 07:21:18:	12	count	time	30.0s/cts	O Det=1593	H Det=3491	Mon Det=71955	Aux Det=10130	O+H=15214	 DONE
17/10/2025 07:21:50:	MOVE MOTOR REL	S18.axis2.phaseshifter 1	deg	0.07	FALSE DONE
17/10/2025 07:21:54:	13	count	time	30.0s/cts	O Det=1556	H Det=2928	Mon Det=72290	Aux Det=11568	O+H=16052	 DONE
17/10/2025 07:22:25:	MOVE MOTOR REL	S18.axis2.phaseshifter 1	deg	0.07	FALSE DONE
17/10/2025 07:22:29:	14	count	time	30.0s/cts	O Det=1476	H Det=2465	Mon Det=71578	Aux Det=12254	O+H=16195	 DONE
17/10/2025 07:23:00:	MOVE MOTOR REL	S18.axis2.phaseshifter 1	deg	0.07	FALSE DONE
17/10/2025 07:23:04:	15	count	time	30.0s/cts	O Det=1467	H Det=2244	Mon Det=71986	Aux Det=12659	O+H=16370	 DONE
17/10/2025 07:23:36:	MOVE MOTOR REL	S18.axis2.phaseshifter 1	deg	0.07	FALSE DONE
17/10/2025 07:23:39:	16	count	time	30.0s/cts	O Det=1395	H Det=2469	Mon Det=72087	Aux Det=12425	O+H=16289	 DONE
17/10/2025 07:24:11:	MOVE MOTOR REL	S18.axis2.phaseshifter 1	deg	0.07	FALSE DONE
17/10/2025 07:24:14:	17	count	time	30.0s/cts	O Det=1327	H Det=3045	Mon Det=71915	Aux Det=11727	O+H=16099	 DONE
17/10/2025 07:24:46:	MOVE MOTOR REL	S18.axis2.phaseshifter 1	deg	0.07	FALSE DONE
17/10/2025 07:24:49:	18	count	time	30.0s/cts	O Det=1231	H Det=3675	Mon Det=71596	Aux Det=10322	O+H=15228	 DONE
17/10/2025 07:25:21:	MOVE MOTOR REL	S18.axis2.phaseshifter 1	deg	0.07	FALSE DONE
17/10/2025 07:25:25:	19	count	time	30.0s/cts	O Det=1247	H Det=4587	Mon Det=71742	Aux Det=8841	O+H=14675	 DONE
17/10/2025 07:25:56:	MOVE MOTOR REL	S18.axis2.phaseshifter 1	deg	0.07	FALSE DONE
17/10/2025 07:26:00:	20	count	time	30.0s/cts	O Det=1213	H Det=5596	Mon Det=71809	Aux Det=7117	O+H=13926	 DONE
17/10/2025 07:26:31:	MOVE MOTOR REL	S18.axis2.phaseshifter 1	deg	0.07	FALSE DONE
17/10/2025 07:26:35:	21	count	time	30.0s/cts	O Det=1208	H Det=6140	Mon Det=72341	Aux Det=5872	O+H=13220	 DONE
17/10/2025 07:27:07:	MOVE MOTOR REL	S18.axis2.phaseshifter 1	deg	0.07	FALSE DONE
17/10/2025 07:27:10:	22	count	time	30.0s/cts	O Det=1222	H Det=6400	Mon Det=71777	Aux Det=5114	O+H=12736	 DONE
17/10/2025 07:27:42:	MOVE MOTOR REL	S18.axis2.phaseshifter 1	deg	0.07	FALSE DONE
17/10/2025 07:27:45:	23	count	time	30.0s/cts	O Det=1357	H Det=6591	Mon Det=72067	Aux Det=5043	O+H=12991	 DONE
17/10/2025 07:28:17:	MOVE MOTOR REL	S18.axis2.phaseshifter 1	deg	0.07	FALSE DONE
17/10/2025 07:28:20:	24	count	time	30.0s/cts	O Det=1352	H Det=6334	Mon Det=71856	Aux Det=5560	O+H=13246	 DONE
17/10/2025 07:28:52:	MOVE MOTOR REL	S18.axis2.phaseshifter 1	deg	0.07	FALSE DONE
17/10/2025 07:28:56:	25	count	time	30.0s/cts	O Det=1389	H Det=5898	Mon Det=72149	Aux Det=6272	O+H=13559	 DONE
17/10/2025 07:29:27:	MOVE MOTOR REL	S18.axis2.phaseshifter 1	deg	0.07	FALSE DONE
17/10/2025 07:29:31:	26	count	time	30.0s/cts	O Det=1512	H Det=5044	Mon Det=72038	Aux Det=7687	O+H=14243	 DONE
17/10/2025 07:30:02:	MOVE MOTOR REL	S18.axis2.phaseshifter 1	deg	0.07	FALSE DONE
17/10/2025 07:30:06:	27	count	time	30.0s/cts	O Det=1553	H Det=4099	Mon Det=72219	Aux Det=8973	O+H=14625	 DONE
17/10/2025 07:30:38:	MOVE MOTOR REL	S18.axis2.phaseshifter 1	deg	0.07	FALSE DONE
17/10/2025 07:30:41:	28	count	time	30.0s/cts	O Det=1484	H Det=3553	Mon Det=72034	Aux Det=10340	O+H=15377	 DONE
17/10/2025 07:31:13:	MOVE MOTOR REL	S18.axis2.phaseshifter 1	deg	0.07	FALSE DONE
17/10/2025 07:31:16:	29	count	time	30.0s/cts	O Det=1503	H Det=2710	Mon Det=71539	Aux Det=11818	O+H=16031	 DONE
17/10/2025 07:31:48:	MOVE MOTOR REL	S18.axis2.phaseshifter 1	deg	0.07	FALSE DONE
17/10/2025 07:31:52:	30	count	time	30.0s/cts	O Det=1547	H Det=2416	Mon Det=71822	Aux Det=12572	O+H=16535	 DONE
17/10/2025 07:32:24:	MOVE MOTOR REL	S18.axis2.phaseshifter 1	deg	0.07	FALSE DONE
17/10/2025 07:32:27:	31	count	time	30.0s/cts	O Det=1485	H Det=2333	Mon Det=72076	Aux Det=12594	O+H=16412	 DONE
17/10/2025 07:32:59:	MOVE MOTOR REL	S18.axis2.phaseshifter 1	deg	0.07	FALSE DONE
17/10/2025 07:33:02:	32	count	time	30.0s/cts	O Det=1425	H Det=2591	Mon Det=71933	Aux Det=12152	O+H=16168	 DONE
17/10/2025 07:33:34:	NO ACTION	 DONE
17/10/2025 07:33:34:	close file and end scan	 DONE
call of ifg1r_newPS_2p30s.sc DONE
call of ifg1R_newPS_2p30s_p180.sc DONE
17/10/2025 07:33:36:	move motor	S18.auxiliary.Robot Z to 207413.00000um	reached 207412.00000  DONE
call of robot_Zout_doubleCd.sc DONE
17/10/2025 07:33:39:	move motor	S18.auxiliary.Robot rot big to 90.00000deg	reached 90.00000  DONE
17/10/2025 07:33:42:	move motor	S18.auxiliary.Robot Diagonal to 26000.00000um	reached 25999.79402  DONE
17/10/2025 07:34:06:	move motor	S18.auxiliary.Robot Z to 207413.00000um	reached 207412.00000  DONE
call of robot_Zout_doubleCd.sc DONE
17/10/2025 07:34:09:	move motor	S18.auxiliary.Robot rot big to 90.00000deg	reached 90.00000  DONE
17/10/2025 07:34:11:	move motor	S18.auxiliary.Robot Z to 292012.00000um	reached 292012.00000  DONE
call of robot_Zin_doubleCd.sc DONE
call of Block_path13_doubleCd.sc DONE
17/10/2025 07:34:19:	move motor	S18.auxiliary.Robot Diagonal to 25999.900000um	 DONE
17/10/2025 07:34:25:	create file	D:\data\Cycle 198\exp_3-16-19\rawdata\sc\ifg_wv3_psi_+1-1-i_17Oct0734.dat	 DONE
room to enter remarks DONE
17/10/2025 07:34:26:	move motor	S18.auxiliary.Robot Diagonal to 26000.000000um	 DONE
17/10/2025 07:34:32:	1	count	time	60.000000s/cts	O Det=1802	H Det=1723	Mon Det=143791	Aux Det=5963	O+H=9488	 DONE
17/10/2025 07:35:34:	move motor	S18.auxiliary.Robot Diagonal to 48000.000000um	 DONE
17/10/2025 07:35:49:	2	count	time	60.000000s/cts	O Det=1793	H Det=3124	Mon Det=144011	Aux Det=34	O+H=4951	 DONE
17/10/2025 07:36:50:	move motor	S18.auxiliary.Robot Diagonal to 70000.000000um	 DONE
17/10/2025 07:37:05:	3	count	time	60.000000s/cts	O Det=1709	H Det=1790	Mon Det=143863	Aux Det=11476	O+H=14975	 DONE
17/10/2025 07:38:07:	close file and end scan	 DONE
17/10/2025 07:38:07:	move motor	S18.auxiliary.Robot Z to 207413.00000um	reached 207403.00000  DONE
call of robot_Zout_doubleCd.sc DONE
call of int_meas_path213.sc DONE
17/10/2025 07:38:15:	END OF SCRIPT	 DONE
