22/10/2025 18:12:19:	start execution of script D:\data\Cycle 198\exp_3-16-19\rawdata\sc\ifg_wv2_psi_+1+exp(-i60)+exp(i120)_no_fit.sc	 DONE
22/10/2025 18:12:19:	create file	D:\data\Cycle 198\exp_3-16-19\rawdata\sc\ifg_wv2_psi_+1+exp(-i60)+exp(i120)_no_fit_22Oct1812.dat	 DONE
room to enter remarks DONE
22/10/2025 18:12:20:	MOVE MOTOR REL	S18.axis2.phaseshifter both	deg	-0.51751	FALSE DONE
22/10/2025 18:12:25:	1	count	time	30.0s/cts	O Det=2606	H Det=5360	Mon Det=73333	Aux Det=5037	O+H=13003	 DONE
22/10/2025 18:12:57:	MOVE MOTOR REL	S18.axis2.phaseshifter both	deg	0.06469	FALSE DONE
22/10/2025 18:13:02:	2	count	time	30.0s/cts	O Det=2117	H Det=5603	Mon Det=73440	Aux Det=5063	O+H=12783	 DONE
22/10/2025 18:13:33:	MOVE MOTOR REL	S18.axis2.phaseshifter both	deg	0.06469	FALSE DONE
22/10/2025 18:13:38:	3	count	time	30.0s/cts	O Det=1489	H Det=5724	Mon Det=73340	Aux Det=5922	O+H=13135	 DONE
22/10/2025 18:14:09:	MOVE MOTOR REL	S18.axis2.phaseshifter both	deg	0.06469	FALSE DONE
22/10/2025 18:14:14:	4	count	time	30.0s/cts	O Det=1162	H Det=5460	Mon Det=73411	Aux Det=7035	O+H=13657	 DONE
22/10/2025 18:14:46:	MOVE MOTOR REL	S18.axis2.phaseshifter both	deg	0.06469	FALSE DONE
22/10/2025 18:14:50:	5	count	time	30.0s/cts	O Det=967	H Det=4979	Mon Det=73305	Aux Det=8115	O+H=14061	 DONE
22/10/2025 18:15:22:	MOVE MOTOR REL	S18.axis2.phaseshifter both	deg	0.06469	FALSE DONE
22/10/2025 18:15:26:	6	count	time	30.0s/cts	O Det=849	H Det=4273	Mon Det=73664	Aux Det=9684	O+H=14806	 DONE
22/10/2025 18:15:58:	MOVE MOTOR REL	S18.axis2.phaseshifter both	deg	0.06469	FALSE DONE
22/10/2025 18:16:03:	7	count	time	30.0s/cts	O Det=886	H Det=3401	Mon Det=73357	Aux Det=11136	O+H=15423	 DONE
22/10/2025 18:16:34:	MOVE MOTOR REL	S18.axis2.phaseshifter both	deg	0.06469	FALSE DONE
22/10/2025 18:16:39:	8	count	time	30.0s/cts	O Det=1146	H Det=2719	Mon Det=73945	Aux Det=11894	O+H=15759	 DONE
22/10/2025 18:17:11:	MOVE MOTOR REL	S18.axis2.phaseshifter both	deg	0.06469	FALSE DONE
22/10/2025 18:17:15:	9	count	time	30.0s/cts	O Det=1532	H Det=2307	Mon Det=73124	Aux Det=12304	O+H=16143	 DONE
22/10/2025 18:17:47:	MOVE MOTOR REL	S18.axis2.phaseshifter both	deg	0.06469	FALSE DONE
22/10/2025 18:17:51:	10	count	time	30.0s/cts	O Det=1920	H Det=2095	Mon Det=73738	Aux Det=12181	O+H=16196	 DONE
22/10/2025 18:18:23:	MOVE MOTOR REL	S18.axis2.phaseshifter both	deg	0.06469	FALSE DONE
22/10/2025 18:18:28:	11	count	time	30.0s/cts	O Det=2252	H Det=2029	Mon Det=73289	Aux Det=11316	O+H=15597	 DONE
22/10/2025 18:18:59:	MOVE MOTOR REL	S18.axis2.phaseshifter both	deg	0.06469	FALSE DONE
22/10/2025 18:19:04:	12	count	time	30.0s/cts	O Det=2472	H Det=2467	Mon Det=73614	Aux Det=10270	O+H=15209	 DONE
22/10/2025 18:19:35:	MOVE MOTOR REL	S18.axis2.phaseshifter both	deg	0.06469	FALSE DONE
22/10/2025 18:19:40:	13	count	time	30.0s/cts	O Det=2874	H Det=2967	Mon Det=73245	Aux Det=8899	O+H=14740	 DONE
22/10/2025 18:20:12:	MOVE MOTOR REL	S18.axis2.phaseshifter both	deg	0.06469	FALSE DONE
22/10/2025 18:20:16:	14	count	time	30.0s/cts	O Det=2920	H Det=3728	Mon Det=73024	Aux Det=7436	O+H=14084	 DONE
22/10/2025 18:20:48:	MOVE MOTOR REL	S18.axis2.phaseshifter both	deg	0.06469	FALSE DONE
22/10/2025 18:20:52:	15	count	time	30.0s/cts	O Det=2671	H Det=4415	Mon Det=73453	Aux Det=6045	O+H=13131	 DONE
22/10/2025 18:21:24:	MOVE MOTOR REL	S18.axis2.phaseshifter both	deg	0.06469	FALSE DONE
22/10/2025 18:21:29:	16	count	time	30.0s/cts	O Det=2499	H Det=4943	Mon Det=73724	Aux Det=5509	O+H=12951	 DONE
22/10/2025 18:22:00:	MOVE MOTOR REL	S18.axis2.phaseshifter both	deg	0.06469	FALSE DONE
22/10/2025 18:22:05:	17	count	time	30.0s/cts	O Det=2238	H Det=5677	Mon Det=73638	Aux Det=5009	O+H=12924	 DONE
22/10/2025 18:22:36:	MOVE MOTOR REL	S18.axis2.phaseshifter both	deg	0.06469	FALSE DONE
22/10/2025 18:22:41:	18	count	time	30.0s/cts	O Det=1982	H Det=5725	Mon Det=73648	Aux Det=5112	O+H=12819	 DONE
22/10/2025 18:23:13:	MOVE MOTOR REL	S18.axis2.phaseshifter both	deg	0.06469	FALSE DONE
22/10/2025 18:23:17:	19	count	time	30.0s/cts	O Det=1468	H Det=5781	Mon Det=73139	Aux Det=5787	O+H=13036	 DONE
22/10/2025 18:23:49:	MOVE MOTOR REL	S18.axis2.phaseshifter both	deg	0.06469	FALSE DONE
22/10/2025 18:23:53:	20	count	time	30.0s/cts	O Det=1150	H Det=5596	Mon Det=73461	Aux Det=6740	O+H=13486	 DONE
22/10/2025 18:24:25:	MOVE MOTOR REL	S18.axis2.phaseshifter both	deg	0.06469	FALSE DONE
22/10/2025 18:24:30:	21	count	time	30.0s/cts	O Det=894	H Det=4944	Mon Det=72994	Aux Det=8412	O+H=14250	 DONE
22/10/2025 18:25:01:	MOVE MOTOR REL	S18.axis2.phaseshifter both	deg	0.06469	FALSE DONE
22/10/2025 18:25:06:	22	count	time	30.0s/cts	O Det=837	H Det=4238	Mon Det=73149	Aux Det=10080	O+H=15155	 DONE
22/10/2025 18:25:37:	MOVE MOTOR REL	S18.axis2.phaseshifter both	deg	0.06469	FALSE DONE
22/10/2025 18:25:42:	23	count	time	30.0s/cts	O Det=868	H Det=3539	Mon Det=73391	Aux Det=11185	O+H=15592	 DONE
22/10/2025 18:26:14:	MOVE MOTOR REL	S18.axis2.phaseshifter both	deg	0.06469	FALSE DONE
22/10/2025 18:26:18:	24	count	time	30.0s/cts	O Det=1118	H Det=2786	Mon Det=73499	Aux Det=12114	O+H=16018	 DONE
22/10/2025 18:26:50:	MOVE MOTOR REL	S18.axis2.phaseshifter both	deg	0.06469	FALSE DONE
22/10/2025 18:26:55:	25	count	time	30.0s/cts	O Det=1533	H Det=2224	Mon Det=73238	Aux Det=12559	O+H=16316	 DONE
22/10/2025 18:27:26:	MOVE MOTOR REL	S18.axis2.phaseshifter both	deg	0.06469	FALSE DONE
22/10/2025 18:27:31:	26	count	time	30.0s/cts	O Det=1943	H Det=2035	Mon Det=73775	Aux Det=12175	O+H=16153	 DONE
22/10/2025 18:28:02:	MOVE MOTOR REL	S18.axis2.phaseshifter both	deg	0.06469	FALSE DONE
22/10/2025 18:28:07:	27	count	time	30.0s/cts	O Det=2469	H Det=2152	Mon Det=73482	Aux Det=11200	O+H=15821	 DONE
22/10/2025 18:28:39:	MOVE MOTOR REL	S18.axis2.phaseshifter both	deg	0.06469	FALSE DONE
22/10/2025 18:28:43:	28	count	time	30.0s/cts	O Det=2768	H Det=2541	Mon Det=73780	Aux Det=9952	O+H=15261	 DONE
22/10/2025 18:29:15:	MOVE MOTOR REL	S18.axis2.phaseshifter both	deg	0.06469	FALSE DONE
22/10/2025 18:29:19:	29	count	time	30.0s/cts	O Det=3110	H Det=3200	Mon Det=73497	Aux Det=8380	O+H=14690	 DONE
22/10/2025 18:29:51:	MOVE MOTOR REL	S18.axis2.phaseshifter both	deg	0.06469	FALSE DONE
22/10/2025 18:29:56:	30	count	time	30.0s/cts	O Det=3000	H Det=3975	Mon Det=73272	Aux Det=6941	O+H=13916	 DONE
22/10/2025 18:30:27:	MOVE MOTOR REL	S18.axis2.phaseshifter both	deg	0.06469	FALSE DONE
22/10/2025 18:30:32:	31	count	time	30.0s/cts	O Det=2840	H Det=4677	Mon Det=73508	Aux Det=5715	O+H=13232	 DONE
22/10/2025 18:31:04:	MOVE MOTOR REL	S18.axis2.phaseshifter both	deg	0.06469	FALSE DONE
22/10/2025 18:31:08:	32	count	time	30.0s/cts	O Det=2715	H Det=5007	Mon Det=73270	Aux Det=5125	O+H=12847	 DONE
22/10/2025 18:31:40:	MOVE MOTOR REL	S18.axis2.phaseshifter both	deg	0.06469	FALSE DONE
22/10/2025 18:31:44:	33	count	time	30.0s/cts	O Det=2292	H Det=5471	Mon Det=73306	Aux Det=4930	O+H=12693	 DONE
22/10/2025 18:32:16:	MOVE MOTOR REL	S18.axis2.phaseshifter both	deg	0.06469	FALSE DONE
22/10/2025 18:32:21:	34	count	time	30.0s/cts	O Det=1931	H Det=5677	Mon Det=73403	Aux Det=5249	O+H=12857	 DONE
22/10/2025 18:32:52:	MOVE MOTOR REL	S18.axis2.phaseshifter both	deg	0.06469	FALSE DONE
22/10/2025 18:32:57:	35	count	time	30.0s/cts	O Det=1465	H Det=5657	Mon Det=73157	Aux Det=6105	O+H=13227	 DONE
22/10/2025 18:33:28:	MOVE MOTOR REL	S18.axis2.phaseshifter both	deg	0.06469	FALSE DONE
22/10/2025 18:33:33:	36	count	time	30.0s/cts	O Det=1076	H Det=5335	Mon Det=73498	Aux Det=7305	O+H=13716	 DONE
22/10/2025 18:34:05:	MOVE MOTOR REL	S18.axis2.phaseshifter both	deg	0.06469	FALSE DONE
22/10/2025 18:34:09:	37	count	time	30.0s/cts	O Det=843	H Det=4860	Mon Det=73761	Aux Det=8554	O+H=14257	 DONE
22/10/2025 18:34:41:	MOVE MOTOR REL	S18.axis2.phaseshifter both	deg	0.06469	FALSE DONE
22/10/2025 18:34:45:	38	count	time	30.0s/cts	O Det=771	H Det=4148	Mon Det=73081	Aux Det=9939	O+H=14858	 DONE
22/10/2025 18:35:17:	MOVE MOTOR REL	S18.axis2.phaseshifter both	deg	0.06469	FALSE DONE
22/10/2025 18:35:22:	39	count	time	30.0s/cts	O Det=847	H Det=3327	Mon Det=73199	Aux Det=11364	O+H=15538	 DONE
22/10/2025 18:35:53:	MOVE MOTOR REL	S18.axis2.phaseshifter both	deg	0.06469	FALSE DONE
22/10/2025 18:35:58:	40	count	time	30.0s/cts	O Det=1145	H Det=2640	Mon Det=73539	Aux Det=12173	O+H=15958	 DONE
22/10/2025 18:36:29:	MOVE MOTOR REL	S18.axis2.phaseshifter both	deg	0.06469	FALSE DONE
22/10/2025 18:36:34:	41	count	time	30.0s/cts	O Det=1493	H Det=2257	Mon Det=73531	Aux Det=12397	O+H=16147	 DONE
22/10/2025 18:37:06:	MOVE MOTOR REL	S18.axis2.phaseshifter both	deg	0.06469	FALSE DONE
22/10/2025 18:37:10:	42	count	time	30.0s/cts	O Det=1910	H Det=2082	Mon Det=73243	Aux Det=11921	O+H=15913	 DONE
22/10/2025 18:37:42:	MOVE MOTOR REL	S18.axis2.phaseshifter both	deg	0.06469	FALSE DONE
22/10/2025 18:37:46:	43	count	time	30.0s/cts	O Det=2238	H Det=2082	Mon Det=73508	Aux Det=11514	O+H=15834	 DONE
22/10/2025 18:38:18:	MOVE MOTOR REL	S18.axis2.phaseshifter both	deg	0.06469	FALSE DONE
22/10/2025 18:38:23:	44	count	time	30.0s/cts	O Det=2646	H Det=2431	Mon Det=73701	Aux Det=10367	O+H=15444	 DONE
22/10/2025 18:38:54:	MOVE MOTOR REL	S18.axis2.phaseshifter both	deg	0.06469	FALSE DONE
22/10/2025 18:38:59:	45	count	time	30.0s/cts	O Det=2770	H Det=2950	Mon Det=73453	Aux Det=8976	O+H=14696	 DONE
22/10/2025 18:39:30:	MOVE MOTOR REL	S18.axis2.phaseshifter both	deg	0.06469	FALSE DONE
22/10/2025 18:39:35:	46	count	time	30.0s/cts	O Det=2761	H Det=3770	Mon Det=73271	Aux Det=7400	O+H=13931	 DONE
22/10/2025 18:40:07:	MOVE MOTOR REL	S18.axis2.phaseshifter both	deg	0.06469	FALSE DONE
22/10/2025 18:40:11:	47	count	time	30.0s/cts	O Det=2768	H Det=4629	Mon Det=73224	Aux Det=6121	O+H=13518	 DONE
22/10/2025 18:40:43:	MOVE MOTOR REL	S18.axis2.phaseshifter both	deg	0.06469	FALSE DONE
22/10/2025 18:40:47:	48	count	time	30.0s/cts	O Det=2448	H Det=5100	Mon Det=73324	Aux Det=5370	O+H=12918	 DONE
22/10/2025 18:41:19:	close file and end scan	 DONE
call of ifg12r_newPS_2p30s_no_fit.sc DONE
22/10/2025 18:41:20:	create file	D:\data\Cycle 198\exp_3-16-19\rawdata\sc\ifg_wv2_psi_+1+exp(-i60)+exp(i120)_no_fit_22Oct1841.dat	 DONE
room to enter remarks DONE
22/10/2025 18:41:21:	close file and end scan	 DONE
call of int_meas_path213.sc DONE
22/10/2025 18:41:22:	END OF SCRIPT	 DONE
