13/10/2025 14:40:27:	start execution of script D:\data\Cycle 198\exp_3-16-19\rawdata\sc\ifg_wv2_psi_+1-1-i.sc	 DONE
13/10/2025 14:40:28:	create file	D:\data\Cycle 198\exp_3-16-19\rawdata\sc\ifg_wv2_psi_+1-1-i_13Oct1440.dat	 DONE
room to enter remarks DONE
13/10/2025 14:40:29:	MOVE MOTOR REL	S18.axis2.phaseshifter both	deg	0.0	FALSE DONE
13/10/2025 14:40:33:	1	count	time	30.0s/cts	O Det=1912	H Det=5864	Mon Det=92606	Aux Det=11783	O+H=19559	 DONE
13/10/2025 14:41:05:	MOVE MOTOR REL	S18.axis2.phaseshifter both	deg	-0.07	FALSE DONE
13/10/2025 14:41:09:	2	count	time	30.0s/cts	O Det=2602	H Det=6236	Mon Det=92744	Aux Det=9734	O+H=18572	 DONE
13/10/2025 14:41:41:	MOVE MOTOR REL	S18.axis2.phaseshifter both	deg	-0.07	FALSE DONE
13/10/2025 14:41:45:	3	count	time	30.0s/cts	O Det=3367	H Det=6693	Mon Det=92862	Aux Det=7791	O+H=17851	 DONE
13/10/2025 14:42:17:	MOVE MOTOR REL	S18.axis2.phaseshifter both	deg	-0.07	FALSE DONE
13/10/2025 14:42:22:	4	count	time	30.0s/cts	O Det=4284	H Det=6349	Mon Det=92950	Aux Det=6934	O+H=17567	 DONE
13/10/2025 14:42:53:	MOVE MOTOR REL	S18.axis2.phaseshifter both	deg	-0.07	FALSE DONE
13/10/2025 14:42:58:	5	count	time	30.0s/cts	O Det=5031	H Det=6036	Mon Det=93283	Aux Det=6679	O+H=17746	 DONE
13/10/2025 14:43:29:	MOVE MOTOR REL	S18.axis2.phaseshifter both	deg	-0.07	FALSE DONE
13/10/2025 14:43:34:	6	count	time	30.0s/cts	O Det=5604	H Det=5127	Mon Det=93047	Aux Det=7185	O+H=17916	 DONE
13/10/2025 14:44:06:	MOVE MOTOR REL	S18.axis2.phaseshifter both	deg	-0.07	FALSE DONE
13/10/2025 14:44:10:	7	count	time	30.0s/cts	O Det=5828	H Det=4121	Mon Det=93120	Aux Det=8436	O+H=18385	 DONE
13/10/2025 14:44:42:	MOVE MOTOR REL	S18.axis2.phaseshifter both	deg	-0.07	FALSE DONE
13/10/2025 14:44:47:	8	count	time	30.0s/cts	O Det=5841	H Det=3329	Mon Det=93421	Aux Det=9946	O+H=19116	 DONE
13/10/2025 14:45:18:	MOVE MOTOR REL	S18.axis2.phaseshifter both	deg	-0.07	FALSE DONE
13/10/2025 14:45:23:	9	count	time	30.0s/cts	O Det=5577	H Det=2812	Mon Det=92689	Aux Det=11483	O+H=19872	 DONE
13/10/2025 14:45:54:	MOVE MOTOR REL	S18.axis2.phaseshifter both	deg	-0.07	FALSE DONE
13/10/2025 14:45:59:	10	count	time	30.0s/cts	O Det=4763	H Det=2353	Mon Det=92920	Aux Det=13628	O+H=20744	 DONE
13/10/2025 14:46:31:	MOVE MOTOR REL	S18.axis2.phaseshifter both	deg	-0.07	FALSE DONE
13/10/2025 14:46:35:	11	count	time	30.0s/cts	O Det=3766	H Det=2286	Mon Det=93510	Aux Det=15308	O+H=21360	 DONE
13/10/2025 14:47:07:	MOVE MOTOR REL	S18.axis2.phaseshifter both	deg	-0.07	FALSE DONE
13/10/2025 14:47:11:	12	count	time	30.0s/cts	O Det=2963	H Det=2452	Mon Det=93129	Aux Det=16236	O+H=21651	 DONE
13/10/2025 14:47:43:	MOVE MOTOR REL	S18.axis2.phaseshifter both	deg	-0.07	FALSE DONE
13/10/2025 14:47:48:	13	count	time	30.0s/cts	O Det=2187	H Det=2850	Mon Det=93272	Aux Det=16659	O+H=21696	 DONE
13/10/2025 14:48:19:	MOVE MOTOR REL	S18.axis2.phaseshifter both	deg	-0.07	FALSE DONE
13/10/2025 14:48:24:	14	count	time	30.0s/cts	O Det=1773	H Det=3556	Mon Det=93420	Aux Det=16572	O+H=21901	 DONE
13/10/2025 14:48:55:	MOVE MOTOR REL	S18.axis2.phaseshifter both	deg	-0.07	FALSE DONE
13/10/2025 14:49:00:	15	count	time	30.0s/cts	O Det=1461	H Det=4202	Mon Det=92870	Aux Det=15645	O+H=21308	 DONE
13/10/2025 14:49:32:	MOVE MOTOR REL	S18.axis2.phaseshifter both	deg	-0.07	FALSE DONE
13/10/2025 14:49:36:	16	count	time	30.0s/cts	O Det=1720	H Det=5067	Mon Det=93829	Aux Det=13818	O+H=20605	 DONE
13/10/2025 14:50:08:	MOVE MOTOR REL	S18.axis2.phaseshifter both	deg	-0.07	FALSE DONE
13/10/2025 14:50:12:	17	count	time	30.0s/cts	O Det=2158	H Det=5596	Mon Det=93814	Aux Det=11912	O+H=19666	 DONE
13/10/2025 14:50:44:	MOVE MOTOR REL	S18.axis2.phaseshifter both	deg	-0.07	FALSE DONE
13/10/2025 14:50:49:	18	count	time	30.0s/cts	O Det=2955	H Det=5909	Mon Det=93654	Aux Det=10473	O+H=19337	 DONE
13/10/2025 14:51:20:	MOVE MOTOR REL	S18.axis2.phaseshifter both	deg	-0.07	FALSE DONE
13/10/2025 14:51:25:	19	count	time	30.0s/cts	O Det=3920	H Det=5814	Mon Det=93219	Aux Det=8572	O+H=18306	 DONE
13/10/2025 14:51:56:	MOVE MOTOR REL	S18.axis2.phaseshifter both	deg	-0.07	FALSE DONE
13/10/2025 14:52:01:	20	count	time	30.0s/cts	O Det=4628	H Det=6117	Mon Det=93252	Aux Det=6893	O+H=17638	 DONE
13/10/2025 14:52:33:	MOVE MOTOR REL	S18.axis2.phaseshifter both	deg	-0.07	FALSE DONE
13/10/2025 14:52:37:	21	count	time	30.0s/cts	O Det=5430	H Det=5542	Mon Det=93213	Aux Det=6578	O+H=17550	 DONE
13/10/2025 14:53:09:	MOVE MOTOR REL	S18.axis2.phaseshifter both	deg	-0.07	FALSE DONE
13/10/2025 14:53:13:	22	count	time	30.0s/cts	O Det=6087	H Det=4925	Mon Det=93631	Aux Det=6842	O+H=17854	 DONE
13/10/2025 14:53:45:	MOVE MOTOR REL	S18.axis2.phaseshifter both	deg	-0.07	FALSE DONE
13/10/2025 14:53:50:	23	count	time	30.0s/cts	O Det=5928	H Det=4245	Mon Det=93002	Aux Det=7913	O+H=18086	 DONE
13/10/2025 14:54:21:	MOVE MOTOR REL	S18.axis2.phaseshifter both	deg	-0.07	FALSE DONE
13/10/2025 14:54:26:	24	count	time	30.0s/cts	O Det=6118	H Det=3618	Mon Det=93234	Aux Det=9450	O+H=19186	 DONE
13/10/2025 14:54:57:	MOVE MOTOR REL	S18.axis2.phaseshifter both	deg	-0.07	FALSE DONE
13/10/2025 14:55:02:	25	count	time	30.0s/cts	O Det=5772	H Det=2868	Mon Det=93389	Aux Det=11324	O+H=19964	 DONE
13/10/2025 14:55:34:	MOVE MOTOR REL	S18.axis2.phaseshifter both	deg	-0.07	FALSE DONE
13/10/2025 14:55:38:	26	count	time	30.0s/cts	O Det=4825	H Det=2556	Mon Det=93273	Aux Det=13339	O+H=20720	 DONE
13/10/2025 14:56:10:	MOVE MOTOR REL	S18.axis2.phaseshifter both	deg	-0.07	FALSE DONE
13/10/2025 14:56:14:	27	count	time	30.0s/cts	O Det=3802	H Det=2369	Mon Det=92696	Aux Det=15378	O+H=21549	 DONE
13/10/2025 14:56:46:	MOVE MOTOR REL	S18.axis2.phaseshifter both	deg	-0.07	FALSE DONE
13/10/2025 14:56:51:	28	count	time	30.0s/cts	O Det=2962	H Det=2478	Mon Det=93672	Aux Det=16412	O+H=21852	 DONE
13/10/2025 14:57:22:	MOVE MOTOR REL	S18.axis2.phaseshifter both	deg	-0.07	FALSE DONE
13/10/2025 14:57:27:	29	count	time	30.0s/cts	O Det=2186	H Det=2946	Mon Det=92869	Aux Det=16882	O+H=22014	 DONE
13/10/2025 14:57:58:	MOVE MOTOR REL	S18.axis2.phaseshifter both	deg	-0.07	FALSE DONE
13/10/2025 14:58:03:	30	count	time	30.0s/cts	O Det=1648	H Det=3653	Mon Det=93016	Aux Det=16498	O+H=21799	 DONE
13/10/2025 14:58:35:	NO ACTION	 DONE
13/10/2025 14:58:35:	close file and end scan	 DONE
call of ifg12r_newPS_2p30s_AP.sc DONE
13/10/2025 14:58:36:	move motor	S18.axis2.phaseshifter both to fit O COS-225	-1.861098reached -1.85669  DONE
call of ifg12R_newPS_2p30s_0_+1-1-i_wv2.sc DONE
13/10/2025 14:58:41:	create file	D:\data\Cycle 198\exp_3-16-19\rawdata\sc\ifg_wv2_psi_+1-1-i_13Oct1458.dat	 DONE
room to enter remarks DONE
13/10/2025 14:58:42:	MOVE MOTOR REL	S18.axis2.phaseshifter both	deg	0.0	FALSE DONE
13/10/2025 14:58:46:	1	count	time	30.0s/cts	O Det=2045	H Det=5440	Mon Det=93101	Aux Det=12396	O+H=19881	 DONE
13/10/2025 14:59:17:	MOVE MOTOR REL	S18.axis2.phaseshifter both	deg	-0.07	FALSE DONE
13/10/2025 14:59:22:	2	count	time	30.0s/cts	O Det=2690	H Det=5689	Mon Det=92493	Aux Det=10590	O+H=18969	 DONE
13/10/2025 14:59:54:	MOVE MOTOR REL	S18.axis2.phaseshifter both	deg	-0.07	FALSE DONE
13/10/2025 14:59:58:	3	count	time	30.0s/cts	O Det=3484	H Det=6108	Mon Det=93382	Aux Det=8715	O+H=18307	 DONE
13/10/2025 15:00:30:	MOVE MOTOR REL	S18.axis2.phaseshifter both	deg	-0.07	FALSE DONE
13/10/2025 15:00:34:	4	count	time	30.0s/cts	O Det=4520	H Det=5921	Mon Det=93170	Aux Det=7233	O+H=17674	 DONE
13/10/2025 15:01:06:	MOVE MOTOR REL	S18.axis2.phaseshifter both	deg	-0.07	FALSE DONE
13/10/2025 15:01:11:	5	count	time	30.0s/cts	O Det=5458	H Det=5597	Mon Det=93304	Aux Det=6566	O+H=17621	 DONE
13/10/2025 15:01:42:	MOVE MOTOR REL	S18.axis2.phaseshifter both	deg	-0.07	FALSE DONE
13/10/2025 15:01:47:	6	count	time	30.0s/cts	O Det=5885	H Det=5033	Mon Det=93745	Aux Det=6806	O+H=17724	 DONE
13/10/2025 15:02:18:	MOVE MOTOR REL	S18.axis2.phaseshifter both	deg	-0.07	FALSE DONE
13/10/2025 15:02:23:	7	count	time	30.0s/cts	O Det=6392	H Det=4199	Mon Det=93272	Aux Det=7688	O+H=18279	 DONE
13/10/2025 15:02:55:	MOVE MOTOR REL	S18.axis2.phaseshifter both	deg	-0.07	FALSE DONE
13/10/2025 15:02:59:	8	count	time	30.0s/cts	O Det=6675	H Det=3295	Mon Det=93117	Aux Det=8993	O+H=18963	 DONE
13/10/2025 15:03:31:	MOVE MOTOR REL	S18.axis2.phaseshifter both	deg	-0.07	FALSE DONE
13/10/2025 15:03:35:	9	count	time	30.0s/cts	O Det=6182	H Det=2692	Mon Det=93795	Aux Det=10728	O+H=19602	 DONE
13/10/2025 15:04:07:	MOVE MOTOR REL	S18.axis2.phaseshifter both	deg	-0.07	FALSE DONE
13/10/2025 15:04:12:	10	count	time	30.0s/cts	O Det=5229	H Det=2350	Mon Det=93375	Aux Det=13151	O+H=20730	 DONE
13/10/2025 15:04:43:	MOVE MOTOR REL	S18.axis2.phaseshifter both	deg	-0.07	FALSE DONE
13/10/2025 15:04:48:	11	count	time	30.0s/cts	O Det=4195	H Det=2263	Mon Det=93172	Aux Det=15069	O+H=21527	 DONE
13/10/2025 15:05:20:	MOVE MOTOR REL	S18.axis2.phaseshifter both	deg	-0.07	FALSE DONE
13/10/2025 15:05:24:	12	count	time	30.0s/cts	O Det=3404	H Det=2340	Mon Det=93094	Aux Det=16227	O+H=21971	 DONE
13/10/2025 15:05:56:	MOVE MOTOR REL	S18.axis2.phaseshifter both	deg	-0.07	FALSE DONE
13/10/2025 15:06:00:	13	count	time	30.0s/cts	O Det=2746	H Det=2544	Mon Det=93521	Aux Det=16758	O+H=22048	 DONE
13/10/2025 15:06:32:	MOVE MOTOR REL	S18.axis2.phaseshifter both	deg	-0.07	FALSE DONE
13/10/2025 15:06:37:	14	count	time	30.0s/cts	O Det=1881	H Det=3411	Mon Det=93142	Aux Det=16603	O+H=21895	 DONE
13/10/2025 15:07:08:	MOVE MOTOR REL	S18.axis2.phaseshifter both	deg	-0.07	FALSE DONE
13/10/2025 15:07:13:	15	count	time	30.0s/cts	O Det=1521	H Det=4144	Mon Det=92782	Aux Det=15592	O+H=21257	 DONE
13/10/2025 15:07:44:	MOVE MOTOR REL	S18.axis2.phaseshifter both	deg	-0.07	FALSE DONE
13/10/2025 15:07:49:	16	count	time	30.0s/cts	O Det=1692	H Det=4796	Mon Det=93605	Aux Det=14351	O+H=20839	 DONE
13/10/2025 15:08:21:	MOVE MOTOR REL	S18.axis2.phaseshifter both	deg	-0.07	FALSE DONE
13/10/2025 15:08:25:	17	count	time	30.0s/cts	O Det=2207	H Det=5433	Mon Det=92843	Aux Det=12258	O+H=19898	 DONE
13/10/2025 15:08:57:	MOVE MOTOR REL	S18.axis2.phaseshifter both	deg	-0.07	FALSE DONE
13/10/2025 15:09:01:	18	count	time	30.0s/cts	O Det=2782	H Det=5892	Mon Det=93100	Aux Det=10202	O+H=18876	 DONE
13/10/2025 15:09:33:	MOVE MOTOR REL	S18.axis2.phaseshifter both	deg	-0.07	FALSE DONE
13/10/2025 15:09:38:	19	count	time	30.0s/cts	O Det=3594	H Det=6221	Mon Det=92902	Aux Det=8481	O+H=18296	 DONE
13/10/2025 15:10:09:	MOVE MOTOR REL	S18.axis2.phaseshifter both	deg	-0.07	FALSE DONE
13/10/2025 15:10:14:	20	count	time	30.0s/cts	O Det=4522	H Det=6214	Mon Det=92984	Aux Det=7320	O+H=18056	 DONE
13/10/2025 15:10:45:	MOVE MOTOR REL	S18.axis2.phaseshifter both	deg	-0.07	FALSE DONE
13/10/2025 15:10:50:	21	count	time	30.0s/cts	O Det=5574	H Det=5465	Mon Det=93543	Aux Det=6530	O+H=17569	 DONE
13/10/2025 15:11:22:	MOVE MOTOR REL	S18.axis2.phaseshifter both	deg	-0.07	FALSE DONE
13/10/2025 15:11:26:	22	count	time	30.0s/cts	O Det=6163	H Det=4891	Mon Det=92789	Aux Det=6865	O+H=17919	 DONE
13/10/2025 15:11:58:	MOVE MOTOR REL	S18.axis2.phaseshifter both	deg	-0.07	FALSE DONE
13/10/2025 15:12:03:	23	count	time	30.0s/cts	O Det=6554	H Det=4167	Mon Det=93149	Aux Det=7716	O+H=18437	 DONE
13/10/2025 15:12:34:	MOVE MOTOR REL	S18.axis2.phaseshifter both	deg	-0.07	FALSE DONE
13/10/2025 15:12:39:	24	count	time	30.0s/cts	O Det=6231	H Det=3340	Mon Det=93086	Aux Det=9460	O+H=19031	 DONE
13/10/2025 15:13:11:	MOVE MOTOR REL	S18.axis2.phaseshifter both	deg	-0.07	FALSE DONE
13/10/2025 15:13:15:	25	count	time	30.0s/cts	O Det=5764	H Det=2683	Mon Det=93365	Aux Det=11613	O+H=20060	 DONE
13/10/2025 15:13:47:	MOVE MOTOR REL	S18.axis2.phaseshifter both	deg	-0.07	FALSE DONE
13/10/2025 15:13:51:	26	count	time	30.0s/cts	O Det=4622	H Det=2390	Mon Det=92788	Aux Det=13880	O+H=20892	 DONE
13/10/2025 15:14:23:	MOVE MOTOR REL	S18.axis2.phaseshifter both	deg	-0.07	FALSE DONE
13/10/2025 15:14:28:	27	count	time	30.0s/cts	O Det=3665	H Det=2337	Mon Det=93126	Aux Det=15551	O+H=21553	 DONE
13/10/2025 15:14:59:	MOVE MOTOR REL	S18.axis2.phaseshifter both	deg	-0.07	FALSE DONE
13/10/2025 15:15:04:	28	count	time	30.0s/cts	O Det=2877	H Det=2562	Mon Det=92867	Aux Det=16391	O+H=21830	 DONE
13/10/2025 15:15:35:	MOVE MOTOR REL	S18.axis2.phaseshifter both	deg	-0.07	FALSE DONE
13/10/2025 15:15:40:	29	count	time	30.0s/cts	O Det=2042	H Det=3007	Mon Det=93275	Aux Det=16512	O+H=21561	 DONE
13/10/2025 15:16:12:	MOVE MOTOR REL	S18.axis2.phaseshifter both	deg	-0.07	FALSE DONE
13/10/2025 15:16:16:	30	count	time	30.0s/cts	O Det=1561	H Det=3850	Mon Det=93153	Aux Det=16147	O+H=21558	 DONE
13/10/2025 15:16:48:	NO ACTION	 DONE
13/10/2025 15:16:48:	close file and end scan	 DONE
call of ifg12r_newPS_2p30s_AP.sc DONE
13/10/2025 15:16:49:	move motor	S18.axis2.phaseshifter both to fit O COS-405	-4.449267