12/10/2025 10:18:30:	start execution of script D:\data\Cycle 198\exp_3-16-19\rawdata\sc\ifg_wv1_psi_+1-1-i.sc	 DONE
12/10/2025 10:18:30:	create file	D:\data\Cycle 198\exp_3-16-19\rawdata\sc\ifg_wv1_psi_+1-1-i_12Oct1018.dat	 DONE
room to enter remarks DONE
12/10/2025 10:18:31:	MOVE MOTOR REL	S18.axis2.phaseshifter 2	deg	0.0	FALSE DONE
12/10/2025 10:18:34:	1	count	time	30.0s/cts	O Det=1670	H Det=6066	Mon Det=92865	Aux Det=11652	O+H=19388	 DONE
12/10/2025 10:19:06:	MOVE MOTOR REL	S18.axis2.phaseshifter 2	deg	0.07	FALSE DONE
12/10/2025 10:19:10:	2	count	time	30.0s/cts	O Det=1055	H Det=6543	Mon Det=93346	Aux Det=11388	O+H=18986	 DONE
12/10/2025 10:19:41:	MOVE MOTOR REL	S18.axis2.phaseshifter 2	deg	0.07	FALSE DONE
12/10/2025 10:19:45:	3	count	time	30.0s/cts	O Det=969	H Det=6558	Mon Det=92848	Aux Det=11455	O+H=18982	 DONE
12/10/2025 10:20:16:	MOVE MOTOR REL	S18.axis2.phaseshifter 2	deg	0.07	FALSE DONE
12/10/2025 10:20:20:	4	count	time	30.0s/cts	O Det=1108	H Det=6638	Mon Det=93184	Aux Det=11447	O+H=19193	 DONE
12/10/2025 10:20:52:	MOVE MOTOR REL	S18.axis2.phaseshifter 2	deg	0.07	FALSE DONE
12/10/2025 10:20:55:	5	count	time	30.0s/cts	O Det=1480	H Det=6189	Mon Det=92940	Aux Det=11602	O+H=19271	 DONE
12/10/2025 10:21:27:	MOVE MOTOR REL	S18.axis2.phaseshifter 2	deg	0.07	FALSE DONE
12/10/2025 10:21:31:	6	count	time	30.0s/cts	O Det=2319	H Det=5586	Mon Det=93455	Aux Det=11598	O+H=19503	 DONE
12/10/2025 10:22:02:	MOVE MOTOR REL	S18.axis2.phaseshifter 2	deg	0.07	FALSE DONE
12/10/2025 10:22:06:	7	count	time	30.0s/cts	O Det=3113	H Det=4651	Mon Det=92705	Aux Det=11317	O+H=19081	 DONE
12/10/2025 10:22:38:	MOVE MOTOR REL	S18.axis2.phaseshifter 2	deg	0.07	FALSE DONE
12/10/2025 10:22:41:	8	count	time	30.0s/cts	O Det=4166	H Det=3771	Mon Det=92412	Aux Det=11418	O+H=19355	 DONE
12/10/2025 10:23:13:	MOVE MOTOR REL	S18.axis2.phaseshifter 2	deg	0.07	FALSE DONE
12/10/2025 10:23:16:	9	count	time	30.0s/cts	O Det=5140	H Det=3065	Mon Det=93207	Aux Det=11347	O+H=19552	 DONE
12/10/2025 10:23:48:	MOVE MOTOR REL	S18.axis2.phaseshifter 2	deg	0.07	FALSE DONE
12/10/2025 10:23:52:	10	count	time	30.0s/cts	O Det=5706	H Det=2547	Mon Det=92849	Aux Det=11228	O+H=19481	 DONE
12/10/2025 10:24:23:	MOVE MOTOR REL	S18.axis2.phaseshifter 2	deg	0.07	FALSE DONE
12/10/2025 10:24:27:	11	count	time	30.0s/cts	O Det=5695	H Det=2384	Mon Det=92979	Aux Det=11569	O+H=19648	 DONE
12/10/2025 10:24:59:	MOVE MOTOR REL	S18.axis2.phaseshifter 2	deg	0.07	FALSE DONE
12/10/2025 10:25:02:	12	count	time	30.0s/cts	O Det=5494	H Det=2566	Mon Det=93086	Aux Det=11413	O+H=19473	 DONE
12/10/2025 10:25:34:	MOVE MOTOR REL	S18.axis2.phaseshifter 2	deg	0.07	FALSE DONE
12/10/2025 10:25:37:	13	count	time	30.0s/cts	O Det=4916	H Det=3160	Mon Det=93067	Aux Det=11424	O+H=19500	 DONE
12/10/2025 10:26:09:	MOVE MOTOR REL	S18.axis2.phaseshifter 2	deg	0.07	FALSE DONE
12/10/2025 10:26:13:	14	count	time	30.0s/cts	O Det=4126	H Det=3737	Mon Det=93260	Aux Det=11434	O+H=19297	 DONE
12/10/2025 10:26:44:	MOVE MOTOR REL	S18.axis2.phaseshifter 2	deg	0.07	FALSE DONE
12/10/2025 10:26:48:	15	count	time	30.0s/cts	O Det=3106	H Det=4594	Mon Det=93299	Aux Det=11505	O+H=19205	 DONE
12/10/2025 10:27:20:	MOVE MOTOR REL	S18.axis2.phaseshifter 2	deg	0.07	FALSE DONE
12/10/2025 10:27:23:	16	count	time	30.0s/cts	O Det=2130	H Det=5604	Mon Det=92915	Aux Det=11164	O+H=18898	 DONE
12/10/2025 10:27:55:	MOVE MOTOR REL	S18.axis2.phaseshifter 2	deg	0.07	FALSE DONE
12/10/2025 10:27:59:	17	count	time	30.0s/cts	O Det=1559	H Det=6146	Mon Det=93699	Aux Det=11465	O+H=19170	 DONE
12/10/2025 10:28:30:	MOVE MOTOR REL	S18.axis2.phaseshifter 2	deg	0.07	FALSE DONE
12/10/2025 10:28:34:	18	count	time	30.0s/cts	O Det=1039	H Det=6501	Mon Det=93325	Aux Det=11406	O+H=18946	 DONE
12/10/2025 10:29:06:	MOVE MOTOR REL	S18.axis2.phaseshifter 2	deg	0.07	FALSE DONE
12/10/2025 10:29:09:	19	count	time	30.0s/cts	O Det=896	H Det=6638	Mon Det=93128	Aux Det=11248	O+H=18782	 DONE
12/10/2025 10:29:41:	MOVE MOTOR REL	S18.axis2.phaseshifter 2	deg	0.07	FALSE DONE
12/10/2025 10:29:44:	20	count	time	30.0s/cts	O Det=1323	H Det=6253	Mon Det=92558	Aux Det=11408	O+H=18984	 DONE
12/10/2025 10:30:16:	MOVE MOTOR REL	S18.axis2.phaseshifter 2	deg	0.07	FALSE DONE
12/10/2025 10:30:20:	21	count	time	30.0s/cts	O Det=1807	H Det=5767	Mon Det=92853	Aux Det=11222	O+H=18796	 DONE
12/10/2025 10:30:51:	MOVE MOTOR REL	S18.axis2.phaseshifter 2	deg	0.07	FALSE DONE
12/10/2025 10:30:55:	22	count	time	30.0s/cts	O Det=2861	H Det=4967	Mon Det=93396	Aux Det=11297	O+H=19125	 DONE
12/10/2025 10:31:26:	MOVE MOTOR REL	S18.axis2.phaseshifter 2	deg	0.07	FALSE DONE
12/10/2025 10:31:30:	23	count	time	30.0s/cts	O Det=3759	H Det=3992	Mon Det=92979	Aux Det=11346	O+H=19097	 DONE
12/10/2025 10:32:02:	MOVE MOTOR REL	S18.axis2.phaseshifter 2	deg	0.07	FALSE DONE
12/10/2025 10:32:06:	24	count	time	30.0s/cts	O Det=4906	H Det=3021	Mon Det=93133	Aux Det=11112	O+H=19039	 DONE
12/10/2025 10:32:37:	MOVE MOTOR REL	S18.axis2.phaseshifter 2	deg	0.07	FALSE DONE
12/10/2025 10:32:41:	25	count	time	30.0s/cts	O Det=5377	H Det=2592	Mon Det=93418	Aux Det=11567	O+H=19536	 DONE
12/10/2025 10:33:13:	MOVE MOTOR REL	S18.axis2.phaseshifter 2	deg	0.07	FALSE DONE
12/10/2025 10:33:16:	26	count	time	30.0s/cts	O Det=5781	H Det=2401	Mon Det=92958	Aux Det=11202	O+H=19384	 DONE
12/10/2025 10:33:48:	MOVE MOTOR REL	S18.axis2.phaseshifter 2	deg	0.07	FALSE DONE
12/10/2025 10:33:51:	27	count	time	30.0s/cts	O Det=5446	H Det=2441	Mon Det=92921	Aux Det=11259	O+H=19146	 DONE
12/10/2025 10:34:23:	MOVE MOTOR REL	S18.axis2.phaseshifter 2	deg	0.07	FALSE DONE
12/10/2025 10:34:27:	28	count	time	30.0s/cts	O Det=4960	H Det=2968	Mon Det=92899	Aux Det=11330	O+H=19258	 DONE
12/10/2025 10:34:58:	MOVE MOTOR REL	S18.axis2.phaseshifter 2	deg	0.07	FALSE DONE
12/10/2025 10:35:02:	29	count	time	30.0s/cts	O Det=4270	H Det=3683	Mon Det=92734	Aux Det=11171	O+H=19124	 DONE
12/10/2025 10:35:34:	MOVE MOTOR REL	S18.axis2.phaseshifter 2	deg	0.07	FALSE DONE
12/10/2025 10:35:37:	30	count	time	30.0s/cts	O Det=3507	H Det=4321	Mon Det=93374	Aux Det=11391	O+H=19219	 DONE
12/10/2025 10:36:09:	NO ACTION	 DONE
12/10/2025 10:36:09:	close file and end scan	 DONE
call of ifg2r_newPS_2p30s.sc DONE
12/10/2025 10:36:10:	move motor	S18.axis2.phaseshifter 2 to fit O COS-315	-2.161059reached -2.16431  DONE
call of ifg2R_newPS_2p30s_0_+1-1-i_wv1.sc DONE
12/10/2025 10:36:14:	create file	D:\data\Cycle 198\exp_3-16-19\rawdata\sc\ifg_wv1_psi_+1-1-i_12Oct1036.dat	 DONE
room to enter remarks DONE
12/10/2025 10:36:15:	MOVE MOTOR REL	S18.axis2.phaseshifter 2	deg	0.0	FALSE DONE
12/10/2025 10:36:19:	1	count	time	30.0s/cts	O Det=5066	H Det=2964	Mon Det=93033	Aux Det=11383	O+H=19413	 DONE
12/10/2025 10:36:50:	MOVE MOTOR REL	S18.axis2.phaseshifter 2	deg	0.07	FALSE DONE
12/10/2025 10:36:54:	2	count	time	30.0s/cts	O Det=4212	H Det=3551	Mon Det=93000	Aux Det=11277	O+H=19040	 DONE
12/10/2025 10:37:26:	MOVE MOTOR REL	S18.axis2.phaseshifter 2	deg	0.07	FALSE DONE
12/10/2025 10:37:29:	3	count	time	30.0s/cts	O Det=3211	H Det=4519	Mon Det=93073	Aux Det=11433	O+H=19163	 DONE
12/10/2025 10:38:01:	MOVE MOTOR REL	S18.axis2.phaseshifter 2	deg	0.07	FALSE DONE
12/10/2025 10:38:04:	4	count	time	30.0s/cts	O Det=2217	H Det=5244	Mon Det=93289	Aux Det=11713	O+H=19174	 DONE
12/10/2025 10:38:36:	MOVE MOTOR REL	S18.axis2.phaseshifter 2	deg	0.07	FALSE DONE
12/10/2025 10:38:40:	5	count	time	30.0s/cts	O Det=1515	H Det=6049	Mon Det=93095	Aux Det=11565	O+H=19129	 DONE
12/10/2025 10:39:11:	MOVE MOTOR REL	S18.axis2.phaseshifter 2	deg	0.07	FALSE DONE
12/10/2025 10:39:15:	6	count	time	30.0s/cts	O Det=1060	H Det=6306	Mon Det=92782	Aux Det=11603	O+H=18969	 DONE
12/10/2025 10:39:46:	MOVE MOTOR REL	S18.axis2.phaseshifter 2	deg	0.07	FALSE DONE
12/10/2025 10:39:50:	7	count	time	30.0s/cts	O Det=942	H Det=6601	Mon Det=92887	Aux Det=11243	O+H=18786	 DONE
12/10/2025 10:40:22:	MOVE MOTOR REL	S18.axis2.phaseshifter 2	deg	0.07	FALSE DONE
12/10/2025 10:40:25:	8	count	time	30.0s/cts	O Det=1241	H Det=6300	Mon Det=93550	Aux Det=11417	O+H=18958	 DONE
12/10/2025 10:40:57:	MOVE MOTOR REL	S18.axis2.phaseshifter 2	deg	0.07	FALSE DONE
12/10/2025 10:41:01:	9	count	time	30.0s/cts	O Det=1834	H Det=5822	Mon Det=92982	Aux Det=11410	O+H=19066	 DONE
12/10/2025 10:41:32:	MOVE MOTOR REL	S18.axis2.phaseshifter 2	deg	0.07	FALSE DONE
12/10/2025 10:41:36:	10	count	time	30.0s/cts	O Det=2830	H Det=4837	Mon Det=93161	Aux Det=11063	O+H=18730	 DONE
12/10/2025 10:42:07:	MOVE MOTOR REL	S18.axis2.phaseshifter 2	deg	0.07	FALSE DONE
12/10/2025 10:42:11:	11	count	time	30.0s/cts	O Det=3647	H Det=4215	Mon Det=92849	Aux Det=11417	O+H=19279	 DONE
12/10/2025 10:42:43:	MOVE MOTOR REL	S18.axis2.phaseshifter 2	deg	0.07	FALSE DONE
12/10/2025 10:42:46:	12	count	time	30.0s/cts	O Det=4624	H Det=3319	Mon Det=92686	Aux Det=11407	O+H=19350	 DONE
12/10/2025 10:43:18:	MOVE MOTOR REL	S18.axis2.phaseshifter 2	deg	0.07	FALSE DONE
12/10/2025 10:43:21:	13	count	time	30.0s/cts	O Det=5275	H Det=2652	Mon Det=93146	Aux Det=11438	O+H=19365	 DONE
12/10/2025 10:43:53:	MOVE MOTOR REL	S18.axis2.phaseshifter 2	deg	0.07	FALSE DONE
12/10/2025 10:43:57:	14	count	time	30.0s/cts	O Det=5482	H Det=2335	Mon Det=92868	Aux Det=11474	O+H=19291	 DONE
12/10/2025 10:44:28:	MOVE MOTOR REL	S18.axis2.phaseshifter 2	deg	0.07	FALSE DONE
12/10/2025 10:44:32:	15	count	time	30.0s/cts	O Det=5527	H Det=2530	Mon Det=93473	Aux Det=11422	O+H=19479	 DONE
12/10/2025 10:45:04:	MOVE MOTOR REL	S18.axis2.phaseshifter 2	deg	0.07	FALSE DONE
12/10/2025 10:45:07:	16	count	time	30.0s/cts	O Det=5038	H Det=2731	Mon Det=93313	Aux Det=11171	O+H=18940	 DONE
12/10/2025 10:45:39:	MOVE MOTOR REL	S18.axis2.phaseshifter 2	deg	0.07	FALSE DONE
12/10/2025 10:45:42:	17	count	time	30.0s/cts	O Det=4258	H Det=3423	Mon Det=92714	Aux Det=11626	O+H=19307	 DONE
12/10/2025 10:46:14:	MOVE MOTOR REL	S18.axis2.phaseshifter 2	deg	0.07	FALSE DONE
12/10/2025 10:46:18:	18	count	time	30.0s/cts	O Det=3354	H Det=4294	Mon Det=93336	Aux Det=11544	O+H=19192	 DONE
12/10/2025 10:46:49:	MOVE MOTOR REL	S18.axis2.phaseshifter 2	deg	0.07	FALSE DONE
12/10/2025 10:46:53:	19	count	time	30.0s/cts	O Det=2553	H Det=5174	Mon Det=93181	Aux Det=11546	O+H=19273	 DONE
12/10/2025 10:47:25:	MOVE MOTOR REL	S18.axis2.phaseshifter 2	deg	0.07	FALSE DONE
12/10/2025 10:47:28:	20	count	time	30.0s/cts	O Det=1680	H Det=5983	Mon Det=93470	Aux Det=11776	O+H=19439	 DONE
12/10/2025 10:48:00:	MOVE MOTOR REL	S18.axis2.phaseshifter 2	deg	0.07	FALSE DONE
12/10/2025 10:48:04:	21	count	time	30.0s/cts	O Det=1142	H Det=6326	Mon Det=93227	Aux Det=11407	O+H=18875	 DONE
12/10/2025 10:48:35:	MOVE MOTOR REL	S18.axis2.phaseshifter 2	deg	0.07	FALSE DONE
12/10/2025 10:48:39:	22	count	time	30.0s/cts	O Det=849	H Det=6590	Mon Det=93164	Aux Det=11491	O+H=18930	 DONE
12/10/2025 10:49:11:	MOVE MOTOR REL	S18.axis2.phaseshifter 2	deg	0.07	FALSE DONE
12/10/2025 10:49:14:	23	count	time	30.0s/cts	O Det=1077	H Det=6390	Mon Det=92837	Aux Det=11467	O+H=18934	 DONE
12/10/2025 10:49:46:	MOVE MOTOR REL	S18.axis2.phaseshifter 2	deg	0.07	FALSE DONE
12/10/2025 10:49:50:	24	count	time	30.0s/cts	O Det=1584	H Det=5975	Mon Det=92978	Aux Det=11504	O+H=19063	 DONE
12/10/2025 10:50:21:	MOVE MOTOR REL	S18.axis2.phaseshifter 2	deg	0.07	FALSE DONE
12/10/2025 10:50:25:	25	count	time	30.0s/cts	O Det=2227	H Det=5330	Mon Det=92887	Aux Det=11582	O+H=19139	 DONE
12/10/2025 10:50:56:	MOVE MOTOR REL	S18.axis2.phaseshifter 2	deg	0.07	FALSE DONE
12/10/2025 10:51:00:	26	count	time	30.0s/cts	O Det=3170	H Det=4379	Mon Det=92869	Aux Det=11225	O+H=18774	 DONE
12/10/2025 10:51:32:	MOVE MOTOR REL	S18.axis2.phaseshifter 2	deg	0.07	FALSE DONE
12/10/2025 10:51:35:	27	count	time	30.0s/cts	O Det=4031	H Det=3585	Mon Det=92690	Aux Det=11404	O+H=19020	 DONE
12/10/2025 10:52:07:	MOVE MOTOR REL	S18.axis2.phaseshifter 2	deg	0.07	FALSE DONE
12/10/2025 10:52:10:	28	count	time	30.0s/cts	O Det=4853	H Det=3032	Mon Det=92743	Aux Det=11479	O+H=19364	 DONE
12/10/2025 10:52:42:	MOVE MOTOR REL	S18.axis2.phaseshifter 2	deg	0.07	FALSE DONE
12/10/2025 10:52:46:	29	count	time	30.0s/cts	O Det=5524	H Det=2541	Mon Det=93055	Aux Det=11503	O+H=19568	 DONE
12/10/2025 10:53:17:	MOVE MOTOR REL	S18.axis2.phaseshifter 2	deg	0.07	FALSE DONE
12/10/2025 10:53:21:	30	count	time	30.0s/cts	O Det=5522	H Det=2407	Mon Det=93409	Aux Det=11409	O+H=19338	 DONE
12/10/2025 10:53:53:	NO ACTION	 DONE
12/10/2025 10:53:53:	close file and end scan	 DONE
call of ifg2r_newPS_2p30s.sc DONE
12/10/2025 10:53:54:	move motor	S18.axis2.phaseshifter 2 to fit O COS-135	-1.647468reached -1.63696  DONE
call of ifg2R_newPS_2p30s_m90_+1+1-i_wv1.sc DONE
12/10/2025 10:53:58:	create file	D:\data\Cycle 198\exp_3-16-19\rawdata\sc\ifg_wv1_psi_+1-1-i_12Oct1053.dat	 DONE
room to enter remarks DONE
12/10/2025 10:53:59:	MOVE MOTOR REL	S18.axis2.phaseshifter 2	deg	0.0	FALSE DONE
12/10/2025 10:54:02:	1	count	time	30.0s/cts	O Det=1475	H Det=6002	Mon Det=92879	Aux Det=11253	O+H=18730	 DONE
12/10/2025 10:54:34:	MOVE MOTOR REL	S18.axis2.phaseshifter 2	deg	0.07	FALSE DONE
12/10/2025 10:54:38:	2	count	time	30.0s/cts	O Det=2177	H Det=5253	Mon Det=92835	Aux Det=11510	O+H=18940	 DONE
12/10/2025 10:55:09:	MOVE MOTOR REL	S18.axis2.phaseshifter 2	deg	0.07	FALSE DONE
12/10/2025 10:55:13:	3	count	time	30.0s/cts	O Det=2947	H Det=4669	Mon Det=93230	Aux Det=11347	O+H=18963	 DONE
12/10/2025 10:55:44:	MOVE MOTOR REL	S18.axis2.phaseshifter 2	deg	0.07	FALSE DONE
12/10/2025 10:55:48:	4	count	time	30.0s/cts	O Det=3847	H Det=3875	Mon Det=92885	Aux Det=11449	O+H=19171	 DONE
12/10/2025 10:56:20:	MOVE MOTOR REL	S18.axis2.phaseshifter 2	deg	0.07	FALSE DONE
12/10/2025 10:56:23:	5	count	time	30.0s/cts	O Det=4852	H Det=3110	Mon Det=93116	Aux Det=11490	O+H=19452	 DONE
12/10/2025 10:56:55:	MOVE MOTOR REL	S18.axis2.phaseshifter 2	deg	0.07	FALSE DONE
12/10/2025 10:56:58:	6	count	time	30.0s/cts	O Det=5289	H Det=2593	Mon Det=92761	Aux Det=11785	O+H=19667	 DONE
12/10/2025 10:57:30:	MOVE MOTOR REL	S18.axis2.phaseshifter 2	deg	0.07	FALSE DONE
12/10/2025 10:57:34:	7	count	time	30.0s/cts	O Det=5533	H Det=2400	Mon Det=92800	Aux Det=11231	O+H=19164	 DONE
12/10/2025 10:58:05:	MOVE MOTOR REL	S18.axis2.phaseshifter 2	deg	0.07	FALSE DONE
12/10/2025 10:58:09:	8	count	time	30.0s/cts	O Det=5393	H Det=2493	Mon Det=93527	Aux Det=11351	O+H=19237	 DONE
12/10/2025 10:58:41:	MOVE MOTOR REL	S18.axis2.phaseshifter 2	deg	0.07	FALSE DONE
12/10/2025 10:58:44:	9	count	time	30.0s/cts	O Det=4899	H Det=2824	Mon Det=92439	Aux Det=11785	O+H=19508	 DONE
12/10/2025 10:59:16:	MOVE MOTOR REL	S18.axis2.phaseshifter 2	deg	0.07	FALSE DONE
12/10/2025 10:59:19:	10	count	time	30.0s/cts	O Det=4249	H Det=3480	Mon Det=92894	Aux Det=11528	O+H=19257	 DONE
12/10/2025 10:59:51:	MOVE MOTOR REL	S18.axis2.phaseshifter 2	deg	0.07	FALSE DONE
12/10/2025 10:59:55:	11	count	time	30.0s/cts	O Det=3351	H Det=4219	Mon Det=92998	Aux Det=11429	O+H=18999	 DONE
12/10/2025 11:00:26:	MOVE MOTOR REL	S18.axis2.phaseshifter 2	deg	0.07	FALSE DONE
12/10/2025 11:00:30:	12	count	time	30.0s/cts	O Det=2340	H Det=5150	Mon Det=92894	Aux Det=11558	O+H=19048	 DONE
12/10/2025 11:01:02:	MOVE MOTOR REL	S18.axis2.phaseshifter 2	deg	0.07	FALSE DONE
12/10/2025 11:01:05:	13	count	time	30.0s/cts	O Det=1533	H Det=5890	Mon Det=93404	Aux Det=11466	O+H=18889	 DONE
12/10/2025 11:01:37:	MOVE MOTOR REL	S18.axis2.phaseshifter 2	deg	0.07	FALSE DONE
12/10/2025 11:01:41:	14	count	time	30.0s/cts	O Det=1066	H Det=6419	Mon Det=93200	Aux Det=11291	O+H=18776	 DONE
12/10/2025 11:02:12:	MOVE MOTOR REL	S18.axis2.phaseshifter 2	deg	0.07	FALSE DONE
12/10/2025 11:02:16:	15	count	time	30.0s/cts	O Det=840	H Det=6376	Mon Det=92810	Aux Det=11464	O+H=18680	 DONE
12/10/2025 11:02:48:	MOVE MOTOR REL	S18.axis2.phaseshifter 2	deg	0.07	FALSE DONE
12/10/2025 11:02:51:	16	count	time	30.0s/cts	O Det=1086	H Det=6225	Mon Det=93248	Aux Det=11593	O+H=18904	 DONE
12/10/2025 11:03:23:	MOVE MOTOR REL	S18.axis2.phaseshifter 2	deg	0.07	FALSE DONE
12/10/2025 11:03:27:	17	count	time	30.0s/cts	O Det=1742	H Det=5724	Mon Det=93651	Aux Det=11368	O+H=18834	 DONE
12/10/2025 11:03:58:	MOVE MOTOR REL	S18.axis2.phaseshifter 2	deg	0.07	FALSE DONE
12/10/2025 11:04:02:	18	count	time	30.0s/cts	O Det=2578	H Det=5016	Mon Det=93505	Aux Det=11327	O+H=18921	 DONE
12/10/2025 11:04:33:	MOVE MOTOR REL	S18.axis2.phaseshifter 2	deg	0.07	FALSE DONE
12/10/2025 11:04:37:	19	count	time	30.0s/cts	O Det=3612	H Det=4040	Mon Det=93030	Aux Det=11509	O+H=19161	 DONE
12/10/2025 11:05:09:	MOVE MOTOR REL	S18.axis2.phaseshifter 2	deg	0.07	FALSE DONE
12/10/2025 11:05:12:	20	count	time	30.0s/cts	O Det=4185	H Det=3475	Mon Det=93223	Aux Det=11649	O+H=19309	 DONE
12/10/2025 11:05:44:	MOVE MOTOR REL	S18.axis2.phaseshifter 2	deg	0.07	FALSE DONE
12/10/2025 11:05:47:	21	count	time	30.0s/cts	O Det=4872	H Det=2855	Mon Det=93165	Aux Det=11640	O+H=19367	 DONE
12/10/2025 11:06:19:	MOVE MOTOR REL	S18.axis2.phaseshifter 2	deg	0.07	FALSE DONE
12/10/2025 11:06:23:	22	count	time	30.0s/cts	O Det=5480	H Det=2314	Mon Det=92704	Aux Det=11522	O+H=19316	 DONE
12/10/2025 11:06:54:	MOVE MOTOR REL	S18.axis2.phaseshifter 2	deg	0.07	FALSE DONE
12/10/2025 11:06:58:	23	count	time	30.0s/cts	O Det=5618	H Det=2402	Mon Det=92839	Aux Det=11153	O+H=19173	 DONE
12/10/2025 11:07:29:	MOVE MOTOR REL	S18.axis2.phaseshifter 2	deg	0.07	FALSE DONE
12/10/2025 11:07:33:	24	count	time	30.0s/cts	O Det=5176	H Det=2498	Mon Det=93113	Aux Det=11328	O+H=19002	 DONE
12/10/2025 11:08:05:	MOVE MOTOR REL	S18.axis2.phaseshifter 2	deg	0.07	FALSE DONE
12/10/2025 11:08:08:	25	count	time	30.0s/cts	O Det=4783	H Det=2910	Mon Det=93035	Aux Det=11428	O+H=19121	 DONE
12/10/2025 11:08:40:	MOVE MOTOR REL	S18.axis2.phaseshifter 2	deg	0.07	FALSE DONE
12/10/2025 11:08:43:	26	count	time	30.0s/cts	O Det=3847	H Det=3858	Mon Det=92876	Aux Det=11418	O+H=19123	 DONE
12/10/2025 11:09:15:	MOVE MOTOR REL	S18.axis2.phaseshifter 2	deg	0.07	FALSE DONE
12/10/2025 11:09:19:	27	count	time	30.0s/cts	O Det=3009	H Det=4415	Mon Det=93378	Aux Det=11468	O+H=18892	 DONE
12/10/2025 11:09:50:	MOVE MOTOR REL	S18.axis2.phaseshifter 2	deg	0.07	FALSE DONE
12/10/2025 11:09:54:	28	count	time	30.0s/cts	O Det=2277	H Det=5142	Mon Det=93610	Aux Det=11425	O+H=18844	 DONE
12/10/2025 11:10:26:	MOVE MOTOR REL	S18.axis2.phaseshifter 2	deg	0.07	FALSE DONE
12/10/2025 11:10:29:	29	count	time	30.0s/cts	O Det=1525	H Det=5658	Mon Det=93466	Aux Det=11697	O+H=18880	 DONE
12/10/2025 11:11:01:	MOVE MOTOR REL	S18.axis2.phaseshifter 2	deg	0.07	FALSE DONE
12/10/2025 11:11:04:	30	count	time	30.0s/cts	O Det=1055	H Det=6167	Mon Det=92789	Aux Det=11586	O+H=18808	 DONE
12/10/2025 11:11:36:	NO ACTION	 DONE
12/10/2025 11:11:37:	close file and end scan	 DONE
call of ifg2r_newPS_2p30s.sc DONE
12/10/2025 11:11:38:	move motor	S18.axis2.phaseshifter 2 to fit O COS-45	-1.385207reached -1.38428  DONE
call of ifg2R_newPS_2p30s_p90_+1-1-i_wv1.sc DONE
12/10/2025 11:11:41:	create file	D:\data\Cycle 198\exp_3-16-19\rawdata\sc\ifg_wv1_psi_+1-1-i_12Oct1111.dat	 DONE
room to enter remarks DONE
12/10/2025 11:11:43:	MOVE MOTOR REL	S18.axis2.phaseshifter 2	deg	0.0	FALSE DONE
12/10/2025 11:11:46:	1	count	time	30.0s/cts	O Det=4819	H Det=2922	Mon Det=93561	Aux Det=11492	O+H=19233	 DONE
12/10/2025 11:12:18:	MOVE MOTOR REL	S18.axis2.phaseshifter 2	deg	0.07	FALSE DONE
12/10/2025 11:12:21:	2	count	time	30.0s/cts	O Det=5159	H Det=2463	Mon Det=93484	Aux Det=11637	O+H=19259	 DONE
12/10/2025 11:12:53:	MOVE MOTOR REL	S18.axis2.phaseshifter 2	deg	0.07	FALSE DONE
12/10/2025 11:12:56:	3	count	time	30.0s/cts	O Det=5414	H Det=2271	Mon Det=93503	Aux Det=11671	O+H=19356	 DONE
12/10/2025 11:13:28:	MOVE MOTOR REL	S18.axis2.phaseshifter 2	deg	0.07	FALSE DONE
12/10/2025 11:13:32:	4	count	time	30.0s/cts	O Det=5177	H Det=2401	Mon Det=93086	Aux Det=11806	O+H=19384	 DONE
12/10/2025 11:14:03:	MOVE MOTOR REL	S18.axis2.phaseshifter 2	deg	0.07	FALSE DONE
12/10/2025 11:14:07:	5	count	time	30.0s/cts	O Det=4743	H Det=2803	Mon Det=92969	Aux Det=11799	O+H=19345	 DONE
12/10/2025 11:14:39:	MOVE MOTOR REL	S18.axis2.phaseshifter 2	deg	0.07	FALSE DONE
12/10/2025 11:14:42:	6	count	time	30.0s/cts	O Det=4169	H Det=3446	Mon Det=93065	Aux Det=11591	O+H=19206	 DONE
12/10/2025 11:15:14:	MOVE MOTOR REL	S18.axis2.phaseshifter 2	deg	0.07	FALSE DONE
12/10/2025 11:15:17:	7	count	time	30.0s/cts	O Det=3142	H Det=4273	Mon Det=93412	Aux Det=11641	O+H=19056	 DONE
12/10/2025 11:15:49:	MOVE MOTOR REL	S18.axis2.phaseshifter 2	deg	0.07	FALSE DONE
12/10/2025 11:15:53:	8	count	time	30.0s/cts	O Det=2572	H Det=4855	Mon Det=93089	Aux Det=11730	O+H=19157	 DONE
12/10/2025 11:16:24:	MOVE MOTOR REL	S18.axis2.phaseshifter 2	deg	0.07	FALSE DONE
12/10/2025 11:16:28:	9	count	time	30.0s/cts	O Det=1620	H Det=5724	Mon Det=93568	Aux Det=11473	O+H=18817	 DONE
12/10/2025 11:17:00:	MOVE MOTOR REL	S18.axis2.phaseshifter 2	deg	0.07	FALSE DONE
12/10/2025 11:17:03:	10	count	time	30.0s/cts	O Det=1116	H Det=6166	Mon Det=93220	Aux Det=11541	O+H=18823	 DONE
12/10/2025 11:17:35:	MOVE MOTOR REL	S18.axis2.phaseshifter 2	deg	0.07	FALSE DONE
12/10/2025 11:17:39:	11	count	time	30.0s/cts	O Det=902	H Det=6340	Mon Det=93187	Aux Det=11440	O+H=18682	 DONE
12/10/2025 11:18:10:	MOVE MOTOR REL	S18.axis2.phaseshifter 2	deg	0.07	FALSE DONE
12/10/2025 11:18:14:	12	count	time	30.0s/cts	O Det=1081	H Det=6183	Mon Det=93496	Aux Det=11547	O+H=18811	 DONE
12/10/2025 11:18:45:	MOVE MOTOR REL	S18.axis2.phaseshifter 2	deg	0.07	FALSE DONE
12/10/2025 11:18:49:	13	count	time	30.0s/cts	O Det=1503	H Det=5607	Mon Det=93243	Aux Det=11772	O+H=18882	 DONE
12/10/2025 11:19:21:	MOVE MOTOR REL	S18.axis2.phaseshifter 2	deg	0.07	FALSE DONE
12/10/2025 11:19:24:	14	count	time	30.0s/cts	O Det=2506	H Det=5001	Mon Det=92961	Aux Det=11686	O+H=19193	 DONE
12/10/2025 11:19:56:	MOVE MOTOR REL	S18.axis2.phaseshifter 2	deg	0.07	FALSE DONE
12/10/2025 11:20:00:	15	count	time	30.0s/cts	O Det=3125	H Det=4314	Mon Det=92894	Aux Det=11496	O+H=18935	 DONE
12/10/2025 11:20:31:	MOVE MOTOR REL	S18.axis2.phaseshifter 2	deg	0.07	FALSE DONE
12/10/2025 11:20:35:	16	count	time	30.0s/cts	O Det=4011	H Det=3563	Mon Det=92777	Aux Det=11715	O+H=19289	 DONE
12/10/2025 11:21:07:	MOVE MOTOR REL	S18.axis2.phaseshifter 2	deg	0.07	FALSE DONE
12/10/2025 11:21:10:	17	count	time	30.0s/cts	O Det=4844	H Det=2822	Mon Det=93493	Aux Det=11637	O+H=19303	 DONE
12/10/2025 11:21:42:	MOVE MOTOR REL	S18.axis2.phaseshifter 2	deg	0.07	FALSE DONE
12/10/2025 11:21:45:	18	count	time	30.0s/cts	O Det=5336	H Det=2419	Mon Det=92833	Aux Det=11579	O+H=19334	 DONE
12/10/2025 11:22:17:	MOVE MOTOR REL	S18.axis2.phaseshifter 2	deg	0.07	FALSE DONE
12/10/2025 11:22:21:	19	count	time	30.0s/cts	O Det=5420	H Det=2292	Mon Det=92491	Aux Det=11401	O+H=19113	 DONE
12/10/2025 11:22:52:	MOVE MOTOR REL	S18.axis2.phaseshifter 2	deg	0.07	FALSE DONE
12/10/2025 11:22:56:	20	count	time	30.0s/cts	O Det=5112	H Det=2555	Mon Det=93211	Aux Det=11891	O+H=19558	 DONE
12/10/2025 11:23:28:	MOVE MOTOR REL	S18.axis2.phaseshifter 2	deg	0.07	FALSE DONE
12/10/2025 11:23:31:	21	count	time	30.0s/cts	O Det=4629	H Det=2991	Mon Det=93133	Aux Det=11446	O+H=19066	 DONE
12/10/2025 11:24:03:	MOVE MOTOR REL	S18.axis2.phaseshifter 2	deg	0.07	FALSE DONE
12/10/2025 11:24:07:	22	count	time	30.0s/cts	O Det=3765	H Det=3732	Mon Det=92682	Aux Det=11762	O+H=19259	 DONE
12/10/2025 11:24:38:	MOVE MOTOR REL	S18.axis2.phaseshifter 2	deg	0.07	FALSE DONE
12/10/2025 11:24:42:	23	count	time	30.0s/cts	O Det=3036	H Det=4241	Mon Det=93125	Aux Det=11837	O+H=19114	 DONE
12/10/2025 11:25:14:	MOVE MOTOR REL	S18.axis2.phaseshifter 2	deg	0.07	FALSE DONE
12/10/2025 11:25:17:	24	count	time	30.0s/cts	O Det=2321	H Det=5143	Mon Det=92546	Aux Det=11713	O+H=19177	 DONE
12/10/2025 11:25:49:	MOVE MOTOR REL	S18.axis2.phaseshifter 2	deg	0.07	FALSE DONE
12/10/2025 11:25:52:	25	count	time	30.0s/cts	O Det=1444	H Det=5686	Mon Det=93021	Aux Det=11692	O+H=18822	 DONE
12/10/2025 11:26:24:	MOVE MOTOR REL	S18.axis2.phaseshifter 2	deg	0.07	FALSE DONE
12/10/2025 11:26:28:	26	count	time	30.0s/cts	O Det=986	H Det=6188	Mon Det=93133	Aux Det=11633	O+H=18807	 DONE
12/10/2025 11:26:59:	MOVE MOTOR REL	S18.axis2.phaseshifter 2	deg	0.07	FALSE DONE
12/10/2025 11:27:03:	27	count	time	30.0s/cts	O Det=896	H Det=6131	Mon Det=93473	Aux Det=11585	O+H=18612	 DONE
12/10/2025 11:27:34:	MOVE MOTOR REL	S18.axis2.phaseshifter 2	deg	0.07	FALSE DONE
12/10/2025 11:27:38:	28	count	time	30.0s/cts	O Det=1103	H Det=6129	Mon Det=93010	Aux Det=11368	O+H=18600	 DONE
12/10/2025 11:28:10:	MOVE MOTOR REL	S18.axis2.phaseshifter 2	deg	0.07	FALSE DONE
12/10/2025 11:28:13:	29	count	time	30.0s/cts	O Det=1931	H Det=5401	Mon Det=93192	Aux Det=12039	O+H=19371	 DONE
12/10/2025 11:28:45:	MOVE MOTOR REL	S18.axis2.phaseshifter 2	deg	0.07	FALSE DONE
12/10/2025 11:28:49:	30	count	time	30.0s/cts	O Det=2684	H Det=4521	Mon Det=93369	Aux Det=11465	O+H=18670	 DONE
12/10/2025 11:29:20:	NO ACTION	 DONE
12/10/2025 11:29:21:	close file and end scan	 DONE
call of ifg2r_newPS_2p30s.sc DONE
call of ifg2R_newPS_2p30s_p180.sc DONE
12/10/2025 11:29:22:	move motor	S18.auxiliary.Robot Z to 207413.00000um	reached 207412.00000  DONE
call of robot_Zout_doubleCd.sc DONE
12/10/2025 11:29:26:	move motor	S18.auxiliary.Robot rot big to 90.00000deg	reached 90.00000  DONE
12/10/2025 11:29:28:	move motor	S18.auxiliary.Robot Diagonal to 26000.00000um	reached 25999.79402  DONE
12/10/2025 11:29:52:	move motor	S18.auxiliary.Robot Z to 207413.00000um	reached 207417.00000  DONE
call of robot_Zout_doubleCd.sc DONE
12/10/2025 11:29:55:	move motor	S18.auxiliary.Robot rot big to 90.00000deg	reached 90.00000  DONE
12/10/2025 11:29:58:	move motor	S18.auxiliary.Robot Z to 292012.00000um	reached 292017.00000  DONE
call of robot_Zin_doubleCd.sc DONE
call of Block_path13_doubleCd.sc DONE
12/10/2025 11:30:06:	move motor	S18.auxiliary.Robot Diagonal to 25999.900000um	 DONE
12/10/2025 11:30:13:	create file	D:\data\Cycle 198\exp_3-16-19\rawdata\sc\ifg_wv1_psi_+1-1-i_12Oct1130.dat	 DONE
room to enter remarks DONE
12/10/2025 11:30:14:	move motor	S18.auxiliary.Robot Diagonal to 26000.000000um	 DONE
12/10/2025 11:30:20:	1	count	time	60.000000s/cts	O Det=2125	H Det=2262	Mon Det=186975	Aux Det=7822	O+H=12209	 DONE
12/10/2025 11:31:21:	move motor	S18.auxiliary.Robot Diagonal to 48000.000000um	 DONE
12/10/2025 11:31:36:	2	count	time	60.000000s/cts	O Det=2188	H Det=4323	Mon Det=187565	Aux Det=48	O+H=6559	 DONE
12/10/2025 11:32:38:	move motor	S18.auxiliary.Robot Diagonal to 70000.000000um	 DONE
12/10/2025 11:32:53:	3	count	time	60.000000s/cts	O Det=2245	H Det=2151	Mon Det=187582	Aux Det=14480	O+H=18876	 DONE
12/10/2025 11:33:54:	close file and end scan	 DONE
12/10/2025 11:33:55:	move motor	S18.auxiliary.Robot Z to 207413.00000um	reached 207426.00000  DONE
call of robot_Zout_doubleCd.sc DONE
call of int_meas_path213.sc DONE
12/10/2025 11:34:03:	END OF SCRIPT	 DONE
