15/10/2025 10:59:17:	start execution of script D:\data\Cycle 198\exp_3-16-19\rawdata\sc\ifg_wv2_psi_+1-1-i.sc	 DONE
15/10/2025 10:59:18:	create file	D:\data\Cycle 198\exp_3-16-19\rawdata\sc\ifg_wv2_psi_+1-1-i_15Oct1059.dat	 DONE
room to enter remarks DONE
15/10/2025 10:59:19:	MOVE MOTOR REL	S18.axis2.phaseshifter both	deg	0.0	FALSE DONE
15/10/2025 10:59:22:	1	count	time	15.0s/cts	O Det=784	H Det=2172	Mon Det=36028	Aux Det=4458	O+H=7414	 DONE
15/10/2025 10:59:39:	MOVE MOTOR REL	S18.axis2.phaseshifter both	deg	-0.07	FALSE DONE
15/10/2025 10:59:44:	2	count	time	15.0s/cts	O Det=1075	H Det=2435	Mon Det=35738	Aux Det=3587	O+H=7097	 DONE
15/10/2025 11:00:00:	MOVE MOTOR REL	S18.axis2.phaseshifter both	deg	-0.07	FALSE DONE
15/10/2025 11:00:05:	3	count	time	15.0s/cts	O Det=1460	H Det=2420	Mon Det=35449	Aux Det=2985	O+H=6865	 DONE
15/10/2025 11:00:22:	MOVE MOTOR REL	S18.axis2.phaseshifter both	deg	-0.07	FALSE DONE
15/10/2025 11:00:26:	4	count	time	15.0s/cts	O Det=1865	H Det=2227	Mon Det=35817	Aux Det=2584	O+H=6676	 DONE
15/10/2025 11:00:43:	MOVE MOTOR REL	S18.axis2.phaseshifter both	deg	-0.07	FALSE DONE
15/10/2025 11:00:47:	5	count	time	15.0s/cts	O Det=2292	H Det=1919	Mon Det=35543	Aux Det=2439	O+H=6650	 DONE
15/10/2025 11:01:04:	MOVE MOTOR REL	S18.axis2.phaseshifter both	deg	-0.07	FALSE DONE
15/10/2025 11:01:09:	6	count	time	15.0s/cts	O Det=2528	H Det=1649	Mon Det=35649	Aux Det=2537	O+H=6714	 DONE
15/10/2025 11:01:25:	MOVE MOTOR REL	S18.axis2.phaseshifter both	deg	-0.07	FALSE DONE
15/10/2025 11:01:30:	7	count	time	15.0s/cts	O Det=2577	H Det=1417	Mon Det=35623	Aux Det=2936	O+H=6930	 DONE
15/10/2025 11:01:47:	MOVE MOTOR REL	S18.axis2.phaseshifter both	deg	-0.07	FALSE DONE
15/10/2025 11:01:51:	8	count	time	15.0s/cts	O Det=2332	H Det=1173	Mon Det=35796	Aux Det=3580	O+H=7085	 DONE
15/10/2025 11:02:08:	MOVE MOTOR REL	S18.axis2.phaseshifter both	deg	-0.07	FALSE DONE
15/10/2025 11:02:12:	9	count	time	15.0s/cts	O Det=2213	H Det=986	Mon Det=35548	Aux Det=4404	O+H=7603	 DONE
15/10/2025 11:02:29:	MOVE MOTOR REL	S18.axis2.phaseshifter both	deg	-0.07	FALSE DONE
15/10/2025 11:02:34:	10	count	time	15.0s/cts	O Det=1897	H Det=828	Mon Det=35862	Aux Det=5088	O+H=7813	 DONE
15/10/2025 11:02:50:	MOVE MOTOR REL	S18.axis2.phaseshifter both	deg	-0.07	FALSE DONE
15/10/2025 11:02:55:	11	count	time	15.0s/cts	O Det=1553	H Det=810	Mon Det=35731	Aux Det=5780	O+H=8143	 DONE
15/10/2025 11:03:11:	MOVE MOTOR REL	S18.axis2.phaseshifter both	deg	-0.07	FALSE DONE
15/10/2025 11:03:16:	12	count	time	15.0s/cts	O Det=1132	H Det=918	Mon Det=35675	Aux Det=6247	O+H=8297	 DONE
15/10/2025 11:03:33:	MOVE MOTOR REL	S18.axis2.phaseshifter both	deg	-0.07	FALSE DONE
15/10/2025 11:03:37:	13	count	time	15.0s/cts	O Det=805	H Det=1070	Mon Det=35449	Aux Det=6275	O+H=8150	 DONE
15/10/2025 11:03:54:	MOVE MOTOR REL	S18.axis2.phaseshifter both	deg	-0.07	FALSE DONE
15/10/2025 11:03:58:	14	count	time	15.0s/cts	O Det=598	H Det=1320	Mon Det=35786	Aux Det=6240	O+H=8158	 DONE
15/10/2025 11:04:15:	MOVE MOTOR REL	S18.axis2.phaseshifter both	deg	-0.07	FALSE DONE
15/10/2025 11:04:19:	15	count	time	15.0s/cts	O Det=576	H Det=1629	Mon Det=35791	Aux Det=5824	O+H=8029	 DONE
15/10/2025 11:04:36:	MOVE MOTOR REL	S18.axis2.phaseshifter both	deg	-0.07	FALSE DONE
15/10/2025 11:04:41:	16	count	time	15.0s/cts	O Det=691	H Det=1881	Mon Det=35834	Aux Det=5157	O+H=7729	 DONE
15/10/2025 11:04:57:	MOVE MOTOR REL	S18.axis2.phaseshifter both	deg	-0.07	FALSE DONE
15/10/2025 11:05:02:	17	count	time	15.0s/cts	O Det=1064	H Det=1986	Mon Det=35966	Aux Det=4405	O+H=7455	 DONE
15/10/2025 11:05:19:	MOVE MOTOR REL	S18.axis2.phaseshifter both	deg	-0.07	FALSE DONE
15/10/2025 11:05:23:	18	count	time	15.0s/cts	O Det=1330	H Det=2157	Mon Det=35687	Aux Det=3603	O+H=7090	 DONE
15/10/2025 11:05:40:	MOVE MOTOR REL	S18.axis2.phaseshifter both	deg	-0.07	FALSE DONE
15/10/2025 11:05:44:	19	count	time	15.0s/cts	O Det=1795	H Det=2076	Mon Det=35606	Aux Det=3024	O+H=6895	 DONE
15/10/2025 11:06:01:	MOVE MOTOR REL	S18.axis2.phaseshifter both	deg	-0.07	FALSE DONE
15/10/2025 11:06:05:	20	count	time	15.0s/cts	O Det=1922	H Det=2011	Mon Det=35917	Aux Det=2576	O+H=6509	 DONE
15/10/2025 11:06:22:	MOVE MOTOR REL	S18.axis2.phaseshifter both	deg	-0.07	FALSE DONE
15/10/2025 11:06:27:	21	count	time	15.0s/cts	O Det=2387	H Det=1888	Mon Det=36129	Aux Det=2522	O+H=6797	 DONE
15/10/2025 11:06:43:	MOVE MOTOR REL	S18.axis2.phaseshifter both	deg	-0.07	FALSE DONE
15/10/2025 11:06:48:	22	count	time	15.0s/cts	O Det=2415	H Det=1648	Mon Det=35529	Aux Det=2748	O+H=6811	 DONE
15/10/2025 11:07:05:	MOVE MOTOR REL	S18.axis2.phaseshifter both	deg	-0.07	FALSE DONE
15/10/2025 11:07:09:	23	count	time	15.0s/cts	O Det=2524	H Det=1331	Mon Det=35796	Aux Det=3087	O+H=6942	 DONE
15/10/2025 11:07:26:	MOVE MOTOR REL	S18.axis2.phaseshifter both	deg	-0.07	FALSE DONE
15/10/2025 11:07:30:	24	count	time	15.0s/cts	O Det=2236	H Det=1089	Mon Det=35782	Aux Det=3994	O+H=7319	 DONE
15/10/2025 11:07:47:	MOVE MOTOR REL	S18.axis2.phaseshifter both	deg	-0.07	FALSE DONE
15/10/2025 11:07:51:	25	count	time	15.0s/cts	O Det=1824	H Det=1089	Mon Det=35477	Aux Det=4792	O+H=7705	 DONE
15/10/2025 11:08:08:	MOVE MOTOR REL	S18.axis2.phaseshifter both	deg	-0.07	FALSE DONE
15/10/2025 11:08:13:	26	count	time	15.0s/cts	O Det=1635	H Det=865	Mon Det=35758	Aux Det=5516	O+H=8016	 DONE
15/10/2025 11:08:29:	MOVE MOTOR REL	S18.axis2.phaseshifter both	deg	-0.07	FALSE DONE
15/10/2025 11:08:34:	27	count	time	15.0s/cts	O Det=1292	H Det=870	Mon Det=35562	Aux Det=6079	O+H=8241	 DONE
15/10/2025 11:08:51:	MOVE MOTOR REL	S18.axis2.phaseshifter both	deg	-0.07	FALSE DONE
15/10/2025 11:08:55:	28	count	time	15.0s/cts	O Det=992	H Det=984	Mon Det=35916	Aux Det=6387	O+H=8363	 DONE
15/10/2025 11:09:12:	MOVE MOTOR REL	S18.axis2.phaseshifter both	deg	-0.07	FALSE DONE
15/10/2025 11:09:16:	29	count	time	15.0s/cts	O Det=678	H Det=1205	Mon Det=35617	Aux Det=6461	O+H=8344	 DONE
15/10/2025 11:09:33:	MOVE MOTOR REL	S18.axis2.phaseshifter both	deg	-0.07	FALSE DONE
15/10/2025 11:09:38:	30	count	time	15.0s/cts	O Det=573	H Det=1559	Mon Det=35603	Aux Det=5787	O+H=7919	 DONE
15/10/2025 11:09:54:	NO ACTION	 DONE
15/10/2025 11:09:55:	close file and end scan	 DONE
call of ifg12r_newPS_2p30s_AP_minus.sc DONE
15/10/2025 11:09:56:	move motor	S18.axis2.phaseshifter both to fit O COS585	1.368927reached 1.37329  DONE
call of ifg12R_newPS_2p30s_0_+1-1-i_wv2.sc DONE
15/10/2025 11:10:02:	create file	D:\data\Cycle 198\exp_3-16-19\rawdata\sc\ifg_wv2_psi_+1-1-i_15Oct1110.dat	 DONE
room to enter remarks DONE
15/10/2025 11:10:03:	MOVE MOTOR REL	S18.axis2.phaseshifter both	deg	0.0	FALSE DONE
15/10/2025 11:10:07:	1	count	time	15.0s/cts	O Det=743	H Det=1149	Mon Det=35698	Aux Det=6300	O+H=8192	 DONE
15/10/2025 11:10:24:	MOVE MOTOR REL	S18.axis2.phaseshifter both	deg	-0.07	FALSE DONE
15/10/2025 11:10:28:	2	count	time	15.0s/cts	O Det=607	H Det=1305	Mon Det=35755	Aux Det=6255	O+H=8167	 DONE
15/10/2025 11:10:45:	MOVE MOTOR REL	S18.axis2.phaseshifter both	deg	-0.07	FALSE DONE
15/10/2025 11:10:49:	3	count	time	15.0s/cts	O Det=596	H Det=1482	Mon Det=35776	Aux Det=5854	O+H=7932	 DONE
15/10/2025 11:11:06:	MOVE MOTOR REL	S18.axis2.phaseshifter both	deg	-0.07	FALSE DONE
15/10/2025 11:11:10:	4	count	time	15.0s/cts	O Det=743	H Det=1759	Mon Det=35903	Aux Det=5231	O+H=7733	 DONE
15/10/2025 11:11:27:	MOVE MOTOR REL	S18.axis2.phaseshifter both	deg	-0.07	FALSE DONE
15/10/2025 11:11:32:	5	count	time	15.0s/cts	O Det=959	H Det=2001	Mon Det=35597	Aux Det=4558	O+H=7518	 DONE
15/10/2025 11:11:48:	MOVE MOTOR REL	S18.axis2.phaseshifter both	deg	-0.07	FALSE DONE
15/10/2025 11:11:53:	6	count	time	15.0s/cts	O Det=1314	H Det=2052	Mon Det=35651	Aux Det=3883	O+H=7249	 DONE
15/10/2025 11:12:10:	MOVE MOTOR REL	S18.axis2.phaseshifter both	deg	-0.07	FALSE DONE
15/10/2025 11:12:14:	7	count	time	15.0s/cts	O Det=1844	H Det=1972	Mon Det=35495	Aux Det=3139	O+H=6955	 DONE
15/10/2025 11:12:31:	MOVE MOTOR REL	S18.axis2.phaseshifter both	deg	-0.07	FALSE DONE
15/10/2025 11:12:35:	8	count	time	15.0s/cts	O Det=2208	H Det=1815	Mon Det=35792	Aux Det=2672	O+H=6695	 DONE
15/10/2025 11:12:52:	MOVE MOTOR REL	S18.axis2.phaseshifter both	deg	-0.07	FALSE DONE
15/10/2025 11:12:57:	9	count	time	15.0s/cts	O Det=2597	H Det=1638	Mon Det=35941	Aux Det=2515	O+H=6750	 DONE
15/10/2025 11:13:13:	MOVE MOTOR REL	S18.axis2.phaseshifter both	deg	-0.07	FALSE DONE
15/10/2025 11:13:18:	10	count	time	15.0s/cts	O Det=2837	H Det=1387	Mon Det=36134	Aux Det=2591	O+H=6815	 DONE
15/10/2025 11:13:34:	MOVE MOTOR REL	S18.axis2.phaseshifter both	deg	-0.07	FALSE DONE
15/10/2025 11:13:39:	11	count	time	15.0s/cts	O Det=2900	H Det=1170	Mon Det=35708	Aux Det=3101	O+H=7171	 DONE
15/10/2025 11:13:56:	MOVE MOTOR REL	S18.axis2.phaseshifter both	deg	-0.07	FALSE DONE
15/10/2025 11:14:00:	12	count	time	15.0s/cts	O Det=2717	H Det=1002	Mon Det=35775	Aux Det=3392	O+H=7111	 DONE
15/10/2025 11:14:17:	MOVE MOTOR REL	S18.axis2.phaseshifter both	deg	-0.07	FALSE DONE
15/10/2025 11:14:21:	13	count	time	15.0s/cts	O Det=2342	H Det=876	Mon Det=35915	Aux Det=4292	O+H=7510	 DONE
15/10/2025 11:14:38:	MOVE MOTOR REL	S18.axis2.phaseshifter both	deg	-0.07	FALSE DONE
15/10/2025 11:14:43:	14	count	time	15.0s/cts	O Det=1980	H Det=879	Mon Det=35457	Aux Det=4967	O+H=7826	 DONE
15/10/2025 11:14:59:	MOVE MOTOR REL	S18.axis2.phaseshifter both	deg	-0.07	FALSE DONE
15/10/2025 11:15:04:	15	count	time	15.0s/cts	O Det=1477	H Det=898	Mon Det=35966	Aux Det=5774	O+H=8149	 DONE
15/10/2025 11:15:21:	MOVE MOTOR REL	S18.axis2.phaseshifter both	deg	-0.07	FALSE DONE
15/10/2025 11:15:25:	16	count	time	15.0s/cts	O Det=1150	H Det=974	Mon Det=35399	Aux Det=6124	O+H=8248	 DONE
15/10/2025 11:15:42:	MOVE MOTOR REL	S18.axis2.phaseshifter both	deg	-0.07	FALSE DONE
15/10/2025 11:15:46:	17	count	time	15.0s/cts	O Det=810	H Det=1077	Mon Det=35322	Aux Det=6464	O+H=8351	 DONE
15/10/2025 11:16:03:	MOVE MOTOR REL	S18.axis2.phaseshifter both	deg	-0.07	FALSE DONE
15/10/2025 11:16:07:	18	count	time	15.0s/cts	O Det=676	H Det=1216	Mon Det=35674	Aux Det=6215	O+H=8107	 DONE
15/10/2025 11:16:24:	MOVE MOTOR REL	S18.axis2.phaseshifter both	deg	-0.07	FALSE DONE
15/10/2025 11:16:29:	19	count	time	15.0s/cts	O Det=724	H Det=1298	Mon Det=35611	Aux Det=6063	O+H=8085	 DONE
15/10/2025 11:16:45:	MOVE MOTOR REL	S18.axis2.phaseshifter both	deg	-0.07	FALSE DONE
15/10/2025 11:16:50:	20	count	time	15.0s/cts	O Det=975	H Det=1475	Mon Det=35820	Aux Det=5441	O+H=7891	 DONE
15/10/2025 11:17:07:	MOVE MOTOR REL	S18.axis2.phaseshifter both	deg	-0.07	FALSE DONE
15/10/2025 11:17:11:	21	count	time	15.0s/cts	O Det=1242	H Det=1556	Mon Det=35657	Aux Det=4682	O+H=7480	 DONE
15/10/2025 11:17:28:	MOVE MOTOR REL	S18.axis2.phaseshifter both	deg	-0.07	FALSE DONE
15/10/2025 11:17:32:	22	count	time	15.0s/cts	O Det=1721	H Det=1660	Mon Det=35839	Aux Det=3976	O+H=7357	 DONE
15/10/2025 11:17:49:	MOVE MOTOR REL	S18.axis2.phaseshifter both	deg	-0.07	FALSE DONE
15/10/2025 11:17:53:	23	count	time	15.0s/cts	O Det=2030	H Det=1599	Mon Det=35607	Aux Det=3313	O+H=6942	 DONE
15/10/2025 11:18:10:	MOVE MOTOR REL	S18.axis2.phaseshifter both	deg	-0.07	FALSE DONE
15/10/2025 11:18:15:	24	count	time	15.0s/cts	O Det=2560	H Det=1570	Mon Det=35535	Aux Det=2729	O+H=6859	 DONE
15/10/2025 11:18:31:	MOVE MOTOR REL	S18.axis2.phaseshifter both	deg	-0.07	FALSE DONE
15/10/2025 11:18:36:	25	count	time	15.0s/cts	O Det=2774	H Det=1487	Mon Det=35862	Aux Det=2502	O+H=6763	 DONE
15/10/2025 11:18:53:	MOVE MOTOR REL	S18.axis2.phaseshifter both	deg	-0.07	FALSE DONE
15/10/2025 11:18:57:	26	count	time	15.0s/cts	O Det=2873	H Det=1397	Mon Det=35777	Aux Det=2731	O+H=7001	 DONE
15/10/2025 11:19:14:	MOVE MOTOR REL	S18.axis2.phaseshifter both	deg	-0.07	FALSE DONE
15/10/2025 11:19:18:	27	count	time	15.0s/cts	O Det=2875	H Det=1126	Mon Det=35830	Aux Det=2992	O+H=6993	 DONE
15/10/2025 11:19:35:	MOVE MOTOR REL	S18.axis2.phaseshifter both	deg	-0.07	FALSE DONE
15/10/2025 11:19:40:	28	count	time	15.0s/cts	O Det=2741	H Det=976	Mon Det=35711	Aux Det=3562	O+H=7279	 DONE
15/10/2025 11:19:56:	MOVE MOTOR REL	S18.axis2.phaseshifter both	deg	-0.07	FALSE DONE
15/10/2025 11:20:01:	29	count	time	15.0s/cts	O Det=2256	H Det=900	Mon Det=35592	Aux Det=4175	O+H=7331	 DONE
15/10/2025 11:20:18:	MOVE MOTOR REL	S18.axis2.phaseshifter both	deg	-0.07	FALSE DONE
15/10/2025 11:20:22:	30	count	time	15.0s/cts	O Det=1967	H Det=830	Mon Det=35633	Aux Det=5108	O+H=7905	 DONE
15/10/2025 11:20:39:	NO ACTION	 DONE
15/10/2025 11:20:39:	close file and end scan	 DONE
call of ifg12r_newPS_2p30s_AP_minus.sc DONE
15/10/2025 11:20:40:	move motor	S18.axis2.phaseshifter both to fit O COS405	0.889785reached 0.88989  DONE
call of ifg12R_newPS_2p30s_m90_+1-1-i_wv2.sc DONE
15/10/2025 11:20:46:	create file	D:\data\Cycle 198\exp_3-16-19\rawdata\sc\ifg_wv2_psi_+1-1-i_15Oct1120.dat	 DONE
room to enter remarks DONE
15/10/2025 11:20:47:	MOVE MOTOR REL	S18.axis2.phaseshifter both	deg	0.0	FALSE DONE
15/10/2025 11:20:51:	1	count	time	15.0s/cts	O Det=2658	H Det=1455	Mon Det=35476	Aux Det=2637	O+H=6750	 DONE
15/10/2025 11:21:08:	MOVE MOTOR REL	S18.axis2.phaseshifter both	deg	-0.07	FALSE DONE
15/10/2025 11:21:12:	2	count	time	15.0s/cts	O Det=2693	H Det=1386	Mon Det=35643	Aux Det=2670	O+H=6749	 DONE
15/10/2025 11:21:29:	MOVE MOTOR REL	S18.axis2.phaseshifter both	deg	-0.07	FALSE DONE
15/10/2025 11:21:33:	3	count	time	15.0s/cts	O Det=2963	H Det=1179	Mon Det=35870	Aux Det=2708	O+H=6850	 DONE
15/10/2025 11:21:50:	MOVE MOTOR REL	S18.axis2.phaseshifter both	deg	-0.07	FALSE DONE
15/10/2025 11:21:54:	4	count	time	15.0s/cts	O Det=2739	H Det=976	Mon Det=35804	Aux Det=3360	O+H=7075	 DONE
15/10/2025 11:22:11:	MOVE MOTOR REL	S18.axis2.phaseshifter both	deg	-0.07	FALSE DONE
15/10/2025 11:22:16:	5	count	time	15.0s/cts	O Det=2399	H Det=894	Mon Det=35803	Aux Det=4108	O+H=7401	 DONE
15/10/2025 11:22:32:	MOVE MOTOR REL	S18.axis2.phaseshifter both	deg	-0.07	FALSE DONE
15/10/2025 11:22:37:	6	count	time	15.0s/cts	O Det=1842	H Det=983	Mon Det=35711	Aux Det=4998	O+H=7823	 DONE
15/10/2025 11:22:54:	MOVE MOTOR REL	S18.axis2.phaseshifter both	deg	-0.07	FALSE DONE
15/10/2025 11:22:58:	7	count	time	15.0s/cts	O Det=1524	H Det=895	Mon Det=35644	Aux Det=5695	O+H=8114	 DONE
15/10/2025 11:23:15:	MOVE MOTOR REL	S18.axis2.phaseshifter both	deg	-0.07	FALSE DONE
15/10/2025 11:23:19:	8	count	time	15.0s/cts	O Det=1115	H Det=1070	Mon Det=36073	Aux Det=5981	O+H=8166	 DONE
15/10/2025 11:23:36:	MOVE MOTOR REL	S18.axis2.phaseshifter both	deg	-0.07	FALSE DONE
15/10/2025 11:23:41:	9	count	time	15.0s/cts	O Det=893	H Det=1274	Mon Det=35329	Aux Det=6234	O+H=8401	 DONE
15/10/2025 11:23:57:	MOVE MOTOR REL	S18.axis2.phaseshifter both	deg	-0.07	FALSE DONE
15/10/2025 11:24:02:	10	count	time	15.0s/cts	O Det=676	H Det=1361	Mon Det=35654	Aux Det=6241	O+H=8278	 DONE
15/10/2025 11:24:19:	MOVE MOTOR REL	S18.axis2.phaseshifter both	deg	-0.07	FALSE DONE
15/10/2025 11:24:23:	11	count	time	15.0s/cts	O Det=773	H Det=1407	Mon Det=35786	Aux Det=5982	O+H=8162	 DONE
15/10/2025 11:24:40:	MOVE MOTOR REL	S18.axis2.phaseshifter both	deg	-0.07	FALSE DONE
15/10/2025 11:24:44:	12	count	time	15.0s/cts	O Det=920	H Det=1557	Mon Det=35686	Aux Det=5384	O+H=7861	 DONE
15/10/2025 11:25:01:	MOVE MOTOR REL	S18.axis2.phaseshifter both	deg	-0.07	FALSE DONE
15/10/2025 11:25:05:	13	count	time	15.0s/cts	O Det=1256	H Det=1628	Mon Det=35748	Aux Det=4620	O+H=7504	 DONE
15/10/2025 11:25:22:	MOVE MOTOR REL	S18.axis2.phaseshifter both	deg	-0.07	FALSE DONE
15/10/2025 11:25:27:	14	count	time	15.0s/cts	O Det=1596	H Det=1650	Mon Det=35510	Aux Det=4005	O+H=7251	 DONE
15/10/2025 11:25:43:	MOVE MOTOR REL	S18.axis2.phaseshifter both	deg	-0.07	FALSE DONE
15/10/2025 11:25:48:	15	count	time	15.0s/cts	O Det=2164	H Det=1546	Mon Det=35820	Aux Det=3372	O+H=7082	 DONE
15/10/2025 11:26:05:	MOVE MOTOR REL	S18.axis2.phaseshifter both	deg	-0.07	FALSE DONE
15/10/2025 11:26:09:	16	count	time	15.0s/cts	O Det=2326	H Det=1550	Mon Det=35534	Aux Det=3032	O+H=6908	 DONE
15/10/2025 11:26:26:	MOVE MOTOR REL	S18.axis2.phaseshifter both	deg	-0.07	FALSE DONE
15/10/2025 11:26:30:	17	count	time	15.0s/cts	O Det=2811	H Det=1445	Mon Det=35504	Aux Det=2464	O+H=6720	 DONE
15/10/2025 11:26:47:	MOVE MOTOR REL	S18.axis2.phaseshifter both	deg	-0.07	FALSE DONE
15/10/2025 11:26:51:	18	count	time	15.0s/cts	O Det=3073	H Det=1236	Mon Det=35806	Aux Det=2664	O+H=6973	 DONE
15/10/2025 11:27:08:	MOVE MOTOR REL	S18.axis2.phaseshifter both	deg	-0.07	FALSE DONE
15/10/2025 11:27:13:	19	count	time	15.0s/cts	O Det=2967	H Det=1137	Mon Det=35731	Aux Det=2804	O+H=6908	 DONE
15/10/2025 11:27:29:	MOVE MOTOR REL	S18.axis2.phaseshifter both	deg	-0.07	FALSE DONE
15/10/2025 11:27:34:	20	count	time	15.0s/cts	O Det=2770	H Det=1011	Mon Det=35588	Aux Det=3308	O+H=7089	 DONE
15/10/2025 11:27:51:	MOVE MOTOR REL	S18.axis2.phaseshifter both	deg	-0.07	FALSE DONE
15/10/2025 11:27:55:	21	count	time	15.0s/cts	O Det=2502	H Det=929	Mon Det=35843	Aux Det=3978	O+H=7409	 DONE
15/10/2025 11:28:12:	MOVE MOTOR REL	S18.axis2.phaseshifter both	deg	-0.07	FALSE DONE
15/10/2025 11:28:16:	22	count	time	15.0s/cts	O Det=2069	H Det=1017	Mon Det=35720	Aux Det=4758	O+H=7844	 DONE
15/10/2025 11:28:33:	MOVE MOTOR REL	S18.axis2.phaseshifter both	deg	-0.07	FALSE DONE
15/10/2025 11:28:37:	23	count	time	15.0s/cts	O Det=1526	H Det=949	Mon Det=35738	Aux Det=5246	O+H=7721	 DONE
15/10/2025 11:28:54:	MOVE MOTOR REL	S18.axis2.phaseshifter both	deg	-0.07	FALSE DONE
15/10/2025 11:28:59:	24	count	time	15.0s/cts	O Det=1141	H Det=997	Mon Det=35747	Aux Det=5925	O+H=8063	 DONE
15/10/2025 11:29:15:	MOVE MOTOR REL	S18.axis2.phaseshifter both	deg	-0.07	FALSE DONE
15/10/2025 11:29:20:	25	count	time	15.0s/cts	O Det=840	H Det=1064	Mon Det=35358	Aux Det=6502	O+H=8406	 DONE
15/10/2025 11:29:37:	MOVE MOTOR REL	S18.axis2.phaseshifter both	deg	-0.07	FALSE DONE
15/10/2025 11:29:41:	26	count	time	15.0s/cts	O Det=751	H Det=1129	Mon Det=35887	Aux Det=6291	O+H=8171	 DONE
15/10/2025 11:29:58:	MOVE MOTOR REL	S18.axis2.phaseshifter both	deg	-0.07	FALSE DONE
15/10/2025 11:30:02:	27	count	time	15.0s/cts	O Det=761	H Det=1320	Mon Det=35627	Aux Det=6045	O+H=8126	 DONE
15/10/2025 11:30:19:	MOVE MOTOR REL	S18.axis2.phaseshifter both	deg	-0.07	FALSE DONE
15/10/2025 11:30:23:	28	count	time	15.0s/cts	O Det=952	H Det=1390	Mon Det=35822	Aux Det=5573	O+H=7915	 DONE
15/10/2025 11:30:40:	MOVE MOTOR REL	S18.axis2.phaseshifter both	deg	-0.07	FALSE DONE
15/10/2025 11:30:45:	29	count	time	15.0s/cts	O Det=1443	H Det=1361	Mon Det=35796	Aux Det=4927	O+H=7731	 DONE
15/10/2025 11:31:01:	MOVE MOTOR REL	S18.axis2.phaseshifter both	deg	-0.07	FALSE DONE
15/10/2025 11:31:06:	30	count	time	15.0s/cts	O Det=2011	H Det=1277	Mon Det=35700	Aux Det=4194	O+H=7482	 DONE
15/10/2025 11:31:23:	NO ACTION	 DONE
15/10/2025 11:31:23:	close file and end scan	 DONE
call of ifg12r_newPS_2p30s_AP_minus.sc DONE
15/10/2025 11:31:24:	move motor	S18.axis2.phaseshifter both to fit O COS315	0.659128reached 0.65918  DONE
call of ifg12R_newPS_2p30s_p90_+1-1-i_wv2.sc DONE
15/10/2025 11:31:30:	create file	D:\data\Cycle 198\exp_3-16-19\rawdata\sc\ifg_wv2_psi_+1-1-i_15Oct1131.dat	 DONE
room to enter remarks DONE
15/10/2025 11:31:31:	MOVE MOTOR REL	S18.axis2.phaseshifter both	deg	0.0	FALSE DONE
15/10/2025 11:31:35:	1	count	time	15.0s/cts	O Det=2583	H Det=965	Mon Det=35857	Aux Det=3681	O+H=7229	 DONE
15/10/2025 11:31:52:	MOVE MOTOR REL	S18.axis2.phaseshifter both	deg	-0.07	FALSE DONE
15/10/2025 11:31:56:	2	count	time	15.0s/cts	O Det=2108	H Det=1008	Mon Det=35892	Aux Det=4576	O+H=7692	 DONE
15/10/2025 11:32:13:	MOVE MOTOR REL	S18.axis2.phaseshifter both	deg	-0.07	FALSE DONE
15/10/2025 11:32:17:	3	count	time	15.0s/cts	O Det=1450	H Det=1223	Mon Det=35509	Aux Det=5199	O+H=7872	 DONE
15/10/2025 11:32:34:	MOVE MOTOR REL	S18.axis2.phaseshifter both	deg	-0.07	FALSE DONE
15/10/2025 11:32:38:	4	count	time	15.0s/cts	O Det=1127	H Det=1129	Mon Det=35564	Aux Det=5950	O+H=8206	 DONE
15/10/2025 11:32:55:	MOVE MOTOR REL	S18.axis2.phaseshifter both	deg	-0.07	FALSE DONE
15/10/2025 11:33:00:	5	count	time	15.0s/cts	O Det=894	H Det=1145	Mon Det=35921	Aux Det=6258	O+H=8297	 DONE
15/10/2025 11:33:16:	MOVE MOTOR REL	S18.axis2.phaseshifter both	deg	-0.07	FALSE DONE
15/10/2025 11:33:21:	6	count	time	15.0s/cts	O Det=746	H Det=1155	Mon Det=35476	Aux Det=6442	O+H=8343	 DONE
15/10/2025 11:33:38:	MOVE MOTOR REL	S18.axis2.phaseshifter both	deg	-0.07	FALSE DONE
15/10/2025 11:33:42:	7	count	time	15.0s/cts	O Det=800	H Det=1188	Mon Det=35963	Aux Det=6130	O+H=8118	 DONE
15/10/2025 11:33:59:	MOVE MOTOR REL	S18.axis2.phaseshifter both	deg	-0.07	FALSE DONE
15/10/2025 11:34:03:	8	count	time	15.0s/cts	O Det=1025	H Det=1257	Mon Det=35716	Aux Det=5703	O+H=7985	 DONE
15/10/2025 11:34:20:	MOVE MOTOR REL	S18.axis2.phaseshifter both	deg	-0.07	FALSE DONE
15/10/2025 11:34:24:	9	count	time	15.0s/cts	O Det=1438	H Det=1284	Mon Det=35800	Aux Det=5144	O+H=7866	 DONE
15/10/2025 11:34:41:	MOVE MOTOR REL	S18.axis2.phaseshifter both	deg	-0.07	FALSE DONE
15/10/2025 11:34:46:	10	count	time	15.0s/cts	O Det=1753	H Det=1442	Mon Det=35367	Aux Det=4265	O+H=7460	 DONE
15/10/2025 11:35:02:	MOVE MOTOR REL	S18.axis2.phaseshifter both	deg	-0.07	FALSE DONE
15/10/2025 11:35:07:	11	count	time	15.0s/cts	O Det=2165	H Det=1397	Mon Det=35422	Aux Det=3560	O+H=7122	 DONE
15/10/2025 11:35:24:	MOVE MOTOR REL	S18.axis2.phaseshifter both	deg	-0.07	FALSE DONE
15/10/2025 11:35:28:	12	count	time	15.0s/cts	O Det=2434	H Det=1443	Mon Det=35932	Aux Det=2989	O+H=6866	 DONE
15/10/2025 11:35:45:	MOVE MOTOR REL	S18.axis2.phaseshifter both	deg	-0.07	FALSE DONE
15/10/2025 11:35:49:	13	count	time	15.0s/cts	O Det=2797	H Det=1320	Mon Det=35622	Aux Det=2654	O+H=6771	 DONE
15/10/2025 11:36:06:	MOVE MOTOR REL	S18.axis2.phaseshifter both	deg	-0.07	FALSE DONE
15/10/2025 11:36:10:	14	count	time	15.0s/cts	O Det=3152	H Det=1292	Mon Det=36019	Aux Det=2607	O+H=7051	 DONE
15/10/2025 11:36:27:	MOVE MOTOR REL	S18.axis2.phaseshifter both	deg	-0.07	FALSE DONE
15/10/2025 11:36:32:	15	count	time	15.0s/cts	O Det=2800	H Det=1185	Mon Det=35627	Aux Det=2734	O+H=6719	 DONE
15/10/2025 11:36:48:	MOVE MOTOR REL	S18.axis2.phaseshifter both	deg	-0.07	FALSE DONE
15/10/2025 11:36:53:	16	count	time	15.0s/cts	O Det=2847	H Det=1160	Mon Det=35918	Aux Det=3054	O+H=7061	 DONE
15/10/2025 11:37:10:	MOVE MOTOR REL	S18.axis2.phaseshifter both	deg	-0.07	FALSE DONE
15/10/2025 11:37:14:	17	count	time	15.0s/cts	O Det=2711	H Det=900	Mon Det=35390	Aux Det=3733	O+H=7344	 DONE
15/10/2025 11:37:31:	MOVE MOTOR REL	S18.axis2.phaseshifter both	deg	-0.07	FALSE DONE
15/10/2025 11:37:35:	18	count	time	15.0s/cts	O Det=2235	H Det=871	Mon Det=35504	Aux Det=4442	O+H=7548	 DONE
15/10/2025 11:37:52:	MOVE MOTOR REL	S18.axis2.phaseshifter both	deg	-0.07	FALSE DONE
15/10/2025 11:37:56:	19	count	time	15.0s/cts	O Det=1732	H Det=963	Mon Det=35638	Aux Det=5323	O+H=8018	 DONE
15/10/2025 11:38:13:	MOVE MOTOR REL	S18.axis2.phaseshifter both	deg	-0.07	FALSE DONE
15/10/2025 11:38:18:	20	count	time	15.0s/cts	O Det=1294	H Det=943	Mon Det=35861	Aux Det=5869	O+H=8106	 DONE
15/10/2025 11:38:34:	MOVE MOTOR REL	S18.axis2.phaseshifter both	deg	-0.07	FALSE DONE
15/10/2025 11:38:39:	21	count	time	15.0s/cts	O Det=1004	H Det=1025	Mon Det=35987	Aux Det=6216	O+H=8245	 DONE
15/10/2025 11:38:56:	MOVE MOTOR REL	S18.axis2.phaseshifter both	deg	-0.07	FALSE DONE
15/10/2025 11:39:00:	22	count	time	15.0s/cts	O Det=752	H Det=1178	Mon Det=35629	Aux Det=6243	O+H=8173	 DONE
15/10/2025 11:39:17:	MOVE MOTOR REL	S18.axis2.phaseshifter both	deg	-0.07	FALSE DONE
15/10/2025 11:39:21:	23	count	time	15.0s/cts	O Det=744	H Det=1340	Mon Det=35892	Aux Det=6222	O+H=8306	 DONE
15/10/2025 11:39:38:	MOVE MOTOR REL	S18.axis2.phaseshifter both	deg	-0.07	FALSE DONE
15/10/2025 11:39:42:	24	count	time	15.0s/cts	O Det=745	H Det=1414	Mon Det=35800	Aux Det=5663	O+H=7822	 DONE
15/10/2025 11:39:59:	MOVE MOTOR REL	S18.axis2.phaseshifter both	deg	-0.07	FALSE DONE
15/10/2025 11:40:04:	25	count	time	15.0s/cts	O Det=1114	H Det=1495	Mon Det=35743	Aux Det=5236	O+H=7845	 DONE
15/10/2025 11:40:20:	MOVE MOTOR REL	S18.axis2.phaseshifter both	deg	-0.07	FALSE DONE
15/10/2025 11:40:25:	26	count	time	15.0s/cts	O Det=1493	H Det=1480	Mon Det=35699	Aux Det=4389	O+H=7362	 DONE
15/10/2025 11:40:42:	MOVE MOTOR REL	S18.axis2.phaseshifter both	deg	-0.07	FALSE DONE
15/10/2025 11:40:46:	27	count	time	15.0s/cts	O Det=2032	H Det=1508	Mon Det=35549	Aux Det=3752	O+H=7292	 DONE
15/10/2025 11:41:03:	MOVE MOTOR REL	S18.axis2.phaseshifter both	deg	-0.07	FALSE DONE
15/10/2025 11:41:07:	28	count	time	15.0s/cts	O Det=2479	H Det=1408	Mon Det=36021	Aux Det=3195	O+H=7082	 DONE
15/10/2025 11:41:24:	MOVE MOTOR REL	S18.axis2.phaseshifter both	deg	-0.07	FALSE DONE
15/10/2025 11:41:28:	29	count	time	15.0s/cts	O Det=2791	H Det=1307	Mon Det=35874	Aux Det=2683	O+H=6781	 DONE
15/10/2025 11:41:45:	MOVE MOTOR REL	S18.axis2.phaseshifter both	deg	-0.07	FALSE DONE
15/10/2025 11:41:50:	30	count	time	15.0s/cts	O Det=2934	H Det=1283	Mon Det=35637	Aux Det=2595	O+H=6812	 DONE
15/10/2025 11:42:06:	NO ACTION	 DONE
15/10/2025 11:42:07:	close file and end scan	 DONE
call of ifg12r_newPS_2p30s_AP_minus.sc DONE
call of ifg12R_newPS_2p30s_p180_minus.sc DONE
15/10/2025 11:42:08:	move motor	S18.auxiliary.Robot Z to 207413.00000um	reached 207412.00000  DONE
call of robot_Zout_doubleCd.sc DONE
15/10/2025 11:42:11:	move motor	S18.auxiliary.Robot rot big to 90.00000deg	reached 90.00000  DONE
15/10/2025 11:42:14:	move motor	S18.auxiliary.Robot Diagonal to 26000.00000um	reached 25993.46389  DONE
15/10/2025 11:42:41:	move motor	S18.auxiliary.Robot Z to 207413.00000um	reached 207412.00000  DONE
call of robot_Zout_doubleCd.sc DONE
15/10/2025 11:42:44:	move motor	S18.auxiliary.Robot rot big to 90.00000deg	reached 90.00000  DONE
15/10/2025 11:42:47:	move motor	S18.auxiliary.Robot Z to 292012.00000um	reached 292012.00000  DONE
call of robot_Zin_doubleCd.sc DONE
call of Block_path13_doubleCd.sc DONE
15/10/2025 11:42:55:	move motor	S18.auxiliary.Robot Diagonal to 25999.900000um	 DONE
15/10/2025 11:43:02:	create file	D:\data\Cycle 198\exp_3-16-19\rawdata\sc\ifg_wv2_psi_+1-1-i_15Oct1143.dat	 DONE
room to enter remarks DONE
15/10/2025 11:43:03:	move motor	S18.auxiliary.Robot Diagonal to 26000.000000um	 DONE
15/10/2025 11:43:09:	1	count	time	60.000000s/cts	O Det=1699	H Det=1827	Mon Det=143028	Aux Det=6043	O+H=9569	 DONE
15/10/2025 11:44:10:	move motor	S18.auxiliary.Robot Diagonal to 48000.000000um	 DONE
15/10/2025 11:44:25:	2	count	time	60.000000s/cts	O Det=1836	H Det=3065	Mon Det=143327	Aux Det=27	O+H=4928	 DONE
15/10/2025 11:45:27:	move motor	S18.auxiliary.Robot Diagonal to 70000.000000um	 DONE
15/10/2025 11:45:42:	3	count	time	60.000000s/cts	O Det=1730	H Det=1838	Mon Det=142908	Aux Det=11961	O+H=15529	 DONE
15/10/2025 11:46:43:	close file and end scan	 DONE
15/10/2025 11:46:44:	move motor	S18.auxiliary.Robot Z to 207413.00000um	reached 207412.00000  DONE
call of robot_Zout_doubleCd.sc DONE
call of int_meas_path213.sc DONE
15/10/2025 11:46:52:	END OF SCRIPT	 DONE
