09/10/2025 11:56:50:	start execution of script D:\data\Cycle 198\exp_3-16-19\rawdata\sc\ifg_wv1_psi_+1+1+1.sc	 DONE
09/10/2025 11:56:51:	create file	D:\data\Cycle 198\exp_3-16-19\rawdata\sc\ifg1MR_newPS_2p30s_0_09Oct1156.dat	 DONE
room to enter remarks DONE
09/10/2025 11:56:52:	MOVE MOTOR REL	S18.axis2.phaseshifter 1	deg	0	FALSE DONE
09/10/2025 11:56:55:	1	count	time	30.0s/cts	O Det=6722	H Det=2147	Mon Det=92108	Aux Det=4992	O+H=13861	 DONE
09/10/2025 11:57:27:	MOVE MOTOR REL	S18.axis2.phaseshifter 1	deg	0.1	FALSE DONE
09/10/2025 11:57:30:	2	count	time	30.0s/cts	O Det=5999	H Det=2512	Mon Det=92600	Aux Det=5652	O+H=14163	 DONE
09/10/2025 11:58:02:	MOVE MOTOR REL	S18.axis2.phaseshifter 1	deg	0.1	FALSE DONE
09/10/2025 11:58:06:	3	count	time	30.0s/cts	O Det=4844	H Det=2634	Mon Det=91786	Aux Det=7334	O+H=14812	 DONE
09/10/2025 11:58:37:	MOVE MOTOR REL	S18.axis2.phaseshifter 1	deg	0.1	FALSE DONE
09/10/2025 11:58:41:	4	count	time	30.0s/cts	O Det=3547	H Det=2653	Mon Det=92474	Aux Det=9370	O+H=15570	 DONE
09/10/2025 11:59:13:	MOVE MOTOR REL	S18.axis2.phaseshifter 1	deg	0.1	FALSE DONE
09/10/2025 11:59:16:	5	count	time	30.0s/cts	O Det=2382	H Det=2518	Mon Det=92698	Aux Det=11730	O+H=16630	 DONE
09/10/2025 11:59:48:	MOVE MOTOR REL	S18.axis2.phaseshifter 1	deg	0.1	FALSE DONE
09/10/2025 11:59:51:	6	count	time	30.0s/cts	O Det=1804	H Det=2271	Mon Det=91935	Aux Det=12791	O+H=16866	 DONE
09/10/2025 12:00:23:	MOVE MOTOR REL	S18.axis2.phaseshifter 1	deg	0.1	FALSE DONE
09/10/2025 12:00:27:	7	count	time	30.0s/cts	O Det=2296	H Det=2053	Mon Det=92195	Aux Det=12506	O+H=16855	 DONE
09/10/2025 12:00:58:	MOVE MOTOR REL	S18.axis2.phaseshifter 1	deg	0.1	FALSE DONE
09/10/2025 12:01:02:	8	count	time	30.0s/cts	O Det=3319	H Det=1838	Mon Det=91786	Aux Det=11088	O+H=16245	 DONE
09/10/2025 12:01:34:	MOVE MOTOR REL	S18.axis2.phaseshifter 1	deg	0.1	FALSE DONE
09/10/2025 12:01:37:	9	count	time	30.0s/cts	O Det=4648	H Det=1787	Mon Det=92247	Aux Det=9158	O+H=15593	 DONE
09/10/2025 12:02:09:	MOVE MOTOR REL	S18.axis2.phaseshifter 1	deg	0.1	FALSE DONE
09/10/2025 12:02:13:	10	count	time	30.0s/cts	O Det=5861	H Det=1854	Mon Det=92761	Aux Det=6992	O+H=14707	 DONE
09/10/2025 12:02:44:	MOVE MOTOR REL	S18.axis2.phaseshifter 1	deg	0.1	FALSE DONE
09/10/2025 12:02:48:	11	count	time	30.0s/cts	O Det=6665	H Det=2055	Mon Det=92730	Aux Det=5551	O+H=14271	 DONE
09/10/2025 12:03:29:	MOVE MOTOR REL	S18.axis2.phaseshifter 1	deg	0.1	FALSE DONE
09/10/2025 12:03:32:	12	count	time	30.0s/cts	O Det=6604	H Det=2269	Mon Det=92656	Aux Det=5148	O+H=14021	 DONE
09/10/2025 12:04:04:	MOVE MOTOR REL	S18.axis2.phaseshifter 1	deg	0.1	FALSE DONE
09/10/2025 12:04:08:	13	count	time	30.0s/cts	O Det=5819	H Det=2381	Mon Det=92200	Aux Det=5979	O+H=14179	 DONE
09/10/2025 12:04:39:	MOVE MOTOR REL	S18.axis2.phaseshifter 1	deg	0.1	FALSE DONE
09/10/2025 12:04:43:	14	count	time	30.0s/cts	O Det=4617	H Det=2525	Mon Det=92096	Aux Det=7847	O+H=14989	 DONE
09/10/2025 12:05:15:	MOVE MOTOR REL	S18.axis2.phaseshifter 1	deg	0.1	FALSE DONE
09/10/2025 12:05:18:	15	count	time	30.0s/cts	O Det=3124	H Det=2559	Mon Det=92523	Aux Det=10270	O+H=15953	 DONE
09/10/2025 12:05:50:	MOVE MOTOR REL	S18.axis2.phaseshifter 1	deg	0.1	FALSE DONE
09/10/2025 12:05:53:	16	count	time	30.0s/cts	O Det=1990	H Det=2358	Mon Det=91654	Aux Det=12246	O+H=16594	 DONE
09/10/2025 12:06:25:	MOVE MOTOR REL	S18.axis2.phaseshifter 1	deg	0.1	FALSE DONE
09/10/2025 12:06:29:	17	count	time	30.0s/cts	O Det=1848	H Det=2163	Mon Det=92176	Aux Det=12901	O+H=16912	 DONE
09/10/2025 12:07:01:	MOVE MOTOR REL	S18.axis2.phaseshifter 1	deg	0.1	FALSE DONE
09/10/2025 12:07:04:	18	count	time	30.0s/cts	O Det=2419	H Det=2016	Mon Det=92160	Aux Det=12249	O+H=16684	 DONE
09/10/2025 12:07:36:	MOVE MOTOR REL	S18.axis2.phaseshifter 1	deg	0.1	FALSE DONE
09/10/2025 12:07:39:	19	count	time	30.0s/cts	O Det=3711	H Det=1912	Mon Det=92464	Aux Det=10609	O+H=16232	 DONE
09/10/2025 12:08:11:	MOVE MOTOR REL	S18.axis2.phaseshifter 1	deg	0.1	FALSE DONE
09/10/2025 12:08:15:	20	count	time	30.0s/cts	O Det=5246	H Det=1870	Mon Det=92198	Aux Det=7850	O+H=14966	 DONE
09/10/2025 12:08:46:	MOVE MOTOR REL	S18.axis2.phaseshifter 1	deg	0.1	FALSE DONE
09/10/2025 12:08:50:	21	count	time	30.0s/cts	O Det=6378	H Det=1990	Mon Det=92116	Aux Det=5963	O+H=14331	 DONE
09/10/2025 12:09:21:	MOVE MOTOR REL	S18.axis2.phaseshifter 1	deg	0.1	FALSE DONE
09/10/2025 12:09:25:	22	count	time	30.0s/cts	O Det=6802	H Det=2091	Mon Det=92202	Aux Det=5087	O+H=13980	 DONE
09/10/2025 12:09:57:	close file and end scan	 DONE
call of ifg1MR_newPS_2p30s_0.sc DONE
09/10/2025 12:09:58:	move motor	S18.axis2.phaseshifter 1 to fit O COS-90	-0.397278reached -0.39551  DONE
09/10/2025 12:10:01:	create file	D:\data\Cycle 198\exp_3-16-19\rawdata\sc\ifg1MR_newPS_2p30s_m90_09Oct1210.dat	 DONE
room to enter remarks DONE
09/10/2025 12:10:02:	MOVE MOTOR REL	S18.axis2.phaseshifter 1	deg	0	FALSE DONE
09/10/2025 12:10:05:	1	count	time	30.0s/cts	O Det=4220	H Det=1827	Mon Det=92438	Aux Det=9480	O+H=15527	 DONE
09/10/2025 12:10:37:	MOVE MOTOR REL	S18.axis2.phaseshifter 1	deg	0.1	FALSE DONE
09/10/2025 12:10:41:	2	count	time	30.0s/cts	O Det=5736	H Det=1813	Mon Det=91891	Aux Det=7249	O+H=14798	 DONE
09/10/2025 12:11:12:	MOVE MOTOR REL	S18.axis2.phaseshifter 1	deg	0.1	FALSE DONE
09/10/2025 12:11:16:	3	count	time	30.0s/cts	O Det=6561	H Det=2049	Mon Det=91632	Aux Det=5460	O+H=14070	 DONE
09/10/2025 12:11:47:	MOVE MOTOR REL	S18.axis2.phaseshifter 1	deg	0.1	FALSE DONE
09/10/2025 12:11:51:	4	count	time	30.0s/cts	O Det=6704	H Det=2181	Mon Det=91973	Aux Det=5065	O+H=13950	 DONE
09/10/2025 12:12:23:	MOVE MOTOR REL	S18.axis2.phaseshifter 1	deg	0.1	FALSE DONE
09/10/2025 12:12:26:	5	count	time	30.0s/cts	O Det=5792	H Det=2576	Mon Det=92269	Aux Det=5935	O+H=14303	 DONE
09/10/2025 12:12:58:	MOVE MOTOR REL	S18.axis2.phaseshifter 1	deg	0.1	FALSE DONE
09/10/2025 12:13:02:	6	count	time	30.0s/cts	O Det=4729	H Det=2576	Mon Det=92739	Aux Det=7651	O+H=14956	 DONE
09/10/2025 12:13:33:	MOVE MOTOR REL	S18.axis2.phaseshifter 1	deg	0.1	FALSE DONE
09/10/2025 12:13:37:	7	count	time	30.0s/cts	O Det=3238	H Det=2567	Mon Det=91844	Aux Det=10058	O+H=15863	 DONE
09/10/2025 12:14:09:	MOVE MOTOR REL	S18.axis2.phaseshifter 1	deg	0.1	FALSE DONE
09/10/2025 12:14:12:	8	count	time	30.0s/cts	O Det=2200	H Det=2504	Mon Det=91778	Aux Det=11985	O+H=16689	 DONE
09/10/2025 12:14:44:	MOVE MOTOR REL	S18.axis2.phaseshifter 1	deg	0.1	FALSE DONE
09/10/2025 12:14:48:	9	count	time	30.0s/cts	O Det=1867	H Det=2169	Mon Det=91984	Aux Det=12808	O+H=16844	 DONE
09/10/2025 12:15:19:	MOVE MOTOR REL	S18.axis2.phaseshifter 1	deg	0.1	FALSE DONE
09/10/2025 12:15:23:	10	count	time	30.0s/cts	O Det=2324	H Det=2020	Mon Det=92117	Aux Det=12408	O+H=16752	 DONE
09/10/2025 12:15:54:	MOVE MOTOR REL	S18.axis2.phaseshifter 1	deg	0.1	FALSE DONE
09/10/2025 12:15:58:	11	count	time	30.0s/cts	O Det=3661	H Det=1887	Mon Det=92133	Aux Det=10543	O+H=16091	 DONE
09/10/2025 12:16:30:	MOVE MOTOR REL	S18.axis2.phaseshifter 1	deg	0.1	FALSE DONE
09/10/2025 12:16:33:	12	count	time	30.0s/cts	O Det=5026	H Det=1796	Mon Det=92158	Aux Det=8180	O+H=15002	 DONE
09/10/2025 12:17:05:	MOVE MOTOR REL	S18.axis2.phaseshifter 1	deg	0.1	FALSE DONE
09/10/2025 12:17:09:	13	count	time	30.0s/cts	O Det=6276	H Det=1903	Mon Det=92225	Aux Det=6511	O+H=14690	 DONE
09/10/2025 12:17:40:	MOVE MOTOR REL	S18.axis2.phaseshifter 1	deg	0.1	FALSE DONE
09/10/2025 12:17:44:	14	count	time	30.0s/cts	O Det=6735	H Det=2107	Mon Det=91997	Aux Det=5181	O+H=14023	 DONE
09/10/2025 12:18:15:	MOVE MOTOR REL	S18.axis2.phaseshifter 1	deg	0.1	FALSE DONE
09/10/2025 12:18:19:	15	count	time	30.0s/cts	O Det=6347	H Det=2293	Mon Det=92070	Aux Det=5207	O+H=13847	 DONE
09/10/2025 12:18:51:	MOVE MOTOR REL	S18.axis2.phaseshifter 1	deg	0.1	FALSE DONE
09/10/2025 12:18:54:	16	count	time	30.0s/cts	O Det=5619	H Det=2468	Mon Det=91923	Aux Det=6293	O+H=14380	 DONE
09/10/2025 12:19:26:	MOVE MOTOR REL	S18.axis2.phaseshifter 1	deg	0.1	FALSE DONE
09/10/2025 12:19:30:	17	count	time	30.0s/cts	O Det=4070	H Det=2547	Mon Det=92149	Aux Det=8522	O+H=15139	 DONE
09/10/2025 12:20:01:	MOVE MOTOR REL	S18.axis2.phaseshifter 1	deg	0.1	FALSE DONE
09/10/2025 12:20:05:	18	count	time	30.0s/cts	O Det=2686	H Det=2481	Mon Det=92291	Aux Det=10704	O+H=15871	 DONE
09/10/2025 12:20:37:	MOVE MOTOR REL	S18.axis2.phaseshifter 1	deg	0.1	FALSE DONE
09/10/2025 12:20:40:	19	count	time	30.0s/cts	O Det=1984	H Det=2384	Mon Det=92675	Aux Det=12534	O+H=16902	 DONE
09/10/2025 12:21:12:	MOVE MOTOR REL	S18.axis2.phaseshifter 1	deg	0.1	FALSE DONE
09/10/2025 12:21:16:	20	count	time	30.0s/cts	O Det=1931	H Det=2181	Mon Det=92516	Aux Det=12603	O+H=16715	 DONE
09/10/2025 12:21:47:	MOVE MOTOR REL	S18.axis2.phaseshifter 1	deg	0.1	FALSE DONE
09/10/2025 12:21:51:	21	count	time	30.0s/cts	O Det=2571	H Det=1977	Mon Det=92234	Aux Det=11913	O+H=16461	 DONE
09/10/2025 12:22:22:	MOVE MOTOR REL	S18.axis2.phaseshifter 1	deg	0.1	FALSE DONE
09/10/2025 12:22:26:	22	count	time	30.0s/cts	O Det=3794	H Det=1898	Mon Det=92072	Aux Det=10479	O+H=16171	 DONE
09/10/2025 12:22:58:	close file and end scan	 DONE
call of ifg1MR_newPS_2p30s_m90.sc DONE
09/10/2025 12:22:59:	move motor	S18.axis2.phaseshifter 1 to fit O COS90	0.122991reached 0.13184  DONE
09/10/2025 12:23:02:	create file	D:\data\Cycle 198\exp_3-16-19\rawdata\sc\ifg1MR_newPS_2p30s_p90_09Oct1223.dat	 DONE
room to enter remarks DONE
09/10/2025 12:23:03:	MOVE MOTOR REL	S18.axis2.phaseshifter 1	deg	0	FALSE DONE
09/10/2025 12:23:07:	1	count	time	30.0s/cts	O Det=4328	H Det=2506	Mon Det=92199	Aux Det=8286	O+H=15120	 DONE
09/10/2025 12:23:38:	MOVE MOTOR REL	S18.axis2.phaseshifter 1	deg	0.1	FALSE DONE
09/10/2025 12:23:42:	2	count	time	30.0s/cts	O Det=2803	H Det=2510	Mon Det=92295	Aux Det=10636	O+H=15949	 DONE
09/10/2025 12:24:14:	MOVE MOTOR REL	S18.axis2.phaseshifter 1	deg	0.1	FALSE DONE
09/10/2025 12:24:17:	3	count	time	30.0s/cts	O Det=1959	H Det=2383	Mon Det=92190	Aux Det=12245	O+H=16587	 DONE
09/10/2025 12:24:49:	MOVE MOTOR REL	S18.axis2.phaseshifter 1	deg	0.1	FALSE DONE
09/10/2025 12:24:52:	4	count	time	30.0s/cts	O Det=1860	H Det=2232	Mon Det=92651	Aux Det=12793	O+H=16885	 DONE
09/10/2025 12:25:24:	MOVE MOTOR REL	S18.axis2.phaseshifter 1	deg	0.1	FALSE DONE
09/10/2025 12:25:28:	5	count	time	30.0s/cts	O Det=2630	H Det=1913	Mon Det=92142	Aux Det=11938	O+H=16481	 DONE
09/10/2025 12:25:59:	MOVE MOTOR REL	S18.axis2.phaseshifter 1	deg	0.1	FALSE DONE
09/10/2025 12:26:03:	6	count	time	30.0s/cts	O Det=3795	H Det=1871	Mon Det=92316	Aux Det=10232	O+H=15898	 DONE
09/10/2025 12:26:35:	MOVE MOTOR REL	S18.axis2.phaseshifter 1	deg	0.1	FALSE DONE
09/10/2025 12:26:38:	7	count	time	30.0s/cts	O Det=5128	H Det=1799	Mon Det=92662	Aux Det=8125	O+H=15052	 DONE
09/10/2025 12:27:10:	MOVE MOTOR REL	S18.axis2.phaseshifter 1	deg	0.1	FALSE DONE
09/10/2025 12:27:14:	8	count	time	30.0s/cts	O Det=6284	H Det=2003	Mon Det=91838	Aux Det=6163	O+H=14450	 DONE
09/10/2025 12:27:45:	MOVE MOTOR REL	S18.axis2.phaseshifter 1	deg	0.1	FALSE DONE
09/10/2025 12:27:49:	9	count	time	30.0s/cts	O Det=6692	H Det=2101	Mon Det=92011	Aux Det=4978	O+H=13771	 DONE
09/10/2025 12:28:21:	MOVE MOTOR REL	S18.axis2.phaseshifter 1	deg	0.1	FALSE DONE
09/10/2025 12:28:24:	10	count	time	30.0s/cts	O Det=6173	H Det=2270	Mon Det=92182	Aux Det=5406	O+H=13849	 DONE
09/10/2025 12:28:56:	MOVE MOTOR REL	S18.axis2.phaseshifter 1	deg	0.1	FALSE DONE
09/10/2025 12:28:59:	11	count	time	30.0s/cts	O Det=5300	H Det=2453	Mon Det=92256	Aux Det=6881	O+H=14634	 DONE
09/10/2025 12:29:31:	MOVE MOTOR REL	S18.axis2.phaseshifter 1	deg	0.1	FALSE DONE
09/10/2025 12:29:35:	12	count	time	30.0s/cts	O Det=3760	H Det=2483	Mon Det=91709	Aux Det=9222	O+H=15465	 DONE
09/10/2025 12:30:06:	MOVE MOTOR REL	S18.axis2.phaseshifter 1	deg	0.1	FALSE DONE
09/10/2025 12:30:10:	13	count	time	30.0s/cts	O Det=2674	H Det=2509	Mon Det=91813	Aux Det=10897	O+H=16080	 DONE
09/10/2025 12:30:42:	MOVE MOTOR REL	S18.axis2.phaseshifter 1	deg	0.1	FALSE DONE
09/10/2025 12:30:45:	14	count	time	30.0s/cts	O Det=1976	H Det=2337	Mon Det=92192	Aux Det=12525	O+H=16838	 DONE
09/10/2025 12:31:17:	MOVE MOTOR REL	S18.axis2.phaseshifter 1	deg	0.1	FALSE DONE
09/10/2025 12:31:20:	15	count	time	30.0s/cts	O Det=1958	H Det=2201	Mon Det=92325	Aux Det=12760	O+H=16919	 DONE
09/10/2025 12:31:52:	MOVE MOTOR REL	S18.axis2.phaseshifter 1	deg	0.1	FALSE DONE
09/10/2025 12:31:56:	16	count	time	30.0s/cts	O Det=2698	H Det=2081	Mon Det=92556	Aux Det=11871	O+H=16650	 DONE
09/10/2025 12:32:27:	MOVE MOTOR REL	S18.axis2.phaseshifter 1	deg	0.1	FALSE DONE
09/10/2025 12:32:31:	17	count	time	30.0s/cts	O Det=3756	H Det=1894	Mon Det=91488	Aux Det=10169	O+H=15819	 DONE
09/10/2025 12:33:03:	MOVE MOTOR REL	S18.axis2.phaseshifter 1	deg	0.1	FALSE DONE
09/10/2025 12:33:06:	18	count	time	30.0s/cts	O Det=5179	H Det=1914	Mon Det=92537	Aux Det=8039	O+H=15132	 DONE
09/10/2025 12:33:38:	MOVE MOTOR REL	S18.axis2.phaseshifter 1	deg	0.1	FALSE DONE
09/10/2025 12:33:42:	19	count	time	30.0s/cts	O Det=6315	H Det=1887	Mon Det=91884	Aux Det=6438	O+H=14640	 DONE
09/10/2025 12:34:13:	MOVE MOTOR REL	S18.axis2.phaseshifter 1	deg	0.1	FALSE DONE
09/10/2025 12:34:17:	20	count	time	30.0s/cts	O Det=6746	H Det=1995	Mon Det=92591	Aux Det=5162	O+H=13903	 DONE
09/10/2025 12:34:49:	MOVE MOTOR REL	S18.axis2.phaseshifter 1	deg	0.1	FALSE DONE
09/10/2025 12:34:52:	21	count	time	30.0s/cts	O Det=6194	H Det=2299	Mon Det=92121	Aux Det=5427	O+H=13920	 DONE
09/10/2025 12:35:24:	MOVE MOTOR REL	S18.axis2.phaseshifter 1	deg	0.1	FALSE DONE
09/10/2025 12:35:28:	22	count	time	30.0s/cts	O Det=5321	H Det=2388	Mon Det=92209	Aux Det=6668	O+H=14377	 DONE
09/10/2025 12:35:59:	close file and end scan	 DONE
call of ifg1MR_newPS_2p30s_p90.sc DONE
09/10/2025 12:36:00:	move motor	S18.axis2.phaseshifter 1 to fit O COS-180	0.386096reached 0.39551  DONE
09/10/2025 12:36:04:	create file	D:\data\Cycle 198\exp_3-16-19\rawdata\sc\ifg1MR_newPS_2p30s_p180_09Oct1236.dat	 DONE
room to enter remarks DONE
09/10/2025 12:36:05:	MOVE MOTOR REL	S18.axis2.phaseshifter 1	deg	0	FALSE DONE
09/10/2025 12:36:08:	1	count	time	30.0s/cts	O Det=1743	H Det=2186	Mon Det=92301	Aux Det=12812	O+H=16741	 DONE
09/10/2025 12:36:40:	MOVE MOTOR REL	S18.axis2.phaseshifter 1	deg	0.1	FALSE DONE
09/10/2025 12:36:43:	2	count	time	30.0s/cts	O Det=2025	H Det=2044	Mon Det=92980	Aux Det=12637	O+H=16706	 DONE
09/10/2025 12:37:15:	MOVE MOTOR REL	S18.axis2.phaseshifter 1	deg	0.1	FALSE DONE
09/10/2025 12:37:18:	3	count	time	30.0s/cts	O Det=2851	H Det=1975	Mon Det=92000	Aux Det=11601	O+H=16427	 DONE
09/10/2025 12:37:50:	MOVE MOTOR REL	S18.axis2.phaseshifter 1	deg	0.1	FALSE DONE
09/10/2025 12:37:54:	4	count	time	30.0s/cts	O Det=4277	H Det=1844	Mon Det=92588	Aux Det=9338	O+H=15459	 DONE
09/10/2025 12:38:25:	MOVE MOTOR REL	S18.axis2.phaseshifter 1	deg	0.1	FALSE DONE
09/10/2025 12:38:29:	5	count	time	30.0s/cts	O Det=5694	H Det=1886	Mon Det=92162	Aux Det=6811	O+H=14391	 DONE
09/10/2025 12:39:01:	MOVE MOTOR REL	S18.axis2.phaseshifter 1	deg	0.1	FALSE DONE
09/10/2025 12:39:04:	6	count	time	30.0s/cts	O Det=6527	H Det=2059	Mon Det=92428	Aux Det=5402	O+H=13988	 DONE
09/10/2025 12:39:36:	MOVE MOTOR REL	S18.axis2.phaseshifter 1	deg	0.1	FALSE DONE
09/10/2025 12:39:40:	7	count	time	30.0s/cts	O Det=6563	H Det=2231	Mon Det=92670	Aux Det=5016	O+H=13810	 DONE
09/10/2025 12:40:11:	MOVE MOTOR REL	S18.axis2.phaseshifter 1	deg	0.1	FALSE DONE
09/10/2025 12:40:15:	8	count	time	30.0s/cts	O Det=5910	H Det=2285	Mon Det=92350	Aux Det=5705	O+H=13900	 DONE
09/10/2025 12:40:47:	MOVE MOTOR REL	S18.axis2.phaseshifter 1	deg	0.1	FALSE DONE
09/10/2025 12:40:50:	9	count	time	30.0s/cts	O Det=4902	H Det=2533	Mon Det=92284	Aux Det=7626	O+H=15061	 DONE
09/10/2025 12:41:22:	MOVE MOTOR REL	S18.axis2.phaseshifter 1	deg	0.1	FALSE DONE
09/10/2025 12:41:25:	10	count	time	30.0s/cts	O Det=3259	H Det=2500	Mon Det=92321	Aux Det=9849	O+H=15608	 DONE
09/10/2025 12:41:57:	MOVE MOTOR REL	S18.axis2.phaseshifter 1	deg	0.1	FALSE DONE
09/10/2025 12:42:01:	11	count	time	30.0s/cts	O Det=2288	H Det=2402	Mon Det=92373	Aux Det=11458	O+H=16148	 DONE
09/10/2025 12:42:32:	MOVE MOTOR REL	S18.axis2.phaseshifter 1	deg	0.1	FALSE DONE
09/10/2025 12:42:36:	12	count	time	30.0s/cts	O Det=1781	H Det=2174	Mon Det=92411	Aux Det=12356	O+H=16311	 DONE
09/10/2025 12:43:08:	MOVE MOTOR REL	S18.axis2.phaseshifter 1	deg	0.1	FALSE DONE
09/10/2025 12:43:11:	13	count	time	30.0s/cts	O Det=2081	H Det=2150	Mon Det=91947	Aux Det=12510	O+H=16741	 DONE
09/10/2025 12:43:43:	MOVE MOTOR REL	S18.axis2.phaseshifter 1	deg	0.1	FALSE DONE
09/10/2025 12:43:46:	14	count	time	30.0s/cts	O Det=3117	H Det=1930	Mon Det=92429	Aux Det=10976	O+H=16023	 DONE
09/10/2025 12:44:18:	MOVE MOTOR REL	S18.axis2.phaseshifter 1	deg	0.1	FALSE DONE
09/10/2025 12:44:22:	15	count	time	30.0s/cts	O Det=4601	H Det=1810	Mon Det=92470	Aux Det=8693	O+H=15104	 DONE
09/10/2025 12:44:53:	MOVE MOTOR REL	S18.axis2.phaseshifter 1	deg	0.1	FALSE DONE
09/10/2025 12:44:57:	16	count	time	30.0s/cts	O Det=5761	H Det=1954	Mon Det=92734	Aux Det=6758	O+H=14473	 DONE
09/10/2025 12:45:29:	MOVE MOTOR REL	S18.axis2.phaseshifter 1	deg	0.1	FALSE DONE
09/10/2025 12:45:32:	17	count	time	30.0s/cts	O Det=6339	H Det=2161	Mon Det=92089	Aux Det=5317	O+H=13817	 DONE
09/10/2025 12:46:04:	MOVE MOTOR REL	S18.axis2.phaseshifter 1	deg	0.1	FALSE DONE
09/10/2025 12:46:08:	18	count	time	30.0s/cts	O Det=6517	H Det=2228	Mon Det=92146	Aux Det=5117	O+H=13862	 DONE
09/10/2025 12:46:39:	MOVE MOTOR REL	S18.axis2.phaseshifter 1	deg	0.1	FALSE DONE
09/10/2025 12:46:43:	19	count	time	30.0s/cts	O Det=5515	H Det=2402	Mon Det=92230	Aux Det=6358	O+H=14275	 DONE
09/10/2025 12:47:15:	MOVE MOTOR REL	S18.axis2.phaseshifter 1	deg	0.1	FALSE DONE
09/10/2025 12:47:18:	20	count	time	30.0s/cts	O Det=4022	H Det=2463	Mon Det=92192	Aux Det=8667	O+H=15152	 DONE
09/10/2025 12:47:50:	MOVE MOTOR REL	S18.axis2.phaseshifter 1	deg	0.1	FALSE DONE
09/10/2025 12:47:54:	21	count	time	30.0s/cts	O Det=2650	H Det=2480	Mon Det=92507	Aux Det=11051	O+H=16181	 DONE
09/10/2025 12:48:25:	MOVE MOTOR REL	S18.axis2.phaseshifter 1	deg	0.1	FALSE DONE
09/10/2025 12:48:29:	22	count	time	30.0s/cts	O Det=2005	H Det=2372	Mon Det=92016	Aux Det=12583	O+H=16960	 DONE
09/10/2025 12:49:00:	close file and end scan	 DONE
call of ifg1MR_newPS_2p30s_p180.sc DONE
09/10/2025 12:49:01:	move motor	S18.auxiliary.Robot Z to 207413.00000um	reached 207408.00000  DONE
call of robot_Zout_doubleCd.sc DONE
09/10/2025 12:49:05:	move motor	S18.auxiliary.Robot rot big to 90.00000deg	reached 90.00000  DONE
09/10/2025 12:50:08:	move motor	S18.auxiliary.Robot Diagonal to 26000.00000um	reached 25999.79402  DONE
09/10/2025 12:50:32:	move motor	S18.auxiliary.Robot Z to 207413.00000um	reached 207427.00000  DONE
call of robot_Zout_doubleCd.sc DONE
09/10/2025 12:50:35:	move motor	S18.auxiliary.Robot rot big to 90.00000deg	reached 90.00000  DONE
09/10/2025 12:50:38:	move motor	S18.auxiliary.Robot Z to 292012.00000um	reached 292017.00000  DONE
call of robot_Zin_doubleCd.sc DONE
call of Block_path13_doubleCd.sc DONE
09/10/2025 12:50:46:	move motor	S18.auxiliary.Robot Diagonal to 25999.900000um	 DONE
09/10/2025 12:50:52:	create file	D:\data\Cycle 198\exp_3-16-19\rawdata\sc\int_meas_path213_09Oct1250.dat	 DONE
room to enter remarks DONE
09/10/2025 12:50:53:	move motor	S18.auxiliary.Robot Diagonal to 26000.000000um	 DONE
09/10/2025 12:50:59:	1	count	time	60.000000s/cts	O Det=1824	H Det=1929	Mon Det=184831	Aux Det=6217	O+H=9970	 DONE
09/10/2025 12:52:01:	move motor	S18.auxiliary.Robot Diagonal to 48000.000000um	 DONE
09/10/2025 12:52:16:	2	count	time	60.000000s/cts	O Det=1956	H Det=3169	Mon Det=184713	Aux Det=45	O+H=5170	 DONE
09/10/2025 12:53:18:	move motor	S18.auxiliary.Robot Diagonal to 70000.000000um	 DONE
09/10/2025 12:53:32:	3	count	time	60.000000s/cts	O Det=1758	H Det=1777	Mon Det=184235	Aux Det=11551	O+H=15086	 DONE
09/10/2025 12:54:34:	close file and end scan	 DONE
09/10/2025 12:54:35:	move motor	S18.auxiliary.Robot Z to 207413.00000um	reached 207426.00000  DONE
call of robot_Zout_doubleCd.sc DONE
call of int_meas_path213.sc DONE
09/10/2025 12:54:43:	END OF SCRIPT	 DONE
