23/10/2025 00:34:39:	start execution of script D:\data\Cycle 198\exp_3-16-19\rawdata\sc\ifg_wv2_psi_+1+1+1_no_fit.sc	 DONE
23/10/2025 00:34:40:	create file	D:\data\Cycle 198\exp_3-16-19\rawdata\sc\ifg_wv2_psi_+1+1+1_no_fit_23Oct0034.dat	 DONE
room to enter remarks DONE
23/10/2025 00:34:41:	MOVE MOTOR REL	S18.axis2.phaseshifter both	deg	-0.51751	FALSE DONE
23/10/2025 00:34:46:	1	count	time	30.0s/cts	O Det=1471	H Det=2334	Mon Det=73943	Aux Det=12235	O+H=16040	 DONE
23/10/2025 00:35:17:	MOVE MOTOR REL	S18.axis2.phaseshifter both	deg	0.06469	FALSE DONE
23/10/2025 00:35:22:	2	count	time	30.0s/cts	O Det=1715	H Det=2361	Mon Det=73490	Aux Det=11902	O+H=15978	 DONE
23/10/2025 00:35:54:	MOVE MOTOR REL	S18.axis2.phaseshifter both	deg	0.06469	FALSE DONE
23/10/2025 00:35:58:	3	count	time	30.0s/cts	O Det=2322	H Det=2209	Mon Det=73883	Aux Det=11032	O+H=15563	 DONE
23/10/2025 00:36:30:	MOVE MOTOR REL	S18.axis2.phaseshifter both	deg	0.06469	FALSE DONE
23/10/2025 00:36:34:	4	count	time	30.0s/cts	O Det=3154	H Det=2268	Mon Det=74417	Aux Det=10128	O+H=15550	 DONE
23/10/2025 00:37:06:	MOVE MOTOR REL	S18.axis2.phaseshifter both	deg	0.06469	FALSE DONE
23/10/2025 00:37:11:	5	count	time	30.0s/cts	O Det=4021	H Det=2229	Mon Det=73982	Aux Det=8484	O+H=14734	 DONE
23/10/2025 00:37:42:	MOVE MOTOR REL	S18.axis2.phaseshifter both	deg	0.06469	FALSE DONE
23/10/2025 00:37:47:	6	count	time	30.0s/cts	O Det=4844	H Det=2313	Mon Det=73275	Aux Det=7084	O+H=14241	 DONE
23/10/2025 00:38:18:	MOVE MOTOR REL	S18.axis2.phaseshifter both	deg	0.06469	FALSE DONE
23/10/2025 00:38:23:	7	count	time	30.0s/cts	O Det=5619	H Det=2154	Mon Det=73691	Aux Det=5876	O+H=13649	 DONE
23/10/2025 00:38:55:	MOVE MOTOR REL	S18.axis2.phaseshifter both	deg	0.06469	FALSE DONE
23/10/2025 00:38:59:	8	count	time	30.0s/cts	O Det=6121	H Det=2275	Mon Det=73740	Aux Det=5302	O+H=13698	 DONE
23/10/2025 00:39:31:	MOVE MOTOR REL	S18.axis2.phaseshifter both	deg	0.06469	FALSE DONE
23/10/2025 00:39:35:	9	count	time	30.0s/cts	O Det=6250	H Det=2246	Mon Det=73558	Aux Det=4893	O+H=13389	 DONE
23/10/2025 00:40:07:	MOVE MOTOR REL	S18.axis2.phaseshifter both	deg	0.06469	FALSE DONE
23/10/2025 00:40:12:	10	count	time	30.0s/cts	O Det=5728	H Det=2463	Mon Det=73769	Aux Det=5305	O+H=13496	 DONE
23/10/2025 00:40:43:	MOVE MOTOR REL	S18.axis2.phaseshifter both	deg	0.06469	FALSE DONE
23/10/2025 00:40:48:	11	count	time	30.0s/cts	O Det=5031	H Det=2375	Mon Det=73706	Aux Det=6281	O+H=13687	 DONE
23/10/2025 00:41:19:	MOVE MOTOR REL	S18.axis2.phaseshifter both	deg	0.06469	FALSE DONE
23/10/2025 00:41:24:	12	count	time	30.0s/cts	O Det=4378	H Det=2411	Mon Det=73697	Aux Det=7572	O+H=14361	 DONE
23/10/2025 00:41:56:	MOVE MOTOR REL	S18.axis2.phaseshifter both	deg	0.06469	FALSE DONE
23/10/2025 00:42:00:	13	count	time	30.0s/cts	O Det=3484	H Det=2344	Mon Det=73687	Aux Det=9285	O+H=15113	 DONE
23/10/2025 00:42:32:	MOVE MOTOR REL	S18.axis2.phaseshifter both	deg	0.06469	FALSE DONE
23/10/2025 00:42:36:	14	count	time	30.0s/cts	O Det=2609	H Det=2284	Mon Det=73629	Aux Det=10448	O+H=15341	 DONE
23/10/2025 00:43:08:	MOVE MOTOR REL	S18.axis2.phaseshifter both	deg	0.06469	FALSE DONE
23/10/2025 00:43:13:	15	count	time	30.0s/cts	O Det=1879	H Det=2319	Mon Det=73956	Aux Det=11618	O+H=15816	 DONE
23/10/2025 00:43:44:	MOVE MOTOR REL	S18.axis2.phaseshifter both	deg	0.06469	FALSE DONE
23/10/2025 00:43:49:	16	count	time	30.0s/cts	O Det=1497	H Det=2377	Mon Det=73480	Aux Det=12142	O+H=16016	 DONE
23/10/2025 00:44:20:	MOVE MOTOR REL	S18.axis2.phaseshifter both	deg	0.06469	FALSE DONE
23/10/2025 00:44:25:	17	count	time	30.0s/cts	O Det=1434	H Det=2347	Mon Det=73370	Aux Det=12265	O+H=16046	 DONE
23/10/2025 00:44:57:	MOVE MOTOR REL	S18.axis2.phaseshifter both	deg	0.06469	FALSE DONE
23/10/2025 00:45:01:	18	count	time	30.0s/cts	O Det=1839	H Det=2362	Mon Det=74124	Aux Det=11792	O+H=15993	 DONE
23/10/2025 00:45:33:	MOVE MOTOR REL	S18.axis2.phaseshifter both	deg	0.06469	FALSE DONE
23/10/2025 00:45:37:	19	count	time	30.0s/cts	O Det=2605	H Det=2353	Mon Det=73540	Aux Det=10577	O+H=15535	 DONE
23/10/2025 00:46:09:	MOVE MOTOR REL	S18.axis2.phaseshifter both	deg	0.06469	FALSE DONE
23/10/2025 00:46:14:	20	count	time	30.0s/cts	O Det=3584	H Det=2310	Mon Det=73786	Aux Det=9323	O+H=15217	 DONE
23/10/2025 00:46:45:	MOVE MOTOR REL	S18.axis2.phaseshifter both	deg	0.06469	FALSE DONE
23/10/2025 00:46:50:	21	count	time	30.0s/cts	O Det=4346	H Det=2402	Mon Det=74017	Aux Det=7813	O+H=14561	 DONE
23/10/2025 00:47:21:	MOVE MOTOR REL	S18.axis2.phaseshifter both	deg	0.06469	FALSE DONE
23/10/2025 00:47:26:	22	count	time	30.0s/cts	O Det=5079	H Det=2342	Mon Det=73986	Aux Det=6492	O+H=13913	 DONE
23/10/2025 00:47:58:	MOVE MOTOR REL	S18.axis2.phaseshifter both	deg	0.06469	FALSE DONE
23/10/2025 00:48:02:	23	count	time	30.0s/cts	O Det=5754	H Det=2438	Mon Det=73713	Aux Det=5254	O+H=13446	 DONE
23/10/2025 00:48:34:	MOVE MOTOR REL	S18.axis2.phaseshifter both	deg	0.06469	FALSE DONE
23/10/2025 00:48:38:	24	count	time	30.0s/cts	O Det=6141	H Det=2281	Mon Det=73865	Aux Det=5014	O+H=13436	 DONE
23/10/2025 00:49:10:	MOVE MOTOR REL	S18.axis2.phaseshifter both	deg	0.06469	FALSE DONE
23/10/2025 00:49:15:	25	count	time	30.0s/cts	O Det=5979	H Det=2228	Mon Det=73575	Aux Det=5160	O+H=13367	 DONE
23/10/2025 00:49:46:	MOVE MOTOR REL	S18.axis2.phaseshifter both	deg	0.06469	FALSE DONE
23/10/2025 00:49:51:	26	count	time	30.0s/cts	O Det=5656	H Det=2194	Mon Det=73947	Aux Det=5758	O+H=13608	 DONE
23/10/2025 00:50:22:	MOVE MOTOR REL	S18.axis2.phaseshifter both	deg	0.06469	FALSE DONE
23/10/2025 00:50:27:	27	count	time	30.0s/cts	O Det=5127	H Det=2111	Mon Det=73622	Aux Det=6918	O+H=14156	 DONE
23/10/2025 00:50:59:	MOVE MOTOR REL	S18.axis2.phaseshifter both	deg	0.06469	FALSE DONE
23/10/2025 00:51:03:	28	count	time	30.0s/cts	O Det=4260	H Det=2121	Mon Det=73597	Aux Det=8015	O+H=14396	 DONE
23/10/2025 00:51:35:	MOVE MOTOR REL	S18.axis2.phaseshifter both	deg	0.06469	FALSE DONE
23/10/2025 00:51:39:	29	count	time	30.0s/cts	O Det=3396	H Det=2199	Mon Det=73749	Aux Det=9310	O+H=14905	 DONE
23/10/2025 00:52:11:	MOVE MOTOR REL	S18.axis2.phaseshifter both	deg	0.06469	FALSE DONE
23/10/2025 00:52:16:	30	count	time	30.0s/cts	O Det=2495	H Det=2340	Mon Det=74124	Aux Det=10554	O+H=15389	 DONE
23/10/2025 00:52:47:	MOVE MOTOR REL	S18.axis2.phaseshifter both	deg	0.06469	FALSE DONE
23/10/2025 00:52:52:	31	count	time	30.0s/cts	O Det=1837	H Det=2338	Mon Det=73208	Aux Det=11484	O+H=15659	 DONE
23/10/2025 00:53:23:	MOVE MOTOR REL	S18.axis2.phaseshifter both	deg	0.06469	FALSE DONE
23/10/2025 00:53:28:	32	count	time	30.0s/cts	O Det=1530	H Det=2383	Mon Det=73144	Aux Det=12324	O+H=16237	 DONE
23/10/2025 00:54:00:	MOVE MOTOR REL	S18.axis2.phaseshifter both	deg	0.06469	FALSE DONE
23/10/2025 00:54:04:	33	count	time	30.0s/cts	O Det=1413	H Det=2370	Mon Det=73597	Aux Det=12306	O+H=16089	 DONE
23/10/2025 00:54:36:	MOVE MOTOR REL	S18.axis2.phaseshifter both	deg	0.06469	FALSE DONE
23/10/2025 00:54:40:	34	count	time	30.0s/cts	O Det=1778	H Det=2316	Mon Det=73761	Aux Det=11786	O+H=15880	 DONE
23/10/2025 00:55:12:	MOVE MOTOR REL	S18.axis2.phaseshifter both	deg	0.06469	FALSE DONE
23/10/2025 00:55:17:	35	count	time	30.0s/cts	O Det=2347	H Det=2416	Mon Det=73132	Aux Det=10905	O+H=15668	 DONE
23/10/2025 00:55:48:	MOVE MOTOR REL	S18.axis2.phaseshifter both	deg	0.06469	FALSE DONE
23/10/2025 00:55:53:	36	count	time	30.0s/cts	O Det=3184	H Det=2347	Mon Det=73426	Aux Det=9447	O+H=14978	 DONE
23/10/2025 00:56:24:	MOVE MOTOR REL	S18.axis2.phaseshifter both	deg	0.06469	FALSE DONE
23/10/2025 00:56:29:	37	count	time	30.0s/cts	O Det=4093	H Det=2331	Mon Det=74031	Aux Det=8284	O+H=14708	 DONE
23/10/2025 00:57:01:	MOVE MOTOR REL	S18.axis2.phaseshifter both	deg	0.06469	FALSE DONE
23/10/2025 00:57:05:	38	count	time	30.0s/cts	O Det=4961	H Det=2370	Mon Det=73581	Aux Det=6882	O+H=14213	 DONE
23/10/2025 00:57:37:	MOVE MOTOR REL	S18.axis2.phaseshifter both	deg	0.06469	FALSE DONE
23/10/2025 00:57:41:	39	count	time	30.0s/cts	O Det=5676	H Det=2241	Mon Det=74064	Aux Det=5496	O+H=13413	 DONE
23/10/2025 00:58:13:	MOVE MOTOR REL	S18.axis2.phaseshifter both	deg	0.06469	FALSE DONE
23/10/2025 00:58:18:	40	count	time	30.0s/cts	O Det=5932	H Det=2216	Mon Det=73671	Aux Det=5042	O+H=13190	 DONE
23/10/2025 00:58:49:	MOVE MOTOR REL	S18.axis2.phaseshifter both	deg	0.06469	FALSE DONE
23/10/2025 00:58:54:	41	count	time	30.0s/cts	O Det=6168	H Det=2249	Mon Det=73199	Aux Det=4838	O+H=13255	 DONE
23/10/2025 00:59:25:	MOVE MOTOR REL	S18.axis2.phaseshifter both	deg	0.06469	FALSE DONE
23/10/2025 00:59:30:	42	count	time	30.0s/cts	O Det=5790	H Det=2287	Mon Det=73842	Aux Det=5233	O+H=13310	 DONE
23/10/2025 01:00:02:	MOVE MOTOR REL	S18.axis2.phaseshifter both	deg	0.06469	FALSE DONE
23/10/2025 01:00:06:	43	count	time	30.0s/cts	O Det=4938	H Det=2485	Mon Det=73902	Aux Det=6250	O+H=13673	 DONE
23/10/2025 01:00:38:	MOVE MOTOR REL	S18.axis2.phaseshifter both	deg	0.06469	FALSE DONE
23/10/2025 01:00:42:	44	count	time	30.0s/cts	O Det=4135	H Det=2705	Mon Det=73489	Aux Det=7424	O+H=14264	 DONE
23/10/2025 01:01:14:	MOVE MOTOR REL	S18.axis2.phaseshifter both	deg	0.06469	FALSE DONE
23/10/2025 01:01:19:	45	count	time	30.0s/cts	O Det=3168	H Det=2732	Mon Det=73715	Aux Det=8741	O+H=14641	 DONE
23/10/2025 01:01:50:	MOVE MOTOR REL	S18.axis2.phaseshifter both	deg	0.06469	FALSE DONE
23/10/2025 01:01:55:	46	count	time	30.0s/cts	O Det=2530	H Det=2700	Mon Det=74245	Aux Det=10007	O+H=15237	 DONE
23/10/2025 01:02:27:	MOVE MOTOR REL	S18.axis2.phaseshifter both	deg	0.06469	FALSE DONE
23/10/2025 01:02:31:	47	count	time	30.0s/cts	O Det=1856	H Det=2634	Mon Det=73850	Aux Det=10939	O+H=15429	 DONE
23/10/2025 01:03:03:	MOVE MOTOR REL	S18.axis2.phaseshifter both	deg	0.06469	FALSE DONE
23/10/2025 01:03:07:	48	count	time	30.0s/cts	O Det=1382	H Det=2563	Mon Det=74044	Aux Det=12112	O+H=16057	 DONE
23/10/2025 01:03:39:	close file and end scan	 DONE
call of ifg12r_newPS_2p30s_no_fit.sc DONE
23/10/2025 01:03:40:	create file	D:\data\Cycle 198\exp_3-16-19\rawdata\sc\ifg_wv2_psi_+1+1+1_no_fit_23Oct0103.dat	 DONE
room to enter remarks DONE
23/10/2025 01:03:41:	close file and end scan	 DONE
call of int_meas_path213.sc DONE
23/10/2025 01:03:42:	END OF SCRIPT	 DONE
