24/10/2025 21:46:08:	start execution of script D:\data\Cycle 198\exp_3-16-19\rawdata\sc\Prep_psi_+1+exp(-i60)+exp(i120)_wv2.sc	 DONE
24/10/2025 21:46:08:	move motor	S18.auxiliary.Robot Z to 240418.00000um	reached 240432.00000  DONE
call of robot_Zout_doubleCd.sc DONE
24/10/2025 21:46:11:	move motor	S18.axis2.phaseshifter 1 to 0.00000deg	reached 0.01099  DONE
24/10/2025 21:46:14:	move motor	S18.axis2.phaseshifter 2 to 0.00000deg	reached 0.00000  DONE
call of Move_PS12_parallel.sc DONE
24/10/2025 21:46:18:	move motor	S18.axis2.phaseshifter 1 to -0.400000deg	 DONE
24/10/2025 21:46:20:	create file	D:\data\Cycle 198\exp_3-16-19\rawdata\sc\Prep_psi_+1+exp(-i60)+exp(i120)_wv2_24Oct2146.dat	 DONE
room to enter remarks DONE
24/10/2025 21:46:21:	move motor	S18.axis2.phaseshifter 1 to -0.300000deg	 DONE
24/10/2025 21:46:22:	1	count	time	5.000000s/cts	O Det=509	H Det=313	Mon Det=12463	Aux Det=1718	O+H=2540	 DONE
24/10/2025 21:46:29:	move motor	S18.axis2.phaseshifter 1 to -0.200000deg	 DONE
24/10/2025 21:46:30:	2	count	time	5.000000s/cts	O Det=346	H Det=375	Mon Det=12320	Aux Det=1930	O+H=2651	 DONE
24/10/2025 21:46:37:	move motor	S18.axis2.phaseshifter 1 to -0.100000deg	 DONE
24/10/2025 21:46:38:	3	count	time	5.000000s/cts	O Det=255	H Det=450	Mon Det=12469	Aux Det=1902	O+H=2607	 DONE
24/10/2025 21:46:45:	move motor	S18.axis2.phaseshifter 1 to 0.000000deg	 DONE
24/10/2025 21:46:47:	4	count	time	5.000000s/cts	O Det=286	H Det=497	Mon Det=12334	Aux Det=1745	O+H=2528	 DONE
24/10/2025 21:46:53:	move motor	S18.axis2.phaseshifter 1 to 0.100000deg	 DONE
24/10/2025 21:46:55:	5	count	time	5.000000s/cts	O Det=406	H Det=523	Mon Det=12680	Aux Det=1502	O+H=2431	 DONE
24/10/2025 21:47:01:	move motor	S18.axis2.phaseshifter 1 to 0.200000deg	 DONE
24/10/2025 21:47:03:	6	count	time	5.000000s/cts	O Det=569	H Det=527	Mon Det=12591	Aux Det=1150	O+H=2246	 DONE
24/10/2025 21:47:10:	move motor	S18.axis2.phaseshifter 1 to 0.300000deg	 DONE
24/10/2025 21:47:11:	7	count	time	5.000000s/cts	O Det=709	H Det=542	Mon Det=12702	Aux Det=993	O+H=2244	 DONE
24/10/2025 21:47:18:	move motor	S18.axis2.phaseshifter 1 to 0.400000deg	 DONE
24/10/2025 21:47:19:	8	count	time	5.000000s/cts	O Det=827	H Det=520	Mon Det=12312	Aux Det=908	O+H=2255	 DONE
24/10/2025 21:47:26:	move motor	S18.axis2.phaseshifter 1 to 0.500000deg	 DONE
24/10/2025 21:47:28:	9	count	time	5.000000s/cts	O Det=803	H Det=442	Mon Det=12544	Aux Det=1083	O+H=2328	 DONE
24/10/2025 21:47:34:	move motor	S18.axis2.phaseshifter 1 to 0.600000deg	 DONE
24/10/2025 21:47:36:	10	count	time	5.000000s/cts	O Det=666	H Det=321	Mon Det=12573	Aux Det=1280	O+H=2267	 DONE
24/10/2025 21:47:42:	move motor	S18.axis2.phaseshifter 1 to 0.700000deg	 DONE
24/10/2025 21:47:44:	11	count	time	5.000000s/cts	O Det=512	H Det=343	Mon Det=12733	Aux Det=1641	O+H=2496	 DONE
24/10/2025 21:47:51:	move motor	S18.axis2.phaseshifter 1 to 0.800000deg	 DONE
24/10/2025 21:47:52:	12	count	time	5.000000s/cts	O Det=381	H Det=299	Mon Det=12463	Aux Det=1900	O+H=2580	 DONE
24/10/2025 21:47:59:	move motor	S18.axis2.phaseshifter 1 to 0.900000deg	 DONE
24/10/2025 21:48:00:	13	count	time	5.000000s/cts	O Det=304	H Det=409	Mon Det=12583	Aux Det=1976	O+H=2689	 DONE
24/10/2025 21:48:07:	move motor	S18.axis2.phaseshifter 1 to 1.000000deg	 DONE
24/10/2025 21:48:08:	14	count	time	5.000000s/cts	O Det=270	H Det=505	Mon Det=12442	Aux Det=1842	O+H=2617	 DONE
24/10/2025 21:48:15:	move motor	S18.axis2.phaseshifter 1 to 1.100000deg	 DONE
24/10/2025 21:48:17:	15	count	time	5.000000s/cts	O Det=356	H Det=541	Mon Det=12511	Aux Det=1553	O+H=2450	 DONE
24/10/2025 21:48:23:	move motor	S18.axis2.phaseshifter 1 to 1.200000deg	 DONE
24/10/2025 21:48:25:	16	count	time	5.000000s/cts	O Det=527	H Det=541	Mon Det=12586	Aux Det=1312	O+H=2380	 DONE
24/10/2025 21:48:31:	move motor	S18.axis2.phaseshifter 1 to 1.300000deg	 DONE
24/10/2025 21:48:33:	17	count	time	5.000000s/cts	O Det=705	H Det=519	Mon Det=12294	Aux Det=1029	O+H=2253	 DONE
24/10/2025 21:48:40:	move motor	S18.axis2.phaseshifter 1 to 1.400000deg	 DONE
24/10/2025 21:48:41:	18	count	time	5.000000s/cts	O Det=822	H Det=467	Mon Det=12451	Aux Det=968	O+H=2257	 DONE
24/10/2025 21:48:48:	move motor	S18.axis2.phaseshifter 1 to 1.500000deg	 DONE
24/10/2025 21:48:49:	19	count	time	5.000000s/cts	O Det=857	H Det=434	Mon Det=12561	Aux Det=959	O+H=2250	 DONE
24/10/2025 21:48:56:	move motor	S18.axis2.phaseshifter 1 to 1.600000deg	 DONE
24/10/2025 21:48:58:	20	count	time	5.000000s/cts	O Det=785	H Det=354	Mon Det=12432	Aux Det=1272	O+H=2411	 DONE
24/10/2025 21:49:04:	move motor	S18.axis2.phaseshifter 1 to 1.700000deg	 DONE
24/10/2025 21:49:06:	21	count	time	5.000000s/cts	O Det=613	H Det=279	Mon Det=12576	Aux Det=1490	O+H=2382	 DONE
24/10/2025 21:49:12:	close file and end scan	 DONE
call of ifg1_newPS_2p5s_AP_wv2.sc DONE
24/10/2025 21:49:13:	move motor	S18.axis2.phaseshifter 1 to fit AUX COS-180	0.369544reached 0.37354  DONE
24/10/2025 21:49:16:	move motor	S18.axis2.phaseshifter 2 to -0.100000deg	 DONE
24/10/2025 21:49:18:	create file	D:\data\Cycle 198\exp_3-16-19\rawdata\sc\Prep_psi_+1+exp(-i60)+exp(i120)_wv2_24Oct2149.dat	 DONE
room to enter remarks DONE
24/10/2025 21:49:19:	move motor	S18.axis2.phaseshifter 2 to 0.000000deg	 DONE
24/10/2025 21:49:20:	1	count	time	10.000000s/cts	O Det=1631	H Det=975	Mon Det=24935	Aux Det=1818	O+H=4424	 DONE
24/10/2025 21:49:32:	move motor	S18.axis2.phaseshifter 2 to 0.100000deg	 DONE
24/10/2025 21:49:34:	2	count	time	10.000000s/cts	O Det=1155	H Det=1336	Mon Det=24952	Aux Det=1856	O+H=4347	 DONE
24/10/2025 21:49:45:	move motor	S18.axis2.phaseshifter 2 to 0.200000deg	 DONE
24/10/2025 21:49:47:	3	count	time	10.000000s/cts	O Det=820	H Det=1622	Mon Det=24908	Aux Det=1781	O+H=4223	 DONE
24/10/2025 21:49:58:	move motor	S18.axis2.phaseshifter 2 to 0.300000deg	 DONE
24/10/2025 21:50:00:	4	count	time	10.000000s/cts	O Det=509	H Det=1894	Mon Det=25097	Aux Det=1818	O+H=4221	 DONE
24/10/2025 21:50:12:	move motor	S18.axis2.phaseshifter 2 to 0.400000deg	 DONE
24/10/2025 21:50:13:	5	count	time	10.000000s/cts	O Det=444	H Det=2025	Mon Det=25317	Aux Det=1807	O+H=4276	 DONE
24/10/2025 21:50:25:	move motor	S18.axis2.phaseshifter 2 to 0.500000deg	 DONE
24/10/2025 21:50:26:	6	count	time	10.000000s/cts	O Det=548	H Det=1912	Mon Det=25099	Aux Det=1888	O+H=4348	 DONE
24/10/2025 21:50:38:	move motor	S18.axis2.phaseshifter 2 to 0.600000deg	 DONE
24/10/2025 21:50:40:	7	count	time	10.000000s/cts	O Det=937	H Det=1585	Mon Det=25495	Aux Det=1799	O+H=4321	 DONE
24/10/2025 21:50:51:	move motor	S18.axis2.phaseshifter 2 to 0.700000deg	 DONE
24/10/2025 21:50:53:	8	count	time	10.000000s/cts	O Det=1385	H Det=1169	Mon Det=25103	Aux Det=1906	O+H=4460	 DONE
24/10/2025 21:51:04:	move motor	S18.axis2.phaseshifter 2 to 0.800000deg	 DONE
24/10/2025 21:51:06:	9	count	time	10.000000s/cts	O Det=1739	H Det=840	Mon Det=25339	Aux Det=1822	O+H=4401	 DONE
24/10/2025 21:51:18:	move motor	S18.axis2.phaseshifter 2 to 0.900000deg	 DONE
24/10/2025 21:51:19:	10	count	time	10.000000s/cts	O Det=1846	H Det=792	Mon Det=25287	Aux Det=1840	O+H=4478	 DONE
24/10/2025 21:51:31:	move motor	S18.axis2.phaseshifter 2 to 1.000000deg	 DONE
24/10/2025 21:51:32:	11	count	time	10.000000s/cts	O Det=1717	H Det=905	Mon Det=25255	Aux Det=1784	O+H=4406	 DONE
24/10/2025 21:51:44:	move motor	S18.axis2.phaseshifter 2 to 1.100000deg	 DONE
24/10/2025 21:51:46:	12	count	time	10.000000s/cts	O Det=1281	H Det=1264	Mon Det=25299	Aux Det=1858	O+H=4403	 DONE
24/10/2025 21:51:57:	move motor	S18.axis2.phaseshifter 2 to 1.200000deg	 DONE
24/10/2025 21:51:59:	13	count	time	10.000000s/cts	O Det=933	H Det=1568	Mon Det=25582	Aux Det=1911	O+H=4412	 DONE
24/10/2025 21:52:10:	move motor	S18.axis2.phaseshifter 2 to 1.300000deg	 DONE
24/10/2025 21:52:12:	14	count	time	10.000000s/cts	O Det=628	H Det=1898	Mon Det=25619	Aux Det=1779	O+H=4305	 DONE
24/10/2025 21:52:24:	move motor	S18.axis2.phaseshifter 2 to 1.400000deg	 DONE
24/10/2025 21:52:25:	15	count	time	10.000000s/cts	O Det=404	H Det=1910	Mon Det=24885	Aux Det=1863	O+H=4177	 DONE
24/10/2025 21:52:37:	move motor	S18.axis2.phaseshifter 2 to 1.500000deg	 DONE
24/10/2025 21:52:38:	16	count	time	10.000000s/cts	O Det=570	H Det=1819	Mon Det=25107	Aux Det=1921	O+H=4310	 DONE
24/10/2025 21:52:50:	move motor	S18.axis2.phaseshifter 2 to 1.600000deg	 DONE
24/10/2025 21:52:52:	17	count	time	10.000000s/cts	O Det=939	H Det=1554	Mon Det=24953	Aux Det=1812	O+H=4305	 DONE
24/10/2025 21:53:03:	move motor	S18.axis2.phaseshifter 2 to 1.700000deg	 DONE
24/10/2025 21:53:05:	18	count	time	10.000000s/cts	O Det=1364	H Det=1221	Mon Det=24936	Aux Det=1890	O+H=4475	 DONE
24/10/2025 21:53:16:	move motor	S18.axis2.phaseshifter 2 to 1.800000deg	 DONE
24/10/2025 21:53:18:	19	count	time	10.000000s/cts	O Det=1600	H Det=951	Mon Det=25004	Aux Det=1852	O+H=4403	 DONE
24/10/2025 21:53:30:	move motor	S18.axis2.phaseshifter 2 to 1.900000deg	 DONE
24/10/2025 21:53:31:	20	count	time	10.000000s/cts	O Det=1792	H Det=788	Mon Det=25214	Aux Det=1865	O+H=4445	 DONE
24/10/2025 21:53:43:	move motor	S18.axis2.phaseshifter 2 to 2.000000deg	 DONE
24/10/2025 21:53:44:	21	count	time	10.000000s/cts	O Det=1750	H Det=786	Mon Det=24749	Aux Det=1915	O+H=4451	 DONE
24/10/2025 21:53:56:	close file and end scan	 DONE
call of ifg2_newPS_2p10s_wv2.sc DONE
24/10/2025 21:53:57:	move motor	S18.axis2.phaseshifter 2 to fit O COS420	2.079214reached 2.06543  DONE
24/10/2025 21:54:00:	move motor	S18.axis2.phaseshifter 1 to -0.400000deg	 DONE
24/10/2025 21:54:01:	create file	D:\data\Cycle 198\exp_3-16-19\rawdata\sc\Prep_psi_+1+exp(-i60)+exp(i120)_wv2_24Oct2154.dat	 DONE
room to enter remarks DONE
24/10/2025 21:54:02:	move motor	S18.axis2.phaseshifter 1 to -0.300000deg	 DONE
24/10/2025 21:54:04:	1	count	time	5.000000s/cts	O Det=526	H Det=343	Mon Det=12517	Aux Det=1795	O+H=2664	 DONE
24/10/2025 21:54:11:	move motor	S18.axis2.phaseshifter 1 to -0.200000deg	 DONE
24/10/2025 21:54:12:	2	count	time	5.000000s/cts	O Det=335	H Det=378	Mon Det=12407	Aux Det=1918	O+H=2631	 DONE
24/10/2025 21:54:19:	move motor	S18.axis2.phaseshifter 1 to -0.100000deg	 DONE
24/10/2025 21:54:20:	3	count	time	5.000000s/cts	O Det=223	H Det=400	Mon Det=12320	Aux Det=1867	O+H=2490	 DONE
24/10/2025 21:54:27:	move motor	S18.axis2.phaseshifter 1 to 0.000000deg	 DONE
24/10/2025 21:54:28:	4	count	time	5.000000s/cts	O Det=280	H Det=462	Mon Det=12566	Aux Det=1714	O+H=2456	 DONE
24/10/2025 21:54:35:	move motor	S18.axis2.phaseshifter 1 to 0.100000deg	 DONE
24/10/2025 21:54:37:	5	count	time	5.000000s/cts	O Det=443	H Det=523	Mon Det=12340	Aux Det=1424	O+H=2390	 DONE
24/10/2025 21:54:43:	move motor	S18.axis2.phaseshifter 1 to 0.200000deg	 DONE
24/10/2025 21:54:45:	6	count	time	5.000000s/cts	O Det=493	H Det=645	Mon Det=12613	Aux Det=1143	O+H=2281	 DONE
24/10/2025 21:54:51:	move motor	S18.axis2.phaseshifter 1 to 0.300000deg	 DONE
24/10/2025 21:54:53:	7	count	time	5.000000s/cts	O Det=709	H Det=526	Mon Det=12448	Aux Det=943	O+H=2178	 DONE
24/10/2025 21:55:00:	move motor	S18.axis2.phaseshifter 1 to 0.400000deg	 DONE
24/10/2025 21:55:01:	8	count	time	5.000000s/cts	O Det=799	H Det=459	Mon Det=12355	Aux Det=887	O+H=2145	 DONE
24/10/2025 21:55:08:	move motor	S18.axis2.phaseshifter 1 to 0.500000deg	 DONE
24/10/2025 21:55:09:	9	count	time	5.000000s/cts	O Det=867	H Det=343	Mon Det=12478	Aux Det=1047	O+H=2257	 DONE
24/10/2025 21:55:16:	move motor	S18.axis2.phaseshifter 1 to 0.600000deg	 DONE
24/10/2025 21:55:18:	10	count	time	5.000000s/cts	O Det=696	H Det=361	Mon Det=12206	Aux Det=1359	O+H=2416	 DONE
24/10/2025 21:55:24:	move motor	S18.axis2.phaseshifter 1 to 0.700000deg	 DONE
24/10/2025 21:55:26:	11	count	time	5.000000s/cts	O Det=551	H Det=306	Mon Det=12549	Aux Det=1708	O+H=2565	 DONE
24/10/2025 21:55:32:	move motor	S18.axis2.phaseshifter 1 to 0.800000deg	 DONE
24/10/2025 21:55:34:	12	count	time	5.000000s/cts	O Det=398	H Det=345	Mon Det=12315	Aux Det=1895	O+H=2638	 DONE
24/10/2025 21:55:41:	move motor	S18.axis2.phaseshifter 1 to 0.900000deg	 DONE
24/10/2025 21:55:42:	13	count	time	5.000000s/cts	O Det=250	H Det=411	Mon Det=12287	Aux Det=1955	O+H=2616	 DONE
24/10/2025 21:55:49:	move motor	S18.axis2.phaseshifter 1 to 1.000000deg	 DONE
24/10/2025 21:55:50:	14	count	time	5.000000s/cts	O Det=256	H Det=528	Mon Det=12370	Aux Det=1841	O+H=2625	 DONE
24/10/2025 21:55:57:	move motor	S18.axis2.phaseshifter 1 to 1.100000deg	 DONE
24/10/2025 21:55:59:	15	count	time	5.000000s/cts	O Det=330	H Det=543	Mon Det=12493	Aux Det=1593	O+H=2466	 DONE
24/10/2025 21:56:05:	move motor	S18.axis2.phaseshifter 1 to 1.200000deg	 DONE
24/10/2025 21:56:07:	16	count	time	5.000000s/cts	O Det=484	H Det=592	Mon Det=12424	Aux Det=1261	O+H=2337	 DONE
24/10/2025 21:56:13:	move motor	S18.axis2.phaseshifter 1 to 1.300000deg	 DONE
24/10/2025 21:56:15:	17	count	time	5.000000s/cts	O Det=664	H Det=565	Mon Det=12302	Aux Det=1026	O+H=2255	 DONE
24/10/2025 21:56:22:	move motor	S18.axis2.phaseshifter 1 to 1.400000deg	 DONE
24/10/2025 21:56:23:	18	count	time	5.000000s/cts	O Det=784	H Det=541	Mon Det=12532	Aux Det=924	O+H=2249	 DONE
24/10/2025 21:56:30:	move motor	S18.axis2.phaseshifter 1 to 1.500000deg	 DONE
24/10/2025 21:56:31:	19	count	time	5.000000s/cts	O Det=819	H Det=433	Mon Det=12473	Aux Det=1000	O+H=2252	 DONE
24/10/2025 21:56:38:	move motor	S18.axis2.phaseshifter 1 to 1.600000deg	 DONE
24/10/2025 21:56:40:	20	count	time	5.000000s/cts	O Det=746	H Det=344	Mon Det=12313	Aux Det=1288	O+H=2378	 DONE
24/10/2025 21:56:46:	move motor	S18.axis2.phaseshifter 1 to 1.700000deg	 DONE
24/10/2025 21:56:48:	21	count	time	5.000000s/cts	O Det=592	H Det=318	Mon Det=12740	Aux Det=1576	O+H=2486	 DONE
24/10/2025 21:56:54:	close file and end scan	 DONE
call of ifg1_newPS_2p5s_AP_wv2.sc DONE
24/10/2025 21:56:55:	move motor	S18.axis2.phaseshifter 1 to fit AUX COS360	1.916316reached 1.91162  DONE
24/10/2025 21:56:58:	END OF SCRIPT	 DONE
