07/10/2025 22:33:03:	start execution of script D:\data\Cycle 198\exp_3-16-19\rawdata\sc\Prep_psi_000.sc	 DONE
07/10/2025 22:33:03:	move motor	S18.auxiliary.Robot Z to 207413.00000um	reached 207412.00000  DONE
call of robot_Zout_doubleCd.sc DONE
07/10/2025 22:33:06:	move motor	S18.axis2.phaseshifter 1 to -1.600000deg	 DONE
07/10/2025 22:33:08:	create file	D:\data\Cycle 198\exp_3-16-19\rawdata\sc\Prep_psi_000_07Oct2233.dat	 DONE
room to enter remarks DONE
07/10/2025 22:33:09:	move motor	S18.axis2.phaseshifter 1 to -1.500000deg	 DONE
07/10/2025 22:33:11:	1	count	time	10.000000s/cts	O Det=1110	H Det=729	Mon Det=30719	Aux Det=4043	O+H=5882	 DONE
07/10/2025 22:33:23:	move motor	S18.axis2.phaseshifter 1 to -1.400000deg	 DONE
07/10/2025 22:33:24:	2	count	time	10.000000s/cts	O Det=1311	H Det=1276	Mon Det=30814	Aux Det=3061	O+H=5648	 DONE
07/10/2025 22:33:36:	move motor	S18.axis2.phaseshifter 1 to -1.300000deg	 DONE
07/10/2025 22:33:37:	3	count	time	10.000000s/cts	O Det=1337	H Det=1755	Mon Det=30777	Aux Det=2042	O+H=5134	 DONE
07/10/2025 22:33:49:	move motor	S18.axis2.phaseshifter 1 to -1.200000deg	 DONE
07/10/2025 22:33:50:	4	count	time	10.000000s/cts	O Det=1107	H Det=2191	Mon Det=30897	Aux Det=1774	O+H=5072	 DONE
07/10/2025 22:34:02:	move motor	S18.axis2.phaseshifter 1 to -1.100000deg	 DONE
07/10/2025 22:34:04:	5	count	time	10.000000s/cts	O Det=785	H Det=2353	Mon Det=30942	Aux Det=1786	O+H=4924	 DONE
07/10/2025 22:34:15:	move motor	S18.axis2.phaseshifter 1 to -1.000000deg	 DONE
07/10/2025 22:34:17:	6	count	time	10.000000s/cts	O Det=499	H Det=2302	Mon Det=30685	Aux Det=2267	O+H=5068	 DONE
07/10/2025 22:34:28:	move motor	S18.axis2.phaseshifter 1 to -0.900000deg	 DONE
07/10/2025 22:34:30:	7	count	time	10.000000s/cts	O Det=291	H Det=1951	Mon Det=30686	Aux Det=3278	O+H=5520	 DONE
07/10/2025 22:34:42:	move motor	S18.axis2.phaseshifter 1 to -0.800000deg	 DONE
07/10/2025 22:34:43:	8	count	time	10.000000s/cts	O Det=287	H Det=1516	Mon Det=30625	Aux Det=4035	O+H=5838	 DONE
07/10/2025 22:34:55:	move motor	S18.axis2.phaseshifter 1 to -0.700000deg	 DONE
07/10/2025 22:34:56:	9	count	time	10.000000s/cts	O Det=473	H Det=1017	Mon Det=30655	Aux Det=4527	O+H=6017	 DONE
07/10/2025 22:35:08:	move motor	S18.axis2.phaseshifter 1 to -0.600000deg	 DONE
07/10/2025 22:35:10:	10	count	time	10.000000s/cts	O Det=772	H Det=734	Mon Det=30521	Aux Det=4585	O+H=6091	 DONE
07/10/2025 22:35:21:	move motor	S18.axis2.phaseshifter 1 to -0.500000deg	 DONE
07/10/2025 22:35:23:	11	count	time	10.000000s/cts	O Det=1119	H Det=696	Mon Det=30619	Aux Det=4058	O+H=5873	 DONE
07/10/2025 22:35:34:	move motor	S18.axis2.phaseshifter 1 to -0.400000deg	 DONE
07/10/2025 22:35:36:	12	count	time	10.000000s/cts	O Det=1246	H Det=1047	Mon Det=30705	Aux Det=3211	O+H=5504	 DONE
07/10/2025 22:35:48:	move motor	S18.axis2.phaseshifter 1 to -0.300000deg	 DONE
07/10/2025 22:35:49:	13	count	time	10.000000s/cts	O Det=1334	H Det=1595	Mon Det=30711	Aux Det=2313	O+H=5242	 DONE
07/10/2025 22:36:01:	move motor	S18.axis2.phaseshifter 1 to -0.200000deg	 DONE
07/10/2025 22:36:02:	14	count	time	10.000000s/cts	O Det=1217	H Det=1969	Mon Det=30704	Aux Det=1824	O+H=5010	 DONE
07/10/2025 22:36:14:	move motor	S18.axis2.phaseshifter 1 to -0.100000deg	 DONE
07/10/2025 22:36:16:	15	count	time	10.000000s/cts	O Det=960	H Det=2246	Mon Det=30557	Aux Det=1787	O+H=4993	 DONE
07/10/2025 22:36:27:	move motor	S18.axis2.phaseshifter 1 to 0.000000deg	 DONE
07/10/2025 22:36:29:	16	count	time	10.000000s/cts	O Det=527	H Det=2354	Mon Det=30631	Aux Det=2158	O+H=5039	 DONE
07/10/2025 22:36:40:	move motor	S18.axis2.phaseshifter 1 to 0.100000deg	 DONE
07/10/2025 22:36:42:	17	count	time	10.000000s/cts	O Det=319	H Det=2201	Mon Det=30811	Aux Det=2905	O+H=5425	 DONE
07/10/2025 22:36:54:	move motor	S18.axis2.phaseshifter 1 to 0.200000deg	 DONE
07/10/2025 22:36:55:	18	count	time	10.000000s/cts	O Det=266	H Det=1695	Mon Det=30681	Aux Det=3739	O+H=5700	 DONE
07/10/2025 22:37:07:	move motor	S18.axis2.phaseshifter 1 to 0.300000deg	 DONE
07/10/2025 22:37:08:	19	count	time	10.000000s/cts	O Det=397	H Det=1212	Mon Det=30824	Aux Det=4441	O+H=6050	 DONE
07/10/2025 22:37:20:	move motor	S18.axis2.phaseshifter 1 to 0.400000deg	 DONE
07/10/2025 22:37:22:	20	count	time	10.000000s/cts	O Det=677	H Det=763	Mon Det=30807	Aux Det=4764	O+H=6204	 DONE
07/10/2025 22:37:33:	move motor	S18.axis2.phaseshifter 1 to 0.500000deg	 DONE
07/10/2025 22:37:35:	21	count	time	10.000000s/cts	O Det=979	H Det=711	Mon Det=30468	Aux Det=4208	O+H=5898	 DONE
07/10/2025 22:37:46:	close file and end scan	 DONE
call of ifg1_newPS_2p10s_AP.sc DONE
07/10/2025 22:37:47:	move motor	S18.axis2.phaseshifter 1 to fit AUX COS180	-0.137268reached -0.12085  DONE
call of Move_newPS1_ph0_12.sc DONE
07/10/2025 22:37:51:	move motor	S18.axis2.phaseshifter 2 to -1.100000deg	 DONE
07/10/2025 22:37:53:	create file	D:\data\Cycle 198\exp_3-16-19\rawdata\sc\Prep_psi_000_07Oct2237.dat	 DONE
room to enter remarks DONE
07/10/2025 22:37:54:	move motor	S18.axis2.phaseshifter 2 to -1.000000deg	 DONE
07/10/2025 22:37:55:	1	count	time	10.000000s/cts	O Det=1134	H Det=1999	Mon Det=30800	Aux Det=1687	O+H=4820	 DONE
07/10/2025 22:38:07:	move motor	S18.axis2.phaseshifter 2 to -0.900000deg	 DONE
07/10/2025 22:38:08:	2	count	time	10.000000s/cts	O Det=1774	H Det=1502	Mon Det=30548	Aux Det=1708	O+H=4984	 DONE
07/10/2025 22:38:20:	move motor	S18.axis2.phaseshifter 2 to -0.800000deg	 DONE
07/10/2025 22:38:22:	3	count	time	10.000000s/cts	O Det=2354	H Det=1042	Mon Det=30364	Aux Det=1750	O+H=5146	 DONE
07/10/2025 22:38:33:	move motor	S18.axis2.phaseshifter 2 to -0.700000deg	 DONE
07/10/2025 22:38:35:	4	count	time	10.000000s/cts	O Det=2604	H Det=775	Mon Det=30444	Aux Det=1759	O+H=5138	 DONE
07/10/2025 22:38:46:	move motor	S18.axis2.phaseshifter 2 to -0.600000deg	 DONE
07/10/2025 22:38:48:	5	count	time	10.000000s/cts	O Det=2421	H Det=916	Mon Det=30618	Aux Det=1728	O+H=5065	 DONE
07/10/2025 22:39:00:	move motor	S18.axis2.phaseshifter 2 to -0.500000deg	 DONE
07/10/2025 22:39:01:	6	count	time	10.000000s/cts	O Det=1887	H Det=1356	Mon Det=30663	Aux Det=1676	O+H=4919	 DONE
07/10/2025 22:39:13:	move motor	S18.axis2.phaseshifter 2 to -0.400000deg	 DONE
07/10/2025 22:39:14:	7	count	time	10.000000s/cts	O Det=1278	H Det=1986	Mon Det=30603	Aux Det=1721	O+H=4985	 DONE
07/10/2025 22:39:26:	move motor	S18.axis2.phaseshifter 2 to -0.300000deg	 DONE
07/10/2025 22:39:28:	8	count	time	10.000000s/cts	O Det=665	H Det=2429	Mon Det=30270	Aux Det=1614	O+H=4708	 DONE
07/10/2025 22:39:39:	move motor	S18.axis2.phaseshifter 2 to -0.200000deg	 DONE
07/10/2025 22:39:41:	9	count	time	10.000000s/cts	O Det=389	H Det=2730	Mon Det=30701	Aux Det=1694	O+H=4813	 DONE
07/10/2025 22:39:52:	move motor	S18.axis2.phaseshifter 2 to -0.100000deg	 DONE
07/10/2025 22:39:54:	10	count	time	10.000000s/cts	O Det=584	H Det=2641	Mon Det=30791	Aux Det=1771	O+H=4996	 DONE
07/10/2025 22:40:06:	move motor	S18.axis2.phaseshifter 2 to 0.000000deg	 DONE
07/10/2025 22:40:07:	11	count	time	10.000000s/cts	O Det=1032	H Det=2123	Mon Det=30459	Aux Det=1676	O+H=4831	 DONE
07/10/2025 22:40:19:	move motor	S18.axis2.phaseshifter 2 to 0.100000deg	 DONE
07/10/2025 22:40:20:	12	count	time	10.000000s/cts	O Det=1580	H Det=1603	Mon Det=30373	Aux Det=1700	O+H=4883	 DONE
07/10/2025 22:40:32:	move motor	S18.axis2.phaseshifter 2 to 0.200000deg	 DONE
07/10/2025 22:40:33:	13	count	time	10.000000s/cts	O Det=2228	H Det=1177	Mon Det=30794	Aux Det=1775	O+H=5180	 DONE
07/10/2025 22:40:45:	move motor	S18.axis2.phaseshifter 2 to 0.300000deg	 DONE
07/10/2025 22:40:47:	14	count	time	10.000000s/cts	O Det=2493	H Det=842	Mon Det=30715	Aux Det=1768	O+H=5103	 DONE
07/10/2025 22:40:58:	move motor	S18.axis2.phaseshifter 2 to 0.400000deg	 DONE
07/10/2025 22:41:00:	15	count	time	10.000000s/cts	O Det=2571	H Det=842	Mon Det=30585	Aux Det=1758	O+H=5171	 DONE
07/10/2025 22:41:11:	move motor	S18.axis2.phaseshifter 2 to 0.500000deg	 DONE
07/10/2025 22:41:13:	16	count	time	10.000000s/cts	O Det=2243	H Det=1167	Mon Det=30475	Aux Det=1686	O+H=5096	 DONE
07/10/2025 22:41:25:	move motor	S18.axis2.phaseshifter 2 to 0.600000deg	 DONE
07/10/2025 22:41:26:	17	count	time	10.000000s/cts	O Det=1582	H Det=1758	Mon Det=30570	Aux Det=1693	O+H=5033	 DONE
07/10/2025 22:41:38:	move motor	S18.axis2.phaseshifter 2 to 0.700000deg	 DONE
07/10/2025 22:41:39:	18	count	time	10.000000s/cts	O Det=919	H Det=2255	Mon Det=30516	Aux Det=1726	O+H=4900	 DONE
07/10/2025 22:41:51:	move motor	S18.axis2.phaseshifter 2 to 0.800000deg	 DONE
07/10/2025 22:41:53:	19	count	time	10.000000s/cts	O Det=451	H Det=2622	Mon Det=30463	Aux Det=1743	O+H=4816	 DONE
07/10/2025 22:42:04:	move motor	S18.axis2.phaseshifter 2 to 0.900000deg	 DONE
07/10/2025 22:42:06:	20	count	time	10.000000s/cts	O Det=432	H Det=2703	Mon Det=30953	Aux Det=1729	O+H=4864	 DONE
07/10/2025 22:42:17:	move motor	S18.axis2.phaseshifter 2 to 1.000000deg	 DONE
07/10/2025 22:42:19:	21	count	time	10.000000s/cts	O Det=763	H Det=2342	Mon Det=30573	Aux Det=1714	O+H=4819	 DONE
07/10/2025 22:42:31:	close file and end scan	 DONE
call of ifg2_newPS_2p10s_AP.sc DONE
07/10/2025 22:42:32:	move motor	S18.axis2.phaseshifter 2 to fit O COS0	-0.694854reached -0.69214  DONE
07/10/2025 22:42:35:	END OF SCRIPT	 DONE
