23/10/2025 21:09:26:	start execution of script D:\data\Cycle 198\exp_3-16-19\rawdata\sc\Prep_psi_+exp(-i60)+1+exp(i120)_In.sc	 DONE
23/10/2025 21:09:26:	move motor	S18.axis2.phaseshifter 1 to 0.00000deg	reached 0.00000  DONE
23/10/2025 21:09:29:	move motor	S18.axis2.phaseshifter 2 to 0.00000deg	reached 0.00000  DONE
call of Move_PS12_parallel.sc DONE
23/10/2025 21:09:33:	move motor	S18.axis2.phaseshifter 1 to -1.400000deg	 DONE
23/10/2025 21:09:35:	create file	D:\data\Cycle 198\exp_3-16-19\rawdata\sc\Prep_psi_+exp(-i60)+1+exp(i120)_In_23Oct2109.dat	 DONE
room to enter remarks DONE
23/10/2025 21:09:36:	move motor	S18.axis2.phaseshifter 1 to -1.300000deg	 DONE
23/10/2025 21:09:37:	1	count	time	5.000000s/cts	O Det=717	H Det=495	Mon Det=12678	Aux Det=928	O+H=2140	 DONE
23/10/2025 21:09:44:	move motor	S18.axis2.phaseshifter 1 to -1.200000deg	 DONE
23/10/2025 21:09:45:	2	count	time	5.000000s/cts	O Det=797	H Det=428	Mon Det=12454	Aux Det=866	O+H=2091	 DONE
23/10/2025 21:09:52:	move motor	S18.axis2.phaseshifter 1 to -1.100000deg	 DONE
23/10/2025 21:09:54:	3	count	time	5.000000s/cts	O Det=847	H Det=375	Mon Det=12646	Aux Det=900	O+H=2122	 DONE
23/10/2025 21:10:00:	move motor	S18.axis2.phaseshifter 1 to -1.000000deg	 DONE
23/10/2025 21:10:02:	4	count	time	5.000000s/cts	O Det=790	H Det=358	Mon Det=12532	Aux Det=1036	O+H=2184	 DONE
23/10/2025 21:10:09:	move motor	S18.axis2.phaseshifter 1 to -0.900000deg	 DONE
23/10/2025 21:10:10:	5	count	time	5.000000s/cts	O Det=623	H Det=323	Mon Det=12570	Aux Det=1358	O+H=2304	 DONE
23/10/2025 21:10:17:	move motor	S18.axis2.phaseshifter 1 to -0.800000deg	 DONE
23/10/2025 21:10:18:	6	count	time	5.000000s/cts	O Det=422	H Det=338	Mon Det=12531	Aux Det=1707	O+H=2467	 DONE
23/10/2025 21:10:25:	move motor	S18.axis2.phaseshifter 1 to -0.700000deg	 DONE
23/10/2025 21:10:26:	7	count	time	5.000000s/cts	O Det=311	H Det=385	Mon Det=12338	Aux Det=1823	O+H=2519	 DONE
23/10/2025 21:10:33:	move motor	S18.axis2.phaseshifter 1 to -0.600000deg	 DONE
23/10/2025 21:10:35:	8	count	time	5.000000s/cts	O Det=282	H Det=416	Mon Det=12448	Aux Det=1768	O+H=2466	 DONE
23/10/2025 21:10:41:	move motor	S18.axis2.phaseshifter 1 to -0.500000deg	 DONE
23/10/2025 21:10:43:	9	count	time	5.000000s/cts	O Det=353	H Det=405	Mon Det=12380	Aux Det=1535	O+H=2293	 DONE
23/10/2025 21:10:50:	move motor	S18.axis2.phaseshifter 1 to -0.400000deg	 DONE
23/10/2025 21:10:51:	10	count	time	5.000000s/cts	O Det=502	H Det=451	Mon Det=12295	Aux Det=1323	O+H=2276	 DONE
23/10/2025 21:10:58:	move motor	S18.axis2.phaseshifter 1 to -0.300000deg	 DONE
23/10/2025 21:10:59:	11	count	time	5.000000s/cts	O Det=696	H Det=418	Mon Det=12488	Aux Det=1015	O+H=2129	 DONE
23/10/2025 21:11:06:	move motor	S18.axis2.phaseshifter 1 to -0.200000deg	 DONE
23/10/2025 21:11:07:	12	count	time	5.000000s/cts	O Det=864	H Det=435	Mon Det=12367	Aux Det=813	O+H=2112	 DONE
23/10/2025 21:11:14:	move motor	S18.axis2.phaseshifter 1 to -0.100000deg	 DONE
23/10/2025 21:11:16:	13	count	time	5.000000s/cts	O Det=892	H Det=383	Mon Det=12276	Aux Det=850	O+H=2125	 DONE
23/10/2025 21:11:22:	move motor	S18.axis2.phaseshifter 1 to 0.000000deg	 DONE
23/10/2025 21:11:24:	14	count	time	5.000000s/cts	O Det=810	H Det=406	Mon Det=12567	Aux Det=936	O+H=2152	 DONE
23/10/2025 21:11:30:	move motor	S18.axis2.phaseshifter 1 to 0.100000deg	 DONE
23/10/2025 21:11:32:	15	count	time	5.000000s/cts	O Det=699	H Det=322	Mon Det=12356	Aux Det=1271	O+H=2292	 DONE
23/10/2025 21:11:39:	move motor	S18.axis2.phaseshifter 1 to 0.200000deg	 DONE
23/10/2025 21:11:40:	16	count	time	5.000000s/cts	O Det=511	H Det=298	Mon Det=12504	Aux Det=1550	O+H=2359	 DONE
23/10/2025 21:11:47:	move motor	S18.axis2.phaseshifter 1 to 0.300000deg	 DONE
23/10/2025 21:11:48:	17	count	time	5.000000s/cts	O Det=355	H Det=323	Mon Det=12613	Aux Det=1754	O+H=2432	 DONE
23/10/2025 21:11:55:	move motor	S18.axis2.phaseshifter 1 to 0.400000deg	 DONE
23/10/2025 21:11:56:	18	count	time	5.000000s/cts	O Det=289	H Det=373	Mon Det=12521	Aux Det=1811	O+H=2473	 DONE
23/10/2025 21:12:03:	move motor	S18.axis2.phaseshifter 1 to 0.500000deg	 DONE
23/10/2025 21:12:05:	19	count	time	5.000000s/cts	O Det=319	H Det=398	Mon Det=12341	Aux Det=1609	O+H=2326	 DONE
23/10/2025 21:12:11:	move motor	S18.axis2.phaseshifter 1 to 0.600000deg	 DONE
23/10/2025 21:12:13:	20	count	time	5.000000s/cts	O Det=443	H Det=423	Mon Det=12431	Aux Det=1403	O+H=2269	 DONE
23/10/2025 21:12:20:	move motor	S18.axis2.phaseshifter 1 to 0.700000deg	 DONE
23/10/2025 21:12:21:	21	count	time	5.000000s/cts	O Det=624	H Det=437	Mon Det=12425	Aux Det=1120	O+H=2181	 DONE
23/10/2025 21:12:28:	close file and end scan	 DONE
call of ifg1_newPS_2p5s_AP.sc DONE
23/10/2025 21:12:29:	move motor	S18.axis2.phaseshifter 1 to fit AUX COS-180	-1.180837reached -1.16455  DONE
23/10/2025 21:12:32:	move motor	S18.axis2.phaseshifter 2 to -1.850000deg	 DONE
23/10/2025 21:12:34:	create file	D:\data\Cycle 198\exp_3-16-19\rawdata\sc\Prep_psi_+exp(-i60)+1+exp(i120)_In_23Oct2112.dat	 DONE
room to enter remarks DONE
23/10/2025 21:12:35:	move motor	S18.axis2.phaseshifter 2 to -1.750000deg	 DONE
23/10/2025 21:12:37:	1	count	time	10.000000s/cts	O Det=566	H Det=1741	Mon Det=24534	Aux Det=1662	O+H=3969	 DONE
23/10/2025 21:12:48:	move motor	S18.axis2.phaseshifter 2 to -1.650000deg	 DONE
23/10/2025 21:12:50:	2	count	time	10.000000s/cts	O Det=496	H Det=1891	Mon Det=25156	Aux Det=1717	O+H=4104	 DONE
23/10/2025 21:13:01:	move motor	S18.axis2.phaseshifter 2 to -1.550000deg	 DONE
23/10/2025 21:13:03:	3	count	time	10.000000s/cts	O Det=476	H Det=1991	Mon Det=24777	Aux Det=1657	O+H=4124	 DONE
23/10/2025 21:13:15:	move motor	S18.axis2.phaseshifter 2 to -1.450000deg	 DONE
23/10/2025 21:13:16:	4	count	time	10.000000s/cts	O Det=861	H Det=1577	Mon Det=24869	Aux Det=1535	O+H=3973	 DONE
23/10/2025 21:13:28:	move motor	S18.axis2.phaseshifter 2 to -1.350000deg	 DONE
23/10/2025 21:13:29:	5	count	time	10.000000s/cts	O Det=1214	H Det=1298	Mon Det=24546	Aux Det=1593	O+H=4105	 DONE
23/10/2025 21:13:41:	move motor	S18.axis2.phaseshifter 2 to -1.250000deg	 DONE
23/10/2025 21:13:42:	6	count	time	10.000000s/cts	O Det=1636	H Det=932	Mon Det=24719	Aux Det=1665	O+H=4233	 DONE
23/10/2025 21:13:54:	move motor	S18.axis2.phaseshifter 2 to -1.150000deg	 DONE
23/10/2025 21:13:56:	7	count	time	10.000000s/cts	O Det=1795	H Det=706	Mon Det=24792	Aux Det=1555	O+H=4056	 DONE
23/10/2025 21:14:07:	move motor	S18.axis2.phaseshifter 2 to -1.050000deg	 DONE
23/10/2025 21:14:09:	8	count	time	10.000000s/cts	O Det=1751	H Det=755	Mon Det=24844	Aux Det=1708	O+H=4214	 DONE
23/10/2025 21:14:20:	move motor	S18.axis2.phaseshifter 2 to -0.950000deg	 DONE
23/10/2025 21:14:22:	9	count	time	10.000000s/cts	O Det=1495	H Det=1017	Mon Det=25000	Aux Det=1640	O+H=4152	 DONE
23/10/2025 21:14:34:	move motor	S18.axis2.phaseshifter 2 to -0.850000deg	 DONE
23/10/2025 21:14:35:	10	count	time	10.000000s/cts	O Det=1060	H Det=1327	Mon Det=24806	Aux Det=1657	O+H=4044	 DONE
23/10/2025 21:14:47:	move motor	S18.axis2.phaseshifter 2 to -0.750000deg	 DONE
23/10/2025 21:14:48:	11	count	time	10.000000s/cts	O Det=731	H Det=1754	Mon Det=24996	Aux Det=1650	O+H=4135	 DONE
23/10/2025 21:15:00:	move motor	S18.axis2.phaseshifter 2 to -0.650000deg	 DONE
23/10/2025 21:15:01:	12	count	time	10.000000s/cts	O Det=453	H Det=1784	Mon Det=24901	Aux Det=1788	O+H=4025	 DONE
23/10/2025 21:15:13:	move motor	S18.axis2.phaseshifter 2 to -0.550000deg	 DONE
23/10/2025 21:15:15:	13	count	time	10.000000s/cts	O Det=500	H Det=1937	Mon Det=25100	Aux Det=1636	O+H=4073	 DONE
23/10/2025 21:15:26:	move motor	S18.axis2.phaseshifter 2 to -0.450000deg	 DONE
23/10/2025 21:15:28:	14	count	time	10.000000s/cts	O Det=861	H Det=1548	Mon Det=24952	Aux Det=1800	O+H=4209	 DONE
23/10/2025 21:15:40:	move motor	S18.axis2.phaseshifter 2 to -0.350000deg	 DONE
23/10/2025 21:15:41:	15	count	time	10.000000s/cts	O Det=1074	H Det=1338	Mon Det=25023	Aux Det=1759	O+H=4171	 DONE
23/10/2025 21:15:53:	move motor	S18.axis2.phaseshifter 2 to -0.250000deg	 DONE
23/10/2025 21:15:54:	16	count	time	10.000000s/cts	O Det=1400	H Det=1067	Mon Det=24688	Aux Det=1636	O+H=4103	 DONE
23/10/2025 21:16:06:	move motor	S18.axis2.phaseshifter 2 to -0.150000deg	 DONE
23/10/2025 21:16:07:	17	count	time	10.000000s/cts	O Det=1761	H Det=773	Mon Det=24995	Aux Det=1688	O+H=4222	 DONE
23/10/2025 21:16:19:	move motor	S18.axis2.phaseshifter 2 to -0.050000deg	 DONE
23/10/2025 21:16:21:	18	count	time	10.000000s/cts	O Det=1867	H Det=678	Mon Det=25106	Aux Det=1595	O+H=4140	 DONE
23/10/2025 21:16:32:	move motor	S18.axis2.phaseshifter 2 to 0.050000deg	 DONE
23/10/2025 21:16:34:	19	count	time	10.000000s/cts	O Det=1590	H Det=912	Mon Det=24839	Aux Det=1736	O+H=4238	 DONE
23/10/2025 21:16:46:	move motor	S18.axis2.phaseshifter 2 to 0.150000deg	 DONE
23/10/2025 21:16:47:	20	count	time	10.000000s/cts	O Det=1270	H Det=1204	Mon Det=24767	Aux Det=1644	O+H=4118	 DONE
23/10/2025 21:16:59:	move motor	S18.axis2.phaseshifter 2 to 0.250000deg	 DONE
23/10/2025 21:17:00:	21	count	time	10.000000s/cts	O Det=822	H Det=1577	Mon Det=24861	Aux Det=1615	O+H=4014	 DONE
23/10/2025 21:17:12:	close file and end scan	 DONE
call of ifg2_newPS_2p10s_AP.sc DONE
23/10/2025 21:17:13:	move motor	S18.axis2.phaseshifter 2 to fit O COS300	-0.259999reached -0.26367  DONE
23/10/2025 21:17:16:	move motor	S18.axis2.phaseshifter 1 to -1.400000deg	 DONE
23/10/2025 21:17:17:	create file	D:\data\Cycle 198\exp_3-16-19\rawdata\sc\Prep_psi_+exp(-i60)+1+exp(i120)_In_23Oct2117.dat	 DONE
room to enter remarks DONE
23/10/2025 21:17:18:	move motor	S18.axis2.phaseshifter 1 to -1.300000deg	 DONE
23/10/2025 21:17:20:	1	count	time	5.000000s/cts	O Det=756	H Det=396	Mon Det=12463	Aux Det=925	O+H=2077	 DONE
23/10/2025 21:17:27:	move motor	S18.axis2.phaseshifter 1 to -1.200000deg	 DONE
23/10/2025 21:17:28:	2	count	time	5.000000s/cts	O Det=707	H Det=516	Mon Det=12434	Aux Det=866	O+H=2089	 DONE
23/10/2025 21:17:35:	move motor	S18.axis2.phaseshifter 1 to -1.100000deg	 DONE
23/10/2025 21:17:36:	3	count	time	5.000000s/cts	O Det=672	H Det=517	Mon Det=12485	Aux Det=874	O+H=2063	 DONE
23/10/2025 21:17:43:	move motor	S18.axis2.phaseshifter 1 to -1.000000deg	 DONE
23/10/2025 21:17:44:	4	count	time	5.000000s/cts	O Det=490	H Det=542	Mon Det=12550	Aux Det=1058	O+H=2090	 DONE
23/10/2025 21:17:51:	move motor	S18.axis2.phaseshifter 1 to -0.900000deg	 DONE
23/10/2025 21:17:53:	5	count	time	5.000000s/cts	O Det=404	H Det=558	Mon Det=12503	Aux Det=1343	O+H=2305	 DONE
23/10/2025 21:17:59:	move motor	S18.axis2.phaseshifter 1 to -0.800000deg	 DONE
23/10/2025 21:18:01:	6	count	time	5.000000s/cts	O Det=254	H Det=513	Mon Det=12615	Aux Det=1687	O+H=2454	 DONE
23/10/2025 21:18:08:	move motor	S18.axis2.phaseshifter 1 to -0.700000deg	 DONE
23/10/2025 21:18:09:	7	count	time	5.000000s/cts	O Det=217	H Det=450	Mon Det=12393	Aux Det=1832	O+H=2499	 DONE
23/10/2025 21:18:16:	move motor	S18.axis2.phaseshifter 1 to -0.600000deg	 DONE
23/10/2025 21:18:17:	8	count	time	5.000000s/cts	O Det=331	H Det=374	Mon Det=12419	Aux Det=1788	O+H=2493	 DONE
23/10/2025 21:18:24:	move motor	S18.axis2.phaseshifter 1 to -0.500000deg	 DONE
23/10/2025 21:18:25:	9	count	time	5.000000s/cts	O Det=451	H Det=298	Mon Det=12514	Aux Det=1584	O+H=2333	 DONE
23/10/2025 21:18:32:	move motor	S18.axis2.phaseshifter 1 to -0.400000deg	 DONE
23/10/2025 21:18:34:	10	count	time	5.000000s/cts	O Det=636	H Det=337	Mon Det=12522	Aux Det=1290	O+H=2263	 DONE
23/10/2025 21:18:40:	move motor	S18.axis2.phaseshifter 1 to -0.300000deg	 DONE
23/10/2025 21:18:42:	11	count	time	5.000000s/cts	O Det=716	H Det=392	Mon Det=12552	Aux Det=1027	O+H=2135	 DONE
23/10/2025 21:18:48:	move motor	S18.axis2.phaseshifter 1 to -0.200000deg	 DONE
23/10/2025 21:18:50:	12	count	time	5.000000s/cts	O Det=743	H Det=477	Mon Det=12344	Aux Det=824	O+H=2044	 DONE
23/10/2025 21:18:57:	move motor	S18.axis2.phaseshifter 1 to -0.100000deg	 DONE
23/10/2025 21:18:58:	13	count	time	5.000000s/cts	O Det=679	H Det=519	Mon Det=12475	Aux Det=863	O+H=2061	 DONE
23/10/2025 21:19:05:	move motor	S18.axis2.phaseshifter 1 to 0.000000deg	 DONE
23/10/2025 21:19:06:	14	count	time	5.000000s/cts	O Det=473	H Det=587	Mon Det=12340	Aux Det=1047	O+H=2107	 DONE
23/10/2025 21:19:13:	move motor	S18.axis2.phaseshifter 1 to 0.100000deg	 DONE
23/10/2025 21:19:15:	15	count	time	5.000000s/cts	O Det=371	H Det=562	Mon Det=12611	Aux Det=1266	O+H=2199	 DONE
23/10/2025 21:19:21:	move motor	S18.axis2.phaseshifter 1 to 0.200000deg	 DONE
23/10/2025 21:19:23:	16	count	time	5.000000s/cts	O Det=276	H Det=505	Mon Det=12450	Aux Det=1527	O+H=2308	 DONE
23/10/2025 21:19:29:	move motor	S18.axis2.phaseshifter 1 to 0.300000deg	 DONE
23/10/2025 21:19:31:	17	count	time	5.000000s/cts	O Det=247	H Det=436	Mon Det=12347	Aux Det=1663	O+H=2346	 DONE
23/10/2025 21:19:38:	move motor	S18.axis2.phaseshifter 1 to 0.400000deg	 DONE
23/10/2025 21:19:39:	18	count	time	5.000000s/cts	O Det=255	H Det=407	Mon Det=12428	Aux Det=1849	O+H=2511	 DONE
23/10/2025 21:19:46:	move motor	S18.axis2.phaseshifter 1 to 0.500000deg	 DONE
23/10/2025 21:19:47:	19	count	time	5.000000s/cts	O Det=434	H Det=331	Mon Det=12333	Aux Det=1654	O+H=2419	 DONE
23/10/2025 21:19:54:	move motor	S18.axis2.phaseshifter 1 to 0.600000deg	 DONE
23/10/2025 21:19:56:	20	count	time	5.000000s/cts	O Det=598	H Det=337	Mon Det=12704	Aux Det=1423	O+H=2358	 DONE
23/10/2025 21:20:02:	move motor	S18.axis2.phaseshifter 1 to 0.700000deg	 DONE
23/10/2025 21:20:04:	21	count	time	5.000000s/cts	O Det=766	H Det=372	Mon Det=12283	Aux Det=1099	O+H=2237	 DONE
23/10/2025 21:20:10:	close file and end scan	 DONE
call of ifg1_newPS_2p5s_AP.sc DONE
23/10/2025 21:20:11:	move motor	S18.axis2.phaseshifter 1 to fit AUX COS-60	-0.838101reached -0.83496  DONE
23/10/2025 21:20:15:	END OF SCRIPT	 DONE
