23/10/2025 22:26:23:	start execution of script D:\data\Cycle 198\exp_3-16-19\rawdata\sc\Prep_psi_+exp(-i60)+1+exp(i120)_In.sc	 DONE
23/10/2025 22:26:24:	move motor	S18.axis2.phaseshifter 1 to 0.00000deg	reached 0.00000  DONE
23/10/2025 22:26:26:	move motor	S18.axis2.phaseshifter 2 to 0.00000deg	reached 0.01099  DONE
call of Move_PS12_parallel.sc DONE
23/10/2025 22:26:30:	move motor	S18.axis2.phaseshifter 1 to -1.400000deg	 DONE
23/10/2025 22:26:32:	create file	D:\data\Cycle 198\exp_3-16-19\rawdata\sc\Prep_psi_+exp(-i60)+1+exp(i120)_In_23Oct2226.dat	 DONE
room to enter remarks DONE
23/10/2025 22:26:33:	move motor	S18.axis2.phaseshifter 1 to -1.300000deg	 DONE
23/10/2025 22:26:35:	1	count	time	5.000000s/cts	O Det=420	H Det=342	Mon Det=12243	Aux Det=1744	O+H=2506	 DONE
23/10/2025 22:26:41:	move motor	S18.axis2.phaseshifter 1 to -1.200000deg	 DONE
23/10/2025 22:26:43:	2	count	time	5.000000s/cts	O Det=334	H Det=335	Mon Det=12706	Aux Det=1826	O+H=2495	 DONE
23/10/2025 22:26:50:	move motor	S18.axis2.phaseshifter 1 to -1.100000deg	 DONE
23/10/2025 22:26:51:	3	count	time	5.000000s/cts	O Det=322	H Det=379	Mon Det=12470	Aux Det=1922	O+H=2623	 DONE
23/10/2025 22:26:58:	move motor	S18.axis2.phaseshifter 1 to -1.000000deg	 DONE
23/10/2025 22:26:59:	4	count	time	5.000000s/cts	O Det=416	H Det=424	Mon Det=12392	Aux Det=1729	O+H=2569	 DONE
23/10/2025 22:27:06:	move motor	S18.axis2.phaseshifter 1 to -0.900000deg	 DONE
23/10/2025 22:27:07:	5	count	time	5.000000s/cts	O Det=571	H Det=452	Mon Det=12570	Aux Det=1318	O+H=2341	 DONE
23/10/2025 22:27:14:	move motor	S18.axis2.phaseshifter 1 to -0.800000deg	 DONE
23/10/2025 22:27:16:	6	count	time	5.000000s/cts	O Det=721	H Det=441	Mon Det=12289	Aux Det=1077	O+H=2239	 DONE
23/10/2025 22:27:22:	move motor	S18.axis2.phaseshifter 1 to -0.700000deg	 DONE
23/10/2025 22:27:24:	7	count	time	5.000000s/cts	O Det=878	H Det=420	Mon Det=12547	Aux Det=859	O+H=2157	 DONE
23/10/2025 22:27:30:	move motor	S18.axis2.phaseshifter 1 to -0.600000deg	 DONE
23/10/2025 22:27:32:	8	count	time	5.000000s/cts	O Det=899	H Det=421	Mon Det=12350	Aux Det=914	O+H=2234	 DONE
23/10/2025 22:27:39:	move motor	S18.axis2.phaseshifter 1 to -0.500000deg	 DONE
23/10/2025 22:27:40:	9	count	time	5.000000s/cts	O Det=815	H Det=384	Mon Det=12494	Aux Det=1122	O+H=2321	 DONE
23/10/2025 22:27:47:	move motor	S18.axis2.phaseshifter 1 to -0.400000deg	 DONE
23/10/2025 22:27:48:	10	count	time	5.000000s/cts	O Det=575	H Det=369	Mon Det=12312	Aux Det=1397	O+H=2341	 DONE
23/10/2025 22:27:55:	move motor	S18.axis2.phaseshifter 1 to -0.300000deg	 DONE
23/10/2025 22:27:56:	11	count	time	5.000000s/cts	O Det=490	H Det=382	Mon Det=12277	Aux Det=1689	O+H=2561	 DONE
23/10/2025 22:28:03:	move motor	S18.axis2.phaseshifter 1 to -0.200000deg	 DONE
23/10/2025 22:28:05:	12	count	time	5.000000s/cts	O Det=328	H Det=315	Mon Det=12550	Aux Det=1894	O+H=2537	 DONE
23/10/2025 22:28:11:	move motor	S18.axis2.phaseshifter 1 to -0.100000deg	 DONE
23/10/2025 22:28:13:	13	count	time	5.000000s/cts	O Det=260	H Det=374	Mon Det=12283	Aux Det=1909	O+H=2543	 DONE
23/10/2025 22:28:19:	move motor	S18.axis2.phaseshifter 1 to 0.000000deg	 DONE
23/10/2025 22:28:21:	14	count	time	5.000000s/cts	O Det=364	H Det=431	Mon Det=12179	Aux Det=1717	O+H=2512	 DONE
23/10/2025 22:28:28:	move motor	S18.axis2.phaseshifter 1 to 0.100000deg	 DONE
23/10/2025 22:28:29:	15	count	time	5.000000s/cts	O Det=458	H Det=483	Mon Det=12629	Aux Det=1415	O+H=2356	 DONE
23/10/2025 22:28:36:	move motor	S18.axis2.phaseshifter 1 to 0.200000deg	 DONE
23/10/2025 22:28:37:	16	count	time	5.000000s/cts	O Det=643	H Det=461	Mon Det=12493	Aux Det=1211	O+H=2315	 DONE
23/10/2025 22:28:44:	move motor	S18.axis2.phaseshifter 1 to 0.300000deg	 DONE
23/10/2025 22:28:45:	17	count	time	5.000000s/cts	O Det=811	H Det=459	Mon Det=12394	Aux Det=927	O+H=2197	 DONE
23/10/2025 22:28:52:	move motor	S18.axis2.phaseshifter 1 to 0.400000deg	 DONE
23/10/2025 22:28:54:	18	count	time	5.000000s/cts	O Det=863	H Det=446	Mon Det=12586	Aux Det=946	O+H=2255	 DONE
23/10/2025 22:29:00:	move motor	S18.axis2.phaseshifter 1 to 0.500000deg	 DONE
23/10/2025 22:29:02:	19	count	time	5.000000s/cts	O Det=845	H Det=376	Mon Det=12397	Aux Det=1026	O+H=2247	 DONE
23/10/2025 22:29:08:	move motor	S18.axis2.phaseshifter 1 to 0.600000deg	 DONE
23/10/2025 22:29:10:	20	count	time	5.000000s/cts	O Det=662	H Det=383	Mon Det=12340	Aux Det=1268	O+H=2313	 DONE
23/10/2025 22:29:17:	move motor	S18.axis2.phaseshifter 1 to 0.700000deg	 DONE
23/10/2025 22:29:18:	21	count	time	5.000000s/cts	O Det=493	H Det=335	Mon Det=12568	Aux Det=1668	O+H=2496	 DONE
23/10/2025 22:29:25:	close file and end scan	 DONE
call of ifg1_newPS_2p5s_AP.sc DONE
23/10/2025 22:29:26:	move motor	S18.axis2.phaseshifter 1 to fit AUX COS-180	-0.656024reached -0.64819  DONE
23/10/2025 22:29:29:	move motor	S18.axis2.phaseshifter 2 to -1.850000deg	 DONE
23/10/2025 22:29:31:	create file	D:\data\Cycle 198\exp_3-16-19\rawdata\sc\Prep_psi_+exp(-i60)+1+exp(i120)_In_23Oct2229.dat	 DONE
room to enter remarks DONE
23/10/2025 22:29:32:	move motor	S18.axis2.phaseshifter 2 to -1.750000deg	 DONE
23/10/2025 22:29:33:	1	count	time	10.000000s/cts	O Det=597	H Det=1768	Mon Det=24422	Aux Det=1769	O+H=4134	 DONE
23/10/2025 22:29:45:	move motor	S18.axis2.phaseshifter 2 to -1.650000deg	 DONE
23/10/2025 22:29:47:	2	count	time	10.000000s/cts	O Det=495	H Det=1945	Mon Det=24852	Aux Det=1739	O+H=4179	 DONE
23/10/2025 22:29:58:	move motor	S18.axis2.phaseshifter 2 to -1.550000deg	 DONE
23/10/2025 22:30:00:	3	count	time	10.000000s/cts	O Det=499	H Det=1902	Mon Det=24595	Aux Det=1804	O+H=4205	 DONE
23/10/2025 22:30:11:	move motor	S18.axis2.phaseshifter 2 to -1.450000deg	 DONE
23/10/2025 22:30:13:	4	count	time	10.000000s/cts	O Det=772	H Det=1699	Mon Det=24331	Aux Det=1765	O+H=4236	 DONE
23/10/2025 22:30:25:	move motor	S18.axis2.phaseshifter 2 to -1.350000deg	 DONE
23/10/2025 22:30:26:	5	count	time	10.000000s/cts	O Det=1313	H Det=1182	Mon Det=24494	Aux Det=1727	O+H=4222	 DONE
23/10/2025 22:30:38:	move motor	S18.axis2.phaseshifter 2 to -1.250000deg	 DONE
23/10/2025 22:30:39:	6	count	time	10.000000s/cts	O Det=1592	H Det=1007	Mon Det=24806	Aux Det=1746	O+H=4345	 DONE
23/10/2025 22:30:51:	move motor	S18.axis2.phaseshifter 2 to -1.150000deg	 DONE
23/10/2025 22:30:53:	7	count	time	10.000000s/cts	O Det=1893	H Det=722	Mon Det=25151	Aux Det=1691	O+H=4306	 DONE
23/10/2025 22:31:04:	move motor	S18.axis2.phaseshifter 2 to -1.050000deg	 DONE
23/10/2025 22:31:06:	8	count	time	10.000000s/cts	O Det=1841	H Det=778	Mon Det=24923	Aux Det=1784	O+H=4403	 DONE
23/10/2025 22:31:17:	move motor	S18.axis2.phaseshifter 2 to -0.950000deg	 DONE
23/10/2025 22:31:19:	9	count	time	10.000000s/cts	O Det=1511	H Det=1098	Mon Det=24920	Aux Det=1767	O+H=4376	 DONE
23/10/2025 22:31:31:	move motor	S18.axis2.phaseshifter 2 to -0.850000deg	 DONE
23/10/2025 22:31:32:	10	count	time	10.000000s/cts	O Det=1191	H Det=1356	Mon Det=24683	Aux Det=1753	O+H=4300	 DONE
23/10/2025 22:31:44:	move motor	S18.axis2.phaseshifter 2 to -0.750000deg	 DONE
23/10/2025 22:31:46:	11	count	time	10.000000s/cts	O Det=785	H Det=1572	Mon Det=24430	Aux Det=1761	O+H=4118	 DONE
23/10/2025 22:31:57:	move motor	S18.axis2.phaseshifter 2 to -0.650000deg	 DONE
23/10/2025 22:31:59:	12	count	time	10.000000s/cts	O Det=426	H Det=2036	Mon Det=24893	Aux Det=1634	O+H=4096	 DONE
23/10/2025 22:32:10:	move motor	S18.axis2.phaseshifter 2 to -0.550000deg	 DONE
23/10/2025 22:32:12:	13	count	time	10.000000s/cts	O Det=487	H Det=1876	Mon Det=24723	Aux Det=1812	O+H=4175	 DONE
23/10/2025 22:32:24:	move motor	S18.axis2.phaseshifter 2 to -0.450000deg	 DONE
23/10/2025 22:32:25:	14	count	time	10.000000s/cts	O Det=661	H Det=1792	Mon Det=24745	Aux Det=1785	O+H=4238	 DONE
23/10/2025 22:32:37:	move motor	S18.axis2.phaseshifter 2 to -0.350000deg	 DONE
23/10/2025 22:32:38:	15	count	time	10.000000s/cts	O Det=1007	H Det=1461	Mon Det=24824	Aux Det=1638	O+H=4106	 DONE
23/10/2025 22:32:50:	move motor	S18.axis2.phaseshifter 2 to -0.250000deg	 DONE
23/10/2025 22:32:51:	16	count	time	10.000000s/cts	O Det=1435	H Det=1076	Mon Det=24890	Aux Det=1695	O+H=4206	 DONE
23/10/2025 22:33:03:	move motor	S18.axis2.phaseshifter 2 to -0.150000deg	 DONE
23/10/2025 22:33:05:	17	count	time	10.000000s/cts	O Det=1768	H Det=796	Mon Det=24822	Aux Det=1711	O+H=4275	 DONE
23/10/2025 22:33:16:	move motor	S18.axis2.phaseshifter 2 to -0.050000deg	 DONE
23/10/2025 22:33:18:	18	count	time	10.000000s/cts	O Det=1791	H Det=776	Mon Det=25030	Aux Det=1833	O+H=4400	 DONE
23/10/2025 22:33:29:	move motor	S18.axis2.phaseshifter 2 to 0.050000deg	 DONE
23/10/2025 22:33:31:	19	count	time	10.000000s/cts	O Det=1709	H Det=900	Mon Det=24848	Aux Det=1813	O+H=4422	 DONE
23/10/2025 22:33:43:	move motor	S18.axis2.phaseshifter 2 to 0.150000deg	 DONE
23/10/2025 22:33:44:	20	count	time	10.000000s/cts	O Det=1408	H Det=1179	Mon Det=24934	Aux Det=1749	O+H=4336	 DONE
23/10/2025 22:33:56:	move motor	S18.axis2.phaseshifter 2 to 0.250000deg	 DONE
23/10/2025 22:33:57:	21	count	time	10.000000s/cts	O Det=961	H Det=1556	Mon Det=24934	Aux Det=1800	O+H=4317	 DONE
23/10/2025 22:34:09:	close file and end scan	 DONE
call of ifg2_newPS_2p10s_AP.sc DONE
23/10/2025 22:34:10:	move motor	S18.axis2.phaseshifter 2 to fit O COS300	-0.239626reached -0.23071  DONE
23/10/2025 22:34:13:	move motor	S18.axis2.phaseshifter 1 to -1.400000deg	 DONE
23/10/2025 22:34:14:	create file	D:\data\Cycle 198\exp_3-16-19\rawdata\sc\Prep_psi_+exp(-i60)+1+exp(i120)_In_23Oct2234.dat	 DONE
room to enter remarks DONE
23/10/2025 22:34:16:	move motor	S18.axis2.phaseshifter 1 to -1.300000deg	 DONE
23/10/2025 22:34:17:	1	count	time	5.000000s/cts	O Det=298	H Det=467	Mon Det=12491	Aux Det=1694	O+H=2459	 DONE
23/10/2025 22:34:24:	move motor	S18.axis2.phaseshifter 1 to -1.200000deg	 DONE
23/10/2025 22:34:25:	2	count	time	5.000000s/cts	O Det=254	H Det=395	Mon Det=12482	Aux Det=1958	O+H=2607	 DONE
23/10/2025 22:34:32:	move motor	S18.axis2.phaseshifter 1 to -1.100000deg	 DONE
23/10/2025 22:34:33:	3	count	time	5.000000s/cts	O Det=368	H Det=354	Mon Det=12354	Aux Det=1850	O+H=2572	 DONE
23/10/2025 22:34:40:	move motor	S18.axis2.phaseshifter 1 to -1.000000deg	 DONE
23/10/2025 22:34:42:	4	count	time	5.000000s/cts	O Det=505	H Det=311	Mon Det=12274	Aux Det=1657	O+H=2473	 DONE
23/10/2025 22:34:48:	move motor	S18.axis2.phaseshifter 1 to -0.900000deg	 DONE
23/10/2025 22:34:50:	5	count	time	5.000000s/cts	O Det=688	H Det=325	Mon Det=12298	Aux Det=1401	O+H=2414	 DONE
23/10/2025 22:34:56:	move motor	S18.axis2.phaseshifter 1 to -0.800000deg	 DONE
23/10/2025 22:34:58:	6	count	time	5.000000s/cts	O Det=778	H Det=354	Mon Det=12440	Aux Det=1100	O+H=2232	 DONE
23/10/2025 22:35:05:	move motor	S18.axis2.phaseshifter 1 to -0.700000deg	 DONE
23/10/2025 22:35:06:	7	count	time	5.000000s/cts	O Det=820	H Det=468	Mon Det=12249	Aux Det=867	O+H=2155	 DONE
23/10/2025 22:35:13:	move motor	S18.axis2.phaseshifter 1 to -0.600000deg	 DONE
23/10/2025 22:35:14:	8	count	time	5.000000s/cts	O Det=604	H Det=600	Mon Det=12411	Aux Det=888	O+H=2092	 DONE
23/10/2025 22:35:21:	move motor	S18.axis2.phaseshifter 1 to -0.500000deg	 DONE
23/10/2025 22:35:23:	9	count	time	5.000000s/cts	O Det=557	H Det=576	Mon Det=12551	Aux Det=1042	O+H=2175	 DONE
23/10/2025 22:35:29:	move motor	S18.axis2.phaseshifter 1 to -0.400000deg	 DONE
23/10/2025 22:35:31:	10	count	time	5.000000s/cts	O Det=351	H Det=563	Mon Det=12575	Aux Det=1393	O+H=2307	 DONE
23/10/2025 22:35:37:	move motor	S18.axis2.phaseshifter 1 to -0.300000deg	 DONE
23/10/2025 22:35:39:	11	count	time	5.000000s/cts	O Det=284	H Det=486	Mon Det=12315	Aux Det=1725	O+H=2495	 DONE
23/10/2025 22:35:45:	move motor	S18.axis2.phaseshifter 1 to -0.200000deg	 DONE
23/10/2025 22:35:47:	12	count	time	5.000000s/cts	O Det=212	H Det=429	Mon Det=12328	Aux Det=1826	O+H=2467	 DONE
23/10/2025 22:35:54:	move motor	S18.axis2.phaseshifter 1 to -0.100000deg	 DONE
23/10/2025 22:35:55:	13	count	time	5.000000s/cts	O Det=307	H Det=347	Mon Det=12457	Aux Det=1841	O+H=2495	 DONE
23/10/2025 22:36:02:	move motor	S18.axis2.phaseshifter 1 to 0.000000deg	 DONE
23/10/2025 22:36:03:	14	count	time	5.000000s/cts	O Det=451	H Det=329	Mon Det=12228	Aux Det=1682	O+H=2462	 DONE
23/10/2025 22:36:10:	move motor	S18.axis2.phaseshifter 1 to 0.100000deg	 DONE
23/10/2025 22:36:12:	15	count	time	5.000000s/cts	O Det=625	H Det=339	Mon Det=12311	Aux Det=1465	O+H=2429	 DONE
23/10/2025 22:36:18:	move motor	S18.axis2.phaseshifter 1 to 0.200000deg	 DONE
23/10/2025 22:36:20:	16	count	time	5.000000s/cts	O Det=738	H Det=372	Mon Det=12544	Aux Det=1163	O+H=2273	 DONE
23/10/2025 22:36:26:	move motor	S18.axis2.phaseshifter 1 to 0.300000deg	 DONE
23/10/2025 22:36:28:	17	count	time	5.000000s/cts	O Det=807	H Det=411	Mon Det=12484	Aux Det=894	O+H=2112	 DONE
23/10/2025 22:36:34:	move motor	S18.axis2.phaseshifter 1 to 0.400000deg	 DONE
23/10/2025 22:36:36:	18	count	time	5.000000s/cts	O Det=759	H Det=551	Mon Det=12514	Aux Det=899	O+H=2209	 DONE
23/10/2025 22:36:43:	move motor	S18.axis2.phaseshifter 1 to 0.500000deg	 DONE
23/10/2025 22:36:44:	19	count	time	5.000000s/cts	O Det=601	H Det=556	Mon Det=12421	Aux Det=1027	O+H=2184	 DONE
23/10/2025 22:36:51:	move motor	S18.axis2.phaseshifter 1 to 0.600000deg	 DONE
23/10/2025 22:36:52:	20	count	time	5.000000s/cts	O Det=502	H Det=543	Mon Det=12682	Aux Det=1217	O+H=2262	 DONE
23/10/2025 22:36:59:	move motor	S18.axis2.phaseshifter 1 to 0.700000deg	 DONE
23/10/2025 22:37:01:	21	count	time	5.000000s/cts	O Det=279	H Det=548	Mon Det=12356	Aux Det=1592	O+H=2419	 DONE
23/10/2025 22:37:07:	close file and end scan	 DONE
call of ifg1_newPS_2p5s_AP.sc DONE
23/10/2025 22:37:08:	move motor	S18.axis2.phaseshifter 1 to fit AUX COS-60	-0.307670reached -0.31860  DONE
23/10/2025 22:37:11:	END OF SCRIPT	 DONE
