20/10/2025 10:34:05:	start execution of script D:\data\Cycle 198\exp_3-16-19\rawdata\sc\Prep_psi_+1-1-i_wv2.sc	 DONE
20/10/2025 10:34:05:	move motor	S18.auxiliary.Robot Z to 207413.00000um	reached 207412.00000  DONE
call of robot_Zout_doubleCd.sc DONE
20/10/2025 10:34:08:	move motor	S18.axis2.phaseshifter 1 to 0.00000deg	reached -0.01099  DONE
20/10/2025 10:34:11:	move motor	S18.axis2.phaseshifter 2 to 0.00000deg	reached -0.01099  DONE
call of Move_PS12_parallel.sc DONE
20/10/2025 10:34:14:	move motor	S18.axis2.phaseshifter 1 to -0.400000deg	 DONE
20/10/2025 10:34:16:	create file	D:\data\Cycle 198\exp_3-16-19\rawdata\sc\Prep_psi_+1-1-i_wv2_20Oct1034.dat	 DONE
room to enter remarks DONE
20/10/2025 10:34:17:	move motor	S18.axis2.phaseshifter 1 to -0.300000deg	 DONE
20/10/2025 10:34:18:	1	count	time	5.000000s/cts	O Det=335	H Det=931	Mon Det=11988	Aux Det=1052	O+H=2318	 DONE
20/10/2025 10:34:25:	move motor	S18.axis2.phaseshifter 1 to -0.200000deg	 DONE
20/10/2025 10:34:27:	2	count	time	5.000000s/cts	O Det=462	H Det=856	Mon Det=12071	Aux Det=839	O+H=2157	 DONE
20/10/2025 10:34:33:	move motor	S18.axis2.phaseshifter 1 to -0.100000deg	 DONE
20/10/2025 10:34:35:	3	count	time	5.000000s/cts	O Det=539	H Det=785	Mon Det=11883	Aux Det=935	O+H=2259	 DONE
20/10/2025 10:34:41:	move motor	S18.axis2.phaseshifter 1 to 0.000000deg	 DONE
20/10/2025 10:34:43:	4	count	time	5.000000s/cts	O Det=574	H Det=625	Mon Det=12218	Aux Det=1187	O+H=2386	 DONE
20/10/2025 10:34:50:	move motor	S18.axis2.phaseshifter 1 to 0.100000deg	 DONE
20/10/2025 10:34:51:	5	count	time	5.000000s/cts	O Det=529	H Det=445	Mon Det=12397	Aux Det=1556	O+H=2530	 DONE
20/10/2025 10:34:58:	move motor	S18.axis2.phaseshifter 1 to 0.200000deg	 DONE
20/10/2025 10:34:59:	6	count	time	5.000000s/cts	O Det=433	H Det=347	Mon Det=12154	Aux Det=1893	O+H=2673	 DONE
20/10/2025 10:35:06:	move motor	S18.axis2.phaseshifter 1 to 0.300000deg	 DONE
20/10/2025 10:35:08:	7	count	time	5.000000s/cts	O Det=279	H Det=329	Mon Det=12077	Aux Det=2108	O+H=2716	 DONE
20/10/2025 10:35:14:	move motor	S18.axis2.phaseshifter 1 to 0.400000deg	 DONE
20/10/2025 10:35:16:	8	count	time	5.000000s/cts	O Det=218	H Det=447	Mon Det=12048	Aux Det=2122	O+H=2787	 DONE
20/10/2025 10:35:22:	move motor	S18.axis2.phaseshifter 1 to 0.500000deg	 DONE
20/10/2025 10:35:24:	9	count	time	5.000000s/cts	O Det=137	H Det=630	Mon Det=12303	Aux Det=1860	O+H=2627	 DONE
20/10/2025 10:35:31:	move motor	S18.axis2.phaseshifter 1 to 0.600000deg	 DONE
20/10/2025 10:35:32:	10	count	time	5.000000s/cts	O Det=250	H Det=758	Mon Det=12128	Aux Det=1506	O+H=2514	 DONE
20/10/2025 10:35:39:	move motor	S18.axis2.phaseshifter 1 to 0.700000deg	 DONE
20/10/2025 10:35:40:	11	count	time	5.000000s/cts	O Det=278	H Det=926	Mon Det=12095	Aux Det=1121	O+H=2325	 DONE
20/10/2025 10:35:47:	move motor	S18.axis2.phaseshifter 1 to 0.800000deg	 DONE
20/10/2025 10:35:49:	12	count	time	5.000000s/cts	O Det=400	H Det=860	Mon Det=11984	Aux Det=872	O+H=2132	 DONE
20/10/2025 10:35:55:	move motor	S18.axis2.phaseshifter 1 to 0.900000deg	 DONE
20/10/2025 10:35:57:	13	count	time	5.000000s/cts	O Det=562	H Det=848	Mon Det=12107	Aux Det=826	O+H=2236	 DONE
20/10/2025 10:36:03:	move motor	S18.axis2.phaseshifter 1 to 1.000000deg	 DONE
20/10/2025 10:36:05:	14	count	time	5.000000s/cts	O Det=625	H Det=633	Mon Det=12066	Aux Det=1069	O+H=2327	 DONE
20/10/2025 10:36:11:	move motor	S18.axis2.phaseshifter 1 to 1.100000deg	 DONE
20/10/2025 10:36:13:	15	count	time	5.000000s/cts	O Det=563	H Det=475	Mon Det=11912	Aux Det=1441	O+H=2479	 DONE
20/10/2025 10:36:20:	move motor	S18.axis2.phaseshifter 1 to 1.200000deg	 DONE
20/10/2025 10:36:21:	16	count	time	5.000000s/cts	O Det=488	H Det=366	Mon Det=12073	Aux Det=1784	O+H=2638	 DONE
20/10/2025 10:36:28:	move motor	S18.axis2.phaseshifter 1 to 1.300000deg	 DONE
20/10/2025 10:36:29:	17	count	time	5.000000s/cts	O Det=372	H Det=354	Mon Det=12287	Aux Det=2084	O+H=2810	 DONE
20/10/2025 10:36:36:	move motor	S18.axis2.phaseshifter 1 to 1.400000deg	 DONE
20/10/2025 10:36:38:	18	count	time	5.000000s/cts	O Det=252	H Det=444	Mon Det=11940	Aux Det=2101	O+H=2797	 DONE
20/10/2025 10:36:44:	move motor	S18.axis2.phaseshifter 1 to 1.500000deg	 DONE
20/10/2025 10:36:46:	19	count	time	5.000000s/cts	O Det=159	H Det=581	Mon Det=12233	Aux Det=1941	O+H=2681	 DONE
20/10/2025 10:36:52:	move motor	S18.axis2.phaseshifter 1 to 1.600000deg	 DONE
20/10/2025 10:36:54:	20	count	time	5.000000s/cts	O Det=158	H Det=731	Mon Det=12083	Aux Det=1598	O+H=2487	 DONE
20/10/2025 10:37:01:	move motor	S18.axis2.phaseshifter 1 to 1.700000deg	 DONE
20/10/2025 10:37:02:	21	count	time	5.000000s/cts	O Det=255	H Det=867	Mon Det=12086	Aux Det=1210	O+H=2332	 DONE
20/10/2025 10:37:09:	close file and end scan	 DONE
call of ifg1_newPS_2p5s_AP_wv2.sc DONE
20/10/2025 10:37:10:	move motor	S18.axis2.phaseshifter 1 to fit AUX COS-180	-0.175964reached -0.17578  DONE
20/10/2025 10:37:13:	move motor	S18.axis2.phaseshifter 2 to -0.100000deg	 DONE
20/10/2025 10:37:14:	create file	D:\data\Cycle 198\exp_3-16-19\rawdata\sc\Prep_psi_+1-1-i_wv2_20Oct1037.dat	 DONE
room to enter remarks DONE
20/10/2025 10:37:15:	move motor	S18.axis2.phaseshifter 2 to 0.000000deg	 DONE
20/10/2025 10:37:17:	1	count	time	10.000000s/cts	O Det=1007	H Det=1769	Mon Det=24164	Aux Det=1683	O+H=4459	 DONE
20/10/2025 10:37:29:	move motor	S18.axis2.phaseshifter 2 to 0.100000deg	 DONE
20/10/2025 10:37:30:	2	count	time	10.000000s/cts	O Det=669	H Det=2025	Mon Det=24178	Aux Det=1715	O+H=4409	 DONE
20/10/2025 10:37:42:	move motor	S18.axis2.phaseshifter 2 to 0.200000deg	 DONE
20/10/2025 10:37:43:	3	count	time	10.000000s/cts	O Det=420	H Det=2225	Mon Det=24369	Aux Det=1763	O+H=4408	 DONE
20/10/2025 10:37:55:	move motor	S18.axis2.phaseshifter 2 to 0.300000deg	 DONE
20/10/2025 10:37:56:	4	count	time	10.000000s/cts	O Det=562	H Det=2083	Mon Det=24203	Aux Det=1643	O+H=4288	 DONE
20/10/2025 10:38:08:	move motor	S18.axis2.phaseshifter 2 to 0.400000deg	 DONE
20/10/2025 10:38:10:	5	count	time	10.000000s/cts	O Det=881	H Det=1748	Mon Det=23712	Aux Det=1633	O+H=4262	 DONE
20/10/2025 10:38:21:	move motor	S18.axis2.phaseshifter 2 to 0.500000deg	 DONE
20/10/2025 10:38:23:	6	count	time	10.000000s/cts	O Det=1439	H Det=1296	Mon Det=24244	Aux Det=1672	O+H=4407	 DONE
20/10/2025 10:38:34:	move motor	S18.axis2.phaseshifter 2 to 0.600000deg	 DONE
20/10/2025 10:38:36:	7	count	time	10.000000s/cts	O Det=1799	H Det=937	Mon Det=24159	Aux Det=1771	O+H=4507	 DONE
20/10/2025 10:38:48:	move motor	S18.axis2.phaseshifter 2 to 0.700000deg	 DONE
20/10/2025 10:38:49:	8	count	time	10.000000s/cts	O Det=2147	H Det=751	Mon Det=24175	Aux Det=1631	O+H=4529	 DONE
20/10/2025 10:39:01:	move motor	S18.axis2.phaseshifter 2 to 0.800000deg	 DONE
20/10/2025 10:39:02:	9	count	time	10.000000s/cts	O Det=2013	H Det=882	Mon Det=24328	Aux Det=1634	O+H=4529	 DONE
20/10/2025 10:39:14:	move motor	S18.axis2.phaseshifter 2 to 0.900000deg	 DONE
20/10/2025 10:39:15:	10	count	time	10.000000s/cts	O Det=1578	H Det=1213	Mon Det=24511	Aux Det=1738	O+H=4529	 DONE
20/10/2025 10:39:27:	move motor	S18.axis2.phaseshifter 2 to 1.000000deg	 DONE
20/10/2025 10:39:29:	11	count	time	10.000000s/cts	O Det=1239	H Det=1524	Mon Det=24469	Aux Det=1764	O+H=4527	 DONE
20/10/2025 10:39:40:	move motor	S18.axis2.phaseshifter 2 to 1.100000deg	 DONE
20/10/2025 10:39:42:	12	count	time	10.000000s/cts	O Det=710	H Det=1978	Mon Det=24274	Aux Det=1692	O+H=4380	 DONE
20/10/2025 10:39:54:	move motor	S18.axis2.phaseshifter 2 to 1.200000deg	 DONE
20/10/2025 10:39:55:	13	count	time	10.000000s/cts	O Det=501	H Det=2154	Mon Det=24373	Aux Det=1712	O+H=4367	 DONE
20/10/2025 10:40:07:	move motor	S18.axis2.phaseshifter 2 to 1.300000deg	 DONE
20/10/2025 10:40:09:	14	count	time	10.000000s/cts	O Det=492	H Det=2220	Mon Det=24037	Aux Det=1680	O+H=4392	 DONE
20/10/2025 10:40:20:	move motor	S18.axis2.phaseshifter 2 to 1.400000deg	 DONE
20/10/2025 10:40:22:	15	count	time	10.000000s/cts	O Det=735	H Det=1907	Mon Det=24449	Aux Det=1654	O+H=4296	 DONE
20/10/2025 10:40:34:	move motor	S18.axis2.phaseshifter 2 to 1.500000deg	 DONE
20/10/2025 10:40:35:	16	count	time	10.000000s/cts	O Det=1269	H Det=1481	Mon Det=24598	Aux Det=1719	O+H=4469	 DONE
20/10/2025 10:40:47:	move motor	S18.axis2.phaseshifter 2 to 1.600000deg	 DONE
20/10/2025 10:40:48:	17	count	time	10.000000s/cts	O Det=1742	H Det=1138	Mon Det=24016	Aux Det=1690	O+H=4570	 DONE
20/10/2025 10:41:00:	move motor	S18.axis2.phaseshifter 2 to 1.700000deg	 DONE
20/10/2025 10:41:01:	18	count	time	10.000000s/cts	O Det=2070	H Det=801	Mon Det=24341	Aux Det=1668	O+H=4539	 DONE
20/10/2025 10:41:13:	move motor	S18.axis2.phaseshifter 2 to 1.800000deg	 DONE
20/10/2025 10:41:15:	19	count	time	10.000000s/cts	O Det=2080	H Det=777	Mon Det=24370	Aux Det=1674	O+H=4531	 DONE
20/10/2025 10:41:26:	move motor	S18.axis2.phaseshifter 2 to 1.900000deg	 DONE
20/10/2025 10:41:28:	20	count	time	10.000000s/cts	O Det=1841	H Det=1023	Mon Det=24455	Aux Det=1695	O+H=4559	 DONE
20/10/2025 10:41:40:	move motor	S18.axis2.phaseshifter 2 to 2.000000deg	 DONE
20/10/2025 10:41:41:	21	count	time	10.000000s/cts	O Det=1458	H Det=1411	Mon Det=24272	Aux Det=1733	O+H=4602	 DONE
20/10/2025 10:41:53:	close file and end scan	 DONE
call of ifg2_newPS_2p10s_wv2.sc DONE
20/10/2025 10:41:54:	move motor	S18.axis2.phaseshifter 2 to fit O COS180	1.242387reached 1.24146  DONE
20/10/2025 10:41:57:	move motor	S18.axis2.phaseshifter 1 to -0.400000deg	 DONE
20/10/2025 10:41:58:	create file	D:\data\Cycle 198\exp_3-16-19\rawdata\sc\Prep_psi_+1-1-i_wv2_20Oct1041.dat	 DONE
room to enter remarks DONE
20/10/2025 10:41:59:	move motor	S18.axis2.phaseshifter 1 to -0.300000deg	 DONE
20/10/2025 10:42:01:	1	count	time	5.000000s/cts	O Det=261	H Det=1038	Mon Det=12112	Aux Det=993	O+H=2292	 DONE
20/10/2025 10:42:08:	move motor	S18.axis2.phaseshifter 1 to -0.200000deg	 DONE
20/10/2025 10:42:09:	2	count	time	5.000000s/cts	O Det=209	H Det=1037	Mon Det=11974	Aux Det=855	O+H=2101	 DONE
20/10/2025 10:42:16:	move motor	S18.axis2.phaseshifter 1 to -0.100000deg	 DONE
20/10/2025 10:42:17:	3	count	time	5.000000s/cts	O Det=207	H Det=1077	Mon Det=12179	Aux Det=930	O+H=2214	 DONE
20/10/2025 10:42:24:	move motor	S18.axis2.phaseshifter 1 to 0.000000deg	 DONE
20/10/2025 10:42:25:	4	count	time	5.000000s/cts	O Det=186	H Det=974	Mon Det=12233	Aux Det=1208	O+H=2368	 DONE
20/10/2025 10:42:32:	move motor	S18.axis2.phaseshifter 1 to 0.100000deg	 DONE
20/10/2025 10:42:34:	5	count	time	5.000000s/cts	O Det=196	H Det=737	Mon Det=12180	Aux Det=1557	O+H=2490	 DONE
20/10/2025 10:42:40:	move motor	S18.axis2.phaseshifter 1 to 0.200000deg	 DONE
20/10/2025 10:42:42:	6	count	time	5.000000s/cts	O Det=221	H Det=530	Mon Det=12307	Aux Det=1899	O+H=2650	 DONE
20/10/2025 10:42:48:	move motor	S18.axis2.phaseshifter 1 to 0.300000deg	 DONE
20/10/2025 10:42:50:	7	count	time	5.000000s/cts	O Det=255	H Det=399	Mon Det=12028	Aux Det=2107	O+H=2761	 DONE
20/10/2025 10:42:57:	move motor	S18.axis2.phaseshifter 1 to 0.400000deg	 DONE
20/10/2025 10:42:58:	8	count	time	5.000000s/cts	O Det=268	H Det=394	Mon Det=12018	Aux Det=2172	O+H=2834	 DONE
20/10/2025 10:43:05:	move motor	S18.axis2.phaseshifter 1 to 0.500000deg	 DONE
20/10/2025 10:43:06:	9	count	time	5.000000s/cts	O Det=247	H Det=553	Mon Det=12372	Aux Det=1895	O+H=2695	 DONE
20/10/2025 10:43:13:	move motor	S18.axis2.phaseshifter 1 to 0.600000deg	 DONE
20/10/2025 10:43:14:	10	count	time	5.000000s/cts	O Det=271	H Det=718	Mon Det=12369	Aux Det=1402	O+H=2391	 DONE
20/10/2025 10:43:21:	move motor	S18.axis2.phaseshifter 1 to 0.700000deg	 DONE
20/10/2025 10:43:23:	11	count	time	5.000000s/cts	O Det=260	H Det=943	Mon Det=12253	Aux Det=1049	O+H=2252	 DONE
20/10/2025 10:43:29:	move motor	S18.axis2.phaseshifter 1 to 0.800000deg	 DONE
20/10/2025 10:43:31:	12	count	time	5.000000s/cts	O Det=198	H Det=1094	Mon Det=12032	Aux Det=822	O+H=2114	 DONE
20/10/2025 10:43:37:	move motor	S18.axis2.phaseshifter 1 to 0.900000deg	 DONE
20/10/2025 10:43:39:	13	count	time	5.000000s/cts	O Det=194	H Det=1132	Mon Det=12083	Aux Det=858	O+H=2184	 DONE
20/10/2025 10:43:45:	move motor	S18.axis2.phaseshifter 1 to 1.000000deg	 DONE
20/10/2025 10:43:47:	14	count	time	5.000000s/cts	O Det=211	H Det=960	Mon Det=11941	Aux Det=1042	O+H=2213	 DONE
20/10/2025 10:43:54:	move motor	S18.axis2.phaseshifter 1 to 1.100000deg	 DONE
20/10/2025 10:43:55:	15	count	time	5.000000s/cts	O Det=197	H Det=758	Mon Det=12272	Aux Det=1440	O+H=2395	 DONE
20/10/2025 10:44:02:	move motor	S18.axis2.phaseshifter 1 to 1.200000deg	 DONE
20/10/2025 10:44:04:	16	count	time	5.000000s/cts	O Det=220	H Det=588	Mon Det=12178	Aux Det=1779	O+H=2587	 DONE
20/10/2025 10:44:10:	move motor	S18.axis2.phaseshifter 1 to 1.300000deg	 DONE
20/10/2025 10:44:12:	17	count	time	5.000000s/cts	O Det=257	H Det=420	Mon Det=11854	Aux Det=2069	O+H=2746	 DONE
20/10/2025 10:44:18:	move motor	S18.axis2.phaseshifter 1 to 1.400000deg	 DONE
20/10/2025 10:44:20:	18	count	time	5.000000s/cts	O Det=257	H Det=386	Mon Det=12126	Aux Det=2088	O+H=2731	 DONE
20/10/2025 10:44:27:	move motor	S18.axis2.phaseshifter 1 to 1.500000deg	 DONE
20/10/2025 10:44:28:	19	count	time	5.000000s/cts	O Det=270	H Det=462	Mon Det=12249	Aux Det=1955	O+H=2687	 DONE
20/10/2025 10:44:35:	move motor	S18.axis2.phaseshifter 1 to 1.600000deg	 DONE
20/10/2025 10:44:36:	20	count	time	5.000000s/cts	O Det=236	H Det=648	Mon Det=12005	Aux Det=1564	O+H=2448	 DONE
20/10/2025 10:44:53:	move motor	S18.axis2.phaseshifter 1 to 1.700000deg	 DONE
20/10/2025 10:44:55:	21	count	time	5.000000s/cts	O Det=238	H Det=900	Mon Det=12120	Aux Det=1224	O+H=2362	 DONE
20/10/2025 10:45:01:	close file and end scan	 DONE
call of ifg1_newPS_2p5s_AP_wv2.sc DONE
20/10/2025 10:45:02:	move motor	S18.axis2.phaseshifter 1 to fit AUX COS270	1.105226reached 1.10962  DONE
20/10/2025 10:45:05:	END OF SCRIPT	 DONE
