12/10/2025 14:25:09:	start execution of script D:\data\Cycle 198\exp_3-16-19\rawdata\sc\Prep_psi_+1+1+1.sc	 DONE
12/10/2025 14:25:10:	move motor	S18.auxiliary.Robot Z to 207413.00000um	reached 207403.00000  DONE
call of robot_Zout_doubleCd.sc DONE
12/10/2025 14:25:17:	move motor	S18.axis2.phaseshifter 1 to 0.00000deg	reached 0.00000  DONE
12/10/2025 14:25:19:	move motor	S18.axis2.phaseshifter 2 to 0.00000deg	reached 0.00000  DONE
call of Move_PS12_parallel.sc DONE
12/10/2025 14:25:23:	move motor	S18.axis2.phaseshifter 1 to -1.400000deg	 DONE
12/10/2025 14:25:25:	create file	D:\data\Cycle 198\exp_3-16-19\rawdata\sc\Prep_psi_+1+1+1_12Oct1425.dat	 DONE
room to enter remarks DONE
12/10/2025 14:25:26:	move motor	S18.axis2.phaseshifter 1 to -1.300000deg	 DONE
12/10/2025 14:25:27:	1	count	time	5.000000s/cts	O Det=293	H Det=1152	Mon Det=15276	Aux Det=1697	O+H=3142	 DONE
12/10/2025 14:25:34:	move motor	S18.axis2.phaseshifter 1 to -1.200000deg	 DONE
12/10/2025 14:25:35:	2	count	time	5.000000s/cts	O Det=423	H Det=1262	Mon Det=15577	Aux Det=1236	O+H=2921	 DONE
12/10/2025 14:25:42:	move motor	S18.axis2.phaseshifter 1 to -1.100000deg	 DONE
12/10/2025 14:25:44:	3	count	time	5.000000s/cts	O Det=598	H Det=1174	Mon Det=15498	Aux Det=1066	O+H=2838	 DONE
12/10/2025 14:25:50:	move motor	S18.axis2.phaseshifter 1 to -1.000000deg	 DONE
12/10/2025 14:25:52:	4	count	time	5.000000s/cts	O Det=766	H Det=948	Mon Det=15516	Aux Det=1183	O+H=2897	 DONE
12/10/2025 14:25:58:	move motor	S18.axis2.phaseshifter 1 to -0.900000deg	 DONE
12/10/2025 14:26:00:	5	count	time	5.000000s/cts	O Det=776	H Det=714	Mon Det=15411	Aux Det=1639	O+H=3129	 DONE
12/10/2025 14:26:07:	move motor	S18.axis2.phaseshifter 1 to -0.800000deg	 DONE
12/10/2025 14:26:08:	6	count	time	5.000000s/cts	O Det=671	H Det=526	Mon Det=15326	Aux Det=2116	O+H=3313	 DONE
12/10/2025 14:26:15:	move motor	S18.axis2.phaseshifter 1 to -0.700000deg	 DONE
12/10/2025 14:26:16:	7	count	time	5.000000s/cts	O Det=526	H Det=479	Mon Det=15655	Aux Det=2617	O+H=3622	 DONE
12/10/2025 14:26:23:	move motor	S18.axis2.phaseshifter 1 to -0.600000deg	 DONE
12/10/2025 14:26:24:	8	count	time	5.000000s/cts	O Det=370	H Det=490	Mon Det=15514	Aux Det=2785	O+H=3645	 DONE
12/10/2025 14:26:31:	move motor	S18.axis2.phaseshifter 1 to -0.500000deg	 DONE
12/10/2025 14:26:33:	9	count	time	5.000000s/cts	O Det=203	H Det=613	Mon Det=15380	Aux Det=2736	O+H=3552	 DONE
12/10/2025 14:26:39:	move motor	S18.axis2.phaseshifter 1 to -0.400000deg	 DONE
12/10/2025 14:26:41:	10	count	time	5.000000s/cts	O Det=179	H Det=926	Mon Det=15263	Aux Det=2321	O+H=3426	 DONE
12/10/2025 14:26:47:	move motor	S18.axis2.phaseshifter 1 to -0.300000deg	 DONE
12/10/2025 14:26:49:	11	count	time	5.000000s/cts	O Det=221	H Det=1081	Mon Det=15554	Aux Det=1731	O+H=3033	 DONE
12/10/2025 14:26:56:	move motor	S18.axis2.phaseshifter 1 to -0.200000deg	 DONE
12/10/2025 14:26:57:	12	count	time	5.000000s/cts	O Det=389	H Det=1212	Mon Det=15552	Aux Det=1306	O+H=2907	 DONE
12/10/2025 14:27:04:	move motor	S18.axis2.phaseshifter 1 to -0.100000deg	 DONE
12/10/2025 14:27:05:	13	count	time	5.000000s/cts	O Det=590	H Det=1256	Mon Det=15409	Aux Det=1092	O+H=2938	 DONE
12/10/2025 14:27:12:	move motor	S18.axis2.phaseshifter 1 to 0.000000deg	 DONE
12/10/2025 14:27:13:	14	count	time	5.000000s/cts	O Det=763	H Det=1036	Mon Det=15596	Aux Det=1173	O+H=2972	 DONE
12/10/2025 14:27:20:	move motor	S18.axis2.phaseshifter 1 to 0.100000deg	 DONE
12/10/2025 14:27:22:	15	count	time	5.000000s/cts	O Det=794	H Det=922	Mon Det=15500	Aux Det=1389	O+H=3105	 DONE
12/10/2025 14:27:28:	move motor	S18.axis2.phaseshifter 1 to 0.200000deg	 DONE
12/10/2025 14:27:30:	16	count	time	5.000000s/cts	O Det=738	H Det=648	Mon Det=15408	Aux Det=1824	O+H=3210	 DONE
12/10/2025 14:27:36:	move motor	S18.axis2.phaseshifter 1 to 0.300000deg	 DONE
12/10/2025 14:27:38:	17	count	time	5.000000s/cts	O Det=615	H Det=456	Mon Det=15473	Aux Det=2448	O+H=3519	 DONE
12/10/2025 14:27:45:	move motor	S18.axis2.phaseshifter 1 to 0.400000deg	 DONE
12/10/2025 14:27:46:	18	count	time	5.000000s/cts	O Det=432	H Det=473	Mon Det=15249	Aux Det=2754	O+H=3659	 DONE
12/10/2025 14:27:53:	move motor	S18.axis2.phaseshifter 1 to 0.500000deg	 DONE
12/10/2025 14:27:54:	19	count	time	5.000000s/cts	O Det=255	H Det=617	Mon Det=15585	Aux Det=2691	O+H=3563	 DONE
12/10/2025 14:28:01:	move motor	S18.axis2.phaseshifter 1 to 0.600000deg	 DONE
12/10/2025 14:28:02:	20	count	time	5.000000s/cts	O Det=151	H Det=816	Mon Det=15596	Aux Det=2422	O+H=3389	 DONE
12/10/2025 14:28:09:	move motor	S18.axis2.phaseshifter 1 to 0.700000deg	 DONE
12/10/2025 14:28:11:	21	count	time	5.000000s/cts	O Det=228	H Det=1068	Mon Det=15441	Aux Det=1957	O+H=3253	 DONE
12/10/2025 14:28:17:	close file and end scan	 DONE
call of ifg1_newPS_2p5s_AP.sc DONE
12/10/2025 14:28:18:	move motor	S18.axis2.phaseshifter 1 to fit AUX COS-540	-2.129764reached -2.12036  DONE
12/10/2025 14:28:22:	move motor	S18.axis2.phaseshifter 2 to -1.850000deg	 DONE
12/10/2025 14:28:24:	create file	D:\data\Cycle 198\exp_3-16-19\rawdata\sc\Prep_psi_+1+1+1_12Oct1428.dat	 DONE
room to enter remarks DONE
12/10/2025 14:28:25:	move motor	S18.axis2.phaseshifter 2 to -1.750000deg	 DONE
12/10/2025 14:28:27:	1	count	time	10.000000s/cts	O Det=853	H Det=2804	Mon Det=31052	Aux Det=2093	O+H=5750	 DONE
12/10/2025 14:28:38:	move motor	S18.axis2.phaseshifter 2 to -1.650000deg	 DONE
12/10/2025 14:28:40:	2	count	time	10.000000s/cts	O Det=1314	H Det=2304	Mon Det=31372	Aux Det=2151	O+H=5769	 DONE
12/10/2025 14:28:51:	move motor	S18.axis2.phaseshifter 2 to -1.550000deg	 DONE
12/10/2025 14:28:53:	3	count	time	10.000000s/cts	O Det=2029	H Det=1673	Mon Det=31118	Aux Det=2074	O+H=5776	 DONE
12/10/2025 14:29:05:	move motor	S18.axis2.phaseshifter 2 to -1.450000deg	 DONE
12/10/2025 14:29:06:	4	count	time	10.000000s/cts	O Det=2626	H Det=1210	Mon Det=30915	Aux Det=2138	O+H=5974	 DONE
12/10/2025 14:29:18:	move motor	S18.axis2.phaseshifter 2 to -1.350000deg	 DONE
12/10/2025 14:29:19:	5	count	time	10.000000s/cts	O Det=2700	H Det=958	Mon Det=30916	Aux Det=2147	O+H=5805	 DONE
12/10/2025 14:29:31:	move motor	S18.axis2.phaseshifter 2 to -1.250000deg	 DONE
12/10/2025 14:29:32:	6	count	time	10.000000s/cts	O Det=2532	H Det=1168	Mon Det=31084	Aux Det=2222	O+H=5922	 DONE
12/10/2025 14:29:44:	move motor	S18.axis2.phaseshifter 2 to -1.150000deg	 DONE
12/10/2025 14:29:46:	7	count	time	10.000000s/cts	O Det=2055	H Det=1632	Mon Det=31054	Aux Det=2114	O+H=5801	 DONE
12/10/2025 14:29:57:	move motor	S18.axis2.phaseshifter 2 to -1.050000deg	 DONE
12/10/2025 14:29:59:	8	count	time	10.000000s/cts	O Det=1399	H Det=2271	Mon Det=31017	Aux Det=2145	O+H=5815	 DONE
12/10/2025 14:30:10:	move motor	S18.axis2.phaseshifter 2 to -0.950000deg	 DONE
12/10/2025 14:30:12:	9	count	time	10.000000s/cts	O Det=794	H Det=2729	Mon Det=31125	Aux Det=2135	O+H=5658	 DONE
12/10/2025 14:30:24:	move motor	S18.axis2.phaseshifter 2 to -0.850000deg	 DONE
12/10/2025 14:30:25:	10	count	time	10.000000s/cts	O Det=520	H Det=3071	Mon Det=31160	Aux Det=2172	O+H=5763	 DONE
12/10/2025 14:30:37:	move motor	S18.axis2.phaseshifter 2 to -0.750000deg	 DONE
12/10/2025 14:30:38:	11	count	time	10.000000s/cts	O Det=655	H Det=2934	Mon Det=30994	Aux Det=2104	O+H=5693	 DONE
12/10/2025 14:30:50:	move motor	S18.axis2.phaseshifter 2 to -0.650000deg	 DONE
12/10/2025 14:30:52:	12	count	time	10.000000s/cts	O Det=1283	H Det=2377	Mon Det=30863	Aux Det=2115	O+H=5775	 DONE
12/10/2025 14:31:03:	move motor	S18.axis2.phaseshifter 2 to -0.550000deg	 DONE
12/10/2025 14:31:05:	13	count	time	10.000000s/cts	O Det=2033	H Det=1763	Mon Det=30744	Aux Det=2193	O+H=5989	 DONE
12/10/2025 14:31:16:	move motor	S18.axis2.phaseshifter 2 to -0.450000deg	 DONE
12/10/2025 14:31:18:	14	count	time	10.000000s/cts	O Det=2480	H Det=1318	Mon Det=31171	Aux Det=2182	O+H=5980	 DONE
12/10/2025 14:31:30:	move motor	S18.axis2.phaseshifter 2 to -0.350000deg	 DONE
12/10/2025 14:31:31:	15	count	time	10.000000s/cts	O Det=2767	H Det=979	Mon Det=31110	Aux Det=2209	O+H=5955	 DONE
12/10/2025 14:31:43:	move motor	S18.axis2.phaseshifter 2 to -0.250000deg	 DONE
12/10/2025 14:31:44:	16	count	time	10.000000s/cts	O Det=2656	H Det=1090	Mon Det=31254	Aux Det=2067	O+H=5813	 DONE
12/10/2025 14:31:56:	move motor	S18.axis2.phaseshifter 2 to -0.150000deg	 DONE
12/10/2025 14:31:58:	17	count	time	10.000000s/cts	O Det=2249	H Det=1468	Mon Det=30898	Aux Det=2162	O+H=5879	 DONE
12/10/2025 14:32:09:	move motor	S18.axis2.phaseshifter 2 to -0.050000deg	 DONE
12/10/2025 14:32:11:	18	count	time	10.000000s/cts	O Det=1530	H Det=2034	Mon Det=31063	Aux Det=2173	O+H=5737	 DONE
12/10/2025 14:32:22:	move motor	S18.axis2.phaseshifter 2 to 0.050000deg	 DONE
12/10/2025 14:32:24:	19	count	time	10.000000s/cts	O Det=877	H Det=2651	Mon Det=30968	Aux Det=2098	O+H=5626	 DONE
12/10/2025 14:32:36:	move motor	S18.axis2.phaseshifter 2 to 0.150000deg	 DONE
12/10/2025 14:32:37:	20	count	time	10.000000s/cts	O Det=603	H Det=2938	Mon Det=30782	Aux Det=2249	O+H=5790	 DONE
12/10/2025 14:32:49:	move motor	S18.axis2.phaseshifter 2 to 0.250000deg	 DONE
12/10/2025 14:32:50:	21	count	time	10.000000s/cts	O Det=577	H Det=2934	Mon Det=31153	Aux Det=2158	O+H=5669	 DONE
12/10/2025 14:33:02:	close file and end scan	 DONE
call of ifg2_newPS_2p10s_AP.sc DONE
12/10/2025 14:33:03:	move motor	S18.axis2.phaseshifter 2 to fit O COS-360	-2.380831reached -2.38403  DONE
12/10/2025 14:33:07:	END OF SCRIPT	 DONE
