23/10/2025 20:48:39:	start execution of script D:\data\Cycle 198\exp_3-16-19\rawdata\sc\Prep_psi_+1+1+1_In.sc	 DONE
23/10/2025 20:48:40:	move motor	S18.axis2.phaseshifter 1 to 0.00000deg	reached -0.01099  DONE
23/10/2025 20:48:43:	move motor	S18.axis2.phaseshifter 2 to 0.00000deg	reached 0.01099  DONE
call of Move_PS12_parallel.sc DONE
23/10/2025 20:48:46:	move motor	S18.axis2.phaseshifter 1 to -1.400000deg	 DONE
23/10/2025 20:48:48:	create file	D:\data\Cycle 198\exp_3-16-19\rawdata\sc\Prep_psi_+1+1+1_In_23Oct2048.dat	 DONE
room to enter remarks DONE
23/10/2025 20:48:49:	move motor	S18.axis2.phaseshifter 1 to -1.300000deg	 DONE
23/10/2025 20:48:50:	1	count	time	5.000000s/cts	O Det=787	H Det=424	Mon Det=12457	Aux Det=955	O+H=2166	 DONE
23/10/2025 20:48:57:	move motor	S18.axis2.phaseshifter 1 to -1.200000deg	 DONE
23/10/2025 20:48:58:	2	count	time	5.000000s/cts	O Det=905	H Det=397	Mon Det=12675	Aux Det=839	O+H=2141	 DONE
23/10/2025 20:49:05:	move motor	S18.axis2.phaseshifter 1 to -1.100000deg	 DONE
23/10/2025 20:49:07:	3	count	time	5.000000s/cts	O Det=900	H Det=364	Mon Det=12425	Aux Det=904	O+H=2168	 DONE
23/10/2025 20:49:13:	move motor	S18.axis2.phaseshifter 1 to -1.000000deg	 DONE
23/10/2025 20:49:15:	4	count	time	5.000000s/cts	O Det=756	H Det=326	Mon Det=12513	Aux Det=1118	O+H=2200	 DONE
23/10/2025 20:49:22:	move motor	S18.axis2.phaseshifter 1 to -0.900000deg	 DONE
23/10/2025 20:49:23:	5	count	time	5.000000s/cts	O Det=653	H Det=300	Mon Det=12617	Aux Det=1338	O+H=2291	 DONE
23/10/2025 20:49:30:	move motor	S18.axis2.phaseshifter 1 to -0.800000deg	 DONE
23/10/2025 20:49:31:	6	count	time	5.000000s/cts	O Det=431	H Det=335	Mon Det=12497	Aux Det=1668	O+H=2434	 DONE
23/10/2025 20:49:38:	move motor	S18.axis2.phaseshifter 1 to -0.700000deg	 DONE
23/10/2025 20:49:39:	7	count	time	5.000000s/cts	O Det=318	H Det=385	Mon Det=12522	Aux Det=1859	O+H=2562	 DONE
23/10/2025 20:49:46:	move motor	S18.axis2.phaseshifter 1 to -0.600000deg	 DONE
23/10/2025 20:49:48:	8	count	time	5.000000s/cts	O Det=293	H Det=373	Mon Det=12540	Aux Det=1865	O+H=2531	 DONE
23/10/2025 20:49:54:	move motor	S18.axis2.phaseshifter 1 to -0.500000deg	 DONE
23/10/2025 20:49:56:	9	count	time	5.000000s/cts	O Det=363	H Det=407	Mon Det=12550	Aux Det=1580	O+H=2350	 DONE
23/10/2025 20:50:03:	move motor	S18.axis2.phaseshifter 1 to -0.400000deg	 DONE
23/10/2025 20:50:04:	10	count	time	5.000000s/cts	O Det=520	H Det=459	Mon Det=12510	Aux Det=1352	O+H=2331	 DONE
23/10/2025 20:50:11:	move motor	S18.axis2.phaseshifter 1 to -0.300000deg	 DONE
23/10/2025 20:50:12:	11	count	time	5.000000s/cts	O Det=687	H Det=471	Mon Det=12625	Aux Det=1091	O+H=2249	 DONE
23/10/2025 20:50:19:	move motor	S18.axis2.phaseshifter 1 to -0.200000deg	 DONE
23/10/2025 20:50:21:	12	count	time	5.000000s/cts	O Det=899	H Det=437	Mon Det=12878	Aux Det=877	O+H=2213	 DONE
23/10/2025 20:50:27:	move motor	S18.axis2.phaseshifter 1 to -0.100000deg	 DONE
23/10/2025 20:50:29:	13	count	time	5.000000s/cts	O Det=844	H Det=425	Mon Det=12581	Aux Det=896	O+H=2165	 DONE
23/10/2025 20:50:36:	move motor	S18.axis2.phaseshifter 1 to 0.000000deg	 DONE
23/10/2025 20:50:37:	14	count	time	5.000000s/cts	O Det=732	H Det=401	Mon Det=12729	Aux Det=1024	O+H=2157	 DONE
23/10/2025 20:50:44:	move motor	S18.axis2.phaseshifter 1 to 0.100000deg	 DONE
23/10/2025 20:50:45:	15	count	time	5.000000s/cts	O Det=687	H Det=307	Mon Det=12549	Aux Det=1248	O+H=2242	 DONE
23/10/2025 20:50:52:	move motor	S18.axis2.phaseshifter 1 to 0.200000deg	 DONE
23/10/2025 20:50:53:	16	count	time	5.000000s/cts	O Det=545	H Det=336	Mon Det=12806	Aux Det=1636	O+H=2517	 DONE
23/10/2025 20:51:00:	move motor	S18.axis2.phaseshifter 1 to 0.300000deg	 DONE
23/10/2025 20:51:02:	17	count	time	5.000000s/cts	O Det=367	H Det=337	Mon Det=12546	Aux Det=1813	O+H=2517	 DONE
23/10/2025 20:51:08:	move motor	S18.axis2.phaseshifter 1 to 0.400000deg	 DONE
23/10/2025 20:51:10:	18	count	time	5.000000s/cts	O Det=308	H Det=417	Mon Det=12468	Aux Det=1848	O+H=2573	 DONE
23/10/2025 20:51:16:	move motor	S18.axis2.phaseshifter 1 to 0.500000deg	 DONE
23/10/2025 20:51:18:	19	count	time	5.000000s/cts	O Det=370	H Det=405	Mon Det=12761	Aux Det=1634	O+H=2409	 DONE
23/10/2025 20:51:25:	move motor	S18.axis2.phaseshifter 1 to 0.600000deg	 DONE
23/10/2025 20:51:26:	20	count	time	5.000000s/cts	O Det=484	H Det=433	Mon Det=12403	Aux Det=1434	O+H=2351	 DONE
23/10/2025 20:51:33:	move motor	S18.axis2.phaseshifter 1 to 0.700000deg	 DONE
23/10/2025 20:51:34:	21	count	time	5.000000s/cts	O Det=562	H Det=459	Mon Det=12683	Aux Det=1175	O+H=2196	 DONE
23/10/2025 20:51:41:	close file and end scan	 DONE
call of ifg1_newPS_2p5s_AP.sc DONE
23/10/2025 20:51:42:	move motor	S18.axis2.phaseshifter 1 to fit AUX COS180	-0.148376reached -0.15381  DONE
23/10/2025 20:51:45:	move motor	S18.axis2.phaseshifter 2 to -1.850000deg	 DONE
23/10/2025 20:51:47:	create file	D:\data\Cycle 198\exp_3-16-19\rawdata\sc\Prep_psi_+1+1+1_In_23Oct2051.dat	 DONE
room to enter remarks DONE
23/10/2025 20:51:48:	move motor	S18.axis2.phaseshifter 2 to -1.750000deg	 DONE
23/10/2025 20:51:50:	1	count	time	10.000000s/cts	O Det=608	H Det=1719	Mon Det=24991	Aux Det=1745	O+H=4072	 DONE
23/10/2025 20:52:01:	move motor	S18.axis2.phaseshifter 2 to -1.650000deg	 DONE
23/10/2025 20:52:03:	2	count	time	10.000000s/cts	O Det=444	H Det=1977	Mon Det=25141	Aux Det=1736	O+H=4157	 DONE
23/10/2025 20:52:14:	move motor	S18.axis2.phaseshifter 2 to -1.550000deg	 DONE
23/10/2025 20:52:16:	3	count	time	10.000000s/cts	O Det=464	H Det=1877	Mon Det=24865	Aux Det=1704	O+H=4045	 DONE
23/10/2025 20:52:28:	move motor	S18.axis2.phaseshifter 2 to -1.450000deg	 DONE
23/10/2025 20:52:29:	4	count	time	10.000000s/cts	O Det=784	H Det=1666	Mon Det=24593	Aux Det=1676	O+H=4126	 DONE
23/10/2025 20:52:41:	move motor	S18.axis2.phaseshifter 2 to -1.350000deg	 DONE
23/10/2025 20:52:42:	5	count	time	10.000000s/cts	O Det=1241	H Det=1311	Mon Det=25072	Aux Det=1668	O+H=4220	 DONE
23/10/2025 20:52:54:	move motor	S18.axis2.phaseshifter 2 to -1.250000deg	 DONE
23/10/2025 20:52:55:	6	count	time	10.000000s/cts	O Det=1660	H Det=900	Mon Det=24899	Aux Det=1603	O+H=4163	 DONE
23/10/2025 20:53:07:	move motor	S18.axis2.phaseshifter 2 to -1.150000deg	 DONE
23/10/2025 20:53:09:	7	count	time	10.000000s/cts	O Det=1835	H Det=747	Mon Det=24792	Aux Det=1688	O+H=4270	 DONE
23/10/2025 20:53:20:	move motor	S18.axis2.phaseshifter 2 to -1.050000deg	 DONE
23/10/2025 20:53:22:	8	count	time	10.000000s/cts	O Det=1814	H Det=702	Mon Det=24995	Aux Det=1619	O+H=4135	 DONE
23/10/2025 20:53:34:	move motor	S18.axis2.phaseshifter 2 to -0.950000deg	 DONE
23/10/2025 20:53:35:	9	count	time	10.000000s/cts	O Det=1493	H Det=1032	Mon Det=24736	Aux Det=1668	O+H=4193	 DONE
23/10/2025 20:53:47:	move motor	S18.axis2.phaseshifter 2 to -0.850000deg	 DONE
23/10/2025 20:53:48:	10	count	time	10.000000s/cts	O Det=1042	H Det=1386	Mon Det=24786	Aux Det=1669	O+H=4097	 DONE
23/10/2025 20:54:00:	move motor	S18.axis2.phaseshifter 2 to -0.750000deg	 DONE
23/10/2025 20:54:02:	11	count	time	10.000000s/cts	O Det=705	H Det=1700	Mon Det=24883	Aux Det=1665	O+H=4070	 DONE
23/10/2025 20:54:13:	move motor	S18.axis2.phaseshifter 2 to -0.650000deg	 DONE
23/10/2025 20:54:15:	12	count	time	10.000000s/cts	O Det=465	H Det=1938	Mon Det=25075	Aux Det=1700	O+H=4103	 DONE
23/10/2025 20:54:26:	move motor	S18.axis2.phaseshifter 2 to -0.550000deg	 DONE
23/10/2025 20:54:28:	13	count	time	10.000000s/cts	O Det=510	H Det=1806	Mon Det=24823	Aux Det=1823	O+H=4139	 DONE
23/10/2025 20:54:40:	move motor	S18.axis2.phaseshifter 2 to -0.450000deg	 DONE
23/10/2025 20:54:41:	14	count	time	10.000000s/cts	O Det=757	H Det=1660	Mon Det=24616	Aux Det=1620	O+H=4037	 DONE
23/10/2025 20:54:53:	move motor	S18.axis2.phaseshifter 2 to -0.350000deg	 DONE
23/10/2025 20:54:54:	15	count	time	10.000000s/cts	O Det=1090	H Det=1382	Mon Det=24907	Aux Det=1685	O+H=4157	 DONE
23/10/2025 20:55:06:	move motor	S18.axis2.phaseshifter 2 to -0.250000deg	 DONE
23/10/2025 20:55:08:	16	count	time	10.000000s/cts	O Det=1505	H Det=999	Mon Det=24917	Aux Det=1755	O+H=4259	 DONE
23/10/2025 20:55:19:	move motor	S18.axis2.phaseshifter 2 to -0.150000deg	 DONE
23/10/2025 20:55:21:	17	count	time	10.000000s/cts	O Det=1686	H Det=826	Mon Det=24554	Aux Det=1656	O+H=4168	 DONE
23/10/2025 20:55:32:	move motor	S18.axis2.phaseshifter 2 to -0.050000deg	 DONE
23/10/2025 20:55:34:	18	count	time	10.000000s/cts	O Det=1830	H Det=799	Mon Det=24706	Aux Det=1691	O+H=4320	 DONE
23/10/2025 20:55:46:	move motor	S18.axis2.phaseshifter 2 to 0.050000deg	 DONE
23/10/2025 20:55:47:	19	count	time	10.000000s/cts	O Det=1582	H Det=926	Mon Det=25176	Aux Det=1742	O+H=4250	 DONE
23/10/2025 20:55:59:	move motor	S18.axis2.phaseshifter 2 to 0.150000deg	 DONE
23/10/2025 20:56:00:	20	count	time	10.000000s/cts	O Det=1246	H Det=1197	Mon Det=24484	Aux Det=1741	O+H=4184	 DONE
23/10/2025 20:56:12:	move motor	S18.axis2.phaseshifter 2 to 0.250000deg	 DONE
23/10/2025 20:56:13:	21	count	time	10.000000s/cts	O Det=932	H Det=1534	Mon Det=24748	Aux Det=1609	O+H=4075	 DONE
23/10/2025 20:56:25:	close file and end scan	 DONE
call of ifg2_newPS_2p10s_AP.sc DONE
23/10/2025 20:56:26:	move motor	S18.axis2.phaseshifter 2 to fit O COS360	-0.082732reached -0.08789  DONE
23/10/2025 20:56:29:	END OF SCRIPT	 DONE
