24/10/2025 11:25:39:	start execution of script D:\data\Cycle 198\exp_3-16-19\rawdata\sc\Prep_psi_+exp(-i60)+1+exp(i120)_In.sc	 DONE
24/10/2025 11:25:39:	move motor	S18.axis2.phaseshifter 1 to 0.00000deg	reached -0.01099  DONE
24/10/2025 11:25:42:	move motor	S18.axis2.phaseshifter 2 to 0.00000deg	reached 0.00000  DONE
call of Move_PS12_parallel.sc DONE
24/10/2025 11:25:46:	move motor	S18.axis2.phaseshifter 1 to -1.400000deg	 DONE
24/10/2025 11:25:48:	create file	D:\data\Cycle 198\exp_3-16-19\rawdata\sc\Prep_psi_+exp(-i60)+1+exp(i120)_In_24Oct1125.dat	 DONE
room to enter remarks DONE
24/10/2025 11:25:49:	move motor	S18.axis2.phaseshifter 1 to -1.300000deg	 DONE
24/10/2025 11:25:50:	1	count	time	5.000000s/cts	O Det=758	H Det=483	Mon Det=12496	Aux Det=870	O+H=2111	 DONE
24/10/2025 11:25:57:	move motor	S18.axis2.phaseshifter 1 to -1.200000deg	 DONE
24/10/2025 11:25:59:	2	count	time	5.000000s/cts	O Det=880	H Det=387	Mon Det=12509	Aux Det=852	O+H=2119	 DONE
24/10/2025 11:26:05:	move motor	S18.axis2.phaseshifter 1 to -1.100000deg	 DONE
24/10/2025 11:26:07:	3	count	time	5.000000s/cts	O Det=857	H Det=358	Mon Det=12497	Aux Det=944	O+H=2159	 DONE
24/10/2025 11:26:13:	move motor	S18.axis2.phaseshifter 1 to -1.000000deg	 DONE
24/10/2025 11:26:15:	4	count	time	5.000000s/cts	O Det=777	H Det=312	Mon Det=12477	Aux Det=1186	O+H=2275	 DONE
24/10/2025 11:26:22:	move motor	S18.axis2.phaseshifter 1 to -0.900000deg	 DONE
24/10/2025 11:26:23:	5	count	time	5.000000s/cts	O Det=539	H Det=317	Mon Det=12600	Aux Det=1487	O+H=2343	 DONE
24/10/2025 11:26:30:	move motor	S18.axis2.phaseshifter 1 to -0.800000deg	 DONE
24/10/2025 11:26:31:	6	count	time	5.000000s/cts	O Det=404	H Det=359	Mon Det=12517	Aux Det=1669	O+H=2432	 DONE
24/10/2025 11:26:38:	move motor	S18.axis2.phaseshifter 1 to -0.700000deg	 DONE
24/10/2025 11:26:40:	7	count	time	5.000000s/cts	O Det=298	H Det=366	Mon Det=12311	Aux Det=1832	O+H=2496	 DONE
24/10/2025 11:26:46:	move motor	S18.axis2.phaseshifter 1 to -0.600000deg	 DONE
24/10/2025 11:26:48:	8	count	time	5.000000s/cts	O Det=285	H Det=396	Mon Det=12503	Aux Det=1761	O+H=2442	 DONE
24/10/2025 11:26:54:	move motor	S18.axis2.phaseshifter 1 to -0.500000deg	 DONE
24/10/2025 11:26:56:	9	count	time	5.000000s/cts	O Det=382	H Det=450	Mon Det=12394	Aux Det=1575	O+H=2407	 DONE
24/10/2025 11:27:03:	move motor	S18.axis2.phaseshifter 1 to -0.400000deg	 DONE
24/10/2025 11:27:04:	10	count	time	5.000000s/cts	O Det=563	H Det=470	Mon Det=12371	Aux Det=1233	O+H=2266	 DONE
24/10/2025 11:27:11:	move motor	S18.axis2.phaseshifter 1 to -0.300000deg	 DONE
24/10/2025 11:27:12:	11	count	time	5.000000s/cts	O Det=692	H Det=471	Mon Det=12440	Aux Det=1020	O+H=2183	 DONE
24/10/2025 11:27:19:	move motor	S18.axis2.phaseshifter 1 to -0.200000deg	 DONE
24/10/2025 11:27:21:	12	count	time	5.000000s/cts	O Det=803	H Det=403	Mon Det=12417	Aux Det=920	O+H=2126	 DONE
24/10/2025 11:27:27:	move motor	S18.axis2.phaseshifter 1 to -0.100000deg	 DONE
24/10/2025 11:27:29:	13	count	time	5.000000s/cts	O Det=861	H Det=374	Mon Det=12372	Aux Det=897	O+H=2132	 DONE
24/10/2025 11:27:35:	move motor	S18.axis2.phaseshifter 1 to 0.000000deg	 DONE
24/10/2025 11:27:37:	14	count	time	5.000000s/cts	O Det=847	H Det=333	Mon Det=12421	Aux Det=1073	O+H=2253	 DONE
24/10/2025 11:27:44:	move motor	S18.axis2.phaseshifter 1 to 0.100000deg	 DONE
24/10/2025 11:27:45:	15	count	time	5.000000s/cts	O Det=663	H Det=310	Mon Det=12494	Aux Det=1358	O+H=2331	 DONE
24/10/2025 11:27:52:	move motor	S18.axis2.phaseshifter 1 to 0.200000deg	 DONE
24/10/2025 11:27:53:	16	count	time	5.000000s/cts	O Det=475	H Det=325	Mon Det=12370	Aux Det=1663	O+H=2463	 DONE
24/10/2025 11:28:00:	move motor	S18.axis2.phaseshifter 1 to 0.300000deg	 DONE
24/10/2025 11:28:02:	17	count	time	5.000000s/cts	O Det=326	H Det=350	Mon Det=12477	Aux Det=1777	O+H=2453	 DONE
24/10/2025 11:28:08:	move motor	S18.axis2.phaseshifter 1 to 0.400000deg	 DONE
24/10/2025 11:28:10:	18	count	time	5.000000s/cts	O Det=290	H Det=371	Mon Det=12489	Aux Det=1891	O+H=2552	 DONE
24/10/2025 11:28:16:	move motor	S18.axis2.phaseshifter 1 to 0.500000deg	 DONE
24/10/2025 11:28:18:	19	count	time	5.000000s/cts	O Det=333	H Det=415	Mon Det=12247	Aux Det=1599	O+H=2347	 DONE
24/10/2025 11:28:25:	move motor	S18.axis2.phaseshifter 1 to 0.600000deg	 DONE
24/10/2025 11:28:26:	20	count	time	5.000000s/cts	O Det=513	H Det=454	Mon Det=12313	Aux Det=1324	O+H=2291	 DONE
24/10/2025 11:28:33:	move motor	S18.axis2.phaseshifter 1 to 0.700000deg	 DONE
24/10/2025 11:28:34:	21	count	time	5.000000s/cts	O Det=711	H Det=468	Mon Det=12339	Aux Det=1081	O+H=2260	 DONE
24/10/2025 11:28:41:	close file and end scan	 DONE
call of ifg1_newPS_2p5s_AP.sc DONE
24/10/2025 11:28:42:	move motor	S18.axis2.phaseshifter 1 to fit AUX COS-180	-1.209990reached -1.20850  DONE
24/10/2025 11:28:45:	move motor	S18.axis2.phaseshifter 2 to -1.850000deg	 DONE
24/10/2025 11:28:47:	create file	D:\data\Cycle 198\exp_3-16-19\rawdata\sc\Prep_psi_+exp(-i60)+1+exp(i120)_In_24Oct1128.dat	 DONE
room to enter remarks DONE
24/10/2025 11:28:48:	move motor	S18.axis2.phaseshifter 2 to -1.750000deg	 DONE
24/10/2025 11:28:50:	1	count	time	10.000000s/cts	O Det=592	H Det=1826	Mon Det=24616	Aux Det=1670	O+H=4088	 DONE
24/10/2025 11:29:02:	move motor	S18.axis2.phaseshifter 2 to -1.650000deg	 DONE
24/10/2025 11:29:03:	2	count	time	10.000000s/cts	O Det=410	H Det=1929	Mon Det=24982	Aux Det=1640	O+H=3979	 DONE
24/10/2025 11:29:15:	move motor	S18.axis2.phaseshifter 2 to -1.550000deg	 DONE
24/10/2025 11:29:16:	3	count	time	10.000000s/cts	O Det=480	H Det=1908	Mon Det=24821	Aux Det=1699	O+H=4087	 DONE
24/10/2025 11:29:28:	move motor	S18.axis2.phaseshifter 2 to -1.450000deg	 DONE
24/10/2025 11:29:29:	4	count	time	10.000000s/cts	O Det=810	H Det=1605	Mon Det=25168	Aux Det=1644	O+H=4059	 DONE
24/10/2025 11:29:41:	move motor	S18.axis2.phaseshifter 2 to -1.350000deg	 DONE
24/10/2025 11:29:43:	5	count	time	10.000000s/cts	O Det=1175	H Det=1284	Mon Det=24787	Aux Det=1669	O+H=4128	 DONE
24/10/2025 11:29:54:	move motor	S18.axis2.phaseshifter 2 to -1.250000deg	 DONE
24/10/2025 11:29:56:	6	count	time	10.000000s/cts	O Det=1547	H Det=997	Mon Det=24894	Aux Det=1757	O+H=4301	 DONE
24/10/2025 11:30:08:	move motor	S18.axis2.phaseshifter 2 to -1.150000deg	 DONE
24/10/2025 11:30:09:	7	count	time	10.000000s/cts	O Det=1719	H Det=822	Mon Det=24760	Aux Det=1667	O+H=4208	 DONE
24/10/2025 11:30:21:	move motor	S18.axis2.phaseshifter 2 to -1.050000deg	 DONE
24/10/2025 11:30:22:	8	count	time	10.000000s/cts	O Det=1845	H Det=751	Mon Det=24969	Aux Det=1734	O+H=4330	 DONE
24/10/2025 11:30:34:	move motor	S18.axis2.phaseshifter 2 to -0.950000deg	 DONE
24/10/2025 11:30:35:	9	count	time	10.000000s/cts	O Det=1557	H Det=1003	Mon Det=24887	Aux Det=1708	O+H=4268	 DONE
24/10/2025 11:30:47:	move motor	S18.axis2.phaseshifter 2 to -0.850000deg	 DONE
24/10/2025 11:30:49:	10	count	time	10.000000s/cts	O Det=1173	H Det=1338	Mon Det=24558	Aux Det=1715	O+H=4226	 DONE
24/10/2025 11:31:00:	move motor	S18.axis2.phaseshifter 2 to -0.750000deg	 DONE
24/10/2025 11:31:02:	11	count	time	10.000000s/cts	O Det=738	H Det=1615	Mon Det=24883	Aux Det=1688	O+H=4041	 DONE
24/10/2025 11:31:13:	move motor	S18.axis2.phaseshifter 2 to -0.650000deg	 DONE
24/10/2025 11:31:15:	12	count	time	10.000000s/cts	O Det=441	H Det=1913	Mon Det=24746	Aux Det=1694	O+H=4048	 DONE
24/10/2025 11:31:27:	move motor	S18.axis2.phaseshifter 2 to -0.550000deg	 DONE
24/10/2025 11:31:28:	13	count	time	10.000000s/cts	O Det=457	H Det=1901	Mon Det=25062	Aux Det=1610	O+H=3968	 DONE
24/10/2025 11:31:40:	move motor	S18.axis2.phaseshifter 2 to -0.450000deg	 DONE
24/10/2025 11:31:41:	14	count	time	10.000000s/cts	O Det=717	H Det=1779	Mon Det=24788	Aux Det=1780	O+H=4276	 DONE
24/10/2025 11:31:53:	move motor	S18.axis2.phaseshifter 2 to -0.350000deg	 DONE
24/10/2025 11:31:55:	15	count	time	10.000000s/cts	O Det=1126	H Det=1339	Mon Det=24964	Aux Det=1647	O+H=4112	 DONE
24/10/2025 11:32:06:	move motor	S18.axis2.phaseshifter 2 to -0.250000deg	 DONE
24/10/2025 11:32:08:	16	count	time	10.000000s/cts	O Det=1519	H Det=1047	Mon Det=24711	Aux Det=1667	O+H=4233	 DONE
24/10/2025 11:32:19:	move motor	S18.axis2.phaseshifter 2 to -0.150000deg	 DONE
24/10/2025 11:32:21:	17	count	time	10.000000s/cts	O Det=1749	H Det=776	Mon Det=24747	Aux Det=1640	O+H=4165	 DONE
24/10/2025 11:32:33:	move motor	S18.axis2.phaseshifter 2 to -0.050000deg	 DONE
24/10/2025 11:32:34:	18	count	time	10.000000s/cts	O Det=1822	H Det=760	Mon Det=24558	Aux Det=1705	O+H=4287	 DONE
24/10/2025 11:32:46:	move motor	S18.axis2.phaseshifter 2 to 0.050000deg	 DONE
24/10/2025 11:32:47:	19	count	time	10.000000s/cts	O Det=1615	H Det=931	Mon Det=24800	Aux Det=1617	O+H=4163	 DONE
24/10/2025 11:32:59:	move motor	S18.axis2.phaseshifter 2 to 0.150000deg	 DONE
24/10/2025 11:33:01:	20	count	time	10.000000s/cts	O Det=1262	H Det=1233	Mon Det=24710	Aux Det=1613	O+H=4108	 DONE
24/10/2025 11:33:12:	move motor	S18.axis2.phaseshifter 2 to 0.250000deg	 DONE
24/10/2025 11:33:14:	21	count	time	10.000000s/cts	O Det=848	H Det=1634	Mon Det=25016	Aux Det=1676	O+H=4158	 DONE
24/10/2025 11:33:25:	close file and end scan	 DONE
call of ifg2_newPS_2p10s_AP.sc DONE
24/10/2025 11:33:27:	move motor	S18.axis2.phaseshifter 2 to fit O COS300	-0.253908reached -0.25269  DONE
24/10/2025 11:33:29:	move motor	S18.axis2.phaseshifter 1 to -1.400000deg	 DONE
24/10/2025 11:33:31:	create file	D:\data\Cycle 198\exp_3-16-19\rawdata\sc\Prep_psi_+exp(-i60)+1+exp(i120)_In_24Oct1133.dat	 DONE
room to enter remarks DONE
24/10/2025 11:33:32:	move motor	S18.axis2.phaseshifter 1 to -1.300000deg	 DONE
24/10/2025 11:33:33:	1	count	time	5.000000s/cts	O Det=789	H Det=423	Mon Det=12353	Aux Det=879	O+H=2091	 DONE
24/10/2025 11:33:40:	move motor	S18.axis2.phaseshifter 1 to -1.200000deg	 DONE
24/10/2025 11:33:42:	2	count	time	5.000000s/cts	O Det=791	H Det=523	Mon Det=12220	Aux Det=823	O+H=2137	 DONE
24/10/2025 11:33:48:	move motor	S18.axis2.phaseshifter 1 to -1.100000deg	 DONE
24/10/2025 11:33:50:	3	count	time	5.000000s/cts	O Det=692	H Det=532	Mon Det=12336	Aux Det=926	O+H=2150	 DONE
24/10/2025 11:33:56:	move motor	S18.axis2.phaseshifter 1 to -1.000000deg	 DONE
24/10/2025 11:33:58:	4	count	time	5.000000s/cts	O Det=513	H Det=576	Mon Det=12530	Aux Det=1174	O+H=2263	 DONE
24/10/2025 11:34:05:	move motor	S18.axis2.phaseshifter 1 to -0.900000deg	 DONE
24/10/2025 11:34:06:	5	count	time	5.000000s/cts	O Det=356	H Det=555	Mon Det=12431	Aux Det=1373	O+H=2284	 DONE
24/10/2025 11:34:13:	move motor	S18.axis2.phaseshifter 1 to -0.800000deg	 DONE
24/10/2025 11:34:15:	6	count	time	5.000000s/cts	O Det=244	H Det=473	Mon Det=12522	Aux Det=1742	O+H=2459	 DONE
24/10/2025 11:34:21:	move motor	S18.axis2.phaseshifter 1 to -0.700000deg	 DONE
24/10/2025 11:34:23:	7	count	time	5.000000s/cts	O Det=309	H Det=371	Mon Det=12419	Aux Det=1838	O+H=2518	 DONE
24/10/2025 11:34:29:	move motor	S18.axis2.phaseshifter 1 to -0.600000deg	 DONE
24/10/2025 11:34:31:	8	count	time	5.000000s/cts	O Det=398	H Det=357	Mon Det=12348	Aux Det=1692	O+H=2447	 DONE
24/10/2025 11:34:38:	move motor	S18.axis2.phaseshifter 1 to -0.500000deg	 DONE
24/10/2025 11:34:39:	9	count	time	5.000000s/cts	O Det=513	H Det=338	Mon Det=12456	Aux Det=1534	O+H=2385	 DONE
24/10/2025 11:34:46:	move motor	S18.axis2.phaseshifter 1 to -0.400000deg	 DONE
24/10/2025 11:34:47:	10	count	time	5.000000s/cts	O Det=656	H Det=381	Mon Det=12480	Aux Det=1202	O+H=2239	 DONE
24/10/2025 11:34:54:	move motor	S18.axis2.phaseshifter 1 to -0.300000deg	 DONE
24/10/2025 11:34:56:	11	count	time	5.000000s/cts	O Det=781	H Det=433	Mon Det=12424	Aux Det=917	O+H=2131	 DONE
24/10/2025 11:35:02:	move motor	S18.axis2.phaseshifter 1 to -0.200000deg	 DONE
24/10/2025 11:35:04:	12	count	time	5.000000s/cts	O Det=746	H Det=500	Mon Det=12492	Aux Det=814	O+H=2060	 DONE
24/10/2025 11:35:10:	move motor	S18.axis2.phaseshifter 1 to -0.100000deg	 DONE
24/10/2025 11:35:12:	13	count	time	5.000000s/cts	O Det=630	H Det=556	Mon Det=12471	Aux Det=828	O+H=2014	 DONE
24/10/2025 11:35:19:	move motor	S18.axis2.phaseshifter 1 to 0.000000deg	 DONE
24/10/2025 11:35:20:	14	count	time	5.000000s/cts	O Det=449	H Det=588	Mon Det=12235	Aux Det=1149	O+H=2186	 DONE
24/10/2025 11:35:27:	move motor	S18.axis2.phaseshifter 1 to 0.100000deg	 DONE
24/10/2025 11:35:28:	15	count	time	5.000000s/cts	O Det=374	H Det=553	Mon Det=12331	Aux Det=1373	O+H=2300	 DONE
24/10/2025 11:35:35:	move motor	S18.axis2.phaseshifter 1 to 0.200000deg	 DONE
24/10/2025 11:35:37:	16	count	time	5.000000s/cts	O Det=284	H Det=508	Mon Det=12373	Aux Det=1687	O+H=2479	 DONE
24/10/2025 11:35:43:	move motor	S18.axis2.phaseshifter 1 to 0.300000deg	 DONE
24/10/2025 11:35:45:	17	count	time	5.000000s/cts	O Det=270	H Det=430	Mon Det=12336	Aux Det=1815	O+H=2515	 DONE
24/10/2025 11:35:51:	move motor	S18.axis2.phaseshifter 1 to 0.400000deg	 DONE
24/10/2025 11:35:53:	18	count	time	5.000000s/cts	O Det=341	H Det=386	Mon Det=12480	Aux Det=1762	O+H=2489	 DONE
24/10/2025 11:36:00:	move motor	S18.axis2.phaseshifter 1 to 0.500000deg	 DONE
24/10/2025 11:36:01:	19	count	time	5.000000s/cts	O Det=491	H Det=304	Mon Det=12482	Aux Det=1624	O+H=2419	 DONE
24/10/2025 11:36:08:	move motor	S18.axis2.phaseshifter 1 to 0.600000deg	 DONE
24/10/2025 11:36:09:	20	count	time	5.000000s/cts	O Det=660	H Det=357	Mon Det=12316	Aux Det=1255	O+H=2272	 DONE
24/10/2025 11:36:16:	move motor	S18.axis2.phaseshifter 1 to 0.700000deg	 DONE
24/10/2025 11:36:18:	21	count	time	5.000000s/cts	O Det=737	H Det=441	Mon Det=12207	Aux Det=1060	O+H=2238	 DONE
24/10/2025 11:36:24:	close file and end scan	 DONE
call of ifg1_newPS_2p5s_AP.sc DONE
24/10/2025 11:36:25:	move motor	S18.axis2.phaseshifter 1 to fit AUX COS-60	-0.867242reached -0.85693  DONE
24/10/2025 11:36:28:	END OF SCRIPT	 DONE
