23/10/2025 20:57:34:	start execution of script D:\data\Cycle 198\exp_3-16-19\rawdata\sc\Prep_psi_+1-i-1_In.sc	 DONE
23/10/2025 20:57:34:	move motor	S18.axis2.phaseshifter 1 to 0.00000deg	reached 0.00000  DONE
23/10/2025 20:57:37:	move motor	S18.axis2.phaseshifter 2 to 0.00000deg	reached 0.00000  DONE
call of Move_PS12_parallel.sc DONE
23/10/2025 20:57:40:	move motor	S18.axis2.phaseshifter 1 to -1.400000deg	 DONE
23/10/2025 20:57:42:	create file	D:\data\Cycle 198\exp_3-16-19\rawdata\sc\Prep_psi_+1-i-1_In_23Oct2057.dat	 DONE
room to enter remarks DONE
23/10/2025 20:57:43:	move motor	S18.axis2.phaseshifter 1 to -1.300000deg	 DONE
23/10/2025 20:57:44:	1	count	time	5.000000s/cts	O Det=785	H Det=415	Mon Det=12700	Aux Det=938	O+H=2138	 DONE
23/10/2025 20:57:51:	move motor	S18.axis2.phaseshifter 1 to -1.200000deg	 DONE
23/10/2025 20:57:52:	2	count	time	5.000000s/cts	O Det=890	H Det=453	Mon Det=12435	Aux Det=803	O+H=2146	 DONE
23/10/2025 20:57:59:	move motor	S18.axis2.phaseshifter 1 to -1.100000deg	 DONE
23/10/2025 20:58:00:	3	count	time	5.000000s/cts	O Det=839	H Det=341	Mon Det=12298	Aux Det=939	O+H=2119	 DONE
23/10/2025 20:58:07:	move motor	S18.axis2.phaseshifter 1 to -1.000000deg	 DONE
23/10/2025 20:58:09:	4	count	time	5.000000s/cts	O Det=831	H Det=330	Mon Det=12549	Aux Det=1049	O+H=2210	 DONE
23/10/2025 20:58:15:	move motor	S18.axis2.phaseshifter 1 to -0.900000deg	 DONE
23/10/2025 20:58:17:	5	count	time	5.000000s/cts	O Det=609	H Det=293	Mon Det=12318	Aux Det=1369	O+H=2271	 DONE
23/10/2025 20:58:23:	move motor	S18.axis2.phaseshifter 1 to -0.800000deg	 DONE
23/10/2025 20:58:25:	6	count	time	5.000000s/cts	O Det=465	H Det=284	Mon Det=12404	Aux Det=1656	O+H=2405	 DONE
23/10/2025 20:58:32:	move motor	S18.axis2.phaseshifter 1 to -0.700000deg	 DONE
23/10/2025 20:58:33:	7	count	time	5.000000s/cts	O Det=317	H Det=375	Mon Det=12479	Aux Det=1819	O+H=2511	 DONE
23/10/2025 20:58:40:	move motor	S18.axis2.phaseshifter 1 to -0.600000deg	 DONE
23/10/2025 20:58:41:	8	count	time	5.000000s/cts	O Det=273	H Det=407	Mon Det=12338	Aux Det=1821	O+H=2501	 DONE
23/10/2025 20:58:48:	move motor	S18.axis2.phaseshifter 1 to -0.500000deg	 DONE
23/10/2025 20:58:49:	9	count	time	5.000000s/cts	O Det=369	H Det=426	Mon Det=12374	Aux Det=1587	O+H=2382	 DONE
23/10/2025 20:58:56:	move motor	S18.axis2.phaseshifter 1 to -0.400000deg	 DONE
23/10/2025 20:58:58:	10	count	time	5.000000s/cts	O Det=495	H Det=476	Mon Det=12316	Aux Det=1313	O+H=2284	 DONE
23/10/2025 20:59:04:	move motor	S18.axis2.phaseshifter 1 to -0.300000deg	 DONE
23/10/2025 20:59:06:	11	count	time	5.000000s/cts	O Det=611	H Det=492	Mon Det=12448	Aux Det=1046	O+H=2149	 DONE
23/10/2025 20:59:13:	move motor	S18.axis2.phaseshifter 1 to -0.200000deg	 DONE
23/10/2025 20:59:14:	12	count	time	5.000000s/cts	O Det=765	H Det=446	Mon Det=12344	Aux Det=882	O+H=2093	 DONE
23/10/2025 20:59:21:	move motor	S18.axis2.phaseshifter 1 to -0.100000deg	 DONE
23/10/2025 20:59:22:	13	count	time	5.000000s/cts	O Det=820	H Det=395	Mon Det=12309	Aux Det=846	O+H=2061	 DONE
23/10/2025 20:59:29:	move motor	S18.axis2.phaseshifter 1 to 0.000000deg	 DONE
23/10/2025 20:59:30:	14	count	time	5.000000s/cts	O Det=777	H Det=311	Mon Det=12640	Aux Det=998	O+H=2086	 DONE
23/10/2025 20:59:37:	move motor	S18.axis2.phaseshifter 1 to 0.100000deg	 DONE
23/10/2025 20:59:38:	15	count	time	5.000000s/cts	O Det=621	H Det=338	Mon Det=12317	Aux Det=1317	O+H=2276	 DONE
23/10/2025 20:59:45:	move motor	S18.axis2.phaseshifter 1 to 0.200000deg	 DONE
23/10/2025 20:59:47:	16	count	time	5.000000s/cts	O Det=511	H Det=357	Mon Det=12297	Aux Det=1584	O+H=2452	 DONE
23/10/2025 20:59:53:	move motor	S18.axis2.phaseshifter 1 to 0.300000deg	 DONE
23/10/2025 20:59:55:	17	count	time	5.000000s/cts	O Det=343	H Det=323	Mon Det=12250	Aux Det=1789	O+H=2455	 DONE
23/10/2025 21:00:01:	move motor	S18.axis2.phaseshifter 1 to 0.400000deg	 DONE
23/10/2025 21:00:03:	18	count	time	5.000000s/cts	O Det=276	H Det=353	Mon Det=12625	Aux Det=1856	O+H=2485	 DONE
23/10/2025 21:00:10:	move motor	S18.axis2.phaseshifter 1 to 0.500000deg	 DONE
23/10/2025 21:00:11:	19	count	time	5.000000s/cts	O Det=333	H Det=424	Mon Det=12625	Aux Det=1809	O+H=2566	 DONE
23/10/2025 21:00:18:	move motor	S18.axis2.phaseshifter 1 to 0.600000deg	 DONE
23/10/2025 21:00:19:	20	count	time	5.000000s/cts	O Det=432	H Det=442	Mon Det=12396	Aux Det=1520	O+H=2394	 DONE
23/10/2025 21:00:26:	move motor	S18.axis2.phaseshifter 1 to 0.700000deg	 DONE
23/10/2025 21:00:27:	21	count	time	5.000000s/cts	O Det=603	H Det=475	Mon Det=12470	Aux Det=1219	O+H=2297	 DONE
23/10/2025 21:00:34:	close file and end scan	 DONE
call of ifg1_newPS_2p5s_AP.sc DONE
23/10/2025 21:00:35:	move motor	S18.axis2.phaseshifter 1 to fit AUX COS-180	-1.193534reached -1.18652  DONE
23/10/2025 21:00:38:	move motor	S18.axis2.phaseshifter 2 to -1.850000deg	 DONE
23/10/2025 21:00:40:	create file	D:\data\Cycle 198\exp_3-16-19\rawdata\sc\Prep_psi_+1-i-1_In_23Oct2100.dat	 DONE
room to enter remarks DONE
23/10/2025 21:00:41:	move motor	S18.axis2.phaseshifter 2 to -1.750000deg	 DONE
23/10/2025 21:00:43:	1	count	time	10.000000s/cts	O Det=628	H Det=1800	Mon Det=24844	Aux Det=1680	O+H=4108	 DONE
23/10/2025 21:00:55:	move motor	S18.axis2.phaseshifter 2 to -1.650000deg	 DONE
23/10/2025 21:00:56:	2	count	time	10.000000s/cts	O Det=471	H Det=1830	Mon Det=24714	Aux Det=1713	O+H=4014	 DONE
23/10/2025 21:01:08:	move motor	S18.axis2.phaseshifter 2 to -1.550000deg	 DONE
23/10/2025 21:01:09:	3	count	time	10.000000s/cts	O Det=524	H Det=1849	Mon Det=24714	Aux Det=1762	O+H=4135	 DONE
23/10/2025 21:01:21:	move motor	S18.axis2.phaseshifter 2 to -1.450000deg	 DONE
23/10/2025 21:01:22:	4	count	time	10.000000s/cts	O Det=793	H Det=1658	Mon Det=24803	Aux Det=1606	O+H=4057	 DONE
23/10/2025 21:01:34:	move motor	S18.axis2.phaseshifter 2 to -1.350000deg	 DONE
23/10/2025 21:01:36:	5	count	time	10.000000s/cts	O Det=1179	H Det=1232	Mon Det=24859	Aux Det=1730	O+H=4141	 DONE
23/10/2025 21:01:47:	move motor	S18.axis2.phaseshifter 2 to -1.250000deg	 DONE
23/10/2025 21:01:49:	6	count	time	10.000000s/cts	O Det=1545	H Det=946	Mon Det=24686	Aux Det=1667	O+H=4158	 DONE
23/10/2025 21:02:01:	move motor	S18.axis2.phaseshifter 2 to -1.150000deg	 DONE
23/10/2025 21:02:02:	7	count	time	10.000000s/cts	O Det=1753	H Det=778	Mon Det=25001	Aux Det=1763	O+H=4294	 DONE
23/10/2025 21:02:14:	move motor	S18.axis2.phaseshifter 2 to -1.050000deg	 DONE
23/10/2025 21:02:15:	8	count	time	10.000000s/cts	O Det=1729	H Det=820	Mon Det=24692	Aux Det=1631	O+H=4180	 DONE
23/10/2025 21:02:27:	move motor	S18.axis2.phaseshifter 2 to -0.950000deg	 DONE
23/10/2025 21:02:28:	9	count	time	10.000000s/cts	O Det=1479	H Det=983	Mon Det=24710	Aux Det=1690	O+H=4152	 DONE
23/10/2025 21:02:40:	move motor	S18.axis2.phaseshifter 2 to -0.850000deg	 DONE
23/10/2025 21:02:41:	10	count	time	10.000000s/cts	O Det=1107	H Det=1270	Mon Det=24838	Aux Det=1645	O+H=4022	 DONE
23/10/2025 21:02:53:	move motor	S18.axis2.phaseshifter 2 to -0.750000deg	 DONE
23/10/2025 21:02:55:	11	count	time	10.000000s/cts	O Det=783	H Det=1688	Mon Det=24852	Aux Det=1714	O+H=4185	 DONE
23/10/2025 21:03:06:	move motor	S18.axis2.phaseshifter 2 to -0.650000deg	 DONE
23/10/2025 21:03:08:	12	count	time	10.000000s/cts	O Det=438	H Det=1987	Mon Det=24838	Aux Det=1726	O+H=4151	 DONE
23/10/2025 21:03:20:	move motor	S18.axis2.phaseshifter 2 to -0.550000deg	 DONE
23/10/2025 21:03:21:	13	count	time	10.000000s/cts	O Det=452	H Det=1922	Mon Det=24991	Aux Det=1711	O+H=4085	 DONE
23/10/2025 21:03:33:	move motor	S18.axis2.phaseshifter 2 to -0.450000deg	 DONE
23/10/2025 21:03:34:	14	count	time	10.000000s/cts	O Det=699	H Det=1722	Mon Det=24812	Aux Det=1716	O+H=4137	 DONE
23/10/2025 21:03:46:	move motor	S18.axis2.phaseshifter 2 to -0.350000deg	 DONE
23/10/2025 21:03:47:	15	count	time	10.000000s/cts	O Det=1078	H Det=1358	Mon Det=24694	Aux Det=1667	O+H=4103	 DONE
23/10/2025 21:03:59:	move motor	S18.axis2.phaseshifter 2 to -0.250000deg	 DONE
23/10/2025 21:04:01:	16	count	time	10.000000s/cts	O Det=1560	H Det=983	Mon Det=24649	Aux Det=1687	O+H=4230	 DONE
23/10/2025 21:04:12:	move motor	S18.axis2.phaseshifter 2 to -0.150000deg	 DONE
23/10/2025 21:04:14:	17	count	time	10.000000s/cts	O Det=1758	H Det=723	Mon Det=24706	Aux Det=1607	O+H=4088	 DONE
23/10/2025 21:04:26:	move motor	S18.axis2.phaseshifter 2 to -0.050000deg	 DONE
23/10/2025 21:04:27:	18	count	time	10.000000s/cts	O Det=1726	H Det=761	Mon Det=24717	Aux Det=1663	O+H=4150	 DONE
23/10/2025 21:04:39:	move motor	S18.axis2.phaseshifter 2 to 0.050000deg	 DONE
23/10/2025 21:04:40:	19	count	time	10.000000s/cts	O Det=1542	H Det=970	Mon Det=24940	Aux Det=1594	O+H=4106	 DONE
23/10/2025 21:04:52:	move motor	S18.axis2.phaseshifter 2 to 0.150000deg	 DONE
23/10/2025 21:04:53:	20	count	time	10.000000s/cts	O Det=1209	H Det=1251	Mon Det=25017	Aux Det=1666	O+H=4126	 DONE
23/10/2025 21:05:05:	move motor	S18.axis2.phaseshifter 2 to 0.250000deg	 DONE
23/10/2025 21:05:07:	21	count	time	10.000000s/cts	O Det=825	H Det=1650	Mon Det=25008	Aux Det=1628	O+H=4103	 DONE
23/10/2025 21:05:18:	close file and end scan	 DONE
call of ifg2_newPS_2p10s_AP.sc DONE
23/10/2025 21:05:19:	move motor	S18.axis2.phaseshifter 2 to fit O COS-270	-1.879233reached -1.87866  DONE
23/10/2025 21:05:23:	move motor	S18.axis2.phaseshifter 1 to -1.400000deg	 DONE
23/10/2025 21:05:24:	create file	D:\data\Cycle 198\exp_3-16-19\rawdata\sc\Prep_psi_+1-i-1_In_23Oct2105.dat	 DONE
room to enter remarks DONE
23/10/2025 21:05:25:	move motor	S18.axis2.phaseshifter 1 to -1.300000deg	 DONE
23/10/2025 21:05:27:	1	count	time	5.000000s/cts	O Det=412	H Det=768	Mon Det=12399	Aux Det=997	O+H=2177	 DONE
23/10/2025 21:05:33:	move motor	S18.axis2.phaseshifter 1 to -1.200000deg	 DONE
23/10/2025 21:05:35:	2	count	time	5.000000s/cts	O Det=565	H Det=662	Mon Det=12624	Aux Det=829	O+H=2056	 DONE
23/10/2025 21:05:42:	move motor	S18.axis2.phaseshifter 1 to -1.100000deg	 DONE
23/10/2025 21:05:43:	3	count	time	5.000000s/cts	O Det=618	H Det=596	Mon Det=12447	Aux Det=896	O+H=2110	 DONE
23/10/2025 21:05:50:	move motor	S18.axis2.phaseshifter 1 to -1.000000deg	 DONE
23/10/2025 21:05:51:	4	count	time	5.000000s/cts	O Det=646	H Det=468	Mon Det=12481	Aux Det=1014	O+H=2128	 DONE
23/10/2025 21:05:58:	move motor	S18.axis2.phaseshifter 1 to -0.900000deg	 DONE
23/10/2025 21:05:59:	5	count	time	5.000000s/cts	O Det=519	H Det=367	Mon Det=12458	Aux Det=1361	O+H=2247	 DONE
23/10/2025 21:06:06:	move motor	S18.axis2.phaseshifter 1 to -0.800000deg	 DONE
23/10/2025 21:06:08:	6	count	time	5.000000s/cts	O Det=418	H Det=363	Mon Det=12348	Aux Det=1641	O+H=2422	 DONE
23/10/2025 21:06:14:	move motor	S18.axis2.phaseshifter 1 to -0.700000deg	 DONE
23/10/2025 21:06:16:	7	count	time	5.000000s/cts	O Det=296	H Det=363	Mon Det=12533	Aux Det=1860	O+H=2519	 DONE
23/10/2025 21:06:23:	move motor	S18.axis2.phaseshifter 1 to -0.600000deg	 DONE
23/10/2025 21:06:24:	8	count	time	5.000000s/cts	O Det=217	H Det=476	Mon Det=12239	Aux Det=1849	O+H=2542	 DONE
23/10/2025 21:06:31:	move motor	S18.axis2.phaseshifter 1 to -0.500000deg	 DONE
23/10/2025 21:06:32:	9	count	time	5.000000s/cts	O Det=231	H Det=562	Mon Det=12351	Aux Det=1561	O+H=2354	 DONE
23/10/2025 21:06:39:	move motor	S18.axis2.phaseshifter 1 to -0.400000deg	 DONE
23/10/2025 21:06:40:	10	count	time	5.000000s/cts	O Det=266	H Det=674	Mon Det=12165	Aux Det=1288	O+H=2228	 DONE
23/10/2025 21:06:47:	move motor	S18.axis2.phaseshifter 1 to -0.300000deg	 DONE
23/10/2025 21:06:49:	11	count	time	5.000000s/cts	O Det=394	H Det=692	Mon Det=12306	Aux Det=1054	O+H=2140	 DONE
23/10/2025 21:06:55:	move motor	S18.axis2.phaseshifter 1 to -0.200000deg	 DONE
23/10/2025 21:06:57:	12	count	time	5.000000s/cts	O Det=529	H Det=718	Mon Det=12336	Aux Det=875	O+H=2122	 DONE
23/10/2025 21:07:04:	move motor	S18.axis2.phaseshifter 1 to -0.100000deg	 DONE
23/10/2025 21:07:05:	13	count	time	5.000000s/cts	O Det=656	H Det=558	Mon Det=12451	Aux Det=850	O+H=2064	 DONE
23/10/2025 21:07:12:	move motor	S18.axis2.phaseshifter 1 to 0.000000deg	 DONE
23/10/2025 21:07:13:	14	count	time	5.000000s/cts	O Det=643	H Det=488	Mon Det=12276	Aux Det=1010	O+H=2141	 DONE
23/10/2025 21:07:20:	move motor	S18.axis2.phaseshifter 1 to 0.100000deg	 DONE
23/10/2025 21:07:21:	15	count	time	5.000000s/cts	O Det=621	H Det=392	Mon Det=12332	Aux Det=1303	O+H=2316	 DONE
23/10/2025 21:07:28:	move motor	S18.axis2.phaseshifter 1 to 0.200000deg	 DONE
23/10/2025 21:07:30:	16	count	time	5.000000s/cts	O Det=496	H Det=332	Mon Det=12663	Aux Det=1589	O+H=2417	 DONE
23/10/2025 21:07:36:	move motor	S18.axis2.phaseshifter 1 to 0.300000deg	 DONE
23/10/2025 21:07:38:	17	count	time	5.000000s/cts	O Det=346	H Det=346	Mon Det=12422	Aux Det=1732	O+H=2424	 DONE
23/10/2025 21:07:44:	move motor	S18.axis2.phaseshifter 1 to 0.400000deg	 DONE
23/10/2025 21:07:46:	18	count	time	5.000000s/cts	O Det=238	H Det=422	Mon Det=12325	Aux Det=1854	O+H=2514	 DONE
23/10/2025 21:07:53:	move motor	S18.axis2.phaseshifter 1 to 0.500000deg	 DONE
23/10/2025 21:07:54:	19	count	time	5.000000s/cts	O Det=192	H Det=487	Mon Det=12667	Aux Det=1649	O+H=2328	 DONE
23/10/2025 21:08:01:	move motor	S18.axis2.phaseshifter 1 to 0.600000deg	 DONE
23/10/2025 21:08:02:	20	count	time	5.000000s/cts	O Det=211	H Det=642	Mon Det=12521	Aux Det=1582	O+H=2435	 DONE
23/10/2025 21:08:09:	move motor	S18.axis2.phaseshifter 1 to 0.700000deg	 DONE
23/10/2025 21:08:10:	21	count	time	5.000000s/cts	O Det=387	H Det=688	Mon Det=12357	Aux Det=1114	O+H=2189	 DONE
23/10/2025 21:08:17:	close file and end scan	 DONE
call of ifg1_newPS_2p5s_AP.sc DONE
23/10/2025 21:08:18:	move motor	S18.axis2.phaseshifter 1 to fit AUX COS90	-0.399591reached -0.39551  DONE
23/10/2025 21:08:21:	END OF SCRIPT	 DONE
