20/10/2025 01:53:39:	start execution of script D:\data\Cycle 198\exp_3-16-19\rawdata\sc\Prep_psi_+1+exp(-i60)+exp(i120)_wv1.sc	 DONE
20/10/2025 01:53:40:	move motor	S18.auxiliary.Robot Z to 207413.00000um	reached 207408.00000  DONE
call of robot_Zout_doubleCd.sc DONE
20/10/2025 01:53:43:	move motor	S18.axis2.phaseshifter 1 to 0.00000deg	reached 0.00000  DONE
20/10/2025 01:53:46:	move motor	S18.axis2.phaseshifter 2 to 0.00000deg	reached 0.00000  DONE
call of Move_PS12_parallel.sc DONE
20/10/2025 01:53:49:	move motor	S18.axis2.phaseshifter 1 to -1.400000deg	 DONE
20/10/2025 01:53:51:	create file	D:\data\Cycle 198\exp_3-16-19\rawdata\sc\Prep_psi_+1+exp(-i60)+exp(i120)_wv1_20Oct0153.dat	 DONE
room to enter remarks DONE
20/10/2025 01:53:52:	move motor	S18.axis2.phaseshifter 1 to -1.300000deg	 DONE
20/10/2025 01:53:53:	1	count	time	5.000000s/cts	O Det=341	H Det=922	Mon Det=12119	Aux Det=944	O+H=2207	 DONE
20/10/2025 01:54:00:	move motor	S18.axis2.phaseshifter 1 to -1.200000deg	 DONE
20/10/2025 01:54:02:	2	count	time	5.000000s/cts	O Det=458	H Det=915	Mon Det=12483	Aux Det=856	O+H=2229	 DONE
20/10/2025 01:54:08:	move motor	S18.axis2.phaseshifter 1 to -1.100000deg	 DONE
20/10/2025 01:54:10:	3	count	time	5.000000s/cts	O Det=580	H Det=735	Mon Det=12216	Aux Det=873	O+H=2188	 DONE
20/10/2025 01:54:17:	move motor	S18.axis2.phaseshifter 1 to -1.000000deg	 DONE
20/10/2025 01:54:18:	4	count	time	5.000000s/cts	O Det=607	H Det=603	Mon Det=12081	Aux Det=1242	O+H=2452	 DONE
20/10/2025 01:54:25:	move motor	S18.axis2.phaseshifter 1 to -0.900000deg	 DONE
20/10/2025 01:54:27:	5	count	time	5.000000s/cts	O Det=524	H Det=418	Mon Det=12022	Aux Det=1540	O+H=2482	 DONE
20/10/2025 01:54:33:	move motor	S18.axis2.phaseshifter 1 to -0.800000deg	 DONE
20/10/2025 01:54:35:	6	count	time	5.000000s/cts	O Det=426	H Det=340	Mon Det=12202	Aux Det=1883	O+H=2649	 DONE
20/10/2025 01:54:42:	move motor	S18.axis2.phaseshifter 1 to -0.700000deg	 DONE
20/10/2025 01:54:43:	7	count	time	5.000000s/cts	O Det=294	H Det=334	Mon Det=12158	Aux Det=2159	O+H=2787	 DONE
20/10/2025 01:54:50:	move motor	S18.axis2.phaseshifter 1 to -0.600000deg	 DONE
20/10/2025 01:54:52:	8	count	time	5.000000s/cts	O Det=218	H Det=462	Mon Det=12159	Aux Det=2086	O+H=2766	 DONE
20/10/2025 01:54:58:	move motor	S18.axis2.phaseshifter 1 to -0.500000deg	 DONE
20/10/2025 01:55:00:	9	count	time	5.000000s/cts	O Det=155	H Det=599	Mon Det=12021	Aux Det=1866	O+H=2620	 DONE
20/10/2025 01:55:07:	move motor	S18.axis2.phaseshifter 1 to -0.400000deg	 DONE
20/10/2025 01:55:08:	10	count	time	5.000000s/cts	O Det=184	H Det=803	Mon Det=12187	Aux Det=1380	O+H=2367	 DONE
20/10/2025 01:55:15:	move motor	S18.axis2.phaseshifter 1 to -0.300000deg	 DONE
20/10/2025 01:55:17:	11	count	time	5.000000s/cts	O Det=346	H Det=907	Mon Det=12186	Aux Det=1030	O+H=2283	 DONE
20/10/2025 01:55:23:	move motor	S18.axis2.phaseshifter 1 to -0.200000deg	 DONE
20/10/2025 01:55:25:	12	count	time	5.000000s/cts	O Det=456	H Det=881	Mon Det=12037	Aux Det=808	O+H=2145	 DONE
20/10/2025 01:55:32:	move motor	S18.axis2.phaseshifter 1 to -0.100000deg	 DONE
20/10/2025 01:55:33:	13	count	time	5.000000s/cts	O Det=498	H Det=836	Mon Det=12211	Aux Det=825	O+H=2159	 DONE
20/10/2025 01:55:40:	move motor	S18.axis2.phaseshifter 1 to 0.000000deg	 DONE
20/10/2025 01:55:41:	14	count	time	5.000000s/cts	O Det=621	H Det=598	Mon Det=12121	Aux Det=1080	O+H=2299	 DONE
20/10/2025 01:55:48:	move motor	S18.axis2.phaseshifter 1 to 0.100000deg	 DONE
20/10/2025 01:55:50:	15	count	time	5.000000s/cts	O Det=518	H Det=506	Mon Det=12106	Aux Det=1483	O+H=2507	 DONE
20/10/2025 01:55:56:	move motor	S18.axis2.phaseshifter 1 to 0.200000deg	 DONE
20/10/2025 01:55:58:	16	count	time	5.000000s/cts	O Det=462	H Det=354	Mon Det=12076	Aux Det=1718	O+H=2534	 DONE
20/10/2025 01:56:05:	move motor	S18.axis2.phaseshifter 1 to 0.300000deg	 DONE
20/10/2025 01:56:06:	17	count	time	5.000000s/cts	O Det=367	H Det=323	Mon Det=12189	Aux Det=2069	O+H=2759	 DONE
20/10/2025 01:56:13:	move motor	S18.axis2.phaseshifter 1 to 0.400000deg	 DONE
20/10/2025 01:56:15:	18	count	time	5.000000s/cts	O Det=234	H Det=423	Mon Det=12061	Aux Det=2032	O+H=2689	 DONE
20/10/2025 01:56:21:	move motor	S18.axis2.phaseshifter 1 to 0.500000deg	 DONE
20/10/2025 01:56:23:	19	count	time	5.000000s/cts	O Det=164	H Det=580	Mon Det=12223	Aux Det=1831	O+H=2575	 DONE
20/10/2025 01:56:30:	move motor	S18.axis2.phaseshifter 1 to 0.600000deg	 DONE
20/10/2025 01:56:31:	20	count	time	5.000000s/cts	O Det=159	H Det=751	Mon Det=12144	Aux Det=1500	O+H=2410	 DONE
20/10/2025 01:56:38:	move motor	S18.axis2.phaseshifter 1 to 0.700000deg	 DONE
20/10/2025 01:56:40:	21	count	time	5.000000s/cts	O Det=284	H Det=805	Mon Det=12131	Aux Det=1157	O+H=2246	 DONE
20/10/2025 01:56:46:	close file and end scan	 DONE
call of ifg1_newPS_2p5s_AP.sc DONE
20/10/2025 01:56:47:	move motor	S18.axis2.phaseshifter 1 to fit AUX COS-180	-1.189090reached -1.17554  DONE
20/10/2025 01:56:51:	move motor	S18.axis2.phaseshifter 2 to -1.850000deg	 DONE
20/10/2025 01:56:53:	create file	D:\data\Cycle 198\exp_3-16-19\rawdata\sc\Prep_psi_+1+exp(-i60)+exp(i120)_wv1_20Oct0156.dat	 DONE
room to enter remarks DONE
20/10/2025 01:56:54:	move motor	S18.axis2.phaseshifter 2 to -1.750000deg	 DONE
20/10/2025 01:56:55:	1	count	time	10.000000s/cts	O Det=568	H Det=1988	Mon Det=24390	Aux Det=1627	O+H=4183	 DONE
20/10/2025 01:57:07:	move motor	S18.axis2.phaseshifter 2 to -1.650000deg	 DONE
20/10/2025 01:57:09:	2	count	time	10.000000s/cts	O Det=958	H Det=1739	Mon Det=24144	Aux Det=1676	O+H=4373	 DONE
20/10/2025 01:57:21:	move motor	S18.axis2.phaseshifter 2 to -1.550000deg	 DONE
20/10/2025 01:57:22:	3	count	time	10.000000s/cts	O Det=1548	H Det=1301	Mon Det=23969	Aux Det=1616	O+H=4465	 DONE
20/10/2025 01:57:34:	move motor	S18.axis2.phaseshifter 2 to -1.450000deg	 DONE
20/10/2025 01:57:36:	4	count	time	10.000000s/cts	O Det=1952	H Det=894	Mon Det=24310	Aux Det=1663	O+H=4509	 DONE
20/10/2025 01:57:47:	move motor	S18.axis2.phaseshifter 2 to -1.350000deg	 DONE
20/10/2025 01:57:49:	5	count	time	10.000000s/cts	O Det=2178	H Det=745	Mon Det=24289	Aux Det=1652	O+H=4575	 DONE
20/10/2025 01:58:01:	move motor	S18.axis2.phaseshifter 2 to -1.250000deg	 DONE
20/10/2025 01:58:02:	6	count	time	10.000000s/cts	O Det=2009	H Det=893	Mon Det=24235	Aux Det=1652	O+H=4554	 DONE
20/10/2025 01:58:14:	move motor	S18.axis2.phaseshifter 2 to -1.150000deg	 DONE
20/10/2025 01:58:16:	7	count	time	10.000000s/cts	O Det=1532	H Det=1202	Mon Det=24285	Aux Det=1671	O+H=4405	 DONE
20/10/2025 01:58:27:	move motor	S18.axis2.phaseshifter 2 to -1.050000deg	 DONE
20/10/2025 01:58:29:	8	count	time	10.000000s/cts	O Det=1078	H Det=1618	Mon Det=24339	Aux Det=1605	O+H=4301	 DONE
20/10/2025 01:58:41:	move motor	S18.axis2.phaseshifter 2 to -0.950000deg	 DONE
20/10/2025 01:58:42:	9	count	time	10.000000s/cts	O Det=637	H Det=2127	Mon Det=24181	Aux Det=1668	O+H=4432	 DONE
20/10/2025 01:58:54:	move motor	S18.axis2.phaseshifter 2 to -0.850000deg	 DONE
20/10/2025 01:58:55:	10	count	time	10.000000s/cts	O Det=411	H Det=2176	Mon Det=24276	Aux Det=1666	O+H=4253	 DONE
20/10/2025 01:59:07:	move motor	S18.axis2.phaseshifter 2 to -0.750000deg	 DONE
20/10/2025 01:59:09:	11	count	time	10.000000s/cts	O Det=520	H Det=2133	Mon Det=24382	Aux Det=1682	O+H=4335	 DONE
20/10/2025 01:59:20:	move motor	S18.axis2.phaseshifter 2 to -0.650000deg	 DONE
20/10/2025 01:59:22:	12	count	time	10.000000s/cts	O Det=1025	H Det=1715	Mon Det=24474	Aux Det=1712	O+H=4452	 DONE
20/10/2025 01:59:34:	move motor	S18.axis2.phaseshifter 2 to -0.550000deg	 DONE
20/10/2025 01:59:35:	13	count	time	10.000000s/cts	O Det=1420	H Det=1360	Mon Det=24314	Aux Det=1636	O+H=4416	 DONE
20/10/2025 01:59:47:	move motor	S18.axis2.phaseshifter 2 to -0.450000deg	 DONE
20/10/2025 01:59:48:	14	count	time	10.000000s/cts	O Det=1964	H Det=933	Mon Det=24229	Aux Det=1657	O+H=4554	 DONE
20/10/2025 02:00:00:	move motor	S18.axis2.phaseshifter 2 to -0.350000deg	 DONE
20/10/2025 02:00:02:	15	count	time	10.000000s/cts	O Det=2113	H Det=735	Mon Det=24458	Aux Det=1673	O+H=4521	 DONE
20/10/2025 02:00:14:	move motor	S18.axis2.phaseshifter 2 to -0.250000deg	 DONE
20/10/2025 02:00:16:	16	count	time	10.000000s/cts	O Det=2049	H Det=810	Mon Det=24199	Aux Det=1705	O+H=4564	 DONE
20/10/2025 02:00:27:	move motor	S18.axis2.phaseshifter 2 to -0.150000deg	 DONE
20/10/2025 02:00:29:	17	count	time	10.000000s/cts	O Det=1714	H Det=1093	Mon Det=24346	Aux Det=1664	O+H=4471	 DONE
20/10/2025 02:00:41:	move motor	S18.axis2.phaseshifter 2 to -0.050000deg	 DONE
20/10/2025 02:00:42:	18	count	time	10.000000s/cts	O Det=1261	H Det=1425	Mon Det=24301	Aux Det=1684	O+H=4370	 DONE
20/10/2025 02:00:54:	move motor	S18.axis2.phaseshifter 2 to 0.050000deg	 DONE
20/10/2025 02:00:55:	19	count	time	10.000000s/cts	O Det=783	H Det=1894	Mon Det=24512	Aux Det=1689	O+H=4366	 DONE
20/10/2025 02:01:07:	move motor	S18.axis2.phaseshifter 2 to 0.150000deg	 DONE
20/10/2025 02:01:09:	20	count	time	10.000000s/cts	O Det=461	H Det=2182	Mon Det=24344	Aux Det=1694	O+H=4337	 DONE
20/10/2025 02:01:21:	move motor	S18.axis2.phaseshifter 2 to 0.250000deg	 DONE
20/10/2025 02:01:22:	21	count	time	10.000000s/cts	O Det=473	H Det=2162	Mon Det=24269	Aux Det=1662	O+H=4297	 DONE
20/10/2025 02:01:34:	close file and end scan	 DONE
call of ifg2_newPS_2p10s_AP.sc DONE
20/10/2025 02:01:35:	move motor	S18.axis2.phaseshifter 2 to fit O COS60	-1.177647reached -1.17554  DONE
20/10/2025 02:01:38:	move motor	S18.axis2.phaseshifter 1 to -1.400000deg	 DONE
20/10/2025 02:01:40:	create file	D:\data\Cycle 198\exp_3-16-19\rawdata\sc\Prep_psi_+1+exp(-i60)+exp(i120)_wv1_20Oct0201.dat	 DONE
room to enter remarks DONE
20/10/2025 02:01:41:	move motor	S18.axis2.phaseshifter 1 to -1.300000deg	 DONE
20/10/2025 02:01:42:	1	count	time	5.000000s/cts	O Det=707	H Det=664	Mon Det=12018	Aux Det=978	O+H=2349	 DONE
20/10/2025 02:01:49:	move motor	S18.axis2.phaseshifter 1 to -1.200000deg	 DONE
20/10/2025 02:01:51:	2	count	time	5.000000s/cts	O Det=798	H Det=609	Mon Det=12006	Aux Det=890	O+H=2297	 DONE
20/10/2025 02:01:57:	move motor	S18.axis2.phaseshifter 1 to -1.100000deg	 DONE
20/10/2025 02:01:59:	3	count	time	5.000000s/cts	O Det=893	H Det=455	Mon Det=11850	Aux Det=947	O+H=2295	 DONE
20/10/2025 02:02:05:	move motor	S18.axis2.phaseshifter 1 to -1.000000deg	 DONE
20/10/2025 02:02:07:	4	count	time	5.000000s/cts	O Det=838	H Det=390	Mon Det=12243	Aux Det=1216	O+H=2444	 DONE
20/10/2025 02:02:14:	move motor	S18.axis2.phaseshifter 1 to -0.900000deg	 DONE
20/10/2025 02:02:15:	5	count	time	5.000000s/cts	O Det=666	H Det=292	Mon Det=12147	Aux Det=1565	O+H=2523	 DONE
20/10/2025 02:02:22:	move motor	S18.axis2.phaseshifter 1 to -0.800000deg	 DONE
20/10/2025 02:02:24:	6	count	time	5.000000s/cts	O Det=468	H Det=312	Mon Det=12100	Aux Det=1845	O+H=2625	 DONE
20/10/2025 02:02:30:	move motor	S18.axis2.phaseshifter 1 to -0.700000deg	 DONE
20/10/2025 02:02:32:	7	count	time	5.000000s/cts	O Det=313	H Det=365	Mon Det=12054	Aux Det=2112	O+H=2790	 DONE
20/10/2025 02:02:39:	move motor	S18.axis2.phaseshifter 1 to -0.600000deg	 DONE
20/10/2025 02:02:40:	8	count	time	5.000000s/cts	O Det=214	H Det=446	Mon Det=12326	Aux Det=2137	O+H=2797	 DONE
20/10/2025 02:02:47:	move motor	S18.axis2.phaseshifter 1 to -0.500000deg	 DONE
20/10/2025 02:02:49:	9	count	time	5.000000s/cts	O Det=255	H Det=531	Mon Det=11936	Aux Det=1761	O+H=2547	 DONE
20/10/2025 02:02:55:	move motor	S18.axis2.phaseshifter 1 to -0.400000deg	 DONE
20/10/2025 02:02:57:	10	count	time	5.000000s/cts	O Det=407	H Det=633	Mon Det=12086	Aux Det=1452	O+H=2492	 DONE
20/10/2025 02:03:04:	move motor	S18.axis2.phaseshifter 1 to -0.300000deg	 DONE
20/10/2025 02:03:05:	11	count	time	5.000000s/cts	O Det=600	H Det=663	Mon Det=11801	Aux Det=1053	O+H=2316	 DONE
20/10/2025 02:03:12:	move motor	S18.axis2.phaseshifter 1 to -0.200000deg	 DONE
20/10/2025 02:03:13:	12	count	time	5.000000s/cts	O Det=799	H Det=616	Mon Det=12068	Aux Det=879	O+H=2294	 DONE
20/10/2025 02:03:20:	move motor	S18.axis2.phaseshifter 1 to -0.100000deg	 DONE
20/10/2025 02:03:22:	13	count	time	5.000000s/cts	O Det=896	H Det=508	Mon Det=11927	Aux Det=867	O+H=2271	 DONE
20/10/2025 02:03:28:	move motor	S18.axis2.phaseshifter 1 to 0.000000deg	 DONE
20/10/2025 02:03:30:	14	count	time	5.000000s/cts	O Det=885	H Det=441	Mon Det=12289	Aux Det=1105	O+H=2431	 DONE
20/10/2025 02:03:37:	move motor	S18.axis2.phaseshifter 1 to 0.100000deg	 DONE
20/10/2025 02:03:38:	15	count	time	5.000000s/cts	O Det=774	H Det=333	Mon Det=12286	Aux Det=1483	O+H=2590	 DONE
20/10/2025 02:03:45:	move motor	S18.axis2.phaseshifter 1 to 0.200000deg	 DONE
20/10/2025 02:03:47:	16	count	time	5.000000s/cts	O Det=586	H Det=296	Mon Det=12072	Aux Det=1833	O+H=2715	 DONE
20/10/2025 02:03:53:	move motor	S18.axis2.phaseshifter 1 to 0.300000deg	 DONE
20/10/2025 02:03:55:	17	count	time	5.000000s/cts	O Det=376	H Det=353	Mon Det=12245	Aux Det=2042	O+H=2771	 DONE
20/10/2025 02:04:02:	move motor	S18.axis2.phaseshifter 1 to 0.400000deg	 DONE
20/10/2025 02:04:03:	18	count	time	5.000000s/cts	O Det=253	H Det=408	Mon Det=12024	Aux Det=2117	O+H=2778	 DONE
20/10/2025 02:04:10:	move motor	S18.axis2.phaseshifter 1 to 0.500000deg	 DONE
20/10/2025 02:04:11:	19	count	time	5.000000s/cts	O Det=212	H Det=518	Mon Det=12158	Aux Det=1941	O+H=2671	 DONE
20/10/2025 02:04:18:	move motor	S18.axis2.phaseshifter 1 to 0.600000deg	 DONE
20/10/2025 02:04:20:	20	count	time	5.000000s/cts	O Det=336	H Det=571	Mon Det=11952	Aux Det=1626	O+H=2533	 DONE
20/10/2025 02:04:26:	move motor	S18.axis2.phaseshifter 1 to 0.700000deg	 DONE
20/10/2025 02:04:28:	21	count	time	5.000000s/cts	O Det=575	H Det=652	Mon Det=12085	Aux Det=1203	O+H=2430	 DONE
20/10/2025 02:04:35:	close file and end scan	 DONE
call of ifg1_newPS_2p5s_AP.sc DONE
20/10/2025 02:04:36:	move motor	S18.axis2.phaseshifter 1 to fit AUX COS360	0.363159reached 0.36255  DONE
20/10/2025 02:04:39:	END OF SCRIPT	 DONE
