25/09/2025 19:49:12:	start execution of script D:\data\Cycle 198\exp_3-16-19\rawdata\sc\robot_diag_single_Cd_m30deg_path2.sc	 DONE
25/09/2025 19:49:12:	move motor	S18.auxiliary.Robot Z to 180398.00000um	reached 180398.00000  DONE
call of robot_Zout_singleCd.sc DONE
25/09/2025 19:49:17:	move motor	S18.auxiliary.Robot rot big to -30.00000deg	reached -30.00000  DONE
25/09/2025 19:49:19:	move motor	S18.auxiliary.Robot Diagonal to -15000.00000um	reached -14999.80397  DONE
25/09/2025 19:49:29:	move motor	S18.auxiliary.Robot Z to 213892.00000um	reached 213888.00000  DONE
call of robot_Zin_singleCd.sc DONE
25/09/2025 19:49:34:	move motor	S18.auxiliary.Robot Diagonal to -15000.100000um	 DONE
25/09/2025 19:49:40:	create file	D:\data\Cycle 198\exp_3-16-19\rawdata\sc\robot_diag_single_Cd_m30deg_path2_25Sep1949.dat	 DONE
room to enter remarks DONE
25/09/2025 19:49:41:	move motor	S18.auxiliary.Robot Diagonal to -15000.000000um	 DONE
25/09/2025 19:49:47:	1	count	time	2.000000s/cts	O Det=0	H Det=0	Mon Det=13	Aux Det=0	O+H=0	 DONE
25/09/2025 19:49:51:	move motor	S18.auxiliary.Robot Diagonal to -12179.487179um	 DONE
25/09/2025 19:49:58:	2	count	time	2.000000s/cts	O Det=0	H Det=0	Mon Det=15	Aux Det=0	O+H=0	 DONE
25/09/2025 19:50:01:	move motor	S18.auxiliary.Robot Diagonal to -9358.974358um	 DONE
25/09/2025 19:50:09:	3	count	time	2.000000s/cts	O Det=0	H Det=0	Mon Det=15	Aux Det=0	O+H=0	 DONE
25/09/2025 19:50:12:	move motor	S18.auxiliary.Robot Diagonal to -6538.461537um	 DONE
25/09/2025 19:50:19:	4	count	time	2.000000s/cts	O Det=0	H Det=0	Mon Det=8	Aux Det=0	O+H=0	 DONE
25/09/2025 19:50:23:	move motor	S18.auxiliary.Robot Diagonal to -3717.948716um	 DONE
25/09/2025 19:50:30:	5	count	time	2.000000s/cts	O Det=0	H Det=0	Mon Det=1	Aux Det=0	O+H=0	STOPPED BY USER	25/09/2025 19:50:32:	close file and end scan	 DONE
25/09/2025 19:50:33:	END OF SCRIPT	 DONE
