24/09/2025 00:12:58:	start execution of script D:\data\Cycle 198\exp_3-16-19\rawdata\sc\rocking.sc	 DONE
24/09/2025 00:12:58:	move motor	S18.axis2.piezo rotation to -0.155830deg	 DONE
24/09/2025 00:13:02:	create file	D:\data\Cycle 198\exp_3-16-19\rawdata\sc\rocking_24Sep0013.dat	 DONE
room to enter remarks DONE
24/09/2025 00:13:04:	move motor	S18.axis2.piezo rotation to -0.055830deg	 DONE
24/09/2025 00:13:06:	1	count	time	3.000000s/cts	O Det=1	H Det=155	Mon Det=6636	Aux Det=234	O+H=390	 DONE
24/09/2025 00:13:12:	move motor	S18.axis2.piezo rotation to -0.055780deg	 DONE
24/09/2025 00:13:13:	2	count	time	3.000000s/cts	O Det=1	H Det=163	Mon Det=6819	Aux Det=246	O+H=410	 DONE
24/09/2025 00:13:18:	move motor	S18.axis2.piezo rotation to -0.055730deg	 DONE
24/09/2025 00:13:20:	3	count	time	3.000000s/cts	O Det=1	H Det=185	Mon Det=6642	Aux Det=288	O+H=474	 DONE
24/09/2025 00:13:25:	move motor	S18.axis2.piezo rotation to -0.055680deg	 DONE
24/09/2025 00:13:27:	4	count	time	3.000000s/cts	O Det=0	H Det=195	Mon Det=6584	Aux Det=285	O+H=480	 DONE
24/09/2025 00:13:32:	move motor	S18.axis2.piezo rotation to -0.055630deg	 DONE
24/09/2025 00:13:34:	5	count	time	3.000000s/cts	O Det=1	H Det=240	Mon Det=6593	Aux Det=305	O+H=546	 DONE
24/09/2025 00:13:39:	move motor	S18.axis2.piezo rotation to -0.055580deg	 DONE
24/09/2025 00:13:41:	6	count	time	3.000000s/cts	O Det=2	H Det=233	Mon Det=6623	Aux Det=342	O+H=577	 DONE
24/09/2025 00:13:46:	move motor	S18.axis2.piezo rotation to -0.055530deg	 DONE
24/09/2025 00:13:47:	7	count	time	3.000000s/cts	O Det=2	H Det=247	Mon Det=6705	Aux Det=357	O+H=606	 DONE
24/09/2025 00:13:52:	move motor	S18.axis2.piezo rotation to -0.055480deg	 DONE
24/09/2025 00:13:54:	8	count	time	3.000000s/cts	O Det=0	H Det=268	Mon Det=6723	Aux Det=401	O+H=669	 DONE
24/09/2025 00:13:59:	move motor	S18.axis2.piezo rotation to -0.055430deg	 DONE
24/09/2025 00:14:01:	9	count	time	3.000000s/cts	O Det=1	H Det=314	Mon Det=6608	Aux Det=432	O+H=747	 DONE
24/09/2025 00:14:07:	move motor	S18.axis2.piezo rotation to -0.055380deg	 DONE
24/09/2025 00:14:08:	10	count	time	3.000000s/cts	O Det=4	H Det=314	Mon Det=6768	Aux Det=483	O+H=801	 DONE
24/09/2025 00:14:13:	move motor	S18.axis2.piezo rotation to -0.055330deg	 DONE
24/09/2025 00:14:15:	11	count	time	3.000000s/cts	O Det=0	H Det=366	Mon Det=6800	Aux Det=456	O+H=822	 DONE
24/09/2025 00:14:20:	move motor	S18.axis2.piezo rotation to -0.055280deg	 DONE
24/09/2025 00:14:21:	12	count	time	3.000000s/cts	O Det=4	H Det=364	Mon Det=6752	Aux Det=585	O+H=953	 DONE
24/09/2025 00:14:27:	move motor	S18.axis2.piezo rotation to -0.055230deg	 DONE
24/09/2025 00:14:28:	13	count	time	3.000000s/cts	O Det=2	H Det=414	Mon Det=6724	Aux Det=583	O+H=999	 DONE
24/09/2025 00:14:34:	move motor	S18.axis2.piezo rotation to -0.055180deg	 DONE
24/09/2025 00:14:37:	14	count	time	3.000000s/cts	O Det=4	H Det=465	Mon Det=6635	Aux Det=739	O+H=1208	 DONE
24/09/2025 00:14:42:	move motor	S18.axis2.piezo rotation to -0.055130deg	 DONE
24/09/2025 00:14:43:	15	count	time	3.000000s/cts	O Det=2	H Det=503	Mon Det=6723	Aux Det=745	O+H=1250	 DONE
24/09/2025 00:14:49:	move motor	S18.axis2.piezo rotation to -0.055080deg	 DONE
24/09/2025 00:14:50:	16	count	time	3.000000s/cts	O Det=7	H Det=569	Mon Det=6751	Aux Det=885	O+H=1461	 DONE
24/09/2025 00:14:56:	move motor	S18.axis2.piezo rotation to -0.055030deg	 DONE
24/09/2025 00:14:57:	17	count	time	3.000000s/cts	O Det=4	H Det=631	Mon Det=6580	Aux Det=912	O+H=1547	 DONE
24/09/2025 00:15:02:	move motor	S18.axis2.piezo rotation to -0.054980deg	 DONE
24/09/2025 00:15:04:	18	count	time	3.000000s/cts	O Det=12	H Det=747	Mon Det=6893	Aux Det=1105	O+H=1864	 DONE
24/09/2025 00:15:09:	move motor	S18.axis2.piezo rotation to -0.054930deg	 DONE
24/09/2025 00:15:11:	19	count	time	3.000000s/cts	O Det=16	H Det=894	Mon Det=6776	Aux Det=1219	O+H=2129	 DONE
24/09/2025 00:15:16:	move motor	S18.axis2.piezo rotation to -0.054880deg	 DONE
24/09/2025 00:15:17:	20	count	time	3.000000s/cts	O Det=14	H Det=971	Mon Det=6623	Aux Det=1443	O+H=2428	 DONE
24/09/2025 00:15:23:	move motor	S18.axis2.piezo rotation to -0.054830deg	 DONE
24/09/2025 00:15:24:	21	count	time	3.000000s/cts	O Det=27	H Det=1176	Mon Det=6596	Aux Det=1605	O+H=2808	 DONE
24/09/2025 00:15:30:	move motor	S18.axis2.piezo rotation to -0.054780deg	 DONE
24/09/2025 00:15:31:	22	count	time	3.000000s/cts	O Det=37	H Det=1368	Mon Det=6699	Aux Det=2006	O+H=3411	 DONE
24/09/2025 00:15:37:	move motor	S18.axis2.piezo rotation to -0.054730deg	 DONE
24/09/2025 00:15:38:	23	count	time	3.000000s/cts	O Det=50	H Det=1585	Mon Det=6660	Aux Det=2394	O+H=4029	 DONE
24/09/2025 00:15:43:	move motor	S18.axis2.piezo rotation to -0.054680deg	 DONE
24/09/2025 00:15:45:	24	count	time	3.000000s/cts	O Det=73	H Det=1692	Mon Det=6595	Aux Det=2664	O+H=4429	 DONE
24/09/2025 00:15:50:	move motor	S18.axis2.piezo rotation to -0.054630deg	 DONE
24/09/2025 00:15:51:	25	count	time	3.000000s/cts	O Det=127	H Det=1992	Mon Det=6688	Aux Det=3140	O+H=5259	 DONE
24/09/2025 00:15:56:	move motor	S18.axis2.piezo rotation to -0.054580deg	 DONE
24/09/2025 00:15:58:	26	count	time	3.000000s/cts	O Det=185	H Det=2340	Mon Det=6687	Aux Det=3600	O+H=6125	 DONE
24/09/2025 00:16:03:	move motor	S18.axis2.piezo rotation to -0.054530deg	 DONE
24/09/2025 00:16:04:	27	count	time	3.000000s/cts	O Det=267	H Det=2542	Mon Det=6642	Aux Det=3882	O+H=6691	 DONE
24/09/2025 00:16:10:	move motor	S18.axis2.piezo rotation to -0.054480deg	 DONE
24/09/2025 00:16:11:	28	count	time	3.000000s/cts	O Det=343	H Det=2917	Mon Det=6488	Aux Det=4239	O+H=7499	 DONE
24/09/2025 00:16:16:	move motor	S18.axis2.piezo rotation to -0.054430deg	 DONE
24/09/2025 00:16:17:	29	count	time	3.000000s/cts	O Det=401	H Det=3165	Mon Det=6605	Aux Det=4293	O+H=7859	 DONE
24/09/2025 00:16:23:	move motor	S18.axis2.piezo rotation to -0.054380deg	 DONE
24/09/2025 00:16:24:	30	count	time	3.000000s/cts	O Det=400	H Det=3458	Mon Det=6570	Aux Det=4358	O+H=8216	 DONE
24/09/2025 00:16:29:	move motor	S18.axis2.piezo rotation to -0.054330deg	 DONE
24/09/2025 00:16:31:	31	count	time	3.000000s/cts	O Det=440	H Det=3794	Mon Det=6702	Aux Det=4225	O+H=8459	 DONE
24/09/2025 00:16:36:	move motor	S18.axis2.piezo rotation to -0.054280deg	 DONE
24/09/2025 00:16:38:	32	count	time	3.000000s/cts	O Det=453	H Det=3853	Mon Det=6693	Aux Det=3973	O+H=8279	 DONE
24/09/2025 00:16:43:	move motor	S18.axis2.piezo rotation to -0.054230deg	 DONE
24/09/2025 00:16:45:	33	count	time	3.000000s/cts	O Det=338	H Det=3945	Mon Det=6690	Aux Det=3964	O+H=8247	 DONE
24/09/2025 00:16:50:	move motor	S18.axis2.piezo rotation to -0.054180deg	 DONE
24/09/2025 00:16:52:	34	count	time	3.000000s/cts	O Det=325	H Det=3974	Mon Det=6665	Aux Det=3855	O+H=8154	 DONE
24/09/2025 00:16:57:	move motor	S18.axis2.piezo rotation to -0.054130deg	 DONE
24/09/2025 00:16:59:	35	count	time	3.000000s/cts	O Det=272	H Det=3525	Mon Det=6617	Aux Det=3974	O+H=7771	 DONE
24/09/2025 00:17:04:	move motor	S18.axis2.piezo rotation to -0.054080deg	 DONE
24/09/2025 00:17:06:	36	count	time	3.000000s/cts	O Det=292	H Det=2903	Mon Det=6654	Aux Det=4027	O+H=7222	 DONE
24/09/2025 00:17:11:	move motor	S18.axis2.piezo rotation to -0.054030deg	 DONE
24/09/2025 00:17:12:	37	count	time	3.000000s/cts	O Det=246	H Det=2733	Mon Det=6621	Aux Det=3855	O+H=6834	 DONE
24/09/2025 00:17:17:	move motor	S18.axis2.piezo rotation to -0.053980deg	 DONE
24/09/2025 00:17:19:	38	count	time	3.000000s/cts	O Det=178	H Det=2511	Mon Det=6646	Aux Det=3585	O+H=6274	 DONE
24/09/2025 00:17:24:	move motor	S18.axis2.piezo rotation to -0.053930deg	 DONE
24/09/2025 00:17:26:	39	count	time	3.000000s/cts	O Det=115	H Det=2205	Mon Det=6795	Aux Det=3268	O+H=5588	 DONE
24/09/2025 00:17:31:	move motor	S18.axis2.piezo rotation to -0.053880deg	 DONE
24/09/2025 00:17:33:	40	count	time	3.000000s/cts	O Det=65	H Det=1858	Mon Det=6632	Aux Det=2799	O+H=4722	 DONE
24/09/2025 00:17:38:	move motor	S18.axis2.piezo rotation to -0.053830deg	 DONE
24/09/2025 00:17:40:	41	count	time	3.000000s/cts	O Det=51	H Det=1661	Mon Det=6756	Aux Det=2312	O+H=4024	 DONE
24/09/2025 00:17:45:	move motor	S18.axis2.piezo rotation to -0.053780deg	 DONE
24/09/2025 00:17:46:	42	count	time	3.000000s/cts	O Det=36	H Det=1419	Mon Det=6766	Aux Det=2072	O+H=3527	 DONE
24/09/2025 00:17:51:	move motor	S18.axis2.piezo rotation to -0.053730deg	 DONE
24/09/2025 00:17:53:	43	count	time	3.000000s/cts	O Det=27	H Det=1261	Mon Det=6712	Aux Det=1816	O+H=3104	 DONE
24/09/2025 00:17:58:	move motor	S18.axis2.piezo rotation to -0.053680deg	 DONE
24/09/2025 00:17:59:	44	count	time	3.000000s/cts	O Det=16	H Det=1110	Mon Det=6710	Aux Det=1554	O+H=2680	 DONE
24/09/2025 00:18:04:	move motor	S18.axis2.piezo rotation to -0.053630deg	 DONE
24/09/2025 00:18:06:	45	count	time	3.000000s/cts	O Det=12	H Det=878	Mon Det=6665	Aux Det=1299	O+H=2189	 DONE
24/09/2025 00:18:11:	move motor	S18.axis2.piezo rotation to -0.053580deg	 DONE
24/09/2025 00:18:12:	46	count	time	3.000000s/cts	O Det=12	H Det=805	Mon Det=6630	Aux Det=1206	O+H=2023	 DONE
24/09/2025 00:18:18:	move motor	S18.axis2.piezo rotation to -0.053530deg	 DONE
24/09/2025 00:18:19:	47	count	time	3.000000s/cts	O Det=4	H Det=686	Mon Det=6805	Aux Det=1040	O+H=1730	 DONE
24/09/2025 00:18:25:	move motor	S18.axis2.piezo rotation to -0.053480deg	 DONE
24/09/2025 00:18:26:	48	count	time	3.000000s/cts	O Det=8	H Det=660	Mon Det=6727	Aux Det=948	O+H=1616	 DONE
24/09/2025 00:18:31:	move motor	S18.axis2.piezo rotation to -0.053430deg	 DONE
24/09/2025 00:18:32:	49	count	time	3.000000s/cts	O Det=3	H Det=563	Mon Det=6609	Aux Det=789	O+H=1355	 DONE
24/09/2025 00:18:38:	move motor	S18.axis2.piezo rotation to -0.053380deg	 DONE
24/09/2025 00:18:39:	50	count	time	3.000000s/cts	O Det=5	H Det=489	Mon Det=6696	Aux Det=722	O+H=1216	 DONE
24/09/2025 00:18:44:	close file and end scan	saving D:\data\Cycle 198\exp_3-16-19\rawdata\sc\rocking_24Sep0013.tif  DONE
24/09/2025 00:18:45:	move motor	S18.axis2.piezo rotation to fit AUX PEAK60	-0.054287reached -0.05429  DONE
24/09/2025 00:18:49:	END OF SCRIPT	 DONE
