03/10/2025 19:01:16:	start execution of script D:\data\Cycle 198\exp_3-16-19\rawdata\sc\rocking.sc	 DONE
03/10/2025 19:01:16:	move motor	S18.axis2.piezo rotation to -0.246905deg	 DONE
03/10/2025 19:01:18:	create file	D:\data\Cycle 198\exp_3-16-19\rawdata\sc\rocking_03Oct1901.dat	 DONE
room to enter remarks DONE
03/10/2025 19:01:19:	move motor	S18.axis2.piezo rotation to -0.146905deg	 DONE
03/10/2025 19:01:23:	1	count	time	5.000000s/cts	O Det=3	H Det=29	Mon Det=11619	Aux Det=21	O+H=53	 DONE
03/10/2025 19:01:30:	move motor	S18.axis2.piezo rotation to -0.146845deg	 DONE
03/10/2025 19:01:33:	2	count	time	5.000000s/cts	O Det=3	H Det=33	Mon Det=11655	Aux Det=32	O+H=68	 DONE
03/10/2025 19:01:40:	move motor	S18.axis2.piezo rotation to -0.146785deg	 DONE
03/10/2025 19:01:44:	3	count	time	5.000000s/cts	O Det=1	H Det=25	Mon Det=11734	Aux Det=27	O+H=53	 DONE
03/10/2025 19:01:50:	move motor	S18.axis2.piezo rotation to -0.146725deg	 DONE
03/10/2025 19:01:54:	4	count	time	5.000000s/cts	O Det=0	H Det=20	Mon Det=11730	Aux Det=20	O+H=40	 DONE
03/10/2025 19:02:01:	move motor	S18.axis2.piezo rotation to -0.146665deg	 DONE
03/10/2025 19:02:02:	5	count	time	5.000000s/cts	O Det=0	H Det=29	Mon Det=11632	Aux Det=27	O+H=56	 DONE
03/10/2025 19:02:09:	move motor	S18.axis2.piezo rotation to -0.146605deg	 DONE
03/10/2025 19:02:10:	6	count	time	5.000000s/cts	O Det=2	H Det=24	Mon Det=11674	Aux Det=35	O+H=61	 DONE
03/10/2025 19:02:16:	move motor	S18.axis2.piezo rotation to -0.146545deg	 DONE
03/10/2025 19:02:20:	7	count	time	5.000000s/cts	O Det=1	H Det=31	Mon Det=11839	Aux Det=29	O+H=61	 DONE
03/10/2025 19:02:27:	move motor	S18.axis2.piezo rotation to -0.146485deg	 DONE
03/10/2025 19:02:30:	8	count	time	5.000000s/cts	O Det=1	H Det=38	Mon Det=11793	Aux Det=39	O+H=78	 DONE
03/10/2025 19:02:37:	move motor	S18.axis2.piezo rotation to -0.146425deg	 DONE
03/10/2025 19:02:41:	9	count	time	5.000000s/cts	O Det=4	H Det=52	Mon Det=11719	Aux Det=49	O+H=105	 DONE
03/10/2025 19:02:47:	move motor	S18.axis2.piezo rotation to -0.146365deg	 DONE
03/10/2025 19:02:51:	10	count	time	5.000000s/cts	O Det=1	H Det=50	Mon Det=11813	Aux Det=37	O+H=88	 DONE
03/10/2025 19:02:58:	move motor	S18.axis2.piezo rotation to -0.146305deg	 DONE
03/10/2025 19:02:59:	11	count	time	5.000000s/cts	O Det=1	H Det=53	Mon Det=11670	Aux Det=49	O+H=103	 DONE
03/10/2025 19:03:06:	move motor	S18.axis2.piezo rotation to -0.146245deg	 DONE
03/10/2025 19:03:07:	12	count	time	5.000000s/cts	O Det=1	H Det=68	Mon Det=11555	Aux Det=79	O+H=148	 DONE
03/10/2025 19:03:13:	move motor	S18.axis2.piezo rotation to -0.146185deg	 DONE
03/10/2025 19:03:16:	13	count	time	5.000000s/cts	O Det=0	H Det=56	Mon Det=11715	Aux Det=49	O+H=105	 DONE
03/10/2025 19:03:22:	move motor	S18.axis2.piezo rotation to -0.146125deg	 DONE
03/10/2025 19:03:26:	14	count	time	5.000000s/cts	O Det=6	H Det=71	Mon Det=11647	Aux Det=67	O+H=144	 DONE
03/10/2025 19:03:33:	move motor	S18.axis2.piezo rotation to -0.146065deg	 DONE
03/10/2025 19:03:36:	15	count	time	5.000000s/cts	O Det=3	H Det=84	Mon Det=11818	Aux Det=75	O+H=162	 DONE
03/10/2025 19:03:43:	move motor	S18.axis2.piezo rotation to -0.146005deg	 DONE
03/10/2025 19:03:47:	16	count	time	5.000000s/cts	O Det=9	H Det=92	Mon Det=11537	Aux Det=109	O+H=210	 DONE
03/10/2025 19:03:53:	move motor	S18.axis2.piezo rotation to -0.145945deg	 DONE
03/10/2025 19:03:57:	17	count	time	5.000000s/cts	O Det=8	H Det=94	Mon Det=11773	Aux Det=133	O+H=235	 DONE
03/10/2025 19:04:04:	move motor	S18.axis2.piezo rotation to -0.145885deg	 DONE
03/10/2025 19:04:05:	18	count	time	5.000000s/cts	O Det=16	H Det=157	Mon Det=11499	Aux Det=147	O+H=320	 DONE
03/10/2025 19:04:12:	move motor	S18.axis2.piezo rotation to -0.145825deg	 DONE
03/10/2025 19:04:13:	19	count	time	5.000000s/cts	O Det=43	H Det=166	Mon Det=11558	Aux Det=174	O+H=383	 DONE
03/10/2025 19:04:20:	move motor	S18.axis2.piezo rotation to -0.145765deg	 DONE
03/10/2025 19:04:23:	20	count	time	5.000000s/cts	O Det=25	H Det=185	Mon Det=11685	Aux Det=199	O+H=409	 DONE
03/10/2025 19:04:30:	move motor	S18.axis2.piezo rotation to -0.145705deg	 DONE
03/10/2025 19:04:34:	21	count	time	5.000000s/cts	O Det=33	H Det=190	Mon Det=11713	Aux Det=213	O+H=436	 DONE
03/10/2025 19:04:41:	move motor	S18.axis2.piezo rotation to -0.145645deg	 DONE
03/10/2025 19:04:44:	22	count	time	5.000000s/cts	O Det=75	H Det=199	Mon Det=11749	Aux Det=268	O+H=542	 DONE
03/10/2025 19:04:51:	move motor	S18.axis2.piezo rotation to -0.145585deg	 DONE
03/10/2025 19:04:55:	23	count	time	5.000000s/cts	O Det=101	H Det=214	Mon Det=11716	Aux Det=293	O+H=608	 DONE
03/10/2025 19:05:01:	move motor	S18.axis2.piezo rotation to -0.145525deg	 DONE
03/10/2025 19:05:03:	24	count	time	5.000000s/cts	O Det=176	H Det=240	Mon Det=11598	Aux Det=347	O+H=763	 DONE
03/10/2025 19:05:10:	move motor	S18.axis2.piezo rotation to -0.145465deg	 DONE
03/10/2025 19:05:11:	25	count	time	5.000000s/cts	O Det=278	H Det=260	Mon Det=11638	Aux Det=395	O+H=933	 DONE
03/10/2025 19:05:17:	move motor	S18.axis2.piezo rotation to -0.145405deg	 DONE
03/10/2025 19:05:21:	26	count	time	5.000000s/cts	O Det=298	H Det=306	Mon Det=11651	Aux Det=405	O+H=1009	 DONE
03/10/2025 19:05:28:	move motor	S18.axis2.piezo rotation to -0.145345deg	 DONE
03/10/2025 19:05:32:	27	count	time	5.000000s/cts	O Det=361	H Det=300	Mon Det=11875	Aux Det=436	O+H=1097	 DONE
03/10/2025 19:05:38:	move motor	S18.axis2.piezo rotation to -0.145285deg	 DONE
03/10/2025 19:05:42:	28	count	time	5.000000s/cts	O Det=423	H Det=286	Mon Det=11714	Aux Det=447	O+H=1156	 DONE
03/10/2025 19:05:49:	move motor	S18.axis2.piezo rotation to -0.145225deg	 DONE
03/10/2025 19:05:52:	29	count	time	5.000000s/cts	O Det=417	H Det=307	Mon Det=11637	Aux Det=488	O+H=1212	 DONE
03/10/2025 19:05:59:	move motor	S18.axis2.piezo rotation to -0.145165deg	 DONE
03/10/2025 19:06:00:	30	count	time	5.000000s/cts	O Det=391	H Det=351	Mon Det=11587	Aux Det=478	O+H=1220	 DONE
03/10/2025 19:06:07:	move motor	S18.axis2.piezo rotation to -0.145105deg	 DONE
03/10/2025 19:06:08:	31	count	time	5.000000s/cts	O Det=391	H Det=365	Mon Det=11612	Aux Det=507	O+H=1263	 DONE
03/10/2025 19:06:15:	move motor	S18.axis2.piezo rotation to -0.145045deg	 DONE
03/10/2025 19:06:19:	32	count	time	5.000000s/cts	O Det=336	H Det=308	Mon Det=11630	Aux Det=422	O+H=1066	 DONE
03/10/2025 19:06:25:	move motor	S18.axis2.piezo rotation to -0.144985deg	 DONE
03/10/2025 19:06:29:	33	count	time	5.000000s/cts	O Det=244	H Det=365	Mon Det=11748	Aux Det=423	O+H=1032	 DONE
03/10/2025 19:06:36:	move motor	S18.axis2.piezo rotation to -0.144925deg	 DONE
03/10/2025 19:06:39:	34	count	time	5.000000s/cts	O Det=230	H Det=363	Mon Det=11879	Aux Det=431	O+H=1024	 DONE
03/10/2025 19:06:46:	move motor	S18.axis2.piezo rotation to -0.144865deg	 DONE
03/10/2025 19:06:50:	35	count	time	5.000000s/cts	O Det=170	H Det=342	Mon Det=11471	Aux Det=392	O+H=904	 DONE
03/10/2025 19:06:56:	move motor	S18.axis2.piezo rotation to -0.144805deg	 DONE
03/10/2025 19:06:57:	36	count	time	5.000000s/cts	O Det=110	H Det=300	Mon Det=11611	Aux Det=398	O+H=808	 DONE
03/10/2025 19:07:04:	move motor	S18.axis2.piezo rotation to -0.144745deg	 DONE
03/10/2025 19:07:05:	37	count	time	5.000000s/cts	O Det=81	H Det=272	Mon Det=11853	Aux Det=320	O+H=673	 DONE
03/10/2025 19:07:12:	move motor	S18.axis2.piezo rotation to -0.144685deg	 DONE
03/10/2025 19:07:16:	38	count	time	5.000000s/cts	O Det=66	H Det=259	Mon Det=11521	Aux Det=279	O+H=604	 DONE
03/10/2025 19:07:22:	move motor	S18.axis2.piezo rotation to -0.144625deg	 DONE
03/10/2025 19:07:26:	39	count	time	5.000000s/cts	O Det=29	H Det=220	Mon Det=11697	Aux Det=203	O+H=452	 DONE
03/10/2025 19:07:33:	move motor	S18.axis2.piezo rotation to -0.144565deg	 DONE
03/10/2025 19:07:37:	40	count	time	5.000000s/cts	O Det=24	H Det=172	Mon Det=11696	Aux Det=190	O+H=386	 DONE
03/10/2025 19:07:43:	move motor	S18.axis2.piezo rotation to -0.144505deg	 DONE
03/10/2025 19:07:47:	41	count	time	5.000000s/cts	O Det=12	H Det=162	Mon Det=11351	Aux Det=164	O+H=338	 DONE
03/10/2025 19:07:54:	move motor	S18.axis2.piezo rotation to -0.144445deg	 DONE
03/10/2025 19:07:55:	42	count	time	5.000000s/cts	O Det=9	H Det=162	Mon Det=11582	Aux Det=126	O+H=297	 DONE
03/10/2025 19:08:02:	move motor	S18.axis2.piezo rotation to -0.144385deg	 DONE
03/10/2025 19:08:03:	43	count	time	5.000000s/cts	O Det=6	H Det=123	Mon Det=11647	Aux Det=127	O+H=256	 DONE
03/10/2025 19:08:09:	move motor	S18.axis2.piezo rotation to -0.144325deg	 DONE
03/10/2025 19:08:13:	44	count	time	5.000000s/cts	O Det=9	H Det=91	Mon Det=11524	Aux Det=98	O+H=198	 DONE
03/10/2025 19:08:20:	move motor	S18.axis2.piezo rotation to -0.144265deg	 DONE
03/10/2025 19:08:23:	45	count	time	5.000000s/cts	O Det=7	H Det=92	Mon Det=11632	Aux Det=83	O+H=182	 DONE
03/10/2025 19:08:30:	move motor	S18.axis2.piezo rotation to -0.144205deg	 DONE
03/10/2025 19:08:34:	46	count	time	5.000000s/cts	O Det=7	H Det=68	Mon Det=11553	Aux Det=82	O+H=157	 DONE
03/10/2025 19:08:40:	move motor	S18.axis2.piezo rotation to -0.144145deg	 DONE
03/10/2025 19:08:44:	47	count	time	5.000000s/cts	O Det=2	H Det=56	Mon Det=11746	Aux Det=80	O+H=138	 DONE
03/10/2025 19:08:51:	move motor	S18.axis2.piezo rotation to -0.144085deg	 DONE
03/10/2025 19:08:52:	48	count	time	5.000000s/cts	O Det=3	H Det=56	Mon Det=11606	Aux Det=66	O+H=125	 DONE
03/10/2025 19:08:59:	move motor	S18.axis2.piezo rotation to -0.144025deg	 DONE
03/10/2025 19:09:00:	49	count	time	5.000000s/cts	O Det=3	H Det=59	Mon Det=11741	Aux Det=58	O+H=120	 DONE
03/10/2025 19:09:07:	move motor	S18.axis2.piezo rotation to -0.143965deg	 DONE
03/10/2025 19:09:08:	50	count	time	5.000000s/cts	O Det=1	H Det=54	Mon Det=11620	Aux Det=48	O+H=103	 DONE
03/10/2025 19:09:15:	move motor	S18.axis2.piezo rotation to -0.143905deg	 DONE
03/10/2025 19:09:18:	51	count	time	5.000000s/cts	O Det=4	H Det=38	Mon Det=11715	Aux Det=41	O+H=83	 DONE
03/10/2025 19:09:25:	move motor	S18.axis2.piezo rotation to -0.143845deg	 DONE
03/10/2025 19:09:29:	52	count	time	5.000000s/cts	O Det=4	H Det=40	Mon Det=11745	Aux Det=46	O+H=90	 DONE
03/10/2025 19:09:35:	move motor	S18.axis2.piezo rotation to -0.143785deg	 DONE
03/10/2025 19:09:39:	53	count	time	5.000000s/cts	O Det=0	H Det=37	Mon Det=11572	Aux Det=41	O+H=78	 DONE
03/10/2025 19:09:46:	move motor	S18.axis2.piezo rotation to -0.143725deg	 DONE
03/10/2025 19:09:49:	54	count	time	5.000000s/cts	O Det=1	H Det=39	Mon Det=11611	Aux Det=38	O+H=78	 DONE
03/10/2025 19:09:56:	move motor	S18.axis2.piezo rotation to -0.143665deg	 DONE
03/10/2025 19:09:57:	55	count	time	5.000000s/cts	O Det=2	H Det=26	Mon Det=11510	Aux Det=33	O+H=61	 DONE
03/10/2025 19:10:04:	move motor	S18.axis2.piezo rotation to -0.143605deg	 DONE
03/10/2025 19:10:05:	56	count	time	5.000000s/cts	O Det=0	H Det=32	Mon Det=11628	Aux Det=29	O+H=61	 DONE
03/10/2025 19:10:12:	move motor	S18.axis2.piezo rotation to -0.143545deg	 DONE
03/10/2025 19:10:15:	57	count	time	5.000000s/cts	O Det=0	H Det=23	Mon Det=11632	Aux Det=25	O+H=48	 DONE
03/10/2025 19:10:22:	move motor	S18.axis2.piezo rotation to -0.143485deg	 DONE
03/10/2025 19:10:26:	58	count	time	5.000000s/cts	O Det=1	H Det=20	Mon Det=11632	Aux Det=30	O+H=51	 DONE
03/10/2025 19:10:33:	move motor	S18.axis2.piezo rotation to -0.143425deg	 DONE
03/10/2025 19:10:36:	59	count	time	5.000000s/cts	O Det=0	H Det=26	Mon Det=11822	Aux Det=25	O+H=51	 DONE
03/10/2025 19:10:43:	move motor	S18.axis2.piezo rotation to -0.143365deg	 DONE
03/10/2025 19:10:47:	60	count	time	5.000000s/cts	O Det=0	H Det=13	Mon Det=11603	Aux Det=28	O+H=41	 DONE
03/10/2025 19:10:53:	close file and end scan	 DONE
03/10/2025 19:10:54:	move motor	S18.axis2.piezo rotation to fit SUM PEAK60	-0.145168reached -0.14517  DONE
03/10/2025 19:10:56:	END OF SCRIPT	 DONE
