03/10/2025 00:06:11:	start execution of script D:\data\Cycle 198\exp_3-16-19\rawdata\sc\rocking.sc	 DONE
03/10/2025 00:06:12:	move motor	S18.axis2.piezo rotation to -0.246770deg	 DONE
03/10/2025 00:06:14:	create file	D:\data\Cycle 198\exp_3-16-19\rawdata\sc\rocking_03Oct0006.dat	 DONE
room to enter remarks DONE
03/10/2025 00:06:15:	move motor	S18.axis2.piezo rotation to -0.146770deg	 DONE
03/10/2025 00:06:19:	1	count	time	5.000000s/cts	O Det=0	H Det=2	Mon Det=11531	Aux Det=17	O+H=19	 DONE
03/10/2025 00:06:26:	move motor	S18.axis2.piezo rotation to -0.146710deg	 DONE
03/10/2025 00:06:27:	2	count	time	5.000000s/cts	O Det=1	H Det=0	Mon Det=11685	Aux Det=23	O+H=24	 DONE
03/10/2025 00:06:34:	move motor	S18.axis2.piezo rotation to -0.146650deg	 DONE
03/10/2025 00:06:35:	3	count	time	5.000000s/cts	O Det=0	H Det=1	Mon Det=11167	Aux Det=23	O+H=24	 DONE
03/10/2025 00:06:42:	move motor	S18.axis2.piezo rotation to -0.146590deg	 DONE
03/10/2025 00:06:43:	4	count	time	5.000000s/cts	O Det=1	H Det=1	Mon Det=11314	Aux Det=28	O+H=30	 DONE
03/10/2025 00:06:49:	move motor	S18.axis2.piezo rotation to -0.146530deg	 DONE
03/10/2025 00:06:51:	5	count	time	5.000000s/cts	O Det=1	H Det=1	Mon Det=11517	Aux Det=26	O+H=28	 DONE
03/10/2025 00:06:58:	move motor	S18.axis2.piezo rotation to -0.146470deg	 DONE
03/10/2025 00:06:59:	6	count	time	5.000000s/cts	O Det=0	H Det=1	Mon Det=11488	Aux Det=39	O+H=40	 DONE
03/10/2025 00:07:06:	move motor	S18.axis2.piezo rotation to -0.146410deg	 DONE
03/10/2025 00:07:07:	7	count	time	5.000000s/cts	O Det=1	H Det=1	Mon Det=11539	Aux Det=34	O+H=36	 DONE
03/10/2025 00:07:14:	move motor	S18.axis2.piezo rotation to -0.146350deg	 DONE
03/10/2025 00:07:15:	8	count	time	5.000000s/cts	O Det=0	H Det=2	Mon Det=11509	Aux Det=34	O+H=36	 DONE
03/10/2025 00:07:22:	move motor	S18.axis2.piezo rotation to -0.146290deg	 DONE
03/10/2025 00:07:23:	9	count	time	5.000000s/cts	O Det=2	H Det=0	Mon Det=11443	Aux Det=40	O+H=42	 DONE
03/10/2025 00:07:30:	move motor	S18.axis2.piezo rotation to -0.146230deg	 DONE
03/10/2025 00:07:31:	10	count	time	5.000000s/cts	O Det=2	H Det=2	Mon Det=11506	Aux Det=44	O+H=48	 DONE
03/10/2025 00:07:38:	move motor	S18.axis2.piezo rotation to -0.146170deg	 DONE
03/10/2025 00:07:39:	11	count	time	5.000000s/cts	O Det=2	H Det=0	Mon Det=11450	Aux Det=46	O+H=48	 DONE
03/10/2025 00:07:45:	move motor	S18.axis2.piezo rotation to -0.146110deg	 DONE
03/10/2025 00:07:47:	12	count	time	5.000000s/cts	O Det=3	H Det=3	Mon Det=11633	Aux Det=62	O+H=68	 DONE
03/10/2025 00:07:53:	move motor	S18.axis2.piezo rotation to -0.146050deg	 DONE
03/10/2025 00:07:54:	13	count	time	5.000000s/cts	O Det=6	H Det=0	Mon Det=11612	Aux Det=62	O+H=68	 DONE
03/10/2025 00:08:01:	move motor	S18.axis2.piezo rotation to -0.145990deg	 DONE
03/10/2025 00:08:03:	14	count	time	5.000000s/cts	O Det=5	H Det=3	Mon Det=11562	Aux Det=85	O+H=93	 DONE
03/10/2025 00:08:09:	move motor	S18.axis2.piezo rotation to -0.145930deg	 DONE
03/10/2025 00:08:10:	15	count	time	5.000000s/cts	O Det=2	H Det=2	Mon Det=11422	Aux Det=77	O+H=81	 DONE
03/10/2025 00:08:17:	move motor	S18.axis2.piezo rotation to -0.145870deg	 DONE
03/10/2025 00:08:18:	16	count	time	5.000000s/cts	O Det=7	H Det=5	Mon Det=11382	Aux Det=129	O+H=141	 DONE
03/10/2025 00:08:25:	move motor	S18.axis2.piezo rotation to -0.145810deg	 DONE
03/10/2025 00:08:26:	17	count	time	5.000000s/cts	O Det=12	H Det=6	Mon Det=11597	Aux Det=177	O+H=195	 DONE
03/10/2025 00:08:33:	move motor	S18.axis2.piezo rotation to -0.145750deg	 DONE
03/10/2025 00:08:34:	18	count	time	5.000000s/cts	O Det=23	H Det=7	Mon Det=11455	Aux Det=185	O+H=215	 DONE
03/10/2025 00:08:41:	move motor	S18.axis2.piezo rotation to -0.145690deg	 DONE
03/10/2025 00:08:42:	19	count	time	5.000000s/cts	O Det=12	H Det=8	Mon Det=11647	Aux Det=222	O+H=242	 DONE
03/10/2025 00:08:49:	move motor	S18.axis2.piezo rotation to -0.145630deg	 DONE
03/10/2025 00:08:50:	20	count	time	5.000000s/cts	O Det=36	H Det=11	Mon Det=11557	Aux Det=207	O+H=254	 DONE
03/10/2025 00:08:57:	move motor	S18.axis2.piezo rotation to -0.145570deg	 DONE
03/10/2025 00:08:58:	21	count	time	5.000000s/cts	O Det=59	H Det=11	Mon Det=11461	Aux Det=275	O+H=345	 DONE
03/10/2025 00:09:04:	move motor	S18.axis2.piezo rotation to -0.145510deg	 DONE
03/10/2025 00:09:06:	22	count	time	5.000000s/cts	O Det=91	H Det=37	Mon Det=11641	Aux Det=289	O+H=417	 DONE
03/10/2025 00:09:13:	move motor	S18.axis2.piezo rotation to -0.145450deg	 DONE
03/10/2025 00:09:14:	23	count	time	5.000000s/cts	O Det=133	H Det=62	Mon Det=11545	Aux Det=355	O+H=550	 DONE
03/10/2025 00:09:21:	move motor	S18.axis2.piezo rotation to -0.145390deg	 DONE
03/10/2025 00:09:22:	24	count	time	5.000000s/cts	O Det=185	H Det=109	Mon Det=11257	Aux Det=436	O+H=730	 DONE
03/10/2025 00:09:29:	move motor	S18.axis2.piezo rotation to -0.145330deg	 DONE
03/10/2025 00:09:30:	25	count	time	5.000000s/cts	O Det=208	H Det=115	Mon Det=11491	Aux Det=560	O+H=883	 DONE
03/10/2025 00:09:36:	move motor	S18.axis2.piezo rotation to -0.145270deg	 DONE
03/10/2025 00:09:38:	26	count	time	5.000000s/cts	O Det=235	H Det=183	Mon Det=11457	Aux Det=588	O+H=1006	 DONE
03/10/2025 00:09:44:	move motor	S18.axis2.piezo rotation to -0.145210deg	 DONE
03/10/2025 00:09:45:	27	count	time	5.000000s/cts	O Det=272	H Det=225	Mon Det=11533	Aux Det=592	O+H=1089	 DONE
03/10/2025 00:09:52:	move motor	S18.axis2.piezo rotation to -0.145150deg	 DONE
03/10/2025 00:09:53:	28	count	time	5.000000s/cts	O Det=335	H Det=256	Mon Det=11679	Aux Det=612	O+H=1203	 DONE
03/10/2025 00:10:00:	move motor	S18.axis2.piezo rotation to -0.145090deg	 DONE
03/10/2025 00:10:01:	29	count	time	5.000000s/cts	O Det=308	H Det=250	Mon Det=11497	Aux Det=520	O+H=1078	 DONE
03/10/2025 00:10:08:	move motor	S18.axis2.piezo rotation to -0.145030deg	 DONE
03/10/2025 00:10:09:	30	count	time	5.000000s/cts	O Det=314	H Det=263	Mon Det=11467	Aux Det=521	O+H=1098	 DONE
03/10/2025 00:10:16:	move motor	S18.axis2.piezo rotation to -0.144970deg	 DONE
03/10/2025 00:10:17:	31	count	time	5.000000s/cts	O Det=249	H Det=231	Mon Det=11486	Aux Det=424	O+H=904	 DONE
03/10/2025 00:10:24:	move motor	S18.axis2.piezo rotation to -0.144910deg	 DONE
03/10/2025 00:10:25:	32	count	time	5.000000s/cts	O Det=243	H Det=162	Mon Det=11600	Aux Det=398	O+H=803	 DONE
03/10/2025 00:10:32:	move motor	S18.axis2.piezo rotation to -0.144850deg	 DONE
03/10/2025 00:10:33:	33	count	time	5.000000s/cts	O Det=229	H Det=143	Mon Det=11463	Aux Det=273	O+H=645	 DONE
03/10/2025 00:10:40:	move motor	S18.axis2.piezo rotation to -0.144790deg	 DONE
03/10/2025 00:10:41:	34	count	time	5.000000s/cts	O Det=157	H Det=80	Mon Det=11553	Aux Det=282	O+H=519	 DONE
03/10/2025 00:10:47:	move motor	S18.axis2.piezo rotation to -0.144730deg	 DONE
03/10/2025 00:10:49:	35	count	time	5.000000s/cts	O Det=125	H Det=56	Mon Det=11566	Aux Det=209	O+H=390	 DONE
03/10/2025 00:10:55:	move motor	S18.axis2.piezo rotation to -0.144670deg	 DONE
03/10/2025 00:10:57:	36	count	time	5.000000s/cts	O Det=92	H Det=35	Mon Det=11363	Aux Det=193	O+H=320	 DONE
03/10/2025 00:11:03:	move motor	S18.axis2.piezo rotation to -0.144610deg	 DONE
03/10/2025 00:11:05:	37	count	time	5.000000s/cts	O Det=56	H Det=9	Mon Det=11695	Aux Det=150	O+H=215	 DONE
03/10/2025 00:11:11:	move motor	S18.axis2.piezo rotation to -0.144550deg	 DONE
03/10/2025 00:11:12:	38	count	time	5.000000s/cts	O Det=43	H Det=5	Mon Det=11429	Aux Det=150	O+H=198	 DONE
03/10/2025 00:11:19:	move motor	S18.axis2.piezo rotation to -0.144490deg	 DONE
03/10/2025 00:11:20:	39	count	time	5.000000s/cts	O Det=28	H Det=3	Mon Det=11446	Aux Det=129	O+H=160	 DONE
03/10/2025 00:11:27:	move motor	S18.axis2.piezo rotation to -0.144430deg	 DONE
03/10/2025 00:11:28:	40	count	time	5.000000s/cts	O Det=16	H Det=3	Mon Det=11434	Aux Det=106	O+H=125	 DONE
03/10/2025 00:11:35:	move motor	S18.axis2.piezo rotation to -0.144370deg	 DONE
03/10/2025 00:11:37:	41	count	time	5.000000s/cts	O Det=14	H Det=2	Mon Det=11604	Aux Det=90	O+H=106	 DONE
03/10/2025 00:11:44:	move motor	S18.axis2.piezo rotation to -0.144310deg	 DONE
03/10/2025 00:11:45:	42	count	time	5.000000s/cts	O Det=6	H Det=2	Mon Det=11527	Aux Det=80	O+H=88	 DONE
03/10/2025 00:11:51:	move motor	S18.axis2.piezo rotation to -0.144250deg	 DONE
03/10/2025 00:11:53:	43	count	time	5.000000s/cts	O Det=5	H Det=1	Mon Det=11638	Aux Det=65	O+H=71	 DONE
03/10/2025 00:11:59:	move motor	S18.axis2.piezo rotation to -0.144190deg	 DONE
03/10/2025 00:12:01:	44	count	time	5.000000s/cts	O Det=2	H Det=0	Mon Det=11376	Aux Det=61	O+H=63	 DONE
03/10/2025 00:12:07:	move motor	S18.axis2.piezo rotation to -0.144130deg	 DONE
03/10/2025 00:12:09:	45	count	time	5.000000s/cts	O Det=2	H Det=1	Mon Det=11632	Aux Det=64	O+H=67	 DONE
03/10/2025 00:12:15:	move motor	S18.axis2.piezo rotation to -0.144070deg	 DONE
03/10/2025 00:12:17:	46	count	time	5.000000s/cts	O Det=5	H Det=4	Mon Det=11638	Aux Det=55	O+H=64	 DONE
03/10/2025 00:12:23:	move motor	S18.axis2.piezo rotation to -0.144010deg	 DONE
03/10/2025 00:12:25:	47	count	time	5.000000s/cts	O Det=2	H Det=1	Mon Det=11457	Aux Det=47	O+H=50	 DONE
03/10/2025 00:12:31:	move motor	S18.axis2.piezo rotation to -0.143950deg	 DONE
03/10/2025 00:12:33:	48	count	time	5.000000s/cts	O Det=2	H Det=1	Mon Det=11341	Aux Det=40	O+H=43	 DONE
03/10/2025 00:12:40:	move motor	S18.axis2.piezo rotation to -0.143890deg	 DONE
03/10/2025 00:12:41:	49	count	time	5.000000s/cts	O Det=0	H Det=2	Mon Det=11501	Aux Det=31	O+H=33	 DONE
03/10/2025 00:12:48:	move motor	S18.axis2.piezo rotation to -0.143830deg	 DONE
03/10/2025 00:12:49:	50	count	time	5.000000s/cts	O Det=1	H Det=0	Mon Det=11448	Aux Det=27	O+H=28	 DONE
03/10/2025 00:12:56:	move motor	S18.axis2.piezo rotation to -0.143770deg	 DONE
03/10/2025 00:12:57:	51	count	time	5.000000s/cts	O Det=0	H Det=2	Mon Det=11441	Aux Det=36	O+H=38	 DONE
03/10/2025 00:13:04:	move motor	S18.axis2.piezo rotation to -0.143710deg	 DONE
03/10/2025 00:13:05:	52	count	time	5.000000s/cts	O Det=2	H Det=2	Mon Det=11428	Aux Det=24	O+H=28	 DONE
03/10/2025 00:13:12:	move motor	S18.axis2.piezo rotation to -0.143650deg	 DONE
03/10/2025 00:13:13:	53	count	time	5.000000s/cts	O Det=0	H Det=2	Mon Det=11572	Aux Det=40	O+H=42	 DONE
03/10/2025 00:13:20:	move motor	S18.axis2.piezo rotation to -0.143590deg	 DONE
03/10/2025 00:13:21:	54	count	time	5.000000s/cts	O Det=1	H Det=2	Mon Det=11613	Aux Det=28	O+H=31	 DONE
03/10/2025 00:13:28:	move motor	S18.axis2.piezo rotation to -0.143530deg	 DONE
03/10/2025 00:13:29:	55	count	time	5.000000s/cts	O Det=2	H Det=0	Mon Det=11482	Aux Det=28	O+H=30	 DONE
03/10/2025 00:13:36:	move motor	S18.axis2.piezo rotation to -0.143470deg	 DONE
03/10/2025 00:13:37:	56	count	time	5.000000s/cts	O Det=0	H Det=1	Mon Det=11540	Aux Det=22	O+H=23	 DONE
03/10/2025 00:13:44:	move motor	S18.axis2.piezo rotation to -0.143410deg	 DONE
03/10/2025 00:13:45:	57	count	time	5.000000s/cts	O Det=0	H Det=2	Mon Det=11332	Aux Det=22	O+H=24	 DONE
03/10/2025 00:13:51:	move motor	S18.axis2.piezo rotation to -0.143350deg	 DONE
03/10/2025 00:13:53:	58	count	time	5.000000s/cts	O Det=0	H Det=0	Mon Det=11607	Aux Det=30	O+H=30	 DONE
03/10/2025 00:14:00:	move motor	S18.axis2.piezo rotation to -0.143290deg	 DONE
03/10/2025 00:14:01:	59	count	time	5.000000s/cts	O Det=1	H Det=0	Mon Det=11710	Aux Det=19	O+H=20	 DONE
03/10/2025 00:14:07:	move motor	S18.axis2.piezo rotation to -0.143230deg	 DONE
03/10/2025 00:14:09:	60	count	time	5.000000s/cts	O Det=0	H Det=1	Mon Det=11672	Aux Det=18	O+H=19	 DONE
03/10/2025 00:14:15:	close file and end scan	 DONE
03/10/2025 00:14:16:	move motor	S18.axis2.piezo rotation to fit SUM PEAK60	-0.145139reached -0.14514  DONE
03/10/2025 00:14:21:	END OF SCRIPT	 DONE
