03/10/2025 11:54:22:	start execution of script D:\data\Cycle 198\exp_3-16-19\rawdata\sc\rocking.sc	 DONE
03/10/2025 11:54:22:	move motor	S18.axis2.piezo rotation to -0.246770deg	 DONE
03/10/2025 11:54:26:	create file	D:\data\Cycle 198\exp_3-16-19\rawdata\sc\rocking_03Oct1154.dat	 DONE
room to enter remarks DONE
03/10/2025 11:54:27:	move motor	S18.axis2.piezo rotation to -0.146770deg	 DONE
03/10/2025 11:54:31:	1	count	time	5.000000s/cts	O Det=0	H Det=22	Mon Det=11527	Aux Det=30	O+H=52	 DONE
03/10/2025 11:54:37:	move motor	S18.axis2.piezo rotation to -0.146710deg	 DONE
03/10/2025 11:54:39:	2	count	time	5.000000s/cts	O Det=2	H Det=27	Mon Det=11476	Aux Det=29	O+H=58	 DONE
03/10/2025 11:54:46:	move motor	S18.axis2.piezo rotation to -0.146650deg	 DONE
03/10/2025 11:54:47:	3	count	time	5.000000s/cts	O Det=0	H Det=30	Mon Det=11412	Aux Det=27	O+H=57	 DONE
03/10/2025 11:54:54:	move motor	S18.axis2.piezo rotation to -0.146590deg	 DONE
03/10/2025 11:54:55:	4	count	time	5.000000s/cts	O Det=1	H Det=36	Mon Det=11343	Aux Det=32	O+H=69	 DONE
03/10/2025 11:55:02:	move motor	S18.axis2.piezo rotation to -0.146530deg	 DONE
03/10/2025 11:55:03:	5	count	time	5.000000s/cts	O Det=0	H Det=45	Mon Det=11534	Aux Det=43	O+H=88	 DONE
03/10/2025 11:55:10:	move motor	S18.axis2.piezo rotation to -0.146470deg	 DONE
03/10/2025 11:55:11:	6	count	time	5.000000s/cts	O Det=1	H Det=41	Mon Det=11544	Aux Det=47	O+H=89	 DONE
03/10/2025 11:55:17:	move motor	S18.axis2.piezo rotation to -0.146410deg	 DONE
03/10/2025 11:55:18:	7	count	time	5.000000s/cts	O Det=0	H Det=49	Mon Det=11646	Aux Det=41	O+H=90	 DONE
03/10/2025 11:55:25:	move motor	S18.axis2.piezo rotation to -0.146350deg	 DONE
03/10/2025 11:55:26:	8	count	time	5.000000s/cts	O Det=1	H Det=59	Mon Det=11323	Aux Det=57	O+H=117	 DONE
03/10/2025 11:55:33:	move motor	S18.axis2.piezo rotation to -0.146290deg	 DONE
03/10/2025 11:55:34:	9	count	time	5.000000s/cts	O Det=3	H Det=50	Mon Det=11426	Aux Det=56	O+H=109	 DONE
03/10/2025 11:55:41:	move motor	S18.axis2.piezo rotation to -0.146230deg	 DONE
03/10/2025 11:55:42:	10	count	time	5.000000s/cts	O Det=3	H Det=64	Mon Det=11440	Aux Det=78	O+H=145	 DONE
03/10/2025 11:55:49:	move motor	S18.axis2.piezo rotation to -0.146170deg	 DONE
03/10/2025 11:55:50:	11	count	time	5.000000s/cts	O Det=1	H Det=74	Mon Det=11516	Aux Det=81	O+H=156	 DONE
03/10/2025 11:55:57:	move motor	S18.axis2.piezo rotation to -0.146110deg	 DONE
03/10/2025 11:55:58:	12	count	time	5.000000s/cts	O Det=2	H Det=72	Mon Det=11474	Aux Det=87	O+H=161	 DONE
03/10/2025 11:56:04:	move motor	S18.axis2.piezo rotation to -0.146050deg	 DONE
03/10/2025 11:56:06:	13	count	time	5.000000s/cts	O Det=2	H Det=110	Mon Det=11344	Aux Det=121	O+H=233	 DONE
03/10/2025 11:56:12:	move motor	S18.axis2.piezo rotation to -0.145990deg	 DONE
03/10/2025 11:56:13:	14	count	time	5.000000s/cts	O Det=15	H Det=107	Mon Det=11481	Aux Det=113	O+H=235	 DONE
03/10/2025 11:56:20:	move motor	S18.axis2.piezo rotation to -0.145930deg	 DONE
03/10/2025 11:56:21:	15	count	time	5.000000s/cts	O Det=33	H Det=137	Mon Det=11638	Aux Det=131	O+H=301	 DONE
03/10/2025 11:56:28:	move motor	S18.axis2.piezo rotation to -0.145870deg	 DONE
03/10/2025 11:56:29:	16	count	time	5.000000s/cts	O Det=35	H Det=177	Mon Det=11461	Aux Det=176	O+H=388	 DONE
03/10/2025 11:56:36:	move motor	S18.axis2.piezo rotation to -0.145810deg	 DONE
03/10/2025 11:56:37:	17	count	time	5.000000s/cts	O Det=41	H Det=164	Mon Det=11350	Aux Det=205	O+H=410	 DONE
03/10/2025 11:56:43:	move motor	S18.axis2.piezo rotation to -0.145750deg	 DONE
03/10/2025 11:56:45:	18	count	time	5.000000s/cts	O Det=45	H Det=219	Mon Det=11428	Aux Det=236	O+H=500	 DONE
03/10/2025 11:56:52:	move motor	S18.axis2.piezo rotation to -0.145690deg	 DONE
03/10/2025 11:56:53:	19	count	time	5.000000s/cts	O Det=51	H Det=266	Mon Det=11444	Aux Det=255	O+H=572	 DONE
03/10/2025 11:56:59:	move motor	S18.axis2.piezo rotation to -0.145630deg	 DONE
03/10/2025 11:57:00:	20	count	time	5.000000s/cts	O Det=54	H Det=265	Mon Det=11464	Aux Det=335	O+H=654	 DONE
03/10/2025 11:57:07:	move motor	S18.axis2.piezo rotation to -0.145570deg	 DONE
03/10/2025 11:57:08:	21	count	time	5.000000s/cts	O Det=107	H Det=327	Mon Det=11486	Aux Det=392	O+H=826	 DONE
03/10/2025 11:57:15:	move motor	S18.axis2.piezo rotation to -0.145510deg	 DONE
03/10/2025 11:57:16:	22	count	time	5.000000s/cts	O Det=104	H Det=439	Mon Det=11662	Aux Det=422	O+H=965	 DONE
03/10/2025 11:57:23:	move motor	S18.axis2.piezo rotation to -0.145450deg	 DONE
03/10/2025 11:57:24:	23	count	time	5.000000s/cts	O Det=144	H Det=486	Mon Det=11653	Aux Det=470	O+H=1100	 DONE
03/10/2025 11:57:31:	move motor	S18.axis2.piezo rotation to -0.145390deg	 DONE
03/10/2025 11:57:32:	24	count	time	5.000000s/cts	O Det=146	H Det=519	Mon Det=11385	Aux Det=498	O+H=1163	 DONE
03/10/2025 11:57:38:	move motor	S18.axis2.piezo rotation to -0.145330deg	 DONE
03/10/2025 11:57:40:	25	count	time	5.000000s/cts	O Det=152	H Det=584	Mon Det=11474	Aux Det=549	O+H=1285	 DONE
03/10/2025 11:57:46:	move motor	S18.axis2.piezo rotation to -0.145270deg	 DONE
03/10/2025 11:57:47:	26	count	time	5.000000s/cts	O Det=122	H Det=610	Mon Det=11385	Aux Det=509	O+H=1241	 DONE
03/10/2025 11:57:54:	move motor	S18.axis2.piezo rotation to -0.145210deg	 DONE
03/10/2025 11:57:55:	27	count	time	5.000000s/cts	O Det=150	H Det=645	Mon Det=11426	Aux Det=525	O+H=1320	 DONE
03/10/2025 11:58:02:	move motor	S18.axis2.piezo rotation to -0.145150deg	 DONE
03/10/2025 11:58:03:	28	count	time	5.000000s/cts	O Det=119	H Det=615	Mon Det=11543	Aux Det=537	O+H=1271	 DONE
03/10/2025 11:58:10:	move motor	S18.axis2.piezo rotation to -0.145090deg	 DONE
03/10/2025 11:58:11:	29	count	time	5.000000s/cts	O Det=117	H Det=619	Mon Det=11234	Aux Det=476	O+H=1212	 DONE
03/10/2025 11:58:17:	move motor	S18.axis2.piezo rotation to -0.145030deg	 DONE
03/10/2025 11:58:19:	30	count	time	5.000000s/cts	O Det=105	H Det=599	Mon Det=11503	Aux Det=501	O+H=1205	 DONE
03/10/2025 11:58:25:	move motor	S18.axis2.piezo rotation to -0.144970deg	 DONE
03/10/2025 11:58:26:	31	count	time	5.000000s/cts	O Det=76	H Det=551	Mon Det=11497	Aux Det=441	O+H=1068	 DONE
03/10/2025 11:58:33:	move motor	S18.axis2.piezo rotation to -0.144910deg	 DONE
03/10/2025 11:58:34:	32	count	time	5.000000s/cts	O Det=55	H Det=487	Mon Det=11502	Aux Det=421	O+H=963	 DONE
03/10/2025 11:58:41:	move motor	S18.axis2.piezo rotation to -0.144850deg	 DONE
03/10/2025 11:58:42:	33	count	time	5.000000s/cts	O Det=55	H Det=510	Mon Det=11542	Aux Det=404	O+H=969	 DONE
03/10/2025 11:58:49:	move motor	S18.axis2.piezo rotation to -0.144790deg	 DONE
03/10/2025 11:58:50:	34	count	time	5.000000s/cts	O Det=45	H Det=356	Mon Det=11481	Aux Det=327	O+H=728	 DONE
03/10/2025 11:58:57:	move motor	S18.axis2.piezo rotation to -0.144730deg	 DONE
03/10/2025 11:58:58:	35	count	time	5.000000s/cts	O Det=34	H Det=306	Mon Det=11499	Aux Det=313	O+H=653	 DONE
03/10/2025 11:59:05:	move motor	S18.axis2.piezo rotation to -0.144670deg	 DONE
03/10/2025 11:59:06:	36	count	time	5.000000s/cts	O Det=17	H Det=264	Mon Det=11214	Aux Det=259	O+H=540	 DONE
03/10/2025 11:59:12:	move motor	S18.axis2.piezo rotation to -0.144610deg	 DONE
03/10/2025 11:59:13:	37	count	time	5.000000s/cts	O Det=16	H Det=222	Mon Det=11662	Aux Det=215	O+H=453	 DONE
03/10/2025 11:59:20:	move motor	S18.axis2.piezo rotation to -0.144550deg	 DONE
03/10/2025 11:59:21:	38	count	time	5.000000s/cts	O Det=18	H Det=169	Mon Det=11440	Aux Det=184	O+H=371	 DONE
03/10/2025 11:59:28:	move motor	S18.axis2.piezo rotation to -0.144490deg	 DONE
03/10/2025 11:59:29:	39	count	time	5.000000s/cts	O Det=10	H Det=181	Mon Det=11461	Aux Det=158	O+H=349	 DONE
03/10/2025 11:59:36:	move motor	S18.axis2.piezo rotation to -0.144430deg	 DONE
03/10/2025 11:59:37:	40	count	time	5.000000s/cts	O Det=11	H Det=137	Mon Det=11649	Aux Det=121	O+H=269	 DONE
03/10/2025 11:59:43:	move motor	S18.axis2.piezo rotation to -0.144370deg	 DONE
03/10/2025 11:59:44:	41	count	time	5.000000s/cts	O Det=5	H Det=123	Mon Det=11465	Aux Det=101	O+H=229	 DONE
03/10/2025 11:59:51:	move motor	S18.axis2.piezo rotation to -0.144310deg	 DONE
03/10/2025 11:59:52:	42	count	time	5.000000s/cts	O Det=4	H Det=93	Mon Det=11533	Aux Det=87	O+H=184	 DONE
03/10/2025 11:59:59:	move motor	S18.axis2.piezo rotation to -0.144250deg	 DONE
03/10/2025 12:00:00:	43	count	time	5.000000s/cts	O Det=6	H Det=97	Mon Det=11520	Aux Det=99	O+H=202	 DONE
03/10/2025 12:00:07:	move motor	S18.axis2.piezo rotation to -0.144190deg	 DONE
03/10/2025 12:00:08:	44	count	time	5.000000s/cts	O Det=0	H Det=69	Mon Det=11717	Aux Det=63	O+H=132	 DONE
03/10/2025 12:00:15:	move motor	S18.axis2.piezo rotation to -0.144130deg	 DONE
03/10/2025 12:00:16:	45	count	time	5.000000s/cts	O Det=0	H Det=71	Mon Det=11589	Aux Det=72	O+H=143	 DONE
03/10/2025 12:00:22:	move motor	S18.axis2.piezo rotation to -0.144070deg	 DONE
03/10/2025 12:00:23:	46	count	time	5.000000s/cts	O Det=3	H Det=64	Mon Det=11427	Aux Det=59	O+H=126	 DONE
03/10/2025 12:00:30:	move motor	S18.axis2.piezo rotation to -0.144010deg	 DONE
03/10/2025 12:00:31:	47	count	time	5.000000s/cts	O Det=2	H Det=57	Mon Det=11617	Aux Det=63	O+H=122	 DONE
03/10/2025 12:00:38:	move motor	S18.axis2.piezo rotation to -0.143950deg	 DONE
03/10/2025 12:00:39:	48	count	time	5.000000s/cts	O Det=2	H Det=51	Mon Det=11553	Aux Det=43	O+H=96	 DONE
03/10/2025 12:00:46:	move motor	S18.axis2.piezo rotation to -0.143890deg	 DONE
03/10/2025 12:00:47:	49	count	time	5.000000s/cts	O Det=2	H Det=51	Mon Det=11446	Aux Det=58	O+H=111	 DONE
03/10/2025 12:00:54:	move motor	S18.axis2.piezo rotation to -0.143830deg	 DONE
03/10/2025 12:00:55:	50	count	time	5.000000s/cts	O Det=1	H Det=43	Mon Det=11491	Aux Det=47	O+H=91	 DONE
03/10/2025 12:01:01:	move motor	S18.axis2.piezo rotation to -0.143770deg	 DONE
03/10/2025 12:01:03:	51	count	time	5.000000s/cts	O Det=0	H Det=37	Mon Det=11499	Aux Det=42	O+H=79	 DONE
03/10/2025 12:01:09:	move motor	S18.axis2.piezo rotation to -0.143710deg	 DONE
03/10/2025 12:01:10:	52	count	time	5.000000s/cts	O Det=3	H Det=31	Mon Det=11390	Aux Det=39	O+H=73	 DONE
03/10/2025 12:01:17:	move motor	S18.axis2.piezo rotation to -0.143650deg	 DONE
03/10/2025 12:01:18:	53	count	time	5.000000s/cts	O Det=0	H Det=39	Mon Det=11610	Aux Det=39	O+H=78	 DONE
03/10/2025 12:01:25:	move motor	S18.axis2.piezo rotation to -0.143590deg	 DONE
03/10/2025 12:01:26:	54	count	time	5.000000s/cts	O Det=1	H Det=30	Mon Det=11401	Aux Det=31	O+H=62	 DONE
03/10/2025 12:01:32:	move motor	S18.axis2.piezo rotation to -0.143530deg	 DONE
03/10/2025 12:01:35:	55	count	time	5.000000s/cts	O Det=0	H Det=20	Mon Det=11464	Aux Det=38	O+H=58	 DONE
03/10/2025 12:01:41:	move motor	S18.axis2.piezo rotation to -0.143470deg	 DONE
03/10/2025 12:01:42:	56	count	time	5.000000s/cts	O Det=0	H Det=29	Mon Det=11468	Aux Det=19	O+H=48	 DONE
03/10/2025 12:01:49:	move motor	S18.axis2.piezo rotation to -0.143410deg	 DONE
03/10/2025 12:01:50:	57	count	time	5.000000s/cts	O Det=0	H Det=26	Mon Det=11319	Aux Det=25	O+H=51	 DONE
03/10/2025 12:01:57:	move motor	S18.axis2.piezo rotation to -0.143350deg	 DONE
03/10/2025 12:01:58:	58	count	time	5.000000s/cts	O Det=1	H Det=18	Mon Det=11567	Aux Det=15	O+H=34	 DONE
03/10/2025 12:02:05:	move motor	S18.axis2.piezo rotation to -0.143290deg	 DONE
03/10/2025 12:02:06:	59	count	time	5.000000s/cts	O Det=1	H Det=24	Mon Det=11633	Aux Det=27	O+H=52	 DONE
03/10/2025 12:02:12:	move motor	S18.axis2.piezo rotation to -0.143230deg	 DONE
03/10/2025 12:02:13:	60	count	time	5.000000s/cts	O Det=0	H Det=20	Mon Det=11463	Aux Det=24	O+H=44	 DONE
03/10/2025 12:02:20:	close file and end scan	 DONE
03/10/2025 12:02:21:	move motor	S18.axis2.piezo rotation to fit SUM PEAK60	-0.145201reached -0.14520  DONE
03/10/2025 12:02:23:	END OF SCRIPT	 DONE
