03/10/2025 14:46:22:	start execution of script D:\data\Cycle 198\exp_3-16-19\rawdata\sc\rocking.sc	 DONE
03/10/2025 14:46:23:	move motor	S18.axis2.piezo rotation to -0.246770deg	 DONE
03/10/2025 14:46:27:	create file	D:\data\Cycle 198\exp_3-16-19\rawdata\sc\rocking_03Oct1446.dat	 DONE
room to enter remarks DONE
03/10/2025 14:46:28:	move motor	S18.axis2.piezo rotation to -0.146770deg	 DONE
03/10/2025 14:46:31:	1	count	time	5.000000s/cts	O Det=0	H Det=27	Mon Det=11424	Aux Det=2	O+H=29	 DONE
03/10/2025 14:46:38:	move motor	S18.axis2.piezo rotation to -0.146710deg	 DONE
03/10/2025 14:46:40:	2	count	time	5.000000s/cts	O Det=2	H Det=34	Mon Det=11487	Aux Det=2	O+H=38	 DONE
03/10/2025 14:46:46:	move motor	S18.axis2.piezo rotation to -0.146650deg	 DONE
03/10/2025 14:46:47:	3	count	time	5.000000s/cts	O Det=4	H Det=26	Mon Det=11586	Aux Det=2	O+H=32	 DONE
03/10/2025 14:46:54:	move motor	S18.axis2.piezo rotation to -0.146590deg	 DONE
03/10/2025 14:46:55:	4	count	time	5.000000s/cts	O Det=2	H Det=40	Mon Det=11579	Aux Det=4	O+H=46	 DONE
03/10/2025 14:47:02:	move motor	S18.axis2.piezo rotation to -0.146530deg	 DONE
03/10/2025 14:47:04:	5	count	time	5.000000s/cts	O Det=3	H Det=28	Mon Det=11438	Aux Det=2	O+H=33	 DONE
03/10/2025 14:47:10:	move motor	S18.axis2.piezo rotation to -0.146470deg	 DONE
03/10/2025 14:47:11:	6	count	time	5.000000s/cts	O Det=3	H Det=39	Mon Det=11356	Aux Det=4	O+H=46	 DONE
03/10/2025 14:47:18:	move motor	S18.axis2.piezo rotation to -0.146410deg	 DONE
03/10/2025 14:47:19:	7	count	time	5.000000s/cts	O Det=3	H Det=41	Mon Det=11306	Aux Det=5	O+H=49	 DONE
03/10/2025 14:47:26:	move motor	S18.axis2.piezo rotation to -0.146350deg	 DONE
03/10/2025 14:47:27:	8	count	time	5.000000s/cts	O Det=1	H Det=52	Mon Det=11376	Aux Det=5	O+H=58	 DONE
03/10/2025 14:47:34:	move motor	S18.axis2.piezo rotation to -0.146290deg	 DONE
03/10/2025 14:47:35:	9	count	time	5.000000s/cts	O Det=2	H Det=47	Mon Det=11492	Aux Det=2	O+H=51	 DONE
03/10/2025 14:47:41:	move motor	S18.axis2.piezo rotation to -0.146230deg	 DONE
03/10/2025 14:47:43:	10	count	time	5.000000s/cts	O Det=3	H Det=67	Mon Det=11316	Aux Det=4	O+H=74	 DONE
03/10/2025 14:47:49:	move motor	S18.axis2.piezo rotation to -0.146170deg	 DONE
03/10/2025 14:47:51:	11	count	time	5.000000s/cts	O Det=1	H Det=62	Mon Det=11514	Aux Det=1	O+H=64	 DONE
03/10/2025 14:47:57:	move motor	S18.axis2.piezo rotation to -0.146110deg	 DONE
03/10/2025 14:47:58:	12	count	time	5.000000s/cts	O Det=3	H Det=78	Mon Det=11418	Aux Det=4	O+H=85	 DONE
03/10/2025 14:48:05:	move motor	S18.axis2.piezo rotation to -0.146050deg	 DONE
03/10/2025 14:48:06:	13	count	time	5.000000s/cts	O Det=2	H Det=84	Mon Det=11514	Aux Det=2	O+H=88	 DONE
03/10/2025 14:48:13:	move motor	S18.axis2.piezo rotation to -0.145990deg	 DONE
03/10/2025 14:48:14:	14	count	time	5.000000s/cts	O Det=10	H Det=142	Mon Det=11290	Aux Det=4	O+H=156	 DONE
03/10/2025 14:48:21:	move motor	S18.axis2.piezo rotation to -0.145930deg	 DONE
03/10/2025 14:48:22:	15	count	time	5.000000s/cts	O Det=11	H Det=139	Mon Det=11464	Aux Det=19	O+H=169	 DONE
03/10/2025 14:48:28:	move motor	S18.axis2.piezo rotation to -0.145870deg	 DONE
03/10/2025 14:48:30:	16	count	time	5.000000s/cts	O Det=14	H Det=165	Mon Det=11565	Aux Det=36	O+H=215	 DONE
03/10/2025 14:48:36:	move motor	S18.axis2.piezo rotation to -0.145810deg	 DONE
03/10/2025 14:48:37:	17	count	time	5.000000s/cts	O Det=14	H Det=183	Mon Det=11448	Aux Det=31	O+H=228	 DONE
03/10/2025 14:48:44:	move motor	S18.axis2.piezo rotation to -0.145750deg	 DONE
03/10/2025 14:48:45:	18	count	time	5.000000s/cts	O Det=25	H Det=214	Mon Det=11517	Aux Det=11	O+H=250	 DONE
03/10/2025 14:48:52:	move motor	S18.axis2.piezo rotation to -0.145690deg	 DONE
03/10/2025 14:48:53:	19	count	time	5.000000s/cts	O Det=29	H Det=217	Mon Det=11479	Aux Det=15	O+H=261	 DONE
03/10/2025 14:49:00:	move motor	S18.axis2.piezo rotation to -0.145630deg	 DONE
03/10/2025 14:49:01:	20	count	time	5.000000s/cts	O Det=47	H Det=252	Mon Det=11560	Aux Det=23	O+H=322	 DONE
03/10/2025 14:49:08:	move motor	S18.axis2.piezo rotation to -0.145570deg	 DONE
03/10/2025 14:49:09:	21	count	time	5.000000s/cts	O Det=100	H Det=307	Mon Det=11471	Aux Det=77	O+H=484	 DONE
03/10/2025 14:49:16:	move motor	S18.axis2.piezo rotation to -0.145510deg	 DONE
03/10/2025 14:49:17:	22	count	time	5.000000s/cts	O Det=148	H Det=301	Mon Det=11570	Aux Det=122	O+H=571	 DONE
03/10/2025 14:49:23:	move motor	S18.axis2.piezo rotation to -0.145450deg	 DONE
03/10/2025 14:49:25:	23	count	time	5.000000s/cts	O Det=188	H Det=321	Mon Det=11763	Aux Det=253	O+H=762	 DONE
03/10/2025 14:49:31:	move motor	S18.axis2.piezo rotation to -0.145390deg	 DONE
03/10/2025 14:49:32:	24	count	time	5.000000s/cts	O Det=281	H Det=364	Mon Det=11400	Aux Det=370	O+H=1015	 DONE
03/10/2025 14:49:39:	move motor	S18.axis2.piezo rotation to -0.145330deg	 DONE
03/10/2025 14:49:40:	25	count	time	5.000000s/cts	O Det=278	H Det=388	Mon Det=11707	Aux Det=494	O+H=1160	 DONE
03/10/2025 14:49:47:	move motor	S18.axis2.piezo rotation to -0.145270deg	 DONE
03/10/2025 14:49:48:	26	count	time	5.000000s/cts	O Det=310	H Det=360	Mon Det=11508	Aux Det=579	O+H=1249	 DONE
03/10/2025 14:49:55:	move motor	S18.axis2.piezo rotation to -0.145210deg	 DONE
03/10/2025 14:49:56:	27	count	time	5.000000s/cts	O Det=351	H Det=371	Mon Det=11485	Aux Det=596	O+H=1318	 DONE
03/10/2025 14:50:03:	move motor	S18.axis2.piezo rotation to -0.145150deg	 DONE
03/10/2025 14:50:04:	28	count	time	5.000000s/cts	O Det=305	H Det=326	Mon Det=11519	Aux Det=565	O+H=1196	 DONE
03/10/2025 14:50:10:	move motor	S18.axis2.piezo rotation to -0.145090deg	 DONE
03/10/2025 14:50:12:	29	count	time	5.000000s/cts	O Det=350	H Det=342	Mon Det=11561	Aux Det=557	O+H=1249	 DONE
03/10/2025 14:50:18:	move motor	S18.axis2.piezo rotation to -0.145030deg	 DONE
03/10/2025 14:50:19:	30	count	time	5.000000s/cts	O Det=332	H Det=327	Mon Det=11466	Aux Det=464	O+H=1123	 DONE
03/10/2025 14:50:26:	move motor	S18.axis2.piezo rotation to -0.144970deg	 DONE
03/10/2025 14:50:27:	31	count	time	5.000000s/cts	O Det=271	H Det=348	Mon Det=11411	Aux Det=370	O+H=989	 DONE
03/10/2025 14:50:34:	move motor	S18.axis2.piezo rotation to -0.144910deg	 DONE
03/10/2025 14:50:35:	32	count	time	5.000000s/cts	O Det=224	H Det=307	Mon Det=11468	Aux Det=281	O+H=812	 DONE
03/10/2025 14:50:42:	move motor	S18.axis2.piezo rotation to -0.144850deg	 DONE
03/10/2025 14:50:43:	33	count	time	5.000000s/cts	O Det=179	H Det=290	Mon Det=11604	Aux Det=171	O+H=640	 DONE
03/10/2025 14:50:49:	move motor	S18.axis2.piezo rotation to -0.144790deg	 DONE
03/10/2025 14:50:51:	34	count	time	5.000000s/cts	O Det=117	H Det=248	Mon Det=11569	Aux Det=103	O+H=468	 DONE
03/10/2025 14:50:57:	move motor	S18.axis2.piezo rotation to -0.144730deg	 DONE
03/10/2025 14:50:58:	35	count	time	5.000000s/cts	O Det=82	H Det=233	Mon Det=11515	Aux Det=39	O+H=354	 DONE
03/10/2025 14:51:05:	move motor	S18.axis2.piezo rotation to -0.144670deg	 DONE
03/10/2025 14:51:06:	36	count	time	5.000000s/cts	O Det=71	H Det=192	Mon Det=11581	Aux Det=17	O+H=280	 DONE
03/10/2025 14:51:13:	move motor	S18.axis2.piezo rotation to -0.144610deg	 DONE
03/10/2025 14:51:14:	37	count	time	5.000000s/cts	O Det=44	H Det=178	Mon Det=11279	Aux Det=15	O+H=237	 DONE
03/10/2025 14:51:21:	move motor	S18.axis2.piezo rotation to -0.144550deg	 DONE
03/10/2025 14:51:22:	38	count	time	5.000000s/cts	O Det=23	H Det=137	Mon Det=11526	Aux Det=6	O+H=166	 DONE
03/10/2025 14:51:28:	move motor	S18.axis2.piezo rotation to -0.144490deg	 DONE
03/10/2025 14:51:30:	39	count	time	5.000000s/cts	O Det=16	H Det=110	Mon Det=11558	Aux Det=3	O+H=129	 DONE
03/10/2025 14:51:36:	move motor	S18.axis2.piezo rotation to -0.144430deg	 DONE
03/10/2025 14:51:37:	40	count	time	5.000000s/cts	O Det=8	H Det=115	Mon Det=11568	Aux Det=2	O+H=125	 DONE
03/10/2025 14:51:44:	move motor	S18.axis2.piezo rotation to -0.144370deg	 DONE
03/10/2025 14:51:46:	41	count	time	5.000000s/cts	O Det=10	H Det=90	Mon Det=11463	Aux Det=8	O+H=108	 DONE
03/10/2025 14:51:53:	move motor	S18.axis2.piezo rotation to -0.144310deg	 DONE
03/10/2025 14:51:54:	42	count	time	5.000000s/cts	O Det=9	H Det=98	Mon Det=11549	Aux Det=4	O+H=111	 DONE
03/10/2025 14:52:01:	move motor	S18.axis2.piezo rotation to -0.144250deg	 DONE
03/10/2025 14:52:02:	43	count	time	5.000000s/cts	O Det=5	H Det=68	Mon Det=11373	Aux Det=11	O+H=84	 DONE
03/10/2025 14:52:09:	move motor	S18.axis2.piezo rotation to -0.144190deg	 DONE
03/10/2025 14:52:10:	44	count	time	5.000000s/cts	O Det=6	H Det=67	Mon Det=11444	Aux Det=3	O+H=76	 DONE
03/10/2025 14:52:17:	move motor	S18.axis2.piezo rotation to -0.144130deg	 DONE
03/10/2025 14:52:18:	45	count	time	5.000000s/cts	O Det=1	H Det=55	Mon Det=11513	Aux Det=2	O+H=58	 DONE
03/10/2025 14:52:24:	move motor	S18.axis2.piezo rotation to -0.144070deg	 DONE
03/10/2025 14:52:26:	46	count	time	5.000000s/cts	O Det=1	H Det=56	Mon Det=11442	Aux Det=3	O+H=60	 DONE
03/10/2025 14:52:32:	move motor	S18.axis2.piezo rotation to -0.144010deg	 DONE
03/10/2025 14:52:33:	47	count	time	5.000000s/cts	O Det=1	H Det=66	Mon Det=11450	Aux Det=1	O+H=68	 DONE
03/10/2025 14:52:40:	move motor	S18.axis2.piezo rotation to -0.143950deg	 DONE
03/10/2025 14:52:41:	48	count	time	5.000000s/cts	O Det=2	H Det=36	Mon Det=11398	Aux Det=5	O+H=43	 DONE
03/10/2025 14:52:48:	move motor	S18.axis2.piezo rotation to -0.143890deg	 DONE
03/10/2025 14:52:49:	49	count	time	5.000000s/cts	O Det=3	H Det=43	Mon Det=11370	Aux Det=5	O+H=51	 DONE
03/10/2025 14:52:55:	move motor	S18.axis2.piezo rotation to -0.143830deg	 DONE
03/10/2025 14:52:57:	50	count	time	5.000000s/cts	O Det=2	H Det=31	Mon Det=11366	Aux Det=2	O+H=35	 DONE
03/10/2025 14:53:03:	move motor	S18.axis2.piezo rotation to -0.143770deg	 DONE
03/10/2025 14:53:05:	51	count	time	5.000000s/cts	O Det=2	H Det=37	Mon Det=11434	Aux Det=2	O+H=41	 DONE
03/10/2025 14:53:11:	move motor	S18.axis2.piezo rotation to -0.143710deg	 DONE
03/10/2025 14:53:13:	52	count	time	5.000000s/cts	O Det=1	H Det=23	Mon Det=11305	Aux Det=2	O+H=26	 DONE
03/10/2025 14:53:20:	move motor	S18.axis2.piezo rotation to -0.143650deg	 DONE
03/10/2025 14:53:21:	53	count	time	5.000000s/cts	O Det=0	H Det=30	Mon Det=11538	Aux Det=4	O+H=34	 DONE
03/10/2025 14:53:28:	move motor	S18.axis2.piezo rotation to -0.143590deg	 DONE
03/10/2025 14:53:29:	54	count	time	5.000000s/cts	O Det=5	H Det=37	Mon Det=11433	Aux Det=6	O+H=48	 DONE
03/10/2025 14:53:36:	move motor	S18.axis2.piezo rotation to -0.143530deg	 DONE
03/10/2025 14:53:37:	55	count	time	5.000000s/cts	O Det=2	H Det=27	Mon Det=11566	Aux Det=2	O+H=31	 DONE
03/10/2025 14:53:43:	move motor	S18.axis2.piezo rotation to -0.143470deg	 DONE
03/10/2025 14:53:45:	56	count	time	5.000000s/cts	O Det=0	H Det=28	Mon Det=11386	Aux Det=3	O+H=31	 DONE
03/10/2025 14:53:51:	move motor	S18.axis2.piezo rotation to -0.143410deg	 DONE
03/10/2025 14:53:52:	57	count	time	5.000000s/cts	O Det=0	H Det=26	Mon Det=11582	Aux Det=1	O+H=27	 DONE
03/10/2025 14:53:59:	move motor	S18.axis2.piezo rotation to -0.143350deg	 DONE
03/10/2025 14:54:00:	58	count	time	5.000000s/cts	O Det=0	H Det=25	Mon Det=11528	Aux Det=1	O+H=26	 DONE
03/10/2025 14:54:07:	move motor	S18.axis2.piezo rotation to -0.143290deg	 DONE
03/10/2025 14:54:08:	59	count	time	5.000000s/cts	O Det=1	H Det=17	Mon Det=11505	Aux Det=3	O+H=21	 DONE
03/10/2025 14:54:15:	move motor	S18.axis2.piezo rotation to -0.143230deg	 DONE
03/10/2025 14:54:16:	60	count	time	5.000000s/cts	O Det=2	H Det=17	Mon Det=11542	Aux Det=6	O+H=25	 DONE
03/10/2025 14:54:23:	close file and end scan	 DONE
03/10/2025 14:54:23:	move motor	S18.axis2.piezo rotation to fit SUM PEAK60	-0.145188reached -0.14519  DONE
03/10/2025 14:54:28:	END OF SCRIPT	 DONE
