04/10/2025 17:45:28:	start execution of script D:\data\Cycle 198\exp_3-16-19\rawdata\sc\rocking.sc	 DONE
04/10/2025 17:45:28:	move motor	S18.axis2.piezo rotation to -0.246905deg	 DONE
04/10/2025 17:45:31:	create file	D:\data\Cycle 198\exp_3-16-19\rawdata\sc\rocking_04Oct1745.dat	 DONE
room to enter remarks DONE
04/10/2025 17:45:32:	move motor	S18.axis2.piezo rotation to -0.146905deg	 DONE
04/10/2025 17:45:37:	1	count	time	5.000000s/cts	O Det=1	H Det=16	Mon Det=11626	Aux Det=38	O+H=55	 DONE
04/10/2025 17:45:44:	move motor	S18.axis2.piezo rotation to -0.146845deg	 DONE
04/10/2025 17:45:48:	2	count	time	5.000000s/cts	O Det=0	H Det=19	Mon Det=11489	Aux Det=24	O+H=43	 DONE
04/10/2025 17:45:55:	move motor	S18.axis2.piezo rotation to -0.146785deg	 DONE
04/10/2025 17:46:00:	3	count	time	5.000000s/cts	O Det=2	H Det=27	Mon Det=11641	Aux Det=25	O+H=54	 DONE
04/10/2025 17:46:06:	move motor	S18.axis2.piezo rotation to -0.146725deg	 DONE
04/10/2025 17:46:11:	4	count	time	5.000000s/cts	O Det=0	H Det=30	Mon Det=11638	Aux Det=41	O+H=71	 DONE
04/10/2025 17:46:17:	move motor	S18.axis2.piezo rotation to -0.146665deg	 DONE
04/10/2025 17:46:19:	5	count	time	5.000000s/cts	O Det=0	H Det=28	Mon Det=11489	Aux Det=48	O+H=76	 DONE
04/10/2025 17:46:26:	move motor	S18.axis2.piezo rotation to -0.146605deg	 DONE
04/10/2025 17:46:28:	6	count	time	5.000000s/cts	O Det=1	H Det=37	Mon Det=11780	Aux Det=34	O+H=72	 DONE
04/10/2025 17:46:35:	move motor	S18.axis2.piezo rotation to -0.146545deg	 DONE
04/10/2025 17:46:40:	7	count	time	5.000000s/cts	O Det=2	H Det=40	Mon Det=11557	Aux Det=44	O+H=86	 DONE
04/10/2025 17:46:46:	move motor	S18.axis2.piezo rotation to -0.146485deg	 DONE
04/10/2025 17:46:51:	8	count	time	5.000000s/cts	O Det=0	H Det=42	Mon Det=11728	Aux Det=36	O+H=78	 DONE
04/10/2025 17:46:58:	move motor	S18.axis2.piezo rotation to -0.146425deg	 DONE
04/10/2025 17:47:03:	9	count	time	5.000000s/cts	O Det=1	H Det=43	Mon Det=11555	Aux Det=53	O+H=97	 DONE
04/10/2025 17:47:09:	move motor	S18.axis2.piezo rotation to -0.146365deg	 DONE
04/10/2025 17:47:14:	10	count	time	5.000000s/cts	O Det=4	H Det=48	Mon Det=11512	Aux Det=57	O+H=109	 DONE
04/10/2025 17:47:21:	move motor	S18.axis2.piezo rotation to -0.146305deg	 DONE
04/10/2025 17:47:22:	11	count	time	5.000000s/cts	O Det=1	H Det=47	Mon Det=11660	Aux Det=57	O+H=105	 DONE
04/10/2025 17:47:29:	move motor	S18.axis2.piezo rotation to -0.146245deg	 DONE
04/10/2025 17:47:30:	12	count	time	5.000000s/cts	O Det=3	H Det=74	Mon Det=11484	Aux Det=82	O+H=159	 DONE
04/10/2025 17:47:37:	move motor	S18.axis2.piezo rotation to -0.146185deg	 DONE
04/10/2025 17:47:38:	13	count	time	5.000000s/cts	O Det=6	H Det=59	Mon Det=11525	Aux Det=79	O+H=144	 DONE
04/10/2025 17:47:45:	move motor	S18.axis2.piezo rotation to -0.146125deg	 DONE
04/10/2025 17:47:50:	14	count	time	5.000000s/cts	O Det=9	H Det=94	Mon Det=11656	Aux Det=70	O+H=173	 DONE
04/10/2025 17:47:56:	move motor	S18.axis2.piezo rotation to -0.146065deg	 DONE
04/10/2025 17:48:01:	15	count	time	5.000000s/cts	O Det=6	H Det=83	Mon Det=11676	Aux Det=92	O+H=181	 DONE
04/10/2025 17:48:08:	move motor	S18.axis2.piezo rotation to -0.146005deg	 DONE
04/10/2025 17:48:12:	16	count	time	5.000000s/cts	O Det=27	H Det=129	Mon Det=11501	Aux Det=117	O+H=273	 DONE
04/10/2025 17:48:19:	move motor	S18.axis2.piezo rotation to -0.145945deg	 DONE
04/10/2025 17:48:23:	17	count	time	5.000000s/cts	O Det=50	H Det=126	Mon Det=11620	Aux Det=145	O+H=321	 DONE
04/10/2025 17:48:30:	move motor	S18.axis2.piezo rotation to -0.145885deg	 DONE
04/10/2025 17:48:32:	18	count	time	5.000000s/cts	O Det=55	H Det=166	Mon Det=11438	Aux Det=214	O+H=435	 DONE
04/10/2025 17:48:39:	move motor	S18.axis2.piezo rotation to -0.145825deg	 DONE
04/10/2025 17:48:40:	19	count	time	5.000000s/cts	O Det=50	H Det=174	Mon Det=11530	Aux Det=203	O+H=427	 DONE
04/10/2025 17:48:47:	move motor	S18.axis2.piezo rotation to -0.145765deg	 DONE
04/10/2025 17:48:51:	20	count	time	5.000000s/cts	O Det=44	H Det=243	Mon Det=11678	Aux Det=218	O+H=505	 DONE
04/10/2025 17:48:58:	move motor	S18.axis2.piezo rotation to -0.145705deg	 DONE
04/10/2025 17:49:03:	21	count	time	5.000000s/cts	O Det=43	H Det=220	Mon Det=11768	Aux Det=229	O+H=492	 DONE
04/10/2025 17:49:09:	move motor	S18.axis2.piezo rotation to -0.145645deg	 DONE
04/10/2025 17:49:14:	22	count	time	5.000000s/cts	O Det=81	H Det=312	Mon Det=11549	Aux Det=274	O+H=667	 DONE
04/10/2025 17:49:21:	move motor	S18.axis2.piezo rotation to -0.145585deg	 DONE
04/10/2025 17:49:25:	23	count	time	5.000000s/cts	O Det=125	H Det=402	Mon Det=11765	Aux Det=328	O+H=855	 DONE
04/10/2025 17:49:32:	move motor	S18.axis2.piezo rotation to -0.145525deg	 DONE
04/10/2025 17:49:34:	24	count	time	5.000000s/cts	O Det=188	H Det=450	Mon Det=11447	Aux Det=445	O+H=1083	 DONE
04/10/2025 17:49:41:	move motor	S18.axis2.piezo rotation to -0.145465deg	 DONE
04/10/2025 17:49:42:	25	count	time	5.000000s/cts	O Det=272	H Det=585	Mon Det=11560	Aux Det=561	O+H=1418	 DONE
04/10/2025 17:49:49:	move motor	S18.axis2.piezo rotation to -0.145405deg	 DONE
04/10/2025 17:49:54:	26	count	time	5.000000s/cts	O Det=294	H Det=668	Mon Det=11671	Aux Det=559	O+H=1521	 DONE
04/10/2025 17:50:00:	move motor	S18.axis2.piezo rotation to -0.145345deg	 DONE
04/10/2025 17:50:05:	27	count	time	5.000000s/cts	O Det=371	H Det=754	Mon Det=11703	Aux Det=658	O+H=1783	 DONE
04/10/2025 17:50:12:	move motor	S18.axis2.piezo rotation to -0.145285deg	 DONE
04/10/2025 17:50:17:	28	count	time	5.000000s/cts	O Det=444	H Det=805	Mon Det=11422	Aux Det=700	O+H=1949	 DONE
04/10/2025 17:50:23:	move motor	S18.axis2.piezo rotation to -0.145225deg	 DONE
04/10/2025 17:50:28:	29	count	time	5.000000s/cts	O Det=537	H Det=788	Mon Det=11598	Aux Det=667	O+H=1992	 DONE
04/10/2025 17:50:35:	move motor	S18.axis2.piezo rotation to -0.145165deg	 DONE
04/10/2025 17:50:36:	30	count	time	5.000000s/cts	O Det=521	H Det=776	Mon Det=11694	Aux Det=623	O+H=1920	 DONE
04/10/2025 17:50:43:	move motor	S18.axis2.piezo rotation to -0.145105deg	 DONE
04/10/2025 17:50:44:	31	count	time	5.000000s/cts	O Det=571	H Det=658	Mon Det=11545	Aux Det=556	O+H=1785	 DONE
04/10/2025 17:50:51:	move motor	S18.axis2.piezo rotation to -0.145045deg	 DONE
04/10/2025 17:50:55:	32	count	time	5.000000s/cts	O Det=533	H Det=622	Mon Det=11558	Aux Det=515	O+H=1670	 DONE
04/10/2025 17:51:02:	move motor	S18.axis2.piezo rotation to -0.144985deg	 DONE
04/10/2025 17:51:06:	33	count	time	5.000000s/cts	O Det=443	H Det=520	Mon Det=11517	Aux Det=458	O+H=1421	 DONE
04/10/2025 17:51:13:	move motor	S18.axis2.piezo rotation to -0.144925deg	 DONE
04/10/2025 17:51:17:	34	count	time	5.000000s/cts	O Det=372	H Det=428	Mon Det=11494	Aux Det=353	O+H=1153	 DONE
04/10/2025 17:51:24:	move motor	S18.axis2.piezo rotation to -0.144865deg	 DONE
04/10/2025 17:51:29:	35	count	time	5.000000s/cts	O Det=302	H Det=344	Mon Det=11569	Aux Det=320	O+H=966	 DONE
04/10/2025 17:51:35:	move motor	S18.axis2.piezo rotation to -0.144805deg	 DONE
04/10/2025 17:51:37:	36	count	time	5.000000s/cts	O Det=225	H Det=338	Mon Det=11635	Aux Det=265	O+H=828	 DONE
04/10/2025 17:51:43:	move motor	S18.axis2.piezo rotation to -0.144745deg	 DONE
04/10/2025 17:51:46:	37	count	time	5.000000s/cts	O Det=166	H Det=243	Mon Det=11636	Aux Det=208	O+H=617	 DONE
04/10/2025 17:51:53:	move motor	S18.axis2.piezo rotation to -0.144685deg	 DONE
04/10/2025 17:51:58:	38	count	time	5.000000s/cts	O Det=108	H Det=218	Mon Det=11546	Aux Det=193	O+H=519	 DONE
04/10/2025 17:52:04:	move motor	S18.axis2.piezo rotation to -0.144625deg	 DONE
04/10/2025 17:52:09:	39	count	time	5.000000s/cts	O Det=74	H Det=179	Mon Det=11452	Aux Det=178	O+H=431	 DONE
04/10/2025 17:52:16:	move motor	S18.axis2.piezo rotation to -0.144565deg	 DONE
04/10/2025 17:52:21:	40	count	time	5.000000s/cts	O Det=46	H Det=153	Mon Det=11656	Aux Det=149	O+H=348	 DONE
04/10/2025 17:52:27:	move motor	S18.axis2.piezo rotation to -0.144505deg	 DONE
04/10/2025 17:52:32:	41	count	time	5.000000s/cts	O Det=33	H Det=118	Mon Det=11515	Aux Det=131	O+H=282	 DONE
04/10/2025 17:52:39:	move motor	S18.axis2.piezo rotation to -0.144445deg	 DONE
04/10/2025 17:52:41:	42	count	time	5.000000s/cts	O Det=19	H Det=115	Mon Det=11556	Aux Det=128	O+H=262	 DONE
04/10/2025 17:52:48:	move motor	S18.axis2.piezo rotation to -0.144385deg	 DONE
04/10/2025 17:52:49:	43	count	time	5.000000s/cts	O Det=13	H Det=101	Mon Det=11595	Aux Det=92	O+H=206	 DONE
04/10/2025 17:52:56:	move motor	S18.axis2.piezo rotation to -0.144325deg	 DONE
04/10/2025 17:53:00:	44	count	time	5.000000s/cts	O Det=9	H Det=82	Mon Det=11482	Aux Det=86	O+H=177	 DONE
04/10/2025 17:53:07:	move motor	S18.axis2.piezo rotation to -0.144265deg	 DONE
04/10/2025 17:53:12:	45	count	time	5.000000s/cts	O Det=8	H Det=81	Mon Det=11675	Aux Det=75	O+H=164	 DONE
04/10/2025 17:53:18:	move motor	S18.axis2.piezo rotation to -0.144205deg	 DONE
04/10/2025 17:53:23:	46	count	time	5.000000s/cts	O Det=10	H Det=67	Mon Det=11557	Aux Det=62	O+H=139	 DONE
04/10/2025 17:53:30:	move motor	S18.axis2.piezo rotation to -0.144145deg	 DONE
04/10/2025 17:53:34:	47	count	time	5.000000s/cts	O Det=5	H Det=74	Mon Det=11680	Aux Det=69	O+H=148	 DONE
04/10/2025 17:53:41:	move motor	S18.axis2.piezo rotation to -0.144085deg	 DONE
04/10/2025 17:53:43:	48	count	time	5.000000s/cts	O Det=2	H Det=57	Mon Det=11460	Aux Det=43	O+H=102	 DONE
04/10/2025 17:53:49:	move motor	S18.axis2.piezo rotation to -0.144025deg	 DONE
04/10/2025 17:53:51:	49	count	time	5.000000s/cts	O Det=6	H Det=42	Mon Det=11451	Aux Det=49	O+H=97	 DONE
04/10/2025 17:53:58:	move motor	S18.axis2.piezo rotation to -0.143965deg	 DONE
04/10/2025 17:53:59:	50	count	time	5.000000s/cts	O Det=2	H Det=45	Mon Det=11549	Aux Det=52	O+H=99	 DONE
04/10/2025 17:54:06:	move motor	S18.axis2.piezo rotation to -0.143905deg	 DONE
04/10/2025 17:54:10:	51	count	time	5.000000s/cts	O Det=2	H Det=35	Mon Det=11504	Aux Det=32	O+H=69	 DONE
04/10/2025 17:54:17:	move motor	S18.axis2.piezo rotation to -0.143845deg	 DONE
04/10/2025 17:54:21:	52	count	time	5.000000s/cts	O Det=5	H Det=31	Mon Det=11631	Aux Det=41	O+H=77	 DONE
04/10/2025 17:54:28:	move motor	S18.axis2.piezo rotation to -0.143785deg	 DONE
04/10/2025 17:54:33:	53	count	time	5.000000s/cts	O Det=2	H Det=45	Mon Det=11621	Aux Det=38	O+H=85	 DONE
04/10/2025 17:54:40:	move motor	S18.axis2.piezo rotation to -0.143725deg	 DONE
04/10/2025 17:54:44:	54	count	time	5.000000s/cts	O Det=0	H Det=26	Mon Det=11628	Aux Det=36	O+H=62	 DONE
04/10/2025 17:54:51:	move motor	S18.axis2.piezo rotation to -0.143665deg	 DONE
04/10/2025 17:54:52:	55	count	time	5.000000s/cts	O Det=1	H Det=36	Mon Det=11762	Aux Det=35	O+H=72	 DONE
04/10/2025 17:54:59:	move motor	S18.axis2.piezo rotation to -0.143605deg	 DONE
04/10/2025 17:55:01:	56	count	time	5.000000s/cts	O Det=1	H Det=34	Mon Det=11569	Aux Det=35	O+H=70	 DONE
04/10/2025 17:55:07:	move motor	S18.axis2.piezo rotation to -0.143545deg	 DONE
04/10/2025 17:55:12:	57	count	time	5.000000s/cts	O Det=1	H Det=21	Mon Det=11698	Aux Det=36	O+H=58	 DONE
04/10/2025 17:55:19:	move motor	S18.axis2.piezo rotation to -0.143485deg	 DONE
04/10/2025 17:55:24:	58	count	time	5.000000s/cts	O Det=2	H Det=25	Mon Det=11482	Aux Det=23	O+H=50	 DONE
04/10/2025 17:55:30:	move motor	S18.axis2.piezo rotation to -0.143425deg	 DONE
04/10/2025 17:55:35:	59	count	time	5.000000s/cts	O Det=0	H Det=21	Mon Det=11638	Aux Det=19	O+H=40	 DONE
04/10/2025 17:55:42:	move motor	S18.axis2.piezo rotation to -0.143365deg	 DONE
04/10/2025 17:55:46:	60	count	time	5.000000s/cts	O Det=1	H Det=18	Mon Det=11556	Aux Det=19	O+H=38	 DONE
04/10/2025 17:55:53:	close file and end scan	 DONE
04/10/2025 17:55:54:	move motor	S18.axis2.piezo rotation to fit SUM PEAK60	-0.145219reached -0.14521  DONE
04/10/2025 17:55:59:	END OF SCRIPT	 DONE
