02/10/2025 14:13:03:	start execution of script D:\data\Cycle 198\exp_3-16-19\rawdata\sc\rocking.sc	 DONE
02/10/2025 14:13:04:	move motor	S18.axis2.piezo rotation to -0.246770deg	 DONE
02/10/2025 14:13:07:	create file	D:\data\Cycle 198\exp_3-16-19\rawdata\sc\rocking_02Oct1413.dat	 DONE
room to enter remarks DONE
02/10/2025 14:13:08:	move motor	S18.axis2.piezo rotation to -0.146770deg	 DONE
02/10/2025 14:13:11:	1	count	time	5.000000s/cts	O Det=0	H Det=0	Mon Det=11485	Aux Det=23	O+H=23	 DONE
02/10/2025 14:13:18:	move motor	S18.axis2.piezo rotation to -0.146710deg	 DONE
02/10/2025 14:13:18:	2	count	time	5.000000s/cts	O Det=1	H Det=0	Mon Det=11638	Aux Det=17	O+H=18	 DONE
02/10/2025 14:13:25:	move motor	S18.axis2.piezo rotation to -0.146650deg	 DONE
02/10/2025 14:13:26:	3	count	time	5.000000s/cts	O Det=0	H Det=1	Mon Det=11369	Aux Det=24	O+H=25	 DONE
02/10/2025 14:13:33:	move motor	S18.axis2.piezo rotation to -0.146590deg	 DONE
02/10/2025 14:13:34:	4	count	time	5.000000s/cts	O Det=0	H Det=2	Mon Det=11509	Aux Det=20	O+H=22	 DONE
02/10/2025 14:13:41:	move motor	S18.axis2.piezo rotation to -0.146530deg	 DONE
02/10/2025 14:13:42:	5	count	time	5.000000s/cts	O Det=0	H Det=1	Mon Det=11310	Aux Det=33	O+H=34	 DONE
02/10/2025 14:13:49:	move motor	S18.axis2.piezo rotation to -0.146470deg	 DONE
02/10/2025 14:13:50:	6	count	time	5.000000s/cts	O Det=0	H Det=0	Mon Det=11584	Aux Det=25	O+H=25	 DONE
02/10/2025 14:13:57:	move motor	S18.axis2.piezo rotation to -0.146410deg	 DONE
02/10/2025 14:13:58:	7	count	time	5.000000s/cts	O Det=0	H Det=3	Mon Det=11396	Aux Det=28	O+H=31	 DONE
02/10/2025 14:14:05:	move motor	S18.axis2.piezo rotation to -0.146350deg	 DONE
02/10/2025 14:14:06:	8	count	time	5.000000s/cts	O Det=0	H Det=1	Mon Det=11490	Aux Det=34	O+H=35	 DONE
02/10/2025 14:14:13:	move motor	S18.axis2.piezo rotation to -0.146290deg	 DONE
02/10/2025 14:14:14:	9	count	time	5.000000s/cts	O Det=0	H Det=0	Mon Det=11456	Aux Det=40	O+H=40	 DONE
02/10/2025 14:14:21:	move motor	S18.axis2.piezo rotation to -0.146230deg	 DONE
02/10/2025 14:14:22:	10	count	time	5.000000s/cts	O Det=3	H Det=1	Mon Det=11388	Aux Det=56	O+H=60	 DONE
02/10/2025 14:14:29:	move motor	S18.axis2.piezo rotation to -0.146170deg	 DONE
02/10/2025 14:14:30:	11	count	time	5.000000s/cts	O Det=1	H Det=0	Mon Det=11502	Aux Det=35	O+H=36	 DONE
02/10/2025 14:14:37:	move motor	S18.axis2.piezo rotation to -0.146110deg	 DONE
02/10/2025 14:14:38:	12	count	time	5.000000s/cts	O Det=2	H Det=2	Mon Det=11493	Aux Det=45	O+H=49	 DONE
02/10/2025 14:14:45:	move motor	S18.axis2.piezo rotation to -0.146050deg	 DONE
02/10/2025 14:14:46:	13	count	time	5.000000s/cts	O Det=1	H Det=2	Mon Det=11430	Aux Det=49	O+H=52	 DONE
02/10/2025 14:14:53:	move motor	S18.axis2.piezo rotation to -0.145990deg	 DONE
02/10/2025 14:14:55:	14	count	time	5.000000s/cts	O Det=2	H Det=2	Mon Det=11504	Aux Det=71	O+H=75	 DONE
02/10/2025 14:15:01:	move motor	S18.axis2.piezo rotation to -0.145930deg	 DONE
02/10/2025 14:15:03:	15	count	time	5.000000s/cts	O Det=3	H Det=2	Mon Det=11436	Aux Det=84	O+H=89	 DONE
02/10/2025 14:15:10:	move motor	S18.axis2.piezo rotation to -0.145870deg	 DONE
02/10/2025 14:15:11:	16	count	time	5.000000s/cts	O Det=6	H Det=2	Mon Det=11440	Aux Det=93	O+H=101	 DONE
02/10/2025 14:15:18:	move motor	S18.axis2.piezo rotation to -0.145810deg	 DONE
02/10/2025 14:15:19:	17	count	time	5.000000s/cts	O Det=13	H Det=7	Mon Det=11416	Aux Det=128	O+H=148	 DONE
02/10/2025 14:15:25:	move motor	S18.axis2.piezo rotation to -0.145750deg	 DONE
02/10/2025 14:15:27:	18	count	time	5.000000s/cts	O Det=19	H Det=13	Mon Det=11361	Aux Det=142	O+H=174	 DONE
02/10/2025 14:15:33:	move motor	S18.axis2.piezo rotation to -0.145690deg	 DONE
02/10/2025 14:15:35:	19	count	time	5.000000s/cts	O Det=29	H Det=9	Mon Det=11334	Aux Det=171	O+H=209	 DONE
02/10/2025 14:15:41:	move motor	S18.axis2.piezo rotation to -0.145630deg	 DONE
02/10/2025 14:15:43:	20	count	time	5.000000s/cts	O Det=27	H Det=9	Mon Det=11482	Aux Det=165	O+H=201	 DONE
02/10/2025 14:15:49:	move motor	S18.axis2.piezo rotation to -0.145570deg	 DONE
02/10/2025 14:15:51:	21	count	time	5.000000s/cts	O Det=45	H Det=9	Mon Det=11581	Aux Det=155	O+H=209	 DONE
02/10/2025 14:15:58:	move motor	S18.axis2.piezo rotation to -0.145510deg	 DONE
02/10/2025 14:15:59:	22	count	time	5.000000s/cts	O Det=56	H Det=25	Mon Det=11375	Aux Det=212	O+H=293	 DONE
02/10/2025 14:16:06:	move motor	S18.axis2.piezo rotation to -0.145450deg	 DONE
02/10/2025 14:16:07:	23	count	time	5.000000s/cts	O Det=102	H Det=40	Mon Det=11295	Aux Det=251	O+H=393	 DONE
02/10/2025 14:16:14:	move motor	S18.axis2.piezo rotation to -0.145390deg	 DONE
02/10/2025 14:16:15:	24	count	time	5.000000s/cts	O Det=164	H Det=48	Mon Det=11505	Aux Det=318	O+H=530	 DONE
02/10/2025 14:16:22:	move motor	S18.axis2.piezo rotation to -0.145330deg	 DONE
02/10/2025 14:16:23:	25	count	time	5.000000s/cts	O Det=194	H Det=129	Mon Det=11425	Aux Det=382	O+H=705	 DONE
02/10/2025 14:16:30:	move motor	S18.axis2.piezo rotation to -0.145270deg	 DONE
02/10/2025 14:16:31:	26	count	time	5.000000s/cts	O Det=218	H Det=158	Mon Det=11374	Aux Det=432	O+H=808	 DONE
02/10/2025 14:16:38:	move motor	S18.axis2.piezo rotation to -0.145210deg	 DONE
02/10/2025 14:16:39:	27	count	time	5.000000s/cts	O Det=273	H Det=230	Mon Det=11465	Aux Det=538	O+H=1041	 DONE
02/10/2025 14:16:46:	move motor	S18.axis2.piezo rotation to -0.145150deg	 DONE
02/10/2025 14:16:47:	28	count	time	5.000000s/cts	O Det=276	H Det=252	Mon Det=11512	Aux Det=606	O+H=1134	 DONE
02/10/2025 14:16:53:	move motor	S18.axis2.piezo rotation to -0.145090deg	 DONE
02/10/2025 14:16:55:	29	count	time	5.000000s/cts	O Det=292	H Det=286	Mon Det=11360	Aux Det=669	O+H=1247	 DONE
02/10/2025 14:17:01:	move motor	S18.axis2.piezo rotation to -0.145030deg	 DONE
02/10/2025 14:17:03:	30	count	time	5.000000s/cts	O Det=284	H Det=246	Mon Det=11494	Aux Det=656	O+H=1186	 DONE
02/10/2025 14:17:09:	move motor	S18.axis2.piezo rotation to -0.144970deg	 DONE
02/10/2025 14:17:11:	31	count	time	5.000000s/cts	O Det=252	H Det=211	Mon Det=11670	Aux Det=660	O+H=1123	 DONE
02/10/2025 14:17:17:	move motor	S18.axis2.piezo rotation to -0.144910deg	 DONE
02/10/2025 14:17:19:	32	count	time	5.000000s/cts	O Det=220	H Det=158	Mon Det=11587	Aux Det=632	O+H=1010	 DONE
02/10/2025 14:17:25:	move motor	S18.axis2.piezo rotation to -0.144850deg	 DONE
02/10/2025 14:17:26:	33	count	time	5.000000s/cts	O Det=197	H Det=151	Mon Det=11536	Aux Det=539	O+H=887	 DONE
02/10/2025 14:17:33:	move motor	S18.axis2.piezo rotation to -0.144790deg	 DONE
02/10/2025 14:17:34:	34	count	time	5.000000s/cts	O Det=121	H Det=78	Mon Det=11515	Aux Det=463	O+H=662	 DONE
02/10/2025 14:17:41:	move motor	S18.axis2.piezo rotation to -0.144730deg	 DONE
02/10/2025 14:17:42:	35	count	time	5.000000s/cts	O Det=105	H Det=55	Mon Det=11503	Aux Det=353	O+H=513	 DONE
02/10/2025 14:17:49:	move motor	S18.axis2.piezo rotation to -0.144670deg	 DONE
02/10/2025 14:17:50:	36	count	time	5.000000s/cts	O Det=75	H Det=34	Mon Det=11501	Aux Det=318	O+H=427	 DONE
02/10/2025 14:17:57:	move motor	S18.axis2.piezo rotation to -0.144610deg	 DONE
02/10/2025 14:17:58:	37	count	time	5.000000s/cts	O Det=49	H Det=14	Mon Det=11407	Aux Det=236	O+H=299	 DONE
02/10/2025 14:18:05:	move motor	S18.axis2.piezo rotation to -0.144550deg	 DONE
02/10/2025 14:18:06:	38	count	time	5.000000s/cts	O Det=41	H Det=8	Mon Det=11331	Aux Det=183	O+H=232	 DONE
02/10/2025 14:18:12:	move motor	S18.axis2.piezo rotation to -0.144490deg	 DONE
02/10/2025 14:18:14:	39	count	time	5.000000s/cts	O Det=29	H Det=7	Mon Det=11540	Aux Det=165	O+H=201	 DONE
02/10/2025 14:18:20:	move motor	S18.axis2.piezo rotation to -0.144430deg	 DONE
02/10/2025 14:18:22:	40	count	time	5.000000s/cts	O Det=17	H Det=4	Mon Det=11507	Aux Det=126	O+H=147	 DONE
02/10/2025 14:18:29:	move motor	S18.axis2.piezo rotation to -0.144370deg	 DONE
02/10/2025 14:18:30:	41	count	time	5.000000s/cts	O Det=11	H Det=3	Mon Det=11507	Aux Det=108	O+H=122	 DONE
02/10/2025 14:18:37:	move motor	S18.axis2.piezo rotation to -0.144310deg	 DONE
02/10/2025 14:18:38:	42	count	time	5.000000s/cts	O Det=8	H Det=1	Mon Det=11347	Aux Det=110	O+H=119	 DONE
02/10/2025 14:18:44:	move motor	S18.axis2.piezo rotation to -0.144250deg	 DONE
02/10/2025 14:18:46:	43	count	time	5.000000s/cts	O Det=6	H Det=1	Mon Det=11437	Aux Det=72	O+H=79	 DONE
02/10/2025 14:18:53:	move motor	S18.axis2.piezo rotation to -0.144190deg	 DONE
02/10/2025 14:18:54:	44	count	time	5.000000s/cts	O Det=4	H Det=0	Mon Det=11422	Aux Det=78	O+H=82	 DONE
02/10/2025 14:19:00:	move motor	S18.axis2.piezo rotation to -0.144130deg	 DONE
02/10/2025 14:19:02:	45	count	time	5.000000s/cts	O Det=2	H Det=0	Mon Det=11387	Aux Det=65	O+H=67	 DONE
02/10/2025 14:19:08:	move motor	S18.axis2.piezo rotation to -0.144070deg	 DONE
02/10/2025 14:19:10:	46	count	time	5.000000s/cts	O Det=4	H Det=1	Mon Det=11638	Aux Det=57	O+H=62	 DONE
02/10/2025 14:19:16:	move motor	S18.axis2.piezo rotation to -0.144010deg	 DONE
02/10/2025 14:19:18:	47	count	time	5.000000s/cts	O Det=1	H Det=1	Mon Det=11594	Aux Det=49	O+H=51	 DONE
02/10/2025 14:19:25:	move motor	S18.axis2.piezo rotation to -0.143950deg	 DONE
02/10/2025 14:19:26:	48	count	time	5.000000s/cts	O Det=1	H Det=2	Mon Det=11485	Aux Det=36	O+H=39	 DONE
02/10/2025 14:19:33:	move motor	S18.axis2.piezo rotation to -0.143890deg	 DONE
02/10/2025 14:19:34:	49	count	time	5.000000s/cts	O Det=2	H Det=0	Mon Det=11539	Aux Det=44	O+H=46	 DONE
02/10/2025 14:19:41:	move motor	S18.axis2.piezo rotation to -0.143830deg	 DONE
02/10/2025 14:19:42:	50	count	time	5.000000s/cts	O Det=0	H Det=0	Mon Det=11540	Aux Det=32	O+H=32	 DONE
02/10/2025 14:19:49:	move motor	S18.axis2.piezo rotation to -0.143770deg	 DONE
02/10/2025 14:19:50:	51	count	time	5.000000s/cts	O Det=1	H Det=0	Mon Det=11600	Aux Det=41	O+H=42	 DONE
02/10/2025 14:19:57:	move motor	S18.axis2.piezo rotation to -0.143710deg	 DONE
02/10/2025 14:19:58:	52	count	time	5.000000s/cts	O Det=1	H Det=0	Mon Det=11674	Aux Det=34	O+H=35	 DONE
02/10/2025 14:20:05:	move motor	S18.axis2.piezo rotation to -0.143650deg	 DONE
02/10/2025 14:20:06:	53	count	time	5.000000s/cts	O Det=2	H Det=0	Mon Det=11595	Aux Det=28	O+H=30	 DONE
02/10/2025 14:20:13:	move motor	S18.axis2.piezo rotation to -0.143590deg	 DONE
02/10/2025 14:20:14:	54	count	time	5.000000s/cts	O Det=1	H Det=3	Mon Det=11291	Aux Det=28	O+H=32	 DONE
02/10/2025 14:20:21:	move motor	S18.axis2.piezo rotation to -0.143530deg	 DONE
02/10/2025 14:20:22:	55	count	time	5.000000s/cts	O Det=1	H Det=2	Mon Det=11447	Aux Det=35	O+H=38	 DONE
02/10/2025 14:20:29:	move motor	S18.axis2.piezo rotation to -0.143470deg	 DONE
02/10/2025 14:20:30:	56	count	time	5.000000s/cts	O Det=2	H Det=0	Mon Det=11316	Aux Det=27	O+H=29	 DONE
02/10/2025 14:20:37:	move motor	S18.axis2.piezo rotation to -0.143410deg	 DONE
02/10/2025 14:20:38:	57	count	time	5.000000s/cts	O Det=2	H Det=1	Mon Det=11268	Aux Det=22	O+H=25	 DONE
02/10/2025 14:20:45:	move motor	S18.axis2.piezo rotation to -0.143350deg	 DONE
02/10/2025 14:20:46:	58	count	time	5.000000s/cts	O Det=1	H Det=4	Mon Det=11598	Aux Det=28	O+H=33	 DONE
02/10/2025 14:20:53:	move motor	S18.axis2.piezo rotation to -0.143290deg	 DONE
02/10/2025 14:20:54:	59	count	time	5.000000s/cts	O Det=0	H Det=2	Mon Det=11604	Aux Det=16	O+H=18	 DONE
02/10/2025 14:21:01:	move motor	S18.axis2.piezo rotation to -0.143230deg	 DONE
02/10/2025 14:21:02:	60	count	time	5.000000s/cts	O Det=0	H Det=0	Mon Det=11417	Aux Det=19	O+H=19	 DONE
02/10/2025 14:21:09:	close file and end scan	 DONE
02/10/2025 14:21:09:	move motor	S18.axis2.piezo rotation to fit SUM PEAK60	-0.145057reached -0.14506  DONE
02/10/2025 14:21:12:	END OF SCRIPT	 DONE
