23/10/2025 23:42:59:	start execution of script D:\data\Cycle 198\exp_3-16-19\rawdata\sc\rocking.sc	 DONE
23/10/2025 23:42:59:	move motor	S18.axis2.piezo rotation to 0.246116deg	 DONE
23/10/2025 23:43:02:	create file	D:\data\Cycle 198\exp_3-16-19\rawdata\sc\rocking_23Oct2343.dat	 DONE
room to enter remarks DONE
23/10/2025 23:43:03:	move motor	S18.axis2.piezo rotation to 0.346116deg	 DONE
23/10/2025 23:43:06:	1	count	time	3.000000s/cts	O Det=19	H Det=97	Mon Det=7566	Aux Det=131	O+H=247	 DONE
23/10/2025 23:43:11:	move motor	S18.axis2.piezo rotation to 0.346176deg	 DONE
23/10/2025 23:43:12:	2	count	time	3.000000s/cts	O Det=18	H Det=105	Mon Det=7478	Aux Det=133	O+H=256	 DONE
23/10/2025 23:43:17:	move motor	S18.axis2.piezo rotation to 0.346236deg	 DONE
23/10/2025 23:43:18:	3	count	time	3.000000s/cts	O Det=16	H Det=105	Mon Det=7463	Aux Det=135	O+H=256	 DONE
23/10/2025 23:43:23:	move motor	S18.axis2.piezo rotation to 0.346296deg	 DONE
23/10/2025 23:43:24:	4	count	time	3.000000s/cts	O Det=11	H Det=116	Mon Det=7541	Aux Det=138	O+H=265	 DONE
23/10/2025 23:43:29:	move motor	S18.axis2.piezo rotation to 0.346356deg	 DONE
23/10/2025 23:43:30:	5	count	time	3.000000s/cts	O Det=21	H Det=142	Mon Det=7619	Aux Det=200	O+H=363	 DONE
23/10/2025 23:43:35:	move motor	S18.axis2.piezo rotation to 0.346416deg	 DONE
23/10/2025 23:43:36:	6	count	time	3.000000s/cts	O Det=29	H Det=182	Mon Det=7589	Aux Det=223	O+H=434	 DONE
23/10/2025 23:43:40:	move motor	S18.axis2.piezo rotation to 0.346476deg	 DONE
23/10/2025 23:43:42:	7	count	time	3.000000s/cts	O Det=65	H Det=232	Mon Det=7653	Aux Det=339	O+H=636	 DONE
23/10/2025 23:43:47:	move motor	S18.axis2.piezo rotation to 0.346536deg	 DONE
23/10/2025 23:43:48:	8	count	time	3.000000s/cts	O Det=107	H Det=278	Mon Det=7502	Aux Det=403	O+H=788	 DONE
23/10/2025 23:43:52:	move motor	S18.axis2.piezo rotation to 0.346596deg	 DONE
23/10/2025 23:43:54:	9	count	time	3.000000s/cts	O Det=111	H Det=317	Mon Det=7602	Aux Det=537	O+H=965	 DONE
23/10/2025 23:43:58:	move motor	S18.axis2.piezo rotation to 0.346656deg	 DONE
23/10/2025 23:43:59:	10	count	time	3.000000s/cts	O Det=174	H Det=307	Mon Det=7531	Aux Det=757	O+H=1238	 DONE
23/10/2025 23:44:04:	move motor	S18.axis2.piezo rotation to 0.346716deg	 DONE
23/10/2025 23:44:05:	11	count	time	3.000000s/cts	O Det=211	H Det=300	Mon Det=7441	Aux Det=841	O+H=1352	 DONE
23/10/2025 23:44:10:	move motor	S18.axis2.piezo rotation to 0.346776deg	 DONE
23/10/2025 23:44:11:	12	count	time	3.000000s/cts	O Det=199	H Det=278	Mon Det=7391	Aux Det=1090	O+H=1567	 DONE
23/10/2025 23:44:16:	move motor	S18.axis2.piezo rotation to 0.346836deg	 DONE
23/10/2025 23:44:17:	13	count	time	3.000000s/cts	O Det=207	H Det=256	Mon Det=7515	Aux Det=1051	O+H=1514	 DONE
23/10/2025 23:44:22:	move motor	S18.axis2.piezo rotation to 0.346896deg	 DONE
23/10/2025 23:44:23:	14	count	time	3.000000s/cts	O Det=162	H Det=241	Mon Det=7514	Aux Det=1014	O+H=1417	 DONE
23/10/2025 23:44:28:	move motor	S18.axis2.piezo rotation to 0.346956deg	 DONE
23/10/2025 23:44:29:	15	count	time	3.000000s/cts	O Det=177	H Det=218	Mon Det=7418	Aux Det=853	O+H=1248	 DONE
23/10/2025 23:44:34:	move motor	S18.axis2.piezo rotation to 0.347016deg	 DONE
23/10/2025 23:44:35:	16	count	time	3.000000s/cts	O Det=154	H Det=198	Mon Det=7416	Aux Det=702	O+H=1054	 DONE
23/10/2025 23:44:40:	move motor	S18.axis2.piezo rotation to 0.347076deg	 DONE
23/10/2025 23:44:41:	17	count	time	3.000000s/cts	O Det=102	H Det=171	Mon Det=7536	Aux Det=524	O+H=797	 DONE
23/10/2025 23:44:45:	move motor	S18.axis2.piezo rotation to 0.347136deg	 DONE
23/10/2025 23:44:47:	18	count	time	3.000000s/cts	O Det=69	H Det=155	Mon Det=7591	Aux Det=384	O+H=608	 DONE
23/10/2025 23:44:51:	move motor	S18.axis2.piezo rotation to 0.347196deg	 DONE
23/10/2025 23:44:52:	19	count	time	3.000000s/cts	O Det=51	H Det=140	Mon Det=7432	Aux Det=270	O+H=461	 DONE
23/10/2025 23:44:57:	move motor	S18.axis2.piezo rotation to 0.347256deg	 DONE
23/10/2025 23:44:59:	20	count	time	3.000000s/cts	O Det=26	H Det=134	Mon Det=7579	Aux Det=210	O+H=370	 DONE
23/10/2025 23:45:03:	move motor	S18.axis2.piezo rotation to 0.347316deg	 DONE
23/10/2025 23:45:04:	21	count	time	3.000000s/cts	O Det=20	H Det=109	Mon Det=7607	Aux Det=164	O+H=293	 DONE
23/10/2025 23:45:09:	move motor	S18.axis2.piezo rotation to 0.347376deg	 DONE
23/10/2025 23:45:10:	22	count	time	3.000000s/cts	O Det=6	H Det=79	Mon Det=7649	Aux Det=124	O+H=209	 DONE
23/10/2025 23:45:15:	move motor	S18.axis2.piezo rotation to 0.347436deg	 DONE
23/10/2025 23:45:16:	23	count	time	3.000000s/cts	O Det=4	H Det=68	Mon Det=7645	Aux Det=121	O+H=193	 DONE
23/10/2025 23:45:21:	move motor	S18.axis2.piezo rotation to 0.347496deg	 DONE
23/10/2025 23:45:22:	24	count	time	3.000000s/cts	O Det=7	H Det=57	Mon Det=7591	Aux Det=85	O+H=149	 DONE
23/10/2025 23:45:27:	move motor	S18.axis2.piezo rotation to 0.347556deg	 DONE
23/10/2025 23:45:28:	25	count	time	3.000000s/cts	O Det=4	H Det=44	Mon Det=7325	Aux Det=86	O+H=134	 DONE
23/10/2025 23:45:33:	move motor	S18.axis2.piezo rotation to 0.347616deg	 DONE
23/10/2025 23:45:34:	26	count	time	3.000000s/cts	O Det=4	H Det=65	Mon Det=7443	Aux Det=65	O+H=134	 DONE
23/10/2025 23:45:39:	move motor	S18.axis2.piezo rotation to 0.347676deg	 DONE
23/10/2025 23:45:40:	27	count	time	3.000000s/cts	O Det=4	H Det=41	Mon Det=7329	Aux Det=63	O+H=108	 DONE
23/10/2025 23:45:44:	move motor	S18.axis2.piezo rotation to 0.347736deg	 DONE
23/10/2025 23:45:46:	28	count	time	3.000000s/cts	O Det=1	H Det=29	Mon Det=7583	Aux Det=48	O+H=78	 DONE
23/10/2025 23:45:50:	move motor	S18.axis2.piezo rotation to 0.347796deg	 DONE
23/10/2025 23:45:52:	29	count	time	3.000000s/cts	O Det=3	H Det=30	Mon Det=7544	Aux Det=42	O+H=75	 DONE
23/10/2025 23:45:56:	move motor	S18.axis2.piezo rotation to 0.347856deg	 DONE
23/10/2025 23:45:58:	30	count	time	3.000000s/cts	O Det=3	H Det=34	Mon Det=7431	Aux Det=32	O+H=69	 DONE
23/10/2025 23:46:02:	move motor	S18.axis2.piezo rotation to 0.347916deg	 DONE
23/10/2025 23:46:04:	31	count	time	3.000000s/cts	O Det=2	H Det=29	Mon Det=7453	Aux Det=27	O+H=58	 DONE
23/10/2025 23:46:08:	move motor	S18.axis2.piezo rotation to 0.347976deg	 DONE
23/10/2025 23:46:10:	32	count	time	3.000000s/cts	O Det=0	H Det=19	Mon Det=7507	Aux Det=34	O+H=53	 DONE
23/10/2025 23:46:14:	move motor	S18.axis2.piezo rotation to 0.348036deg	 DONE
23/10/2025 23:46:15:	33	count	time	3.000000s/cts	O Det=1	H Det=26	Mon Det=7542	Aux Det=25	O+H=52	 DONE
23/10/2025 23:46:20:	move motor	S18.axis2.piezo rotation to 0.348096deg	 DONE
23/10/2025 23:46:21:	34	count	time	3.000000s/cts	O Det=1	H Det=17	Mon Det=7642	Aux Det=23	O+H=41	 DONE
23/10/2025 23:46:26:	move motor	S18.axis2.piezo rotation to 0.348156deg	 DONE
23/10/2025 23:46:27:	35	count	time	3.000000s/cts	O Det=0	H Det=18	Mon Det=7698	Aux Det=19	O+H=37	 DONE
23/10/2025 23:46:32:	move motor	S18.axis2.piezo rotation to 0.348216deg	 DONE
23/10/2025 23:46:33:	36	count	time	3.000000s/cts	O Det=1	H Det=16	Mon Det=7785	Aux Det=27	O+H=44	 DONE
23/10/2025 23:46:38:	move motor	S18.axis2.piezo rotation to 0.348276deg	 DONE
23/10/2025 23:46:39:	37	count	time	3.000000s/cts	O Det=0	H Det=17	Mon Det=7742	Aux Det=25	O+H=42	 DONE
23/10/2025 23:46:44:	move motor	S18.axis2.piezo rotation to 0.348336deg	 DONE
23/10/2025 23:46:45:	38	count	time	3.000000s/cts	O Det=3	H Det=20	Mon Det=7753	Aux Det=15	O+H=38	 DONE
23/10/2025 23:46:49:	move motor	S18.axis2.piezo rotation to 0.348396deg	 DONE
23/10/2025 23:46:51:	39	count	time	3.000000s/cts	O Det=1	H Det=12	Mon Det=7611	Aux Det=33	O+H=46	 DONE
23/10/2025 23:46:56:	move motor	S18.axis2.piezo rotation to 0.348456deg	 DONE
23/10/2025 23:46:57:	40	count	time	3.000000s/cts	O Det=0	H Det=13	Mon Det=7527	Aux Det=21	O+H=34	 DONE
23/10/2025 23:47:01:	move motor	S18.axis2.piezo rotation to 0.348516deg	 DONE
23/10/2025 23:47:03:	41	count	time	3.000000s/cts	O Det=0	H Det=15	Mon Det=7785	Aux Det=17	O+H=32	 DONE
23/10/2025 23:47:07:	move motor	S18.axis2.piezo rotation to 0.348576deg	 DONE
23/10/2025 23:47:09:	42	count	time	3.000000s/cts	O Det=2	H Det=12	Mon Det=7678	Aux Det=14	O+H=28	 DONE
23/10/2025 23:47:13:	move motor	S18.axis2.piezo rotation to 0.348636deg	 DONE
23/10/2025 23:47:15:	43	count	time	3.000000s/cts	O Det=0	H Det=6	Mon Det=7856	Aux Det=17	O+H=23	 DONE
23/10/2025 23:47:19:	move motor	S18.axis2.piezo rotation to 0.348696deg	 DONE
23/10/2025 23:47:21:	44	count	time	3.000000s/cts	O Det=0	H Det=10	Mon Det=7295	Aux Det=13	O+H=23	STOPPED BY USER	23/10/2025 23:47:25:	close file and end scan	 DONE
23/10/2025 23:47:26:	move motor	S18.axis2.piezo rotation to fit SUM PEAK60	0.346817reached 0.34682  DONE
