30/09/2025 16:13:48:	start execution of script D:\data\Cycle 198\exp_3-16-19\rawdata\sc\rocking.sc	 DONE
30/09/2025 16:13:49:	move motor	S18.axis2.piezo rotation to -0.983220deg	 DONE
30/09/2025 16:13:53:	create file	D:\data\Cycle 198\exp_3-16-19\rawdata\sc\rocking_30Sep1613.dat	 DONE
room to enter remarks DONE
30/09/2025 16:13:55:	move motor	S18.axis2.piezo rotation to -0.883220deg	 DONE
30/09/2025 16:13:59:	1	count	time	5.000000s/cts	O Det=2	H Det=16	Mon Det=11525	Aux Det=4	O+H=22	 DONE
30/09/2025 16:14:05:	move motor	S18.axis2.piezo rotation to -0.883160deg	 DONE
30/09/2025 16:14:07:	2	count	time	5.000000s/cts	O Det=2	H Det=21	Mon Det=11605	Aux Det=3	O+H=26	 DONE
30/09/2025 16:14:14:	move motor	S18.axis2.piezo rotation to -0.883100deg	 DONE
30/09/2025 16:14:16:	3	count	time	5.000000s/cts	O Det=2	H Det=9	Mon Det=11499	Aux Det=3	O+H=14	 DONE
30/09/2025 16:14:23:	move motor	S18.axis2.piezo rotation to -0.883040deg	 DONE
30/09/2025 16:14:24:	4	count	time	5.000000s/cts	O Det=0	H Det=15	Mon Det=11579	Aux Det=2	O+H=17	 DONE
30/09/2025 16:14:31:	move motor	S18.axis2.piezo rotation to -0.882980deg	 DONE
30/09/2025 16:14:32:	5	count	time	5.000000s/cts	O Det=1	H Det=12	Mon Det=11582	Aux Det=2	O+H=15	 DONE
30/09/2025 16:14:39:	move motor	S18.axis2.piezo rotation to -0.882920deg	 DONE
30/09/2025 16:14:40:	6	count	time	5.000000s/cts	O Det=0	H Det=13	Mon Det=11605	Aux Det=6	O+H=19	 DONE
30/09/2025 16:14:47:	move motor	S18.axis2.piezo rotation to -0.882860deg	 DONE
30/09/2025 16:14:48:	7	count	time	5.000000s/cts	O Det=2	H Det=19	Mon Det=11395	Aux Det=4	O+H=25	 DONE
30/09/2025 16:14:55:	move motor	S18.axis2.piezo rotation to -0.882800deg	 DONE
30/09/2025 16:14:57:	8	count	time	5.000000s/cts	O Det=0	H Det=19	Mon Det=11463	Aux Det=4	O+H=23	 DONE
30/09/2025 16:15:03:	move motor	S18.axis2.piezo rotation to -0.882740deg	 DONE
30/09/2025 16:15:05:	9	count	time	5.000000s/cts	O Det=2	H Det=22	Mon Det=11694	Aux Det=4	O+H=28	 DONE
30/09/2025 16:15:12:	move motor	S18.axis2.piezo rotation to -0.882680deg	 DONE
30/09/2025 16:15:13:	10	count	time	5.000000s/cts	O Det=1	H Det=20	Mon Det=11490	Aux Det=2	O+H=23	 DONE
30/09/2025 16:15:20:	move motor	S18.axis2.piezo rotation to -0.882620deg	 DONE
30/09/2025 16:15:21:	11	count	time	5.000000s/cts	O Det=1	H Det=22	Mon Det=11510	Aux Det=3	O+H=26	 DONE
30/09/2025 16:15:28:	move motor	S18.axis2.piezo rotation to -0.882560deg	 DONE
30/09/2025 16:15:30:	12	count	time	5.000000s/cts	O Det=1	H Det=23	Mon Det=11547	Aux Det=3	O+H=27	 DONE
30/09/2025 16:15:36:	move motor	S18.axis2.piezo rotation to -0.882500deg	 DONE
30/09/2025 16:15:38:	13	count	time	5.000000s/cts	O Det=0	H Det=29	Mon Det=11303	Aux Det=4	O+H=33	 DONE
30/09/2025 16:15:44:	move motor	S18.axis2.piezo rotation to -0.882440deg	 DONE
30/09/2025 16:15:46:	14	count	time	5.000000s/cts	O Det=2	H Det=35	Mon Det=11334	Aux Det=1	O+H=38	 DONE
30/09/2025 16:15:53:	move motor	S18.axis2.piezo rotation to -0.882380deg	 DONE
30/09/2025 16:15:54:	15	count	time	5.000000s/cts	O Det=1	H Det=39	Mon Det=11621	Aux Det=2	O+H=42	 DONE
30/09/2025 16:16:01:	move motor	S18.axis2.piezo rotation to -0.882320deg	 DONE
30/09/2025 16:16:02:	16	count	time	5.000000s/cts	O Det=1	H Det=34	Mon Det=11609	Aux Det=4	O+H=39	 DONE
30/09/2025 16:16:09:	move motor	S18.axis2.piezo rotation to -0.882260deg	 DONE
30/09/2025 16:16:11:	17	count	time	5.000000s/cts	O Det=3	H Det=45	Mon Det=11666	Aux Det=6	O+H=54	 DONE
30/09/2025 16:16:17:	move motor	S18.axis2.piezo rotation to -0.882200deg	 DONE
30/09/2025 16:16:19:	18	count	time	5.000000s/cts	O Det=0	H Det=46	Mon Det=11498	Aux Det=1	O+H=47	 DONE
30/09/2025 16:16:26:	move motor	S18.axis2.piezo rotation to -0.882140deg	 DONE
30/09/2025 16:16:27:	19	count	time	5.000000s/cts	O Det=3	H Det=49	Mon Det=11407	Aux Det=4	O+H=56	 DONE
30/09/2025 16:16:34:	move motor	S18.axis2.piezo rotation to -0.882080deg	 DONE
30/09/2025 16:16:35:	20	count	time	5.000000s/cts	O Det=2	H Det=56	Mon Det=11525	Aux Det=6	O+H=64	 DONE
30/09/2025 16:16:42:	move motor	S18.axis2.piezo rotation to -0.882020deg	 DONE
30/09/2025 16:16:43:	21	count	time	5.000000s/cts	O Det=3	H Det=52	Mon Det=11687	Aux Det=1	O+H=56	 DONE
30/09/2025 16:16:50:	move motor	S18.axis2.piezo rotation to -0.881960deg	 DONE
30/09/2025 16:16:52:	22	count	time	5.000000s/cts	O Det=3	H Det=63	Mon Det=11468	Aux Det=6	O+H=72	 DONE
30/09/2025 16:16:58:	move motor	S18.axis2.piezo rotation to -0.881900deg	 DONE
30/09/2025 16:17:00:	23	count	time	5.000000s/cts	O Det=5	H Det=86	Mon Det=11541	Aux Det=5	O+H=96	 DONE
30/09/2025 16:17:07:	move motor	S18.axis2.piezo rotation to -0.881840deg	 DONE
30/09/2025 16:17:08:	24	count	time	5.000000s/cts	O Det=5	H Det=96	Mon Det=11839	Aux Det=4	O+H=105	 DONE
30/09/2025 16:17:15:	move motor	S18.axis2.piezo rotation to -0.881780deg	 DONE
30/09/2025 16:17:16:	25	count	time	5.000000s/cts	O Det=14	H Det=128	Mon Det=11441	Aux Det=13	O+H=155	 DONE
30/09/2025 16:17:23:	move motor	S18.axis2.piezo rotation to -0.881720deg	 DONE
30/09/2025 16:17:25:	26	count	time	5.000000s/cts	O Det=36	H Det=146	Mon Det=11574	Aux Det=29	O+H=211	 DONE
30/09/2025 16:17:32:	move motor	S18.axis2.piezo rotation to -0.881660deg	 DONE
30/09/2025 16:17:33:	27	count	time	5.000000s/cts	O Det=34	H Det=154	Mon Det=11589	Aux Det=32	O+H=220	 DONE
30/09/2025 16:17:40:	move motor	S18.axis2.piezo rotation to -0.881600deg	 DONE
30/09/2025 16:17:41:	28	count	time	5.000000s/cts	O Det=37	H Det=179	Mon Det=11653	Aux Det=21	O+H=237	 DONE
30/09/2025 16:17:48:	move motor	S18.axis2.piezo rotation to -0.881540deg	 DONE
30/09/2025 16:17:49:	29	count	time	5.000000s/cts	O Det=56	H Det=187	Mon Det=11682	Aux Det=14	O+H=257	 DONE
30/09/2025 16:17:56:	move motor	S18.axis2.piezo rotation to -0.881480deg	 DONE
30/09/2025 16:17:57:	30	count	time	5.000000s/cts	O Det=91	H Det=222	Mon Det=11614	Aux Det=17	O+H=330	 DONE
30/09/2025 16:18:04:	move motor	S18.axis2.piezo rotation to -0.881420deg	 DONE
30/09/2025 16:18:05:	31	count	time	5.000000s/cts	O Det=143	H Det=266	Mon Det=11478	Aux Det=53	O+H=462	 DONE
30/09/2025 16:18:12:	move motor	S18.axis2.piezo rotation to -0.881360deg	 DONE
30/09/2025 16:18:14:	32	count	time	5.000000s/cts	O Det=197	H Det=251	Mon Det=11581	Aux Det=104	O+H=552	 DONE
30/09/2025 16:18:20:	move motor	S18.axis2.piezo rotation to -0.881300deg	 DONE
30/09/2025 16:18:22:	33	count	time	5.000000s/cts	O Det=280	H Det=287	Mon Det=11334	Aux Det=197	O+H=764	 DONE
30/09/2025 16:18:29:	move motor	S18.axis2.piezo rotation to -0.881240deg	 DONE
30/09/2025 16:18:30:	34	count	time	5.000000s/cts	O Det=310	H Det=259	Mon Det=11666	Aux Det=289	O+H=858	 DONE
30/09/2025 16:18:37:	move motor	S18.axis2.piezo rotation to -0.881180deg	 DONE
30/09/2025 16:18:38:	35	count	time	5.000000s/cts	O Det=365	H Det=286	Mon Det=11458	Aux Det=386	O+H=1037	 DONE
30/09/2025 16:18:45:	move motor	S18.axis2.piezo rotation to -0.881120deg	 DONE
30/09/2025 16:18:46:	36	count	time	5.000000s/cts	O Det=426	H Det=306	Mon Det=11730	Aux Det=489	O+H=1221	 DONE
30/09/2025 16:18:53:	move motor	S18.axis2.piezo rotation to -0.881060deg	 DONE
30/09/2025 16:18:55:	37	count	time	5.000000s/cts	O Det=411	H Det=292	Mon Det=11552	Aux Det=480	O+H=1183	 DONE
30/09/2025 16:19:02:	move motor	S18.axis2.piezo rotation to -0.881000deg	 DONE
30/09/2025 16:19:03:	38	count	time	5.000000s/cts	O Det=462	H Det=327	Mon Det=11534	Aux Det=497	O+H=1286	 DONE
30/09/2025 16:19:10:	move motor	S18.axis2.piezo rotation to -0.880940deg	 DONE
30/09/2025 16:19:11:	39	count	time	5.000000s/cts	O Det=467	H Det=254	Mon Det=11518	Aux Det=507	O+H=1228	 DONE
30/09/2025 16:19:18:	move motor	S18.axis2.piezo rotation to -0.880880deg	 DONE
30/09/2025 16:19:19:	40	count	time	5.000000s/cts	O Det=343	H Det=305	Mon Det=11569	Aux Det=412	O+H=1060	 DONE
30/09/2025 16:19:26:	move motor	S18.axis2.piezo rotation to -0.880820deg	 DONE
30/09/2025 16:19:28:	41	count	time	5.000000s/cts	O Det=384	H Det=281	Mon Det=11619	Aux Det=334	O+H=999	 DONE
30/09/2025 16:19:34:	move motor	S18.axis2.piezo rotation to -0.880760deg	 DONE
30/09/2025 16:19:36:	42	count	time	5.000000s/cts	O Det=303	H Det=296	Mon Det=11464	Aux Det=268	O+H=867	 DONE
30/09/2025 16:19:43:	move motor	S18.axis2.piezo rotation to -0.880700deg	 DONE
30/09/2025 16:19:44:	43	count	time	5.000000s/cts	O Det=244	H Det=276	Mon Det=11435	Aux Det=198	O+H=718	 DONE
30/09/2025 16:19:51:	move motor	S18.axis2.piezo rotation to -0.880640deg	 DONE
30/09/2025 16:19:53:	44	count	time	5.000000s/cts	O Det=172	H Det=253	Mon Det=11465	Aux Det=136	O+H=561	 DONE
30/09/2025 16:19:59:	move motor	S18.axis2.piezo rotation to -0.880580deg	 DONE
30/09/2025 16:20:01:	45	count	time	5.000000s/cts	O Det=128	H Det=209	Mon Det=11544	Aux Det=66	O+H=403	 DONE
30/09/2025 16:20:08:	move motor	S18.axis2.piezo rotation to -0.880520deg	 DONE
30/09/2025 16:20:09:	46	count	time	5.000000s/cts	O Det=90	H Det=206	Mon Det=11585	Aux Det=32	O+H=328	 DONE
30/09/2025 16:20:16:	move motor	S18.axis2.piezo rotation to -0.880460deg	 DONE
30/09/2025 16:20:17:	47	count	time	5.000000s/cts	O Det=52	H Det=169	Mon Det=11467	Aux Det=9	O+H=230	 DONE
30/09/2025 16:20:24:	move motor	S18.axis2.piezo rotation to -0.880400deg	 DONE
30/09/2025 16:20:25:	48	count	time	5.000000s/cts	O Det=39	H Det=139	Mon Det=11461	Aux Det=7	O+H=185	 DONE
30/09/2025 16:20:32:	move motor	S18.axis2.piezo rotation to -0.880340deg	 DONE
30/09/2025 16:20:33:	49	count	time	5.000000s/cts	O Det=15	H Det=122	Mon Det=11601	Aux Det=4	O+H=141	 DONE
30/09/2025 16:20:40:	move motor	S18.axis2.piezo rotation to -0.880280deg	 DONE
30/09/2025 16:20:41:	50	count	time	5.000000s/cts	O Det=13	H Det=131	Mon Det=11616	Aux Det=0	O+H=144	 DONE
30/09/2025 16:20:48:	move motor	S18.axis2.piezo rotation to -0.880220deg	 DONE
30/09/2025 16:20:49:	51	count	time	5.000000s/cts	O Det=5	H Det=100	Mon Det=11602	Aux Det=5	O+H=110	 DONE
30/09/2025 16:20:56:	move motor	S18.axis2.piezo rotation to -0.880160deg	 DONE
30/09/2025 16:20:57:	52	count	time	5.000000s/cts	O Det=1	H Det=103	Mon Det=11572	Aux Det=6	O+H=110	 DONE
30/09/2025 16:21:04:	move motor	S18.axis2.piezo rotation to -0.880100deg	 DONE
30/09/2025 16:21:05:	53	count	time	5.000000s/cts	O Det=7	H Det=69	Mon Det=11465	Aux Det=7	O+H=83	 DONE
30/09/2025 16:21:12:	move motor	S18.axis2.piezo rotation to -0.880040deg	 DONE
30/09/2025 16:21:13:	54	count	time	5.000000s/cts	O Det=11	H Det=65	Mon Det=11565	Aux Det=7	O+H=83	 DONE
30/09/2025 16:21:20:	move motor	S18.axis2.piezo rotation to -0.879980deg	 DONE
30/09/2025 16:21:21:	55	count	time	5.000000s/cts	O Det=0	H Det=62	Mon Det=11518	Aux Det=7	O+H=69	 DONE
30/09/2025 16:21:28:	move motor	S18.axis2.piezo rotation to -0.879920deg	 DONE
30/09/2025 16:21:30:	56	count	time	5.000000s/cts	O Det=3	H Det=45	Mon Det=11406	Aux Det=6	O+H=54	 DONE
30/09/2025 16:21:37:	move motor	S18.axis2.piezo rotation to -0.879860deg	 DONE
30/09/2025 16:21:38:	57	count	time	5.000000s/cts	O Det=1	H Det=34	Mon Det=11559	Aux Det=7	O+H=42	 DONE
30/09/2025 16:21:45:	move motor	S18.axis2.piezo rotation to -0.879800deg	 DONE
30/09/2025 16:21:46:	58	count	time	5.000000s/cts	O Det=2	H Det=49	Mon Det=11574	Aux Det=3	O+H=54	 DONE
30/09/2025 16:21:53:	move motor	S18.axis2.piezo rotation to -0.879740deg	 DONE
30/09/2025 16:21:55:	59	count	time	5.000000s/cts	O Det=1	H Det=42	Mon Det=11306	Aux Det=3	O+H=46	 DONE
30/09/2025 16:22:01:	move motor	S18.axis2.piezo rotation to -0.879680deg	 DONE
30/09/2025 16:22:02:	60	count	time	5.000000s/cts	O Det=2	H Det=32	Mon Det=11557	Aux Det=2	O+H=36	 DONE
30/09/2025 16:22:09:	close file and end scan	 DONE
30/09/2025 16:22:10:	move motor	S18.axis2.piezo rotation to fit SUM PEAK60	-0.881009reached -0.88101  DONE
30/09/2025 16:22:14:	END OF SCRIPT	 DONE
