03/10/2025 07:31:45:	start execution of script D:\data\Cycle 198\exp_3-16-19\rawdata\sc\rocking.sc	 DONE
03/10/2025 07:31:45:	move motor	S18.axis2.piezo rotation to -0.246770deg	 DONE
03/10/2025 07:31:48:	create file	D:\data\Cycle 198\exp_3-16-19\rawdata\sc\rocking_03Oct0731.dat	 DONE
room to enter remarks DONE
03/10/2025 07:31:49:	move motor	S18.axis2.piezo rotation to -0.146770deg	 DONE
03/10/2025 07:31:53:	1	count	time	5.000000s/cts	O Det=0	H Det=0	Mon Det=11699	Aux Det=35	O+H=35	 DONE
03/10/2025 07:32:00:	move motor	S18.axis2.piezo rotation to -0.146710deg	 DONE
03/10/2025 07:32:02:	2	count	time	5.000000s/cts	O Det=0	H Det=3	Mon Det=11553	Aux Det=25	O+H=28	 DONE
03/10/2025 07:32:08:	move motor	S18.axis2.piezo rotation to -0.146650deg	 DONE
03/10/2025 07:32:10:	3	count	time	5.000000s/cts	O Det=2	H Det=3	Mon Det=11438	Aux Det=31	O+H=36	 DONE
03/10/2025 07:32:16:	move motor	S18.axis2.piezo rotation to -0.146590deg	 DONE
03/10/2025 07:32:18:	4	count	time	5.000000s/cts	O Det=0	H Det=0	Mon Det=11603	Aux Det=27	O+H=27	 DONE
03/10/2025 07:32:25:	move motor	S18.axis2.piezo rotation to -0.146530deg	 DONE
03/10/2025 07:32:26:	5	count	time	5.000000s/cts	O Det=0	H Det=0	Mon Det=11645	Aux Det=26	O+H=26	 DONE
03/10/2025 07:32:33:	move motor	S18.axis2.piezo rotation to -0.146470deg	 DONE
03/10/2025 07:32:34:	6	count	time	5.000000s/cts	O Det=2	H Det=2	Mon Det=11489	Aux Det=29	O+H=33	 DONE
03/10/2025 07:32:41:	move motor	S18.axis2.piezo rotation to -0.146410deg	 DONE
03/10/2025 07:32:42:	7	count	time	5.000000s/cts	O Det=0	H Det=1	Mon Det=11554	Aux Det=34	O+H=35	 DONE
03/10/2025 07:32:49:	move motor	S18.axis2.piezo rotation to -0.146350deg	 DONE
03/10/2025 07:32:50:	8	count	time	5.000000s/cts	O Det=4	H Det=1	Mon Det=11518	Aux Det=38	O+H=43	 DONE
03/10/2025 07:32:57:	move motor	S18.axis2.piezo rotation to -0.146290deg	 DONE
03/10/2025 07:32:58:	9	count	time	5.000000s/cts	O Det=0	H Det=0	Mon Det=11680	Aux Det=51	O+H=51	 DONE
03/10/2025 07:33:05:	move motor	S18.axis2.piezo rotation to -0.146230deg	 DONE
03/10/2025 07:33:06:	10	count	time	5.000000s/cts	O Det=0	H Det=2	Mon Det=11623	Aux Det=57	O+H=59	 DONE
03/10/2025 07:33:12:	move motor	S18.axis2.piezo rotation to -0.146170deg	 DONE
03/10/2025 07:33:14:	11	count	time	5.000000s/cts	O Det=2	H Det=5	Mon Det=11438	Aux Det=47	O+H=54	 DONE
03/10/2025 07:33:20:	move motor	S18.axis2.piezo rotation to -0.146110deg	 DONE
03/10/2025 07:33:22:	12	count	time	5.000000s/cts	O Det=2	H Det=2	Mon Det=11542	Aux Det=67	O+H=71	 DONE
03/10/2025 07:33:28:	move motor	S18.axis2.piezo rotation to -0.146050deg	 DONE
03/10/2025 07:33:30:	13	count	time	5.000000s/cts	O Det=3	H Det=0	Mon Det=11611	Aux Det=70	O+H=73	 DONE
03/10/2025 07:33:36:	move motor	S18.axis2.piezo rotation to -0.145990deg	 DONE
03/10/2025 07:33:37:	14	count	time	5.000000s/cts	O Det=4	H Det=2	Mon Det=11463	Aux Det=85	O+H=91	 DONE
03/10/2025 07:33:44:	move motor	S18.axis2.piezo rotation to -0.145930deg	 DONE
03/10/2025 07:33:45:	15	count	time	5.000000s/cts	O Det=17	H Det=7	Mon Det=11471	Aux Det=134	O+H=158	 DONE
03/10/2025 07:33:52:	move motor	S18.axis2.piezo rotation to -0.145870deg	 DONE
03/10/2025 07:33:54:	16	count	time	5.000000s/cts	O Det=11	H Det=3	Mon Det=11748	Aux Det=180	O+H=194	 DONE
03/10/2025 07:34:00:	move motor	S18.axis2.piezo rotation to -0.145810deg	 DONE
03/10/2025 07:34:02:	17	count	time	5.000000s/cts	O Det=11	H Det=7	Mon Det=11424	Aux Det=184	O+H=202	 DONE
03/10/2025 07:34:08:	move motor	S18.axis2.piezo rotation to -0.145750deg	 DONE
03/10/2025 07:34:10:	18	count	time	5.000000s/cts	O Det=18	H Det=6	Mon Det=11632	Aux Det=207	O+H=231	 DONE
03/10/2025 07:34:16:	move motor	S18.axis2.piezo rotation to -0.145690deg	 DONE
03/10/2025 07:34:18:	19	count	time	5.000000s/cts	O Det=30	H Det=4	Mon Det=11563	Aux Det=219	O+H=253	 DONE
03/10/2025 07:34:25:	move motor	S18.axis2.piezo rotation to -0.145630deg	 DONE
03/10/2025 07:34:26:	20	count	time	5.000000s/cts	O Det=53	H Det=8	Mon Det=11547	Aux Det=232	O+H=293	 DONE
03/10/2025 07:34:32:	move motor	S18.axis2.piezo rotation to -0.145570deg	 DONE
03/10/2025 07:34:34:	21	count	time	5.000000s/cts	O Det=79	H Det=31	Mon Det=11539	Aux Det=361	O+H=471	 DONE
03/10/2025 07:34:40:	move motor	S18.axis2.piezo rotation to -0.145510deg	 DONE
03/10/2025 07:34:42:	22	count	time	5.000000s/cts	O Det=83	H Det=57	Mon Det=11611	Aux Det=438	O+H=578	 DONE
03/10/2025 07:34:48:	move motor	S18.axis2.piezo rotation to -0.145450deg	 DONE
03/10/2025 07:34:50:	23	count	time	5.000000s/cts	O Det=141	H Det=92	Mon Det=11474	Aux Det=551	O+H=784	 DONE
03/10/2025 07:34:56:	move motor	S18.axis2.piezo rotation to -0.145390deg	 DONE
03/10/2025 07:34:57:	24	count	time	5.000000s/cts	O Det=165	H Det=124	Mon Det=11634	Aux Det=598	O+H=887	 DONE
03/10/2025 07:35:04:	move motor	S18.axis2.piezo rotation to -0.145330deg	 DONE
03/10/2025 07:35:05:	25	count	time	5.000000s/cts	O Det=240	H Det=175	Mon Det=11548	Aux Det=639	O+H=1054	 DONE
03/10/2025 07:35:12:	move motor	S18.axis2.piezo rotation to -0.145270deg	 DONE
03/10/2025 07:35:13:	26	count	time	5.000000s/cts	O Det=253	H Det=204	Mon Det=11511	Aux Det=717	O+H=1174	 DONE
03/10/2025 07:35:20:	move motor	S18.axis2.piezo rotation to -0.145210deg	 DONE
03/10/2025 07:35:22:	27	count	time	5.000000s/cts	O Det=253	H Det=225	Mon Det=11325	Aux Det=752	O+H=1230	 DONE
03/10/2025 07:35:28:	move motor	S18.axis2.piezo rotation to -0.145150deg	 DONE
03/10/2025 07:35:29:	28	count	time	5.000000s/cts	O Det=254	H Det=224	Mon Det=11321	Aux Det=678	O+H=1156	 DONE
03/10/2025 07:35:36:	move motor	S18.axis2.piezo rotation to -0.145090deg	 DONE
03/10/2025 07:35:37:	29	count	time	5.000000s/cts	O Det=287	H Det=221	Mon Det=11541	Aux Det=651	O+H=1159	 DONE
03/10/2025 07:35:44:	move motor	S18.axis2.piezo rotation to -0.145030deg	 DONE
03/10/2025 07:35:45:	30	count	time	5.000000s/cts	O Det=241	H Det=204	Mon Det=11625	Aux Det=546	O+H=991	 DONE
03/10/2025 07:35:52:	move motor	S18.axis2.piezo rotation to -0.144970deg	 DONE
03/10/2025 07:35:53:	31	count	time	5.000000s/cts	O Det=221	H Det=128	Mon Det=11592	Aux Det=485	O+H=834	 DONE
03/10/2025 07:36:00:	move motor	S18.axis2.piezo rotation to -0.144910deg	 DONE
03/10/2025 07:36:01:	32	count	time	5.000000s/cts	O Det=166	H Det=116	Mon Det=11665	Aux Det=393	O+H=675	 DONE
03/10/2025 07:36:08:	move motor	S18.axis2.piezo rotation to -0.144850deg	 DONE
03/10/2025 07:36:09:	33	count	time	5.000000s/cts	O Det=133	H Det=88	Mon Det=11317	Aux Det=316	O+H=537	 DONE
03/10/2025 07:36:16:	move motor	S18.axis2.piezo rotation to -0.144790deg	 DONE
03/10/2025 07:36:17:	34	count	time	5.000000s/cts	O Det=109	H Det=41	Mon Det=11379	Aux Det=268	O+H=418	 DONE
03/10/2025 07:36:24:	move motor	S18.axis2.piezo rotation to -0.144730deg	 DONE
03/10/2025 07:36:25:	35	count	time	5.000000s/cts	O Det=71	H Det=25	Mon Det=11418	Aux Det=177	O+H=273	 DONE
03/10/2025 07:36:32:	move motor	S18.axis2.piezo rotation to -0.144670deg	 DONE
03/10/2025 07:36:33:	36	count	time	5.000000s/cts	O Det=56	H Det=9	Mon Det=11749	Aux Det=173	O+H=238	 DONE
03/10/2025 07:36:40:	move motor	S18.axis2.piezo rotation to -0.144610deg	 DONE
03/10/2025 07:36:41:	37	count	time	5.000000s/cts	O Det=27	H Det=6	Mon Det=11374	Aux Det=158	O+H=191	 DONE
03/10/2025 07:36:47:	move motor	S18.axis2.piezo rotation to -0.144550deg	 DONE
03/10/2025 07:36:49:	38	count	time	5.000000s/cts	O Det=21	H Det=2	Mon Det=11545	Aux Det=116	O+H=139	 DONE
03/10/2025 07:36:55:	move motor	S18.axis2.piezo rotation to -0.144490deg	 DONE
03/10/2025 07:36:57:	39	count	time	5.000000s/cts	O Det=8	H Det=3	Mon Det=11535	Aux Det=98	O+H=109	 DONE
03/10/2025 07:37:03:	move motor	S18.axis2.piezo rotation to -0.144430deg	 DONE
03/10/2025 07:37:05:	40	count	time	5.000000s/cts	O Det=8	H Det=3	Mon Det=11499	Aux Det=101	O+H=112	 DONE
03/10/2025 07:37:11:	move motor	S18.axis2.piezo rotation to -0.144370deg	 DONE
03/10/2025 07:37:13:	41	count	time	5.000000s/cts	O Det=6	H Det=0	Mon Det=11348	Aux Det=67	O+H=73	 DONE
03/10/2025 07:37:19:	move motor	S18.axis2.piezo rotation to -0.144310deg	 DONE
03/10/2025 07:37:20:	42	count	time	5.000000s/cts	O Det=3	H Det=0	Mon Det=11585	Aux Det=75	O+H=78	 DONE
03/10/2025 07:37:27:	move motor	S18.axis2.piezo rotation to -0.144250deg	 DONE
03/10/2025 07:37:28:	43	count	time	5.000000s/cts	O Det=3	H Det=2	Mon Det=11611	Aux Det=58	O+H=63	 DONE
03/10/2025 07:37:35:	move motor	S18.axis2.piezo rotation to -0.144190deg	 DONE
03/10/2025 07:37:36:	44	count	time	5.000000s/cts	O Det=6	H Det=5	Mon Det=11613	Aux Det=64	O+H=75	 DONE
03/10/2025 07:37:43:	move motor	S18.axis2.piezo rotation to -0.144130deg	 DONE
03/10/2025 07:37:44:	45	count	time	5.000000s/cts	O Det=2	H Det=3	Mon Det=11254	Aux Det=49	O+H=54	 DONE
03/10/2025 07:37:51:	move motor	S18.axis2.piezo rotation to -0.144070deg	 DONE
03/10/2025 07:37:53:	46	count	time	5.000000s/cts	O Det=3	H Det=1	Mon Det=11343	Aux Det=55	O+H=59	 DONE
03/10/2025 07:37:59:	move motor	S18.axis2.piezo rotation to -0.144010deg	 DONE
03/10/2025 07:38:00:	47	count	time	5.000000s/cts	O Det=3	H Det=3	Mon Det=11614	Aux Det=47	O+H=53	 DONE
03/10/2025 07:38:07:	move motor	S18.axis2.piezo rotation to -0.143950deg	 DONE
03/10/2025 07:38:08:	48	count	time	5.000000s/cts	O Det=2	H Det=0	Mon Det=11439	Aux Det=46	O+H=48	 DONE
03/10/2025 07:38:15:	move motor	S18.axis2.piezo rotation to -0.143890deg	 DONE
03/10/2025 07:38:16:	49	count	time	5.000000s/cts	O Det=1	H Det=1	Mon Det=11447	Aux Det=51	O+H=53	 DONE
03/10/2025 07:38:23:	move motor	S18.axis2.piezo rotation to -0.143830deg	 DONE
03/10/2025 07:38:24:	50	count	time	5.000000s/cts	O Det=2	H Det=0	Mon Det=11544	Aux Det=35	O+H=37	 DONE
03/10/2025 07:38:30:	move motor	S18.axis2.piezo rotation to -0.143770deg	 DONE
03/10/2025 07:38:32:	51	count	time	5.000000s/cts	O Det=0	H Det=1	Mon Det=11435	Aux Det=44	O+H=45	 DONE
03/10/2025 07:38:39:	move motor	S18.axis2.piezo rotation to -0.143710deg	 DONE
03/10/2025 07:38:40:	52	count	time	5.000000s/cts	O Det=3	H Det=2	Mon Det=11709	Aux Det=27	O+H=32	 DONE
03/10/2025 07:38:47:	move motor	S18.axis2.piezo rotation to -0.143650deg	 DONE
03/10/2025 07:38:48:	53	count	time	5.000000s/cts	O Det=3	H Det=1	Mon Det=11433	Aux Det=22	O+H=26	 DONE
03/10/2025 07:38:55:	move motor	S18.axis2.piezo rotation to -0.143590deg	 DONE
03/10/2025 07:38:56:	54	count	time	5.000000s/cts	O Det=0	H Det=1	Mon Det=11623	Aux Det=34	O+H=35	 DONE
03/10/2025 07:39:03:	move motor	S18.axis2.piezo rotation to -0.143530deg	 DONE
03/10/2025 07:39:04:	55	count	time	5.000000s/cts	O Det=0	H Det=1	Mon Det=11376	Aux Det=27	O+H=28	 DONE
03/10/2025 07:39:11:	move motor	S18.axis2.piezo rotation to -0.143470deg	 DONE
03/10/2025 07:39:12:	56	count	time	5.000000s/cts	O Det=0	H Det=1	Mon Det=11553	Aux Det=22	O+H=23	 DONE
03/10/2025 07:39:19:	move motor	S18.axis2.piezo rotation to -0.143410deg	 DONE
03/10/2025 07:39:21:	57	count	time	5.000000s/cts	O Det=0	H Det=0	Mon Det=11442	Aux Det=18	O+H=18	 DONE
03/10/2025 07:39:28:	move motor	S18.axis2.piezo rotation to -0.143350deg	 DONE
03/10/2025 07:39:29:	58	count	time	5.000000s/cts	O Det=0	H Det=1	Mon Det=11537	Aux Det=26	O+H=27	 DONE
03/10/2025 07:39:36:	move motor	S18.axis2.piezo rotation to -0.143290deg	 DONE
03/10/2025 07:39:37:	59	count	time	5.000000s/cts	O Det=0	H Det=1	Mon Det=11452	Aux Det=15	O+H=16	 DONE
03/10/2025 07:39:44:	move motor	S18.axis2.piezo rotation to -0.143230deg	 DONE
03/10/2025 07:39:45:	60	count	time	5.000000s/cts	O Det=0	H Det=2	Mon Det=11514	Aux Det=20	O+H=22	 DONE
03/10/2025 07:39:52:	close file and end scan	 DONE
03/10/2025 07:39:52:	move motor	S18.axis2.piezo rotation to fit SUM PEAK60	-0.145195reached -0.14519  DONE
03/10/2025 07:39:55:	END OF SCRIPT	 DONE
