25/09/2025 03:11:11:	start execution of script D:\data\Cycle 198\exp_3-16-19\rawdata\sc\rocking.sc	 DONE
25/09/2025 03:11:11:	move motor	S18.axis2.piezo rotation to 3.475405deg	 DONE
25/09/2025 03:11:16:	create file	D:\data\Cycle 198\exp_3-16-19\rawdata\sc\rocking_25Sep0311.dat	 DONE
room to enter remarks DONE
25/09/2025 03:11:17:	move motor	S18.axis2.piezo rotation to 3.575405deg	 DONE
25/09/2025 03:11:21:	1	count	time	3.000000s/cts	O Det=3	H Det=311	Mon Det=6670	Aux Det=3	O+H=317	 DONE
25/09/2025 03:11:27:	move motor	S18.axis2.piezo rotation to 3.575455deg	 DONE
25/09/2025 03:11:31:	2	count	time	3.000000s/cts	O Det=1	H Det=267	Mon Det=6682	Aux Det=0	O+H=268	 DONE
25/09/2025 03:11:36:	move motor	S18.axis2.piezo rotation to 3.575505deg	 DONE
25/09/2025 03:11:38:	3	count	time	3.000000s/cts	O Det=2	H Det=279	Mon Det=6778	Aux Det=9	O+H=290	 DONE
25/09/2025 03:11:43:	move motor	S18.axis2.piezo rotation to 3.575555deg	 DONE
25/09/2025 03:11:46:	4	count	time	3.000000s/cts	O Det=1	H Det=336	Mon Det=6730	Aux Det=7	O+H=344	 DONE
25/09/2025 03:11:51:	move motor	S18.axis2.piezo rotation to 3.575605deg	 DONE
25/09/2025 03:11:52:	5	count	time	3.000000s/cts	O Det=1	H Det=340	Mon Det=6703	Aux Det=6	O+H=347	 DONE
25/09/2025 03:11:58:	move motor	S18.axis2.piezo rotation to 3.575655deg	 DONE
25/09/2025 03:11:59:	6	count	time	3.000000s/cts	O Det=2	H Det=360	Mon Det=6615	Aux Det=7	O+H=369	 DONE
25/09/2025 03:12:04:	move motor	S18.axis2.piezo rotation to 3.575705deg	 DONE
25/09/2025 03:12:06:	7	count	time	3.000000s/cts	O Det=2	H Det=388	Mon Det=6614	Aux Det=12	O+H=402	 DONE
25/09/2025 03:12:12:	move motor	S18.axis2.piezo rotation to 3.575755deg	 DONE
25/09/2025 03:12:13:	8	count	time	3.000000s/cts	O Det=3	H Det=495	Mon Det=6745	Aux Det=10	O+H=508	 DONE
25/09/2025 03:12:18:	move motor	S18.axis2.piezo rotation to 3.575805deg	 DONE
25/09/2025 03:12:19:	9	count	time	3.000000s/cts	O Det=2	H Det=496	Mon Det=6625	Aux Det=9	O+H=507	 DONE
25/09/2025 03:12:25:	move motor	S18.axis2.piezo rotation to 3.575855deg	 DONE
25/09/2025 03:12:26:	10	count	time	3.000000s/cts	O Det=2	H Det=605	Mon Det=6429	Aux Det=8	O+H=615	 DONE
25/09/2025 03:12:31:	move motor	S18.axis2.piezo rotation to 3.575905deg	 DONE
25/09/2025 03:12:33:	11	count	time	3.000000s/cts	O Det=2	H Det=643	Mon Det=6642	Aux Det=15	O+H=660	 DONE
25/09/2025 03:12:39:	move motor	S18.axis2.piezo rotation to 3.575955deg	 DONE
25/09/2025 03:12:40:	12	count	time	3.000000s/cts	O Det=9	H Det=696	Mon Det=6681	Aux Det=6	O+H=711	 DONE
25/09/2025 03:12:46:	move motor	S18.axis2.piezo rotation to 3.576005deg	 DONE
25/09/2025 03:12:47:	13	count	time	3.000000s/cts	O Det=5	H Det=771	Mon Det=6594	Aux Det=15	O+H=791	 DONE
25/09/2025 03:12:52:	move motor	S18.axis2.piezo rotation to 3.576055deg	 DONE
25/09/2025 03:12:54:	14	count	time	3.000000s/cts	O Det=10	H Det=984	Mon Det=6583	Aux Det=17	O+H=1011	 DONE
25/09/2025 03:12:59:	move motor	S18.axis2.piezo rotation to 3.576105deg	 DONE
25/09/2025 03:13:00:	15	count	time	3.000000s/cts	O Det=11	H Det=1046	Mon Det=6589	Aux Det=19	O+H=1076	 DONE
25/09/2025 03:13:06:	move motor	S18.axis2.piezo rotation to 3.576155deg	 DONE
25/09/2025 03:13:07:	16	count	time	3.000000s/cts	O Det=16	H Det=1202	Mon Det=6557	Aux Det=34	O+H=1252	 DONE
25/09/2025 03:13:12:	move motor	S18.axis2.piezo rotation to 3.576205deg	 DONE
25/09/2025 03:13:14:	17	count	time	3.000000s/cts	O Det=14	H Det=1425	Mon Det=6657	Aux Det=27	O+H=1466	 DONE
25/09/2025 03:13:19:	move motor	S18.axis2.piezo rotation to 3.576255deg	 DONE
25/09/2025 03:13:20:	18	count	time	3.000000s/cts	O Det=43	H Det=1756	Mon Det=6543	Aux Det=56	O+H=1855	 DONE
25/09/2025 03:13:26:	move motor	S18.axis2.piezo rotation to 3.576305deg	 DONE
25/09/2025 03:13:27:	19	count	time	3.000000s/cts	O Det=44	H Det=2013	Mon Det=6706	Aux Det=113	O+H=2170	 DONE
25/09/2025 03:13:32:	move motor	S18.axis2.piezo rotation to 3.576355deg	 DONE
25/09/2025 03:13:34:	20	count	time	3.000000s/cts	O Det=69	H Det=2454	Mon Det=6873	Aux Det=206	O+H=2729	 DONE
25/09/2025 03:13:39:	move motor	S18.axis2.piezo rotation to 3.576405deg	 DONE
25/09/2025 03:13:40:	21	count	time	3.000000s/cts	O Det=105	H Det=2941	Mon Det=6568	Aux Det=349	O+H=3395	 DONE
25/09/2025 03:13:46:	move motor	S18.axis2.piezo rotation to 3.576455deg	 DONE
25/09/2025 03:13:47:	22	count	time	3.000000s/cts	O Det=107	H Det=3533	Mon Det=6507	Aux Det=1007	O+H=4647	 DONE
25/09/2025 03:13:52:	move motor	S18.axis2.piezo rotation to 3.576505deg	 DONE
25/09/2025 03:13:54:	23	count	time	3.000000s/cts	O Det=129	H Det=4570	Mon Det=6569	Aux Det=2821	O+H=7520	 DONE
25/09/2025 03:14:00:	move motor	S18.axis2.piezo rotation to 3.576555deg	 DONE
25/09/2025 03:14:01:	24	count	time	3.000000s/cts	O Det=130	H Det=4999	Mon Det=6669	Aux Det=3660	O+H=8789	 DONE
25/09/2025 03:14:06:	move motor	S18.axis2.piezo rotation to 3.576605deg	 DONE
25/09/2025 03:14:07:	25	count	time	3.000000s/cts	O Det=131	H Det=5573	Mon Det=6738	Aux Det=5683	O+H=11387	 DONE
25/09/2025 03:14:12:	move motor	S18.axis2.piezo rotation to 3.576655deg	 DONE
25/09/2025 03:14:14:	26	count	time	3.000000s/cts	O Det=139	H Det=5361	Mon Det=6670	Aux Det=6178	O+H=11678	 DONE
25/09/2025 03:14:19:	move motor	S18.axis2.piezo rotation to 3.576705deg	 DONE
25/09/2025 03:14:21:	27	count	time	3.000000s/cts	O Det=154	H Det=5482	Mon Det=6709	Aux Det=6460	O+H=12096	 DONE
25/09/2025 03:14:26:	move motor	S18.axis2.piezo rotation to 3.576755deg	 DONE
25/09/2025 03:14:28:	28	count	time	3.000000s/cts	O Det=133	H Det=5179	Mon Det=6564	Aux Det=6576	O+H=11888	 DONE
25/09/2025 03:14:33:	move motor	S18.axis2.piezo rotation to 3.576805deg	 DONE
25/09/2025 03:14:34:	29	count	time	3.000000s/cts	O Det=139	H Det=4768	Mon Det=6542	Aux Det=5756	O+H=10663	 DONE
25/09/2025 03:14:40:	move motor	S18.axis2.piezo rotation to 3.576855deg	 DONE
25/09/2025 03:14:41:	30	count	time	3.000000s/cts	O Det=122	H Det=4407	Mon Det=6721	Aux Det=4386	O+H=8915	 DONE
25/09/2025 03:14:47:	move motor	S18.axis2.piezo rotation to 3.576905deg	 DONE
25/09/2025 03:14:48:	31	count	time	3.000000s/cts	O Det=121	H Det=3824	Mon Det=6694	Aux Det=2862	O+H=6807	 DONE
25/09/2025 03:14:53:	move motor	S18.axis2.piezo rotation to 3.576955deg	 DONE
25/09/2025 03:14:55:	32	count	time	3.000000s/cts	O Det=68	H Det=3221	Mon Det=6819	Aux Det=1161	O+H=4450	 DONE
25/09/2025 03:15:00:	move motor	S18.axis2.piezo rotation to 3.577005deg	 DONE
25/09/2025 03:15:01:	33	count	time	3.000000s/cts	O Det=86	H Det=2964	Mon Det=6498	Aux Det=740	O+H=3790	 DONE
25/09/2025 03:15:07:	move motor	S18.axis2.piezo rotation to 3.577055deg	 DONE
25/09/2025 03:15:08:	34	count	time	3.000000s/cts	O Det=60	H Det=2483	Mon Det=6629	Aux Det=329	O+H=2872	 DONE
25/09/2025 03:15:14:	move motor	S18.axis2.piezo rotation to 3.577105deg	 DONE
25/09/2025 03:15:15:	35	count	time	3.000000s/cts	O Det=31	H Det=2046	Mon Det=6593	Aux Det=168	O+H=2245	 DONE
25/09/2025 03:15:20:	move motor	S18.axis2.piezo rotation to 3.577155deg	 DONE
25/09/2025 03:15:21:	36	count	time	3.000000s/cts	O Det=28	H Det=1602	Mon Det=6636	Aux Det=88	O+H=1718	 DONE
25/09/2025 03:15:27:	move motor	S18.axis2.piezo rotation to 3.577205deg	 DONE
25/09/2025 03:15:28:	37	count	time	3.000000s/cts	O Det=23	H Det=1385	Mon Det=6753	Aux Det=48	O+H=1456	 DONE
25/09/2025 03:15:34:	move motor	S18.axis2.piezo rotation to 3.577255deg	 DONE
25/09/2025 03:15:36:	38	count	time	3.000000s/cts	O Det=22	H Det=1190	Mon Det=6661	Aux Det=44	O+H=1256	 DONE
25/09/2025 03:15:41:	move motor	S18.axis2.piezo rotation to 3.577305deg	 DONE
25/09/2025 03:15:43:	39	count	time	3.000000s/cts	O Det=12	H Det=1084	Mon Det=6624	Aux Det=24	O+H=1120	 DONE
25/09/2025 03:15:48:	move motor	S18.axis2.piezo rotation to 3.577355deg	 DONE
25/09/2025 03:15:49:	40	count	time	3.000000s/cts	O Det=7	H Det=855	Mon Det=6761	Aux Det=28	O+H=890	 DONE
25/09/2025 03:15:55:	move motor	S18.axis2.piezo rotation to 3.577405deg	 DONE
25/09/2025 03:15:57:	41	count	time	3.000000s/cts	O Det=6	H Det=759	Mon Det=6605	Aux Det=15	O+H=780	 DONE
25/09/2025 03:16:02:	move motor	S18.axis2.piezo rotation to 3.577455deg	 DONE
25/09/2025 03:16:04:	42	count	time	3.000000s/cts	O Det=6	H Det=686	Mon Det=6626	Aux Det=10	O+H=702	 DONE
25/09/2025 03:16:09:	move motor	S18.axis2.piezo rotation to 3.577505deg	 DONE
25/09/2025 03:16:10:	43	count	time	3.000000s/cts	O Det=2	H Det=587	Mon Det=6538	Aux Det=17	O+H=606	 DONE
25/09/2025 03:16:15:	move motor	S18.axis2.piezo rotation to 3.577555deg	 DONE
25/09/2025 03:16:17:	44	count	time	3.000000s/cts	O Det=4	H Det=511	Mon Det=6560	Aux Det=6	O+H=521	 DONE
25/09/2025 03:16:22:	move motor	S18.axis2.piezo rotation to 3.577605deg	 DONE
25/09/2025 03:16:24:	45	count	time	3.000000s/cts	O Det=3	H Det=487	Mon Det=6626	Aux Det=12	O+H=502	 DONE
25/09/2025 03:16:29:	move motor	S18.axis2.piezo rotation to 3.577655deg	 DONE
25/09/2025 03:16:31:	46	count	time	3.000000s/cts	O Det=3	H Det=466	Mon Det=6648	Aux Det=12	O+H=481	 DONE
25/09/2025 03:16:36:	move motor	S18.axis2.piezo rotation to 3.577705deg	 DONE
25/09/2025 03:16:37:	47	count	time	3.000000s/cts	O Det=1	H Det=382	Mon Det=6620	Aux Det=11	O+H=394	 DONE
25/09/2025 03:16:42:	move motor	S18.axis2.piezo rotation to 3.577755deg	 DONE
25/09/2025 03:16:44:	48	count	time	3.000000s/cts	O Det=0	H Det=305	Mon Det=6612	Aux Det=7	O+H=312	 DONE
25/09/2025 03:16:49:	move motor	S18.axis2.piezo rotation to 3.577805deg	 DONE
25/09/2025 03:16:51:	49	count	time	3.000000s/cts	O Det=2	H Det=319	Mon Det=6653	Aux Det=4	O+H=325	 DONE
25/09/2025 03:16:57:	move motor	S18.axis2.piezo rotation to 3.577855deg	 DONE
25/09/2025 03:16:58:	50	count	time	3.000000s/cts	O Det=4	H Det=291	Mon Det=6729	Aux Det=5	O+H=300	 DONE
25/09/2025 03:17:03:	close file and end scan	saving D:\data\Cycle 198\exp_3-16-19\rawdata\sc\rocking_25Sep0311.tif  DONE
25/09/2025 03:17:04:	move motor	S18.axis2.piezo rotation to fit AUX PEAK60	3.576704reached 3.57670  DONE
25/09/2025 03:17:08:	END OF SCRIPT	 DONE
