08/10/2025 00:44:23:	start execution of script D:\data\Cycle 198\exp_3-16-19\rawdata\sc\rocking.sc	 DONE
08/10/2025 00:44:23:	move motor	S18.axis2.piezo rotation to 0.245826deg	 DONE
08/10/2025 00:44:27:	create file	D:\data\Cycle 198\exp_3-16-19\rawdata\sc\rocking_08Oct0044.dat	 DONE
room to enter remarks DONE
08/10/2025 00:44:28:	move motor	S18.axis2.piezo rotation to 0.345826deg	 DONE
08/10/2025 00:44:32:	1	count	time	5.000000s/cts	O Det=2	H Det=25	Mon Det=15350	Aux Det=31	O+H=58	 DONE
08/10/2025 00:44:38:	move motor	S18.axis2.piezo rotation to 0.345886deg	 DONE
08/10/2025 00:44:40:	2	count	time	5.000000s/cts	O Det=0	H Det=26	Mon Det=15394	Aux Det=39	O+H=65	 DONE
08/10/2025 00:44:46:	move motor	S18.axis2.piezo rotation to 0.345946deg	 DONE
08/10/2025 00:44:47:	3	count	time	5.000000s/cts	O Det=2	H Det=24	Mon Det=15438	Aux Det=36	O+H=62	 DONE
08/10/2025 00:44:54:	move motor	S18.axis2.piezo rotation to 0.346006deg	 DONE
08/10/2025 00:44:55:	4	count	time	5.000000s/cts	O Det=0	H Det=23	Mon Det=15471	Aux Det=35	O+H=58	 DONE
08/10/2025 00:45:02:	move motor	S18.axis2.piezo rotation to 0.346066deg	 DONE
08/10/2025 00:45:03:	5	count	time	5.000000s/cts	O Det=3	H Det=32	Mon Det=15233	Aux Det=43	O+H=78	 DONE
08/10/2025 00:45:10:	move motor	S18.axis2.piezo rotation to 0.346126deg	 DONE
08/10/2025 00:45:11:	6	count	time	5.000000s/cts	O Det=1	H Det=41	Mon Det=15242	Aux Det=39	O+H=81	 DONE
08/10/2025 00:45:18:	move motor	S18.axis2.piezo rotation to 0.346186deg	 DONE
08/10/2025 00:45:19:	7	count	time	5.000000s/cts	O Det=1	H Det=49	Mon Det=15545	Aux Det=52	O+H=102	 DONE
08/10/2025 00:45:26:	move motor	S18.axis2.piezo rotation to 0.346246deg	 DONE
08/10/2025 00:45:28:	8	count	time	5.000000s/cts	O Det=1	H Det=40	Mon Det=15300	Aux Det=49	O+H=90	 DONE
08/10/2025 00:45:34:	move motor	S18.axis2.piezo rotation to 0.346306deg	 DONE
08/10/2025 00:45:35:	9	count	time	5.000000s/cts	O Det=5	H Det=49	Mon Det=15503	Aux Det=53	O+H=107	 DONE
08/10/2025 00:45:42:	move motor	S18.axis2.piezo rotation to 0.346366deg	 DONE
08/10/2025 00:45:43:	10	count	time	5.000000s/cts	O Det=1	H Det=44	Mon Det=15194	Aux Det=69	O+H=114	 DONE
08/10/2025 00:45:50:	move motor	S18.axis2.piezo rotation to 0.346426deg	 DONE
08/10/2025 00:45:51:	11	count	time	5.000000s/cts	O Det=3	H Det=58	Mon Det=15245	Aux Det=72	O+H=133	 DONE
08/10/2025 00:45:58:	move motor	S18.axis2.piezo rotation to 0.346486deg	 DONE
08/10/2025 00:45:59:	12	count	time	5.000000s/cts	O Det=6	H Det=62	Mon Det=15273	Aux Det=71	O+H=139	 DONE
08/10/2025 00:46:06:	move motor	S18.axis2.piezo rotation to 0.346546deg	 DONE
08/10/2025 00:46:07:	13	count	time	5.000000s/cts	O Det=7	H Det=76	Mon Det=15148	Aux Det=83	O+H=166	 DONE
08/10/2025 00:46:14:	move motor	S18.axis2.piezo rotation to 0.346606deg	 DONE
08/10/2025 00:46:15:	14	count	time	5.000000s/cts	O Det=3	H Det=86	Mon Det=15331	Aux Det=118	O+H=207	 DONE
08/10/2025 00:46:22:	move motor	S18.axis2.piezo rotation to 0.346666deg	 DONE
08/10/2025 00:46:23:	15	count	time	5.000000s/cts	O Det=9	H Det=99	Mon Det=15275	Aux Det=101	O+H=209	 DONE
08/10/2025 00:46:30:	move motor	S18.axis2.piezo rotation to 0.346726deg	 DONE
08/10/2025 00:46:31:	16	count	time	5.000000s/cts	O Det=12	H Det=110	Mon Det=15181	Aux Det=162	O+H=284	 DONE
08/10/2025 00:46:37:	move motor	S18.axis2.piezo rotation to 0.346786deg	 DONE
08/10/2025 00:46:39:	17	count	time	5.000000s/cts	O Det=15	H Det=155	Mon Det=15402	Aux Det=209	O+H=379	 DONE
08/10/2025 00:46:45:	move motor	S18.axis2.piezo rotation to 0.346846deg	 DONE
08/10/2025 00:46:47:	18	count	time	5.000000s/cts	O Det=40	H Det=184	Mon Det=15477	Aux Det=292	O+H=516	 DONE
08/10/2025 00:46:53:	move motor	S18.axis2.piezo rotation to 0.346906deg	 DONE
08/10/2025 00:46:55:	19	count	time	5.000000s/cts	O Det=22	H Det=183	Mon Det=15385	Aux Det=231	O+H=436	 DONE
08/10/2025 00:47:01:	move motor	S18.axis2.piezo rotation to 0.346966deg	 DONE
08/10/2025 00:47:03:	20	count	time	5.000000s/cts	O Det=32	H Det=206	Mon Det=15297	Aux Det=259	O+H=497	 DONE
08/10/2025 00:47:09:	move motor	S18.axis2.piezo rotation to 0.347026deg	 DONE
08/10/2025 00:47:11:	21	count	time	5.000000s/cts	O Det=43	H Det=218	Mon Det=15286	Aux Det=292	O+H=553	 DONE
08/10/2025 00:47:17:	move motor	S18.axis2.piezo rotation to 0.347086deg	 DONE
08/10/2025 00:47:18:	22	count	time	5.000000s/cts	O Det=55	H Det=246	Mon Det=15328	Aux Det=373	O+H=674	 DONE
08/10/2025 00:47:25:	move motor	S18.axis2.piezo rotation to 0.347146deg	 DONE
08/10/2025 00:47:26:	23	count	time	5.000000s/cts	O Det=91	H Det=328	Mon Det=15277	Aux Det=456	O+H=875	 DONE
08/10/2025 00:47:33:	move motor	S18.axis2.piezo rotation to 0.347206deg	 DONE
08/10/2025 00:47:34:	24	count	time	5.000000s/cts	O Det=155	H Det=336	Mon Det=15327	Aux Det=681	O+H=1172	 DONE
08/10/2025 00:47:41:	move motor	S18.axis2.piezo rotation to 0.347266deg	 DONE
08/10/2025 00:47:42:	25	count	time	5.000000s/cts	O Det=258	H Det=395	Mon Det=15210	Aux Det=988	O+H=1641	 DONE
08/10/2025 00:47:49:	move motor	S18.axis2.piezo rotation to 0.347326deg	 DONE
08/10/2025 00:47:50:	26	count	time	5.000000s/cts	O Det=310	H Det=425	Mon Det=15185	Aux Det=1517	O+H=2252	 DONE
08/10/2025 00:47:57:	move motor	S18.axis2.piezo rotation to 0.347386deg	 DONE
08/10/2025 00:47:58:	27	count	time	5.000000s/cts	O Det=365	H Det=390	Mon Det=15503	Aux Det=1717	O+H=2472	 DONE
08/10/2025 00:48:05:	move motor	S18.axis2.piezo rotation to 0.347446deg	 DONE
08/10/2025 00:48:06:	28	count	time	5.000000s/cts	O Det=484	H Det=396	Mon Det=15675	Aux Det=2120	O+H=3000	 DONE
08/10/2025 00:48:13:	move motor	S18.axis2.piezo rotation to 0.347506deg	 DONE
08/10/2025 00:48:14:	29	count	time	5.000000s/cts	O Det=525	H Det=405	Mon Det=15418	Aux Det=2042	O+H=2972	 DONE
08/10/2025 00:48:21:	move motor	S18.axis2.piezo rotation to 0.347566deg	 DONE
08/10/2025 00:48:22:	30	count	time	5.000000s/cts	O Det=502	H Det=411	Mon Det=15390	Aux Det=1954	O+H=2867	 DONE
08/10/2025 00:48:29:	move motor	S18.axis2.piezo rotation to 0.347626deg	 DONE
08/10/2025 00:48:30:	31	count	time	5.000000s/cts	O Det=448	H Det=412	Mon Det=15239	Aux Det=1661	O+H=2521	 DONE
08/10/2025 00:48:37:	move motor	S18.axis2.piezo rotation to 0.347686deg	 DONE
08/10/2025 00:48:38:	32	count	time	5.000000s/cts	O Det=359	H Det=475	Mon Det=15211	Aux Det=1284	O+H=2118	 DONE
08/10/2025 00:48:45:	move motor	S18.axis2.piezo rotation to 0.347746deg	 DONE
08/10/2025 00:48:46:	33	count	time	5.000000s/cts	O Det=279	H Det=392	Mon Det=15355	Aux Det=751	O+H=1422	 DONE
08/10/2025 00:48:53:	move motor	S18.axis2.piezo rotation to 0.347806deg	 DONE
08/10/2025 00:48:54:	34	count	time	5.000000s/cts	O Det=178	H Det=391	Mon Det=15511	Aux Det=621	O+H=1190	 DONE
08/10/2025 00:49:00:	move motor	S18.axis2.piezo rotation to 0.347866deg	 DONE
08/10/2025 00:49:02:	35	count	time	5.000000s/cts	O Det=62	H Det=349	Mon Det=15387	Aux Det=470	O+H=881	 DONE
08/10/2025 00:49:08:	move motor	S18.axis2.piezo rotation to 0.347926deg	 DONE
08/10/2025 00:49:10:	36	count	time	5.000000s/cts	O Det=50	H Det=296	Mon Det=15304	Aux Det=383	O+H=729	 DONE
08/10/2025 00:49:16:	move motor	S18.axis2.piezo rotation to 0.347986deg	 DONE
08/10/2025 00:49:18:	37	count	time	5.000000s/cts	O Det=22	H Det=219	Mon Det=15113	Aux Det=277	O+H=518	 DONE
08/10/2025 00:49:24:	move motor	S18.axis2.piezo rotation to 0.348046deg	 DONE
08/10/2025 00:49:26:	38	count	time	5.000000s/cts	O Det=20	H Det=188	Mon Det=15311	Aux Det=214	O+H=422	 DONE
08/10/2025 00:49:32:	move motor	S18.axis2.piezo rotation to 0.348106deg	 DONE
08/10/2025 00:49:34:	39	count	time	5.000000s/cts	O Det=17	H Det=177	Mon Det=15452	Aux Det=198	O+H=392	 DONE
08/10/2025 00:49:40:	move motor	S18.axis2.piezo rotation to 0.348166deg	 DONE
08/10/2025 00:49:42:	40	count	time	5.000000s/cts	O Det=13	H Det=134	Mon Det=15456	Aux Det=138	O+H=285	 DONE
08/10/2025 00:49:48:	move motor	S18.axis2.piezo rotation to 0.348226deg	 DONE
08/10/2025 00:49:49:	41	count	time	5.000000s/cts	O Det=5	H Det=110	Mon Det=15497	Aux Det=123	O+H=238	 DONE
08/10/2025 00:49:56:	move motor	S18.axis2.piezo rotation to 0.348286deg	 DONE
08/10/2025 00:49:57:	42	count	time	5.000000s/cts	O Det=8	H Det=97	Mon Det=15472	Aux Det=131	O+H=236	 DONE
08/10/2025 00:50:04:	move motor	S18.axis2.piezo rotation to 0.348346deg	 DONE
08/10/2025 00:50:05:	43	count	time	5.000000s/cts	O Det=8	H Det=87	Mon Det=15378	Aux Det=107	O+H=202	 DONE
08/10/2025 00:50:12:	move motor	S18.axis2.piezo rotation to 0.348406deg	 DONE
08/10/2025 00:50:14:	44	count	time	5.000000s/cts	O Det=8	H Det=66	Mon Det=15341	Aux Det=73	O+H=147	 DONE
08/10/2025 00:50:20:	move motor	S18.axis2.piezo rotation to 0.348466deg	 DONE
08/10/2025 00:50:22:	45	count	time	5.000000s/cts	O Det=8	H Det=74	Mon Det=15452	Aux Det=72	O+H=154	 DONE
08/10/2025 00:50:28:	move motor	S18.axis2.piezo rotation to 0.348526deg	 DONE
08/10/2025 00:50:29:	46	count	time	5.000000s/cts	O Det=4	H Det=54	Mon Det=15382	Aux Det=64	O+H=122	 DONE
08/10/2025 00:50:36:	move motor	S18.axis2.piezo rotation to 0.348586deg	 DONE
08/10/2025 00:50:37:	47	count	time	5.000000s/cts	O Det=2	H Det=55	Mon Det=15335	Aux Det=68	O+H=125	 DONE
08/10/2025 00:50:44:	move motor	S18.axis2.piezo rotation to 0.348646deg	 DONE
08/10/2025 00:50:46:	48	count	time	5.000000s/cts	O Det=3	H Det=48	Mon Det=15224	Aux Det=58	O+H=109	 DONE
08/10/2025 00:50:52:	move motor	S18.axis2.piezo rotation to 0.348706deg	 DONE
08/10/2025 00:50:54:	49	count	time	5.000000s/cts	O Det=1	H Det=39	Mon Det=15238	Aux Det=62	O+H=102	 DONE
08/10/2025 00:51:00:	move motor	S18.axis2.piezo rotation to 0.348766deg	 DONE
08/10/2025 00:51:02:	50	count	time	5.000000s/cts	O Det=1	H Det=45	Mon Det=15348	Aux Det=40	O+H=86	 DONE
08/10/2025 00:51:08:	move motor	S18.axis2.piezo rotation to 0.348826deg	 DONE
08/10/2025 00:51:10:	51	count	time	5.000000s/cts	O Det=1	H Det=32	Mon Det=15341	Aux Det=48	O+H=81	 DONE
08/10/2025 00:51:16:	move motor	S18.axis2.piezo rotation to 0.348886deg	 DONE
08/10/2025 00:51:18:	52	count	time	5.000000s/cts	O Det=2	H Det=34	Mon Det=15415	Aux Det=32	O+H=68	 DONE
08/10/2025 00:51:24:	move motor	S18.axis2.piezo rotation to 0.348946deg	 DONE
08/10/2025 00:51:26:	53	count	time	5.000000s/cts	O Det=1	H Det=25	Mon Det=15324	Aux Det=37	O+H=63	 DONE
08/10/2025 00:51:32:	move motor	S18.axis2.piezo rotation to 0.349006deg	 DONE
08/10/2025 00:51:34:	54	count	time	5.000000s/cts	O Det=1	H Det=29	Mon Det=15500	Aux Det=33	O+H=63	 DONE
08/10/2025 00:51:41:	move motor	S18.axis2.piezo rotation to 0.349066deg	 DONE
08/10/2025 00:51:42:	55	count	time	5.000000s/cts	O Det=0	H Det=26	Mon Det=15358	Aux Det=41	O+H=67	 DONE
08/10/2025 00:51:49:	move motor	S18.axis2.piezo rotation to 0.349126deg	 DONE
08/10/2025 00:51:50:	56	count	time	5.000000s/cts	O Det=3	H Det=32	Mon Det=15303	Aux Det=30	O+H=65	 DONE
08/10/2025 00:51:57:	move motor	S18.axis2.piezo rotation to 0.349186deg	 DONE
08/10/2025 00:51:58:	57	count	time	5.000000s/cts	O Det=1	H Det=23	Mon Det=15198	Aux Det=26	O+H=50	 DONE
08/10/2025 00:52:05:	move motor	S18.axis2.piezo rotation to 0.349246deg	 DONE
08/10/2025 00:52:06:	58	count	time	5.000000s/cts	O Det=0	H Det=32	Mon Det=15266	Aux Det=30	O+H=62	 DONE
08/10/2025 00:52:13:	move motor	S18.axis2.piezo rotation to 0.349306deg	 DONE
08/10/2025 00:52:14:	59	count	time	5.000000s/cts	O Det=1	H Det=11	Mon Det=15304	Aux Det=31	O+H=43	 DONE
08/10/2025 00:52:21:	move motor	S18.axis2.piezo rotation to 0.349366deg	 DONE
08/10/2025 00:52:22:	60	count	time	5.000000s/cts	O Det=1	H Det=21	Mon Det=15276	Aux Det=20	O+H=42	 DONE
08/10/2025 00:52:29:	close file and end scan	 DONE
08/10/2025 00:52:29:	move motor	S18.axis2.piezo rotation to fit SUM PEAK60	0.347505reached 0.34751  DONE
08/10/2025 00:52:34:	END OF SCRIPT	 DONE
