06/10/2025 01:58:17:	start execution of script D:\data\Cycle 198\exp_3-16-19\rawdata\sc\rocking.sc	 DONE
06/10/2025 01:58:17:	move motor	S18.axis2.piezo rotation to -0.246905deg	 DONE
06/10/2025 01:58:21:	create file	D:\data\Cycle 198\exp_3-16-19\rawdata\sc\rocking_06Oct0158.dat	 DONE
room to enter remarks DONE
06/10/2025 01:58:22:	move motor	S18.axis2.piezo rotation to -0.146905deg	 DONE
06/10/2025 01:58:26:	1	count	time	5.000000s/cts	O Det=2	H Det=2	Mon Det=11527	Aux Det=3	O+H=7	 DONE
06/10/2025 01:58:33:	move motor	S18.axis2.piezo rotation to -0.146845deg	 DONE
06/10/2025 01:58:37:	2	count	time	5.000000s/cts	O Det=0	H Det=1	Mon Det=11623	Aux Det=1	O+H=2	 DONE
06/10/2025 01:58:43:	move motor	S18.axis2.piezo rotation to -0.146785deg	 DONE
06/10/2025 01:58:47:	3	count	time	5.000000s/cts	O Det=0	H Det=0	Mon Det=11851	Aux Det=2	O+H=2	 DONE
06/10/2025 01:58:54:	move motor	S18.axis2.piezo rotation to -0.146725deg	 DONE
06/10/2025 01:58:58:	4	count	time	5.000000s/cts	O Det=0	H Det=2	Mon Det=11511	Aux Det=3	O+H=5	 DONE
06/10/2025 01:59:04:	move motor	S18.axis2.piezo rotation to -0.146665deg	 DONE
06/10/2025 01:59:06:	5	count	time	5.000000s/cts	O Det=0	H Det=1	Mon Det=11472	Aux Det=3	O+H=4	 DONE
06/10/2025 01:59:13:	move motor	S18.axis2.piezo rotation to -0.146605deg	 DONE
06/10/2025 01:59:14:	6	count	time	5.000000s/cts	O Det=0	H Det=2	Mon Det=11812	Aux Det=3	O+H=5	 DONE
06/10/2025 01:59:21:	move motor	S18.axis2.piezo rotation to -0.146545deg	 DONE
06/10/2025 01:59:24:	7	count	time	5.000000s/cts	O Det=1	H Det=2	Mon Det=11520	Aux Det=2	O+H=5	 DONE
06/10/2025 01:59:31:	move motor	S18.axis2.piezo rotation to -0.146485deg	 DONE
06/10/2025 01:59:35:	8	count	time	5.000000s/cts	O Det=1	H Det=1	Mon Det=11673	Aux Det=3	O+H=5	 DONE
06/10/2025 01:59:42:	move motor	S18.axis2.piezo rotation to -0.146425deg	 DONE
06/10/2025 01:59:46:	9	count	time	5.000000s/cts	O Det=2	H Det=1	Mon Det=11785	Aux Det=3	O+H=6	 DONE
06/10/2025 01:59:52:	move motor	S18.axis2.piezo rotation to -0.146365deg	 DONE
06/10/2025 01:59:56:	10	count	time	5.000000s/cts	O Det=0	H Det=1	Mon Det=11532	Aux Det=3	O+H=4	 DONE
06/10/2025 02:00:03:	move motor	S18.axis2.piezo rotation to -0.146305deg	 DONE
06/10/2025 02:00:04:	11	count	time	5.000000s/cts	O Det=1	H Det=1	Mon Det=11632	Aux Det=2	O+H=4	 DONE
06/10/2025 02:00:11:	move motor	S18.axis2.piezo rotation to -0.146245deg	 DONE
06/10/2025 02:00:12:	12	count	time	5.000000s/cts	O Det=0	H Det=1	Mon Det=11512	Aux Det=7	O+H=8	 DONE
06/10/2025 02:00:19:	move motor	S18.axis2.piezo rotation to -0.146185deg	 DONE
06/10/2025 02:00:20:	13	count	time	5.000000s/cts	O Det=0	H Det=1	Mon Det=11615	Aux Det=7	O+H=8	 DONE
06/10/2025 02:00:27:	move motor	S18.axis2.piezo rotation to -0.146125deg	 DONE
06/10/2025 02:00:31:	14	count	time	5.000000s/cts	O Det=0	H Det=2	Mon Det=11479	Aux Det=2	O+H=4	 DONE
06/10/2025 02:00:37:	move motor	S18.axis2.piezo rotation to -0.146065deg	 DONE
06/10/2025 02:00:41:	15	count	time	5.000000s/cts	O Det=0	H Det=0	Mon Det=11548	Aux Det=2	O+H=2	 DONE
06/10/2025 02:00:48:	move motor	S18.axis2.piezo rotation to -0.146005deg	 DONE
06/10/2025 02:00:52:	16	count	time	5.000000s/cts	O Det=0	H Det=0	Mon Det=11464	Aux Det=3	O+H=3	 DONE
06/10/2025 02:00:58:	move motor	S18.axis2.piezo rotation to -0.145945deg	 DONE
06/10/2025 02:01:02:	17	count	time	5.000000s/cts	O Det=0	H Det=1	Mon Det=11444	Aux Det=1	O+H=2	 DONE
06/10/2025 02:01:09:	move motor	S18.axis2.piezo rotation to -0.145885deg	 DONE
06/10/2025 02:01:10:	18	count	time	5.000000s/cts	O Det=0	H Det=0	Mon Det=11552	Aux Det=2	O+H=2	 DONE
06/10/2025 02:01:17:	move motor	S18.axis2.piezo rotation to -0.145825deg	 DONE
06/10/2025 02:01:18:	19	count	time	5.000000s/cts	O Det=0	H Det=3	Mon Det=11745	Aux Det=3	O+H=6	 DONE
06/10/2025 02:01:25:	move motor	S18.axis2.piezo rotation to -0.145765deg	 DONE
06/10/2025 02:01:29:	20	count	time	5.000000s/cts	O Det=1	H Det=2	Mon Det=11561	Aux Det=6	O+H=9	 DONE
06/10/2025 02:01:36:	move motor	S18.axis2.piezo rotation to -0.145705deg	 DONE
06/10/2025 02:01:40:	21	count	time	5.000000s/cts	O Det=0	H Det=1	Mon Det=11331	Aux Det=4	O+H=5	 DONE
06/10/2025 02:01:46:	move motor	S18.axis2.piezo rotation to -0.145645deg	 DONE
06/10/2025 02:01:50:	22	count	time	5.000000s/cts	O Det=0	H Det=0	Mon Det=11533	Aux Det=3	O+H=3	 DONE
06/10/2025 02:01:57:	move motor	S18.axis2.piezo rotation to -0.145585deg	 DONE
06/10/2025 02:02:01:	23	count	time	5.000000s/cts	O Det=1	H Det=1	Mon Det=11478	Aux Det=0	O+H=2	 DONE
06/10/2025 02:02:07:	move motor	S18.axis2.piezo rotation to -0.145525deg	 DONE
06/10/2025 02:02:09:	24	count	time	5.000000s/cts	O Det=0	H Det=1	Mon Det=11508	Aux Det=5	O+H=6	 DONE
06/10/2025 02:02:16:	move motor	S18.axis2.piezo rotation to -0.145465deg	 DONE
06/10/2025 02:02:17:	25	count	time	5.000000s/cts	O Det=2	H Det=1	Mon Det=11437	Aux Det=1	O+H=4	 DONE
06/10/2025 02:02:23:	move motor	S18.axis2.piezo rotation to -0.145405deg	 DONE
06/10/2025 02:02:27:	26	count	time	5.000000s/cts	O Det=0	H Det=1	Mon Det=11443	Aux Det=4	O+H=5	 DONE
06/10/2025 02:02:34:	move motor	S18.axis2.piezo rotation to -0.145345deg	 DONE
06/10/2025 02:02:38:	27	count	time	5.000000s/cts	O Det=0	H Det=3	Mon Det=11502	Aux Det=2	O+H=5	 DONE
06/10/2025 02:02:44:	move motor	S18.axis2.piezo rotation to -0.145285deg	 DONE
06/10/2025 02:02:48:	28	count	time	5.000000s/cts	O Det=0	H Det=0	Mon Det=11459	Aux Det=4	O+H=4	 DONE
06/10/2025 02:02:55:	move motor	S18.axis2.piezo rotation to -0.145225deg	 DONE
06/10/2025 02:02:59:	29	count	time	5.000000s/cts	O Det=2	H Det=0	Mon Det=11482	Aux Det=1	O+H=3	 DONE
06/10/2025 02:03:06:	move motor	S18.axis2.piezo rotation to -0.145165deg	 DONE
06/10/2025 02:03:07:	30	count	time	5.000000s/cts	O Det=0	H Det=0	Mon Det=11503	Aux Det=5	O+H=5	 DONE
06/10/2025 02:03:14:	move motor	S18.axis2.piezo rotation to -0.145105deg	 DONE
06/10/2025 02:03:15:	31	count	time	5.000000s/cts	O Det=0	H Det=2	Mon Det=11541	Aux Det=1	O+H=3	 DONE
06/10/2025 02:03:22:	move motor	S18.axis2.piezo rotation to -0.145045deg	 DONE
06/10/2025 02:03:26:	32	count	time	5.000000s/cts	O Det=0	H Det=0	Mon Det=11480	Aux Det=0	O+H=0	 DONE
06/10/2025 02:03:33:	move motor	S18.axis2.piezo rotation to -0.144985deg	 DONE
06/10/2025 02:03:37:	33	count	time	5.000000s/cts	O Det=0	H Det=1	Mon Det=11602	Aux Det=2	O+H=3	 DONE
06/10/2025 02:03:43:	move motor	S18.axis2.piezo rotation to -0.144925deg	 DONE
06/10/2025 02:03:47:	34	count	time	5.000000s/cts	O Det=1	H Det=0	Mon Det=11620	Aux Det=5	O+H=6	 DONE
06/10/2025 02:03:54:	move motor	S18.axis2.piezo rotation to -0.144865deg	 DONE
06/10/2025 02:03:58:	35	count	time	5.000000s/cts	O Det=0	H Det=2	Mon Det=11490	Aux Det=1	O+H=3	 DONE
06/10/2025 02:04:04:	move motor	S18.axis2.piezo rotation to -0.144805deg	 DONE
06/10/2025 02:04:06:	36	count	time	5.000000s/cts	O Det=0	H Det=0	Mon Det=11424	Aux Det=3	O+H=3	 DONE
06/10/2025 02:04:13:	move motor	S18.axis2.piezo rotation to -0.144745deg	 DONE
06/10/2025 02:04:14:	37	count	time	5.000000s/cts	O Det=0	H Det=1	Mon Det=11578	Aux Det=3	O+H=4	 DONE
06/10/2025 02:04:20:	move motor	S18.axis2.piezo rotation to -0.144685deg	 DONE
06/10/2025 02:04:24:	38	count	time	5.000000s/cts	O Det=0	H Det=3	Mon Det=11821	Aux Det=1	O+H=4	 DONE
06/10/2025 02:04:31:	move motor	S18.axis2.piezo rotation to -0.144625deg	 DONE
06/10/2025 02:04:35:	39	count	time	5.000000s/cts	O Det=0	H Det=0	Mon Det=11627	Aux Det=4	O+H=4	 DONE
06/10/2025 02:04:41:	move motor	S18.axis2.piezo rotation to -0.144565deg	 DONE
06/10/2025 02:04:45:	40	count	time	5.000000s/cts	O Det=0	H Det=2	Mon Det=11574	Aux Det=4	O+H=6	 DONE
06/10/2025 02:04:52:	move motor	S18.axis2.piezo rotation to -0.144505deg	 DONE
06/10/2025 02:04:56:	41	count	time	5.000000s/cts	O Det=0	H Det=1	Mon Det=11574	Aux Det=4	O+H=5	 DONE
06/10/2025 02:05:03:	move motor	S18.axis2.piezo rotation to -0.144445deg	 DONE
06/10/2025 02:05:04:	42	count	time	5.000000s/cts	O Det=1	H Det=2	Mon Det=11635	Aux Det=5	O+H=8	 DONE
06/10/2025 02:05:11:	move motor	S18.axis2.piezo rotation to -0.144385deg	 DONE
06/10/2025 02:05:14:	43	count	time	5.000000s/cts	O Det=0	H Det=0	Mon Det=11598	Aux Det=3	O+H=3	 DONE
06/10/2025 02:05:20:	move motor	S18.axis2.piezo rotation to -0.144325deg	 DONE
06/10/2025 02:05:24:	44	count	time	5.000000s/cts	O Det=0	H Det=1	Mon Det=11619	Aux Det=1	O+H=2	 DONE
06/10/2025 02:05:31:	move motor	S18.axis2.piezo rotation to -0.144265deg	 DONE
06/10/2025 02:05:35:	45	count	time	5.000000s/cts	O Det=1	H Det=0	Mon Det=11461	Aux Det=3	O+H=4	 DONE
06/10/2025 02:05:41:	move motor	S18.axis2.piezo rotation to -0.144205deg	 DONE
06/10/2025 02:05:45:	46	count	time	5.000000s/cts	O Det=0	H Det=0	Mon Det=11491	Aux Det=2	O+H=2	 DONE
06/10/2025 02:05:52:	move motor	S18.axis2.piezo rotation to -0.144145deg	 DONE
06/10/2025 02:05:56:	47	count	time	5.000000s/cts	O Det=0	H Det=0	Mon Det=11362	Aux Det=3	O+H=3	 DONE
06/10/2025 02:06:02:	move motor	S18.axis2.piezo rotation to -0.144085deg	 DONE
06/10/2025 02:06:04:	48	count	time	5.000000s/cts	O Det=0	H Det=0	Mon Det=11665	Aux Det=4	O+H=4	 DONE
06/10/2025 02:06:10:	move motor	S18.axis2.piezo rotation to -0.144025deg	 DONE
06/10/2025 02:06:12:	49	count	time	5.000000s/cts	O Det=0	H Det=0	Mon Det=11425	Aux Det=2	O+H=2	 DONE
06/10/2025 02:06:18:	move motor	S18.axis2.piezo rotation to -0.143965deg	 DONE
06/10/2025 02:06:20:	50	count	time	5.000000s/cts	O Det=0	H Det=2	Mon Det=11707	Aux Det=2	O+H=4	 DONE
06/10/2025 02:06:27:	move motor	S18.axis2.piezo rotation to -0.143905deg	 DONE
06/10/2025 02:06:31:	51	count	time	5.000000s/cts	O Det=0	H Det=2	Mon Det=11782	Aux Det=4	O+H=6	 DONE
06/10/2025 02:06:38:	move motor	S18.axis2.piezo rotation to -0.143845deg	 DONE
06/10/2025 02:06:42:	52	count	time	5.000000s/cts	O Det=0	H Det=2	Mon Det=11610	Aux Det=3	O+H=5	 DONE
06/10/2025 02:06:48:	move motor	S18.axis2.piezo rotation to -0.143785deg	 DONE
06/10/2025 02:06:52:	53	count	time	5.000000s/cts	O Det=0	H Det=3	Mon Det=11577	Aux Det=4	O+H=7	 DONE
06/10/2025 02:06:59:	move motor	S18.axis2.piezo rotation to -0.143725deg	 DONE
06/10/2025 02:07:03:	54	count	time	5.000000s/cts	O Det=0	H Det=0	Mon Det=11612	Aux Det=2	O+H=2	 DONE
06/10/2025 02:07:09:	move motor	S18.axis2.piezo rotation to -0.143665deg	 DONE
06/10/2025 02:07:11:	55	count	time	5.000000s/cts	O Det=0	H Det=0	Mon Det=11471	Aux Det=4	O+H=4	 DONE
06/10/2025 02:07:17:	move motor	S18.axis2.piezo rotation to -0.143605deg	 DONE
06/10/2025 02:07:18:	56	count	time	5.000000s/cts	O Det=1	H Det=3	Mon Det=11419	Aux Det=1	O+H=5	 DONE
06/10/2025 02:07:25:	move motor	S18.axis2.piezo rotation to -0.143545deg	 DONE
06/10/2025 02:07:29:	57	count	time	5.000000s/cts	O Det=0	H Det=1	Mon Det=11417	Aux Det=4	O+H=5	 DONE
06/10/2025 02:07:36:	move motor	S18.axis2.piezo rotation to -0.143485deg	 DONE
06/10/2025 02:07:40:	58	count	time	5.000000s/cts	O Det=0	H Det=0	Mon Det=11437	Aux Det=2	O+H=2	 DONE
06/10/2025 02:07:46:	move motor	S18.axis2.piezo rotation to -0.143425deg	 DONE
06/10/2025 02:07:50:	59	count	time	5.000000s/cts	O Det=0	H Det=0	Mon Det=11590	Aux Det=2	O+H=2	 DONE
06/10/2025 02:07:57:	move motor	S18.axis2.piezo rotation to -0.143365deg	 DONE
06/10/2025 02:08:01:	60	count	time	5.000000s/cts	O Det=0	H Det=0	Mon Det=11344	Aux Det=3	O+H=3	 DONE
06/10/2025 02:08:07:	close file and end scan	 DONE
06/10/2025 02:08:08:	move motor	S18.axis2.piezo rotation to fit SUM PEAK60	NaNreached -0.14336  DONE
06/10/2025 02:08:13:	END OF SCRIPT	 DONE
