05/10/2025 16:41:22:	start execution of script D:\data\Cycle 198\exp_3-16-19\rawdata\sc\rocking.sc	 DONE
05/10/2025 16:41:22:	move motor	S18.axis2.piezo rotation to -0.246905deg	 DONE
05/10/2025 16:41:26:	create file	D:\data\Cycle 198\exp_3-16-19\rawdata\sc\rocking_05Oct1641.dat	 DONE
room to enter remarks DONE
05/10/2025 16:41:27:	move motor	S18.axis2.piezo rotation to -0.146905deg	 DONE
05/10/2025 16:41:31:	1	count	time	5.000000s/cts	O Det=1	H Det=16	Mon Det=11561	Aux Det=5	O+H=22	 DONE
05/10/2025 16:41:38:	move motor	S18.axis2.piezo rotation to -0.146845deg	 DONE
05/10/2025 16:41:42:	2	count	time	5.000000s/cts	O Det=1	H Det=18	Mon Det=11549	Aux Det=4	O+H=23	 DONE
05/10/2025 16:41:48:	move motor	S18.axis2.piezo rotation to -0.146785deg	 DONE
05/10/2025 16:41:52:	3	count	time	5.000000s/cts	O Det=0	H Det=33	Mon Det=11614	Aux Det=4	O+H=37	 DONE
05/10/2025 16:41:59:	move motor	S18.axis2.piezo rotation to -0.146725deg	 DONE
05/10/2025 16:42:03:	4	count	time	5.000000s/cts	O Det=0	H Det=32	Mon Det=11624	Aux Det=2	O+H=34	 DONE
05/10/2025 16:42:09:	move motor	S18.axis2.piezo rotation to -0.146665deg	 DONE
05/10/2025 16:42:11:	5	count	time	5.000000s/cts	O Det=0	H Det=37	Mon Det=11539	Aux Det=1	O+H=38	 DONE
05/10/2025 16:42:17:	move motor	S18.axis2.piezo rotation to -0.146605deg	 DONE
05/10/2025 16:42:19:	6	count	time	5.000000s/cts	O Det=3	H Det=29	Mon Det=11450	Aux Det=3	O+H=35	 DONE
05/10/2025 16:42:25:	move motor	S18.axis2.piezo rotation to -0.146545deg	 DONE
05/10/2025 16:42:29:	7	count	time	5.000000s/cts	O Det=1	H Det=31	Mon Det=11578	Aux Det=3	O+H=35	 DONE
05/10/2025 16:42:36:	move motor	S18.axis2.piezo rotation to -0.146485deg	 DONE
05/10/2025 16:42:40:	8	count	time	5.000000s/cts	O Det=5	H Det=37	Mon Det=11575	Aux Det=2	O+H=44	 DONE
05/10/2025 16:42:46:	move motor	S18.axis2.piezo rotation to -0.146425deg	 DONE
05/10/2025 16:42:50:	9	count	time	5.000000s/cts	O Det=0	H Det=49	Mon Det=11585	Aux Det=3	O+H=52	 DONE
05/10/2025 16:42:57:	move motor	S18.axis2.piezo rotation to -0.146365deg	 DONE
05/10/2025 16:43:01:	10	count	time	5.000000s/cts	O Det=1	H Det=44	Mon Det=11626	Aux Det=2	O+H=47	 DONE
05/10/2025 16:43:07:	move motor	S18.axis2.piezo rotation to -0.146305deg	 DONE
05/10/2025 16:43:09:	11	count	time	5.000000s/cts	O Det=1	H Det=56	Mon Det=11504	Aux Det=6	O+H=63	 DONE
05/10/2025 16:43:15:	move motor	S18.axis2.piezo rotation to -0.146245deg	 DONE
05/10/2025 16:43:16:	12	count	time	5.000000s/cts	O Det=1	H Det=59	Mon Det=11532	Aux Det=4	O+H=64	 DONE
05/10/2025 16:43:23:	move motor	S18.axis2.piezo rotation to -0.146185deg	 DONE
05/10/2025 16:43:24:	13	count	time	5.000000s/cts	O Det=3	H Det=67	Mon Det=11521	Aux Det=3	O+H=73	 DONE
05/10/2025 16:43:31:	move motor	S18.axis2.piezo rotation to -0.146125deg	 DONE
05/10/2025 16:43:35:	14	count	time	5.000000s/cts	O Det=1	H Det=75	Mon Det=11798	Aux Det=4	O+H=80	 DONE
05/10/2025 16:43:42:	move motor	S18.axis2.piezo rotation to -0.146065deg	 DONE
05/10/2025 16:43:45:	15	count	time	5.000000s/cts	O Det=1	H Det=72	Mon Det=11672	Aux Det=2	O+H=75	 DONE
05/10/2025 16:43:52:	move motor	S18.axis2.piezo rotation to -0.146005deg	 DONE
05/10/2025 16:43:56:	16	count	time	5.000000s/cts	O Det=4	H Det=101	Mon Det=11627	Aux Det=4	O+H=109	 DONE
05/10/2025 16:44:03:	move motor	S18.axis2.piezo rotation to -0.145945deg	 DONE
05/10/2025 16:44:07:	17	count	time	5.000000s/cts	O Det=7	H Det=119	Mon Det=11532	Aux Det=9	O+H=135	 DONE
05/10/2025 16:44:13:	move motor	S18.axis2.piezo rotation to -0.145885deg	 DONE
05/10/2025 16:44:15:	18	count	time	5.000000s/cts	O Det=4	H Det=141	Mon Det=11634	Aux Det=45	O+H=190	 DONE
05/10/2025 16:44:21:	move motor	S18.axis2.piezo rotation to -0.145825deg	 DONE
05/10/2025 16:44:22:	19	count	time	5.000000s/cts	O Det=17	H Det=184	Mon Det=11701	Aux Det=28	O+H=229	 DONE
05/10/2025 16:44:29:	move motor	S18.axis2.piezo rotation to -0.145765deg	 DONE
05/10/2025 16:44:33:	20	count	time	5.000000s/cts	O Det=27	H Det=190	Mon Det=11580	Aux Det=27	O+H=244	 DONE
05/10/2025 16:44:40:	move motor	S18.axis2.piezo rotation to -0.145705deg	 DONE
05/10/2025 16:44:43:	21	count	time	5.000000s/cts	O Det=31	H Det=217	Mon Det=11503	Aux Det=10	O+H=258	 DONE
05/10/2025 16:44:50:	move motor	S18.axis2.piezo rotation to -0.145645deg	 DONE
05/10/2025 16:44:54:	22	count	time	5.000000s/cts	O Det=62	H Det=255	Mon Det=11594	Aux Det=16	O+H=333	 DONE
05/10/2025 16:45:01:	move motor	S18.axis2.piezo rotation to -0.145585deg	 DONE
05/10/2025 16:45:05:	23	count	time	5.000000s/cts	O Det=126	H Det=270	Mon Det=11623	Aux Det=37	O+H=433	 DONE
05/10/2025 16:45:11:	move motor	S18.axis2.piezo rotation to -0.145525deg	 DONE
05/10/2025 16:45:12:	24	count	time	5.000000s/cts	O Det=140	H Det=304	Mon Det=11287	Aux Det=101	O+H=545	 DONE
05/10/2025 16:45:19:	move motor	S18.axis2.piezo rotation to -0.145465deg	 DONE
05/10/2025 16:45:20:	25	count	time	5.000000s/cts	O Det=235	H Det=309	Mon Det=11599	Aux Det=233	O+H=777	 DONE
05/10/2025 16:45:27:	move motor	S18.axis2.piezo rotation to -0.145405deg	 DONE
05/10/2025 16:45:31:	26	count	time	5.000000s/cts	O Det=243	H Det=321	Mon Det=11456	Aux Det=286	O+H=850	 DONE
05/10/2025 16:45:37:	move motor	S18.axis2.piezo rotation to -0.145345deg	 DONE
05/10/2025 16:45:41:	27	count	time	5.000000s/cts	O Det=297	H Det=353	Mon Det=11425	Aux Det=428	O+H=1078	 DONE
05/10/2025 16:45:48:	move motor	S18.axis2.piezo rotation to -0.145285deg	 DONE
05/10/2025 16:45:52:	28	count	time	5.000000s/cts	O Det=346	H Det=370	Mon Det=11462	Aux Det=524	O+H=1240	 DONE
05/10/2025 16:45:59:	move motor	S18.axis2.piezo rotation to -0.145225deg	 DONE
05/10/2025 16:46:02:	29	count	time	5.000000s/cts	O Det=438	H Det=343	Mon Det=11432	Aux Det=595	O+H=1376	 DONE
05/10/2025 16:46:09:	move motor	S18.axis2.piezo rotation to -0.145165deg	 DONE
05/10/2025 16:46:11:	30	count	time	5.000000s/cts	O Det=438	H Det=337	Mon Det=11482	Aux Det=654	O+H=1429	 DONE
05/10/2025 16:46:18:	move motor	S18.axis2.piezo rotation to -0.145105deg	 DONE
05/10/2025 16:46:19:	31	count	time	5.000000s/cts	O Det=407	H Det=330	Mon Det=11501	Aux Det=587	O+H=1324	 DONE
05/10/2025 16:46:25:	move motor	S18.axis2.piezo rotation to -0.145045deg	 DONE
05/10/2025 16:46:29:	32	count	time	5.000000s/cts	O Det=400	H Det=312	Mon Det=11385	Aux Det=491	O+H=1203	 DONE
05/10/2025 16:46:36:	move motor	S18.axis2.piezo rotation to -0.144985deg	 DONE
05/10/2025 16:46:40:	33	count	time	5.000000s/cts	O Det=340	H Det=313	Mon Det=11540	Aux Det=450	O+H=1103	 DONE
05/10/2025 16:46:46:	move motor	S18.axis2.piezo rotation to -0.144925deg	 DONE
05/10/2025 16:46:50:	34	count	time	5.000000s/cts	O Det=267	H Det=304	Mon Det=11448	Aux Det=322	O+H=893	 DONE
05/10/2025 16:46:57:	move motor	S18.axis2.piezo rotation to -0.144865deg	 DONE
05/10/2025 16:47:01:	35	count	time	5.000000s/cts	O Det=236	H Det=298	Mon Det=11665	Aux Det=224	O+H=758	 DONE
05/10/2025 16:47:08:	move motor	S18.axis2.piezo rotation to -0.144805deg	 DONE
05/10/2025 16:47:09:	36	count	time	5.000000s/cts	O Det=180	H Det=294	Mon Det=11685	Aux Det=150	O+H=624	 DONE
05/10/2025 16:47:16:	move motor	S18.axis2.piezo rotation to -0.144745deg	 DONE
05/10/2025 16:47:18:	37	count	time	5.000000s/cts	O Det=113	H Det=230	Mon Det=11446	Aux Det=60	O+H=403	 DONE
05/10/2025 16:47:25:	move motor	S18.axis2.piezo rotation to -0.144685deg	 DONE
05/10/2025 16:47:29:	38	count	time	5.000000s/cts	O Det=106	H Det=231	Mon Det=11579	Aux Det=35	O+H=372	 DONE
05/10/2025 16:47:35:	move motor	S18.axis2.piezo rotation to -0.144625deg	 DONE
05/10/2025 16:47:39:	39	count	time	5.000000s/cts	O Det=53	H Det=191	Mon Det=11576	Aux Det=14	O+H=258	 DONE
05/10/2025 16:47:46:	move motor	S18.axis2.piezo rotation to -0.144565deg	 DONE
05/10/2025 16:47:50:	40	count	time	5.000000s/cts	O Det=40	H Det=172	Mon Det=11259	Aux Det=11	O+H=223	 DONE
05/10/2025 16:47:56:	move motor	S18.axis2.piezo rotation to -0.144505deg	 DONE
05/10/2025 16:48:00:	41	count	time	5.000000s/cts	O Det=20	H Det=133	Mon Det=11492	Aux Det=9	O+H=162	 DONE
05/10/2025 16:48:07:	move motor	S18.axis2.piezo rotation to -0.144445deg	 DONE
05/10/2025 16:48:08:	42	count	time	5.000000s/cts	O Det=17	H Det=123	Mon Det=11482	Aux Det=6	O+H=146	 DONE
05/10/2025 16:48:15:	move motor	S18.axis2.piezo rotation to -0.144385deg	 DONE
05/10/2025 16:48:16:	43	count	time	5.000000s/cts	O Det=12	H Det=103	Mon Det=11482	Aux Det=5	O+H=120	 DONE
05/10/2025 16:48:23:	move motor	S18.axis2.piezo rotation to -0.144325deg	 DONE
05/10/2025 16:48:27:	44	count	time	5.000000s/cts	O Det=5	H Det=66	Mon Det=11503	Aux Det=4	O+H=75	 DONE
05/10/2025 16:48:33:	move motor	S18.axis2.piezo rotation to -0.144265deg	 DONE
05/10/2025 16:48:37:	45	count	time	5.000000s/cts	O Det=6	H Det=90	Mon Det=11373	Aux Det=4	O+H=100	 DONE
05/10/2025 16:48:44:	move motor	S18.axis2.piezo rotation to -0.144205deg	 DONE
05/10/2025 16:48:48:	46	count	time	5.000000s/cts	O Det=3	H Det=74	Mon Det=11493	Aux Det=4	O+H=81	 DONE
05/10/2025 16:48:55:	move motor	S18.axis2.piezo rotation to -0.144145deg	 DONE
05/10/2025 16:48:58:	47	count	time	5.000000s/cts	O Det=4	H Det=62	Mon Det=11866	Aux Det=3	O+H=69	 DONE
05/10/2025 16:49:05:	move motor	S18.axis2.piezo rotation to -0.144085deg	 DONE
05/10/2025 16:49:06:	48	count	time	5.000000s/cts	O Det=3	H Det=58	Mon Det=11382	Aux Det=3	O+H=64	 DONE
05/10/2025 16:49:13:	move motor	S18.axis2.piezo rotation to -0.144025deg	 DONE
05/10/2025 16:49:14:	49	count	time	5.000000s/cts	O Det=2	H Det=54	Mon Det=11504	Aux Det=1	O+H=57	 DONE
05/10/2025 16:49:21:	move motor	S18.axis2.piezo rotation to -0.143965deg	 DONE
05/10/2025 16:49:22:	50	count	time	5.000000s/cts	O Det=2	H Det=50	Mon Det=11689	Aux Det=0	O+H=52	 DONE
05/10/2025 16:49:29:	move motor	S18.axis2.piezo rotation to -0.143905deg	 DONE
05/10/2025 16:49:33:	51	count	time	5.000000s/cts	O Det=4	H Det=46	Mon Det=11420	Aux Det=4	O+H=54	 DONE
05/10/2025 16:49:39:	move motor	S18.axis2.piezo rotation to -0.143845deg	 DONE
05/10/2025 16:49:43:	52	count	time	5.000000s/cts	O Det=0	H Det=35	Mon Det=11728	Aux Det=2	O+H=37	 DONE
05/10/2025 16:49:50:	move motor	S18.axis2.piezo rotation to -0.143785deg	 DONE
05/10/2025 16:49:54:	53	count	time	5.000000s/cts	O Det=1	H Det=45	Mon Det=11620	Aux Det=2	O+H=48	 DONE
05/10/2025 16:50:00:	move motor	S18.axis2.piezo rotation to -0.143725deg	 DONE
05/10/2025 16:50:04:	54	count	time	5.000000s/cts	O Det=2	H Det=33	Mon Det=11430	Aux Det=1	O+H=36	 DONE
05/10/2025 16:50:11:	move motor	S18.axis2.piezo rotation to -0.143665deg	 DONE
05/10/2025 16:50:12:	55	count	time	5.000000s/cts	O Det=0	H Det=29	Mon Det=11719	Aux Det=2	O+H=31	 DONE
05/10/2025 16:50:19:	move motor	S18.axis2.piezo rotation to -0.143605deg	 DONE
05/10/2025 16:50:20:	56	count	time	5.000000s/cts	O Det=3	H Det=32	Mon Det=11513	Aux Det=2	O+H=37	 DONE
05/10/2025 16:50:27:	move motor	S18.axis2.piezo rotation to -0.143545deg	 DONE
05/10/2025 16:50:30:	57	count	time	5.000000s/cts	O Det=1	H Det=27	Mon Det=11540	Aux Det=2	O+H=30	 DONE
05/10/2025 16:50:37:	move motor	S18.axis2.piezo rotation to -0.143485deg	 DONE
05/10/2025 16:50:41:	58	count	time	5.000000s/cts	O Det=0	H Det=21	Mon Det=11429	Aux Det=7	O+H=28	 DONE
05/10/2025 16:50:48:	move motor	S18.axis2.piezo rotation to -0.143425deg	 DONE
05/10/2025 16:50:52:	59	count	time	5.000000s/cts	O Det=1	H Det=15	Mon Det=11666	Aux Det=1	O+H=17	 DONE
05/10/2025 16:50:58:	move motor	S18.axis2.piezo rotation to -0.143365deg	 DONE
05/10/2025 16:51:02:	60	count	time	5.000000s/cts	O Det=0	H Det=18	Mon Det=11606	Aux Det=1	O+H=19	 DONE
05/10/2025 16:51:09:	close file and end scan	 DONE
05/10/2025 16:51:09:	move motor	S18.axis2.piezo rotation to fit SUM PEAK60	-0.145167reached -0.14517  DONE
05/10/2025 16:51:14:	END OF SCRIPT	 DONE
