04/10/2025 04:20:02:	start execution of script D:\data\Cycle 198\exp_3-16-19\rawdata\sc\rocking.sc	 DONE
04/10/2025 04:20:02:	move motor	S18.axis2.piezo rotation to -0.246905deg	 DONE
04/10/2025 04:20:05:	create file	D:\data\Cycle 198\exp_3-16-19\rawdata\sc\rocking_04Oct0420.dat	 DONE
room to enter remarks DONE
04/10/2025 04:20:06:	move motor	S18.axis2.piezo rotation to -0.146905deg	 DONE
04/10/2025 04:20:09:	1	count	time	5.000000s/cts	O Det=0	H Det=28	Mon Det=11453	Aux Det=4	O+H=32	 DONE
04/10/2025 04:20:16:	move motor	S18.axis2.piezo rotation to -0.146845deg	 DONE
04/10/2025 04:20:20:	2	count	time	5.000000s/cts	O Det=4	H Det=36	Mon Det=11414	Aux Det=4	O+H=44	 DONE
04/10/2025 04:20:26:	move motor	S18.axis2.piezo rotation to -0.146785deg	 DONE
04/10/2025 04:20:30:	3	count	time	5.000000s/cts	O Det=0	H Det=27	Mon Det=11541	Aux Det=6	O+H=33	 DONE
04/10/2025 04:20:37:	move motor	S18.axis2.piezo rotation to -0.146725deg	 DONE
04/10/2025 04:20:41:	4	count	time	5.000000s/cts	O Det=0	H Det=41	Mon Det=11480	Aux Det=5	O+H=46	 DONE
04/10/2025 04:20:47:	move motor	S18.axis2.piezo rotation to -0.146665deg	 DONE
04/10/2025 04:20:49:	5	count	time	5.000000s/cts	O Det=1	H Det=41	Mon Det=11572	Aux Det=4	O+H=46	 DONE
04/10/2025 04:20:55:	move motor	S18.axis2.piezo rotation to -0.146605deg	 DONE
04/10/2025 04:20:58:	6	count	time	5.000000s/cts	O Det=2	H Det=37	Mon Det=11482	Aux Det=5	O+H=44	 DONE
04/10/2025 04:21:04:	move motor	S18.axis2.piezo rotation to -0.146545deg	 DONE
04/10/2025 04:21:08:	7	count	time	5.000000s/cts	O Det=2	H Det=39	Mon Det=11573	Aux Det=3	O+H=44	 DONE
04/10/2025 04:21:15:	move motor	S18.axis2.piezo rotation to -0.146485deg	 DONE
04/10/2025 04:21:18:	8	count	time	5.000000s/cts	O Det=1	H Det=62	Mon Det=11495	Aux Det=8	O+H=71	 DONE
04/10/2025 04:21:25:	move motor	S18.axis2.piezo rotation to -0.146425deg	 DONE
04/10/2025 04:21:29:	9	count	time	5.000000s/cts	O Det=1	H Det=47	Mon Det=11524	Aux Det=2	O+H=50	 DONE
04/10/2025 04:21:35:	move motor	S18.axis2.piezo rotation to -0.146365deg	 DONE
04/10/2025 04:21:39:	10	count	time	5.000000s/cts	O Det=1	H Det=45	Mon Det=11400	Aux Det=4	O+H=50	 DONE
04/10/2025 04:21:46:	move motor	S18.axis2.piezo rotation to -0.146305deg	 DONE
04/10/2025 04:21:47:	11	count	time	5.000000s/cts	O Det=3	H Det=53	Mon Det=11433	Aux Det=5	O+H=61	 DONE
04/10/2025 04:21:54:	move motor	S18.axis2.piezo rotation to -0.146245deg	 DONE
04/10/2025 04:21:55:	12	count	time	5.000000s/cts	O Det=1	H Det=71	Mon Det=11459	Aux Det=4	O+H=76	 DONE
04/10/2025 04:22:02:	move motor	S18.axis2.piezo rotation to -0.146185deg	 DONE
04/10/2025 04:22:03:	13	count	time	5.000000s/cts	O Det=2	H Det=78	Mon Det=11493	Aux Det=5	O+H=85	 DONE
04/10/2025 04:22:09:	move motor	S18.axis2.piezo rotation to -0.146125deg	 DONE
04/10/2025 04:22:13:	14	count	time	5.000000s/cts	O Det=1	H Det=92	Mon Det=11618	Aux Det=9	O+H=102	 DONE
04/10/2025 04:22:20:	move motor	S18.axis2.piezo rotation to -0.146065deg	 DONE
04/10/2025 04:22:23:	15	count	time	5.000000s/cts	O Det=2	H Det=96	Mon Det=11602	Aux Det=3	O+H=101	 DONE
04/10/2025 04:22:30:	move motor	S18.axis2.piezo rotation to -0.146005deg	 DONE
04/10/2025 04:22:34:	16	count	time	5.000000s/cts	O Det=4	H Det=142	Mon Det=11557	Aux Det=5	O+H=151	 DONE
04/10/2025 04:22:40:	move motor	S18.axis2.piezo rotation to -0.145945deg	 DONE
04/10/2025 04:22:44:	17	count	time	5.000000s/cts	O Det=10	H Det=154	Mon Det=11478	Aux Det=21	O+H=185	 DONE
04/10/2025 04:22:51:	move motor	S18.axis2.piezo rotation to -0.145885deg	 DONE
04/10/2025 04:22:52:	18	count	time	5.000000s/cts	O Det=22	H Det=191	Mon Det=11408	Aux Det=41	O+H=254	 DONE
04/10/2025 04:22:59:	move motor	S18.axis2.piezo rotation to -0.145825deg	 DONE
04/10/2025 04:23:00:	19	count	time	5.000000s/cts	O Det=24	H Det=209	Mon Det=11514	Aux Det=34	O+H=267	 DONE
04/10/2025 04:23:07:	move motor	S18.axis2.piezo rotation to -0.145765deg	 DONE
04/10/2025 04:23:10:	20	count	time	5.000000s/cts	O Det=28	H Det=201	Mon Det=11502	Aux Det=19	O+H=248	 DONE
04/10/2025 04:23:17:	move motor	S18.axis2.piezo rotation to -0.145705deg	 DONE
04/10/2025 04:23:21:	21	count	time	5.000000s/cts	O Det=41	H Det=273	Mon Det=11460	Aux Det=15	O+H=329	 DONE
04/10/2025 04:23:27:	move motor	S18.axis2.piezo rotation to -0.145645deg	 DONE
04/10/2025 04:23:31:	22	count	time	5.000000s/cts	O Det=60	H Det=257	Mon Det=11452	Aux Det=20	O+H=337	 DONE
04/10/2025 04:23:38:	move motor	S18.axis2.piezo rotation to -0.145585deg	 DONE
04/10/2025 04:23:41:	23	count	time	5.000000s/cts	O Det=115	H Det=308	Mon Det=11699	Aux Det=43	O+H=466	 DONE
04/10/2025 04:23:48:	move motor	S18.axis2.piezo rotation to -0.145525deg	 DONE
04/10/2025 04:23:50:	24	count	time	5.000000s/cts	O Det=196	H Det=371	Mon Det=11523	Aux Det=179	O+H=746	 DONE
04/10/2025 04:23:56:	move motor	S18.axis2.piezo rotation to -0.145465deg	 DONE
04/10/2025 04:23:57:	25	count	time	5.000000s/cts	O Det=253	H Det=370	Mon Det=11578	Aux Det=199	O+H=822	 DONE
04/10/2025 04:24:04:	move motor	S18.axis2.piezo rotation to -0.145405deg	 DONE
04/10/2025 04:24:08:	26	count	time	5.000000s/cts	O Det=308	H Det=366	Mon Det=11421	Aux Det=317	O+H=991	 DONE
04/10/2025 04:24:14:	move motor	S18.axis2.piezo rotation to -0.145345deg	 DONE
04/10/2025 04:24:18:	27	count	time	5.000000s/cts	O Det=391	H Det=389	Mon Det=11436	Aux Det=405	O+H=1185	 DONE
04/10/2025 04:24:25:	move motor	S18.axis2.piezo rotation to -0.145285deg	 DONE
04/10/2025 04:24:28:	28	count	time	5.000000s/cts	O Det=407	H Det=380	Mon Det=11559	Aux Det=463	O+H=1250	 DONE
04/10/2025 04:24:35:	move motor	S18.axis2.piezo rotation to -0.145225deg	 DONE
04/10/2025 04:24:39:	29	count	time	5.000000s/cts	O Det=440	H Det=372	Mon Det=11314	Aux Det=541	O+H=1353	 DONE
04/10/2025 04:24:45:	move motor	S18.axis2.piezo rotation to -0.145165deg	 DONE
04/10/2025 04:24:47:	30	count	time	5.000000s/cts	O Det=453	H Det=395	Mon Det=11445	Aux Det=582	O+H=1430	 DONE
04/10/2025 04:24:53:	move motor	S18.axis2.piezo rotation to -0.145105deg	 DONE
04/10/2025 04:24:54:	31	count	time	5.000000s/cts	O Det=391	H Det=415	Mon Det=11640	Aux Det=492	O+H=1298	 DONE
04/10/2025 04:25:01:	move motor	S18.axis2.piezo rotation to -0.145045deg	 DONE
04/10/2025 04:25:05:	32	count	time	5.000000s/cts	O Det=389	H Det=390	Mon Det=11483	Aux Det=391	O+H=1170	 DONE
04/10/2025 04:25:11:	move motor	S18.axis2.piezo rotation to -0.144985deg	 DONE
04/10/2025 04:25:15:	33	count	time	5.000000s/cts	O Det=305	H Det=393	Mon Det=11647	Aux Det=309	O+H=1007	 DONE
04/10/2025 04:25:22:	move motor	S18.axis2.piezo rotation to -0.144925deg	 DONE
04/10/2025 04:25:26:	34	count	time	5.000000s/cts	O Det=248	H Det=347	Mon Det=11759	Aux Det=218	O+H=813	 DONE
04/10/2025 04:25:32:	move motor	S18.axis2.piezo rotation to -0.144865deg	 DONE
04/10/2025 04:25:36:	35	count	time	5.000000s/cts	O Det=178	H Det=342	Mon Det=11719	Aux Det=158	O+H=678	 DONE
04/10/2025 04:25:43:	move motor	S18.axis2.piezo rotation to -0.144805deg	 DONE
04/10/2025 04:25:44:	36	count	time	5.000000s/cts	O Det=148	H Det=313	Mon Det=11584	Aux Det=66	O+H=527	 DONE
04/10/2025 04:25:51:	move motor	S18.axis2.piezo rotation to -0.144745deg	 DONE
04/10/2025 04:25:52:	37	count	time	5.000000s/cts	O Det=102	H Det=277	Mon Det=11573	Aux Det=29	O+H=408	 DONE
04/10/2025 04:25:59:	move motor	S18.axis2.piezo rotation to -0.144685deg	 DONE
04/10/2025 04:26:02:	38	count	time	5.000000s/cts	O Det=58	H Det=255	Mon Det=11618	Aux Det=18	O+H=331	 DONE
04/10/2025 04:26:09:	move motor	S18.axis2.piezo rotation to -0.144625deg	 DONE
04/10/2025 04:26:13:	39	count	time	5.000000s/cts	O Det=37	H Det=193	Mon Det=11274	Aux Det=5	O+H=235	 DONE
04/10/2025 04:26:19:	move motor	S18.axis2.piezo rotation to -0.144565deg	 DONE
04/10/2025 04:26:23:	40	count	time	5.000000s/cts	O Det=24	H Det=163	Mon Det=11711	Aux Det=8	O+H=195	 DONE
04/10/2025 04:26:30:	move motor	S18.axis2.piezo rotation to -0.144505deg	 DONE
04/10/2025 04:26:33:	41	count	time	5.000000s/cts	O Det=15	H Det=160	Mon Det=11556	Aux Det=5	O+H=180	 DONE
04/10/2025 04:26:40:	move motor	S18.axis2.piezo rotation to -0.144445deg	 DONE
04/10/2025 04:26:41:	42	count	time	5.000000s/cts	O Det=6	H Det=132	Mon Det=11597	Aux Det=6	O+H=144	 DONE
04/10/2025 04:26:48:	move motor	S18.axis2.piezo rotation to -0.144385deg	 DONE
04/10/2025 04:26:49:	43	count	time	5.000000s/cts	O Det=9	H Det=109	Mon Det=11432	Aux Det=5	O+H=123	 DONE
04/10/2025 04:26:56:	move motor	S18.axis2.piezo rotation to -0.144325deg	 DONE
04/10/2025 04:26:59:	44	count	time	5.000000s/cts	O Det=3	H Det=99	Mon Det=11527	Aux Det=8	O+H=110	 DONE
04/10/2025 04:27:06:	move motor	S18.axis2.piezo rotation to -0.144265deg	 DONE
04/10/2025 04:27:10:	45	count	time	5.000000s/cts	O Det=3	H Det=64	Mon Det=11397	Aux Det=3	O+H=70	 DONE
04/10/2025 04:27:16:	move motor	S18.axis2.piezo rotation to -0.144205deg	 DONE
04/10/2025 04:27:20:	46	count	time	5.000000s/cts	O Det=5	H Det=80	Mon Det=11524	Aux Det=3	O+H=88	 DONE
04/10/2025 04:27:27:	move motor	S18.axis2.piezo rotation to -0.144145deg	 DONE
04/10/2025 04:27:31:	47	count	time	5.000000s/cts	O Det=3	H Det=66	Mon Det=11575	Aux Det=3	O+H=72	 DONE
04/10/2025 04:27:37:	move motor	S18.axis2.piezo rotation to -0.144085deg	 DONE
04/10/2025 04:27:38:	48	count	time	5.000000s/cts	O Det=1	H Det=59	Mon Det=11551	Aux Det=6	O+H=66	 DONE
04/10/2025 04:27:45:	move motor	S18.axis2.piezo rotation to -0.144025deg	 DONE
04/10/2025 04:27:46:	49	count	time	5.000000s/cts	O Det=1	H Det=52	Mon Det=11576	Aux Det=5	O+H=58	 DONE
04/10/2025 04:27:53:	move motor	S18.axis2.piezo rotation to -0.143965deg	 DONE
04/10/2025 04:27:54:	50	count	time	5.000000s/cts	O Det=2	H Det=36	Mon Det=11601	Aux Det=3	O+H=41	 DONE
04/10/2025 04:28:00:	move motor	S18.axis2.piezo rotation to -0.143905deg	 DONE
04/10/2025 04:28:04:	51	count	time	5.000000s/cts	O Det=2	H Det=48	Mon Det=11451	Aux Det=1	O+H=51	 DONE
04/10/2025 04:28:11:	move motor	S18.axis2.piezo rotation to -0.143845deg	 DONE
04/10/2025 04:28:15:	52	count	time	5.000000s/cts	O Det=2	H Det=41	Mon Det=11428	Aux Det=3	O+H=46	 DONE
04/10/2025 04:28:21:	move motor	S18.axis2.piezo rotation to -0.143785deg	 DONE
04/10/2025 04:28:25:	53	count	time	5.000000s/cts	O Det=0	H Det=32	Mon Det=11472	Aux Det=3	O+H=35	 DONE
04/10/2025 04:28:32:	move motor	S18.axis2.piezo rotation to -0.143725deg	 DONE
04/10/2025 04:28:35:	54	count	time	5.000000s/cts	O Det=3	H Det=40	Mon Det=11689	Aux Det=5	O+H=48	 DONE
04/10/2025 04:28:42:	move motor	S18.axis2.piezo rotation to -0.143665deg	 DONE
04/10/2025 04:28:43:	55	count	time	5.000000s/cts	O Det=1	H Det=34	Mon Det=11502	Aux Det=3	O+H=38	 DONE
04/10/2025 04:28:50:	move motor	S18.axis2.piezo rotation to -0.143605deg	 DONE
04/10/2025 04:28:51:	56	count	time	5.000000s/cts	O Det=1	H Det=36	Mon Det=11497	Aux Det=2	O+H=39	 DONE
04/10/2025 04:28:58:	move motor	S18.axis2.piezo rotation to -0.143545deg	 DONE
04/10/2025 04:29:02:	57	count	time	5.000000s/cts	O Det=1	H Det=25	Mon Det=11354	Aux Det=4	O+H=30	 DONE
04/10/2025 04:29:08:	move motor	S18.axis2.piezo rotation to -0.143485deg	 DONE
04/10/2025 04:29:12:	58	count	time	5.000000s/cts	O Det=0	H Det=25	Mon Det=11641	Aux Det=1	O+H=26	 DONE
04/10/2025 04:29:19:	move motor	S18.axis2.piezo rotation to -0.143425deg	 DONE
04/10/2025 04:29:22:	59	count	time	5.000000s/cts	O Det=0	H Det=21	Mon Det=11591	Aux Det=3	O+H=24	 DONE
04/10/2025 04:29:29:	move motor	S18.axis2.piezo rotation to -0.143365deg	 DONE
04/10/2025 04:29:33:	60	count	time	5.000000s/cts	O Det=1	H Det=27	Mon Det=11451	Aux Det=5	O+H=33	 DONE
04/10/2025 04:29:39:	close file and end scan	 DONE
04/10/2025 04:29:40:	move motor	S18.axis2.piezo rotation to fit SUM PEAK60	-0.145192reached -0.14519  DONE
04/10/2025 04:29:42:	END OF SCRIPT	 DONE
