22/10/2025 21:42:08:	start execution of script D:\data\Cycle 198\exp_3-16-19\rawdata\sc\rocking.sc	 DONE
22/10/2025 21:42:09:	move motor	S18.axis2.piezo rotation to 0.246116deg	 DONE
22/10/2025 21:42:12:	create file	D:\data\Cycle 198\exp_3-16-19\rawdata\sc\rocking_22Oct2142.dat	 DONE
room to enter remarks DONE
22/10/2025 21:42:13:	move motor	S18.axis2.piezo rotation to 0.346116deg	 DONE
22/10/2025 21:42:16:	1	count	time	3.000000s/cts	O Det=4	H Det=14	Mon Det=7482	Aux Det=30	O+H=48	 DONE
22/10/2025 21:42:21:	move motor	S18.axis2.piezo rotation to 0.346176deg	 DONE
22/10/2025 21:42:22:	2	count	time	3.000000s/cts	O Det=2	H Det=22	Mon Det=7422	Aux Det=29	O+H=53	 DONE
22/10/2025 21:42:27:	move motor	S18.axis2.piezo rotation to 0.346236deg	 DONE
22/10/2025 21:42:28:	3	count	time	3.000000s/cts	O Det=1	H Det=27	Mon Det=7395	Aux Det=31	O+H=59	 DONE
22/10/2025 21:42:33:	move motor	S18.axis2.piezo rotation to 0.346296deg	 DONE
22/10/2025 21:42:34:	4	count	time	3.000000s/cts	O Det=2	H Det=21	Mon Det=7234	Aux Det=29	O+H=52	 DONE
22/10/2025 21:42:39:	move motor	S18.axis2.piezo rotation to 0.346356deg	 DONE
22/10/2025 21:42:40:	5	count	time	3.000000s/cts	O Det=2	H Det=30	Mon Det=7321	Aux Det=54	O+H=86	 DONE
22/10/2025 21:42:45:	move motor	S18.axis2.piezo rotation to 0.346416deg	 DONE
22/10/2025 21:42:46:	6	count	time	3.000000s/cts	O Det=1	H Det=33	Mon Det=7403	Aux Det=49	O+H=83	 DONE
22/10/2025 21:42:51:	move motor	S18.axis2.piezo rotation to 0.346476deg	 DONE
22/10/2025 21:42:52:	7	count	time	3.000000s/cts	O Det=1	H Det=40	Mon Det=7328	Aux Det=70	O+H=111	 DONE
22/10/2025 21:42:57:	move motor	S18.axis2.piezo rotation to 0.346536deg	 DONE
22/10/2025 21:42:58:	8	count	time	3.000000s/cts	O Det=3	H Det=48	Mon Det=7370	Aux Det=54	O+H=105	 DONE
22/10/2025 21:43:03:	move motor	S18.axis2.piezo rotation to 0.346596deg	 DONE
22/10/2025 21:43:04:	9	count	time	3.000000s/cts	O Det=5	H Det=45	Mon Det=7293	Aux Det=52	O+H=102	 DONE
22/10/2025 21:43:08:	move motor	S18.axis2.piezo rotation to 0.346656deg	 DONE
22/10/2025 21:43:10:	10	count	time	3.000000s/cts	O Det=12	H Det=76	Mon Det=7248	Aux Det=124	O+H=212	 DONE
22/10/2025 21:43:14:	move motor	S18.axis2.piezo rotation to 0.346716deg	 DONE
22/10/2025 21:43:15:	11	count	time	3.000000s/cts	O Det=17	H Det=74	Mon Det=7362	Aux Det=148	O+H=239	 DONE
22/10/2025 21:43:20:	move motor	S18.axis2.piezo rotation to 0.346776deg	 DONE
22/10/2025 21:43:22:	12	count	time	3.000000s/cts	O Det=20	H Det=71	Mon Det=7464	Aux Det=154	O+H=245	 DONE
22/10/2025 21:43:27:	move motor	S18.axis2.piezo rotation to 0.346836deg	 DONE
22/10/2025 21:43:28:	13	count	time	3.000000s/cts	O Det=22	H Det=92	Mon Det=7383	Aux Det=142	O+H=256	 DONE
22/10/2025 21:43:33:	move motor	S18.axis2.piezo rotation to 0.346896deg	 DONE
22/10/2025 21:43:34:	14	count	time	3.000000s/cts	O Det=22	H Det=96	Mon Det=7441	Aux Det=139	O+H=257	 DONE
22/10/2025 21:43:39:	move motor	S18.axis2.piezo rotation to 0.346956deg	 DONE
22/10/2025 21:43:40:	15	count	time	3.000000s/cts	O Det=86	H Det=130	Mon Det=7388	Aux Det=170	O+H=386	 DONE
22/10/2025 21:43:45:	move motor	S18.axis2.piezo rotation to 0.347016deg	 DONE
22/10/2025 21:43:46:	16	count	time	3.000000s/cts	O Det=102	H Det=135	Mon Det=7471	Aux Det=187	O+H=424	 DONE
22/10/2025 21:43:51:	move motor	S18.axis2.piezo rotation to 0.347076deg	 DONE
22/10/2025 21:43:52:	17	count	time	3.000000s/cts	O Det=165	H Det=142	Mon Det=7213	Aux Det=198	O+H=505	 DONE
22/10/2025 21:43:57:	move motor	S18.axis2.piezo rotation to 0.347136deg	 DONE
22/10/2025 21:43:58:	18	count	time	3.000000s/cts	O Det=290	H Det=145	Mon Det=7465	Aux Det=215	O+H=650	 DONE
22/10/2025 21:44:03:	move motor	S18.axis2.piezo rotation to 0.347196deg	 DONE
22/10/2025 21:44:04:	19	count	time	3.000000s/cts	O Det=389	H Det=176	Mon Det=7182	Aux Det=276	O+H=841	 DONE
22/10/2025 21:44:09:	move motor	S18.axis2.piezo rotation to 0.347256deg	 DONE
22/10/2025 21:44:10:	20	count	time	3.000000s/cts	O Det=453	H Det=219	Mon Det=7369	Aux Det=427	O+H=1099	 DONE
22/10/2025 21:44:14:	move motor	S18.axis2.piezo rotation to 0.347316deg	 DONE
22/10/2025 21:44:16:	21	count	time	3.000000s/cts	O Det=497	H Det=219	Mon Det=7397	Aux Det=622	O+H=1338	 DONE
22/10/2025 21:44:20:	move motor	S18.axis2.piezo rotation to 0.347376deg	 DONE
22/10/2025 21:44:22:	22	count	time	3.000000s/cts	O Det=469	H Det=254	Mon Det=7424	Aux Det=645	O+H=1368	 DONE
22/10/2025 21:44:27:	move motor	S18.axis2.piezo rotation to 0.347436deg	 DONE
22/10/2025 21:44:28:	23	count	time	3.000000s/cts	O Det=444	H Det=284	Mon Det=7281	Aux Det=699	O+H=1427	 DONE
22/10/2025 21:44:33:	move motor	S18.axis2.piezo rotation to 0.347496deg	 DONE
22/10/2025 21:44:34:	24	count	time	3.000000s/cts	O Det=351	H Det=279	Mon Det=7424	Aux Det=665	O+H=1295	 DONE
22/10/2025 21:44:39:	move motor	S18.axis2.piezo rotation to 0.347556deg	 DONE
22/10/2025 21:44:40:	25	count	time	3.000000s/cts	O Det=283	H Det=233	Mon Det=7314	Aux Det=599	O+H=1115	 DONE
22/10/2025 21:44:45:	move motor	S18.axis2.piezo rotation to 0.347616deg	 DONE
22/10/2025 21:44:46:	26	count	time	3.000000s/cts	O Det=232	H Det=261	Mon Det=7300	Aux Det=406	O+H=899	 DONE
22/10/2025 21:44:50:	move motor	S18.axis2.piezo rotation to 0.347676deg	 DONE
22/10/2025 21:44:52:	27	count	time	3.000000s/cts	O Det=177	H Det=202	Mon Det=7427	Aux Det=327	O+H=706	 DONE
22/10/2025 21:44:56:	move motor	S18.axis2.piezo rotation to 0.347736deg	 DONE
22/10/2025 21:44:58:	28	count	time	3.000000s/cts	O Det=79	H Det=172	Mon Det=7354	Aux Det=255	O+H=506	 DONE
22/10/2025 21:45:03:	move motor	S18.axis2.piezo rotation to 0.347796deg	 DONE
22/10/2025 21:45:04:	29	count	time	3.000000s/cts	O Det=55	H Det=153	Mon Det=7274	Aux Det=200	O+H=408	 DONE
22/10/2025 21:45:09:	move motor	S18.axis2.piezo rotation to 0.347856deg	 DONE
22/10/2025 21:45:10:	30	count	time	3.000000s/cts	O Det=30	H Det=122	Mon Det=7229	Aux Det=144	O+H=296	 DONE
22/10/2025 21:45:15:	move motor	S18.axis2.piezo rotation to 0.347916deg	 DONE
22/10/2025 21:45:16:	31	count	time	3.000000s/cts	O Det=19	H Det=105	Mon Det=7451	Aux Det=144	O+H=268	 DONE
22/10/2025 21:45:21:	move motor	S18.axis2.piezo rotation to 0.347976deg	 DONE
22/10/2025 21:45:22:	32	count	time	3.000000s/cts	O Det=18	H Det=77	Mon Det=7251	Aux Det=95	O+H=190	 DONE
22/10/2025 21:45:27:	move motor	S18.axis2.piezo rotation to 0.348036deg	 DONE
22/10/2025 21:45:28:	33	count	time	3.000000s/cts	O Det=7	H Det=68	Mon Det=7371	Aux Det=87	O+H=162	 DONE
22/10/2025 21:45:33:	move motor	S18.axis2.piezo rotation to 0.348096deg	 DONE
22/10/2025 21:45:35:	34	count	time	3.000000s/cts	O Det=5	H Det=54	Mon Det=7226	Aux Det=60	O+H=119	 DONE
22/10/2025 21:45:39:	move motor	S18.axis2.piezo rotation to 0.348156deg	 DONE
22/10/2025 21:45:40:	35	count	time	3.000000s/cts	O Det=3	H Det=61	Mon Det=7535	Aux Det=62	O+H=126	 DONE
22/10/2025 21:45:45:	move motor	S18.axis2.piezo rotation to 0.348216deg	 DONE
22/10/2025 21:45:47:	36	count	time	3.000000s/cts	O Det=3	H Det=49	Mon Det=7254	Aux Det=76	O+H=128	 DONE
22/10/2025 21:45:51:	move motor	S18.axis2.piezo rotation to 0.348276deg	 DONE
22/10/2025 21:45:53:	37	count	time	3.000000s/cts	O Det=4	H Det=40	Mon Det=7469	Aux Det=59	O+H=103	 DONE
22/10/2025 21:45:57:	move motor	S18.axis2.piezo rotation to 0.348336deg	 DONE
22/10/2025 21:45:59:	38	count	time	3.000000s/cts	O Det=2	H Det=24	Mon Det=7328	Aux Det=38	O+H=64	 DONE
22/10/2025 21:46:03:	move motor	S18.axis2.piezo rotation to 0.348396deg	 DONE
22/10/2025 21:46:05:	39	count	time	3.000000s/cts	O Det=2	H Det=34	Mon Det=7402	Aux Det=39	O+H=75	 DONE
22/10/2025 21:46:09:	move motor	S18.axis2.piezo rotation to 0.348456deg	 DONE
22/10/2025 21:46:11:	40	count	time	3.000000s/cts	O Det=3	H Det=28	Mon Det=7258	Aux Det=35	O+H=66	 DONE
22/10/2025 21:46:15:	move motor	S18.axis2.piezo rotation to 0.348516deg	 DONE
22/10/2025 21:46:17:	41	count	time	3.000000s/cts	O Det=3	H Det=32	Mon Det=7404	Aux Det=27	O+H=62	 DONE
22/10/2025 21:46:21:	move motor	S18.axis2.piezo rotation to 0.348576deg	 DONE
22/10/2025 21:46:23:	42	count	time	3.000000s/cts	O Det=0	H Det=34	Mon Det=7455	Aux Det=28	O+H=62	 DONE
22/10/2025 21:46:27:	move motor	S18.axis2.piezo rotation to 0.348636deg	 DONE
22/10/2025 21:46:28:	43	count	time	3.000000s/cts	O Det=1	H Det=18	Mon Det=7466	Aux Det=22	O+H=41	 DONE
22/10/2025 21:46:33:	move motor	S18.axis2.piezo rotation to 0.348696deg	 DONE
22/10/2025 21:46:34:	44	count	time	3.000000s/cts	O Det=1	H Det=20	Mon Det=7452	Aux Det=15	O+H=36	 DONE
22/10/2025 21:46:39:	move motor	S18.axis2.piezo rotation to 0.348756deg	 DONE
22/10/2025 21:46:40:	45	count	time	3.000000s/cts	O Det=1	H Det=13	Mon Det=7230	Aux Det=26	O+H=40	 DONE
22/10/2025 21:46:45:	move motor	S18.axis2.piezo rotation to 0.348816deg	 DONE
22/10/2025 21:46:46:	46	count	time	3.000000s/cts	O Det=0	H Det=23	Mon Det=7365	Aux Det=17	O+H=40	 DONE
22/10/2025 21:46:51:	move motor	S18.axis2.piezo rotation to 0.348876deg	 DONE
22/10/2025 21:46:52:	47	count	time	3.000000s/cts	O Det=1	H Det=11	Mon Det=7248	Aux Det=23	O+H=35	 DONE
22/10/2025 21:46:57:	move motor	S18.axis2.piezo rotation to 0.348936deg	 DONE
22/10/2025 21:46:58:	48	count	time	3.000000s/cts	O Det=1	H Det=15	Mon Det=7287	Aux Det=20	O+H=36	 DONE
22/10/2025 21:47:03:	move motor	S18.axis2.piezo rotation to 0.348996deg	 DONE
22/10/2025 21:47:04:	49	count	time	3.000000s/cts	O Det=0	H Det=16	Mon Det=7376	Aux Det=11	O+H=27	 DONE
22/10/2025 21:47:08:	move motor	S18.axis2.piezo rotation to 0.349056deg	 DONE
22/10/2025 21:47:10:	50	count	time	3.000000s/cts	O Det=0	H Det=14	Mon Det=7413	Aux Det=23	O+H=37	 DONE
22/10/2025 21:47:15:	close file and end scan	 DONE
22/10/2025 21:47:15:	move motor	S18.axis2.piezo rotation to fit SUM PEAK60	0.347411reached 0.34741  DONE
22/10/2025 21:47:18:	END OF SCRIPT	 DONE
