05/10/2025 19:31:59:	start execution of script D:\data\Cycle 198\exp_3-16-19\rawdata\sc\rocking.sc	 DONE
05/10/2025 19:32:00:	move motor	S18.axis2.piezo rotation to -0.246905deg	 DONE
05/10/2025 19:32:03:	create file	D:\data\Cycle 198\exp_3-16-19\rawdata\sc\rocking_05Oct1932.dat	 DONE
room to enter remarks DONE
05/10/2025 19:32:04:	move motor	S18.axis2.piezo rotation to -0.146905deg	 DONE
05/10/2025 19:32:08:	1	count	time	5.000000s/cts	O Det=0	H Det=21	Mon Det=11606	Aux Det=5	O+H=26	 DONE
05/10/2025 19:32:14:	move motor	S18.axis2.piezo rotation to -0.146845deg	 DONE
05/10/2025 19:32:18:	2	count	time	5.000000s/cts	O Det=1	H Det=23	Mon Det=11585	Aux Det=1	O+H=25	 DONE
05/10/2025 19:32:25:	move motor	S18.axis2.piezo rotation to -0.146785deg	 DONE
05/10/2025 19:32:29:	3	count	time	5.000000s/cts	O Det=1	H Det=27	Mon Det=11680	Aux Det=4	O+H=32	 DONE
05/10/2025 19:32:35:	move motor	S18.axis2.piezo rotation to -0.146725deg	 DONE
05/10/2025 19:32:39:	4	count	time	5.000000s/cts	O Det=1	H Det=30	Mon Det=11553	Aux Det=3	O+H=34	 DONE
05/10/2025 19:32:46:	move motor	S18.axis2.piezo rotation to -0.146665deg	 DONE
05/10/2025 19:32:47:	5	count	time	5.000000s/cts	O Det=0	H Det=28	Mon Det=11637	Aux Det=6	O+H=34	 DONE
05/10/2025 19:32:54:	move motor	S18.axis2.piezo rotation to -0.146605deg	 DONE
05/10/2025 19:32:55:	6	count	time	5.000000s/cts	O Det=1	H Det=40	Mon Det=11607	Aux Det=5	O+H=46	 DONE
05/10/2025 19:33:01:	move motor	S18.axis2.piezo rotation to -0.146545deg	 DONE
05/10/2025 19:33:05:	7	count	time	5.000000s/cts	O Det=2	H Det=23	Mon Det=11608	Aux Det=4	O+H=29	 DONE
05/10/2025 19:33:12:	move motor	S18.axis2.piezo rotation to -0.146485deg	 DONE
05/10/2025 19:33:16:	8	count	time	5.000000s/cts	O Det=0	H Det=37	Mon Det=11426	Aux Det=6	O+H=43	 DONE
05/10/2025 19:33:23:	move motor	S18.axis2.piezo rotation to -0.146425deg	 DONE
05/10/2025 19:33:27:	9	count	time	5.000000s/cts	O Det=0	H Det=45	Mon Det=11674	Aux Det=0	O+H=45	 DONE
05/10/2025 19:33:33:	move motor	S18.axis2.piezo rotation to -0.146365deg	 DONE
05/10/2025 19:33:37:	10	count	time	5.000000s/cts	O Det=0	H Det=58	Mon Det=11607	Aux Det=4	O+H=62	 DONE
05/10/2025 19:33:44:	move motor	S18.axis2.piezo rotation to -0.146305deg	 DONE
05/10/2025 19:33:45:	11	count	time	5.000000s/cts	O Det=1	H Det=62	Mon Det=11575	Aux Det=4	O+H=67	 DONE
05/10/2025 19:33:52:	move motor	S18.axis2.piezo rotation to -0.146245deg	 DONE
05/10/2025 19:33:53:	12	count	time	5.000000s/cts	O Det=1	H Det=61	Mon Det=11735	Aux Det=1	O+H=63	 DONE
05/10/2025 19:34:00:	move motor	S18.axis2.piezo rotation to -0.146185deg	 DONE
05/10/2025 19:34:01:	13	count	time	5.000000s/cts	O Det=1	H Det=73	Mon Det=11569	Aux Det=1	O+H=75	 DONE
05/10/2025 19:34:08:	move motor	S18.axis2.piezo rotation to -0.146125deg	 DONE
05/10/2025 19:34:11:	14	count	time	5.000000s/cts	O Det=4	H Det=78	Mon Det=11427	Aux Det=8	O+H=90	 DONE
05/10/2025 19:34:18:	move motor	S18.axis2.piezo rotation to -0.146065deg	 DONE
05/10/2025 19:34:22:	15	count	time	5.000000s/cts	O Det=6	H Det=91	Mon Det=11802	Aux Det=8	O+H=105	 DONE
05/10/2025 19:34:29:	move motor	S18.axis2.piezo rotation to -0.146005deg	 DONE
05/10/2025 19:34:33:	16	count	time	5.000000s/cts	O Det=4	H Det=113	Mon Det=11619	Aux Det=7	O+H=124	 DONE
05/10/2025 19:34:39:	move motor	S18.axis2.piezo rotation to -0.145945deg	 DONE
05/10/2025 19:34:43:	17	count	time	5.000000s/cts	O Det=14	H Det=129	Mon Det=11623	Aux Det=14	O+H=157	 DONE
05/10/2025 19:34:50:	move motor	S18.axis2.piezo rotation to -0.145885deg	 DONE
05/10/2025 19:34:51:	18	count	time	5.000000s/cts	O Det=20	H Det=152	Mon Det=11589	Aux Det=30	O+H=202	 DONE
05/10/2025 19:34:58:	move motor	S18.axis2.piezo rotation to -0.145825deg	 DONE
05/10/2025 19:35:00:	19	count	time	5.000000s/cts	O Det=27	H Det=181	Mon Det=11469	Aux Det=36	O+H=244	 DONE
05/10/2025 19:35:06:	move motor	S18.axis2.piezo rotation to -0.145765deg	 DONE
05/10/2025 19:35:10:	20	count	time	5.000000s/cts	O Det=34	H Det=195	Mon Det=11457	Aux Det=26	O+H=255	 DONE
05/10/2025 19:35:17:	move motor	S18.axis2.piezo rotation to -0.145705deg	 DONE
05/10/2025 19:35:21:	21	count	time	5.000000s/cts	O Det=55	H Det=211	Mon Det=11715	Aux Det=14	O+H=280	 DONE
05/10/2025 19:35:28:	move motor	S18.axis2.piezo rotation to -0.145645deg	 DONE
05/10/2025 19:35:31:	22	count	time	5.000000s/cts	O Det=72	H Det=255	Mon Det=11610	Aux Det=15	O+H=342	 DONE
05/10/2025 19:35:38:	move motor	S18.axis2.piezo rotation to -0.145585deg	 DONE
05/10/2025 19:35:42:	23	count	time	5.000000s/cts	O Det=148	H Det=253	Mon Det=11609	Aux Det=41	O+H=442	 DONE
05/10/2025 19:35:49:	move motor	S18.axis2.piezo rotation to -0.145525deg	 DONE
05/10/2025 19:35:50:	24	count	time	5.000000s/cts	O Det=201	H Det=279	Mon Det=11563	Aux Det=123	O+H=603	 DONE
05/10/2025 19:35:57:	move motor	S18.axis2.piezo rotation to -0.145465deg	 DONE
05/10/2025 19:35:58:	25	count	time	5.000000s/cts	O Det=294	H Det=278	Mon Det=11475	Aux Det=176	O+H=748	 DONE
05/10/2025 19:36:04:	move motor	S18.axis2.piezo rotation to -0.145405deg	 DONE
05/10/2025 19:36:08:	26	count	time	5.000000s/cts	O Det=310	H Det=310	Mon Det=11594	Aux Det=324	O+H=944	 DONE
05/10/2025 19:36:15:	move motor	S18.axis2.piezo rotation to -0.145345deg	 DONE
05/10/2025 19:36:19:	27	count	time	5.000000s/cts	O Det=393	H Det=361	Mon Det=11620	Aux Det=454	O+H=1208	 DONE
05/10/2025 19:36:26:	move motor	S18.axis2.piezo rotation to -0.145285deg	 DONE
05/10/2025 19:36:29:	28	count	time	5.000000s/cts	O Det=411	H Det=280	Mon Det=11642	Aux Det=582	O+H=1273	 DONE
05/10/2025 19:36:36:	move motor	S18.axis2.piezo rotation to -0.145225deg	 DONE
05/10/2025 19:36:40:	29	count	time	5.000000s/cts	O Det=465	H Det=326	Mon Det=11463	Aux Det=661	O+H=1452	 DONE
05/10/2025 19:36:47:	move motor	S18.axis2.piezo rotation to -0.145165deg	 DONE
05/10/2025 19:36:48:	30	count	time	5.000000s/cts	O Det=487	H Det=309	Mon Det=11555	Aux Det=688	O+H=1484	 DONE
05/10/2025 19:36:55:	move motor	S18.axis2.piezo rotation to -0.145105deg	 DONE
05/10/2025 19:36:56:	31	count	time	5.000000s/cts	O Det=469	H Det=325	Mon Det=11779	Aux Det=608	O+H=1402	 DONE
05/10/2025 19:37:02:	move motor	S18.axis2.piezo rotation to -0.145045deg	 DONE
05/10/2025 19:37:06:	32	count	time	5.000000s/cts	O Det=440	H Det=287	Mon Det=11442	Aux Det=565	O+H=1292	 DONE
05/10/2025 19:37:13:	move motor	S18.axis2.piezo rotation to -0.144985deg	 DONE
05/10/2025 19:37:17:	33	count	time	5.000000s/cts	O Det=382	H Det=299	Mon Det=11466	Aux Det=470	O+H=1151	 DONE
05/10/2025 19:37:23:	move motor	S18.axis2.piezo rotation to -0.144925deg	 DONE
05/10/2025 19:37:27:	34	count	time	5.000000s/cts	O Det=355	H Det=263	Mon Det=11640	Aux Det=399	O+H=1017	 DONE
05/10/2025 19:37:34:	move motor	S18.axis2.piezo rotation to -0.144865deg	 DONE
05/10/2025 19:37:38:	35	count	time	5.000000s/cts	O Det=281	H Det=265	Mon Det=11479	Aux Det=251	O+H=797	 DONE
05/10/2025 19:37:45:	move motor	S18.axis2.piezo rotation to -0.144805deg	 DONE
05/10/2025 19:37:46:	36	count	time	5.000000s/cts	O Det=190	H Det=275	Mon Det=11632	Aux Det=99	O+H=564	 DONE
05/10/2025 19:37:52:	move motor	S18.axis2.piezo rotation to -0.144745deg	 DONE
05/10/2025 19:37:54:	37	count	time	5.000000s/cts	O Det=152	H Det=251	Mon Det=11648	Aux Det=67	O+H=470	 DONE
05/10/2025 19:38:00:	move motor	S18.axis2.piezo rotation to -0.144685deg	 DONE
05/10/2025 19:38:04:	38	count	time	5.000000s/cts	O Det=91	H Det=226	Mon Det=11586	Aux Det=29	O+H=346	 DONE
05/10/2025 19:38:11:	move motor	S18.axis2.piezo rotation to -0.144625deg	 DONE
05/10/2025 19:38:15:	39	count	time	5.000000s/cts	O Det=38	H Det=201	Mon Det=11498	Aux Det=13	O+H=252	 DONE
05/10/2025 19:38:21:	move motor	S18.axis2.piezo rotation to -0.144565deg	 DONE
05/10/2025 19:38:25:	40	count	time	5.000000s/cts	O Det=31	H Det=184	Mon Det=11691	Aux Det=8	O+H=223	 DONE
05/10/2025 19:38:32:	move motor	S18.axis2.piezo rotation to -0.144505deg	 DONE
05/10/2025 19:38:36:	41	count	time	5.000000s/cts	O Det=13	H Det=171	Mon Det=11682	Aux Det=12	O+H=196	 DONE
05/10/2025 19:38:43:	move motor	S18.axis2.piezo rotation to -0.144445deg	 DONE
05/10/2025 19:38:44:	42	count	time	5.000000s/cts	O Det=13	H Det=134	Mon Det=11647	Aux Det=8	O+H=155	 DONE
05/10/2025 19:38:51:	move motor	S18.axis2.piezo rotation to -0.144385deg	 DONE
05/10/2025 19:38:52:	43	count	time	5.000000s/cts	O Det=14	H Det=115	Mon Det=11634	Aux Det=6	O+H=135	 DONE
05/10/2025 19:38:58:	move motor	S18.axis2.piezo rotation to -0.144325deg	 DONE
05/10/2025 19:39:02:	44	count	time	5.000000s/cts	O Det=6	H Det=94	Mon Det=11562	Aux Det=3	O+H=103	 DONE
05/10/2025 19:39:09:	move motor	S18.axis2.piezo rotation to -0.144265deg	 DONE
05/10/2025 19:39:13:	45	count	time	5.000000s/cts	O Det=3	H Det=96	Mon Det=11618	Aux Det=7	O+H=106	 DONE
05/10/2025 19:39:19:	move motor	S18.axis2.piezo rotation to -0.144205deg	 DONE
05/10/2025 19:39:23:	46	count	time	5.000000s/cts	O Det=2	H Det=75	Mon Det=11516	Aux Det=3	O+H=80	 DONE
05/10/2025 19:39:30:	move motor	S18.axis2.piezo rotation to -0.144145deg	 DONE
05/10/2025 19:39:34:	47	count	time	5.000000s/cts	O Det=1	H Det=69	Mon Det=11581	Aux Det=3	O+H=73	 DONE
05/10/2025 19:39:41:	move motor	S18.axis2.piezo rotation to -0.144085deg	 DONE
05/10/2025 19:39:42:	48	count	time	5.000000s/cts	O Det=2	H Det=69	Mon Det=11604	Aux Det=2	O+H=73	 DONE
05/10/2025 19:39:49:	move motor	S18.axis2.piezo rotation to -0.144025deg	 DONE
05/10/2025 19:39:51:	49	count	time	5.000000s/cts	O Det=2	H Det=67	Mon Det=11647	Aux Det=1	O+H=70	 DONE
05/10/2025 19:39:57:	move motor	S18.axis2.piezo rotation to -0.143965deg	 DONE
05/10/2025 19:39:59:	50	count	time	5.000000s/cts	O Det=2	H Det=50	Mon Det=11591	Aux Det=6	O+H=58	 DONE
05/10/2025 19:40:05:	move motor	S18.axis2.piezo rotation to -0.143905deg	 DONE
05/10/2025 19:40:09:	51	count	time	5.000000s/cts	O Det=0	H Det=44	Mon Det=11574	Aux Det=1	O+H=45	 DONE
05/10/2025 19:40:16:	move motor	S18.axis2.piezo rotation to -0.143845deg	 DONE
05/10/2025 19:40:20:	52	count	time	5.000000s/cts	O Det=1	H Det=50	Mon Det=11561	Aux Det=6	O+H=57	 DONE
05/10/2025 19:40:26:	move motor	S18.axis2.piezo rotation to -0.143785deg	 DONE
05/10/2025 19:40:30:	53	count	time	5.000000s/cts	O Det=2	H Det=43	Mon Det=11508	Aux Det=2	O+H=47	 DONE
05/10/2025 19:40:37:	move motor	S18.axis2.piezo rotation to -0.143725deg	 DONE
05/10/2025 19:40:41:	54	count	time	5.000000s/cts	O Det=0	H Det=43	Mon Det=11685	Aux Det=2	O+H=45	 DONE
05/10/2025 19:40:47:	move motor	S18.axis2.piezo rotation to -0.143665deg	 DONE
05/10/2025 19:40:49:	55	count	time	5.000000s/cts	O Det=1	H Det=31	Mon Det=11626	Aux Det=6	O+H=38	 DONE
05/10/2025 19:40:55:	move motor	S18.axis2.piezo rotation to -0.143605deg	 DONE
05/10/2025 19:40:57:	56	count	time	5.000000s/cts	O Det=1	H Det=25	Mon Det=11694	Aux Det=2	O+H=28	 DONE
05/10/2025 19:41:03:	move motor	S18.axis2.piezo rotation to -0.143545deg	 DONE
05/10/2025 19:41:07:	57	count	time	5.000000s/cts	O Det=0	H Det=28	Mon Det=11410	Aux Det=3	O+H=31	 DONE
05/10/2025 19:41:14:	move motor	S18.axis2.piezo rotation to -0.143485deg	 DONE
05/10/2025 19:41:18:	58	count	time	5.000000s/cts	O Det=0	H Det=26	Mon Det=11606	Aux Det=2	O+H=28	 DONE
05/10/2025 19:41:24:	move motor	S18.axis2.piezo rotation to -0.143425deg	 DONE
05/10/2025 19:41:28:	59	count	time	5.000000s/cts	O Det=0	H Det=23	Mon Det=11690	Aux Det=5	O+H=28	 DONE
05/10/2025 19:41:35:	move motor	S18.axis2.piezo rotation to -0.143365deg	 DONE
05/10/2025 19:41:39:	60	count	time	5.000000s/cts	O Det=0	H Det=18	Mon Det=11570	Aux Det=8	O+H=26	 DONE
05/10/2025 19:41:45:	close file and end scan	 DONE
05/10/2025 19:41:46:	move motor	S18.axis2.piezo rotation to fit SUM PEAK60	-0.145166reached -0.14516  DONE
05/10/2025 19:41:51:	END OF SCRIPT	 DONE
