02/10/2025 22:29:32:	start execution of script D:\data\Cycle 198\exp_3-16-19\rawdata\sc\rocking.sc	 DONE
02/10/2025 22:29:33:	move motor	S18.axis2.piezo rotation to -0.246770deg	 DONE
02/10/2025 22:29:37:	create file	D:\data\Cycle 198\exp_3-16-19\rawdata\sc\rocking_02Oct2229.dat	 DONE
room to enter remarks DONE
02/10/2025 22:29:38:	move motor	S18.axis2.piezo rotation to -0.146770deg	 DONE
02/10/2025 22:29:41:	1	count	time	5.000000s/cts	O Det=0	H Det=6	Mon Det=11534	Aux Det=15	O+H=21	 DONE
02/10/2025 22:29:48:	move motor	S18.axis2.piezo rotation to -0.146710deg	 DONE
02/10/2025 22:29:50:	2	count	time	5.000000s/cts	O Det=0	H Det=10	Mon Det=11498	Aux Det=20	O+H=30	 DONE
02/10/2025 22:29:56:	move motor	S18.axis2.piezo rotation to -0.146650deg	 DONE
02/10/2025 22:29:58:	3	count	time	5.000000s/cts	O Det=1	H Det=13	Mon Det=11601	Aux Det=24	O+H=38	 DONE
02/10/2025 22:30:05:	move motor	S18.axis2.piezo rotation to -0.146590deg	 DONE
02/10/2025 22:30:06:	4	count	time	5.000000s/cts	O Det=1	H Det=21	Mon Det=11438	Aux Det=21	O+H=43	 DONE
02/10/2025 22:30:13:	move motor	S18.axis2.piezo rotation to -0.146530deg	 DONE
02/10/2025 22:30:14:	5	count	time	5.000000s/cts	O Det=1	H Det=24	Mon Det=11763	Aux Det=30	O+H=55	 DONE
02/10/2025 22:30:21:	move motor	S18.axis2.piezo rotation to -0.146470deg	 DONE
02/10/2025 22:30:22:	6	count	time	5.000000s/cts	O Det=0	H Det=22	Mon Det=11379	Aux Det=27	O+H=49	 DONE
02/10/2025 22:30:28:	move motor	S18.axis2.piezo rotation to -0.146410deg	 DONE
02/10/2025 22:30:30:	7	count	time	5.000000s/cts	O Det=1	H Det=37	Mon Det=11527	Aux Det=33	O+H=71	 DONE
02/10/2025 22:30:36:	move motor	S18.axis2.piezo rotation to -0.146350deg	 DONE
02/10/2025 22:30:38:	8	count	time	5.000000s/cts	O Det=1	H Det=22	Mon Det=11493	Aux Det=24	O+H=47	 DONE
02/10/2025 22:30:44:	move motor	S18.axis2.piezo rotation to -0.146290deg	 DONE
02/10/2025 22:30:45:	9	count	time	5.000000s/cts	O Det=1	H Det=37	Mon Det=11485	Aux Det=39	O+H=77	 DONE
02/10/2025 22:30:52:	move motor	S18.axis2.piezo rotation to -0.146230deg	 DONE
02/10/2025 22:30:53:	10	count	time	5.000000s/cts	O Det=0	H Det=39	Mon Det=11534	Aux Det=32	O+H=71	 DONE
02/10/2025 22:31:00:	move motor	S18.axis2.piezo rotation to -0.146170deg	 DONE
02/10/2025 22:31:01:	11	count	time	5.000000s/cts	O Det=0	H Det=53	Mon Det=11364	Aux Det=36	O+H=89	 DONE
02/10/2025 22:31:08:	move motor	S18.axis2.piezo rotation to -0.146110deg	 DONE
02/10/2025 22:31:09:	12	count	time	5.000000s/cts	O Det=1	H Det=52	Mon Det=11553	Aux Det=57	O+H=110	 DONE
02/10/2025 22:31:16:	move motor	S18.axis2.piezo rotation to -0.146050deg	 DONE
02/10/2025 22:31:17:	13	count	time	5.000000s/cts	O Det=4	H Det=47	Mon Det=11342	Aux Det=51	O+H=102	 DONE
02/10/2025 22:31:24:	move motor	S18.axis2.piezo rotation to -0.145990deg	 DONE
02/10/2025 22:31:25:	14	count	time	5.000000s/cts	O Det=2	H Det=53	Mon Det=11378	Aux Det=46	O+H=101	 DONE
02/10/2025 22:31:32:	move motor	S18.axis2.piezo rotation to -0.145930deg	 DONE
02/10/2025 22:31:33:	15	count	time	5.000000s/cts	O Det=3	H Det=62	Mon Det=11512	Aux Det=86	O+H=151	 DONE
02/10/2025 22:31:40:	move motor	S18.axis2.piezo rotation to -0.145870deg	 DONE
02/10/2025 22:31:41:	16	count	time	5.000000s/cts	O Det=3	H Det=93	Mon Det=11292	Aux Det=78	O+H=174	 DONE
02/10/2025 22:31:48:	move motor	S18.axis2.piezo rotation to -0.145810deg	 DONE
02/10/2025 22:31:49:	17	count	time	5.000000s/cts	O Det=16	H Det=97	Mon Det=11514	Aux Det=117	O+H=230	 DONE
02/10/2025 22:31:56:	move motor	S18.axis2.piezo rotation to -0.145750deg	 DONE
02/10/2025 22:31:57:	18	count	time	5.000000s/cts	O Det=14	H Det=106	Mon Det=11316	Aux Det=142	O+H=262	 DONE
02/10/2025 22:32:04:	move motor	S18.axis2.piezo rotation to -0.145690deg	 DONE
02/10/2025 22:32:05:	19	count	time	5.000000s/cts	O Det=12	H Det=144	Mon Det=11579	Aux Det=130	O+H=286	 DONE
02/10/2025 22:32:12:	move motor	S18.axis2.piezo rotation to -0.145630deg	 DONE
02/10/2025 22:32:13:	20	count	time	5.000000s/cts	O Det=16	H Det=170	Mon Det=11524	Aux Det=163	O+H=349	 DONE
02/10/2025 22:32:19:	move motor	S18.axis2.piezo rotation to -0.145570deg	 DONE
02/10/2025 22:32:20:	21	count	time	5.000000s/cts	O Det=21	H Det=189	Mon Det=11509	Aux Det=200	O+H=410	 DONE
02/10/2025 22:32:27:	move motor	S18.axis2.piezo rotation to -0.145510deg	 DONE
02/10/2025 22:32:28:	22	count	time	5.000000s/cts	O Det=33	H Det=219	Mon Det=11446	Aux Det=234	O+H=486	 DONE
02/10/2025 22:32:35:	move motor	S18.axis2.piezo rotation to -0.145450deg	 DONE
02/10/2025 22:32:36:	23	count	time	5.000000s/cts	O Det=33	H Det=261	Mon Det=11409	Aux Det=253	O+H=547	 DONE
02/10/2025 22:32:43:	move motor	S18.axis2.piezo rotation to -0.145390deg	 DONE
02/10/2025 22:32:44:	24	count	time	5.000000s/cts	O Det=56	H Det=278	Mon Det=11474	Aux Det=313	O+H=647	 DONE
02/10/2025 22:32:51:	move motor	S18.axis2.piezo rotation to -0.145330deg	 DONE
02/10/2025 22:32:52:	25	count	time	5.000000s/cts	O Det=84	H Det=312	Mon Det=11473	Aux Det=316	O+H=712	 DONE
02/10/2025 22:32:59:	move motor	S18.axis2.piezo rotation to -0.145270deg	 DONE
02/10/2025 22:33:00:	26	count	time	5.000000s/cts	O Det=96	H Det=345	Mon Det=11488	Aux Det=365	O+H=806	 DONE
02/10/2025 22:33:07:	move motor	S18.axis2.piezo rotation to -0.145210deg	 DONE
02/10/2025 22:33:08:	27	count	time	5.000000s/cts	O Det=124	H Det=363	Mon Det=11360	Aux Det=370	O+H=857	 DONE
02/10/2025 22:33:15:	move motor	S18.axis2.piezo rotation to -0.145150deg	 DONE
02/10/2025 22:33:16:	28	count	time	5.000000s/cts	O Det=128	H Det=409	Mon Det=11356	Aux Det=365	O+H=902	 DONE
02/10/2025 22:33:23:	move motor	S18.axis2.piezo rotation to -0.145090deg	 DONE
02/10/2025 22:33:24:	29	count	time	5.000000s/cts	O Det=135	H Det=368	Mon Det=11525	Aux Det=375	O+H=878	 DONE
02/10/2025 22:33:31:	move motor	S18.axis2.piezo rotation to -0.145030deg	 DONE
02/10/2025 22:33:32:	30	count	time	5.000000s/cts	O Det=153	H Det=363	Mon Det=11754	Aux Det=408	O+H=924	 DONE
02/10/2025 22:33:39:	move motor	S18.axis2.piezo rotation to -0.144970deg	 DONE
02/10/2025 22:33:40:	31	count	time	5.000000s/cts	O Det=144	H Det=339	Mon Det=11642	Aux Det=381	O+H=864	 DONE
02/10/2025 22:33:46:	move motor	S18.axis2.piezo rotation to -0.144910deg	 DONE
02/10/2025 22:33:48:	32	count	time	5.000000s/cts	O Det=158	H Det=318	Mon Det=11597	Aux Det=377	O+H=853	 DONE
02/10/2025 22:33:54:	move motor	S18.axis2.piezo rotation to -0.144850deg	 DONE
02/10/2025 22:33:56:	33	count	time	5.000000s/cts	O Det=123	H Det=310	Mon Det=11459	Aux Det=345	O+H=778	 DONE
02/10/2025 22:34:02:	move motor	S18.axis2.piezo rotation to -0.144790deg	 DONE
02/10/2025 22:34:03:	34	count	time	5.000000s/cts	O Det=137	H Det=292	Mon Det=11461	Aux Det=291	O+H=720	 DONE
02/10/2025 22:34:10:	move motor	S18.axis2.piezo rotation to -0.144730deg	 DONE
02/10/2025 22:34:11:	35	count	time	5.000000s/cts	O Det=87	H Det=241	Mon Det=11633	Aux Det=270	O+H=598	 DONE
02/10/2025 22:34:18:	move motor	S18.axis2.piezo rotation to -0.144670deg	 DONE
02/10/2025 22:34:19:	36	count	time	5.000000s/cts	O Det=66	H Det=218	Mon Det=11454	Aux Det=236	O+H=520	 DONE
02/10/2025 22:34:26:	move motor	S18.axis2.piezo rotation to -0.144610deg	 DONE
02/10/2025 22:34:27:	37	count	time	5.000000s/cts	O Det=50	H Det=197	Mon Det=11620	Aux Det=225	O+H=472	 DONE
02/10/2025 22:34:34:	move motor	S18.axis2.piezo rotation to -0.144550deg	 DONE
02/10/2025 22:34:35:	38	count	time	5.000000s/cts	O Det=41	H Det=160	Mon Det=11634	Aux Det=159	O+H=360	 DONE
02/10/2025 22:34:41:	move motor	S18.axis2.piezo rotation to -0.144490deg	 DONE
02/10/2025 22:34:43:	39	count	time	5.000000s/cts	O Det=30	H Det=139	Mon Det=11493	Aux Det=178	O+H=347	 DONE
02/10/2025 22:34:49:	move motor	S18.axis2.piezo rotation to -0.144430deg	 DONE
02/10/2025 22:34:51:	40	count	time	5.000000s/cts	O Det=15	H Det=128	Mon Det=11450	Aux Det=132	O+H=275	 DONE
02/10/2025 22:34:57:	move motor	S18.axis2.piezo rotation to -0.144370deg	 DONE
02/10/2025 22:34:59:	41	count	time	5.000000s/cts	O Det=7	H Det=79	Mon Det=11459	Aux Det=106	O+H=192	 DONE
02/10/2025 22:35:06:	move motor	S18.axis2.piezo rotation to -0.144310deg	 DONE
02/10/2025 22:35:07:	42	count	time	5.000000s/cts	O Det=8	H Det=77	Mon Det=11425	Aux Det=93	O+H=178	 DONE
02/10/2025 22:35:14:	move motor	S18.axis2.piezo rotation to -0.144250deg	 DONE
02/10/2025 22:35:15:	43	count	time	5.000000s/cts	O Det=6	H Det=70	Mon Det=11546	Aux Det=80	O+H=156	 DONE
02/10/2025 22:35:22:	move motor	S18.axis2.piezo rotation to -0.144190deg	 DONE
02/10/2025 22:35:23:	44	count	time	5.000000s/cts	O Det=5	H Det=63	Mon Det=11361	Aux Det=57	O+H=125	 DONE
02/10/2025 22:35:29:	move motor	S18.axis2.piezo rotation to -0.144130deg	 DONE
02/10/2025 22:35:31:	45	count	time	5.000000s/cts	O Det=1	H Det=65	Mon Det=11245	Aux Det=72	O+H=138	 DONE
02/10/2025 22:35:37:	move motor	S18.axis2.piezo rotation to -0.144070deg	 DONE
02/10/2025 22:35:38:	46	count	time	5.000000s/cts	O Det=0	H Det=51	Mon Det=11667	Aux Det=58	O+H=109	 DONE
02/10/2025 22:35:45:	move motor	S18.axis2.piezo rotation to -0.144010deg	 DONE
02/10/2025 22:35:46:	47	count	time	5.000000s/cts	O Det=2	H Det=59	Mon Det=11435	Aux Det=62	O+H=123	 DONE
02/10/2025 22:35:53:	move motor	S18.axis2.piezo rotation to -0.143950deg	 DONE
02/10/2025 22:35:54:	48	count	time	5.000000s/cts	O Det=6	H Det=51	Mon Det=11407	Aux Det=44	O+H=101	 DONE
02/10/2025 22:36:01:	move motor	S18.axis2.piezo rotation to -0.143890deg	 DONE
02/10/2025 22:36:02:	49	count	time	5.000000s/cts	O Det=3	H Det=30	Mon Det=11422	Aux Det=39	O+H=72	 DONE
02/10/2025 22:36:09:	move motor	S18.axis2.piezo rotation to -0.143830deg	 DONE
02/10/2025 22:36:10:	50	count	time	5.000000s/cts	O Det=1	H Det=25	Mon Det=11601	Aux Det=35	O+H=61	 DONE
02/10/2025 22:36:17:	move motor	S18.axis2.piezo rotation to -0.143770deg	 DONE
02/10/2025 22:36:18:	51	count	time	5.000000s/cts	O Det=1	H Det=30	Mon Det=11448	Aux Det=29	O+H=60	 DONE
02/10/2025 22:36:25:	move motor	S18.axis2.piezo rotation to -0.143710deg	 DONE
02/10/2025 22:36:26:	52	count	time	5.000000s/cts	O Det=0	H Det=30	Mon Det=11281	Aux Det=34	O+H=64	 DONE
02/10/2025 22:36:33:	move motor	S18.axis2.piezo rotation to -0.143650deg	 DONE
02/10/2025 22:36:34:	53	count	time	5.000000s/cts	O Det=0	H Det=30	Mon Det=11325	Aux Det=23	O+H=53	 DONE
02/10/2025 22:36:40:	move motor	S18.axis2.piezo rotation to -0.143590deg	 DONE
02/10/2025 22:36:42:	54	count	time	5.000000s/cts	O Det=2	H Det=21	Mon Det=11429	Aux Det=28	O+H=51	 DONE
02/10/2025 22:36:48:	move motor	S18.axis2.piezo rotation to -0.143530deg	 DONE
02/10/2025 22:36:50:	55	count	time	5.000000s/cts	O Det=0	H Det=21	Mon Det=11635	Aux Det=24	O+H=45	 DONE
02/10/2025 22:36:56:	move motor	S18.axis2.piezo rotation to -0.143470deg	 DONE
02/10/2025 22:36:58:	56	count	time	5.000000s/cts	O Det=1	H Det=22	Mon Det=11443	Aux Det=36	O+H=59	 DONE
02/10/2025 22:37:04:	move motor	S18.axis2.piezo rotation to -0.143410deg	 DONE
02/10/2025 22:37:05:	57	count	time	5.000000s/cts	O Det=2	H Det=17	Mon Det=11558	Aux Det=20	O+H=39	 DONE
02/10/2025 22:37:12:	move motor	S18.axis2.piezo rotation to -0.143350deg	 DONE
02/10/2025 22:37:13:	58	count	time	5.000000s/cts	O Det=4	H Det=23	Mon Det=11443	Aux Det=19	O+H=46	 DONE
02/10/2025 22:37:20:	move motor	S18.axis2.piezo rotation to -0.143290deg	 DONE
02/10/2025 22:37:21:	59	count	time	5.000000s/cts	O Det=0	H Det=15	Mon Det=11418	Aux Det=18	O+H=33	 DONE
02/10/2025 22:37:28:	move motor	S18.axis2.piezo rotation to -0.143230deg	 DONE
02/10/2025 22:37:29:	60	count	time	5.000000s/cts	O Det=1	H Det=27	Mon Det=11646	Aux Det=22	O+H=50	 DONE
02/10/2025 22:37:36:	close file and end scan	 DONE
02/10/2025 22:37:36:	move motor	S18.axis2.piezo rotation to fit SUM PEAK60	-0.145069reached -0.14507  DONE
02/10/2025 22:37:40:	END OF SCRIPT	 DONE
