29/09/2025 22:10:21:	start execution of script D:\data\Cycle 198\exp_3-16-19\rawdata\sc\rocking.sc	 DONE
29/09/2025 22:10:22:	move motor	S18.axis2.piezo rotation to -1.432206deg	 DONE
29/09/2025 22:10:26:	create file	D:\data\Cycle 198\exp_3-16-19\rawdata\sc\rocking_29Sep2210.dat	 DONE
room to enter remarks DONE
29/09/2025 22:10:27:	move motor	S18.axis2.piezo rotation to -1.332206deg	 DONE
29/09/2025 22:10:31:	1	count	time	5.000000s/cts	O Det=2	H Det=18	Mon Det=11335	Aux Det=4	O+H=24	 DONE
29/09/2025 22:10:38:	move motor	S18.axis2.piezo rotation to -1.332156deg	 DONE
29/09/2025 22:10:40:	2	count	time	5.000000s/cts	O Det=0	H Det=21	Mon Det=11569	Aux Det=6	O+H=27	 DONE
29/09/2025 22:10:47:	move motor	S18.axis2.piezo rotation to -1.332106deg	 DONE
29/09/2025 22:10:48:	3	count	time	5.000000s/cts	O Det=1	H Det=30	Mon Det=11533	Aux Det=1	O+H=32	 DONE
29/09/2025 22:10:54:	move motor	S18.axis2.piezo rotation to -1.332056deg	 DONE
29/09/2025 22:10:56:	4	count	time	5.000000s/cts	O Det=1	H Det=35	Mon Det=11474	Aux Det=2	O+H=38	 DONE
29/09/2025 22:11:02:	move motor	S18.axis2.piezo rotation to -1.332006deg	 DONE
29/09/2025 22:11:03:	5	count	time	5.000000s/cts	O Det=2	H Det=35	Mon Det=11632	Aux Det=7	O+H=44	 DONE
29/09/2025 22:11:10:	move motor	S18.axis2.piezo rotation to -1.331956deg	 DONE
29/09/2025 22:11:11:	6	count	time	5.000000s/cts	O Det=3	H Det=41	Mon Det=11450	Aux Det=6	O+H=50	 DONE
29/09/2025 22:11:18:	move motor	S18.axis2.piezo rotation to -1.331906deg	 DONE
29/09/2025 22:11:19:	7	count	time	5.000000s/cts	O Det=7	H Det=57	Mon Det=11500	Aux Det=13	O+H=77	 DONE
29/09/2025 22:11:26:	move motor	S18.axis2.piezo rotation to -1.331856deg	 DONE
29/09/2025 22:11:28:	8	count	time	5.000000s/cts	O Det=9	H Det=71	Mon Det=11589	Aux Det=28	O+H=108	 DONE
29/09/2025 22:11:34:	move motor	S18.axis2.piezo rotation to -1.331806deg	 DONE
29/09/2025 22:11:36:	9	count	time	5.000000s/cts	O Det=11	H Det=58	Mon Det=11273	Aux Det=12	O+H=81	 DONE
29/09/2025 22:11:43:	move motor	S18.axis2.piezo rotation to -1.331756deg	 DONE
29/09/2025 22:11:44:	10	count	time	5.000000s/cts	O Det=7	H Det=79	Mon Det=11471	Aux Det=1	O+H=87	 DONE
29/09/2025 22:11:51:	move motor	S18.axis2.piezo rotation to -1.331706deg	 DONE
29/09/2025 22:11:52:	11	count	time	5.000000s/cts	O Det=6	H Det=83	Mon Det=11433	Aux Det=7	O+H=96	 DONE
29/09/2025 22:11:59:	move motor	S18.axis2.piezo rotation to -1.331656deg	 DONE
29/09/2025 22:12:00:	12	count	time	5.000000s/cts	O Det=12	H Det=108	Mon Det=11371	Aux Det=3	O+H=123	 DONE
29/09/2025 22:12:07:	move motor	S18.axis2.piezo rotation to -1.331606deg	 DONE
29/09/2025 22:12:08:	13	count	time	5.000000s/cts	O Det=13	H Det=104	Mon Det=11409	Aux Det=2	O+H=119	 DONE
29/09/2025 22:12:15:	move motor	S18.axis2.piezo rotation to -1.331556deg	 DONE
29/09/2025 22:12:16:	14	count	time	5.000000s/cts	O Det=35	H Det=110	Mon Det=11349	Aux Det=13	O+H=158	 DONE
29/09/2025 22:12:23:	move motor	S18.axis2.piezo rotation to -1.331506deg	 DONE
29/09/2025 22:12:24:	15	count	time	5.000000s/cts	O Det=49	H Det=114	Mon Det=11315	Aux Det=29	O+H=192	 DONE
29/09/2025 22:12:30:	move motor	S18.axis2.piezo rotation to -1.331456deg	 DONE
29/09/2025 22:12:32:	16	count	time	5.000000s/cts	O Det=101	H Det=127	Mon Det=11541	Aux Det=60	O+H=288	 DONE
29/09/2025 22:12:39:	move motor	S18.axis2.piezo rotation to -1.331406deg	 DONE
29/09/2025 22:12:40:	17	count	time	5.000000s/cts	O Det=112	H Det=122	Mon Det=11405	Aux Det=107	O+H=341	 DONE
29/09/2025 22:12:46:	move motor	S18.axis2.piezo rotation to -1.331356deg	 DONE
29/09/2025 22:12:48:	18	count	time	5.000000s/cts	O Det=142	H Det=120	Mon Det=11521	Aux Det=177	O+H=439	 DONE
29/09/2025 22:12:54:	move motor	S18.axis2.piezo rotation to -1.331306deg	 DONE
29/09/2025 22:12:56:	19	count	time	5.000000s/cts	O Det=137	H Det=163	Mon Det=11465	Aux Det=193	O+H=493	 DONE
29/09/2025 22:13:02:	move motor	S18.axis2.piezo rotation to -1.331256deg	 DONE
29/09/2025 22:13:03:	20	count	time	5.000000s/cts	O Det=113	H Det=201	Mon Det=11332	Aux Det=208	O+H=522	 DONE
29/09/2025 22:13:10:	move motor	S18.axis2.piezo rotation to -1.331206deg	 DONE
29/09/2025 22:13:11:	21	count	time	5.000000s/cts	O Det=101	H Det=188	Mon Det=11470	Aux Det=254	O+H=543	 DONE
29/09/2025 22:13:18:	move motor	S18.axis2.piezo rotation to -1.331156deg	 DONE
29/09/2025 22:13:19:	22	count	time	5.000000s/cts	O Det=118	H Det=176	Mon Det=11565	Aux Det=269	O+H=563	 DONE
29/09/2025 22:13:26:	move motor	S18.axis2.piezo rotation to -1.331106deg	 DONE
29/09/2025 22:13:27:	23	count	time	5.000000s/cts	O Det=125	H Det=160	Mon Det=11452	Aux Det=254	O+H=539	 DONE
29/09/2025 22:13:34:	move motor	S18.axis2.piezo rotation to -1.331056deg	 DONE
29/09/2025 22:13:35:	24	count	time	5.000000s/cts	O Det=160	H Det=148	Mon Det=11252	Aux Det=207	O+H=515	 DONE
29/09/2025 22:13:41:	move motor	S18.axis2.piezo rotation to -1.331006deg	 DONE
29/09/2025 22:13:43:	25	count	time	5.000000s/cts	O Det=147	H Det=128	Mon Det=11327	Aux Det=153	O+H=428	 DONE
29/09/2025 22:13:49:	move motor	S18.axis2.piezo rotation to -1.330956deg	 DONE
29/09/2025 22:13:50:	26	count	time	5.000000s/cts	O Det=112	H Det=116	Mon Det=11293	Aux Det=102	O+H=330	 DONE
29/09/2025 22:13:57:	move motor	S18.axis2.piezo rotation to -1.330906deg	 DONE
29/09/2025 22:13:58:	27	count	time	5.000000s/cts	O Det=114	H Det=88	Mon Det=11388	Aux Det=82	O+H=284	 DONE
29/09/2025 22:14:05:	move motor	S18.axis2.piezo rotation to -1.330856deg	 DONE
29/09/2025 22:14:06:	28	count	time	5.000000s/cts	O Det=96	H Det=98	Mon Det=11366	Aux Det=49	O+H=243	 DONE
29/09/2025 22:14:13:	move motor	S18.axis2.piezo rotation to -1.330806deg	 DONE
29/09/2025 22:14:14:	29	count	time	5.000000s/cts	O Det=62	H Det=102	Mon Det=11303	Aux Det=22	O+H=186	 DONE
29/09/2025 22:14:20:	move motor	S18.axis2.piezo rotation to -1.330756deg	 DONE
29/09/2025 22:14:22:	30	count	time	5.000000s/cts	O Det=58	H Det=105	Mon Det=11494	Aux Det=12	O+H=175	 DONE
29/09/2025 22:14:28:	move motor	S18.axis2.piezo rotation to -1.330706deg	 DONE
29/09/2025 22:14:29:	31	count	time	5.000000s/cts	O Det=36	H Det=82	Mon Det=11556	Aux Det=5	O+H=123	 DONE
29/09/2025 22:14:36:	move motor	S18.axis2.piezo rotation to -1.330656deg	 DONE
29/09/2025 22:14:37:	32	count	time	5.000000s/cts	O Det=21	H Det=76	Mon Det=11428	Aux Det=11	O+H=108	 DONE
29/09/2025 22:14:44:	move motor	S18.axis2.piezo rotation to -1.330606deg	 DONE
29/09/2025 22:14:45:	33	count	time	5.000000s/cts	O Det=10	H Det=57	Mon Det=11621	Aux Det=3	O+H=70	 DONE
29/09/2025 22:14:52:	move motor	S18.axis2.piezo rotation to -1.330556deg	 DONE
29/09/2025 22:14:53:	34	count	time	5.000000s/cts	O Det=11	H Det=44	Mon Det=11238	Aux Det=7	O+H=62	 DONE
29/09/2025 22:15:00:	move motor	S18.axis2.piezo rotation to -1.330506deg	 DONE
29/09/2025 22:15:01:	35	count	time	5.000000s/cts	O Det=9	H Det=47	Mon Det=11421	Aux Det=4	O+H=60	 DONE
29/09/2025 22:15:08:	move motor	S18.axis2.piezo rotation to -1.330456deg	 DONE
29/09/2025 22:15:09:	36	count	time	5.000000s/cts	O Det=4	H Det=41	Mon Det=11390	Aux Det=4	O+H=49	 DONE
29/09/2025 22:15:16:	move motor	S18.axis2.piezo rotation to -1.330406deg	 DONE
29/09/2025 22:15:17:	37	count	time	5.000000s/cts	O Det=4	H Det=47	Mon Det=11417	Aux Det=4	O+H=55	 DONE
29/09/2025 22:15:23:	move motor	S18.axis2.piezo rotation to -1.330356deg	 DONE
29/09/2025 22:15:24:	38	count	time	5.000000s/cts	O Det=3	H Det=34	Mon Det=11491	Aux Det=1	O+H=38	 DONE
29/09/2025 22:15:31:	move motor	S18.axis2.piezo rotation to -1.330306deg	 DONE
29/09/2025 22:15:32:	39	count	time	5.000000s/cts	O Det=3	H Det=33	Mon Det=11365	Aux Det=2	O+H=38	 DONE
29/09/2025 22:15:39:	move motor	S18.axis2.piezo rotation to -1.330256deg	 DONE
29/09/2025 22:15:40:	40	count	time	5.000000s/cts	O Det=2	H Det=35	Mon Det=11300	Aux Det=4	O+H=41	 DONE
29/09/2025 22:15:47:	move motor	S18.axis2.piezo rotation to -1.330206deg	 DONE
29/09/2025 22:15:48:	41	count	time	5.000000s/cts	O Det=3	H Det=13	Mon Det=11502	Aux Det=4	O+H=20	 DONE
29/09/2025 22:15:55:	move motor	S18.axis2.piezo rotation to -1.330156deg	 DONE
29/09/2025 22:15:56:	42	count	time	5.000000s/cts	O Det=1	H Det=30	Mon Det=11486	Aux Det=3	O+H=34	 DONE
29/09/2025 22:16:03:	move motor	S18.axis2.piezo rotation to -1.330106deg	 DONE
29/09/2025 22:16:04:	43	count	time	5.000000s/cts	O Det=1	H Det=23	Mon Det=11450	Aux Det=1	O+H=25	 DONE
29/09/2025 22:16:11:	move motor	S18.axis2.piezo rotation to -1.330056deg	 DONE
29/09/2025 22:16:12:	44	count	time	5.000000s/cts	O Det=0	H Det=18	Mon Det=11497	Aux Det=2	O+H=20	 DONE
29/09/2025 22:16:18:	move motor	S18.axis2.piezo rotation to -1.330006deg	 DONE
29/09/2025 22:16:20:	45	count	time	5.000000s/cts	O Det=3	H Det=19	Mon Det=11619	Aux Det=3	O+H=25	 DONE
29/09/2025 22:16:26:	move motor	S18.axis2.piezo rotation to -1.329956deg	 DONE
29/09/2025 22:16:28:	46	count	time	5.000000s/cts	O Det=1	H Det=16	Mon Det=11411	Aux Det=9	O+H=26	 DONE
29/09/2025 22:16:34:	move motor	S18.axis2.piezo rotation to -1.329906deg	 DONE
29/09/2025 22:16:36:	47	count	time	5.000000s/cts	O Det=1	H Det=15	Mon Det=11664	Aux Det=4	O+H=20	 DONE
29/09/2025 22:16:43:	move motor	S18.axis2.piezo rotation to -1.329856deg	 DONE
29/09/2025 22:16:44:	48	count	time	5.000000s/cts	O Det=0	H Det=14	Mon Det=11369	Aux Det=1	O+H=15	 DONE
29/09/2025 22:16:51:	move motor	S18.axis2.piezo rotation to -1.329806deg	 DONE
29/09/2025 22:16:52:	49	count	time	5.000000s/cts	O Det=1	H Det=15	Mon Det=11477	Aux Det=1	O+H=17	 DONE
29/09/2025 22:16:59:	move motor	S18.axis2.piezo rotation to -1.329756deg	 DONE
29/09/2025 22:17:00:	50	count	time	5.000000s/cts	O Det=0	H Det=9	Mon Det=11231	Aux Det=0	O+H=9	 DONE
29/09/2025 22:17:07:	move motor	S18.axis2.piezo rotation to -1.329706deg	 DONE
29/09/2025 22:17:08:	51	count	time	5.000000s/cts	O Det=0	H Det=12	Mon Det=11435	Aux Det=6	O+H=18	 DONE
29/09/2025 22:17:15:	move motor	S18.axis2.piezo rotation to -1.329656deg	 DONE
29/09/2025 22:17:16:	52	count	time	5.000000s/cts	O Det=0	H Det=11	Mon Det=11476	Aux Det=4	O+H=15	 DONE
29/09/2025 22:17:23:	move motor	S18.axis2.piezo rotation to -1.329606deg	 DONE
29/09/2025 22:17:24:	53	count	time	5.000000s/cts	O Det=0	H Det=7	Mon Det=11550	Aux Det=3	O+H=10	 DONE
29/09/2025 22:17:31:	move motor	S18.axis2.piezo rotation to -1.329556deg	 DONE
29/09/2025 22:17:32:	54	count	time	5.000000s/cts	O Det=2	H Det=12	Mon Det=11579	Aux Det=3	O+H=17	 DONE
29/09/2025 22:17:39:	move motor	S18.axis2.piezo rotation to -1.329506deg	 DONE
29/09/2025 22:17:40:	55	count	time	5.000000s/cts	O Det=0	H Det=7	Mon Det=11434	Aux Det=3	O+H=10	 DONE
29/09/2025 22:17:47:	move motor	S18.axis2.piezo rotation to -1.329456deg	 DONE
29/09/2025 22:17:48:	56	count	time	5.000000s/cts	O Det=1	H Det=11	Mon Det=11479	Aux Det=2	O+H=14	 DONE
29/09/2025 22:17:54:	move motor	S18.axis2.piezo rotation to -1.329406deg	 DONE
29/09/2025 22:17:56:	57	count	time	5.000000s/cts	O Det=1	H Det=13	Mon Det=11332	Aux Det=3	O+H=17	 DONE
29/09/2025 22:18:03:	move motor	S18.axis2.piezo rotation to -1.329356deg	 DONE
29/09/2025 22:18:04:	58	count	time	5.000000s/cts	O Det=0	H Det=8	Mon Det=11372	Aux Det=5	O+H=13	 DONE
29/09/2025 22:18:11:	move motor	S18.axis2.piezo rotation to -1.329306deg	 DONE
29/09/2025 22:18:12:	59	count	time	5.000000s/cts	O Det=1	H Det=6	Mon Det=11576	Aux Det=1	O+H=8	 DONE
29/09/2025 22:18:19:	move motor	S18.axis2.piezo rotation to -1.329256deg	 DONE
29/09/2025 22:18:20:	60	count	time	5.000000s/cts	O Det=0	H Det=10	Mon Det=11329	Aux Det=5	O+H=15	 DONE
29/09/2025 22:18:27:	close file and end scan	 DONE
29/09/2025 22:18:27:	move motor	S18.axis2.piezo rotation to fit SUM PEAK60	-1.331179reached -1.33118  DONE
29/09/2025 22:18:32:	END OF SCRIPT	 DONE
