01/10/2025 00:00:33:	start execution of script D:\data\Cycle 198\exp_3-16-19\rawdata\sc\rocking.sc	 DONE
01/10/2025 00:00:34:	move motor	S18.axis2.piezo rotation to -0.983220deg	 DONE
01/10/2025 00:00:38:	create file	D:\data\Cycle 198\exp_3-16-19\rawdata\sc\rocking_01Oct0000.dat	 DONE
room to enter remarks DONE
01/10/2025 00:00:39:	move motor	S18.axis2.piezo rotation to -0.883220deg	 DONE
01/10/2025 00:00:43:	1	count	time	5.000000s/cts	O Det=0	H Det=12	Mon Det=11332	Aux Det=2	O+H=14	 DONE
01/10/2025 00:00:50:	move motor	S18.axis2.piezo rotation to -0.883160deg	 DONE
01/10/2025 00:00:52:	2	count	time	5.000000s/cts	O Det=0	H Det=17	Mon Det=11470	Aux Det=4	O+H=21	 DONE
01/10/2025 00:00:58:	move motor	S18.axis2.piezo rotation to -0.883100deg	 DONE
01/10/2025 00:01:00:	3	count	time	5.000000s/cts	O Det=1	H Det=7	Mon Det=11407	Aux Det=2	O+H=10	 DONE
01/10/2025 00:01:06:	move motor	S18.axis2.piezo rotation to -0.883040deg	 DONE
01/10/2025 00:01:08:	4	count	time	5.000000s/cts	O Det=0	H Det=9	Mon Det=11321	Aux Det=3	O+H=12	 DONE
01/10/2025 00:01:14:	move motor	S18.axis2.piezo rotation to -0.882980deg	 DONE
01/10/2025 00:01:16:	5	count	time	5.000000s/cts	O Det=2	H Det=19	Mon Det=11462	Aux Det=2	O+H=23	 DONE
01/10/2025 00:01:22:	move motor	S18.axis2.piezo rotation to -0.882920deg	 DONE
01/10/2025 00:01:24:	6	count	time	5.000000s/cts	O Det=0	H Det=23	Mon Det=11497	Aux Det=5	O+H=28	 DONE
01/10/2025 00:01:31:	move motor	S18.axis2.piezo rotation to -0.882860deg	 DONE
01/10/2025 00:01:32:	7	count	time	5.000000s/cts	O Det=0	H Det=18	Mon Det=11577	Aux Det=4	O+H=22	 DONE
01/10/2025 00:01:39:	move motor	S18.axis2.piezo rotation to -0.882800deg	 DONE
01/10/2025 00:01:41:	8	count	time	5.000000s/cts	O Det=0	H Det=20	Mon Det=11322	Aux Det=2	O+H=22	 DONE
01/10/2025 00:01:47:	move motor	S18.axis2.piezo rotation to -0.882740deg	 DONE
01/10/2025 00:01:49:	9	count	time	5.000000s/cts	O Det=1	H Det=21	Mon Det=11496	Aux Det=2	O+H=24	 DONE
01/10/2025 00:01:56:	move motor	S18.axis2.piezo rotation to -0.882680deg	 DONE
01/10/2025 00:01:57:	10	count	time	5.000000s/cts	O Det=1	H Det=36	Mon Det=11321	Aux Det=3	O+H=40	 DONE
01/10/2025 00:02:04:	move motor	S18.axis2.piezo rotation to -0.882620deg	 DONE
01/10/2025 00:02:05:	11	count	time	5.000000s/cts	O Det=0	H Det=30	Mon Det=11391	Aux Det=4	O+H=34	 DONE
01/10/2025 00:02:12:	move motor	S18.axis2.piezo rotation to -0.882560deg	 DONE
01/10/2025 00:02:13:	12	count	time	5.000000s/cts	O Det=1	H Det=35	Mon Det=11403	Aux Det=3	O+H=39	 DONE
01/10/2025 00:02:20:	move motor	S18.axis2.piezo rotation to -0.882500deg	 DONE
01/10/2025 00:02:21:	13	count	time	5.000000s/cts	O Det=4	H Det=28	Mon Det=11343	Aux Det=6	O+H=38	 DONE
01/10/2025 00:02:28:	move motor	S18.axis2.piezo rotation to -0.882440deg	 DONE
01/10/2025 00:02:29:	14	count	time	5.000000s/cts	O Det=1	H Det=25	Mon Det=11572	Aux Det=3	O+H=29	 DONE
01/10/2025 00:02:36:	move motor	S18.axis2.piezo rotation to -0.882380deg	 DONE
01/10/2025 00:02:37:	15	count	time	5.000000s/cts	O Det=1	H Det=27	Mon Det=11422	Aux Det=1	O+H=29	 DONE
01/10/2025 00:02:44:	move motor	S18.axis2.piezo rotation to -0.882320deg	 DONE
01/10/2025 00:02:45:	16	count	time	5.000000s/cts	O Det=1	H Det=44	Mon Det=11372	Aux Det=3	O+H=48	 DONE
01/10/2025 00:02:52:	move motor	S18.axis2.piezo rotation to -0.882260deg	 DONE
01/10/2025 00:02:54:	17	count	time	5.000000s/cts	O Det=0	H Det=31	Mon Det=11486	Aux Det=2	O+H=33	 DONE
01/10/2025 00:03:00:	move motor	S18.axis2.piezo rotation to -0.882200deg	 DONE
01/10/2025 00:03:02:	18	count	time	5.000000s/cts	O Det=2	H Det=68	Mon Det=11480	Aux Det=6	O+H=76	 DONE
01/10/2025 00:03:08:	move motor	S18.axis2.piezo rotation to -0.882140deg	 DONE
01/10/2025 00:03:10:	19	count	time	5.000000s/cts	O Det=5	H Det=59	Mon Det=11324	Aux Det=1	O+H=65	 DONE
01/10/2025 00:03:16:	move motor	S18.axis2.piezo rotation to -0.882080deg	 DONE
01/10/2025 00:03:18:	20	count	time	5.000000s/cts	O Det=3	H Det=60	Mon Det=11566	Aux Det=3	O+H=66	 DONE
01/10/2025 00:03:24:	move motor	S18.axis2.piezo rotation to -0.882020deg	 DONE
01/10/2025 00:03:26:	21	count	time	5.000000s/cts	O Det=2	H Det=62	Mon Det=11609	Aux Det=4	O+H=68	 DONE
01/10/2025 00:03:33:	move motor	S18.axis2.piezo rotation to -0.881960deg	 DONE
01/10/2025 00:03:34:	22	count	time	5.000000s/cts	O Det=7	H Det=93	Mon Det=11216	Aux Det=0	O+H=100	 DONE
01/10/2025 00:03:41:	move motor	S18.axis2.piezo rotation to -0.881900deg	 DONE
01/10/2025 00:03:42:	23	count	time	5.000000s/cts	O Det=9	H Det=110	Mon Det=11334	Aux Det=8	O+H=127	 DONE
01/10/2025 00:03:49:	move motor	S18.axis2.piezo rotation to -0.881840deg	 DONE
01/10/2025 00:03:50:	24	count	time	5.000000s/cts	O Det=14	H Det=106	Mon Det=11456	Aux Det=11	O+H=131	 DONE
01/10/2025 00:03:57:	move motor	S18.axis2.piezo rotation to -0.881780deg	 DONE
01/10/2025 00:03:58:	25	count	time	5.000000s/cts	O Det=16	H Det=174	Mon Det=11400	Aux Det=38	O+H=228	 DONE
01/10/2025 00:04:05:	move motor	S18.axis2.piezo rotation to -0.881720deg	 DONE
01/10/2025 00:04:06:	26	count	time	5.000000s/cts	O Det=24	H Det=191	Mon Det=11279	Aux Det=18	O+H=233	 DONE
01/10/2025 00:04:13:	move motor	S18.axis2.piezo rotation to -0.881660deg	 DONE
01/10/2025 00:04:14:	27	count	time	5.000000s/cts	O Det=21	H Det=204	Mon Det=11572	Aux Det=27	O+H=252	 DONE
01/10/2025 00:04:21:	move motor	S18.axis2.piezo rotation to -0.881600deg	 DONE
01/10/2025 00:04:22:	28	count	time	5.000000s/cts	O Det=45	H Det=234	Mon Det=11426	Aux Det=22	O+H=301	 DONE
01/10/2025 00:04:29:	move motor	S18.axis2.piezo rotation to -0.881540deg	 DONE
01/10/2025 00:04:30:	29	count	time	5.000000s/cts	O Det=74	H Det=250	Mon Det=11374	Aux Det=24	O+H=348	 DONE
01/10/2025 00:04:37:	move motor	S18.axis2.piezo rotation to -0.881480deg	 DONE
01/10/2025 00:04:38:	30	count	time	5.000000s/cts	O Det=90	H Det=242	Mon Det=11556	Aux Det=50	O+H=382	 DONE
01/10/2025 00:04:45:	move motor	S18.axis2.piezo rotation to -0.881420deg	 DONE
01/10/2025 00:04:46:	31	count	time	5.000000s/cts	O Det=169	H Det=319	Mon Det=11419	Aux Det=118	O+H=606	 DONE
01/10/2025 00:04:53:	move motor	S18.axis2.piezo rotation to -0.881360deg	 DONE
01/10/2025 00:04:54:	32	count	time	5.000000s/cts	O Det=223	H Det=355	Mon Det=11367	Aux Det=239	O+H=817	 DONE
01/10/2025 00:05:01:	move motor	S18.axis2.piezo rotation to -0.881300deg	 DONE
01/10/2025 00:05:02:	33	count	time	5.000000s/cts	O Det=275	H Det=336	Mon Det=11342	Aux Det=273	O+H=884	 DONE
01/10/2025 00:05:09:	move motor	S18.axis2.piezo rotation to -0.881240deg	 DONE
01/10/2025 00:05:10:	34	count	time	5.000000s/cts	O Det=330	H Det=354	Mon Det=11282	Aux Det=412	O+H=1096	 DONE
01/10/2025 00:05:17:	move motor	S18.axis2.piezo rotation to -0.881180deg	 DONE
01/10/2025 00:05:18:	35	count	time	5.000000s/cts	O Det=391	H Det=428	Mon Det=11464	Aux Det=498	O+H=1317	 DONE
01/10/2025 00:05:25:	move motor	S18.axis2.piezo rotation to -0.881120deg	 DONE
01/10/2025 00:05:26:	36	count	time	5.000000s/cts	O Det=444	H Det=386	Mon Det=11325	Aux Det=494	O+H=1324	 DONE
01/10/2025 00:05:33:	move motor	S18.axis2.piezo rotation to -0.881060deg	 DONE
01/10/2025 00:05:34:	37	count	time	5.000000s/cts	O Det=400	H Det=440	Mon Det=11326	Aux Det=572	O+H=1412	 DONE
01/10/2025 00:05:41:	move motor	S18.axis2.piezo rotation to -0.881000deg	 DONE
01/10/2025 00:05:42:	38	count	time	5.000000s/cts	O Det=427	H Det=438	Mon Det=11424	Aux Det=515	O+H=1380	 DONE
01/10/2025 00:05:49:	move motor	S18.axis2.piezo rotation to -0.880940deg	 DONE
01/10/2025 00:05:50:	39	count	time	5.000000s/cts	O Det=383	H Det=421	Mon Det=11513	Aux Det=502	O+H=1306	 DONE
01/10/2025 00:05:57:	move motor	S18.axis2.piezo rotation to -0.880880deg	 DONE
01/10/2025 00:05:58:	40	count	time	5.000000s/cts	O Det=317	H Det=376	Mon Det=11355	Aux Det=401	O+H=1094	 DONE
01/10/2025 00:06:05:	move motor	S18.axis2.piezo rotation to -0.880820deg	 DONE
01/10/2025 00:06:06:	41	count	time	5.000000s/cts	O Det=296	H Det=412	Mon Det=11320	Aux Det=315	O+H=1023	 DONE
01/10/2025 00:06:13:	move motor	S18.axis2.piezo rotation to -0.880760deg	 DONE
01/10/2025 00:06:14:	42	count	time	5.000000s/cts	O Det=240	H Det=338	Mon Det=11444	Aux Det=229	O+H=807	 DONE
01/10/2025 00:06:21:	move motor	S18.axis2.piezo rotation to -0.880700deg	 DONE
01/10/2025 00:06:22:	43	count	time	5.000000s/cts	O Det=182	H Det=322	Mon Det=11144	Aux Det=144	O+H=648	 DONE
01/10/2025 00:06:29:	move motor	S18.axis2.piezo rotation to -0.880640deg	 DONE
01/10/2025 00:06:30:	44	count	time	5.000000s/cts	O Det=131	H Det=292	Mon Det=11484	Aux Det=99	O+H=522	 DONE
01/10/2025 00:06:37:	move motor	S18.axis2.piezo rotation to -0.880580deg	 DONE
01/10/2025 00:06:38:	45	count	time	5.000000s/cts	O Det=76	H Det=272	Mon Det=11482	Aux Det=26	O+H=374	 DONE
01/10/2025 00:06:45:	move motor	S18.axis2.piezo rotation to -0.880520deg	 DONE
01/10/2025 00:06:46:	46	count	time	5.000000s/cts	O Det=52	H Det=232	Mon Det=11448	Aux Det=14	O+H=298	 DONE
01/10/2025 00:06:53:	move motor	S18.axis2.piezo rotation to -0.880460deg	 DONE
01/10/2025 00:06:54:	47	count	time	5.000000s/cts	O Det=37	H Det=162	Mon Det=11199	Aux Det=5	O+H=204	 DONE
01/10/2025 00:07:01:	move motor	S18.axis2.piezo rotation to -0.880400deg	 DONE
01/10/2025 00:07:02:	48	count	time	5.000000s/cts	O Det=23	H Det=150	Mon Det=11515	Aux Det=5	O+H=178	 DONE
01/10/2025 00:07:09:	move motor	S18.axis2.piezo rotation to -0.880340deg	 DONE
01/10/2025 00:07:10:	49	count	time	5.000000s/cts	O Det=12	H Det=138	Mon Det=11331	Aux Det=5	O+H=155	 DONE
01/10/2025 00:07:17:	move motor	S18.axis2.piezo rotation to -0.880280deg	 DONE
01/10/2025 00:07:18:	50	count	time	5.000000s/cts	O Det=6	H Det=107	Mon Det=11597	Aux Det=3	O+H=116	 DONE
01/10/2025 00:07:25:	move motor	S18.axis2.piezo rotation to -0.880220deg	 DONE
01/10/2025 00:07:26:	51	count	time	5.000000s/cts	O Det=12	H Det=102	Mon Det=11462	Aux Det=7	O+H=121	 DONE
01/10/2025 00:07:33:	move motor	S18.axis2.piezo rotation to -0.880160deg	 DONE
01/10/2025 00:07:34:	52	count	time	5.000000s/cts	O Det=6	H Det=79	Mon Det=11441	Aux Det=4	O+H=89	 DONE
01/10/2025 00:07:41:	move motor	S18.axis2.piezo rotation to -0.880100deg	 DONE
01/10/2025 00:07:42:	53	count	time	5.000000s/cts	O Det=1	H Det=70	Mon Det=11568	Aux Det=3	O+H=74	 DONE
01/10/2025 00:07:49:	move motor	S18.axis2.piezo rotation to -0.880040deg	 DONE
01/10/2025 00:07:51:	54	count	time	5.000000s/cts	O Det=6	H Det=66	Mon Det=11504	Aux Det=3	O+H=75	 DONE
01/10/2025 00:07:57:	move motor	S18.axis2.piezo rotation to -0.879980deg	 DONE
01/10/2025 00:07:59:	55	count	time	5.000000s/cts	O Det=6	H Det=55	Mon Det=11434	Aux Det=2	O+H=63	 DONE
01/10/2025 00:08:05:	move motor	S18.axis2.piezo rotation to -0.879920deg	 DONE
01/10/2025 00:08:07:	56	count	time	5.000000s/cts	O Det=1	H Det=42	Mon Det=11421	Aux Det=2	O+H=45	 DONE
01/10/2025 00:08:13:	move motor	S18.axis2.piezo rotation to -0.879860deg	 DONE
01/10/2025 00:08:15:	57	count	time	5.000000s/cts	O Det=3	H Det=50	Mon Det=11293	Aux Det=3	O+H=56	 DONE
01/10/2025 00:08:22:	move motor	S18.axis2.piezo rotation to -0.879800deg	 DONE
01/10/2025 00:08:23:	58	count	time	5.000000s/cts	O Det=1	H Det=36	Mon Det=11412	Aux Det=7	O+H=44	 DONE
01/10/2025 00:08:30:	move motor	S18.axis2.piezo rotation to -0.879740deg	 DONE
01/10/2025 00:08:31:	59	count	time	5.000000s/cts	O Det=2	H Det=35	Mon Det=11230	Aux Det=5	O+H=42	 DONE
01/10/2025 00:08:38:	move motor	S18.axis2.piezo rotation to -0.879680deg	 DONE
01/10/2025 00:08:39:	60	count	time	5.000000s/cts	O Det=0	H Det=36	Mon Det=11387	Aux Det=3	O+H=39	 DONE
01/10/2025 00:08:46:	close file and end scan	 DONE
01/10/2025 00:08:46:	move motor	S18.axis2.piezo rotation to fit SUM PEAK60	-0.881050reached -0.88104  DONE
01/10/2025 00:08:51:	END OF SCRIPT	 DONE
