01/10/2025 17:25:14:	start execution of script D:\data\Cycle 198\exp_3-16-19\rawdata\sc\rocking.sc	 DONE
01/10/2025 17:25:15:	move motor	S18.axis2.piezo rotation to -0.245705deg	 DONE
01/10/2025 17:25:19:	create file	D:\data\Cycle 198\exp_3-16-19\rawdata\sc\rocking_01Oct1725.dat	 DONE
room to enter remarks DONE
01/10/2025 17:25:20:	move motor	S18.axis2.piezo rotation to -0.145705deg	 DONE
01/10/2025 17:25:25:	1	count	time	5.000000s/cts	O Det=0	H Det=41	Mon Det=11679	Aux Det=4	O+H=45	 DONE
01/10/2025 17:25:31:	move motor	S18.axis2.piezo rotation to -0.145645deg	 DONE
01/10/2025 17:25:36:	2	count	time	5.000000s/cts	O Det=3	H Det=62	Mon Det=11303	Aux Det=2	O+H=67	 DONE
01/10/2025 17:25:42:	move motor	S18.axis2.piezo rotation to -0.145585deg	 DONE
01/10/2025 17:25:47:	3	count	time	5.000000s/cts	O Det=0	H Det=50	Mon Det=11354	Aux Det=5	O+H=55	 DONE
01/10/2025 17:25:53:	move motor	S18.axis2.piezo rotation to -0.145525deg	 DONE
01/10/2025 17:25:54:	4	count	time	5.000000s/cts	O Det=1	H Det=43	Mon Det=11386	Aux Det=1	O+H=45	 DONE
01/10/2025 17:26:01:	move motor	S18.axis2.piezo rotation to -0.145465deg	 DONE
01/10/2025 17:26:03:	5	count	time	5.000000s/cts	O Det=0	H Det=63	Mon Det=11393	Aux Det=4	O+H=67	 DONE
01/10/2025 17:26:09:	move motor	S18.axis2.piezo rotation to -0.145405deg	 DONE
01/10/2025 17:26:13:	6	count	time	5.000000s/cts	O Det=1	H Det=79	Mon Det=11379	Aux Det=7	O+H=87	 DONE
01/10/2025 17:26:20:	move motor	S18.axis2.piezo rotation to -0.145345deg	 DONE
01/10/2025 17:26:25:	7	count	time	5.000000s/cts	O Det=2	H Det=79	Mon Det=11536	Aux Det=5	O+H=86	 DONE
01/10/2025 17:26:31:	move motor	S18.axis2.piezo rotation to -0.145285deg	 DONE
01/10/2025 17:26:36:	8	count	time	5.000000s/cts	O Det=4	H Det=90	Mon Det=11244	Aux Det=7	O+H=101	 DONE
01/10/2025 17:26:42:	move motor	S18.axis2.piezo rotation to -0.145225deg	 DONE
01/10/2025 17:26:47:	9	count	time	5.000000s/cts	O Det=11	H Det=130	Mon Det=11366	Aux Det=7	O+H=148	 DONE
01/10/2025 17:26:53:	move motor	S18.axis2.piezo rotation to -0.145165deg	 DONE
01/10/2025 17:26:54:	10	count	time	5.000000s/cts	O Det=24	H Det=140	Mon Det=11376	Aux Det=23	O+H=187	 DONE
01/10/2025 17:27:01:	move motor	S18.axis2.piezo rotation to -0.145105deg	 DONE
01/10/2025 17:27:02:	11	count	time	5.000000s/cts	O Det=33	H Det=187	Mon Det=11431	Aux Det=31	O+H=251	 DONE
01/10/2025 17:27:09:	move motor	S18.axis2.piezo rotation to -0.145045deg	 DONE
01/10/2025 17:27:13:	12	count	time	5.000000s/cts	O Det=17	H Det=183	Mon Det=11499	Aux Det=27	O+H=227	 DONE
01/10/2025 17:27:20:	move motor	S18.axis2.piezo rotation to -0.144985deg	 DONE
01/10/2025 17:27:24:	13	count	time	5.000000s/cts	O Det=25	H Det=185	Mon Det=11324	Aux Det=15	O+H=225	 DONE
01/10/2025 17:27:31:	move motor	S18.axis2.piezo rotation to -0.144925deg	 DONE
01/10/2025 17:27:35:	14	count	time	5.000000s/cts	O Det=22	H Det=243	Mon Det=11483	Aux Det=17	O+H=282	 DONE
01/10/2025 17:27:42:	move motor	S18.axis2.piezo rotation to -0.144865deg	 DONE
01/10/2025 17:27:47:	15	count	time	5.000000s/cts	O Det=27	H Det=307	Mon Det=11211	Aux Det=19	O+H=353	 DONE
01/10/2025 17:27:53:	move motor	S18.axis2.piezo rotation to -0.144805deg	 DONE
01/10/2025 17:27:55:	16	count	time	5.000000s/cts	O Det=22	H Det=323	Mon Det=11424	Aux Det=42	O+H=387	 DONE
01/10/2025 17:28:01:	move motor	S18.axis2.piezo rotation to -0.144745deg	 DONE
01/10/2025 17:28:03:	17	count	time	5.000000s/cts	O Det=35	H Det=431	Mon Det=11375	Aux Det=105	O+H=571	 DONE
01/10/2025 17:28:09:	move motor	S18.axis2.piezo rotation to -0.144685deg	 DONE
01/10/2025 17:28:13:	18	count	time	5.000000s/cts	O Det=40	H Det=488	Mon Det=11365	Aux Det=172	O+H=700	 DONE
01/10/2025 17:28:20:	move motor	S18.axis2.piezo rotation to -0.144625deg	 DONE
01/10/2025 17:28:24:	19	count	time	5.000000s/cts	O Det=45	H Det=514	Mon Det=11363	Aux Det=327	O+H=886	 DONE
01/10/2025 17:28:31:	move motor	S18.axis2.piezo rotation to -0.144565deg	 DONE
01/10/2025 17:28:35:	20	count	time	5.000000s/cts	O Det=37	H Det=645	Mon Det=11454	Aux Det=401	O+H=1083	 DONE
01/10/2025 17:28:42:	move motor	S18.axis2.piezo rotation to -0.144505deg	 DONE
01/10/2025 17:28:46:	21	count	time	5.000000s/cts	O Det=48	H Det=638	Mon Det=11399	Aux Det=476	O+H=1162	 DONE
01/10/2025 17:28:53:	move motor	S18.axis2.piezo rotation to -0.144445deg	 DONE
01/10/2025 17:28:54:	22	count	time	5.000000s/cts	O Det=60	H Det=687	Mon Det=11343	Aux Det=594	O+H=1341	 DONE
01/10/2025 17:29:01:	move motor	S18.axis2.piezo rotation to -0.144385deg	 DONE
01/10/2025 17:29:02:	23	count	time	5.000000s/cts	O Det=56	H Det=693	Mon Det=11271	Aux Det=545	O+H=1294	 DONE
01/10/2025 17:29:09:	move motor	S18.axis2.piezo rotation to -0.144325deg	 DONE
01/10/2025 17:29:13:	24	count	time	5.000000s/cts	O Det=69	H Det=673	Mon Det=11264	Aux Det=507	O+H=1249	 DONE
01/10/2025 17:29:20:	move motor	S18.axis2.piezo rotation to -0.144265deg	 DONE
01/10/2025 17:29:24:	25	count	time	5.000000s/cts	O Det=58	H Det=584	Mon Det=11373	Aux Det=395	O+H=1037	 DONE
01/10/2025 17:29:30:	move motor	S18.axis2.piezo rotation to -0.144205deg	 DONE
01/10/2025 17:29:35:	26	count	time	5.000000s/cts	O Det=49	H Det=546	Mon Det=11381	Aux Det=394	O+H=989	 DONE
01/10/2025 17:29:41:	move motor	S18.axis2.piezo rotation to -0.144145deg	 DONE
01/10/2025 17:29:46:	27	count	time	5.000000s/cts	O Det=55	H Det=500	Mon Det=11243	Aux Det=279	O+H=834	 DONE
01/10/2025 17:29:52:	move motor	S18.axis2.piezo rotation to -0.144085deg	 DONE
01/10/2025 17:29:54:	28	count	time	5.000000s/cts	O Det=53	H Det=421	Mon Det=11355	Aux Det=179	O+H=653	 DONE
01/10/2025 17:30:01:	move motor	S18.axis2.piezo rotation to -0.144025deg	 DONE
01/10/2025 17:30:02:	29	count	time	5.000000s/cts	O Det=28	H Det=358	Mon Det=11400	Aux Det=104	O+H=490	 DONE
01/10/2025 17:30:09:	move motor	S18.axis2.piezo rotation to -0.143965deg	 DONE
01/10/2025 17:30:12:	30	count	time	5.000000s/cts	O Det=37	H Det=328	Mon Det=11358	Aux Det=61	O+H=426	 DONE
01/10/2025 17:30:19:	move motor	S18.axis2.piezo rotation to -0.143905deg	 DONE
01/10/2025 17:30:23:	31	count	time	5.000000s/cts	O Det=27	H Det=253	Mon Det=11327	Aux Det=20	O+H=300	 DONE
01/10/2025 17:30:30:	move motor	S18.axis2.piezo rotation to -0.143845deg	 DONE
01/10/2025 17:30:34:	32	count	time	5.000000s/cts	O Det=19	H Det=211	Mon Det=11288	Aux Det=11	O+H=241	 DONE
01/10/2025 17:30:41:	move motor	S18.axis2.piezo rotation to -0.143785deg	 DONE
01/10/2025 17:30:45:	33	count	time	5.000000s/cts	O Det=22	H Det=180	Mon Det=11375	Aux Det=6	O+H=208	 DONE
01/10/2025 17:30:52:	move motor	S18.axis2.piezo rotation to -0.143725deg	 DONE
01/10/2025 17:30:56:	34	count	time	5.000000s/cts	O Det=10	H Det=167	Mon Det=11261	Aux Det=14	O+H=191	 DONE
01/10/2025 17:31:02:	move motor	S18.axis2.piezo rotation to -0.143665deg	 DONE
01/10/2025 17:31:04:	35	count	time	5.000000s/cts	O Det=3	H Det=98	Mon Det=11464	Aux Det=5	O+H=106	 DONE
01/10/2025 17:31:11:	move motor	S18.axis2.piezo rotation to -0.143605deg	 DONE
01/10/2025 17:31:12:	36	count	time	5.000000s/cts	O Det=5	H Det=100	Mon Det=11539	Aux Det=2	O+H=107	 DONE
01/10/2025 17:31:19:	move motor	S18.axis2.piezo rotation to -0.143545deg	 DONE
01/10/2025 17:31:23:	37	count	time	5.000000s/cts	O Det=5	H Det=91	Mon Det=11225	Aux Det=6	O+H=102	 DONE
01/10/2025 17:31:30:	move motor	S18.axis2.piezo rotation to -0.143485deg	 DONE
01/10/2025 17:31:34:	38	count	time	5.000000s/cts	O Det=4	H Det=81	Mon Det=11266	Aux Det=4	O+H=89	 DONE
01/10/2025 17:31:41:	move motor	S18.axis2.piezo rotation to -0.143425deg	 DONE
01/10/2025 17:31:45:	39	count	time	5.000000s/cts	O Det=2	H Det=68	Mon Det=11412	Aux Det=6	O+H=76	 DONE
01/10/2025 17:31:52:	move motor	S18.axis2.piezo rotation to -0.143365deg	 DONE
01/10/2025 17:31:56:	40	count	time	5.000000s/cts	O Det=3	H Det=75	Mon Det=11366	Aux Det=2	O+H=80	 DONE
01/10/2025 17:32:03:	move motor	S18.axis2.piezo rotation to -0.143305deg	 DONE
01/10/2025 17:32:05:	41	count	time	5.000000s/cts	O Det=3	H Det=53	Mon Det=11356	Aux Det=4	O+H=60	 DONE
01/10/2025 17:32:11:	move motor	S18.axis2.piezo rotation to -0.143245deg	 DONE
01/10/2025 17:32:12:	42	count	time	5.000000s/cts	O Det=2	H Det=63	Mon Det=11312	Aux Det=3	O+H=68	 DONE
01/10/2025 17:32:19:	move motor	S18.axis2.piezo rotation to -0.143185deg	 DONE
01/10/2025 17:32:23:	43	count	time	5.000000s/cts	O Det=3	H Det=41	Mon Det=11556	Aux Det=1	O+H=45	 DONE
01/10/2025 17:32:30:	move motor	S18.axis2.piezo rotation to -0.143125deg	 DONE
01/10/2025 17:32:34:	44	count	time	5.000000s/cts	O Det=1	H Det=51	Mon Det=11192	Aux Det=10	O+H=62	 DONE
01/10/2025 17:32:41:	move motor	S18.axis2.piezo rotation to -0.143065deg	 DONE
01/10/2025 17:32:45:	45	count	time	5.000000s/cts	O Det=1	H Det=36	Mon Det=11450	Aux Det=5	O+H=42	 DONE
01/10/2025 17:32:52:	move motor	S18.axis2.piezo rotation to -0.143005deg	 DONE
01/10/2025 17:32:56:	46	count	time	5.000000s/cts	O Det=0	H Det=37	Mon Det=11506	Aux Det=2	O+H=39	 DONE
01/10/2025 17:33:03:	move motor	S18.axis2.piezo rotation to -0.142945deg	 DONE
01/10/2025 17:33:04:	47	count	time	5.000000s/cts	O Det=0	H Det=37	Mon Det=11311	Aux Det=3	O+H=40	 DONE
01/10/2025 17:33:11:	move motor	S18.axis2.piezo rotation to -0.142885deg	 DONE
01/10/2025 17:33:12:	48	count	time	5.000000s/cts	O Det=3	H Det=31	Mon Det=11560	Aux Det=4	O+H=38	 DONE
01/10/2025 17:33:19:	move motor	S18.axis2.piezo rotation to -0.142825deg	 DONE
01/10/2025 17:33:23:	49	count	time	5.000000s/cts	O Det=3	H Det=33	Mon Det=11359	Aux Det=5	O+H=41	 DONE
01/10/2025 17:33:30:	move motor	S18.axis2.piezo rotation to -0.142765deg	 DONE
01/10/2025 17:33:34:	50	count	time	5.000000s/cts	O Det=1	H Det=19	Mon Det=11506	Aux Det=3	O+H=23	 DONE
01/10/2025 17:33:41:	move motor	S18.axis2.piezo rotation to -0.142705deg	 DONE
01/10/2025 17:33:45:	51	count	time	5.000000s/cts	O Det=0	H Det=31	Mon Det=11360	Aux Det=1	O+H=32	 DONE
01/10/2025 17:33:52:	move motor	S18.axis2.piezo rotation to -0.142645deg	 DONE
01/10/2025 17:33:56:	52	count	time	5.000000s/cts	O Det=0	H Det=24	Mon Det=11472	Aux Det=4	O+H=28	 DONE
01/10/2025 17:34:03:	move motor	S18.axis2.piezo rotation to -0.142585deg	 DONE
01/10/2025 17:34:04:	53	count	time	5.000000s/cts	O Det=0	H Det=18	Mon Det=11421	Aux Det=2	O+H=20	 DONE
01/10/2025 17:34:11:	move motor	S18.axis2.piezo rotation to -0.142525deg	 DONE
01/10/2025 17:34:12:	54	count	time	5.000000s/cts	O Det=1	H Det=27	Mon Det=11306	Aux Det=5	O+H=33	 DONE
01/10/2025 17:34:19:	move motor	S18.axis2.piezo rotation to -0.142465deg	 DONE
01/10/2025 17:34:23:	55	count	time	5.000000s/cts	O Det=1	H Det=16	Mon Det=11335	Aux Det=3	O+H=20	 DONE
01/10/2025 17:34:30:	move motor	S18.axis2.piezo rotation to -0.142405deg	 DONE
01/10/2025 17:34:34:	56	count	time	5.000000s/cts	O Det=1	H Det=20	Mon Det=11235	Aux Det=1	O+H=22	 DONE
01/10/2025 17:34:41:	move motor	S18.axis2.piezo rotation to -0.142345deg	 DONE
01/10/2025 17:34:45:	57	count	time	5.000000s/cts	O Det=0	H Det=17	Mon Det=11409	Aux Det=1	O+H=18	 DONE
01/10/2025 17:34:52:	move motor	S18.axis2.piezo rotation to -0.142285deg	 DONE
01/10/2025 17:34:56:	58	count	time	5.000000s/cts	O Det=0	H Det=11	Mon Det=11395	Aux Det=3	O+H=14	 DONE
01/10/2025 17:35:03:	move motor	S18.axis2.piezo rotation to -0.142225deg	 DONE
01/10/2025 17:35:05:	59	count	time	5.000000s/cts	O Det=0	H Det=9	Mon Det=11446	Aux Det=5	O+H=14	 DONE
01/10/2025 17:35:11:	move motor	S18.axis2.piezo rotation to -0.142165deg	 DONE
01/10/2025 17:35:13:	60	count	time	5.000000s/cts	O Det=1	H Det=14	Mon Det=11334	Aux Det=3	O+H=18	 DONE
01/10/2025 17:35:19:	close file and end scan	 DONE
01/10/2025 17:35:20:	move motor	S18.axis2.piezo rotation to fit SUM PEAK60	-0.144397reached -0.14439  DONE
01/10/2025 17:35:25:	END OF SCRIPT	 DONE
