01/10/2025 18:33:17:	start execution of script D:\data\Cycle 198\exp_3-16-19\rawdata\sc\rocking.sc	 DONE
01/10/2025 18:33:17:	move motor	S18.axis2.piezo rotation to -0.246270deg	 DONE
01/10/2025 18:33:21:	create file	D:\data\Cycle 198\exp_3-16-19\rawdata\sc\rocking_01Oct1833.dat	 DONE
room to enter remarks DONE
01/10/2025 18:33:22:	move motor	S18.axis2.piezo rotation to -0.146270deg	 DONE
01/10/2025 18:33:27:	1	count	time	5.000000s/cts	O Det=2	H Det=19	Mon Det=11534	Aux Det=35	O+H=56	 DONE
01/10/2025 18:33:34:	move motor	S18.axis2.piezo rotation to -0.146210deg	 DONE
01/10/2025 18:33:36:	2	count	time	5.000000s/cts	O Det=1	H Det=19	Mon Det=11541	Aux Det=25	O+H=45	 DONE
01/10/2025 18:33:43:	move motor	S18.axis2.piezo rotation to -0.146150deg	 DONE
01/10/2025 18:33:44:	3	count	time	5.000000s/cts	O Det=1	H Det=21	Mon Det=11496	Aux Det=33	O+H=55	 DONE
01/10/2025 18:33:50:	move motor	S18.axis2.piezo rotation to -0.146090deg	 DONE
01/10/2025 18:33:51:	4	count	time	5.000000s/cts	O Det=0	H Det=25	Mon Det=11536	Aux Det=34	O+H=59	 DONE
01/10/2025 18:33:58:	move motor	S18.axis2.piezo rotation to -0.146030deg	 DONE
01/10/2025 18:34:00:	5	count	time	5.000000s/cts	O Det=1	H Det=13	Mon Det=11433	Aux Det=35	O+H=49	 DONE
01/10/2025 18:34:07:	move motor	S18.axis2.piezo rotation to -0.145970deg	 DONE
01/10/2025 18:34:08:	6	count	time	5.000000s/cts	O Det=3	H Det=33	Mon Det=11363	Aux Det=36	O+H=72	 DONE
01/10/2025 18:34:15:	move motor	S18.axis2.piezo rotation to -0.145910deg	 DONE
01/10/2025 18:34:17:	7	count	time	5.000000s/cts	O Det=1	H Det=33	Mon Det=11315	Aux Det=52	O+H=86	 DONE
01/10/2025 18:34:23:	move motor	S18.axis2.piezo rotation to -0.145850deg	 DONE
01/10/2025 18:34:25:	8	count	time	5.000000s/cts	O Det=1	H Det=39	Mon Det=11460	Aux Det=50	O+H=90	 DONE
01/10/2025 18:34:31:	move motor	S18.axis2.piezo rotation to -0.145790deg	 DONE
01/10/2025 18:34:33:	9	count	time	5.000000s/cts	O Det=1	H Det=46	Mon Det=11437	Aux Det=42	O+H=89	 DONE
01/10/2025 18:34:39:	move motor	S18.axis2.piezo rotation to -0.145730deg	 DONE
01/10/2025 18:34:41:	10	count	time	5.000000s/cts	O Det=1	H Det=43	Mon Det=11313	Aux Det=58	O+H=102	 DONE
01/10/2025 18:34:47:	move motor	S18.axis2.piezo rotation to -0.145670deg	 DONE
01/10/2025 18:34:49:	11	count	time	5.000000s/cts	O Det=1	H Det=34	Mon Det=11364	Aux Det=43	O+H=78	 DONE
01/10/2025 18:34:56:	move motor	S18.axis2.piezo rotation to -0.145610deg	 DONE
01/10/2025 18:34:58:	12	count	time	5.000000s/cts	O Det=0	H Det=58	Mon Det=11410	Aux Det=48	O+H=106	 DONE
01/10/2025 18:35:04:	move motor	S18.axis2.piezo rotation to -0.145550deg	 DONE
01/10/2025 18:35:06:	13	count	time	5.000000s/cts	O Det=1	H Det=55	Mon Det=11322	Aux Det=70	O+H=126	 DONE
01/10/2025 18:35:12:	move motor	S18.axis2.piezo rotation to -0.145490deg	 DONE
01/10/2025 18:35:14:	14	count	time	5.000000s/cts	O Det=2	H Det=66	Mon Det=11526	Aux Det=79	O+H=147	 DONE
01/10/2025 18:35:21:	move motor	S18.axis2.piezo rotation to -0.145430deg	 DONE
01/10/2025 18:35:22:	15	count	time	5.000000s/cts	O Det=4	H Det=67	Mon Det=11413	Aux Det=75	O+H=146	 DONE
01/10/2025 18:35:29:	move motor	S18.axis2.piezo rotation to -0.145370deg	 DONE
01/10/2025 18:35:30:	16	count	time	5.000000s/cts	O Det=4	H Det=81	Mon Det=11500	Aux Det=89	O+H=174	 DONE
01/10/2025 18:35:37:	move motor	S18.axis2.piezo rotation to -0.145310deg	 DONE
01/10/2025 18:35:38:	17	count	time	5.000000s/cts	O Det=5	H Det=98	Mon Det=11425	Aux Det=109	O+H=212	 DONE
01/10/2025 18:35:45:	move motor	S18.axis2.piezo rotation to -0.145250deg	 DONE
01/10/2025 18:35:47:	18	count	time	5.000000s/cts	O Det=23	H Det=106	Mon Det=11361	Aux Det=170	O+H=299	 DONE
01/10/2025 18:35:53:	move motor	S18.axis2.piezo rotation to -0.145190deg	 DONE
01/10/2025 18:35:55:	19	count	time	5.000000s/cts	O Det=44	H Det=146	Mon Det=11402	Aux Det=169	O+H=359	 DONE
01/10/2025 18:36:02:	move motor	S18.axis2.piezo rotation to -0.145130deg	 DONE
01/10/2025 18:36:03:	20	count	time	5.000000s/cts	O Det=38	H Det=195	Mon Det=11515	Aux Det=174	O+H=407	 DONE
01/10/2025 18:36:10:	move motor	S18.axis2.piezo rotation to -0.145070deg	 DONE
01/10/2025 18:36:11:	21	count	time	5.000000s/cts	O Det=46	H Det=199	Mon Det=11362	Aux Det=227	O+H=472	 DONE
01/10/2025 18:36:18:	move motor	S18.axis2.piezo rotation to -0.145010deg	 DONE
01/10/2025 18:36:20:	22	count	time	5.000000s/cts	O Det=49	H Det=217	Mon Det=11469	Aux Det=261	O+H=527	 DONE
01/10/2025 18:36:26:	move motor	S18.axis2.piezo rotation to -0.144950deg	 DONE
01/10/2025 18:36:28:	23	count	time	5.000000s/cts	O Det=81	H Det=229	Mon Det=11338	Aux Det=321	O+H=631	 DONE
01/10/2025 18:36:34:	move motor	S18.axis2.piezo rotation to -0.144890deg	 DONE
01/10/2025 18:36:36:	24	count	time	5.000000s/cts	O Det=88	H Det=310	Mon Det=11606	Aux Det=374	O+H=772	 DONE
01/10/2025 18:36:43:	move motor	S18.axis2.piezo rotation to -0.144830deg	 DONE
01/10/2025 18:36:44:	25	count	time	5.000000s/cts	O Det=133	H Det=351	Mon Det=11289	Aux Det=389	O+H=873	 DONE
01/10/2025 18:36:51:	move motor	S18.axis2.piezo rotation to -0.144770deg	 DONE
01/10/2025 18:36:53:	26	count	time	5.000000s/cts	O Det=169	H Det=416	Mon Det=11415	Aux Det=439	O+H=1024	 DONE
01/10/2025 18:36:59:	move motor	S18.axis2.piezo rotation to -0.144710deg	 DONE
01/10/2025 18:37:01:	27	count	time	5.000000s/cts	O Det=206	H Det=490	Mon Det=11362	Aux Det=486	O+H=1182	 DONE
01/10/2025 18:37:07:	move motor	S18.axis2.piezo rotation to -0.144650deg	 DONE
01/10/2025 18:37:09:	28	count	time	5.000000s/cts	O Det=202	H Det=527	Mon Det=11468	Aux Det=481	O+H=1210	 DONE
01/10/2025 18:37:15:	move motor	S18.axis2.piezo rotation to -0.144590deg	 DONE
01/10/2025 18:37:17:	29	count	time	5.000000s/cts	O Det=159	H Det=609	Mon Det=11448	Aux Det=489	O+H=1257	 DONE
01/10/2025 18:37:23:	move motor	S18.axis2.piezo rotation to -0.144530deg	 DONE
01/10/2025 18:37:25:	30	count	time	5.000000s/cts	O Det=178	H Det=623	Mon Det=11211	Aux Det=413	O+H=1214	 DONE
01/10/2025 18:37:32:	move motor	S18.axis2.piezo rotation to -0.144470deg	 DONE
01/10/2025 18:37:34:	31	count	time	5.000000s/cts	O Det=152	H Det=653	Mon Det=11273	Aux Det=449	O+H=1254	 DONE
01/10/2025 18:37:40:	move motor	S18.axis2.piezo rotation to -0.144410deg	 DONE
01/10/2025 18:37:41:	32	count	time	5.000000s/cts	O Det=100	H Det=676	Mon Det=11508	Aux Det=434	O+H=1210	 DONE
01/10/2025 18:37:48:	move motor	S18.axis2.piezo rotation to -0.144350deg	 DONE
01/10/2025 18:37:50:	33	count	time	5.000000s/cts	O Det=71	H Det=616	Mon Det=11511	Aux Det=484	O+H=1171	 DONE
01/10/2025 18:37:57:	move motor	S18.axis2.piezo rotation to -0.144290deg	 DONE
01/10/2025 18:37:58:	34	count	time	5.000000s/cts	O Det=48	H Det=562	Mon Det=11413	Aux Det=454	O+H=1064	 DONE
01/10/2025 18:38:05:	move motor	S18.axis2.piezo rotation to -0.144230deg	 DONE
01/10/2025 18:38:06:	35	count	time	5.000000s/cts	O Det=37	H Det=493	Mon Det=11474	Aux Det=442	O+H=972	 DONE
01/10/2025 18:38:13:	move motor	S18.axis2.piezo rotation to -0.144170deg	 DONE
01/10/2025 18:38:15:	36	count	time	5.000000s/cts	O Det=31	H Det=439	Mon Det=11430	Aux Det=375	O+H=845	 DONE
01/10/2025 18:38:21:	move motor	S18.axis2.piezo rotation to -0.144110deg	 DONE
01/10/2025 18:38:23:	37	count	time	5.000000s/cts	O Det=27	H Det=401	Mon Det=11253	Aux Det=360	O+H=788	 DONE
01/10/2025 18:38:30:	move motor	S18.axis2.piezo rotation to -0.144050deg	 DONE
01/10/2025 18:38:31:	38	count	time	5.000000s/cts	O Det=28	H Det=292	Mon Det=11267	Aux Det=331	O+H=651	 DONE
01/10/2025 18:38:38:	move motor	S18.axis2.piezo rotation to -0.143990deg	 DONE
01/10/2025 18:38:39:	39	count	time	5.000000s/cts	O Det=17	H Det=268	Mon Det=11512	Aux Det=217	O+H=502	 DONE
01/10/2025 18:38:46:	move motor	S18.axis2.piezo rotation to -0.143930deg	 DONE
01/10/2025 18:38:48:	40	count	time	5.000000s/cts	O Det=17	H Det=218	Mon Det=11274	Aux Det=223	O+H=458	 DONE
01/10/2025 18:38:54:	move motor	S18.axis2.piezo rotation to -0.143870deg	 DONE
01/10/2025 18:38:56:	41	count	time	5.000000s/cts	O Det=12	H Det=149	Mon Det=11542	Aux Det=199	O+H=360	 DONE
01/10/2025 18:39:03:	move motor	S18.axis2.piezo rotation to -0.143810deg	 DONE
01/10/2025 18:39:04:	42	count	time	5.000000s/cts	O Det=10	H Det=138	Mon Det=11333	Aux Det=150	O+H=298	 DONE
01/10/2025 18:39:11:	move motor	S18.axis2.piezo rotation to -0.143750deg	 DONE
01/10/2025 18:39:12:	43	count	time	5.000000s/cts	O Det=9	H Det=112	Mon Det=11414	Aux Det=139	O+H=260	 DONE
01/10/2025 18:39:19:	move motor	S18.axis2.piezo rotation to -0.143690deg	 DONE
01/10/2025 18:39:20:	44	count	time	5.000000s/cts	O Det=9	H Det=112	Mon Det=11399	Aux Det=143	O+H=264	 DONE
01/10/2025 18:39:27:	move motor	S18.axis2.piezo rotation to -0.143630deg	 DONE
01/10/2025 18:39:28:	45	count	time	5.000000s/cts	O Det=10	H Det=78	Mon Det=11218	Aux Det=126	O+H=214	 DONE
01/10/2025 18:39:35:	move motor	S18.axis2.piezo rotation to -0.143570deg	 DONE
01/10/2025 18:39:37:	46	count	time	5.000000s/cts	O Det=4	H Det=73	Mon Det=11332	Aux Det=93	O+H=170	 DONE
01/10/2025 18:39:43:	move motor	S18.axis2.piezo rotation to -0.143510deg	 DONE
01/10/2025 18:39:45:	47	count	time	5.000000s/cts	O Det=2	H Det=71	Mon Det=11551	Aux Det=73	O+H=146	 DONE
01/10/2025 18:39:51:	move motor	S18.axis2.piezo rotation to -0.143450deg	 DONE
01/10/2025 18:39:53:	48	count	time	5.000000s/cts	O Det=1	H Det=71	Mon Det=11414	Aux Det=75	O+H=147	 DONE
01/10/2025 18:39:59:	move motor	S18.axis2.piezo rotation to -0.143390deg	 DONE
01/10/2025 18:40:01:	49	count	time	5.000000s/cts	O Det=1	H Det=42	Mon Det=11318	Aux Det=81	O+H=124	 DONE
01/10/2025 18:40:07:	move motor	S18.axis2.piezo rotation to -0.143330deg	 DONE
01/10/2025 18:40:09:	50	count	time	5.000000s/cts	O Det=3	H Det=41	Mon Det=11641	Aux Det=52	O+H=96	 DONE
01/10/2025 18:40:15:	move motor	S18.axis2.piezo rotation to -0.143270deg	 DONE
01/10/2025 18:40:17:	51	count	time	5.000000s/cts	O Det=1	H Det=46	Mon Det=11496	Aux Det=54	O+H=101	 DONE
01/10/2025 18:40:24:	move motor	S18.axis2.piezo rotation to -0.143210deg	 DONE
01/10/2025 18:40:26:	52	count	time	5.000000s/cts	O Det=1	H Det=49	Mon Det=11520	Aux Det=44	O+H=94	 DONE
01/10/2025 18:40:33:	move motor	S18.axis2.piezo rotation to -0.143150deg	 DONE
01/10/2025 18:40:34:	53	count	time	5.000000s/cts	O Det=0	H Det=32	Mon Det=11480	Aux Det=53	O+H=85	 DONE
01/10/2025 18:40:41:	move motor	S18.axis2.piezo rotation to -0.143090deg	 DONE
01/10/2025 18:40:43:	54	count	time	5.000000s/cts	O Det=1	H Det=49	Mon Det=11452	Aux Det=27	O+H=77	 DONE
01/10/2025 18:40:49:	move motor	S18.axis2.piezo rotation to -0.143030deg	 DONE
01/10/2025 18:40:51:	55	count	time	5.000000s/cts	O Det=1	H Det=31	Mon Det=11545	Aux Det=35	O+H=67	 DONE
01/10/2025 18:40:58:	move motor	S18.axis2.piezo rotation to -0.142970deg	 DONE
01/10/2025 18:40:59:	56	count	time	5.000000s/cts	O Det=1	H Det=28	Mon Det=11455	Aux Det=43	O+H=72	 DONE
01/10/2025 18:41:06:	move motor	S18.axis2.piezo rotation to -0.142910deg	 DONE
01/10/2025 18:41:07:	57	count	time	5.000000s/cts	O Det=3	H Det=26	Mon Det=11588	Aux Det=32	O+H=61	 DONE
01/10/2025 18:41:14:	move motor	S18.axis2.piezo rotation to -0.142850deg	 DONE
01/10/2025 18:41:16:	58	count	time	5.000000s/cts	O Det=0	H Det=25	Mon Det=11289	Aux Det=32	O+H=57	 DONE
01/10/2025 18:41:22:	move motor	S18.axis2.piezo rotation to -0.142790deg	 DONE
01/10/2025 18:41:24:	59	count	time	5.000000s/cts	O Det=0	H Det=27	Mon Det=11283	Aux Det=32	O+H=59	 DONE
01/10/2025 18:41:31:	move motor	S18.axis2.piezo rotation to -0.142730deg	 DONE
01/10/2025 18:41:32:	60	count	time	5.000000s/cts	O Det=1	H Det=23	Mon Det=11363	Aux Det=27	O+H=51	 DONE
01/10/2025 18:41:39:	close file and end scan	 DONE
01/10/2025 18:41:39:	move motor	S18.axis2.piezo rotation to fit SUM PEAK60	-0.144512reached -0.14451  DONE
01/10/2025 18:41:44:	END OF SCRIPT	 DONE
