26/09/2025 16:10:30:	start execution of script D:\data\Cycle 198\exp_3-16-19\rawdata\sc\rocking.sc	 DONE
26/09/2025 16:10:31:	move motor	S18.axis2.piezo rotation to -1.962235deg	 DONE
26/09/2025 16:10:35:	create file	D:\data\Cycle 198\exp_3-16-19\rawdata\sc\rocking_26Sep1610.dat	 DONE
room to enter remarks DONE
26/09/2025 16:10:36:	move motor	S18.axis2.piezo rotation to -1.862235deg	 DONE
26/09/2025 16:10:39:	1	count	time	5.000000s/cts	O Det=3	H Det=2	Mon Det=11268	Aux Det=51	O+H=56	 DONE
26/09/2025 16:10:45:	move motor	S18.axis2.piezo rotation to -1.862185deg	 DONE
26/09/2025 16:10:49:	2	count	time	5.000000s/cts	O Det=3	H Det=3	Mon Det=11294	Aux Det=53	O+H=59	 DONE
26/09/2025 16:10:56:	move motor	S18.axis2.piezo rotation to -1.862135deg	 DONE
26/09/2025 16:10:57:	3	count	time	5.000000s/cts	O Det=3	H Det=3	Mon Det=11149	Aux Det=67	O+H=73	 DONE
26/09/2025 16:11:04:	move motor	S18.axis2.piezo rotation to -1.862085deg	 DONE
26/09/2025 16:11:08:	4	count	time	5.000000s/cts	O Det=2	H Det=1	Mon Det=11261	Aux Det=70	O+H=73	 DONE
26/09/2025 16:11:15:	move motor	S18.axis2.piezo rotation to -1.862035deg	 DONE
26/09/2025 16:11:16:	5	count	time	5.000000s/cts	O Det=3	H Det=4	Mon Det=11187	Aux Det=70	O+H=77	 DONE
26/09/2025 16:11:23:	move motor	S18.axis2.piezo rotation to -1.861985deg	 DONE
26/09/2025 16:11:27:	6	count	time	5.000000s/cts	O Det=2	H Det=3	Mon Det=11315	Aux Det=74	O+H=79	 DONE
26/09/2025 16:11:34:	move motor	S18.axis2.piezo rotation to -1.861935deg	 DONE
26/09/2025 16:11:36:	7	count	time	5.000000s/cts	O Det=5	H Det=3	Mon Det=11398	Aux Det=87	O+H=95	 DONE
26/09/2025 16:11:42:	move motor	S18.axis2.piezo rotation to -1.861885deg	 DONE
26/09/2025 16:11:46:	8	count	time	5.000000s/cts	O Det=4	H Det=2	Mon Det=11170	Aux Det=99	O+H=105	 DONE
26/09/2025 16:11:53:	move motor	S18.axis2.piezo rotation to -1.861835deg	 DONE
26/09/2025 16:11:55:	9	count	time	5.000000s/cts	O Det=2	H Det=2	Mon Det=11333	Aux Det=120	O+H=124	 DONE
26/09/2025 16:12:01:	move motor	S18.axis2.piezo rotation to -1.861785deg	 DONE
26/09/2025 16:12:06:	10	count	time	5.000000s/cts	O Det=3	H Det=1	Mon Det=11285	Aux Det=105	O+H=109	 DONE
26/09/2025 16:12:12:	move motor	S18.axis2.piezo rotation to -1.861735deg	 DONE
26/09/2025 16:12:14:	11	count	time	5.000000s/cts	O Det=1	H Det=1	Mon Det=11184	Aux Det=140	O+H=142	 DONE
26/09/2025 16:12:21:	move motor	S18.axis2.piezo rotation to -1.861685deg	 DONE
26/09/2025 16:12:25:	12	count	time	5.000000s/cts	O Det=5	H Det=4	Mon Det=11221	Aux Det=128	O+H=137	 DONE
26/09/2025 16:12:32:	move motor	S18.axis2.piezo rotation to -1.861635deg	 DONE
26/09/2025 16:12:36:	13	count	time	5.000000s/cts	O Det=5	H Det=3	Mon Det=11440	Aux Det=175	O+H=183	 DONE
26/09/2025 16:12:43:	move motor	S18.axis2.piezo rotation to -1.861585deg	 DONE
26/09/2025 16:12:47:	14	count	time	5.000000s/cts	O Det=10	H Det=4	Mon Det=11132	Aux Det=199	O+H=213	 DONE
26/09/2025 16:12:53:	move motor	S18.axis2.piezo rotation to -1.861535deg	 DONE
26/09/2025 16:12:58:	15	count	time	5.000000s/cts	O Det=12	H Det=8	Mon Det=11301	Aux Det=253	O+H=273	 DONE
26/09/2025 16:13:04:	move motor	S18.axis2.piezo rotation to -1.861485deg	 DONE
26/09/2025 16:13:08:	16	count	time	5.000000s/cts	O Det=28	H Det=11	Mon Det=11433	Aux Det=361	O+H=400	 DONE
26/09/2025 16:13:15:	move motor	S18.axis2.piezo rotation to -1.861435deg	 DONE
26/09/2025 16:13:19:	17	count	time	5.000000s/cts	O Det=38	H Det=13	Mon Det=11257	Aux Det=401	O+H=452	 DONE
26/09/2025 16:13:26:	move motor	S18.axis2.piezo rotation to -1.861385deg	 DONE
26/09/2025 16:13:30:	18	count	time	5.000000s/cts	O Det=48	H Det=13	Mon Det=11346	Aux Det=349	O+H=410	 DONE
26/09/2025 16:13:37:	move motor	S18.axis2.piezo rotation to -1.861335deg	 DONE
26/09/2025 16:13:41:	19	count	time	5.000000s/cts	O Det=54	H Det=13	Mon Det=11315	Aux Det=381	O+H=448	 DONE
26/09/2025 16:13:48:	move motor	S18.axis2.piezo rotation to -1.861285deg	 DONE
26/09/2025 16:13:49:	20	count	time	5.000000s/cts	O Det=114	H Det=20	Mon Det=11437	Aux Det=398	O+H=532	 DONE
26/09/2025 16:13:56:	move motor	S18.axis2.piezo rotation to -1.861235deg	 DONE
26/09/2025 16:14:00:	21	count	time	5.000000s/cts	O Det=121	H Det=29	Mon Det=11226	Aux Det=456	O+H=606	 DONE
26/09/2025 16:14:06:	move motor	S18.axis2.piezo rotation to -1.861185deg	 DONE
26/09/2025 16:14:08:	22	count	time	5.000000s/cts	O Det=210	H Det=95	Mon Det=11381	Aux Det=546	O+H=851	 DONE
26/09/2025 16:14:15:	move motor	S18.axis2.piezo rotation to -1.861135deg	 DONE
26/09/2025 16:14:19:	23	count	time	5.000000s/cts	O Det=305	H Det=137	Mon Det=11358	Aux Det=599	O+H=1041	 DONE
26/09/2025 16:14:25:	move motor	S18.axis2.piezo rotation to -1.861085deg	 DONE
26/09/2025 16:14:27:	24	count	time	5.000000s/cts	O Det=420	H Det=220	Mon Det=11473	Aux Det=597	O+H=1237	 DONE
26/09/2025 16:14:33:	move motor	S18.axis2.piezo rotation to -1.861035deg	 DONE
26/09/2025 16:14:37:	25	count	time	5.000000s/cts	O Det=564	H Det=388	Mon Det=11311	Aux Det=831	O+H=1783	 DONE
26/09/2025 16:14:44:	move motor	S18.axis2.piezo rotation to -1.860985deg	 DONE
26/09/2025 16:14:46:	26	count	time	5.000000s/cts	O Det=716	H Det=548	Mon Det=11135	Aux Det=958	O+H=2222	 DONE
26/09/2025 16:14:52:	move motor	S18.axis2.piezo rotation to -1.860935deg	 DONE
26/09/2025 16:14:57:	27	count	time	5.000000s/cts	O Det=716	H Det=668	Mon Det=11304	Aux Det=1177	O+H=2561	 DONE
26/09/2025 16:15:03:	move motor	S18.axis2.piezo rotation to -1.860885deg	 DONE
26/09/2025 16:15:05:	28	count	time	5.000000s/cts	O Det=811	H Det=788	Mon Det=11107	Aux Det=1273	O+H=2872	 DONE
26/09/2025 16:15:12:	move motor	S18.axis2.piezo rotation to -1.860835deg	 DONE
26/09/2025 16:15:16:	29	count	time	5.000000s/cts	O Det=798	H Det=769	Mon Det=11462	Aux Det=1347	O+H=2914	 DONE
26/09/2025 16:15:22:	move motor	S18.axis2.piezo rotation to -1.860785deg	 DONE
26/09/2025 16:15:24:	30	count	time	5.000000s/cts	O Det=742	H Det=716	Mon Det=11296	Aux Det=1527	O+H=2985	 DONE
26/09/2025 16:15:31:	move motor	S18.axis2.piezo rotation to -1.860735deg	 DONE
26/09/2025 16:15:35:	31	count	time	5.000000s/cts	O Det=641	H Det=584	Mon Det=11214	Aux Det=1559	O+H=2784	 DONE
26/09/2025 16:15:42:	move motor	S18.axis2.piezo rotation to -1.860685deg	 DONE
26/09/2025 16:15:46:	32	count	time	5.000000s/cts	O Det=569	H Det=516	Mon Det=11576	Aux Det=1417	O+H=2502	 DONE
26/09/2025 16:15:53:	move motor	S18.axis2.piezo rotation to -1.860635deg	 DONE
26/09/2025 16:15:57:	33	count	time	5.000000s/cts	O Det=523	H Det=395	Mon Det=11306	Aux Det=1293	O+H=2211	 DONE
26/09/2025 16:16:03:	move motor	S18.axis2.piezo rotation to -1.860585deg	 DONE
26/09/2025 16:16:08:	34	count	time	5.000000s/cts	O Det=429	H Det=264	Mon Det=11175	Aux Det=1068	O+H=1761	 DONE
26/09/2025 16:16:14:	move motor	S18.axis2.piezo rotation to -1.860535deg	 DONE
26/09/2025 16:16:19:	35	count	time	5.000000s/cts	O Det=310	H Det=181	Mon Det=11314	Aux Det=886	O+H=1377	 DONE
26/09/2025 16:16:25:	move motor	S18.axis2.piezo rotation to -1.860485deg	 DONE
26/09/2025 16:16:29:	36	count	time	5.000000s/cts	O Det=284	H Det=105	Mon Det=11346	Aux Det=673	O+H=1062	 DONE
26/09/2025 16:16:36:	move motor	S18.axis2.piezo rotation to -1.860435deg	 DONE
26/09/2025 16:16:40:	37	count	time	5.000000s/cts	O Det=192	H Det=59	Mon Det=11385	Aux Det=528	O+H=779	 DONE
26/09/2025 16:16:47:	move motor	S18.axis2.piezo rotation to -1.860385deg	 DONE
26/09/2025 16:16:51:	38	count	time	5.000000s/cts	O Det=132	H Det=25	Mon Det=11010	Aux Det=486	O+H=643	 DONE
26/09/2025 16:16:58:	move motor	S18.axis2.piezo rotation to -1.860335deg	 DONE
26/09/2025 16:17:02:	39	count	time	5.000000s/cts	O Det=74	H Det=19	Mon Det=11308	Aux Det=431	O+H=524	 DONE
26/09/2025 16:17:09:	move motor	S18.axis2.piezo rotation to -1.860285deg	 DONE
26/09/2025 16:17:13:	40	count	time	5.000000s/cts	O Det=62	H Det=3	Mon Det=11201	Aux Det=336	O+H=401	 DONE
26/09/2025 16:17:20:	move motor	S18.axis2.piezo rotation to -1.860235deg	 DONE
26/09/2025 16:17:21:	41	count	time	5.000000s/cts	O Det=55	H Det=11	Mon Det=11342	Aux Det=323	O+H=389	 DONE
26/09/2025 16:17:28:	move motor	S18.axis2.piezo rotation to -1.860185deg	 DONE
26/09/2025 16:17:32:	42	count	time	5.000000s/cts	O Det=33	H Det=7	Mon Det=11408	Aux Det=219	O+H=259	 DONE
26/09/2025 16:17:39:	move motor	S18.axis2.piezo rotation to -1.860135deg	 DONE
26/09/2025 16:17:40:	43	count	time	5.000000s/cts	O Det=26	H Det=5	Mon Det=11261	Aux Det=210	O+H=241	 DONE
26/09/2025 16:17:46:	move motor	S18.axis2.piezo rotation to -1.860085deg	 DONE
26/09/2025 16:17:51:	44	count	time	5.000000s/cts	O Det=18	H Det=3	Mon Det=11427	Aux Det=188	O+H=209	 DONE
26/09/2025 16:17:57:	move motor	S18.axis2.piezo rotation to -1.860035deg	 DONE
26/09/2025 16:17:59:	45	count	time	5.000000s/cts	O Det=8	H Det=1	Mon Det=11192	Aux Det=183	O+H=192	 DONE
26/09/2025 16:18:05:	move motor	S18.axis2.piezo rotation to -1.859985deg	 DONE
26/09/2025 16:18:09:	46	count	time	5.000000s/cts	O Det=11	H Det=0	Mon Det=11422	Aux Det=146	O+H=157	 DONE
26/09/2025 16:18:16:	move motor	S18.axis2.piezo rotation to -1.859935deg	 DONE
26/09/2025 16:18:18:	47	count	time	5.000000s/cts	O Det=8	H Det=4	Mon Det=11110	Aux Det=137	O+H=149	 DONE
26/09/2025 16:18:24:	move motor	S18.axis2.piezo rotation to -1.859885deg	 DONE
26/09/2025 16:18:29:	48	count	time	5.000000s/cts	O Det=3	H Det=3	Mon Det=11389	Aux Det=130	O+H=136	 DONE
26/09/2025 16:18:35:	move motor	S18.axis2.piezo rotation to -1.859835deg	 DONE
26/09/2025 16:18:37:	49	count	time	5.000000s/cts	O Det=9	H Det=2	Mon Det=11359	Aux Det=120	O+H=131	 DONE
26/09/2025 16:18:43:	move motor	S18.axis2.piezo rotation to -1.859785deg	 DONE
26/09/2025 16:18:47:	50	count	time	5.000000s/cts	O Det=2	H Det=0	Mon Det=11119	Aux Det=95	O+H=97	 DONE
26/09/2025 16:18:54:	move motor	S18.axis2.piezo rotation to -1.859735deg	 DONE
26/09/2025 16:18:55:	51	count	time	5.000000s/cts	O Det=0	H Det=3	Mon Det=11367	Aux Det=95	O+H=98	 DONE
26/09/2025 16:19:02:	move motor	S18.axis2.piezo rotation to -1.859685deg	 DONE
26/09/2025 16:19:06:	52	count	time	5.000000s/cts	O Det=3	H Det=4	Mon Det=11204	Aux Det=91	O+H=98	 DONE
26/09/2025 16:19:13:	move motor	S18.axis2.piezo rotation to -1.859635deg	 DONE
26/09/2025 16:19:17:	53	count	time	5.000000s/cts	O Det=2	H Det=0	Mon Det=11324	Aux Det=64	O+H=66	 DONE
26/09/2025 16:19:24:	move motor	S18.axis2.piezo rotation to -1.859585deg	 DONE
26/09/2025 16:19:28:	54	count	time	5.000000s/cts	O Det=2	H Det=2	Mon Det=11285	Aux Det=66	O+H=70	 DONE
26/09/2025 16:19:35:	move motor	S18.axis2.piezo rotation to -1.859535deg	 DONE
26/09/2025 16:19:39:	55	count	time	5.000000s/cts	O Det=2	H Det=4	Mon Det=11237	Aux Det=62	O+H=68	 DONE
26/09/2025 16:19:46:	move motor	S18.axis2.piezo rotation to -1.859485deg	 DONE
26/09/2025 16:19:50:	56	count	time	5.000000s/cts	O Det=3	H Det=1	Mon Det=11286	Aux Det=64	O+H=68	 DONE
26/09/2025 16:19:57:	move motor	S18.axis2.piezo rotation to -1.859435deg	 DONE
26/09/2025 16:20:01:	57	count	time	5.000000s/cts	O Det=3	H Det=1	Mon Det=11155	Aux Det=63	O+H=67	 DONE
26/09/2025 16:20:07:	move motor	S18.axis2.piezo rotation to -1.859385deg	 DONE
26/09/2025 16:20:12:	58	count	time	5.000000s/cts	O Det=2	H Det=1	Mon Det=11422	Aux Det=64	O+H=67	 DONE
26/09/2025 16:20:18:	move motor	S18.axis2.piezo rotation to -1.859335deg	 DONE
26/09/2025 16:20:22:	59	count	time	5.000000s/cts	O Det=1	H Det=0	Mon Det=11413	Aux Det=49	O+H=50	 DONE
26/09/2025 16:20:29:	move motor	S18.axis2.piezo rotation to -1.859285deg	 DONE
26/09/2025 16:20:33:	60	count	time	5.000000s/cts	O Det=2	H Det=0	Mon Det=11571	Aux Det=51	O+H=53	 DONE
26/09/2025 16:20:40:	close file and end scan	 DONE
26/09/2025 16:20:41:	move motor	S18.axis2.piezo rotation to fit SUM PEAK60	-1.860812reached -1.86081  DONE
26/09/2025 16:20:45:	END OF SCRIPT	 DONE
