10/10/2025 11:56:40:	start execution of script D:\data\Cycle 198\exp_3-16-19\rawdata\sc\rocking.sc	 DONE
10/10/2025 11:56:41:	move motor	S18.axis2.piezo rotation to 0.246010deg	 DONE
10/10/2025 11:56:43:	create file	D:\data\Cycle 198\exp_3-16-19\rawdata\sc\rocking_10Oct1156.dat	 DONE
room to enter remarks DONE
10/10/2025 11:56:44:	move motor	S18.axis2.piezo rotation to 0.346010deg	 DONE
10/10/2025 11:56:48:	1	count	time	3.000000s/cts	O Det=1	H Det=15	Mon Det=9321	Aux Det=15	O+H=31	 DONE
10/10/2025 11:56:53:	move motor	S18.axis2.piezo rotation to 0.346070deg	 DONE
10/10/2025 11:56:55:	2	count	time	3.000000s/cts	O Det=0	H Det=15	Mon Det=9332	Aux Det=18	O+H=33	 DONE
10/10/2025 11:57:00:	move motor	S18.axis2.piezo rotation to 0.346130deg	 DONE
10/10/2025 11:57:01:	3	count	time	3.000000s/cts	O Det=2	H Det=24	Mon Det=9430	Aux Det=19	O+H=45	 DONE
10/10/2025 11:57:06:	move motor	S18.axis2.piezo rotation to 0.346190deg	 DONE
10/10/2025 11:57:07:	4	count	time	3.000000s/cts	O Det=0	H Det=19	Mon Det=9204	Aux Det=24	O+H=43	 DONE
10/10/2025 11:57:12:	move motor	S18.axis2.piezo rotation to 0.346250deg	 DONE
10/10/2025 11:57:13:	5	count	time	3.000000s/cts	O Det=0	H Det=20	Mon Det=9253	Aux Det=23	O+H=43	 DONE
10/10/2025 11:57:18:	move motor	S18.axis2.piezo rotation to 0.346310deg	 DONE
10/10/2025 11:57:19:	6	count	time	3.000000s/cts	O Det=0	H Det=15	Mon Det=9289	Aux Det=20	O+H=35	 DONE
10/10/2025 11:57:24:	move motor	S18.axis2.piezo rotation to 0.346370deg	 DONE
10/10/2025 11:57:25:	7	count	time	3.000000s/cts	O Det=1	H Det=23	Mon Det=9375	Aux Det=31	O+H=55	 DONE
10/10/2025 11:57:30:	move motor	S18.axis2.piezo rotation to 0.346430deg	 DONE
10/10/2025 11:57:31:	8	count	time	3.000000s/cts	O Det=1	H Det=17	Mon Det=9200	Aux Det=24	O+H=42	 DONE
10/10/2025 11:57:36:	move motor	S18.axis2.piezo rotation to 0.346490deg	 DONE
10/10/2025 11:57:38:	9	count	time	3.000000s/cts	O Det=1	H Det=26	Mon Det=9340	Aux Det=24	O+H=51	 DONE
10/10/2025 11:57:42:	move motor	S18.axis2.piezo rotation to 0.346550deg	 DONE
10/10/2025 11:57:43:	10	count	time	3.000000s/cts	O Det=0	H Det=23	Mon Det=9281	Aux Det=33	O+H=56	 DONE
10/10/2025 11:57:48:	move motor	S18.axis2.piezo rotation to 0.346610deg	 DONE
10/10/2025 11:57:49:	11	count	time	3.000000s/cts	O Det=1	H Det=29	Mon Det=9297	Aux Det=34	O+H=64	 DONE
10/10/2025 11:57:54:	move motor	S18.axis2.piezo rotation to 0.346670deg	 DONE
10/10/2025 11:57:55:	12	count	time	3.000000s/cts	O Det=2	H Det=25	Mon Det=9383	Aux Det=56	O+H=83	 DONE
10/10/2025 11:58:00:	move motor	S18.axis2.piezo rotation to 0.346730deg	 DONE
10/10/2025 11:58:01:	13	count	time	3.000000s/cts	O Det=3	H Det=43	Mon Det=9267	Aux Det=41	O+H=87	 DONE
10/10/2025 11:58:06:	move motor	S18.axis2.piezo rotation to 0.346790deg	 DONE
10/10/2025 11:58:07:	14	count	time	3.000000s/cts	O Det=3	H Det=49	Mon Det=9269	Aux Det=54	O+H=106	 DONE
10/10/2025 11:58:12:	move motor	S18.axis2.piezo rotation to 0.346850deg	 DONE
10/10/2025 11:58:13:	15	count	time	3.000000s/cts	O Det=3	H Det=46	Mon Det=9302	Aux Det=62	O+H=111	 DONE
10/10/2025 11:58:17:	move motor	S18.axis2.piezo rotation to 0.346910deg	 DONE
10/10/2025 11:58:19:	16	count	time	3.000000s/cts	O Det=3	H Det=53	Mon Det=9215	Aux Det=79	O+H=135	 DONE
10/10/2025 11:58:23:	move motor	S18.axis2.piezo rotation to 0.346970deg	 DONE
10/10/2025 11:58:25:	17	count	time	3.000000s/cts	O Det=9	H Det=82	Mon Det=9291	Aux Det=127	O+H=218	 DONE
10/10/2025 11:58:29:	move motor	S18.axis2.piezo rotation to 0.347030deg	 DONE
10/10/2025 11:58:30:	18	count	time	3.000000s/cts	O Det=15	H Det=114	Mon Det=9300	Aux Det=161	O+H=290	 DONE
10/10/2025 11:58:35:	move motor	S18.axis2.piezo rotation to 0.347090deg	 DONE
10/10/2025 11:58:37:	19	count	time	3.000000s/cts	O Det=19	H Det=102	Mon Det=9350	Aux Det=135	O+H=256	 DONE
10/10/2025 11:58:41:	move motor	S18.axis2.piezo rotation to 0.347150deg	 DONE
10/10/2025 11:58:43:	20	count	time	3.000000s/cts	O Det=29	H Det=109	Mon Det=9248	Aux Det=142	O+H=280	 DONE
10/10/2025 11:58:48:	move motor	S18.axis2.piezo rotation to 0.347210deg	 DONE
10/10/2025 11:58:49:	21	count	time	3.000000s/cts	O Det=36	H Det=145	Mon Det=9287	Aux Det=157	O+H=338	 DONE
10/10/2025 11:58:54:	move motor	S18.axis2.piezo rotation to 0.347270deg	 DONE
10/10/2025 11:58:55:	22	count	time	3.000000s/cts	O Det=54	H Det=165	Mon Det=9254	Aux Det=188	O+H=407	 DONE
10/10/2025 11:59:00:	move motor	S18.axis2.piezo rotation to 0.347330deg	 DONE
10/10/2025 11:59:01:	23	count	time	3.000000s/cts	O Det=88	H Det=204	Mon Det=9242	Aux Det=227	O+H=519	 DONE
10/10/2025 11:59:06:	move motor	S18.axis2.piezo rotation to 0.347390deg	 DONE
10/10/2025 11:59:07:	24	count	time	3.000000s/cts	O Det=120	H Det=276	Mon Det=9216	Aux Det=283	O+H=679	 DONE
10/10/2025 11:59:12:	move motor	S18.axis2.piezo rotation to 0.347450deg	 DONE
10/10/2025 11:59:13:	25	count	time	3.000000s/cts	O Det=137	H Det=350	Mon Det=9265	Aux Det=289	O+H=776	 DONE
10/10/2025 11:59:18:	move motor	S18.axis2.piezo rotation to 0.347510deg	 DONE
10/10/2025 11:59:19:	26	count	time	3.000000s/cts	O Det=154	H Det=445	Mon Det=9177	Aux Det=373	O+H=972	 DONE
10/10/2025 11:59:24:	move motor	S18.axis2.piezo rotation to 0.347570deg	 DONE
10/10/2025 11:59:25:	27	count	time	3.000000s/cts	O Det=160	H Det=502	Mon Det=9286	Aux Det=570	O+H=1232	 DONE
10/10/2025 11:59:30:	move motor	S18.axis2.piezo rotation to 0.347630deg	 DONE
10/10/2025 11:59:31:	28	count	time	3.000000s/cts	O Det=148	H Det=550	Mon Det=9303	Aux Det=712	O+H=1410	 DONE
10/10/2025 11:59:36:	move motor	S18.axis2.piezo rotation to 0.347690deg	 DONE
10/10/2025 11:59:37:	29	count	time	3.000000s/cts	O Det=103	H Det=526	Mon Det=9266	Aux Det=812	O+H=1441	 DONE
10/10/2025 11:59:42:	move motor	S18.axis2.piezo rotation to 0.347750deg	 DONE
10/10/2025 11:59:43:	30	count	time	3.000000s/cts	O Det=85	H Det=434	Mon Det=9390	Aux Det=820	O+H=1339	 DONE
10/10/2025 11:59:48:	move motor	S18.axis2.piezo rotation to 0.347810deg	 DONE
10/10/2025 11:59:49:	31	count	time	3.000000s/cts	O Det=75	H Det=434	Mon Det=9226	Aux Det=745	O+H=1254	 DONE
10/10/2025 11:59:54:	move motor	S18.axis2.piezo rotation to 0.347870deg	 DONE
10/10/2025 11:59:55:	32	count	time	3.000000s/cts	O Det=50	H Det=374	Mon Det=9449	Aux Det=556	O+H=980	 DONE
10/10/2025 12:00:00:	move motor	S18.axis2.piezo rotation to 0.347930deg	 DONE
10/10/2025 12:00:02:	33	count	time	3.000000s/cts	O Det=37	H Det=317	Mon Det=9251	Aux Det=394	O+H=748	 DONE
10/10/2025 12:00:07:	move motor	S18.axis2.piezo rotation to 0.347990deg	 DONE
10/10/2025 12:00:08:	34	count	time	3.000000s/cts	O Det=31	H Det=257	Mon Det=9297	Aux Det=331	O+H=619	 DONE
10/10/2025 12:00:13:	move motor	S18.axis2.piezo rotation to 0.348050deg	 DONE
10/10/2025 12:00:14:	35	count	time	3.000000s/cts	O Det=28	H Det=191	Mon Det=9169	Aux Det=242	O+H=461	 DONE
10/10/2025 12:00:19:	move motor	S18.axis2.piezo rotation to 0.348110deg	 DONE
10/10/2025 12:00:20:	36	count	time	3.000000s/cts	O Det=13	H Det=137	Mon Det=9186	Aux Det=170	O+H=320	 DONE
10/10/2025 12:00:25:	move motor	S18.axis2.piezo rotation to 0.348170deg	 DONE
10/10/2025 12:00:26:	37	count	time	3.000000s/cts	O Det=22	H Det=109	Mon Det=9120	Aux Det=149	O+H=280	 DONE
10/10/2025 12:00:31:	move motor	S18.axis2.piezo rotation to 0.348230deg	 DONE
10/10/2025 12:00:32:	38	count	time	3.000000s/cts	O Det=13	H Det=88	Mon Det=9328	Aux Det=123	O+H=224	 DONE
10/10/2025 12:00:37:	move motor	S18.axis2.piezo rotation to 0.348290deg	 DONE
10/10/2025 12:00:38:	39	count	time	3.000000s/cts	O Det=13	H Det=80	Mon Det=9182	Aux Det=89	O+H=182	 DONE
10/10/2025 12:00:43:	move motor	S18.axis2.piezo rotation to 0.348350deg	 DONE
10/10/2025 12:00:44:	40	count	time	3.000000s/cts	O Det=4	H Det=78	Mon Det=9361	Aux Det=85	O+H=167	 DONE
10/10/2025 12:00:49:	move motor	S18.axis2.piezo rotation to 0.348410deg	 DONE
10/10/2025 12:00:50:	41	count	time	3.000000s/cts	O Det=2	H Det=70	Mon Det=9214	Aux Det=82	O+H=154	 DONE
10/10/2025 12:00:55:	move motor	S18.axis2.piezo rotation to 0.348470deg	 DONE
10/10/2025 12:00:56:	42	count	time	3.000000s/cts	O Det=1	H Det=61	Mon Det=9275	Aux Det=57	O+H=119	 DONE
10/10/2025 12:01:01:	move motor	S18.axis2.piezo rotation to 0.348530deg	 DONE
10/10/2025 12:01:03:	43	count	time	3.000000s/cts	O Det=3	H Det=55	Mon Det=9221	Aux Det=63	O+H=121	 DONE
10/10/2025 12:01:08:	move motor	S18.axis2.piezo rotation to 0.348590deg	 DONE
10/10/2025 12:01:09:	44	count	time	3.000000s/cts	O Det=4	H Det=51	Mon Det=9359	Aux Det=55	O+H=110	 DONE
10/10/2025 12:01:14:	move motor	S18.axis2.piezo rotation to 0.348650deg	 DONE
10/10/2025 12:01:15:	45	count	time	3.000000s/cts	O Det=1	H Det=30	Mon Det=9139	Aux Det=32	O+H=63	 DONE
10/10/2025 12:01:20:	move motor	S18.axis2.piezo rotation to 0.348710deg	 DONE
10/10/2025 12:01:21:	46	count	time	3.000000s/cts	O Det=0	H Det=23	Mon Det=9165	Aux Det=38	O+H=61	 DONE
10/10/2025 12:01:26:	move motor	S18.axis2.piezo rotation to 0.348770deg	 DONE
10/10/2025 12:01:27:	47	count	time	3.000000s/cts	O Det=0	H Det=26	Mon Det=9122	Aux Det=34	O+H=60	 DONE
10/10/2025 12:01:32:	move motor	S18.axis2.piezo rotation to 0.348830deg	 DONE
10/10/2025 12:01:33:	48	count	time	3.000000s/cts	O Det=1	H Det=31	Mon Det=9195	Aux Det=36	O+H=68	 DONE
10/10/2025 12:01:38:	move motor	S18.axis2.piezo rotation to 0.348890deg	 DONE
10/10/2025 12:01:39:	49	count	time	3.000000s/cts	O Det=1	H Det=23	Mon Det=9384	Aux Det=28	O+H=52	 DONE
10/10/2025 12:01:44:	move motor	S18.axis2.piezo rotation to 0.348950deg	 DONE
10/10/2025 12:01:45:	50	count	time	3.000000s/cts	O Det=0	H Det=16	Mon Det=9200	Aux Det=24	O+H=40	 DONE
10/10/2025 12:01:50:	move motor	S18.axis2.piezo rotation to 0.349010deg	 DONE
10/10/2025 12:01:51:	51	count	time	3.000000s/cts	O Det=0	H Det=24	Mon Det=9325	Aux Det=23	O+H=47	 DONE
10/10/2025 12:01:56:	move motor	S18.axis2.piezo rotation to 0.349070deg	 DONE
10/10/2025 12:01:58:	52	count	time	3.000000s/cts	O Det=0	H Det=19	Mon Det=9110	Aux Det=27	O+H=46	 DONE
10/10/2025 12:02:02:	move motor	S18.axis2.piezo rotation to 0.349130deg	 DONE
10/10/2025 12:02:04:	53	count	time	3.000000s/cts	O Det=1	H Det=18	Mon Det=9098	Aux Det=21	O+H=40	 DONE
10/10/2025 12:02:08:	move motor	S18.axis2.piezo rotation to 0.349190deg	 DONE
10/10/2025 12:02:10:	54	count	time	3.000000s/cts	O Det=0	H Det=18	Mon Det=9313	Aux Det=12	O+H=30	 DONE
10/10/2025 12:02:14:	move motor	S18.axis2.piezo rotation to 0.349250deg	 DONE
10/10/2025 12:02:15:	55	count	time	3.000000s/cts	O Det=0	H Det=14	Mon Det=9227	Aux Det=21	O+H=35	 DONE
10/10/2025 12:02:20:	move motor	S18.axis2.piezo rotation to 0.349310deg	 DONE
10/10/2025 12:02:22:	56	count	time	3.000000s/cts	O Det=1	H Det=21	Mon Det=9210	Aux Det=15	O+H=37	 DONE
10/10/2025 12:02:26:	move motor	S18.axis2.piezo rotation to 0.349370deg	 DONE
10/10/2025 12:02:28:	57	count	time	3.000000s/cts	O Det=1	H Det=17	Mon Det=9336	Aux Det=25	O+H=43	 DONE
10/10/2025 12:02:32:	move motor	S18.axis2.piezo rotation to 0.349430deg	 DONE
10/10/2025 12:02:34:	58	count	time	3.000000s/cts	O Det=0	H Det=13	Mon Det=9326	Aux Det=15	O+H=28	 DONE
10/10/2025 12:02:38:	move motor	S18.axis2.piezo rotation to 0.349490deg	 DONE
10/10/2025 12:02:40:	59	count	time	3.000000s/cts	O Det=1	H Det=12	Mon Det=9196	Aux Det=12	O+H=25	 DONE
10/10/2025 12:02:44:	move motor	S18.axis2.piezo rotation to 0.349550deg	 DONE
10/10/2025 12:02:46:	60	count	time	3.000000s/cts	O Det=0	H Det=13	Mon Det=9180	Aux Det=17	O+H=30	 DONE
10/10/2025 12:02:50:	close file and end scan	 DONE
10/10/2025 12:02:51:	move motor	S18.axis2.piezo rotation to fit SUM PEAK60	0.347690reached 0.34769  DONE
10/10/2025 12:02:55:	END OF SCRIPT	 DONE
