01/10/2025 05:39:09:	start execution of script D:\data\Cycle 198\exp_3-16-19\rawdata\sc\rocking.sc	 DONE
01/10/2025 05:39:09:	move motor	S18.axis2.piezo rotation to -0.983220deg	 DONE
01/10/2025 05:39:13:	create file	D:\data\Cycle 198\exp_3-16-19\rawdata\sc\rocking_01Oct0539.dat	 DONE
room to enter remarks DONE
01/10/2025 05:39:14:	move motor	S18.axis2.piezo rotation to -0.883220deg	 DONE
01/10/2025 05:39:19:	1	count	time	5.000000s/cts	O Det=2	H Det=17	Mon Det=11481	Aux Det=31	O+H=50	 DONE
01/10/2025 05:39:25:	move motor	S18.axis2.piezo rotation to -0.883160deg	 DONE
01/10/2025 05:39:27:	2	count	time	5.000000s/cts	O Det=1	H Det=20	Mon Det=11461	Aux Det=24	O+H=45	 DONE
01/10/2025 05:39:34:	move motor	S18.axis2.piezo rotation to -0.883100deg	 DONE
01/10/2025 05:39:35:	3	count	time	5.000000s/cts	O Det=0	H Det=16	Mon Det=11341	Aux Det=21	O+H=37	 DONE
01/10/2025 05:39:42:	move motor	S18.axis2.piezo rotation to -0.883040deg	 DONE
01/10/2025 05:39:44:	4	count	time	5.000000s/cts	O Det=0	H Det=16	Mon Det=11480	Aux Det=20	O+H=36	 DONE
01/10/2025 05:39:50:	move motor	S18.axis2.piezo rotation to -0.882980deg	 DONE
01/10/2025 05:39:52:	5	count	time	5.000000s/cts	O Det=0	H Det=25	Mon Det=11345	Aux Det=26	O+H=51	 DONE
01/10/2025 05:39:59:	move motor	S18.axis2.piezo rotation to -0.882920deg	 DONE
01/10/2025 05:40:00:	6	count	time	5.000000s/cts	O Det=0	H Det=24	Mon Det=11398	Aux Det=30	O+H=54	 DONE
01/10/2025 05:40:07:	move motor	S18.axis2.piezo rotation to -0.882860deg	 DONE
01/10/2025 05:40:08:	7	count	time	5.000000s/cts	O Det=0	H Det=20	Mon Det=11449	Aux Det=23	O+H=43	 DONE
01/10/2025 05:40:15:	move motor	S18.axis2.piezo rotation to -0.882800deg	 DONE
01/10/2025 05:40:16:	8	count	time	5.000000s/cts	O Det=0	H Det=28	Mon Det=11475	Aux Det=20	O+H=48	 DONE
01/10/2025 05:40:23:	move motor	S18.axis2.piezo rotation to -0.882740deg	 DONE
01/10/2025 05:40:24:	9	count	time	5.000000s/cts	O Det=0	H Det=20	Mon Det=11538	Aux Det=39	O+H=59	 DONE
01/10/2025 05:40:31:	move motor	S18.axis2.piezo rotation to -0.882680deg	 DONE
01/10/2025 05:40:32:	10	count	time	5.000000s/cts	O Det=0	H Det=25	Mon Det=11350	Aux Det=44	O+H=69	 DONE
01/10/2025 05:40:39:	move motor	S18.axis2.piezo rotation to -0.882620deg	 DONE
01/10/2025 05:40:41:	11	count	time	5.000000s/cts	O Det=3	H Det=34	Mon Det=11389	Aux Det=39	O+H=76	 DONE
01/10/2025 05:40:47:	move motor	S18.axis2.piezo rotation to -0.882560deg	 DONE
01/10/2025 05:40:49:	12	count	time	5.000000s/cts	O Det=1	H Det=37	Mon Det=11357	Aux Det=44	O+H=82	 DONE
01/10/2025 05:40:55:	move motor	S18.axis2.piezo rotation to -0.882500deg	 DONE
01/10/2025 05:40:57:	13	count	time	5.000000s/cts	O Det=1	H Det=33	Mon Det=11387	Aux Det=43	O+H=77	 DONE
01/10/2025 05:41:03:	move motor	S18.axis2.piezo rotation to -0.882440deg	 DONE
01/10/2025 05:41:05:	14	count	time	5.000000s/cts	O Det=4	H Det=43	Mon Det=11426	Aux Det=40	O+H=87	 DONE
01/10/2025 05:41:12:	move motor	S18.axis2.piezo rotation to -0.882380deg	 DONE
01/10/2025 05:41:13:	15	count	time	5.000000s/cts	O Det=2	H Det=46	Mon Det=11432	Aux Det=61	O+H=109	 DONE
01/10/2025 05:41:20:	move motor	S18.axis2.piezo rotation to -0.882320deg	 DONE
01/10/2025 05:41:21:	16	count	time	5.000000s/cts	O Det=0	H Det=58	Mon Det=11469	Aux Det=54	O+H=112	 DONE
01/10/2025 05:41:28:	move motor	S18.axis2.piezo rotation to -0.882260deg	 DONE
01/10/2025 05:41:29:	17	count	time	5.000000s/cts	O Det=6	H Det=59	Mon Det=11460	Aux Det=68	O+H=133	 DONE
01/10/2025 05:41:36:	move motor	S18.axis2.piezo rotation to -0.882200deg	 DONE
01/10/2025 05:41:37:	18	count	time	5.000000s/cts	O Det=3	H Det=57	Mon Det=11471	Aux Det=75	O+H=135	 DONE
01/10/2025 05:41:44:	move motor	S18.axis2.piezo rotation to -0.882140deg	 DONE
01/10/2025 05:41:45:	19	count	time	5.000000s/cts	O Det=1	H Det=64	Mon Det=11426	Aux Det=81	O+H=146	 DONE
01/10/2025 05:41:52:	move motor	S18.axis2.piezo rotation to -0.882080deg	 DONE
01/10/2025 05:41:54:	20	count	time	5.000000s/cts	O Det=12	H Det=75	Mon Det=11224	Aux Det=101	O+H=188	 DONE
01/10/2025 05:42:00:	move motor	S18.axis2.piezo rotation to -0.882020deg	 DONE
01/10/2025 05:42:02:	21	count	time	5.000000s/cts	O Det=12	H Det=123	Mon Det=11430	Aux Det=118	O+H=253	 DONE
01/10/2025 05:42:09:	move motor	S18.axis2.piezo rotation to -0.881960deg	 DONE
01/10/2025 05:42:10:	22	count	time	5.000000s/cts	O Det=18	H Det=149	Mon Det=11479	Aux Det=146	O+H=313	 DONE
01/10/2025 05:42:17:	move motor	S18.axis2.piezo rotation to -0.881900deg	 DONE
01/10/2025 05:42:18:	23	count	time	5.000000s/cts	O Det=21	H Det=175	Mon Det=11503	Aux Det=162	O+H=358	 DONE
01/10/2025 05:42:25:	move motor	S18.axis2.piezo rotation to -0.881840deg	 DONE
01/10/2025 05:42:26:	24	count	time	5.000000s/cts	O Det=28	H Det=204	Mon Det=11515	Aux Det=189	O+H=421	 DONE
01/10/2025 05:42:33:	move motor	S18.axis2.piezo rotation to -0.881780deg	 DONE
01/10/2025 05:42:34:	25	count	time	5.000000s/cts	O Det=41	H Det=211	Mon Det=11339	Aux Det=206	O+H=458	 DONE
01/10/2025 05:42:41:	move motor	S18.axis2.piezo rotation to -0.881720deg	 DONE
01/10/2025 05:42:43:	26	count	time	5.000000s/cts	O Det=48	H Det=257	Mon Det=11301	Aux Det=288	O+H=593	 DONE
01/10/2025 05:42:49:	move motor	S18.axis2.piezo rotation to -0.881660deg	 DONE
01/10/2025 05:42:51:	27	count	time	5.000000s/cts	O Det=86	H Det=270	Mon Det=11239	Aux Det=323	O+H=679	 DONE
01/10/2025 05:42:57:	move motor	S18.axis2.piezo rotation to -0.881600deg	 DONE
01/10/2025 05:42:59:	28	count	time	5.000000s/cts	O Det=127	H Det=341	Mon Det=11389	Aux Det=359	O+H=827	 DONE
01/10/2025 05:43:06:	move motor	S18.axis2.piezo rotation to -0.881540deg	 DONE
01/10/2025 05:43:07:	29	count	time	5.000000s/cts	O Det=150	H Det=371	Mon Det=11404	Aux Det=401	O+H=922	 DONE
01/10/2025 05:43:14:	move motor	S18.axis2.piezo rotation to -0.881480deg	 DONE
01/10/2025 05:43:15:	30	count	time	5.000000s/cts	O Det=183	H Det=444	Mon Det=11566	Aux Det=405	O+H=1032	 DONE
01/10/2025 05:43:22:	move motor	S18.axis2.piezo rotation to -0.881420deg	 DONE
01/10/2025 05:43:24:	31	count	time	5.000000s/cts	O Det=197	H Det=504	Mon Det=11422	Aux Det=454	O+H=1155	 DONE
01/10/2025 05:43:30:	move motor	S18.axis2.piezo rotation to -0.881360deg	 DONE
01/10/2025 05:43:32:	32	count	time	5.000000s/cts	O Det=208	H Det=549	Mon Det=11441	Aux Det=458	O+H=1215	 DONE
01/10/2025 05:43:38:	move motor	S18.axis2.piezo rotation to -0.881300deg	 DONE
01/10/2025 05:43:40:	33	count	time	5.000000s/cts	O Det=215	H Det=673	Mon Det=11585	Aux Det=474	O+H=1362	 DONE
01/10/2025 05:43:47:	move motor	S18.axis2.piezo rotation to -0.881240deg	 DONE
01/10/2025 05:43:48:	34	count	time	5.000000s/cts	O Det=175	H Det=702	Mon Det=11425	Aux Det=502	O+H=1379	 DONE
01/10/2025 05:43:54:	move motor	S18.axis2.piezo rotation to -0.881180deg	 DONE
01/10/2025 05:43:56:	35	count	time	5.000000s/cts	O Det=179	H Det=696	Mon Det=11430	Aux Det=481	O+H=1356	 DONE
01/10/2025 05:44:03:	move motor	S18.axis2.piezo rotation to -0.881120deg	 DONE
01/10/2025 05:44:04:	36	count	time	5.000000s/cts	O Det=152	H Det=708	Mon Det=11373	Aux Det=447	O+H=1307	 DONE
01/10/2025 05:44:11:	move motor	S18.axis2.piezo rotation to -0.881060deg	 DONE
01/10/2025 05:44:13:	37	count	time	5.000000s/cts	O Det=140	H Det=576	Mon Det=11361	Aux Det=431	O+H=1147	 DONE
01/10/2025 05:44:19:	move motor	S18.axis2.piezo rotation to -0.881000deg	 DONE
01/10/2025 05:44:21:	38	count	time	5.000000s/cts	O Det=124	H Det=575	Mon Det=11259	Aux Det=488	O+H=1187	 DONE
01/10/2025 05:44:27:	move motor	S18.axis2.piezo rotation to -0.880940deg	 DONE
01/10/2025 05:44:29:	39	count	time	5.000000s/cts	O Det=76	H Det=496	Mon Det=11152	Aux Det=401	O+H=973	 DONE
01/10/2025 05:44:35:	move motor	S18.axis2.piezo rotation to -0.880880deg	 DONE
01/10/2025 05:44:37:	40	count	time	5.000000s/cts	O Det=69	H Det=459	Mon Det=11487	Aux Det=368	O+H=896	 DONE
01/10/2025 05:44:43:	move motor	S18.axis2.piezo rotation to -0.880820deg	 DONE
01/10/2025 05:44:45:	41	count	time	5.000000s/cts	O Det=50	H Det=415	Mon Det=11321	Aux Det=339	O+H=804	 DONE
01/10/2025 05:44:52:	move motor	S18.axis2.piezo rotation to -0.880760deg	 DONE
01/10/2025 05:44:53:	42	count	time	5.000000s/cts	O Det=47	H Det=312	Mon Det=11370	Aux Det=311	O+H=670	 DONE
01/10/2025 05:45:00:	move motor	S18.axis2.piezo rotation to -0.880700deg	 DONE
01/10/2025 05:45:01:	43	count	time	5.000000s/cts	O Det=43	H Det=263	Mon Det=11355	Aux Det=259	O+H=565	 DONE
01/10/2025 05:45:08:	move motor	S18.axis2.piezo rotation to -0.880640deg	 DONE
01/10/2025 05:45:09:	44	count	time	5.000000s/cts	O Det=32	H Det=216	Mon Det=11375	Aux Det=221	O+H=469	 DONE
01/10/2025 05:45:16:	move motor	S18.axis2.piezo rotation to -0.880580deg	 DONE
01/10/2025 05:45:17:	45	count	time	5.000000s/cts	O Det=20	H Det=162	Mon Det=11334	Aux Det=191	O+H=373	 DONE
01/10/2025 05:45:24:	move motor	S18.axis2.piezo rotation to -0.880520deg	 DONE
01/10/2025 05:45:26:	46	count	time	5.000000s/cts	O Det=19	H Det=154	Mon Det=11414	Aux Det=159	O+H=332	 DONE
01/10/2025 05:45:33:	move motor	S18.axis2.piezo rotation to -0.880460deg	 DONE
01/10/2025 05:45:34:	47	count	time	5.000000s/cts	O Det=11	H Det=122	Mon Det=11412	Aux Det=156	O+H=289	 DONE
01/10/2025 05:45:41:	move motor	S18.axis2.piezo rotation to -0.880400deg	 DONE
01/10/2025 05:45:42:	48	count	time	5.000000s/cts	O Det=4	H Det=104	Mon Det=11550	Aux Det=115	O+H=223	 DONE
01/10/2025 05:45:49:	move motor	S18.axis2.piezo rotation to -0.880340deg	 DONE
01/10/2025 05:45:50:	49	count	time	5.000000s/cts	O Det=2	H Det=90	Mon Det=11403	Aux Det=94	O+H=186	 DONE
01/10/2025 05:45:57:	move motor	S18.axis2.piezo rotation to -0.880280deg	 DONE
01/10/2025 05:45:59:	50	count	time	5.000000s/cts	O Det=6	H Det=64	Mon Det=11398	Aux Det=70	O+H=140	 DONE
01/10/2025 05:46:05:	move motor	S18.axis2.piezo rotation to -0.880220deg	 DONE
01/10/2025 05:46:06:	51	count	time	5.000000s/cts	O Det=2	H Det=66	Mon Det=11371	Aux Det=79	O+H=147	 DONE
01/10/2025 05:46:13:	move motor	S18.axis2.piezo rotation to -0.880160deg	 DONE
01/10/2025 05:46:15:	52	count	time	5.000000s/cts	O Det=0	H Det=46	Mon Det=11214	Aux Det=69	O+H=115	 DONE
01/10/2025 05:46:22:	move motor	S18.axis2.piezo rotation to -0.880100deg	 DONE
01/10/2025 05:46:23:	53	count	time	5.000000s/cts	O Det=2	H Det=54	Mon Det=11244	Aux Det=46	O+H=102	 DONE
01/10/2025 05:46:30:	move motor	S18.axis2.piezo rotation to -0.880040deg	 DONE
01/10/2025 05:46:31:	54	count	time	5.000000s/cts	O Det=2	H Det=51	Mon Det=11425	Aux Det=51	O+H=104	 DONE
01/10/2025 05:46:38:	move motor	S18.axis2.piezo rotation to -0.879980deg	 DONE
01/10/2025 05:46:39:	55	count	time	5.000000s/cts	O Det=0	H Det=46	Mon Det=11332	Aux Det=50	O+H=96	 DONE
01/10/2025 05:46:46:	move motor	S18.axis2.piezo rotation to -0.879920deg	 DONE
01/10/2025 05:46:48:	56	count	time	5.000000s/cts	O Det=1	H Det=48	Mon Det=11372	Aux Det=50	O+H=99	 DONE
01/10/2025 05:46:54:	move motor	S18.axis2.piezo rotation to -0.879860deg	 DONE
01/10/2025 05:46:55:	57	count	time	5.000000s/cts	O Det=0	H Det=40	Mon Det=11402	Aux Det=52	O+H=92	 DONE
01/10/2025 05:47:02:	move motor	S18.axis2.piezo rotation to -0.879800deg	 DONE
01/10/2025 05:47:03:	58	count	time	5.000000s/cts	O Det=0	H Det=28	Mon Det=11368	Aux Det=43	O+H=71	 DONE
01/10/2025 05:47:10:	move motor	S18.axis2.piezo rotation to -0.879740deg	 DONE
01/10/2025 05:47:11:	59	count	time	5.000000s/cts	O Det=0	H Det=35	Mon Det=11579	Aux Det=28	O+H=63	 DONE
01/10/2025 05:47:18:	move motor	S18.axis2.piezo rotation to -0.879680deg	 DONE
01/10/2025 05:47:20:	60	count	time	5.000000s/cts	O Det=1	H Det=29	Mon Det=11354	Aux Det=34	O+H=64	 DONE
01/10/2025 05:47:26:	close file and end scan	 DONE
01/10/2025 05:47:27:	move motor	S18.axis2.piezo rotation to fit SUM PEAK60	-0.881218reached -0.88122  DONE
01/10/2025 05:47:31:	END OF SCRIPT	 DONE
