26/09/2025 21:26:24:	start execution of script D:\data\Cycle 198\exp_3-16-19\rawdata\sc\rocking.sc	 DONE
26/09/2025 21:26:25:	move motor	S18.axis2.piezo rotation to -1.962255deg	 DONE
26/09/2025 21:26:29:	create file	D:\data\Cycle 198\exp_3-16-19\rawdata\sc\rocking_26Sep2126.dat	 DONE
room to enter remarks DONE
26/09/2025 21:26:30:	move motor	S18.axis2.piezo rotation to -1.862255deg	 DONE
26/09/2025 21:26:34:	1	count	time	5.000000s/cts	O Det=1	H Det=1	Mon Det=11197	Aux Det=38	O+H=40	 DONE
26/09/2025 21:26:41:	move motor	S18.axis2.piezo rotation to -1.862205deg	 DONE
26/09/2025 21:26:43:	2	count	time	5.000000s/cts	O Det=2	H Det=0	Mon Det=11296	Aux Det=74	O+H=76	 DONE
26/09/2025 21:26:50:	move motor	S18.axis2.piezo rotation to -1.862155deg	 DONE
26/09/2025 21:26:54:	3	count	time	5.000000s/cts	O Det=1	H Det=1	Mon Det=11346	Aux Det=69	O+H=71	 DONE
26/09/2025 21:27:01:	move motor	S18.axis2.piezo rotation to -1.862105deg	 DONE
26/09/2025 21:27:02:	4	count	time	5.000000s/cts	O Det=0	H Det=3	Mon Det=11351	Aux Det=64	O+H=67	 DONE
26/09/2025 21:27:09:	move motor	S18.axis2.piezo rotation to -1.862055deg	 DONE
26/09/2025 21:27:13:	5	count	time	5.000000s/cts	O Det=1	H Det=2	Mon Det=11217	Aux Det=85	O+H=88	 DONE
26/09/2025 21:27:20:	move motor	S18.axis2.piezo rotation to -1.862005deg	 DONE
26/09/2025 21:27:22:	6	count	time	5.000000s/cts	O Det=3	H Det=1	Mon Det=11258	Aux Det=87	O+H=91	 DONE
26/09/2025 21:27:28:	move motor	S18.axis2.piezo rotation to -1.861955deg	 DONE
26/09/2025 21:27:32:	7	count	time	5.000000s/cts	O Det=1	H Det=0	Mon Det=11354	Aux Det=68	O+H=69	 DONE
26/09/2025 21:27:39:	move motor	S18.axis2.piezo rotation to -1.861905deg	 DONE
26/09/2025 21:27:41:	8	count	time	5.000000s/cts	O Det=2	H Det=2	Mon Det=11353	Aux Det=92	O+H=96	 DONE
26/09/2025 21:27:48:	move motor	S18.axis2.piezo rotation to -1.861855deg	 DONE
26/09/2025 21:27:52:	9	count	time	5.000000s/cts	O Det=1	H Det=2	Mon Det=11426	Aux Det=89	O+H=92	 DONE
26/09/2025 21:27:59:	move motor	S18.axis2.piezo rotation to -1.861805deg	 DONE
26/09/2025 21:28:03:	10	count	time	5.000000s/cts	O Det=2	H Det=4	Mon Det=11173	Aux Det=108	O+H=114	 DONE
26/09/2025 21:28:10:	move motor	S18.axis2.piezo rotation to -1.861755deg	 DONE
26/09/2025 21:28:14:	11	count	time	5.000000s/cts	O Det=4	H Det=3	Mon Det=11474	Aux Det=127	O+H=134	 DONE
26/09/2025 21:28:20:	move motor	S18.axis2.piezo rotation to -1.861705deg	 DONE
26/09/2025 21:28:25:	12	count	time	5.000000s/cts	O Det=5	H Det=2	Mon Det=11305	Aux Det=144	O+H=151	 DONE
26/09/2025 21:28:31:	move motor	S18.axis2.piezo rotation to -1.861655deg	 DONE
26/09/2025 21:28:35:	13	count	time	5.000000s/cts	O Det=5	H Det=5	Mon Det=11393	Aux Det=150	O+H=160	 DONE
26/09/2025 21:28:42:	move motor	S18.axis2.piezo rotation to -1.861605deg	 DONE
26/09/2025 21:28:46:	14	count	time	5.000000s/cts	O Det=7	H Det=2	Mon Det=11473	Aux Det=174	O+H=183	 DONE
26/09/2025 21:28:53:	move motor	S18.axis2.piezo rotation to -1.861555deg	 DONE
26/09/2025 21:28:57:	15	count	time	5.000000s/cts	O Det=15	H Det=4	Mon Det=11347	Aux Det=246	O+H=265	 DONE
26/09/2025 21:29:04:	move motor	S18.axis2.piezo rotation to -1.861505deg	 DONE
26/09/2025 21:29:08:	16	count	time	5.000000s/cts	O Det=19	H Det=13	Mon Det=11245	Aux Det=286	O+H=318	 DONE
26/09/2025 21:29:15:	move motor	S18.axis2.piezo rotation to -1.861455deg	 DONE
26/09/2025 21:29:16:	17	count	time	5.000000s/cts	O Det=17	H Det=10	Mon Det=11272	Aux Det=357	O+H=384	 DONE
26/09/2025 21:29:23:	move motor	S18.axis2.piezo rotation to -1.861405deg	 DONE
26/09/2025 21:29:27:	18	count	time	5.000000s/cts	O Det=36	H Det=11	Mon Det=11218	Aux Det=419	O+H=466	 DONE
26/09/2025 21:29:34:	move motor	S18.axis2.piezo rotation to -1.861355deg	 DONE
26/09/2025 21:29:35:	19	count	time	5.000000s/cts	O Det=31	H Det=9	Mon Det=11189	Aux Det=353	O+H=393	 DONE
26/09/2025 21:29:42:	move motor	S18.axis2.piezo rotation to -1.861305deg	 DONE
26/09/2025 21:29:46:	20	count	time	5.000000s/cts	O Det=52	H Det=9	Mon Det=11113	Aux Det=441	O+H=502	 DONE
26/09/2025 21:29:53:	move motor	S18.axis2.piezo rotation to -1.861255deg	 DONE
26/09/2025 21:29:54:	21	count	time	5.000000s/cts	O Det=67	H Det=16	Mon Det=11310	Aux Det=513	O+H=596	 DONE
26/09/2025 21:30:01:	move motor	S18.axis2.piezo rotation to -1.861205deg	 DONE
26/09/2025 21:30:05:	22	count	time	5.000000s/cts	O Det=108	H Det=53	Mon Det=11272	Aux Det=601	O+H=762	 DONE
26/09/2025 21:30:12:	move motor	S18.axis2.piezo rotation to -1.861155deg	 DONE
26/09/2025 21:30:13:	23	count	time	5.000000s/cts	O Det=167	H Det=75	Mon Det=11237	Aux Det=724	O+H=966	 DONE
26/09/2025 21:30:20:	move motor	S18.axis2.piezo rotation to -1.861105deg	 DONE
26/09/2025 21:30:24:	24	count	time	5.000000s/cts	O Det=199	H Det=87	Mon Det=11338	Aux Det=844	O+H=1130	 DONE
26/09/2025 21:30:31:	move motor	S18.axis2.piezo rotation to -1.861055deg	 DONE
26/09/2025 21:30:32:	25	count	time	5.000000s/cts	O Det=252	H Det=147	Mon Det=11188	Aux Det=1115	O+H=1514	 DONE
26/09/2025 21:30:39:	move motor	S18.axis2.piezo rotation to -1.861005deg	 DONE
26/09/2025 21:30:43:	26	count	time	5.000000s/cts	O Det=314	H Det=230	Mon Det=11207	Aux Det=1396	O+H=1940	 DONE
26/09/2025 21:30:50:	move motor	S18.axis2.piezo rotation to -1.860955deg	 DONE
26/09/2025 21:30:51:	27	count	time	5.000000s/cts	O Det=363	H Det=257	Mon Det=11221	Aux Det=1654	O+H=2274	 DONE
26/09/2025 21:30:58:	move motor	S18.axis2.piezo rotation to -1.860905deg	 DONE
26/09/2025 21:31:02:	28	count	time	5.000000s/cts	O Det=378	H Det=334	Mon Det=11223	Aux Det=1869	O+H=2581	 DONE
26/09/2025 21:31:09:	move motor	S18.axis2.piezo rotation to -1.860855deg	 DONE
26/09/2025 21:31:13:	29	count	time	5.000000s/cts	O Det=403	H Det=333	Mon Det=11248	Aux Det=2072	O+H=2808	 DONE
26/09/2025 21:31:20:	move motor	S18.axis2.piezo rotation to -1.860805deg	 DONE
26/09/2025 21:31:24:	30	count	time	5.000000s/cts	O Det=296	H Det=299	Mon Det=11172	Aux Det=2336	O+H=2931	 DONE
26/09/2025 21:31:30:	move motor	S18.axis2.piezo rotation to -1.860755deg	 DONE
26/09/2025 21:31:35:	31	count	time	5.000000s/cts	O Det=276	H Det=263	Mon Det=11152	Aux Det=2275	O+H=2814	 DONE
26/09/2025 21:31:41:	move motor	S18.axis2.piezo rotation to -1.860705deg	 DONE
26/09/2025 21:31:45:	32	count	time	5.000000s/cts	O Det=251	H Det=227	Mon Det=11197	Aux Det=2315	O+H=2793	 DONE
26/09/2025 21:31:52:	move motor	S18.axis2.piezo rotation to -1.860655deg	 DONE
26/09/2025 21:31:56:	33	count	time	5.000000s/cts	O Det=175	H Det=164	Mon Det=11238	Aux Det=2086	O+H=2425	 DONE
26/09/2025 21:32:03:	move motor	S18.axis2.piezo rotation to -1.860605deg	 DONE
26/09/2025 21:32:07:	34	count	time	5.000000s/cts	O Det=126	H Det=105	Mon Det=11268	Aux Det=1787	O+H=2018	 DONE
26/09/2025 21:32:14:	move motor	S18.axis2.piezo rotation to -1.860555deg	 DONE
26/09/2025 21:32:18:	35	count	time	5.000000s/cts	O Det=83	H Det=82	Mon Det=11262	Aux Det=1500	O+H=1665	 DONE
26/09/2025 21:32:25:	move motor	S18.axis2.piezo rotation to -1.860505deg	 DONE
26/09/2025 21:32:29:	36	count	time	5.000000s/cts	O Det=58	H Det=42	Mon Det=11320	Aux Det=1290	O+H=1390	 DONE
26/09/2025 21:32:35:	move motor	S18.axis2.piezo rotation to -1.860455deg	 DONE
26/09/2025 21:32:39:	37	count	time	5.000000s/cts	O Det=42	H Det=25	Mon Det=11382	Aux Det=998	O+H=1065	 DONE
26/09/2025 21:32:46:	move motor	S18.axis2.piezo rotation to -1.860405deg	 DONE
26/09/2025 21:32:47:	38	count	time	5.000000s/cts	O Det=41	H Det=14	Mon Det=11382	Aux Det=828	O+H=883	 DONE
26/09/2025 21:32:54:	move motor	S18.axis2.piezo rotation to -1.860355deg	 DONE
26/09/2025 21:32:58:	39	count	time	5.000000s/cts	O Det=26	H Det=12	Mon Det=11230	Aux Det=595	O+H=633	 DONE
26/09/2025 21:33:05:	move motor	S18.axis2.piezo rotation to -1.860305deg	 DONE
26/09/2025 21:33:06:	40	count	time	5.000000s/cts	O Det=27	H Det=8	Mon Det=11116	Aux Det=494	O+H=529	 DONE
26/09/2025 21:33:13:	move motor	S18.axis2.piezo rotation to -1.860255deg	 DONE
26/09/2025 21:33:17:	41	count	time	5.000000s/cts	O Det=29	H Det=8	Mon Det=11404	Aux Det=447	O+H=484	 DONE
26/09/2025 21:33:23:	move motor	S18.axis2.piezo rotation to -1.860205deg	 DONE
26/09/2025 21:33:25:	42	count	time	5.000000s/cts	O Det=13	H Det=5	Mon Det=11381	Aux Det=322	O+H=340	 DONE
26/09/2025 21:33:31:	move motor	S18.axis2.piezo rotation to -1.860155deg	 DONE
26/09/2025 21:33:35:	43	count	time	5.000000s/cts	O Det=7	H Det=6	Mon Det=11350	Aux Det=286	O+H=299	 DONE
26/09/2025 21:33:42:	move motor	S18.axis2.piezo rotation to -1.860105deg	 DONE
26/09/2025 21:33:44:	44	count	time	5.000000s/cts	O Det=7	H Det=2	Mon Det=11393	Aux Det=222	O+H=231	 DONE
26/09/2025 21:33:51:	move motor	S18.axis2.piezo rotation to -1.860055deg	 DONE
26/09/2025 21:33:55:	45	count	time	5.000000s/cts	O Det=12	H Det=1	Mon Det=11285	Aux Det=205	O+H=218	 DONE
26/09/2025 21:34:02:	move motor	S18.axis2.piezo rotation to -1.860005deg	 DONE
26/09/2025 21:34:03:	46	count	time	5.000000s/cts	O Det=6	H Det=1	Mon Det=11187	Aux Det=190	O+H=197	 DONE
26/09/2025 21:34:10:	move motor	S18.axis2.piezo rotation to -1.859955deg	 DONE
26/09/2025 21:34:14:	47	count	time	5.000000s/cts	O Det=2	H Det=1	Mon Det=11342	Aux Det=159	O+H=162	 DONE
26/09/2025 21:34:21:	move motor	S18.axis2.piezo rotation to -1.859905deg	 DONE
26/09/2025 21:34:22:	48	count	time	5.000000s/cts	O Det=8	H Det=1	Mon Det=11199	Aux Det=125	O+H=134	 DONE
26/09/2025 21:34:29:	move motor	S18.axis2.piezo rotation to -1.859855deg	 DONE
26/09/2025 21:34:33:	49	count	time	5.000000s/cts	O Det=1	H Det=1	Mon Det=11233	Aux Det=120	O+H=122	 DONE
26/09/2025 21:34:40:	move motor	S18.axis2.piezo rotation to -1.859805deg	 DONE
26/09/2025 21:34:44:	50	count	time	5.000000s/cts	O Det=2	H Det=1	Mon Det=11310	Aux Det=126	O+H=129	 DONE
26/09/2025 21:34:51:	move motor	S18.axis2.piezo rotation to -1.859755deg	 DONE
26/09/2025 21:34:55:	51	count	time	5.000000s/cts	O Det=4	H Det=2	Mon Det=11301	Aux Det=88	O+H=94	 DONE
26/09/2025 21:35:02:	move motor	S18.axis2.piezo rotation to -1.859705deg	 DONE
26/09/2025 21:35:06:	52	count	time	5.000000s/cts	O Det=1	H Det=3	Mon Det=11350	Aux Det=105	O+H=109	 DONE
26/09/2025 21:35:12:	move motor	S18.axis2.piezo rotation to -1.859655deg	 DONE
26/09/2025 21:35:17:	53	count	time	5.000000s/cts	O Det=3	H Det=1	Mon Det=11124	Aux Det=83	O+H=87	 DONE
26/09/2025 21:35:23:	move motor	S18.axis2.piezo rotation to -1.859605deg	 DONE
26/09/2025 21:35:27:	54	count	time	5.000000s/cts	O Det=0	H Det=1	Mon Det=11306	Aux Det=74	O+H=75	 DONE
26/09/2025 21:35:34:	move motor	S18.axis2.piezo rotation to -1.859555deg	 DONE
26/09/2025 21:35:38:	55	count	time	5.000000s/cts	O Det=2	H Det=1	Mon Det=11238	Aux Det=67	O+H=70	 DONE
26/09/2025 21:35:45:	move motor	S18.axis2.piezo rotation to -1.859505deg	 DONE
26/09/2025 21:35:49:	56	count	time	5.000000s/cts	O Det=1	H Det=0	Mon Det=11150	Aux Det=61	O+H=62	 DONE
26/09/2025 21:35:56:	move motor	S18.axis2.piezo rotation to -1.859455deg	 DONE
26/09/2025 21:35:57:	57	count	time	5.000000s/cts	O Det=2	H Det=0	Mon Det=11080	Aux Det=85	O+H=87	 DONE
26/09/2025 21:36:04:	move motor	S18.axis2.piezo rotation to -1.859405deg	 DONE
26/09/2025 21:36:08:	58	count	time	5.000000s/cts	O Det=2	H Det=1	Mon Det=11245	Aux Det=64	O+H=67	 DONE
26/09/2025 21:36:14:	move motor	S18.axis2.piezo rotation to -1.859355deg	 DONE
26/09/2025 21:36:16:	59	count	time	5.000000s/cts	O Det=1	H Det=1	Mon Det=11304	Aux Det=55	O+H=57	 DONE
26/09/2025 21:36:22:	move motor	S18.axis2.piezo rotation to -1.859305deg	 DONE
26/09/2025 21:36:26:	60	count	time	5.000000s/cts	O Det=2	H Det=2	Mon Det=11376	Aux Det=39	O+H=43	 DONE
26/09/2025 21:36:33:	close file and end scan	 DONE
26/09/2025 21:36:34:	move motor	S18.axis2.piezo rotation to fit SUM PEAK60	-1.860793reached -1.86079  DONE
26/09/2025 21:36:37:	END OF SCRIPT	 DONE
