23/10/2025 23:40:43:	start execution of script D:\data\Cycle 198\exp_3-16-19\rawdata\sc\rocking.sc	 DONE
23/10/2025 23:40:44:	move motor	S18.axis2.piezo rotation to 0.246116deg	 DONE
23/10/2025 23:40:48:	create file	D:\data\Cycle 198\exp_3-16-19\rawdata\sc\rocking_23Oct2340.dat	 DONE
room to enter remarks DONE
23/10/2025 23:40:49:	move motor	S18.axis2.piezo rotation to 0.346116deg	 DONE
23/10/2025 23:40:52:	1	count	time	3.000000s/cts	O Det=11	H Det=96	Mon Det=7651	Aux Det=88	O+H=195	 DONE
23/10/2025 23:40:56:	move motor	S18.axis2.piezo rotation to 0.346176deg	 DONE
23/10/2025 23:40:58:	2	count	time	3.000000s/cts	O Det=21	H Det=115	Mon Det=7640	Aux Det=118	O+H=254	 DONE
23/10/2025 23:41:03:	move motor	S18.axis2.piezo rotation to 0.346236deg	 DONE
23/10/2025 23:41:04:	3	count	time	3.000000s/cts	O Det=17	H Det=102	Mon Det=7596	Aux Det=161	O+H=280	 DONE
23/10/2025 23:41:09:	move motor	S18.axis2.piezo rotation to 0.346296deg	 DONE
23/10/2025 23:41:10:	4	count	time	3.000000s/cts	O Det=18	H Det=100	Mon Det=7735	Aux Det=145	O+H=263	 DONE
23/10/2025 23:41:15:	move motor	S18.axis2.piezo rotation to 0.346356deg	 DONE
23/10/2025 23:41:16:	5	count	time	3.000000s/cts	O Det=23	H Det=128	Mon Det=7668	Aux Det=179	O+H=330	 DONE
23/10/2025 23:41:20:	move motor	S18.axis2.piezo rotation to 0.346416deg	 DONE
23/10/2025 23:41:22:	6	count	time	3.000000s/cts	O Det=41	H Det=157	Mon Det=7645	Aux Det=218	O+H=416	 DONE
23/10/2025 23:41:26:	move motor	S18.axis2.piezo rotation to 0.346476deg	 DONE
23/10/2025 23:41:28:	7	count	time	3.000000s/cts	O Det=57	H Det=193	Mon Det=7479	Aux Det=285	O+H=535	 DONE
23/10/2025 23:41:32:	move motor	S18.axis2.piezo rotation to 0.346536deg	 DONE
23/10/2025 23:41:34:	8	count	time	3.000000s/cts	O Det=66	H Det=263	Mon Det=7853	Aux Det=328	O+H=657	 DONE
23/10/2025 23:41:38:	move motor	S18.axis2.piezo rotation to 0.346596deg	 DONE
23/10/2025 23:41:39:	9	count	time	3.000000s/cts	O Det=104	H Det=273	Mon Det=7650	Aux Det=472	O+H=849	 DONE
23/10/2025 23:41:44:	move motor	S18.axis2.piezo rotation to 0.346656deg	 DONE
23/10/2025 23:41:45:	10	count	time	3.000000s/cts	O Det=142	H Det=287	Mon Det=7798	Aux Det=637	O+H=1066	 DONE
23/10/2025 23:41:50:	move motor	S18.axis2.piezo rotation to 0.346716deg	 DONE
23/10/2025 23:41:51:	11	count	time	3.000000s/cts	O Det=162	H Det=316	Mon Det=7472	Aux Det=893	O+H=1371	 DONE
23/10/2025 23:41:56:	move motor	S18.axis2.piezo rotation to 0.346776deg	 DONE
23/10/2025 23:41:57:	12	count	time	3.000000s/cts	O Det=197	H Det=300	Mon Det=7585	Aux Det=1002	O+H=1499	 DONE
23/10/2025 23:42:02:	move motor	S18.axis2.piezo rotation to 0.346836deg	 DONE
23/10/2025 23:42:03:	13	count	time	3.000000s/cts	O Det=195	H Det=289	Mon Det=7931	Aux Det=1119	O+H=1603	 DONE
23/10/2025 23:42:08:	move motor	S18.axis2.piezo rotation to 0.346896deg	 DONE
23/10/2025 23:42:09:	14	count	time	3.000000s/cts	O Det=252	H Det=237	Mon Det=7732	Aux Det=1035	O+H=1524	 DONE
23/10/2025 23:42:14:	move motor	S18.axis2.piezo rotation to 0.346956deg	 DONE
23/10/2025 23:42:15:	15	count	time	3.000000s/cts	O Det=160	H Det=220	Mon Det=7636	Aux Det=927	O+H=1307	 DONE
23/10/2025 23:42:20:	move motor	S18.axis2.piezo rotation to 0.347016deg	 DONE
23/10/2025 23:42:21:	16	count	time	3.000000s/cts	O Det=0	H Det=0	Mon Det=0	Aux Det=0	O+H=0	STOPPED BY USER	23/10/2025 23:42:23:	close file and end scan	 DONE
23/10/2025 23:42:23:	move motor	S18.axis2.piezo rotation to fit SUM PEAK60	0.346836reached 0.34684  DONE
