06/10/2025 09:40:02:	start execution of script D:\data\Cycle 198\exp_3-16-19\rawdata\sc\rocking.sc	 DONE
06/10/2025 09:40:02:	move motor	S18.axis2.piezo rotation to -0.246905deg	 DONE
06/10/2025 09:40:05:	create file	D:\data\Cycle 198\exp_3-16-19\rawdata\sc\rocking_06Oct0940.dat	 DONE
room to enter remarks DONE
06/10/2025 09:40:06:	move motor	S18.axis2.piezo rotation to -0.146905deg	 DONE
06/10/2025 09:40:10:	1	count	time	5.000000s/cts	O Det=1	H Det=1	Mon Det=11596	Aux Det=3	O+H=5	 DONE
06/10/2025 09:40:17:	move motor	S18.axis2.piezo rotation to -0.146845deg	 DONE
06/10/2025 09:40:20:	2	count	time	5.000000s/cts	O Det=0	H Det=1	Mon Det=11662	Aux Det=1	O+H=2	 DONE
06/10/2025 09:40:27:	move motor	S18.axis2.piezo rotation to -0.146785deg	 DONE
06/10/2025 09:40:31:	3	count	time	5.000000s/cts	O Det=0	H Det=2	Mon Det=11625	Aux Det=2	O+H=4	 DONE
06/10/2025 09:40:38:	move motor	S18.axis2.piezo rotation to -0.146725deg	 DONE
06/10/2025 09:40:41:	4	count	time	5.000000s/cts	O Det=0	H Det=0	Mon Det=11457	Aux Det=3	O+H=3	 DONE
06/10/2025 09:40:48:	move motor	S18.axis2.piezo rotation to -0.146665deg	 DONE
06/10/2025 09:40:50:	5	count	time	5.000000s/cts	O Det=1	H Det=1	Mon Det=11582	Aux Det=2	O+H=4	 DONE
06/10/2025 09:40:56:	move motor	S18.axis2.piezo rotation to -0.146605deg	 DONE
06/10/2025 09:40:58:	6	count	time	5.000000s/cts	O Det=0	H Det=0	Mon Det=11496	Aux Det=2	O+H=2	 DONE
06/10/2025 09:41:04:	move motor	S18.axis2.piezo rotation to -0.146545deg	 DONE
06/10/2025 09:41:08:	7	count	time	5.000000s/cts	O Det=0	H Det=3	Mon Det=11562	Aux Det=1	O+H=4	 DONE
06/10/2025 09:41:15:	move motor	S18.axis2.piezo rotation to -0.146485deg	 DONE
06/10/2025 09:41:19:	8	count	time	5.000000s/cts	O Det=1	H Det=0	Mon Det=11548	Aux Det=3	O+H=4	 DONE
06/10/2025 09:41:25:	move motor	S18.axis2.piezo rotation to -0.146425deg	 DONE
06/10/2025 09:41:29:	9	count	time	5.000000s/cts	O Det=0	H Det=0	Mon Det=11523	Aux Det=2	O+H=2	 DONE
06/10/2025 09:41:36:	move motor	S18.axis2.piezo rotation to -0.146365deg	 DONE
06/10/2025 09:41:40:	10	count	time	5.000000s/cts	O Det=1	H Det=1	Mon Det=11540	Aux Det=5	O+H=7	 DONE
06/10/2025 09:41:46:	move motor	S18.axis2.piezo rotation to -0.146305deg	 DONE
06/10/2025 09:41:48:	11	count	time	5.000000s/cts	O Det=0	H Det=0	Mon Det=11531	Aux Det=2	O+H=2	 DONE
06/10/2025 09:41:55:	move motor	S18.axis2.piezo rotation to -0.146245deg	 DONE
06/10/2025 09:41:56:	12	count	time	5.000000s/cts	O Det=0	H Det=1	Mon Det=11697	Aux Det=1	O+H=2	 DONE
06/10/2025 09:42:02:	move motor	S18.axis2.piezo rotation to -0.146185deg	 DONE
06/10/2025 09:42:04:	13	count	time	5.000000s/cts	O Det=0	H Det=2	Mon Det=11543	Aux Det=7	O+H=9	 DONE
06/10/2025 09:42:10:	move motor	S18.axis2.piezo rotation to -0.146125deg	 DONE
06/10/2025 09:42:14:	14	count	time	5.000000s/cts	O Det=0	H Det=0	Mon Det=11658	Aux Det=4	O+H=4	 DONE
06/10/2025 09:42:21:	move motor	S18.axis2.piezo rotation to -0.146065deg	 DONE
06/10/2025 09:42:25:	15	count	time	5.000000s/cts	O Det=1	H Det=0	Mon Det=11582	Aux Det=2	O+H=3	 DONE
06/10/2025 09:42:31:	move motor	S18.axis2.piezo rotation to -0.146005deg	 DONE
06/10/2025 09:42:35:	16	count	time	5.000000s/cts	O Det=0	H Det=3	Mon Det=11541	Aux Det=4	O+H=7	 DONE
06/10/2025 09:42:42:	move motor	S18.axis2.piezo rotation to -0.145945deg	 DONE
06/10/2025 09:42:46:	17	count	time	5.000000s/cts	O Det=0	H Det=2	Mon Det=11535	Aux Det=1	O+H=3	 DONE
06/10/2025 09:42:52:	move motor	S18.axis2.piezo rotation to -0.145885deg	 DONE
06/10/2025 09:42:54:	18	count	time	5.000000s/cts	O Det=0	H Det=1	Mon Det=11634	Aux Det=6	O+H=7	 DONE
06/10/2025 09:43:00:	move motor	S18.axis2.piezo rotation to -0.145825deg	 DONE
06/10/2025 09:43:01:	19	count	time	5.000000s/cts	O Det=0	H Det=2	Mon Det=11634	Aux Det=4	O+H=6	 DONE
06/10/2025 09:43:08:	move motor	S18.axis2.piezo rotation to -0.145765deg	 DONE
06/10/2025 09:43:12:	20	count	time	5.000000s/cts	O Det=0	H Det=1	Mon Det=11523	Aux Det=2	O+H=3	 DONE
06/10/2025 09:43:19:	move motor	S18.axis2.piezo rotation to -0.145705deg	 DONE
06/10/2025 09:43:22:	21	count	time	5.000000s/cts	O Det=1	H Det=0	Mon Det=11636	Aux Det=4	O+H=5	 DONE
06/10/2025 09:43:29:	move motor	S18.axis2.piezo rotation to -0.145645deg	 DONE
06/10/2025 09:43:33:	22	count	time	5.000000s/cts	O Det=1	H Det=1	Mon Det=11379	Aux Det=0	O+H=2	 DONE
06/10/2025 09:43:40:	move motor	S18.axis2.piezo rotation to -0.145585deg	 DONE
06/10/2025 09:43:44:	23	count	time	5.000000s/cts	O Det=0	H Det=0	Mon Det=11516	Aux Det=3	O+H=3	 DONE
06/10/2025 09:43:50:	move motor	S18.axis2.piezo rotation to -0.145525deg	 DONE
06/10/2025 09:43:52:	24	count	time	5.000000s/cts	O Det=0	H Det=2	Mon Det=11508	Aux Det=8	O+H=10	 DONE
06/10/2025 09:43:58:	move motor	S18.axis2.piezo rotation to -0.145465deg	 DONE
06/10/2025 09:43:59:	25	count	time	5.000000s/cts	O Det=0	H Det=0	Mon Det=11496	Aux Det=2	O+H=2	 DONE
06/10/2025 09:44:06:	move motor	S18.axis2.piezo rotation to -0.145405deg	 DONE
06/10/2025 09:44:10:	26	count	time	5.000000s/cts	O Det=1	H Det=0	Mon Det=11644	Aux Det=0	O+H=1	 DONE
06/10/2025 09:44:17:	move motor	S18.axis2.piezo rotation to -0.145345deg	 DONE
06/10/2025 09:44:21:	27	count	time	5.000000s/cts	O Det=0	H Det=0	Mon Det=11698	Aux Det=3	O+H=3	 DONE
06/10/2025 09:44:27:	move motor	S18.axis2.piezo rotation to -0.145285deg	 DONE
06/10/2025 09:44:31:	28	count	time	5.000000s/cts	O Det=0	H Det=0	Mon Det=11680	Aux Det=1	O+H=1	 DONE
06/10/2025 09:44:38:	move motor	S18.axis2.piezo rotation to -0.145225deg	 DONE
06/10/2025 09:44:42:	29	count	time	5.000000s/cts	O Det=0	H Det=0	Mon Det=11529	Aux Det=4	O+H=4	 DONE
06/10/2025 09:44:48:	move motor	S18.axis2.piezo rotation to -0.145165deg	 DONE
06/10/2025 09:44:50:	30	count	time	5.000000s/cts	O Det=0	H Det=0	Mon Det=11511	Aux Det=1	O+H=1	 DONE
06/10/2025 09:44:57:	move motor	S18.axis2.piezo rotation to -0.145105deg	 DONE
06/10/2025 09:44:58:	31	count	time	5.000000s/cts	O Det=1	H Det=1	Mon Det=11439	Aux Det=4	O+H=6	 DONE
06/10/2025 09:45:04:	move motor	S18.axis2.piezo rotation to -0.145045deg	 DONE
06/10/2025 09:45:08:	32	count	time	5.000000s/cts	O Det=0	H Det=0	Mon Det=11647	Aux Det=2	O+H=2	 DONE
06/10/2025 09:45:15:	move motor	S18.axis2.piezo rotation to -0.144985deg	 DONE
06/10/2025 09:45:19:	33	count	time	5.000000s/cts	O Det=0	H Det=0	Mon Det=11796	Aux Det=2	O+H=2	 DONE
06/10/2025 09:45:26:	move motor	S18.axis2.piezo rotation to -0.144925deg	 DONE
06/10/2025 09:45:29:	34	count	time	5.000000s/cts	O Det=1	H Det=0	Mon Det=11656	Aux Det=6	O+H=7	 DONE
06/10/2025 09:45:36:	move motor	S18.axis2.piezo rotation to -0.144865deg	 DONE
06/10/2025 09:45:40:	35	count	time	5.000000s/cts	O Det=0	H Det=0	Mon Det=11654	Aux Det=1	O+H=1	 DONE
06/10/2025 09:45:47:	move motor	S18.axis2.piezo rotation to -0.144805deg	 DONE
06/10/2025 09:45:48:	36	count	time	5.000000s/cts	O Det=0	H Det=0	Mon Det=11488	Aux Det=2	O+H=2	 DONE
06/10/2025 09:45:55:	move motor	S18.axis2.piezo rotation to -0.144745deg	 DONE
06/10/2025 09:45:56:	37	count	time	5.000000s/cts	O Det=0	H Det=1	Mon Det=11527	Aux Det=5	O+H=6	 DONE
06/10/2025 09:46:02:	move motor	S18.axis2.piezo rotation to -0.144685deg	 DONE
06/10/2025 09:46:06:	38	count	time	5.000000s/cts	O Det=0	H Det=2	Mon Det=11491	Aux Det=4	O+H=6	 DONE
06/10/2025 09:46:13:	move motor	S18.axis2.piezo rotation to -0.144625deg	 DONE
06/10/2025 09:46:17:	39	count	time	5.000000s/cts	O Det=0	H Det=0	Mon Det=11623	Aux Det=6	O+H=6	 DONE
06/10/2025 09:46:23:	move motor	S18.axis2.piezo rotation to -0.144565deg	 DONE
06/10/2025 09:46:27:	40	count	time	5.000000s/cts	O Det=0	H Det=0	Mon Det=11365	Aux Det=4	O+H=4	 DONE
06/10/2025 09:46:34:	move motor	S18.axis2.piezo rotation to -0.144505deg	 DONE
06/10/2025 09:46:38:	41	count	time	5.000000s/cts	O Det=0	H Det=0	Mon Det=11504	Aux Det=4	O+H=4	 DONE
06/10/2025 09:46:44:	move motor	S18.axis2.piezo rotation to -0.144445deg	 DONE
06/10/2025 09:46:46:	42	count	time	5.000000s/cts	O Det=0	H Det=1	Mon Det=11463	Aux Det=0	O+H=1	 DONE
06/10/2025 09:46:53:	move motor	S18.axis2.piezo rotation to -0.144385deg	 DONE
06/10/2025 09:46:54:	43	count	time	5.000000s/cts	O Det=1	H Det=1	Mon Det=11777	Aux Det=3	O+H=5	 DONE
06/10/2025 09:47:01:	move motor	S18.axis2.piezo rotation to -0.144325deg	 DONE
06/10/2025 09:47:04:	44	count	time	5.000000s/cts	O Det=1	H Det=1	Mon Det=11558	Aux Det=3	O+H=5	 DONE
06/10/2025 09:47:11:	move motor	S18.axis2.piezo rotation to -0.144265deg	 DONE
06/10/2025 09:47:15:	45	count	time	5.000000s/cts	O Det=0	H Det=0	Mon Det=11621	Aux Det=3	O+H=3	 DONE
06/10/2025 09:47:22:	move motor	S18.axis2.piezo rotation to -0.144205deg	 DONE
06/10/2025 09:47:26:	46	count	time	5.000000s/cts	O Det=0	H Det=0	Mon Det=11652	Aux Det=4	O+H=4	 DONE
06/10/2025 09:47:32:	move motor	S18.axis2.piezo rotation to -0.144145deg	 DONE
06/10/2025 09:47:36:	47	count	time	5.000000s/cts	O Det=0	H Det=0	Mon Det=11641	Aux Det=1	O+H=1	 DONE
06/10/2025 09:47:43:	move motor	S18.axis2.piezo rotation to -0.144085deg	 DONE
06/10/2025 09:47:44:	48	count	time	5.000000s/cts	O Det=0	H Det=1	Mon Det=11727	Aux Det=1	O+H=2	 DONE
06/10/2025 09:47:51:	move motor	S18.axis2.piezo rotation to -0.144025deg	 DONE
06/10/2025 09:47:52:	49	count	time	5.000000s/cts	O Det=0	H Det=2	Mon Det=11715	Aux Det=2	O+H=4	 DONE
06/10/2025 09:47:59:	move motor	S18.axis2.piezo rotation to -0.143965deg	 DONE
06/10/2025 09:48:01:	50	count	time	5.000000s/cts	O Det=2	H Det=0	Mon Det=11603	Aux Det=2	O+H=4	 DONE
06/10/2025 09:48:07:	move motor	S18.axis2.piezo rotation to -0.143905deg	 DONE
06/10/2025 09:48:11:	51	count	time	5.000000s/cts	O Det=0	H Det=1	Mon Det=11616	Aux Det=1	O+H=2	 DONE
06/10/2025 09:48:18:	move motor	S18.axis2.piezo rotation to -0.143845deg	 DONE
06/10/2025 09:48:22:	52	count	time	5.000000s/cts	O Det=0	H Det=0	Mon Det=11741	Aux Det=1	O+H=1	 DONE
06/10/2025 09:48:29:	move motor	S18.axis2.piezo rotation to -0.143785deg	 DONE
06/10/2025 09:48:32:	53	count	time	5.000000s/cts	O Det=0	H Det=1	Mon Det=11676	Aux Det=5	O+H=6	 DONE
06/10/2025 09:48:39:	move motor	S18.axis2.piezo rotation to -0.143725deg	 DONE
06/10/2025 09:48:43:	54	count	time	5.000000s/cts	O Det=0	H Det=0	Mon Det=11450	Aux Det=1	O+H=1	 DONE
06/10/2025 09:48:50:	move motor	S18.axis2.piezo rotation to -0.143665deg	 DONE
06/10/2025 09:48:51:	55	count	time	5.000000s/cts	O Det=0	H Det=0	Mon Det=11551	Aux Det=0	O+H=0	 DONE
06/10/2025 09:48:58:	move motor	S18.axis2.piezo rotation to -0.143605deg	 DONE
06/10/2025 09:48:59:	56	count	time	5.000000s/cts	O Det=1	H Det=0	Mon Det=11677	Aux Det=3	O+H=4	 DONE
06/10/2025 09:49:06:	move motor	S18.axis2.piezo rotation to -0.143545deg	 DONE
06/10/2025 09:49:09:	57	count	time	5.000000s/cts	O Det=0	H Det=1	Mon Det=11674	Aux Det=3	O+H=4	 DONE
06/10/2025 09:49:16:	move motor	S18.axis2.piezo rotation to -0.143485deg	 DONE
06/10/2025 09:49:20:	58	count	time	5.000000s/cts	O Det=0	H Det=1	Mon Det=11470	Aux Det=1	O+H=2	 DONE
06/10/2025 09:49:27:	move motor	S18.axis2.piezo rotation to -0.143425deg	 DONE
06/10/2025 09:49:31:	59	count	time	5.000000s/cts	O Det=0	H Det=1	Mon Det=11656	Aux Det=2	O+H=3	 DONE
06/10/2025 09:49:37:	move motor	S18.axis2.piezo rotation to -0.143365deg	 DONE
06/10/2025 09:49:41:	60	count	time	5.000000s/cts	O Det=0	H Det=1	Mon Det=11384	Aux Det=2	O+H=3	 DONE
06/10/2025 09:49:48:	close file and end scan	 DONE
06/10/2025 09:49:48:	move motor	S18.axis2.piezo rotation to fit SUM PEAK60	NaNreached -0.14337  DONE
06/10/2025 09:49:53:	END OF SCRIPT	 DONE
