23/09/2025 19:44:34:	start execution of script D:\data\Cycle 198\exp_3-16-19\rawdata\sc\rocking.sc	 DONE
23/09/2025 19:44:34:	move motor	S18.axis2.piezo rotation to -0.155830deg	 DONE
23/09/2025 19:44:38:	create file	D:\data\Cycle 198\exp_3-16-19\rawdata\sc\rocking_23Sep1944.dat	 DONE
room to enter remarks DONE
23/09/2025 19:44:39:	move motor	S18.axis2.piezo rotation to -0.055830deg	 DONE
23/09/2025 19:44:41:	1	count	time	3.000000s/cts	O Det=0	H Det=7	Mon Det=6682	Aux Det=389	O+H=396	 DONE
23/09/2025 19:44:45:	move motor	S18.axis2.piezo rotation to -0.055780deg	 DONE
23/09/2025 19:44:46:	2	count	time	3.000000s/cts	O Det=0	H Det=4	Mon Det=6789	Aux Det=369	O+H=373	 DONE
23/09/2025 19:44:51:	move motor	S18.axis2.piezo rotation to -0.055730deg	 DONE
23/09/2025 19:44:53:	3	count	time	3.000000s/cts	O Det=0	H Det=5	Mon Det=6641	Aux Det=397	O+H=402	 DONE
23/09/2025 19:44:57:	move motor	S18.axis2.piezo rotation to -0.055680deg	 DONE
23/09/2025 19:44:59:	4	count	time	3.000000s/cts	O Det=0	H Det=3	Mon Det=6689	Aux Det=412	O+H=415	 DONE
23/09/2025 19:45:04:	move motor	S18.axis2.piezo rotation to -0.055630deg	 DONE
23/09/2025 19:45:05:	5	count	time	3.000000s/cts	O Det=0	H Det=8	Mon Det=6641	Aux Det=460	O+H=468	 DONE
23/09/2025 19:45:10:	move motor	S18.axis2.piezo rotation to -0.055580deg	 DONE
23/09/2025 19:45:12:	6	count	time	3.000000s/cts	O Det=0	H Det=7	Mon Det=6707	Aux Det=557	O+H=564	 DONE
23/09/2025 19:45:17:	move motor	S18.axis2.piezo rotation to -0.055530deg	 DONE
23/09/2025 19:45:18:	7	count	time	3.000000s/cts	O Det=1	H Det=7	Mon Det=6586	Aux Det=602	O+H=610	 DONE
23/09/2025 19:45:23:	move motor	S18.axis2.piezo rotation to -0.055480deg	 DONE
23/09/2025 19:45:25:	8	count	time	3.000000s/cts	O Det=0	H Det=4	Mon Det=6783	Aux Det=639	O+H=643	 DONE
23/09/2025 19:45:29:	move motor	S18.axis2.piezo rotation to -0.055430deg	 DONE
23/09/2025 19:45:31:	9	count	time	3.000000s/cts	O Det=1	H Det=8	Mon Det=6683	Aux Det=707	O+H=716	 DONE
23/09/2025 19:45:35:	move motor	S18.axis2.piezo rotation to -0.055380deg	 DONE
23/09/2025 19:45:37:	10	count	time	3.000000s/cts	O Det=0	H Det=9	Mon Det=6628	Aux Det=793	O+H=802	 DONE
23/09/2025 19:45:41:	move motor	S18.axis2.piezo rotation to -0.055330deg	 DONE
23/09/2025 19:45:43:	11	count	time	3.000000s/cts	O Det=0	H Det=7	Mon Det=6720	Aux Det=887	O+H=894	 DONE
23/09/2025 19:45:47:	move motor	S18.axis2.piezo rotation to -0.055280deg	 DONE
23/09/2025 19:45:49:	12	count	time	3.000000s/cts	O Det=0	H Det=7	Mon Det=6669	Aux Det=1040	O+H=1047	 DONE
23/09/2025 19:45:53:	move motor	S18.axis2.piezo rotation to -0.055230deg	 DONE
23/09/2025 19:45:55:	13	count	time	3.000000s/cts	O Det=0	H Det=18	Mon Det=6574	Aux Det=1142	O+H=1160	 DONE
23/09/2025 19:45:59:	move motor	S18.axis2.piezo rotation to -0.055180deg	 DONE
23/09/2025 19:46:01:	14	count	time	3.000000s/cts	O Det=2	H Det=25	Mon Det=6733	Aux Det=1456	O+H=1483	 DONE
23/09/2025 19:46:05:	move motor	S18.axis2.piezo rotation to -0.055130deg	 DONE
23/09/2025 19:46:07:	15	count	time	3.000000s/cts	O Det=1	H Det=23	Mon Det=6581	Aux Det=1672	O+H=1696	 DONE
23/09/2025 19:46:12:	move motor	S18.axis2.piezo rotation to -0.055080deg	 DONE
23/09/2025 19:46:13:	16	count	time	3.000000s/cts	O Det=2	H Det=32	Mon Det=6604	Aux Det=1876	O+H=1910	 DONE
23/09/2025 19:46:18:	move motor	S18.axis2.piezo rotation to -0.055030deg	 DONE
23/09/2025 19:46:20:	17	count	time	3.000000s/cts	O Det=3	H Det=72	Mon Det=6559	Aux Det=2112	O+H=2187	 DONE
23/09/2025 19:46:24:	move motor	S18.axis2.piezo rotation to -0.054980deg	 DONE
23/09/2025 19:46:26:	18	count	time	3.000000s/cts	O Det=3	H Det=110	Mon Det=6719	Aux Det=2566	O+H=2679	 DONE
23/09/2025 19:46:31:	move motor	S18.axis2.piezo rotation to -0.054930deg	 DONE
23/09/2025 19:46:32:	19	count	time	3.000000s/cts	O Det=4	H Det=244	Mon Det=6609	Aux Det=2939	O+H=3187	 DONE
23/09/2025 19:46:37:	move motor	S18.axis2.piezo rotation to -0.054880deg	 DONE
23/09/2025 19:46:38:	20	count	time	3.000000s/cts	O Det=3	H Det=442	Mon Det=6699	Aux Det=3248	O+H=3693	 DONE
23/09/2025 19:46:43:	move motor	S18.axis2.piezo rotation to -0.054830deg	 DONE
23/09/2025 19:46:45:	21	count	time	3.000000s/cts	O Det=6	H Det=966	Mon Det=6571	Aux Det=3785	O+H=4757	 DONE
23/09/2025 19:46:49:	move motor	S18.axis2.piezo rotation to -0.054780deg	 DONE
23/09/2025 19:46:51:	22	count	time	3.000000s/cts	O Det=22	H Det=1992	Mon Det=6718	Aux Det=4489	O+H=6503	 DONE
23/09/2025 19:46:56:	move motor	S18.axis2.piezo rotation to -0.054730deg	 DONE
23/09/2025 19:46:57:	23	count	time	3.000000s/cts	O Det=26	H Det=3011	Mon Det=6617	Aux Det=5484	O+H=8521	 DONE
23/09/2025 19:47:02:	move motor	S18.axis2.piezo rotation to -0.054680deg	 DONE
23/09/2025 19:47:03:	24	count	time	3.000000s/cts	O Det=20	H Det=3815	Mon Det=6607	Aux Det=7581	O+H=11416	 DONE
23/09/2025 19:47:08:	move motor	S18.axis2.piezo rotation to -0.054630deg	 DONE
23/09/2025 19:47:09:	25	count	time	3.000000s/cts	O Det=23	H Det=3824	Mon Det=6505	Aux Det=8956	O+H=12803	 DONE
23/09/2025 19:47:14:	move motor	S18.axis2.piezo rotation to -0.054580deg	 DONE
23/09/2025 19:47:16:	26	count	time	3.000000s/cts	O Det=17	H Det=3991	Mon Det=6617	Aux Det=9214	O+H=13222	 DONE
23/09/2025 19:47:20:	move motor	S18.axis2.piezo rotation to -0.054530deg	 DONE
23/09/2025 19:47:22:	27	count	time	3.000000s/cts	O Det=9	H Det=3564	Mon Det=6660	Aux Det=9443	O+H=13016	 DONE
23/09/2025 19:47:27:	move motor	S18.axis2.piezo rotation to -0.054480deg	 DONE
23/09/2025 19:47:28:	28	count	time	3.000000s/cts	O Det=11	H Det=3136	Mon Det=6636	Aux Det=9203	O+H=12350	 DONE
23/09/2025 19:47:33:	move motor	S18.axis2.piezo rotation to -0.054430deg	 DONE
23/09/2025 19:47:34:	29	count	time	3.000000s/cts	O Det=6	H Det=2201	Mon Det=6712	Aux Det=8543	O+H=10750	 DONE
23/09/2025 19:47:39:	move motor	S18.axis2.piezo rotation to -0.054380deg	 DONE
23/09/2025 19:47:40:	30	count	time	3.000000s/cts	O Det=9	H Det=1548	Mon Det=6644	Aux Det=6998	O+H=8555	 DONE
23/09/2025 19:47:45:	move motor	S18.axis2.piezo rotation to -0.054330deg	 DONE
23/09/2025 19:47:47:	31	count	time	3.000000s/cts	O Det=11	H Det=850	Mon Det=6509	Aux Det=4877	O+H=5738	 DONE
23/09/2025 19:47:51:	move motor	S18.axis2.piezo rotation to -0.054280deg	 DONE
23/09/2025 19:47:53:	32	count	time	3.000000s/cts	O Det=7	H Det=493	Mon Det=6538	Aux Det=3839	O+H=4339	 DONE
23/09/2025 19:47:57:	move motor	S18.axis2.piezo rotation to -0.054230deg	 DONE
23/09/2025 19:47:59:	33	count	time	3.000000s/cts	O Det=0	H Det=255	Mon Det=6609	Aux Det=3368	O+H=3623	 DONE
23/09/2025 19:48:04:	move motor	S18.axis2.piezo rotation to -0.054180deg	 DONE
23/09/2025 19:48:05:	34	count	time	3.000000s/cts	O Det=5	H Det=95	Mon Det=6678	Aux Det=2703	O+H=2803	 DONE
23/09/2025 19:48:10:	move motor	S18.axis2.piezo rotation to -0.054130deg	 DONE
23/09/2025 19:48:12:	35	count	time	3.000000s/cts	O Det=2	H Det=63	Mon Det=6564	Aux Det=2373	O+H=2438	 DONE
23/09/2025 19:48:16:	move motor	S18.axis2.piezo rotation to -0.054080deg	 DONE
23/09/2025 19:48:18:	36	count	time	3.000000s/cts	O Det=1	H Det=49	Mon Det=6686	Aux Det=2010	O+H=2060	 DONE
23/09/2025 19:48:22:	move motor	S18.axis2.piezo rotation to -0.054030deg	 DONE
23/09/2025 19:48:24:	37	count	time	3.000000s/cts	O Det=1	H Det=19	Mon Det=6655	Aux Det=1831	O+H=1851	 DONE
23/09/2025 19:48:28:	move motor	S18.axis2.piezo rotation to -0.053980deg	 DONE
23/09/2025 19:48:30:	38	count	time	3.000000s/cts	O Det=2	H Det=29	Mon Det=6539	Aux Det=1565	O+H=1596	 DONE
23/09/2025 19:48:35:	move motor	S18.axis2.piezo rotation to -0.053930deg	 DONE
23/09/2025 19:48:37:	39	count	time	3.000000s/cts	O Det=1	H Det=19	Mon Det=6612	Aux Det=1286	O+H=1306	 DONE
23/09/2025 19:48:42:	move motor	S18.axis2.piezo rotation to -0.053880deg	 DONE
23/09/2025 19:48:43:	40	count	time	3.000000s/cts	O Det=0	H Det=15	Mon Det=6562	Aux Det=1154	O+H=1169	 DONE
23/09/2025 19:48:48:	move motor	S18.axis2.piezo rotation to -0.053830deg	 DONE
23/09/2025 19:48:49:	41	count	time	3.000000s/cts	O Det=0	H Det=10	Mon Det=6552	Aux Det=1031	O+H=1041	 DONE
23/09/2025 19:48:54:	move motor	S18.axis2.piezo rotation to -0.053780deg	 DONE
23/09/2025 19:48:55:	42	count	time	3.000000s/cts	O Det=0	H Det=8	Mon Det=6717	Aux Det=946	O+H=954	 DONE
23/09/2025 19:49:00:	move motor	S18.axis2.piezo rotation to -0.053730deg	 DONE
23/09/2025 19:49:01:	43	count	time	3.000000s/cts	O Det=0	H Det=9	Mon Det=6586	Aux Det=791	O+H=800	 DONE
23/09/2025 19:49:06:	move motor	S18.axis2.piezo rotation to -0.053680deg	 DONE
23/09/2025 19:49:07:	44	count	time	3.000000s/cts	O Det=0	H Det=9	Mon Det=6666	Aux Det=799	O+H=808	 DONE
23/09/2025 19:49:12:	move motor	S18.axis2.piezo rotation to -0.053630deg	 DONE
23/09/2025 19:49:13:	45	count	time	3.000000s/cts	O Det=0	H Det=10	Mon Det=6670	Aux Det=693	O+H=703	 DONE
23/09/2025 19:49:18:	move motor	S18.axis2.piezo rotation to -0.053580deg	 DONE
23/09/2025 19:49:19:	46	count	time	3.000000s/cts	O Det=0	H Det=4	Mon Det=6493	Aux Det=573	O+H=577	 DONE
23/09/2025 19:49:24:	move motor	S18.axis2.piezo rotation to -0.053530deg	 DONE
23/09/2025 19:49:26:	47	count	time	3.000000s/cts	O Det=0	H Det=8	Mon Det=6793	Aux Det=578	O+H=586	 DONE
23/09/2025 19:49:31:	move motor	S18.axis2.piezo rotation to -0.053480deg	 DONE
23/09/2025 19:49:32:	48	count	time	3.000000s/cts	O Det=0	H Det=5	Mon Det=6634	Aux Det=530	O+H=535	 DONE
23/09/2025 19:49:37:	move motor	S18.axis2.piezo rotation to -0.053430deg	 DONE
23/09/2025 19:49:39:	49	count	time	3.000000s/cts	O Det=0	H Det=9	Mon Det=6704	Aux Det=448	O+H=457	 DONE
23/09/2025 19:49:43:	move motor	S18.axis2.piezo rotation to -0.053380deg	 DONE
23/09/2025 19:49:45:	50	count	time	3.000000s/cts	O Det=0	H Det=7	Mon Det=6723	Aux Det=443	O+H=450	 DONE
23/09/2025 19:49:49:	close file and end scan	 DONE
23/09/2025 19:49:50:	move motor	S18.axis2.piezo rotation to fit AUX PEAK60	-0.054541reached -0.05454  DONE
23/09/2025 19:49:53:	END OF SCRIPT	 DONE
