23/09/2025 19:49:54:	start execution of script D:\data\Cycle 198\exp_3-16-19\rawdata\sc\rocking.sc	 DONE
23/09/2025 19:49:54:	move motor	S18.axis2.piezo rotation to -0.155830deg	 DONE
23/09/2025 19:49:58:	create file	D:\data\Cycle 198\exp_3-16-19\rawdata\sc\rocking_23Sep1949.dat	 DONE
room to enter remarks DONE
23/09/2025 19:49:59:	move motor	S18.axis2.piezo rotation to -0.055830deg	 DONE
23/09/2025 19:50:02:	1	count	time	3.000000s/cts	O Det=1	H Det=7	Mon Det=6731	Aux Det=331	O+H=339	 DONE
23/09/2025 19:50:07:	move motor	S18.axis2.piezo rotation to -0.055780deg	 DONE
23/09/2025 19:50:08:	2	count	time	3.000000s/cts	O Det=0	H Det=7	Mon Det=6639	Aux Det=366	O+H=373	 DONE
23/09/2025 19:50:13:	move motor	S18.axis2.piezo rotation to -0.055730deg	 DONE
23/09/2025 19:50:15:	3	count	time	3.000000s/cts	O Det=0	H Det=3	Mon Det=6804	Aux Det=407	O+H=410	 DONE
23/09/2025 19:50:19:	move motor	S18.axis2.piezo rotation to -0.055680deg	 DONE
23/09/2025 19:50:21:	4	count	time	3.000000s/cts	O Det=0	H Det=4	Mon Det=6765	Aux Det=394	O+H=398	 DONE
23/09/2025 19:50:26:	move motor	S18.axis2.piezo rotation to -0.055630deg	 DONE
23/09/2025 19:50:27:	5	count	time	3.000000s/cts	O Det=0	H Det=6	Mon Det=6822	Aux Det=436	O+H=442	 DONE
23/09/2025 19:50:32:	move motor	S18.axis2.piezo rotation to -0.055580deg	 DONE
23/09/2025 19:50:34:	6	count	time	3.000000s/cts	O Det=0	H Det=7	Mon Det=6735	Aux Det=577	O+H=584	 DONE
23/09/2025 19:50:38:	move motor	S18.axis2.piezo rotation to -0.055530deg	 DONE
23/09/2025 19:50:40:	7	count	time	3.000000s/cts	O Det=0	H Det=10	Mon Det=6785	Aux Det=578	O+H=588	 DONE
23/09/2025 19:50:45:	move motor	S18.axis2.piezo rotation to -0.055480deg	 DONE
23/09/2025 19:50:46:	8	count	time	3.000000s/cts	O Det=1	H Det=5	Mon Det=6685	Aux Det=597	O+H=603	 DONE
23/09/2025 19:50:51:	move motor	S18.axis2.piezo rotation to -0.055430deg	 DONE
23/09/2025 19:50:53:	9	count	time	3.000000s/cts	O Det=0	H Det=7	Mon Det=6688	Aux Det=692	O+H=699	 DONE
23/09/2025 19:50:57:	move motor	S18.axis2.piezo rotation to -0.055380deg	 DONE
23/09/2025 19:50:59:	10	count	time	3.000000s/cts	O Det=2	H Det=4	Mon Det=6743	Aux Det=736	O+H=742	 DONE
23/09/2025 19:51:04:	move motor	S18.axis2.piezo rotation to -0.055330deg	 DONE
23/09/2025 19:51:05:	11	count	time	3.000000s/cts	O Det=1	H Det=13	Mon Det=6709	Aux Det=845	O+H=859	 DONE
23/09/2025 19:51:10:	move motor	S18.axis2.piezo rotation to -0.055280deg	 DONE
23/09/2025 19:51:11:	12	count	time	3.000000s/cts	O Det=0	H Det=16	Mon Det=6601	Aux Det=986	O+H=1002	 DONE
23/09/2025 19:51:16:	move motor	S18.axis2.piezo rotation to -0.055230deg	 DONE
23/09/2025 19:51:18:	13	count	time	3.000000s/cts	O Det=1	H Det=6	Mon Det=6851	Aux Det=1062	O+H=1069	 DONE
23/09/2025 19:51:22:	move motor	S18.axis2.piezo rotation to -0.055180deg	 DONE
23/09/2025 19:51:24:	14	count	time	3.000000s/cts	O Det=1	H Det=16	Mon Det=6721	Aux Det=1302	O+H=1319	 DONE
23/09/2025 19:51:29:	move motor	S18.axis2.piezo rotation to -0.055130deg	 DONE
23/09/2025 19:51:31:	15	count	time	3.000000s/cts	O Det=2	H Det=27	Mon Det=6665	Aux Det=1560	O+H=1589	 DONE
23/09/2025 19:51:35:	move motor	S18.axis2.piezo rotation to -0.055080deg	 DONE
23/09/2025 19:51:37:	16	count	time	3.000000s/cts	O Det=0	H Det=37	Mon Det=6666	Aux Det=1745	O+H=1782	 DONE
23/09/2025 19:51:42:	move motor	S18.axis2.piezo rotation to -0.055030deg	 DONE
23/09/2025 19:51:43:	17	count	time	3.000000s/cts	O Det=1	H Det=48	Mon Det=6613	Aux Det=2026	O+H=2075	 DONE
23/09/2025 19:51:48:	move motor	S18.axis2.piezo rotation to -0.054980deg	 DONE
23/09/2025 19:51:50:	18	count	time	3.000000s/cts	O Det=3	H Det=95	Mon Det=6717	Aux Det=2415	O+H=2513	 DONE
23/09/2025 19:51:54:	move motor	S18.axis2.piezo rotation to -0.054930deg	 DONE
23/09/2025 19:51:56:	19	count	time	3.000000s/cts	O Det=2	H Det=138	Mon Det=6799	Aux Det=2807	O+H=2947	 DONE
23/09/2025 19:52:01:	move motor	S18.axis2.piezo rotation to -0.054880deg	 DONE
23/09/2025 19:52:02:	20	count	time	3.000000s/cts	O Det=7	H Det=350	Mon Det=6650	Aux Det=3248	O+H=3605	 DONE
23/09/2025 19:52:07:	move motor	S18.axis2.piezo rotation to -0.054830deg	 DONE
23/09/2025 19:52:08:	21	count	time	3.000000s/cts	O Det=10	H Det=765	Mon Det=6640	Aux Det=3720	O+H=4495	 DONE
23/09/2025 19:52:13:	move motor	S18.axis2.piezo rotation to -0.054780deg	 DONE
23/09/2025 19:52:15:	22	count	time	3.000000s/cts	O Det=7	H Det=1623	Mon Det=6822	Aux Det=4507	O+H=6137	 DONE
23/09/2025 19:52:20:	move motor	S18.axis2.piezo rotation to -0.054730deg	 DONE
23/09/2025 19:52:21:	23	count	time	3.000000s/cts	O Det=12	H Det=2391	Mon Det=6671	Aux Det=6134	O+H=8537	 DONE
23/09/2025 19:52:26:	move motor	S18.axis2.piezo rotation to -0.054680deg	 DONE
23/09/2025 19:52:28:	24	count	time	3.000000s/cts	O Det=23	H Det=3309	Mon Det=6630	Aux Det=8258	O+H=11590	 DONE
23/09/2025 19:52:32:	move motor	S18.axis2.piezo rotation to -0.054630deg	 DONE
23/09/2025 19:52:34:	25	count	time	3.000000s/cts	O Det=17	H Det=3680	Mon Det=6637	Aux Det=8975	O+H=12672	 DONE
23/09/2025 19:52:38:	move motor	S18.axis2.piezo rotation to -0.054580deg	 DONE
23/09/2025 19:52:40:	26	count	time	3.000000s/cts	O Det=15	H Det=3911	Mon Det=6645	Aux Det=9119	O+H=13045	 DONE
23/09/2025 19:52:45:	move motor	S18.axis2.piezo rotation to -0.054530deg	 DONE
23/09/2025 19:52:46:	27	count	time	3.000000s/cts	O Det=19	H Det=3811	Mon Det=6627	Aux Det=9489	O+H=13319	 DONE
23/09/2025 19:52:51:	move motor	S18.axis2.piezo rotation to -0.054480deg	 DONE
23/09/2025 19:52:52:	28	count	time	3.000000s/cts	O Det=12	H Det=3278	Mon Det=6774	Aux Det=9191	O+H=12481	 DONE
23/09/2025 19:52:57:	move motor	S18.axis2.piezo rotation to -0.054430deg	 DONE
23/09/2025 19:52:58:	29	count	time	3.000000s/cts	O Det=13	H Det=2838	Mon Det=6564	Aux Det=8206	O+H=11057	 DONE
23/09/2025 19:53:03:	move motor	S18.axis2.piezo rotation to -0.054380deg	 DONE
23/09/2025 19:53:05:	30	count	time	3.000000s/cts	O Det=7	H Det=2017	Mon Det=6603	Aux Det=6679	O+H=8703	 DONE
23/09/2025 19:53:09:	move motor	S18.axis2.piezo rotation to -0.054330deg	 DONE
23/09/2025 19:53:11:	31	count	time	3.000000s/cts	O Det=12	H Det=1035	Mon Det=6595	Aux Det=5229	O+H=6276	 DONE
23/09/2025 19:53:16:	move motor	S18.axis2.piezo rotation to -0.054280deg	 DONE
23/09/2025 19:53:17:	32	count	time	3.000000s/cts	O Det=5	H Det=586	Mon Det=6688	Aux Det=3907	O+H=4498	 DONE
23/09/2025 19:53:22:	move motor	S18.axis2.piezo rotation to -0.054230deg	 DONE
23/09/2025 19:53:24:	33	count	time	3.000000s/cts	O Det=5	H Det=338	Mon Det=6530	Aux Det=3551	O+H=3894	 DONE
23/09/2025 19:53:29:	move motor	S18.axis2.piezo rotation to -0.054180deg	 DONE
23/09/2025 19:53:30:	34	count	time	3.000000s/cts	O Det=3	H Det=139	Mon Det=6674	Aux Det=2957	O+H=3099	 DONE
23/09/2025 19:53:35:	move motor	S18.axis2.piezo rotation to -0.054130deg	 DONE
23/09/2025 19:53:36:	35	count	time	3.000000s/cts	O Det=0	H Det=97	Mon Det=6590	Aux Det=2579	O+H=2676	 DONE
23/09/2025 19:53:41:	move motor	S18.axis2.piezo rotation to -0.054080deg	 DONE
23/09/2025 19:53:42:	36	count	time	3.000000s/cts	O Det=1	H Det=53	Mon Det=6774	Aux Det=2242	O+H=2296	 DONE
23/09/2025 19:53:47:	move motor	S18.axis2.piezo rotation to -0.054030deg	 DONE
23/09/2025 19:53:49:	37	count	time	3.000000s/cts	O Det=1	H Det=39	Mon Det=6582	Aux Det=1897	O+H=1937	 DONE
23/09/2025 19:53:53:	move motor	S18.axis2.piezo rotation to -0.053980deg	 DONE
23/09/2025 19:53:55:	38	count	time	3.000000s/cts	O Det=0	H Det=17	Mon Det=6725	Aux Det=1644	O+H=1661	 DONE
23/09/2025 19:54:00:	move motor	S18.axis2.piezo rotation to -0.053930deg	 DONE
23/09/2025 19:54:01:	39	count	time	3.000000s/cts	O Det=0	H Det=15	Mon Det=6611	Aux Det=1339	O+H=1354	 DONE
23/09/2025 19:54:06:	move motor	S18.axis2.piezo rotation to -0.053880deg	 DONE
23/09/2025 19:54:08:	40	count	time	3.000000s/cts	O Det=0	H Det=11	Mon Det=6615	Aux Det=1165	O+H=1176	 DONE
23/09/2025 19:54:12:	move motor	S18.axis2.piezo rotation to -0.053830deg	 DONE
23/09/2025 19:54:14:	41	count	time	3.000000s/cts	O Det=0	H Det=5	Mon Det=6679	Aux Det=1075	O+H=1080	 DONE
23/09/2025 19:54:18:	move motor	S18.axis2.piezo rotation to -0.053780deg	 DONE
23/09/2025 19:54:20:	42	count	time	3.000000s/cts	O Det=3	H Det=11	Mon Det=6604	Aux Det=943	O+H=957	 DONE
23/09/2025 19:54:25:	move motor	S18.axis2.piezo rotation to -0.053730deg	 DONE
23/09/2025 19:54:26:	43	count	time	3.000000s/cts	O Det=2	H Det=9	Mon Det=6620	Aux Det=926	O+H=937	 DONE
23/09/2025 19:54:31:	move motor	S18.axis2.piezo rotation to -0.053680deg	 DONE
23/09/2025 19:54:32:	44	count	time	3.000000s/cts	O Det=0	H Det=9	Mon Det=6560	Aux Det=802	O+H=811	 DONE
23/09/2025 19:54:37:	move motor	S18.axis2.piezo rotation to -0.053630deg	 DONE
23/09/2025 19:54:38:	45	count	time	3.000000s/cts	O Det=0	H Det=11	Mon Det=6668	Aux Det=685	O+H=696	 DONE
23/09/2025 19:54:42:	move motor	S18.axis2.piezo rotation to -0.053580deg	 DONE
23/09/2025 19:54:44:	46	count	time	3.000000s/cts	O Det=1	H Det=2	Mon Det=6558	Aux Det=612	O+H=615	 DONE
23/09/2025 19:54:49:	move motor	S18.axis2.piezo rotation to -0.053530deg	 DONE
23/09/2025 19:54:51:	47	count	time	3.000000s/cts	O Det=1	H Det=4	Mon Det=6640	Aux Det=582	O+H=587	 DONE
23/09/2025 19:54:55:	move motor	S18.axis2.piezo rotation to -0.053480deg	 DONE
23/09/2025 19:54:57:	48	count	time	3.000000s/cts	O Det=0	H Det=7	Mon Det=6707	Aux Det=507	O+H=514	 DONE
23/09/2025 19:55:01:	move motor	S18.axis2.piezo rotation to -0.053430deg	 DONE
23/09/2025 19:55:03:	49	count	time	3.000000s/cts	O Det=0	H Det=3	Mon Det=6531	Aux Det=522	O+H=525	 DONE
23/09/2025 19:55:07:	move motor	S18.axis2.piezo rotation to -0.053380deg	 DONE
23/09/2025 19:55:09:	50	count	time	3.000000s/cts	O Det=0	H Det=4	Mon Det=6732	Aux Det=416	O+H=420	 DONE
23/09/2025 19:55:13:	close file and end scan	 DONE
23/09/2025 19:55:14:	move motor	S18.axis2.piezo rotation to fit AUX PEAK60	-0.054549reached -0.05455  DONE
23/09/2025 19:55:18:	END OF SCRIPT	 DONE
