02/10/2025 23:33:26:	start execution of script D:\data\Cycle 198\exp_3-16-19\rawdata\sc\rocking.sc	 DONE
02/10/2025 23:33:26:	move motor	S18.axis2.piezo rotation to -0.246770deg	 DONE
02/10/2025 23:33:30:	create file	D:\data\Cycle 198\exp_3-16-19\rawdata\sc\rocking_02Oct2333.dat	 DONE
room to enter remarks DONE
02/10/2025 23:33:31:	move motor	S18.axis2.piezo rotation to -0.146770deg	 DONE
02/10/2025 23:33:35:	1	count	time	5.000000s/cts	O Det=2	H Det=19	Mon Det=11369	Aux Det=4	O+H=25	 DONE
02/10/2025 23:33:42:	move motor	S18.axis2.piezo rotation to -0.146710deg	 DONE
02/10/2025 23:33:44:	2	count	time	5.000000s/cts	O Det=0	H Det=20	Mon Det=11589	Aux Det=3	O+H=23	 DONE
02/10/2025 23:33:50:	move motor	S18.axis2.piezo rotation to -0.146650deg	 DONE
02/10/2025 23:33:51:	3	count	time	5.000000s/cts	O Det=0	H Det=20	Mon Det=11619	Aux Det=4	O+H=24	 DONE
02/10/2025 23:33:58:	move motor	S18.axis2.piezo rotation to -0.146590deg	 DONE
02/10/2025 23:33:59:	4	count	time	5.000000s/cts	O Det=0	H Det=29	Mon Det=11480	Aux Det=5	O+H=34	 DONE
02/10/2025 23:34:06:	move motor	S18.axis2.piezo rotation to -0.146530deg	 DONE
02/10/2025 23:34:07:	5	count	time	5.000000s/cts	O Det=0	H Det=15	Mon Det=11551	Aux Det=4	O+H=19	 DONE
02/10/2025 23:34:14:	move motor	S18.axis2.piezo rotation to -0.146470deg	 DONE
02/10/2025 23:34:15:	6	count	time	5.000000s/cts	O Det=1	H Det=21	Mon Det=11586	Aux Det=3	O+H=25	 DONE
02/10/2025 23:34:21:	move motor	S18.axis2.piezo rotation to -0.146410deg	 DONE
02/10/2025 23:34:23:	7	count	time	5.000000s/cts	O Det=0	H Det=26	Mon Det=11448	Aux Det=4	O+H=30	 DONE
02/10/2025 23:34:29:	move motor	S18.axis2.piezo rotation to -0.146350deg	 DONE
02/10/2025 23:34:31:	8	count	time	5.000000s/cts	O Det=0	H Det=42	Mon Det=11571	Aux Det=2	O+H=44	 DONE
02/10/2025 23:34:37:	move motor	S18.axis2.piezo rotation to -0.146290deg	 DONE
02/10/2025 23:34:39:	9	count	time	5.000000s/cts	O Det=2	H Det=40	Mon Det=11609	Aux Det=5	O+H=47	 DONE
02/10/2025 23:34:45:	move motor	S18.axis2.piezo rotation to -0.146230deg	 DONE
02/10/2025 23:34:46:	10	count	time	5.000000s/cts	O Det=1	H Det=42	Mon Det=11413	Aux Det=3	O+H=46	 DONE
02/10/2025 23:34:53:	move motor	S18.axis2.piezo rotation to -0.146170deg	 DONE
02/10/2025 23:34:54:	11	count	time	5.000000s/cts	O Det=1	H Det=40	Mon Det=11507	Aux Det=4	O+H=45	 DONE
02/10/2025 23:35:01:	move motor	S18.axis2.piezo rotation to -0.146110deg	 DONE
02/10/2025 23:35:02:	12	count	time	5.000000s/cts	O Det=3	H Det=46	Mon Det=11449	Aux Det=3	O+H=52	 DONE
02/10/2025 23:35:09:	move motor	S18.axis2.piezo rotation to -0.146050deg	 DONE
02/10/2025 23:35:10:	13	count	time	5.000000s/cts	O Det=4	H Det=50	Mon Det=11717	Aux Det=3	O+H=57	 DONE
02/10/2025 23:35:17:	move motor	S18.axis2.piezo rotation to -0.145990deg	 DONE
02/10/2025 23:35:18:	14	count	time	5.000000s/cts	O Det=4	H Det=62	Mon Det=11643	Aux Det=6	O+H=72	 DONE
02/10/2025 23:35:25:	move motor	S18.axis2.piezo rotation to -0.145930deg	 DONE
02/10/2025 23:35:26:	15	count	time	5.000000s/cts	O Det=4	H Det=85	Mon Det=11607	Aux Det=7	O+H=96	 DONE
02/10/2025 23:35:33:	move motor	S18.axis2.piezo rotation to -0.145870deg	 DONE
02/10/2025 23:35:34:	16	count	time	5.000000s/cts	O Det=6	H Det=89	Mon Det=11382	Aux Det=13	O+H=108	 DONE
02/10/2025 23:35:41:	move motor	S18.axis2.piezo rotation to -0.145810deg	 DONE
02/10/2025 23:35:42:	17	count	time	5.000000s/cts	O Det=15	H Det=134	Mon Det=11490	Aux Det=26	O+H=175	 DONE
02/10/2025 23:35:49:	move motor	S18.axis2.piezo rotation to -0.145750deg	 DONE
02/10/2025 23:35:50:	18	count	time	5.000000s/cts	O Det=9	H Det=137	Mon Det=11601	Aux Det=28	O+H=174	 DONE
02/10/2025 23:35:57:	move motor	S18.axis2.piezo rotation to -0.145690deg	 DONE
02/10/2025 23:35:58:	19	count	time	5.000000s/cts	O Det=18	H Det=140	Mon Det=11434	Aux Det=8	O+H=166	 DONE
02/10/2025 23:36:04:	move motor	S18.axis2.piezo rotation to -0.145630deg	 DONE
02/10/2025 23:36:06:	20	count	time	5.000000s/cts	O Det=29	H Det=147	Mon Det=11437	Aux Det=9	O+H=185	 DONE
02/10/2025 23:36:12:	move motor	S18.axis2.piezo rotation to -0.145570deg	 DONE
02/10/2025 23:36:14:	21	count	time	5.000000s/cts	O Det=56	H Det=185	Mon Det=11485	Aux Det=13	O+H=254	 DONE
02/10/2025 23:36:20:	move motor	S18.axis2.piezo rotation to -0.145510deg	 DONE
02/10/2025 23:36:22:	22	count	time	5.000000s/cts	O Det=79	H Det=221	Mon Det=11652	Aux Det=40	O+H=340	 DONE
02/10/2025 23:36:28:	move motor	S18.axis2.piezo rotation to -0.145450deg	 DONE
02/10/2025 23:36:30:	23	count	time	5.000000s/cts	O Det=121	H Det=222	Mon Det=11305	Aux Det=95	O+H=438	 DONE
02/10/2025 23:36:36:	move motor	S18.axis2.piezo rotation to -0.145390deg	 DONE
02/10/2025 23:36:37:	24	count	time	5.000000s/cts	O Det=180	H Det=212	Mon Det=11489	Aux Det=180	O+H=572	 DONE
02/10/2025 23:36:44:	move motor	S18.axis2.piezo rotation to -0.145330deg	 DONE
02/10/2025 23:36:46:	25	count	time	5.000000s/cts	O Det=221	H Det=213	Mon Det=11648	Aux Det=295	O+H=729	 DONE
02/10/2025 23:36:52:	move motor	S18.axis2.piezo rotation to -0.145270deg	 DONE
02/10/2025 23:36:53:	26	count	time	5.000000s/cts	O Det=306	H Det=234	Mon Det=11333	Aux Det=342	O+H=882	 DONE
02/10/2025 23:37:00:	move motor	S18.axis2.piezo rotation to -0.145210deg	 DONE
02/10/2025 23:37:01:	27	count	time	5.000000s/cts	O Det=304	H Det=221	Mon Det=11389	Aux Det=496	O+H=1021	 DONE
02/10/2025 23:37:08:	move motor	S18.axis2.piezo rotation to -0.145150deg	 DONE
02/10/2025 23:37:10:	28	count	time	5.000000s/cts	O Det=355	H Det=224	Mon Det=11500	Aux Det=505	O+H=1084	 DONE
02/10/2025 23:37:16:	move motor	S18.axis2.piezo rotation to -0.145090deg	 DONE
02/10/2025 23:37:18:	29	count	time	5.000000s/cts	O Det=335	H Det=231	Mon Det=11636	Aux Det=502	O+H=1068	 DONE
02/10/2025 23:37:25:	move motor	S18.axis2.piezo rotation to -0.145030deg	 DONE
02/10/2025 23:37:26:	30	count	time	5.000000s/cts	O Det=312	H Det=249	Mon Det=11551	Aux Det=496	O+H=1057	 DONE
02/10/2025 23:37:33:	move motor	S18.axis2.piezo rotation to -0.144970deg	 DONE
02/10/2025 23:37:34:	31	count	time	5.000000s/cts	O Det=290	H Det=219	Mon Det=11534	Aux Det=429	O+H=938	 DONE
02/10/2025 23:37:40:	move motor	S18.axis2.piezo rotation to -0.144910deg	 DONE
02/10/2025 23:37:42:	32	count	time	5.000000s/cts	O Det=254	H Det=206	Mon Det=11527	Aux Det=331	O+H=791	 DONE
02/10/2025 23:37:49:	move motor	S18.axis2.piezo rotation to -0.144850deg	 DONE
02/10/2025 23:37:50:	33	count	time	5.000000s/cts	O Det=210	H Det=208	Mon Det=11604	Aux Det=305	O+H=723	 DONE
02/10/2025 23:37:56:	move motor	S18.axis2.piezo rotation to -0.144790deg	 DONE
02/10/2025 23:37:58:	34	count	time	5.000000s/cts	O Det=170	H Det=195	Mon Det=11298	Aux Det=156	O+H=521	 DONE
02/10/2025 23:38:04:	move motor	S18.axis2.piezo rotation to -0.144730deg	 DONE
02/10/2025 23:38:05:	35	count	time	5.000000s/cts	O Det=122	H Det=193	Mon Det=11615	Aux Det=78	O+H=393	 DONE
02/10/2025 23:38:12:	move motor	S18.axis2.piezo rotation to -0.144670deg	 DONE
02/10/2025 23:38:13:	36	count	time	5.000000s/cts	O Det=112	H Det=174	Mon Det=11368	Aux Det=35	O+H=321	 DONE
02/10/2025 23:38:20:	move motor	S18.axis2.piezo rotation to -0.144610deg	 DONE
02/10/2025 23:38:21:	37	count	time	5.000000s/cts	O Det=71	H Det=145	Mon Det=11404	Aux Det=20	O+H=236	 DONE
02/10/2025 23:38:28:	move motor	S18.axis2.piezo rotation to -0.144550deg	 DONE
02/10/2025 23:38:29:	38	count	time	5.000000s/cts	O Det=27	H Det=146	Mon Det=11357	Aux Det=12	O+H=185	 DONE
02/10/2025 23:38:36:	move motor	S18.axis2.piezo rotation to -0.144490deg	 DONE
02/10/2025 23:38:37:	39	count	time	5.000000s/cts	O Det=26	H Det=108	Mon Det=11447	Aux Det=3	O+H=137	 DONE
02/10/2025 23:38:44:	move motor	S18.axis2.piezo rotation to -0.144430deg	 DONE
02/10/2025 23:38:45:	40	count	time	5.000000s/cts	O Det=12	H Det=102	Mon Det=11471	Aux Det=4	O+H=118	 DONE
02/10/2025 23:38:52:	move motor	S18.axis2.piezo rotation to -0.144370deg	 DONE
02/10/2025 23:38:53:	41	count	time	5.000000s/cts	O Det=7	H Det=93	Mon Det=11332	Aux Det=2	O+H=102	 DONE
02/10/2025 23:39:00:	move motor	S18.axis2.piezo rotation to -0.144310deg	 DONE
02/10/2025 23:39:01:	42	count	time	5.000000s/cts	O Det=7	H Det=81	Mon Det=11510	Aux Det=3	O+H=91	 DONE
02/10/2025 23:39:08:	move motor	S18.axis2.piezo rotation to -0.144250deg	 DONE
02/10/2025 23:39:10:	43	count	time	5.000000s/cts	O Det=5	H Det=64	Mon Det=11571	Aux Det=0	O+H=69	 DONE
02/10/2025 23:39:16:	move motor	S18.axis2.piezo rotation to -0.144190deg	 DONE
02/10/2025 23:39:17:	44	count	time	5.000000s/cts	O Det=6	H Det=57	Mon Det=11592	Aux Det=2	O+H=65	 DONE
02/10/2025 23:39:24:	move motor	S18.axis2.piezo rotation to -0.144130deg	 DONE
02/10/2025 23:39:26:	45	count	time	5.000000s/cts	O Det=4	H Det=54	Mon Det=11462	Aux Det=6	O+H=64	 DONE
02/10/2025 23:39:32:	move motor	S18.axis2.piezo rotation to -0.144070deg	 DONE
02/10/2025 23:39:33:	46	count	time	5.000000s/cts	O Det=4	H Det=50	Mon Det=11557	Aux Det=2	O+H=56	 DONE
02/10/2025 23:39:40:	move motor	S18.axis2.piezo rotation to -0.144010deg	 DONE
02/10/2025 23:39:41:	47	count	time	5.000000s/cts	O Det=4	H Det=40	Mon Det=11402	Aux Det=4	O+H=48	 DONE
02/10/2025 23:39:48:	move motor	S18.axis2.piezo rotation to -0.143950deg	 DONE
02/10/2025 23:39:49:	48	count	time	5.000000s/cts	O Det=1	H Det=32	Mon Det=11631	Aux Det=0	O+H=33	 DONE
02/10/2025 23:39:56:	move motor	S18.axis2.piezo rotation to -0.143890deg	 DONE
02/10/2025 23:39:57:	49	count	time	5.000000s/cts	O Det=2	H Det=38	Mon Det=11404	Aux Det=3	O+H=43	 DONE
02/10/2025 23:40:04:	move motor	S18.axis2.piezo rotation to -0.143830deg	 DONE
02/10/2025 23:40:05:	50	count	time	5.000000s/cts	O Det=2	H Det=26	Mon Det=11595	Aux Det=3	O+H=31	 DONE
02/10/2025 23:40:12:	move motor	S18.axis2.piezo rotation to -0.143770deg	 DONE
02/10/2025 23:40:13:	51	count	time	5.000000s/cts	O Det=2	H Det=27	Mon Det=11535	Aux Det=4	O+H=33	 DONE
02/10/2025 23:40:20:	move motor	S18.axis2.piezo rotation to -0.143710deg	 DONE
02/10/2025 23:40:21:	52	count	time	5.000000s/cts	O Det=0	H Det=40	Mon Det=11570	Aux Det=4	O+H=44	 DONE
02/10/2025 23:40:27:	move motor	S18.axis2.piezo rotation to -0.143650deg	 DONE
02/10/2025 23:40:29:	53	count	time	5.000000s/cts	O Det=0	H Det=25	Mon Det=11382	Aux Det=2	O+H=27	 DONE
02/10/2025 23:40:35:	move motor	S18.axis2.piezo rotation to -0.143590deg	 DONE
02/10/2025 23:40:36:	54	count	time	5.000000s/cts	O Det=0	H Det=27	Mon Det=11291	Aux Det=5	O+H=32	 DONE
02/10/2025 23:40:43:	move motor	S18.axis2.piezo rotation to -0.143530deg	 DONE
02/10/2025 23:40:44:	55	count	time	5.000000s/cts	O Det=2	H Det=16	Mon Det=11420	Aux Det=2	O+H=20	 DONE
02/10/2025 23:40:51:	move motor	S18.axis2.piezo rotation to -0.143470deg	 DONE
02/10/2025 23:40:52:	56	count	time	5.000000s/cts	O Det=0	H Det=22	Mon Det=11368	Aux Det=3	O+H=25	 DONE
02/10/2025 23:40:59:	move motor	S18.axis2.piezo rotation to -0.143410deg	 DONE
02/10/2025 23:41:00:	57	count	time	5.000000s/cts	O Det=2	H Det=24	Mon Det=11384	Aux Det=2	O+H=28	 DONE
02/10/2025 23:41:07:	move motor	S18.axis2.piezo rotation to -0.143350deg	 DONE
02/10/2025 23:41:08:	58	count	time	5.000000s/cts	O Det=0	H Det=16	Mon Det=11546	Aux Det=0	O+H=16	 DONE
02/10/2025 23:41:15:	move motor	S18.axis2.piezo rotation to -0.143290deg	 DONE
02/10/2025 23:41:16:	59	count	time	5.000000s/cts	O Det=0	H Det=22	Mon Det=11364	Aux Det=0	O+H=22	 DONE
02/10/2025 23:41:23:	move motor	S18.axis2.piezo rotation to -0.143230deg	 DONE
02/10/2025 23:41:24:	60	count	time	5.000000s/cts	O Det=0	H Det=11	Mon Det=11510	Aux Det=0	O+H=11	 DONE
02/10/2025 23:41:31:	close file and end scan	 DONE
02/10/2025 23:41:31:	move motor	S18.axis2.piezo rotation to fit SUM PEAK60	-0.145103reached -0.14510  DONE
02/10/2025 23:41:35:	END OF SCRIPT	 DONE
