24/09/2025 19:14:12:	start execution of script D:\data\Cycle 198\exp_3-16-19\rawdata\sc\rocking.sc	 DONE
24/09/2025 19:14:12:	move motor	S18.axis2.piezo rotation to -0.309700deg	 DONE
24/09/2025 19:14:16:	create file	D:\data\Cycle 198\exp_3-16-19\rawdata\sc\rocking_24Sep1914.dat	 DONE
room to enter remarks DONE
24/09/2025 19:14:17:	move motor	S18.axis2.piezo rotation to -0.209700deg	 DONE
24/09/2025 19:14:22:	1	count	time	3.000000s/cts	O Det=54	H Det=1717	Mon Det=6624	Aux Det=54	O+H=1825	 DONE
24/09/2025 19:14:29:	move motor	S18.axis2.piezo rotation to -0.209650deg	 DONE
24/09/2025 19:14:31:	2	count	time	3.000000s/cts	O Det=42	H Det=1549	Mon Det=6346	Aux Det=22	O+H=1613	 DONE
24/09/2025 19:14:36:	move motor	S18.axis2.piezo rotation to -0.209600deg	 DONE
24/09/2025 19:14:37:	3	count	time	3.000000s/cts	O Det=50	H Det=1631	Mon Det=6645	Aux Det=52	O+H=1733	 DONE
24/09/2025 19:14:42:	move motor	S18.axis2.piezo rotation to -0.209550deg	 DONE
24/09/2025 19:14:43:	4	count	time	3.000000s/cts	O Det=60	H Det=1890	Mon Det=6627	Aux Det=47	O+H=1997	 DONE
24/09/2025 19:14:48:	move motor	S18.axis2.piezo rotation to -0.209500deg	 DONE
24/09/2025 19:14:49:	5	count	time	3.000000s/cts	O Det=64	H Det=2099	Mon Det=6540	Aux Det=87	O+H=2250	 DONE
24/09/2025 19:14:54:	move motor	S18.axis2.piezo rotation to -0.209450deg	 DONE
24/09/2025 19:14:56:	6	count	time	3.000000s/cts	O Det=93	H Det=2401	Mon Det=6314	Aux Det=154	O+H=2648	 DONE
24/09/2025 19:15:01:	move motor	S18.axis2.piezo rotation to -0.209400deg	 DONE
24/09/2025 19:15:02:	7	count	time	3.000000s/cts	O Det=153	H Det=2454	Mon Det=6609	Aux Det=294	O+H=2901	 DONE
24/09/2025 19:15:07:	move motor	S18.axis2.piezo rotation to -0.209350deg	 DONE
24/09/2025 19:15:09:	8	count	time	3.000000s/cts	O Det=277	H Det=2557	Mon Det=6625	Aux Det=874	O+H=3708	 DONE
24/09/2025 19:15:15:	move motor	S18.axis2.piezo rotation to -0.209300deg	 DONE
24/09/2025 19:15:16:	9	count	time	3.000000s/cts	O Det=312	H Det=2969	Mon Det=6658	Aux Det=2132	O+H=5413	 DONE
24/09/2025 19:15:22:	move motor	S18.axis2.piezo rotation to -0.209250deg	 DONE
24/09/2025 19:15:23:	10	count	time	3.000000s/cts	O Det=294	H Det=3329	Mon Det=6620	Aux Det=3982	O+H=7605	 DONE
24/09/2025 19:15:28:	move motor	S18.axis2.piezo rotation to -0.209200deg	 DONE
24/09/2025 19:15:30:	11	count	time	3.000000s/cts	O Det=332	H Det=3386	Mon Det=6442	Aux Det=5607	O+H=9325	 DONE
24/09/2025 19:15:35:	move motor	S18.axis2.piezo rotation to -0.209150deg	 DONE
24/09/2025 19:15:37:	12	count	time	3.000000s/cts	O Det=313	H Det=3482	Mon Det=6493	Aux Det=6053	O+H=9848	 DONE
24/09/2025 19:15:42:	move motor	S18.axis2.piezo rotation to -0.209100deg	 DONE
24/09/2025 19:15:43:	13	count	time	3.000000s/cts	O Det=378	H Det=3419	Mon Det=6486	Aux Det=6260	O+H=10057	 DONE
24/09/2025 19:15:49:	move motor	S18.axis2.piezo rotation to -0.209050deg	 DONE
24/09/2025 19:15:50:	14	count	time	3.000000s/cts	O Det=289	H Det=3345	Mon Det=6517	Aux Det=6082	O+H=9716	 DONE
24/09/2025 19:15:55:	move motor	S18.axis2.piezo rotation to -0.209000deg	 DONE
24/09/2025 19:15:57:	15	count	time	3.000000s/cts	O Det=248	H Det=3582	Mon Det=6666	Aux Det=5240	O+H=9070	 DONE
24/09/2025 19:16:02:	move motor	S18.axis2.piezo rotation to -0.208950deg	 DONE
24/09/2025 19:16:04:	16	count	time	3.000000s/cts	O Det=262	H Det=3298	Mon Det=6616	Aux Det=3891	O+H=7451	 DONE
24/09/2025 19:16:09:	move motor	S18.axis2.piezo rotation to -0.208900deg	 DONE
24/09/2025 19:16:11:	17	count	time	3.000000s/cts	O Det=239	H Det=3169	Mon Det=6656	Aux Det=1936	O+H=5344	 DONE
24/09/2025 19:16:16:	move motor	S18.axis2.piezo rotation to -0.208850deg	 DONE
24/09/2025 19:16:17:	18	count	time	3.000000s/cts	O Det=166	H Det=2728	Mon Det=6753	Aux Det=938	O+H=3832	 DONE
24/09/2025 19:16:22:	move motor	S18.axis2.piezo rotation to -0.208800deg	 DONE
24/09/2025 19:16:24:	19	count	time	3.000000s/cts	O Det=114	H Det=2605	Mon Det=6548	Aux Det=353	O+H=3072	 DONE
24/09/2025 19:16:29:	move motor	S18.axis2.piezo rotation to -0.208750deg	 DONE
24/09/2025 19:16:31:	20	count	time	3.000000s/cts	O Det=74	H Det=2346	Mon Det=6597	Aux Det=181	O+H=2601	 DONE
24/09/2025 19:16:36:	move motor	S18.axis2.piezo rotation to -0.208700deg	 DONE
24/09/2025 19:16:39:	21	count	time	3.000000s/cts	O Det=49	H Det=2112	Mon Det=6416	Aux Det=107	O+H=2268	 DONE
24/09/2025 19:16:44:	move motor	S18.axis2.piezo rotation to -0.208650deg	 DONE
24/09/2025 19:16:46:	22	count	time	3.000000s/cts	O Det=27	H Det=1760	Mon Det=6669	Aux Det=64	O+H=1851	 DONE
24/09/2025 19:16:51:	move motor	S18.axis2.piezo rotation to -0.208600deg	 DONE
24/09/2025 19:16:52:	23	count	time	3.000000s/cts	O Det=23	H Det=1594	Mon Det=6533	Aux Det=34	O+H=1651	 DONE
24/09/2025 19:16:57:	move motor	S18.axis2.piezo rotation to -0.208550deg	 DONE
24/09/2025 19:16:59:	24	count	time	3.000000s/cts	O Det=13	H Det=1351	Mon Det=6524	Aux Det=31	O+H=1395	 DONE
24/09/2025 19:17:04:	move motor	S18.axis2.piezo rotation to -0.208500deg	 DONE
24/09/2025 19:17:06:	25	count	time	3.000000s/cts	O Det=15	H Det=1076	Mon Det=6466	Aux Det=24	O+H=1115	 DONE
24/09/2025 19:17:12:	move motor	S18.axis2.piezo rotation to -0.208450deg	 DONE
24/09/2025 19:17:13:	26	count	time	3.000000s/cts	O Det=6	H Det=1004	Mon Det=6630	Aux Det=23	O+H=1033	 DONE
24/09/2025 19:17:18:	move motor	S18.axis2.piezo rotation to -0.208400deg	 DONE
24/09/2025 19:17:20:	27	count	time	3.000000s/cts	O Det=6	H Det=813	Mon Det=6513	Aux Det=24	O+H=843	 DONE
24/09/2025 19:17:25:	move motor	S18.axis2.piezo rotation to -0.208350deg	 DONE
24/09/2025 19:17:27:	28	count	time	3.000000s/cts	O Det=2	H Det=751	Mon Det=6477	Aux Det=14	O+H=767	 DONE
24/09/2025 19:17:32:	move motor	S18.axis2.piezo rotation to -0.208300deg	 DONE
24/09/2025 19:17:34:	29	count	time	3.000000s/cts	O Det=6	H Det=693	Mon Det=6604	Aux Det=11	O+H=710	 DONE
24/09/2025 19:17:39:	move motor	S18.axis2.piezo rotation to -0.208250deg	 DONE
24/09/2025 19:17:41:	30	count	time	3.000000s/cts	O Det=4	H Det=601	Mon Det=6797	Aux Det=13	O+H=618	 DONE
24/09/2025 19:17:46:	move motor	S18.axis2.piezo rotation to -0.208200deg	 DONE
24/09/2025 19:17:48:	31	count	time	3.000000s/cts	O Det=1	H Det=542	Mon Det=6585	Aux Det=10	O+H=553	 DONE
24/09/2025 19:17:53:	move motor	S18.axis2.piezo rotation to -0.208150deg	 DONE
24/09/2025 19:17:55:	32	count	time	3.000000s/cts	O Det=2	H Det=498	Mon Det=6733	Aux Det=11	O+H=511	 DONE
24/09/2025 19:18:01:	move motor	S18.axis2.piezo rotation to -0.208100deg	 DONE
24/09/2025 19:18:02:	33	count	time	3.000000s/cts	O Det=5	H Det=437	Mon Det=6563	Aux Det=12	O+H=454	 DONE
24/09/2025 19:18:08:	move motor	S18.axis2.piezo rotation to -0.208050deg	 DONE
24/09/2025 19:18:09:	34	count	time	3.000000s/cts	O Det=4	H Det=426	Mon Det=6631	Aux Det=9	O+H=439	 DONE
24/09/2025 19:18:14:	move motor	S18.axis2.piezo rotation to -0.208000deg	 DONE
24/09/2025 19:18:16:	35	count	time	3.000000s/cts	O Det=3	H Det=396	Mon Det=6602	Aux Det=7	O+H=406	 DONE
24/09/2025 19:18:21:	move motor	S18.axis2.piezo rotation to -0.207950deg	 DONE
24/09/2025 19:18:23:	36	count	time	3.000000s/cts	O Det=3	H Det=361	Mon Det=6533	Aux Det=14	O+H=378	 DONE
24/09/2025 19:18:28:	move motor	S18.axis2.piezo rotation to -0.207900deg	 DONE
24/09/2025 19:18:30:	37	count	time	3.000000s/cts	O Det=0	H Det=316	Mon Det=6657	Aux Det=4	O+H=320	 DONE
24/09/2025 19:18:35:	move motor	S18.axis2.piezo rotation to -0.207850deg	 DONE
24/09/2025 19:18:37:	38	count	time	3.000000s/cts	O Det=0	H Det=317	Mon Det=6497	Aux Det=7	O+H=324	 DONE
24/09/2025 19:18:42:	move motor	S18.axis2.piezo rotation to -0.207800deg	 DONE
24/09/2025 19:18:43:	39	count	time	3.000000s/cts	O Det=3	H Det=271	Mon Det=6636	Aux Det=6	O+H=280	 DONE
24/09/2025 19:18:49:	move motor	S18.axis2.piezo rotation to -0.207750deg	 DONE
24/09/2025 19:18:51:	40	count	time	3.000000s/cts	O Det=1	H Det=258	Mon Det=6574	Aux Det=3	O+H=262	 DONE
24/09/2025 19:18:56:	move motor	S18.axis2.piezo rotation to -0.207700deg	 DONE
24/09/2025 19:18:58:	41	count	time	3.000000s/cts	O Det=4	H Det=248	Mon Det=6703	Aux Det=7	O+H=259	 DONE
24/09/2025 19:19:03:	move motor	S18.axis2.piezo rotation to -0.207650deg	 DONE
24/09/2025 19:19:05:	42	count	time	3.000000s/cts	O Det=0	H Det=216	Mon Det=6672	Aux Det=12	O+H=228	 DONE
24/09/2025 19:19:10:	move motor	S18.axis2.piezo rotation to -0.207600deg	 DONE
24/09/2025 19:19:12:	43	count	time	3.000000s/cts	O Det=0	H Det=204	Mon Det=6656	Aux Det=3	O+H=207	 DONE
24/09/2025 19:19:17:	move motor	S18.axis2.piezo rotation to -0.207550deg	 DONE
24/09/2025 19:19:18:	44	count	time	3.000000s/cts	O Det=3	H Det=185	Mon Det=6595	Aux Det=5	O+H=193	 DONE
24/09/2025 19:19:24:	move motor	S18.axis2.piezo rotation to -0.207500deg	 DONE
24/09/2025 19:19:25:	45	count	time	3.000000s/cts	O Det=0	H Det=210	Mon Det=6545	Aux Det=6	O+H=216	 DONE
24/09/2025 19:19:30:	move motor	S18.axis2.piezo rotation to -0.207450deg	 DONE
24/09/2025 19:19:32:	46	count	time	3.000000s/cts	O Det=1	H Det=185	Mon Det=6665	Aux Det=3	O+H=189	 DONE
24/09/2025 19:19:37:	move motor	S18.axis2.piezo rotation to -0.207400deg	 DONE
24/09/2025 19:19:39:	47	count	time	3.000000s/cts	O Det=1	H Det=150	Mon Det=6636	Aux Det=5	O+H=156	 DONE
24/09/2025 19:19:44:	move motor	S18.axis2.piezo rotation to -0.207350deg	 DONE
24/09/2025 19:19:46:	48	count	time	3.000000s/cts	O Det=0	H Det=163	Mon Det=6567	Aux Det=5	O+H=168	 DONE
24/09/2025 19:19:51:	move motor	S18.axis2.piezo rotation to -0.207300deg	 DONE
24/09/2025 19:19:52:	49	count	time	3.000000s/cts	O Det=0	H Det=141	Mon Det=6554	Aux Det=1	O+H=142	 DONE
24/09/2025 19:19:58:	move motor	S18.axis2.piezo rotation to -0.207250deg	 DONE
24/09/2025 19:19:59:	50	count	time	3.000000s/cts	O Det=0	H Det=131	Mon Det=6822	Aux Det=3	O+H=134	 DONE
24/09/2025 19:20:05:	close file and end scan	saving D:\data\Cycle 198\exp_3-16-19\rawdata\sc\rocking_24Sep1914.tif  DONE
24/09/2025 19:20:05:	move motor	S18.axis2.piezo rotation to fit AUX PEAK60	-0.209104reached -0.20910  DONE
24/09/2025 19:20:10:	END OF SCRIPT	 DONE
