05/10/2025 18:32:46:	start execution of script D:\data\Cycle 198\exp_3-16-19\rawdata\sc\rocking.sc	 DONE
05/10/2025 18:32:46:	move motor	S18.axis2.piezo rotation to -0.246905deg	 DONE
05/10/2025 18:32:48:	create file	D:\data\Cycle 198\exp_3-16-19\rawdata\sc\rocking_05Oct1832.dat	 DONE
room to enter remarks DONE
05/10/2025 18:32:49:	move motor	S18.axis2.piezo rotation to -0.146905deg	 DONE
05/10/2025 18:32:53:	1	count	time	5.000000s/cts	O Det=1	H Det=20	Mon Det=11255	Aux Det=21	O+H=42	 DONE
05/10/2025 18:33:00:	move motor	S18.axis2.piezo rotation to -0.146845deg	 DONE
05/10/2025 18:33:04:	2	count	time	5.000000s/cts	O Det=2	H Det=23	Mon Det=11498	Aux Det=30	O+H=55	 DONE
05/10/2025 18:33:11:	move motor	S18.axis2.piezo rotation to -0.146785deg	 DONE
05/10/2025 18:33:14:	3	count	time	5.000000s/cts	O Det=1	H Det=25	Mon Det=11377	Aux Det=17	O+H=43	 DONE
05/10/2025 18:33:21:	move motor	S18.axis2.piezo rotation to -0.146725deg	 DONE
05/10/2025 18:33:25:	4	count	time	5.000000s/cts	O Det=0	H Det=25	Mon Det=11508	Aux Det=38	O+H=63	 DONE
05/10/2025 18:33:32:	move motor	S18.axis2.piezo rotation to -0.146665deg	 DONE
05/10/2025 18:33:33:	5	count	time	5.000000s/cts	O Det=0	H Det=23	Mon Det=11527	Aux Det=29	O+H=52	 DONE
05/10/2025 18:33:40:	move motor	S18.axis2.piezo rotation to -0.146605deg	 DONE
05/10/2025 18:33:41:	6	count	time	5.000000s/cts	O Det=1	H Det=27	Mon Det=11620	Aux Det=27	O+H=55	 DONE
05/10/2025 18:33:48:	move motor	S18.axis2.piezo rotation to -0.146545deg	 DONE
05/10/2025 18:33:51:	7	count	time	5.000000s/cts	O Det=0	H Det=33	Mon Det=11354	Aux Det=25	O+H=58	 DONE
05/10/2025 18:33:58:	move motor	S18.axis2.piezo rotation to -0.146485deg	 DONE
05/10/2025 18:34:02:	8	count	time	5.000000s/cts	O Det=1	H Det=19	Mon Det=11553	Aux Det=35	O+H=55	 DONE
05/10/2025 18:34:09:	move motor	S18.axis2.piezo rotation to -0.146425deg	 DONE
05/10/2025 18:34:13:	9	count	time	5.000000s/cts	O Det=0	H Det=31	Mon Det=11760	Aux Det=47	O+H=78	 DONE
05/10/2025 18:34:19:	move motor	S18.axis2.piezo rotation to -0.146365deg	 DONE
05/10/2025 18:34:23:	10	count	time	5.000000s/cts	O Det=2	H Det=41	Mon Det=11661	Aux Det=43	O+H=86	 DONE
05/10/2025 18:34:30:	move motor	S18.axis2.piezo rotation to -0.146305deg	 DONE
05/10/2025 18:34:31:	11	count	time	5.000000s/cts	O Det=1	H Det=37	Mon Det=11457	Aux Det=52	O+H=90	 DONE
05/10/2025 18:34:38:	move motor	S18.axis2.piezo rotation to -0.146245deg	 DONE
05/10/2025 18:34:39:	12	count	time	5.000000s/cts	O Det=3	H Det=43	Mon Det=11600	Aux Det=57	O+H=103	 DONE
05/10/2025 18:34:46:	move motor	S18.axis2.piezo rotation to -0.146185deg	 DONE
05/10/2025 18:34:47:	13	count	time	5.000000s/cts	O Det=1	H Det=53	Mon Det=11381	Aux Det=64	O+H=118	 DONE
05/10/2025 18:34:53:	move motor	S18.axis2.piezo rotation to -0.146125deg	 DONE
05/10/2025 18:34:57:	14	count	time	5.000000s/cts	O Det=1	H Det=58	Mon Det=11668	Aux Det=74	O+H=133	 DONE
05/10/2025 18:35:04:	move motor	S18.axis2.piezo rotation to -0.146065deg	 DONE
05/10/2025 18:35:08:	15	count	time	5.000000s/cts	O Det=4	H Det=77	Mon Det=11423	Aux Det=68	O+H=149	 DONE
05/10/2025 18:35:14:	move motor	S18.axis2.piezo rotation to -0.146005deg	 DONE
05/10/2025 18:35:18:	16	count	time	5.000000s/cts	O Det=2	H Det=79	Mon Det=11554	Aux Det=84	O+H=165	 DONE
05/10/2025 18:35:25:	move motor	S18.axis2.piezo rotation to -0.145945deg	 DONE
05/10/2025 18:35:29:	17	count	time	5.000000s/cts	O Det=15	H Det=100	Mon Det=11429	Aux Det=95	O+H=210	 DONE
05/10/2025 18:35:35:	move motor	S18.axis2.piezo rotation to -0.145885deg	 DONE
05/10/2025 18:35:37:	18	count	time	5.000000s/cts	O Det=12	H Det=141	Mon Det=11479	Aux Det=136	O+H=289	 DONE
05/10/2025 18:35:43:	move motor	S18.axis2.piezo rotation to -0.145825deg	 DONE
05/10/2025 18:35:44:	19	count	time	5.000000s/cts	O Det=23	H Det=149	Mon Det=11337	Aux Det=157	O+H=329	 DONE
05/10/2025 18:35:51:	move motor	S18.axis2.piezo rotation to -0.145765deg	 DONE
05/10/2025 18:35:55:	20	count	time	5.000000s/cts	O Det=35	H Det=178	Mon Det=11500	Aux Det=208	O+H=421	 DONE
05/10/2025 18:36:02:	move motor	S18.axis2.piezo rotation to -0.145705deg	 DONE
05/10/2025 18:36:06:	21	count	time	5.000000s/cts	O Det=28	H Det=184	Mon Det=11551	Aux Det=196	O+H=408	 DONE
05/10/2025 18:36:12:	move motor	S18.axis2.piezo rotation to -0.145645deg	 DONE
05/10/2025 18:36:16:	22	count	time	5.000000s/cts	O Det=33	H Det=229	Mon Det=11444	Aux Det=230	O+H=492	 DONE
05/10/2025 18:36:23:	move motor	S18.axis2.piezo rotation to -0.145585deg	 DONE
05/10/2025 18:36:27:	23	count	time	5.000000s/cts	O Det=40	H Det=243	Mon Det=11459	Aux Det=269	O+H=552	 DONE
05/10/2025 18:36:33:	move motor	S18.axis2.piezo rotation to -0.145525deg	 DONE
05/10/2025 18:36:34:	24	count	time	5.000000s/cts	O Det=47	H Det=330	Mon Det=11671	Aux Det=332	O+H=709	 DONE
05/10/2025 18:36:41:	move motor	S18.axis2.piezo rotation to -0.145465deg	 DONE
05/10/2025 18:36:42:	25	count	time	5.000000s/cts	O Det=72	H Det=389	Mon Det=11695	Aux Det=346	O+H=807	 DONE
05/10/2025 18:36:49:	move motor	S18.axis2.piezo rotation to -0.145405deg	 DONE
05/10/2025 18:36:53:	26	count	time	5.000000s/cts	O Det=100	H Det=394	Mon Det=11455	Aux Det=416	O+H=910	 DONE
05/10/2025 18:36:59:	move motor	S18.axis2.piezo rotation to -0.145345deg	 DONE
05/10/2025 18:37:03:	27	count	time	5.000000s/cts	O Det=133	H Det=430	Mon Det=11720	Aux Det=479	O+H=1042	 DONE
05/10/2025 18:37:10:	move motor	S18.axis2.piezo rotation to -0.145285deg	 DONE
05/10/2025 18:37:14:	28	count	time	5.000000s/cts	O Det=144	H Det=437	Mon Det=11578	Aux Det=471	O+H=1052	 DONE
05/10/2025 18:37:21:	move motor	S18.axis2.piezo rotation to -0.145225deg	 DONE
05/10/2025 18:37:25:	29	count	time	5.000000s/cts	O Det=189	H Det=458	Mon Det=11706	Aux Det=426	O+H=1073	 DONE
05/10/2025 18:37:31:	move motor	S18.axis2.piezo rotation to -0.145165deg	 DONE
05/10/2025 18:37:33:	30	count	time	5.000000s/cts	O Det=206	H Det=530	Mon Det=11469	Aux Det=523	O+H=1259	 DONE
05/10/2025 18:37:39:	move motor	S18.axis2.piezo rotation to -0.145105deg	 DONE
05/10/2025 18:37:40:	31	count	time	5.000000s/cts	O Det=211	H Det=482	Mon Det=11548	Aux Det=473	O+H=1166	 DONE
05/10/2025 18:37:47:	move motor	S18.axis2.piezo rotation to -0.145045deg	 DONE
05/10/2025 18:37:51:	32	count	time	5.000000s/cts	O Det=224	H Det=516	Mon Det=11457	Aux Det=451	O+H=1191	 DONE
05/10/2025 18:37:57:	move motor	S18.axis2.piezo rotation to -0.144985deg	 DONE
05/10/2025 18:38:01:	33	count	time	5.000000s/cts	O Det=208	H Det=437	Mon Det=11277	Aux Det=434	O+H=1079	 DONE
05/10/2025 18:38:08:	move motor	S18.axis2.piezo rotation to -0.144925deg	 DONE
05/10/2025 18:38:12:	34	count	time	5.000000s/cts	O Det=219	H Det=424	Mon Det=11404	Aux Det=446	O+H=1089	 DONE
05/10/2025 18:38:19:	move motor	S18.axis2.piezo rotation to -0.144865deg	 DONE
05/10/2025 18:38:22:	35	count	time	5.000000s/cts	O Det=157	H Det=393	Mon Det=11494	Aux Det=400	O+H=950	 DONE
05/10/2025 18:38:29:	move motor	S18.axis2.piezo rotation to -0.144805deg	 DONE
05/10/2025 18:38:30:	36	count	time	5.000000s/cts	O Det=134	H Det=370	Mon Det=11495	Aux Det=386	O+H=890	 DONE
05/10/2025 18:38:37:	move motor	S18.axis2.piezo rotation to -0.144745deg	 DONE
05/10/2025 18:38:38:	37	count	time	5.000000s/cts	O Det=93	H Det=329	Mon Det=11582	Aux Det=338	O+H=760	 DONE
05/10/2025 18:38:45:	move motor	S18.axis2.piezo rotation to -0.144685deg	 DONE
05/10/2025 18:38:49:	38	count	time	5.000000s/cts	O Det=84	H Det=273	Mon Det=11695	Aux Det=337	O+H=694	 DONE
05/10/2025 18:38:55:	move motor	S18.axis2.piezo rotation to -0.144625deg	 DONE
05/10/2025 18:38:59:	39	count	time	5.000000s/cts	O Det=56	H Det=254	Mon Det=11520	Aux Det=259	O+H=569	 DONE
05/10/2025 18:39:06:	move motor	S18.axis2.piezo rotation to -0.144565deg	 DONE
05/10/2025 18:39:10:	40	count	time	5.000000s/cts	O Det=49	H Det=219	Mon Det=11468	Aux Det=224	O+H=492	 DONE
05/10/2025 18:39:17:	move motor	S18.axis2.piezo rotation to -0.144505deg	 DONE
05/10/2025 18:39:21:	41	count	time	5.000000s/cts	O Det=37	H Det=174	Mon Det=11555	Aux Det=169	O+H=380	 DONE
05/10/2025 18:39:27:	move motor	S18.axis2.piezo rotation to -0.144445deg	 DONE
05/10/2025 18:39:29:	42	count	time	5.000000s/cts	O Det=27	H Det=149	Mon Det=11778	Aux Det=143	O+H=319	 DONE
05/10/2025 18:39:35:	move motor	S18.axis2.piezo rotation to -0.144385deg	 DONE
05/10/2025 18:39:36:	43	count	time	5.000000s/cts	O Det=11	H Det=154	Mon Det=11440	Aux Det=144	O+H=309	 DONE
05/10/2025 18:39:43:	move motor	S18.axis2.piezo rotation to -0.144325deg	 DONE
05/10/2025 18:39:47:	44	count	time	5.000000s/cts	O Det=3	H Det=105	Mon Det=11692	Aux Det=109	O+H=217	 DONE
05/10/2025 18:39:54:	move motor	S18.axis2.piezo rotation to -0.144265deg	 DONE
05/10/2025 18:39:58:	45	count	time	5.000000s/cts	O Det=5	H Det=94	Mon Det=11644	Aux Det=109	O+H=208	 DONE
05/10/2025 18:40:04:	move motor	S18.axis2.piezo rotation to -0.144205deg	 DONE
05/10/2025 18:40:08:	46	count	time	5.000000s/cts	O Det=9	H Det=77	Mon Det=11361	Aux Det=83	O+H=169	 DONE
05/10/2025 18:40:15:	move motor	S18.axis2.piezo rotation to -0.144145deg	 DONE
05/10/2025 18:40:19:	47	count	time	5.000000s/cts	O Det=4	H Det=72	Mon Det=11497	Aux Det=95	O+H=171	 DONE
05/10/2025 18:40:25:	move motor	S18.axis2.piezo rotation to -0.144085deg	 DONE
05/10/2025 18:40:27:	48	count	time	5.000000s/cts	O Det=2	H Det=68	Mon Det=11518	Aux Det=76	O+H=146	 DONE
05/10/2025 18:40:33:	move motor	S18.axis2.piezo rotation to -0.144025deg	 DONE
05/10/2025 18:40:35:	49	count	time	5.000000s/cts	O Det=5	H Det=61	Mon Det=11392	Aux Det=60	O+H=126	 DONE
05/10/2025 18:40:41:	move motor	S18.axis2.piezo rotation to -0.143965deg	 DONE
05/10/2025 18:40:42:	50	count	time	5.000000s/cts	O Det=1	H Det=70	Mon Det=11565	Aux Det=58	O+H=129	 DONE
05/10/2025 18:40:49:	move motor	S18.axis2.piezo rotation to -0.143905deg	 DONE
05/10/2025 18:40:53:	51	count	time	5.000000s/cts	O Det=1	H Det=54	Mon Det=11561	Aux Det=53	O+H=108	 DONE
05/10/2025 18:41:00:	move motor	S18.axis2.piezo rotation to -0.143845deg	 DONE
05/10/2025 18:41:04:	52	count	time	5.000000s/cts	O Det=1	H Det=48	Mon Det=11591	Aux Det=51	O+H=100	 DONE
05/10/2025 18:41:10:	move motor	S18.axis2.piezo rotation to -0.143785deg	 DONE
05/10/2025 18:41:14:	53	count	time	5.000000s/cts	O Det=1	H Det=41	Mon Det=11652	Aux Det=49	O+H=91	 DONE
05/10/2025 18:41:21:	move motor	S18.axis2.piezo rotation to -0.143725deg	 DONE
05/10/2025 18:41:25:	54	count	time	5.000000s/cts	O Det=1	H Det=37	Mon Det=11584	Aux Det=50	O+H=88	 DONE
05/10/2025 18:41:31:	move motor	S18.axis2.piezo rotation to -0.143665deg	 DONE
05/10/2025 18:41:33:	55	count	time	5.000000s/cts	O Det=0	H Det=36	Mon Det=11529	Aux Det=30	O+H=66	 DONE
05/10/2025 18:41:39:	move motor	S18.axis2.piezo rotation to -0.143605deg	 DONE
05/10/2025 18:41:40:	56	count	time	5.000000s/cts	O Det=1	H Det=36	Mon Det=11573	Aux Det=33	O+H=70	 DONE
05/10/2025 18:41:47:	move motor	S18.axis2.piezo rotation to -0.143545deg	 DONE
05/10/2025 18:41:51:	57	count	time	5.000000s/cts	O Det=1	H Det=29	Mon Det=11642	Aux Det=32	O+H=62	 DONE
05/10/2025 18:41:57:	move motor	S18.axis2.piezo rotation to -0.143485deg	 DONE
05/10/2025 18:42:01:	58	count	time	5.000000s/cts	O Det=0	H Det=34	Mon Det=11411	Aux Det=29	O+H=63	 DONE
05/10/2025 18:42:08:	move motor	S18.axis2.piezo rotation to -0.143425deg	 DONE
05/10/2025 18:42:12:	59	count	time	5.000000s/cts	O Det=0	H Det=27	Mon Det=11663	Aux Det=26	O+H=53	 DONE
05/10/2025 18:42:19:	move motor	S18.axis2.piezo rotation to -0.143365deg	 DONE
05/10/2025 18:42:22:	60	count	time	5.000000s/cts	O Det=0	H Det=24	Mon Det=11706	Aux Det=27	O+H=51	 DONE
05/10/2025 18:42:29:	close file and end scan	 DONE
05/10/2025 18:42:30:	move motor	S18.axis2.piezo rotation to fit SUM PEAK60	-0.145115reached -0.14511  DONE
05/10/2025 18:42:32:	END OF SCRIPT	 DONE
