06/10/2025 19:48:14:	start execution of script D:\data\Cycle 198\exp_3-16-19\rawdata\sc\rocking.sc	 DONE
06/10/2025 19:48:15:	move motor	S18.axis2.piezo rotation to 0.245769deg	 DONE
06/10/2025 19:48:17:	create file	D:\data\Cycle 198\exp_3-16-19\rawdata\sc\rocking_06Oct1948.dat	 DONE
room to enter remarks DONE
06/10/2025 19:48:19:	move motor	S18.axis2.piezo rotation to 0.345769deg	 DONE
06/10/2025 19:48:21:	1	count	time	5.000000s/cts	O Det=1	H Det=22	Mon Det=11508	Aux Det=3	O+H=26	 DONE
06/10/2025 19:48:28:	move motor	S18.axis2.piezo rotation to 0.345829deg	 DONE
06/10/2025 19:48:29:	2	count	time	5.000000s/cts	O Det=0	H Det=19	Mon Det=11309	Aux Det=5	O+H=24	 DONE
06/10/2025 19:48:36:	move motor	S18.axis2.piezo rotation to 0.345889deg	 DONE
06/10/2025 19:48:37:	3	count	time	5.000000s/cts	O Det=0	H Det=29	Mon Det=11536	Aux Det=2	O+H=31	 DONE
06/10/2025 19:48:43:	move motor	S18.axis2.piezo rotation to 0.345949deg	 DONE
06/10/2025 19:48:45:	4	count	time	5.000000s/cts	O Det=0	H Det=26	Mon Det=11508	Aux Det=5	O+H=31	 DONE
06/10/2025 19:48:51:	move motor	S18.axis2.piezo rotation to 0.346009deg	 DONE
06/10/2025 19:48:53:	5	count	time	5.000000s/cts	O Det=1	H Det=25	Mon Det=11588	Aux Det=7	O+H=33	 DONE
06/10/2025 19:48:59:	move motor	S18.axis2.piezo rotation to 0.346069deg	 DONE
06/10/2025 19:49:01:	6	count	time	5.000000s/cts	O Det=0	H Det=28	Mon Det=11484	Aux Det=4	O+H=32	 DONE
06/10/2025 19:49:07:	move motor	S18.axis2.piezo rotation to 0.346129deg	 DONE
06/10/2025 19:49:09:	7	count	time	5.000000s/cts	O Det=0	H Det=32	Mon Det=11528	Aux Det=2	O+H=34	 DONE
06/10/2025 19:49:15:	move motor	S18.axis2.piezo rotation to 0.346189deg	 DONE
06/10/2025 19:49:16:	8	count	time	5.000000s/cts	O Det=1	H Det=39	Mon Det=11574	Aux Det=1	O+H=41	 DONE
06/10/2025 19:49:23:	move motor	S18.axis2.piezo rotation to 0.346249deg	 DONE
06/10/2025 19:49:24:	9	count	time	5.000000s/cts	O Det=2	H Det=35	Mon Det=11667	Aux Det=1	O+H=38	 DONE
06/10/2025 19:49:31:	move motor	S18.axis2.piezo rotation to 0.346309deg	 DONE
06/10/2025 19:49:32:	10	count	time	5.000000s/cts	O Det=2	H Det=46	Mon Det=11544	Aux Det=2	O+H=50	 DONE
06/10/2025 19:49:39:	move motor	S18.axis2.piezo rotation to 0.346369deg	 DONE
06/10/2025 19:49:41:	11	count	time	5.000000s/cts	O Det=0	H Det=45	Mon Det=11682	Aux Det=7	O+H=52	 DONE
06/10/2025 19:49:48:	move motor	S18.axis2.piezo rotation to 0.346429deg	 DONE
06/10/2025 19:49:49:	12	count	time	5.000000s/cts	O Det=2	H Det=54	Mon Det=11666	Aux Det=2	O+H=58	 DONE
06/10/2025 19:49:56:	move motor	S18.axis2.piezo rotation to 0.346489deg	 DONE
06/10/2025 19:49:57:	13	count	time	5.000000s/cts	O Det=1	H Det=66	Mon Det=11610	Aux Det=1	O+H=68	 DONE
06/10/2025 19:50:04:	move motor	S18.axis2.piezo rotation to 0.346549deg	 DONE
06/10/2025 19:50:05:	14	count	time	5.000000s/cts	O Det=3	H Det=84	Mon Det=11451	Aux Det=3	O+H=90	 DONE
06/10/2025 19:50:12:	move motor	S18.axis2.piezo rotation to 0.346609deg	 DONE
06/10/2025 19:50:13:	15	count	time	5.000000s/cts	O Det=5	H Det=85	Mon Det=11683	Aux Det=4	O+H=94	 DONE
06/10/2025 19:50:20:	move motor	S18.axis2.piezo rotation to 0.346669deg	 DONE
06/10/2025 19:50:21:	16	count	time	5.000000s/cts	O Det=12	H Det=96	Mon Det=11689	Aux Det=6	O+H=114	 DONE
06/10/2025 19:50:28:	move motor	S18.axis2.piezo rotation to 0.346729deg	 DONE
06/10/2025 19:50:29:	17	count	time	5.000000s/cts	O Det=14	H Det=131	Mon Det=11505	Aux Det=35	O+H=180	 DONE
06/10/2025 19:50:36:	move motor	S18.axis2.piezo rotation to 0.346789deg	 DONE
06/10/2025 19:50:37:	18	count	time	5.000000s/cts	O Det=10	H Det=168	Mon Det=11577	Aux Det=28	O+H=206	 DONE
06/10/2025 19:50:44:	move motor	S18.axis2.piezo rotation to 0.346849deg	 DONE
06/10/2025 19:50:45:	19	count	time	5.000000s/cts	O Det=17	H Det=188	Mon Det=11616	Aux Det=23	O+H=228	 DONE
06/10/2025 19:50:52:	move motor	S18.axis2.piezo rotation to 0.346909deg	 DONE
06/10/2025 19:50:53:	20	count	time	5.000000s/cts	O Det=18	H Det=194	Mon Det=11476	Aux Det=13	O+H=225	 DONE
06/10/2025 19:51:00:	move motor	S18.axis2.piezo rotation to 0.346969deg	 DONE
06/10/2025 19:51:01:	21	count	time	5.000000s/cts	O Det=9	H Det=254	Mon Det=11482	Aux Det=9	O+H=272	 DONE
06/10/2025 19:51:08:	move motor	S18.axis2.piezo rotation to 0.347029deg	 DONE
06/10/2025 19:51:09:	22	count	time	5.000000s/cts	O Det=20	H Det=250	Mon Det=11682	Aux Det=13	O+H=283	 DONE
06/10/2025 19:51:16:	move motor	S18.axis2.piezo rotation to 0.347089deg	 DONE
06/10/2025 19:51:17:	23	count	time	5.000000s/cts	O Det=18	H Det=375	Mon Det=11702	Aux Det=50	O+H=443	 DONE
06/10/2025 19:51:24:	move motor	S18.axis2.piezo rotation to 0.347149deg	 DONE
06/10/2025 19:51:25:	24	count	time	5.000000s/cts	O Det=31	H Det=412	Mon Det=11448	Aux Det=104	O+H=547	 DONE
06/10/2025 19:51:32:	move motor	S18.axis2.piezo rotation to 0.347209deg	 DONE
06/10/2025 19:51:33:	25	count	time	5.000000s/cts	O Det=39	H Det=452	Mon Det=11657	Aux Det=244	O+H=735	 DONE
06/10/2025 19:51:40:	move motor	S18.axis2.piezo rotation to 0.347269deg	 DONE
06/10/2025 19:51:41:	26	count	time	5.000000s/cts	O Det=41	H Det=511	Mon Det=11560	Aux Det=404	O+H=956	 DONE
06/10/2025 19:51:48:	move motor	S18.axis2.piezo rotation to 0.347329deg	 DONE
06/10/2025 19:51:49:	27	count	time	5.000000s/cts	O Det=50	H Det=571	Mon Det=11622	Aux Det=545	O+H=1166	 DONE
06/10/2025 19:51:56:	move motor	S18.axis2.piezo rotation to 0.347389deg	 DONE
06/10/2025 19:51:58:	28	count	time	5.000000s/cts	O Det=60	H Det=544	Mon Det=11589	Aux Det=662	O+H=1266	 DONE
06/10/2025 19:52:04:	move motor	S18.axis2.piezo rotation to 0.347449deg	 DONE
06/10/2025 19:52:06:	29	count	time	5.000000s/cts	O Det=73	H Det=532	Mon Det=11839	Aux Det=734	O+H=1339	 DONE
06/10/2025 19:52:12:	move motor	S18.axis2.piezo rotation to 0.347509deg	 DONE
06/10/2025 19:52:14:	30	count	time	5.000000s/cts	O Det=81	H Det=571	Mon Det=11476	Aux Det=714	O+H=1366	 DONE
06/10/2025 19:52:20:	move motor	S18.axis2.piezo rotation to 0.347569deg	 DONE
06/10/2025 19:52:22:	31	count	time	5.000000s/cts	O Det=52	H Det=553	Mon Det=11468	Aux Det=628	O+H=1233	 DONE
06/10/2025 19:52:28:	move motor	S18.axis2.piezo rotation to 0.347629deg	 DONE
06/10/2025 19:52:30:	32	count	time	5.000000s/cts	O Det=73	H Det=554	Mon Det=11776	Aux Det=450	O+H=1077	 DONE
06/10/2025 19:52:36:	move motor	S18.axis2.piezo rotation to 0.347689deg	 DONE
06/10/2025 19:52:38:	33	count	time	5.000000s/cts	O Det=51	H Det=477	Mon Det=11598	Aux Det=314	O+H=842	 DONE
06/10/2025 19:52:44:	move motor	S18.axis2.piezo rotation to 0.347749deg	 DONE
06/10/2025 19:52:46:	34	count	time	5.000000s/cts	O Det=40	H Det=359	Mon Det=11420	Aux Det=143	O+H=542	 DONE
06/10/2025 19:52:52:	move motor	S18.axis2.piezo rotation to 0.347809deg	 DONE
06/10/2025 19:52:54:	35	count	time	5.000000s/cts	O Det=49	H Det=356	Mon Det=11536	Aux Det=85	O+H=490	 DONE
06/10/2025 19:53:01:	move motor	S18.axis2.piezo rotation to 0.347869deg	 DONE
06/10/2025 19:53:02:	36	count	time	5.000000s/cts	O Det=26	H Det=236	Mon Det=11775	Aux Det=22	O+H=284	 DONE
06/10/2025 19:53:08:	move motor	S18.axis2.piezo rotation to 0.347929deg	 DONE
06/10/2025 19:53:10:	37	count	time	5.000000s/cts	O Det=16	H Det=205	Mon Det=11491	Aux Det=12	O+H=233	 DONE
06/10/2025 19:53:17:	move motor	S18.axis2.piezo rotation to 0.347989deg	 DONE
06/10/2025 19:53:18:	38	count	time	5.000000s/cts	O Det=14	H Det=179	Mon Det=11611	Aux Det=7	O+H=200	 DONE
06/10/2025 19:53:24:	move motor	S18.axis2.piezo rotation to 0.348049deg	 DONE
06/10/2025 19:53:26:	39	count	time	5.000000s/cts	O Det=8	H Det=143	Mon Det=11680	Aux Det=9	O+H=160	 DONE
06/10/2025 19:53:32:	move motor	S18.axis2.piezo rotation to 0.348109deg	 DONE
06/10/2025 19:53:34:	40	count	time	5.000000s/cts	O Det=6	H Det=117	Mon Det=11454	Aux Det=4	O+H=127	 DONE
06/10/2025 19:53:41:	move motor	S18.axis2.piezo rotation to 0.348169deg	 DONE
06/10/2025 19:53:42:	41	count	time	5.000000s/cts	O Det=9	H Det=84	Mon Det=11664	Aux Det=4	O+H=97	 DONE
06/10/2025 19:53:49:	move motor	S18.axis2.piezo rotation to 0.348229deg	 DONE
06/10/2025 19:53:50:	42	count	time	5.000000s/cts	O Det=7	H Det=103	Mon Det=11758	Aux Det=5	O+H=115	 DONE
06/10/2025 19:53:57:	move motor	S18.axis2.piezo rotation to 0.348289deg	 DONE
06/10/2025 19:53:58:	43	count	time	5.000000s/cts	O Det=4	H Det=90	Mon Det=11616	Aux Det=6	O+H=100	 DONE
06/10/2025 19:54:05:	move motor	S18.axis2.piezo rotation to 0.348349deg	 DONE
06/10/2025 19:54:06:	44	count	time	5.000000s/cts	O Det=3	H Det=66	Mon Det=11526	Aux Det=4	O+H=73	 DONE
06/10/2025 19:54:13:	move motor	S18.axis2.piezo rotation to 0.348409deg	 DONE
06/10/2025 19:54:14:	45	count	time	5.000000s/cts	O Det=4	H Det=56	Mon Det=11587	Aux Det=1	O+H=61	 DONE
06/10/2025 19:54:21:	move motor	S18.axis2.piezo rotation to 0.348469deg	 DONE
06/10/2025 19:54:22:	46	count	time	5.000000s/cts	O Det=3	H Det=52	Mon Det=11421	Aux Det=5	O+H=60	 DONE
06/10/2025 19:54:29:	move motor	S18.axis2.piezo rotation to 0.348529deg	 DONE
06/10/2025 19:54:30:	47	count	time	5.000000s/cts	O Det=1	H Det=60	Mon Det=11609	Aux Det=2	O+H=63	 DONE
06/10/2025 19:54:37:	move motor	S18.axis2.piezo rotation to 0.348589deg	 DONE
06/10/2025 19:54:38:	48	count	time	5.000000s/cts	O Det=0	H Det=42	Mon Det=11309	Aux Det=6	O+H=48	 DONE
06/10/2025 19:54:45:	move motor	S18.axis2.piezo rotation to 0.348649deg	 DONE
06/10/2025 19:54:46:	49	count	time	5.000000s/cts	O Det=0	H Det=29	Mon Det=11718	Aux Det=5	O+H=34	 DONE
06/10/2025 19:54:53:	move motor	S18.axis2.piezo rotation to 0.348709deg	 DONE
06/10/2025 19:54:54:	50	count	time	5.000000s/cts	O Det=2	H Det=37	Mon Det=11395	Aux Det=1	O+H=40	 DONE
06/10/2025 19:55:01:	move motor	S18.axis2.piezo rotation to 0.348769deg	 DONE
06/10/2025 19:55:02:	51	count	time	5.000000s/cts	O Det=1	H Det=36	Mon Det=11724	Aux Det=1	O+H=38	 DONE
06/10/2025 19:55:09:	move motor	S18.axis2.piezo rotation to 0.348829deg	 DONE
06/10/2025 19:55:10:	52	count	time	5.000000s/cts	O Det=1	H Det=30	Mon Det=11599	Aux Det=2	O+H=33	 DONE
06/10/2025 19:55:17:	move motor	S18.axis2.piezo rotation to 0.348889deg	 DONE
06/10/2025 19:55:18:	53	count	time	5.000000s/cts	O Det=1	H Det=28	Mon Det=11439	Aux Det=5	O+H=34	 DONE
06/10/2025 19:55:25:	move motor	S18.axis2.piezo rotation to 0.348949deg	 DONE
06/10/2025 19:55:27:	54	count	time	5.000000s/cts	O Det=1	H Det=21	Mon Det=11591	Aux Det=4	O+H=26	 DONE
06/10/2025 19:55:34:	move motor	S18.axis2.piezo rotation to 0.349009deg	 DONE
06/10/2025 19:55:35:	55	count	time	5.000000s/cts	O Det=0	H Det=23	Mon Det=11824	Aux Det=4	O+H=27	 DONE
06/10/2025 19:55:42:	move motor	S18.axis2.piezo rotation to 0.349069deg	 DONE
06/10/2025 19:55:43:	56	count	time	5.000000s/cts	O Det=2	H Det=23	Mon Det=11575	Aux Det=6	O+H=31	 DONE
06/10/2025 19:55:49:	move motor	S18.axis2.piezo rotation to 0.349129deg	 DONE
06/10/2025 19:55:51:	57	count	time	5.000000s/cts	O Det=1	H Det=24	Mon Det=11624	Aux Det=0	O+H=25	 DONE
06/10/2025 19:55:57:	move motor	S18.axis2.piezo rotation to 0.349189deg	 DONE
06/10/2025 19:55:59:	58	count	time	5.000000s/cts	O Det=0	H Det=20	Mon Det=11608	Aux Det=4	O+H=24	 DONE
06/10/2025 19:56:06:	move motor	S18.axis2.piezo rotation to 0.349249deg	 DONE
06/10/2025 19:56:07:	59	count	time	5.000000s/cts	O Det=1	H Det=20	Mon Det=11478	Aux Det=4	O+H=25	 DONE
06/10/2025 19:56:13:	move motor	S18.axis2.piezo rotation to 0.349309deg	 DONE
06/10/2025 19:56:14:	60	count	time	5.000000s/cts	O Det=0	H Det=18	Mon Det=11590	Aux Det=6	O+H=24	 DONE
06/10/2025 19:56:21:	close file and end scan	 DONE
06/10/2025 19:56:22:	move motor	S18.axis2.piezo rotation to fit SUM PEAK60	0.347467reached 0.34747  DONE
06/10/2025 19:56:26:	END OF SCRIPT	 DONE
