24/09/2025 07:41:42:	start execution of script D:\data\Cycle 198\exp_3-16-19\rawdata\sc\rocking.sc	 DONE
24/09/2025 07:41:43:	move motor	S18.axis2.piezo rotation to -0.155830deg	 DONE
24/09/2025 07:41:47:	create file	D:\data\Cycle 198\exp_3-16-19\rawdata\sc\rocking_24Sep0741.dat	 DONE
room to enter remarks DONE
24/09/2025 07:41:48:	move motor	S18.axis2.piezo rotation to -0.055830deg	 DONE
24/09/2025 07:41:50:	1	count	time	3.000000s/cts	O Det=0	H Det=191	Mon Det=6559	Aux Det=273	O+H=464	 DONE
24/09/2025 07:41:55:	move motor	S18.axis2.piezo rotation to -0.055780deg	 DONE
24/09/2025 07:41:56:	2	count	time	3.000000s/cts	O Det=1	H Det=176	Mon Det=6657	Aux Det=286	O+H=463	 DONE
24/09/2025 07:42:01:	move motor	S18.axis2.piezo rotation to -0.055730deg	 DONE
24/09/2025 07:42:03:	3	count	time	3.000000s/cts	O Det=0	H Det=224	Mon Det=6607	Aux Det=319	O+H=543	 DONE
24/09/2025 07:42:08:	move motor	S18.axis2.piezo rotation to -0.055680deg	 DONE
24/09/2025 07:42:09:	4	count	time	3.000000s/cts	O Det=0	H Det=244	Mon Det=6529	Aux Det=371	O+H=615	 DONE
24/09/2025 07:42:15:	move motor	S18.axis2.piezo rotation to -0.055630deg	 DONE
24/09/2025 07:42:16:	5	count	time	3.000000s/cts	O Det=3	H Det=262	Mon Det=6610	Aux Det=362	O+H=627	 DONE
24/09/2025 07:42:21:	move motor	S18.axis2.piezo rotation to -0.055580deg	 DONE
24/09/2025 07:42:23:	6	count	time	3.000000s/cts	O Det=1	H Det=276	Mon Det=6419	Aux Det=387	O+H=664	 DONE
24/09/2025 07:42:28:	move motor	S18.axis2.piezo rotation to -0.055530deg	 DONE
24/09/2025 07:42:30:	7	count	time	3.000000s/cts	O Det=2	H Det=282	Mon Det=6536	Aux Det=452	O+H=736	 DONE
24/09/2025 07:42:35:	move motor	S18.axis2.piezo rotation to -0.055480deg	 DONE
24/09/2025 07:42:36:	8	count	time	3.000000s/cts	O Det=3	H Det=332	Mon Det=6591	Aux Det=473	O+H=808	 DONE
24/09/2025 07:42:42:	move motor	S18.axis2.piezo rotation to -0.055430deg	 DONE
24/09/2025 07:42:43:	9	count	time	3.000000s/cts	O Det=2	H Det=327	Mon Det=6727	Aux Det=498	O+H=827	 DONE
24/09/2025 07:42:48:	move motor	S18.axis2.piezo rotation to -0.055380deg	 DONE
24/09/2025 07:42:50:	10	count	time	3.000000s/cts	O Det=1	H Det=397	Mon Det=6555	Aux Det=552	O+H=950	 DONE
24/09/2025 07:42:55:	move motor	S18.axis2.piezo rotation to -0.055330deg	 DONE
24/09/2025 07:42:57:	11	count	time	3.000000s/cts	O Det=3	H Det=395	Mon Det=6550	Aux Det=581	O+H=979	 DONE
24/09/2025 07:43:02:	move motor	S18.axis2.piezo rotation to -0.055280deg	 DONE
24/09/2025 07:43:04:	12	count	time	3.000000s/cts	O Det=2	H Det=500	Mon Det=6537	Aux Det=726	O+H=1228	 DONE
24/09/2025 07:43:09:	move motor	S18.axis2.piezo rotation to -0.055230deg	 DONE
24/09/2025 07:43:10:	13	count	time	3.000000s/cts	O Det=2	H Det=536	Mon Det=6540	Aux Det=782	O+H=1320	 DONE
24/09/2025 07:43:16:	move motor	S18.axis2.piezo rotation to -0.055180deg	 DONE
24/09/2025 07:43:17:	14	count	time	3.000000s/cts	O Det=4	H Det=640	Mon Det=6698	Aux Det=891	O+H=1535	 DONE
24/09/2025 07:43:23:	move motor	S18.axis2.piezo rotation to -0.055130deg	 DONE
24/09/2025 07:43:24:	15	count	time	3.000000s/cts	O Det=9	H Det=664	Mon Det=6502	Aux Det=968	O+H=1641	 DONE
24/09/2025 07:43:29:	move motor	S18.axis2.piezo rotation to -0.055080deg	 DONE
24/09/2025 07:43:31:	16	count	time	3.000000s/cts	O Det=11	H Det=803	Mon Det=6468	Aux Det=1100	O+H=1914	 DONE
24/09/2025 07:43:36:	move motor	S18.axis2.piezo rotation to -0.055030deg	 DONE
24/09/2025 07:43:37:	17	count	time	3.000000s/cts	O Det=9	H Det=843	Mon Det=6606	Aux Det=1190	O+H=2042	 DONE
24/09/2025 07:43:42:	move motor	S18.axis2.piezo rotation to -0.054980deg	 DONE
24/09/2025 07:43:44:	18	count	time	3.000000s/cts	O Det=10	H Det=1064	Mon Det=6692	Aux Det=1558	O+H=2632	 DONE
24/09/2025 07:43:49:	move motor	S18.axis2.piezo rotation to -0.054930deg	 DONE
24/09/2025 07:43:50:	19	count	time	3.000000s/cts	O Det=17	H Det=1191	Mon Det=6660	Aux Det=1743	O+H=2951	 DONE
24/09/2025 07:43:56:	move motor	S18.axis2.piezo rotation to -0.054880deg	 DONE
24/09/2025 07:43:57:	20	count	time	3.000000s/cts	O Det=39	H Det=1332	Mon Det=6601	Aux Det=2074	O+H=3445	 DONE
24/09/2025 07:44:02:	move motor	S18.axis2.piezo rotation to -0.054830deg	 DONE
24/09/2025 07:44:04:	21	count	time	3.000000s/cts	O Det=64	H Det=1628	Mon Det=6414	Aux Det=2412	O+H=4104	 DONE
24/09/2025 07:44:09:	move motor	S18.axis2.piezo rotation to -0.054780deg	 DONE
24/09/2025 07:44:11:	22	count	time	3.000000s/cts	O Det=98	H Det=1960	Mon Det=6495	Aux Det=2839	O+H=4897	 DONE
24/09/2025 07:44:16:	move motor	S18.axis2.piezo rotation to -0.054730deg	 DONE
24/09/2025 07:44:18:	23	count	time	3.000000s/cts	O Det=135	H Det=2269	Mon Det=6547	Aux Det=3387	O+H=5791	 DONE
24/09/2025 07:44:23:	move motor	S18.axis2.piezo rotation to -0.054680deg	 DONE
24/09/2025 07:44:24:	24	count	time	3.000000s/cts	O Det=194	H Det=2697	Mon Det=6608	Aux Det=3769	O+H=6660	 DONE
24/09/2025 07:44:29:	move motor	S18.axis2.piezo rotation to -0.054630deg	 DONE
24/09/2025 07:44:31:	25	count	time	3.000000s/cts	O Det=226	H Det=3127	Mon Det=6489	Aux Det=4070	O+H=7423	 DONE
24/09/2025 07:44:36:	move motor	S18.axis2.piezo rotation to -0.054580deg	 DONE
24/09/2025 07:44:37:	26	count	time	3.000000s/cts	O Det=287	H Det=3689	Mon Det=6544	Aux Det=4286	O+H=8262	 DONE
24/09/2025 07:44:43:	move motor	S18.axis2.piezo rotation to -0.054530deg	 DONE
24/09/2025 07:44:44:	27	count	time	3.000000s/cts	O Det=284	H Det=4342	Mon Det=6508	Aux Det=4342	O+H=8968	 DONE
24/09/2025 07:44:49:	move motor	S18.axis2.piezo rotation to -0.054480deg	 DONE
24/09/2025 07:44:51:	28	count	time	3.000000s/cts	O Det=277	H Det=5040	Mon Det=6510	Aux Det=4357	O+H=9674	 DONE
24/09/2025 07:44:56:	move motor	S18.axis2.piezo rotation to -0.054430deg	 DONE
24/09/2025 07:44:58:	29	count	time	3.000000s/cts	O Det=241	H Det=5258	Mon Det=6551	Aux Det=4165	O+H=9664	 DONE
24/09/2025 07:45:03:	move motor	S18.axis2.piezo rotation to -0.054380deg	 DONE
24/09/2025 07:45:05:	30	count	time	3.000000s/cts	O Det=216	H Det=5338	Mon Det=6649	Aux Det=4054	O+H=9608	 DONE
24/09/2025 07:45:10:	move motor	S18.axis2.piezo rotation to -0.054330deg	 DONE
24/09/2025 07:45:11:	31	count	time	3.000000s/cts	O Det=175	H Det=5190	Mon Det=6618	Aux Det=3949	O+H=9314	 DONE
24/09/2025 07:45:16:	move motor	S18.axis2.piezo rotation to -0.054280deg	 DONE
24/09/2025 07:45:18:	32	count	time	3.000000s/cts	O Det=153	H Det=4868	Mon Det=6688	Aux Det=3867	O+H=8888	 DONE
24/09/2025 07:45:23:	move motor	S18.axis2.piezo rotation to -0.054230deg	 DONE
24/09/2025 07:45:24:	33	count	time	3.000000s/cts	O Det=152	H Det=4535	Mon Det=6484	Aux Det=3984	O+H=8671	 DONE
24/09/2025 07:45:29:	move motor	S18.axis2.piezo rotation to -0.054180deg	 DONE
24/09/2025 07:45:30:	34	count	time	3.000000s/cts	O Det=131	H Det=3867	Mon Det=6562	Aux Det=4021	O+H=8019	 DONE
24/09/2025 07:45:36:	move motor	S18.axis2.piezo rotation to -0.054130deg	 DONE
24/09/2025 07:45:37:	35	count	time	3.000000s/cts	O Det=107	H Det=3264	Mon Det=6744	Aux Det=3718	O+H=7089	 DONE
24/09/2025 07:45:42:	move motor	S18.axis2.piezo rotation to -0.054080deg	 DONE
24/09/2025 07:45:45:	36	count	time	3.000000s/cts	O Det=67	H Det=2704	Mon Det=6594	Aux Det=3419	O+H=6190	 DONE
24/09/2025 07:45:50:	move motor	S18.axis2.piezo rotation to -0.054030deg	 DONE
24/09/2025 07:45:51:	37	count	time	3.000000s/cts	O Det=62	H Det=2281	Mon Det=6582	Aux Det=2923	O+H=5266	 DONE
24/09/2025 07:45:57:	move motor	S18.axis2.piezo rotation to -0.053980deg	 DONE
24/09/2025 07:45:58:	38	count	time	3.000000s/cts	O Det=38	H Det=1894	Mon Det=6512	Aux Det=2561	O+H=4493	 DONE
24/09/2025 07:46:03:	move motor	S18.axis2.piezo rotation to -0.053930deg	 DONE
24/09/2025 07:46:05:	39	count	time	3.000000s/cts	O Det=26	H Det=1552	Mon Det=6546	Aux Det=2230	O+H=3808	 DONE
24/09/2025 07:46:10:	move motor	S18.axis2.piezo rotation to -0.053880deg	 DONE
24/09/2025 07:46:11:	40	count	time	3.000000s/cts	O Det=27	H Det=1362	Mon Det=6588	Aux Det=1927	O+H=3316	 DONE
24/09/2025 07:46:17:	move motor	S18.axis2.piezo rotation to -0.053830deg	 DONE
24/09/2025 07:46:18:	41	count	time	3.000000s/cts	O Det=21	H Det=1149	Mon Det=6548	Aux Det=1659	O+H=2829	 DONE
24/09/2025 07:46:23:	move motor	S18.axis2.piezo rotation to -0.053780deg	 DONE
24/09/2025 07:46:24:	42	count	time	3.000000s/cts	O Det=10	H Det=971	Mon Det=6606	Aux Det=1341	O+H=2322	 DONE
24/09/2025 07:46:30:	move motor	S18.axis2.piezo rotation to -0.053730deg	 DONE
24/09/2025 07:46:31:	43	count	time	3.000000s/cts	O Det=7	H Det=817	Mon Det=6533	Aux Det=1298	O+H=2122	 DONE
24/09/2025 07:46:36:	move motor	S18.axis2.piezo rotation to -0.053680deg	 DONE
24/09/2025 07:46:38:	44	count	time	3.000000s/cts	O Det=6	H Det=738	Mon Det=6596	Aux Det=1102	O+H=1846	 DONE
24/09/2025 07:46:43:	move motor	S18.axis2.piezo rotation to -0.053630deg	 DONE
24/09/2025 07:46:44:	45	count	time	3.000000s/cts	O Det=6	H Det=728	Mon Det=6622	Aux Det=988	O+H=1722	 DONE
24/09/2025 07:46:49:	move motor	S18.axis2.piezo rotation to -0.053580deg	 DONE
24/09/2025 07:46:51:	46	count	time	3.000000s/cts	O Det=2	H Det=607	Mon Det=6611	Aux Det=879	O+H=1488	 DONE
24/09/2025 07:46:56:	move motor	S18.axis2.piezo rotation to -0.053530deg	 DONE
24/09/2025 07:46:58:	47	count	time	3.000000s/cts	O Det=4	H Det=560	Mon Det=6650	Aux Det=806	O+H=1370	 DONE
24/09/2025 07:47:03:	move motor	S18.axis2.piezo rotation to -0.053480deg	 DONE
24/09/2025 07:47:05:	48	count	time	3.000000s/cts	O Det=4	H Det=477	Mon Det=6654	Aux Det=696	O+H=1177	 DONE
24/09/2025 07:47:10:	move motor	S18.axis2.piezo rotation to -0.053430deg	 DONE
24/09/2025 07:47:12:	49	count	time	3.000000s/cts	O Det=1	H Det=465	Mon Det=6552	Aux Det=633	O+H=1099	 DONE
24/09/2025 07:47:17:	move motor	S18.axis2.piezo rotation to -0.053380deg	 DONE
24/09/2025 07:47:18:	50	count	time	3.000000s/cts	O Det=2	H Det=380	Mon Det=6727	Aux Det=577	O+H=959	 DONE
24/09/2025 07:47:24:	close file and end scan	saving D:\data\Cycle 198\exp_3-16-19\rawdata\sc\rocking_24Sep0741.tif  DONE
24/09/2025 07:47:24:	move motor	S18.axis2.piezo rotation to fit AUX PEAK60	-0.054417reached -0.05442  DONE
24/09/2025 07:47:28:	END OF SCRIPT	 DONE
