21/10/2025 18:24:21:	start execution of script D:\data\Cycle 198\exp_3-16-19\rawdata\sc\rocking.sc	 DONE
21/10/2025 18:24:22:	move motor	S18.axis2.piezo rotation to 0.246116deg	 DONE
21/10/2025 18:24:25:	create file	D:\data\Cycle 198\exp_3-16-19\rawdata\sc\rocking_21Oct1824.dat	 DONE
room to enter remarks DONE
21/10/2025 18:24:26:	move motor	S18.axis2.piezo rotation to 0.346116deg	 DONE
21/10/2025 18:24:29:	1	count	time	3.000000s/cts	O Det=1	H Det=22	Mon Det=7322	Aux Det=27	O+H=50	 DONE
21/10/2025 18:24:34:	move motor	S18.axis2.piezo rotation to 0.346176deg	 DONE
21/10/2025 18:24:35:	2	count	time	3.000000s/cts	O Det=1	H Det=16	Mon Det=7397	Aux Det=33	O+H=50	 DONE
21/10/2025 18:24:40:	move motor	S18.axis2.piezo rotation to 0.346236deg	 DONE
21/10/2025 18:24:42:	3	count	time	3.000000s/cts	O Det=0	H Det=20	Mon Det=7211	Aux Det=29	O+H=49	 DONE
21/10/2025 18:24:46:	move motor	S18.axis2.piezo rotation to 0.346296deg	 DONE
21/10/2025 18:24:48:	4	count	time	3.000000s/cts	O Det=0	H Det=24	Mon Det=7237	Aux Det=34	O+H=58	 DONE
21/10/2025 18:24:52:	move motor	S18.axis2.piezo rotation to 0.346356deg	 DONE
21/10/2025 18:24:54:	5	count	time	3.000000s/cts	O Det=0	H Det=21	Mon Det=7110	Aux Det=46	O+H=67	 DONE
21/10/2025 18:24:59:	move motor	S18.axis2.piezo rotation to 0.346416deg	 DONE
21/10/2025 18:25:00:	6	count	time	3.000000s/cts	O Det=0	H Det=42	Mon Det=7229	Aux Det=44	O+H=86	 DONE
21/10/2025 18:25:05:	move motor	S18.axis2.piezo rotation to 0.346476deg	 DONE
21/10/2025 18:25:06:	7	count	time	3.000000s/cts	O Det=1	H Det=37	Mon Det=7165	Aux Det=48	O+H=86	 DONE
21/10/2025 18:25:10:	move motor	S18.axis2.piezo rotation to 0.346536deg	 DONE
21/10/2025 18:25:12:	8	count	time	3.000000s/cts	O Det=2	H Det=42	Mon Det=7263	Aux Det=61	O+H=105	 DONE
21/10/2025 18:25:16:	move motor	S18.axis2.piezo rotation to 0.346596deg	 DONE
21/10/2025 18:25:18:	9	count	time	3.000000s/cts	O Det=4	H Det=55	Mon Det=7168	Aux Det=65	O+H=124	 DONE
21/10/2025 18:25:22:	move motor	S18.axis2.piezo rotation to 0.346656deg	 DONE
21/10/2025 18:25:23:	10	count	time	3.000000s/cts	O Det=11	H Det=69	Mon Det=7339	Aux Det=77	O+H=157	 DONE
21/10/2025 18:25:28:	move motor	S18.axis2.piezo rotation to 0.346716deg	 DONE
21/10/2025 18:25:29:	11	count	time	3.000000s/cts	O Det=26	H Det=81	Mon Det=7432	Aux Det=111	O+H=218	 DONE
21/10/2025 18:25:34:	move motor	S18.axis2.piezo rotation to 0.346776deg	 DONE
21/10/2025 18:25:35:	12	count	time	3.000000s/cts	O Det=40	H Det=84	Mon Det=7326	Aux Det=129	O+H=253	 DONE
21/10/2025 18:25:40:	move motor	S18.axis2.piezo rotation to 0.346836deg	 DONE
21/10/2025 18:25:41:	13	count	time	3.000000s/cts	O Det=17	H Det=109	Mon Det=7431	Aux Det=150	O+H=276	 DONE
21/10/2025 18:25:45:	move motor	S18.axis2.piezo rotation to 0.346896deg	 DONE
21/10/2025 18:25:47:	14	count	time	3.000000s/cts	O Det=9	H Det=115	Mon Det=7325	Aux Det=138	O+H=262	 DONE
21/10/2025 18:25:52:	move motor	S18.axis2.piezo rotation to 0.346956deg	 DONE
21/10/2025 18:25:53:	15	count	time	3.000000s/cts	O Det=24	H Det=139	Mon Det=7468	Aux Det=173	O+H=336	 DONE
21/10/2025 18:25:58:	move motor	S18.axis2.piezo rotation to 0.347016deg	 DONE
21/10/2025 18:25:59:	16	count	time	3.000000s/cts	O Det=26	H Det=172	Mon Det=7280	Aux Det=243	O+H=441	 DONE
21/10/2025 18:26:04:	move motor	S18.axis2.piezo rotation to 0.347076deg	 DONE
21/10/2025 18:26:05:	17	count	time	3.000000s/cts	O Det=40	H Det=189	Mon Det=7426	Aux Det=288	O+H=517	 DONE
21/10/2025 18:26:10:	move motor	S18.axis2.piezo rotation to 0.347136deg	 DONE
21/10/2025 18:26:11:	18	count	time	3.000000s/cts	O Det=62	H Det=199	Mon Det=7463	Aux Det=372	O+H=633	 DONE
21/10/2025 18:26:16:	move motor	S18.axis2.piezo rotation to 0.347196deg	 DONE
21/10/2025 18:26:17:	19	count	time	3.000000s/cts	O Det=106	H Det=223	Mon Det=7260	Aux Det=509	O+H=838	 DONE
21/10/2025 18:26:21:	move motor	S18.axis2.piezo rotation to 0.347256deg	 DONE
21/10/2025 18:26:23:	20	count	time	3.000000s/cts	O Det=126	H Det=303	Mon Det=7261	Aux Det=699	O+H=1128	 DONE
21/10/2025 18:26:27:	move motor	S18.axis2.piezo rotation to 0.347316deg	 DONE
21/10/2025 18:26:29:	21	count	time	3.000000s/cts	O Det=168	H Det=306	Mon Det=7332	Aux Det=861	O+H=1335	 DONE
21/10/2025 18:26:33:	move motor	S18.axis2.piezo rotation to 0.347376deg	 DONE
21/10/2025 18:26:35:	22	count	time	3.000000s/cts	O Det=225	H Det=334	Mon Det=7209	Aux Det=880	O+H=1439	 DONE
21/10/2025 18:26:39:	move motor	S18.axis2.piezo rotation to 0.347436deg	 DONE
21/10/2025 18:26:41:	23	count	time	3.000000s/cts	O Det=257	H Det=335	Mon Det=7279	Aux Det=887	O+H=1479	 DONE
21/10/2025 18:26:45:	move motor	S18.axis2.piezo rotation to 0.347496deg	 DONE
21/10/2025 18:26:46:	24	count	time	3.000000s/cts	O Det=242	H Det=361	Mon Det=7295	Aux Det=815	O+H=1418	 DONE
21/10/2025 18:26:51:	move motor	S18.axis2.piezo rotation to 0.347556deg	 DONE
21/10/2025 18:26:52:	25	count	time	3.000000s/cts	O Det=250	H Det=335	Mon Det=7221	Aux Det=661	O+H=1246	 DONE
21/10/2025 18:26:57:	move motor	S18.axis2.piezo rotation to 0.347616deg	 DONE
21/10/2025 18:26:58:	26	count	time	3.000000s/cts	O Det=206	H Det=287	Mon Det=7195	Aux Det=457	O+H=950	 DONE
21/10/2025 18:27:03:	move motor	S18.axis2.piezo rotation to 0.347676deg	 DONE
21/10/2025 18:27:04:	27	count	time	3.000000s/cts	O Det=170	H Det=232	Mon Det=7413	Aux Det=326	O+H=728	 DONE
21/10/2025 18:27:09:	move motor	S18.axis2.piezo rotation to 0.347736deg	 DONE
21/10/2025 18:27:10:	28	count	time	3.000000s/cts	O Det=122	H Det=198	Mon Det=7316	Aux Det=249	O+H=569	 DONE
21/10/2025 18:27:15:	move motor	S18.axis2.piezo rotation to 0.347796deg	 DONE
21/10/2025 18:27:16:	29	count	time	3.000000s/cts	O Det=85	H Det=159	Mon Det=7472	Aux Det=196	O+H=440	 DONE
21/10/2025 18:27:21:	move motor	S18.axis2.piezo rotation to 0.347856deg	 DONE
21/10/2025 18:27:23:	30	count	time	3.000000s/cts	O Det=41	H Det=135	Mon Det=7237	Aux Det=156	O+H=332	 DONE
21/10/2025 18:27:27:	move motor	S18.axis2.piezo rotation to 0.347916deg	 DONE
21/10/2025 18:27:29:	31	count	time	3.000000s/cts	O Det=30	H Det=86	Mon Det=7261	Aux Det=143	O+H=259	 DONE
21/10/2025 18:27:33:	move motor	S18.axis2.piezo rotation to 0.347976deg	 DONE
21/10/2025 18:27:34:	32	count	time	3.000000s/cts	O Det=22	H Det=88	Mon Det=7426	Aux Det=112	O+H=222	 DONE
21/10/2025 18:27:39:	move motor	S18.axis2.piezo rotation to 0.348036deg	 DONE
21/10/2025 18:27:41:	33	count	time	3.000000s/cts	O Det=10	H Det=75	Mon Det=7396	Aux Det=85	O+H=170	 DONE
21/10/2025 18:27:45:	move motor	S18.axis2.piezo rotation to 0.348096deg	 DONE
21/10/2025 18:27:46:	34	count	time	3.000000s/cts	O Det=11	H Det=62	Mon Det=7320	Aux Det=91	O+H=164	 DONE
21/10/2025 18:27:51:	move motor	S18.axis2.piezo rotation to 0.348156deg	 DONE
21/10/2025 18:27:52:	35	count	time	3.000000s/cts	O Det=5	H Det=63	Mon Det=7328	Aux Det=82	O+H=150	 DONE
21/10/2025 18:27:57:	move motor	S18.axis2.piezo rotation to 0.348216deg	 DONE
21/10/2025 18:27:59:	36	count	time	3.000000s/cts	O Det=4	H Det=58	Mon Det=7319	Aux Det=64	O+H=126	 DONE
21/10/2025 18:28:03:	move motor	S18.axis2.piezo rotation to 0.348276deg	 DONE
21/10/2025 18:28:05:	37	count	time	3.000000s/cts	O Det=1	H Det=48	Mon Det=7263	Aux Det=48	O+H=97	 DONE
21/10/2025 18:28:09:	move motor	S18.axis2.piezo rotation to 0.348336deg	 DONE
21/10/2025 18:28:10:	38	count	time	3.000000s/cts	O Det=3	H Det=33	Mon Det=7267	Aux Det=54	O+H=90	 DONE
21/10/2025 18:28:15:	move motor	S18.axis2.piezo rotation to 0.348396deg	 DONE
21/10/2025 18:28:16:	39	count	time	3.000000s/cts	O Det=0	H Det=36	Mon Det=7251	Aux Det=49	O+H=85	 DONE
21/10/2025 18:28:21:	move motor	S18.axis2.piezo rotation to 0.348456deg	 DONE
21/10/2025 18:28:22:	40	count	time	3.000000s/cts	O Det=2	H Det=34	Mon Det=7550	Aux Det=47	O+H=83	 DONE
21/10/2025 18:28:27:	move motor	S18.axis2.piezo rotation to 0.348516deg	 DONE
21/10/2025 18:28:28:	41	count	time	3.000000s/cts	O Det=2	H Det=33	Mon Det=7243	Aux Det=43	O+H=78	 DONE
21/10/2025 18:28:33:	move motor	S18.axis2.piezo rotation to 0.348576deg	 DONE
21/10/2025 18:28:34:	42	count	time	3.000000s/cts	O Det=1	H Det=16	Mon Det=7540	Aux Det=32	O+H=49	 DONE
21/10/2025 18:28:39:	move motor	S18.axis2.piezo rotation to 0.348636deg	 DONE
21/10/2025 18:28:40:	43	count	time	3.000000s/cts	O Det=0	H Det=18	Mon Det=7390	Aux Det=28	O+H=46	 DONE
21/10/2025 18:28:45:	move motor	S18.axis2.piezo rotation to 0.348696deg	 DONE
21/10/2025 18:28:46:	44	count	time	3.000000s/cts	O Det=1	H Det=13	Mon Det=7351	Aux Det=18	O+H=32	 DONE
21/10/2025 18:28:51:	move motor	S18.axis2.piezo rotation to 0.348756deg	 DONE
21/10/2025 18:28:52:	45	count	time	3.000000s/cts	O Det=0	H Det=18	Mon Det=7343	Aux Det=25	O+H=43	 DONE
21/10/2025 18:28:57:	move motor	S18.axis2.piezo rotation to 0.348816deg	 DONE
21/10/2025 18:28:58:	46	count	time	3.000000s/cts	O Det=0	H Det=17	Mon Det=7301	Aux Det=14	O+H=31	 DONE
21/10/2025 18:29:03:	move motor	S18.axis2.piezo rotation to 0.348876deg	 DONE
21/10/2025 18:29:04:	47	count	time	3.000000s/cts	O Det=0	H Det=15	Mon Det=7317	Aux Det=28	O+H=43	 DONE
21/10/2025 18:29:09:	move motor	S18.axis2.piezo rotation to 0.348936deg	 DONE
21/10/2025 18:29:11:	48	count	time	3.000000s/cts	O Det=1	H Det=15	Mon Det=7277	Aux Det=14	O+H=30	 DONE
21/10/2025 18:29:15:	move motor	S18.axis2.piezo rotation to 0.348996deg	 DONE
21/10/2025 18:29:17:	49	count	time	3.000000s/cts	O Det=1	H Det=14	Mon Det=7247	Aux Det=16	O+H=31	 DONE
21/10/2025 18:29:21:	move motor	S18.axis2.piezo rotation to 0.349056deg	 DONE
21/10/2025 18:29:23:	50	count	time	3.000000s/cts	O Det=0	H Det=11	Mon Det=7257	Aux Det=17	O+H=28	 DONE
21/10/2025 18:29:27:	close file and end scan	 DONE
21/10/2025 18:29:28:	move motor	S18.axis2.piezo rotation to fit SUM PEAK60	0.347423reached 0.34742  DONE
21/10/2025 18:29:30:	END OF SCRIPT	 DONE
