24/09/2025 02:05:41:	start execution of script D:\data\Cycle 198\exp_3-16-19\rawdata\sc\rocking.sc	 DONE
24/09/2025 02:05:42:	move motor	S18.axis2.piezo rotation to -0.155830deg	 DONE
24/09/2025 02:05:45:	create file	D:\data\Cycle 198\exp_3-16-19\rawdata\sc\rocking_24Sep0205.dat	 DONE
room to enter remarks DONE
24/09/2025 02:05:46:	move motor	S18.axis2.piezo rotation to -0.055830deg	 DONE
24/09/2025 02:05:48:	1	count	time	3.000000s/cts	O Det=1	H Det=143	Mon Det=6544	Aux Det=4	O+H=148	 DONE
24/09/2025 02:05:54:	move motor	S18.axis2.piezo rotation to -0.055780deg	 DONE
24/09/2025 02:05:55:	2	count	time	3.000000s/cts	O Det=1	H Det=191	Mon Det=6675	Aux Det=3	O+H=195	 DONE
24/09/2025 02:06:00:	move motor	S18.axis2.piezo rotation to -0.055730deg	 DONE
24/09/2025 02:06:01:	3	count	time	3.000000s/cts	O Det=1	H Det=197	Mon Det=6619	Aux Det=3	O+H=201	 DONE
24/09/2025 02:06:07:	move motor	S18.axis2.piezo rotation to -0.055680deg	 DONE
24/09/2025 02:06:08:	4	count	time	3.000000s/cts	O Det=0	H Det=189	Mon Det=6614	Aux Det=7	O+H=196	 DONE
24/09/2025 02:06:13:	move motor	S18.axis2.piezo rotation to -0.055630deg	 DONE
24/09/2025 02:06:14:	5	count	time	3.000000s/cts	O Det=2	H Det=195	Mon Det=6469	Aux Det=4	O+H=201	 DONE
24/09/2025 02:06:19:	move motor	S18.axis2.piezo rotation to -0.055580deg	 DONE
24/09/2025 02:06:21:	6	count	time	3.000000s/cts	O Det=0	H Det=275	Mon Det=6630	Aux Det=4	O+H=279	 DONE
24/09/2025 02:06:26:	move motor	S18.axis2.piezo rotation to -0.055530deg	 DONE
24/09/2025 02:06:28:	7	count	time	3.000000s/cts	O Det=1	H Det=280	Mon Det=6531	Aux Det=8	O+H=289	 DONE
24/09/2025 02:06:33:	move motor	S18.axis2.piezo rotation to -0.055480deg	 DONE
24/09/2025 02:06:35:	8	count	time	3.000000s/cts	O Det=3	H Det=259	Mon Det=6584	Aux Det=6	O+H=268	 DONE
24/09/2025 02:06:40:	move motor	S18.axis2.piezo rotation to -0.055430deg	 DONE
24/09/2025 02:06:41:	9	count	time	3.000000s/cts	O Det=1	H Det=310	Mon Det=6509	Aux Det=8	O+H=319	 DONE
24/09/2025 02:06:47:	move motor	S18.axis2.piezo rotation to -0.055380deg	 DONE
24/09/2025 02:06:48:	10	count	time	3.000000s/cts	O Det=7	H Det=329	Mon Det=6575	Aux Det=11	O+H=347	 DONE
24/09/2025 02:06:53:	move motor	S18.axis2.piezo rotation to -0.055330deg	 DONE
24/09/2025 02:06:55:	11	count	time	3.000000s/cts	O Det=3	H Det=361	Mon Det=6672	Aux Det=14	O+H=378	 DONE
24/09/2025 02:07:00:	move motor	S18.axis2.piezo rotation to -0.055280deg	 DONE
24/09/2025 02:07:02:	12	count	time	3.000000s/cts	O Det=2	H Det=386	Mon Det=6406	Aux Det=7	O+H=395	 DONE
24/09/2025 02:07:07:	move motor	S18.axis2.piezo rotation to -0.055230deg	 DONE
24/09/2025 02:07:09:	13	count	time	3.000000s/cts	O Det=4	H Det=472	Mon Det=6680	Aux Det=13	O+H=489	 DONE
24/09/2025 02:07:14:	move motor	S18.axis2.piezo rotation to -0.055180deg	 DONE
24/09/2025 02:07:16:	14	count	time	3.000000s/cts	O Det=0	H Det=497	Mon Det=6606	Aux Det=12	O+H=509	 DONE
24/09/2025 02:07:21:	move motor	S18.axis2.piezo rotation to -0.055130deg	 DONE
24/09/2025 02:07:23:	15	count	time	3.000000s/cts	O Det=6	H Det=549	Mon Det=6517	Aux Det=14	O+H=569	 DONE
24/09/2025 02:07:28:	move motor	S18.axis2.piezo rotation to -0.055080deg	 DONE
24/09/2025 02:07:29:	16	count	time	3.000000s/cts	O Det=9	H Det=634	Mon Det=6591	Aux Det=28	O+H=671	 DONE
24/09/2025 02:07:34:	move motor	S18.axis2.piezo rotation to -0.055030deg	 DONE
24/09/2025 02:07:36:	17	count	time	3.000000s/cts	O Det=7	H Det=683	Mon Det=6574	Aux Det=16	O+H=706	 DONE
24/09/2025 02:07:41:	move motor	S18.axis2.piezo rotation to -0.054980deg	 DONE
24/09/2025 02:07:42:	18	count	time	3.000000s/cts	O Det=9	H Det=812	Mon Det=6611	Aux Det=15	O+H=836	 DONE
24/09/2025 02:07:47:	move motor	S18.axis2.piezo rotation to -0.054930deg	 DONE
24/09/2025 02:07:49:	19	count	time	3.000000s/cts	O Det=10	H Det=937	Mon Det=6452	Aux Det=22	O+H=969	 DONE
24/09/2025 02:07:54:	move motor	S18.axis2.piezo rotation to -0.054880deg	 DONE
24/09/2025 02:07:55:	20	count	time	3.000000s/cts	O Det=15	H Det=1043	Mon Det=6676	Aux Det=22	O+H=1080	 DONE
24/09/2025 02:08:00:	move motor	S18.axis2.piezo rotation to -0.054830deg	 DONE
24/09/2025 02:08:02:	21	count	time	3.000000s/cts	O Det=24	H Det=1272	Mon Det=6637	Aux Det=26	O+H=1322	 DONE
24/09/2025 02:08:07:	move motor	S18.axis2.piezo rotation to -0.054780deg	 DONE
24/09/2025 02:08:09:	22	count	time	3.000000s/cts	O Det=42	H Det=1469	Mon Det=6577	Aux Det=47	O+H=1558	 DONE
24/09/2025 02:08:14:	move motor	S18.axis2.piezo rotation to -0.054730deg	 DONE
24/09/2025 02:08:15:	23	count	time	3.000000s/cts	O Det=40	H Det=1745	Mon Det=6437	Aux Det=83	O+H=1868	 DONE
24/09/2025 02:08:21:	move motor	S18.axis2.piezo rotation to -0.054680deg	 DONE
24/09/2025 02:08:22:	24	count	time	3.000000s/cts	O Det=75	H Det=2151	Mon Det=6564	Aux Det=154	O+H=2380	 DONE
24/09/2025 02:08:27:	move motor	S18.axis2.piezo rotation to -0.054630deg	 DONE
24/09/2025 02:08:29:	25	count	time	3.000000s/cts	O Det=79	H Det=2675	Mon Det=6607	Aux Det=282	O+H=3036	 DONE
24/09/2025 02:08:34:	move motor	S18.axis2.piezo rotation to -0.054580deg	 DONE
24/09/2025 02:08:36:	26	count	time	3.000000s/cts	O Det=107	H Det=3451	Mon Det=6572	Aux Det=649	O+H=4207	 DONE
24/09/2025 02:08:41:	move motor	S18.axis2.piezo rotation to -0.054530deg	 DONE
24/09/2025 02:08:42:	27	count	time	3.000000s/cts	O Det=117	H Det=3964	Mon Det=6522	Aux Det=1389	O+H=5470	 DONE
24/09/2025 02:08:47:	move motor	S18.axis2.piezo rotation to -0.054480deg	 DONE
24/09/2025 02:08:49:	28	count	time	3.000000s/cts	O Det=196	H Det=4357	Mon Det=6543	Aux Det=2931	O+H=7484	 DONE
24/09/2025 02:08:54:	move motor	S18.axis2.piezo rotation to -0.054430deg	 DONE
24/09/2025 02:08:56:	29	count	time	3.000000s/cts	O Det=285	H Det=4556	Mon Det=6491	Aux Det=4940	O+H=9781	 DONE
24/09/2025 02:09:01:	move motor	S18.axis2.piezo rotation to -0.054380deg	 DONE
24/09/2025 02:09:02:	30	count	time	3.000000s/cts	O Det=257	H Det=4996	Mon Det=6636	Aux Det=5890	O+H=11143	 DONE
24/09/2025 02:09:07:	move motor	S18.axis2.piezo rotation to -0.054330deg	 DONE
24/09/2025 02:09:09:	31	count	time	3.000000s/cts	O Det=199	H Det=5068	Mon Det=6638	Aux Det=6417	O+H=11684	 DONE
24/09/2025 02:09:14:	move motor	S18.axis2.piezo rotation to -0.054280deg	 DONE
24/09/2025 02:09:16:	32	count	time	3.000000s/cts	O Det=224	H Det=5073	Mon Det=6639	Aux Det=6452	O+H=11749	 DONE
24/09/2025 02:09:21:	move motor	S18.axis2.piezo rotation to -0.054230deg	 DONE
24/09/2025 02:09:22:	33	count	time	3.000000s/cts	O Det=130	H Det=5047	Mon Det=6534	Aux Det=6189	O+H=11366	 DONE
24/09/2025 02:09:28:	move motor	S18.axis2.piezo rotation to -0.054180deg	 DONE
24/09/2025 02:09:29:	34	count	time	3.000000s/cts	O Det=154	H Det=4747	Mon Det=6479	Aux Det=4864	O+H=9765	 DONE
24/09/2025 02:09:34:	move motor	S18.axis2.piezo rotation to -0.054130deg	 DONE
24/09/2025 02:09:36:	35	count	time	3.000000s/cts	O Det=120	H Det=4333	Mon Det=6682	Aux Det=3797	O+H=8250	 DONE
24/09/2025 02:09:41:	move motor	S18.axis2.piezo rotation to -0.054080deg	 DONE
24/09/2025 02:09:42:	36	count	time	3.000000s/cts	O Det=111	H Det=3789	Mon Det=6662	Aux Det=2281	O+H=6181	 DONE
24/09/2025 02:09:47:	move motor	S18.axis2.piezo rotation to -0.054030deg	 DONE
24/09/2025 02:09:49:	37	count	time	3.000000s/cts	O Det=127	H Det=3417	Mon Det=6700	Aux Det=1281	O+H=4825	 DONE
24/09/2025 02:09:54:	move motor	S18.axis2.piezo rotation to -0.053980deg	 DONE
24/09/2025 02:09:55:	38	count	time	3.000000s/cts	O Det=86	H Det=2636	Mon Det=6613	Aux Det=553	O+H=3275	 DONE
24/09/2025 02:10:01:	move motor	S18.axis2.piezo rotation to -0.053930deg	 DONE
24/09/2025 02:10:02:	39	count	time	3.000000s/cts	O Det=54	H Det=2186	Mon Det=6606	Aux Det=195	O+H=2435	 DONE
24/09/2025 02:10:07:	move motor	S18.axis2.piezo rotation to -0.053880deg	 DONE
24/09/2025 02:10:09:	40	count	time	3.000000s/cts	O Det=52	H Det=1943	Mon Det=6637	Aux Det=152	O+H=2147	 DONE
24/09/2025 02:10:14:	move motor	S18.axis2.piezo rotation to -0.053830deg	 DONE
24/09/2025 02:10:15:	41	count	time	3.000000s/cts	O Det=26	H Det=1558	Mon Det=6613	Aux Det=64	O+H=1648	 DONE
24/09/2025 02:10:21:	move motor	S18.axis2.piezo rotation to -0.053780deg	 DONE
24/09/2025 02:10:22:	42	count	time	3.000000s/cts	O Det=14	H Det=1256	Mon Det=6658	Aux Det=47	O+H=1317	 DONE
24/09/2025 02:10:27:	move motor	S18.axis2.piezo rotation to -0.053730deg	 DONE
24/09/2025 02:10:28:	43	count	time	3.000000s/cts	O Det=16	H Det=1123	Mon Det=6542	Aux Det=50	O+H=1189	 DONE
24/09/2025 02:10:34:	move motor	S18.axis2.piezo rotation to -0.053680deg	 DONE
24/09/2025 02:10:35:	44	count	time	3.000000s/cts	O Det=10	H Det=981	Mon Det=6680	Aux Det=28	O+H=1019	 DONE
24/09/2025 02:10:40:	move motor	S18.axis2.piezo rotation to -0.053630deg	 DONE
24/09/2025 02:10:42:	45	count	time	3.000000s/cts	O Det=7	H Det=876	Mon Det=6623	Aux Det=20	O+H=903	 DONE
24/09/2025 02:10:47:	move motor	S18.axis2.piezo rotation to -0.053580deg	 DONE
24/09/2025 02:10:48:	46	count	time	3.000000s/cts	O Det=7	H Det=804	Mon Det=6512	Aux Det=22	O+H=833	 DONE
24/09/2025 02:10:53:	move motor	S18.axis2.piezo rotation to -0.053530deg	 DONE
24/09/2025 02:10:55:	47	count	time	3.000000s/cts	O Det=5	H Det=638	Mon Det=6604	Aux Det=17	O+H=660	 DONE
24/09/2025 02:11:00:	move motor	S18.axis2.piezo rotation to -0.053480deg	 DONE
24/09/2025 02:11:01:	48	count	time	3.000000s/cts	O Det=7	H Det=587	Mon Det=6574	Aux Det=16	O+H=610	 DONE
24/09/2025 02:11:07:	move motor	S18.axis2.piezo rotation to -0.053430deg	 DONE
24/09/2025 02:11:08:	49	count	time	3.000000s/cts	O Det=3	H Det=540	Mon Det=6589	Aux Det=16	O+H=559	 DONE
24/09/2025 02:11:13:	move motor	S18.axis2.piezo rotation to -0.053380deg	 DONE
24/09/2025 02:11:15:	50	count	time	3.000000s/cts	O Det=1	H Det=485	Mon Det=6588	Aux Det=16	O+H=502	 DONE
24/09/2025 02:11:20:	close file and end scan	saving D:\data\Cycle 198\exp_3-16-19\rawdata\sc\rocking_24Sep0205.tif  DONE
24/09/2025 02:11:21:	move motor	S18.axis2.piezo rotation to fit AUX PEAK60	-0.054303reached -0.05430  DONE
24/09/2025 02:11:25:	END OF SCRIPT	 DONE
