17/10/2025 02:49:52:	start execution of script D:\data\Cycle 198\exp_3-16-19\rawdata\sc\rocking.sc	 DONE
17/10/2025 02:49:53:	move motor	S18.axis2.piezo rotation to 0.246170deg	 DONE
17/10/2025 02:49:56:	create file	D:\data\Cycle 198\exp_3-16-19\rawdata\sc\rocking_17Oct0249.dat	 DONE
room to enter remarks DONE
17/10/2025 02:49:57:	move motor	S18.axis2.piezo rotation to 0.346170deg	 DONE
17/10/2025 02:50:01:	1	count	time	3.000000s/cts	O Det=1	H Det=11	Mon Det=7134	Aux Det=20	O+H=32	 DONE
17/10/2025 02:50:06:	move motor	S18.axis2.piezo rotation to 0.346230deg	 DONE
17/10/2025 02:50:08:	2	count	time	3.000000s/cts	O Det=2	H Det=20	Mon Det=7259	Aux Det=29	O+H=51	 DONE
17/10/2025 02:50:12:	move motor	S18.axis2.piezo rotation to 0.346290deg	 DONE
17/10/2025 02:50:13:	3	count	time	3.000000s/cts	O Det=0	H Det=26	Mon Det=7092	Aux Det=28	O+H=54	 DONE
17/10/2025 02:50:18:	move motor	S18.axis2.piezo rotation to 0.346350deg	 DONE
17/10/2025 02:50:19:	4	count	time	3.000000s/cts	O Det=0	H Det=26	Mon Det=7097	Aux Det=30	O+H=56	 DONE
17/10/2025 02:50:24:	move motor	S18.axis2.piezo rotation to 0.346410deg	 DONE
17/10/2025 02:50:25:	5	count	time	3.000000s/cts	O Det=1	H Det=24	Mon Det=7263	Aux Det=32	O+H=57	 DONE
17/10/2025 02:50:30:	move motor	S18.axis2.piezo rotation to 0.346470deg	 DONE
17/10/2025 02:50:31:	6	count	time	3.000000s/cts	O Det=1	H Det=36	Mon Det=7130	Aux Det=24	O+H=61	 DONE
17/10/2025 02:50:36:	move motor	S18.axis2.piezo rotation to 0.346530deg	 DONE
17/10/2025 02:50:37:	7	count	time	3.000000s/cts	O Det=2	H Det=35	Mon Det=7200	Aux Det=39	O+H=76	 DONE
17/10/2025 02:50:41:	move motor	S18.axis2.piezo rotation to 0.346590deg	 DONE
17/10/2025 02:50:42:	8	count	time	3.000000s/cts	O Det=2	H Det=30	Mon Det=7193	Aux Det=67	O+H=99	 DONE
17/10/2025 02:50:47:	move motor	S18.axis2.piezo rotation to 0.346650deg	 DONE
17/10/2025 02:50:48:	9	count	time	3.000000s/cts	O Det=3	H Det=44	Mon Det=7179	Aux Det=50	O+H=97	 DONE
17/10/2025 02:50:53:	move motor	S18.axis2.piezo rotation to 0.346710deg	 DONE
17/10/2025 02:50:54:	10	count	time	3.000000s/cts	O Det=4	H Det=47	Mon Det=7087	Aux Det=66	O+H=117	 DONE
17/10/2025 02:50:59:	move motor	S18.axis2.piezo rotation to 0.346770deg	 DONE
17/10/2025 02:51:00:	11	count	time	3.000000s/cts	O Det=7	H Det=53	Mon Det=7332	Aux Det=74	O+H=134	 DONE
17/10/2025 02:51:05:	move motor	S18.axis2.piezo rotation to 0.346830deg	 DONE
17/10/2025 02:51:06:	12	count	time	3.000000s/cts	O Det=9	H Det=68	Mon Det=7205	Aux Det=109	O+H=186	 DONE
17/10/2025 02:51:11:	move motor	S18.axis2.piezo rotation to 0.346890deg	 DONE
17/10/2025 02:51:12:	13	count	time	3.000000s/cts	O Det=26	H Det=78	Mon Det=7181	Aux Det=142	O+H=246	 DONE
17/10/2025 02:51:16:	move motor	S18.axis2.piezo rotation to 0.346950deg	 DONE
17/10/2025 02:51:17:	14	count	time	3.000000s/cts	O Det=27	H Det=93	Mon Det=7149	Aux Det=130	O+H=250	 DONE
17/10/2025 02:51:22:	move motor	S18.axis2.piezo rotation to 0.347010deg	 DONE
17/10/2025 02:51:24:	15	count	time	3.000000s/cts	O Det=15	H Det=90	Mon Det=7131	Aux Det=131	O+H=236	 DONE
17/10/2025 02:51:28:	move motor	S18.axis2.piezo rotation to 0.347070deg	 DONE
17/10/2025 02:51:29:	16	count	time	3.000000s/cts	O Det=32	H Det=113	Mon Det=7257	Aux Det=146	O+H=291	 DONE
17/10/2025 02:51:34:	move motor	S18.axis2.piezo rotation to 0.347130deg	 DONE
17/10/2025 02:51:35:	17	count	time	3.000000s/cts	O Det=54	H Det=133	Mon Det=7050	Aux Det=168	O+H=355	 DONE
17/10/2025 02:51:40:	move motor	S18.axis2.piezo rotation to 0.347190deg	 DONE
17/10/2025 02:51:41:	18	count	time	3.000000s/cts	O Det=96	H Det=162	Mon Det=7129	Aux Det=201	O+H=459	 DONE
17/10/2025 02:51:46:	move motor	S18.axis2.piezo rotation to 0.347250deg	 DONE
17/10/2025 02:51:47:	19	count	time	3.000000s/cts	O Det=179	H Det=167	Mon Det=7171	Aux Det=242	O+H=588	 DONE
17/10/2025 02:51:52:	move motor	S18.axis2.piezo rotation to 0.347310deg	 DONE
17/10/2025 02:51:53:	20	count	time	3.000000s/cts	O Det=310	H Det=158	Mon Det=7187	Aux Det=278	O+H=746	 DONE
17/10/2025 02:51:58:	move motor	S18.axis2.piezo rotation to 0.347370deg	 DONE
17/10/2025 02:51:59:	21	count	time	3.000000s/cts	O Det=433	H Det=214	Mon Det=7345	Aux Det=328	O+H=975	 DONE
17/10/2025 02:52:04:	move motor	S18.axis2.piezo rotation to 0.347430deg	 DONE
17/10/2025 02:52:05:	22	count	time	3.000000s/cts	O Det=490	H Det=195	Mon Det=7230	Aux Det=436	O+H=1121	 DONE
17/10/2025 02:52:10:	move motor	S18.axis2.piezo rotation to 0.347490deg	 DONE
17/10/2025 02:52:11:	23	count	time	3.000000s/cts	O Det=592	H Det=221	Mon Det=7321	Aux Det=499	O+H=1312	 DONE
17/10/2025 02:52:15:	move motor	S18.axis2.piezo rotation to 0.347550deg	 DONE
17/10/2025 02:52:17:	24	count	time	3.000000s/cts	O Det=618	H Det=211	Mon Det=7184	Aux Det=522	O+H=1351	 DONE
17/10/2025 02:52:21:	move motor	S18.axis2.piezo rotation to 0.347610deg	 DONE
17/10/2025 02:52:23:	25	count	time	3.000000s/cts	O Det=627	H Det=218	Mon Det=7152	Aux Det=548	O+H=1393	 DONE
17/10/2025 02:52:27:	move motor	S18.axis2.piezo rotation to 0.347670deg	 DONE
17/10/2025 02:52:28:	26	count	time	3.000000s/cts	O Det=597	H Det=224	Mon Det=7137	Aux Det=427	O+H=1248	 DONE
17/10/2025 02:52:33:	move motor	S18.axis2.piezo rotation to 0.347730deg	 DONE
17/10/2025 02:52:35:	27	count	time	3.000000s/cts	O Det=502	H Det=158	Mon Det=7148	Aux Det=295	O+H=955	 DONE
17/10/2025 02:52:39:	move motor	S18.axis2.piezo rotation to 0.347790deg	 DONE
17/10/2025 02:52:40:	28	count	time	3.000000s/cts	O Det=377	H Det=144	Mon Det=7185	Aux Det=196	O+H=717	 DONE
17/10/2025 02:52:45:	move motor	S18.axis2.piezo rotation to 0.347850deg	 DONE
17/10/2025 02:52:46:	29	count	time	3.000000s/cts	O Det=249	H Det=140	Mon Det=7169	Aux Det=199	O+H=588	 DONE
17/10/2025 02:52:51:	move motor	S18.axis2.piezo rotation to 0.347910deg	 DONE
17/10/2025 02:52:52:	30	count	time	3.000000s/cts	O Det=181	H Det=172	Mon Det=7128	Aux Det=161	O+H=514	 DONE
17/10/2025 02:52:57:	move motor	S18.axis2.piezo rotation to 0.347970deg	 DONE
17/10/2025 02:52:58:	31	count	time	3.000000s/cts	O Det=91	H Det=113	Mon Det=7077	Aux Det=151	O+H=355	 DONE
17/10/2025 02:53:02:	move motor	S18.axis2.piezo rotation to 0.348030deg	 DONE
17/10/2025 02:53:04:	32	count	time	3.000000s/cts	O Det=57	H Det=117	Mon Det=7121	Aux Det=127	O+H=301	 DONE
17/10/2025 02:53:08:	move motor	S18.axis2.piezo rotation to 0.348090deg	 DONE
17/10/2025 02:53:09:	33	count	time	3.000000s/cts	O Det=32	H Det=84	Mon Det=7151	Aux Det=127	O+H=243	 DONE
17/10/2025 02:53:14:	move motor	S18.axis2.piezo rotation to 0.348150deg	 DONE
17/10/2025 02:53:16:	34	count	time	3.000000s/cts	O Det=11	H Det=82	Mon Det=7192	Aux Det=88	O+H=181	 DONE
17/10/2025 02:53:20:	move motor	S18.axis2.piezo rotation to 0.348210deg	 DONE
17/10/2025 02:53:21:	35	count	time	3.000000s/cts	O Det=13	H Det=56	Mon Det=7069	Aux Det=85	O+H=154	 DONE
17/10/2025 02:53:26:	move motor	S18.axis2.piezo rotation to 0.348270deg	 DONE
17/10/2025 02:53:27:	36	count	time	3.000000s/cts	O Det=8	H Det=63	Mon Det=7189	Aux Det=81	O+H=152	 DONE
17/10/2025 02:53:32:	move motor	S18.axis2.piezo rotation to 0.348330deg	 DONE
17/10/2025 02:53:33:	37	count	time	3.000000s/cts	O Det=9	H Det=44	Mon Det=7070	Aux Det=67	O+H=120	 DONE
17/10/2025 02:53:38:	move motor	S18.axis2.piezo rotation to 0.348390deg	 DONE
17/10/2025 02:53:39:	38	count	time	3.000000s/cts	O Det=2	H Det=48	Mon Det=7145	Aux Det=56	O+H=106	 DONE
17/10/2025 02:53:44:	move motor	S18.axis2.piezo rotation to 0.348450deg	 DONE
17/10/2025 02:53:45:	39	count	time	3.000000s/cts	O Det=1	H Det=38	Mon Det=7149	Aux Det=51	O+H=90	 DONE
17/10/2025 02:53:49:	move motor	S18.axis2.piezo rotation to 0.348510deg	 DONE
17/10/2025 02:53:51:	40	count	time	3.000000s/cts	O Det=9	H Det=38	Mon Det=7193	Aux Det=41	O+H=88	 DONE
17/10/2025 02:53:56:	move motor	S18.axis2.piezo rotation to 0.348570deg	 DONE
17/10/2025 02:53:57:	41	count	time	3.000000s/cts	O Det=1	H Det=33	Mon Det=7131	Aux Det=48	O+H=82	 DONE
17/10/2025 02:54:02:	move motor	S18.axis2.piezo rotation to 0.348630deg	 DONE
17/10/2025 02:54:03:	42	count	time	3.000000s/cts	O Det=2	H Det=23	Mon Det=7225	Aux Det=31	O+H=56	 DONE
17/10/2025 02:54:07:	move motor	S18.axis2.piezo rotation to 0.348690deg	 DONE
17/10/2025 02:54:09:	43	count	time	3.000000s/cts	O Det=2	H Det=27	Mon Det=7060	Aux Det=33	O+H=62	 DONE
17/10/2025 02:54:13:	move motor	S18.axis2.piezo rotation to 0.348750deg	 DONE
17/10/2025 02:54:14:	44	count	time	3.000000s/cts	O Det=1	H Det=20	Mon Det=7148	Aux Det=25	O+H=46	 DONE
17/10/2025 02:54:19:	move motor	S18.axis2.piezo rotation to 0.348810deg	 DONE
17/10/2025 02:54:20:	45	count	time	3.000000s/cts	O Det=0	H Det=18	Mon Det=7226	Aux Det=25	O+H=43	 DONE
17/10/2025 02:54:25:	move motor	S18.axis2.piezo rotation to 0.348870deg	 DONE
17/10/2025 02:54:26:	46	count	time	3.000000s/cts	O Det=3	H Det=18	Mon Det=7181	Aux Det=44	O+H=65	 DONE
17/10/2025 02:54:30:	move motor	S18.axis2.piezo rotation to 0.348930deg	 DONE
17/10/2025 02:54:32:	47	count	time	3.000000s/cts	O Det=2	H Det=16	Mon Det=7342	Aux Det=19	O+H=37	 DONE
17/10/2025 02:54:36:	move motor	S18.axis2.piezo rotation to 0.348990deg	 DONE
17/10/2025 02:54:38:	48	count	time	3.000000s/cts	O Det=0	H Det=15	Mon Det=7396	Aux Det=23	O+H=38	 DONE
17/10/2025 02:54:43:	move motor	S18.axis2.piezo rotation to 0.349050deg	 DONE
17/10/2025 02:54:44:	49	count	time	3.000000s/cts	O Det=1	H Det=17	Mon Det=7138	Aux Det=20	O+H=38	 DONE
17/10/2025 02:54:48:	move motor	S18.axis2.piezo rotation to 0.349110deg	 DONE
17/10/2025 02:54:50:	50	count	time	3.000000s/cts	O Det=0	H Det=14	Mon Det=7127	Aux Det=21	O+H=35	 DONE
17/10/2025 02:54:54:	close file and end scan	 DONE
17/10/2025 02:54:55:	move motor	S18.axis2.piezo rotation to fit SUM PEAK60	0.347558reached 0.34756  DONE
17/10/2025 02:54:57:	END OF SCRIPT	 DONE
