02/10/2025 23:01:51:	start execution of script D:\data\Cycle 198\exp_3-16-19\rawdata\sc\rocking.sc	 DONE
02/10/2025 23:01:52:	move motor	S18.axis2.piezo rotation to -0.246770deg	 DONE
02/10/2025 23:01:54:	create file	D:\data\Cycle 198\exp_3-16-19\rawdata\sc\rocking_02Oct2301.dat	 DONE
room to enter remarks DONE
02/10/2025 23:01:55:	move motor	S18.axis2.piezo rotation to -0.146770deg	 DONE
02/10/2025 23:01:59:	1	count	time	5.000000s/cts	O Det=2	H Det=19	Mon Det=11627	Aux Det=2	O+H=23	 DONE
02/10/2025 23:02:06:	move motor	S18.axis2.piezo rotation to -0.146710deg	 DONE
02/10/2025 23:02:07:	2	count	time	5.000000s/cts	O Det=0	H Det=15	Mon Det=11483	Aux Det=5	O+H=20	 DONE
02/10/2025 23:02:14:	move motor	S18.axis2.piezo rotation to -0.146650deg	 DONE
02/10/2025 23:02:15:	3	count	time	5.000000s/cts	O Det=1	H Det=15	Mon Det=11425	Aux Det=6	O+H=22	 DONE
02/10/2025 23:02:22:	move motor	S18.axis2.piezo rotation to -0.146590deg	 DONE
02/10/2025 23:02:23:	4	count	time	5.000000s/cts	O Det=2	H Det=15	Mon Det=11511	Aux Det=5	O+H=22	 DONE
02/10/2025 23:02:30:	move motor	S18.axis2.piezo rotation to -0.146530deg	 DONE
02/10/2025 23:02:31:	5	count	time	5.000000s/cts	O Det=0	H Det=22	Mon Det=11429	Aux Det=2	O+H=24	 DONE
02/10/2025 23:02:38:	move motor	S18.axis2.piezo rotation to -0.146470deg	 DONE
02/10/2025 23:02:39:	6	count	time	5.000000s/cts	O Det=1	H Det=23	Mon Det=11465	Aux Det=5	O+H=29	 DONE
02/10/2025 23:02:46:	move motor	S18.axis2.piezo rotation to -0.146410deg	 DONE
02/10/2025 23:02:47:	7	count	time	5.000000s/cts	O Det=1	H Det=28	Mon Det=11557	Aux Det=4	O+H=33	 DONE
02/10/2025 23:02:54:	move motor	S18.axis2.piezo rotation to -0.146350deg	 DONE
02/10/2025 23:02:55:	8	count	time	5.000000s/cts	O Det=1	H Det=45	Mon Det=11417	Aux Det=1	O+H=47	 DONE
02/10/2025 23:03:02:	move motor	S18.axis2.piezo rotation to -0.146290deg	 DONE
02/10/2025 23:03:03:	9	count	time	5.000000s/cts	O Det=0	H Det=25	Mon Det=11452	Aux Det=1	O+H=26	 DONE
02/10/2025 23:03:10:	move motor	S18.axis2.piezo rotation to -0.146230deg	 DONE
02/10/2025 23:03:11:	10	count	time	5.000000s/cts	O Det=1	H Det=30	Mon Det=11509	Aux Det=3	O+H=34	 DONE
02/10/2025 23:03:18:	move motor	S18.axis2.piezo rotation to -0.146170deg	 DONE
02/10/2025 23:03:19:	11	count	time	5.000000s/cts	O Det=1	H Det=44	Mon Det=11634	Aux Det=3	O+H=48	 DONE
02/10/2025 23:03:25:	move motor	S18.axis2.piezo rotation to -0.146110deg	 DONE
02/10/2025 23:03:26:	12	count	time	5.000000s/cts	O Det=1	H Det=37	Mon Det=11616	Aux Det=1	O+H=39	 DONE
02/10/2025 23:03:33:	move motor	S18.axis2.piezo rotation to -0.146050deg	 DONE
02/10/2025 23:03:34:	13	count	time	5.000000s/cts	O Det=2	H Det=52	Mon Det=11530	Aux Det=4	O+H=58	 DONE
02/10/2025 23:03:41:	move motor	S18.axis2.piezo rotation to -0.145990deg	 DONE
02/10/2025 23:03:42:	14	count	time	5.000000s/cts	O Det=4	H Det=63	Mon Det=11500	Aux Det=2	O+H=69	 DONE
02/10/2025 23:03:49:	move motor	S18.axis2.piezo rotation to -0.145930deg	 DONE
02/10/2025 23:03:50:	15	count	time	5.000000s/cts	O Det=1	H Det=68	Mon Det=11687	Aux Det=6	O+H=75	 DONE
02/10/2025 23:03:57:	move motor	S18.axis2.piezo rotation to -0.145870deg	 DONE
02/10/2025 23:03:58:	16	count	time	5.000000s/cts	O Det=6	H Det=78	Mon Det=11443	Aux Det=9	O+H=93	 DONE
02/10/2025 23:04:05:	move motor	S18.axis2.piezo rotation to -0.145810deg	 DONE
02/10/2025 23:04:06:	17	count	time	5.000000s/cts	O Det=4	H Det=91	Mon Det=11338	Aux Det=13	O+H=108	 DONE
02/10/2025 23:04:13:	move motor	S18.axis2.piezo rotation to -0.145750deg	 DONE
02/10/2025 23:04:14:	18	count	time	5.000000s/cts	O Det=23	H Det=132	Mon Det=11399	Aux Det=33	O+H=188	 DONE
02/10/2025 23:04:21:	move motor	S18.axis2.piezo rotation to -0.145690deg	 DONE
02/10/2025 23:04:22:	19	count	time	5.000000s/cts	O Det=8	H Det=130	Mon Det=11342	Aux Det=32	O+H=170	 DONE
02/10/2025 23:04:29:	move motor	S18.axis2.piezo rotation to -0.145630deg	 DONE
02/10/2025 23:04:30:	20	count	time	5.000000s/cts	O Det=14	H Det=152	Mon Det=11467	Aux Det=17	O+H=183	 DONE
02/10/2025 23:04:37:	move motor	S18.axis2.piezo rotation to -0.145570deg	 DONE
02/10/2025 23:04:38:	21	count	time	5.000000s/cts	O Det=10	H Det=171	Mon Det=11620	Aux Det=7	O+H=188	 DONE
02/10/2025 23:04:45:	move motor	S18.axis2.piezo rotation to -0.145510deg	 DONE
02/10/2025 23:04:46:	22	count	time	5.000000s/cts	O Det=16	H Det=227	Mon Det=11492	Aux Det=14	O+H=257	 DONE
02/10/2025 23:04:53:	move motor	S18.axis2.piezo rotation to -0.145450deg	 DONE
02/10/2025 23:04:54:	23	count	time	5.000000s/cts	O Det=34	H Det=252	Mon Det=11649	Aux Det=35	O+H=321	 DONE
02/10/2025 23:05:01:	move motor	S18.axis2.piezo rotation to -0.145390deg	 DONE
02/10/2025 23:05:02:	24	count	time	5.000000s/cts	O Det=48	H Det=299	Mon Det=11431	Aux Det=86	O+H=433	 DONE
02/10/2025 23:05:09:	move motor	S18.axis2.piezo rotation to -0.145330deg	 DONE
02/10/2025 23:05:10:	25	count	time	5.000000s/cts	O Det=64	H Det=336	Mon Det=11560	Aux Det=163	O+H=563	 DONE
02/10/2025 23:05:16:	move motor	S18.axis2.piezo rotation to -0.145270deg	 DONE
02/10/2025 23:05:18:	26	count	time	5.000000s/cts	O Det=97	H Det=333	Mon Det=11568	Aux Det=264	O+H=694	 DONE
02/10/2025 23:05:24:	move motor	S18.axis2.piezo rotation to -0.145210deg	 DONE
02/10/2025 23:05:25:	27	count	time	5.000000s/cts	O Det=98	H Det=338	Mon Det=11447	Aux Det=368	O+H=804	 DONE
02/10/2025 23:05:32:	move motor	S18.axis2.piezo rotation to -0.145150deg	 DONE
02/10/2025 23:05:34:	28	count	time	5.000000s/cts	O Det=122	H Det=402	Mon Det=11582	Aux Det=436	O+H=960	 DONE
02/10/2025 23:05:40:	move motor	S18.axis2.piezo rotation to -0.145090deg	 DONE
02/10/2025 23:05:42:	29	count	time	5.000000s/cts	O Det=159	H Det=375	Mon Det=11337	Aux Det=524	O+H=1058	 DONE
02/10/2025 23:05:48:	move motor	S18.axis2.piezo rotation to -0.145030deg	 DONE
02/10/2025 23:05:49:	30	count	time	5.000000s/cts	O Det=188	H Det=371	Mon Det=11548	Aux Det=496	O+H=1055	 DONE
02/10/2025 23:05:56:	move motor	S18.axis2.piezo rotation to -0.144970deg	 DONE
02/10/2025 23:05:57:	31	count	time	5.000000s/cts	O Det=169	H Det=361	Mon Det=11490	Aux Det=444	O+H=974	 DONE
02/10/2025 23:06:04:	move motor	S18.axis2.piezo rotation to -0.144910deg	 DONE
02/10/2025 23:06:05:	32	count	time	5.000000s/cts	O Det=151	H Det=321	Mon Det=11620	Aux Det=436	O+H=908	 DONE
02/10/2025 23:06:12:	move motor	S18.axis2.piezo rotation to -0.144850deg	 DONE
02/10/2025 23:06:13:	33	count	time	5.000000s/cts	O Det=135	H Det=334	Mon Det=11503	Aux Det=396	O+H=865	 DONE
02/10/2025 23:06:20:	move motor	S18.axis2.piezo rotation to -0.144790deg	 DONE
02/10/2025 23:06:21:	34	count	time	5.000000s/cts	O Det=115	H Det=302	Mon Det=11369	Aux Det=228	O+H=645	 DONE
02/10/2025 23:06:28:	move motor	S18.axis2.piezo rotation to -0.144730deg	 DONE
02/10/2025 23:06:29:	35	count	time	5.000000s/cts	O Det=93	H Det=283	Mon Det=11392	Aux Det=163	O+H=539	 DONE
02/10/2025 23:06:36:	move motor	S18.axis2.piezo rotation to -0.144670deg	 DONE
02/10/2025 23:06:37:	36	count	time	5.000000s/cts	O Det=66	H Det=224	Mon Det=11440	Aux Det=92	O+H=382	 DONE
02/10/2025 23:06:44:	move motor	S18.axis2.piezo rotation to -0.144610deg	 DONE
02/10/2025 23:06:45:	37	count	time	5.000000s/cts	O Det=52	H Det=211	Mon Det=11517	Aux Det=44	O+H=307	 DONE
02/10/2025 23:06:52:	move motor	S18.axis2.piezo rotation to -0.144550deg	 DONE
02/10/2025 23:06:53:	38	count	time	5.000000s/cts	O Det=43	H Det=146	Mon Det=11585	Aux Det=16	O+H=205	 DONE
02/10/2025 23:07:00:	move motor	S18.axis2.piezo rotation to -0.144490deg	 DONE
02/10/2025 23:07:01:	39	count	time	5.000000s/cts	O Det=37	H Det=137	Mon Det=11650	Aux Det=8	O+H=182	 DONE
02/10/2025 23:07:08:	move motor	S18.axis2.piezo rotation to -0.144430deg	 DONE
02/10/2025 23:07:09:	40	count	time	5.000000s/cts	O Det=13	H Det=118	Mon Det=11516	Aux Det=7	O+H=138	 DONE
02/10/2025 23:07:15:	move motor	S18.axis2.piezo rotation to -0.144370deg	 DONE
02/10/2025 23:07:17:	41	count	time	5.000000s/cts	O Det=8	H Det=111	Mon Det=11331	Aux Det=5	O+H=124	 DONE
02/10/2025 23:07:24:	move motor	S18.axis2.piezo rotation to -0.144310deg	 DONE
02/10/2025 23:07:25:	42	count	time	5.000000s/cts	O Det=9	H Det=75	Mon Det=11594	Aux Det=7	O+H=91	 DONE
02/10/2025 23:07:32:	move motor	S18.axis2.piezo rotation to -0.144250deg	 DONE
02/10/2025 23:07:33:	43	count	time	5.000000s/cts	O Det=7	H Det=77	Mon Det=11308	Aux Det=4	O+H=88	 DONE
02/10/2025 23:07:40:	move motor	S18.axis2.piezo rotation to -0.144190deg	 DONE
02/10/2025 23:07:41:	44	count	time	5.000000s/cts	O Det=4	H Det=67	Mon Det=11372	Aux Det=4	O+H=75	 DONE
02/10/2025 23:07:48:	move motor	S18.axis2.piezo rotation to -0.144130deg	 DONE
02/10/2025 23:07:49:	45	count	time	5.000000s/cts	O Det=5	H Det=60	Mon Det=11434	Aux Det=4	O+H=69	 DONE
02/10/2025 23:07:55:	move motor	S18.axis2.piezo rotation to -0.144070deg	 DONE
02/10/2025 23:07:57:	46	count	time	5.000000s/cts	O Det=5	H Det=43	Mon Det=11707	Aux Det=2	O+H=50	 DONE
02/10/2025 23:08:03:	move motor	S18.axis2.piezo rotation to -0.144010deg	 DONE
02/10/2025 23:08:05:	47	count	time	5.000000s/cts	O Det=2	H Det=41	Mon Det=11545	Aux Det=2	O+H=45	 DONE
02/10/2025 23:08:11:	move motor	S18.axis2.piezo rotation to -0.143950deg	 DONE
02/10/2025 23:08:12:	48	count	time	5.000000s/cts	O Det=3	H Det=44	Mon Det=11497	Aux Det=3	O+H=50	 DONE
02/10/2025 23:08:19:	move motor	S18.axis2.piezo rotation to -0.143890deg	 DONE
02/10/2025 23:08:20:	49	count	time	5.000000s/cts	O Det=1	H Det=39	Mon Det=11609	Aux Det=5	O+H=45	 DONE
02/10/2025 23:08:27:	move motor	S18.axis2.piezo rotation to -0.143830deg	 DONE
02/10/2025 23:08:28:	50	count	time	5.000000s/cts	O Det=0	H Det=42	Mon Det=11332	Aux Det=6	O+H=48	 DONE
02/10/2025 23:08:35:	move motor	S18.axis2.piezo rotation to -0.143770deg	 DONE
02/10/2025 23:08:36:	51	count	time	5.000000s/cts	O Det=1	H Det=36	Mon Det=11230	Aux Det=4	O+H=41	 DONE
02/10/2025 23:08:43:	move motor	S18.axis2.piezo rotation to -0.143710deg	 DONE
02/10/2025 23:08:44:	52	count	time	5.000000s/cts	O Det=1	H Det=37	Mon Det=11405	Aux Det=2	O+H=40	 DONE
02/10/2025 23:08:50:	move motor	S18.axis2.piezo rotation to -0.143650deg	 DONE
02/10/2025 23:08:52:	53	count	time	5.000000s/cts	O Det=2	H Det=12	Mon Det=11567	Aux Det=2	O+H=16	 DONE
02/10/2025 23:08:59:	move motor	S18.axis2.piezo rotation to -0.143590deg	 DONE
02/10/2025 23:09:00:	54	count	time	5.000000s/cts	O Det=1	H Det=21	Mon Det=11370	Aux Det=4	O+H=26	 DONE
02/10/2025 23:09:06:	move motor	S18.axis2.piezo rotation to -0.143530deg	 DONE
02/10/2025 23:09:08:	55	count	time	5.000000s/cts	O Det=1	H Det=21	Mon Det=11342	Aux Det=5	O+H=27	 DONE
02/10/2025 23:09:15:	move motor	S18.axis2.piezo rotation to -0.143470deg	 DONE
02/10/2025 23:09:16:	56	count	time	5.000000s/cts	O Det=0	H Det=20	Mon Det=11646	Aux Det=4	O+H=24	 DONE
02/10/2025 23:09:22:	move motor	S18.axis2.piezo rotation to -0.143410deg	 DONE
02/10/2025 23:09:24:	57	count	time	5.000000s/cts	O Det=1	H Det=22	Mon Det=11425	Aux Det=1	O+H=24	 DONE
02/10/2025 23:09:30:	move motor	S18.axis2.piezo rotation to -0.143350deg	 DONE
02/10/2025 23:09:32:	58	count	time	5.000000s/cts	O Det=2	H Det=20	Mon Det=11719	Aux Det=3	O+H=25	 DONE
02/10/2025 23:09:38:	move motor	S18.axis2.piezo rotation to -0.143290deg	 DONE
02/10/2025 23:09:40:	59	count	time	5.000000s/cts	O Det=0	H Det=18	Mon Det=11470	Aux Det=3	O+H=21	 DONE
02/10/2025 23:09:46:	move motor	S18.axis2.piezo rotation to -0.143230deg	 DONE
02/10/2025 23:09:47:	60	count	time	5.000000s/cts	O Det=0	H Det=23	Mon Det=11380	Aux Det=3	O+H=26	 DONE
02/10/2025 23:09:54:	close file and end scan	 DONE
02/10/2025 23:09:55:	move motor	S18.axis2.piezo rotation to fit SUM PEAK60	-0.145035reached -0.14504  DONE
02/10/2025 23:09:59:	END OF SCRIPT	 DONE
