25/10/2025 00:59:28:	start execution of script D:\data\Cycle 198\exp_3-16-19\rawdata\sc\rocking.sc	 DONE
25/10/2025 00:59:28:	move motor	S18.axis2.piezo rotation to 0.245239deg	 DONE
25/10/2025 00:59:32:	create file	D:\data\Cycle 198\exp_3-16-19\rawdata\sc\rocking_25Oct0059.dat	 DONE
room to enter remarks DONE
25/10/2025 00:59:33:	move motor	S18.axis2.piezo rotation to 0.345239deg	 DONE
25/10/2025 00:59:36:	1	count	time	3.000000s/cts	O Det=1	H Det=19	Mon Det=7465	Aux Det=16	O+H=36	 DONE
25/10/2025 00:59:41:	move motor	S18.axis2.piezo rotation to 0.345299deg	 DONE
25/10/2025 00:59:44:	2	count	time	3.000000s/cts	O Det=2	H Det=18	Mon Det=7383	Aux Det=25	O+H=45	 DONE
25/10/2025 00:59:48:	move motor	S18.axis2.piezo rotation to 0.345359deg	 DONE
25/10/2025 00:59:50:	3	count	time	3.000000s/cts	O Det=3	H Det=20	Mon Det=7490	Aux Det=27	O+H=50	 DONE
25/10/2025 00:59:55:	move motor	S18.axis2.piezo rotation to 0.345419deg	 DONE
25/10/2025 00:59:56:	4	count	time	3.000000s/cts	O Det=1	H Det=25	Mon Det=7514	Aux Det=44	O+H=70	 DONE
25/10/2025 01:00:00:	move motor	S18.axis2.piezo rotation to 0.345479deg	 DONE
25/10/2025 01:00:02:	5	count	time	3.000000s/cts	O Det=3	H Det=28	Mon Det=7515	Aux Det=37	O+H=68	 DONE
25/10/2025 01:00:06:	move motor	S18.axis2.piezo rotation to 0.345539deg	 DONE
25/10/2025 01:00:07:	6	count	time	3.000000s/cts	O Det=2	H Det=25	Mon Det=7521	Aux Det=34	O+H=61	 DONE
25/10/2025 01:00:12:	move motor	S18.axis2.piezo rotation to 0.345599deg	 DONE
25/10/2025 01:00:13:	7	count	time	3.000000s/cts	O Det=2	H Det=33	Mon Det=7376	Aux Det=49	O+H=84	 DONE
25/10/2025 01:00:18:	move motor	S18.axis2.piezo rotation to 0.345659deg	 DONE
25/10/2025 01:00:19:	8	count	time	3.000000s/cts	O Det=2	H Det=34	Mon Det=7474	Aux Det=47	O+H=83	 DONE
25/10/2025 01:00:24:	move motor	S18.axis2.piezo rotation to 0.345719deg	 DONE
25/10/2025 01:00:25:	9	count	time	3.000000s/cts	O Det=4	H Det=38	Mon Det=7587	Aux Det=68	O+H=110	 DONE
25/10/2025 01:00:29:	move motor	S18.axis2.piezo rotation to 0.345779deg	 DONE
25/10/2025 01:00:31:	10	count	time	3.000000s/cts	O Det=4	H Det=58	Mon Det=7353	Aux Det=74	O+H=136	 DONE
25/10/2025 01:00:35:	move motor	S18.axis2.piezo rotation to 0.345839deg	 DONE
25/10/2025 01:00:36:	11	count	time	3.000000s/cts	O Det=3	H Det=72	Mon Det=7503	Aux Det=81	O+H=156	 DONE
25/10/2025 01:00:41:	move motor	S18.axis2.piezo rotation to 0.345899deg	 DONE
25/10/2025 01:00:42:	12	count	time	3.000000s/cts	O Det=27	H Det=92	Mon Det=7478	Aux Det=143	O+H=262	 DONE
25/10/2025 01:00:47:	move motor	S18.axis2.piezo rotation to 0.345959deg	 DONE
25/10/2025 01:00:48:	13	count	time	3.000000s/cts	O Det=27	H Det=95	Mon Det=7420	Aux Det=128	O+H=250	 DONE
25/10/2025 01:00:53:	move motor	S18.axis2.piezo rotation to 0.346019deg	 DONE
25/10/2025 01:00:54:	14	count	time	3.000000s/cts	O Det=14	H Det=93	Mon Det=7530	Aux Det=102	O+H=209	 DONE
25/10/2025 01:00:58:	move motor	S18.axis2.piezo rotation to 0.346079deg	 DONE
25/10/2025 01:01:00:	15	count	time	3.000000s/cts	O Det=11	H Det=113	Mon Det=7534	Aux Det=149	O+H=273	 DONE
25/10/2025 01:01:04:	move motor	S18.axis2.piezo rotation to 0.346139deg	 DONE
25/10/2025 01:01:06:	16	count	time	3.000000s/cts	O Det=22	H Det=139	Mon Det=7564	Aux Det=191	O+H=352	 DONE
25/10/2025 01:01:10:	move motor	S18.axis2.piezo rotation to 0.346199deg	 DONE
25/10/2025 01:01:11:	17	count	time	3.000000s/cts	O Det=36	H Det=163	Mon Det=7542	Aux Det=229	O+H=428	 DONE
25/10/2025 01:01:16:	move motor	S18.axis2.piezo rotation to 0.346259deg	 DONE
25/10/2025 01:01:17:	18	count	time	3.000000s/cts	O Det=41	H Det=180	Mon Det=7504	Aux Det=268	O+H=489	 DONE
25/10/2025 01:01:22:	move motor	S18.axis2.piezo rotation to 0.346319deg	 DONE
25/10/2025 01:01:23:	19	count	time	3.000000s/cts	O Det=97	H Det=203	Mon Det=7546	Aux Det=369	O+H=669	 DONE
25/10/2025 01:01:27:	move motor	S18.axis2.piezo rotation to 0.346379deg	 DONE
25/10/2025 01:01:29:	20	count	time	3.000000s/cts	O Det=139	H Det=240	Mon Det=7482	Aux Det=478	O+H=857	 DONE
25/10/2025 01:01:33:	move motor	S18.axis2.piezo rotation to 0.346439deg	 DONE
25/10/2025 01:01:34:	21	count	time	3.000000s/cts	O Det=177	H Det=254	Mon Det=7433	Aux Det=646	O+H=1077	 DONE
25/10/2025 01:01:39:	move motor	S18.axis2.piezo rotation to 0.346499deg	 DONE
25/10/2025 01:01:40:	22	count	time	3.000000s/cts	O Det=237	H Det=246	Mon Det=7472	Aux Det=901	O+H=1384	 DONE
25/10/2025 01:01:45:	move motor	S18.axis2.piezo rotation to 0.346559deg	 DONE
25/10/2025 01:01:46:	23	count	time	3.000000s/cts	O Det=207	H Det=253	Mon Det=7400	Aux Det=1093	O+H=1553	 DONE
25/10/2025 01:01:51:	move motor	S18.axis2.piezo rotation to 0.346619deg	 DONE
25/10/2025 01:01:52:	24	count	time	3.000000s/cts	O Det=207	H Det=255	Mon Det=7448	Aux Det=1114	O+H=1576	 DONE
25/10/2025 01:01:57:	move motor	S18.axis2.piezo rotation to 0.346679deg	 DONE
25/10/2025 01:01:58:	25	count	time	3.000000s/cts	O Det=200	H Det=189	Mon Det=7375	Aux Det=1089	O+H=1478	 DONE
25/10/2025 01:02:03:	move motor	S18.axis2.piezo rotation to 0.346739deg	 DONE
25/10/2025 01:02:04:	26	count	time	3.000000s/cts	O Det=168	H Det=205	Mon Det=7452	Aux Det=1036	O+H=1409	 DONE
25/10/2025 01:02:08:	move motor	S18.axis2.piezo rotation to 0.346799deg	 DONE
25/10/2025 01:02:10:	27	count	time	3.000000s/cts	O Det=139	H Det=201	Mon Det=7379	Aux Det=855	O+H=1195	 DONE
25/10/2025 01:02:14:	move motor	S18.axis2.piezo rotation to 0.346859deg	 DONE
25/10/2025 01:02:16:	28	count	time	3.000000s/cts	O Det=104	H Det=194	Mon Det=7421	Aux Det=646	O+H=944	 DONE
25/10/2025 01:02:20:	move motor	S18.axis2.piezo rotation to 0.346919deg	 DONE
25/10/2025 01:02:21:	29	count	time	3.000000s/cts	O Det=92	H Det=189	Mon Det=7340	Aux Det=426	O+H=707	 DONE
25/10/2025 01:02:26:	move motor	S18.axis2.piezo rotation to 0.346979deg	 DONE
25/10/2025 01:02:27:	30	count	time	3.000000s/cts	O Det=45	H Det=139	Mon Det=7352	Aux Det=307	O+H=491	 DONE
25/10/2025 01:02:32:	move motor	S18.axis2.piezo rotation to 0.347039deg	 DONE
25/10/2025 01:02:33:	31	count	time	3.000000s/cts	O Det=33	H Det=136	Mon Det=7502	Aux Det=203	O+H=372	 DONE
25/10/2025 01:02:38:	move motor	S18.axis2.piezo rotation to 0.347099deg	 DONE
25/10/2025 01:02:39:	32	count	time	3.000000s/cts	O Det=29	H Det=99	Mon Det=7489	Aux Det=187	O+H=315	 DONE
25/10/2025 01:02:44:	move motor	S18.axis2.piezo rotation to 0.347159deg	 DONE
25/10/2025 01:02:45:	33	count	time	3.000000s/cts	O Det=24	H Det=106	Mon Det=7435	Aux Det=170	O+H=300	 DONE
25/10/2025 01:02:49:	move motor	S18.axis2.piezo rotation to 0.347219deg	 DONE
25/10/2025 01:02:51:	34	count	time	3.000000s/cts	O Det=12	H Det=82	Mon Det=7471	Aux Det=123	O+H=217	 DONE
25/10/2025 01:02:55:	move motor	S18.axis2.piezo rotation to 0.347279deg	 DONE
25/10/2025 01:02:57:	35	count	time	3.000000s/cts	O Det=7	H Det=70	Mon Det=7424	Aux Det=100	O+H=177	 DONE
25/10/2025 01:03:01:	move motor	S18.axis2.piezo rotation to 0.347339deg	 DONE
25/10/2025 01:03:02:	36	count	time	3.000000s/cts	O Det=7	H Det=71	Mon Det=7584	Aux Det=88	O+H=166	 DONE
25/10/2025 01:03:07:	move motor	S18.axis2.piezo rotation to 0.347399deg	 DONE
25/10/2025 01:03:08:	37	count	time	3.000000s/cts	O Det=7	H Det=61	Mon Det=7510	Aux Det=71	O+H=139	 DONE
25/10/2025 01:03:13:	move motor	S18.axis2.piezo rotation to 0.347459deg	 DONE
25/10/2025 01:03:14:	38	count	time	3.000000s/cts	O Det=7	H Det=45	Mon Det=7552	Aux Det=74	O+H=126	 DONE
25/10/2025 01:03:19:	move motor	S18.axis2.piezo rotation to 0.347519deg	 DONE
25/10/2025 01:03:20:	39	count	time	3.000000s/cts	O Det=4	H Det=40	Mon Det=7564	Aux Det=52	O+H=96	 DONE
25/10/2025 01:03:24:	move motor	S18.axis2.piezo rotation to 0.347579deg	 DONE
25/10/2025 01:03:26:	40	count	time	3.000000s/cts	O Det=2	H Det=39	Mon Det=7442	Aux Det=55	O+H=96	 DONE
25/10/2025 01:03:30:	move motor	S18.axis2.piezo rotation to 0.347639deg	 DONE
25/10/2025 01:03:32:	41	count	time	3.000000s/cts	O Det=4	H Det=37	Mon Det=7405	Aux Det=45	O+H=86	 DONE
25/10/2025 01:03:36:	move motor	S18.axis2.piezo rotation to 0.347699deg	 DONE
25/10/2025 01:03:37:	42	count	time	3.000000s/cts	O Det=0	H Det=32	Mon Det=7578	Aux Det=32	O+H=64	 DONE
25/10/2025 01:03:42:	move motor	S18.axis2.piezo rotation to 0.347759deg	 DONE
25/10/2025 01:03:43:	43	count	time	3.000000s/cts	O Det=4	H Det=30	Mon Det=7404	Aux Det=34	O+H=68	 DONE
25/10/2025 01:03:48:	move motor	S18.axis2.piezo rotation to 0.347819deg	 DONE
25/10/2025 01:03:49:	44	count	time	3.000000s/cts	O Det=3	H Det=22	Mon Det=7552	Aux Det=42	O+H=67	 DONE
25/10/2025 01:03:54:	move motor	S18.axis2.piezo rotation to 0.347879deg	 DONE
25/10/2025 01:03:55:	45	count	time	3.000000s/cts	O Det=3	H Det=19	Mon Det=7476	Aux Det=37	O+H=59	 DONE
25/10/2025 01:03:59:	move motor	S18.axis2.piezo rotation to 0.347939deg	 DONE
25/10/2025 01:04:01:	46	count	time	3.000000s/cts	O Det=0	H Det=20	Mon Det=7416	Aux Det=24	O+H=44	 DONE
25/10/2025 01:04:05:	move motor	S18.axis2.piezo rotation to 0.347999deg	 DONE
25/10/2025 01:04:07:	47	count	time	3.000000s/cts	O Det=1	H Det=13	Mon Det=7564	Aux Det=16	O+H=30	 DONE
25/10/2025 01:04:11:	move motor	S18.axis2.piezo rotation to 0.348059deg	 DONE
25/10/2025 01:04:13:	48	count	time	3.000000s/cts	O Det=0	H Det=21	Mon Det=7354	Aux Det=16	O+H=37	 DONE
25/10/2025 01:04:17:	move motor	S18.axis2.piezo rotation to 0.348119deg	 DONE
25/10/2025 01:04:18:	49	count	time	3.000000s/cts	O Det=1	H Det=19	Mon Det=7419	Aux Det=18	O+H=38	 DONE
25/10/2025 01:04:23:	move motor	S18.axis2.piezo rotation to 0.348179deg	 DONE
25/10/2025 01:04:24:	50	count	time	3.000000s/cts	O Det=2	H Det=12	Mon Det=7538	Aux Det=18	O+H=32	 DONE
25/10/2025 01:04:29:	close file and end scan	 DONE
25/10/2025 01:04:29:	move motor	S18.axis2.piezo rotation to fit SUM PEAK60	0.346627reached 0.34663  DONE
25/10/2025 01:04:32:	END OF SCRIPT	 DONE
