22/09/2025 19:25:13:	start execution of script D:\data\Cycle 198\exp_3-16-19\rawdata\sc\rocking.sc	 DONE
22/09/2025 19:25:14:	move motor	S18.axis2.piezo rotation to -0.500768deg	 DONE
22/09/2025 19:25:17:	create file	D:\data\Cycle 198\exp_3-16-19\rawdata\sc\rocking_22Sep1925.dat	 DONE
room to enter remarks DONE
22/09/2025 19:25:18:	move motor	S18.axis2.piezo rotation to -0.400768deg	 DONE
22/09/2025 19:25:20:	1	count	time	3.000000s/cts	O Det=1	H Det=269	Mon Det=6809	Aux Det=11	O+H=281	 DONE
22/09/2025 19:25:26:	move motor	S18.axis2.piezo rotation to -0.400718deg	 DONE
22/09/2025 19:25:27:	2	count	time	3.000000s/cts	O Det=0	H Det=279	Mon Det=6837	Aux Det=5	O+H=284	 DONE
22/09/2025 19:25:32:	move motor	S18.axis2.piezo rotation to -0.400668deg	 DONE
22/09/2025 19:25:33:	3	count	time	3.000000s/cts	O Det=1	H Det=305	Mon Det=6712	Aux Det=11	O+H=317	 DONE
22/09/2025 19:25:39:	move motor	S18.axis2.piezo rotation to -0.400618deg	 DONE
22/09/2025 19:25:40:	4	count	time	3.000000s/cts	O Det=0	H Det=345	Mon Det=6605	Aux Det=9	O+H=354	 DONE
22/09/2025 19:25:45:	move motor	S18.axis2.piezo rotation to -0.400568deg	 DONE
22/09/2025 19:25:46:	5	count	time	3.000000s/cts	O Det=3	H Det=361	Mon Det=6711	Aux Det=9	O+H=373	 DONE
22/09/2025 19:25:51:	move motor	S18.axis2.piezo rotation to -0.400518deg	 DONE
22/09/2025 19:25:53:	6	count	time	3.000000s/cts	O Det=2	H Det=435	Mon Det=6601	Aux Det=14	O+H=451	 DONE
22/09/2025 19:25:58:	move motor	S18.axis2.piezo rotation to -0.400468deg	 DONE
22/09/2025 19:25:59:	7	count	time	3.000000s/cts	O Det=2	H Det=463	Mon Det=6638	Aux Det=11	O+H=476	 DONE
22/09/2025 19:26:04:	move motor	S18.axis2.piezo rotation to -0.400418deg	 DONE
22/09/2025 19:26:05:	8	count	time	3.000000s/cts	O Det=3	H Det=464	Mon Det=6700	Aux Det=12	O+H=479	 DONE
22/09/2025 19:26:10:	move motor	S18.axis2.piezo rotation to -0.400368deg	 DONE
22/09/2025 19:26:12:	9	count	time	3.000000s/cts	O Det=4	H Det=546	Mon Det=6600	Aux Det=19	O+H=569	 DONE
22/09/2025 19:26:17:	move motor	S18.axis2.piezo rotation to -0.400318deg	 DONE
22/09/2025 19:26:19:	10	count	time	3.000000s/cts	O Det=3	H Det=596	Mon Det=6743	Aux Det=19	O+H=618	 DONE
22/09/2025 19:26:24:	move motor	S18.axis2.piezo rotation to -0.400268deg	 DONE
22/09/2025 19:26:25:	11	count	time	3.000000s/cts	O Det=5	H Det=725	Mon Det=6765	Aux Det=23	O+H=753	 DONE
22/09/2025 19:26:30:	move motor	S18.axis2.piezo rotation to -0.400218deg	 DONE
22/09/2025 19:26:31:	12	count	time	3.000000s/cts	O Det=3	H Det=824	Mon Det=6817	Aux Det=22	O+H=849	 DONE
22/09/2025 19:26:36:	move motor	S18.axis2.piezo rotation to -0.400168deg	 DONE
22/09/2025 19:26:38:	13	count	time	3.000000s/cts	O Det=10	H Det=922	Mon Det=6693	Aux Det=19	O+H=951	 DONE
22/09/2025 19:26:43:	move motor	S18.axis2.piezo rotation to -0.400118deg	 DONE
22/09/2025 19:26:44:	14	count	time	3.000000s/cts	O Det=7	H Det=1064	Mon Det=6776	Aux Det=24	O+H=1095	 DONE
22/09/2025 19:26:49:	move motor	S18.axis2.piezo rotation to -0.400068deg	 DONE
22/09/2025 19:26:50:	15	count	time	3.000000s/cts	O Det=24	H Det=1186	Mon Det=6690	Aux Det=32	O+H=1242	 DONE
22/09/2025 19:26:56:	move motor	S18.axis2.piezo rotation to -0.400018deg	 DONE
22/09/2025 19:26:57:	16	count	time	3.000000s/cts	O Det=32	H Det=1377	Mon Det=6702	Aux Det=33	O+H=1442	 DONE
22/09/2025 19:27:02:	move motor	S18.axis2.piezo rotation to -0.399968deg	 DONE
22/09/2025 19:27:03:	17	count	time	3.000000s/cts	O Det=57	H Det=1627	Mon Det=6589	Aux Det=49	O+H=1733	 DONE
22/09/2025 19:27:08:	move motor	S18.axis2.piezo rotation to -0.399918deg	 DONE
22/09/2025 19:27:09:	18	count	time	3.000000s/cts	O Det=82	H Det=1807	Mon Det=6848	Aux Det=88	O+H=1977	 DONE
22/09/2025 19:27:14:	move motor	S18.axis2.piezo rotation to -0.399868deg	 DONE
22/09/2025 19:27:15:	19	count	time	3.000000s/cts	O Det=133	H Det=1909	Mon Det=6716	Aux Det=229	O+H=2271	 DONE
22/09/2025 19:27:20:	move motor	S18.axis2.piezo rotation to -0.399818deg	 DONE
22/09/2025 19:27:22:	20	count	time	3.000000s/cts	O Det=163	H Det=2211	Mon Det=6701	Aux Det=416	O+H=2790	 DONE
22/09/2025 19:27:27:	move motor	S18.axis2.piezo rotation to -0.399768deg	 DONE
22/09/2025 19:27:28:	21	count	time	3.000000s/cts	O Det=265	H Det=2510	Mon Det=6556	Aux Det=1223	O+H=3998	 DONE
22/09/2025 19:27:33:	move motor	S18.axis2.piezo rotation to -0.399718deg	 DONE
22/09/2025 19:27:34:	22	count	time	3.000000s/cts	O Det=353	H Det=2660	Mon Det=6718	Aux Det=2663	O+H=5676	 DONE
22/09/2025 19:27:39:	move motor	S18.axis2.piezo rotation to -0.399668deg	 DONE
22/09/2025 19:27:40:	23	count	time	3.000000s/cts	O Det=344	H Det=3099	Mon Det=6732	Aux Det=5152	O+H=8595	 DONE
22/09/2025 19:27:45:	move motor	S18.axis2.piezo rotation to -0.399618deg	 DONE
22/09/2025 19:27:47:	24	count	time	3.000000s/cts	O Det=390	H Det=2927	Mon Det=6788	Aux Det=5973	O+H=9290	 DONE
22/09/2025 19:27:52:	move motor	S18.axis2.piezo rotation to -0.399568deg	 DONE
22/09/2025 19:27:53:	25	count	time	3.000000s/cts	O Det=409	H Det=2971	Mon Det=6908	Aux Det=6295	O+H=9675	 DONE
22/09/2025 19:27:58:	move motor	S18.axis2.piezo rotation to -0.399518deg	 DONE
22/09/2025 19:27:59:	26	count	time	3.000000s/cts	O Det=393	H Det=3138	Mon Det=6737	Aux Det=6288	O+H=9819	 DONE
22/09/2025 19:28:04:	move motor	S18.axis2.piezo rotation to -0.399468deg	 DONE
22/09/2025 19:28:06:	27	count	time	3.000000s/cts	O Det=363	H Det=3076	Mon Det=6766	Aux Det=5692	O+H=9131	 DONE
22/09/2025 19:28:11:	move motor	S18.axis2.piezo rotation to -0.399418deg	 DONE
22/09/2025 19:28:12:	28	count	time	3.000000s/cts	O Det=298	H Det=2887	Mon Det=6790	Aux Det=4285	O+H=7470	 DONE
22/09/2025 19:28:17:	move motor	S18.axis2.piezo rotation to -0.399368deg	 DONE
22/09/2025 19:28:19:	29	count	time	3.000000s/cts	O Det=263	H Det=3033	Mon Det=6697	Aux Det=2278	O+H=5574	 DONE
22/09/2025 19:28:24:	move motor	S18.axis2.piezo rotation to -0.399318deg	 DONE
22/09/2025 19:28:26:	30	count	time	3.000000s/cts	O Det=166	H Det=2679	Mon Det=6528	Aux Det=748	O+H=3593	 DONE
22/09/2025 19:28:32:	move motor	S18.axis2.piezo rotation to -0.399268deg	 DONE
22/09/2025 19:28:33:	31	count	time	3.000000s/cts	O Det=128	H Det=2387	Mon Det=6726	Aux Det=379	O+H=2894	 DONE
22/09/2025 19:28:38:	move motor	S18.axis2.piezo rotation to -0.399218deg	 DONE
22/09/2025 19:28:39:	32	count	time	3.000000s/cts	O Det=72	H Det=2265	Mon Det=6735	Aux Det=176	O+H=2513	 DONE
22/09/2025 19:28:44:	move motor	S18.axis2.piezo rotation to -0.399168deg	 DONE
22/09/2025 19:28:46:	33	count	time	3.000000s/cts	O Det=56	H Det=1959	Mon Det=6712	Aux Det=100	O+H=2115	 DONE
22/09/2025 19:28:51:	move motor	S18.axis2.piezo rotation to -0.399118deg	 DONE
22/09/2025 19:28:52:	34	count	time	3.000000s/cts	O Det=42	H Det=1652	Mon Det=6750	Aux Det=62	O+H=1756	 DONE
22/09/2025 19:28:58:	move motor	S18.axis2.piezo rotation to -0.399068deg	 DONE
22/09/2025 19:28:59:	35	count	time	3.000000s/cts	O Det=23	H Det=1395	Mon Det=6758	Aux Det=38	O+H=1456	 DONE
22/09/2025 19:29:04:	move motor	S18.axis2.piezo rotation to -0.399018deg	 DONE
22/09/2025 19:29:05:	36	count	time	3.000000s/cts	O Det=22	H Det=1264	Mon Det=6750	Aux Det=44	O+H=1330	 DONE
22/09/2025 19:29:11:	move motor	S18.axis2.piezo rotation to -0.398968deg	 DONE
22/09/2025 19:29:12:	37	count	time	3.000000s/cts	O Det=8	H Det=993	Mon Det=6734	Aux Det=26	O+H=1027	 DONE
22/09/2025 19:29:17:	move motor	S18.axis2.piezo rotation to -0.398918deg	 DONE
22/09/2025 19:29:19:	38	count	time	3.000000s/cts	O Det=8	H Det=882	Mon Det=6882	Aux Det=15	O+H=905	 DONE
22/09/2025 19:29:24:	move motor	S18.axis2.piezo rotation to -0.398868deg	 DONE
22/09/2025 19:29:25:	39	count	time	3.000000s/cts	O Det=11	H Det=783	Mon Det=6855	Aux Det=19	O+H=813	 DONE
22/09/2025 19:29:30:	move motor	S18.axis2.piezo rotation to -0.398818deg	 DONE
22/09/2025 19:29:32:	40	count	time	3.000000s/cts	O Det=7	H Det=702	Mon Det=6754	Aux Det=19	O+H=728	 DONE
22/09/2025 19:29:37:	move motor	S18.axis2.piezo rotation to -0.398768deg	 DONE
22/09/2025 19:29:39:	41	count	time	3.000000s/cts	O Det=6	H Det=620	Mon Det=6801	Aux Det=14	O+H=640	 DONE
22/09/2025 19:29:44:	move motor	S18.axis2.piezo rotation to -0.398718deg	 DONE
22/09/2025 19:29:45:	42	count	time	3.000000s/cts	O Det=8	H Det=534	Mon Det=6690	Aux Det=15	O+H=557	 DONE
22/09/2025 19:29:50:	move motor	S18.axis2.piezo rotation to -0.398668deg	 DONE
22/09/2025 19:29:51:	43	count	time	3.000000s/cts	O Det=3	H Det=509	Mon Det=6828	Aux Det=11	O+H=523	 DONE
22/09/2025 19:29:57:	move motor	S18.axis2.piezo rotation to -0.398618deg	 DONE
22/09/2025 19:29:58:	44	count	time	3.000000s/cts	O Det=3	H Det=421	Mon Det=6624	Aux Det=13	O+H=437	 DONE
22/09/2025 19:30:03:	move motor	S18.axis2.piezo rotation to -0.398568deg	 DONE
22/09/2025 19:30:05:	45	count	time	3.000000s/cts	O Det=6	H Det=386	Mon Det=6874	Aux Det=10	O+H=402	 DONE
22/09/2025 19:30:10:	move motor	S18.axis2.piezo rotation to -0.398518deg	 DONE
22/09/2025 19:30:11:	46	count	time	3.000000s/cts	O Det=5	H Det=341	Mon Det=6658	Aux Det=10	O+H=356	 DONE
22/09/2025 19:30:16:	move motor	S18.axis2.piezo rotation to -0.398468deg	 DONE
22/09/2025 19:30:17:	47	count	time	3.000000s/cts	O Det=1	H Det=334	Mon Det=6648	Aux Det=7	O+H=342	 DONE
22/09/2025 19:30:22:	move motor	S18.axis2.piezo rotation to -0.398418deg	 DONE
22/09/2025 19:30:24:	48	count	time	3.000000s/cts	O Det=2	H Det=246	Mon Det=6692	Aux Det=7	O+H=255	 DONE
22/09/2025 19:30:29:	move motor	S18.axis2.piezo rotation to -0.398368deg	 DONE
22/09/2025 19:30:30:	49	count	time	3.000000s/cts	O Det=2	H Det=309	Mon Det=6783	Aux Det=5	O+H=316	 DONE
22/09/2025 19:30:35:	move motor	S18.axis2.piezo rotation to -0.398318deg	 DONE
22/09/2025 19:30:36:	50	count	time	3.000000s/cts	O Det=2	H Det=257	Mon Det=6788	Aux Det=9	O+H=268	 DONE
22/09/2025 19:30:41:	close file and end scan	saving D:\data\Cycle 198\exp_3-16-19\rawdata\sc\rocking_22Sep1925.tif  DONE
22/09/2025 19:30:42:	move motor	S18.axis2.piezo rotation to fit AUX PEAK60	-0.399560reached -0.39956  DONE
22/09/2025 19:30:45:	END OF SCRIPT	 DONE
