15/10/2025 21:54:33:	start execution of script D:\data\Cycle 198\exp_3-16-19\rawdata\sc\rocking.sc	 DONE
15/10/2025 21:54:33:	move motor	S18.axis2.piezo rotation to 0.246170deg	 DONE
15/10/2025 21:54:37:	create file	D:\data\Cycle 198\exp_3-16-19\rawdata\sc\rocking_15Oct2154.dat	 DONE
room to enter remarks DONE
15/10/2025 21:54:38:	move motor	S18.axis2.piezo rotation to 0.346170deg	 DONE
15/10/2025 21:54:42:	1	count	time	3.000000s/cts	O Det=0	H Det=15	Mon Det=7283	Aux Det=19	O+H=34	 DONE
15/10/2025 21:54:47:	move motor	S18.axis2.piezo rotation to 0.346230deg	 DONE
15/10/2025 21:54:48:	2	count	time	3.000000s/cts	O Det=0	H Det=29	Mon Det=7142	Aux Det=29	O+H=58	 DONE
15/10/2025 21:54:52:	move motor	S18.axis2.piezo rotation to 0.346290deg	 DONE
15/10/2025 21:54:53:	3	count	time	3.000000s/cts	O Det=0	H Det=13	Mon Det=7123	Aux Det=32	O+H=45	 DONE
15/10/2025 21:54:58:	move motor	S18.axis2.piezo rotation to 0.346350deg	 DONE
15/10/2025 21:54:59:	4	count	time	3.000000s/cts	O Det=3	H Det=14	Mon Det=7295	Aux Det=35	O+H=52	 DONE
15/10/2025 21:55:04:	move motor	S18.axis2.piezo rotation to 0.346410deg	 DONE
15/10/2025 21:55:05:	5	count	time	3.000000s/cts	O Det=1	H Det=23	Mon Det=7111	Aux Det=30	O+H=54	 DONE
15/10/2025 21:55:10:	move motor	S18.axis2.piezo rotation to 0.346470deg	 DONE
15/10/2025 21:55:11:	6	count	time	3.000000s/cts	O Det=0	H Det=22	Mon Det=7186	Aux Det=39	O+H=61	 DONE
15/10/2025 21:55:16:	move motor	S18.axis2.piezo rotation to 0.346530deg	 DONE
15/10/2025 21:55:17:	7	count	time	3.000000s/cts	O Det=0	H Det=27	Mon Det=7086	Aux Det=43	O+H=70	 DONE
15/10/2025 21:55:22:	move motor	S18.axis2.piezo rotation to 0.346590deg	 DONE
15/10/2025 21:55:23:	8	count	time	3.000000s/cts	O Det=2	H Det=40	Mon Det=7073	Aux Det=49	O+H=91	 DONE
15/10/2025 21:55:28:	move motor	S18.axis2.piezo rotation to 0.346650deg	 DONE
15/10/2025 21:55:29:	9	count	time	3.000000s/cts	O Det=4	H Det=38	Mon Det=7182	Aux Det=60	O+H=102	 DONE
15/10/2025 21:55:34:	move motor	S18.axis2.piezo rotation to 0.346710deg	 DONE
15/10/2025 21:55:35:	10	count	time	3.000000s/cts	O Det=6	H Det=40	Mon Det=7119	Aux Det=85	O+H=131	 DONE
15/10/2025 21:55:40:	move motor	S18.axis2.piezo rotation to 0.346770deg	 DONE
15/10/2025 21:55:41:	11	count	time	3.000000s/cts	O Det=4	H Det=55	Mon Det=7023	Aux Det=84	O+H=143	 DONE
15/10/2025 21:55:45:	move motor	S18.axis2.piezo rotation to 0.346830deg	 DONE
15/10/2025 21:55:47:	12	count	time	3.000000s/cts	O Det=16	H Det=88	Mon Det=7174	Aux Det=117	O+H=221	 DONE
15/10/2025 21:55:51:	move motor	S18.axis2.piezo rotation to 0.346890deg	 DONE
15/10/2025 21:55:53:	13	count	time	3.000000s/cts	O Det=14	H Det=89	Mon Det=7047	Aux Det=145	O+H=248	 DONE
15/10/2025 21:55:58:	move motor	S18.axis2.piezo rotation to 0.346950deg	 DONE
15/10/2025 21:55:59:	14	count	time	3.000000s/cts	O Det=10	H Det=105	Mon Det=7234	Aux Det=132	O+H=247	 DONE
15/10/2025 21:56:04:	move motor	S18.axis2.piezo rotation to 0.347010deg	 DONE
15/10/2025 21:56:05:	15	count	time	3.000000s/cts	O Det=25	H Det=91	Mon Det=7229	Aux Det=137	O+H=253	 DONE
15/10/2025 21:56:10:	move motor	S18.axis2.piezo rotation to 0.347070deg	 DONE
15/10/2025 21:56:11:	16	count	time	3.000000s/cts	O Det=19	H Det=127	Mon Det=7236	Aux Det=162	O+H=308	 DONE
15/10/2025 21:56:16:	move motor	S18.axis2.piezo rotation to 0.347130deg	 DONE
15/10/2025 21:56:17:	17	count	time	3.000000s/cts	O Det=50	H Det=153	Mon Det=6978	Aux Det=185	O+H=388	 DONE
15/10/2025 21:56:21:	move motor	S18.axis2.piezo rotation to 0.347190deg	 DONE
15/10/2025 21:56:23:	18	count	time	3.000000s/cts	O Det=65	H Det=206	Mon Det=7291	Aux Det=207	O+H=478	 DONE
15/10/2025 21:56:27:	move motor	S18.axis2.piezo rotation to 0.347250deg	 DONE
15/10/2025 21:56:28:	19	count	time	3.000000s/cts	O Det=94	H Det=280	Mon Det=7268	Aux Det=253	O+H=627	 DONE
15/10/2025 21:56:33:	move motor	S18.axis2.piezo rotation to 0.347310deg	 DONE
15/10/2025 21:56:34:	20	count	time	3.000000s/cts	O Det=121	H Det=375	Mon Det=7053	Aux Det=297	O+H=793	 DONE
15/10/2025 21:56:39:	move motor	S18.axis2.piezo rotation to 0.347370deg	 DONE
15/10/2025 21:56:40:	21	count	time	3.000000s/cts	O Det=119	H Det=444	Mon Det=7106	Aux Det=367	O+H=930	 DONE
15/10/2025 21:56:45:	move motor	S18.axis2.piezo rotation to 0.347430deg	 DONE
15/10/2025 21:56:46:	22	count	time	3.000000s/cts	O Det=128	H Det=506	Mon Det=7021	Aux Det=539	O+H=1173	 DONE
15/10/2025 21:56:51:	move motor	S18.axis2.piezo rotation to 0.347490deg	 DONE
15/10/2025 21:56:52:	23	count	time	3.000000s/cts	O Det=133	H Det=603	Mon Det=7067	Aux Det=525	O+H=1261	 DONE
15/10/2025 21:56:57:	move motor	S18.axis2.piezo rotation to 0.347550deg	 DONE
15/10/2025 21:56:58:	24	count	time	3.000000s/cts	O Det=129	H Det=640	Mon Det=7080	Aux Det=517	O+H=1286	 DONE
15/10/2025 21:57:03:	move motor	S18.axis2.piezo rotation to 0.347610deg	 DONE
15/10/2025 21:57:04:	25	count	time	3.000000s/cts	O Det=117	H Det=662	Mon Det=7146	Aux Det=440	O+H=1219	 DONE
15/10/2025 21:57:08:	move motor	S18.axis2.piezo rotation to 0.347670deg	 DONE
15/10/2025 21:57:09:	26	count	time	3.000000s/cts	O Det=84	H Det=612	Mon Det=7110	Aux Det=355	O+H=1051	 DONE
15/10/2025 21:57:14:	move motor	S18.axis2.piezo rotation to 0.347730deg	 DONE
15/10/2025 21:57:16:	27	count	time	3.000000s/cts	O Det=98	H Det=477	Mon Det=7092	Aux Det=263	O+H=838	 DONE
15/10/2025 21:57:20:	move motor	S18.axis2.piezo rotation to 0.347790deg	 DONE
15/10/2025 21:57:21:	28	count	time	3.000000s/cts	O Det=84	H Det=383	Mon Det=7119	Aux Det=186	O+H=653	 DONE
15/10/2025 21:57:26:	move motor	S18.axis2.piezo rotation to 0.347850deg	 DONE
15/10/2025 21:57:28:	29	count	time	3.000000s/cts	O Det=57	H Det=270	Mon Det=7052	Aux Det=156	O+H=483	 DONE
15/10/2025 21:57:32:	move motor	S18.axis2.piezo rotation to 0.347910deg	 DONE
15/10/2025 21:57:34:	30	count	time	3.000000s/cts	O Det=46	H Det=197	Mon Det=7051	Aux Det=179	O+H=422	 DONE
15/10/2025 21:57:38:	move motor	S18.axis2.piezo rotation to 0.347970deg	 DONE
15/10/2025 21:57:39:	31	count	time	3.000000s/cts	O Det=28	H Det=161	Mon Det=6974	Aux Det=120	O+H=309	 DONE
15/10/2025 21:57:44:	move motor	S18.axis2.piezo rotation to 0.348030deg	 DONE
15/10/2025 21:57:45:	32	count	time	3.000000s/cts	O Det=17	H Det=114	Mon Det=7154	Aux Det=123	O+H=254	 DONE
15/10/2025 21:57:50:	move motor	S18.axis2.piezo rotation to 0.348090deg	 DONE
15/10/2025 21:57:51:	33	count	time	3.000000s/cts	O Det=15	H Det=107	Mon Det=6965	Aux Det=115	O+H=237	 DONE
15/10/2025 21:57:56:	move motor	S18.axis2.piezo rotation to 0.348150deg	 DONE
15/10/2025 21:57:57:	34	count	time	3.000000s/cts	O Det=11	H Det=70	Mon Det=7197	Aux Det=97	O+H=178	 DONE
15/10/2025 21:58:02:	move motor	S18.axis2.piezo rotation to 0.348210deg	 DONE
15/10/2025 21:58:03:	35	count	time	3.000000s/cts	O Det=4	H Det=52	Mon Det=7024	Aux Det=86	O+H=142	 DONE
15/10/2025 21:58:08:	move motor	S18.axis2.piezo rotation to 0.348270deg	 DONE
15/10/2025 21:58:09:	36	count	time	3.000000s/cts	O Det=2	H Det=50	Mon Det=7104	Aux Det=82	O+H=134	 DONE
15/10/2025 21:58:14:	move motor	S18.axis2.piezo rotation to 0.348330deg	 DONE
15/10/2025 21:58:15:	37	count	time	3.000000s/cts	O Det=9	H Det=67	Mon Det=7162	Aux Det=62	O+H=138	 DONE
15/10/2025 21:58:20:	move motor	S18.axis2.piezo rotation to 0.348390deg	 DONE
15/10/2025 21:58:21:	38	count	time	3.000000s/cts	O Det=3	H Det=39	Mon Det=7160	Aux Det=55	O+H=97	 DONE
15/10/2025 21:58:26:	move motor	S18.axis2.piezo rotation to 0.348450deg	 DONE
15/10/2025 21:58:27:	39	count	time	3.000000s/cts	O Det=2	H Det=38	Mon Det=6932	Aux Det=48	O+H=88	 DONE
15/10/2025 21:58:31:	move motor	S18.axis2.piezo rotation to 0.348510deg	 DONE
15/10/2025 21:58:33:	40	count	time	3.000000s/cts	O Det=3	H Det=25	Mon Det=7236	Aux Det=35	O+H=63	 DONE
15/10/2025 21:58:37:	move motor	S18.axis2.piezo rotation to 0.348570deg	 DONE
15/10/2025 21:58:39:	41	count	time	3.000000s/cts	O Det=1	H Det=31	Mon Det=7135	Aux Det=46	O+H=78	 DONE
15/10/2025 21:58:43:	move motor	S18.axis2.piezo rotation to 0.348630deg	 DONE
15/10/2025 21:58:45:	42	count	time	3.000000s/cts	O Det=0	H Det=26	Mon Det=7173	Aux Det=35	O+H=61	 DONE
15/10/2025 21:58:49:	move motor	S18.axis2.piezo rotation to 0.348690deg	 DONE
15/10/2025 21:58:51:	43	count	time	3.000000s/cts	O Det=0	H Det=21	Mon Det=7076	Aux Det=29	O+H=50	 DONE
15/10/2025 21:58:55:	move motor	S18.axis2.piezo rotation to 0.348750deg	 DONE
15/10/2025 21:58:57:	44	count	time	3.000000s/cts	O Det=1	H Det=24	Mon Det=7281	Aux Det=28	O+H=53	 DONE
15/10/2025 21:59:01:	move motor	S18.axis2.piezo rotation to 0.348810deg	 DONE
15/10/2025 21:59:02:	45	count	time	3.000000s/cts	O Det=0	H Det=19	Mon Det=7125	Aux Det=22	O+H=41	 DONE
15/10/2025 21:59:07:	move motor	S18.axis2.piezo rotation to 0.348870deg	 DONE
15/10/2025 21:59:08:	46	count	time	3.000000s/cts	O Det=0	H Det=16	Mon Det=7071	Aux Det=23	O+H=39	 DONE
15/10/2025 21:59:13:	move motor	S18.axis2.piezo rotation to 0.348930deg	 DONE
15/10/2025 21:59:15:	47	count	time	3.000000s/cts	O Det=0	H Det=10	Mon Det=7015	Aux Det=20	O+H=30	 DONE
15/10/2025 21:59:19:	move motor	S18.axis2.piezo rotation to 0.348990deg	 DONE
15/10/2025 21:59:21:	48	count	time	3.000000s/cts	O Det=0	H Det=15	Mon Det=7092	Aux Det=20	O+H=35	 DONE
15/10/2025 21:59:25:	move motor	S18.axis2.piezo rotation to 0.349050deg	 DONE
15/10/2025 21:59:27:	49	count	time	3.000000s/cts	O Det=0	H Det=13	Mon Det=7209	Aux Det=23	O+H=36	 DONE
15/10/2025 21:59:31:	move motor	S18.axis2.piezo rotation to 0.349110deg	 DONE
15/10/2025 21:59:33:	50	count	time	3.000000s/cts	O Det=0	H Det=11	Mon Det=7094	Aux Det=12	O+H=23	 DONE
15/10/2025 21:59:37:	close file and end scan	 DONE
15/10/2025 21:59:38:	move motor	S18.axis2.piezo rotation to fit SUM PEAK60	0.347532reached 0.34754  DONE
15/10/2025 21:59:43:	END OF SCRIPT	 DONE
