09/10/2025 18:27:58:	start execution of script D:\data\Cycle 198\exp_3-16-19\rawdata\sc\rocking.sc	 DONE
09/10/2025 18:27:59:	move motor	S18.axis2.piezo rotation to 0.246215deg	 DONE
09/10/2025 18:28:01:	create file	D:\data\Cycle 198\exp_3-16-19\rawdata\sc\rocking_09Oct1828.dat	 DONE
room to enter remarks DONE
09/10/2025 18:28:03:	move motor	S18.axis2.piezo rotation to 0.346215deg	 DONE
09/10/2025 18:28:06:	1	count	time	3.000000s/cts	O Det=1	H Det=18	Mon Det=9159	Aux Det=22	O+H=41	 DONE
09/10/2025 18:28:11:	move motor	S18.axis2.piezo rotation to 0.346275deg	 DONE
09/10/2025 18:28:13:	2	count	time	3.000000s/cts	O Det=0	H Det=11	Mon Det=9263	Aux Det=23	O+H=34	 DONE
09/10/2025 18:28:17:	move motor	S18.axis2.piezo rotation to 0.346335deg	 DONE
09/10/2025 18:28:18:	3	count	time	3.000000s/cts	O Det=2	H Det=10	Mon Det=9284	Aux Det=27	O+H=39	 DONE
09/10/2025 18:28:22:	move motor	S18.axis2.piezo rotation to 0.346395deg	 DONE
09/10/2025 18:28:24:	4	count	time	3.000000s/cts	O Det=0	H Det=20	Mon Det=9291	Aux Det=28	O+H=48	 DONE
09/10/2025 18:28:29:	move motor	S18.axis2.piezo rotation to 0.346455deg	 DONE
09/10/2025 18:28:30:	5	count	time	3.000000s/cts	O Det=1	H Det=19	Mon Det=9393	Aux Det=24	O+H=44	 DONE
09/10/2025 18:28:35:	move motor	S18.axis2.piezo rotation to 0.346515deg	 DONE
09/10/2025 18:28:36:	6	count	time	3.000000s/cts	O Det=0	H Det=36	Mon Det=9247	Aux Det=24	O+H=60	 DONE
09/10/2025 18:28:41:	move motor	S18.axis2.piezo rotation to 0.346575deg	 DONE
09/10/2025 18:28:42:	7	count	time	3.000000s/cts	O Det=1	H Det=23	Mon Det=9154	Aux Det=28	O+H=52	 DONE
09/10/2025 18:28:47:	move motor	S18.axis2.piezo rotation to 0.346635deg	 DONE
09/10/2025 18:28:48:	8	count	time	3.000000s/cts	O Det=0	H Det=32	Mon Det=9364	Aux Det=39	O+H=71	 DONE
09/10/2025 18:28:53:	move motor	S18.axis2.piezo rotation to 0.346695deg	 DONE
09/10/2025 18:28:54:	9	count	time	3.000000s/cts	O Det=1	H Det=29	Mon Det=9054	Aux Det=35	O+H=65	 DONE
09/10/2025 18:28:59:	move motor	S18.axis2.piezo rotation to 0.346755deg	 DONE
09/10/2025 18:29:00:	10	count	time	3.000000s/cts	O Det=1	H Det=33	Mon Det=9138	Aux Det=50	O+H=84	 DONE
09/10/2025 18:29:05:	move motor	S18.axis2.piezo rotation to 0.346815deg	 DONE
09/10/2025 18:29:06:	11	count	time	3.000000s/cts	O Det=3	H Det=33	Mon Det=9195	Aux Det=50	O+H=86	 DONE
09/10/2025 18:29:10:	move motor	S18.axis2.piezo rotation to 0.346875deg	 DONE
09/10/2025 18:29:11:	12	count	time	3.000000s/cts	O Det=1	H Det=39	Mon Det=9366	Aux Det=58	O+H=98	 DONE
09/10/2025 18:29:16:	move motor	S18.axis2.piezo rotation to 0.346935deg	 DONE
09/10/2025 18:29:17:	13	count	time	3.000000s/cts	O Det=1	H Det=37	Mon Det=9263	Aux Det=62	O+H=100	 DONE
09/10/2025 18:29:22:	move motor	S18.axis2.piezo rotation to 0.346995deg	 DONE
09/10/2025 18:29:23:	14	count	time	3.000000s/cts	O Det=5	H Det=55	Mon Det=9126	Aux Det=77	O+H=137	 DONE
09/10/2025 18:29:28:	move motor	S18.axis2.piezo rotation to 0.347055deg	 DONE
09/10/2025 18:29:29:	15	count	time	3.000000s/cts	O Det=19	H Det=79	Mon Det=9170	Aux Det=93	O+H=191	 DONE
09/10/2025 18:29:33:	move motor	S18.axis2.piezo rotation to 0.347115deg	 DONE
09/10/2025 18:29:35:	16	count	time	3.000000s/cts	O Det=48	H Det=92	Mon Det=9359	Aux Det=128	O+H=268	 DONE
09/10/2025 18:29:39:	move motor	S18.axis2.piezo rotation to 0.347175deg	 DONE
09/10/2025 18:29:41:	17	count	time	3.000000s/cts	O Det=21	H Det=78	Mon Det=9115	Aux Det=129	O+H=228	 DONE
09/10/2025 18:29:45:	move motor	S18.axis2.piezo rotation to 0.347235deg	 DONE
09/10/2025 18:29:47:	18	count	time	3.000000s/cts	O Det=9	H Det=107	Mon Det=9210	Aux Det=140	O+H=256	 DONE
09/10/2025 18:29:52:	move motor	S18.axis2.piezo rotation to 0.347295deg	 DONE
09/10/2025 18:29:54:	19	count	time	3.000000s/cts	O Det=20	H Det=145	Mon Det=9112	Aux Det=150	O+H=315	 DONE
09/10/2025 18:29:58:	move motor	S18.axis2.piezo rotation to 0.347355deg	 DONE
09/10/2025 18:29:59:	20	count	time	3.000000s/cts	O Det=17	H Det=146	Mon Det=9337	Aux Det=204	O+H=367	 DONE
09/10/2025 18:30:04:	move motor	S18.axis2.piezo rotation to 0.347415deg	 DONE
09/10/2025 18:30:06:	21	count	time	3.000000s/cts	O Det=25	H Det=164	Mon Det=9137	Aux Det=298	O+H=487	 DONE
09/10/2025 18:30:11:	move motor	S18.axis2.piezo rotation to 0.347475deg	 DONE
09/10/2025 18:30:12:	22	count	time	3.000000s/cts	O Det=51	H Det=249	Mon Det=9343	Aux Det=351	O+H=651	 DONE
09/10/2025 18:30:17:	move motor	S18.axis2.piezo rotation to 0.347535deg	 DONE
09/10/2025 18:30:18:	23	count	time	3.000000s/cts	O Det=68	H Det=293	Mon Det=9205	Aux Det=443	O+H=804	 DONE
09/10/2025 18:30:23:	move motor	S18.axis2.piezo rotation to 0.347595deg	 DONE
09/10/2025 18:30:26:	24	count	time	3.000000s/cts	O Det=71	H Det=318	Mon Det=9124	Aux Det=632	O+H=1021	 DONE
09/10/2025 18:30:31:	move motor	S18.axis2.piezo rotation to 0.347655deg	 DONE
09/10/2025 18:30:32:	25	count	time	3.000000s/cts	O Det=97	H Det=342	Mon Det=9172	Aux Det=805	O+H=1244	 DONE
09/10/2025 18:30:37:	move motor	S18.axis2.piezo rotation to 0.347715deg	 DONE
09/10/2025 18:30:38:	26	count	time	3.000000s/cts	O Det=93	H Det=447	Mon Det=9228	Aux Det=936	O+H=1476	 DONE
09/10/2025 18:30:42:	move motor	S18.axis2.piezo rotation to 0.347775deg	 DONE
09/10/2025 18:30:44:	27	count	time	3.000000s/cts	O Det=114	H Det=485	Mon Det=9225	Aux Det=857	O+H=1456	 DONE
09/10/2025 18:30:48:	move motor	S18.axis2.piezo rotation to 0.347835deg	 DONE
09/10/2025 18:30:50:	28	count	time	3.000000s/cts	O Det=113	H Det=517	Mon Det=9092	Aux Det=834	O+H=1464	 DONE
09/10/2025 18:30:54:	move motor	S18.axis2.piezo rotation to 0.347895deg	 DONE
09/10/2025 18:30:56:	29	count	time	3.000000s/cts	O Det=95	H Det=505	Mon Det=9468	Aux Det=643	O+H=1243	 DONE
09/10/2025 18:31:01:	move motor	S18.axis2.piezo rotation to 0.347955deg	 DONE
09/10/2025 18:31:02:	30	count	time	3.000000s/cts	O Det=71	H Det=443	Mon Det=9346	Aux Det=468	O+H=982	 DONE
09/10/2025 18:31:06:	move motor	S18.axis2.piezo rotation to 0.348015deg	 DONE
09/10/2025 18:31:08:	31	count	time	3.000000s/cts	O Det=77	H Det=347	Mon Det=9343	Aux Det=344	O+H=768	 DONE
09/10/2025 18:31:13:	move motor	S18.axis2.piezo rotation to 0.348075deg	 DONE
09/10/2025 18:31:14:	32	count	time	3.000000s/cts	O Det=68	H Det=233	Mon Det=9115	Aux Det=289	O+H=590	 DONE
09/10/2025 18:31:19:	move motor	S18.axis2.piezo rotation to 0.348135deg	 DONE
09/10/2025 18:31:20:	33	count	time	3.000000s/cts	O Det=41	H Det=186	Mon Det=9052	Aux Det=203	O+H=430	 DONE
09/10/2025 18:31:25:	move motor	S18.axis2.piezo rotation to 0.348195deg	 DONE
09/10/2025 18:31:26:	34	count	time	3.000000s/cts	O Det=23	H Det=142	Mon Det=9176	Aux Det=163	O+H=328	 DONE
09/10/2025 18:31:31:	move motor	S18.axis2.piezo rotation to 0.348255deg	 DONE
09/10/2025 18:31:32:	35	count	time	3.000000s/cts	O Det=28	H Det=125	Mon Det=9417	Aux Det=163	O+H=316	 DONE
09/10/2025 18:31:36:	move motor	S18.axis2.piezo rotation to 0.348315deg	 DONE
09/10/2025 18:31:37:	36	count	time	3.000000s/cts	O Det=14	H Det=102	Mon Det=9156	Aux Det=121	O+H=237	 DONE
09/10/2025 18:31:42:	move motor	S18.axis2.piezo rotation to 0.348375deg	 DONE
09/10/2025 18:31:43:	37	count	time	3.000000s/cts	O Det=9	H Det=88	Mon Det=9234	Aux Det=107	O+H=204	 DONE
09/10/2025 18:31:48:	move motor	S18.axis2.piezo rotation to 0.348435deg	 DONE
09/10/2025 18:31:49:	38	count	time	3.000000s/cts	O Det=9	H Det=77	Mon Det=9201	Aux Det=108	O+H=194	 DONE
09/10/2025 18:31:54:	move motor	S18.axis2.piezo rotation to 0.348495deg	 DONE
09/10/2025 18:31:55:	39	count	time	3.000000s/cts	O Det=6	H Det=70	Mon Det=9186	Aux Det=66	O+H=142	 DONE
09/10/2025 18:32:00:	move motor	S18.axis2.piezo rotation to 0.348555deg	 DONE
09/10/2025 18:32:01:	40	count	time	3.000000s/cts	O Det=3	H Det=63	Mon Det=9239	Aux Det=63	O+H=129	 DONE
09/10/2025 18:32:06:	move motor	S18.axis2.piezo rotation to 0.348615deg	 DONE
09/10/2025 18:32:07:	41	count	time	3.000000s/cts	O Det=2	H Det=47	Mon Det=9126	Aux Det=69	O+H=118	 DONE
09/10/2025 18:32:12:	move motor	S18.axis2.piezo rotation to 0.348675deg	 DONE
09/10/2025 18:32:13:	42	count	time	3.000000s/cts	O Det=2	H Det=33	Mon Det=9299	Aux Det=32	O+H=67	 DONE
09/10/2025 18:32:18:	move motor	S18.axis2.piezo rotation to 0.348735deg	 DONE
09/10/2025 18:32:19:	43	count	time	3.000000s/cts	O Det=3	H Det=32	Mon Det=9223	Aux Det=43	O+H=78	 DONE
09/10/2025 18:32:24:	move motor	S18.axis2.piezo rotation to 0.348795deg	 DONE
09/10/2025 18:32:25:	44	count	time	3.000000s/cts	O Det=2	H Det=34	Mon Det=9354	Aux Det=39	O+H=75	 DONE
09/10/2025 18:32:30:	move motor	S18.axis2.piezo rotation to 0.348855deg	 DONE
09/10/2025 18:32:31:	45	count	time	3.000000s/cts	O Det=2	H Det=13	Mon Det=9284	Aux Det=30	O+H=45	 DONE
09/10/2025 18:32:36:	move motor	S18.axis2.piezo rotation to 0.348915deg	 DONE
09/10/2025 18:32:37:	46	count	time	3.000000s/cts	O Det=1	H Det=24	Mon Det=9358	Aux Det=31	O+H=56	 DONE
09/10/2025 18:32:42:	move motor	S18.axis2.piezo rotation to 0.348975deg	 DONE
09/10/2025 18:32:44:	47	count	time	3.000000s/cts	O Det=2	H Det=33	Mon Det=9236	Aux Det=36	O+H=71	 DONE
09/10/2025 18:32:48:	move motor	S18.axis2.piezo rotation to 0.349035deg	 DONE
09/10/2025 18:32:49:	48	count	time	3.000000s/cts	O Det=2	H Det=20	Mon Det=9293	Aux Det=26	O+H=48	 DONE
09/10/2025 18:32:54:	move motor	S18.axis2.piezo rotation to 0.349095deg	 DONE
09/10/2025 18:32:55:	49	count	time	3.000000s/cts	O Det=0	H Det=19	Mon Det=9370	Aux Det=15	O+H=34	 DONE
09/10/2025 18:33:00:	move motor	S18.axis2.piezo rotation to 0.349155deg	 DONE
09/10/2025 18:33:01:	50	count	time	3.000000s/cts	O Det=1	H Det=18	Mon Det=9192	Aux Det=32	O+H=51	 DONE
09/10/2025 18:33:05:	move motor	S18.axis2.piezo rotation to 0.349215deg	 DONE
09/10/2025 18:33:06:	51	count	time	3.000000s/cts	O Det=0	H Det=17	Mon Det=9210	Aux Det=24	O+H=41	 DONE
09/10/2025 18:33:11:	move motor	S18.axis2.piezo rotation to 0.349275deg	 DONE
09/10/2025 18:33:12:	52	count	time	3.000000s/cts	O Det=0	H Det=15	Mon Det=9119	Aux Det=19	O+H=34	 DONE
09/10/2025 18:33:17:	move motor	S18.axis2.piezo rotation to 0.349335deg	 DONE
09/10/2025 18:33:18:	53	count	time	3.000000s/cts	O Det=0	H Det=12	Mon Det=9355	Aux Det=20	O+H=32	 DONE
09/10/2025 18:33:23:	move motor	S18.axis2.piezo rotation to 0.349395deg	 DONE
09/10/2025 18:33:25:	54	count	time	3.000000s/cts	O Det=0	H Det=17	Mon Det=9242	Aux Det=15	O+H=32	 DONE
09/10/2025 18:33:29:	move motor	S18.axis2.piezo rotation to 0.349455deg	 DONE
09/10/2025 18:33:31:	55	count	time	3.000000s/cts	O Det=0	H Det=15	Mon Det=9024	Aux Det=20	O+H=35	 DONE
09/10/2025 18:33:36:	move motor	S18.axis2.piezo rotation to 0.349515deg	 DONE
09/10/2025 18:33:37:	56	count	time	3.000000s/cts	O Det=0	H Det=9	Mon Det=9183	Aux Det=19	O+H=28	 DONE
09/10/2025 18:33:41:	move motor	S18.axis2.piezo rotation to 0.349575deg	 DONE
09/10/2025 18:33:43:	57	count	time	3.000000s/cts	O Det=0	H Det=15	Mon Det=9204	Aux Det=20	O+H=35	 DONE
09/10/2025 18:33:48:	move motor	S18.axis2.piezo rotation to 0.349635deg	 DONE
09/10/2025 18:33:49:	58	count	time	3.000000s/cts	O Det=1	H Det=11	Mon Det=9274	Aux Det=14	O+H=26	 DONE
09/10/2025 18:33:54:	move motor	S18.axis2.piezo rotation to 0.349695deg	 DONE
09/10/2025 18:33:55:	59	count	time	3.000000s/cts	O Det=0	H Det=12	Mon Det=9274	Aux Det=11	O+H=23	 DONE
09/10/2025 18:34:00:	move motor	S18.axis2.piezo rotation to 0.349755deg	 DONE
09/10/2025 18:34:01:	60	count	time	3.000000s/cts	O Det=0	H Det=7	Mon Det=9158	Aux Det=7	O+H=14	 DONE
09/10/2025 18:34:06:	close file and end scan	 DONE
09/10/2025 18:34:07:	move motor	S18.axis2.piezo rotation to fit SUM PEAK60	0.347772reached 0.34777  DONE
09/10/2025 18:34:11:	END OF SCRIPT	 DONE
