03/10/2025 16:03:29:	start execution of script D:\data\Cycle 198\exp_3-16-19\rawdata\sc\rocking.sc	 DONE
03/10/2025 16:03:29:	move motor	S18.axis2.piezo rotation to -0.246770deg	 DONE
03/10/2025 16:03:33:	create file	D:\data\Cycle 198\exp_3-16-19\rawdata\sc\rocking_03Oct1603.dat	 DONE
room to enter remarks DONE
03/10/2025 16:03:34:	move motor	S18.axis2.piezo rotation to -0.146770deg	 DONE
03/10/2025 16:03:37:	1	count	time	5.000000s/cts	O Det=0	H Det=24	Mon Det=11501	Aux Det=30	O+H=54	 DONE
03/10/2025 16:03:44:	move motor	S18.axis2.piezo rotation to -0.146710deg	 DONE
03/10/2025 16:03:45:	2	count	time	5.000000s/cts	O Det=2	H Det=33	Mon Det=11600	Aux Det=37	O+H=72	 DONE
03/10/2025 16:03:52:	move motor	S18.axis2.piezo rotation to -0.146650deg	 DONE
03/10/2025 16:03:53:	3	count	time	5.000000s/cts	O Det=1	H Det=28	Mon Det=11444	Aux Det=48	O+H=77	 DONE
03/10/2025 16:04:00:	move motor	S18.axis2.piezo rotation to -0.146590deg	 DONE
03/10/2025 16:04:01:	4	count	time	5.000000s/cts	O Det=1	H Det=24	Mon Det=11431	Aux Det=33	O+H=58	 DONE
03/10/2025 16:04:08:	move motor	S18.axis2.piezo rotation to -0.146530deg	 DONE
03/10/2025 16:04:09:	5	count	time	5.000000s/cts	O Det=2	H Det=35	Mon Det=11473	Aux Det=32	O+H=69	 DONE
03/10/2025 16:04:16:	move motor	S18.axis2.piezo rotation to -0.146470deg	 DONE
03/10/2025 16:04:17:	6	count	time	5.000000s/cts	O Det=0	H Det=51	Mon Det=11447	Aux Det=30	O+H=81	 DONE
03/10/2025 16:04:24:	move motor	S18.axis2.piezo rotation to -0.146410deg	 DONE
03/10/2025 16:04:25:	7	count	time	5.000000s/cts	O Det=1	H Det=40	Mon Det=11403	Aux Det=52	O+H=93	 DONE
03/10/2025 16:04:31:	move motor	S18.axis2.piezo rotation to -0.146350deg	 DONE
03/10/2025 16:04:33:	8	count	time	5.000000s/cts	O Det=4	H Det=35	Mon Det=11405	Aux Det=56	O+H=95	 DONE
03/10/2025 16:04:39:	move motor	S18.axis2.piezo rotation to -0.146290deg	 DONE
03/10/2025 16:04:40:	9	count	time	5.000000s/cts	O Det=3	H Det=51	Mon Det=11371	Aux Det=59	O+H=113	 DONE
03/10/2025 16:04:47:	move motor	S18.axis2.piezo rotation to -0.146230deg	 DONE
03/10/2025 16:04:48:	10	count	time	5.000000s/cts	O Det=2	H Det=66	Mon Det=11631	Aux Det=62	O+H=130	 DONE
03/10/2025 16:04:55:	move motor	S18.axis2.piezo rotation to -0.146170deg	 DONE
03/10/2025 16:04:56:	11	count	time	5.000000s/cts	O Det=4	H Det=66	Mon Det=11582	Aux Det=74	O+H=144	 DONE
03/10/2025 16:05:03:	move motor	S18.axis2.piezo rotation to -0.146110deg	 DONE
03/10/2025 16:05:04:	12	count	time	5.000000s/cts	O Det=3	H Det=59	Mon Det=11704	Aux Det=65	O+H=127	 DONE
03/10/2025 16:05:10:	move motor	S18.axis2.piezo rotation to -0.146050deg	 DONE
03/10/2025 16:05:12:	13	count	time	5.000000s/cts	O Det=4	H Det=90	Mon Det=11528	Aux Det=70	O+H=164	 DONE
03/10/2025 16:05:18:	move motor	S18.axis2.piezo rotation to -0.145990deg	 DONE
03/10/2025 16:05:19:	14	count	time	5.000000s/cts	O Det=6	H Det=114	Mon Det=11603	Aux Det=119	O+H=239	 DONE
03/10/2025 16:05:26:	move motor	S18.axis2.piezo rotation to -0.145930deg	 DONE
03/10/2025 16:05:27:	15	count	time	5.000000s/cts	O Det=11	H Det=135	Mon Det=11590	Aux Det=130	O+H=276	 DONE
03/10/2025 16:05:34:	move motor	S18.axis2.piezo rotation to -0.145870deg	 DONE
03/10/2025 16:05:35:	16	count	time	5.000000s/cts	O Det=25	H Det=142	Mon Det=11368	Aux Det=164	O+H=331	 DONE
03/10/2025 16:05:42:	move motor	S18.axis2.piezo rotation to -0.145810deg	 DONE
03/10/2025 16:05:43:	17	count	time	5.000000s/cts	O Det=19	H Det=189	Mon Det=11376	Aux Det=205	O+H=413	 DONE
03/10/2025 16:05:50:	move motor	S18.axis2.piezo rotation to -0.145750deg	 DONE
03/10/2025 16:05:51:	18	count	time	5.000000s/cts	O Det=27	H Det=212	Mon Det=11558	Aux Det=203	O+H=442	 DONE
03/10/2025 16:05:58:	move motor	S18.axis2.piezo rotation to -0.145690deg	 DONE
03/10/2025 16:05:59:	19	count	time	5.000000s/cts	O Det=27	H Det=233	Mon Det=11650	Aux Det=219	O+H=479	 DONE
03/10/2025 16:06:05:	move motor	S18.axis2.piezo rotation to -0.145630deg	 DONE
03/10/2025 16:06:06:	20	count	time	5.000000s/cts	O Det=32	H Det=255	Mon Det=11554	Aux Det=296	O+H=583	 DONE
03/10/2025 16:06:13:	move motor	S18.axis2.piezo rotation to -0.145570deg	 DONE
03/10/2025 16:06:14:	21	count	time	5.000000s/cts	O Det=65	H Det=283	Mon Det=11505	Aux Det=343	O+H=691	 DONE
03/10/2025 16:06:21:	move motor	S18.axis2.piezo rotation to -0.145510deg	 DONE
03/10/2025 16:06:22:	22	count	time	5.000000s/cts	O Det=80	H Det=352	Mon Det=11495	Aux Det=387	O+H=819	 DONE
03/10/2025 16:06:29:	move motor	S18.axis2.piezo rotation to -0.145450deg	 DONE
03/10/2025 16:06:30:	23	count	time	5.000000s/cts	O Det=114	H Det=422	Mon Det=11320	Aux Det=457	O+H=993	 DONE
03/10/2025 16:06:37:	move motor	S18.axis2.piezo rotation to -0.145390deg	 DONE
03/10/2025 16:06:38:	24	count	time	5.000000s/cts	O Det=168	H Det=437	Mon Det=11562	Aux Det=453	O+H=1058	 DONE
03/10/2025 16:06:45:	move motor	S18.axis2.piezo rotation to -0.145330deg	 DONE
03/10/2025 16:06:46:	25	count	time	5.000000s/cts	O Det=205	H Det=518	Mon Det=11451	Aux Det=523	O+H=1246	 DONE
03/10/2025 16:06:52:	move motor	S18.axis2.piezo rotation to -0.145270deg	 DONE
03/10/2025 16:06:54:	26	count	time	5.000000s/cts	O Det=241	H Det=501	Mon Det=11623	Aux Det=529	O+H=1271	 DONE
03/10/2025 16:07:00:	move motor	S18.axis2.piezo rotation to -0.145210deg	 DONE
03/10/2025 16:07:01:	27	count	time	5.000000s/cts	O Det=253	H Det=489	Mon Det=11550	Aux Det=538	O+H=1280	 DONE
03/10/2025 16:07:08:	move motor	S18.axis2.piezo rotation to -0.145150deg	 DONE
03/10/2025 16:07:09:	28	count	time	5.000000s/cts	O Det=298	H Det=482	Mon Det=11541	Aux Det=507	O+H=1287	 DONE
03/10/2025 16:07:16:	move motor	S18.axis2.piezo rotation to -0.145090deg	 DONE
03/10/2025 16:07:17:	29	count	time	5.000000s/cts	O Det=279	H Det=449	Mon Det=11495	Aux Det=522	O+H=1250	 DONE
03/10/2025 16:07:24:	move motor	S18.axis2.piezo rotation to -0.145030deg	 DONE
03/10/2025 16:07:25:	30	count	time	5.000000s/cts	O Det=298	H Det=422	Mon Det=11600	Aux Det=483	O+H=1203	 DONE
03/10/2025 16:07:31:	move motor	S18.axis2.piezo rotation to -0.144970deg	 DONE
03/10/2025 16:07:32:	31	count	time	5.000000s/cts	O Det=248	H Det=454	Mon Det=11409	Aux Det=465	O+H=1167	 DONE
03/10/2025 16:07:39:	move motor	S18.axis2.piezo rotation to -0.144910deg	 DONE
03/10/2025 16:07:40:	32	count	time	5.000000s/cts	O Det=196	H Det=409	Mon Det=11641	Aux Det=494	O+H=1099	 DONE
03/10/2025 16:07:47:	move motor	S18.axis2.piezo rotation to -0.144850deg	 DONE
03/10/2025 16:07:48:	33	count	time	5.000000s/cts	O Det=188	H Det=386	Mon Det=11585	Aux Det=390	O+H=964	 DONE
03/10/2025 16:07:55:	move motor	S18.axis2.piezo rotation to -0.144790deg	 DONE
03/10/2025 16:07:56:	34	count	time	5.000000s/cts	O Det=143	H Det=316	Mon Det=11623	Aux Det=398	O+H=857	 DONE
03/10/2025 16:08:03:	move motor	S18.axis2.piezo rotation to -0.144730deg	 DONE
03/10/2025 16:08:04:	35	count	time	5.000000s/cts	O Det=112	H Det=263	Mon Det=11457	Aux Det=334	O+H=709	 DONE
03/10/2025 16:08:11:	move motor	S18.axis2.piezo rotation to -0.144670deg	 DONE
03/10/2025 16:08:12:	36	count	time	5.000000s/cts	O Det=89	H Det=255	Mon Det=11329	Aux Det=271	O+H=615	 DONE
03/10/2025 16:08:18:	move motor	S18.axis2.piezo rotation to -0.144610deg	 DONE
03/10/2025 16:08:19:	37	count	time	5.000000s/cts	O Det=53	H Det=209	Mon Det=11547	Aux Det=264	O+H=526	 DONE
03/10/2025 16:08:26:	move motor	S18.axis2.piezo rotation to -0.144550deg	 DONE
03/10/2025 16:08:27:	38	count	time	5.000000s/cts	O Det=26	H Det=209	Mon Det=11658	Aux Det=181	O+H=416	 DONE
03/10/2025 16:08:34:	move motor	S18.axis2.piezo rotation to -0.144490deg	 DONE
03/10/2025 16:08:35:	39	count	time	5.000000s/cts	O Det=18	H Det=130	Mon Det=11592	Aux Det=174	O+H=322	 DONE
03/10/2025 16:08:42:	move motor	S18.axis2.piezo rotation to -0.144430deg	 DONE
03/10/2025 16:08:43:	40	count	time	5.000000s/cts	O Det=10	H Det=143	Mon Det=11532	Aux Det=138	O+H=291	 DONE
03/10/2025 16:08:50:	move motor	S18.axis2.piezo rotation to -0.144370deg	 DONE
03/10/2025 16:08:51:	41	count	time	5.000000s/cts	O Det=9	H Det=141	Mon Det=11578	Aux Det=141	O+H=291	 DONE
03/10/2025 16:08:58:	move motor	S18.axis2.piezo rotation to -0.144310deg	 DONE
03/10/2025 16:08:59:	42	count	time	5.000000s/cts	O Det=7	H Det=99	Mon Det=11530	Aux Det=114	O+H=220	 DONE
03/10/2025 16:09:06:	move motor	S18.axis2.piezo rotation to -0.144250deg	 DONE
03/10/2025 16:09:07:	43	count	time	5.000000s/cts	O Det=6	H Det=93	Mon Det=11643	Aux Det=86	O+H=185	 DONE
03/10/2025 16:09:13:	move motor	S18.axis2.piezo rotation to -0.144190deg	 DONE
03/10/2025 16:09:15:	44	count	time	5.000000s/cts	O Det=4	H Det=85	Mon Det=11582	Aux Det=73	O+H=162	 DONE
03/10/2025 16:09:22:	move motor	S18.axis2.piezo rotation to -0.144130deg	 DONE
03/10/2025 16:09:23:	45	count	time	5.000000s/cts	O Det=6	H Det=61	Mon Det=11554	Aux Det=82	O+H=149	 DONE
03/10/2025 16:09:30:	move motor	S18.axis2.piezo rotation to -0.144070deg	 DONE
03/10/2025 16:09:31:	46	count	time	5.000000s/cts	O Det=1	H Det=66	Mon Det=11710	Aux Det=55	O+H=122	 DONE
03/10/2025 16:09:38:	move motor	S18.axis2.piezo rotation to -0.144010deg	 DONE
03/10/2025 16:09:39:	47	count	time	5.000000s/cts	O Det=5	H Det=56	Mon Det=11555	Aux Det=63	O+H=124	 DONE
03/10/2025 16:09:45:	move motor	S18.axis2.piezo rotation to -0.143950deg	 DONE
03/10/2025 16:09:47:	48	count	time	5.000000s/cts	O Det=0	H Det=49	Mon Det=11548	Aux Det=49	O+H=98	 DONE
03/10/2025 16:09:54:	move motor	S18.axis2.piezo rotation to -0.143890deg	 DONE
03/10/2025 16:09:55:	49	count	time	5.000000s/cts	O Det=2	H Det=51	Mon Det=11565	Aux Det=41	O+H=94	 DONE
03/10/2025 16:10:01:	move motor	S18.axis2.piezo rotation to -0.143830deg	 DONE
03/10/2025 16:10:02:	50	count	time	5.000000s/cts	O Det=3	H Det=46	Mon Det=11411	Aux Det=55	O+H=104	 DONE
03/10/2025 16:10:09:	move motor	S18.axis2.piezo rotation to -0.143770deg	 DONE
03/10/2025 16:10:10:	51	count	time	5.000000s/cts	O Det=1	H Det=37	Mon Det=11629	Aux Det=35	O+H=73	 DONE
03/10/2025 16:10:17:	move motor	S18.axis2.piezo rotation to -0.143710deg	 DONE
03/10/2025 16:10:18:	52	count	time	5.000000s/cts	O Det=0	H Det=48	Mon Det=11539	Aux Det=32	O+H=80	 DONE
03/10/2025 16:10:24:	move motor	S18.axis2.piezo rotation to -0.143650deg	 DONE
03/10/2025 16:10:26:	53	count	time	5.000000s/cts	O Det=2	H Det=26	Mon Det=11734	Aux Det=40	O+H=68	 DONE
03/10/2025 16:10:32:	move motor	S18.axis2.piezo rotation to -0.143590deg	 DONE
03/10/2025 16:10:33:	54	count	time	5.000000s/cts	O Det=0	H Det=29	Mon Det=11598	Aux Det=31	O+H=60	 DONE
03/10/2025 16:10:40:	move motor	S18.axis2.piezo rotation to -0.143530deg	 DONE
03/10/2025 16:10:42:	55	count	time	5.000000s/cts	O Det=0	H Det=23	Mon Det=11458	Aux Det=28	O+H=51	 DONE
03/10/2025 16:10:48:	move motor	S18.axis2.piezo rotation to -0.143470deg	 DONE
03/10/2025 16:10:49:	56	count	time	5.000000s/cts	O Det=1	H Det=20	Mon Det=11627	Aux Det=26	O+H=47	 DONE
03/10/2025 16:10:56:	move motor	S18.axis2.piezo rotation to -0.143410deg	 DONE
03/10/2025 16:10:57:	57	count	time	5.000000s/cts	O Det=0	H Det=24	Mon Det=11560	Aux Det=25	O+H=49	 DONE
03/10/2025 16:11:04:	move motor	S18.axis2.piezo rotation to -0.143350deg	 DONE
03/10/2025 16:11:05:	58	count	time	5.000000s/cts	O Det=1	H Det=18	Mon Det=11478	Aux Det=18	O+H=37	 DONE
03/10/2025 16:11:11:	move motor	S18.axis2.piezo rotation to -0.143290deg	 DONE
03/10/2025 16:11:13:	59	count	time	5.000000s/cts	O Det=2	H Det=29	Mon Det=11597	Aux Det=25	O+H=56	 DONE
03/10/2025 16:11:19:	move motor	S18.axis2.piezo rotation to -0.143230deg	 DONE
03/10/2025 16:11:20:	60	count	time	5.000000s/cts	O Det=1	H Det=20	Mon Det=11356	Aux Det=23	O+H=44	 DONE
03/10/2025 16:11:27:	close file and end scan	 DONE
03/10/2025 16:11:28:	move motor	S18.axis2.piezo rotation to fit SUM PEAK60	-0.145154reached -0.14515  DONE
03/10/2025 16:11:30:	END OF SCRIPT	 DONE
