16/10/2025 04:06:06:	start execution of script D:\data\Cycle 198\exp_3-16-19\rawdata\sc\rocking.sc	 DONE
16/10/2025 04:06:06:	move motor	S18.axis2.piezo rotation to 0.246170deg	 DONE
16/10/2025 04:06:10:	create file	D:\data\Cycle 198\exp_3-16-19\rawdata\sc\rocking_16Oct0406.dat	 DONE
room to enter remarks DONE
16/10/2025 04:06:11:	move motor	S18.axis2.piezo rotation to 0.346170deg	 DONE
16/10/2025 04:06:15:	1	count	time	3.000000s/cts	O Det=3	H Det=38	Mon Det=7243	Aux Det=42	O+H=83	 DONE
16/10/2025 04:06:19:	move motor	S18.axis2.piezo rotation to 0.346230deg	 DONE
16/10/2025 04:06:21:	2	count	time	3.000000s/cts	O Det=0	H Det=24	Mon Det=7084	Aux Det=23	O+H=47	 DONE
16/10/2025 04:06:26:	move motor	S18.axis2.piezo rotation to 0.346290deg	 DONE
16/10/2025 04:06:27:	3	count	time	3.000000s/cts	O Det=0	H Det=16	Mon Det=7124	Aux Det=27	O+H=43	 DONE
16/10/2025 04:06:31:	move motor	S18.axis2.piezo rotation to 0.346350deg	 DONE
16/10/2025 04:06:33:	4	count	time	3.000000s/cts	O Det=2	H Det=29	Mon Det=7025	Aux Det=32	O+H=63	 DONE
16/10/2025 04:06:37:	move motor	S18.axis2.piezo rotation to 0.346410deg	 DONE
16/10/2025 04:06:39:	5	count	time	3.000000s/cts	O Det=0	H Det=30	Mon Det=7107	Aux Det=45	O+H=75	 DONE
16/10/2025 04:06:43:	move motor	S18.axis2.piezo rotation to 0.346470deg	 DONE
16/10/2025 04:06:45:	6	count	time	3.000000s/cts	O Det=3	H Det=33	Mon Det=7232	Aux Det=43	O+H=79	 DONE
16/10/2025 04:06:49:	move motor	S18.axis2.piezo rotation to 0.346530deg	 DONE
16/10/2025 04:06:50:	7	count	time	3.000000s/cts	O Det=2	H Det=36	Mon Det=7260	Aux Det=40	O+H=78	 DONE
16/10/2025 04:06:55:	move motor	S18.axis2.piezo rotation to 0.346590deg	 DONE
16/10/2025 04:06:56:	8	count	time	3.000000s/cts	O Det=1	H Det=36	Mon Det=7159	Aux Det=59	O+H=96	 DONE
16/10/2025 04:07:01:	move motor	S18.axis2.piezo rotation to 0.346650deg	 DONE
16/10/2025 04:07:02:	9	count	time	3.000000s/cts	O Det=2	H Det=50	Mon Det=7123	Aux Det=61	O+H=113	 DONE
16/10/2025 04:07:07:	move motor	S18.axis2.piezo rotation to 0.346710deg	 DONE
16/10/2025 04:07:08:	10	count	time	3.000000s/cts	O Det=1	H Det=58	Mon Det=7203	Aux Det=73	O+H=132	 DONE
16/10/2025 04:07:13:	move motor	S18.axis2.piezo rotation to 0.346770deg	 DONE
16/10/2025 04:07:14:	11	count	time	3.000000s/cts	O Det=10	H Det=61	Mon Det=7160	Aux Det=98	O+H=169	 DONE
16/10/2025 04:07:19:	move motor	S18.axis2.piezo rotation to 0.346830deg	 DONE
16/10/2025 04:07:20:	12	count	time	3.000000s/cts	O Det=21	H Det=88	Mon Det=7172	Aux Det=112	O+H=221	 DONE
16/10/2025 04:07:24:	move motor	S18.axis2.piezo rotation to 0.346890deg	 DONE
16/10/2025 04:07:26:	13	count	time	3.000000s/cts	O Det=28	H Det=95	Mon Det=7069	Aux Det=133	O+H=256	 DONE
16/10/2025 04:07:30:	move motor	S18.axis2.piezo rotation to 0.346950deg	 DONE
16/10/2025 04:07:32:	14	count	time	3.000000s/cts	O Det=16	H Det=94	Mon Det=7220	Aux Det=126	O+H=236	 DONE
16/10/2025 04:07:36:	move motor	S18.axis2.piezo rotation to 0.347010deg	 DONE
16/10/2025 04:07:37:	15	count	time	3.000000s/cts	O Det=18	H Det=116	Mon Det=7194	Aux Det=144	O+H=278	 DONE
16/10/2025 04:07:42:	move motor	S18.axis2.piezo rotation to 0.347070deg	 DONE
16/10/2025 04:07:44:	16	count	time	3.000000s/cts	O Det=34	H Det=121	Mon Det=7112	Aux Det=162	O+H=317	 DONE
16/10/2025 04:07:48:	move motor	S18.axis2.piezo rotation to 0.347130deg	 DONE
16/10/2025 04:07:50:	17	count	time	3.000000s/cts	O Det=87	H Det=141	Mon Det=7117	Aux Det=191	O+H=419	 DONE
16/10/2025 04:07:54:	move motor	S18.axis2.piezo rotation to 0.347190deg	 DONE
16/10/2025 04:07:56:	18	count	time	3.000000s/cts	O Det=124	H Det=192	Mon Det=7271	Aux Det=219	O+H=535	 DONE
16/10/2025 04:08:00:	move motor	S18.axis2.piezo rotation to 0.347250deg	 DONE
16/10/2025 04:08:01:	19	count	time	3.000000s/cts	O Det=205	H Det=191	Mon Det=7290	Aux Det=283	O+H=679	 DONE
16/10/2025 04:08:06:	move motor	S18.axis2.piezo rotation to 0.347310deg	 DONE
16/10/2025 04:08:07:	20	count	time	3.000000s/cts	O Det=359	H Det=213	Mon Det=6957	Aux Det=318	O+H=890	 DONE
16/10/2025 04:08:12:	move motor	S18.axis2.piezo rotation to 0.347370deg	 DONE
16/10/2025 04:08:13:	21	count	time	3.000000s/cts	O Det=418	H Det=207	Mon Det=7127	Aux Det=439	O+H=1064	 DONE
16/10/2025 04:08:18:	move motor	S18.axis2.piezo rotation to 0.347430deg	 DONE
16/10/2025 04:08:19:	22	count	time	3.000000s/cts	O Det=466	H Det=219	Mon Det=7158	Aux Det=698	O+H=1383	 DONE
16/10/2025 04:08:24:	move motor	S18.axis2.piezo rotation to 0.347490deg	 DONE
16/10/2025 04:08:25:	23	count	time	3.000000s/cts	O Det=481	H Det=190	Mon Det=7091	Aux Det=792	O+H=1463	 DONE
16/10/2025 04:08:30:	move motor	S18.axis2.piezo rotation to 0.347550deg	 DONE
16/10/2025 04:08:31:	24	count	time	3.000000s/cts	O Det=427	H Det=191	Mon Det=7145	Aux Det=834	O+H=1452	 DONE
16/10/2025 04:08:36:	move motor	S18.axis2.piezo rotation to 0.347610deg	 DONE
16/10/2025 04:08:37:	25	count	time	3.000000s/cts	O Det=424	H Det=171	Mon Det=7079	Aux Det=819	O+H=1414	 DONE
16/10/2025 04:08:41:	move motor	S18.axis2.piezo rotation to 0.347670deg	 DONE
16/10/2025 04:08:43:	26	count	time	3.000000s/cts	O Det=345	H Det=152	Mon Det=7237	Aux Det=804	O+H=1301	 DONE
16/10/2025 04:08:47:	move motor	S18.axis2.piezo rotation to 0.347730deg	 DONE
16/10/2025 04:08:49:	27	count	time	3.000000s/cts	O Det=275	H Det=139	Mon Det=7136	Aux Det=525	O+H=939	 DONE
16/10/2025 04:08:53:	move motor	S18.axis2.piezo rotation to 0.347790deg	 DONE
16/10/2025 04:08:54:	28	count	time	3.000000s/cts	O Det=190	H Det=151	Mon Det=7202	Aux Det=384	O+H=725	 DONE
16/10/2025 04:08:59:	move motor	S18.axis2.piezo rotation to 0.347850deg	 DONE
16/10/2025 04:09:00:	29	count	time	3.000000s/cts	O Det=113	H Det=162	Mon Det=7021	Aux Det=286	O+H=561	 DONE
16/10/2025 04:09:05:	move motor	S18.axis2.piezo rotation to 0.347910deg	 DONE
16/10/2025 04:09:06:	30	count	time	3.000000s/cts	O Det=68	H Det=155	Mon Det=7236	Aux Det=215	O+H=438	 DONE
16/10/2025 04:09:11:	move motor	S18.axis2.piezo rotation to 0.347970deg	 DONE
16/10/2025 04:09:12:	31	count	time	3.000000s/cts	O Det=38	H Det=116	Mon Det=7124	Aux Det=206	O+H=360	 DONE
16/10/2025 04:09:17:	move motor	S18.axis2.piezo rotation to 0.348030deg	 DONE
16/10/2025 04:09:18:	32	count	time	3.000000s/cts	O Det=21	H Det=118	Mon Det=7181	Aux Det=151	O+H=290	 DONE
16/10/2025 04:09:23:	move motor	S18.axis2.piezo rotation to 0.348090deg	 DONE
16/10/2025 04:09:24:	33	count	time	3.000000s/cts	O Det=13	H Det=85	Mon Det=7222	Aux Det=120	O+H=218	 DONE
16/10/2025 04:09:29:	move motor	S18.axis2.piezo rotation to 0.348150deg	 DONE
16/10/2025 04:09:30:	34	count	time	3.000000s/cts	O Det=14	H Det=80	Mon Det=7126	Aux Det=78	O+H=172	 DONE
16/10/2025 04:09:35:	move motor	S18.axis2.piezo rotation to 0.348210deg	 DONE
16/10/2025 04:09:36:	35	count	time	3.000000s/cts	O Det=6	H Det=75	Mon Det=7065	Aux Det=94	O+H=175	 DONE
16/10/2025 04:09:40:	move motor	S18.axis2.piezo rotation to 0.348270deg	 DONE
16/10/2025 04:09:42:	36	count	time	3.000000s/cts	O Det=7	H Det=60	Mon Det=7024	Aux Det=69	O+H=136	 DONE
16/10/2025 04:09:46:	move motor	S18.axis2.piezo rotation to 0.348330deg	 DONE
16/10/2025 04:09:48:	37	count	time	3.000000s/cts	O Det=2	H Det=27	Mon Det=7260	Aux Det=50	O+H=79	 DONE
16/10/2025 04:09:52:	move motor	S18.axis2.piezo rotation to 0.348390deg	 DONE
16/10/2025 04:09:53:	38	count	time	3.000000s/cts	O Det=0	H Det=45	Mon Det=7252	Aux Det=53	O+H=98	 DONE
16/10/2025 04:09:58:	move motor	S18.axis2.piezo rotation to 0.348450deg	 DONE
16/10/2025 04:09:59:	39	count	time	3.000000s/cts	O Det=3	H Det=33	Mon Det=7059	Aux Det=40	O+H=76	 DONE
16/10/2025 04:10:04:	move motor	S18.axis2.piezo rotation to 0.348510deg	 DONE
16/10/2025 04:10:05:	40	count	time	3.000000s/cts	O Det=4	H Det=40	Mon Det=7230	Aux Det=41	O+H=85	 DONE
16/10/2025 04:10:10:	move motor	S18.axis2.piezo rotation to 0.348570deg	 DONE
16/10/2025 04:10:11:	41	count	time	3.000000s/cts	O Det=1	H Det=23	Mon Det=7027	Aux Det=42	O+H=66	 DONE
16/10/2025 04:10:16:	move motor	S18.axis2.piezo rotation to 0.348630deg	 DONE
16/10/2025 04:10:17:	42	count	time	3.000000s/cts	O Det=4	H Det=25	Mon Det=7259	Aux Det=37	O+H=66	 DONE
16/10/2025 04:10:22:	move motor	S18.axis2.piezo rotation to 0.348690deg	 DONE
16/10/2025 04:10:23:	43	count	time	3.000000s/cts	O Det=3	H Det=18	Mon Det=7160	Aux Det=27	O+H=48	 DONE
16/10/2025 04:10:28:	move motor	S18.axis2.piezo rotation to 0.348750deg	 DONE
16/10/2025 04:10:29:	44	count	time	3.000000s/cts	O Det=3	H Det=24	Mon Det=7213	Aux Det=23	O+H=50	 DONE
16/10/2025 04:10:34:	move motor	S18.axis2.piezo rotation to 0.348810deg	 DONE
16/10/2025 04:10:35:	45	count	time	3.000000s/cts	O Det=1	H Det=20	Mon Det=7182	Aux Det=28	O+H=49	 DONE
16/10/2025 04:10:40:	move motor	S18.axis2.piezo rotation to 0.348870deg	 DONE
16/10/2025 04:10:41:	46	count	time	3.000000s/cts	O Det=1	H Det=21	Mon Det=7242	Aux Det=21	O+H=43	 DONE
16/10/2025 04:10:46:	move motor	S18.axis2.piezo rotation to 0.348930deg	 DONE
16/10/2025 04:10:47:	47	count	time	3.000000s/cts	O Det=1	H Det=12	Mon Det=7240	Aux Det=20	O+H=33	 DONE
16/10/2025 04:10:52:	move motor	S18.axis2.piezo rotation to 0.348990deg	 DONE
16/10/2025 04:10:53:	48	count	time	3.000000s/cts	O Det=0	H Det=19	Mon Det=7189	Aux Det=19	O+H=38	 DONE
16/10/2025 04:10:58:	move motor	S18.axis2.piezo rotation to 0.349050deg	 DONE
16/10/2025 04:10:59:	49	count	time	3.000000s/cts	O Det=0	H Det=8	Mon Det=7293	Aux Det=28	O+H=36	 DONE
16/10/2025 04:11:04:	move motor	S18.axis2.piezo rotation to 0.349110deg	 DONE
16/10/2025 04:11:05:	50	count	time	3.000000s/cts	O Det=1	H Det=14	Mon Det=7136	Aux Det=19	O+H=34	 DONE
16/10/2025 04:11:10:	close file and end scan	 DONE
16/10/2025 04:11:11:	move motor	S18.axis2.piezo rotation to fit SUM PEAK60	0.347535reached 0.34754  DONE
16/10/2025 04:11:13:	END OF SCRIPT	 DONE
