05/10/2025 22:17:16:	start execution of script D:\data\Cycle 198\exp_3-16-19\rawdata\sc\rocking.sc	 DONE
05/10/2025 22:17:16:	move motor	S18.axis2.piezo rotation to -0.246905deg	 DONE
05/10/2025 22:17:20:	create file	D:\data\Cycle 198\exp_3-16-19\rawdata\sc\rocking_05Oct2217.dat	 DONE
room to enter remarks DONE
05/10/2025 22:17:21:	move motor	S18.axis2.piezo rotation to -0.146905deg	 DONE
05/10/2025 22:17:25:	1	count	time	5.000000s/cts	O Det=1	H Det=1	Mon Det=11522	Aux Det=4	O+H=6	 DONE
05/10/2025 22:17:32:	move motor	S18.axis2.piezo rotation to -0.146845deg	 DONE
05/10/2025 22:17:36:	2	count	time	5.000000s/cts	O Det=2	H Det=2	Mon Det=11764	Aux Det=1	O+H=5	 DONE
05/10/2025 22:17:42:	move motor	S18.axis2.piezo rotation to -0.146785deg	 DONE
05/10/2025 22:17:46:	3	count	time	5.000000s/cts	O Det=0	H Det=0	Mon Det=11919	Aux Det=2	O+H=2	 DONE
05/10/2025 22:17:53:	move motor	S18.axis2.piezo rotation to -0.146725deg	 DONE
05/10/2025 22:17:57:	4	count	time	5.000000s/cts	O Det=0	H Det=0	Mon Det=11690	Aux Det=3	O+H=3	 DONE
05/10/2025 22:18:03:	move motor	S18.axis2.piezo rotation to -0.146665deg	 DONE
05/10/2025 22:18:06:	5	count	time	5.000000s/cts	O Det=0	H Det=1	Mon Det=11516	Aux Det=4	O+H=5	 DONE
05/10/2025 22:18:12:	move motor	S18.axis2.piezo rotation to -0.146605deg	 DONE
05/10/2025 22:18:14:	6	count	time	5.000000s/cts	O Det=0	H Det=3	Mon Det=11497	Aux Det=1	O+H=4	 DONE
05/10/2025 22:18:20:	move motor	S18.axis2.piezo rotation to -0.146545deg	 DONE
05/10/2025 22:18:24:	7	count	time	5.000000s/cts	O Det=0	H Det=0	Mon Det=11519	Aux Det=3	O+H=3	 DONE
05/10/2025 22:18:31:	move motor	S18.axis2.piezo rotation to -0.146485deg	 DONE
05/10/2025 22:18:35:	8	count	time	5.000000s/cts	O Det=0	H Det=1	Mon Det=11580	Aux Det=3	O+H=4	 DONE
05/10/2025 22:18:42:	move motor	S18.axis2.piezo rotation to -0.146425deg	 DONE
05/10/2025 22:18:46:	9	count	time	5.000000s/cts	O Det=0	H Det=1	Mon Det=11744	Aux Det=1	O+H=2	 DONE
05/10/2025 22:18:52:	move motor	S18.axis2.piezo rotation to -0.146365deg	 DONE
05/10/2025 22:18:56:	10	count	time	5.000000s/cts	O Det=0	H Det=1	Mon Det=11539	Aux Det=0	O+H=1	 DONE
05/10/2025 22:19:03:	move motor	S18.axis2.piezo rotation to -0.146305deg	 DONE
05/10/2025 22:19:04:	11	count	time	5.000000s/cts	O Det=1	H Det=1	Mon Det=11754	Aux Det=1	O+H=3	 DONE
05/10/2025 22:19:11:	move motor	S18.axis2.piezo rotation to -0.146245deg	 DONE
05/10/2025 22:19:12:	12	count	time	5.000000s/cts	O Det=0	H Det=4	Mon Det=11651	Aux Det=2	O+H=6	 DONE
05/10/2025 22:19:19:	move motor	S18.axis2.piezo rotation to -0.146185deg	 DONE
05/10/2025 22:19:20:	13	count	time	5.000000s/cts	O Det=0	H Det=2	Mon Det=11786	Aux Det=2	O+H=4	 DONE
05/10/2025 22:19:27:	move motor	S18.axis2.piezo rotation to -0.146125deg	 DONE
05/10/2025 22:19:30:	14	count	time	5.000000s/cts	O Det=1	H Det=2	Mon Det=11756	Aux Det=4	O+H=7	 DONE
05/10/2025 22:19:37:	move motor	S18.axis2.piezo rotation to -0.146065deg	 DONE
05/10/2025 22:19:41:	15	count	time	5.000000s/cts	O Det=0	H Det=0	Mon Det=11725	Aux Det=3	O+H=3	 DONE
05/10/2025 22:19:48:	move motor	S18.axis2.piezo rotation to -0.146005deg	 DONE
05/10/2025 22:19:52:	16	count	time	5.000000s/cts	O Det=0	H Det=3	Mon Det=11784	Aux Det=4	O+H=7	 DONE
05/10/2025 22:19:58:	move motor	S18.axis2.piezo rotation to -0.145945deg	 DONE
05/10/2025 22:20:02:	17	count	time	5.000000s/cts	O Det=0	H Det=1	Mon Det=11724	Aux Det=5	O+H=6	 DONE
05/10/2025 22:20:09:	move motor	S18.axis2.piezo rotation to -0.145885deg	 DONE
05/10/2025 22:20:10:	18	count	time	5.000000s/cts	O Det=1	H Det=1	Mon Det=11814	Aux Det=2	O+H=4	 DONE
05/10/2025 22:20:17:	move motor	S18.axis2.piezo rotation to -0.145825deg	 DONE
05/10/2025 22:20:19:	19	count	time	5.000000s/cts	O Det=0	H Det=1	Mon Det=11671	Aux Det=2	O+H=3	 DONE
05/10/2025 22:20:26:	move motor	S18.axis2.piezo rotation to -0.145765deg	 DONE
05/10/2025 22:20:30:	20	count	time	5.000000s/cts	O Det=0	H Det=1	Mon Det=11595	Aux Det=4	O+H=5	 DONE
05/10/2025 22:20:36:	move motor	S18.axis2.piezo rotation to -0.145705deg	 DONE
05/10/2025 22:20:40:	21	count	time	5.000000s/cts	O Det=0	H Det=2	Mon Det=11802	Aux Det=1	O+H=3	 DONE
05/10/2025 22:20:47:	move motor	S18.axis2.piezo rotation to -0.145645deg	 DONE
05/10/2025 22:20:51:	22	count	time	5.000000s/cts	O Det=0	H Det=0	Mon Det=11563	Aux Det=4	O+H=4	 DONE
05/10/2025 22:20:58:	move motor	S18.axis2.piezo rotation to -0.145585deg	 DONE
05/10/2025 22:21:01:	23	count	time	5.000000s/cts	O Det=0	H Det=2	Mon Det=11690	Aux Det=8	O+H=10	 DONE
05/10/2025 22:21:08:	move motor	S18.axis2.piezo rotation to -0.145525deg	 DONE
05/10/2025 22:21:10:	24	count	time	5.000000s/cts	O Det=2	H Det=0	Mon Det=11846	Aux Det=4	O+H=6	 DONE
05/10/2025 22:21:17:	move motor	S18.axis2.piezo rotation to -0.145465deg	 DONE
05/10/2025 22:21:18:	25	count	time	5.000000s/cts	O Det=1	H Det=1	Mon Det=11519	Aux Det=1	O+H=3	 DONE
05/10/2025 22:21:25:	move motor	S18.axis2.piezo rotation to -0.145405deg	 DONE
05/10/2025 22:21:28:	26	count	time	5.000000s/cts	O Det=1	H Det=2	Mon Det=11477	Aux Det=1	O+H=4	 DONE
05/10/2025 22:21:35:	move motor	S18.axis2.piezo rotation to -0.145345deg	 DONE
05/10/2025 22:21:39:	27	count	time	5.000000s/cts	O Det=1	H Det=1	Mon Det=11729	Aux Det=5	O+H=7	 DONE
05/10/2025 22:21:46:	move motor	S18.axis2.piezo rotation to -0.145285deg	 DONE
05/10/2025 22:21:50:	28	count	time	5.000000s/cts	O Det=0	H Det=1	Mon Det=11697	Aux Det=1	O+H=2	 DONE
05/10/2025 22:21:56:	move motor	S18.axis2.piezo rotation to -0.145225deg	 DONE
05/10/2025 22:22:00:	29	count	time	5.000000s/cts	O Det=0	H Det=3	Mon Det=11783	Aux Det=2	O+H=5	 DONE
05/10/2025 22:22:07:	move motor	S18.axis2.piezo rotation to -0.145165deg	 DONE
05/10/2025 22:22:08:	30	count	time	5.000000s/cts	O Det=0	H Det=2	Mon Det=11626	Aux Det=1	O+H=3	 DONE
05/10/2025 22:22:15:	move motor	S18.axis2.piezo rotation to -0.145105deg	 DONE
05/10/2025 22:22:16:	31	count	time	5.000000s/cts	O Det=0	H Det=2	Mon Det=11624	Aux Det=2	O+H=4	 DONE
05/10/2025 22:22:23:	move motor	S18.axis2.piezo rotation to -0.145045deg	 DONE
05/10/2025 22:22:27:	32	count	time	5.000000s/cts	O Det=0	H Det=1	Mon Det=11689	Aux Det=0	O+H=1	 DONE
05/10/2025 22:22:33:	move motor	S18.axis2.piezo rotation to -0.144985deg	 DONE
05/10/2025 22:22:37:	33	count	time	5.000000s/cts	O Det=0	H Det=4	Mon Det=11521	Aux Det=4	O+H=8	 DONE
05/10/2025 22:22:44:	move motor	S18.axis2.piezo rotation to -0.144925deg	 DONE
05/10/2025 22:22:48:	34	count	time	5.000000s/cts	O Det=0	H Det=1	Mon Det=11669	Aux Det=6	O+H=7	 DONE
05/10/2025 22:22:54:	move motor	S18.axis2.piezo rotation to -0.144865deg	 DONE
05/10/2025 22:22:58:	35	count	time	5.000000s/cts	O Det=1	H Det=1	Mon Det=11546	Aux Det=3	O+H=5	 DONE
05/10/2025 22:23:05:	move motor	S18.axis2.piezo rotation to -0.144805deg	 DONE
05/10/2025 22:23:07:	36	count	time	5.000000s/cts	O Det=0	H Det=2	Mon Det=11418	Aux Det=2	O+H=4	 DONE
05/10/2025 22:23:13:	move motor	S18.axis2.piezo rotation to -0.144745deg	 DONE
05/10/2025 22:23:15:	37	count	time	5.000000s/cts	O Det=0	H Det=0	Mon Det=11569	Aux Det=3	O+H=3	 DONE
05/10/2025 22:23:21:	move motor	S18.axis2.piezo rotation to -0.144685deg	 DONE
05/10/2025 22:23:25:	38	count	time	5.000000s/cts	O Det=0	H Det=3	Mon Det=11487	Aux Det=3	O+H=6	 DONE
05/10/2025 22:23:32:	move motor	S18.axis2.piezo rotation to -0.144625deg	 DONE
05/10/2025 22:23:36:	39	count	time	5.000000s/cts	O Det=0	H Det=3	Mon Det=11696	Aux Det=4	O+H=7	 DONE
05/10/2025 22:23:42:	move motor	S18.axis2.piezo rotation to -0.144565deg	 DONE
05/10/2025 22:23:46:	40	count	time	5.000000s/cts	O Det=0	H Det=2	Mon Det=11740	Aux Det=0	O+H=2	 DONE
05/10/2025 22:23:53:	move motor	S18.axis2.piezo rotation to -0.144505deg	 DONE
05/10/2025 22:23:57:	41	count	time	5.000000s/cts	O Det=0	H Det=3	Mon Det=11605	Aux Det=3	O+H=6	 DONE
05/10/2025 22:24:04:	move motor	S18.axis2.piezo rotation to -0.144445deg	 DONE
05/10/2025 22:24:06:	42	count	time	5.000000s/cts	O Det=1	H Det=2	Mon Det=11727	Aux Det=1	O+H=4	 DONE
05/10/2025 22:24:12:	move motor	S18.axis2.piezo rotation to -0.144385deg	 DONE
05/10/2025 22:24:13:	43	count	time	5.000000s/cts	O Det=0	H Det=2	Mon Det=11566	Aux Det=3	O+H=5	 DONE
05/10/2025 22:24:20:	move motor	S18.axis2.piezo rotation to -0.144325deg	 DONE
05/10/2025 22:24:24:	44	count	time	5.000000s/cts	O Det=0	H Det=0	Mon Det=11627	Aux Det=4	O+H=4	 DONE
05/10/2025 22:24:31:	move motor	S18.axis2.piezo rotation to -0.144265deg	 DONE
05/10/2025 22:24:35:	45	count	time	5.000000s/cts	O Det=0	H Det=1	Mon Det=11877	Aux Det=7	O+H=8	 DONE
05/10/2025 22:24:41:	move motor	S18.axis2.piezo rotation to -0.144205deg	 DONE
05/10/2025 22:24:45:	46	count	time	5.000000s/cts	O Det=1	H Det=2	Mon Det=11725	Aux Det=4	O+H=7	 DONE
05/10/2025 22:24:52:	move motor	S18.axis2.piezo rotation to -0.144145deg	 DONE
05/10/2025 22:24:56:	47	count	time	5.000000s/cts	O Det=0	H Det=2	Mon Det=11572	Aux Det=4	O+H=6	 DONE
05/10/2025 22:25:02:	move motor	S18.axis2.piezo rotation to -0.144085deg	 DONE
05/10/2025 22:25:03:	48	count	time	5.000000s/cts	O Det=1	H Det=0	Mon Det=11644	Aux Det=1	O+H=2	 DONE
05/10/2025 22:25:10:	move motor	S18.axis2.piezo rotation to -0.144025deg	 DONE
05/10/2025 22:25:12:	49	count	time	5.000000s/cts	O Det=0	H Det=1	Mon Det=11702	Aux Det=6	O+H=7	 DONE
05/10/2025 22:25:19:	move motor	S18.axis2.piezo rotation to -0.143965deg	 DONE
05/10/2025 22:25:20:	50	count	time	5.000000s/cts	O Det=0	H Det=2	Mon Det=11845	Aux Det=2	O+H=4	 DONE
05/10/2025 22:25:26:	move motor	S18.axis2.piezo rotation to -0.143905deg	 DONE
05/10/2025 22:25:30:	51	count	time	5.000000s/cts	O Det=0	H Det=2	Mon Det=11686	Aux Det=5	O+H=7	 DONE
05/10/2025 22:25:37:	move motor	S18.axis2.piezo rotation to -0.143845deg	 DONE
05/10/2025 22:25:41:	52	count	time	5.000000s/cts	O Det=0	H Det=2	Mon Det=11580	Aux Det=8	O+H=10	 DONE
05/10/2025 22:25:47:	move motor	S18.axis2.piezo rotation to -0.143785deg	 DONE
05/10/2025 22:25:51:	53	count	time	5.000000s/cts	O Det=1	H Det=0	Mon Det=11565	Aux Det=3	O+H=4	 DONE
05/10/2025 22:25:58:	move motor	S18.axis2.piezo rotation to -0.143725deg	 DONE
05/10/2025 22:26:02:	54	count	time	5.000000s/cts	O Det=0	H Det=3	Mon Det=11549	Aux Det=2	O+H=5	 DONE
05/10/2025 22:26:09:	move motor	S18.axis2.piezo rotation to -0.143665deg	 DONE
05/10/2025 22:26:11:	55	count	time	5.000000s/cts	O Det=0	H Det=3	Mon Det=11728	Aux Det=4	O+H=7	 DONE
05/10/2025 22:26:17:	move motor	S18.axis2.piezo rotation to -0.143605deg	 DONE
05/10/2025 22:26:18:	56	count	time	5.000000s/cts	O Det=0	H Det=0	Mon Det=11708	Aux Det=2	O+H=2	 DONE
05/10/2025 22:26:25:	move motor	S18.axis2.piezo rotation to -0.143545deg	 DONE
05/10/2025 22:26:29:	57	count	time	5.000000s/cts	O Det=0	H Det=0	Mon Det=11762	Aux Det=2	O+H=2	 DONE
05/10/2025 22:26:36:	move motor	S18.axis2.piezo rotation to -0.143485deg	 DONE
05/10/2025 22:26:40:	58	count	time	5.000000s/cts	O Det=1	H Det=2	Mon Det=11732	Aux Det=2	O+H=5	 DONE
05/10/2025 22:26:46:	move motor	S18.axis2.piezo rotation to -0.143425deg	 DONE
05/10/2025 22:26:50:	59	count	time	5.000000s/cts	O Det=0	H Det=1	Mon Det=11747	Aux Det=4	O+H=5	 DONE
05/10/2025 22:26:57:	move motor	S18.axis2.piezo rotation to -0.143365deg	 DONE
05/10/2025 22:27:01:	60	count	time	5.000000s/cts	O Det=0	H Det=1	Mon Det=11957	Aux Det=1	O+H=2	 DONE
05/10/2025 22:27:08:	close file and end scan	 DONE
05/10/2025 22:27:08:	move motor	S18.axis2.piezo rotation to fit SUM PEAK60	NaNreached -0.14337  DONE
05/10/2025 22:27:13:	END OF SCRIPT	 DONE
