12/10/2025 02:48:50:	start execution of script D:\data\Cycle 198\exp_3-16-19\rawdata\sc\rocking.sc	 DONE
12/10/2025 02:48:50:	move motor	S18.axis2.piezo rotation to 0.246170deg	 DONE
12/10/2025 02:48:53:	create file	D:\data\Cycle 198\exp_3-16-19\rawdata\sc\rocking_12Oct0248.dat	 DONE
room to enter remarks DONE
12/10/2025 02:48:54:	move motor	S18.axis2.piezo rotation to 0.346170deg	 DONE
12/10/2025 02:48:57:	1	count	time	3.000000s/cts	O Det=0	H Det=27	Mon Det=9161	Aux Det=25	O+H=52	 DONE
12/10/2025 02:49:02:	move motor	S18.axis2.piezo rotation to 0.346230deg	 DONE
12/10/2025 02:49:04:	2	count	time	3.000000s/cts	O Det=0	H Det=20	Mon Det=9337	Aux Det=31	O+H=51	 DONE
12/10/2025 02:49:08:	move motor	S18.axis2.piezo rotation to 0.346290deg	 DONE
12/10/2025 02:49:10:	3	count	time	3.000000s/cts	O Det=1	H Det=34	Mon Det=9405	Aux Det=44	O+H=79	 DONE
12/10/2025 02:49:14:	move motor	S18.axis2.piezo rotation to 0.346350deg	 DONE
12/10/2025 02:49:16:	4	count	time	3.000000s/cts	O Det=2	H Det=34	Mon Det=9456	Aux Det=42	O+H=78	 DONE
12/10/2025 02:49:20:	move motor	S18.axis2.piezo rotation to 0.346410deg	 DONE
12/10/2025 02:49:21:	5	count	time	3.000000s/cts	O Det=0	H Det=32	Mon Det=9329	Aux Det=53	O+H=85	 DONE
12/10/2025 02:49:26:	move motor	S18.axis2.piezo rotation to 0.346470deg	 DONE
12/10/2025 02:49:28:	6	count	time	3.000000s/cts	O Det=2	H Det=51	Mon Det=9317	Aux Det=59	O+H=112	 DONE
12/10/2025 02:49:32:	move motor	S18.axis2.piezo rotation to 0.346530deg	 DONE
12/10/2025 02:49:33:	7	count	time	3.000000s/cts	O Det=4	H Det=58	Mon Det=9371	Aux Det=42	O+H=104	 DONE
12/10/2025 02:49:38:	move motor	S18.axis2.piezo rotation to 0.346590deg	 DONE
12/10/2025 02:49:40:	8	count	time	3.000000s/cts	O Det=3	H Det=47	Mon Det=9418	Aux Det=65	O+H=115	 DONE
12/10/2025 02:49:45:	move motor	S18.axis2.piezo rotation to 0.346650deg	 DONE
12/10/2025 02:49:46:	9	count	time	3.000000s/cts	O Det=5	H Det=53	Mon Det=9111	Aux Det=78	O+H=136	 DONE
12/10/2025 02:49:51:	move motor	S18.axis2.piezo rotation to 0.346710deg	 DONE
12/10/2025 02:49:52:	10	count	time	3.000000s/cts	O Det=3	H Det=81	Mon Det=9270	Aux Det=100	O+H=184	 DONE
12/10/2025 02:49:57:	move motor	S18.axis2.piezo rotation to 0.346770deg	 DONE
12/10/2025 02:49:58:	11	count	time	3.000000s/cts	O Det=9	H Det=96	Mon Det=9310	Aux Det=91	O+H=196	 DONE
12/10/2025 02:50:02:	move motor	S18.axis2.piezo rotation to 0.346830deg	 DONE
12/10/2025 02:50:04:	12	count	time	3.000000s/cts	O Det=30	H Det=82	Mon Det=9264	Aux Det=132	O+H=244	 DONE
12/10/2025 02:50:08:	move motor	S18.axis2.piezo rotation to 0.346890deg	 DONE
12/10/2025 02:50:10:	13	count	time	3.000000s/cts	O Det=50	H Det=134	Mon Det=9429	Aux Det=177	O+H=361	 DONE
12/10/2025 02:50:14:	move motor	S18.axis2.piezo rotation to 0.346950deg	 DONE
12/10/2025 02:50:16:	14	count	time	3.000000s/cts	O Det=36	H Det=133	Mon Det=9285	Aux Det=160	O+H=329	 DONE
12/10/2025 02:50:20:	move motor	S18.axis2.piezo rotation to 0.347010deg	 DONE
12/10/2025 02:50:21:	15	count	time	3.000000s/cts	O Det=22	H Det=134	Mon Det=9480	Aux Det=166	O+H=322	 DONE
12/10/2025 02:50:26:	move motor	S18.axis2.piezo rotation to 0.347070deg	 DONE
12/10/2025 02:50:27:	16	count	time	3.000000s/cts	O Det=32	H Det=139	Mon Det=9193	Aux Det=201	O+H=372	 DONE
12/10/2025 02:50:32:	move motor	S18.axis2.piezo rotation to 0.347130deg	 DONE
12/10/2025 02:50:33:	17	count	time	3.000000s/cts	O Det=56	H Det=191	Mon Det=9031	Aux Det=216	O+H=463	 DONE
12/10/2025 02:50:38:	move motor	S18.axis2.piezo rotation to 0.347190deg	 DONE
12/10/2025 02:50:39:	18	count	time	3.000000s/cts	O Det=101	H Det=217	Mon Det=9080	Aux Det=269	O+H=587	 DONE
12/10/2025 02:50:44:	move motor	S18.axis2.piezo rotation to 0.347250deg	 DONE
12/10/2025 02:50:45:	19	count	time	3.000000s/cts	O Det=183	H Det=209	Mon Det=9318	Aux Det=294	O+H=686	 DONE
12/10/2025 02:50:49:	move motor	S18.axis2.piezo rotation to 0.347310deg	 DONE
12/10/2025 02:50:51:	20	count	time	3.000000s/cts	O Det=322	H Det=290	Mon Det=9237	Aux Det=313	O+H=925	 DONE
12/10/2025 02:50:55:	move motor	S18.axis2.piezo rotation to 0.347370deg	 DONE
12/10/2025 02:50:57:	21	count	time	3.000000s/cts	O Det=496	H Det=339	Mon Det=9222	Aux Det=435	O+H=1270	 DONE
12/10/2025 02:51:02:	move motor	S18.axis2.piezo rotation to 0.347430deg	 DONE
12/10/2025 02:51:03:	22	count	time	3.000000s/cts	O Det=525	H Det=348	Mon Det=9322	Aux Det=618	O+H=1491	 DONE
12/10/2025 02:51:07:	move motor	S18.axis2.piezo rotation to 0.347490deg	 DONE
12/10/2025 02:51:09:	23	count	time	3.000000s/cts	O Det=655	H Det=425	Mon Det=9288	Aux Det=696	O+H=1776	 DONE
12/10/2025 02:51:13:	move motor	S18.axis2.piezo rotation to 0.347550deg	 DONE
12/10/2025 02:51:15:	24	count	time	3.000000s/cts	O Det=773	H Det=397	Mon Det=9220	Aux Det=679	O+H=1849	 DONE
12/10/2025 02:51:19:	move motor	S18.axis2.piezo rotation to 0.347610deg	 DONE
12/10/2025 02:51:20:	25	count	time	3.000000s/cts	O Det=768	H Det=347	Mon Det=9228	Aux Det=618	O+H=1733	 DONE
12/10/2025 02:51:25:	move motor	S18.axis2.piezo rotation to 0.347670deg	 DONE
12/10/2025 02:51:26:	26	count	time	3.000000s/cts	O Det=669	H Det=313	Mon Det=9314	Aux Det=548	O+H=1530	 DONE
12/10/2025 02:51:31:	move motor	S18.axis2.piezo rotation to 0.347730deg	 DONE
12/10/2025 02:51:33:	27	count	time	3.000000s/cts	O Det=646	H Det=284	Mon Det=9174	Aux Det=397	O+H=1327	 DONE
12/10/2025 02:51:37:	move motor	S18.axis2.piezo rotation to 0.347790deg	 DONE
12/10/2025 02:51:38:	28	count	time	3.000000s/cts	O Det=489	H Det=230	Mon Det=9394	Aux Det=255	O+H=974	 DONE
12/10/2025 02:51:43:	move motor	S18.axis2.piezo rotation to 0.347850deg	 DONE
12/10/2025 02:51:44:	29	count	time	3.000000s/cts	O Det=375	H Det=198	Mon Det=9264	Aux Det=252	O+H=825	 DONE
12/10/2025 02:51:49:	move motor	S18.axis2.piezo rotation to 0.347910deg	 DONE
12/10/2025 02:51:50:	30	count	time	3.000000s/cts	O Det=189	H Det=161	Mon Det=9166	Aux Det=191	O+H=541	 DONE
12/10/2025 02:51:55:	move motor	S18.axis2.piezo rotation to 0.347970deg	 DONE
12/10/2025 02:51:56:	31	count	time	3.000000s/cts	O Det=111	H Det=166	Mon Det=9259	Aux Det=194	O+H=471	 DONE
12/10/2025 02:52:01:	move motor	S18.axis2.piezo rotation to 0.348030deg	 DONE
12/10/2025 02:52:02:	32	count	time	3.000000s/cts	O Det=62	H Det=130	Mon Det=9361	Aux Det=172	O+H=364	 DONE
12/10/2025 02:52:07:	move motor	S18.axis2.piezo rotation to 0.348090deg	 DONE
12/10/2025 02:52:08:	33	count	time	3.000000s/cts	O Det=41	H Det=120	Mon Det=9335	Aux Det=130	O+H=291	 DONE
12/10/2025 02:52:13:	move motor	S18.axis2.piezo rotation to 0.348150deg	 DONE
12/10/2025 02:52:14:	34	count	time	3.000000s/cts	O Det=29	H Det=107	Mon Det=9324	Aux Det=112	O+H=248	 DONE
12/10/2025 02:52:19:	move motor	S18.axis2.piezo rotation to 0.348210deg	 DONE
12/10/2025 02:52:20:	35	count	time	3.000000s/cts	O Det=16	H Det=82	Mon Det=9279	Aux Det=113	O+H=211	 DONE
12/10/2025 02:52:25:	move motor	S18.axis2.piezo rotation to 0.348270deg	 DONE
12/10/2025 02:52:26:	36	count	time	3.000000s/cts	O Det=8	H Det=80	Mon Det=9329	Aux Det=86	O+H=174	 DONE
12/10/2025 02:52:31:	move motor	S18.axis2.piezo rotation to 0.348330deg	 DONE
12/10/2025 02:52:32:	37	count	time	3.000000s/cts	O Det=4	H Det=84	Mon Det=9191	Aux Det=94	O+H=182	 DONE
12/10/2025 02:52:37:	move motor	S18.axis2.piezo rotation to 0.348390deg	 DONE
12/10/2025 02:52:38:	38	count	time	3.000000s/cts	O Det=4	H Det=80	Mon Det=9274	Aux Det=72	O+H=156	 DONE
12/10/2025 02:52:43:	move motor	S18.axis2.piezo rotation to 0.348450deg	 DONE
12/10/2025 02:52:44:	39	count	time	3.000000s/cts	O Det=4	H Det=45	Mon Det=9331	Aux Det=75	O+H=124	 DONE
12/10/2025 02:52:49:	move motor	S18.axis2.piezo rotation to 0.348510deg	 DONE
12/10/2025 02:52:50:	40	count	time	3.000000s/cts	O Det=6	H Det=30	Mon Det=9294	Aux Det=53	O+H=89	 DONE
12/10/2025 02:52:55:	move motor	S18.axis2.piezo rotation to 0.348570deg	 DONE
12/10/2025 02:52:56:	41	count	time	3.000000s/cts	O Det=3	H Det=36	Mon Det=9160	Aux Det=42	O+H=81	 DONE
12/10/2025 02:53:01:	move motor	S18.axis2.piezo rotation to 0.348630deg	 DONE
12/10/2025 02:53:02:	42	count	time	3.000000s/cts	O Det=3	H Det=34	Mon Det=9199	Aux Det=36	O+H=73	 DONE
12/10/2025 02:53:07:	move motor	S18.axis2.piezo rotation to 0.348690deg	 DONE
12/10/2025 02:53:08:	43	count	time	3.000000s/cts	O Det=2	H Det=33	Mon Det=9217	Aux Det=44	O+H=79	 DONE
12/10/2025 02:53:12:	move motor	S18.axis2.piezo rotation to 0.348750deg	 DONE
12/10/2025 02:53:14:	44	count	time	3.000000s/cts	O Det=1	H Det=29	Mon Det=9244	Aux Det=39	O+H=69	 DONE
12/10/2025 02:53:18:	move motor	S18.axis2.piezo rotation to 0.348810deg	 DONE
12/10/2025 02:53:20:	45	count	time	3.000000s/cts	O Det=0	H Det=33	Mon Det=9133	Aux Det=37	O+H=70	 DONE
12/10/2025 02:53:24:	move motor	S18.axis2.piezo rotation to 0.348870deg	 DONE
12/10/2025 02:53:26:	46	count	time	3.000000s/cts	O Det=3	H Det=23	Mon Det=9377	Aux Det=38	O+H=64	 DONE
12/10/2025 02:53:31:	move motor	S18.axis2.piezo rotation to 0.348930deg	 DONE
12/10/2025 02:53:32:	47	count	time	3.000000s/cts	O Det=1	H Det=18	Mon Det=9284	Aux Det=26	O+H=45	 DONE
12/10/2025 02:53:37:	move motor	S18.axis2.piezo rotation to 0.348990deg	 DONE
12/10/2025 02:53:38:	48	count	time	3.000000s/cts	O Det=2	H Det=16	Mon Det=9216	Aux Det=22	O+H=40	 DONE
12/10/2025 02:53:43:	move motor	S18.axis2.piezo rotation to 0.349050deg	 DONE
12/10/2025 02:53:44:	49	count	time	3.000000s/cts	O Det=0	H Det=13	Mon Det=9345	Aux Det=25	O+H=38	 DONE
12/10/2025 02:53:49:	move motor	S18.axis2.piezo rotation to 0.349110deg	 DONE
12/10/2025 02:53:50:	50	count	time	3.000000s/cts	O Det=2	H Det=21	Mon Det=9341	Aux Det=25	O+H=48	 DONE
12/10/2025 02:53:55:	close file and end scan	 DONE
12/10/2025 02:53:55:	move motor	S18.axis2.piezo rotation to fit SUM PEAK60	0.347554reached 0.34756  DONE
12/10/2025 02:54:00:	END OF SCRIPT	 DONE
