06/10/2025 08:18:57:	start execution of script D:\data\Cycle 198\exp_3-16-19\rawdata\sc\rocking.sc	 DONE
06/10/2025 08:18:57:	move motor	S18.axis2.piezo rotation to -0.246905deg	 DONE
06/10/2025 08:19:01:	create file	D:\data\Cycle 198\exp_3-16-19\rawdata\sc\rocking_06Oct0819.dat	 DONE
room to enter remarks DONE
06/10/2025 08:19:02:	move motor	S18.axis2.piezo rotation to -0.146905deg	 DONE
06/10/2025 08:19:06:	1	count	time	5.000000s/cts	O Det=0	H Det=0	Mon Det=11558	Aux Det=5	O+H=5	 DONE
06/10/2025 08:19:13:	move motor	S18.axis2.piezo rotation to -0.146845deg	 DONE
06/10/2025 08:19:17:	2	count	time	5.000000s/cts	O Det=1	H Det=1	Mon Det=11691	Aux Det=0	O+H=2	 DONE
06/10/2025 08:19:23:	move motor	S18.axis2.piezo rotation to -0.146785deg	 DONE
06/10/2025 08:19:27:	3	count	time	5.000000s/cts	O Det=0	H Det=2	Mon Det=11641	Aux Det=2	O+H=4	 DONE
06/10/2025 08:19:34:	move motor	S18.axis2.piezo rotation to -0.146725deg	 DONE
06/10/2025 08:19:38:	4	count	time	5.000000s/cts	O Det=0	H Det=0	Mon Det=11523	Aux Det=6	O+H=6	 DONE
06/10/2025 08:19:44:	move motor	S18.axis2.piezo rotation to -0.146665deg	 DONE
06/10/2025 08:19:46:	5	count	time	5.000000s/cts	O Det=1	H Det=1	Mon Det=11535	Aux Det=4	O+H=6	 DONE
06/10/2025 08:19:52:	move motor	S18.axis2.piezo rotation to -0.146605deg	 DONE
06/10/2025 08:19:54:	6	count	time	5.000000s/cts	O Det=0	H Det=1	Mon Det=11633	Aux Det=1	O+H=2	 DONE
06/10/2025 08:20:00:	move motor	S18.axis2.piezo rotation to -0.146545deg	 DONE
06/10/2025 08:20:04:	7	count	time	5.000000s/cts	O Det=0	H Det=2	Mon Det=11657	Aux Det=2	O+H=4	 DONE
06/10/2025 08:20:11:	move motor	S18.axis2.piezo rotation to -0.146485deg	 DONE
06/10/2025 08:20:15:	8	count	time	5.000000s/cts	O Det=2	H Det=0	Mon Det=11375	Aux Det=1	O+H=3	 DONE
06/10/2025 08:20:22:	move motor	S18.axis2.piezo rotation to -0.146425deg	 DONE
06/10/2025 08:20:25:	9	count	time	5.000000s/cts	O Det=0	H Det=3	Mon Det=11567	Aux Det=3	O+H=6	 DONE
06/10/2025 08:20:32:	move motor	S18.axis2.piezo rotation to -0.146365deg	 DONE
06/10/2025 08:20:36:	10	count	time	5.000000s/cts	O Det=0	H Det=0	Mon Det=11618	Aux Det=4	O+H=4	 DONE
06/10/2025 08:20:43:	move motor	S18.axis2.piezo rotation to -0.146305deg	 DONE
06/10/2025 08:20:44:	11	count	time	5.000000s/cts	O Det=2	H Det=1	Mon Det=11641	Aux Det=0	O+H=3	 DONE
06/10/2025 08:20:51:	move motor	S18.axis2.piezo rotation to -0.146245deg	 DONE
06/10/2025 08:20:52:	12	count	time	5.000000s/cts	O Det=0	H Det=0	Mon Det=11757	Aux Det=3	O+H=3	 DONE
06/10/2025 08:20:59:	move motor	S18.axis2.piezo rotation to -0.146185deg	 DONE
06/10/2025 08:21:00:	13	count	time	5.000000s/cts	O Det=0	H Det=0	Mon Det=11700	Aux Det=1	O+H=1	 DONE
06/10/2025 08:21:07:	move motor	S18.axis2.piezo rotation to -0.146125deg	 DONE
06/10/2025 08:21:11:	14	count	time	5.000000s/cts	O Det=1	H Det=1	Mon Det=11447	Aux Det=1	O+H=3	 DONE
06/10/2025 08:21:17:	move motor	S18.axis2.piezo rotation to -0.146065deg	 DONE
06/10/2025 08:21:21:	15	count	time	5.000000s/cts	O Det=1	H Det=0	Mon Det=11503	Aux Det=6	O+H=7	 DONE
06/10/2025 08:21:28:	move motor	S18.axis2.piezo rotation to -0.146005deg	 DONE
06/10/2025 08:21:32:	16	count	time	5.000000s/cts	O Det=0	H Det=0	Mon Det=11609	Aux Det=7	O+H=7	 DONE
06/10/2025 08:21:38:	move motor	S18.axis2.piezo rotation to -0.145945deg	 DONE
06/10/2025 08:21:42:	17	count	time	5.000000s/cts	O Det=0	H Det=0	Mon Det=11388	Aux Det=5	O+H=5	 DONE
06/10/2025 08:21:49:	move motor	S18.axis2.piezo rotation to -0.145885deg	 DONE
06/10/2025 08:21:50:	18	count	time	5.000000s/cts	O Det=0	H Det=1	Mon Det=11589	Aux Det=3	O+H=4	 DONE
06/10/2025 08:21:57:	move motor	S18.axis2.piezo rotation to -0.145825deg	 DONE
06/10/2025 08:21:58:	19	count	time	5.000000s/cts	O Det=0	H Det=2	Mon Det=11534	Aux Det=3	O+H=5	 DONE
06/10/2025 08:22:04:	move motor	S18.axis2.piezo rotation to -0.145765deg	 DONE
06/10/2025 08:22:08:	20	count	time	5.000000s/cts	O Det=2	H Det=2	Mon Det=11499	Aux Det=2	O+H=6	 DONE
06/10/2025 08:22:15:	move motor	S18.axis2.piezo rotation to -0.145705deg	 DONE
06/10/2025 08:22:19:	21	count	time	5.000000s/cts	O Det=1	H Det=0	Mon Det=11646	Aux Det=4	O+H=5	 DONE
06/10/2025 08:22:26:	move motor	S18.axis2.piezo rotation to -0.145645deg	 DONE
06/10/2025 08:22:29:	22	count	time	5.000000s/cts	O Det=0	H Det=1	Mon Det=11653	Aux Det=1	O+H=2	 DONE
06/10/2025 08:22:36:	move motor	S18.axis2.piezo rotation to -0.145585deg	 DONE
06/10/2025 08:22:40:	23	count	time	5.000000s/cts	O Det=1	H Det=1	Mon Det=11491	Aux Det=4	O+H=6	 DONE
06/10/2025 08:22:47:	move motor	S18.axis2.piezo rotation to -0.145525deg	 DONE
06/10/2025 08:22:48:	24	count	time	5.000000s/cts	O Det=0	H Det=1	Mon Det=11768	Aux Det=2	O+H=3	 DONE
06/10/2025 08:22:55:	move motor	S18.axis2.piezo rotation to -0.145465deg	 DONE
06/10/2025 08:22:56:	25	count	time	5.000000s/cts	O Det=0	H Det=1	Mon Det=11629	Aux Det=4	O+H=5	 DONE
06/10/2025 08:23:02:	move motor	S18.axis2.piezo rotation to -0.145405deg	 DONE
06/10/2025 08:23:06:	26	count	time	5.000000s/cts	O Det=0	H Det=1	Mon Det=11603	Aux Det=1	O+H=2	 DONE
06/10/2025 08:23:13:	move motor	S18.axis2.piezo rotation to -0.145345deg	 DONE
06/10/2025 08:23:17:	27	count	time	5.000000s/cts	O Det=0	H Det=1	Mon Det=11685	Aux Det=1	O+H=2	 DONE
06/10/2025 08:23:24:	move motor	S18.axis2.piezo rotation to -0.145285deg	 DONE
06/10/2025 08:23:27:	28	count	time	5.000000s/cts	O Det=0	H Det=3	Mon Det=11561	Aux Det=1	O+H=4	 DONE
06/10/2025 08:23:34:	move motor	S18.axis2.piezo rotation to -0.145225deg	 DONE
06/10/2025 08:23:38:	29	count	time	5.000000s/cts	O Det=1	H Det=1	Mon Det=11551	Aux Det=2	O+H=4	 DONE
06/10/2025 08:23:45:	move motor	S18.axis2.piezo rotation to -0.145165deg	 DONE
06/10/2025 08:23:46:	30	count	time	5.000000s/cts	O Det=1	H Det=1	Mon Det=11393	Aux Det=1	O+H=3	 DONE
06/10/2025 08:23:52:	move motor	S18.axis2.piezo rotation to -0.145105deg	 DONE
06/10/2025 08:23:54:	31	count	time	5.000000s/cts	O Det=0	H Det=1	Mon Det=11715	Aux Det=5	O+H=6	 DONE
06/10/2025 08:24:00:	move motor	S18.axis2.piezo rotation to -0.145045deg	 DONE
06/10/2025 08:24:04:	32	count	time	5.000000s/cts	O Det=1	H Det=2	Mon Det=11460	Aux Det=2	O+H=5	 DONE
06/10/2025 08:24:11:	move motor	S18.axis2.piezo rotation to -0.144985deg	 DONE
06/10/2025 08:24:15:	33	count	time	5.000000s/cts	O Det=0	H Det=1	Mon Det=11386	Aux Det=0	O+H=1	 DONE
06/10/2025 08:24:21:	move motor	S18.axis2.piezo rotation to -0.144925deg	 DONE
06/10/2025 08:24:25:	34	count	time	5.000000s/cts	O Det=1	H Det=0	Mon Det=11597	Aux Det=4	O+H=5	 DONE
06/10/2025 08:24:32:	move motor	S18.axis2.piezo rotation to -0.144865deg	 DONE
06/10/2025 08:24:36:	35	count	time	5.000000s/cts	O Det=0	H Det=0	Mon Det=11471	Aux Det=2	O+H=2	 DONE
06/10/2025 08:24:42:	move motor	S18.axis2.piezo rotation to -0.144805deg	 DONE
06/10/2025 08:24:44:	36	count	time	5.000000s/cts	O Det=0	H Det=0	Mon Det=11636	Aux Det=4	O+H=4	 DONE
06/10/2025 08:24:50:	move motor	S18.axis2.piezo rotation to -0.144745deg	 DONE
06/10/2025 08:24:52:	37	count	time	5.000000s/cts	O Det=1	H Det=1	Mon Det=11606	Aux Det=1	O+H=3	 DONE
06/10/2025 08:24:58:	move motor	S18.axis2.piezo rotation to -0.144685deg	 DONE
06/10/2025 08:25:02:	38	count	time	5.000000s/cts	O Det=1	H Det=1	Mon Det=11617	Aux Det=3	O+H=5	 DONE
06/10/2025 08:25:09:	move motor	S18.axis2.piezo rotation to -0.144625deg	 DONE
06/10/2025 08:25:13:	39	count	time	5.000000s/cts	O Det=0	H Det=2	Mon Det=11713	Aux Det=2	O+H=4	 DONE
06/10/2025 08:25:19:	move motor	S18.axis2.piezo rotation to -0.144565deg	 DONE
06/10/2025 08:25:23:	40	count	time	5.000000s/cts	O Det=0	H Det=1	Mon Det=11439	Aux Det=2	O+H=3	 DONE
06/10/2025 08:25:30:	move motor	S18.axis2.piezo rotation to -0.144505deg	 DONE
06/10/2025 08:25:34:	41	count	time	5.000000s/cts	O Det=0	H Det=0	Mon Det=11572	Aux Det=3	O+H=3	 DONE
06/10/2025 08:25:40:	move motor	S18.axis2.piezo rotation to -0.144445deg	 DONE
06/10/2025 08:25:42:	42	count	time	5.000000s/cts	O Det=0	H Det=2	Mon Det=11592	Aux Det=3	O+H=5	 DONE
06/10/2025 08:25:48:	move motor	S18.axis2.piezo rotation to -0.144385deg	 DONE
06/10/2025 08:25:50:	43	count	time	5.000000s/cts	O Det=0	H Det=1	Mon Det=11370	Aux Det=5	O+H=6	 DONE
06/10/2025 08:25:56:	move motor	S18.axis2.piezo rotation to -0.144325deg	 DONE
06/10/2025 08:26:00:	44	count	time	5.000000s/cts	O Det=0	H Det=1	Mon Det=11630	Aux Det=4	O+H=5	 DONE
06/10/2025 08:26:07:	move motor	S18.axis2.piezo rotation to -0.144265deg	 DONE
06/10/2025 08:26:11:	45	count	time	5.000000s/cts	O Det=0	H Det=0	Mon Det=11535	Aux Det=0	O+H=0	 DONE
06/10/2025 08:26:17:	move motor	S18.axis2.piezo rotation to -0.144205deg	 DONE
06/10/2025 08:26:21:	46	count	time	5.000000s/cts	O Det=0	H Det=2	Mon Det=11519	Aux Det=3	O+H=5	 DONE
06/10/2025 08:26:28:	move motor	S18.axis2.piezo rotation to -0.144145deg	 DONE
06/10/2025 08:26:32:	47	count	time	5.000000s/cts	O Det=0	H Det=2	Mon Det=11498	Aux Det=7	O+H=9	 DONE
06/10/2025 08:26:38:	move motor	S18.axis2.piezo rotation to -0.144085deg	 DONE
06/10/2025 08:26:40:	48	count	time	5.000000s/cts	O Det=0	H Det=0	Mon Det=11463	Aux Det=3	O+H=3	 DONE
06/10/2025 08:26:46:	move motor	S18.axis2.piezo rotation to -0.144025deg	 DONE
06/10/2025 08:26:47:	49	count	time	5.000000s/cts	O Det=2	H Det=0	Mon Det=11553	Aux Det=2	O+H=4	 DONE
06/10/2025 08:26:54:	move motor	S18.axis2.piezo rotation to -0.143965deg	 DONE
06/10/2025 08:26:55:	50	count	time	5.000000s/cts	O Det=0	H Det=0	Mon Det=11543	Aux Det=0	O+H=0	 DONE
06/10/2025 08:27:02:	move motor	S18.axis2.piezo rotation to -0.143905deg	 DONE
06/10/2025 08:27:05:	51	count	time	5.000000s/cts	O Det=0	H Det=1	Mon Det=11703	Aux Det=3	O+H=4	 DONE
06/10/2025 08:27:12:	move motor	S18.axis2.piezo rotation to -0.143845deg	 DONE
06/10/2025 08:27:16:	52	count	time	5.000000s/cts	O Det=0	H Det=0	Mon Det=11504	Aux Det=0	O+H=0	 DONE
06/10/2025 08:27:23:	move motor	S18.axis2.piezo rotation to -0.143785deg	 DONE
06/10/2025 08:27:26:	53	count	time	5.000000s/cts	O Det=0	H Det=0	Mon Det=11743	Aux Det=5	O+H=5	 DONE
06/10/2025 08:27:33:	move motor	S18.axis2.piezo rotation to -0.143725deg	 DONE
06/10/2025 08:27:37:	54	count	time	5.000000s/cts	O Det=0	H Det=4	Mon Det=11823	Aux Det=1	O+H=5	 DONE
06/10/2025 08:27:44:	move motor	S18.axis2.piezo rotation to -0.143665deg	 DONE
06/10/2025 08:27:45:	55	count	time	5.000000s/cts	O Det=1	H Det=0	Mon Det=11718	Aux Det=1	O+H=2	 DONE
06/10/2025 08:27:52:	move motor	S18.axis2.piezo rotation to -0.143605deg	 DONE
06/10/2025 08:27:53:	56	count	time	5.000000s/cts	O Det=0	H Det=0	Mon Det=11500	Aux Det=2	O+H=2	 DONE
06/10/2025 08:27:59:	move motor	S18.axis2.piezo rotation to -0.143545deg	 DONE
06/10/2025 08:28:03:	57	count	time	5.000000s/cts	O Det=0	H Det=0	Mon Det=11702	Aux Det=2	O+H=2	 DONE
06/10/2025 08:28:10:	move motor	S18.axis2.piezo rotation to -0.143485deg	 DONE
06/10/2025 08:28:14:	58	count	time	5.000000s/cts	O Det=0	H Det=0	Mon Det=11621	Aux Det=3	O+H=3	 DONE
06/10/2025 08:28:20:	move motor	S18.axis2.piezo rotation to -0.143425deg	 DONE
06/10/2025 08:28:24:	59	count	time	5.000000s/cts	O Det=0	H Det=2	Mon Det=11558	Aux Det=4	O+H=6	 DONE
06/10/2025 08:28:31:	move motor	S18.axis2.piezo rotation to -0.143365deg	 DONE
06/10/2025 08:28:35:	60	count	time	5.000000s/cts	O Det=0	H Det=2	Mon Det=11659	Aux Det=5	O+H=7	 DONE
06/10/2025 08:28:42:	close file and end scan	 DONE
06/10/2025 08:28:42:	move motor	S18.axis2.piezo rotation to fit SUM PEAK60	NaNreached -0.14335  DONE
06/10/2025 08:28:47:	END OF SCRIPT	 DONE
