04/10/2025 11:04:20:	start execution of script D:\data\Cycle 198\exp_3-16-19\rawdata\sc\rocking.sc	 DONE
04/10/2025 11:04:20:	move motor	S18.axis2.piezo rotation to -0.246905deg	 DONE
04/10/2025 11:04:24:	create file	D:\data\Cycle 198\exp_3-16-19\rawdata\sc\rocking_04Oct1104.dat	 DONE
room to enter remarks DONE
04/10/2025 11:04:25:	move motor	S18.axis2.piezo rotation to -0.146905deg	 DONE
04/10/2025 11:04:29:	1	count	time	5.000000s/cts	O Det=2	H Det=22	Mon Det=11377	Aux Det=0	O+H=24	 DONE
04/10/2025 11:04:36:	move motor	S18.axis2.piezo rotation to -0.146845deg	 DONE
04/10/2025 11:04:39:	2	count	time	5.000000s/cts	O Det=1	H Det=25	Mon Det=11477	Aux Det=3	O+H=29	 DONE
04/10/2025 11:04:46:	move motor	S18.axis2.piezo rotation to -0.146785deg	 DONE
04/10/2025 11:04:50:	3	count	time	5.000000s/cts	O Det=0	H Det=35	Mon Det=11368	Aux Det=2	O+H=37	 DONE
04/10/2025 11:04:56:	move motor	S18.axis2.piezo rotation to -0.146725deg	 DONE
04/10/2025 11:05:00:	4	count	time	5.000000s/cts	O Det=0	H Det=35	Mon Det=11446	Aux Det=4	O+H=39	 DONE
04/10/2025 11:05:07:	move motor	S18.axis2.piezo rotation to -0.146665deg	 DONE
04/10/2025 11:05:08:	5	count	time	5.000000s/cts	O Det=3	H Det=37	Mon Det=11470	Aux Det=6	O+H=46	 DONE
04/10/2025 11:05:15:	move motor	S18.axis2.piezo rotation to -0.146605deg	 DONE
04/10/2025 11:05:16:	6	count	time	5.000000s/cts	O Det=1	H Det=57	Mon Det=11627	Aux Det=3	O+H=61	 DONE
04/10/2025 11:05:22:	move motor	S18.axis2.piezo rotation to -0.146545deg	 DONE
04/10/2025 11:05:26:	7	count	time	5.000000s/cts	O Det=0	H Det=30	Mon Det=11506	Aux Det=5	O+H=35	 DONE
04/10/2025 11:05:33:	move motor	S18.axis2.piezo rotation to -0.146485deg	 DONE
04/10/2025 11:05:36:	8	count	time	5.000000s/cts	O Det=2	H Det=57	Mon Det=11284	Aux Det=2	O+H=61	 DONE
04/10/2025 11:05:43:	move motor	S18.axis2.piezo rotation to -0.146425deg	 DONE
04/10/2025 11:05:47:	9	count	time	5.000000s/cts	O Det=3	H Det=50	Mon Det=11494	Aux Det=4	O+H=57	 DONE
04/10/2025 11:05:53:	move motor	S18.axis2.piezo rotation to -0.146365deg	 DONE
04/10/2025 11:05:57:	10	count	time	5.000000s/cts	O Det=2	H Det=59	Mon Det=11570	Aux Det=5	O+H=66	 DONE
04/10/2025 11:06:04:	move motor	S18.axis2.piezo rotation to -0.146305deg	 DONE
04/10/2025 11:06:05:	11	count	time	5.000000s/cts	O Det=2	H Det=87	Mon Det=11626	Aux Det=7	O+H=96	 DONE
04/10/2025 11:06:12:	move motor	S18.axis2.piezo rotation to -0.146245deg	 DONE
04/10/2025 11:06:13:	12	count	time	5.000000s/cts	O Det=1	H Det=76	Mon Det=11459	Aux Det=1	O+H=78	 DONE
04/10/2025 11:06:20:	move motor	S18.axis2.piezo rotation to -0.146185deg	 DONE
04/10/2025 11:06:22:	13	count	time	5.000000s/cts	O Det=6	H Det=74	Mon Det=11617	Aux Det=2	O+H=82	 DONE
04/10/2025 11:06:28:	move motor	S18.axis2.piezo rotation to -0.146125deg	 DONE
04/10/2025 11:06:32:	14	count	time	5.000000s/cts	O Det=2	H Det=89	Mon Det=11532	Aux Det=6	O+H=97	 DONE
04/10/2025 11:06:39:	move motor	S18.axis2.piezo rotation to -0.146065deg	 DONE
04/10/2025 11:06:42:	15	count	time	5.000000s/cts	O Det=4	H Det=142	Mon Det=11404	Aux Det=3	O+H=149	 DONE
04/10/2025 11:06:49:	move motor	S18.axis2.piezo rotation to -0.146005deg	 DONE
04/10/2025 11:06:53:	16	count	time	5.000000s/cts	O Det=13	H Det=168	Mon Det=11383	Aux Det=29	O+H=210	 DONE
04/10/2025 11:07:00:	move motor	S18.axis2.piezo rotation to -0.145945deg	 DONE
04/10/2025 11:07:03:	17	count	time	5.000000s/cts	O Det=20	H Det=172	Mon Det=11368	Aux Det=32	O+H=224	 DONE
04/10/2025 11:07:10:	move motor	S18.axis2.piezo rotation to -0.145885deg	 DONE
04/10/2025 11:07:11:	18	count	time	5.000000s/cts	O Det=19	H Det=240	Mon Det=11420	Aux Det=16	O+H=275	 DONE
04/10/2025 11:07:18:	move motor	S18.axis2.piezo rotation to -0.145825deg	 DONE
04/10/2025 11:07:19:	19	count	time	5.000000s/cts	O Det=32	H Det=226	Mon Det=11327	Aux Det=7	O+H=265	 DONE
04/10/2025 11:07:26:	move motor	S18.axis2.piezo rotation to -0.145765deg	 DONE
04/10/2025 11:07:29:	20	count	time	5.000000s/cts	O Det=64	H Det=248	Mon Det=11565	Aux Det=14	O+H=326	 DONE
04/10/2025 11:07:36:	move motor	S18.axis2.piezo rotation to -0.145705deg	 DONE
04/10/2025 11:07:40:	21	count	time	5.000000s/cts	O Det=82	H Det=283	Mon Det=11598	Aux Det=28	O+H=393	 DONE
04/10/2025 11:07:46:	move motor	S18.axis2.piezo rotation to -0.145645deg	 DONE
04/10/2025 11:07:50:	22	count	time	5.000000s/cts	O Det=118	H Det=338	Mon Det=11451	Aux Det=69	O+H=525	 DONE
04/10/2025 11:07:57:	move motor	S18.axis2.piezo rotation to -0.145585deg	 DONE
04/10/2025 11:08:00:	23	count	time	5.000000s/cts	O Det=226	H Det=350	Mon Det=11446	Aux Det=137	O+H=713	 DONE
04/10/2025 11:08:07:	move motor	S18.axis2.piezo rotation to -0.145525deg	 DONE
04/10/2025 11:08:08:	24	count	time	5.000000s/cts	O Det=259	H Det=377	Mon Det=11792	Aux Det=245	O+H=881	 DONE
04/10/2025 11:08:15:	move motor	S18.axis2.piezo rotation to -0.145465deg	 DONE
04/10/2025 11:08:16:	25	count	time	5.000000s/cts	O Det=321	H Det=391	Mon Det=11402	Aux Det=362	O+H=1074	 DONE
04/10/2025 11:08:23:	move motor	S18.axis2.piezo rotation to -0.145405deg	 DONE
04/10/2025 11:08:27:	26	count	time	5.000000s/cts	O Det=398	H Det=377	Mon Det=11251	Aux Det=429	O+H=1204	 DONE
04/10/2025 11:08:33:	move motor	S18.axis2.piezo rotation to -0.145345deg	 DONE
04/10/2025 11:08:37:	27	count	time	5.000000s/cts	O Det=443	H Det=365	Mon Det=11412	Aux Det=518	O+H=1326	 DONE
04/10/2025 11:08:44:	move motor	S18.axis2.piezo rotation to -0.145285deg	 DONE
04/10/2025 11:08:47:	28	count	time	5.000000s/cts	O Det=494	H Det=400	Mon Det=11710	Aux Det=524	O+H=1418	 DONE
04/10/2025 11:08:54:	move motor	S18.axis2.piezo rotation to -0.145225deg	 DONE
04/10/2025 11:08:58:	29	count	time	5.000000s/cts	O Det=479	H Det=412	Mon Det=11471	Aux Det=549	O+H=1440	 DONE
04/10/2025 11:09:04:	move motor	S18.axis2.piezo rotation to -0.145165deg	 DONE
04/10/2025 11:09:06:	30	count	time	5.000000s/cts	O Det=432	H Det=409	Mon Det=11536	Aux Det=464	O+H=1305	 DONE
04/10/2025 11:09:12:	move motor	S18.axis2.piezo rotation to -0.145105deg	 DONE
04/10/2025 11:09:13:	31	count	time	5.000000s/cts	O Det=389	H Det=424	Mon Det=11579	Aux Det=375	O+H=1188	 DONE
04/10/2025 11:09:20:	move motor	S18.axis2.piezo rotation to -0.145045deg	 DONE
04/10/2025 11:09:24:	32	count	time	5.000000s/cts	O Det=284	H Det=359	Mon Det=11523	Aux Det=255	O+H=898	 DONE
04/10/2025 11:09:31:	move motor	S18.axis2.piezo rotation to -0.144985deg	 DONE
04/10/2025 11:09:34:	33	count	time	5.000000s/cts	O Det=236	H Det=398	Mon Det=11527	Aux Det=240	O+H=874	 DONE
04/10/2025 11:09:41:	move motor	S18.axis2.piezo rotation to -0.144925deg	 DONE
04/10/2025 11:09:45:	34	count	time	5.000000s/cts	O Det=208	H Det=294	Mon Det=11526	Aux Det=144	O+H=646	 DONE
04/10/2025 11:09:51:	move motor	S18.axis2.piezo rotation to -0.144865deg	 DONE
04/10/2025 11:09:55:	35	count	time	5.000000s/cts	O Det=131	H Det=293	Mon Det=11352	Aux Det=79	O+H=503	 DONE
04/10/2025 11:10:02:	move motor	S18.axis2.piezo rotation to -0.144805deg	 DONE
04/10/2025 11:10:03:	36	count	time	5.000000s/cts	O Det=101	H Det=254	Mon Det=11456	Aux Det=33	O+H=388	 DONE
04/10/2025 11:10:10:	move motor	S18.axis2.piezo rotation to -0.144745deg	 DONE
04/10/2025 11:10:11:	37	count	time	5.000000s/cts	O Det=58	H Det=223	Mon Det=11534	Aux Det=10	O+H=291	 DONE
04/10/2025 11:10:17:	move motor	S18.axis2.piezo rotation to -0.144685deg	 DONE
04/10/2025 11:10:21:	38	count	time	5.000000s/cts	O Det=40	H Det=201	Mon Det=11615	Aux Det=7	O+H=248	 DONE
04/10/2025 11:10:28:	move motor	S18.axis2.piezo rotation to -0.144625deg	 DONE
04/10/2025 11:10:31:	39	count	time	5.000000s/cts	O Det=35	H Det=188	Mon Det=11673	Aux Det=9	O+H=232	 DONE
04/10/2025 11:10:38:	move motor	S18.axis2.piezo rotation to -0.144565deg	 DONE
04/10/2025 11:10:42:	40	count	time	5.000000s/cts	O Det=11	H Det=156	Mon Det=11596	Aux Det=6	O+H=173	 DONE
04/10/2025 11:10:48:	move motor	S18.axis2.piezo rotation to -0.144505deg	 DONE
04/10/2025 11:10:52:	41	count	time	5.000000s/cts	O Det=10	H Det=123	Mon Det=11295	Aux Det=5	O+H=138	 DONE
04/10/2025 11:10:59:	move motor	S18.axis2.piezo rotation to -0.144445deg	 DONE
04/10/2025 11:11:00:	42	count	time	5.000000s/cts	O Det=6	H Det=120	Mon Det=11571	Aux Det=4	O+H=130	 DONE
04/10/2025 11:11:07:	move motor	S18.axis2.piezo rotation to -0.144385deg	 DONE
04/10/2025 11:11:08:	43	count	time	5.000000s/cts	O Det=5	H Det=80	Mon Det=11374	Aux Det=2	O+H=87	 DONE
04/10/2025 11:11:15:	move motor	S18.axis2.piezo rotation to -0.144325deg	 DONE
04/10/2025 11:11:18:	44	count	time	5.000000s/cts	O Det=3	H Det=91	Mon Det=11295	Aux Det=7	O+H=101	 DONE
04/10/2025 11:11:25:	move motor	S18.axis2.piezo rotation to -0.144265deg	 DONE
04/10/2025 11:11:29:	45	count	time	5.000000s/cts	O Det=4	H Det=78	Mon Det=11500	Aux Det=10	O+H=92	 DONE
04/10/2025 11:11:35:	move motor	S18.axis2.piezo rotation to -0.144205deg	 DONE
04/10/2025 11:11:39:	46	count	time	5.000000s/cts	O Det=3	H Det=63	Mon Det=11521	Aux Det=8	O+H=74	 DONE
04/10/2025 11:11:46:	move motor	S18.axis2.piezo rotation to -0.144145deg	 DONE
04/10/2025 11:11:49:	47	count	time	5.000000s/cts	O Det=1	H Det=53	Mon Det=11679	Aux Det=3	O+H=57	 DONE
04/10/2025 11:11:56:	move motor	S18.axis2.piezo rotation to -0.144085deg	 DONE
04/10/2025 11:11:57:	48	count	time	5.000000s/cts	O Det=2	H Det=61	Mon Det=11427	Aux Det=1	O+H=64	 DONE
04/10/2025 11:12:04:	move motor	S18.axis2.piezo rotation to -0.144025deg	 DONE
04/10/2025 11:12:05:	49	count	time	5.000000s/cts	O Det=3	H Det=47	Mon Det=11581	Aux Det=3	O+H=53	 DONE
04/10/2025 11:12:12:	move motor	S18.axis2.piezo rotation to -0.143965deg	 DONE
04/10/2025 11:12:13:	50	count	time	5.000000s/cts	O Det=1	H Det=43	Mon Det=11513	Aux Det=4	O+H=48	 DONE
04/10/2025 11:12:19:	move motor	S18.axis2.piezo rotation to -0.143905deg	 DONE
04/10/2025 11:12:23:	51	count	time	5.000000s/cts	O Det=1	H Det=45	Mon Det=11353	Aux Det=3	O+H=49	 DONE
04/10/2025 11:12:30:	move motor	S18.axis2.piezo rotation to -0.143845deg	 DONE
04/10/2025 11:12:34:	52	count	time	5.000000s/cts	O Det=1	H Det=44	Mon Det=11348	Aux Det=4	O+H=49	 DONE
04/10/2025 11:12:40:	move motor	S18.axis2.piezo rotation to -0.143785deg	 DONE
04/10/2025 11:12:44:	53	count	time	5.000000s/cts	O Det=2	H Det=34	Mon Det=11569	Aux Det=4	O+H=40	 DONE
04/10/2025 11:12:51:	move motor	S18.axis2.piezo rotation to -0.143725deg	 DONE
04/10/2025 11:12:54:	54	count	time	5.000000s/cts	O Det=2	H Det=29	Mon Det=11409	Aux Det=4	O+H=35	 DONE
04/10/2025 11:13:01:	move motor	S18.axis2.piezo rotation to -0.143665deg	 DONE
04/10/2025 11:13:02:	55	count	time	5.000000s/cts	O Det=0	H Det=25	Mon Det=11469	Aux Det=1	O+H=26	 DONE
04/10/2025 11:13:09:	move motor	S18.axis2.piezo rotation to -0.143605deg	 DONE
04/10/2025 11:13:10:	56	count	time	5.000000s/cts	O Det=1	H Det=33	Mon Det=11486	Aux Det=2	O+H=36	 DONE
04/10/2025 11:13:17:	move motor	S18.axis2.piezo rotation to -0.143545deg	 DONE
04/10/2025 11:13:20:	57	count	time	5.000000s/cts	O Det=1	H Det=18	Mon Det=11401	Aux Det=1	O+H=20	 DONE
04/10/2025 11:13:27:	move motor	S18.axis2.piezo rotation to -0.143485deg	 DONE
04/10/2025 11:13:31:	58	count	time	5.000000s/cts	O Det=0	H Det=18	Mon Det=11341	Aux Det=2	O+H=20	 DONE
04/10/2025 11:13:37:	move motor	S18.axis2.piezo rotation to -0.143425deg	 DONE
04/10/2025 11:13:41:	59	count	time	5.000000s/cts	O Det=0	H Det=31	Mon Det=11433	Aux Det=3	O+H=34	 DONE
04/10/2025 11:13:48:	move motor	S18.axis2.piezo rotation to -0.143365deg	 DONE
04/10/2025 11:13:51:	60	count	time	5.000000s/cts	O Det=1	H Det=27	Mon Det=11358	Aux Det=6	O+H=34	 DONE
04/10/2025 11:13:58:	close file and end scan	 DONE
04/10/2025 11:13:59:	move motor	S18.axis2.piezo rotation to fit SUM PEAK60	-0.145264reached -0.14526  DONE
04/10/2025 11:14:03:	END OF SCRIPT	 DONE
