27/09/2025 13:11:01:	start execution of script D:\data\Cycle 198\exp_3-16-19\rawdata\sc\rocking.sc	 DONE
27/09/2025 13:11:02:	move motor	S18.axis2.piezo rotation to -1.962255deg	 DONE
27/09/2025 13:11:06:	create file	D:\data\Cycle 198\exp_3-16-19\rawdata\sc\rocking_27Sep1311.dat	 DONE
room to enter remarks DONE
27/09/2025 13:11:07:	move motor	S18.axis2.piezo rotation to -1.862255deg	 DONE
27/09/2025 13:11:11:	1	count	time	5.000000s/cts	O Det=3	H Det=2	Mon Det=11249	Aux Det=51	O+H=56	 DONE
27/09/2025 13:11:18:	move motor	S18.axis2.piezo rotation to -1.862205deg	 DONE
27/09/2025 13:11:20:	2	count	time	5.000000s/cts	O Det=3	H Det=1	Mon Det=11201	Aux Det=53	O+H=57	 DONE
27/09/2025 13:11:26:	move motor	S18.axis2.piezo rotation to -1.862155deg	 DONE
27/09/2025 13:11:30:	3	count	time	5.000000s/cts	O Det=1	H Det=1	Mon Det=11258	Aux Det=63	O+H=65	 DONE
27/09/2025 13:11:37:	move motor	S18.axis2.piezo rotation to -1.862105deg	 DONE
27/09/2025 13:11:38:	4	count	time	5.000000s/cts	O Det=3	H Det=3	Mon Det=11449	Aux Det=87	O+H=93	 DONE
27/09/2025 13:11:45:	move motor	S18.axis2.piezo rotation to -1.862055deg	 DONE
27/09/2025 13:11:49:	5	count	time	5.000000s/cts	O Det=1	H Det=3	Mon Det=11301	Aux Det=87	O+H=91	 DONE
27/09/2025 13:11:56:	move motor	S18.axis2.piezo rotation to -1.862005deg	 DONE
27/09/2025 13:11:57:	6	count	time	5.000000s/cts	O Det=1	H Det=3	Mon Det=11348	Aux Det=87	O+H=91	 DONE
27/09/2025 13:12:04:	move motor	S18.axis2.piezo rotation to -1.861955deg	 DONE
27/09/2025 13:12:08:	7	count	time	5.000000s/cts	O Det=4	H Det=1	Mon Det=11246	Aux Det=100	O+H=105	 DONE
27/09/2025 13:12:15:	move motor	S18.axis2.piezo rotation to -1.861905deg	 DONE
27/09/2025 13:12:16:	8	count	time	5.000000s/cts	O Det=7	H Det=3	Mon Det=11382	Aux Det=105	O+H=115	 DONE
27/09/2025 13:12:23:	move motor	S18.axis2.piezo rotation to -1.861855deg	 DONE
27/09/2025 13:12:27:	9	count	time	5.000000s/cts	O Det=9	H Det=3	Mon Det=11400	Aux Det=112	O+H=124	 DONE
27/09/2025 13:12:34:	move motor	S18.axis2.piezo rotation to -1.861805deg	 DONE
27/09/2025 13:12:38:	10	count	time	5.000000s/cts	O Det=4	H Det=1	Mon Det=11244	Aux Det=121	O+H=126	 DONE
27/09/2025 13:12:45:	move motor	S18.axis2.piezo rotation to -1.861755deg	 DONE
27/09/2025 13:12:49:	11	count	time	5.000000s/cts	O Det=6	H Det=0	Mon Det=11128	Aux Det=139	O+H=145	 DONE
27/09/2025 13:12:55:	move motor	S18.axis2.piezo rotation to -1.861705deg	 DONE
27/09/2025 13:13:00:	12	count	time	5.000000s/cts	O Det=9	H Det=1	Mon Det=11101	Aux Det=180	O+H=190	 DONE
27/09/2025 13:13:06:	move motor	S18.axis2.piezo rotation to -1.861655deg	 DONE
27/09/2025 13:13:10:	13	count	time	5.000000s/cts	O Det=14	H Det=2	Mon Det=11253	Aux Det=188	O+H=204	 DONE
27/09/2025 13:13:17:	move motor	S18.axis2.piezo rotation to -1.861605deg	 DONE
27/09/2025 13:13:21:	14	count	time	5.000000s/cts	O Det=23	H Det=7	Mon Det=11236	Aux Det=280	O+H=310	 DONE
27/09/2025 13:13:28:	move motor	S18.axis2.piezo rotation to -1.861555deg	 DONE
27/09/2025 13:13:32:	15	count	time	5.000000s/cts	O Det=42	H Det=16	Mon Det=11233	Aux Det=338	O+H=396	 DONE
27/09/2025 13:13:39:	move motor	S18.axis2.piezo rotation to -1.861505deg	 DONE
27/09/2025 13:13:43:	16	count	time	5.000000s/cts	O Det=35	H Det=16	Mon Det=11221	Aux Det=386	O+H=437	 DONE
27/09/2025 13:13:49:	move motor	S18.axis2.piezo rotation to -1.861455deg	 DONE
27/09/2025 13:13:51:	17	count	time	5.000000s/cts	O Det=38	H Det=6	Mon Det=11254	Aux Det=405	O+H=449	 DONE
27/09/2025 13:13:57:	move motor	S18.axis2.piezo rotation to -1.861405deg	 DONE
27/09/2025 13:14:02:	18	count	time	5.000000s/cts	O Det=52	H Det=8	Mon Det=11234	Aux Det=440	O+H=500	 DONE
27/09/2025 13:14:08:	move motor	S18.axis2.piezo rotation to -1.861355deg	 DONE
27/09/2025 13:14:10:	19	count	time	5.000000s/cts	O Det=75	H Det=13	Mon Det=11228	Aux Det=446	O+H=534	 DONE
27/09/2025 13:14:16:	move motor	S18.axis2.piezo rotation to -1.861305deg	 DONE
27/09/2025 13:14:20:	20	count	time	5.000000s/cts	O Det=125	H Det=28	Mon Det=11317	Aux Det=517	O+H=670	 DONE
27/09/2025 13:14:27:	move motor	S18.axis2.piezo rotation to -1.861255deg	 DONE
27/09/2025 13:14:28:	21	count	time	5.000000s/cts	O Det=142	H Det=71	Mon Det=11177	Aux Det=589	O+H=802	 DONE
27/09/2025 13:14:35:	move motor	S18.axis2.piezo rotation to -1.861205deg	 DONE
27/09/2025 13:14:39:	22	count	time	5.000000s/cts	O Det=255	H Det=132	Mon Det=11258	Aux Det=770	O+H=1157	 DONE
27/09/2025 13:14:46:	move motor	S18.axis2.piezo rotation to -1.861155deg	 DONE
27/09/2025 13:14:48:	23	count	time	5.000000s/cts	O Det=288	H Det=199	Mon Det=11001	Aux Det=937	O+H=1424	 DONE
27/09/2025 13:14:55:	move motor	S18.axis2.piezo rotation to -1.861105deg	 DONE
27/09/2025 13:14:59:	24	count	time	5.000000s/cts	O Det=382	H Det=240	Mon Det=11363	Aux Det=1118	O+H=1740	 DONE
27/09/2025 13:15:06:	move motor	S18.axis2.piezo rotation to -1.861055deg	 DONE
27/09/2025 13:15:08:	25	count	time	5.000000s/cts	O Det=454	H Det=343	Mon Det=11321	Aux Det=1337	O+H=2134	 DONE
27/09/2025 13:15:14:	move motor	S18.axis2.piezo rotation to -1.861005deg	 DONE
27/09/2025 13:15:18:	26	count	time	5.000000s/cts	O Det=467	H Det=413	Mon Det=11330	Aux Det=1709	O+H=2589	 DONE
27/09/2025 13:15:25:	move motor	S18.axis2.piezo rotation to -1.860955deg	 DONE
27/09/2025 13:15:27:	27	count	time	5.000000s/cts	O Det=467	H Det=476	Mon Det=11248	Aux Det=1862	O+H=2805	 DONE
27/09/2025 13:15:34:	move motor	S18.axis2.piezo rotation to -1.860905deg	 DONE
27/09/2025 13:15:38:	28	count	time	5.000000s/cts	O Det=433	H Det=434	Mon Det=11091	Aux Det=1895	O+H=2762	 DONE
27/09/2025 13:15:44:	move motor	S18.axis2.piezo rotation to -1.860855deg	 DONE
27/09/2025 13:15:49:	29	count	time	5.000000s/cts	O Det=408	H Det=406	Mon Det=11252	Aux Det=2089	O+H=2903	 DONE
27/09/2025 13:15:55:	move motor	S18.axis2.piezo rotation to -1.860805deg	 DONE
27/09/2025 13:16:00:	30	count	time	5.000000s/cts	O Det=364	H Det=312	Mon Det=11226	Aux Det=2077	O+H=2753	 DONE
27/09/2025 13:16:06:	move motor	S18.axis2.piezo rotation to -1.860755deg	 DONE
27/09/2025 13:16:10:	31	count	time	5.000000s/cts	O Det=345	H Det=277	Mon Det=11336	Aux Det=2011	O+H=2633	 DONE
27/09/2025 13:16:17:	move motor	S18.axis2.piezo rotation to -1.860705deg	 DONE
27/09/2025 13:16:21:	32	count	time	5.000000s/cts	O Det=268	H Det=236	Mon Det=11366	Aux Det=1749	O+H=2253	 DONE
27/09/2025 13:16:28:	move motor	S18.axis2.piezo rotation to -1.860655deg	 DONE
27/09/2025 13:16:32:	33	count	time	5.000000s/cts	O Det=232	H Det=145	Mon Det=11322	Aux Det=1510	O+H=1887	 DONE
27/09/2025 13:16:39:	move motor	S18.axis2.piezo rotation to -1.860605deg	 DONE
27/09/2025 13:16:43:	34	count	time	5.000000s/cts	O Det=144	H Det=110	Mon Det=11446	Aux Det=1178	O+H=1432	 DONE
27/09/2025 13:16:49:	move motor	S18.axis2.piezo rotation to -1.860555deg	 DONE
27/09/2025 13:16:54:	35	count	time	5.000000s/cts	O Det=122	H Det=72	Mon Det=11408	Aux Det=990	O+H=1184	 DONE
27/09/2025 13:17:00:	move motor	S18.axis2.piezo rotation to -1.860505deg	 DONE
27/09/2025 13:17:05:	36	count	time	5.000000s/cts	O Det=68	H Det=19	Mon Det=11479	Aux Det=771	O+H=858	 DONE
27/09/2025 13:17:11:	move motor	S18.axis2.piezo rotation to -1.860455deg	 DONE
27/09/2025 13:17:15:	37	count	time	5.000000s/cts	O Det=47	H Det=15	Mon Det=11264	Aux Det=628	O+H=690	 DONE
27/09/2025 13:17:22:	move motor	S18.axis2.piezo rotation to -1.860405deg	 DONE
27/09/2025 13:17:23:	38	count	time	5.000000s/cts	O Det=52	H Det=9	Mon Det=11429	Aux Det=534	O+H=595	 DONE
27/09/2025 13:17:30:	move motor	S18.axis2.piezo rotation to -1.860355deg	 DONE
27/09/2025 13:17:34:	39	count	time	5.000000s/cts	O Det=43	H Det=8	Mon Det=11448	Aux Det=394	O+H=445	 DONE
27/09/2025 13:17:41:	move motor	S18.axis2.piezo rotation to -1.860305deg	 DONE
27/09/2025 13:17:42:	40	count	time	5.000000s/cts	O Det=29	H Det=3	Mon Det=11308	Aux Det=378	O+H=410	 DONE
27/09/2025 13:17:49:	move motor	S18.axis2.piezo rotation to -1.860255deg	 DONE
27/09/2025 13:17:53:	41	count	time	5.000000s/cts	O Det=18	H Det=6	Mon Det=11348	Aux Det=277	O+H=301	 DONE
27/09/2025 13:17:59:	move motor	S18.axis2.piezo rotation to -1.860205deg	 DONE
27/09/2025 13:18:01:	42	count	time	5.000000s/cts	O Det=12	H Det=3	Mon Det=11243	Aux Det=242	O+H=257	 DONE
27/09/2025 13:18:07:	move motor	S18.axis2.piezo rotation to -1.860155deg	 DONE
27/09/2025 13:18:11:	43	count	time	5.000000s/cts	O Det=11	H Det=4	Mon Det=11277	Aux Det=203	O+H=218	 DONE
27/09/2025 13:18:18:	move motor	S18.axis2.piezo rotation to -1.860105deg	 DONE
27/09/2025 13:18:20:	44	count	time	5.000000s/cts	O Det=7	H Det=2	Mon Det=11183	Aux Det=184	O+H=193	 DONE
27/09/2025 13:18:27:	move motor	S18.axis2.piezo rotation to -1.860055deg	 DONE
27/09/2025 13:18:31:	45	count	time	5.000000s/cts	O Det=6	H Det=3	Mon Det=11409	Aux Det=153	O+H=162	 DONE
27/09/2025 13:18:37:	move motor	S18.axis2.piezo rotation to -1.860005deg	 DONE
27/09/2025 13:18:39:	46	count	time	5.000000s/cts	O Det=9	H Det=4	Mon Det=11442	Aux Det=135	O+H=148	 DONE
27/09/2025 13:18:46:	move motor	S18.axis2.piezo rotation to -1.859955deg	 DONE
27/09/2025 13:18:50:	47	count	time	5.000000s/cts	O Det=9	H Det=3	Mon Det=11278	Aux Det=113	O+H=125	 DONE
27/09/2025 13:18:57:	move motor	S18.axis2.piezo rotation to -1.859905deg	 DONE
27/09/2025 13:18:59:	48	count	time	5.000000s/cts	O Det=0	H Det=1	Mon Det=11164	Aux Det=91	O+H=92	 DONE
27/09/2025 13:19:06:	move motor	S18.axis2.piezo rotation to -1.859855deg	 DONE
27/09/2025 13:19:10:	49	count	time	5.000000s/cts	O Det=2	H Det=2	Mon Det=11234	Aux Det=91	O+H=95	 DONE
27/09/2025 13:19:16:	move motor	S18.axis2.piezo rotation to -1.859805deg	 DONE
27/09/2025 13:19:20:	50	count	time	5.000000s/cts	O Det=2	H Det=2	Mon Det=11234	Aux Det=98	O+H=102	 DONE
27/09/2025 13:19:27:	move motor	S18.axis2.piezo rotation to -1.859755deg	 DONE
27/09/2025 13:19:31:	51	count	time	5.000000s/cts	O Det=2	H Det=0	Mon Det=11278	Aux Det=100	O+H=102	 DONE
27/09/2025 13:19:38:	move motor	S18.axis2.piezo rotation to -1.859705deg	 DONE
27/09/2025 13:19:42:	52	count	time	5.000000s/cts	O Det=2	H Det=2	Mon Det=11449	Aux Det=86	O+H=90	 DONE
27/09/2025 13:19:49:	move motor	S18.axis2.piezo rotation to -1.859655deg	 DONE
27/09/2025 13:19:53:	53	count	time	5.000000s/cts	O Det=2	H Det=0	Mon Det=11261	Aux Det=74	O+H=76	 DONE
27/09/2025 13:20:00:	move motor	S18.axis2.piezo rotation to -1.859605deg	 DONE
27/09/2025 13:20:04:	54	count	time	5.000000s/cts	O Det=2	H Det=0	Mon Det=11251	Aux Det=58	O+H=60	 DONE
27/09/2025 13:20:10:	move motor	S18.axis2.piezo rotation to -1.859555deg	 DONE
27/09/2025 13:20:15:	55	count	time	5.000000s/cts	O Det=1	H Det=2	Mon Det=11288	Aux Det=69	O+H=72	 DONE
27/09/2025 13:20:21:	move motor	S18.axis2.piezo rotation to -1.859505deg	 DONE
27/09/2025 13:20:25:	56	count	time	5.000000s/cts	O Det=4	H Det=4	Mon Det=11272	Aux Det=48	O+H=56	 DONE
27/09/2025 13:20:32:	move motor	S18.axis2.piezo rotation to -1.859455deg	 DONE
27/09/2025 13:20:33:	57	count	time	5.000000s/cts	O Det=2	H Det=1	Mon Det=11417	Aux Det=61	O+H=64	 DONE
27/09/2025 13:20:40:	move motor	S18.axis2.piezo rotation to -1.859405deg	 DONE
27/09/2025 13:20:44:	58	count	time	5.000000s/cts	O Det=4	H Det=1	Mon Det=11141	Aux Det=53	O+H=58	 DONE
27/09/2025 13:20:51:	move motor	S18.axis2.piezo rotation to -1.859355deg	 DONE
27/09/2025 13:20:52:	59	count	time	5.000000s/cts	O Det=3	H Det=1	Mon Det=11265	Aux Det=52	O+H=56	 DONE
27/09/2025 13:20:59:	move motor	S18.axis2.piezo rotation to -1.859305deg	 DONE
27/09/2025 13:21:03:	60	count	time	5.000000s/cts	O Det=2	H Det=2	Mon Det=11232	Aux Det=47	O+H=51	 DONE
27/09/2025 13:21:10:	close file and end scan	 DONE
27/09/2025 13:21:10:	move motor	S18.axis2.piezo rotation to fit SUM PEAK60	-1.860871reached -1.86087  DONE
27/09/2025 13:21:15:	END OF SCRIPT	 DONE
