17/10/2025 20:02:46:	start execution of script D:\data\Cycle 198\exp_3-16-19\rawdata\sc\rocking.sc	 DONE
17/10/2025 20:02:47:	move motor	S18.axis2.piezo rotation to 0.246116deg	 DONE
17/10/2025 20:02:50:	create file	D:\data\Cycle 198\exp_3-16-19\rawdata\sc\rocking_17Oct2002.dat	 DONE
room to enter remarks DONE
17/10/2025 20:02:51:	move motor	S18.axis2.piezo rotation to 0.346116deg	 DONE
17/10/2025 20:02:55:	1	count	time	3.000000s/cts	O Det=0	H Det=22	Mon Det=7251	Aux Det=19	O+H=41	 DONE
17/10/2025 20:03:00:	move motor	S18.axis2.piezo rotation to 0.346176deg	 DONE
17/10/2025 20:03:03:	2	count	time	3.000000s/cts	O Det=2	H Det=17	Mon Det=7132	Aux Det=31	O+H=50	 DONE
17/10/2025 20:03:08:	move motor	S18.axis2.piezo rotation to 0.346236deg	 DONE
17/10/2025 20:03:09:	3	count	time	3.000000s/cts	O Det=1	H Det=23	Mon Det=7354	Aux Det=28	O+H=52	 DONE
17/10/2025 20:03:14:	move motor	S18.axis2.piezo rotation to 0.346296deg	 DONE
17/10/2025 20:03:15:	4	count	time	3.000000s/cts	O Det=3	H Det=13	Mon Det=7115	Aux Det=37	O+H=53	 DONE
17/10/2025 20:03:20:	move motor	S18.axis2.piezo rotation to 0.346356deg	 DONE
17/10/2025 20:03:21:	5	count	time	3.000000s/cts	O Det=1	H Det=28	Mon Det=7069	Aux Det=33	O+H=62	 DONE
17/10/2025 20:03:26:	move motor	S18.axis2.piezo rotation to 0.346416deg	 DONE
17/10/2025 20:03:27:	6	count	time	3.000000s/cts	O Det=0	H Det=26	Mon Det=7176	Aux Det=34	O+H=60	 DONE
17/10/2025 20:03:31:	move motor	S18.axis2.piezo rotation to 0.346476deg	 DONE
17/10/2025 20:03:33:	7	count	time	3.000000s/cts	O Det=1	H Det=33	Mon Det=7104	Aux Det=37	O+H=71	 DONE
17/10/2025 20:03:37:	move motor	S18.axis2.piezo rotation to 0.346536deg	 DONE
17/10/2025 20:03:39:	8	count	time	3.000000s/cts	O Det=1	H Det=30	Mon Det=7246	Aux Det=46	O+H=77	 DONE
17/10/2025 20:03:43:	move motor	S18.axis2.piezo rotation to 0.346596deg	 DONE
17/10/2025 20:03:44:	9	count	time	3.000000s/cts	O Det=0	H Det=49	Mon Det=7146	Aux Det=46	O+H=95	 DONE
17/10/2025 20:03:49:	move motor	S18.axis2.piezo rotation to 0.346656deg	 DONE
17/10/2025 20:03:50:	10	count	time	3.000000s/cts	O Det=1	H Det=43	Mon Det=7132	Aux Det=69	O+H=113	 DONE
17/10/2025 20:03:55:	move motor	S18.axis2.piezo rotation to 0.346716deg	 DONE
17/10/2025 20:03:56:	11	count	time	3.000000s/cts	O Det=3	H Det=46	Mon Det=7118	Aux Det=69	O+H=118	 DONE
17/10/2025 20:04:00:	move motor	S18.axis2.piezo rotation to 0.346776deg	 DONE
17/10/2025 20:04:02:	12	count	time	3.000000s/cts	O Det=9	H Det=75	Mon Det=7317	Aux Det=117	O+H=201	 DONE
17/10/2025 20:04:06:	move motor	S18.axis2.piezo rotation to 0.346836deg	 DONE
17/10/2025 20:04:08:	13	count	time	3.000000s/cts	O Det=21	H Det=83	Mon Det=7212	Aux Det=159	O+H=263	 DONE
17/10/2025 20:04:12:	move motor	S18.axis2.piezo rotation to 0.346896deg	 DONE
17/10/2025 20:04:14:	14	count	time	3.000000s/cts	O Det=12	H Det=92	Mon Det=7211	Aux Det=115	O+H=219	 DONE
17/10/2025 20:04:18:	move motor	S18.axis2.piezo rotation to 0.346956deg	 DONE
17/10/2025 20:04:19:	15	count	time	3.000000s/cts	O Det=19	H Det=107	Mon Det=7192	Aux Det=128	O+H=254	 DONE
17/10/2025 20:04:24:	move motor	S18.axis2.piezo rotation to 0.347016deg	 DONE
17/10/2025 20:04:25:	16	count	time	3.000000s/cts	O Det=29	H Det=144	Mon Det=7151	Aux Det=159	O+H=332	 DONE
17/10/2025 20:04:30:	move motor	S18.axis2.piezo rotation to 0.347076deg	 DONE
17/10/2025 20:04:32:	17	count	time	3.000000s/cts	O Det=25	H Det=146	Mon Det=7242	Aux Det=172	O+H=343	 DONE
17/10/2025 20:04:36:	move motor	S18.axis2.piezo rotation to 0.347136deg	 DONE
17/10/2025 20:04:37:	18	count	time	3.000000s/cts	O Det=44	H Det=209	Mon Det=7119	Aux Det=182	O+H=435	 DONE
17/10/2025 20:04:42:	move motor	S18.axis2.piezo rotation to 0.347196deg	 DONE
17/10/2025 20:04:43:	19	count	time	3.000000s/cts	O Det=68	H Det=257	Mon Det=7252	Aux Det=205	O+H=530	 DONE
17/10/2025 20:04:48:	move motor	S18.axis2.piezo rotation to 0.347256deg	 DONE
17/10/2025 20:04:49:	20	count	time	3.000000s/cts	O Det=91	H Det=383	Mon Det=7231	Aux Det=242	O+H=716	 DONE
17/10/2025 20:04:54:	move motor	S18.axis2.piezo rotation to 0.347316deg	 DONE
17/10/2025 20:04:56:	21	count	time	3.000000s/cts	O Det=114	H Det=482	Mon Det=7322	Aux Det=291	O+H=887	 DONE
17/10/2025 20:05:00:	move motor	S18.axis2.piezo rotation to 0.347376deg	 DONE
17/10/2025 20:05:02:	22	count	time	3.000000s/cts	O Det=116	H Det=532	Mon Det=7163	Aux Det=465	O+H=1113	 DONE
17/10/2025 20:05:06:	move motor	S18.axis2.piezo rotation to 0.347436deg	 DONE
17/10/2025 20:05:08:	23	count	time	3.000000s/cts	O Det=151	H Det=566	Mon Det=7139	Aux Det=566	O+H=1283	 DONE
17/10/2025 20:05:12:	move motor	S18.axis2.piezo rotation to 0.347496deg	 DONE
17/10/2025 20:05:14:	24	count	time	3.000000s/cts	O Det=114	H Det=603	Mon Det=7158	Aux Det=603	O+H=1320	 DONE
17/10/2025 20:05:18:	move motor	S18.axis2.piezo rotation to 0.347556deg	 DONE
17/10/2025 20:05:20:	25	count	time	3.000000s/cts	O Det=128	H Det=528	Mon Det=7214	Aux Det=665	O+H=1321	 DONE
17/10/2025 20:05:24:	move motor	S18.axis2.piezo rotation to 0.347616deg	 DONE
17/10/2025 20:05:25:	26	count	time	3.000000s/cts	O Det=129	H Det=508	Mon Det=7217	Aux Det=601	O+H=1238	 DONE
17/10/2025 20:05:30:	move motor	S18.axis2.piezo rotation to 0.347676deg	 DONE
17/10/2025 20:05:31:	27	count	time	3.000000s/cts	O Det=108	H Det=454	Mon Det=7234	Aux Det=487	O+H=1049	 DONE
17/10/2025 20:05:36:	move motor	S18.axis2.piezo rotation to 0.347736deg	 DONE
17/10/2025 20:05:37:	28	count	time	3.000000s/cts	O Det=91	H Det=357	Mon Det=7269	Aux Det=327	O+H=775	 DONE
17/10/2025 20:05:42:	move motor	S18.axis2.piezo rotation to 0.347796deg	 DONE
17/10/2025 20:05:44:	29	count	time	3.000000s/cts	O Det=87	H Det=250	Mon Det=7337	Aux Det=242	O+H=579	 DONE
17/10/2025 20:05:48:	move motor	S18.axis2.piezo rotation to 0.347856deg	 DONE
17/10/2025 20:05:50:	30	count	time	3.000000s/cts	O Det=49	H Det=195	Mon Det=7235	Aux Det=210	O+H=454	 DONE
17/10/2025 20:05:55:	move motor	S18.axis2.piezo rotation to 0.347916deg	 DONE
17/10/2025 20:05:56:	31	count	time	3.000000s/cts	O Det=43	H Det=155	Mon Det=7243	Aux Det=164	O+H=362	 DONE
17/10/2025 20:06:00:	move motor	S18.axis2.piezo rotation to 0.347976deg	 DONE
17/10/2025 20:06:02:	32	count	time	3.000000s/cts	O Det=22	H Det=135	Mon Det=7256	Aux Det=145	O+H=302	 DONE
17/10/2025 20:06:06:	move motor	S18.axis2.piezo rotation to 0.348036deg	 DONE
17/10/2025 20:06:08:	33	count	time	3.000000s/cts	O Det=21	H Det=95	Mon Det=7148	Aux Det=107	O+H=223	 DONE
17/10/2025 20:06:12:	move motor	S18.axis2.piezo rotation to 0.348096deg	 DONE
17/10/2025 20:06:13:	34	count	time	3.000000s/cts	O Det=10	H Det=90	Mon Det=7316	Aux Det=100	O+H=200	 DONE
17/10/2025 20:06:18:	move motor	S18.axis2.piezo rotation to 0.348156deg	 DONE
17/10/2025 20:06:19:	35	count	time	3.000000s/cts	O Det=6	H Det=74	Mon Det=7254	Aux Det=88	O+H=168	 DONE
17/10/2025 20:06:24:	move motor	S18.axis2.piezo rotation to 0.348216deg	 DONE
17/10/2025 20:06:25:	36	count	time	3.000000s/cts	O Det=5	H Det=68	Mon Det=7248	Aux Det=66	O+H=139	 DONE
17/10/2025 20:06:30:	move motor	S18.axis2.piezo rotation to 0.348276deg	 DONE
17/10/2025 20:06:31:	37	count	time	3.000000s/cts	O Det=6	H Det=50	Mon Det=7115	Aux Det=66	O+H=122	 DONE
17/10/2025 20:06:36:	move motor	S18.axis2.piezo rotation to 0.348336deg	 DONE
17/10/2025 20:06:37:	38	count	time	3.000000s/cts	O Det=2	H Det=46	Mon Det=7162	Aux Det=67	O+H=115	 DONE
17/10/2025 20:06:42:	move motor	S18.axis2.piezo rotation to 0.348396deg	 DONE
17/10/2025 20:06:43:	39	count	time	3.000000s/cts	O Det=3	H Det=49	Mon Det=7179	Aux Det=52	O+H=104	 DONE
17/10/2025 20:06:48:	move motor	S18.axis2.piezo rotation to 0.348456deg	 DONE
17/10/2025 20:06:49:	40	count	time	3.000000s/cts	O Det=5	H Det=30	Mon Det=7272	Aux Det=47	O+H=82	 DONE
17/10/2025 20:06:54:	move motor	S18.axis2.piezo rotation to 0.348516deg	 DONE
17/10/2025 20:06:55:	41	count	time	3.000000s/cts	O Det=0	H Det=30	Mon Det=7123	Aux Det=43	O+H=73	 DONE
17/10/2025 20:07:00:	move motor	S18.axis2.piezo rotation to 0.348576deg	 DONE
17/10/2025 20:07:01:	42	count	time	3.000000s/cts	O Det=2	H Det=24	Mon Det=7284	Aux Det=37	O+H=63	 DONE
17/10/2025 20:07:06:	move motor	S18.axis2.piezo rotation to 0.348636deg	 DONE
17/10/2025 20:07:07:	43	count	time	3.000000s/cts	O Det=4	H Det=25	Mon Det=7240	Aux Det=37	O+H=66	 DONE
17/10/2025 20:07:12:	move motor	S18.axis2.piezo rotation to 0.348696deg	 DONE
17/10/2025 20:07:13:	44	count	time	3.000000s/cts	O Det=1	H Det=26	Mon Det=7293	Aux Det=27	O+H=54	 DONE
17/10/2025 20:07:18:	move motor	S18.axis2.piezo rotation to 0.348756deg	 DONE
17/10/2025 20:07:19:	45	count	time	3.000000s/cts	O Det=0	H Det=20	Mon Det=7277	Aux Det=28	O+H=48	 DONE
17/10/2025 20:07:23:	move motor	S18.axis2.piezo rotation to 0.348816deg	 DONE
17/10/2025 20:07:25:	46	count	time	3.000000s/cts	O Det=0	H Det=18	Mon Det=7365	Aux Det=28	O+H=46	 DONE
17/10/2025 20:07:30:	move motor	S18.axis2.piezo rotation to 0.348876deg	 DONE
17/10/2025 20:07:31:	47	count	time	3.000000s/cts	O Det=1	H Det=19	Mon Det=7191	Aux Det=26	O+H=46	 DONE
17/10/2025 20:07:35:	move motor	S18.axis2.piezo rotation to 0.348936deg	 DONE
17/10/2025 20:07:37:	48	count	time	3.000000s/cts	O Det=0	H Det=7	Mon Det=7264	Aux Det=24	O+H=31	 DONE
17/10/2025 20:07:41:	move motor	S18.axis2.piezo rotation to 0.348996deg	 DONE
17/10/2025 20:07:43:	49	count	time	3.000000s/cts	O Det=0	H Det=17	Mon Det=7156	Aux Det=19	O+H=36	 DONE
17/10/2025 20:07:47:	move motor	S18.axis2.piezo rotation to 0.349056deg	 DONE
17/10/2025 20:07:49:	50	count	time	3.000000s/cts	O Det=0	H Det=17	Mon Det=7260	Aux Det=13	O+H=30	 DONE
17/10/2025 20:07:54:	close file and end scan	 DONE
17/10/2025 20:07:54:	move motor	S18.axis2.piezo rotation to fit SUM PEAK60	0.347523reached 0.34752  DONE
17/10/2025 20:07:57:	END OF SCRIPT	 DONE
