15/10/2025 07:21:34:	start execution of script D:\data\Cycle 198\exp_3-16-19\rawdata\sc\rocking.sc	 DONE
15/10/2025 07:21:34:	move motor	S18.axis2.piezo rotation to 0.246170deg	 DONE
15/10/2025 07:21:37:	create file	D:\data\Cycle 198\exp_3-16-19\rawdata\sc\rocking_15Oct0721.dat	 DONE
room to enter remarks DONE
15/10/2025 07:21:38:	move motor	S18.axis2.piezo rotation to 0.346170deg	 DONE
15/10/2025 07:21:42:	1	count	time	3.000000s/cts	O Det=2	H Det=14	Mon Det=7159	Aux Det=28	O+H=44	 DONE
15/10/2025 07:21:46:	move motor	S18.axis2.piezo rotation to 0.346230deg	 DONE
15/10/2025 07:21:48:	2	count	time	3.000000s/cts	O Det=1	H Det=23	Mon Det=7307	Aux Det=26	O+H=50	 DONE
15/10/2025 07:21:52:	move motor	S18.axis2.piezo rotation to 0.346290deg	 DONE
15/10/2025 07:21:53:	3	count	time	3.000000s/cts	O Det=1	H Det=25	Mon Det=7281	Aux Det=25	O+H=51	 DONE
15/10/2025 07:21:58:	move motor	S18.axis2.piezo rotation to 0.346350deg	 DONE
15/10/2025 07:21:59:	4	count	time	3.000000s/cts	O Det=0	H Det=24	Mon Det=7212	Aux Det=28	O+H=52	 DONE
15/10/2025 07:22:04:	move motor	S18.axis2.piezo rotation to 0.346410deg	 DONE
15/10/2025 07:22:05:	5	count	time	3.000000s/cts	O Det=0	H Det=34	Mon Det=7224	Aux Det=43	O+H=77	 DONE
15/10/2025 07:22:10:	move motor	S18.axis2.piezo rotation to 0.346470deg	 DONE
15/10/2025 07:22:11:	6	count	time	3.000000s/cts	O Det=2	H Det=25	Mon Det=7092	Aux Det=43	O+H=70	 DONE
15/10/2025 07:22:16:	move motor	S18.axis2.piezo rotation to 0.346530deg	 DONE
15/10/2025 07:22:17:	7	count	time	3.000000s/cts	O Det=2	H Det=38	Mon Det=7184	Aux Det=45	O+H=85	 DONE
15/10/2025 07:22:21:	move motor	S18.axis2.piezo rotation to 0.346590deg	 DONE
15/10/2025 07:22:22:	8	count	time	3.000000s/cts	O Det=1	H Det=43	Mon Det=7176	Aux Det=56	O+H=100	 DONE
15/10/2025 07:22:27:	move motor	S18.axis2.piezo rotation to 0.346650deg	 DONE
15/10/2025 07:22:28:	9	count	time	3.000000s/cts	O Det=2	H Det=42	Mon Det=7170	Aux Det=61	O+H=105	 DONE
15/10/2025 07:22:33:	move motor	S18.axis2.piezo rotation to 0.346710deg	 DONE
15/10/2025 07:22:34:	10	count	time	3.000000s/cts	O Det=2	H Det=67	Mon Det=7055	Aux Det=79	O+H=148	 DONE
15/10/2025 07:22:39:	move motor	S18.axis2.piezo rotation to 0.346770deg	 DONE
15/10/2025 07:22:40:	11	count	time	3.000000s/cts	O Det=11	H Det=86	Mon Det=7242	Aux Det=88	O+H=185	 DONE
15/10/2025 07:22:44:	move motor	S18.axis2.piezo rotation to 0.346830deg	 DONE
15/10/2025 07:22:45:	12	count	time	3.000000s/cts	O Det=29	H Det=94	Mon Det=7289	Aux Det=121	O+H=244	 DONE
15/10/2025 07:22:50:	move motor	S18.axis2.piezo rotation to 0.346890deg	 DONE
15/10/2025 07:22:51:	13	count	time	3.000000s/cts	O Det=13	H Det=96	Mon Det=7223	Aux Det=103	O+H=212	 DONE
15/10/2025 07:22:56:	move motor	S18.axis2.piezo rotation to 0.346950deg	 DONE
15/10/2025 07:22:57:	14	count	time	3.000000s/cts	O Det=15	H Det=110	Mon Det=7181	Aux Det=136	O+H=261	 DONE
15/10/2025 07:23:02:	move motor	S18.axis2.piezo rotation to 0.347010deg	 DONE
15/10/2025 07:23:03:	15	count	time	3.000000s/cts	O Det=20	H Det=132	Mon Det=7077	Aux Det=160	O+H=312	 DONE
15/10/2025 07:23:08:	move motor	S18.axis2.piezo rotation to 0.347070deg	 DONE
15/10/2025 07:23:09:	16	count	time	3.000000s/cts	O Det=26	H Det=189	Mon Det=7197	Aux Det=188	O+H=403	 DONE
15/10/2025 07:23:13:	move motor	S18.axis2.piezo rotation to 0.347130deg	 DONE
15/10/2025 07:23:14:	17	count	time	3.000000s/cts	O Det=35	H Det=222	Mon Det=7196	Aux Det=213	O+H=470	 DONE
15/10/2025 07:23:19:	move motor	S18.axis2.piezo rotation to 0.347190deg	 DONE
15/10/2025 07:23:20:	18	count	time	3.000000s/cts	O Det=59	H Det=263	Mon Det=7113	Aux Det=229	O+H=551	 DONE
15/10/2025 07:23:25:	move motor	S18.axis2.piezo rotation to 0.347250deg	 DONE
15/10/2025 07:23:27:	19	count	time	3.000000s/cts	O Det=85	H Det=357	Mon Det=7102	Aux Det=279	O+H=721	 DONE
15/10/2025 07:23:31:	move motor	S18.axis2.piezo rotation to 0.347310deg	 DONE
15/10/2025 07:23:33:	20	count	time	3.000000s/cts	O Det=151	H Det=434	Mon Det=7019	Aux Det=391	O+H=976	 DONE
15/10/2025 07:23:37:	move motor	S18.axis2.piezo rotation to 0.347370deg	 DONE
15/10/2025 07:23:38:	21	count	time	3.000000s/cts	O Det=171	H Det=448	Mon Det=7165	Aux Det=530	O+H=1149	 DONE
15/10/2025 07:23:43:	move motor	S18.axis2.piezo rotation to 0.347430deg	 DONE
15/10/2025 07:23:44:	22	count	time	3.000000s/cts	O Det=180	H Det=479	Mon Det=7244	Aux Det=755	O+H=1414	 DONE
15/10/2025 07:23:49:	move motor	S18.axis2.piezo rotation to 0.347490deg	 DONE
15/10/2025 07:23:50:	23	count	time	3.000000s/cts	O Det=187	H Det=457	Mon Det=7177	Aux Det=866	O+H=1510	 DONE
15/10/2025 07:23:55:	move motor	S18.axis2.piezo rotation to 0.347550deg	 DONE
15/10/2025 07:23:56:	24	count	time	3.000000s/cts	O Det=193	H Det=345	Mon Det=7118	Aux Det=869	O+H=1407	 DONE
15/10/2025 07:24:01:	move motor	S18.axis2.piezo rotation to 0.347610deg	 DONE
15/10/2025 07:24:02:	25	count	time	3.000000s/cts	O Det=177	H Det=338	Mon Det=7162	Aux Det=749	O+H=1264	 DONE
15/10/2025 07:24:06:	move motor	S18.axis2.piezo rotation to 0.347670deg	 DONE
15/10/2025 07:24:08:	26	count	time	3.000000s/cts	O Det=142	H Det=292	Mon Det=7091	Aux Det=624	O+H=1058	 DONE
15/10/2025 07:24:12:	move motor	S18.axis2.piezo rotation to 0.347730deg	 DONE
15/10/2025 07:24:14:	27	count	time	3.000000s/cts	O Det=121	H Det=241	Mon Det=7186	Aux Det=402	O+H=764	 DONE
15/10/2025 07:24:18:	move motor	S18.axis2.piezo rotation to 0.347790deg	 DONE
15/10/2025 07:24:20:	28	count	time	3.000000s/cts	O Det=99	H Det=215	Mon Det=7045	Aux Det=307	O+H=621	 DONE
15/10/2025 07:24:24:	move motor	S18.axis2.piezo rotation to 0.347850deg	 DONE
15/10/2025 07:24:25:	29	count	time	3.000000s/cts	O Det=81	H Det=165	Mon Det=7149	Aux Det=221	O+H=467	 DONE
15/10/2025 07:24:30:	move motor	S18.axis2.piezo rotation to 0.347910deg	 DONE
15/10/2025 07:24:31:	30	count	time	3.000000s/cts	O Det=62	H Det=132	Mon Det=7254	Aux Det=184	O+H=378	 DONE
15/10/2025 07:24:36:	move motor	S18.axis2.piezo rotation to 0.347970deg	 DONE
15/10/2025 07:24:37:	31	count	time	3.000000s/cts	O Det=19	H Det=122	Mon Det=7065	Aux Det=163	O+H=304	 DONE
15/10/2025 07:24:42:	move motor	S18.axis2.piezo rotation to 0.348030deg	 DONE
15/10/2025 07:24:43:	32	count	time	3.000000s/cts	O Det=10	H Det=103	Mon Det=7246	Aux Det=129	O+H=242	 DONE
15/10/2025 07:24:48:	move motor	S18.axis2.piezo rotation to 0.348090deg	 DONE
15/10/2025 07:24:49:	33	count	time	3.000000s/cts	O Det=11	H Det=77	Mon Det=7248	Aux Det=105	O+H=193	 DONE
15/10/2025 07:24:53:	move motor	S18.axis2.piezo rotation to 0.348150deg	 DONE
15/10/2025 07:24:55:	34	count	time	3.000000s/cts	O Det=5	H Det=67	Mon Det=7156	Aux Det=76	O+H=148	 DONE
15/10/2025 07:24:59:	move motor	S18.axis2.piezo rotation to 0.348210deg	 DONE
15/10/2025 07:25:00:	35	count	time	3.000000s/cts	O Det=2	H Det=62	Mon Det=7065	Aux Det=77	O+H=141	 DONE
15/10/2025 07:25:05:	move motor	S18.axis2.piezo rotation to 0.348270deg	 DONE
15/10/2025 07:25:06:	36	count	time	3.000000s/cts	O Det=5	H Det=53	Mon Det=7310	Aux Det=63	O+H=121	 DONE
15/10/2025 07:25:11:	move motor	S18.axis2.piezo rotation to 0.348330deg	 DONE
15/10/2025 07:25:12:	37	count	time	3.000000s/cts	O Det=2	H Det=38	Mon Det=7051	Aux Det=56	O+H=96	 DONE
15/10/2025 07:25:17:	move motor	S18.axis2.piezo rotation to 0.348390deg	 DONE
15/10/2025 07:25:18:	38	count	time	3.000000s/cts	O Det=3	H Det=43	Mon Det=7134	Aux Det=49	O+H=95	 DONE
15/10/2025 07:25:22:	move motor	S18.axis2.piezo rotation to 0.348450deg	 DONE
15/10/2025 07:25:24:	39	count	time	3.000000s/cts	O Det=1	H Det=35	Mon Det=7211	Aux Det=54	O+H=90	 DONE
15/10/2025 07:25:28:	move motor	S18.axis2.piezo rotation to 0.348510deg	 DONE
15/10/2025 07:25:29:	40	count	time	3.000000s/cts	O Det=1	H Det=37	Mon Det=7084	Aux Det=40	O+H=78	 DONE
15/10/2025 07:25:34:	move motor	S18.axis2.piezo rotation to 0.348570deg	 DONE
15/10/2025 07:25:35:	41	count	time	3.000000s/cts	O Det=0	H Det=21	Mon Det=7212	Aux Det=35	O+H=56	 DONE
15/10/2025 07:25:40:	move motor	S18.axis2.piezo rotation to 0.348630deg	 DONE
15/10/2025 07:25:41:	42	count	time	3.000000s/cts	O Det=1	H Det=26	Mon Det=7079	Aux Det=35	O+H=62	 DONE
15/10/2025 07:25:46:	move motor	S18.axis2.piezo rotation to 0.348690deg	 DONE
15/10/2025 07:25:47:	43	count	time	3.000000s/cts	O Det=0	H Det=21	Mon Det=7000	Aux Det=27	O+H=48	 DONE
15/10/2025 07:25:52:	move motor	S18.axis2.piezo rotation to 0.348750deg	 DONE
15/10/2025 07:25:53:	44	count	time	3.000000s/cts	O Det=0	H Det=24	Mon Det=7030	Aux Det=20	O+H=44	 DONE
15/10/2025 07:25:57:	move motor	S18.axis2.piezo rotation to 0.348810deg	 DONE
15/10/2025 07:25:58:	45	count	time	3.000000s/cts	O Det=1	H Det=21	Mon Det=7078	Aux Det=23	O+H=45	 DONE
15/10/2025 07:26:03:	move motor	S18.axis2.piezo rotation to 0.348870deg	 DONE
15/10/2025 07:26:04:	46	count	time	3.000000s/cts	O Det=0	H Det=18	Mon Det=7099	Aux Det=20	O+H=38	 DONE
15/10/2025 07:26:09:	move motor	S18.axis2.piezo rotation to 0.348930deg	 DONE
15/10/2025 07:26:10:	47	count	time	3.000000s/cts	O Det=0	H Det=10	Mon Det=7163	Aux Det=16	O+H=26	 DONE
15/10/2025 07:26:14:	move motor	S18.axis2.piezo rotation to 0.348990deg	 DONE
15/10/2025 07:26:16:	48	count	time	3.000000s/cts	O Det=1	H Det=17	Mon Det=7269	Aux Det=20	O+H=38	 DONE
15/10/2025 07:26:20:	move motor	S18.axis2.piezo rotation to 0.349050deg	 DONE
15/10/2025 07:26:22:	49	count	time	3.000000s/cts	O Det=0	H Det=15	Mon Det=7040	Aux Det=21	O+H=36	 DONE
15/10/2025 07:26:26:	move motor	S18.axis2.piezo rotation to 0.349110deg	 DONE
15/10/2025 07:26:28:	50	count	time	3.000000s/cts	O Det=2	H Det=8	Mon Det=7069	Aux Det=18	O+H=28	 DONE
15/10/2025 07:26:32:	close file and end scan	 DONE
15/10/2025 07:26:33:	move motor	S18.axis2.piezo rotation to fit SUM PEAK60	0.347500reached 0.34750  DONE
15/10/2025 07:26:35:	END OF SCRIPT	 DONE
