12/10/2025 01:20:09:	start execution of script D:\data\Cycle 198\exp_3-16-19\rawdata\sc\rocking.sc	 DONE
12/10/2025 01:20:10:	move motor	S18.axis2.piezo rotation to 0.246170deg	 DONE
12/10/2025 01:20:14:	create file	D:\data\Cycle 198\exp_3-16-19\rawdata\sc\rocking_12Oct0120.dat	 DONE
room to enter remarks DONE
12/10/2025 01:20:15:	move motor	S18.axis2.piezo rotation to 0.346170deg	 DONE
12/10/2025 01:20:18:	1	count	time	3.000000s/cts	O Det=0	H Det=25	Mon Det=9205	Aux Det=25	O+H=50	 DONE
12/10/2025 01:20:23:	move motor	S18.axis2.piezo rotation to 0.346230deg	 DONE
12/10/2025 01:20:24:	2	count	time	3.000000s/cts	O Det=1	H Det=32	Mon Det=9506	Aux Det=39	O+H=72	 DONE
12/10/2025 01:20:29:	move motor	S18.axis2.piezo rotation to 0.346290deg	 DONE
12/10/2025 01:20:30:	3	count	time	3.000000s/cts	O Det=1	H Det=26	Mon Det=9374	Aux Det=43	O+H=70	 DONE
12/10/2025 01:20:35:	move motor	S18.axis2.piezo rotation to 0.346350deg	 DONE
12/10/2025 01:20:37:	4	count	time	3.000000s/cts	O Det=1	H Det=21	Mon Det=9343	Aux Det=49	O+H=71	 DONE
12/10/2025 01:20:42:	move motor	S18.axis2.piezo rotation to 0.346410deg	 DONE
12/10/2025 01:20:43:	5	count	time	3.000000s/cts	O Det=0	H Det=41	Mon Det=9345	Aux Det=49	O+H=90	 DONE
12/10/2025 01:20:47:	move motor	S18.axis2.piezo rotation to 0.346470deg	 DONE
12/10/2025 01:20:49:	6	count	time	3.000000s/cts	O Det=3	H Det=35	Mon Det=9350	Aux Det=38	O+H=76	 DONE
12/10/2025 01:20:54:	move motor	S18.axis2.piezo rotation to 0.346530deg	 DONE
12/10/2025 01:20:55:	7	count	time	3.000000s/cts	O Det=3	H Det=41	Mon Det=9304	Aux Det=48	O+H=92	 DONE
12/10/2025 01:21:00:	move motor	S18.axis2.piezo rotation to 0.346590deg	 DONE
12/10/2025 01:21:01:	8	count	time	3.000000s/cts	O Det=2	H Det=39	Mon Det=9155	Aux Det=74	O+H=115	 DONE
12/10/2025 01:21:06:	move motor	S18.axis2.piezo rotation to 0.346650deg	 DONE
12/10/2025 01:21:07:	9	count	time	3.000000s/cts	O Det=3	H Det=74	Mon Det=9187	Aux Det=97	O+H=174	 DONE
12/10/2025 01:21:12:	move motor	S18.axis2.piezo rotation to 0.346710deg	 DONE
12/10/2025 01:21:13:	10	count	time	3.000000s/cts	O Det=5	H Det=62	Mon Det=9371	Aux Det=78	O+H=145	 DONE
12/10/2025 01:21:18:	move motor	S18.axis2.piezo rotation to 0.346770deg	 DONE
12/10/2025 01:21:19:	11	count	time	3.000000s/cts	O Det=6	H Det=72	Mon Det=9318	Aux Det=97	O+H=175	 DONE
12/10/2025 01:21:24:	move motor	S18.axis2.piezo rotation to 0.346830deg	 DONE
12/10/2025 01:21:25:	12	count	time	3.000000s/cts	O Det=33	H Det=113	Mon Det=9394	Aux Det=114	O+H=260	 DONE
12/10/2025 01:21:30:	move motor	S18.axis2.piezo rotation to 0.346890deg	 DONE
12/10/2025 01:21:31:	13	count	time	3.000000s/cts	O Det=46	H Det=113	Mon Det=9239	Aux Det=214	O+H=373	 DONE
12/10/2025 01:21:36:	move motor	S18.axis2.piezo rotation to 0.346950deg	 DONE
12/10/2025 01:21:37:	14	count	time	3.000000s/cts	O Det=30	H Det=122	Mon Det=9342	Aux Det=158	O+H=310	 DONE
12/10/2025 01:21:42:	move motor	S18.axis2.piezo rotation to 0.347010deg	 DONE
12/10/2025 01:21:44:	15	count	time	3.000000s/cts	O Det=26	H Det=128	Mon Det=9214	Aux Det=163	O+H=317	 DONE
12/10/2025 01:21:49:	move motor	S18.axis2.piezo rotation to 0.347070deg	 DONE
12/10/2025 01:21:50:	16	count	time	3.000000s/cts	O Det=23	H Det=162	Mon Det=9060	Aux Det=178	O+H=363	 DONE
12/10/2025 01:21:55:	move motor	S18.axis2.piezo rotation to 0.347130deg	 DONE
12/10/2025 01:21:56:	17	count	time	3.000000s/cts	O Det=26	H Det=192	Mon Det=9377	Aux Det=192	O+H=410	 DONE
12/10/2025 01:22:01:	move motor	S18.axis2.piezo rotation to 0.347190deg	 DONE
12/10/2025 01:22:02:	18	count	time	3.000000s/cts	O Det=72	H Det=270	Mon Det=9252	Aux Det=251	O+H=593	 DONE
12/10/2025 01:22:07:	move motor	S18.axis2.piezo rotation to 0.347250deg	 DONE
12/10/2025 01:22:08:	19	count	time	3.000000s/cts	O Det=115	H Det=357	Mon Det=9316	Aux Det=269	O+H=741	 DONE
12/10/2025 01:22:13:	move motor	S18.axis2.piezo rotation to 0.347310deg	 DONE
12/10/2025 01:22:14:	20	count	time	3.000000s/cts	O Det=152	H Det=521	Mon Det=9085	Aux Det=262	O+H=935	 DONE
12/10/2025 01:22:19:	move motor	S18.axis2.piezo rotation to 0.347370deg	 DONE
12/10/2025 01:22:20:	21	count	time	3.000000s/cts	O Det=173	H Det=647	Mon Det=9488	Aux Det=439	O+H=1259	 DONE
12/10/2025 01:22:25:	move motor	S18.axis2.piezo rotation to 0.347430deg	 DONE
12/10/2025 01:22:26:	22	count	time	3.000000s/cts	O Det=178	H Det=718	Mon Det=9274	Aux Det=541	O+H=1437	 DONE
12/10/2025 01:22:31:	move motor	S18.axis2.piezo rotation to 0.347490deg	 DONE
12/10/2025 01:22:32:	23	count	time	3.000000s/cts	O Det=146	H Det=819	Mon Det=9360	Aux Det=618	O+H=1583	 DONE
12/10/2025 01:22:36:	move motor	S18.axis2.piezo rotation to 0.347550deg	 DONE
12/10/2025 01:22:38:	24	count	time	3.000000s/cts	O Det=173	H Det=926	Mon Det=9200	Aux Det=651	O+H=1750	 DONE
12/10/2025 01:22:42:	move motor	S18.axis2.piezo rotation to 0.347610deg	 DONE
12/10/2025 01:22:44:	25	count	time	3.000000s/cts	O Det=166	H Det=936	Mon Det=9301	Aux Det=622	O+H=1724	 DONE
12/10/2025 01:22:48:	move motor	S18.axis2.piezo rotation to 0.347670deg	 DONE
12/10/2025 01:22:50:	26	count	time	3.000000s/cts	O Det=131	H Det=774	Mon Det=9208	Aux Det=639	O+H=1544	 DONE
12/10/2025 01:22:54:	move motor	S18.axis2.piezo rotation to 0.347730deg	 DONE
12/10/2025 01:22:56:	27	count	time	3.000000s/cts	O Det=125	H Det=692	Mon Det=9234	Aux Det=432	O+H=1249	 DONE
12/10/2025 01:23:00:	move motor	S18.axis2.piezo rotation to 0.347790deg	 DONE
12/10/2025 01:23:02:	28	count	time	3.000000s/cts	O Det=100	H Det=546	Mon Det=9200	Aux Det=295	O+H=941	 DONE
12/10/2025 01:23:06:	move motor	S18.axis2.piezo rotation to 0.347850deg	 DONE
12/10/2025 01:23:08:	29	count	time	3.000000s/cts	O Det=82	H Det=428	Mon Det=9350	Aux Det=259	O+H=769	 DONE
12/10/2025 01:23:12:	move motor	S18.axis2.piezo rotation to 0.347910deg	 DONE
12/10/2025 01:23:13:	30	count	time	3.000000s/cts	O Det=56	H Det=308	Mon Det=9445	Aux Det=250	O+H=614	 DONE
12/10/2025 01:23:18:	move motor	S18.axis2.piezo rotation to 0.347970deg	 DONE
12/10/2025 01:23:20:	31	count	time	3.000000s/cts	O Det=46	H Det=222	Mon Det=9076	Aux Det=203	O+H=471	 DONE
12/10/2025 01:23:24:	move motor	S18.axis2.piezo rotation to 0.348030deg	 DONE
12/10/2025 01:23:26:	32	count	time	3.000000s/cts	O Det=21	H Det=178	Mon Det=9313	Aux Det=205	O+H=404	 DONE
12/10/2025 01:23:31:	move motor	S18.axis2.piezo rotation to 0.348090deg	 DONE
12/10/2025 01:23:32:	33	count	time	3.000000s/cts	O Det=18	H Det=126	Mon Det=9416	Aux Det=162	O+H=306	 DONE
12/10/2025 01:23:36:	move motor	S18.axis2.piezo rotation to 0.348150deg	 DONE
12/10/2025 01:23:38:	34	count	time	3.000000s/cts	O Det=11	H Det=96	Mon Det=9333	Aux Det=125	O+H=232	 DONE
12/10/2025 01:23:42:	move motor	S18.axis2.piezo rotation to 0.348210deg	 DONE
12/10/2025 01:23:44:	35	count	time	3.000000s/cts	O Det=10	H Det=112	Mon Det=9423	Aux Det=88	O+H=210	 DONE
12/10/2025 01:23:48:	move motor	S18.axis2.piezo rotation to 0.348270deg	 DONE
12/10/2025 01:23:49:	36	count	time	3.000000s/cts	O Det=10	H Det=65	Mon Det=9473	Aux Det=82	O+H=157	 DONE
12/10/2025 01:23:54:	move motor	S18.axis2.piezo rotation to 0.348330deg	 DONE
12/10/2025 01:23:55:	37	count	time	3.000000s/cts	O Det=5	H Det=60	Mon Det=9314	Aux Det=75	O+H=140	 DONE
12/10/2025 01:24:00:	move motor	S18.axis2.piezo rotation to 0.348390deg	 DONE
12/10/2025 01:24:02:	38	count	time	3.000000s/cts	O Det=2	H Det=70	Mon Det=9227	Aux Det=63	O+H=135	 DONE
12/10/2025 01:24:06:	move motor	S18.axis2.piezo rotation to 0.348450deg	 DONE
12/10/2025 01:24:08:	39	count	time	3.000000s/cts	O Det=1	H Det=50	Mon Det=9350	Aux Det=71	O+H=122	 DONE
12/10/2025 01:24:12:	move motor	S18.axis2.piezo rotation to 0.348510deg	 DONE
12/10/2025 01:24:13:	40	count	time	3.000000s/cts	O Det=4	H Det=36	Mon Det=9126	Aux Det=59	O+H=99	 DONE
12/10/2025 01:24:18:	move motor	S18.axis2.piezo rotation to 0.348570deg	 DONE
12/10/2025 01:24:19:	41	count	time	3.000000s/cts	O Det=3	H Det=42	Mon Det=9342	Aux Det=39	O+H=84	 DONE
12/10/2025 01:24:24:	move motor	S18.axis2.piezo rotation to 0.348630deg	 DONE
12/10/2025 01:24:25:	42	count	time	3.000000s/cts	O Det=0	H Det=37	Mon Det=9332	Aux Det=57	O+H=94	 DONE
12/10/2025 01:24:30:	move motor	S18.axis2.piezo rotation to 0.348690deg	 DONE
12/10/2025 01:24:31:	43	count	time	3.000000s/cts	O Det=1	H Det=26	Mon Det=9408	Aux Det=29	O+H=56	 DONE
12/10/2025 01:24:36:	move motor	S18.axis2.piezo rotation to 0.348750deg	 DONE
12/10/2025 01:24:37:	44	count	time	3.000000s/cts	O Det=0	H Det=26	Mon Det=9212	Aux Det=29	O+H=55	 DONE
12/10/2025 01:24:42:	move motor	S18.axis2.piezo rotation to 0.348810deg	 DONE
12/10/2025 01:24:43:	45	count	time	3.000000s/cts	O Det=0	H Det=27	Mon Det=9265	Aux Det=38	O+H=65	 DONE
12/10/2025 01:24:48:	move motor	S18.axis2.piezo rotation to 0.348870deg	 DONE
12/10/2025 01:24:49:	46	count	time	3.000000s/cts	O Det=1	H Det=21	Mon Det=9193	Aux Det=39	O+H=61	 DONE
12/10/2025 01:24:53:	move motor	S18.axis2.piezo rotation to 0.348930deg	 DONE
12/10/2025 01:24:55:	47	count	time	3.000000s/cts	O Det=0	H Det=25	Mon Det=9295	Aux Det=22	O+H=47	 DONE
12/10/2025 01:24:59:	move motor	S18.axis2.piezo rotation to 0.348990deg	 DONE
12/10/2025 01:25:01:	48	count	time	3.000000s/cts	O Det=0	H Det=18	Mon Det=9316	Aux Det=32	O+H=50	 DONE
12/10/2025 01:25:05:	move motor	S18.axis2.piezo rotation to 0.349050deg	 DONE
12/10/2025 01:25:07:	49	count	time	3.000000s/cts	O Det=3	H Det=11	Mon Det=9254	Aux Det=36	O+H=50	 DONE
12/10/2025 01:25:12:	move motor	S18.axis2.piezo rotation to 0.349110deg	 DONE
12/10/2025 01:25:13:	50	count	time	3.000000s/cts	O Det=0	H Det=19	Mon Det=9376	Aux Det=32	O+H=51	 DONE
12/10/2025 01:25:18:	close file and end scan	 DONE
12/10/2025 01:25:18:	move motor	S18.axis2.piezo rotation to fit SUM PEAK60	0.347558reached 0.34756  DONE
12/10/2025 01:25:23:	END OF SCRIPT	 DONE
