28/09/2025 03:42:18:	start execution of script D:\data\Cycle 198\exp_3-16-19\rawdata\sc\rocking.sc	 DONE
28/09/2025 03:42:19:	move motor	S18.axis2.piezo rotation to -1.962370deg	 DONE
28/09/2025 03:42:23:	create file	D:\data\Cycle 198\exp_3-16-19\rawdata\sc\rocking_28Sep0342.dat	 DONE
room to enter remarks DONE
28/09/2025 03:42:25:	move motor	S18.axis2.piezo rotation to -1.862370deg	 DONE
28/09/2025 03:42:29:	1	count	time	5.000000s/cts	O Det=0	H Det=1	Mon Det=11412	Aux Det=36	O+H=37	 DONE
28/09/2025 03:42:36:	move motor	S18.axis2.piezo rotation to -1.862320deg	 DONE
28/09/2025 03:42:38:	2	count	time	5.000000s/cts	O Det=0	H Det=4	Mon Det=11464	Aux Det=58	O+H=62	 DONE
28/09/2025 03:42:45:	move motor	S18.axis2.piezo rotation to -1.862270deg	 DONE
28/09/2025 03:42:47:	3	count	time	5.000000s/cts	O Det=0	H Det=2	Mon Det=11248	Aux Det=63	O+H=65	 DONE
28/09/2025 03:42:54:	move motor	S18.axis2.piezo rotation to -1.862220deg	 DONE
28/09/2025 03:42:56:	4	count	time	5.000000s/cts	O Det=0	H Det=3	Mon Det=11386	Aux Det=62	O+H=65	 DONE
28/09/2025 03:43:03:	move motor	S18.axis2.piezo rotation to -1.862170deg	 DONE
28/09/2025 03:43:04:	5	count	time	5.000000s/cts	O Det=1	H Det=2	Mon Det=11295	Aux Det=61	O+H=64	 DONE
28/09/2025 03:43:12:	move motor	S18.axis2.piezo rotation to -1.862120deg	 DONE
28/09/2025 03:43:13:	6	count	time	5.000000s/cts	O Det=1	H Det=0	Mon Det=11151	Aux Det=63	O+H=64	 DONE
28/09/2025 03:43:20:	move motor	S18.axis2.piezo rotation to -1.862070deg	 DONE
28/09/2025 03:43:21:	7	count	time	5.000000s/cts	O Det=1	H Det=0	Mon Det=11389	Aux Det=68	O+H=69	 DONE
28/09/2025 03:43:29:	move motor	S18.axis2.piezo rotation to -1.862020deg	 DONE
28/09/2025 03:43:30:	8	count	time	5.000000s/cts	O Det=3	H Det=0	Mon Det=11349	Aux Det=100	O+H=103	 DONE
28/09/2025 03:43:38:	move motor	S18.axis2.piezo rotation to -1.861970deg	 DONE
28/09/2025 03:43:39:	9	count	time	5.000000s/cts	O Det=0	H Det=0	Mon Det=11311	Aux Det=72	O+H=72	 DONE
28/09/2025 03:43:46:	move motor	S18.axis2.piezo rotation to -1.861920deg	 DONE
28/09/2025 03:43:48:	10	count	time	5.000000s/cts	O Det=1	H Det=2	Mon Det=11308	Aux Det=95	O+H=98	 DONE
28/09/2025 03:43:55:	move motor	S18.axis2.piezo rotation to -1.861870deg	 DONE
28/09/2025 03:43:57:	11	count	time	5.000000s/cts	O Det=0	H Det=3	Mon Det=11409	Aux Det=99	O+H=102	 DONE
28/09/2025 03:44:04:	move motor	S18.axis2.piezo rotation to -1.861820deg	 DONE
28/09/2025 03:44:06:	12	count	time	5.000000s/cts	O Det=2	H Det=2	Mon Det=11526	Aux Det=129	O+H=133	 DONE
28/09/2025 03:44:13:	move motor	S18.axis2.piezo rotation to -1.861770deg	 DONE
28/09/2025 03:44:15:	13	count	time	5.000000s/cts	O Det=0	H Det=3	Mon Det=11481	Aux Det=123	O+H=126	 DONE
28/09/2025 03:44:22:	move motor	S18.axis2.piezo rotation to -1.861720deg	 DONE
28/09/2025 03:44:23:	14	count	time	5.000000s/cts	O Det=2	H Det=3	Mon Det=11327	Aux Det=163	O+H=168	 DONE
28/09/2025 03:44:30:	move motor	S18.axis2.piezo rotation to -1.861670deg	 DONE
28/09/2025 03:44:32:	15	count	time	5.000000s/cts	O Det=2	H Det=1	Mon Det=11570	Aux Det=177	O+H=180	 DONE
28/09/2025 03:44:39:	move motor	S18.axis2.piezo rotation to -1.861620deg	 DONE
28/09/2025 03:44:40:	16	count	time	5.000000s/cts	O Det=1	H Det=6	Mon Det=11187	Aux Det=231	O+H=238	 DONE
28/09/2025 03:44:48:	move motor	S18.axis2.piezo rotation to -1.861570deg	 DONE
28/09/2025 03:44:49:	17	count	time	5.000000s/cts	O Det=1	H Det=5	Mon Det=11310	Aux Det=217	O+H=223	 DONE
28/09/2025 03:44:56:	move motor	S18.axis2.piezo rotation to -1.861520deg	 DONE
28/09/2025 03:44:57:	18	count	time	5.000000s/cts	O Det=6	H Det=16	Mon Det=11414	Aux Det=381	O+H=403	 DONE
28/09/2025 03:45:04:	move motor	S18.axis2.piezo rotation to -1.861470deg	 DONE
28/09/2025 03:45:06:	19	count	time	5.000000s/cts	O Det=3	H Det=12	Mon Det=11459	Aux Det=377	O+H=392	 DONE
28/09/2025 03:45:13:	move motor	S18.axis2.piezo rotation to -1.861420deg	 DONE
28/09/2025 03:45:14:	20	count	time	5.000000s/cts	O Det=3	H Det=15	Mon Det=11417	Aux Det=397	O+H=415	 DONE
28/09/2025 03:45:22:	move motor	S18.axis2.piezo rotation to -1.861370deg	 DONE
28/09/2025 03:45:23:	21	count	time	5.000000s/cts	O Det=4	H Det=16	Mon Det=11272	Aux Det=400	O+H=420	 DONE
28/09/2025 03:45:30:	move motor	S18.axis2.piezo rotation to -1.861320deg	 DONE
28/09/2025 03:45:31:	22	count	time	5.000000s/cts	O Det=13	H Det=20	Mon Det=11417	Aux Det=429	O+H=462	 DONE
28/09/2025 03:45:38:	move motor	S18.axis2.piezo rotation to -1.861270deg	 DONE
28/09/2025 03:45:40:	23	count	time	5.000000s/cts	O Det=14	H Det=44	Mon Det=11431	Aux Det=545	O+H=603	 DONE
28/09/2025 03:45:47:	move motor	S18.axis2.piezo rotation to -1.861220deg	 DONE
28/09/2025 03:45:48:	24	count	time	5.000000s/cts	O Det=22	H Det=63	Mon Det=11290	Aux Det=646	O+H=731	 DONE
28/09/2025 03:45:55:	move motor	S18.axis2.piezo rotation to -1.861170deg	 DONE
28/09/2025 03:45:57:	25	count	time	5.000000s/cts	O Det=15	H Det=137	Mon Det=11448	Aux Det=668	O+H=820	 DONE
28/09/2025 03:46:04:	move motor	S18.axis2.piezo rotation to -1.861120deg	 DONE
28/09/2025 03:46:05:	26	count	time	5.000000s/cts	O Det=53	H Det=196	Mon Det=11469	Aux Det=822	O+H=1071	 DONE
28/09/2025 03:46:12:	move motor	S18.axis2.piezo rotation to -1.861070deg	 DONE
28/09/2025 03:46:14:	27	count	time	5.000000s/cts	O Det=52	H Det=316	Mon Det=11381	Aux Det=1080	O+H=1448	 DONE
28/09/2025 03:46:21:	move motor	S18.axis2.piezo rotation to -1.861020deg	 DONE
28/09/2025 03:46:23:	28	count	time	5.000000s/cts	O Det=59	H Det=348	Mon Det=11406	Aux Det=1392	O+H=1799	 DONE
28/09/2025 03:46:30:	move motor	S18.axis2.piezo rotation to -1.860970deg	 DONE
28/09/2025 03:46:31:	29	count	time	5.000000s/cts	O Det=62	H Det=432	Mon Det=11482	Aux Det=1644	O+H=2138	 DONE
28/09/2025 03:46:39:	move motor	S18.axis2.piezo rotation to -1.860920deg	 DONE
28/09/2025 03:46:40:	30	count	time	5.000000s/cts	O Det=56	H Det=439	Mon Det=11489	Aux Det=1679	O+H=2174	 DONE
28/09/2025 03:46:47:	move motor	S18.axis2.piezo rotation to -1.860870deg	 DONE
28/09/2025 03:46:48:	31	count	time	5.000000s/cts	O Det=63	H Det=480	Mon Det=11264	Aux Det=1861	O+H=2404	 DONE
28/09/2025 03:46:55:	move motor	S18.axis2.piezo rotation to -1.860820deg	 DONE
28/09/2025 03:46:57:	32	count	time	5.000000s/cts	O Det=54	H Det=435	Mon Det=11172	Aux Det=1909	O+H=2398	 DONE
28/09/2025 03:47:04:	move motor	S18.axis2.piezo rotation to -1.860770deg	 DONE
28/09/2025 03:47:06:	33	count	time	5.000000s/cts	O Det=55	H Det=424	Mon Det=11325	Aux Det=1969	O+H=2448	 DONE
28/09/2025 03:47:13:	move motor	S18.axis2.piezo rotation to -1.860720deg	 DONE
28/09/2025 03:47:15:	34	count	time	5.000000s/cts	O Det=30	H Det=313	Mon Det=11352	Aux Det=1959	O+H=2302	 DONE
28/09/2025 03:47:22:	move motor	S18.axis2.piezo rotation to -1.860670deg	 DONE
28/09/2025 03:47:23:	35	count	time	5.000000s/cts	O Det=24	H Det=204	Mon Det=11306	Aux Det=1747	O+H=1975	 DONE
28/09/2025 03:47:30:	move motor	S18.axis2.piezo rotation to -1.860620deg	 DONE
28/09/2025 03:47:33:	36	count	time	5.000000s/cts	O Det=20	H Det=138	Mon Det=11301	Aux Det=1529	O+H=1687	 DONE
28/09/2025 03:47:40:	move motor	S18.axis2.piezo rotation to -1.860570deg	 DONE
28/09/2025 03:47:42:	37	count	time	5.000000s/cts	O Det=13	H Det=113	Mon Det=11196	Aux Det=1243	O+H=1369	 DONE
28/09/2025 03:47:49:	move motor	S18.axis2.piezo rotation to -1.860520deg	 DONE
28/09/2025 03:47:50:	38	count	time	5.000000s/cts	O Det=13	H Det=56	Mon Det=11360	Aux Det=919	O+H=988	 DONE
28/09/2025 03:47:57:	move motor	S18.axis2.piezo rotation to -1.860470deg	 DONE
28/09/2025 03:47:58:	39	count	time	5.000000s/cts	O Det=12	H Det=36	Mon Det=11335	Aux Det=805	O+H=853	 DONE
28/09/2025 03:48:06:	move motor	S18.axis2.piezo rotation to -1.860420deg	 DONE
28/09/2025 03:48:07:	40	count	time	5.000000s/cts	O Det=6	H Det=18	Mon Det=11330	Aux Det=636	O+H=660	 DONE
28/09/2025 03:48:14:	move motor	S18.axis2.piezo rotation to -1.860370deg	 DONE
28/09/2025 03:48:15:	41	count	time	5.000000s/cts	O Det=7	H Det=16	Mon Det=11147	Aux Det=486	O+H=509	 DONE
28/09/2025 03:48:23:	move motor	S18.axis2.piezo rotation to -1.860320deg	 DONE
28/09/2025 03:48:24:	42	count	time	5.000000s/cts	O Det=5	H Det=9	Mon Det=11216	Aux Det=388	O+H=402	 DONE
28/09/2025 03:48:31:	move motor	S18.axis2.piezo rotation to -1.860270deg	 DONE
28/09/2025 03:48:33:	43	count	time	5.000000s/cts	O Det=5	H Det=1	Mon Det=11532	Aux Det=346	O+H=352	 DONE
28/09/2025 03:48:40:	move motor	S18.axis2.piezo rotation to -1.860220deg	 DONE
28/09/2025 03:48:42:	44	count	time	5.000000s/cts	O Det=3	H Det=8	Mon Det=11449	Aux Det=318	O+H=329	 DONE
28/09/2025 03:48:49:	move motor	S18.axis2.piezo rotation to -1.860170deg	 DONE
28/09/2025 03:48:50:	45	count	time	5.000000s/cts	O Det=1	H Det=3	Mon Det=11372	Aux Det=234	O+H=238	 DONE
28/09/2025 03:48:58:	move motor	S18.axis2.piezo rotation to -1.860120deg	 DONE
28/09/2025 03:48:59:	46	count	time	5.000000s/cts	O Det=2	H Det=2	Mon Det=11358	Aux Det=207	O+H=211	 DONE
28/09/2025 03:49:06:	move motor	S18.axis2.piezo rotation to -1.860070deg	 DONE
28/09/2025 03:49:08:	47	count	time	5.000000s/cts	O Det=0	H Det=4	Mon Det=11279	Aux Det=184	O+H=188	 DONE
28/09/2025 03:49:15:	move motor	S18.axis2.piezo rotation to -1.860020deg	 DONE
28/09/2025 03:49:17:	48	count	time	5.000000s/cts	O Det=1	H Det=4	Mon Det=11484	Aux Det=187	O+H=192	 DONE
28/09/2025 03:49:24:	move motor	S18.axis2.piezo rotation to -1.859970deg	 DONE
28/09/2025 03:49:25:	49	count	time	5.000000s/cts	O Det=0	H Det=2	Mon Det=11244	Aux Det=154	O+H=156	 DONE
28/09/2025 03:49:33:	move motor	S18.axis2.piezo rotation to -1.859920deg	 DONE
28/09/2025 03:49:34:	50	count	time	5.000000s/cts	O Det=0	H Det=1	Mon Det=11463	Aux Det=126	O+H=127	 DONE
28/09/2025 03:49:41:	move motor	S18.axis2.piezo rotation to -1.859870deg	 DONE
28/09/2025 03:49:43:	51	count	time	5.000000s/cts	O Det=1	H Det=1	Mon Det=11441	Aux Det=135	O+H=137	 DONE
28/09/2025 03:49:50:	move motor	S18.axis2.piezo rotation to -1.859820deg	 DONE
28/09/2025 03:49:51:	52	count	time	5.000000s/cts	O Det=1	H Det=3	Mon Det=11354	Aux Det=91	O+H=95	 DONE
28/09/2025 03:49:59:	move motor	S18.axis2.piezo rotation to -1.859770deg	 DONE
28/09/2025 03:50:00:	53	count	time	5.000000s/cts	O Det=0	H Det=3	Mon Det=11362	Aux Det=92	O+H=95	 DONE
28/09/2025 03:50:07:	move motor	S18.axis2.piezo rotation to -1.859720deg	 DONE
28/09/2025 03:50:09:	54	count	time	5.000000s/cts	O Det=1	H Det=2	Mon Det=11253	Aux Det=67	O+H=70	 DONE
28/09/2025 03:50:16:	move motor	S18.axis2.piezo rotation to -1.859670deg	 DONE
28/09/2025 03:50:17:	55	count	time	5.000000s/cts	O Det=0	H Det=1	Mon Det=11448	Aux Det=81	O+H=82	 DONE
28/09/2025 03:50:24:	move motor	S18.axis2.piezo rotation to -1.859620deg	 DONE
28/09/2025 03:50:26:	56	count	time	5.000000s/cts	O Det=0	H Det=2	Mon Det=11268	Aux Det=81	O+H=83	 DONE
28/09/2025 03:50:33:	move motor	S18.axis2.piezo rotation to -1.859570deg	 DONE
28/09/2025 03:50:34:	57	count	time	5.000000s/cts	O Det=2	H Det=1	Mon Det=11384	Aux Det=60	O+H=63	 DONE
28/09/2025 03:50:42:	move motor	S18.axis2.piezo rotation to -1.859520deg	 DONE
28/09/2025 03:50:43:	58	count	time	5.000000s/cts	O Det=0	H Det=3	Mon Det=11356	Aux Det=72	O+H=75	 DONE
28/09/2025 03:50:50:	move motor	S18.axis2.piezo rotation to -1.859470deg	 DONE
28/09/2025 03:50:51:	59	count	time	5.000000s/cts	O Det=1	H Det=3	Mon Det=11550	Aux Det=47	O+H=51	 DONE
28/09/2025 03:50:58:	move motor	S18.axis2.piezo rotation to -1.859420deg	 DONE
28/09/2025 03:51:00:	60	count	time	5.000000s/cts	O Det=1	H Det=1	Mon Det=11426	Aux Det=59	O+H=61	 DONE
28/09/2025 03:51:07:	close file and end scan	saving D:\data\Cycle 198\exp_3-16-19\rawdata\sc\rocking_28Sep0342.tif  DONE
28/09/2025 03:51:07:	move motor	S18.axis2.piezo rotation to fit SUM PEAK60	-1.860826reached -1.86082  DONE
28/09/2025 03:51:13:	END OF SCRIPT	 DONE
