25/10/2025 04:56:57:	start execution of script D:\data\Cycle 198\exp_3-16-19\rawdata\sc\rocking.sc	 DONE
25/10/2025 04:56:58:	move motor	S18.axis2.piezo rotation to 0.245239deg	 DONE
25/10/2025 04:57:00:	create file	D:\data\Cycle 198\exp_3-16-19\rawdata\sc\rocking_25Oct0457.dat	 DONE
room to enter remarks DONE
25/10/2025 04:57:01:	move motor	S18.axis2.piezo rotation to 0.345239deg	 DONE
25/10/2025 04:57:05:	1	count	time	3.000000s/cts	O Det=0	H Det=18	Mon Det=7548	Aux Det=20	O+H=38	 DONE
25/10/2025 04:57:10:	move motor	S18.axis2.piezo rotation to 0.345299deg	 DONE
25/10/2025 04:57:11:	2	count	time	3.000000s/cts	O Det=1	H Det=16	Mon Det=7573	Aux Det=25	O+H=42	 DONE
25/10/2025 04:57:16:	move motor	S18.axis2.piezo rotation to 0.345359deg	 DONE
25/10/2025 04:57:17:	3	count	time	3.000000s/cts	O Det=1	H Det=19	Mon Det=7577	Aux Det=27	O+H=47	 DONE
25/10/2025 04:57:22:	move motor	S18.axis2.piezo rotation to 0.345419deg	 DONE
25/10/2025 04:57:23:	4	count	time	3.000000s/cts	O Det=0	H Det=21	Mon Det=7531	Aux Det=24	O+H=45	 DONE
25/10/2025 04:57:28:	move motor	S18.axis2.piezo rotation to 0.345479deg	 DONE
25/10/2025 04:57:30:	5	count	time	3.000000s/cts	O Det=3	H Det=25	Mon Det=7515	Aux Det=47	O+H=75	 DONE
25/10/2025 04:57:34:	move motor	S18.axis2.piezo rotation to 0.345539deg	 DONE
25/10/2025 04:57:35:	6	count	time	3.000000s/cts	O Det=1	H Det=33	Mon Det=7468	Aux Det=40	O+H=74	 DONE
25/10/2025 04:57:40:	move motor	S18.axis2.piezo rotation to 0.345599deg	 DONE
25/10/2025 04:57:41:	7	count	time	3.000000s/cts	O Det=3	H Det=33	Mon Det=7344	Aux Det=42	O+H=78	 DONE
25/10/2025 04:57:46:	move motor	S18.axis2.piezo rotation to 0.345659deg	 DONE
25/10/2025 04:57:47:	8	count	time	3.000000s/cts	O Det=2	H Det=37	Mon Det=7469	Aux Det=58	O+H=97	 DONE
25/10/2025 04:57:51:	move motor	S18.axis2.piezo rotation to 0.345719deg	 DONE
25/10/2025 04:57:52:	9	count	time	3.000000s/cts	O Det=2	H Det=30	Mon Det=7627	Aux Det=57	O+H=89	 DONE
25/10/2025 04:57:57:	move motor	S18.axis2.piezo rotation to 0.345779deg	 DONE
25/10/2025 04:57:58:	10	count	time	3.000000s/cts	O Det=4	H Det=51	Mon Det=7501	Aux Det=68	O+H=123	 DONE
25/10/2025 04:58:03:	move motor	S18.axis2.piezo rotation to 0.345839deg	 DONE
25/10/2025 04:58:04:	11	count	time	3.000000s/cts	O Det=7	H Det=46	Mon Det=7584	Aux Det=65	O+H=118	 DONE
25/10/2025 04:58:09:	move motor	S18.axis2.piezo rotation to 0.345899deg	 DONE
25/10/2025 04:58:10:	12	count	time	3.000000s/cts	O Det=17	H Det=73	Mon Det=7459	Aux Det=91	O+H=181	 DONE
25/10/2025 04:58:15:	move motor	S18.axis2.piezo rotation to 0.345959deg	 DONE
25/10/2025 04:58:16:	13	count	time	3.000000s/cts	O Det=38	H Det=94	Mon Det=7390	Aux Det=113	O+H=245	 DONE
25/10/2025 04:58:21:	move motor	S18.axis2.piezo rotation to 0.346019deg	 DONE
25/10/2025 04:58:22:	14	count	time	3.000000s/cts	O Det=17	H Det=105	Mon Det=7593	Aux Det=140	O+H=262	 DONE
25/10/2025 04:58:27:	move motor	S18.axis2.piezo rotation to 0.346079deg	 DONE
25/10/2025 04:58:28:	15	count	time	3.000000s/cts	O Det=11	H Det=118	Mon Det=7437	Aux Det=143	O+H=272	 DONE
25/10/2025 04:58:32:	move motor	S18.axis2.piezo rotation to 0.346139deg	 DONE
25/10/2025 04:58:34:	16	count	time	3.000000s/cts	O Det=20	H Det=108	Mon Det=7505	Aux Det=166	O+H=294	 DONE
25/10/2025 04:58:38:	move motor	S18.axis2.piezo rotation to 0.346199deg	 DONE
25/10/2025 04:58:39:	17	count	time	3.000000s/cts	O Det=28	H Det=142	Mon Det=7610	Aux Det=214	O+H=384	 DONE
25/10/2025 04:58:44:	move motor	S18.axis2.piezo rotation to 0.346259deg	 DONE
25/10/2025 04:58:45:	18	count	time	3.000000s/cts	O Det=47	H Det=188	Mon Det=7492	Aux Det=265	O+H=500	 DONE
25/10/2025 04:58:50:	move motor	S18.axis2.piezo rotation to 0.346319deg	 DONE
25/10/2025 04:58:51:	19	count	time	3.000000s/cts	O Det=50	H Det=190	Mon Det=7378	Aux Det=359	O+H=599	 DONE
25/10/2025 04:58:56:	move motor	S18.axis2.piezo rotation to 0.346379deg	 DONE
25/10/2025 04:58:57:	20	count	time	3.000000s/cts	O Det=76	H Det=207	Mon Det=7373	Aux Det=442	O+H=725	 DONE
25/10/2025 04:59:02:	move motor	S18.axis2.piezo rotation to 0.346439deg	 DONE
25/10/2025 04:59:02:	21	count	time	3.000000s/cts	O Det=91	H Det=245	Mon Det=7434	Aux Det=607	O+H=943	 DONE
25/10/2025 04:59:07:	move motor	S18.axis2.piezo rotation to 0.346499deg	 DONE
25/10/2025 04:59:08:	22	count	time	3.000000s/cts	O Det=108	H Det=281	Mon Det=7473	Aux Det=811	O+H=1200	 DONE
25/10/2025 04:59:13:	move motor	S18.axis2.piezo rotation to 0.346559deg	 DONE
25/10/2025 04:59:14:	23	count	time	3.000000s/cts	O Det=100	H Det=378	Mon Det=7484	Aux Det=919	O+H=1397	 DONE
25/10/2025 04:59:19:	move motor	S18.axis2.piezo rotation to 0.346619deg	 DONE
25/10/2025 04:59:20:	24	count	time	3.000000s/cts	O Det=129	H Det=367	Mon Det=7412	Aux Det=951	O+H=1447	 DONE
25/10/2025 04:59:25:	move motor	S18.axis2.piezo rotation to 0.346679deg	 DONE
25/10/2025 04:59:26:	25	count	time	3.000000s/cts	O Det=126	H Det=416	Mon Det=7343	Aux Det=961	O+H=1503	 DONE
25/10/2025 04:59:30:	move motor	S18.axis2.piezo rotation to 0.346739deg	 DONE
25/10/2025 04:59:31:	26	count	time	3.000000s/cts	O Det=107	H Det=389	Mon Det=7727	Aux Det=863	O+H=1359	 DONE
25/10/2025 04:59:36:	move motor	S18.axis2.piezo rotation to 0.346799deg	 DONE
25/10/2025 04:59:37:	27	count	time	3.000000s/cts	O Det=104	H Det=367	Mon Det=7400	Aux Det=780	O+H=1251	 DONE
25/10/2025 04:59:42:	move motor	S18.axis2.piezo rotation to 0.346859deg	 DONE
25/10/2025 04:59:43:	28	count	time	3.000000s/cts	O Det=82	H Det=358	Mon Det=7391	Aux Det=547	O+H=987	 DONE
25/10/2025 04:59:47:	move motor	S18.axis2.piezo rotation to 0.346919deg	 DONE
25/10/2025 04:59:49:	29	count	time	3.000000s/cts	O Det=90	H Det=312	Mon Det=7468	Aux Det=450	O+H=852	 DONE
25/10/2025 04:59:53:	move motor	S18.axis2.piezo rotation to 0.346979deg	 DONE
25/10/2025 04:59:54:	30	count	time	3.000000s/cts	O Det=55	H Det=227	Mon Det=7376	Aux Det=310	O+H=592	 DONE
25/10/2025 04:59:59:	move motor	S18.axis2.piezo rotation to 0.347039deg	 DONE
25/10/2025 05:00:00:	31	count	time	3.000000s/cts	O Det=29	H Det=182	Mon Det=7461	Aux Det=238	O+H=449	 DONE
25/10/2025 05:00:05:	move motor	S18.axis2.piezo rotation to 0.347099deg	 DONE
25/10/2025 05:00:06:	32	count	time	3.000000s/cts	O Det=22	H Det=143	Mon Det=7394	Aux Det=208	O+H=373	 DONE
25/10/2025 05:00:11:	move motor	S18.axis2.piezo rotation to 0.347159deg	 DONE
25/10/2025 05:00:12:	33	count	time	3.000000s/cts	O Det=23	H Det=115	Mon Det=7541	Aux Det=159	O+H=297	 DONE
25/10/2025 05:00:17:	move motor	S18.axis2.piezo rotation to 0.347219deg	 DONE
25/10/2025 05:00:18:	34	count	time	3.000000s/cts	O Det=16	H Det=83	Mon Det=7601	Aux Det=133	O+H=232	 DONE
25/10/2025 05:00:22:	move motor	S18.axis2.piezo rotation to 0.347279deg	 DONE
25/10/2025 05:00:24:	35	count	time	3.000000s/cts	O Det=3	H Det=67	Mon Det=7553	Aux Det=106	O+H=176	 DONE
25/10/2025 05:00:28:	move motor	S18.axis2.piezo rotation to 0.347339deg	 DONE
25/10/2025 05:00:30:	36	count	time	3.000000s/cts	O Det=7	H Det=62	Mon Det=7438	Aux Det=83	O+H=152	 DONE
25/10/2025 05:00:34:	move motor	S18.axis2.piezo rotation to 0.347399deg	 DONE
25/10/2025 05:00:35:	37	count	time	3.000000s/cts	O Det=4	H Det=71	Mon Det=7375	Aux Det=77	O+H=152	 DONE
25/10/2025 05:00:40:	move motor	S18.axis2.piezo rotation to 0.347459deg	 DONE
25/10/2025 05:00:41:	38	count	time	3.000000s/cts	O Det=3	H Det=39	Mon Det=7441	Aux Det=76	O+H=118	 DONE
25/10/2025 05:00:46:	move motor	S18.axis2.piezo rotation to 0.347519deg	 DONE
25/10/2025 05:00:47:	39	count	time	3.000000s/cts	O Det=3	H Det=56	Mon Det=7444	Aux Det=54	O+H=113	 DONE
25/10/2025 05:00:52:	move motor	S18.axis2.piezo rotation to 0.347579deg	 DONE
25/10/2025 05:00:53:	40	count	time	3.000000s/cts	O Det=3	H Det=43	Mon Det=7428	Aux Det=48	O+H=94	 DONE
25/10/2025 05:00:58:	move motor	S18.axis2.piezo rotation to 0.347639deg	 DONE
25/10/2025 05:00:59:	41	count	time	3.000000s/cts	O Det=1	H Det=31	Mon Det=7468	Aux Det=31	O+H=63	 DONE
25/10/2025 05:01:04:	move motor	S18.axis2.piezo rotation to 0.347699deg	 DONE
25/10/2025 05:01:05:	42	count	time	3.000000s/cts	O Det=1	H Det=28	Mon Det=7442	Aux Det=40	O+H=69	 DONE
25/10/2025 05:01:09:	move motor	S18.axis2.piezo rotation to 0.347759deg	 DONE
25/10/2025 05:01:11:	43	count	time	3.000000s/cts	O Det=0	H Det=30	Mon Det=7355	Aux Det=34	O+H=64	 DONE
25/10/2025 05:01:15:	move motor	S18.axis2.piezo rotation to 0.347819deg	 DONE
25/10/2025 05:01:17:	44	count	time	3.000000s/cts	O Det=1	H Det=18	Mon Det=7460	Aux Det=28	O+H=47	 DONE
25/10/2025 05:01:21:	move motor	S18.axis2.piezo rotation to 0.347879deg	 DONE
25/10/2025 05:01:23:	45	count	time	3.000000s/cts	O Det=0	H Det=20	Mon Det=7301	Aux Det=28	O+H=48	 DONE
25/10/2025 05:01:28:	move motor	S18.axis2.piezo rotation to 0.347939deg	 DONE
25/10/2025 05:01:29:	46	count	time	3.000000s/cts	O Det=0	H Det=17	Mon Det=7467	Aux Det=27	O+H=44	 DONE
25/10/2025 05:01:33:	move motor	S18.axis2.piezo rotation to 0.347999deg	 DONE
25/10/2025 05:01:35:	47	count	time	3.000000s/cts	O Det=2	H Det=18	Mon Det=7555	Aux Det=23	O+H=43	 DONE
25/10/2025 05:01:39:	move motor	S18.axis2.piezo rotation to 0.348059deg	 DONE
25/10/2025 05:01:41:	48	count	time	3.000000s/cts	O Det=0	H Det=12	Mon Det=7534	Aux Det=28	O+H=40	 DONE
25/10/2025 05:01:46:	move motor	S18.axis2.piezo rotation to 0.348119deg	 DONE
25/10/2025 05:01:47:	49	count	time	3.000000s/cts	O Det=0	H Det=15	Mon Det=7506	Aux Det=22	O+H=37	 DONE
25/10/2025 05:01:51:	move motor	S18.axis2.piezo rotation to 0.348179deg	 DONE
25/10/2025 05:01:53:	50	count	time	3.000000s/cts	O Det=0	H Det=13	Mon Det=7452	Aux Det=20	O+H=33	 DONE
25/10/2025 05:01:58:	close file and end scan	 DONE
25/10/2025 05:01:58:	move motor	S18.axis2.piezo rotation to fit SUM PEAK60	0.346654reached 0.34665  DONE
25/10/2025 05:02:01:	END OF SCRIPT	 DONE
