04/10/2025 21:32:40:	start execution of script D:\data\Cycle 198\exp_3-16-19\rawdata\sc\rocking.sc	 DONE
04/10/2025 21:32:41:	move motor	S18.axis2.piezo rotation to -0.246905deg	 DONE
04/10/2025 21:32:45:	create file	D:\data\Cycle 198\exp_3-16-19\rawdata\sc\rocking_04Oct2132.dat	 DONE
room to enter remarks DONE
04/10/2025 21:32:46:	move motor	S18.axis2.piezo rotation to -0.146905deg	 DONE
04/10/2025 21:32:50:	1	count	time	5.000000s/cts	O Det=0	H Det=22	Mon Det=11591	Aux Det=0	O+H=22	 DONE
04/10/2025 21:32:56:	move motor	S18.axis2.piezo rotation to -0.146845deg	 DONE
04/10/2025 21:33:00:	2	count	time	5.000000s/cts	O Det=1	H Det=29	Mon Det=11639	Aux Det=3	O+H=33	 DONE
04/10/2025 21:33:07:	move motor	S18.axis2.piezo rotation to -0.146785deg	 DONE
04/10/2025 21:33:11:	3	count	time	5.000000s/cts	O Det=2	H Det=21	Mon Det=11704	Aux Det=3	O+H=26	 DONE
04/10/2025 21:33:18:	move motor	S18.axis2.piezo rotation to -0.146725deg	 DONE
04/10/2025 21:33:22:	4	count	time	5.000000s/cts	O Det=0	H Det=30	Mon Det=11493	Aux Det=3	O+H=33	 DONE
04/10/2025 21:33:28:	move motor	S18.axis2.piezo rotation to -0.146665deg	 DONE
04/10/2025 21:33:30:	5	count	time	5.000000s/cts	O Det=0	H Det=30	Mon Det=11586	Aux Det=4	O+H=34	 DONE
04/10/2025 21:33:37:	move motor	S18.axis2.piezo rotation to -0.146605deg	 DONE
04/10/2025 21:33:38:	6	count	time	5.000000s/cts	O Det=2	H Det=35	Mon Det=11695	Aux Det=3	O+H=40	 DONE
04/10/2025 21:33:44:	move motor	S18.axis2.piezo rotation to -0.146545deg	 DONE
04/10/2025 21:33:48:	7	count	time	5.000000s/cts	O Det=0	H Det=39	Mon Det=11646	Aux Det=5	O+H=44	 DONE
04/10/2025 21:33:55:	move motor	S18.axis2.piezo rotation to -0.146485deg	 DONE
04/10/2025 21:33:59:	8	count	time	5.000000s/cts	O Det=1	H Det=40	Mon Det=11590	Aux Det=2	O+H=43	 DONE
04/10/2025 21:34:06:	move motor	S18.axis2.piezo rotation to -0.146425deg	 DONE
04/10/2025 21:34:09:	9	count	time	5.000000s/cts	O Det=3	H Det=51	Mon Det=11529	Aux Det=2	O+H=56	 DONE
04/10/2025 21:34:16:	move motor	S18.axis2.piezo rotation to -0.146365deg	 DONE
04/10/2025 21:34:20:	10	count	time	5.000000s/cts	O Det=0	H Det=46	Mon Det=11717	Aux Det=5	O+H=51	 DONE
04/10/2025 21:34:27:	move motor	S18.axis2.piezo rotation to -0.146305deg	 DONE
04/10/2025 21:34:28:	11	count	time	5.000000s/cts	O Det=0	H Det=39	Mon Det=11641	Aux Det=2	O+H=41	 DONE
04/10/2025 21:34:35:	move motor	S18.axis2.piezo rotation to -0.146245deg	 DONE
04/10/2025 21:34:37:	12	count	time	5.000000s/cts	O Det=1	H Det=52	Mon Det=11700	Aux Det=6	O+H=59	 DONE
04/10/2025 21:34:43:	move motor	S18.axis2.piezo rotation to -0.146185deg	 DONE
04/10/2025 21:34:45:	13	count	time	5.000000s/cts	O Det=1	H Det=61	Mon Det=11539	Aux Det=4	O+H=66	 DONE
04/10/2025 21:34:51:	move motor	S18.axis2.piezo rotation to -0.146125deg	 DONE
04/10/2025 21:34:55:	14	count	time	5.000000s/cts	O Det=2	H Det=64	Mon Det=11548	Aux Det=3	O+H=69	 DONE
04/10/2025 21:35:02:	move motor	S18.axis2.piezo rotation to -0.146065deg	 DONE
04/10/2025 21:35:06:	15	count	time	5.000000s/cts	O Det=5	H Det=77	Mon Det=11479	Aux Det=4	O+H=86	 DONE
04/10/2025 21:35:13:	move motor	S18.axis2.piezo rotation to -0.146005deg	 DONE
04/10/2025 21:35:16:	16	count	time	5.000000s/cts	O Det=5	H Det=86	Mon Det=11833	Aux Det=2	O+H=93	 DONE
04/10/2025 21:35:23:	move motor	S18.axis2.piezo rotation to -0.145945deg	 DONE
04/10/2025 21:35:27:	17	count	time	5.000000s/cts	O Det=1	H Det=102	Mon Det=11593	Aux Det=5	O+H=108	 DONE
04/10/2025 21:35:34:	move motor	S18.axis2.piezo rotation to -0.145885deg	 DONE
04/10/2025 21:35:35:	18	count	time	5.000000s/cts	O Det=3	H Det=164	Mon Det=11607	Aux Det=18	O+H=185	 DONE
04/10/2025 21:35:42:	move motor	S18.axis2.piezo rotation to -0.145825deg	 DONE
04/10/2025 21:35:43:	19	count	time	5.000000s/cts	O Det=13	H Det=166	Mon Det=11531	Aux Det=48	O+H=227	 DONE
04/10/2025 21:35:50:	move motor	S18.axis2.piezo rotation to -0.145765deg	 DONE
04/10/2025 21:35:53:	20	count	time	5.000000s/cts	O Det=24	H Det=201	Mon Det=11455	Aux Det=43	O+H=268	 DONE
04/10/2025 21:36:00:	move motor	S18.axis2.piezo rotation to -0.145705deg	 DONE
04/10/2025 21:36:04:	21	count	time	5.000000s/cts	O Det=32	H Det=200	Mon Det=11453	Aux Det=21	O+H=253	 DONE
04/10/2025 21:36:11:	move motor	S18.axis2.piezo rotation to -0.145645deg	 DONE
04/10/2025 21:36:15:	22	count	time	5.000000s/cts	O Det=45	H Det=224	Mon Det=11529	Aux Det=10	O+H=279	 DONE
04/10/2025 21:36:21:	move motor	S18.axis2.piezo rotation to -0.145585deg	 DONE
04/10/2025 21:36:25:	23	count	time	5.000000s/cts	O Det=58	H Det=255	Mon Det=11380	Aux Det=21	O+H=334	 DONE
04/10/2025 21:36:32:	move motor	S18.axis2.piezo rotation to -0.145525deg	 DONE
04/10/2025 21:36:33:	24	count	time	5.000000s/cts	O Det=128	H Det=309	Mon Det=11416	Aux Det=58	O+H=495	 DONE
04/10/2025 21:36:40:	move motor	S18.axis2.piezo rotation to -0.145465deg	 DONE
04/10/2025 21:36:41:	25	count	time	5.000000s/cts	O Det=190	H Det=334	Mon Det=11492	Aux Det=84	O+H=608	 DONE
04/10/2025 21:36:48:	move motor	S18.axis2.piezo rotation to -0.145405deg	 DONE
04/10/2025 21:36:52:	26	count	time	5.000000s/cts	O Det=217	H Det=338	Mon Det=11538	Aux Det=171	O+H=726	 DONE
04/10/2025 21:36:58:	move motor	S18.axis2.piezo rotation to -0.145345deg	 DONE
04/10/2025 21:37:02:	27	count	time	5.000000s/cts	O Det=316	H Det=353	Mon Det=11519	Aux Det=268	O+H=937	 DONE
04/10/2025 21:37:09:	move motor	S18.axis2.piezo rotation to -0.145285deg	 DONE
04/10/2025 21:37:13:	28	count	time	5.000000s/cts	O Det=365	H Det=360	Mon Det=11782	Aux Det=383	O+H=1108	 DONE
04/10/2025 21:37:20:	move motor	S18.axis2.piezo rotation to -0.145225deg	 DONE
04/10/2025 21:37:24:	29	count	time	5.000000s/cts	O Det=451	H Det=343	Mon Det=11645	Aux Det=494	O+H=1288	 DONE
04/10/2025 21:37:30:	move motor	S18.axis2.piezo rotation to -0.145165deg	 DONE
04/10/2025 21:37:32:	30	count	time	5.000000s/cts	O Det=449	H Det=365	Mon Det=11444	Aux Det=513	O+H=1327	 DONE
04/10/2025 21:37:38:	move motor	S18.axis2.piezo rotation to -0.145105deg	 DONE
04/10/2025 21:37:40:	31	count	time	5.000000s/cts	O Det=437	H Det=354	Mon Det=11781	Aux Det=500	O+H=1291	 DONE
04/10/2025 21:37:46:	move motor	S18.axis2.piezo rotation to -0.145045deg	 DONE
04/10/2025 21:37:50:	32	count	time	5.000000s/cts	O Det=445	H Det=331	Mon Det=11683	Aux Det=481	O+H=1257	 DONE
04/10/2025 21:37:57:	move motor	S18.axis2.piezo rotation to -0.144985deg	 DONE
04/10/2025 21:38:01:	33	count	time	5.000000s/cts	O Det=402	H Det=319	Mon Det=11585	Aux Det=367	O+H=1088	 DONE
04/10/2025 21:38:07:	move motor	S18.axis2.piezo rotation to -0.144925deg	 DONE
04/10/2025 21:38:11:	34	count	time	5.000000s/cts	O Det=340	H Det=341	Mon Det=11794	Aux Det=305	O+H=986	 DONE
04/10/2025 21:38:18:	move motor	S18.axis2.piezo rotation to -0.144865deg	 DONE
04/10/2025 21:38:22:	35	count	time	5.000000s/cts	O Det=282	H Det=314	Mon Det=11286	Aux Det=200	O+H=796	 DONE
04/10/2025 21:38:29:	move motor	S18.axis2.piezo rotation to -0.144805deg	 DONE
04/10/2025 21:38:30:	36	count	time	5.000000s/cts	O Det=200	H Det=321	Mon Det=11598	Aux Det=123	O+H=644	 DONE
04/10/2025 21:38:37:	move motor	S18.axis2.piezo rotation to -0.144745deg	 DONE
04/10/2025 21:38:38:	37	count	time	5.000000s/cts	O Det=137	H Det=281	Mon Det=11647	Aux Det=57	O+H=475	 DONE
04/10/2025 21:38:45:	move motor	S18.axis2.piezo rotation to -0.144685deg	 DONE
04/10/2025 21:38:49:	38	count	time	5.000000s/cts	O Det=102	H Det=253	Mon Det=11552	Aux Det=26	O+H=381	 DONE
04/10/2025 21:38:55:	move motor	S18.axis2.piezo rotation to -0.144625deg	 DONE
04/10/2025 21:38:59:	39	count	time	5.000000s/cts	O Det=69	H Det=203	Mon Det=11539	Aux Det=22	O+H=294	 DONE
04/10/2025 21:39:06:	move motor	S18.axis2.piezo rotation to -0.144565deg	 DONE
04/10/2025 21:39:10:	40	count	time	5.000000s/cts	O Det=53	H Det=183	Mon Det=11451	Aux Det=10	O+H=246	 DONE
04/10/2025 21:39:16:	move motor	S18.axis2.piezo rotation to -0.144505deg	 DONE
04/10/2025 21:39:20:	41	count	time	5.000000s/cts	O Det=14	H Det=161	Mon Det=11638	Aux Det=4	O+H=179	 DONE
04/10/2025 21:39:27:	move motor	S18.axis2.piezo rotation to -0.144445deg	 DONE
04/10/2025 21:39:28:	42	count	time	5.000000s/cts	O Det=20	H Det=125	Mon Det=11639	Aux Det=10	O+H=155	 DONE
04/10/2025 21:39:35:	move motor	S18.axis2.piezo rotation to -0.144385deg	 DONE
04/10/2025 21:39:36:	43	count	time	5.000000s/cts	O Det=13	H Det=115	Mon Det=11632	Aux Det=4	O+H=132	 DONE
04/10/2025 21:39:43:	move motor	S18.axis2.piezo rotation to -0.144325deg	 DONE
04/10/2025 21:39:47:	44	count	time	5.000000s/cts	O Det=8	H Det=98	Mon Det=11594	Aux Det=4	O+H=110	 DONE
04/10/2025 21:39:53:	move motor	S18.axis2.piezo rotation to -0.144265deg	 DONE
04/10/2025 21:39:57:	45	count	time	5.000000s/cts	O Det=5	H Det=101	Mon Det=11786	Aux Det=3	O+H=109	 DONE
04/10/2025 21:40:04:	move motor	S18.axis2.piezo rotation to -0.144205deg	 DONE
04/10/2025 21:40:08:	46	count	time	5.000000s/cts	O Det=4	H Det=84	Mon Det=11536	Aux Det=7	O+H=95	 DONE
04/10/2025 21:40:15:	move motor	S18.axis2.piezo rotation to -0.144145deg	 DONE
04/10/2025 21:40:19:	47	count	time	5.000000s/cts	O Det=1	H Det=78	Mon Det=11540	Aux Det=3	O+H=82	 DONE
04/10/2025 21:40:25:	move motor	S18.axis2.piezo rotation to -0.144085deg	 DONE
04/10/2025 21:40:26:	48	count	time	5.000000s/cts	O Det=2	H Det=56	Mon Det=11827	Aux Det=4	O+H=62	 DONE
04/10/2025 21:40:33:	move motor	S18.axis2.piezo rotation to -0.144025deg	 DONE
04/10/2025 21:40:34:	49	count	time	5.000000s/cts	O Det=2	H Det=56	Mon Det=11581	Aux Det=4	O+H=62	 DONE
04/10/2025 21:40:41:	move motor	S18.axis2.piezo rotation to -0.143965deg	 DONE
04/10/2025 21:40:42:	50	count	time	5.000000s/cts	O Det=2	H Det=59	Mon Det=11381	Aux Det=5	O+H=66	 DONE
04/10/2025 21:40:49:	move motor	S18.axis2.piezo rotation to -0.143905deg	 DONE
04/10/2025 21:40:53:	51	count	time	5.000000s/cts	O Det=0	H Det=39	Mon Det=11512	Aux Det=6	O+H=45	 DONE
04/10/2025 21:40:59:	move motor	S18.axis2.piezo rotation to -0.143845deg	 DONE
04/10/2025 21:41:03:	52	count	time	5.000000s/cts	O Det=2	H Det=43	Mon Det=11525	Aux Det=4	O+H=49	 DONE
04/10/2025 21:41:10:	move motor	S18.axis2.piezo rotation to -0.143785deg	 DONE
04/10/2025 21:41:14:	53	count	time	5.000000s/cts	O Det=1	H Det=38	Mon Det=11578	Aux Det=2	O+H=41	 DONE
04/10/2025 21:41:21:	move motor	S18.axis2.piezo rotation to -0.143725deg	 DONE
04/10/2025 21:41:24:	54	count	time	5.000000s/cts	O Det=0	H Det=34	Mon Det=11508	Aux Det=1	O+H=35	 DONE
04/10/2025 21:41:31:	move motor	S18.axis2.piezo rotation to -0.143665deg	 DONE
04/10/2025 21:41:33:	55	count	time	5.000000s/cts	O Det=1	H Det=32	Mon Det=11600	Aux Det=4	O+H=37	 DONE
04/10/2025 21:41:39:	move motor	S18.axis2.piezo rotation to -0.143605deg	 DONE
04/10/2025 21:41:40:	56	count	time	5.000000s/cts	O Det=0	H Det=19	Mon Det=11576	Aux Det=4	O+H=23	 DONE
04/10/2025 21:41:47:	move motor	S18.axis2.piezo rotation to -0.143545deg	 DONE
04/10/2025 21:41:51:	57	count	time	5.000000s/cts	O Det=2	H Det=26	Mon Det=11650	Aux Det=2	O+H=30	 DONE
04/10/2025 21:41:58:	move motor	S18.axis2.piezo rotation to -0.143485deg	 DONE
04/10/2025 21:42:02:	58	count	time	5.000000s/cts	O Det=0	H Det=26	Mon Det=11583	Aux Det=4	O+H=30	 DONE
04/10/2025 21:42:08:	move motor	S18.axis2.piezo rotation to -0.143425deg	 DONE
04/10/2025 21:42:12:	59	count	time	5.000000s/cts	O Det=1	H Det=34	Mon Det=11609	Aux Det=2	O+H=37	 DONE
04/10/2025 21:42:19:	move motor	S18.axis2.piezo rotation to -0.143365deg	 DONE
04/10/2025 21:42:23:	60	count	time	5.000000s/cts	O Det=3	H Det=15	Mon Det=11692	Aux Det=5	O+H=23	 DONE
04/10/2025 21:42:30:	close file and end scan	 DONE
04/10/2025 21:42:30:	move motor	S18.axis2.piezo rotation to fit SUM PEAK60	-0.145135reached -0.14513  DONE
04/10/2025 21:42:33:	END OF SCRIPT	 DONE
