09/10/2025 07:44:26:	start execution of script D:\data\Cycle 198\exp_3-16-19\rawdata\sc\rocking.sc	 DONE
09/10/2025 07:44:26:	move motor	S18.axis2.piezo rotation to 0.245718deg	 DONE
09/10/2025 07:44:31:	create file	D:\data\Cycle 198\exp_3-16-19\rawdata\sc\rocking_09Oct0744.dat	 DONE
room to enter remarks DONE
09/10/2025 07:44:32:	move motor	S18.axis2.piezo rotation to 0.345718deg	 DONE
09/10/2025 07:44:36:	1	count	time	5.000000s/cts	O Det=1	H Det=22	Mon Det=15227	Aux Det=32	O+H=55	 DONE
09/10/2025 07:44:42:	move motor	S18.axis2.piezo rotation to 0.345778deg	 DONE
09/10/2025 07:44:43:	2	count	time	5.000000s/cts	O Det=0	H Det=22	Mon Det=15515	Aux Det=45	O+H=67	 DONE
09/10/2025 07:44:50:	move motor	S18.axis2.piezo rotation to 0.345838deg	 DONE
09/10/2025 07:44:51:	3	count	time	5.000000s/cts	O Det=3	H Det=25	Mon Det=15383	Aux Det=37	O+H=65	 DONE
09/10/2025 07:44:58:	move motor	S18.axis2.piezo rotation to 0.345898deg	 DONE
09/10/2025 07:44:59:	4	count	time	5.000000s/cts	O Det=0	H Det=31	Mon Det=15319	Aux Det=32	O+H=63	 DONE
09/10/2025 07:45:06:	move motor	S18.axis2.piezo rotation to 0.345958deg	 DONE
09/10/2025 07:45:09:	5	count	time	5.000000s/cts	O Det=1	H Det=33	Mon Det=15286	Aux Det=48	O+H=82	 DONE
09/10/2025 07:45:16:	move motor	S18.axis2.piezo rotation to 0.346018deg	 DONE
09/10/2025 07:45:17:	6	count	time	5.000000s/cts	O Det=0	H Det=37	Mon Det=15421	Aux Det=39	O+H=76	 DONE
09/10/2025 07:45:24:	move motor	S18.axis2.piezo rotation to 0.346078deg	 DONE
09/10/2025 07:45:25:	7	count	time	5.000000s/cts	O Det=0	H Det=43	Mon Det=15525	Aux Det=38	O+H=81	 DONE
09/10/2025 07:45:32:	move motor	S18.axis2.piezo rotation to 0.346138deg	 DONE
09/10/2025 07:45:33:	8	count	time	5.000000s/cts	O Det=1	H Det=57	Mon Det=15455	Aux Det=45	O+H=103	 DONE
09/10/2025 07:45:40:	move motor	S18.axis2.piezo rotation to 0.346198deg	 DONE
09/10/2025 07:45:41:	9	count	time	5.000000s/cts	O Det=2	H Det=43	Mon Det=15392	Aux Det=54	O+H=99	 DONE
09/10/2025 07:45:48:	move motor	S18.axis2.piezo rotation to 0.346258deg	 DONE
09/10/2025 07:45:49:	10	count	time	5.000000s/cts	O Det=1	H Det=62	Mon Det=15423	Aux Det=61	O+H=124	 DONE
09/10/2025 07:45:56:	move motor	S18.axis2.piezo rotation to 0.346318deg	 DONE
09/10/2025 07:45:57:	11	count	time	5.000000s/cts	O Det=2	H Det=58	Mon Det=15335	Aux Det=56	O+H=116	 DONE
09/10/2025 07:46:04:	move motor	S18.axis2.piezo rotation to 0.346378deg	 DONE
09/10/2025 07:46:05:	12	count	time	5.000000s/cts	O Det=3	H Det=59	Mon Det=15056	Aux Det=80	O+H=142	 DONE
09/10/2025 07:46:12:	move motor	S18.axis2.piezo rotation to 0.346438deg	 DONE
09/10/2025 07:46:13:	13	count	time	5.000000s/cts	O Det=2	H Det=74	Mon Det=15582	Aux Det=86	O+H=162	 DONE
09/10/2025 07:46:20:	move motor	S18.axis2.piezo rotation to 0.346498deg	 DONE
09/10/2025 07:46:21:	14	count	time	5.000000s/cts	O Det=6	H Det=87	Mon Det=15315	Aux Det=103	O+H=196	 DONE
09/10/2025 07:46:28:	move motor	S18.axis2.piezo rotation to 0.346558deg	 DONE
09/10/2025 07:46:29:	15	count	time	5.000000s/cts	O Det=2	H Det=80	Mon Det=15325	Aux Det=110	O+H=192	 DONE
09/10/2025 07:46:36:	move motor	S18.axis2.piezo rotation to 0.346618deg	 DONE
09/10/2025 07:46:37:	16	count	time	5.000000s/cts	O Det=13	H Det=123	Mon Det=15438	Aux Det=149	O+H=285	 DONE
09/10/2025 07:46:44:	move motor	S18.axis2.piezo rotation to 0.346678deg	 DONE
09/10/2025 07:46:45:	17	count	time	5.000000s/cts	O Det=32	H Det=160	Mon Det=15361	Aux Det=158	O+H=350	 DONE
09/10/2025 07:46:52:	move motor	S18.axis2.piezo rotation to 0.346738deg	 DONE
09/10/2025 07:46:53:	18	count	time	5.000000s/cts	O Det=27	H Det=248	Mon Det=15524	Aux Det=247	O+H=522	 DONE
09/10/2025 07:47:00:	move motor	S18.axis2.piezo rotation to 0.346798deg	 DONE
09/10/2025 07:47:01:	19	count	time	5.000000s/cts	O Det=31	H Det=196	Mon Det=15246	Aux Det=216	O+H=443	 DONE
09/10/2025 07:47:08:	move motor	S18.axis2.piezo rotation to 0.346858deg	 DONE
09/10/2025 07:47:10:	20	count	time	5.000000s/cts	O Det=14	H Det=197	Mon Det=15436	Aux Det=252	O+H=463	 DONE
09/10/2025 07:47:16:	move motor	S18.axis2.piezo rotation to 0.346918deg	 DONE
09/10/2025 07:47:18:	21	count	time	5.000000s/cts	O Det=31	H Det=241	Mon Det=15436	Aux Det=319	O+H=591	 DONE
09/10/2025 07:47:25:	move motor	S18.axis2.piezo rotation to 0.346978deg	 DONE
09/10/2025 07:47:27:	22	count	time	5.000000s/cts	O Det=36	H Det=275	Mon Det=15311	Aux Det=376	O+H=687	 DONE
09/10/2025 07:47:33:	move motor	S18.axis2.piezo rotation to 0.347038deg	 DONE
09/10/2025 07:47:35:	23	count	time	5.000000s/cts	O Det=59	H Det=359	Mon Det=15331	Aux Det=482	O+H=900	 DONE
09/10/2025 07:47:41:	move motor	S18.axis2.piezo rotation to 0.347098deg	 DONE
09/10/2025 07:47:42:	24	count	time	5.000000s/cts	O Det=76	H Det=424	Mon Det=15393	Aux Det=667	O+H=1167	 DONE
09/10/2025 07:47:49:	move motor	S18.axis2.piezo rotation to 0.347158deg	 DONE
09/10/2025 07:47:51:	25	count	time	5.000000s/cts	O Det=100	H Det=522	Mon Det=15421	Aux Det=841	O+H=1463	 DONE
09/10/2025 07:47:57:	move motor	S18.axis2.piezo rotation to 0.347218deg	 DONE
09/10/2025 07:47:59:	26	count	time	5.000000s/cts	O Det=158	H Det=575	Mon Det=15199	Aux Det=1287	O+H=2020	 DONE
09/10/2025 07:48:05:	move motor	S18.axis2.piezo rotation to 0.347278deg	 DONE
09/10/2025 07:48:07:	27	count	time	5.000000s/cts	O Det=165	H Det=578	Mon Det=15128	Aux Det=1505	O+H=2248	 DONE
09/10/2025 07:48:14:	move motor	S18.axis2.piezo rotation to 0.347338deg	 DONE
09/10/2025 07:48:15:	28	count	time	5.000000s/cts	O Det=154	H Det=791	Mon Det=15287	Aux Det=1897	O+H=2842	 DONE
09/10/2025 07:48:22:	move motor	S18.axis2.piezo rotation to 0.347398deg	 DONE
09/10/2025 07:48:23:	29	count	time	5.000000s/cts	O Det=159	H Det=887	Mon Det=15255	Aux Det=1879	O+H=2925	 DONE
09/10/2025 07:48:30:	move motor	S18.axis2.piezo rotation to 0.347458deg	 DONE
09/10/2025 07:48:31:	30	count	time	5.000000s/cts	O Det=137	H Det=836	Mon Det=15445	Aux Det=1858	O+H=2831	 DONE
09/10/2025 07:48:38:	move motor	S18.axis2.piezo rotation to 0.347518deg	 DONE
09/10/2025 07:48:39:	31	count	time	5.000000s/cts	O Det=109	H Det=870	Mon Det=15186	Aux Det=1464	O+H=2443	 DONE
09/10/2025 07:48:46:	move motor	S18.axis2.piezo rotation to 0.347578deg	 DONE
09/10/2025 07:48:47:	32	count	time	5.000000s/cts	O Det=135	H Det=783	Mon Det=15628	Aux Det=1055	O+H=1973	 DONE
09/10/2025 07:48:54:	move motor	S18.axis2.piezo rotation to 0.347638deg	 DONE
09/10/2025 07:48:55:	33	count	time	5.000000s/cts	O Det=119	H Det=647	Mon Det=15479	Aux Det=753	O+H=1519	 DONE
09/10/2025 07:49:02:	move motor	S18.axis2.piezo rotation to 0.347698deg	 DONE
09/10/2025 07:49:03:	34	count	time	5.000000s/cts	O Det=99	H Det=525	Mon Det=15359	Aux Det=571	O+H=1195	 DONE
09/10/2025 07:49:10:	move motor	S18.axis2.piezo rotation to 0.347758deg	 DONE
09/10/2025 07:49:11:	35	count	time	5.000000s/cts	O Det=63	H Det=348	Mon Det=15273	Aux Det=429	O+H=840	 DONE
09/10/2025 07:49:18:	move motor	S18.axis2.piezo rotation to 0.347818deg	 DONE
09/10/2025 07:49:19:	36	count	time	5.000000s/cts	O Det=51	H Det=290	Mon Det=15340	Aux Det=340	O+H=681	 DONE
09/10/2025 07:49:26:	move motor	S18.axis2.piezo rotation to 0.347878deg	 DONE
09/10/2025 07:49:27:	37	count	time	5.000000s/cts	O Det=51	H Det=207	Mon Det=15538	Aux Det=270	O+H=528	 DONE
09/10/2025 07:49:34:	move motor	S18.axis2.piezo rotation to 0.347938deg	 DONE
09/10/2025 07:49:35:	38	count	time	5.000000s/cts	O Det=30	H Det=181	Mon Det=15436	Aux Det=202	O+H=413	 DONE
09/10/2025 07:49:42:	move motor	S18.axis2.piezo rotation to 0.347998deg	 DONE
09/10/2025 07:49:43:	39	count	time	5.000000s/cts	O Det=25	H Det=169	Mon Det=15387	Aux Det=188	O+H=382	 DONE
09/10/2025 07:49:50:	move motor	S18.axis2.piezo rotation to 0.348058deg	 DONE
09/10/2025 07:49:52:	40	count	time	5.000000s/cts	O Det=7	H Det=126	Mon Det=15314	Aux Det=171	O+H=304	 DONE
09/10/2025 07:49:58:	move motor	S18.axis2.piezo rotation to 0.348118deg	 DONE
09/10/2025 07:49:59:	41	count	time	5.000000s/cts	O Det=15	H Det=130	Mon Det=15341	Aux Det=128	O+H=273	 DONE
09/10/2025 07:50:06:	move motor	S18.axis2.piezo rotation to 0.348178deg	 DONE
09/10/2025 07:50:07:	42	count	time	5.000000s/cts	O Det=5	H Det=85	Mon Det=15655	Aux Det=109	O+H=199	 DONE
09/10/2025 07:50:14:	move motor	S18.axis2.piezo rotation to 0.348238deg	 DONE
09/10/2025 07:50:15:	43	count	time	5.000000s/cts	O Det=9	H Det=102	Mon Det=15194	Aux Det=87	O+H=198	 DONE
09/10/2025 07:50:22:	move motor	S18.axis2.piezo rotation to 0.348298deg	 DONE
09/10/2025 07:50:23:	44	count	time	5.000000s/cts	O Det=3	H Det=75	Mon Det=15421	Aux Det=101	O+H=179	 DONE
09/10/2025 07:50:30:	move motor	S18.axis2.piezo rotation to 0.348358deg	 DONE
09/10/2025 07:50:31:	45	count	time	5.000000s/cts	O Det=4	H Det=60	Mon Det=15508	Aux Det=91	O+H=155	 DONE
09/10/2025 07:50:38:	move motor	S18.axis2.piezo rotation to 0.348418deg	 DONE
09/10/2025 07:50:39:	46	count	time	5.000000s/cts	O Det=1	H Det=60	Mon Det=15546	Aux Det=72	O+H=133	 DONE
09/10/2025 07:50:46:	move motor	S18.axis2.piezo rotation to 0.348478deg	 DONE
09/10/2025 07:50:47:	47	count	time	5.000000s/cts	O Det=1	H Det=43	Mon Det=15077	Aux Det=59	O+H=103	 DONE
09/10/2025 07:50:54:	move motor	S18.axis2.piezo rotation to 0.348538deg	 DONE
09/10/2025 07:50:56:	48	count	time	5.000000s/cts	O Det=2	H Det=71	Mon Det=15447	Aux Det=61	O+H=134	 DONE
09/10/2025 07:51:02:	move motor	S18.axis2.piezo rotation to 0.348598deg	 DONE
09/10/2025 07:51:04:	49	count	time	5.000000s/cts	O Det=2	H Det=45	Mon Det=15522	Aux Det=55	O+H=102	 DONE
09/10/2025 07:51:10:	move motor	S18.axis2.piezo rotation to 0.348658deg	 DONE
09/10/2025 07:51:12:	50	count	time	5.000000s/cts	O Det=0	H Det=37	Mon Det=15525	Aux Det=52	O+H=89	 DONE
09/10/2025 07:51:18:	move motor	S18.axis2.piezo rotation to 0.348718deg	 DONE
09/10/2025 07:51:20:	51	count	time	5.000000s/cts	O Det=1	H Det=35	Mon Det=15242	Aux Det=32	O+H=68	 DONE
09/10/2025 07:51:26:	move motor	S18.axis2.piezo rotation to 0.348778deg	 DONE
09/10/2025 07:51:28:	52	count	time	5.000000s/cts	O Det=1	H Det=38	Mon Det=15359	Aux Det=50	O+H=89	 DONE
09/10/2025 07:51:35:	move motor	S18.axis2.piezo rotation to 0.348838deg	 DONE
09/10/2025 07:51:36:	53	count	time	5.000000s/cts	O Det=0	H Det=22	Mon Det=15286	Aux Det=48	O+H=70	 DONE
09/10/2025 07:51:43:	move motor	S18.axis2.piezo rotation to 0.348898deg	 DONE
09/10/2025 07:51:44:	54	count	time	5.000000s/cts	O Det=1	H Det=26	Mon Det=15231	Aux Det=24	O+H=51	 DONE
09/10/2025 07:51:51:	move motor	S18.axis2.piezo rotation to 0.348958deg	 DONE
09/10/2025 07:51:52:	55	count	time	5.000000s/cts	O Det=3	H Det=22	Mon Det=15361	Aux Det=26	O+H=51	 DONE
09/10/2025 07:51:59:	move motor	S18.axis2.piezo rotation to 0.349018deg	 DONE
09/10/2025 07:52:00:	56	count	time	5.000000s/cts	O Det=1	H Det=31	Mon Det=15255	Aux Det=28	O+H=60	 DONE
09/10/2025 07:52:07:	move motor	S18.axis2.piezo rotation to 0.349078deg	 DONE
09/10/2025 07:52:08:	57	count	time	5.000000s/cts	O Det=0	H Det=21	Mon Det=15372	Aux Det=31	O+H=52	 DONE
09/10/2025 07:52:15:	move motor	S18.axis2.piezo rotation to 0.349138deg	 DONE
09/10/2025 07:52:16:	58	count	time	5.000000s/cts	O Det=0	H Det=15	Mon Det=15390	Aux Det=35	O+H=50	 DONE
09/10/2025 07:52:23:	move motor	S18.axis2.piezo rotation to 0.349198deg	 DONE
09/10/2025 07:52:24:	59	count	time	5.000000s/cts	O Det=1	H Det=22	Mon Det=15526	Aux Det=29	O+H=52	 DONE
09/10/2025 07:52:31:	move motor	S18.axis2.piezo rotation to 0.349258deg	 DONE
09/10/2025 07:52:32:	60	count	time	5.000000s/cts	O Det=0	H Det=23	Mon Det=15198	Aux Det=29	O+H=52	 DONE
09/10/2025 07:52:39:	close file and end scan	 DONE
09/10/2025 07:52:39:	move motor	S18.axis2.piezo rotation to fit SUM PEAK60	0.347403reached 0.34740  DONE
09/10/2025 07:52:44:	END OF SCRIPT	 DONE
