04/10/2025 05:38:04:	start execution of script D:\data\Cycle 198\exp_3-16-19\rawdata\sc\rocking.sc	 DONE
04/10/2025 05:38:05:	move motor	S18.axis2.piezo rotation to -0.246905deg	 DONE
04/10/2025 05:38:08:	create file	D:\data\Cycle 198\exp_3-16-19\rawdata\sc\rocking_04Oct0538.dat	 DONE
room to enter remarks DONE
04/10/2025 05:38:09:	move motor	S18.axis2.piezo rotation to -0.146905deg	 DONE
04/10/2025 05:38:13:	1	count	time	5.000000s/cts	O Det=0	H Det=0	Mon Det=11431	Aux Det=24	O+H=24	 DONE
04/10/2025 05:38:19:	move motor	S18.axis2.piezo rotation to -0.146845deg	 DONE
04/10/2025 05:38:23:	2	count	time	5.000000s/cts	O Det=1	H Det=2	Mon Det=11527	Aux Det=27	O+H=30	 DONE
04/10/2025 05:38:30:	move motor	S18.axis2.piezo rotation to -0.146785deg	 DONE
04/10/2025 05:38:33:	3	count	time	5.000000s/cts	O Det=2	H Det=0	Mon Det=11660	Aux Det=17	O+H=19	 DONE
04/10/2025 05:38:40:	move motor	S18.axis2.piezo rotation to -0.146725deg	 DONE
04/10/2025 05:38:44:	4	count	time	5.000000s/cts	O Det=0	H Det=3	Mon Det=11416	Aux Det=21	O+H=24	 DONE
04/10/2025 05:38:50:	move motor	S18.axis2.piezo rotation to -0.146665deg	 DONE
04/10/2025 05:38:52:	5	count	time	5.000000s/cts	O Det=1	H Det=2	Mon Det=11604	Aux Det=33	O+H=36	 DONE
04/10/2025 05:38:58:	move motor	S18.axis2.piezo rotation to -0.146605deg	 DONE
04/10/2025 05:38:59:	6	count	time	5.000000s/cts	O Det=0	H Det=4	Mon Det=11481	Aux Det=34	O+H=38	 DONE
04/10/2025 05:39:06:	move motor	S18.axis2.piezo rotation to -0.146545deg	 DONE
04/10/2025 05:39:10:	7	count	time	5.000000s/cts	O Det=0	H Det=1	Mon Det=11533	Aux Det=32	O+H=33	 DONE
04/10/2025 05:39:16:	move motor	S18.axis2.piezo rotation to -0.146485deg	 DONE
04/10/2025 05:39:20:	8	count	time	5.000000s/cts	O Det=1	H Det=3	Mon Det=11586	Aux Det=35	O+H=39	 DONE
04/10/2025 05:39:27:	move motor	S18.axis2.piezo rotation to -0.146425deg	 DONE
04/10/2025 05:39:30:	9	count	time	5.000000s/cts	O Det=2	H Det=2	Mon Det=11673	Aux Det=44	O+H=48	 DONE
04/10/2025 05:39:37:	move motor	S18.axis2.piezo rotation to -0.146365deg	 DONE
04/10/2025 05:39:41:	10	count	time	5.000000s/cts	O Det=3	H Det=3	Mon Det=11563	Aux Det=43	O+H=49	 DONE
04/10/2025 05:39:47:	move motor	S18.axis2.piezo rotation to -0.146305deg	 DONE
04/10/2025 05:39:49:	11	count	time	5.000000s/cts	O Det=1	H Det=1	Mon Det=11559	Aux Det=31	O+H=33	 DONE
04/10/2025 05:39:55:	move motor	S18.axis2.piezo rotation to -0.146245deg	 DONE
04/10/2025 05:39:56:	12	count	time	5.000000s/cts	O Det=4	H Det=3	Mon Det=11596	Aux Det=62	O+H=69	 DONE
04/10/2025 05:40:03:	move motor	S18.axis2.piezo rotation to -0.146185deg	 DONE
04/10/2025 05:40:04:	13	count	time	5.000000s/cts	O Det=3	H Det=4	Mon Det=11463	Aux Det=58	O+H=65	 DONE
04/10/2025 05:40:11:	move motor	S18.axis2.piezo rotation to -0.146125deg	 DONE
04/10/2025 05:40:14:	14	count	time	5.000000s/cts	O Det=2	H Det=2	Mon Det=11680	Aux Det=62	O+H=66	 DONE
04/10/2025 05:40:21:	move motor	S18.axis2.piezo rotation to -0.146065deg	 DONE
04/10/2025 05:40:25:	15	count	time	5.000000s/cts	O Det=9	H Det=0	Mon Det=11570	Aux Det=81	O+H=90	 DONE
04/10/2025 05:40:31:	move motor	S18.axis2.piezo rotation to -0.146005deg	 DONE
04/10/2025 05:40:35:	16	count	time	5.000000s/cts	O Det=6	H Det=4	Mon Det=11594	Aux Det=116	O+H=126	 DONE
04/10/2025 05:40:42:	move motor	S18.axis2.piezo rotation to -0.145945deg	 DONE
04/10/2025 05:40:46:	17	count	time	5.000000s/cts	O Det=21	H Det=11	Mon Det=11655	Aux Det=150	O+H=182	 DONE
04/10/2025 05:40:52:	move motor	S18.axis2.piezo rotation to -0.145885deg	 DONE
04/10/2025 05:40:54:	18	count	time	5.000000s/cts	O Det=17	H Det=9	Mon Det=11587	Aux Det=185	O+H=211	 DONE
04/10/2025 05:41:00:	move motor	S18.axis2.piezo rotation to -0.145825deg	 DONE
04/10/2025 05:41:02:	19	count	time	5.000000s/cts	O Det=22	H Det=11	Mon Det=11513	Aux Det=189	O+H=222	 DONE
04/10/2025 05:41:08:	move motor	S18.axis2.piezo rotation to -0.145765deg	 DONE
04/10/2025 05:41:12:	20	count	time	5.000000s/cts	O Det=24	H Det=6	Mon Det=11635	Aux Det=194	O+H=224	 DONE
04/10/2025 05:41:19:	move motor	S18.axis2.piezo rotation to -0.145705deg	 DONE
04/10/2025 05:41:22:	21	count	time	5.000000s/cts	O Det=51	H Det=9	Mon Det=11565	Aux Det=206	O+H=266	 DONE
04/10/2025 05:41:29:	move motor	S18.axis2.piezo rotation to -0.145645deg	 DONE
04/10/2025 05:41:33:	22	count	time	5.000000s/cts	O Det=65	H Det=16	Mon Det=11553	Aux Det=261	O+H=342	 DONE
04/10/2025 05:41:39:	move motor	S18.axis2.piezo rotation to -0.145585deg	 DONE
04/10/2025 05:41:43:	23	count	time	5.000000s/cts	O Det=103	H Det=44	Mon Det=11579	Aux Det=306	O+H=453	 DONE
04/10/2025 05:41:50:	move motor	S18.axis2.piezo rotation to -0.145525deg	 DONE
04/10/2025 05:41:51:	24	count	time	5.000000s/cts	O Det=168	H Det=107	Mon Det=11490	Aux Det=374	O+H=649	 DONE
04/10/2025 05:41:58:	move motor	S18.axis2.piezo rotation to -0.145465deg	 DONE
04/10/2025 05:41:59:	25	count	time	5.000000s/cts	O Det=205	H Det=171	Mon Det=11371	Aux Det=484	O+H=860	 DONE
04/10/2025 05:42:05:	move motor	S18.axis2.piezo rotation to -0.145405deg	 DONE
04/10/2025 05:42:09:	26	count	time	5.000000s/cts	O Det=313	H Det=235	Mon Det=11463	Aux Det=584	O+H=1132	 DONE
04/10/2025 05:42:16:	move motor	S18.axis2.piezo rotation to -0.145345deg	 DONE
04/10/2025 05:42:20:	27	count	time	5.000000s/cts	O Det=342	H Det=289	Mon Det=11450	Aux Det=598	O+H=1229	 DONE
04/10/2025 05:42:26:	move motor	S18.axis2.piezo rotation to -0.145285deg	 DONE
04/10/2025 05:42:30:	28	count	time	5.000000s/cts	O Det=387	H Det=347	Mon Det=11520	Aux Det=648	O+H=1382	 DONE
04/10/2025 05:42:37:	move motor	S18.axis2.piezo rotation to -0.145225deg	 DONE
04/10/2025 05:42:40:	29	count	time	5.000000s/cts	O Det=469	H Det=392	Mon Det=11668	Aux Det=640	O+H=1501	 DONE
04/10/2025 05:42:47:	move motor	S18.axis2.piezo rotation to -0.145165deg	 DONE
04/10/2025 05:42:48:	30	count	time	5.000000s/cts	O Det=424	H Det=355	Mon Det=11481	Aux Det=656	O+H=1435	 DONE
04/10/2025 05:42:55:	move motor	S18.axis2.piezo rotation to -0.145105deg	 DONE
04/10/2025 05:42:57:	31	count	time	5.000000s/cts	O Det=487	H Det=355	Mon Det=11557	Aux Det=582	O+H=1424	 DONE
04/10/2025 05:43:04:	move motor	S18.axis2.piezo rotation to -0.145045deg	 DONE
04/10/2025 05:43:07:	32	count	time	5.000000s/cts	O Det=441	H Det=315	Mon Det=11634	Aux Det=480	O+H=1236	 DONE
04/10/2025 05:43:14:	move motor	S18.axis2.piezo rotation to -0.144985deg	 DONE
04/10/2025 05:43:18:	33	count	time	5.000000s/cts	O Det=364	H Det=246	Mon Det=11656	Aux Det=426	O+H=1036	 DONE
04/10/2025 05:43:24:	move motor	S18.axis2.piezo rotation to -0.144925deg	 DONE
04/10/2025 05:43:28:	34	count	time	5.000000s/cts	O Det=347	H Det=192	Mon Det=11612	Aux Det=373	O+H=912	 DONE
04/10/2025 05:43:35:	move motor	S18.axis2.piezo rotation to -0.144865deg	 DONE
04/10/2025 05:43:38:	35	count	time	5.000000s/cts	O Det=255	H Det=130	Mon Det=11522	Aux Det=241	O+H=626	 DONE
04/10/2025 05:43:45:	move motor	S18.axis2.piezo rotation to -0.144805deg	 DONE
04/10/2025 05:43:46:	36	count	time	5.000000s/cts	O Det=200	H Det=72	Mon Det=11773	Aux Det=227	O+H=499	 DONE
04/10/2025 05:43:53:	move motor	S18.axis2.piezo rotation to -0.144745deg	 DONE
04/10/2025 05:43:54:	37	count	time	5.000000s/cts	O Det=94	H Det=31	Mon Det=11713	Aux Det=179	O+H=304	 DONE
04/10/2025 05:44:01:	move motor	S18.axis2.piezo rotation to -0.144685deg	 DONE
04/10/2025 05:44:05:	38	count	time	5.000000s/cts	O Det=81	H Det=23	Mon Det=11578	Aux Det=166	O+H=270	 DONE
04/10/2025 05:44:11:	move motor	S18.axis2.piezo rotation to -0.144625deg	 DONE
04/10/2025 05:44:15:	39	count	time	5.000000s/cts	O Det=63	H Det=12	Mon Det=11606	Aux Det=138	O+H=213	 DONE
04/10/2025 05:44:22:	move motor	S18.axis2.piezo rotation to -0.144565deg	 DONE
04/10/2025 05:44:25:	40	count	time	5.000000s/cts	O Det=32	H Det=6	Mon Det=11505	Aux Det=131	O+H=169	 DONE
04/10/2025 05:44:32:	move motor	S18.axis2.piezo rotation to -0.144505deg	 DONE
04/10/2025 05:44:36:	41	count	time	5.000000s/cts	O Det=20	H Det=5	Mon Det=11671	Aux Det=121	O+H=146	 DONE
04/10/2025 05:44:42:	move motor	S18.axis2.piezo rotation to -0.144445deg	 DONE
04/10/2025 05:44:44:	42	count	time	5.000000s/cts	O Det=14	H Det=0	Mon Det=11509	Aux Det=105	O+H=119	 DONE
04/10/2025 05:44:50:	move motor	S18.axis2.piezo rotation to -0.144385deg	 DONE
04/10/2025 05:44:52:	43	count	time	5.000000s/cts	O Det=6	H Det=3	Mon Det=11563	Aux Det=100	O+H=109	 DONE
04/10/2025 05:44:59:	move motor	S18.axis2.piezo rotation to -0.144325deg	 DONE
04/10/2025 05:45:02:	44	count	time	5.000000s/cts	O Det=9	H Det=6	Mon Det=11643	Aux Det=68	O+H=83	 DONE
04/10/2025 05:45:09:	move motor	S18.axis2.piezo rotation to -0.144265deg	 DONE
04/10/2025 05:45:13:	45	count	time	5.000000s/cts	O Det=6	H Det=1	Mon Det=11739	Aux Det=67	O+H=74	 DONE
04/10/2025 05:45:19:	move motor	S18.axis2.piezo rotation to -0.144205deg	 DONE
04/10/2025 05:45:23:	46	count	time	5.000000s/cts	O Det=2	H Det=3	Mon Det=11552	Aux Det=70	O+H=75	 DONE
04/10/2025 05:45:30:	move motor	S18.axis2.piezo rotation to -0.144145deg	 DONE
04/10/2025 05:45:34:	47	count	time	5.000000s/cts	O Det=1	H Det=3	Mon Det=11466	Aux Det=40	O+H=44	 DONE
04/10/2025 05:45:40:	move motor	S18.axis2.piezo rotation to -0.144085deg	 DONE
04/10/2025 05:45:41:	48	count	time	5.000000s/cts	O Det=1	H Det=1	Mon Det=11680	Aux Det=61	O+H=63	 DONE
04/10/2025 05:45:48:	move motor	S18.axis2.piezo rotation to -0.144025deg	 DONE
04/10/2025 05:45:49:	49	count	time	5.000000s/cts	O Det=1	H Det=1	Mon Det=11516	Aux Det=40	O+H=42	 DONE
04/10/2025 05:45:56:	move motor	S18.axis2.piezo rotation to -0.143965deg	 DONE
04/10/2025 05:45:57:	50	count	time	5.000000s/cts	O Det=1	H Det=0	Mon Det=11512	Aux Det=36	O+H=37	 DONE
04/10/2025 05:46:04:	move motor	S18.axis2.piezo rotation to -0.143905deg	 DONE
04/10/2025 05:46:08:	51	count	time	5.000000s/cts	O Det=1	H Det=1	Mon Det=11754	Aux Det=31	O+H=33	 DONE
04/10/2025 05:46:14:	move motor	S18.axis2.piezo rotation to -0.143845deg	 DONE
04/10/2025 05:46:18:	52	count	time	5.000000s/cts	O Det=1	H Det=1	Mon Det=11662	Aux Det=30	O+H=32	 DONE
04/10/2025 05:46:25:	move motor	S18.axis2.piezo rotation to -0.143785deg	 DONE
04/10/2025 05:46:28:	53	count	time	5.000000s/cts	O Det=1	H Det=1	Mon Det=11625	Aux Det=35	O+H=37	 DONE
04/10/2025 05:46:35:	move motor	S18.axis2.piezo rotation to -0.143725deg	 DONE
04/10/2025 05:46:39:	54	count	time	5.000000s/cts	O Det=2	H Det=2	Mon Det=11646	Aux Det=34	O+H=38	 DONE
04/10/2025 05:46:45:	move motor	S18.axis2.piezo rotation to -0.143665deg	 DONE
04/10/2025 05:46:46:	55	count	time	5.000000s/cts	O Det=0	H Det=1	Mon Det=11602	Aux Det=24	O+H=25	 DONE
04/10/2025 05:46:53:	move motor	S18.axis2.piezo rotation to -0.143605deg	 DONE
04/10/2025 05:46:54:	56	count	time	5.000000s/cts	O Det=1	H Det=1	Mon Det=11477	Aux Det=29	O+H=31	 DONE
04/10/2025 05:47:01:	move motor	S18.axis2.piezo rotation to -0.143545deg	 DONE
04/10/2025 05:47:04:	57	count	time	5.000000s/cts	O Det=4	H Det=1	Mon Det=11519	Aux Det=20	O+H=25	 DONE
04/10/2025 05:47:11:	move motor	S18.axis2.piezo rotation to -0.143485deg	 DONE
04/10/2025 05:47:15:	58	count	time	5.000000s/cts	O Det=0	H Det=4	Mon Det=11533	Aux Det=26	O+H=30	 DONE
04/10/2025 05:47:21:	move motor	S18.axis2.piezo rotation to -0.143425deg	 DONE
04/10/2025 05:47:25:	59	count	time	5.000000s/cts	O Det=1	H Det=4	Mon Det=11720	Aux Det=12	O+H=17	 DONE
04/10/2025 05:47:32:	move motor	S18.axis2.piezo rotation to -0.143365deg	 DONE
04/10/2025 05:47:36:	60	count	time	5.000000s/cts	O Det=1	H Det=1	Mon Det=11492	Aux Det=22	O+H=24	 DONE
04/10/2025 05:47:42:	close file and end scan	 DONE
04/10/2025 05:47:43:	move motor	S18.axis2.piezo rotation to fit SUM PEAK60	-0.145193reached -0.14519  DONE
04/10/2025 05:47:47:	END OF SCRIPT	 DONE
