25/09/2025 02:01:04:	start execution of script D:\data\Cycle 198\exp_3-16-19\rawdata\sc\rocking.sc	 DONE
25/09/2025 02:01:04:	move motor	S18.axis2.piezo rotation to 3.475405deg	 DONE
25/09/2025 02:01:08:	create file	D:\data\Cycle 198\exp_3-16-19\rawdata\sc\rocking_25Sep0201.dat	 DONE
room to enter remarks DONE
25/09/2025 02:01:09:	move motor	S18.axis2.piezo rotation to 3.575405deg	 DONE
25/09/2025 02:01:12:	1	count	time	3.000000s/cts	O Det=2	H Det=224	Mon Det=6651	Aux Det=5	O+H=231	 DONE
25/09/2025 02:01:18:	move motor	S18.axis2.piezo rotation to 3.575455deg	 DONE
25/09/2025 02:01:19:	2	count	time	3.000000s/cts	O Det=1	H Det=276	Mon Det=6661	Aux Det=2	O+H=279	 DONE
25/09/2025 02:01:25:	move motor	S18.axis2.piezo rotation to 3.575505deg	 DONE
25/09/2025 02:01:26:	3	count	time	3.000000s/cts	O Det=0	H Det=278	Mon Det=6763	Aux Det=6	O+H=284	 DONE
25/09/2025 02:01:32:	move motor	S18.axis2.piezo rotation to 3.575555deg	 DONE
25/09/2025 02:01:33:	4	count	time	3.000000s/cts	O Det=1	H Det=295	Mon Det=6546	Aux Det=2	O+H=298	 DONE
25/09/2025 02:01:38:	move motor	S18.axis2.piezo rotation to 3.575605deg	 DONE
25/09/2025 02:01:40:	5	count	time	3.000000s/cts	O Det=2	H Det=351	Mon Det=6669	Aux Det=7	O+H=360	 DONE
25/09/2025 02:01:45:	move motor	S18.axis2.piezo rotation to 3.575655deg	 DONE
25/09/2025 02:01:46:	6	count	time	3.000000s/cts	O Det=1	H Det=398	Mon Det=6700	Aux Det=5	O+H=404	 DONE
25/09/2025 02:01:52:	move motor	S18.axis2.piezo rotation to 3.575705deg	 DONE
25/09/2025 02:01:53:	7	count	time	3.000000s/cts	O Det=4	H Det=406	Mon Det=6705	Aux Det=6	O+H=416	 DONE
25/09/2025 02:01:59:	move motor	S18.axis2.piezo rotation to 3.575755deg	 DONE
25/09/2025 02:02:00:	8	count	time	3.000000s/cts	O Det=2	H Det=426	Mon Det=6782	Aux Det=9	O+H=437	 DONE
25/09/2025 02:02:05:	move motor	S18.axis2.piezo rotation to 3.575805deg	 DONE
25/09/2025 02:02:07:	9	count	time	3.000000s/cts	O Det=5	H Det=568	Mon Det=6687	Aux Det=5	O+H=578	 DONE
25/09/2025 02:02:12:	move motor	S18.axis2.piezo rotation to 3.575855deg	 DONE
25/09/2025 02:02:13:	10	count	time	3.000000s/cts	O Det=4	H Det=579	Mon Det=6758	Aux Det=17	O+H=600	 DONE
25/09/2025 02:02:19:	move motor	S18.axis2.piezo rotation to 3.575905deg	 DONE
25/09/2025 02:02:21:	11	count	time	3.000000s/cts	O Det=5	H Det=598	Mon Det=6689	Aux Det=13	O+H=616	 DONE
25/09/2025 02:02:26:	move motor	S18.axis2.piezo rotation to 3.575955deg	 DONE
25/09/2025 02:02:27:	12	count	time	3.000000s/cts	O Det=3	H Det=660	Mon Det=6744	Aux Det=10	O+H=673	 DONE
25/09/2025 02:02:33:	move motor	S18.axis2.piezo rotation to 3.576005deg	 DONE
25/09/2025 02:02:34:	13	count	time	3.000000s/cts	O Det=7	H Det=825	Mon Det=6711	Aux Det=12	O+H=844	 DONE
25/09/2025 02:02:39:	move motor	S18.axis2.piezo rotation to 3.576055deg	 DONE
25/09/2025 02:02:41:	14	count	time	3.000000s/cts	O Det=12	H Det=946	Mon Det=6659	Aux Det=20	O+H=978	 DONE
25/09/2025 02:02:46:	move motor	S18.axis2.piezo rotation to 3.576105deg	 DONE
25/09/2025 02:02:48:	15	count	time	3.000000s/cts	O Det=15	H Det=1065	Mon Det=6519	Aux Det=27	O+H=1107	 DONE
25/09/2025 02:02:53:	move motor	S18.axis2.piezo rotation to 3.576155deg	 DONE
25/09/2025 02:02:54:	16	count	time	3.000000s/cts	O Det=9	H Det=1137	Mon Det=6828	Aux Det=21	O+H=1167	 DONE
25/09/2025 02:02:59:	move motor	S18.axis2.piezo rotation to 3.576205deg	 DONE
25/09/2025 02:03:01:	17	count	time	3.000000s/cts	O Det=19	H Det=1405	Mon Det=6592	Aux Det=49	O+H=1473	 DONE
25/09/2025 02:03:06:	move motor	S18.axis2.piezo rotation to 3.576255deg	 DONE
25/09/2025 02:03:08:	18	count	time	3.000000s/cts	O Det=50	H Det=1592	Mon Det=6779	Aux Det=63	O+H=1705	 DONE
25/09/2025 02:03:13:	move motor	S18.axis2.piezo rotation to 3.576305deg	 DONE
25/09/2025 02:03:15:	19	count	time	3.000000s/cts	O Det=80	H Det=1873	Mon Det=6651	Aux Det=96	O+H=2049	 DONE
25/09/2025 02:03:21:	move motor	S18.axis2.piezo rotation to 3.576355deg	 DONE
25/09/2025 02:03:22:	20	count	time	3.000000s/cts	O Det=86	H Det=2034	Mon Det=6619	Aux Det=168	O+H=2288	 DONE
25/09/2025 02:03:27:	move motor	S18.axis2.piezo rotation to 3.576405deg	 DONE
25/09/2025 02:03:28:	21	count	time	3.000000s/cts	O Det=160	H Det=2267	Mon Det=6598	Aux Det=323	O+H=2750	 DONE
25/09/2025 02:03:34:	move motor	S18.axis2.piezo rotation to 3.576455deg	 DONE
25/09/2025 02:03:36:	22	count	time	3.000000s/cts	O Det=212	H Det=2629	Mon Det=6685	Aux Det=1051	O+H=3892	 DONE
25/09/2025 02:03:42:	move motor	S18.axis2.piezo rotation to 3.576505deg	 DONE
25/09/2025 02:03:43:	23	count	time	3.000000s/cts	O Det=276	H Det=2953	Mon Det=6661	Aux Det=2304	O+H=5533	 DONE
25/09/2025 02:03:49:	move motor	S18.axis2.piezo rotation to 3.576555deg	 DONE
25/09/2025 02:03:50:	24	count	time	3.000000s/cts	O Det=305	H Det=3172	Mon Det=6726	Aux Det=3549	O+H=7026	 DONE
25/09/2025 02:03:55:	move motor	S18.axis2.piezo rotation to 3.576605deg	 DONE
25/09/2025 02:03:56:	25	count	time	3.000000s/cts	O Det=360	H Det=3660	Mon Det=6653	Aux Det=5577	O+H=9597	 DONE
25/09/2025 02:04:02:	move motor	S18.axis2.piezo rotation to 3.576655deg	 DONE
25/09/2025 02:04:04:	26	count	time	3.000000s/cts	O Det=322	H Det=3832	Mon Det=6734	Aux Det=6271	O+H=10425	 DONE
25/09/2025 02:04:09:	move motor	S18.axis2.piezo rotation to 3.576705deg	 DONE
25/09/2025 02:04:10:	27	count	time	3.000000s/cts	O Det=369	H Det=3443	Mon Det=6793	Aux Det=6462	O+H=10274	 DONE
25/09/2025 02:04:15:	move motor	S18.axis2.piezo rotation to 3.576755deg	 DONE
25/09/2025 02:04:17:	28	count	time	3.000000s/cts	O Det=367	H Det=3136	Mon Det=6625	Aux Det=6438	O+H=9941	 DONE
25/09/2025 02:04:22:	move motor	S18.axis2.piezo rotation to 3.576805deg	 DONE
25/09/2025 02:04:23:	29	count	time	3.000000s/cts	O Det=376	H Det=3030	Mon Det=6582	Aux Det=6078	O+H=9484	 DONE
25/09/2025 02:04:29:	move motor	S18.axis2.piezo rotation to 3.576855deg	 DONE
25/09/2025 02:04:31:	30	count	time	3.000000s/cts	O Det=325	H Det=2965	Mon Det=6732	Aux Det=4656	O+H=7946	 DONE
25/09/2025 02:04:36:	move motor	S18.axis2.piezo rotation to 3.576905deg	 DONE
25/09/2025 02:04:38:	31	count	time	3.000000s/cts	O Det=265	H Det=2739	Mon Det=6615	Aux Det=2862	O+H=5866	 DONE
25/09/2025 02:04:43:	move motor	S18.axis2.piezo rotation to 3.576955deg	 DONE
25/09/2025 02:04:44:	32	count	time	3.000000s/cts	O Det=225	H Det=2639	Mon Det=6585	Aux Det=1423	O+H=4287	 DONE
25/09/2025 02:04:50:	move motor	S18.axis2.piezo rotation to 3.577005deg	 DONE
25/09/2025 02:04:51:	33	count	time	3.000000s/cts	O Det=153	H Det=2278	Mon Det=6660	Aux Det=645	O+H=3076	 DONE
25/09/2025 02:04:57:	move motor	S18.axis2.piezo rotation to 3.577055deg	 DONE
25/09/2025 02:04:58:	34	count	time	3.000000s/cts	O Det=131	H Det=2004	Mon Det=6688	Aux Det=367	O+H=2502	 DONE
25/09/2025 02:05:03:	move motor	S18.axis2.piezo rotation to 3.577105deg	 DONE
25/09/2025 02:05:05:	35	count	time	3.000000s/cts	O Det=77	H Det=1711	Mon Det=6525	Aux Det=159	O+H=1947	 DONE
25/09/2025 02:05:10:	move motor	S18.axis2.piezo rotation to 3.577155deg	 DONE
25/09/2025 02:05:11:	36	count	time	3.000000s/cts	O Det=42	H Det=1670	Mon Det=6572	Aux Det=77	O+H=1789	 DONE
25/09/2025 02:05:16:	move motor	S18.axis2.piezo rotation to 3.577205deg	 DONE
25/09/2025 02:05:18:	37	count	time	3.000000s/cts	O Det=31	H Det=1376	Mon Det=6649	Aux Det=41	O+H=1448	 DONE
25/09/2025 02:05:23:	move motor	S18.axis2.piezo rotation to 3.577255deg	 DONE
25/09/2025 02:05:25:	38	count	time	3.000000s/cts	O Det=18	H Det=1167	Mon Det=6571	Aux Det=41	O+H=1226	 DONE
25/09/2025 02:05:30:	move motor	S18.axis2.piezo rotation to 3.577305deg	 DONE
25/09/2025 02:05:32:	39	count	time	3.000000s/cts	O Det=13	H Det=1010	Mon Det=6630	Aux Det=25	O+H=1048	 DONE
25/09/2025 02:05:37:	move motor	S18.axis2.piezo rotation to 3.577355deg	 DONE
25/09/2025 02:05:39:	40	count	time	3.000000s/cts	O Det=8	H Det=899	Mon Det=6675	Aux Det=20	O+H=927	 DONE
25/09/2025 02:05:44:	move motor	S18.axis2.piezo rotation to 3.577405deg	 DONE
25/09/2025 02:05:46:	41	count	time	3.000000s/cts	O Det=5	H Det=738	Mon Det=6606	Aux Det=21	O+H=764	 DONE
25/09/2025 02:05:51:	move motor	S18.axis2.piezo rotation to 3.577455deg	 DONE
25/09/2025 02:05:52:	42	count	time	3.000000s/cts	O Det=10	H Det=661	Mon Det=6621	Aux Det=16	O+H=687	 DONE
25/09/2025 02:05:58:	move motor	S18.axis2.piezo rotation to 3.577505deg	 DONE
25/09/2025 02:05:59:	43	count	time	3.000000s/cts	O Det=5	H Det=609	Mon Det=6713	Aux Det=18	O+H=632	 DONE
25/09/2025 02:06:04:	move motor	S18.axis2.piezo rotation to 3.577555deg	 DONE
25/09/2025 02:06:06:	44	count	time	3.000000s/cts	O Det=3	H Det=515	Mon Det=6554	Aux Det=16	O+H=534	 DONE
25/09/2025 02:06:11:	move motor	S18.axis2.piezo rotation to 3.577605deg	 DONE
25/09/2025 02:06:12:	45	count	time	3.000000s/cts	O Det=4	H Det=506	Mon Det=6627	Aux Det=4	O+H=514	 DONE
25/09/2025 02:06:18:	move motor	S18.axis2.piezo rotation to 3.577655deg	 DONE
25/09/2025 02:06:19:	46	count	time	3.000000s/cts	O Det=3	H Det=447	Mon Det=6657	Aux Det=11	O+H=461	 DONE
25/09/2025 02:06:24:	move motor	S18.axis2.piezo rotation to 3.577705deg	 DONE
25/09/2025 02:06:26:	47	count	time	3.000000s/cts	O Det=0	H Det=404	Mon Det=6608	Aux Det=8	O+H=412	 DONE
25/09/2025 02:06:31:	move motor	S18.axis2.piezo rotation to 3.577755deg	 DONE
25/09/2025 02:06:32:	48	count	time	3.000000s/cts	O Det=3	H Det=353	Mon Det=6632	Aux Det=8	O+H=364	 DONE
25/09/2025 02:06:38:	move motor	S18.axis2.piezo rotation to 3.577805deg	 DONE
25/09/2025 02:06:39:	49	count	time	3.000000s/cts	O Det=4	H Det=317	Mon Det=6651	Aux Det=4	O+H=325	 DONE
25/09/2025 02:06:44:	move motor	S18.axis2.piezo rotation to 3.577855deg	 DONE
25/09/2025 02:06:46:	50	count	time	3.000000s/cts	O Det=0	H Det=291	Mon Det=6703	Aux Det=11	O+H=302	 DONE
25/09/2025 02:06:51:	close file and end scan	saving D:\data\Cycle 198\exp_3-16-19\rawdata\sc\rocking_25Sep0201.tif  DONE
25/09/2025 02:06:52:	move motor	S18.axis2.piezo rotation to fit AUX PEAK60	3.575400reached 3.57540  DONE
25/09/2025 02:06:56:	END OF SCRIPT	 DONE
