24/10/2025 12:08:18:	start execution of script D:\data\Cycle 198\exp_3-16-19\rawdata\sc\rocking.sc	 DONE
24/10/2025 12:08:18:	move motor	S18.axis2.piezo rotation to 0.245330deg	 DONE
24/10/2025 12:08:22:	create file	D:\data\Cycle 198\exp_3-16-19\rawdata\sc\rocking_24Oct1208.dat	 DONE
room to enter remarks DONE
24/10/2025 12:08:23:	move motor	S18.axis2.piezo rotation to 0.345330deg	 DONE
24/10/2025 12:08:27:	1	count	time	3.000000s/cts	O Det=2	H Det=15	Mon Det=7402	Aux Det=23	O+H=40	 DONE
24/10/2025 12:08:31:	move motor	S18.axis2.piezo rotation to 0.345390deg	 DONE
24/10/2025 12:08:33:	2	count	time	3.000000s/cts	O Det=0	H Det=19	Mon Det=7343	Aux Det=34	O+H=53	 DONE
24/10/2025 12:08:37:	move motor	S18.axis2.piezo rotation to 0.345450deg	 DONE
24/10/2025 12:08:38:	3	count	time	3.000000s/cts	O Det=2	H Det=21	Mon Det=7420	Aux Det=22	O+H=45	 DONE
24/10/2025 12:08:43:	move motor	S18.axis2.piezo rotation to 0.345510deg	 DONE
24/10/2025 12:08:44:	4	count	time	3.000000s/cts	O Det=1	H Det=25	Mon Det=7375	Aux Det=32	O+H=58	 DONE
24/10/2025 12:08:49:	move motor	S18.axis2.piezo rotation to 0.345570deg	 DONE
24/10/2025 12:08:50:	5	count	time	3.000000s/cts	O Det=0	H Det=24	Mon Det=7507	Aux Det=29	O+H=53	 DONE
24/10/2025 12:08:55:	move motor	S18.axis2.piezo rotation to 0.345630deg	 DONE
24/10/2025 12:08:56:	6	count	time	3.000000s/cts	O Det=3	H Det=35	Mon Det=7410	Aux Det=40	O+H=78	 DONE
24/10/2025 12:09:01:	move motor	S18.axis2.piezo rotation to 0.345690deg	 DONE
24/10/2025 12:09:02:	7	count	time	3.000000s/cts	O Det=2	H Det=43	Mon Det=7331	Aux Det=52	O+H=97	 DONE
24/10/2025 12:09:07:	move motor	S18.axis2.piezo rotation to 0.345750deg	 DONE
24/10/2025 12:09:08:	8	count	time	3.000000s/cts	O Det=0	H Det=37	Mon Det=7384	Aux Det=54	O+H=91	 DONE
24/10/2025 12:09:12:	move motor	S18.axis2.piezo rotation to 0.345810deg	 DONE
24/10/2025 12:09:14:	9	count	time	3.000000s/cts	O Det=1	H Det=51	Mon Det=7554	Aux Det=57	O+H=109	 DONE
24/10/2025 12:09:18:	move motor	S18.axis2.piezo rotation to 0.345870deg	 DONE
24/10/2025 12:09:19:	10	count	time	3.000000s/cts	O Det=8	H Det=50	Mon Det=7450	Aux Det=76	O+H=134	 DONE
24/10/2025 12:09:24:	move motor	S18.axis2.piezo rotation to 0.345930deg	 DONE
24/10/2025 12:09:25:	11	count	time	3.000000s/cts	O Det=13	H Det=66	Mon Det=7355	Aux Det=95	O+H=174	 DONE
24/10/2025 12:09:30:	move motor	S18.axis2.piezo rotation to 0.345990deg	 DONE
24/10/2025 12:09:31:	12	count	time	3.000000s/cts	O Det=12	H Det=79	Mon Det=7429	Aux Det=175	O+H=266	 DONE
24/10/2025 12:09:36:	move motor	S18.axis2.piezo rotation to 0.346050deg	 DONE
24/10/2025 12:09:37:	13	count	time	3.000000s/cts	O Det=16	H Det=111	Mon Det=7403	Aux Det=136	O+H=263	 DONE
24/10/2025 12:09:42:	move motor	S18.axis2.piezo rotation to 0.346110deg	 DONE
24/10/2025 12:09:43:	14	count	time	3.000000s/cts	O Det=8	H Det=99	Mon Det=7532	Aux Det=139	O+H=246	 DONE
24/10/2025 12:09:48:	move motor	S18.axis2.piezo rotation to 0.346170deg	 DONE
24/10/2025 12:09:49:	15	count	time	3.000000s/cts	O Det=19	H Det=126	Mon Det=7511	Aux Det=167	O+H=312	 DONE
24/10/2025 12:09:54:	move motor	S18.axis2.piezo rotation to 0.346230deg	 DONE
24/10/2025 12:09:55:	16	count	time	3.000000s/cts	O Det=17	H Det=143	Mon Det=7308	Aux Det=182	O+H=342	 DONE
24/10/2025 12:10:00:	move motor	S18.axis2.piezo rotation to 0.346290deg	 DONE
24/10/2025 12:10:01:	17	count	time	3.000000s/cts	O Det=33	H Det=162	Mon Det=7470	Aux Det=202	O+H=397	 DONE
24/10/2025 12:10:05:	move motor	S18.axis2.piezo rotation to 0.346350deg	 DONE
24/10/2025 12:10:07:	18	count	time	3.000000s/cts	O Det=71	H Det=224	Mon Det=7496	Aux Det=263	O+H=558	 DONE
24/10/2025 12:10:11:	move motor	S18.axis2.piezo rotation to 0.346410deg	 DONE
24/10/2025 12:10:12:	19	count	time	3.000000s/cts	O Det=86	H Det=235	Mon Det=7410	Aux Det=385	O+H=706	 DONE
24/10/2025 12:10:17:	move motor	S18.axis2.piezo rotation to 0.346470deg	 DONE
24/10/2025 12:10:18:	20	count	time	3.000000s/cts	O Det=173	H Det=220	Mon Det=7497	Aux Det=479	O+H=872	 DONE
24/10/2025 12:10:23:	move motor	S18.axis2.piezo rotation to 0.346530deg	 DONE
24/10/2025 12:10:24:	21	count	time	3.000000s/cts	O Det=176	H Det=264	Mon Det=7456	Aux Det=721	O+H=1161	 DONE
24/10/2025 12:10:28:	move motor	S18.axis2.piezo rotation to 0.346590deg	 DONE
24/10/2025 12:10:30:	22	count	time	3.000000s/cts	O Det=219	H Det=237	Mon Det=7458	Aux Det=867	O+H=1323	 DONE
24/10/2025 12:10:35:	move motor	S18.axis2.piezo rotation to 0.346650deg	 DONE
24/10/2025 12:10:36:	23	count	time	3.000000s/cts	O Det=246	H Det=207	Mon Det=7543	Aux Det=1029	O+H=1482	 DONE
24/10/2025 12:10:41:	move motor	S18.axis2.piezo rotation to 0.346710deg	 DONE
24/10/2025 12:10:42:	24	count	time	3.000000s/cts	O Det=261	H Det=221	Mon Det=7514	Aux Det=1095	O+H=1577	 DONE
24/10/2025 12:10:46:	move motor	S18.axis2.piezo rotation to 0.346770deg	 DONE
24/10/2025 12:10:48:	25	count	time	3.000000s/cts	O Det=228	H Det=233	Mon Det=7554	Aux Det=1099	O+H=1560	 DONE
24/10/2025 12:10:52:	move motor	S18.axis2.piezo rotation to 0.346830deg	 DONE
24/10/2025 12:10:54:	26	count	time	3.000000s/cts	O Det=201	H Det=191	Mon Det=7399	Aux Det=1039	O+H=1431	 DONE
24/10/2025 12:10:58:	move motor	S18.axis2.piezo rotation to 0.346890deg	 DONE
24/10/2025 12:11:01:	27	count	time	3.000000s/cts	O Det=166	H Det=180	Mon Det=7498	Aux Det=776	O+H=1122	 DONE
24/10/2025 12:11:05:	move motor	S18.axis2.piezo rotation to 0.346950deg	 DONE
24/10/2025 12:11:07:	28	count	time	3.000000s/cts	O Det=101	H Det=161	Mon Det=7482	Aux Det=604	O+H=866	 DONE
24/10/2025 12:11:12:	move motor	S18.axis2.piezo rotation to 0.347010deg	 DONE
24/10/2025 12:11:13:	29	count	time	3.000000s/cts	O Det=71	H Det=162	Mon Det=7518	Aux Det=386	O+H=619	 DONE
24/10/2025 12:11:17:	move motor	S18.axis2.piezo rotation to 0.347070deg	 DONE
24/10/2025 12:11:19:	30	count	time	3.000000s/cts	O Det=45	H Det=174	Mon Det=7586	Aux Det=312	O+H=531	 DONE
24/10/2025 12:11:23:	move motor	S18.axis2.piezo rotation to 0.347130deg	 DONE
24/10/2025 12:11:24:	31	count	time	3.000000s/cts	O Det=31	H Det=141	Mon Det=7504	Aux Det=213	O+H=385	 DONE
24/10/2025 12:11:29:	move motor	S18.axis2.piezo rotation to 0.347190deg	 DONE
24/10/2025 12:11:30:	32	count	time	3.000000s/cts	O Det=30	H Det=106	Mon Det=7398	Aux Det=173	O+H=309	 DONE
24/10/2025 12:11:35:	move motor	S18.axis2.piezo rotation to 0.347250deg	 DONE
24/10/2025 12:11:36:	33	count	time	3.000000s/cts	O Det=16	H Det=100	Mon Det=7516	Aux Det=149	O+H=265	 DONE
24/10/2025 12:11:41:	move motor	S18.axis2.piezo rotation to 0.347310deg	 DONE
24/10/2025 12:11:42:	34	count	time	3.000000s/cts	O Det=12	H Det=99	Mon Det=7491	Aux Det=124	O+H=235	 DONE
24/10/2025 12:11:47:	move motor	S18.axis2.piezo rotation to 0.347370deg	 DONE
24/10/2025 12:11:48:	35	count	time	3.000000s/cts	O Det=8	H Det=79	Mon Det=7501	Aux Det=118	O+H=205	 DONE
24/10/2025 12:11:53:	move motor	S18.axis2.piezo rotation to 0.347430deg	 DONE
24/10/2025 12:11:54:	36	count	time	3.000000s/cts	O Det=6	H Det=55	Mon Det=7371	Aux Det=72	O+H=133	 DONE
24/10/2025 12:11:58:	move motor	S18.axis2.piezo rotation to 0.347490deg	 DONE
24/10/2025 12:12:00:	37	count	time	3.000000s/cts	O Det=6	H Det=45	Mon Det=7616	Aux Det=58	O+H=109	 DONE
24/10/2025 12:12:05:	move motor	S18.axis2.piezo rotation to 0.347550deg	 DONE
24/10/2025 12:12:06:	38	count	time	3.000000s/cts	O Det=2	H Det=47	Mon Det=7395	Aux Det=64	O+H=113	 DONE
24/10/2025 12:12:10:	move motor	S18.axis2.piezo rotation to 0.347610deg	 DONE
24/10/2025 12:12:12:	39	count	time	3.000000s/cts	O Det=4	H Det=38	Mon Det=7458	Aux Det=48	O+H=90	 DONE
24/10/2025 12:12:16:	move motor	S18.axis2.piezo rotation to 0.347670deg	 DONE
24/10/2025 12:12:18:	40	count	time	3.000000s/cts	O Det=6	H Det=39	Mon Det=7597	Aux Det=55	O+H=100	 DONE
24/10/2025 12:12:22:	move motor	S18.axis2.piezo rotation to 0.347730deg	 DONE
24/10/2025 12:12:24:	41	count	time	3.000000s/cts	O Det=0	H Det=29	Mon Det=7342	Aux Det=41	O+H=70	 DONE
24/10/2025 12:12:28:	move motor	S18.axis2.piezo rotation to 0.347790deg	 DONE
24/10/2025 12:12:29:	42	count	time	3.000000s/cts	O Det=2	H Det=20	Mon Det=7528	Aux Det=25	O+H=47	 DONE
24/10/2025 12:12:34:	move motor	S18.axis2.piezo rotation to 0.347850deg	 DONE
24/10/2025 12:12:35:	43	count	time	3.000000s/cts	O Det=2	H Det=29	Mon Det=7473	Aux Det=28	O+H=59	 DONE
24/10/2025 12:12:40:	move motor	S18.axis2.piezo rotation to 0.347910deg	 DONE
24/10/2025 12:12:41:	44	count	time	3.000000s/cts	O Det=2	H Det=23	Mon Det=7377	Aux Det=33	O+H=58	 DONE
24/10/2025 12:12:46:	move motor	S18.axis2.piezo rotation to 0.347970deg	 DONE
24/10/2025 12:12:47:	45	count	time	3.000000s/cts	O Det=1	H Det=23	Mon Det=7475	Aux Det=24	O+H=48	 DONE
24/10/2025 12:12:52:	move motor	S18.axis2.piezo rotation to 0.348030deg	 DONE
24/10/2025 12:12:53:	46	count	time	3.000000s/cts	O Det=0	H Det=19	Mon Det=7299	Aux Det=30	O+H=49	 DONE
24/10/2025 12:12:58:	move motor	S18.axis2.piezo rotation to 0.348090deg	 DONE
24/10/2025 12:12:59:	47	count	time	3.000000s/cts	O Det=2	H Det=17	Mon Det=7441	Aux Det=26	O+H=45	 DONE
24/10/2025 12:13:04:	move motor	S18.axis2.piezo rotation to 0.348150deg	 DONE
24/10/2025 12:13:05:	48	count	time	3.000000s/cts	O Det=0	H Det=10	Mon Det=7653	Aux Det=25	O+H=35	 DONE
24/10/2025 12:13:10:	move motor	S18.axis2.piezo rotation to 0.348210deg	 DONE
24/10/2025 12:13:11:	49	count	time	3.000000s/cts	O Det=1	H Det=12	Mon Det=7400	Aux Det=29	O+H=42	 DONE
24/10/2025 12:13:16:	move motor	S18.axis2.piezo rotation to 0.348270deg	 DONE
24/10/2025 12:13:17:	50	count	time	3.000000s/cts	O Det=0	H Det=18	Mon Det=7621	Aux Det=19	O+H=37	 DONE
24/10/2025 12:13:22:	close file and end scan	 DONE
24/10/2025 12:13:22:	move motor	S18.axis2.piezo rotation to fit SUM PEAK60	0.346715reached 0.34672  DONE
24/10/2025 12:13:25:	END OF SCRIPT	 DONE
