03/10/2025 19:11:04:	start execution of script D:\data\Cycle 198\exp_3-16-19\rawdata\sc\Aperture_scan_ifg2_newPS_B1_2p30s.sc	 DONE
03/10/2025 19:11:04:	move motor	S18.axis2.Aperture Z to 8.50000mm	reached 8.50000  DONE
03/10/2025 19:11:08:	move motor	S18.axis2.Aperture Y to 16.50000mm	reached 16.50000  DONE
03/10/2025 19:11:11:	move motor	S18.axis2.phaseshifter 2 to -3.100000deg	 DONE
03/10/2025 19:11:13:	create file	D:\data\Cycle 198\exp_3-16-19\rawdata\sc\Aperture_scan_ifg2_newPS_B1_2p30s_03Oct1911.dat	 DONE
room to enter remarks DONE
03/10/2025 19:11:14:	move motor	S18.axis2.phaseshifter 2 to -3.000000deg	 DONE
03/10/2025 19:11:16:	1	count	time	30.000000s/cts	O Det=1657	H Det=2336	Mon Det=70189	Aux Det=2528	O+H=6521	 DONE
03/10/2025 19:11:48:	move motor	S18.axis2.phaseshifter 2 to -2.931034deg	 DONE
03/10/2025 19:11:49:	2	count	time	30.000000s/cts	O Det=2194	H Det=1934	Mon Det=69620	Aux Det=2700	O+H=6828	 DONE
03/10/2025 19:12:21:	move motor	S18.axis2.phaseshifter 2 to -2.862068deg	 DONE
03/10/2025 19:12:22:	3	count	time	30.000000s/cts	O Det=2575	H Det=1604	Mon Det=70102	Aux Det=2616	O+H=6795	 DONE
03/10/2025 19:12:54:	move motor	S18.axis2.phaseshifter 2 to -2.793102deg	 DONE
03/10/2025 19:12:55:	4	count	time	30.000000s/cts	O Det=2676	H Det=1506	Mon Det=69629	Aux Det=2679	O+H=6861	 DONE
03/10/2025 19:13:27:	move motor	S18.axis2.phaseshifter 2 to -2.724136deg	 DONE
03/10/2025 19:13:29:	5	count	time	30.000000s/cts	O Det=2670	H Det=1439	Mon Det=69446	Aux Det=2533	O+H=6642	 DONE
03/10/2025 19:14:00:	move motor	S18.axis2.phaseshifter 2 to -2.655170deg	 DONE
03/10/2025 19:14:02:	6	count	time	30.000000s/cts	O Det=2437	H Det=1616	Mon Det=69686	Aux Det=2650	O+H=6703	 DONE
03/10/2025 19:14:34:	move motor	S18.axis2.phaseshifter 2 to -2.586204deg	 DONE
03/10/2025 19:14:35:	7	count	time	30.000000s/cts	O Det=2143	H Det=1878	Mon Det=69868	Aux Det=2549	O+H=6570	 DONE
03/10/2025 19:15:07:	move motor	S18.axis2.phaseshifter 2 to -2.517238deg	 DONE
03/10/2025 19:15:08:	8	count	time	30.000000s/cts	O Det=1654	H Det=2348	Mon Det=70027	Aux Det=2630	O+H=6632	 DONE
03/10/2025 19:15:40:	move motor	S18.axis2.phaseshifter 2 to -2.448272deg	 DONE
03/10/2025 19:15:42:	9	count	time	30.000000s/cts	O Det=1167	H Det=2688	Mon Det=69959	Aux Det=2650	O+H=6505	 DONE
03/10/2025 19:16:13:	move motor	S18.axis2.phaseshifter 2 to -2.379306deg	 DONE
03/10/2025 19:16:15:	10	count	time	30.000000s/cts	O Det=853	H Det=3089	Mon Det=69879	Aux Det=2619	O+H=6561	 DONE
03/10/2025 19:16:46:	move motor	S18.axis2.phaseshifter 2 to -2.310340deg	 DONE
03/10/2025 19:16:48:	11	count	time	30.000000s/cts	O Det=562	H Det=3317	Mon Det=69614	Aux Det=2617	O+H=6496	 DONE
03/10/2025 19:17:20:	move motor	S18.axis2.phaseshifter 2 to -2.241374deg	 DONE
03/10/2025 19:17:21:	12	count	time	30.000000s/cts	O Det=482	H Det=3327	Mon Det=69458	Aux Det=2566	O+H=6375	 DONE
03/10/2025 19:17:53:	move motor	S18.axis2.phaseshifter 2 to -2.172408deg	 DONE
03/10/2025 19:17:54:	13	count	time	30.000000s/cts	O Det=605	H Det=3257	Mon Det=69613	Aux Det=2680	O+H=6542	 DONE
03/10/2025 19:18:26:	move motor	S18.axis2.phaseshifter 2 to -2.103442deg	 DONE
03/10/2025 19:18:27:	14	count	time	30.000000s/cts	O Det=911	H Det=3066	Mon Det=70129	Aux Det=2590	O+H=6567	 DONE
03/10/2025 19:18:59:	move motor	S18.axis2.phaseshifter 2 to -2.034476deg	 DONE
03/10/2025 19:19:01:	15	count	time	30.000000s/cts	O Det=1401	H Det=2554	Mon Det=69952	Aux Det=2596	O+H=6551	 DONE
03/10/2025 19:19:32:	move motor	S18.axis2.phaseshifter 2 to -1.965510deg	 DONE
03/10/2025 19:19:34:	16	count	time	30.000000s/cts	O Det=1764	H Det=2271	Mon Det=69847	Aux Det=2625	O+H=6660	 DONE
03/10/2025 19:20:06:	move motor	S18.axis2.phaseshifter 2 to -1.896544deg	 DONE
03/10/2025 19:20:07:	17	count	time	30.000000s/cts	O Det=2277	H Det=1812	Mon Det=70183	Aux Det=2604	O+H=6693	 DONE
03/10/2025 19:20:39:	move motor	S18.axis2.phaseshifter 2 to -1.827578deg	 DONE
03/10/2025 19:20:40:	18	count	time	30.000000s/cts	O Det=2589	H Det=1533	Mon Det=70132	Aux Det=2624	O+H=6746	 DONE
03/10/2025 19:21:12:	move motor	S18.axis2.phaseshifter 2 to -1.758612deg	 DONE
03/10/2025 19:21:13:	19	count	time	30.000000s/cts	O Det=2670	H Det=1427	Mon Det=69846	Aux Det=2620	O+H=6717	 DONE
03/10/2025 19:21:45:	move motor	S18.axis2.phaseshifter 2 to -1.689646deg	 DONE
03/10/2025 19:21:47:	20	count	time	30.000000s/cts	O Det=2649	H Det=1470	Mon Det=70367	Aux Det=2656	O+H=6775	 DONE
03/10/2025 19:22:18:	move motor	S18.axis2.phaseshifter 2 to -1.620680deg	 DONE
03/10/2025 19:22:20:	21	count	time	30.000000s/cts	O Det=2402	H Det=1616	Mon Det=70100	Aux Det=2679	O+H=6697	 DONE
03/10/2025 19:22:52:	move motor	S18.axis2.phaseshifter 2 to -1.551714deg	 DONE
03/10/2025 19:22:53:	22	count	time	30.000000s/cts	O Det=2054	H Det=2067	Mon Det=69731	Aux Det=2638	O+H=6759	 DONE
03/10/2025 19:23:25:	move motor	S18.axis2.phaseshifter 2 to -1.482748deg	 DONE
03/10/2025 19:23:26:	23	count	time	30.000000s/cts	O Det=1568	H Det=2446	Mon Det=69991	Aux Det=2589	O+H=6603	 DONE
03/10/2025 19:23:58:	move motor	S18.axis2.phaseshifter 2 to -1.413782deg	 DONE
03/10/2025 19:23:59:	24	count	time	30.000000s/cts	O Det=999	H Det=2902	Mon Det=69788	Aux Det=2607	O+H=6508	 DONE
03/10/2025 19:24:31:	move motor	S18.axis2.phaseshifter 2 to -1.344816deg	 DONE
03/10/2025 19:24:33:	25	count	time	30.000000s/cts	O Det=640	H Det=3250	Mon Det=70133	Aux Det=2618	O+H=6508	 DONE
03/10/2025 19:25:04:	move motor	S18.axis2.phaseshifter 2 to -1.275850deg	 DONE
03/10/2025 19:25:06:	26	count	time	30.000000s/cts	O Det=488	H Det=3323	Mon Det=69650	Aux Det=2613	O+H=6424	 DONE
03/10/2025 19:25:38:	move motor	S18.axis2.phaseshifter 2 to -1.206884deg	 DONE
03/10/2025 19:25:39:	27	count	time	30.000000s/cts	O Det=491	H Det=3425	Mon Det=69694	Aux Det=2681	O+H=6597	 DONE
03/10/2025 19:26:11:	move motor	S18.axis2.phaseshifter 2 to -1.137918deg	 DONE
03/10/2025 19:26:12:	28	count	time	30.000000s/cts	O Det=661	H Det=3082	Mon Det=70006	Aux Det=2641	O+H=6384	 DONE
03/10/2025 19:26:44:	move motor	S18.axis2.phaseshifter 2 to -1.068952deg	 DONE
03/10/2025 19:26:45:	29	count	time	30.000000s/cts	O Det=1064	H Det=2782	Mon Det=69510	Aux Det=2592	O+H=6438	 DONE
03/10/2025 19:27:17:	move motor	S18.axis2.phaseshifter 2 to -0.999986deg	 DONE
03/10/2025 19:27:19:	30	count	time	30.000000s/cts	O Det=1469	H Det=2676	Mon Det=69481	Aux Det=2647	O+H=6792	 DONE
03/10/2025 19:27:50:	close file and end scan	 DONE
call of ifg2_newPS_2p30s_B1.sc DONE
03/10/2025 19:27:51:	move motor	S18.axis2.Aperture Y to 19.00000mm	reached 19.00000  DONE
03/10/2025 19:27:55:	move motor	S18.axis2.phaseshifter 2 to -3.100000deg	 DONE
03/10/2025 19:27:58:	create file	D:\data\Cycle 198\exp_3-16-19\rawdata\sc\Aperture_scan_ifg2_newPS_B1_2p30s_03Oct1927.dat	 DONE
room to enter remarks DONE
03/10/2025 19:27:59:	move motor	S18.axis2.phaseshifter 2 to -3.000000deg	 DONE
03/10/2025 19:28:00:	1	count	time	30.000000s/cts	O Det=1917	H Det=2706	Mon Det=69114	Aux Det=2250	O+H=6873	 DONE
03/10/2025 19:28:32:	move motor	S18.axis2.phaseshifter 2 to -2.931034deg	 DONE
03/10/2025 19:28:33:	2	count	time	30.000000s/cts	O Det=2478	H Det=2262	Mon Det=69030	Aux Det=2185	O+H=6925	 DONE
03/10/2025 19:29:05:	move motor	S18.axis2.phaseshifter 2 to -2.862068deg	 DONE
03/10/2025 19:29:07:	3	count	time	30.000000s/cts	O Det=2638	H Det=2022	Mon Det=69511	Aux Det=2214	O+H=6874	 DONE
03/10/2025 19:29:38:	move motor	S18.axis2.phaseshifter 2 to -2.793102deg	 DONE
03/10/2025 19:29:40:	4	count	time	30.000000s/cts	O Det=2644	H Det=2086	Mon Det=69340	Aux Det=2155	O+H=6885	 DONE
03/10/2025 19:30:12:	move motor	S18.axis2.phaseshifter 2 to -2.724136deg	 DONE
03/10/2025 19:30:13:	5	count	time	30.000000s/cts	O Det=2749	H Det=2076	Mon Det=69035	Aux Det=2237	O+H=7062	 DONE
03/10/2025 19:30:45:	move motor	S18.axis2.phaseshifter 2 to -2.655170deg	 DONE
03/10/2025 19:30:46:	6	count	time	30.000000s/cts	O Det=2420	H Det=2291	Mon Det=69351	Aux Det=2093	O+H=6804	 DONE
03/10/2025 19:31:18:	move motor	S18.axis2.phaseshifter 2 to -2.586204deg	 DONE
03/10/2025 19:31:19:	7	count	time	30.000000s/cts	O Det=1940	H Det=2584	Mon Det=69079	Aux Det=2131	O+H=6655	 DONE
03/10/2025 19:31:51:	move motor	S18.axis2.phaseshifter 2 to -2.517238deg	 DONE
03/10/2025 19:31:53:	8	count	time	30.000000s/cts	O Det=1517	H Det=3143	Mon Det=69071	Aux Det=2138	O+H=6798	 DONE
03/10/2025 19:32:24:	move motor	S18.axis2.phaseshifter 2 to -2.448272deg	 DONE
03/10/2025 19:32:26:	9	count	time	30.000000s/cts	O Det=1082	H Det=3397	Mon Det=69538	Aux Det=2173	O+H=6652	 DONE
03/10/2025 19:32:58:	move motor	S18.axis2.phaseshifter 2 to -2.379306deg	 DONE
03/10/2025 19:32:59:	10	count	time	30.000000s/cts	O Det=828	H Det=3664	Mon Det=69787	Aux Det=2209	O+H=6701	 DONE
03/10/2025 19:33:31:	move motor	S18.axis2.phaseshifter 2 to -2.310340deg	 DONE
03/10/2025 19:33:32:	11	count	time	30.000000s/cts	O Det=554	H Det=3915	Mon Det=69679	Aux Det=2132	O+H=6601	 DONE
03/10/2025 19:34:04:	move motor	S18.axis2.phaseshifter 2 to -2.241374deg	 DONE
03/10/2025 19:34:05:	12	count	time	30.000000s/cts	O Det=649	H Det=3883	Mon Det=69986	Aux Det=2183	O+H=6715	 DONE
03/10/2025 19:34:37:	move motor	S18.axis2.phaseshifter 2 to -2.172408deg	 DONE
03/10/2025 19:34:39:	13	count	time	30.000000s/cts	O Det=799	H Det=3715	Mon Det=69150	Aux Det=2145	O+H=6659	 DONE
03/10/2025 19:35:10:	move motor	S18.axis2.phaseshifter 2 to -2.103442deg	 DONE
03/10/2025 19:35:12:	14	count	time	30.000000s/cts	O Det=1242	H Det=3342	Mon Det=69462	Aux Det=2175	O+H=6759	 DONE
03/10/2025 19:35:44:	move motor	S18.axis2.phaseshifter 2 to -2.034476deg	 DONE
03/10/2025 19:35:45:	15	count	time	30.000000s/cts	O Det=1711	H Det=2853	Mon Det=69442	Aux Det=2184	O+H=6748	 DONE
03/10/2025 19:36:17:	move motor	S18.axis2.phaseshifter 2 to -1.965510deg	 DONE
03/10/2025 19:36:18:	16	count	time	30.000000s/cts	O Det=2013	H Det=2535	Mon Det=69673	Aux Det=2197	O+H=6745	 DONE
03/10/2025 19:36:50:	move motor	S18.axis2.phaseshifter 2 to -1.896544deg	 DONE
03/10/2025 19:36:51:	17	count	time	30.000000s/cts	O Det=2498	H Det=2182	Mon Det=69536	Aux Det=2205	O+H=6885	 DONE
03/10/2025 19:37:23:	move motor	S18.axis2.phaseshifter 2 to -1.827578deg	 DONE
03/10/2025 19:37:25:	18	count	time	30.000000s/cts	O Det=2567	H Det=1958	Mon Det=69059	Aux Det=2168	O+H=6693	 DONE
03/10/2025 19:37:56:	move motor	S18.axis2.phaseshifter 2 to -1.758612deg	 DONE
03/10/2025 19:37:58:	19	count	time	30.000000s/cts	O Det=2667	H Det=1932	Mon Det=69484	Aux Det=2125	O+H=6724	 DONE
03/10/2025 19:38:30:	move motor	S18.axis2.phaseshifter 2 to -1.689646deg	 DONE
03/10/2025 19:38:31:	20	count	time	30.000000s/cts	O Det=2663	H Det=2047	Mon Det=69723	Aux Det=2195	O+H=6905	 DONE
03/10/2025 19:39:03:	move motor	S18.axis2.phaseshifter 2 to -1.620680deg	 DONE
03/10/2025 19:39:04:	21	count	time	30.000000s/cts	O Det=2381	H Det=2223	Mon Det=69524	Aux Det=2228	O+H=6832	 DONE
03/10/2025 19:39:36:	move motor	S18.axis2.phaseshifter 2 to -1.551714deg	 DONE
03/10/2025 19:39:37:	22	count	time	30.000000s/cts	O Det=1836	H Det=2730	Mon Det=69304	Aux Det=2188	O+H=6754	 DONE
03/10/2025 19:40:09:	move motor	S18.axis2.phaseshifter 2 to -1.482748deg	 DONE
03/10/2025 19:40:11:	23	count	time	30.000000s/cts	O Det=1413	H Det=3126	Mon Det=69594	Aux Det=2236	O+H=6775	 DONE
03/10/2025 19:40:42:	move motor	S18.axis2.phaseshifter 2 to -1.413782deg	 DONE
03/10/2025 19:40:44:	24	count	time	30.000000s/cts	O Det=1029	H Det=3519	Mon Det=69436	Aux Det=2226	O+H=6774	 DONE
03/10/2025 19:41:16:	move motor	S18.axis2.phaseshifter 2 to -1.344816deg	 DONE
03/10/2025 19:41:17:	25	count	time	30.000000s/cts	O Det=634	H Det=3910	Mon Det=69729	Aux Det=2151	O+H=6695	 DONE
03/10/2025 19:41:49:	move motor	S18.axis2.phaseshifter 2 to -1.275850deg	 DONE
03/10/2025 19:41:50:	26	count	time	30.000000s/cts	O Det=535	H Det=3987	Mon Det=69771	Aux Det=2097	O+H=6619	 DONE
03/10/2025 19:42:22:	move motor	S18.axis2.phaseshifter 2 to -1.206884deg	 DONE
03/10/2025 19:42:23:	27	count	time	30.000000s/cts	O Det=704	H Det=3777	Mon Det=69852	Aux Det=2155	O+H=6636	 DONE
03/10/2025 19:42:55:	move motor	S18.axis2.phaseshifter 2 to -1.137918deg	 DONE
03/10/2025 19:42:57:	28	count	time	30.000000s/cts	O Det=894	H Det=3575	Mon Det=69682	Aux Det=2191	O+H=6660	 DONE
03/10/2025 19:43:28:	move motor	S18.axis2.phaseshifter 2 to -1.068952deg	 DONE
03/10/2025 19:43:30:	29	count	time	30.000000s/cts	O Det=1354	H Det=3120	Mon Det=69739	Aux Det=2170	O+H=6644	 DONE
03/10/2025 19:44:02:	move motor	S18.axis2.phaseshifter 2 to -0.999986deg	 DONE
03/10/2025 19:44:03:	30	count	time	30.000000s/cts	O Det=1754	H Det=2724	Mon Det=69619	Aux Det=2079	O+H=6557	 DONE
03/10/2025 19:44:35:	close file and end scan	 DONE
call of ifg2_newPS_2p30s_B1.sc DONE
03/10/2025 19:44:36:	move motor	S18.axis2.Aperture Z to 11.00000mm	reached 11.00000  DONE
03/10/2025 19:44:39:	move motor	S18.axis2.Aperture Y to 16.50000mm	reached 16.50000  DONE
03/10/2025 19:44:44:	move motor	S18.axis2.phaseshifter 2 to -3.100000deg	 DONE
03/10/2025 19:44:46:	create file	D:\data\Cycle 198\exp_3-16-19\rawdata\sc\Aperture_scan_ifg2_newPS_B1_2p30s_03Oct1944.dat	 DONE
room to enter remarks DONE
03/10/2025 19:44:47:	move motor	S18.axis2.phaseshifter 2 to -3.000000deg	 DONE
03/10/2025 19:44:48:	1	count	time	30.000000s/cts	O Det=1674	H Det=2453	Mon Det=69109	Aux Det=2640	O+H=6767	 DONE
03/10/2025 19:45:20:	move motor	S18.axis2.phaseshifter 2 to -2.931034deg	 DONE
03/10/2025 19:45:22:	2	count	time	30.000000s/cts	O Det=2142	H Det=1985	Mon Det=69321	Aux Det=2666	O+H=6793	 DONE
03/10/2025 19:45:53:	move motor	S18.axis2.phaseshifter 2 to -2.862068deg	 DONE
03/10/2025 19:45:55:	3	count	time	30.000000s/cts	O Det=2421	H Det=1745	Mon Det=69626	Aux Det=2624	O+H=6790	 DONE
03/10/2025 19:46:27:	move motor	S18.axis2.phaseshifter 2 to -2.793102deg	 DONE
03/10/2025 19:46:28:	4	count	time	30.000000s/cts	O Det=2511	H Det=1746	Mon Det=69234	Aux Det=2733	O+H=6990	 DONE
03/10/2025 19:47:00:	move motor	S18.axis2.phaseshifter 2 to -2.724136deg	 DONE
03/10/2025 19:47:01:	5	count	time	30.000000s/cts	O Det=2364	H Det=1756	Mon Det=69077	Aux Det=2787	O+H=6907	 DONE
03/10/2025 19:47:33:	move motor	S18.axis2.phaseshifter 2 to -2.655170deg	 DONE
03/10/2025 19:47:34:	6	count	time	30.000000s/cts	O Det=2285	H Det=1912	Mon Det=69453	Aux Det=2658	O+H=6855	 DONE
03/10/2025 19:48:06:	move motor	S18.axis2.phaseshifter 2 to -2.586204deg	 DONE
03/10/2025 19:48:08:	7	count	time	30.000000s/cts	O Det=1747	H Det=2272	Mon Det=69137	Aux Det=2676	O+H=6695	 DONE
03/10/2025 19:48:39:	move motor	S18.axis2.phaseshifter 2 to -2.517238deg	 DONE
03/10/2025 19:48:41:	8	count	time	30.000000s/cts	O Det=1398	H Det=2663	Mon Det=68995	Aux Det=2641	O+H=6702	 DONE
03/10/2025 19:49:13:	move motor	S18.axis2.phaseshifter 2 to -2.448272deg	 DONE
03/10/2025 19:49:14:	9	count	time	30.000000s/cts	O Det=922	H Det=3042	Mon Det=68673	Aux Det=2725	O+H=6689	 DONE
03/10/2025 19:49:46:	move motor	S18.axis2.phaseshifter 2 to -2.379306deg	 DONE
03/10/2025 19:49:47:	10	count	time	30.000000s/cts	O Det=584	H Det=3331	Mon Det=69730	Aux Det=2719	O+H=6634	 DONE
03/10/2025 19:50:19:	move motor	S18.axis2.phaseshifter 2 to -2.310340deg	 DONE
03/10/2025 19:50:20:	11	count	time	30.000000s/cts	O Det=405	H Det=3405	Mon Det=69739	Aux Det=2780	O+H=6590	 DONE
03/10/2025 19:50:52:	move motor	S18.axis2.phaseshifter 2 to -2.241374deg	 DONE
03/10/2025 19:50:54:	12	count	time	30.000000s/cts	O Det=381	H Det=3522	Mon Det=69210	Aux Det=2722	O+H=6625	 DONE
03/10/2025 19:51:25:	move motor	S18.axis2.phaseshifter 2 to -2.172408deg	 DONE
03/10/2025 19:51:27:	13	count	time	30.000000s/cts	O Det=632	H Det=3354	Mon Det=69154	Aux Det=2656	O+H=6642	 DONE
03/10/2025 19:51:59:	move motor	S18.axis2.phaseshifter 2 to -2.103442deg	 DONE
03/10/2025 19:52:00:	14	count	time	30.000000s/cts	O Det=931	H Det=2973	Mon Det=69422	Aux Det=2667	O+H=6571	 DONE
03/10/2025 19:52:32:	move motor	S18.axis2.phaseshifter 2 to -2.034476deg	 DONE
03/10/2025 19:52:33:	15	count	time	30.000000s/cts	O Det=1404	H Det=2650	Mon Det=69533	Aux Det=2769	O+H=6823	 DONE
03/10/2025 19:53:05:	move motor	S18.axis2.phaseshifter 2 to -1.965510deg	 DONE
03/10/2025 19:53:06:	16	count	time	30.000000s/cts	O Det=1807	H Det=2313	Mon Det=69185	Aux Det=2708	O+H=6828	 DONE
03/10/2025 19:53:38:	move motor	S18.axis2.phaseshifter 2 to -1.896544deg	 DONE
03/10/2025 19:53:40:	17	count	time	30.000000s/cts	O Det=2199	H Det=1921	Mon Det=69488	Aux Det=2708	O+H=6828	 DONE
03/10/2025 19:54:11:	move motor	S18.axis2.phaseshifter 2 to -1.827578deg	 DONE
03/10/2025 19:54:13:	18	count	time	30.000000s/cts	O Det=2532	H Det=1739	Mon Det=69379	Aux Det=2743	O+H=7014	 DONE
03/10/2025 19:54:45:	move motor	S18.axis2.phaseshifter 2 to -1.758612deg	 DONE
03/10/2025 19:54:46:	19	count	time	30.000000s/cts	O Det=2549	H Det=1615	Mon Det=68812	Aux Det=2614	O+H=6778	 DONE
03/10/2025 19:55:18:	move motor	S18.axis2.phaseshifter 2 to -1.689646deg	 DONE
03/10/2025 19:55:19:	20	count	time	30.000000s/cts	O Det=2364	H Det=1721	Mon Det=69999	Aux Det=2662	O+H=6747	 DONE
03/10/2025 19:55:51:	move motor	S18.axis2.phaseshifter 2 to -1.620680deg	 DONE
03/10/2025 19:55:53:	21	count	time	30.000000s/cts	O Det=2137	H Det=1964	Mon Det=69235	Aux Det=2754	O+H=6855	 DONE
03/10/2025 19:56:24:	move motor	S18.axis2.phaseshifter 2 to -1.551714deg	 DONE
03/10/2025 19:56:26:	22	count	time	30.000000s/cts	O Det=1705	H Det=2258	Mon Det=68728	Aux Det=2736	O+H=6699	 DONE
03/10/2025 19:56:58:	move motor	S18.axis2.phaseshifter 2 to -1.482748deg	 DONE
03/10/2025 19:56:59:	23	count	time	30.000000s/cts	O Det=1311	H Det=2789	Mon Det=68977	Aux Det=2681	O+H=6781	 DONE
03/10/2025 19:57:31:	move motor	S18.axis2.phaseshifter 2 to -1.413782deg	 DONE
03/10/2025 19:57:32:	24	count	time	30.000000s/cts	O Det=811	H Det=3104	Mon Det=69249	Aux Det=2639	O+H=6554	 DONE
03/10/2025 19:58:04:	move motor	S18.axis2.phaseshifter 2 to -1.344816deg	 DONE
03/10/2025 19:58:05:	25	count	time	30.000000s/cts	O Det=506	H Det=3375	Mon Det=69042	Aux Det=2773	O+H=6654	 DONE
03/10/2025 19:58:37:	move motor	S18.axis2.phaseshifter 2 to -1.275850deg	 DONE
03/10/2025 19:58:39:	26	count	time	30.000000s/cts	O Det=403	H Det=3406	Mon Det=69318	Aux Det=2609	O+H=6418	 DONE
03/10/2025 19:59:10:	move motor	S18.axis2.phaseshifter 2 to -1.206884deg	 DONE
03/10/2025 19:59:12:	27	count	time	30.000000s/cts	O Det=400	H Det=3511	Mon Det=69492	Aux Det=2622	O+H=6533	 DONE
03/10/2025 19:59:44:	move motor	S18.axis2.phaseshifter 2 to -1.137918deg	 DONE
03/10/2025 19:59:45:	28	count	time	30.000000s/cts	O Det=553	H Det=3296	Mon Det=69140	Aux Det=2703	O+H=6552	 DONE
03/10/2025 20:00:17:	move motor	S18.axis2.phaseshifter 2 to -1.068952deg	 DONE
03/10/2025 20:00:18:	29	count	time	30.000000s/cts	O Det=1099	H Det=2865	Mon Det=69225	Aux Det=2777	O+H=6741	 DONE
03/10/2025 20:00:50:	move motor	S18.axis2.phaseshifter 2 to -0.999986deg	 DONE
03/10/2025 20:00:51:	30	count	time	30.000000s/cts	O Det=1379	H Det=2599	Mon Det=69789	Aux Det=2759	O+H=6737	 DONE
03/10/2025 20:01:23:	close file and end scan	 DONE
call of ifg2_newPS_2p30s_B1.sc DONE
03/10/2025 20:01:24:	move motor	S18.axis2.Aperture Y to 19.00000mm	reached 19.00000  DONE
03/10/2025 20:01:28:	move motor	S18.axis2.phaseshifter 2 to -3.100000deg	 DONE
03/10/2025 20:01:30:	create file	D:\data\Cycle 198\exp_3-16-19\rawdata\sc\Aperture_scan_ifg2_newPS_B1_2p30s_03Oct2001.dat	 DONE
room to enter remarks DONE
03/10/2025 20:01:31:	move motor	S18.axis2.phaseshifter 2 to -3.000000deg	 DONE
03/10/2025 20:01:33:	1	count	time	30.000000s/cts	O Det=1898	H Det=2970	Mon Det=69863	Aux Det=2281	O+H=7149	 DONE
03/10/2025 20:02:05:	move motor	S18.axis2.phaseshifter 2 to -2.931034deg	 DONE
03/10/2025 20:02:06:	2	count	time	30.000000s/cts	O Det=2335	H Det=2535	Mon Det=69426	Aux Det=2299	O+H=7169	 DONE
03/10/2025 20:02:38:	move motor	S18.axis2.phaseshifter 2 to -2.862068deg	 DONE
03/10/2025 20:02:39:	3	count	time	30.000000s/cts	O Det=2520	H Det=2310	Mon Det=69338	Aux Det=2200	O+H=7030	 DONE
03/10/2025 20:03:11:	move motor	S18.axis2.phaseshifter 2 to -2.793102deg	 DONE
03/10/2025 20:03:13:	4	count	time	30.000000s/cts	O Det=2626	H Det=2295	Mon Det=69144	Aux Det=2273	O+H=7194	 DONE
03/10/2025 20:03:44:	move motor	S18.axis2.phaseshifter 2 to -2.724136deg	 DONE
03/10/2025 20:03:46:	5	count	time	30.000000s/cts	O Det=2594	H Det=2439	Mon Det=69527	Aux Det=2244	O+H=7277	 DONE
03/10/2025 20:04:18:	move motor	S18.axis2.phaseshifter 2 to -2.655170deg	 DONE
03/10/2025 20:04:19:	6	count	time	30.000000s/cts	O Det=2291	H Det=2644	Mon Det=69467	Aux Det=2374	O+H=7309	 DONE
03/10/2025 20:04:51:	move motor	S18.axis2.phaseshifter 2 to -2.586204deg	 DONE
03/10/2025 20:04:52:	7	count	time	30.000000s/cts	O Det=1889	H Det=2973	Mon Det=69278	Aux Det=2337	O+H=7199	 DONE
03/10/2025 20:05:24:	move motor	S18.axis2.phaseshifter 2 to -2.517238deg	 DONE
03/10/2025 20:05:25:	8	count	time	30.000000s/cts	O Det=1461	H Det=3306	Mon Det=69375	Aux Det=2359	O+H=7126	 DONE
03/10/2025 20:05:57:	move motor	S18.axis2.phaseshifter 2 to -2.448272deg	 DONE
03/10/2025 20:05:59:	9	count	time	30.000000s/cts	O Det=1044	H Det=3662	Mon Det=69737	Aux Det=2310	O+H=7016	 DONE
03/10/2025 20:06:30:	move motor	S18.axis2.phaseshifter 2 to -2.379306deg	 DONE
03/10/2025 20:06:32:	10	count	time	30.000000s/cts	O Det=695	H Det=3961	Mon Det=69533	Aux Det=2285	O+H=6941	 DONE
03/10/2025 20:07:04:	move motor	S18.axis2.phaseshifter 2 to -2.310340deg	 DONE
03/10/2025 20:07:05:	11	count	time	30.000000s/cts	O Det=592	H Det=4141	Mon Det=69825	Aux Det=2200	O+H=6933	 DONE
03/10/2025 20:07:37:	move motor	S18.axis2.phaseshifter 2 to -2.241374deg	 DONE
03/10/2025 20:07:38:	12	count	time	30.000000s/cts	O Det=580	H Det=4137	Mon Det=69554	Aux Det=2340	O+H=7057	 DONE
03/10/2025 20:08:10:	move motor	S18.axis2.phaseshifter 2 to -2.172408deg	 DONE
03/10/2025 20:08:11:	13	count	time	30.000000s/cts	O Det=752	H Det=4054	Mon Det=68913	Aux Det=2261	O+H=7067	 DONE
03/10/2025 20:08:43:	move motor	S18.axis2.phaseshifter 2 to -2.103442deg	 DONE
03/10/2025 20:08:45:	14	count	time	30.000000s/cts	O Det=1237	H Det=3448	Mon Det=69118	Aux Det=2258	O+H=6943	 DONE
03/10/2025 20:09:16:	move motor	S18.axis2.phaseshifter 2 to -2.034476deg	 DONE
03/10/2025 20:09:18:	15	count	time	30.000000s/cts	O Det=1786	H Det=3120	Mon Det=69560	Aux Det=2286	O+H=7192	 DONE
03/10/2025 20:09:50:	move motor	S18.axis2.phaseshifter 2 to -1.965510deg	 DONE
03/10/2025 20:09:51:	16	count	time	30.000000s/cts	O Det=2144	H Det=2847	Mon Det=69758	Aux Det=2257	O+H=7248	 DONE
03/10/2025 20:10:23:	move motor	S18.axis2.phaseshifter 2 to -1.896544deg	 DONE
03/10/2025 20:10:24:	17	count	time	30.000000s/cts	O Det=2276	H Det=2563	Mon Det=69805	Aux Det=2324	O+H=7163	 DONE
03/10/2025 20:10:56:	move motor	S18.axis2.phaseshifter 2 to -1.827578deg	 DONE
03/10/2025 20:10:57:	18	count	time	30.000000s/cts	O Det=2702	H Det=2304	Mon Det=69480	Aux Det=2300	O+H=7306	 DONE
03/10/2025 20:11:29:	move motor	S18.axis2.phaseshifter 2 to -1.758612deg	 DONE
03/10/2025 20:11:31:	19	count	time	30.000000s/cts	O Det=2565	H Det=2317	Mon Det=69095	Aux Det=2284	O+H=7166	 DONE
03/10/2025 20:12:02:	move motor	S18.axis2.phaseshifter 2 to -1.689646deg	 DONE
03/10/2025 20:12:04:	20	count	time	30.000000s/cts	O Det=2527	H Det=2490	Mon Det=69648	Aux Det=2282	O+H=7299	 DONE
03/10/2025 20:12:36:	move motor	S18.axis2.phaseshifter 2 to -1.620680deg	 DONE
03/10/2025 20:12:37:	21	count	time	30.000000s/cts	O Det=2211	H Det=2634	Mon Det=69128	Aux Det=2265	O+H=7110	 DONE
03/10/2025 20:13:09:	move motor	S18.axis2.phaseshifter 2 to -1.551714deg	 DONE
03/10/2025 20:13:10:	22	count	time	30.000000s/cts	O Det=1897	H Det=2925	Mon Det=69026	Aux Det=2315	O+H=7137	 DONE
03/10/2025 20:13:42:	move motor	S18.axis2.phaseshifter 2 to -1.482748deg	 DONE
03/10/2025 20:13:44:	23	count	time	30.000000s/cts	O Det=1330	H Det=3378	Mon Det=69074	Aux Det=2309	O+H=7017	 DONE
03/10/2025 20:14:15:	move motor	S18.axis2.phaseshifter 2 to -1.413782deg	 DONE
03/10/2025 20:14:17:	24	count	time	30.000000s/cts	O Det=931	H Det=3676	Mon Det=69326	Aux Det=2270	O+H=6877	 DONE
03/10/2025 20:14:48:	move motor	S18.axis2.phaseshifter 2 to -1.344816deg	 DONE
03/10/2025 20:14:50:	25	count	time	30.000000s/cts	O Det=670	H Det=3996	Mon Det=69107	Aux Det=2377	O+H=7043	 DONE
03/10/2025 20:15:22:	move motor	S18.axis2.phaseshifter 2 to -1.275850deg	 DONE
03/10/2025 20:15:23:	26	count	time	30.000000s/cts	O Det=570	H Det=4172	Mon Det=69309	Aux Det=2280	O+H=7022	 DONE
03/10/2025 20:15:55:	move motor	S18.axis2.phaseshifter 2 to -1.206884deg	 DONE
03/10/2025 20:15:56:	27	count	time	30.000000s/cts	O Det=659	H Det=4030	Mon Det=69556	Aux Det=2304	O+H=6993	 DONE
03/10/2025 20:16:28:	move motor	S18.axis2.phaseshifter 2 to -1.137918deg	 DONE
03/10/2025 20:16:29:	28	count	time	30.000000s/cts	O Det=826	H Det=3772	Mon Det=68697	Aux Det=2345	O+H=6943	 DONE
03/10/2025 20:17:01:	move motor	S18.axis2.phaseshifter 2 to -1.068952deg	 DONE
03/10/2025 20:17:03:	29	count	time	30.000000s/cts	O Det=1281	H Det=3466	Mon Det=68691	Aux Det=2205	O+H=6952	 DONE
03/10/2025 20:17:34:	move motor	S18.axis2.phaseshifter 2 to -0.999986deg	 DONE
03/10/2025 20:17:36:	30	count	time	30.000000s/cts	O Det=1762	H Det=3064	Mon Det=68982	Aux Det=2329	O+H=7155	 DONE
03/10/2025 20:18:08:	close file and end scan	 DONE
call of ifg2_newPS_2p30s_B1.sc DONE
03/10/2025 20:18:09:	END OF SCRIPT	 DONE
