01/10/2025 02:58:04:	start execution of script D:\data\Cycle 198\exp_3-16-19\rawdata\sc\Aperture_scan_ifg1_newPS_B3_2p30s.sc	 DONE
01/10/2025 02:58:04:	move motor	S18.axis2.Aperture Z to 6.00000mm	reached 6.00000  DONE
01/10/2025 02:58:09:	move motor	S18.axis2.Aperture Y to 16.50000mm	reached 16.50000  DONE
01/10/2025 02:58:14:	move motor	S18.axis2.phaseshifter 1 to 0.900000deg	 DONE
01/10/2025 02:58:17:	create file	D:\data\Cycle 198\exp_3-16-19\rawdata\sc\Aperture_scan_ifg1_newPS_B3_2p30s_01Oct0258.dat	 DONE
room to enter remarks DONE
01/10/2025 02:58:18:	move motor	S18.axis2.phaseshifter 1 to 1.000000deg	 DONE
01/10/2025 02:58:19:	1	count	time	30.000000s/cts	O Det=851	H Det=710	Mon Det=68677	Aux Det=5980	O+H=7541	 DONE
01/10/2025 02:58:51:	move motor	S18.axis2.phaseshifter 1 to 1.068966deg	 DONE
01/10/2025 02:58:53:	2	count	time	30.000000s/cts	O Det=1055	H Det=1037	Mon Det=68542	Aux Det=5599	O+H=7691	 DONE
01/10/2025 02:59:24:	move motor	S18.axis2.phaseshifter 1 to 1.137932deg	 DONE
01/10/2025 02:59:26:	3	count	time	30.000000s/cts	O Det=1509	H Det=1327	Mon Det=67883	Aux Det=4680	O+H=7516	 DONE
01/10/2025 02:59:57:	move motor	S18.axis2.phaseshifter 1 to 1.206898deg	 DONE
01/10/2025 02:59:59:	4	count	time	30.000000s/cts	O Det=1854	H Det=1642	Mon Det=68496	Aux Det=3868	O+H=7364	 DONE
01/10/2025 03:00:31:	move motor	S18.axis2.phaseshifter 1 to 1.275864deg	 DONE
01/10/2025 03:00:32:	5	count	time	30.000000s/cts	O Det=2316	H Det=2013	Mon Det=68506	Aux Det=3068	O+H=7397	 DONE
01/10/2025 03:01:04:	move motor	S18.axis2.phaseshifter 1 to 1.344830deg	 DONE
01/10/2025 03:01:06:	6	count	time	30.000000s/cts	O Det=2573	H Det=2245	Mon Det=68265	Aux Det=2737	O+H=7555	 DONE
01/10/2025 03:01:37:	move motor	S18.axis2.phaseshifter 1 to 1.413796deg	 DONE
01/10/2025 03:01:39:	7	count	time	30.000000s/cts	O Det=2682	H Det=2362	Mon Det=68551	Aux Det=2356	O+H=7400	 DONE
01/10/2025 03:02:11:	move motor	S18.axis2.phaseshifter 1 to 1.482762deg	 DONE
01/10/2025 03:02:12:	8	count	time	30.000000s/cts	O Det=2553	H Det=2191	Mon Det=68859	Aux Det=2554	O+H=7298	 DONE
01/10/2025 03:02:44:	move motor	S18.axis2.phaseshifter 1 to 1.551728deg	 DONE
01/10/2025 03:02:45:	9	count	time	30.000000s/cts	O Det=2291	H Det=1967	Mon Det=68173	Aux Det=3239	O+H=7497	 DONE
01/10/2025 03:03:17:	move motor	S18.axis2.phaseshifter 1 to 1.620694deg	 DONE
01/10/2025 03:03:19:	10	count	time	30.000000s/cts	O Det=1873	H Det=1708	Mon Det=68565	Aux Det=3786	O+H=7367	 DONE
01/10/2025 03:03:50:	move motor	S18.axis2.phaseshifter 1 to 1.689660deg	 DONE
01/10/2025 03:03:52:	11	count	time	30.000000s/cts	O Det=1511	H Det=1389	Mon Det=68742	Aux Det=4507	O+H=7407	 DONE
01/10/2025 03:04:24:	move motor	S18.axis2.phaseshifter 1 to 1.758626deg	 DONE
01/10/2025 03:04:25:	12	count	time	30.000000s/cts	O Det=1051	H Det=994	Mon Det=68317	Aux Det=5660	O+H=7705	 DONE
01/10/2025 03:04:57:	move motor	S18.axis2.phaseshifter 1 to 1.827592deg	 DONE
01/10/2025 03:04:58:	13	count	time	30.000000s/cts	O Det=830	H Det=827	Mon Det=68310	Aux Det=5799	O+H=7456	 DONE
01/10/2025 03:05:30:	move motor	S18.axis2.phaseshifter 1 to 1.896558deg	 DONE
01/10/2025 03:05:32:	14	count	time	30.000000s/cts	O Det=533	H Det=541	Mon Det=68174	Aux Det=6375	O+H=7449	 DONE
01/10/2025 03:06:03:	move motor	S18.axis2.phaseshifter 1 to 1.965524deg	 DONE
01/10/2025 03:06:05:	15	count	time	30.000000s/cts	O Det=596	H Det=569	Mon Det=68540	Aux Det=6439	O+H=7604	 DONE
01/10/2025 03:06:37:	move motor	S18.axis2.phaseshifter 1 to 2.034490deg	 DONE
01/10/2025 03:06:38:	16	count	time	30.000000s/cts	O Det=723	H Det=704	Mon Det=68654	Aux Det=6106	O+H=7533	 DONE
01/10/2025 03:07:10:	move motor	S18.axis2.phaseshifter 1 to 2.103456deg	 DONE
01/10/2025 03:07:12:	17	count	time	30.000000s/cts	O Det=955	H Det=853	Mon Det=68646	Aux Det=5707	O+H=7515	 DONE
01/10/2025 03:07:43:	move motor	S18.axis2.phaseshifter 1 to 2.172422deg	 DONE
01/10/2025 03:07:45:	18	count	time	30.000000s/cts	O Det=1660	H Det=1453	Mon Det=68421	Aux Det=4294	O+H=7407	 DONE
01/10/2025 03:08:17:	move motor	S18.axis2.phaseshifter 1 to 2.241388deg	 DONE
01/10/2025 03:08:18:	19	count	time	30.000000s/cts	O Det=1706	H Det=1497	Mon Det=68861	Aux Det=4236	O+H=7439	 DONE
01/10/2025 03:08:50:	move motor	S18.axis2.phaseshifter 1 to 2.310354deg	 DONE
01/10/2025 03:08:51:	20	count	time	30.000000s/cts	O Det=2229	H Det=1851	Mon Det=68520	Aux Det=3251	O+H=7331	 DONE
01/10/2025 03:09:23:	move motor	S18.axis2.phaseshifter 1 to 2.379320deg	 DONE
01/10/2025 03:09:25:	21	count	time	30.000000s/cts	O Det=2635	H Det=2148	Mon Det=68475	Aux Det=2542	O+H=7325	 DONE
01/10/2025 03:09:56:	move motor	S18.axis2.phaseshifter 1 to 2.448286deg	 DONE
01/10/2025 03:09:58:	22	count	time	30.000000s/cts	O Det=2589	H Det=2285	Mon Det=68929	Aux Det=2406	O+H=7280	 DONE
01/10/2025 03:10:30:	move motor	S18.axis2.phaseshifter 1 to 2.517252deg	 DONE
01/10/2025 03:10:31:	23	count	time	30.000000s/cts	O Det=2590	H Det=2269	Mon Det=68419	Aux Det=2589	O+H=7448	 DONE
01/10/2025 03:11:03:	move motor	S18.axis2.phaseshifter 1 to 2.586218deg	 DONE
01/10/2025 03:11:04:	24	count	time	30.000000s/cts	O Det=2391	H Det=2100	Mon Det=68007	Aux Det=2882	O+H=7373	 DONE
01/10/2025 03:11:36:	move motor	S18.axis2.phaseshifter 1 to 2.655184deg	 DONE
01/10/2025 03:11:38:	25	count	time	30.000000s/cts	O Det=1795	H Det=1573	Mon Det=68453	Aux Det=3864	O+H=7232	 DONE
01/10/2025 03:12:09:	move motor	S18.axis2.phaseshifter 1 to 2.724150deg	 DONE
01/10/2025 03:12:11:	26	count	time	30.000000s/cts	O Det=1311	H Det=1133	Mon Det=68402	Aux Det=5043	O+H=7487	 DONE
01/10/2025 03:12:43:	move motor	S18.axis2.phaseshifter 1 to 2.793116deg	 DONE
01/10/2025 03:12:44:	27	count	time	30.000000s/cts	O Det=1033	H Det=891	Mon Det=68185	Aux Det=5507	O+H=7431	 DONE
01/10/2025 03:13:16:	move motor	S18.axis2.phaseshifter 1 to 2.862082deg	 DONE
01/10/2025 03:13:17:	28	count	time	30.000000s/cts	O Det=829	H Det=733	Mon Det=68224	Aux Det=6117	O+H=7679	 DONE
01/10/2025 03:13:49:	move motor	S18.axis2.phaseshifter 1 to 2.931048deg	 DONE
01/10/2025 03:13:51:	29	count	time	30.000000s/cts	O Det=613	H Det=598	Mon Det=68108	Aux Det=6328	O+H=7539	 DONE
01/10/2025 03:14:22:	move motor	S18.axis2.phaseshifter 1 to 3.000014deg	 DONE
01/10/2025 03:14:24:	30	count	time	30.000000s/cts	O Det=616	H Det=566	Mon Det=68366	Aux Det=6395	O+H=7577	 DONE
01/10/2025 03:14:56:	close file and end scan	 DONE
call of ifg1_newPS_2p30s_B3.sc DONE
01/10/2025 03:14:57:	move motor	S18.axis2.Aperture Y to 19.00000mm	reached 19.00000  DONE
01/10/2025 03:15:01:	move motor	S18.axis2.phaseshifter 1 to 0.900000deg	 DONE
01/10/2025 03:15:03:	create file	D:\data\Cycle 198\exp_3-16-19\rawdata\sc\Aperture_scan_ifg1_newPS_B3_2p30s_01Oct0315.dat	 DONE
room to enter remarks DONE
01/10/2025 03:15:04:	move motor	S18.axis2.phaseshifter 1 to 1.000000deg	 DONE
01/10/2025 03:15:06:	1	count	time	30.000000s/cts	O Det=964	H Det=895	Mon Det=68503	Aux Det=6565	O+H=8424	 DONE
01/10/2025 03:15:37:	move motor	S18.axis2.phaseshifter 1 to 1.068966deg	 DONE
01/10/2025 03:15:39:	2	count	time	30.000000s/cts	O Det=1262	H Det=1228	Mon Det=68746	Aux Det=5801	O+H=8291	 DONE
01/10/2025 03:16:11:	move motor	S18.axis2.phaseshifter 1 to 1.137932deg	 DONE
01/10/2025 03:16:12:	3	count	time	30.000000s/cts	O Det=1624	H Det=1588	Mon Det=68353	Aux Det=5011	O+H=8223	 DONE
01/10/2025 03:16:44:	move motor	S18.axis2.phaseshifter 1 to 1.206898deg	 DONE
01/10/2025 03:16:46:	4	count	time	30.000000s/cts	O Det=2214	H Det=2033	Mon Det=67935	Aux Det=3975	O+H=8222	 DONE
01/10/2025 03:17:17:	move motor	S18.axis2.phaseshifter 1 to 1.275864deg	 DONE
01/10/2025 03:17:19:	5	count	time	30.000000s/cts	O Det=2573	H Det=2299	Mon Det=68585	Aux Det=3417	O+H=8289	 DONE
01/10/2025 03:17:50:	move motor	S18.axis2.phaseshifter 1 to 1.344830deg	 DONE
01/10/2025 03:17:52:	6	count	time	30.000000s/cts	O Det=2696	H Det=2525	Mon Det=68195	Aux Det=2909	O+H=8130	 DONE
01/10/2025 03:18:24:	move motor	S18.axis2.phaseshifter 1 to 1.413796deg	 DONE
01/10/2025 03:18:25:	7	count	time	30.000000s/cts	O Det=2832	H Det=2609	Mon Det=68445	Aux Det=2795	O+H=8236	 DONE
01/10/2025 03:18:57:	move motor	S18.axis2.phaseshifter 1 to 1.482762deg	 DONE
01/10/2025 03:18:59:	8	count	time	30.000000s/cts	O Det=2765	H Det=2481	Mon Det=68290	Aux Det=2866	O+H=8112	 DONE
01/10/2025 03:19:30:	move motor	S18.axis2.phaseshifter 1 to 1.551728deg	 DONE
01/10/2025 03:19:32:	9	count	time	30.000000s/cts	O Det=2513	H Det=2189	Mon Det=68348	Aux Det=3529	O+H=8231	 DONE
01/10/2025 03:20:04:	move motor	S18.axis2.phaseshifter 1 to 1.620694deg	 DONE
01/10/2025 03:20:05:	10	count	time	30.000000s/cts	O Det=2051	H Det=1900	Mon Det=68702	Aux Det=4313	O+H=8264	 DONE
01/10/2025 03:20:37:	move motor	S18.axis2.phaseshifter 1 to 1.689660deg	 DONE
01/10/2025 03:20:38:	11	count	time	30.000000s/cts	O Det=1677	H Det=1556	Mon Det=68427	Aux Det=4927	O+H=8160	 DONE
01/10/2025 03:21:10:	move motor	S18.axis2.phaseshifter 1 to 1.758626deg	 DONE
01/10/2025 03:21:12:	12	count	time	30.000000s/cts	O Det=1268	H Det=1241	Mon Det=68529	Aux Det=5897	O+H=8406	 DONE
01/10/2025 03:21:43:	move motor	S18.axis2.phaseshifter 1 to 1.827592deg	 DONE
01/10/2025 03:21:45:	13	count	time	30.000000s/cts	O Det=810	H Det=757	Mon Det=68367	Aux Det=6906	O+H=8473	 DONE
01/10/2025 03:22:17:	move motor	S18.axis2.phaseshifter 1 to 1.896558deg	 DONE
01/10/2025 03:22:18:	14	count	time	30.000000s/cts	O Det=614	H Det=626	Mon Det=68210	Aux Det=7277	O+H=8517	 DONE
01/10/2025 03:22:50:	move motor	S18.axis2.phaseshifter 1 to 1.965524deg	 DONE
01/10/2025 03:22:51:	15	count	time	30.000000s/cts	O Det=737	H Det=719	Mon Det=69073	Aux Det=7156	O+H=8612	 DONE
01/10/2025 03:23:23:	move motor	S18.axis2.phaseshifter 1 to 2.034490deg	 DONE
01/10/2025 03:23:25:	16	count	time	30.000000s/cts	O Det=766	H Det=755	Mon Det=68570	Aux Det=6758	O+H=8279	 DONE
01/10/2025 03:23:56:	move motor	S18.axis2.phaseshifter 1 to 2.103456deg	 DONE
01/10/2025 03:23:58:	17	count	time	30.000000s/cts	O Det=1168	H Det=1178	Mon Det=68265	Aux Det=5846	O+H=8192	 DONE
01/10/2025 03:24:30:	move motor	S18.axis2.phaseshifter 1 to 2.172422deg	 DONE
01/10/2025 03:24:31:	18	count	time	30.000000s/cts	O Det=1771	H Det=1643	Mon Det=68290	Aux Det=4942	O+H=8356	 DONE
01/10/2025 03:25:03:	move motor	S18.axis2.phaseshifter 1 to 2.241388deg	 DONE
01/10/2025 03:25:04:	19	count	time	30.000000s/cts	O Det=2041	H Det=1855	Mon Det=68098	Aux Det=4370	O+H=8266	 DONE
01/10/2025 03:25:36:	move motor	S18.axis2.phaseshifter 1 to 2.310354deg	 DONE
01/10/2025 03:25:38:	20	count	time	30.000000s/cts	O Det=2451	H Det=2212	Mon Det=68399	Aux Det=3548	O+H=8211	 DONE
01/10/2025 03:26:09:	move motor	S18.axis2.phaseshifter 1 to 2.379320deg	 DONE
01/10/2025 03:26:11:	21	count	time	30.000000s/cts	O Det=2888	H Det=2605	Mon Det=68148	Aux Det=2987	O+H=8480	 DONE
01/10/2025 03:26:43:	move motor	S18.axis2.phaseshifter 1 to 2.448286deg	 DONE
01/10/2025 03:26:44:	22	count	time	30.000000s/cts	O Det=2831	H Det=2551	Mon Det=68802	Aux Det=2850	O+H=8232	 DONE
01/10/2025 03:27:16:	move motor	S18.axis2.phaseshifter 1 to 2.517252deg	 DONE
01/10/2025 03:27:18:	23	count	time	30.000000s/cts	O Det=2749	H Det=2500	Mon Det=68384	Aux Det=3001	O+H=8250	 DONE
01/10/2025 03:27:49:	move motor	S18.axis2.phaseshifter 1 to 2.586218deg	 DONE
01/10/2025 03:27:51:	24	count	time	30.000000s/cts	O Det=2355	H Det=2175	Mon Det=68518	Aux Det=3584	O+H=8114	 DONE
01/10/2025 03:28:22:	move motor	S18.axis2.phaseshifter 1 to 2.655184deg	 DONE
01/10/2025 03:28:24:	25	count	time	30.000000s/cts	O Det=2088	H Det=1900	Mon Det=68252	Aux Det=4183	O+H=8171	 DONE
01/10/2025 03:28:56:	move motor	S18.axis2.phaseshifter 1 to 2.724150deg	 DONE
01/10/2025 03:28:57:	26	count	time	30.000000s/cts	O Det=1622	H Det=1455	Mon Det=68836	Aux Det=5204	O+H=8281	 DONE
01/10/2025 03:29:29:	move motor	S18.axis2.phaseshifter 1 to 2.793116deg	 DONE
01/10/2025 03:29:31:	27	count	time	30.000000s/cts	O Det=1062	H Det=920	Mon Det=68752	Aux Det=6432	O+H=8414	 DONE
01/10/2025 03:30:02:	move motor	S18.axis2.phaseshifter 1 to 2.862082deg	 DONE
01/10/2025 03:30:04:	28	count	time	30.000000s/cts	O Det=728	H Det=775	Mon Det=68728	Aux Det=6853	O+H=8356	 DONE
01/10/2025 03:30:36:	move motor	S18.axis2.phaseshifter 1 to 2.931048deg	 DONE
01/10/2025 03:30:37:	29	count	time	30.000000s/cts	O Det=590	H Det=655	Mon Det=68499	Aux Det=7211	O+H=8456	 DONE
01/10/2025 03:31:09:	move motor	S18.axis2.phaseshifter 1 to 3.000014deg	 DONE
01/10/2025 03:31:10:	30	count	time	30.000000s/cts	O Det=690	H Det=686	Mon Det=68448	Aux Det=6963	O+H=8339	 DONE
01/10/2025 03:31:42:	close file and end scan	 DONE
call of ifg1_newPS_2p30s_B3.sc DONE
01/10/2025 03:31:43:	move motor	S18.axis2.Aperture Y to 21.50000mm	reached 21.50000  DONE
01/10/2025 03:31:47:	move motor	S18.axis2.phaseshifter 1 to 0.900000deg	 DONE
01/10/2025 03:31:49:	create file	D:\data\Cycle 198\exp_3-16-19\rawdata\sc\Aperture_scan_ifg1_newPS_B3_2p30s_01Oct0331.dat	 DONE
room to enter remarks DONE
01/10/2025 03:31:51:	move motor	S18.axis2.phaseshifter 1 to 1.000000deg	 DONE
01/10/2025 03:31:52:	1	count	time	30.000000s/cts	O Det=876	H Det=921	Mon Det=68392	Aux Det=6604	O+H=8401	 DONE
01/10/2025 03:32:24:	move motor	S18.axis2.phaseshifter 1 to 1.068966deg	 DONE
01/10/2025 03:32:25:	2	count	time	30.000000s/cts	O Det=1202	H Det=1171	Mon Det=68469	Aux Det=5862	O+H=8235	 DONE
01/10/2025 03:32:57:	move motor	S18.axis2.phaseshifter 1 to 1.137932deg	 DONE
01/10/2025 03:32:59:	3	count	time	30.000000s/cts	O Det=1850	H Det=1752	Mon Det=68227	Aux Det=4732	O+H=8334	 DONE
01/10/2025 03:33:30:	move motor	S18.axis2.phaseshifter 1 to 1.206898deg	 DONE
01/10/2025 03:33:32:	4	count	time	30.000000s/cts	O Det=2213	H Det=1974	Mon Det=68290	Aux Det=4068	O+H=8255	 DONE
01/10/2025 03:34:04:	move motor	S18.axis2.phaseshifter 1 to 1.275864deg	 DONE
01/10/2025 03:34:05:	5	count	time	30.000000s/cts	O Det=2513	H Det=2378	Mon Det=68757	Aux Det=3347	O+H=8238	 DONE
01/10/2025 03:34:37:	move motor	S18.axis2.phaseshifter 1 to 1.344830deg	 DONE
01/10/2025 03:34:38:	6	count	time	30.000000s/cts	O Det=2692	H Det=2454	Mon Det=68925	Aux Det=3005	O+H=8151	 DONE
01/10/2025 03:35:10:	move motor	S18.axis2.phaseshifter 1 to 1.413796deg	 DONE
01/10/2025 03:35:12:	7	count	time	30.000000s/cts	O Det=2805	H Det=2474	Mon Det=68737	Aux Det=2773	O+H=8052	 DONE
01/10/2025 03:35:43:	move motor	S18.axis2.phaseshifter 1 to 1.482762deg	 DONE
01/10/2025 03:35:45:	8	count	time	30.000000s/cts	O Det=2699	H Det=2462	Mon Det=67937	Aux Det=2966	O+H=8127	 DONE
01/10/2025 03:36:17:	move motor	S18.axis2.phaseshifter 1 to 1.551728deg	 DONE
01/10/2025 03:36:18:	9	count	time	30.000000s/cts	O Det=2201	H Det=2069	Mon Det=68393	Aux Det=3985	O+H=8255	 DONE
01/10/2025 03:36:50:	move motor	S18.axis2.phaseshifter 1 to 1.620694deg	 DONE
01/10/2025 03:36:51:	10	count	time	30.000000s/cts	O Det=1823	H Det=1728	Mon Det=68481	Aux Det=4587	O+H=8138	 DONE
01/10/2025 03:37:23:	move motor	S18.axis2.phaseshifter 1 to 1.689660deg	 DONE
01/10/2025 03:37:25:	11	count	time	30.000000s/cts	O Det=1484	H Det=1506	Mon Det=68695	Aux Det=5356	O+H=8346	 DONE
01/10/2025 03:37:56:	move motor	S18.axis2.phaseshifter 1 to 1.758626deg	 DONE
01/10/2025 03:37:58:	12	count	time	30.000000s/cts	O Det=1042	H Det=949	Mon Det=68494	Aux Det=6311	O+H=8302	 DONE
01/10/2025 03:38:30:	move motor	S18.axis2.phaseshifter 1 to 1.827592deg	 DONE
01/10/2025 03:38:31:	13	count	time	30.000000s/cts	O Det=809	H Det=780	Mon Det=68481	Aux Det=6739	O+H=8328	 DONE
01/10/2025 03:39:03:	move motor	S18.axis2.phaseshifter 1 to 1.896558deg	 DONE
01/10/2025 03:39:05:	14	count	time	30.000000s/cts	O Det=631	H Det=661	Mon Det=68516	Aux Det=7087	O+H=8379	 DONE
01/10/2025 03:39:36:	move motor	S18.axis2.phaseshifter 1 to 1.965524deg	 DONE
01/10/2025 03:39:38:	15	count	time	30.000000s/cts	O Det=715	H Det=702	Mon Det=68222	Aux Det=7143	O+H=8560	 DONE
01/10/2025 03:40:10:	move motor	S18.axis2.phaseshifter 1 to 2.034490deg	 DONE
01/10/2025 03:40:11:	16	count	time	30.000000s/cts	O Det=947	H Det=913	Mon Det=67850	Aux Det=6526	O+H=8386	 DONE
01/10/2025 03:40:43:	move motor	S18.axis2.phaseshifter 1 to 2.103456deg	 DONE
01/10/2025 03:40:45:	17	count	time	30.000000s/cts	O Det=1166	H Det=1218	Mon Det=68638	Aux Det=5987	O+H=8371	 DONE
01/10/2025 03:41:16:	move motor	S18.axis2.phaseshifter 1 to 2.172422deg	 DONE
01/10/2025 03:41:18:	18	count	time	30.000000s/cts	O Det=1893	H Det=1675	Mon Det=68309	Aux Det=4761	O+H=8329	 DONE
01/10/2025 03:41:49:	move motor	S18.axis2.phaseshifter 1 to 2.241388deg	 DONE
01/10/2025 03:41:51:	19	count	time	30.000000s/cts	O Det=2206	H Det=2094	Mon Det=68260	Aux Det=3955	O+H=8255	 DONE
01/10/2025 03:42:23:	move motor	S18.axis2.phaseshifter 1 to 2.310354deg	 DONE
01/10/2025 03:42:24:	20	count	time	30.000000s/cts	O Det=2520	H Det=2311	Mon Det=68045	Aux Det=3534	O+H=8365	 DONE
01/10/2025 03:42:56:	move motor	S18.axis2.phaseshifter 1 to 2.379320deg	 DONE
01/10/2025 03:42:58:	21	count	time	30.000000s/cts	O Det=2690	H Det=2557	Mon Det=68255	Aux Det=2951	O+H=8198	 DONE
01/10/2025 03:43:29:	move motor	S18.axis2.phaseshifter 1 to 2.448286deg	 DONE
01/10/2025 03:43:31:	22	count	time	30.000000s/cts	O Det=2722	H Det=2558	Mon Det=68449	Aux Det=2843	O+H=8123	 DONE
01/10/2025 03:44:03:	move motor	S18.axis2.phaseshifter 1 to 2.517252deg	 DONE
01/10/2025 03:44:04:	23	count	time	30.000000s/cts	O Det=2664	H Det=2442	Mon Det=68037	Aux Det=3223	O+H=8329	 DONE
01/10/2025 03:44:36:	move motor	S18.axis2.phaseshifter 1 to 2.586218deg	 DONE
01/10/2025 03:44:37:	24	count	time	30.000000s/cts	O Det=2262	H Det=2043	Mon Det=68195	Aux Det=3823	O+H=8128	 DONE
01/10/2025 03:45:09:	move motor	S18.axis2.phaseshifter 1 to 2.655184deg	 DONE
01/10/2025 03:45:11:	25	count	time	30.000000s/cts	O Det=1767	H Det=1656	Mon Det=68399	Aux Det=4958	O+H=8381	 DONE
01/10/2025 03:45:42:	move motor	S18.axis2.phaseshifter 1 to 2.724150deg	 DONE
01/10/2025 03:45:44:	26	count	time	30.000000s/cts	O Det=1475	H Det=1472	Mon Det=68064	Aux Det=5417	O+H=8364	 DONE
01/10/2025 03:46:16:	move motor	S18.axis2.phaseshifter 1 to 2.793116deg	 DONE
01/10/2025 03:46:17:	27	count	time	30.000000s/cts	O Det=980	H Det=1009	Mon Det=68231	Aux Det=6451	O+H=8440	 DONE
01/10/2025 03:46:49:	move motor	S18.axis2.phaseshifter 1 to 2.862082deg	 DONE
01/10/2025 03:46:51:	28	count	time	30.000000s/cts	O Det=690	H Det=724	Mon Det=68356	Aux Det=6869	O+H=8283	 DONE
01/10/2025 03:47:22:	move motor	S18.axis2.phaseshifter 1 to 2.931048deg	 DONE
01/10/2025 03:47:24:	29	count	time	30.000000s/cts	O Det=663	H Det=681	Mon Det=68393	Aux Det=7111	O+H=8455	 DONE
01/10/2025 03:47:56:	move motor	S18.axis2.phaseshifter 1 to 3.000014deg	 DONE
01/10/2025 03:47:57:	30	count	time	30.000000s/cts	O Det=673	H Det=720	Mon Det=68373	Aux Det=6819	O+H=8212	 DONE
01/10/2025 03:48:29:	close file and end scan	 DONE
call of ifg1_newPS_2p30s_B3.sc DONE
01/10/2025 03:48:30:	move motor	S18.axis2.Aperture Z to 8.50000mm	reached 8.50000  DONE
01/10/2025 03:48:33:	move motor	S18.axis2.Aperture Y to 16.50000mm	reached 16.50000  DONE
01/10/2025 03:48:38:	move motor	S18.axis2.phaseshifter 1 to 0.900000deg	 DONE
01/10/2025 03:48:41:	create file	D:\data\Cycle 198\exp_3-16-19\rawdata\sc\Aperture_scan_ifg1_newPS_B3_2p30s_01Oct0348.dat	 DONE
room to enter remarks DONE
01/10/2025 03:48:42:	move motor	S18.axis2.phaseshifter 1 to 1.000000deg	 DONE
01/10/2025 03:48:43:	1	count	time	30.000000s/cts	O Det=907	H Det=774	Mon Det=68746	Aux Det=6905	O+H=8586	 DONE
01/10/2025 03:49:15:	move motor	S18.axis2.phaseshifter 1 to 1.068966deg	 DONE
01/10/2025 03:49:17:	2	count	time	30.000000s/cts	O Det=1204	H Det=1151	Mon Det=68525	Aux Det=6201	O+H=8556	 DONE
01/10/2025 03:49:48:	move motor	S18.axis2.phaseshifter 1 to 1.137932deg	 DONE
01/10/2025 03:49:50:	3	count	time	30.000000s/cts	O Det=1717	H Det=1405	Mon Det=68029	Aux Det=5335	O+H=8457	 DONE
01/10/2025 03:50:22:	move motor	S18.axis2.phaseshifter 1 to 1.206898deg	 DONE
01/10/2025 03:50:23:	4	count	time	30.000000s/cts	O Det=2491	H Det=2051	Mon Det=68394	Aux Det=4074	O+H=8616	 DONE
01/10/2025 03:50:55:	move motor	S18.axis2.phaseshifter 1 to 1.275864deg	 DONE
01/10/2025 03:50:57:	5	count	time	30.000000s/cts	O Det=2630	H Det=2139	Mon Det=68316	Aux Det=3731	O+H=8500	 DONE
01/10/2025 03:51:28:	move motor	S18.axis2.phaseshifter 1 to 1.344830deg	 DONE
01/10/2025 03:51:30:	6	count	time	30.000000s/cts	O Det=2931	H Det=2492	Mon Det=68357	Aux Det=3128	O+H=8551	 DONE
01/10/2025 03:52:02:	move motor	S18.axis2.phaseshifter 1 to 1.413796deg	 DONE
01/10/2025 03:52:03:	7	count	time	30.000000s/cts	O Det=3049	H Det=2573	Mon Det=68689	Aux Det=2944	O+H=8566	 DONE
01/10/2025 03:52:35:	move motor	S18.axis2.phaseshifter 1 to 1.482762deg	 DONE
01/10/2025 03:52:37:	8	count	time	30.000000s/cts	O Det=2835	H Det=2476	Mon Det=68317	Aux Det=3279	O+H=8590	 DONE
01/10/2025 03:53:08:	move motor	S18.axis2.phaseshifter 1 to 1.551728deg	 DONE
01/10/2025 03:53:10:	9	count	time	30.000000s/cts	O Det=2447	H Det=2092	Mon Det=68323	Aux Det=4069	O+H=8608	 DONE
01/10/2025 03:53:42:	move motor	S18.axis2.phaseshifter 1 to 1.620694deg	 DONE
01/10/2025 03:53:43:	10	count	time	30.000000s/cts	O Det=1967	H Det=1806	Mon Det=68624	Aux Det=4945	O+H=8718	 DONE
01/10/2025 03:54:15:	move motor	S18.axis2.phaseshifter 1 to 1.689660deg	 DONE
01/10/2025 03:54:17:	11	count	time	30.000000s/cts	O Det=1535	H Det=1367	Mon Det=68800	Aux Det=5889	O+H=8791	 DONE
01/10/2025 03:54:49:	move motor	S18.axis2.phaseshifter 1 to 1.758626deg	 DONE
01/10/2025 03:54:50:	12	count	time	30.000000s/cts	O Det=1269	H Det=1116	Mon Det=68344	Aux Det=6263	O+H=8648	 DONE
01/10/2025 03:55:22:	move motor	S18.axis2.phaseshifter 1 to 1.827592deg	 DONE
01/10/2025 03:55:23:	13	count	time	30.000000s/cts	O Det=856	H Det=720	Mon Det=68335	Aux Det=7061	O+H=8637	 DONE
01/10/2025 03:55:55:	move motor	S18.axis2.phaseshifter 1 to 1.896558deg	 DONE
01/10/2025 03:55:57:	14	count	time	30.000000s/cts	O Det=627	H Det=587	Mon Det=68482	Aux Det=7476	O+H=8690	 DONE
01/10/2025 03:56:28:	move motor	S18.axis2.phaseshifter 1 to 1.965524deg	 DONE
01/10/2025 03:56:30:	15	count	time	30.000000s/cts	O Det=677	H Det=612	Mon Det=68248	Aux Det=7308	O+H=8597	 DONE
01/10/2025 03:57:02:	move motor	S18.axis2.phaseshifter 1 to 2.034490deg	 DONE
01/10/2025 03:57:03:	16	count	time	30.000000s/cts	O Det=891	H Det=798	Mon Det=68008	Aux Det=6835	O+H=8524	 DONE
01/10/2025 03:57:35:	move motor	S18.axis2.phaseshifter 1 to 2.103456deg	 DONE
01/10/2025 03:57:37:	17	count	time	30.000000s/cts	O Det=1359	H Det=1238	Mon Det=68113	Aux Det=5981	O+H=8578	 DONE
01/10/2025 03:58:08:	move motor	S18.axis2.phaseshifter 1 to 2.172422deg	 DONE
01/10/2025 03:58:10:	18	count	time	30.000000s/cts	O Det=1877	H Det=1624	Mon Det=68737	Aux Det=5132	O+H=8633	 DONE
01/10/2025 03:58:42:	move motor	S18.axis2.phaseshifter 1 to 2.241388deg	 DONE
01/10/2025 03:58:43:	19	count	time	30.000000s/cts	O Det=2271	H Det=1983	Mon Det=68145	Aux Det=4317	O+H=8571	 DONE
01/10/2025 03:59:15:	move motor	S18.axis2.phaseshifter 1 to 2.310354deg	 DONE
01/10/2025 03:59:16:	20	count	time	30.000000s/cts	O Det=2534	H Det=2188	Mon Det=68750	Aux Det=3721	O+H=8443	 DONE
01/10/2025 03:59:48:	move motor	S18.axis2.phaseshifter 1 to 2.379320deg	 DONE
01/10/2025 03:59:50:	21	count	time	30.000000s/cts	O Det=3020	H Det=2473	Mon Det=68110	Aux Det=3078	O+H=8571	 DONE
01/10/2025 04:00:21:	move motor	S18.axis2.phaseshifter 1 to 2.448286deg	 DONE
01/10/2025 04:00:23:	22	count	time	30.000000s/cts	O Det=2965	H Det=2507	Mon Det=68159	Aux Det=2928	O+H=8400	 DONE
01/10/2025 04:00:55:	move motor	S18.axis2.phaseshifter 1 to 2.517252deg	 DONE
01/10/2025 04:00:56:	23	count	time	30.000000s/cts	O Det=2744	H Det=2335	Mon Det=68363	Aux Det=3293	O+H=8372	 DONE
01/10/2025 04:01:28:	move motor	S18.axis2.phaseshifter 1 to 2.586218deg	 DONE
01/10/2025 04:01:30:	24	count	time	30.000000s/cts	O Det=2692	H Det=2283	Mon Det=68116	Aux Det=3429	O+H=8404	 DONE
01/10/2025 04:02:01:	move motor	S18.axis2.phaseshifter 1 to 2.655184deg	 DONE
01/10/2025 04:02:03:	25	count	time	30.000000s/cts	O Det=1858	H Det=1619	Mon Det=68442	Aux Det=4779	O+H=8256	 DONE
01/10/2025 04:02:35:	move motor	S18.axis2.phaseshifter 1 to 2.724150deg	 DONE
01/10/2025 04:02:36:	26	count	time	30.000000s/cts	O Det=1616	H Det=1393	Mon Det=68343	Aux Det=5483	O+H=8492	 DONE
01/10/2025 04:03:08:	move motor	S18.axis2.phaseshifter 1 to 2.793116deg	 DONE
01/10/2025 04:03:09:	27	count	time	30.000000s/cts	O Det=1220	H Det=1208	Mon Det=68367	Aux Det=6139	O+H=8567	 DONE
01/10/2025 04:03:41:	move motor	S18.axis2.phaseshifter 1 to 2.862082deg	 DONE
01/10/2025 04:03:43:	28	count	time	30.000000s/cts	O Det=862	H Det=762	Mon Det=68485	Aux Det=7046	O+H=8670	 DONE
01/10/2025 04:04:14:	move motor	S18.axis2.phaseshifter 1 to 2.931048deg	 DONE
01/10/2025 04:04:16:	29	count	time	30.000000s/cts	O Det=733	H Det=634	Mon Det=68961	Aux Det=7365	O+H=8732	 DONE
01/10/2025 04:04:48:	move motor	S18.axis2.phaseshifter 1 to 3.000014deg	 DONE
01/10/2025 04:04:49:	30	count	time	30.000000s/cts	O Det=684	H Det=613	Mon Det=68361	Aux Det=7267	O+H=8564	 DONE
01/10/2025 04:05:21:	close file and end scan	 DONE
call of ifg1_newPS_2p30s_B3.sc DONE
01/10/2025 04:05:22:	move motor	S18.axis2.piezo rotation to -0.983220deg	 DONE
01/10/2025 04:05:25:	create file	D:\data\Cycle 198\exp_3-16-19\rawdata\sc\rocking_01Oct0405.dat	 DONE
room to enter remarks DONE
01/10/2025 04:05:26:	move motor	S18.axis2.piezo rotation to -0.883220deg	 DONE
01/10/2025 04:05:29:	1	count	time	5.000000s/cts	O Det=1	H Det=1	Mon Det=11390	Aux Det=15	O+H=17	 DONE
01/10/2025 04:05:36:	move motor	S18.axis2.piezo rotation to -0.883160deg	 DONE
01/10/2025 04:05:38:	2	count	time	5.000000s/cts	O Det=0	H Det=1	Mon Det=11406	Aux Det=12	O+H=13	 DONE
01/10/2025 04:05:45:	move motor	S18.axis2.piezo rotation to -0.883100deg	 DONE
01/10/2025 04:05:46:	3	count	time	5.000000s/cts	O Det=1	H Det=0	Mon Det=11416	Aux Det=16	O+H=17	 DONE
01/10/2025 04:05:53:	move motor	S18.axis2.piezo rotation to -0.883040deg	 DONE
01/10/2025 04:05:54:	4	count	time	5.000000s/cts	O Det=0	H Det=1	Mon Det=11221	Aux Det=27	O+H=28	 DONE
01/10/2025 04:06:01:	move motor	S18.axis2.piezo rotation to -0.882980deg	 DONE
01/10/2025 04:06:02:	5	count	time	5.000000s/cts	O Det=0	H Det=0	Mon Det=11252	Aux Det=23	O+H=23	 DONE
01/10/2025 04:06:09:	move motor	S18.axis2.piezo rotation to -0.882920deg	 DONE
01/10/2025 04:06:10:	6	count	time	5.000000s/cts	O Det=0	H Det=1	Mon Det=11282	Aux Det=17	O+H=18	 DONE
01/10/2025 04:06:17:	move motor	S18.axis2.piezo rotation to -0.882860deg	 DONE
01/10/2025 04:06:18:	7	count	time	5.000000s/cts	O Det=2	H Det=1	Mon Det=11479	Aux Det=25	O+H=28	 DONE
01/10/2025 04:06:25:	move motor	S18.axis2.piezo rotation to -0.882800deg	 DONE
01/10/2025 04:06:26:	8	count	time	5.000000s/cts	O Det=0	H Det=1	Mon Det=11483	Aux Det=22	O+H=23	 DONE
01/10/2025 04:06:33:	move motor	S18.axis2.piezo rotation to -0.882740deg	 DONE
01/10/2025 04:06:34:	9	count	time	5.000000s/cts	O Det=0	H Det=0	Mon Det=11560	Aux Det=32	O+H=32	 DONE
01/10/2025 04:06:41:	move motor	S18.axis2.piezo rotation to -0.882680deg	 DONE
01/10/2025 04:06:43:	10	count	time	5.000000s/cts	O Det=0	H Det=0	Mon Det=11250	Aux Det=29	O+H=29	 DONE
01/10/2025 04:06:50:	move motor	S18.axis2.piezo rotation to -0.882620deg	 DONE
01/10/2025 04:06:51:	11	count	time	5.000000s/cts	O Det=0	H Det=2	Mon Det=11596	Aux Det=28	O+H=30	 DONE
01/10/2025 04:06:58:	move motor	S18.axis2.piezo rotation to -0.882560deg	 DONE
01/10/2025 04:06:59:	12	count	time	5.000000s/cts	O Det=2	H Det=0	Mon Det=11435	Aux Det=28	O+H=30	 DONE
01/10/2025 04:07:06:	move motor	S18.axis2.piezo rotation to -0.882500deg	 DONE
01/10/2025 04:07:07:	13	count	time	5.000000s/cts	O Det=0	H Det=1	Mon Det=11577	Aux Det=36	O+H=37	 DONE
01/10/2025 04:07:14:	move motor	S18.axis2.piezo rotation to -0.882440deg	 DONE
01/10/2025 04:07:15:	14	count	time	5.000000s/cts	O Det=0	H Det=3	Mon Det=11606	Aux Det=43	O+H=46	 DONE
01/10/2025 04:07:22:	move motor	S18.axis2.piezo rotation to -0.882380deg	 DONE
01/10/2025 04:07:24:	15	count	time	5.000000s/cts	O Det=1	H Det=1	Mon Det=11439	Aux Det=34	O+H=36	 DONE
01/10/2025 04:07:30:	move motor	S18.axis2.piezo rotation to -0.882320deg	 DONE
01/10/2025 04:07:32:	16	count	time	5.000000s/cts	O Det=2	H Det=1	Mon Det=11498	Aux Det=56	O+H=59	 DONE
01/10/2025 04:07:38:	move motor	S18.axis2.piezo rotation to -0.882260deg	 DONE
01/10/2025 04:07:40:	17	count	time	5.000000s/cts	O Det=1	H Det=1	Mon Det=11187	Aux Det=53	O+H=55	 DONE
01/10/2025 04:07:47:	move motor	S18.axis2.piezo rotation to -0.882200deg	 DONE
01/10/2025 04:07:49:	18	count	time	5.000000s/cts	O Det=2	H Det=1	Mon Det=11469	Aux Det=67	O+H=70	 DONE
01/10/2025 04:07:55:	move motor	S18.axis2.piezo rotation to -0.882140deg	 DONE
01/10/2025 04:07:57:	19	count	time	5.000000s/cts	O Det=1	H Det=0	Mon Det=11448	Aux Det=69	O+H=70	 DONE
01/10/2025 04:08:04:	move motor	S18.axis2.piezo rotation to -0.882080deg	 DONE
01/10/2025 04:08:05:	20	count	time	5.000000s/cts	O Det=3	H Det=1	Mon Det=11506	Aux Det=65	O+H=69	 DONE
01/10/2025 04:08:12:	move motor	S18.axis2.piezo rotation to -0.882020deg	 DONE
01/10/2025 04:08:13:	21	count	time	5.000000s/cts	O Det=3	H Det=1	Mon Det=11510	Aux Det=85	O+H=89	 DONE
01/10/2025 04:08:20:	move motor	S18.axis2.piezo rotation to -0.881960deg	 DONE
01/10/2025 04:08:21:	22	count	time	5.000000s/cts	O Det=12	H Det=2	Mon Det=11371	Aux Det=117	O+H=131	 DONE
01/10/2025 04:08:28:	move motor	S18.axis2.piezo rotation to -0.881900deg	 DONE
01/10/2025 04:08:30:	23	count	time	5.000000s/cts	O Det=14	H Det=5	Mon Det=11456	Aux Det=129	O+H=148	 DONE
01/10/2025 04:08:37:	move motor	S18.axis2.piezo rotation to -0.881840deg	 DONE
01/10/2025 04:08:38:	24	count	time	5.000000s/cts	O Det=38	H Det=14	Mon Det=11297	Aux Det=178	O+H=230	 DONE
01/10/2025 04:08:45:	move motor	S18.axis2.piezo rotation to -0.881780deg	 DONE
01/10/2025 04:08:46:	25	count	time	5.000000s/cts	O Det=31	H Det=16	Mon Det=11356	Aux Det=204	O+H=251	 DONE
01/10/2025 04:08:53:	move motor	S18.axis2.piezo rotation to -0.881720deg	 DONE
01/10/2025 04:08:54:	26	count	time	5.000000s/cts	O Det=36	H Det=16	Mon Det=11402	Aux Det=221	O+H=273	 DONE
01/10/2025 04:09:01:	move motor	S18.axis2.piezo rotation to -0.881660deg	 DONE
01/10/2025 04:09:02:	27	count	time	5.000000s/cts	O Det=40	H Det=13	Mon Det=11623	Aux Det=266	O+H=319	 DONE
01/10/2025 04:09:09:	move motor	S18.axis2.piezo rotation to -0.881600deg	 DONE
01/10/2025 04:09:10:	28	count	time	5.000000s/cts	O Det=59	H Det=16	Mon Det=11426	Aux Det=333	O+H=408	 DONE
01/10/2025 04:09:17:	move motor	S18.axis2.piezo rotation to -0.881540deg	 DONE
01/10/2025 04:09:19:	29	count	time	5.000000s/cts	O Det=64	H Det=35	Mon Det=11540	Aux Det=393	O+H=492	 DONE
01/10/2025 04:09:25:	move motor	S18.axis2.piezo rotation to -0.881480deg	 DONE
01/10/2025 04:09:27:	30	count	time	5.000000s/cts	O Det=93	H Det=31	Mon Det=11269	Aux Det=562	O+H=686	 DONE
01/10/2025 04:09:34:	move motor	S18.axis2.piezo rotation to -0.881420deg	 DONE
01/10/2025 04:09:36:	31	count	time	5.000000s/cts	O Det=100	H Det=71	Mon Det=11375	Aux Det=781	O+H=952	 DONE
01/10/2025 04:09:43:	move motor	S18.axis2.piezo rotation to -0.881360deg	 DONE
01/10/2025 04:09:44:	32	count	time	5.000000s/cts	O Det=146	H Det=71	Mon Det=11318	Aux Det=876	O+H=1093	 DONE
01/10/2025 04:09:51:	move motor	S18.axis2.piezo rotation to -0.881300deg	 DONE
01/10/2025 04:09:53:	33	count	time	5.000000s/cts	O Det=136	H Det=120	Mon Det=11387	Aux Det=1078	O+H=1334	 DONE
01/10/2025 04:09:59:	move motor	S18.axis2.piezo rotation to -0.881240deg	 DONE
01/10/2025 04:10:01:	34	count	time	5.000000s/cts	O Det=141	H Det=106	Mon Det=11114	Aux Det=1178	O+H=1425	 DONE
01/10/2025 04:10:07:	move motor	S18.axis2.piezo rotation to -0.881180deg	 DONE
01/10/2025 04:10:09:	35	count	time	5.000000s/cts	O Det=110	H Det=107	Mon Det=11527	Aux Det=1250	O+H=1467	 DONE
01/10/2025 04:10:16:	move motor	S18.axis2.piezo rotation to -0.881120deg	 DONE
01/10/2025 04:10:17:	36	count	time	5.000000s/cts	O Det=131	H Det=96	Mon Det=11452	Aux Det=1251	O+H=1478	 DONE
01/10/2025 04:10:24:	move motor	S18.axis2.piezo rotation to -0.881060deg	 DONE
01/10/2025 04:10:26:	37	count	time	5.000000s/cts	O Det=99	H Det=85	Mon Det=11342	Aux Det=1219	O+H=1403	 DONE
01/10/2025 04:10:32:	move motor	S18.axis2.piezo rotation to -0.881000deg	 DONE
01/10/2025 04:10:34:	38	count	time	5.000000s/cts	O Det=73	H Det=71	Mon Det=11432	Aux Det=1104	O+H=1248	 DONE
01/10/2025 04:10:41:	move motor	S18.axis2.piezo rotation to -0.880940deg	 DONE
01/10/2025 04:10:42:	39	count	time	5.000000s/cts	O Det=65	H Det=46	Mon Det=11533	Aux Det=976	O+H=1087	 DONE
01/10/2025 04:10:49:	move motor	S18.axis2.piezo rotation to -0.880880deg	 DONE
01/10/2025 04:10:50:	40	count	time	5.000000s/cts	O Det=45	H Det=38	Mon Det=11367	Aux Det=822	O+H=905	 DONE
01/10/2025 04:10:57:	move motor	S18.axis2.piezo rotation to -0.880820deg	 DONE
01/10/2025 04:10:58:	41	count	time	5.000000s/cts	O Det=59	H Det=34	Mon Det=11312	Aux Det=588	O+H=681	 DONE
01/10/2025 04:11:05:	move motor	S18.axis2.piezo rotation to -0.880760deg	 DONE
01/10/2025 04:11:06:	42	count	time	5.000000s/cts	O Det=42	H Det=13	Mon Det=11425	Aux Det=463	O+H=518	 DONE
01/10/2025 04:11:13:	move motor	S18.axis2.piezo rotation to -0.880700deg	 DONE
01/10/2025 04:11:14:	43	count	time	5.000000s/cts	O Det=28	H Det=15	Mon Det=11506	Aux Det=355	O+H=398	 DONE
01/10/2025 04:11:21:	move motor	S18.axis2.piezo rotation to -0.880640deg	 DONE
01/10/2025 04:11:22:	44	count	time	5.000000s/cts	O Det=18	H Det=6	Mon Det=11724	Aux Det=272	O+H=296	 DONE
01/10/2025 04:11:29:	move motor	S18.axis2.piezo rotation to -0.880580deg	 DONE
01/10/2025 04:11:31:	45	count	time	5.000000s/cts	O Det=6	H Det=1	Mon Det=11576	Aux Det=197	O+H=204	 DONE
01/10/2025 04:11:37:	move motor	S18.axis2.piezo rotation to -0.880520deg	 DONE
01/10/2025 04:11:38:	46	count	time	5.000000s/cts	O Det=8	H Det=0	Mon Det=11516	Aux Det=170	O+H=178	 DONE
01/10/2025 04:11:45:	move motor	S18.axis2.piezo rotation to -0.880460deg	 DONE
01/10/2025 04:11:47:	47	count	time	5.000000s/cts	O Det=3	H Det=1	Mon Det=11281	Aux Det=137	O+H=141	 DONE
01/10/2025 04:11:53:	move motor	S18.axis2.piezo rotation to -0.880400deg	 DONE
01/10/2025 04:11:55:	48	count	time	5.000000s/cts	O Det=6	H Det=2	Mon Det=11333	Aux Det=129	O+H=137	 DONE
01/10/2025 04:12:02:	move motor	S18.axis2.piezo rotation to -0.880340deg	 DONE
01/10/2025 04:12:03:	49	count	time	5.000000s/cts	O Det=8	H Det=1	Mon Det=11481	Aux Det=116	O+H=125	 DONE
01/10/2025 04:12:10:	move motor	S18.axis2.piezo rotation to -0.880280deg	 DONE
01/10/2025 04:12:11:	50	count	time	5.000000s/cts	O Det=5	H Det=1	Mon Det=11487	Aux Det=70	O+H=76	 DONE
01/10/2025 04:12:18:	move motor	S18.axis2.piezo rotation to -0.880220deg	 DONE
01/10/2025 04:12:19:	51	count	time	5.000000s/cts	O Det=3	H Det=2	Mon Det=11341	Aux Det=80	O+H=85	 DONE
01/10/2025 04:12:26:	move motor	S18.axis2.piezo rotation to -0.880160deg	 DONE
01/10/2025 04:12:27:	52	count	time	5.000000s/cts	O Det=1	H Det=4	Mon Det=11263	Aux Det=70	O+H=75	 DONE
01/10/2025 04:12:34:	move motor	S18.axis2.piezo rotation to -0.880100deg	 DONE
01/10/2025 04:12:36:	53	count	time	5.000000s/cts	O Det=4	H Det=0	Mon Det=11597	Aux Det=59	O+H=63	 DONE
01/10/2025 04:12:42:	move motor	S18.axis2.piezo rotation to -0.880040deg	 DONE
01/10/2025 04:12:44:	54	count	time	5.000000s/cts	O Det=1	H Det=1	Mon Det=11487	Aux Det=52	O+H=54	 DONE
01/10/2025 04:12:50:	move motor	S18.axis2.piezo rotation to -0.879980deg	 DONE
01/10/2025 04:12:52:	55	count	time	5.000000s/cts	O Det=1	H Det=1	Mon Det=11337	Aux Det=55	O+H=57	 DONE
01/10/2025 04:12:58:	move motor	S18.axis2.piezo rotation to -0.879920deg	 DONE
01/10/2025 04:13:00:	56	count	time	5.000000s/cts	O Det=2	H Det=3	Mon Det=11507	Aux Det=40	O+H=45	 DONE
01/10/2025 04:13:07:	move motor	S18.axis2.piezo rotation to -0.879860deg	 DONE
01/10/2025 04:13:08:	57	count	time	5.000000s/cts	O Det=2	H Det=2	Mon Det=11462	Aux Det=44	O+H=48	 DONE
01/10/2025 04:13:15:	move motor	S18.axis2.piezo rotation to -0.879800deg	 DONE
01/10/2025 04:13:16:	58	count	time	5.000000s/cts	O Det=3	H Det=1	Mon Det=11484	Aux Det=32	O+H=36	 DONE
01/10/2025 04:13:23:	move motor	S18.axis2.piezo rotation to -0.879740deg	 DONE
01/10/2025 04:13:25:	59	count	time	5.000000s/cts	O Det=1	H Det=2	Mon Det=11312	Aux Det=24	O+H=27	 DONE
01/10/2025 04:13:32:	move motor	S18.axis2.piezo rotation to -0.879680deg	 DONE
01/10/2025 04:13:33:	60	count	time	5.000000s/cts	O Det=0	H Det=2	Mon Det=11395	Aux Det=19	O+H=21	 DONE
01/10/2025 04:13:40:	close file and end scan	 DONE
01/10/2025 04:13:40:	move motor	S18.axis2.piezo rotation to fit SUM PEAK60	-0.881157reached -0.88116  DONE
call of rocking.sc DONE
01/10/2025 04:13:46:	move motor	S18.axis2.Aperture Y to 19.00000mm	reached 19.00000  DONE
01/10/2025 04:13:50:	move motor	S18.axis2.phaseshifter 1 to 0.900000deg	 DONE
01/10/2025 04:13:52:	create file	D:\data\Cycle 198\exp_3-16-19\rawdata\sc\Aperture_scan_ifg1_newPS_B3_2p30s_01Oct0413.dat	 DONE
room to enter remarks DONE
01/10/2025 04:13:53:	move motor	S18.axis2.phaseshifter 1 to 1.000000deg	 DONE
01/10/2025 04:13:55:	1	count	time	30.000000s/cts	O Det=965	H Det=981	Mon Det=68503	Aux Det=7906	O+H=9852	 DONE
01/10/2025 04:14:27:	move motor	S18.axis2.phaseshifter 1 to 1.068966deg	 DONE
01/10/2025 04:14:28:	2	count	time	30.000000s/cts	O Det=1470	H Det=1335	Mon Det=68546	Aux Det=6982	O+H=9787	 DONE
01/10/2025 04:15:00:	move motor	S18.axis2.phaseshifter 1 to 1.137932deg	 DONE
01/10/2025 04:15:02:	3	count	time	30.000000s/cts	O Det=1746	H Det=1591	Mon Det=68437	Aux Det=6367	O+H=9704	 DONE
01/10/2025 04:15:33:	move motor	S18.axis2.phaseshifter 1 to 1.206898deg	 DONE
01/10/2025 04:15:35:	4	count	time	30.000000s/cts	O Det=2101	H Det=1953	Mon Det=68301	Aux Det=5450	O+H=9504	 DONE
01/10/2025 04:16:07:	move motor	S18.axis2.phaseshifter 1 to 1.275864deg	 DONE
01/10/2025 04:16:08:	5	count	time	30.000000s/cts	O Det=2723	H Det=2514	Mon Det=68280	Aux Det=4318	O+H=9555	 DONE
01/10/2025 04:16:40:	move motor	S18.axis2.phaseshifter 1 to 1.344830deg	 DONE
01/10/2025 04:16:42:	6	count	time	30.000000s/cts	O Det=3135	H Det=2741	Mon Det=68413	Aux Det=3602	O+H=9478	 DONE
01/10/2025 04:17:13:	move motor	S18.axis2.phaseshifter 1 to 1.413796deg	 DONE
01/10/2025 04:17:15:	7	count	time	30.000000s/cts	O Det=3286	H Det=2870	Mon Det=68754	Aux Det=3281	O+H=9437	 DONE
01/10/2025 04:17:47:	move motor	S18.axis2.phaseshifter 1 to 1.482762deg	 DONE
01/10/2025 04:17:48:	8	count	time	30.000000s/cts	O Det=3229	H Det=2834	Mon Det=68357	Aux Det=3500	O+H=9563	 DONE
01/10/2025 04:18:20:	move motor	S18.axis2.phaseshifter 1 to 1.551728deg	 DONE
01/10/2025 04:18:21:	9	count	time	30.000000s/cts	O Det=3001	H Det=2705	Mon Det=68530	Aux Det=3929	O+H=9635	 DONE
01/10/2025 04:18:53:	move motor	S18.axis2.phaseshifter 1 to 1.620694deg	 DONE
01/10/2025 04:18:55:	10	count	time	30.000000s/cts	O Det=2576	H Det=2398	Mon Det=68282	Aux Det=4744	O+H=9718	 DONE
01/10/2025 04:19:26:	move motor	S18.axis2.phaseshifter 1 to 1.689660deg	 DONE
01/10/2025 04:19:28:	11	count	time	30.000000s/cts	O Det=2060	H Det=1876	Mon Det=68280	Aux Det=5751	O+H=9687	 DONE
01/10/2025 04:20:00:	move motor	S18.axis2.phaseshifter 1 to 1.758626deg	 DONE
01/10/2025 04:20:01:	12	count	time	30.000000s/cts	O Det=1536	H Det=1448	Mon Det=68287	Aux Det=6619	O+H=9603	 DONE
01/10/2025 04:20:33:	move motor	S18.axis2.phaseshifter 1 to 1.827592deg	 DONE
01/10/2025 04:20:35:	13	count	time	30.000000s/cts	O Det=1018	H Det=904	Mon Det=68245	Aux Det=7872	O+H=9794	 DONE
01/10/2025 04:21:06:	move motor	S18.axis2.phaseshifter 1 to 1.896558deg	 DONE
01/10/2025 04:21:08:	14	count	time	30.000000s/cts	O Det=813	H Det=815	Mon Det=68244	Aux Det=8278	O+H=9906	 DONE
01/10/2025 04:21:40:	move motor	S18.axis2.phaseshifter 1 to 1.965524deg	 DONE
01/10/2025 04:21:41:	15	count	time	30.000000s/cts	O Det=758	H Det=728	Mon Det=68683	Aux Det=8295	O+H=9781	 DONE
01/10/2025 04:22:13:	move motor	S18.axis2.phaseshifter 1 to 2.034490deg	 DONE
01/10/2025 04:22:15:	16	count	time	30.000000s/cts	O Det=915	H Det=851	Mon Det=68599	Aux Det=7933	O+H=9699	 DONE
01/10/2025 04:22:46:	move motor	S18.axis2.phaseshifter 1 to 2.103456deg	 DONE
01/10/2025 04:22:48:	17	count	time	30.000000s/cts	O Det=1280	H Det=1124	Mon Det=68488	Aux Det=7418	O+H=9822	 DONE
01/10/2025 04:23:20:	move motor	S18.axis2.phaseshifter 1 to 2.172422deg	 DONE
01/10/2025 04:23:21:	18	count	time	30.000000s/cts	O Det=1961	H Det=1717	Mon Det=68146	Aux Det=6046	O+H=9724	 DONE
01/10/2025 04:23:53:	move motor	S18.axis2.phaseshifter 1 to 2.241388deg	 DONE
01/10/2025 04:23:54:	19	count	time	30.000000s/cts	O Det=2302	H Det=2069	Mon Det=68325	Aux Det=5210	O+H=9581	 DONE
01/10/2025 04:24:26:	move motor	S18.axis2.phaseshifter 1 to 2.310354deg	 DONE
01/10/2025 04:24:28:	20	count	time	30.000000s/cts	O Det=2845	H Det=2456	Mon Det=69145	Aux Det=4146	O+H=9447	 DONE
01/10/2025 04:24:59:	move motor	S18.axis2.phaseshifter 1 to 2.379320deg	 DONE
01/10/2025 04:25:01:	21	count	time	30.000000s/cts	O Det=3051	H Det=2676	Mon Det=68385	Aux Det=3769	O+H=9496	 DONE
01/10/2025 04:25:33:	move motor	S18.axis2.phaseshifter 1 to 2.448286deg	 DONE
01/10/2025 04:25:34:	22	count	time	30.000000s/cts	O Det=3273	H Det=2766	Mon Det=68336	Aux Det=3270	O+H=9309	 DONE
01/10/2025 04:26:06:	move motor	S18.axis2.phaseshifter 1 to 2.517252deg	 DONE
01/10/2025 04:26:08:	23	count	time	30.000000s/cts	O Det=3102	H Det=2833	Mon Det=68359	Aux Det=3654	O+H=9589	 DONE
01/10/2025 04:26:39:	move motor	S18.axis2.phaseshifter 1 to 2.586218deg	 DONE
01/10/2025 04:26:41:	24	count	time	30.000000s/cts	O Det=2890	H Det=2605	Mon Det=67907	Aux Det=4046	O+H=9541	 DONE
01/10/2025 04:27:13:	move motor	S18.axis2.phaseshifter 1 to 2.655184deg	 DONE
01/10/2025 04:27:14:	25	count	time	30.000000s/cts	O Det=2598	H Det=2192	Mon Det=68036	Aux Det=4959	O+H=9749	 DONE
01/10/2025 04:27:46:	move motor	S18.axis2.phaseshifter 1 to 2.724150deg	 DONE
01/10/2025 04:27:48:	26	count	time	30.000000s/cts	O Det=2060	H Det=1875	Mon Det=68329	Aux Det=5667	O+H=9602	 DONE
01/10/2025 04:28:19:	move motor	S18.axis2.phaseshifter 1 to 2.793116deg	 DONE
01/10/2025 04:28:21:	27	count	time	30.000000s/cts	O Det=1266	H Det=1153	Mon Det=67995	Aux Det=7185	O+H=9604	 DONE
01/10/2025 04:28:53:	move motor	S18.axis2.phaseshifter 1 to 2.862082deg	 DONE
01/10/2025 04:28:54:	28	count	time	30.000000s/cts	O Det=931	H Det=950	Mon Det=68316	Aux Det=7753	O+H=9634	 DONE
01/10/2025 04:29:26:	move motor	S18.axis2.phaseshifter 1 to 2.931048deg	 DONE
01/10/2025 04:29:28:	29	count	time	30.000000s/cts	O Det=810	H Det=836	Mon Det=68370	Aux Det=8079	O+H=9725	 DONE
01/10/2025 04:29:59:	move motor	S18.axis2.phaseshifter 1 to 3.000014deg	 DONE
01/10/2025 04:30:01:	30	count	time	30.000000s/cts	O Det=774	H Det=729	Mon Det=68321	Aux Det=8115	O+H=9618	 DONE
01/10/2025 04:30:33:	close file and end scan	 DONE
call of ifg1_newPS_2p30s_B3.sc DONE
01/10/2025 04:30:34:	move motor	S18.axis2.Aperture Y to 21.50000mm	reached 21.50000  DONE
01/10/2025 04:30:38:	move motor	S18.axis2.phaseshifter 1 to 0.900000deg	 DONE
01/10/2025 04:30:40:	create file	D:\data\Cycle 198\exp_3-16-19\rawdata\sc\Aperture_scan_ifg1_newPS_B3_2p30s_01Oct0430.dat	 DONE
room to enter remarks DONE
01/10/2025 04:30:41:	move motor	S18.axis2.phaseshifter 1 to 1.000000deg	 DONE
01/10/2025 04:30:43:	1	count	time	30.000000s/cts	O Det=900	H Det=871	Mon Det=68297	Aux Det=7849	O+H=9620	 DONE
01/10/2025 04:31:15:	move motor	S18.axis2.phaseshifter 1 to 1.068966deg	 DONE
01/10/2025 04:31:16:	2	count	time	30.000000s/cts	O Det=1157	H Det=1093	Mon Det=68129	Aux Det=7348	O+H=9598	 DONE
01/10/2025 04:31:48:	move motor	S18.axis2.phaseshifter 1 to 1.137932deg	 DONE
01/10/2025 04:31:50:	3	count	time	30.000000s/cts	O Det=1882	H Det=1713	Mon Det=68871	Aux Det=5916	O+H=9511	 DONE
01/10/2025 04:32:21:	move motor	S18.axis2.phaseshifter 1 to 1.206898deg	 DONE
01/10/2025 04:32:23:	4	count	time	30.000000s/cts	O Det=2372	H Det=2156	Mon Det=68903	Aux Det=5003	O+H=9531	 DONE
01/10/2025 04:32:55:	move motor	S18.axis2.phaseshifter 1 to 1.275864deg	 DONE
01/10/2025 04:32:56:	5	count	time	30.000000s/cts	O Det=2834	H Det=2482	Mon Det=68032	Aux Det=4068	O+H=9384	 DONE
01/10/2025 04:33:28:	move motor	S18.axis2.phaseshifter 1 to 1.344830deg	 DONE
01/10/2025 04:33:29:	6	count	time	30.000000s/cts	O Det=2978	H Det=2888	Mon Det=68070	Aux Det=3609	O+H=9475	 DONE
01/10/2025 04:34:01:	move motor	S18.axis2.phaseshifter 1 to 1.413796deg	 DONE
01/10/2025 04:34:03:	7	count	time	30.000000s/cts	O Det=3141	H Det=2872	Mon Det=68208	Aux Det=3440	O+H=9453	 DONE
01/10/2025 04:34:34:	move motor	S18.axis2.phaseshifter 1 to 1.482762deg	 DONE
01/10/2025 04:34:36:	8	count	time	30.000000s/cts	O Det=3276	H Det=2716	Mon Det=68388	Aux Det=3375	O+H=9367	 DONE
01/10/2025 04:35:08:	move motor	S18.axis2.phaseshifter 1 to 1.551728deg	 DONE
01/10/2025 04:35:09:	9	count	time	30.000000s/cts	O Det=2832	H Det=2445	Mon Det=68796	Aux Det=4180	O+H=9457	 DONE
01/10/2025 04:35:41:	move motor	S18.axis2.phaseshifter 1 to 1.620694deg	 DONE
01/10/2025 04:35:43:	10	count	time	30.000000s/cts	O Det=2325	H Det=2082	Mon Det=68139	Aux Det=5069	O+H=9476	 DONE
01/10/2025 04:36:14:	move motor	S18.axis2.phaseshifter 1 to 1.689660deg	 DONE
01/10/2025 04:36:16:	11	count	time	30.000000s/cts	O Det=1756	H Det=1670	Mon Det=68107	Aux Det=6234	O+H=9660	 DONE
01/10/2025 04:36:48:	move motor	S18.axis2.phaseshifter 1 to 1.758626deg	 DONE
01/10/2025 04:36:49:	12	count	time	30.000000s/cts	O Det=1531	H Det=1355	Mon Det=68930	Aux Det=6781	O+H=9667	 DONE
01/10/2025 04:37:21:	move motor	S18.axis2.phaseshifter 1 to 1.827592deg	 DONE
01/10/2025 04:37:23:	13	count	time	30.000000s/cts	O Det=1023	H Det=978	Mon Det=68582	Aux Det=7651	O+H=9652	 DONE
01/10/2025 04:37:54:	move motor	S18.axis2.phaseshifter 1 to 1.896558deg	 DONE
01/10/2025 04:37:56:	14	count	time	30.000000s/cts	O Det=730	H Det=766	Mon Det=68773	Aux Det=8151	O+H=9647	 DONE
01/10/2025 04:38:28:	move motor	S18.axis2.phaseshifter 1 to 1.965524deg	 DONE
01/10/2025 04:38:29:	15	count	time	30.000000s/cts	O Det=761	H Det=764	Mon Det=68576	Aux Det=7992	O+H=9517	 DONE
01/10/2025 04:39:01:	move motor	S18.axis2.phaseshifter 1 to 2.034490deg	 DONE
01/10/2025 04:39:02:	16	count	time	30.000000s/cts	O Det=895	H Det=907	Mon Det=68441	Aux Det=7863	O+H=9665	 DONE
01/10/2025 04:39:34:	move motor	S18.axis2.phaseshifter 1 to 2.103456deg	 DONE
01/10/2025 04:39:36:	17	count	time	30.000000s/cts	O Det=1386	H Det=1306	Mon Det=68264	Aux Det=7019	O+H=9711	 DONE
01/10/2025 04:40:08:	move motor	S18.axis2.phaseshifter 1 to 2.172422deg	 DONE
01/10/2025 04:40:09:	18	count	time	30.000000s/cts	O Det=1963	H Det=1759	Mon Det=68729	Aux Det=5738	O+H=9460	 DONE
01/10/2025 04:40:41:	move motor	S18.axis2.phaseshifter 1 to 2.241388deg	 DONE
01/10/2025 04:40:42:	19	count	time	30.000000s/cts	O Det=2380	H Det=2133	Mon Det=68455	Aux Det=5114	O+H=9627	 DONE
01/10/2025 04:41:14:	move motor	S18.axis2.phaseshifter 1 to 2.310354deg	 DONE
01/10/2025 04:41:16:	20	count	time	30.000000s/cts	O Det=2852	H Det=2618	Mon Det=68399	Aux Det=4027	O+H=9497	 DONE
01/10/2025 04:41:47:	move motor	S18.axis2.phaseshifter 1 to 2.379320deg	 DONE
01/10/2025 04:41:49:	21	count	time	30.000000s/cts	O Det=3169	H Det=2857	Mon Det=68653	Aux Det=3565	O+H=9591	 DONE
01/10/2025 04:42:21:	move motor	S18.axis2.phaseshifter 1 to 2.448286deg	 DONE
01/10/2025 04:42:22:	22	count	time	30.000000s/cts	O Det=3108	H Det=2919	Mon Det=68382	Aux Det=3409	O+H=9436	 DONE
01/10/2025 04:42:54:	move motor	S18.axis2.phaseshifter 1 to 2.517252deg	 DONE
01/10/2025 04:42:56:	23	count	time	30.000000s/cts	O Det=3106	H Det=2723	Mon Det=68115	Aux Det=3632	O+H=9461	 DONE
01/10/2025 04:43:27:	move motor	S18.axis2.phaseshifter 1 to 2.586218deg	 DONE
01/10/2025 04:43:29:	24	count	time	30.000000s/cts	O Det=2649	H Det=2459	Mon Det=68242	Aux Det=4402	O+H=9510	 DONE
01/10/2025 04:44:01:	move motor	S18.axis2.phaseshifter 1 to 2.655184deg	 DONE
01/10/2025 04:44:02:	25	count	time	30.000000s/cts	O Det=2167	H Det=2015	Mon Det=68520	Aux Det=5298	O+H=9480	 DONE
01/10/2025 04:44:34:	move motor	S18.axis2.phaseshifter 1 to 2.724150deg	 DONE
01/10/2025 04:44:35:	26	count	time	30.000000s/cts	O Det=2022	H Det=1788	Mon Det=68113	Aux Det=5813	O+H=9623	 DONE
01/10/2025 04:45:07:	move motor	S18.axis2.phaseshifter 1 to 2.793116deg	 DONE
01/10/2025 04:45:09:	27	count	time	30.000000s/cts	O Det=1394	H Det=1306	Mon Det=68294	Aux Det=7063	O+H=9763	 DONE
01/10/2025 04:45:40:	move motor	S18.axis2.phaseshifter 1 to 2.862082deg	 DONE
01/10/2025 04:45:42:	28	count	time	30.000000s/cts	O Det=962	H Det=908	Mon Det=68638	Aux Det=7751	O+H=9621	 DONE
01/10/2025 04:46:14:	move motor	S18.axis2.phaseshifter 1 to 2.931048deg	 DONE
01/10/2025 04:46:15:	29	count	time	30.000000s/cts	O Det=810	H Det=772	Mon Det=68462	Aux Det=8053	O+H=9635	 DONE
01/10/2025 04:46:47:	move motor	S18.axis2.phaseshifter 1 to 3.000014deg	 DONE
01/10/2025 04:46:49:	30	count	time	30.000000s/cts	O Det=790	H Det=777	Mon Det=67962	Aux Det=7984	O+H=9551	 DONE
01/10/2025 04:47:20:	close file and end scan	 DONE
call of ifg1_newPS_2p30s_B3.sc DONE
01/10/2025 04:47:21:	move motor	S18.axis2.Aperture Z to 11.00000mm	reached 11.00000  DONE
01/10/2025 04:47:25:	move motor	S18.axis2.Aperture Y to 16.50000mm	reached 16.50000  DONE
01/10/2025 04:47:30:	move motor	S18.axis2.phaseshifter 1 to 0.900000deg	 DONE
01/10/2025 04:47:33:	create file	D:\data\Cycle 198\exp_3-16-19\rawdata\sc\Aperture_scan_ifg1_newPS_B3_2p30s_01Oct0447.dat	 DONE
room to enter remarks DONE
01/10/2025 04:47:34:	move motor	S18.axis2.phaseshifter 1 to 1.000000deg	 DONE
01/10/2025 04:47:35:	1	count	time	30.000000s/cts	O Det=979	H Det=783	Mon Det=67974	Aux Det=7384	O+H=9146	 DONE
01/10/2025 04:48:07:	move motor	S18.axis2.phaseshifter 1 to 1.068966deg	 DONE
01/10/2025 04:48:09:	2	count	time	30.000000s/cts	O Det=1353	H Det=1096	Mon Det=68410	Aux Det=6872	O+H=9321	 DONE
01/10/2025 04:48:40:	move motor	S18.axis2.phaseshifter 1 to 1.137932deg	 DONE
01/10/2025 04:48:42:	3	count	time	30.000000s/cts	O Det=1789	H Det=1377	Mon Det=68236	Aux Det=6147	O+H=9313	 DONE
01/10/2025 04:49:14:	move motor	S18.axis2.phaseshifter 1 to 1.206898deg	 DONE
01/10/2025 04:49:15:	4	count	time	30.000000s/cts	O Det=2103	H Det=1790	Mon Det=68324	Aux Det=5255	O+H=9148	 DONE
01/10/2025 04:49:47:	move motor	S18.axis2.phaseshifter 1 to 1.275864deg	 DONE
01/10/2025 04:49:48:	5	count	time	30.000000s/cts	O Det=2770	H Det=2298	Mon Det=68258	Aux Det=4077	O+H=9145	 DONE
01/10/2025 04:50:20:	move motor	S18.axis2.phaseshifter 1 to 1.344830deg	 DONE
01/10/2025 04:50:22:	6	count	time	30.000000s/cts	O Det=3130	H Det=2565	Mon Det=68231	Aux Det=3333	O+H=9028	 DONE
01/10/2025 04:50:53:	move motor	S18.axis2.phaseshifter 1 to 1.413796deg	 DONE
01/10/2025 04:50:55:	7	count	time	30.000000s/cts	O Det=3181	H Det=2637	Mon Det=68278	Aux Det=3231	O+H=9049	 DONE
01/10/2025 04:51:27:	move motor	S18.axis2.phaseshifter 1 to 1.482762deg	 DONE
01/10/2025 04:51:29:	8	count	time	30.000000s/cts	O Det=3118	H Det=2599	Mon Det=68359	Aux Det=3473	O+H=9190	 DONE
01/10/2025 04:52:00:	move motor	S18.axis2.phaseshifter 1 to 1.551728deg	 DONE
01/10/2025 04:52:02:	9	count	time	30.000000s/cts	O Det=2986	H Det=2296	Mon Det=68414	Aux Det=3725	O+H=9007	 DONE
01/10/2025 04:52:34:	move motor	S18.axis2.phaseshifter 1 to 1.620694deg	 DONE
01/10/2025 04:52:35:	10	count	time	30.000000s/cts	O Det=2256	H Det=1780	Mon Det=68326	Aux Det=4983	O+H=9019	 DONE
01/10/2025 04:53:07:	move motor	S18.axis2.phaseshifter 1 to 1.689660deg	 DONE
01/10/2025 04:53:09:	11	count	time	30.000000s/cts	O Det=1910	H Det=1567	Mon Det=68394	Aux Det=5636	O+H=9113	 DONE
01/10/2025 04:53:40:	move motor	S18.axis2.phaseshifter 1 to 1.758626deg	 DONE
01/10/2025 04:53:42:	12	count	time	30.000000s/cts	O Det=1498	H Det=1190	Mon Det=68379	Aux Det=6452	O+H=9140	 DONE
01/10/2025 04:54:13:	move motor	S18.axis2.phaseshifter 1 to 1.827592deg	 DONE
01/10/2025 04:54:15:	13	count	time	30.000000s/cts	O Det=1199	H Det=934	Mon Det=68765	Aux Det=7108	O+H=9241	 DONE
01/10/2025 04:54:47:	move motor	S18.axis2.phaseshifter 1 to 1.896558deg	 DONE
01/10/2025 04:54:48:	14	count	time	30.000000s/cts	O Det=872	H Det=695	Mon Det=68211	Aux Det=7474	O+H=9041	 DONE
01/10/2025 04:55:20:	move motor	S18.axis2.phaseshifter 1 to 1.965524deg	 DONE
01/10/2025 04:55:22:	15	count	time	30.000000s/cts	O Det=828	H Det=625	Mon Det=68776	Aux Det=7710	O+H=9163	 DONE
01/10/2025 04:55:53:	move motor	S18.axis2.phaseshifter 1 to 2.034490deg	 DONE
01/10/2025 04:55:55:	16	count	time	30.000000s/cts	O Det=844	H Det=709	Mon Det=68305	Aux Det=7662	O+H=9215	 DONE
01/10/2025 04:56:27:	move motor	S18.axis2.phaseshifter 1 to 2.103456deg	 DONE
01/10/2025 04:56:28:	17	count	time	30.000000s/cts	O Det=1036	H Det=800	Mon Det=68616	Aux Det=7357	O+H=9193	 DONE
01/10/2025 04:57:00:	move motor	S18.axis2.phaseshifter 1 to 2.172422deg	 DONE
01/10/2025 04:57:02:	18	count	time	30.000000s/cts	O Det=1784	H Det=1490	Mon Det=68602	Aux Det=5971	O+H=9245	 DONE
01/10/2025 04:57:33:	move motor	S18.axis2.phaseshifter 1 to 2.241388deg	 DONE
01/10/2025 04:57:35:	19	count	time	30.000000s/cts	O Det=2343	H Det=1975	Mon Det=68725	Aux Det=4786	O+H=9104	 DONE
01/10/2025 04:58:07:	move motor	S18.axis2.phaseshifter 1 to 2.310354deg	 DONE
01/10/2025 04:58:08:	20	count	time	30.000000s/cts	O Det=2419	H Det=1957	Mon Det=67834	Aux Det=4596	O+H=8972	 DONE
01/10/2025 04:58:40:	move motor	S18.axis2.phaseshifter 1 to 2.379320deg	 DONE
01/10/2025 04:58:42:	21	count	time	30.000000s/cts	O Det=2986	H Det=2477	Mon Det=68474	Aux Det=3705	O+H=9168	 DONE
01/10/2025 04:59:13:	move motor	S18.axis2.phaseshifter 1 to 2.448286deg	 DONE
01/10/2025 04:59:15:	22	count	time	30.000000s/cts	O Det=3260	H Det=2690	Mon Det=68698	Aux Det=3145	O+H=9095	 DONE
01/10/2025 04:59:47:	move motor	S18.axis2.phaseshifter 1 to 2.517252deg	 DONE
01/10/2025 04:59:48:	23	count	time	30.000000s/cts	O Det=3122	H Det=2542	Mon Det=68390	Aux Det=3442	O+H=9106	 DONE
01/10/2025 05:00:20:	move motor	S18.axis2.phaseshifter 1 to 2.586218deg	 DONE
01/10/2025 05:00:21:	24	count	time	30.000000s/cts	O Det=2895	H Det=2404	Mon Det=68256	Aux Det=3909	O+H=9208	 DONE
01/10/2025 05:00:53:	move motor	S18.axis2.phaseshifter 1 to 2.655184deg	 DONE
01/10/2025 05:00:55:	25	count	time	30.000000s/cts	O Det=2234	H Det=1955	Mon Det=68176	Aux Det=4962	O+H=9151	 DONE
01/10/2025 05:01:26:	move motor	S18.axis2.phaseshifter 1 to 2.724150deg	 DONE
01/10/2025 05:01:28:	26	count	time	30.000000s/cts	O Det=1820	H Det=1604	Mon Det=68710	Aux Det=5613	O+H=9037	 DONE
01/10/2025 05:02:00:	move motor	S18.axis2.phaseshifter 1 to 2.793116deg	 DONE
01/10/2025 05:02:01:	27	count	time	30.000000s/cts	O Det=1589	H Det=1259	Mon Det=68407	Aux Det=6245	O+H=9093	 DONE
01/10/2025 05:02:33:	move motor	S18.axis2.phaseshifter 1 to 2.862082deg	 DONE
01/10/2025 05:02:35:	28	count	time	30.000000s/cts	O Det=983	H Det=898	Mon Det=68492	Aux Det=7542	O+H=9423	 DONE
01/10/2025 05:03:06:	move motor	S18.axis2.phaseshifter 1 to 2.931048deg	 DONE
01/10/2025 05:03:08:	29	count	time	30.000000s/cts	O Det=789	H Det=670	Mon Det=68768	Aux Det=7872	O+H=9331	 DONE
01/10/2025 05:03:40:	move motor	S18.axis2.phaseshifter 1 to 3.000014deg	 DONE
01/10/2025 05:03:41:	30	count	time	30.000000s/cts	O Det=851	H Det=588	Mon Det=68423	Aux Det=7637	O+H=9076	 DONE
01/10/2025 05:04:13:	close file and end scan	 DONE
call of ifg1_newPS_2p30s_B3.sc DONE
01/10/2025 05:04:14:	move motor	S18.axis2.Aperture Y to 19.00000mm	reached 19.00000  DONE
01/10/2025 05:04:18:	move motor	S18.axis2.phaseshifter 1 to 0.900000deg	 DONE
01/10/2025 05:04:20:	create file	D:\data\Cycle 198\exp_3-16-19\rawdata\sc\Aperture_scan_ifg1_newPS_B3_2p30s_01Oct0504.dat	 DONE
room to enter remarks DONE
01/10/2025 05:04:21:	move motor	S18.axis2.phaseshifter 1 to 1.000000deg	 DONE
01/10/2025 05:04:23:	1	count	time	30.000000s/cts	O Det=1040	H Det=875	Mon Det=68313	Aux Det=8431	O+H=10346	 DONE
01/10/2025 05:04:54:	move motor	S18.axis2.phaseshifter 1 to 1.068966deg	 DONE
01/10/2025 05:04:56:	2	count	time	30.000000s/cts	O Det=1385	H Det=1255	Mon Det=68299	Aux Det=7361	O+H=10001	 DONE
01/10/2025 05:05:28:	move motor	S18.axis2.phaseshifter 1 to 1.137932deg	 DONE
01/10/2025 05:05:29:	3	count	time	30.000000s/cts	O Det=1920	H Det=1589	Mon Det=68585	Aux Det=6595	O+H=10104	 DONE
01/10/2025 05:06:01:	move motor	S18.axis2.phaseshifter 1 to 1.206898deg	 DONE
01/10/2025 05:06:02:	4	count	time	30.000000s/cts	O Det=2105	H Det=1793	Mon Det=68513	Aux Det=6256	O+H=10154	 DONE
01/10/2025 05:06:34:	move motor	S18.axis2.phaseshifter 1 to 1.275864deg	 DONE
01/10/2025 05:06:36:	5	count	time	30.000000s/cts	O Det=2842	H Det=2307	Mon Det=68246	Aux Det=4745	O+H=9894	 DONE
01/10/2025 05:07:07:	move motor	S18.axis2.phaseshifter 1 to 1.344830deg	 DONE
01/10/2025 05:07:09:	6	count	time	30.000000s/cts	O Det=3195	H Det=2728	Mon Det=68383	Aux Det=4085	O+H=10008	 DONE
01/10/2025 05:07:41:	move motor	S18.axis2.phaseshifter 1 to 1.413796deg	 DONE
01/10/2025 05:07:42:	7	count	time	30.000000s/cts	O Det=3432	H Det=2851	Mon Det=68802	Aux Det=3546	O+H=9829	 DONE
01/10/2025 05:08:14:	move motor	S18.axis2.phaseshifter 1 to 1.482762deg	 DONE
01/10/2025 05:08:16:	8	count	time	30.000000s/cts	O Det=3439	H Det=2869	Mon Det=68052	Aux Det=3619	O+H=9927	 DONE
01/10/2025 05:08:47:	move motor	S18.axis2.phaseshifter 1 to 1.551728deg	 DONE
01/10/2025 05:08:49:	9	count	time	30.000000s/cts	O Det=3222	H Det=2733	Mon Det=68408	Aux Det=4043	O+H=9998	 DONE
01/10/2025 05:09:21:	move motor	S18.axis2.phaseshifter 1 to 1.620694deg	 DONE
01/10/2025 05:09:22:	10	count	time	30.000000s/cts	O Det=2740	H Det=2364	Mon Det=68653	Aux Det=4780	O+H=9884	 DONE
01/10/2025 05:09:54:	move motor	S18.axis2.phaseshifter 1 to 1.689660deg	 DONE
01/10/2025 05:09:56:	11	count	time	30.000000s/cts	O Det=2106	H Det=1872	Mon Det=68219	Aux Det=6026	O+H=10004	 DONE
01/10/2025 05:10:27:	move motor	S18.axis2.phaseshifter 1 to 1.758626deg	 DONE
01/10/2025 05:10:29:	12	count	time	30.000000s/cts	O Det=1619	H Det=1442	Mon Det=68393	Aux Det=7054	O+H=10115	 DONE
01/10/2025 05:11:01:	move motor	S18.axis2.phaseshifter 1 to 1.827592deg	 DONE
01/10/2025 05:11:02:	13	count	time	30.000000s/cts	O Det=1362	H Det=1200	Mon Det=68516	Aux Det=7599	O+H=10161	 DONE
01/10/2025 05:11:34:	move motor	S18.axis2.phaseshifter 1 to 1.896558deg	 DONE
01/10/2025 05:11:35:	14	count	time	30.000000s/cts	O Det=809	H Det=677	Mon Det=69143	Aux Det=8583	O+H=10069	 DONE
01/10/2025 05:12:07:	move motor	S18.axis2.phaseshifter 1 to 1.965524deg	 DONE
01/10/2025 05:12:09:	15	count	time	30.000000s/cts	O Det=756	H Det=706	Mon Det=68458	Aux Det=8605	O+H=10067	 DONE
01/10/2025 05:12:40:	move motor	S18.axis2.phaseshifter 1 to 2.034490deg	 DONE
01/10/2025 05:12:42:	16	count	time	30.000000s/cts	O Det=985	H Det=926	Mon Det=68323	Aux Det=8228	O+H=10139	 DONE
01/10/2025 05:13:14:	move motor	S18.axis2.phaseshifter 1 to 2.103456deg	 DONE
01/10/2025 05:13:15:	17	count	time	30.000000s/cts	O Det=1332	H Det=1110	Mon Det=68219	Aux Det=7617	O+H=10059	 DONE
01/10/2025 05:13:47:	move motor	S18.axis2.phaseshifter 1 to 2.172422deg	 DONE
01/10/2025 05:13:49:	18	count	time	30.000000s/cts	O Det=1712	H Det=1491	Mon Det=68192	Aux Det=6833	O+H=10036	 DONE
01/10/2025 05:14:20:	move motor	S18.axis2.phaseshifter 1 to 2.241388deg	 DONE
01/10/2025 05:14:22:	19	count	time	30.000000s/cts	O Det=2187	H Det=1860	Mon Det=67742	Aux Det=5909	O+H=9956	 DONE
01/10/2025 05:14:54:	move motor	S18.axis2.phaseshifter 1 to 2.310354deg	 DONE
01/10/2025 05:14:55:	20	count	time	30.000000s/cts	O Det=2868	H Det=2416	Mon Det=68299	Aux Det=4501	O+H=9785	 DONE
01/10/2025 05:15:27:	move motor	S18.axis2.phaseshifter 1 to 2.379320deg	 DONE
01/10/2025 05:15:28:	21	count	time	30.000000s/cts	O Det=3214	H Det=2717	Mon Det=68367	Aux Det=4014	O+H=9945	 DONE
01/10/2025 05:16:00:	move motor	S18.axis2.phaseshifter 1 to 2.448286deg	 DONE
01/10/2025 05:16:02:	22	count	time	30.000000s/cts	O Det=3369	H Det=2866	Mon Det=68894	Aux Det=3654	O+H=9889	 DONE
01/10/2025 05:16:33:	move motor	S18.axis2.phaseshifter 1 to 2.517252deg	 DONE
01/10/2025 05:16:35:	23	count	time	30.000000s/cts	O Det=3316	H Det=2863	Mon Det=68686	Aux Det=3799	O+H=9978	 DONE
01/10/2025 05:17:07:	move motor	S18.axis2.phaseshifter 1 to 2.586218deg	 DONE
01/10/2025 05:17:08:	24	count	time	30.000000s/cts	O Det=2935	H Det=2518	Mon Det=68323	Aux Det=4435	O+H=9888	 DONE
01/10/2025 05:17:40:	move motor	S18.axis2.phaseshifter 1 to 2.655184deg	 DONE
01/10/2025 05:17:42:	25	count	time	30.000000s/cts	O Det=2440	H Det=2168	Mon Det=68239	Aux Det=5132	O+H=9740	 DONE
01/10/2025 05:18:14:	move motor	S18.axis2.phaseshifter 1 to 2.724150deg	 DONE
01/10/2025 05:18:15:	26	count	time	30.000000s/cts	O Det=2352	H Det=1978	Mon Det=68475	Aux Det=5672	O+H=10002	 DONE
01/10/2025 05:18:47:	move motor	S18.axis2.phaseshifter 1 to 2.793116deg	 DONE
01/10/2025 05:18:48:	27	count	time	30.000000s/cts	O Det=1819	H Det=1523	Mon Det=68374	Aux Det=6822	O+H=10164	 DONE
01/10/2025 05:19:20:	move motor	S18.axis2.phaseshifter 1 to 2.862082deg	 DONE
01/10/2025 05:19:22:	28	count	time	30.000000s/cts	O Det=1055	H Det=925	Mon Det=68153	Aux Det=7845	O+H=9825	 DONE
01/10/2025 05:19:53:	move motor	S18.axis2.phaseshifter 1 to 2.931048deg	 DONE
01/10/2025 05:19:55:	29	count	time	30.000000s/cts	O Det=801	H Det=729	Mon Det=68759	Aux Det=8426	O+H=9956	 DONE
01/10/2025 05:20:27:	move motor	S18.axis2.phaseshifter 1 to 3.000014deg	 DONE
01/10/2025 05:20:28:	30	count	time	30.000000s/cts	O Det=756	H Det=662	Mon Det=68428	Aux Det=8609	O+H=10027	 DONE
01/10/2025 05:21:00:	close file and end scan	 DONE
call of ifg1_newPS_2p30s_B3.sc DONE
01/10/2025 05:21:01:	move motor	S18.axis2.Aperture Y to 21.50000mm	reached 21.50000  DONE
01/10/2025 05:21:05:	move motor	S18.axis2.phaseshifter 1 to 0.900000deg	 DONE
01/10/2025 05:21:08:	create file	D:\data\Cycle 198\exp_3-16-19\rawdata\sc\Aperture_scan_ifg1_newPS_B3_2p30s_01Oct0521.dat	 DONE
room to enter remarks DONE
01/10/2025 05:21:09:	move motor	S18.axis2.phaseshifter 1 to 1.000000deg	 DONE
01/10/2025 05:21:10:	1	count	time	30.000000s/cts	O Det=851	H Det=821	Mon Det=68451	Aux Det=8209	O+H=9881	 DONE
01/10/2025 05:21:42:	move motor	S18.axis2.phaseshifter 1 to 1.068966deg	 DONE
01/10/2025 05:21:44:	2	count	time	30.000000s/cts	O Det=1098	H Det=1009	Mon Det=68345	Aux Det=7926	O+H=10033	 DONE
01/10/2025 05:22:15:	move motor	S18.axis2.phaseshifter 1 to 1.137932deg	 DONE
01/10/2025 05:22:17:	3	count	time	30.000000s/cts	O Det=1770	H Det=1508	Mon Det=68844	Aux Det=6673	O+H=9951	 DONE
01/10/2025 05:22:49:	move motor	S18.axis2.phaseshifter 1 to 1.206898deg	 DONE
01/10/2025 05:22:50:	4	count	time	30.000000s/cts	O Det=2276	H Det=1878	Mon Det=68610	Aux Det=5944	O+H=10098	 DONE
01/10/2025 05:23:22:	move motor	S18.axis2.phaseshifter 1 to 1.275864deg	 DONE
01/10/2025 05:23:23:	5	count	time	30.000000s/cts	O Det=2991	H Det=2480	Mon Det=68313	Aux Det=4389	O+H=9860	 DONE
01/10/2025 05:23:55:	move motor	S18.axis2.phaseshifter 1 to 1.344830deg	 DONE
01/10/2025 05:23:57:	6	count	time	30.000000s/cts	O Det=3232	H Det=2729	Mon Det=68164	Aux Det=3968	O+H=9929	 DONE
01/10/2025 05:24:29:	move motor	S18.axis2.phaseshifter 1 to 1.413796deg	 DONE
01/10/2025 05:24:30:	7	count	time	30.000000s/cts	O Det=3405	H Det=2864	Mon Det=68516	Aux Det=3529	O+H=9798	 DONE
01/10/2025 05:25:02:	move motor	S18.axis2.phaseshifter 1 to 1.482762deg	 DONE
01/10/2025 05:25:04:	8	count	time	30.000000s/cts	O Det=3284	H Det=2850	Mon Det=68335	Aux Det=3780	O+H=9914	 DONE
01/10/2025 05:25:35:	move motor	S18.axis2.phaseshifter 1 to 1.551728deg	 DONE
01/10/2025 05:25:37:	9	count	time	30.000000s/cts	O Det=3037	H Det=2573	Mon Det=68865	Aux Det=4251	O+H=9861	 DONE
01/10/2025 05:26:09:	move motor	S18.axis2.phaseshifter 1 to 1.620694deg	 DONE
01/10/2025 05:26:10:	10	count	time	30.000000s/cts	O Det=2675	H Det=2334	Mon Det=67761	Aux Det=5017	O+H=10026	 DONE
01/10/2025 05:26:42:	move motor	S18.axis2.phaseshifter 1 to 1.689660deg	 DONE
01/10/2025 05:26:43:	11	count	time	30.000000s/cts	O Det=2188	H Det=1901	Mon Det=68004	Aux Det=5901	O+H=9990	 DONE
01/10/2025 05:27:15:	move motor	S18.axis2.phaseshifter 1 to 1.758626deg	 DONE
01/10/2025 05:27:17:	12	count	time	30.000000s/cts	O Det=1606	H Det=1419	Mon Det=68461	Aux Det=7105	O+H=10130	 DONE
01/10/2025 05:27:49:	move motor	S18.axis2.phaseshifter 1 to 1.827592deg	 DONE
01/10/2025 05:27:50:	13	count	time	30.000000s/cts	O Det=1431	H Det=1249	Mon Det=67991	Aux Det=7259	O+H=9939	 DONE
01/10/2025 05:28:22:	move motor	S18.axis2.phaseshifter 1 to 1.896558deg	 DONE
01/10/2025 05:28:23:	14	count	time	30.000000s/cts	O Det=838	H Det=786	Mon Det=68357	Aux Det=8424	O+H=10048	 DONE
01/10/2025 05:28:55:	move motor	S18.axis2.phaseshifter 1 to 1.965524deg	 DONE
01/10/2025 05:28:57:	15	count	time	30.000000s/cts	O Det=769	H Det=732	Mon Det=68614	Aux Det=8389	O+H=9890	 DONE
01/10/2025 05:29:28:	move motor	S18.axis2.phaseshifter 1 to 2.034490deg	 DONE
01/10/2025 05:29:30:	16	count	time	30.000000s/cts	O Det=931	H Det=878	Mon Det=69121	Aux Det=8299	O+H=10108	 DONE
01/10/2025 05:30:02:	move motor	S18.axis2.phaseshifter 1 to 2.103456deg	 DONE
01/10/2025 05:30:03:	17	count	time	30.000000s/cts	O Det=1348	H Det=1201	Mon Det=68590	Aux Det=7362	O+H=9911	 DONE
01/10/2025 05:30:35:	move motor	S18.axis2.phaseshifter 1 to 2.172422deg	 DONE
01/10/2025 05:30:37:	18	count	time	30.000000s/cts	O Det=2015	H Det=1738	Mon Det=68087	Aux Det=6111	O+H=9864	 DONE
01/10/2025 05:31:08:	move motor	S18.axis2.phaseshifter 1 to 2.241388deg	 DONE
01/10/2025 05:31:10:	19	count	time	30.000000s/cts	O Det=2281	H Det=1968	Mon Det=68067	Aux Det=5777	O+H=10026	 DONE
01/10/2025 05:31:42:	move motor	S18.axis2.phaseshifter 1 to 2.310354deg	 DONE
01/10/2025 05:31:43:	20	count	time	30.000000s/cts	O Det=2699	H Det=2326	Mon Det=68931	Aux Det=4798	O+H=9823	 DONE
01/10/2025 05:32:15:	move motor	S18.axis2.phaseshifter 1 to 2.379320deg	 DONE
01/10/2025 05:32:17:	21	count	time	30.000000s/cts	O Det=3319	H Det=2716	Mon Det=68027	Aux Det=3775	O+H=9810	 DONE
01/10/2025 05:32:48:	move motor	S18.axis2.phaseshifter 1 to 2.448286deg	 DONE
01/10/2025 05:32:50:	22	count	time	30.000000s/cts	O Det=3284	H Det=2870	Mon Det=68290	Aux Det=3607	O+H=9761	 DONE
01/10/2025 05:33:22:	move motor	S18.axis2.phaseshifter 1 to 2.517252deg	 DONE
01/10/2025 05:33:23:	23	count	time	30.000000s/cts	O Det=3348	H Det=2786	Mon Det=68460	Aux Det=3566	O+H=9700	 DONE
01/10/2025 05:33:55:	move motor	S18.axis2.phaseshifter 1 to 2.586218deg	 DONE
01/10/2025 05:33:57:	24	count	time	30.000000s/cts	O Det=3108	H Det=2583	Mon Det=68391	Aux Det=4079	O+H=9770	 DONE
01/10/2025 05:34:28:	move motor	S18.axis2.phaseshifter 1 to 2.655184deg	 DONE
01/10/2025 05:34:30:	25	count	time	30.000000s/cts	O Det=2692	H Det=2331	Mon Det=68290	Aux Det=4893	O+H=9916	 DONE
01/10/2025 05:35:02:	move motor	S18.axis2.phaseshifter 1 to 2.724150deg	 DONE
01/10/2025 05:35:03:	26	count	time	30.000000s/cts	O Det=2102	H Det=1814	Mon Det=68142	Aux Det=5717	O+H=9633	 DONE
01/10/2025 05:35:35:	move motor	S18.axis2.phaseshifter 1 to 2.793116deg	 DONE
01/10/2025 05:35:37:	27	count	time	30.000000s/cts	O Det=1442	H Det=1307	Mon Det=68341	Aux Det=7222	O+H=9971	 DONE
01/10/2025 05:36:08:	move motor	S18.axis2.phaseshifter 1 to 2.862082deg	 DONE
01/10/2025 05:36:10:	28	count	time	30.000000s/cts	O Det=1170	H Det=1026	Mon Det=68609	Aux Det=7693	O+H=9889	 DONE
01/10/2025 05:36:42:	move motor	S18.axis2.phaseshifter 1 to 2.931048deg	 DONE
01/10/2025 05:36:43:	29	count	time	30.000000s/cts	O Det=793	H Det=778	Mon Det=68327	Aux Det=8521	O+H=10092	 DONE
01/10/2025 05:37:15:	move motor	S18.axis2.phaseshifter 1 to 3.000014deg	 DONE
01/10/2025 05:37:17:	30	count	time	30.000000s/cts	O Det=780	H Det=741	Mon Det=68262	Aux Det=8487	O+H=10008	 DONE
01/10/2025 05:37:48:	close file and end scan	 DONE
call of ifg1_newPS_2p30s_B2.sc DONE
01/10/2025 05:37:49:	END OF SCRIPT	 DONE
