04/10/2025 05:47:54:	start execution of script D:\data\Cycle 198\exp_3-16-19\rawdata\sc\Aperture_scan_ifg1_newPS_B3_2p30s.sc	 DONE
04/10/2025 05:47:54:	move motor	S18.axis2.Aperture Z to 6.00000mm	reached 6.00000  DONE
04/10/2025 05:47:58:	move motor	S18.axis2.Aperture Y to 16.50000mm	reached 16.50000  DONE
04/10/2025 05:48:03:	move motor	S18.axis2.phaseshifter 1 to -1.100000deg	 DONE
04/10/2025 05:48:04:	create file	D:\data\Cycle 198\exp_3-16-19\rawdata\sc\Aperture_scan_ifg1_newPS_B3_2p30s_04Oct0548.dat	 DONE
room to enter remarks DONE
04/10/2025 05:48:05:	move motor	S18.axis2.phaseshifter 1 to -1.000000deg	 DONE
04/10/2025 05:48:07:	1	count	time	30.000000s/cts	O Det=2210	H Det=2010	Mon Det=69542	Aux Det=3113	O+H=7333	 DONE
04/10/2025 05:48:39:	move motor	S18.axis2.phaseshifter 1 to -0.931034deg	 DONE
04/10/2025 05:48:40:	2	count	time	30.000000s/cts	O Det=2255	H Det=2036	Mon Det=69304	Aux Det=2915	O+H=7206	 DONE
04/10/2025 05:49:12:	move motor	S18.axis2.phaseshifter 1 to -0.862068deg	 DONE
04/10/2025 05:49:13:	3	count	time	30.000000s/cts	O Det=2157	H Det=1942	Mon Det=69447	Aux Det=3009	O+H=7108	 DONE
04/10/2025 05:49:45:	move motor	S18.axis2.phaseshifter 1 to -0.793102deg	 DONE
04/10/2025 05:49:47:	4	count	time	30.000000s/cts	O Det=1903	H Det=1754	Mon Det=69070	Aux Det=3735	O+H=7392	 DONE
04/10/2025 05:50:18:	move motor	S18.axis2.phaseshifter 1 to -0.724136deg	 DONE
04/10/2025 05:50:20:	5	count	time	30.000000s/cts	O Det=1756	H Det=1545	Mon Det=69177	Aux Det=4374	O+H=7675	 DONE
04/10/2025 05:50:51:	move motor	S18.axis2.phaseshifter 1 to -0.655170deg	 DONE
04/10/2025 05:50:53:	6	count	time	30.000000s/cts	O Det=1249	H Det=1101	Mon Det=69018	Aux Det=5649	O+H=7999	 DONE
04/10/2025 05:51:25:	move motor	S18.axis2.phaseshifter 1 to -0.586204deg	 DONE
04/10/2025 05:51:26:	7	count	time	30.000000s/cts	O Det=860	H Det=809	Mon Det=69674	Aux Det=6883	O+H=8552	 DONE
04/10/2025 05:51:58:	move motor	S18.axis2.phaseshifter 1 to -0.517238deg	 DONE
04/10/2025 05:51:59:	8	count	time	30.000000s/cts	O Det=578	H Det=581	Mon Det=69701	Aux Det=7506	O+H=8665	 DONE
04/10/2025 05:52:31:	move motor	S18.axis2.phaseshifter 1 to -0.448272deg	 DONE
04/10/2025 05:52:33:	9	count	time	30.000000s/cts	O Det=460	H Det=523	Mon Det=69939	Aux Det=7803	O+H=8786	 DONE
04/10/2025 05:53:04:	move motor	S18.axis2.phaseshifter 1 to -0.379306deg	 DONE
04/10/2025 05:53:06:	10	count	time	30.000000s/cts	O Det=503	H Det=504	Mon Det=69391	Aux Det=7746	O+H=8753	 DONE
04/10/2025 05:53:37:	move motor	S18.axis2.phaseshifter 1 to -0.310340deg	 DONE
04/10/2025 05:53:39:	11	count	time	30.000000s/cts	O Det=622	H Det=589	Mon Det=69704	Aux Det=7378	O+H=8589	 DONE
04/10/2025 05:54:11:	move motor	S18.axis2.phaseshifter 1 to -0.241374deg	 DONE
04/10/2025 05:54:12:	12	count	time	30.000000s/cts	O Det=840	H Det=847	Mon Det=69631	Aux Det=6732	O+H=8419	 DONE
04/10/2025 05:54:44:	move motor	S18.axis2.phaseshifter 1 to -0.172408deg	 DONE
04/10/2025 05:54:45:	13	count	time	30.000000s/cts	O Det=1296	H Det=1214	Mon Det=69432	Aux Det=5579	O+H=8089	 DONE
04/10/2025 05:55:17:	move motor	S18.axis2.phaseshifter 1 to -0.103442deg	 DONE
04/10/2025 05:55:19:	14	count	time	30.000000s/cts	O Det=1688	H Det=1552	Mon Det=69259	Aux Det=4332	O+H=7572	 DONE
04/10/2025 05:55:50:	move motor	S18.axis2.phaseshifter 1 to -0.034476deg	 DONE
04/10/2025 05:55:52:	15	count	time	30.000000s/cts	O Det=2082	H Det=1827	Mon Det=69440	Aux Det=3701	O+H=7610	 DONE
04/10/2025 05:56:23:	move motor	S18.axis2.phaseshifter 1 to 0.034490deg	 DONE
04/10/2025 05:56:25:	16	count	time	30.000000s/cts	O Det=2136	H Det=2003	Mon Det=68982	Aux Det=3108	O+H=7247	 DONE
04/10/2025 05:56:57:	move motor	S18.axis2.phaseshifter 1 to 0.103456deg	 DONE
04/10/2025 05:56:58:	17	count	time	30.000000s/cts	O Det=2219	H Det=2067	Mon Det=69254	Aux Det=2873	O+H=7159	 DONE
04/10/2025 05:57:30:	move motor	S18.axis2.phaseshifter 1 to 0.172422deg	 DONE
04/10/2025 05:57:31:	18	count	time	30.000000s/cts	O Det=2227	H Det=1992	Mon Det=69113	Aux Det=3091	O+H=7310	 DONE
04/10/2025 05:58:03:	move motor	S18.axis2.phaseshifter 1 to 0.241388deg	 DONE
04/10/2025 05:58:05:	19	count	time	30.000000s/cts	O Det=1958	H Det=1902	Mon Det=69205	Aux Det=3868	O+H=7728	 DONE
04/10/2025 05:58:36:	move motor	S18.axis2.phaseshifter 1 to 0.310354deg	 DONE
04/10/2025 05:58:38:	20	count	time	30.000000s/cts	O Det=1650	H Det=1528	Mon Det=68933	Aux Det=4580	O+H=7758	 DONE
04/10/2025 05:59:09:	move motor	S18.axis2.phaseshifter 1 to 0.379320deg	 DONE
04/10/2025 05:59:11:	21	count	time	30.000000s/cts	O Det=1203	H Det=1134	Mon Det=69096	Aux Det=5711	O+H=8048	 DONE
04/10/2025 05:59:43:	move motor	S18.axis2.phaseshifter 1 to 0.448286deg	 DONE
04/10/2025 05:59:44:	22	count	time	30.000000s/cts	O Det=948	H Det=882	Mon Det=68903	Aux Det=6552	O+H=8382	 DONE
04/10/2025 06:00:16:	move motor	S18.axis2.phaseshifter 1 to 0.517252deg	 DONE
04/10/2025 06:00:17:	23	count	time	30.000000s/cts	O Det=597	H Det=629	Mon Det=69023	Aux Det=7319	O+H=8545	 DONE
04/10/2025 06:00:49:	move motor	S18.axis2.phaseshifter 1 to 0.586218deg	 DONE
04/10/2025 06:00:51:	24	count	time	30.000000s/cts	O Det=534	H Det=474	Mon Det=68976	Aux Det=7744	O+H=8752	 DONE
04/10/2025 06:01:22:	move motor	S18.axis2.phaseshifter 1 to 0.655184deg	 DONE
04/10/2025 06:01:24:	25	count	time	30.000000s/cts	O Det=429	H Det=439	Mon Det=69246	Aux Det=7777	O+H=8645	 DONE
04/10/2025 06:01:55:	move motor	S18.axis2.phaseshifter 1 to 0.724150deg	 DONE
04/10/2025 06:01:57:	26	count	time	30.000000s/cts	O Det=635	H Det=588	Mon Det=69105	Aux Det=7383	O+H=8606	 DONE
04/10/2025 06:02:29:	move motor	S18.axis2.phaseshifter 1 to 0.793116deg	 DONE
04/10/2025 06:02:30:	27	count	time	30.000000s/cts	O Det=846	H Det=846	Mon Det=69155	Aux Det=6750	O+H=8442	 DONE
04/10/2025 06:03:02:	move motor	S18.axis2.phaseshifter 1 to 0.862082deg	 DONE
04/10/2025 06:03:03:	28	count	time	30.000000s/cts	O Det=1231	H Det=1153	Mon Det=69222	Aux Det=5585	O+H=7969	 DONE
04/10/2025 06:03:35:	move motor	S18.axis2.phaseshifter 1 to 0.931048deg	 DONE
04/10/2025 06:03:37:	29	count	time	30.000000s/cts	O Det=1610	H Det=1491	Mon Det=69025	Aux Det=4622	O+H=7723	 DONE
04/10/2025 06:04:08:	move motor	S18.axis2.phaseshifter 1 to 1.000014deg	 DONE
04/10/2025 06:04:10:	30	count	time	30.000000s/cts	O Det=1935	H Det=1860	Mon Det=68959	Aux Det=3672	O+H=7467	 DONE
04/10/2025 06:04:42:	close file and end scan	 DONE
call of ifg1_newPS_2p30s_B3.sc DONE
04/10/2025 06:04:43:	move motor	S18.axis2.Aperture Y to 19.00000mm	reached 19.00000  DONE
04/10/2025 06:04:47:	move motor	S18.axis2.phaseshifter 1 to -1.100000deg	 DONE
04/10/2025 06:04:49:	create file	D:\data\Cycle 198\exp_3-16-19\rawdata\sc\Aperture_scan_ifg1_newPS_B3_2p30s_04Oct0604.dat	 DONE
room to enter remarks DONE
04/10/2025 06:04:50:	move motor	S18.axis2.phaseshifter 1 to -1.000000deg	 DONE
04/10/2025 06:04:52:	1	count	time	30.000000s/cts	O Det=2316	H Det=2215	Mon Det=69048	Aux Det=2951	O+H=7482	 DONE
04/10/2025 06:05:23:	move motor	S18.axis2.phaseshifter 1 to -0.931034deg	 DONE
04/10/2025 06:05:25:	2	count	time	30.000000s/cts	O Det=2501	H Det=2263	Mon Det=69269	Aux Det=2620	O+H=7384	 DONE
04/10/2025 06:05:57:	move motor	S18.axis2.phaseshifter 1 to -0.862068deg	 DONE
04/10/2025 06:05:58:	3	count	time	30.000000s/cts	O Det=2355	H Det=2279	Mon Det=69362	Aux Det=2641	O+H=7275	 DONE
04/10/2025 06:06:30:	move motor	S18.axis2.phaseshifter 1 to -0.793102deg	 DONE
04/10/2025 06:06:31:	4	count	time	30.000000s/cts	O Det=2234	H Det=2144	Mon Det=69259	Aux Det=3101	O+H=7479	 DONE
04/10/2025 06:07:03:	move motor	S18.axis2.phaseshifter 1 to -0.724136deg	 DONE
04/10/2025 06:07:05:	5	count	time	30.000000s/cts	O Det=2040	H Det=1841	Mon Det=69808	Aux Det=3602	O+H=7483	 DONE
04/10/2025 06:07:36:	move motor	S18.axis2.phaseshifter 1 to -0.655170deg	 DONE
04/10/2025 06:07:38:	6	count	time	30.000000s/cts	O Det=1521	H Det=1509	Mon Det=68709	Aux Det=4483	O+H=7513	 DONE
04/10/2025 06:08:09:	move motor	S18.axis2.phaseshifter 1 to -0.586204deg	 DONE
04/10/2025 06:08:11:	7	count	time	30.000000s/cts	O Det=1130	H Det=1066	Mon Det=69276	Aux Det=5539	O+H=7735	 DONE
04/10/2025 06:08:43:	move motor	S18.axis2.phaseshifter 1 to -0.517238deg	 DONE
04/10/2025 06:08:44:	8	count	time	30.000000s/cts	O Det=758	H Det=753	Mon Det=69740	Aux Det=6128	O+H=7639	 DONE
04/10/2025 06:09:16:	move motor	S18.axis2.phaseshifter 1 to -0.448272deg	 DONE
04/10/2025 06:09:17:	9	count	time	30.000000s/cts	O Det=517	H Det=634	Mon Det=69350	Aux Det=6553	O+H=7704	 DONE
04/10/2025 06:09:49:	move motor	S18.axis2.phaseshifter 1 to -0.379306deg	 DONE
04/10/2025 06:09:51:	10	count	time	30.000000s/cts	O Det=488	H Det=546	Mon Det=69101	Aux Det=6482	O+H=7516	 DONE
04/10/2025 06:10:22:	move motor	S18.axis2.phaseshifter 1 to -0.310340deg	 DONE
04/10/2025 06:10:24:	11	count	time	30.000000s/cts	O Det=595	H Det=712	Mon Det=69966	Aux Det=6385	O+H=7692	 DONE
04/10/2025 06:10:55:	move motor	S18.axis2.phaseshifter 1 to -0.241374deg	 DONE
04/10/2025 06:10:57:	12	count	time	30.000000s/cts	O Det=872	H Det=883	Mon Det=69373	Aux Det=5766	O+H=7521	 DONE
04/10/2025 06:11:29:	move motor	S18.axis2.phaseshifter 1 to -0.172408deg	 DONE
04/10/2025 06:11:30:	13	count	time	30.000000s/cts	O Det=1192	H Det=1232	Mon Det=69428	Aux Det=5227	O+H=7651	 DONE
04/10/2025 06:12:02:	move motor	S18.axis2.phaseshifter 1 to -0.103442deg	 DONE
04/10/2025 06:12:03:	14	count	time	30.000000s/cts	O Det=1664	H Det=1627	Mon Det=69348	Aux Det=4075	O+H=7366	 DONE
04/10/2025 06:12:35:	move motor	S18.axis2.phaseshifter 1 to -0.034476deg	 DONE
04/10/2025 06:12:37:	15	count	time	30.000000s/cts	O Det=2089	H Det=1945	Mon Det=69728	Aux Det=3361	O+H=7395	 DONE
04/10/2025 06:13:08:	move motor	S18.axis2.phaseshifter 1 to 0.034490deg	 DONE
04/10/2025 06:13:10:	16	count	time	30.000000s/cts	O Det=2299	H Det=2150	Mon Det=69198	Aux Det=2862	O+H=7311	 DONE
04/10/2025 06:13:41:	move motor	S18.axis2.phaseshifter 1 to 0.103456deg	 DONE
04/10/2025 06:13:43:	17	count	time	30.000000s/cts	O Det=2531	H Det=2318	Mon Det=69207	Aux Det=2548	O+H=7397	 DONE
04/10/2025 06:14:15:	move motor	S18.axis2.phaseshifter 1 to 0.172422deg	 DONE
04/10/2025 06:14:16:	18	count	time	30.000000s/cts	O Det=2325	H Det=2274	Mon Det=69725	Aux Det=2688	O+H=7287	 DONE
04/10/2025 06:14:48:	move motor	S18.axis2.phaseshifter 1 to 0.241388deg	 DONE
04/10/2025 06:14:49:	19	count	time	30.000000s/cts	O Det=2233	H Det=2151	Mon Det=69125	Aux Det=2985	O+H=7369	 DONE
04/10/2025 06:15:21:	move motor	S18.axis2.phaseshifter 1 to 0.310354deg	 DONE
04/10/2025 06:15:23:	20	count	time	30.000000s/cts	O Det=1907	H Det=1783	Mon Det=69196	Aux Det=3825	O+H=7515	 DONE
04/10/2025 06:15:54:	move motor	S18.axis2.phaseshifter 1 to 0.379320deg	 DONE
04/10/2025 06:15:56:	21	count	time	30.000000s/cts	O Det=1435	H Det=1451	Mon Det=69033	Aux Det=4737	O+H=7623	 DONE
04/10/2025 06:16:27:	move motor	S18.axis2.phaseshifter 1 to 0.448286deg	 DONE
04/10/2025 06:16:29:	22	count	time	30.000000s/cts	O Det=1135	H Det=1103	Mon Det=69274	Aux Det=5507	O+H=7745	 DONE
04/10/2025 06:17:01:	move motor	S18.axis2.phaseshifter 1 to 0.517252deg	 DONE
04/10/2025 06:17:02:	23	count	time	30.000000s/cts	O Det=777	H Det=754	Mon Det=69321	Aux Det=6096	O+H=7627	 DONE
04/10/2025 06:17:34:	move motor	S18.axis2.phaseshifter 1 to 0.586218deg	 DONE
04/10/2025 06:17:36:	24	count	time	30.000000s/cts	O Det=574	H Det=699	Mon Det=69668	Aux Det=6662	O+H=7935	 DONE
04/10/2025 06:18:07:	move motor	S18.axis2.phaseshifter 1 to 0.655184deg	 DONE
04/10/2025 06:18:09:	25	count	time	30.000000s/cts	O Det=505	H Det=597	Mon Det=69626	Aux Det=6500	O+H=7602	 DONE
04/10/2025 06:18:40:	move motor	S18.axis2.phaseshifter 1 to 0.724150deg	 DONE
04/10/2025 06:18:42:	26	count	time	30.000000s/cts	O Det=642	H Det=675	Mon Det=69582	Aux Det=6335	O+H=7652	 DONE
04/10/2025 06:19:14:	move motor	S18.axis2.phaseshifter 1 to 0.793116deg	 DONE
04/10/2025 06:19:15:	27	count	time	30.000000s/cts	O Det=912	H Det=987	Mon Det=69398	Aux Det=5860	O+H=7759	 DONE
04/10/2025 06:19:47:	move motor	S18.axis2.phaseshifter 1 to 0.862082deg	 DONE
04/10/2025 06:19:48:	28	count	time	30.000000s/cts	O Det=1285	H Det=1227	Mon Det=69531	Aux Det=4954	O+H=7466	 DONE
04/10/2025 06:20:20:	move motor	S18.axis2.phaseshifter 1 to 0.931048deg	 DONE
04/10/2025 06:20:22:	29	count	time	30.000000s/cts	O Det=1845	H Det=1642	Mon Det=69696	Aux Det=4079	O+H=7566	 DONE
04/10/2025 06:20:53:	move motor	S18.axis2.phaseshifter 1 to 1.000014deg	 DONE
04/10/2025 06:20:55:	30	count	time	30.000000s/cts	O Det=2047	H Det=1887	Mon Det=69299	Aux Det=3404	O+H=7338	 DONE
04/10/2025 06:21:26:	close file and end scan	 DONE
call of ifg1_newPS_2p30s_B3.sc DONE
04/10/2025 06:21:27:	move motor	S18.axis2.Aperture Y to 21.50000mm	reached 21.50000  DONE
04/10/2025 06:21:32:	move motor	S18.axis2.phaseshifter 1 to -1.100000deg	 DONE
04/10/2025 06:21:34:	create file	D:\data\Cycle 198\exp_3-16-19\rawdata\sc\Aperture_scan_ifg1_newPS_B3_2p30s_04Oct0621.dat	 DONE
room to enter remarks DONE
04/10/2025 06:21:35:	move motor	S18.axis2.phaseshifter 1 to -1.000000deg	 DONE
04/10/2025 06:21:37:	1	count	time	30.000000s/cts	O Det=1912	H Det=1948	Mon Det=68952	Aux Det=2252	O+H=6112	 DONE
04/10/2025 06:22:08:	move motor	S18.axis2.phaseshifter 1 to -0.931034deg	 DONE
04/10/2025 06:22:10:	2	count	time	30.000000s/cts	O Det=2103	H Det=2040	Mon Det=69291	Aux Det=1964	O+H=6107	 DONE
04/10/2025 06:22:42:	move motor	S18.axis2.phaseshifter 1 to -0.862068deg	 DONE
04/10/2025 06:22:43:	3	count	time	30.000000s/cts	O Det=2169	H Det=2074	Mon Det=69232	Aux Det=2014	O+H=6257	 DONE
04/10/2025 06:23:15:	move motor	S18.axis2.phaseshifter 1 to -0.793102deg	 DONE
04/10/2025 06:23:16:	4	count	time	30.000000s/cts	O Det=2010	H Det=1937	Mon Det=68892	Aux Det=2229	O+H=6176	 DONE
04/10/2025 06:23:48:	move motor	S18.axis2.phaseshifter 1 to -0.724136deg	 DONE
04/10/2025 06:23:50:	5	count	time	30.000000s/cts	O Det=1720	H Det=1692	Mon Det=69646	Aux Det=2553	O+H=5965	 DONE
04/10/2025 06:24:21:	move motor	S18.axis2.phaseshifter 1 to -0.655170deg	 DONE
04/10/2025 06:24:23:	6	count	time	30.000000s/cts	O Det=1493	H Det=1457	Mon Det=69490	Aux Det=3055	O+H=6005	 DONE
04/10/2025 06:24:54:	move motor	S18.axis2.phaseshifter 1 to -0.586204deg	 DONE
04/10/2025 06:24:56:	7	count	time	30.000000s/cts	O Det=1116	H Det=1129	Mon Det=68993	Aux Det=3575	O+H=5820	 DONE
04/10/2025 06:25:28:	move motor	S18.axis2.phaseshifter 1 to -0.517238deg	 DONE
04/10/2025 06:25:29:	8	count	time	30.000000s/cts	O Det=851	H Det=896	Mon Det=69116	Aux Det=3897	O+H=5644	 DONE
04/10/2025 06:26:01:	move motor	S18.axis2.phaseshifter 1 to -0.448272deg	 DONE
04/10/2025 06:26:02:	9	count	time	30.000000s/cts	O Det=603	H Det=742	Mon Det=68908	Aux Det=4188	O+H=5533	 DONE
04/10/2025 06:26:34:	move motor	S18.axis2.phaseshifter 1 to -0.379306deg	 DONE
04/10/2025 06:26:36:	10	count	time	30.000000s/cts	O Det=513	H Det=603	Mon Det=69137	Aux Det=4381	O+H=5497	 DONE
04/10/2025 06:27:07:	move motor	S18.axis2.phaseshifter 1 to -0.310340deg	 DONE
04/10/2025 06:27:09:	11	count	time	30.000000s/cts	O Det=646	H Det=705	Mon Det=69380	Aux Det=4197	O+H=5548	 DONE
04/10/2025 06:27:40:	move motor	S18.axis2.phaseshifter 1 to -0.241374deg	 DONE
04/10/2025 06:27:42:	12	count	time	30.000000s/cts	O Det=792	H Det=885	Mon Det=69132	Aux Det=4053	O+H=5730	 DONE
04/10/2025 06:28:14:	move motor	S18.axis2.phaseshifter 1 to -0.172408deg	 DONE
04/10/2025 06:28:15:	13	count	time	30.000000s/cts	O Det=1081	H Det=1148	Mon Det=69174	Aux Det=3555	O+H=5784	 DONE
04/10/2025 06:28:47:	move motor	S18.axis2.phaseshifter 1 to -0.103442deg	 DONE
04/10/2025 06:28:48:	14	count	time	30.000000s/cts	O Det=1444	H Det=1489	Mon Det=69734	Aux Det=2976	O+H=5909	 DONE
04/10/2025 06:29:20:	move motor	S18.axis2.phaseshifter 1 to -0.034476deg	 DONE
04/10/2025 06:29:22:	15	count	time	30.000000s/cts	O Det=1734	H Det=1744	Mon Det=69708	Aux Det=2567	O+H=6045	 DONE
04/10/2025 06:29:53:	move motor	S18.axis2.phaseshifter 1 to 0.034490deg	 DONE
04/10/2025 06:29:55:	16	count	time	30.000000s/cts	O Det=1983	H Det=1811	Mon Det=69314	Aux Det=2194	O+H=5988	 DONE
04/10/2025 06:30:26:	move motor	S18.axis2.phaseshifter 1 to 0.103456deg	 DONE
04/10/2025 06:30:28:	17	count	time	30.000000s/cts	O Det=2087	H Det=2045	Mon Det=69476	Aux Det=2026	O+H=6158	 DONE
04/10/2025 06:31:00:	move motor	S18.axis2.phaseshifter 1 to 0.172422deg	 DONE
04/10/2025 06:31:01:	18	count	time	30.000000s/cts	O Det=2083	H Det=2096	Mon Det=68956	Aux Det=2029	O+H=6208	 DONE
04/10/2025 06:31:33:	move motor	S18.axis2.phaseshifter 1 to 0.241388deg	 DONE
04/10/2025 06:31:34:	19	count	time	30.000000s/cts	O Det=1944	H Det=1931	Mon Det=69468	Aux Det=2225	O+H=6100	 DONE
04/10/2025 06:32:06:	move motor	S18.axis2.phaseshifter 1 to 0.310354deg	 DONE
04/10/2025 06:32:08:	20	count	time	30.000000s/cts	O Det=1782	H Det=1730	Mon Det=69120	Aux Det=2649	O+H=6161	 DONE
04/10/2025 06:32:39:	move motor	S18.axis2.phaseshifter 1 to 0.379320deg	 DONE
04/10/2025 06:32:41:	21	count	time	30.000000s/cts	O Det=1502	H Det=1399	Mon Det=68860	Aux Det=3154	O+H=6055	 DONE
04/10/2025 06:33:12:	move motor	S18.axis2.phaseshifter 1 to 0.448286deg	 DONE
04/10/2025 06:33:14:	22	count	time	30.000000s/cts	O Det=1116	H Det=1138	Mon Det=69019	Aux Det=3544	O+H=5798	 DONE
04/10/2025 06:33:46:	move motor	S18.axis2.phaseshifter 1 to 0.517252deg	 DONE
04/10/2025 06:33:47:	23	count	time	30.000000s/cts	O Det=848	H Det=904	Mon Det=69288	Aux Det=3983	O+H=5735	 DONE
04/10/2025 06:34:19:	move motor	S18.axis2.phaseshifter 1 to 0.586218deg	 DONE
04/10/2025 06:34:20:	24	count	time	30.000000s/cts	O Det=650	H Det=706	Mon Det=69194	Aux Det=4218	O+H=5574	 DONE
04/10/2025 06:34:52:	move motor	S18.axis2.phaseshifter 1 to 0.655184deg	 DONE
04/10/2025 06:34:54:	25	count	time	30.000000s/cts	O Det=545	H Det=639	Mon Det=69205	Aux Det=4404	O+H=5588	 DONE
04/10/2025 06:35:25:	move motor	S18.axis2.phaseshifter 1 to 0.724150deg	 DONE
04/10/2025 06:35:27:	26	count	time	30.000000s/cts	O Det=608	H Det=672	Mon Det=69460	Aux Det=4142	O+H=5422	 DONE
04/10/2025 06:35:58:	move motor	S18.axis2.phaseshifter 1 to 0.793116deg	 DONE
04/10/2025 06:36:00:	27	count	time	30.000000s/cts	O Det=809	H Det=905	Mon Det=69069	Aux Det=3934	O+H=5648	 DONE
04/10/2025 06:36:32:	move motor	S18.axis2.phaseshifter 1 to 0.862082deg	 DONE
04/10/2025 06:36:33:	28	count	time	30.000000s/cts	O Det=1102	H Det=1138	Mon Det=69447	Aux Det=3509	O+H=5749	 DONE
04/10/2025 06:37:05:	move motor	S18.axis2.phaseshifter 1 to 0.931048deg	 DONE
04/10/2025 06:37:06:	29	count	time	30.000000s/cts	O Det=1493	H Det=1444	Mon Det=69194	Aux Det=3057	O+H=5994	 DONE
04/10/2025 06:37:38:	move motor	S18.axis2.phaseshifter 1 to 1.000014deg	 DONE
04/10/2025 06:37:40:	30	count	time	30.000000s/cts	O Det=1733	H Det=1718	Mon Det=69237	Aux Det=2514	O+H=5965	 DONE
04/10/2025 06:38:11:	close file and end scan	 DONE
call of ifg1_newPS_2p30s_B3.sc DONE
04/10/2025 06:38:12:	move motor	S18.axis2.Aperture Z to 8.50000mm	reached 8.50000  DONE
04/10/2025 06:38:16:	move motor	S18.axis2.Aperture Y to 16.50000mm	reached 16.50000  DONE
04/10/2025 06:38:21:	move motor	S18.axis2.phaseshifter 1 to -1.100000deg	 DONE
04/10/2025 06:38:23:	create file	D:\data\Cycle 198\exp_3-16-19\rawdata\sc\Aperture_scan_ifg1_newPS_B3_2p30s_04Oct0638.dat	 DONE
room to enter remarks DONE
04/10/2025 06:38:24:	move motor	S18.axis2.phaseshifter 1 to -1.000000deg	 DONE
04/10/2025 06:38:26:	1	count	time	30.000000s/cts	O Det=2452	H Det=2142	Mon Det=69461	Aux Det=3378	O+H=7972	 DONE
04/10/2025 06:38:58:	move motor	S18.axis2.phaseshifter 1 to -0.931034deg	 DONE
04/10/2025 06:38:59:	2	count	time	30.000000s/cts	O Det=2504	H Det=2122	Mon Det=69006	Aux Det=3308	O+H=7934	 DONE
04/10/2025 06:39:31:	move motor	S18.axis2.phaseshifter 1 to -0.862068deg	 DONE
04/10/2025 06:39:32:	3	count	time	30.000000s/cts	O Det=2440	H Det=2107	Mon Det=69308	Aux Det=3545	O+H=8092	 DONE
04/10/2025 06:40:04:	move motor	S18.axis2.phaseshifter 1 to -0.793102deg	 DONE
04/10/2025 06:40:05:	4	count	time	30.000000s/cts	O Det=2089	H Det=1885	Mon Det=68928	Aux Det=4435	O+H=8409	 DONE
04/10/2025 06:40:37:	move motor	S18.axis2.phaseshifter 1 to -0.724136deg	 DONE
04/10/2025 06:40:39:	5	count	time	30.000000s/cts	O Det=1693	H Det=1518	Mon Det=69447	Aux Det=5368	O+H=8579	 DONE
04/10/2025 06:41:10:	move motor	S18.axis2.phaseshifter 1 to -0.655170deg	 DONE
04/10/2025 06:41:12:	6	count	time	30.000000s/cts	O Det=1197	H Det=1091	Mon Det=69413	Aux Det=6737	O+H=9025	 DONE
04/10/2025 06:41:43:	move motor	S18.axis2.phaseshifter 1 to -0.586204deg	 DONE
04/10/2025 06:41:45:	7	count	time	30.000000s/cts	O Det=898	H Det=897	Mon Det=69050	Aux Det=7599	O+H=9394	 DONE
04/10/2025 06:42:17:	move motor	S18.axis2.phaseshifter 1 to -0.517238deg	 DONE
04/10/2025 06:42:18:	8	count	time	30.000000s/cts	O Det=650	H Det=618	Mon Det=69463	Aux Det=8343	O+H=9611	 DONE
04/10/2025 06:42:50:	move motor	S18.axis2.phaseshifter 1 to -0.448272deg	 DONE
04/10/2025 06:42:51:	9	count	time	30.000000s/cts	O Det=480	H Det=476	Mon Det=69179	Aux Det=8608	O+H=9564	 DONE
04/10/2025 06:43:23:	move motor	S18.axis2.phaseshifter 1 to -0.379306deg	 DONE
04/10/2025 06:43:25:	10	count	time	30.000000s/cts	O Det=507	H Det=454	Mon Det=69592	Aux Det=8665	O+H=9626	 DONE
04/10/2025 06:43:56:	move motor	S18.axis2.phaseshifter 1 to -0.310340deg	 DONE
04/10/2025 06:43:58:	11	count	time	30.000000s/cts	O Det=822	H Det=721	Mon Det=69662	Aux Det=7938	O+H=9481	 DONE
04/10/2025 06:44:29:	move motor	S18.axis2.phaseshifter 1 to -0.241374deg	 DONE
04/10/2025 06:44:31:	12	count	time	30.000000s/cts	O Det=1022	H Det=983	Mon Det=69745	Aux Det=7088	O+H=9093	 DONE
04/10/2025 06:45:03:	move motor	S18.axis2.phaseshifter 1 to -0.172408deg	 DONE
04/10/2025 06:45:04:	13	count	time	30.000000s/cts	O Det=1483	H Det=1262	Mon Det=69290	Aux Det=5933	O+H=8678	 DONE
04/10/2025 06:45:36:	move motor	S18.axis2.phaseshifter 1 to -0.103442deg	 DONE
04/10/2025 06:45:37:	14	count	time	30.000000s/cts	O Det=2045	H Det=1731	Mon Det=69356	Aux Det=4791	O+H=8567	 DONE
04/10/2025 06:46:09:	move motor	S18.axis2.phaseshifter 1 to -0.034476deg	 DONE
04/10/2025 06:46:11:	15	count	time	30.000000s/cts	O Det=2302	H Det=1907	Mon Det=69626	Aux Det=3804	O+H=8013	 DONE
04/10/2025 06:46:42:	move motor	S18.axis2.phaseshifter 1 to 0.034490deg	 DONE
04/10/2025 06:46:44:	16	count	time	30.000000s/cts	O Det=2469	H Det=2150	Mon Det=69562	Aux Det=3373	O+H=7992	 DONE
04/10/2025 06:47:15:	move motor	S18.axis2.phaseshifter 1 to 0.103456deg	 DONE
04/10/2025 06:47:17:	17	count	time	30.000000s/cts	O Det=2571	H Det=2216	Mon Det=69299	Aux Det=3180	O+H=7967	 DONE
04/10/2025 06:47:49:	move motor	S18.axis2.phaseshifter 1 to 0.172422deg	 DONE
04/10/2025 06:47:50:	18	count	time	30.000000s/cts	O Det=2384	H Det=2118	Mon Det=69038	Aux Det=3632	O+H=8134	 DONE
04/10/2025 06:48:22:	move motor	S18.axis2.phaseshifter 1 to 0.241388deg	 DONE
04/10/2025 06:48:23:	19	count	time	30.000000s/cts	O Det=2186	H Det=1942	Mon Det=69809	Aux Det=4213	O+H=8341	 DONE
04/10/2025 06:48:55:	move motor	S18.axis2.phaseshifter 1 to 0.310354deg	 DONE
04/10/2025 06:48:57:	20	count	time	30.000000s/cts	O Det=1788	H Det=1562	Mon Det=69382	Aux Det=5354	O+H=8704	 DONE
04/10/2025 06:49:28:	move motor	S18.axis2.phaseshifter 1 to 0.379320deg	 DONE
04/10/2025 06:49:30:	21	count	time	30.000000s/cts	O Det=1295	H Det=1182	Mon Det=69412	Aux Det=6419	O+H=8896	 DONE
04/10/2025 06:50:01:	move motor	S18.axis2.phaseshifter 1 to 0.448286deg	 DONE
04/10/2025 06:50:03:	22	count	time	30.000000s/cts	O Det=884	H Det=846	Mon Det=69029	Aux Det=7520	O+H=9250	 DONE
04/10/2025 06:50:35:	move motor	S18.axis2.phaseshifter 1 to 0.517252deg	 DONE
04/10/2025 06:50:36:	23	count	time	30.000000s/cts	O Det=695	H Det=580	Mon Det=70134	Aux Det=8210	O+H=9485	 DONE
04/10/2025 06:51:08:	move motor	S18.axis2.phaseshifter 1 to 0.586218deg	 DONE
04/10/2025 06:51:09:	24	count	time	30.000000s/cts	O Det=454	H Det=473	Mon Det=69484	Aux Det=8783	O+H=9710	 DONE
04/10/2025 06:51:41:	move motor	S18.axis2.phaseshifter 1 to 0.655184deg	 DONE
04/10/2025 06:51:43:	25	count	time	30.000000s/cts	O Det=522	H Det=510	Mon Det=69135	Aux Det=8599	O+H=9631	 DONE
04/10/2025 06:52:14:	move motor	S18.axis2.phaseshifter 1 to 0.724150deg	 DONE
04/10/2025 06:52:16:	26	count	time	30.000000s/cts	O Det=749	H Det=680	Mon Det=69666	Aux Det=8080	O+H=9509	 DONE
04/10/2025 06:52:47:	move motor	S18.axis2.phaseshifter 1 to 0.793116deg	 DONE
04/10/2025 06:52:49:	27	count	time	30.000000s/cts	O Det=1059	H Det=931	Mon Det=69567	Aux Det=7128	O+H=9118	 DONE
04/10/2025 06:53:21:	move motor	S18.axis2.phaseshifter 1 to 0.862082deg	 DONE
04/10/2025 06:53:22:	28	count	time	30.000000s/cts	O Det=1507	H Det=1353	Mon Det=69119	Aux Det=6011	O+H=8871	 DONE
04/10/2025 06:53:54:	move motor	S18.axis2.phaseshifter 1 to 0.931048deg	 DONE
04/10/2025 06:53:55:	29	count	time	30.000000s/cts	O Det=1865	H Det=1683	Mon Det=69924	Aux Det=4710	O+H=8258	 DONE
04/10/2025 06:54:27:	move motor	S18.axis2.phaseshifter 1 to 1.000014deg	 DONE
04/10/2025 06:54:29:	30	count	time	30.000000s/cts	O Det=2160	H Det=2035	Mon Det=69369	Aux Det=3856	O+H=8051	 DONE
04/10/2025 06:55:00:	close file and end scan	 DONE
call of ifg1_newPS_2p30s_B3.sc DONE
04/10/2025 06:55:01:	move motor	S18.axis2.piezo rotation to -0.246905deg	 DONE
04/10/2025 06:55:04:	create file	D:\data\Cycle 198\exp_3-16-19\rawdata\sc\rocking_04Oct0655.dat	 DONE
room to enter remarks DONE
04/10/2025 06:55:05:	move motor	S18.axis2.piezo rotation to -0.146905deg	 DONE
04/10/2025 06:55:08:	1	count	time	5.000000s/cts	O Det=1	H Det=0	Mon Det=11412	Aux Det=17	O+H=18	 DONE
04/10/2025 06:55:15:	move motor	S18.axis2.piezo rotation to -0.146845deg	 DONE
04/10/2025 06:55:19:	2	count	time	5.000000s/cts	O Det=1	H Det=1	Mon Det=11482	Aux Det=33	O+H=35	 DONE
04/10/2025 06:55:25:	move motor	S18.axis2.piezo rotation to -0.146785deg	 DONE
04/10/2025 06:55:29:	3	count	time	5.000000s/cts	O Det=2	H Det=0	Mon Det=11534	Aux Det=30	O+H=32	 DONE
04/10/2025 06:55:36:	move motor	S18.axis2.piezo rotation to -0.146725deg	 DONE
04/10/2025 06:55:39:	4	count	time	5.000000s/cts	O Det=0	H Det=1	Mon Det=11528	Aux Det=28	O+H=29	 DONE
04/10/2025 06:55:46:	move motor	S18.axis2.piezo rotation to -0.146665deg	 DONE
04/10/2025 06:55:47:	5	count	time	5.000000s/cts	O Det=1	H Det=0	Mon Det=11769	Aux Det=18	O+H=19	 DONE
04/10/2025 06:55:54:	move motor	S18.axis2.piezo rotation to -0.146605deg	 DONE
04/10/2025 06:55:55:	6	count	time	5.000000s/cts	O Det=0	H Det=2	Mon Det=11534	Aux Det=20	O+H=22	 DONE
04/10/2025 06:56:02:	move motor	S18.axis2.piezo rotation to -0.146545deg	 DONE
04/10/2025 06:56:06:	7	count	time	5.000000s/cts	O Det=3	H Det=2	Mon Det=11416	Aux Det=36	O+H=41	 DONE
04/10/2025 06:56:12:	move motor	S18.axis2.piezo rotation to -0.146485deg	 DONE
04/10/2025 06:56:16:	8	count	time	5.000000s/cts	O Det=2	H Det=0	Mon Det=11491	Aux Det=40	O+H=42	 DONE
04/10/2025 06:56:23:	move motor	S18.axis2.piezo rotation to -0.146425deg	 DONE
04/10/2025 06:56:26:	9	count	time	5.000000s/cts	O Det=2	H Det=3	Mon Det=11346	Aux Det=37	O+H=42	 DONE
04/10/2025 06:56:33:	move motor	S18.axis2.piezo rotation to -0.146365deg	 DONE
04/10/2025 06:56:37:	10	count	time	5.000000s/cts	O Det=3	H Det=1	Mon Det=11553	Aux Det=49	O+H=53	 DONE
04/10/2025 06:56:43:	move motor	S18.axis2.piezo rotation to -0.146305deg	 DONE
04/10/2025 06:56:45:	11	count	time	5.000000s/cts	O Det=1	H Det=1	Mon Det=11772	Aux Det=60	O+H=62	 DONE
04/10/2025 06:56:51:	move motor	S18.axis2.piezo rotation to -0.146245deg	 DONE
04/10/2025 06:56:53:	12	count	time	5.000000s/cts	O Det=3	H Det=0	Mon Det=11565	Aux Det=47	O+H=50	 DONE
04/10/2025 06:56:59:	move motor	S18.axis2.piezo rotation to -0.146185deg	 DONE
04/10/2025 06:57:00:	13	count	time	5.000000s/cts	O Det=3	H Det=1	Mon Det=11497	Aux Det=70	O+H=74	 DONE
04/10/2025 06:57:07:	move motor	S18.axis2.piezo rotation to -0.146125deg	 DONE
04/10/2025 06:57:11:	14	count	time	5.000000s/cts	O Det=1	H Det=2	Mon Det=11599	Aux Det=67	O+H=70	 DONE
04/10/2025 06:57:17:	move motor	S18.axis2.piezo rotation to -0.146065deg	 DONE
04/10/2025 06:57:21:	15	count	time	5.000000s/cts	O Det=4	H Det=1	Mon Det=11518	Aux Det=97	O+H=102	 DONE
04/10/2025 06:57:28:	move motor	S18.axis2.piezo rotation to -0.146005deg	 DONE
04/10/2025 06:57:31:	16	count	time	5.000000s/cts	O Det=10	H Det=5	Mon Det=11558	Aux Det=84	O+H=99	 DONE
04/10/2025 06:57:38:	move motor	S18.axis2.piezo rotation to -0.145945deg	 DONE
04/10/2025 06:57:42:	17	count	time	5.000000s/cts	O Det=20	H Det=11	Mon Det=11532	Aux Det=151	O+H=182	 DONE
04/10/2025 06:57:48:	move motor	S18.axis2.piezo rotation to -0.145885deg	 DONE
04/10/2025 06:57:50:	18	count	time	5.000000s/cts	O Det=23	H Det=17	Mon Det=11672	Aux Det=171	O+H=211	 DONE
04/10/2025 06:57:56:	move motor	S18.axis2.piezo rotation to -0.145825deg	 DONE
04/10/2025 06:57:57:	19	count	time	5.000000s/cts	O Det=41	H Det=12	Mon Det=11592	Aux Det=199	O+H=252	 DONE
04/10/2025 06:58:04:	move motor	S18.axis2.piezo rotation to -0.145765deg	 DONE
04/10/2025 06:58:08:	20	count	time	5.000000s/cts	O Det=35	H Det=14	Mon Det=11568	Aux Det=221	O+H=270	 DONE
04/10/2025 06:58:14:	move motor	S18.axis2.piezo rotation to -0.145705deg	 DONE
04/10/2025 06:58:18:	21	count	time	5.000000s/cts	O Det=51	H Det=10	Mon Det=11632	Aux Det=248	O+H=309	 DONE
04/10/2025 06:58:25:	move motor	S18.axis2.piezo rotation to -0.145645deg	 DONE
04/10/2025 06:58:29:	22	count	time	5.000000s/cts	O Det=65	H Det=11	Mon Det=11486	Aux Det=337	O+H=413	 DONE
04/10/2025 06:58:35:	move motor	S18.axis2.piezo rotation to -0.145585deg	 DONE
04/10/2025 06:58:39:	23	count	time	5.000000s/cts	O Det=110	H Det=52	Mon Det=11614	Aux Det=380	O+H=542	 DONE
04/10/2025 06:58:46:	move motor	S18.axis2.piezo rotation to -0.145525deg	 DONE
04/10/2025 06:58:47:	24	count	time	5.000000s/cts	O Det=155	H Det=92	Mon Det=11653	Aux Det=516	O+H=763	 DONE
04/10/2025 06:58:54:	move motor	S18.axis2.piezo rotation to -0.145465deg	 DONE
04/10/2025 06:58:55:	25	count	time	5.000000s/cts	O Det=199	H Det=139	Mon Det=11378	Aux Det=537	O+H=875	 DONE
04/10/2025 06:59:02:	move motor	S18.axis2.piezo rotation to -0.145405deg	 DONE
04/10/2025 06:59:06:	26	count	time	5.000000s/cts	O Det=246	H Det=178	Mon Det=11642	Aux Det=678	O+H=1102	 DONE
04/10/2025 06:59:12:	move motor	S18.axis2.piezo rotation to -0.145345deg	 DONE
04/10/2025 06:59:16:	27	count	time	5.000000s/cts	O Det=314	H Det=243	Mon Det=11492	Aux Det=747	O+H=1304	 DONE
04/10/2025 06:59:23:	move motor	S18.axis2.piezo rotation to -0.145285deg	 DONE
04/10/2025 06:59:26:	28	count	time	5.000000s/cts	O Det=358	H Det=313	Mon Det=11561	Aux Det=798	O+H=1469	 DONE
04/10/2025 06:59:33:	move motor	S18.axis2.piezo rotation to -0.145225deg	 DONE
04/10/2025 06:59:37:	29	count	time	5.000000s/cts	O Det=362	H Det=320	Mon Det=11470	Aux Det=776	O+H=1458	 DONE
04/10/2025 06:59:44:	move motor	S18.axis2.piezo rotation to -0.145165deg	 DONE
04/10/2025 06:59:45:	30	count	time	5.000000s/cts	O Det=370	H Det=352	Mon Det=11504	Aux Det=698	O+H=1420	 DONE
04/10/2025 06:59:52:	move motor	S18.axis2.piezo rotation to -0.145105deg	 DONE
04/10/2025 06:59:53:	31	count	time	5.000000s/cts	O Det=366	H Det=307	Mon Det=11618	Aux Det=605	O+H=1278	 DONE
04/10/2025 06:59:59:	move motor	S18.axis2.piezo rotation to -0.145045deg	 DONE
04/10/2025 07:00:03:	32	count	time	5.000000s/cts	O Det=310	H Det=247	Mon Det=11439	Aux Det=552	O+H=1109	 DONE
04/10/2025 07:00:10:	move motor	S18.axis2.piezo rotation to -0.144985deg	 DONE
04/10/2025 07:00:13:	33	count	time	5.000000s/cts	O Det=258	H Det=170	Mon Det=11533	Aux Det=462	O+H=890	 DONE
04/10/2025 07:00:20:	move motor	S18.axis2.piezo rotation to -0.144925deg	 DONE
04/10/2025 07:00:24:	34	count	time	5.000000s/cts	O Det=226	H Det=173	Mon Det=11485	Aux Det=367	O+H=766	 DONE
04/10/2025 07:00:31:	move motor	S18.axis2.piezo rotation to -0.144865deg	 DONE
04/10/2025 07:00:34:	35	count	time	5.000000s/cts	O Det=166	H Det=104	Mon Det=11486	Aux Det=298	O+H=568	 DONE
04/10/2025 07:00:41:	move motor	S18.axis2.piezo rotation to -0.144805deg	 DONE
04/10/2025 07:00:42:	36	count	time	5.000000s/cts	O Det=123	H Det=44	Mon Det=11539	Aux Det=232	O+H=399	 DONE
04/10/2025 07:00:49:	move motor	S18.axis2.piezo rotation to -0.144745deg	 DONE
04/10/2025 07:00:50:	37	count	time	5.000000s/cts	O Det=82	H Det=21	Mon Det=11593	Aux Det=217	O+H=320	 DONE
04/10/2025 07:00:57:	move motor	S18.axis2.piezo rotation to -0.144685deg	 DONE
04/10/2025 07:01:01:	38	count	time	5.000000s/cts	O Det=57	H Det=12	Mon Det=11545	Aux Det=171	O+H=240	 DONE
04/10/2025 07:01:07:	move motor	S18.axis2.piezo rotation to -0.144625deg	 DONE
04/10/2025 07:01:11:	39	count	time	5.000000s/cts	O Det=36	H Det=7	Mon Det=11513	Aux Det=151	O+H=194	 DONE
04/10/2025 07:01:18:	move motor	S18.axis2.piezo rotation to -0.144565deg	 DONE
04/10/2025 07:01:21:	40	count	time	5.000000s/cts	O Det=24	H Det=9	Mon Det=11446	Aux Det=135	O+H=168	 DONE
04/10/2025 07:01:28:	move motor	S18.axis2.piezo rotation to -0.144505deg	 DONE
04/10/2025 07:01:32:	41	count	time	5.000000s/cts	O Det=18	H Det=3	Mon Det=11396	Aux Det=114	O+H=135	 DONE
04/10/2025 07:01:38:	move motor	S18.axis2.piezo rotation to -0.144445deg	 DONE
04/10/2025 07:01:40:	42	count	time	5.000000s/cts	O Det=11	H Det=3	Mon Det=11463	Aux Det=99	O+H=113	 DONE
04/10/2025 07:01:46:	move motor	S18.axis2.piezo rotation to -0.144385deg	 DONE
04/10/2025 07:01:47:	43	count	time	5.000000s/cts	O Det=4	H Det=4	Mon Det=11666	Aux Det=105	O+H=113	 DONE
04/10/2025 07:01:54:	move motor	S18.axis2.piezo rotation to -0.144325deg	 DONE
04/10/2025 07:01:58:	44	count	time	5.000000s/cts	O Det=9	H Det=2	Mon Det=11565	Aux Det=71	O+H=82	 DONE
04/10/2025 07:02:04:	move motor	S18.axis2.piezo rotation to -0.144265deg	 DONE
04/10/2025 07:02:08:	45	count	time	5.000000s/cts	O Det=2	H Det=6	Mon Det=11574	Aux Det=53	O+H=61	 DONE
04/10/2025 07:02:15:	move motor	S18.axis2.piezo rotation to -0.144205deg	 DONE
04/10/2025 07:02:18:	46	count	time	5.000000s/cts	O Det=5	H Det=4	Mon Det=11739	Aux Det=74	O+H=83	 DONE
04/10/2025 07:02:25:	move motor	S18.axis2.piezo rotation to -0.144145deg	 DONE
04/10/2025 07:02:29:	47	count	time	5.000000s/cts	O Det=3	H Det=2	Mon Det=11736	Aux Det=61	O+H=66	 DONE
04/10/2025 07:02:35:	move motor	S18.axis2.piezo rotation to -0.144085deg	 DONE
04/10/2025 07:02:37:	48	count	time	5.000000s/cts	O Det=0	H Det=1	Mon Det=11467	Aux Det=58	O+H=59	 DONE
04/10/2025 07:02:44:	move motor	S18.axis2.piezo rotation to -0.144025deg	 DONE
04/10/2025 07:02:45:	49	count	time	5.000000s/cts	O Det=2	H Det=0	Mon Det=11591	Aux Det=55	O+H=57	 DONE
04/10/2025 07:02:51:	move motor	S18.axis2.piezo rotation to -0.143965deg	 DONE
04/10/2025 07:02:52:	50	count	time	5.000000s/cts	O Det=1	H Det=1	Mon Det=11440	Aux Det=31	O+H=33	 DONE
04/10/2025 07:02:59:	move motor	S18.axis2.piezo rotation to -0.143905deg	 DONE
04/10/2025 07:03:03:	51	count	time	5.000000s/cts	O Det=3	H Det=1	Mon Det=11627	Aux Det=42	O+H=46	 DONE
04/10/2025 07:03:09:	move motor	S18.axis2.piezo rotation to -0.143845deg	 DONE
04/10/2025 07:03:13:	52	count	time	5.000000s/cts	O Det=1	H Det=3	Mon Det=11794	Aux Det=42	O+H=46	 DONE
04/10/2025 07:03:20:	move motor	S18.axis2.piezo rotation to -0.143785deg	 DONE
04/10/2025 07:03:24:	53	count	time	5.000000s/cts	O Det=2	H Det=2	Mon Det=11471	Aux Det=30	O+H=34	 DONE
04/10/2025 07:03:30:	move motor	S18.axis2.piezo rotation to -0.143725deg	 DONE
04/10/2025 07:03:34:	54	count	time	5.000000s/cts	O Det=0	H Det=3	Mon Det=11723	Aux Det=30	O+H=33	 DONE
04/10/2025 07:03:41:	move motor	S18.axis2.piezo rotation to -0.143665deg	 DONE
04/10/2025 07:03:42:	55	count	time	5.000000s/cts	O Det=1	H Det=1	Mon Det=11665	Aux Det=18	O+H=20	 DONE
04/10/2025 07:03:49:	move motor	S18.axis2.piezo rotation to -0.143605deg	 DONE
04/10/2025 07:03:50:	56	count	time	5.000000s/cts	O Det=0	H Det=2	Mon Det=11731	Aux Det=28	O+H=30	 DONE
04/10/2025 07:03:56:	move motor	S18.axis2.piezo rotation to -0.143545deg	 DONE
04/10/2025 07:04:00:	57	count	time	5.000000s/cts	O Det=3	H Det=2	Mon Det=11549	Aux Det=21	O+H=26	 DONE
04/10/2025 07:04:07:	move motor	S18.axis2.piezo rotation to -0.143485deg	 DONE
04/10/2025 07:04:10:	58	count	time	5.000000s/cts	O Det=0	H Det=2	Mon Det=11611	Aux Det=27	O+H=29	 DONE
04/10/2025 07:04:17:	move motor	S18.axis2.piezo rotation to -0.143425deg	 DONE
04/10/2025 07:04:21:	59	count	time	5.000000s/cts	O Det=2	H Det=1	Mon Det=11518	Aux Det=30	O+H=33	 DONE
04/10/2025 07:04:28:	move motor	S18.axis2.piezo rotation to -0.143365deg	 DONE
04/10/2025 07:04:31:	60	count	time	5.000000s/cts	O Det=0	H Det=1	Mon Det=11635	Aux Det=17	O+H=18	 DONE
04/10/2025 07:04:38:	close file and end scan	 DONE
04/10/2025 07:04:39:	move motor	S18.axis2.piezo rotation to fit SUM PEAK60	-0.145229reached -0.14523  DONE
call of rocking.sc DONE
04/10/2025 07:04:41:	move motor	S18.axis2.Aperture Y to 19.00000mm	reached 19.00000  DONE
04/10/2025 07:04:46:	move motor	S18.axis2.phaseshifter 1 to -1.100000deg	 DONE
04/10/2025 07:04:48:	create file	D:\data\Cycle 198\exp_3-16-19\rawdata\sc\Aperture_scan_ifg1_newPS_B3_2p30s_04Oct0704.dat	 DONE
room to enter remarks DONE
04/10/2025 07:04:49:	move motor	S18.axis2.phaseshifter 1 to -1.000000deg	 DONE
04/10/2025 07:04:50:	1	count	time	30.000000s/cts	O Det=2658	H Det=2350	Mon Det=69350	Aux Det=3243	O+H=8251	 DONE
04/10/2025 07:05:22:	move motor	S18.axis2.phaseshifter 1 to -0.931034deg	 DONE
04/10/2025 07:05:24:	2	count	time	30.000000s/cts	O Det=2780	H Det=2630	Mon Det=69548	Aux Det=2960	O+H=8370	 DONE
04/10/2025 07:05:55:	move motor	S18.axis2.phaseshifter 1 to -0.862068deg	 DONE
04/10/2025 07:05:57:	3	count	time	30.000000s/cts	O Det=2738	H Det=2544	Mon Det=68931	Aux Det=3121	O+H=8403	 DONE
04/10/2025 07:06:28:	move motor	S18.axis2.phaseshifter 1 to -0.793102deg	 DONE
04/10/2025 07:06:30:	4	count	time	30.000000s/cts	O Det=2658	H Det=2326	Mon Det=68743	Aux Det=3546	O+H=8530	 DONE
04/10/2025 07:07:02:	move motor	S18.axis2.phaseshifter 1 to -0.724136deg	 DONE
04/10/2025 07:07:03:	5	count	time	30.000000s/cts	O Det=2196	H Det=2029	Mon Det=68649	Aux Det=4236	O+H=8461	 DONE
04/10/2025 07:07:35:	move motor	S18.axis2.phaseshifter 1 to -0.655170deg	 DONE
04/10/2025 07:07:36:	6	count	time	30.000000s/cts	O Det=1716	H Det=1559	Mon Det=69174	Aux Det=5251	O+H=8526	 DONE
04/10/2025 07:08:08:	move motor	S18.axis2.phaseshifter 1 to -0.586204deg	 DONE
04/10/2025 07:08:10:	7	count	time	30.000000s/cts	O Det=1138	H Det=1171	Mon Det=69019	Aux Det=6333	O+H=8642	 DONE
04/10/2025 07:08:41:	move motor	S18.axis2.phaseshifter 1 to -0.517238deg	 DONE
04/10/2025 07:08:43:	8	count	time	30.000000s/cts	O Det=806	H Det=860	Mon Det=69331	Aux Det=7100	O+H=8766	 DONE
04/10/2025 07:09:14:	move motor	S18.axis2.phaseshifter 1 to -0.448272deg	 DONE
04/10/2025 07:09:16:	9	count	time	30.000000s/cts	O Det=586	H Det=636	Mon Det=69363	Aux Det=7602	O+H=8824	 DONE
04/10/2025 07:09:48:	move motor	S18.axis2.phaseshifter 1 to -0.379306deg	 DONE
04/10/2025 07:09:49:	10	count	time	30.000000s/cts	O Det=524	H Det=635	Mon Det=69447	Aux Det=7596	O+H=8755	 DONE
04/10/2025 07:10:21:	move motor	S18.axis2.phaseshifter 1 to -0.310340deg	 DONE
04/10/2025 07:10:22:	11	count	time	30.000000s/cts	O Det=724	H Det=774	Mon Det=68888	Aux Det=7175	O+H=8673	 DONE
04/10/2025 07:10:54:	move motor	S18.axis2.phaseshifter 1 to -0.241374deg	 DONE
04/10/2025 07:10:56:	12	count	time	30.000000s/cts	O Det=987	H Det=989	Mon Det=68901	Aux Det=6464	O+H=8440	 DONE
04/10/2025 07:11:27:	move motor	S18.axis2.phaseshifter 1 to -0.172408deg	 DONE
04/10/2025 07:11:29:	13	count	time	30.000000s/cts	O Det=1407	H Det=1342	Mon Det=69356	Aux Det=5735	O+H=8484	 DONE
04/10/2025 07:12:00:	move motor	S18.axis2.phaseshifter 1 to -0.103442deg	 DONE
04/10/2025 07:12:02:	14	count	time	30.000000s/cts	O Det=1944	H Det=1797	Mon Det=68772	Aux Det=4524	O+H=8265	 DONE
04/10/2025 07:12:34:	move motor	S18.axis2.phaseshifter 1 to -0.034476deg	 DONE
04/10/2025 07:12:35:	15	count	time	30.000000s/cts	O Det=2370	H Det=2165	Mon Det=69195	Aux Det=3601	O+H=8136	 DONE
04/10/2025 07:13:07:	move motor	S18.axis2.phaseshifter 1 to 0.034490deg	 DONE
04/10/2025 07:13:08:	16	count	time	30.000000s/cts	O Det=2636	H Det=2412	Mon Det=69246	Aux Det=3234	O+H=8282	 DONE
04/10/2025 07:13:40:	move motor	S18.axis2.phaseshifter 1 to 0.103456deg	 DONE
04/10/2025 07:13:42:	17	count	time	30.000000s/cts	O Det=2744	H Det=2531	Mon Det=69357	Aux Det=3006	O+H=8281	 DONE
04/10/2025 07:14:13:	move motor	S18.axis2.phaseshifter 1 to 0.172422deg	 DONE
04/10/2025 07:14:15:	18	count	time	30.000000s/cts	O Det=2780	H Det=2515	Mon Det=68932	Aux Det=2982	O+H=8277	 DONE
04/10/2025 07:14:46:	move motor	S18.axis2.phaseshifter 1 to 0.241388deg	 DONE
04/10/2025 07:14:48:	19	count	time	30.000000s/cts	O Det=2465	H Det=2309	Mon Det=69549	Aux Det=3637	O+H=8411	 DONE
04/10/2025 07:15:20:	move motor	S18.axis2.phaseshifter 1 to 0.310354deg	 DONE
04/10/2025 07:15:21:	20	count	time	30.000000s/cts	O Det=2205	H Det=2039	Mon Det=69014	Aux Det=4321	O+H=8565	 DONE
04/10/2025 07:15:53:	move motor	S18.axis2.phaseshifter 1 to 0.379320deg	 DONE
04/10/2025 07:15:54:	21	count	time	30.000000s/cts	O Det=1772	H Det=1537	Mon Det=69172	Aux Det=5275	O+H=8584	 DONE
04/10/2025 07:16:26:	move motor	S18.axis2.phaseshifter 1 to 0.448286deg	 DONE
04/10/2025 07:16:28:	22	count	time	30.000000s/cts	O Det=1293	H Det=1163	Mon Det=69047	Aux Det=6053	O+H=8509	 DONE
04/10/2025 07:16:59:	move motor	S18.axis2.phaseshifter 1 to 0.517252deg	 DONE
04/10/2025 07:17:01:	23	count	time	30.000000s/cts	O Det=895	H Det=878	Mon Det=69073	Aux Det=6897	O+H=8670	 DONE
04/10/2025 07:17:33:	move motor	S18.axis2.phaseshifter 1 to 0.586218deg	 DONE
04/10/2025 07:17:34:	24	count	time	30.000000s/cts	O Det=604	H Det=660	Mon Det=69386	Aux Det=7482	O+H=8746	 DONE
04/10/2025 07:18:06:	move motor	S18.axis2.phaseshifter 1 to 0.655184deg	 DONE
04/10/2025 07:18:07:	25	count	time	30.000000s/cts	O Det=531	H Det=622	Mon Det=69121	Aux Det=7520	O+H=8673	 DONE
04/10/2025 07:18:39:	move motor	S18.axis2.phaseshifter 1 to 0.724150deg	 DONE
04/10/2025 07:18:40:	26	count	time	30.000000s/cts	O Det=681	H Det=708	Mon Det=69348	Aux Det=7027	O+H=8416	 DONE
04/10/2025 07:19:12:	move motor	S18.axis2.phaseshifter 1 to 0.793116deg	 DONE
04/10/2025 07:19:14:	27	count	time	30.000000s/cts	O Det=1001	H Det=1096	Mon Det=69647	Aux Det=6405	O+H=8502	 DONE
04/10/2025 07:19:45:	move motor	S18.axis2.phaseshifter 1 to 0.862082deg	 DONE
04/10/2025 07:19:47:	28	count	time	30.000000s/cts	O Det=1387	H Det=1279	Mon Det=69713	Aux Det=5838	O+H=8504	 DONE
04/10/2025 07:20:19:	move motor	S18.axis2.phaseshifter 1 to 0.931048deg	 DONE
04/10/2025 07:20:20:	29	count	time	30.000000s/cts	O Det=1956	H Det=1736	Mon Det=69280	Aux Det=4553	O+H=8245	 DONE
04/10/2025 07:20:52:	move motor	S18.axis2.phaseshifter 1 to 1.000014deg	 DONE
04/10/2025 07:20:53:	30	count	time	30.000000s/cts	O Det=2139	H Det=2068	Mon Det=69332	Aux Det=3920	O+H=8127	 DONE
04/10/2025 07:21:25:	close file and end scan	 DONE
call of ifg1_newPS_2p30s_B3.sc DONE
04/10/2025 07:21:26:	move motor	S18.axis2.Aperture Y to 21.50000mm	reached 21.50000  DONE
04/10/2025 07:21:30:	move motor	S18.axis2.phaseshifter 1 to -1.100000deg	 DONE
04/10/2025 07:21:33:	create file	D:\data\Cycle 198\exp_3-16-19\rawdata\sc\Aperture_scan_ifg1_newPS_B3_2p30s_04Oct0721.dat	 DONE
room to enter remarks DONE
04/10/2025 07:21:34:	move motor	S18.axis2.phaseshifter 1 to -1.000000deg	 DONE
04/10/2025 07:21:35:	1	count	time	30.000000s/cts	O Det=2218	H Det=1948	Mon Det=69754	Aux Det=2412	O+H=6578	 DONE
04/10/2025 07:22:07:	move motor	S18.axis2.phaseshifter 1 to -0.931034deg	 DONE
04/10/2025 07:22:08:	2	count	time	30.000000s/cts	O Det=2293	H Det=2203	Mon Det=69873	Aux Det=2159	O+H=6655	 DONE
04/10/2025 07:22:40:	move motor	S18.axis2.phaseshifter 1 to -0.862068deg	 DONE
04/10/2025 07:22:42:	3	count	time	30.000000s/cts	O Det=2353	H Det=2247	Mon Det=69353	Aux Det=2238	O+H=6838	 DONE
04/10/2025 07:23:13:	move motor	S18.axis2.phaseshifter 1 to -0.793102deg	 DONE
04/10/2025 07:23:15:	4	count	time	30.000000s/cts	O Det=2222	H Det=2071	Mon Det=69373	Aux Det=2457	O+H=6750	 DONE
04/10/2025 07:23:46:	move motor	S18.axis2.phaseshifter 1 to -0.724136deg	 DONE
04/10/2025 07:23:48:	5	count	time	30.000000s/cts	O Det=2009	H Det=1887	Mon Det=69723	Aux Det=2880	O+H=6776	 DONE
04/10/2025 07:24:20:	move motor	S18.axis2.phaseshifter 1 to -0.655170deg	 DONE
04/10/2025 07:24:21:	6	count	time	30.000000s/cts	O Det=1577	H Det=1518	Mon Det=69845	Aux Det=3255	O+H=6350	 DONE
04/10/2025 07:24:53:	move motor	S18.axis2.phaseshifter 1 to -0.586204deg	 DONE
04/10/2025 07:24:54:	7	count	time	30.000000s/cts	O Det=1186	H Det=1203	Mon Det=69464	Aux Det=3915	O+H=6304	 DONE
04/10/2025 07:25:26:	move motor	S18.axis2.phaseshifter 1 to -0.517238deg	 DONE
04/10/2025 07:25:28:	8	count	time	30.000000s/cts	O Det=941	H Det=926	Mon Det=69255	Aux Det=4392	O+H=6259	 DONE
04/10/2025 07:25:59:	move motor	S18.axis2.phaseshifter 1 to -0.448272deg	 DONE
04/10/2025 07:26:01:	9	count	time	30.000000s/cts	O Det=625	H Det=644	Mon Det=69747	Aux Det=4797	O+H=6066	 DONE
04/10/2025 07:26:32:	move motor	S18.axis2.phaseshifter 1 to -0.379306deg	 DONE
04/10/2025 07:26:34:	10	count	time	30.000000s/cts	O Det=519	H Det=650	Mon Det=69149	Aux Det=4763	O+H=5932	 DONE
04/10/2025 07:27:06:	move motor	S18.axis2.phaseshifter 1 to -0.310340deg	 DONE
04/10/2025 07:27:07:	11	count	time	30.000000s/cts	O Det=642	H Det=709	Mon Det=69481	Aux Det=4606	O+H=5957	 DONE
04/10/2025 07:27:39:	move motor	S18.axis2.phaseshifter 1 to -0.241374deg	 DONE
04/10/2025 07:27:40:	12	count	time	30.000000s/cts	O Det=830	H Det=875	Mon Det=69525	Aux Det=4359	O+H=6064	 DONE
04/10/2025 07:28:12:	move motor	S18.axis2.phaseshifter 1 to -0.172408deg	 DONE
04/10/2025 07:28:14:	13	count	time	30.000000s/cts	O Det=1087	H Det=1195	Mon Det=69352	Aux Det=3874	O+H=6156	 DONE
04/10/2025 07:28:45:	move motor	S18.axis2.phaseshifter 1 to -0.103442deg	 DONE
04/10/2025 07:28:47:	14	count	time	30.000000s/cts	O Det=1539	H Det=1451	Mon Det=69294	Aux Det=3364	O+H=6354	 DONE
04/10/2025 07:29:19:	move motor	S18.axis2.phaseshifter 1 to -0.034476deg	 DONE
04/10/2025 07:29:20:	15	count	time	30.000000s/cts	O Det=1901	H Det=1698	Mon Det=69205	Aux Det=2855	O+H=6454	 DONE
04/10/2025 07:29:52:	move motor	S18.axis2.phaseshifter 1 to 0.034490deg	 DONE
04/10/2025 07:29:53:	16	count	time	30.000000s/cts	O Det=2212	H Det=2018	Mon Det=69643	Aux Det=2488	O+H=6718	 DONE
04/10/2025 07:30:25:	move motor	S18.axis2.phaseshifter 1 to 0.103456deg	 DONE
04/10/2025 07:30:26:	17	count	time	30.000000s/cts	O Det=2281	H Det=2154	Mon Det=69492	Aux Det=2200	O+H=6635	 DONE
04/10/2025 07:30:58:	move motor	S18.axis2.phaseshifter 1 to 0.172422deg	 DONE
04/10/2025 07:31:00:	18	count	time	30.000000s/cts	O Det=2299	H Det=2045	Mon Det=69880	Aux Det=2255	O+H=6599	 DONE
04/10/2025 07:31:31:	move motor	S18.axis2.phaseshifter 1 to 0.241388deg	 DONE
04/10/2025 07:31:33:	19	count	time	30.000000s/cts	O Det=2277	H Det=2021	Mon Det=69616	Aux Det=2399	O+H=6697	 DONE
04/10/2025 07:32:05:	move motor	S18.axis2.phaseshifter 1 to 0.310354deg	 DONE
04/10/2025 07:32:06:	20	count	time	30.000000s/cts	O Det=2011	H Det=1863	Mon Det=69235	Aux Det=2768	O+H=6642	 DONE
04/10/2025 07:32:38:	move motor	S18.axis2.phaseshifter 1 to 0.379320deg	 DONE
04/10/2025 07:32:39:	21	count	time	30.000000s/cts	O Det=1577	H Det=1563	Mon Det=69511	Aux Det=3353	O+H=6493	 DONE
04/10/2025 07:33:11:	move motor	S18.axis2.phaseshifter 1 to 0.448286deg	 DONE
04/10/2025 07:33:12:	22	count	time	30.000000s/cts	O Det=1295	H Det=1158	Mon Det=69417	Aux Det=3893	O+H=6346	 DONE
04/10/2025 07:33:44:	move motor	S18.axis2.phaseshifter 1 to 0.517252deg	 DONE
04/10/2025 07:33:46:	23	count	time	30.000000s/cts	O Det=925	H Det=956	Mon Det=69135	Aux Det=4391	O+H=6272	 DONE
04/10/2025 07:34:17:	move motor	S18.axis2.phaseshifter 1 to 0.586218deg	 DONE
04/10/2025 07:34:19:	24	count	time	30.000000s/cts	O Det=675	H Det=759	Mon Det=69116	Aux Det=4727	O+H=6161	 DONE
04/10/2025 07:34:51:	move motor	S18.axis2.phaseshifter 1 to 0.655184deg	 DONE
04/10/2025 07:34:52:	25	count	time	30.000000s/cts	O Det=593	H Det=678	Mon Det=69016	Aux Det=4739	O+H=6010	 DONE
04/10/2025 07:35:24:	move motor	S18.axis2.phaseshifter 1 to 0.724150deg	 DONE
04/10/2025 07:35:25:	26	count	time	30.000000s/cts	O Det=669	H Det=724	Mon Det=69072	Aux Det=4670	O+H=6063	 DONE
04/10/2025 07:35:57:	move motor	S18.axis2.phaseshifter 1 to 0.793116deg	 DONE
04/10/2025 07:35:58:	27	count	time	30.000000s/cts	O Det=822	H Det=862	Mon Det=69610	Aux Det=4506	O+H=6190	 DONE
04/10/2025 07:36:30:	move motor	S18.axis2.phaseshifter 1 to 0.862082deg	 DONE
04/10/2025 07:36:32:	28	count	time	30.000000s/cts	O Det=1128	H Det=1178	Mon Det=69054	Aux Det=3965	O+H=6271	 DONE
04/10/2025 07:37:03:	move motor	S18.axis2.phaseshifter 1 to 0.931048deg	 DONE
04/10/2025 07:37:05:	29	count	time	30.000000s/cts	O Det=1570	H Det=1364	Mon Det=69015	Aux Det=3315	O+H=6249	 DONE
04/10/2025 07:37:37:	move motor	S18.axis2.phaseshifter 1 to 1.000014deg	 DONE
04/10/2025 07:37:38:	30	count	time	30.000000s/cts	O Det=1980	H Det=1862	Mon Det=69349	Aux Det=2823	O+H=6665	 DONE
04/10/2025 07:38:10:	close file and end scan	 DONE
call of ifg1_newPS_2p30s_B3.sc DONE
04/10/2025 07:38:11:	move motor	S18.axis2.Aperture Z to 11.00000mm	reached 11.00000  DONE
04/10/2025 07:38:15:	move motor	S18.axis2.Aperture Y to 16.50000mm	reached 16.50000  DONE
04/10/2025 07:38:20:	move motor	S18.axis2.phaseshifter 1 to -1.100000deg	 DONE
04/10/2025 07:38:22:	create file	D:\data\Cycle 198\exp_3-16-19\rawdata\sc\Aperture_scan_ifg1_newPS_B3_2p30s_04Oct0738.dat	 DONE
room to enter remarks DONE
04/10/2025 07:38:23:	move motor	S18.axis2.phaseshifter 1 to -1.000000deg	 DONE
04/10/2025 07:38:24:	1	count	time	30.000000s/cts	O Det=2656	H Det=2126	Mon Det=69186	Aux Det=3658	O+H=8440	 DONE
04/10/2025 07:38:56:	move motor	S18.axis2.phaseshifter 1 to -0.931034deg	 DONE
04/10/2025 07:38:58:	2	count	time	30.000000s/cts	O Det=2607	H Det=2202	Mon Det=69086	Aux Det=3509	O+H=8318	 DONE
04/10/2025 07:39:29:	move motor	S18.axis2.phaseshifter 1 to -0.862068deg	 DONE
04/10/2025 07:39:31:	3	count	time	30.000000s/cts	O Det=2542	H Det=2072	Mon Det=69074	Aux Det=3870	O+H=8484	 DONE
04/10/2025 07:40:03:	move motor	S18.axis2.phaseshifter 1 to -0.793102deg	 DONE
04/10/2025 07:40:04:	4	count	time	30.000000s/cts	O Det=2234	H Det=1885	Mon Det=69482	Aux Det=4380	O+H=8499	 DONE
04/10/2025 07:40:36:	move motor	S18.axis2.phaseshifter 1 to -0.724136deg	 DONE
04/10/2025 07:40:37:	5	count	time	30.000000s/cts	O Det=2012	H Det=1619	Mon Det=69124	Aux Det=5442	O+H=9073	 DONE
04/10/2025 07:41:09:	move motor	S18.axis2.phaseshifter 1 to -0.655170deg	 DONE
04/10/2025 07:41:11:	6	count	time	30.000000s/cts	O Det=1443	H Det=1198	Mon Det=68853	Aux Det=6724	O+H=9365	 DONE
04/10/2025 07:41:42:	move motor	S18.axis2.phaseshifter 1 to -0.586204deg	 DONE
04/10/2025 07:41:44:	7	count	time	30.000000s/cts	O Det=930	H Det=773	Mon Det=68977	Aux Det=8030	O+H=9733	 DONE
04/10/2025 07:42:15:	move motor	S18.axis2.phaseshifter 1 to -0.517238deg	 DONE
04/10/2025 07:42:17:	8	count	time	30.000000s/cts	O Det=743	H Det=605	Mon Det=69138	Aux Det=8400	O+H=9748	 DONE
04/10/2025 07:42:49:	move motor	S18.axis2.phaseshifter 1 to -0.448272deg	 DONE
04/10/2025 07:42:50:	9	count	time	30.000000s/cts	O Det=561	H Det=472	Mon Det=69288	Aux Det=8813	O+H=9846	 DONE
04/10/2025 07:43:22:	move motor	S18.axis2.phaseshifter 1 to -0.379306deg	 DONE
04/10/2025 07:43:23:	10	count	time	30.000000s/cts	O Det=564	H Det=509	Mon Det=69170	Aux Det=9001	O+H=10074	 DONE
04/10/2025 07:43:55:	move motor	S18.axis2.phaseshifter 1 to -0.310340deg	 DONE
04/10/2025 07:43:57:	11	count	time	30.000000s/cts	O Det=795	H Det=664	Mon Det=69003	Aux Det=8212	O+H=9671	 DONE
04/10/2025 07:44:28:	move motor	S18.axis2.phaseshifter 1 to -0.241374deg	 DONE
04/10/2025 07:44:30:	12	count	time	30.000000s/cts	O Det=1179	H Det=1004	Mon Det=68489	Aux Det=7274	O+H=9457	 DONE
04/10/2025 07:45:02:	move motor	S18.axis2.phaseshifter 1 to -0.172408deg	 DONE
04/10/2025 07:45:03:	13	count	time	30.000000s/cts	O Det=1612	H Det=1291	Mon Det=69149	Aux Det=6016	O+H=8919	 DONE
04/10/2025 07:45:35:	move motor	S18.axis2.phaseshifter 1 to -0.103442deg	 DONE
04/10/2025 07:45:36:	14	count	time	30.000000s/cts	O Det=1955	H Det=1677	Mon Det=69325	Aux Det=5110	O+H=8742	 DONE
04/10/2025 07:46:08:	move motor	S18.axis2.phaseshifter 1 to -0.034476deg	 DONE
04/10/2025 07:46:10:	15	count	time	30.000000s/cts	O Det=2380	H Det=1916	Mon Det=69261	Aux Det=4204	O+H=8500	 DONE
04/10/2025 07:46:41:	move motor	S18.axis2.phaseshifter 1 to 0.034490deg	 DONE
04/10/2025 07:46:43:	16	count	time	30.000000s/cts	O Det=2619	H Det=2137	Mon Det=69025	Aux Det=3706	O+H=8462	 DONE
04/10/2025 07:47:15:	move motor	S18.axis2.phaseshifter 1 to 0.103456deg	 DONE
04/10/2025 07:47:16:	17	count	time	30.000000s/cts	O Det=2678	H Det=2147	Mon Det=69586	Aux Det=3504	O+H=8329	 DONE
04/10/2025 07:47:48:	move motor	S18.axis2.phaseshifter 1 to 0.172422deg	 DONE
04/10/2025 07:47:49:	18	count	time	30.000000s/cts	O Det=2549	H Det=2105	Mon Det=69019	Aux Det=3686	O+H=8340	 DONE
04/10/2025 07:48:21:	move motor	S18.axis2.phaseshifter 1 to 0.241388deg	 DONE
04/10/2025 07:48:22:	19	count	time	30.000000s/cts	O Det=2270	H Det=1928	Mon Det=69507	Aux Det=4418	O+H=8616	 DONE
04/10/2025 07:48:54:	move motor	S18.axis2.phaseshifter 1 to 0.310354deg	 DONE
04/10/2025 07:48:56:	20	count	time	30.000000s/cts	O Det=1892	H Det=1540	Mon Det=69084	Aux Det=5349	O+H=8781	 DONE
04/10/2025 07:49:27:	move motor	S18.axis2.phaseshifter 1 to 0.379320deg	 DONE
04/10/2025 07:49:29:	21	count	time	30.000000s/cts	O Det=1415	H Det=1220	Mon Det=69462	Aux Det=6544	O+H=9179	 DONE
04/10/2025 07:50:01:	move motor	S18.axis2.phaseshifter 1 to 0.448286deg	 DONE
04/10/2025 07:50:02:	22	count	time	30.000000s/cts	O Det=1042	H Det=888	Mon Det=69533	Aux Det=7645	O+H=9575	 DONE
04/10/2025 07:50:34:	move motor	S18.axis2.phaseshifter 1 to 0.517252deg	 DONE
04/10/2025 07:50:35:	23	count	time	30.000000s/cts	O Det=753	H Det=645	Mon Det=68890	Aux Det=8506	O+H=9904	 DONE
04/10/2025 07:51:07:	move motor	S18.axis2.phaseshifter 1 to 0.586218deg	 DONE
04/10/2025 07:51:09:	24	count	time	30.000000s/cts	O Det=513	H Det=483	Mon Det=69462	Aux Det=8723	O+H=9719	 DONE
04/10/2025 07:51:40:	move motor	S18.axis2.phaseshifter 1 to 0.655184deg	 DONE
04/10/2025 07:51:42:	25	count	time	30.000000s/cts	O Det=554	H Det=496	Mon Det=69331	Aux Det=8856	O+H=9906	 DONE
04/10/2025 07:52:13:	move motor	S18.axis2.phaseshifter 1 to 0.724150deg	 DONE
04/10/2025 07:52:15:	26	count	time	30.000000s/cts	O Det=793	H Det=610	Mon Det=69441	Aux Det=8358	O+H=9761	 DONE
04/10/2025 07:52:47:	move motor	S18.axis2.phaseshifter 1 to 0.793116deg	 DONE
04/10/2025 07:52:48:	27	count	time	30.000000s/cts	O Det=1068	H Det=857	Mon Det=68948	Aux Det=7441	O+H=9366	 DONE
04/10/2025 07:53:20:	move motor	S18.axis2.phaseshifter 1 to 0.862082deg	 DONE
04/10/2025 07:53:21:	28	count	time	30.000000s/cts	O Det=1487	H Det=1242	Mon Det=68983	Aux Det=6388	O+H=9117	 DONE
04/10/2025 07:53:53:	move motor	S18.axis2.phaseshifter 1 to 0.931048deg	 DONE
04/10/2025 07:53:55:	29	count	time	30.000000s/cts	O Det=2046	H Det=1657	Mon Det=69317	Aux Det=5153	O+H=8856	 DONE
04/10/2025 07:54:26:	move motor	S18.axis2.phaseshifter 1 to 1.000014deg	 DONE
04/10/2025 07:54:28:	30	count	time	30.000000s/cts	O Det=2338	H Det=1885	Mon Det=69236	Aux Det=4360	O+H=8583	 DONE
04/10/2025 07:55:00:	close file and end scan	 DONE
call of ifg1_newPS_2p30s_B3.sc DONE
04/10/2025 07:55:01:	move motor	S18.axis2.Aperture Y to 19.00000mm	reached 19.00000  DONE
04/10/2025 07:55:05:	move motor	S18.axis2.phaseshifter 1 to -1.100000deg	 DONE
04/10/2025 07:55:07:	create file	D:\data\Cycle 198\exp_3-16-19\rawdata\sc\Aperture_scan_ifg1_newPS_B3_2p30s_04Oct0755.dat	 DONE
room to enter remarks DONE
04/10/2025 07:55:08:	move motor	S18.axis2.phaseshifter 1 to -1.000000deg	 DONE
04/10/2025 07:55:10:	1	count	time	30.000000s/cts	O Det=2809	H Det=2282	Mon Det=69229	Aux Det=3559	O+H=8650	 DONE
04/10/2025 07:55:41:	move motor	S18.axis2.phaseshifter 1 to -0.931034deg	 DONE
04/10/2025 07:55:43:	2	count	time	30.000000s/cts	O Det=3058	H Det=2474	Mon Det=69221	Aux Det=3049	O+H=8581	 DONE
04/10/2025 07:56:15:	move motor	S18.axis2.phaseshifter 1 to -0.862068deg	 DONE
04/10/2025 07:56:16:	3	count	time	30.000000s/cts	O Det=3015	H Det=2547	Mon Det=68886	Aux Det=3073	O+H=8635	 DONE
04/10/2025 07:56:48:	move motor	S18.axis2.phaseshifter 1 to -0.793102deg	 DONE
04/10/2025 07:56:49:	4	count	time	30.000000s/cts	O Det=2865	H Det=2387	Mon Det=69327	Aux Det=3593	O+H=8845	 DONE
04/10/2025 07:57:21:	move motor	S18.axis2.phaseshifter 1 to -0.724136deg	 DONE
04/10/2025 07:57:23:	5	count	time	30.000000s/cts	O Det=2542	H Det=2094	Mon Det=69350	Aux Det=4110	O+H=8746	 DONE
04/10/2025 07:57:54:	move motor	S18.axis2.phaseshifter 1 to -0.655170deg	 DONE
04/10/2025 07:57:56:	6	count	time	30.000000s/cts	O Det=1934	H Det=1599	Mon Det=69508	Aux Det=5416	O+H=8949	 DONE
04/10/2025 07:58:27:	move motor	S18.axis2.phaseshifter 1 to -0.586204deg	 DONE
04/10/2025 07:58:29:	7	count	time	30.000000s/cts	O Det=1373	H Det=1226	Mon Det=68993	Aux Det=6306	O+H=8905	 DONE
04/10/2025 07:59:01:	move motor	S18.axis2.phaseshifter 1 to -0.517238deg	 DONE
04/10/2025 07:59:02:	8	count	time	30.000000s/cts	O Det=895	H Det=924	Mon Det=68594	Aux Det=7280	O+H=9099	 DONE
04/10/2025 07:59:34:	move motor	S18.axis2.phaseshifter 1 to -0.448272deg	 DONE
04/10/2025 07:59:35:	9	count	time	30.000000s/cts	O Det=668	H Det=638	Mon Det=69210	Aux Det=7596	O+H=8902	 DONE
04/10/2025 08:00:07:	move motor	S18.axis2.phaseshifter 1 to -0.379306deg	 DONE
04/10/2025 08:00:09:	10	count	time	30.000000s/cts	O Det=580	H Det=604	Mon Det=68797	Aux Det=7936	O+H=9120	 DONE
04/10/2025 08:00:40:	move motor	S18.axis2.phaseshifter 1 to -0.310340deg	 DONE
04/10/2025 08:00:42:	11	count	time	30.000000s/cts	O Det=689	H Det=642	Mon Det=69212	Aux Det=7456	O+H=8787	 DONE
04/10/2025 08:01:14:	move motor	S18.axis2.phaseshifter 1 to -0.241374deg	 DONE
04/10/2025 08:01:15:	12	count	time	30.000000s/cts	O Det=944	H Det=871	Mon Det=69295	Aux Det=7112	O+H=8927	 DONE
04/10/2025 08:01:47:	move motor	S18.axis2.phaseshifter 1 to -0.172408deg	 DONE
04/10/2025 08:01:48:	13	count	time	30.000000s/cts	O Det=1378	H Det=1184	Mon Det=69171	Aux Det=6103	O+H=8665	 DONE
04/10/2025 08:02:20:	move motor	S18.axis2.phaseshifter 1 to -0.103442deg	 DONE
04/10/2025 08:02:22:	14	count	time	30.000000s/cts	O Det=1912	H Det=1651	Mon Det=69336	Aux Det=5179	O+H=8742	 DONE
04/10/2025 08:02:53:	move motor	S18.axis2.phaseshifter 1 to -0.034476deg	 DONE
04/10/2025 08:02:55:	15	count	time	30.000000s/cts	O Det=2563	H Det=2038	Mon Det=68868	Aux Det=3879	O+H=8480	 DONE
04/10/2025 08:03:27:	move motor	S18.axis2.phaseshifter 1 to 0.034490deg	 DONE
04/10/2025 08:03:28:	16	count	time	30.000000s/cts	O Det=2900	H Det=2424	Mon Det=69334	Aux Det=3392	O+H=8716	 DONE
04/10/2025 08:04:00:	move motor	S18.axis2.phaseshifter 1 to 0.103456deg	 DONE
04/10/2025 08:04:01:	17	count	time	30.000000s/cts	O Det=2953	H Det=2545	Mon Det=69180	Aux Det=3063	O+H=8561	 DONE
04/10/2025 08:04:33:	move motor	S18.axis2.phaseshifter 1 to 0.172422deg	 DONE
04/10/2025 08:04:34:	18	count	time	30.000000s/cts	O Det=3016	H Det=2559	Mon Det=69111	Aux Det=3244	O+H=8819	 DONE
04/10/2025 08:05:06:	move motor	S18.axis2.phaseshifter 1 to 0.241388deg	 DONE
04/10/2025 08:05:08:	19	count	time	30.000000s/cts	O Det=2823	H Det=2439	Mon Det=69290	Aux Det=3525	O+H=8787	 DONE
04/10/2025 08:05:39:	move motor	S18.axis2.phaseshifter 1 to 0.310354deg	 DONE
04/10/2025 08:05:41:	20	count	time	30.000000s/cts	O Det=2501	H Det=2215	Mon Det=69095	Aux Det=4164	O+H=8880	 DONE
04/10/2025 08:06:13:	move motor	S18.axis2.phaseshifter 1 to 0.379320deg	 DONE
04/10/2025 08:06:14:	21	count	time	30.000000s/cts	O Det=1882	H Det=1683	Mon Det=69147	Aux Det=5140	O+H=8705	 DONE
04/10/2025 08:06:46:	move motor	S18.axis2.phaseshifter 1 to 0.448286deg	 DONE
04/10/2025 08:06:47:	22	count	time	30.000000s/cts	O Det=1461	H Det=1310	Mon Det=69359	Aux Det=6222	O+H=8993	 DONE
04/10/2025 08:07:19:	move motor	S18.axis2.phaseshifter 1 to 0.517252deg	 DONE
04/10/2025 08:07:21:	23	count	time	30.000000s/cts	O Det=983	H Det=964	Mon Det=69022	Aux Det=7175	O+H=9122	 DONE
04/10/2025 08:07:52:	move motor	S18.axis2.phaseshifter 1 to 0.586218deg	 DONE
04/10/2025 08:07:54:	24	count	time	30.000000s/cts	O Det=711	H Det=697	Mon Det=69116	Aux Det=7689	O+H=9097	 DONE
04/10/2025 08:08:25:	move motor	S18.axis2.phaseshifter 1 to 0.655184deg	 DONE
04/10/2025 08:08:27:	25	count	time	30.000000s/cts	O Det=563	H Det=618	Mon Det=69008	Aux Det=7804	O+H=8985	 DONE
04/10/2025 08:08:59:	move motor	S18.axis2.phaseshifter 1 to 0.724150deg	 DONE
04/10/2025 08:09:00:	26	count	time	30.000000s/cts	O Det=691	H Det=674	Mon Det=68795	Aux Det=7462	O+H=8827	 DONE
04/10/2025 08:09:32:	move motor	S18.axis2.phaseshifter 1 to 0.793116deg	 DONE
04/10/2025 08:09:33:	27	count	time	30.000000s/cts	O Det=952	H Det=893	Mon Det=68727	Aux Det=7079	O+H=8924	 DONE
04/10/2025 08:10:05:	move motor	S18.axis2.phaseshifter 1 to 0.862082deg	 DONE
04/10/2025 08:10:07:	28	count	time	30.000000s/cts	O Det=1363	H Det=1190	Mon Det=69241	Aux Det=6195	O+H=8748	 DONE
04/10/2025 08:10:38:	move motor	S18.axis2.phaseshifter 1 to 0.931048deg	 DONE
04/10/2025 08:10:40:	29	count	time	30.000000s/cts	O Det=2005	H Det=1736	Mon Det=69039	Aux Det=5028	O+H=8769	 DONE
04/10/2025 08:11:12:	move motor	S18.axis2.phaseshifter 1 to 1.000014deg	 DONE
04/10/2025 08:11:13:	30	count	time	30.000000s/cts	O Det=2413	H Det=2075	Mon Det=68975	Aux Det=4111	O+H=8599	 DONE
04/10/2025 08:11:45:	close file and end scan	 DONE
call of ifg1_newPS_2p30s_B3.sc DONE
04/10/2025 08:11:46:	move motor	S18.axis2.Aperture Y to 21.50000mm	reached 21.50000  DONE
04/10/2025 08:11:50:	move motor	S18.axis2.phaseshifter 1 to -1.100000deg	 DONE
04/10/2025 08:11:52:	create file	D:\data\Cycle 198\exp_3-16-19\rawdata\sc\Aperture_scan_ifg1_newPS_B3_2p30s_04Oct0811.dat	 DONE
room to enter remarks DONE
04/10/2025 08:11:53:	move motor	S18.axis2.phaseshifter 1 to -1.000000deg	 DONE
04/10/2025 08:11:55:	1	count	time	30.000000s/cts	O Det=2198	H Det=1989	Mon Det=69543	Aux Det=2697	O+H=6884	 DONE
04/10/2025 08:12:27:	move motor	S18.axis2.phaseshifter 1 to -0.931034deg	 DONE
04/10/2025 08:12:28:	2	count	time	30.000000s/cts	O Det=2526	H Det=2232	Mon Det=69055	Aux Det=2466	O+H=7224	 DONE
04/10/2025 08:13:00:	move motor	S18.axis2.phaseshifter 1 to -0.862068deg	 DONE
04/10/2025 08:13:01:	3	count	time	30.000000s/cts	O Det=2596	H Det=2163	Mon Det=69172	Aux Det=2177	O+H=6936	 DONE
04/10/2025 08:13:33:	move motor	S18.axis2.phaseshifter 1 to -0.793102deg	 DONE
04/10/2025 08:13:35:	4	count	time	30.000000s/cts	O Det=2458	H Det=2126	Mon Det=69033	Aux Det=2578	O+H=7162	 DONE
04/10/2025 08:14:06:	move motor	S18.axis2.phaseshifter 1 to -0.724136deg	 DONE
04/10/2025 08:14:08:	5	count	time	30.000000s/cts	O Det=2251	H Det=1943	Mon Det=68828	Aux Det=2798	O+H=6992	 DONE
04/10/2025 08:14:39:	move motor	S18.axis2.phaseshifter 1 to -0.655170deg	 DONE
04/10/2025 08:14:41:	6	count	time	30.000000s/cts	O Det=1773	H Det=1727	Mon Det=69070	Aux Det=3434	O+H=6934	 DONE
04/10/2025 08:15:13:	move motor	S18.axis2.phaseshifter 1 to -0.586204deg	 DONE
04/10/2025 08:15:14:	7	count	time	30.000000s/cts	O Det=1476	H Det=1297	Mon Det=68725	Aux Det=3996	O+H=6769	 DONE
04/10/2025 08:15:46:	move motor	S18.axis2.phaseshifter 1 to -0.517238deg	 DONE
04/10/2025 08:15:47:	8	count	time	30.000000s/cts	O Det=1076	H Det=1054	Mon Det=68448	Aux Det=4541	O+H=6671	 DONE
04/10/2025 08:16:19:	move motor	S18.axis2.phaseshifter 1 to -0.448272deg	 DONE
04/10/2025 08:16:21:	9	count	time	30.000000s/cts	O Det=754	H Det=795	Mon Det=69091	Aux Det=4825	O+H=6374	 DONE
04/10/2025 08:16:52:	move motor	S18.axis2.phaseshifter 1 to -0.379306deg	 DONE
04/10/2025 08:16:54:	10	count	time	30.000000s/cts	O Det=586	H Det=654	Mon Det=69073	Aux Det=5024	O+H=6264	 DONE
04/10/2025 08:17:26:	move motor	S18.axis2.phaseshifter 1 to -0.310340deg	 DONE
04/10/2025 08:17:27:	11	count	time	30.000000s/cts	O Det=622	H Det=723	Mon Det=69649	Aux Det=5018	O+H=6363	 DONE
04/10/2025 08:17:59:	move motor	S18.axis2.phaseshifter 1 to -0.241374deg	 DONE
04/10/2025 08:18:00:	12	count	time	30.000000s/cts	O Det=826	H Det=807	Mon Det=69271	Aux Det=4780	O+H=6413	 DONE
04/10/2025 08:18:32:	move motor	S18.axis2.phaseshifter 1 to -0.172408deg	 DONE
04/10/2025 08:18:34:	13	count	time	30.000000s/cts	O Det=1102	H Det=1080	Mon Det=68610	Aux Det=4207	O+H=6389	 DONE
04/10/2025 08:19:05:	move motor	S18.axis2.phaseshifter 1 to -0.103442deg	 DONE
04/10/2025 08:19:07:	14	count	time	30.000000s/cts	O Det=1550	H Det=1450	Mon Det=68823	Aux Det=3714	O+H=6714	 DONE
04/10/2025 08:19:39:	move motor	S18.axis2.phaseshifter 1 to -0.034476deg	 DONE
04/10/2025 08:19:40:	15	count	time	30.000000s/cts	O Det=2016	H Det=1820	Mon Det=68772	Aux Det=3170	O+H=7006	 DONE
04/10/2025 08:20:12:	move motor	S18.axis2.phaseshifter 1 to 0.034490deg	 DONE
04/10/2025 08:20:13:	16	count	time	30.000000s/cts	O Det=2299	H Det=2011	Mon Det=68718	Aux Det=2761	O+H=7071	 DONE
04/10/2025 08:20:45:	move motor	S18.axis2.phaseshifter 1 to 0.103456deg	 DONE
04/10/2025 08:20:46:	17	count	time	30.000000s/cts	O Det=2531	H Det=2170	Mon Det=68628	Aux Det=2358	O+H=7059	 DONE
04/10/2025 08:21:18:	move motor	S18.axis2.phaseshifter 1 to 0.172422deg	 DONE
04/10/2025 08:21:20:	18	count	time	30.000000s/cts	O Det=2656	H Det=2226	Mon Det=68950	Aux Det=2262	O+H=7144	 DONE
04/10/2025 08:21:51:	move motor	S18.axis2.phaseshifter 1 to 0.241388deg	 DONE
04/10/2025 08:21:53:	19	count	time	30.000000s/cts	O Det=2522	H Det=2084	Mon Det=69414	Aux Det=2485	O+H=7091	 DONE
04/10/2025 08:22:25:	move motor	S18.axis2.phaseshifter 1 to 0.310354deg	 DONE
04/10/2025 08:22:26:	20	count	time	30.000000s/cts	O Det=2208	H Det=2017	Mon Det=68761	Aux Det=2825	O+H=7050	 DONE
04/10/2025 08:22:58:	move motor	S18.axis2.phaseshifter 1 to 0.379320deg	 DONE
04/10/2025 08:22:59:	21	count	time	30.000000s/cts	O Det=1812	H Det=1629	Mon Det=68608	Aux Det=3534	O+H=6975	 DONE
04/10/2025 08:23:31:	move motor	S18.axis2.phaseshifter 1 to 0.448286deg	 DONE
04/10/2025 08:23:33:	22	count	time	30.000000s/cts	O Det=1431	H Det=1390	Mon Det=68681	Aux Det=4028	O+H=6849	 DONE
04/10/2025 08:24:04:	move motor	S18.axis2.phaseshifter 1 to 0.517252deg	 DONE
04/10/2025 08:24:06:	23	count	time	30.000000s/cts	O Det=1016	H Det=1034	Mon Det=68849	Aux Det=4498	O+H=6548	 DONE
04/10/2025 08:24:37:	move motor	S18.axis2.phaseshifter 1 to 0.586218deg	 DONE
04/10/2025 08:24:39:	24	count	time	30.000000s/cts	O Det=815	H Det=838	Mon Det=69159	Aux Det=4853	O+H=6506	 DONE
04/10/2025 08:25:11:	move motor	S18.axis2.phaseshifter 1 to 0.655184deg	 DONE
04/10/2025 08:25:12:	25	count	time	30.000000s/cts	O Det=619	H Det=663	Mon Det=69221	Aux Det=5065	O+H=6347	 DONE
04/10/2025 08:25:44:	move motor	S18.axis2.phaseshifter 1 to 0.724150deg	 DONE
04/10/2025 08:25:45:	26	count	time	30.000000s/cts	O Det=607	H Det=671	Mon Det=68804	Aux Det=5034	O+H=6312	 DONE
04/10/2025 08:26:17:	move motor	S18.axis2.phaseshifter 1 to 0.793116deg	 DONE
04/10/2025 08:26:19:	27	count	time	30.000000s/cts	O Det=785	H Det=774	Mon Det=69025	Aux Det=4806	O+H=6365	 DONE
04/10/2025 08:26:50:	move motor	S18.axis2.phaseshifter 1 to 0.862082deg	 DONE
04/10/2025 08:26:52:	28	count	time	30.000000s/cts	O Det=1117	H Det=1010	Mon Det=69210	Aux Det=4427	O+H=6554	 DONE
04/10/2025 08:27:24:	move motor	S18.axis2.phaseshifter 1 to 0.931048deg	 DONE
04/10/2025 08:27:25:	29	count	time	30.000000s/cts	O Det=1561	H Det=1438	Mon Det=69097	Aux Det=3731	O+H=6730	 DONE
04/10/2025 08:27:57:	move motor	S18.axis2.phaseshifter 1 to 1.000014deg	 DONE
04/10/2025 08:27:58:	30	count	time	30.000000s/cts	O Det=1936	H Det=1720	Mon Det=69009	Aux Det=3058	O+H=6714	 DONE
04/10/2025 08:28:30:	close file and end scan	 DONE
call of ifg1_newPS_2p30s_B2.sc DONE
04/10/2025 08:28:31:	END OF SCRIPT	 DONE
