03/10/2025 21:45:33:	start execution of script D:\data\Cycle 198\exp_3-16-19\rawdata\sc\Aperture_scan_ifg2_newPS_B2_2p30s.sc	 DONE
03/10/2025 21:45:33:	move motor	S18.axis2.Aperture Z to 8.50000mm	reached 8.50000  DONE
03/10/2025 21:45:37:	move motor	S18.axis2.Aperture Y to 16.50000mm	reached 16.50000  DONE
03/10/2025 21:45:41:	move motor	S18.axis2.phaseshifter 2 to -3.100000deg	 DONE
03/10/2025 21:45:43:	create file	D:\data\Cycle 198\exp_3-16-19\rawdata\sc\Aperture_scan_ifg2_newPS_B2_2p30s_03Oct2145.dat	 DONE
room to enter remarks DONE
03/10/2025 21:45:44:	move motor	S18.axis2.phaseshifter 2 to -3.000000deg	 DONE
03/10/2025 21:45:46:	1	count	time	30.000000s/cts	O Det=2148	H Det=2056	Mon Det=69411	Aux Det=3536	O+H=7740	 DONE
03/10/2025 21:46:18:	move motor	S18.axis2.phaseshifter 2 to -2.931034deg	 DONE
03/10/2025 21:46:19:	2	count	time	30.000000s/cts	O Det=2506	H Det=1760	Mon Det=69179	Aux Det=3604	O+H=7870	 DONE
03/10/2025 21:46:51:	move motor	S18.axis2.phaseshifter 2 to -2.862068deg	 DONE
03/10/2025 21:46:52:	3	count	time	30.000000s/cts	O Det=2848	H Det=1464	Mon Det=69169	Aux Det=3454	O+H=7766	 DONE
03/10/2025 21:47:24:	move motor	S18.axis2.phaseshifter 2 to -2.793102deg	 DONE
03/10/2025 21:47:26:	4	count	time	30.000000s/cts	O Det=2688	H Det=1435	Mon Det=69339	Aux Det=3579	O+H=7702	 DONE
03/10/2025 21:47:57:	move motor	S18.axis2.phaseshifter 2 to -2.724136deg	 DONE
03/10/2025 21:47:59:	5	count	time	30.000000s/cts	O Det=2609	H Det=1541	Mon Det=68917	Aux Det=3580	O+H=7730	 DONE
03/10/2025 21:48:30:	move motor	S18.axis2.phaseshifter 2 to -2.655170deg	 DONE
03/10/2025 21:48:32:	6	count	time	30.000000s/cts	O Det=2440	H Det=1776	Mon Det=69244	Aux Det=3550	O+H=7766	 DONE
03/10/2025 21:49:04:	move motor	S18.axis2.phaseshifter 2 to -2.586204deg	 DONE
03/10/2025 21:49:05:	7	count	time	30.000000s/cts	O Det=1878	H Det=2373	Mon Det=68573	Aux Det=3576	O+H=7827	 DONE
03/10/2025 21:49:37:	move motor	S18.axis2.phaseshifter 2 to -2.517238deg	 DONE
03/10/2025 21:49:38:	8	count	time	30.000000s/cts	O Det=1334	H Det=2721	Mon Det=69150	Aux Det=3507	O+H=7562	 DONE
03/10/2025 21:50:10:	move motor	S18.axis2.phaseshifter 2 to -2.448272deg	 DONE
03/10/2025 21:50:12:	9	count	time	30.000000s/cts	O Det=860	H Det=3137	Mon Det=69515	Aux Det=3503	O+H=7500	 DONE
03/10/2025 21:50:43:	move motor	S18.axis2.phaseshifter 2 to -2.379306deg	 DONE
03/10/2025 21:50:45:	10	count	time	30.000000s/cts	O Det=494	H Det=3603	Mon Det=69484	Aux Det=3500	O+H=7597	 DONE
03/10/2025 21:51:16:	move motor	S18.axis2.phaseshifter 2 to -2.310340deg	 DONE
03/10/2025 21:51:18:	11	count	time	30.000000s/cts	O Det=351	H Det=3603	Mon Det=69107	Aux Det=3583	O+H=7537	 DONE
03/10/2025 21:51:50:	move motor	S18.axis2.phaseshifter 2 to -2.241374deg	 DONE
03/10/2025 21:51:51:	12	count	time	30.000000s/cts	O Det=393	H Det=3623	Mon Det=68976	Aux Det=3526	O+H=7542	 DONE
03/10/2025 21:52:23:	move motor	S18.axis2.phaseshifter 2 to -2.172408deg	 DONE
03/10/2025 21:52:24:	13	count	time	30.000000s/cts	O Det=668	H Det=3375	Mon Det=68986	Aux Det=3673	O+H=7716	 DONE
03/10/2025 21:52:56:	move motor	S18.axis2.phaseshifter 2 to -2.103442deg	 DONE
03/10/2025 21:52:58:	14	count	time	30.000000s/cts	O Det=1188	H Det=2921	Mon Det=69388	Aux Det=3518	O+H=7627	 DONE
03/10/2025 21:53:29:	move motor	S18.axis2.phaseshifter 2 to -2.034476deg	 DONE
03/10/2025 21:53:31:	15	count	time	30.000000s/cts	O Det=1781	H Det=2314	Mon Det=69486	Aux Det=3630	O+H=7725	 DONE
03/10/2025 21:54:02:	move motor	S18.axis2.phaseshifter 2 to -1.965510deg	 DONE
03/10/2025 21:54:04:	16	count	time	30.000000s/cts	O Det=2055	H Det=2022	Mon Det=69127	Aux Det=3558	O+H=7635	 DONE
03/10/2025 21:54:36:	move motor	S18.axis2.phaseshifter 2 to -1.896544deg	 DONE
03/10/2025 21:54:37:	17	count	time	30.000000s/cts	O Det=2617	H Det=1688	Mon Det=69162	Aux Det=3562	O+H=7867	 DONE
03/10/2025 21:55:09:	move motor	S18.axis2.phaseshifter 2 to -1.827578deg	 DONE
03/10/2025 21:55:10:	18	count	time	30.000000s/cts	O Det=2726	H Det=1403	Mon Det=69083	Aux Det=3676	O+H=7805	 DONE
03/10/2025 21:55:42:	move motor	S18.axis2.phaseshifter 2 to -1.758612deg	 DONE
03/10/2025 21:55:44:	19	count	time	30.000000s/cts	O Det=2846	H Det=1493	Mon Det=69367	Aux Det=3610	O+H=7949	 DONE
03/10/2025 21:56:15:	move motor	S18.axis2.phaseshifter 2 to -1.689646deg	 DONE
03/10/2025 21:56:17:	20	count	time	30.000000s/cts	O Det=2609	H Det=1622	Mon Det=68724	Aux Det=3481	O+H=7712	 DONE
03/10/2025 21:56:48:	move motor	S18.axis2.phaseshifter 2 to -1.620680deg	 DONE
03/10/2025 21:56:50:	21	count	time	30.000000s/cts	O Det=2194	H Det=1973	Mon Det=68459	Aux Det=3578	O+H=7745	 DONE
03/10/2025 21:57:22:	move motor	S18.axis2.phaseshifter 2 to -1.551714deg	 DONE
03/10/2025 21:57:23:	22	count	time	30.000000s/cts	O Det=1778	H Det=2383	Mon Det=69350	Aux Det=3683	O+H=7844	 DONE
03/10/2025 21:57:55:	move motor	S18.axis2.phaseshifter 2 to -1.482748deg	 DONE
03/10/2025 21:57:56:	23	count	time	30.000000s/cts	O Det=1177	H Det=2905	Mon Det=68988	Aux Det=3646	O+H=7728	 DONE
03/10/2025 21:58:28:	move motor	S18.axis2.phaseshifter 2 to -1.413782deg	 DONE
03/10/2025 21:58:30:	24	count	time	30.000000s/cts	O Det=710	H Det=3239	Mon Det=69062	Aux Det=3624	O+H=7573	 DONE
03/10/2025 21:59:01:	move motor	S18.axis2.phaseshifter 2 to -1.344816deg	 DONE
03/10/2025 21:59:03:	25	count	time	30.000000s/cts	O Det=471	H Det=3549	Mon Det=69061	Aux Det=3668	O+H=7688	 DONE
03/10/2025 21:59:34:	move motor	S18.axis2.phaseshifter 2 to -1.275850deg	 DONE
03/10/2025 21:59:36:	26	count	time	30.000000s/cts	O Det=385	H Det=3624	Mon Det=68663	Aux Det=3524	O+H=7533	 DONE
03/10/2025 22:00:08:	move motor	S18.axis2.phaseshifter 2 to -1.206884deg	 DONE
03/10/2025 22:00:09:	27	count	time	30.000000s/cts	O Det=547	H Det=3391	Mon Det=69261	Aux Det=3639	O+H=7577	 DONE
03/10/2025 22:00:41:	move motor	S18.axis2.phaseshifter 2 to -1.137918deg	 DONE
03/10/2025 22:00:42:	28	count	time	30.000000s/cts	O Det=831	H Det=3189	Mon Det=69347	Aux Det=3544	O+H=7564	 DONE
03/10/2025 22:01:14:	move motor	S18.axis2.phaseshifter 2 to -1.068952deg	 DONE
03/10/2025 22:01:16:	29	count	time	30.000000s/cts	O Det=1315	H Det=2694	Mon Det=69286	Aux Det=3582	O+H=7591	 DONE
03/10/2025 22:01:47:	move motor	S18.axis2.phaseshifter 2 to -0.999986deg	 DONE
03/10/2025 22:01:49:	30	count	time	30.000000s/cts	O Det=1870	H Det=2232	Mon Det=68773	Aux Det=3427	O+H=7529	 DONE
03/10/2025 22:02:20:	close file and end scan	 DONE
call of ifg2_newPS_2p30s_B2.sc DONE
03/10/2025 22:02:21:	move motor	S18.axis2.Aperture Y to 19.00000mm	reached 19.00000  DONE
03/10/2025 22:02:25:	move motor	S18.axis2.phaseshifter 2 to -3.100000deg	 DONE
03/10/2025 22:02:28:	create file	D:\data\Cycle 198\exp_3-16-19\rawdata\sc\Aperture_scan_ifg2_newPS_B2_2p30s_03Oct2202.dat	 DONE
room to enter remarks DONE
03/10/2025 22:02:29:	move motor	S18.axis2.phaseshifter 2 to -3.000000deg	 DONE
03/10/2025 22:02:30:	1	count	time	30.000000s/cts	O Det=2417	H Det=2214	Mon Det=69403	Aux Det=3182	O+H=7813	 DONE
03/10/2025 22:03:02:	move motor	S18.axis2.phaseshifter 2 to -2.931034deg	 DONE
03/10/2025 22:03:03:	2	count	time	30.000000s/cts	O Det=2700	H Det=2063	Mon Det=69017	Aux Det=3177	O+H=7940	 DONE
03/10/2025 22:03:35:	move motor	S18.axis2.phaseshifter 2 to -2.862068deg	 DONE
03/10/2025 22:03:37:	3	count	time	30.000000s/cts	O Det=2953	H Det=1896	Mon Det=70063	Aux Det=3106	O+H=7955	 DONE
03/10/2025 22:04:08:	move motor	S18.axis2.phaseshifter 2 to -2.793102deg	 DONE
03/10/2025 22:04:10:	4	count	time	30.000000s/cts	O Det=2688	H Det=1986	Mon Det=69480	Aux Det=3189	O+H=7863	 DONE
03/10/2025 22:04:41:	move motor	S18.axis2.phaseshifter 2 to -2.724136deg	 DONE
03/10/2025 22:04:43:	5	count	time	30.000000s/cts	O Det=2494	H Det=2225	Mon Det=69393	Aux Det=3183	O+H=7902	 DONE
03/10/2025 22:05:15:	move motor	S18.axis2.phaseshifter 2 to -2.655170deg	 DONE
03/10/2025 22:05:16:	6	count	time	30.000000s/cts	O Det=2128	H Det=2628	Mon Det=69360	Aux Det=3189	O+H=7945	 DONE
03/10/2025 22:05:48:	move motor	S18.axis2.phaseshifter 2 to -2.586204deg	 DONE
03/10/2025 22:05:49:	7	count	time	30.000000s/cts	O Det=1619	H Det=2895	Mon Det=69282	Aux Det=3174	O+H=7688	 DONE
03/10/2025 22:06:21:	move motor	S18.axis2.phaseshifter 2 to -2.517238deg	 DONE
03/10/2025 22:06:23:	8	count	time	30.000000s/cts	O Det=939	H Det=3606	Mon Det=68812	Aux Det=3221	O+H=7766	 DONE
03/10/2025 22:06:54:	move motor	S18.axis2.phaseshifter 2 to -2.448272deg	 DONE
03/10/2025 22:06:56:	9	count	time	30.000000s/cts	O Det=639	H Det=3917	Mon Det=69564	Aux Det=3118	O+H=7674	 DONE
03/10/2025 22:07:27:	move motor	S18.axis2.phaseshifter 2 to -2.379306deg	 DONE
03/10/2025 22:07:29:	10	count	time	30.000000s/cts	O Det=454	H Det=4035	Mon Det=69822	Aux Det=3111	O+H=7600	 DONE
03/10/2025 22:08:01:	move motor	S18.axis2.phaseshifter 2 to -2.310340deg	 DONE
03/10/2025 22:08:02:	11	count	time	30.000000s/cts	O Det=478	H Det=4131	Mon Det=69352	Aux Det=3046	O+H=7655	 DONE
03/10/2025 22:08:34:	move motor	S18.axis2.phaseshifter 2 to -2.241374deg	 DONE
03/10/2025 22:08:35:	12	count	time	30.000000s/cts	O Det=723	H Det=3934	Mon Det=69264	Aux Det=3134	O+H=7791	 DONE
03/10/2025 22:09:07:	move motor	S18.axis2.phaseshifter 2 to -2.172408deg	 DONE
03/10/2025 22:09:09:	13	count	time	30.000000s/cts	O Det=1148	H Det=3476	Mon Det=69774	Aux Det=3177	O+H=7801	 DONE
03/10/2025 22:09:40:	move motor	S18.axis2.phaseshifter 2 to -2.103442deg	 DONE
03/10/2025 22:09:42:	14	count	time	30.000000s/cts	O Det=1629	H Det=2915	Mon Det=69613	Aux Det=3160	O+H=7704	 DONE
03/10/2025 22:10:13:	move motor	S18.axis2.phaseshifter 2 to -2.034476deg	 DONE
03/10/2025 22:10:15:	15	count	time	30.000000s/cts	O Det=2202	H Det=2506	Mon Det=68842	Aux Det=3109	O+H=7817	 DONE
03/10/2025 22:10:47:	move motor	S18.axis2.phaseshifter 2 to -1.965510deg	 DONE
03/10/2025 22:10:48:	16	count	time	30.000000s/cts	O Det=2554	H Det=2288	Mon Det=68966	Aux Det=3153	O+H=7995	 DONE
03/10/2025 22:11:20:	move motor	S18.axis2.phaseshifter 2 to -1.896544deg	 DONE
03/10/2025 22:11:21:	17	count	time	30.000000s/cts	O Det=2833	H Det=2009	Mon Det=68952	Aux Det=3142	O+H=7984	 DONE
03/10/2025 22:11:53:	move motor	S18.axis2.phaseshifter 2 to -1.827578deg	 DONE
03/10/2025 22:11:55:	18	count	time	30.000000s/cts	O Det=2908	H Det=1900	Mon Det=69401	Aux Det=3137	O+H=7945	 DONE
03/10/2025 22:12:26:	move motor	S18.axis2.phaseshifter 2 to -1.758612deg	 DONE
03/10/2025 22:12:28:	19	count	time	30.000000s/cts	O Det=2784	H Det=2008	Mon Det=69407	Aux Det=3115	O+H=7907	 DONE
03/10/2025 22:12:59:	move motor	S18.axis2.phaseshifter 2 to -1.689646deg	 DONE
03/10/2025 22:13:01:	20	count	time	30.000000s/cts	O Det=2393	H Det=2310	Mon Det=69223	Aux Det=3104	O+H=7807	 DONE
03/10/2025 22:13:33:	move motor	S18.axis2.phaseshifter 2 to -1.620680deg	 DONE
03/10/2025 22:13:34:	21	count	time	30.000000s/cts	O Det=1915	H Det=2843	Mon Det=69459	Aux Det=3059	O+H=7817	 DONE
03/10/2025 22:14:06:	move motor	S18.axis2.phaseshifter 2 to -1.551714deg	 DONE
03/10/2025 22:14:07:	22	count	time	30.000000s/cts	O Det=1391	H Det=3181	Mon Det=69383	Aux Det=3051	O+H=7623	 DONE
03/10/2025 22:14:39:	move motor	S18.axis2.phaseshifter 2 to -1.482748deg	 DONE
03/10/2025 22:14:41:	23	count	time	30.000000s/cts	O Det=903	H Det=3577	Mon Det=69131	Aux Det=3084	O+H=7564	 DONE
03/10/2025 22:15:12:	move motor	S18.axis2.phaseshifter 2 to -1.413782deg	 DONE
03/10/2025 22:15:14:	24	count	time	30.000000s/cts	O Det=562	H Det=3894	Mon Det=68814	Aux Det=3084	O+H=7540	 DONE
03/10/2025 22:15:45:	move motor	S18.axis2.phaseshifter 2 to -1.344816deg	 DONE
03/10/2025 22:15:47:	25	count	time	30.000000s/cts	O Det=430	H Det=4123	Mon Det=69831	Aux Det=3151	O+H=7704	 DONE
03/10/2025 22:16:19:	move motor	S18.axis2.phaseshifter 2 to -1.275850deg	 DONE
03/10/2025 22:16:20:	26	count	time	30.000000s/cts	O Det=564	H Det=3930	Mon Det=69009	Aux Det=3165	O+H=7659	 DONE
03/10/2025 22:16:52:	move motor	S18.axis2.phaseshifter 2 to -1.206884deg	 DONE
03/10/2025 22:16:54:	27	count	time	30.000000s/cts	O Det=813	H Det=3835	Mon Det=68696	Aux Det=3091	O+H=7739	 DONE
03/10/2025 22:17:25:	move motor	S18.axis2.phaseshifter 2 to -1.137918deg	 DONE
03/10/2025 22:17:27:	28	count	time	30.000000s/cts	O Det=1209	H Det=3492	Mon Det=69110	Aux Det=3101	O+H=7802	 DONE
03/10/2025 22:17:58:	move motor	S18.axis2.phaseshifter 2 to -1.068952deg	 DONE
03/10/2025 22:18:00:	29	count	time	30.000000s/cts	O Det=1794	H Det=2838	Mon Det=69081	Aux Det=3218	O+H=7850	 DONE
03/10/2025 22:18:32:	move motor	S18.axis2.phaseshifter 2 to -0.999986deg	 DONE
03/10/2025 22:18:33:	30	count	time	30.000000s/cts	O Det=2179	H Det=2537	Mon Det=69300	Aux Det=3147	O+H=7863	 DONE
03/10/2025 22:19:05:	close file and end scan	 DONE
call of ifg2_newPS_2p30s_B2.sc DONE
03/10/2025 22:19:06:	move motor	S18.axis2.Aperture Z to 11.00000mm	reached 11.00000  DONE
03/10/2025 22:19:10:	move motor	S18.axis2.Aperture Y to 16.50000mm	reached 16.50000  DONE
03/10/2025 22:19:14:	move motor	S18.axis2.phaseshifter 2 to -3.100000deg	 DONE
03/10/2025 22:19:16:	create file	D:\data\Cycle 198\exp_3-16-19\rawdata\sc\Aperture_scan_ifg2_newPS_B2_2p30s_03Oct2219.dat	 DONE
room to enter remarks DONE
03/10/2025 22:19:17:	move motor	S18.axis2.phaseshifter 2 to -3.000000deg	 DONE
03/10/2025 22:19:19:	1	count	time	30.000000s/cts	O Det=2117	H Det=2216	Mon Det=69733	Aux Det=3414	O+H=7747	 DONE
03/10/2025 22:19:50:	move motor	S18.axis2.phaseshifter 2 to -2.931034deg	 DONE
03/10/2025 22:19:52:	2	count	time	30.000000s/cts	O Det=2379	H Det=1840	Mon Det=68889	Aux Det=3351	O+H=7570	 DONE
03/10/2025 22:20:23:	move motor	S18.axis2.phaseshifter 2 to -2.862068deg	 DONE
03/10/2025 22:20:25:	3	count	time	30.000000s/cts	O Det=2612	H Det=1657	Mon Det=69337	Aux Det=3433	O+H=7702	 DONE
03/10/2025 22:20:57:	move motor	S18.axis2.phaseshifter 2 to -2.793102deg	 DONE
03/10/2025 22:20:58:	4	count	time	30.000000s/cts	O Det=2767	H Det=1643	Mon Det=69036	Aux Det=3406	O+H=7816	 DONE
03/10/2025 22:21:30:	move motor	S18.axis2.phaseshifter 2 to -2.724136deg	 DONE
03/10/2025 22:21:32:	5	count	time	30.000000s/cts	O Det=2580	H Det=1782	Mon Det=68944	Aux Det=3422	O+H=7784	 DONE
03/10/2025 22:22:03:	move motor	S18.axis2.phaseshifter 2 to -2.655170deg	 DONE
03/10/2025 22:22:05:	6	count	time	30.000000s/cts	O Det=2098	H Det=2026	Mon Det=68820	Aux Det=3265	O+H=7389	 DONE
03/10/2025 22:22:36:	move motor	S18.axis2.phaseshifter 2 to -2.586204deg	 DONE
03/10/2025 22:22:38:	7	count	time	30.000000s/cts	O Det=1653	H Det=2474	Mon Det=68878	Aux Det=3404	O+H=7531	 DONE
03/10/2025 22:23:10:	move motor	S18.axis2.phaseshifter 2 to -2.517238deg	 DONE
03/10/2025 22:23:11:	8	count	time	30.000000s/cts	O Det=1383	H Det=2878	Mon Det=69120	Aux Det=3349	O+H=7610	 DONE
03/10/2025 22:23:43:	move motor	S18.axis2.phaseshifter 2 to -2.448272deg	 DONE
03/10/2025 22:23:44:	9	count	time	30.000000s/cts	O Det=898	H Det=3241	Mon Det=68724	Aux Det=3313	O+H=7452	 DONE
03/10/2025 22:24:16:	move motor	S18.axis2.phaseshifter 2 to -2.379306deg	 DONE
03/10/2025 22:24:18:	10	count	time	30.000000s/cts	O Det=590	H Det=3440	Mon Det=69299	Aux Det=3421	O+H=7451	 DONE
03/10/2025 22:24:49:	move motor	S18.axis2.phaseshifter 2 to -2.310340deg	 DONE
03/10/2025 22:24:51:	11	count	time	30.000000s/cts	O Det=451	H Det=3714	Mon Det=68947	Aux Det=3288	O+H=7453	 DONE
03/10/2025 22:25:22:	move motor	S18.axis2.phaseshifter 2 to -2.241374deg	 DONE
03/10/2025 22:25:24:	12	count	time	30.000000s/cts	O Det=523	H Det=3543	Mon Det=68329	Aux Det=3356	O+H=7422	 DONE
03/10/2025 22:25:56:	move motor	S18.axis2.phaseshifter 2 to -2.172408deg	 DONE
03/10/2025 22:25:57:	13	count	time	30.000000s/cts	O Det=783	H Det=3243	Mon Det=68960	Aux Det=3414	O+H=7440	 DONE
03/10/2025 22:26:29:	move motor	S18.axis2.phaseshifter 2 to -2.103442deg	 DONE
03/10/2025 22:26:31:	14	count	time	30.000000s/cts	O Det=1245	H Det=2991	Mon Det=68948	Aux Det=3366	O+H=7602	 DONE
03/10/2025 22:27:02:	move motor	S18.axis2.phaseshifter 2 to -2.034476deg	 DONE
03/10/2025 22:27:04:	15	count	time	30.000000s/cts	O Det=1816	H Det=2441	Mon Det=69226	Aux Det=3372	O+H=7629	 DONE
03/10/2025 22:27:35:	move motor	S18.axis2.phaseshifter 2 to -1.965510deg	 DONE
03/10/2025 22:27:37:	16	count	time	30.000000s/cts	O Det=2306	H Det=2031	Mon Det=68566	Aux Det=3344	O+H=7681	 DONE
03/10/2025 22:28:09:	move motor	S18.axis2.phaseshifter 2 to -1.896544deg	 DONE
03/10/2025 22:28:10:	17	count	time	30.000000s/cts	O Det=2533	H Det=1810	Mon Det=69024	Aux Det=3438	O+H=7781	 DONE
03/10/2025 22:28:42:	move motor	S18.axis2.phaseshifter 2 to -1.827578deg	 DONE
03/10/2025 22:28:43:	18	count	time	30.000000s/cts	O Det=2741	H Det=1659	Mon Det=69251	Aux Det=3291	O+H=7691	 DONE
03/10/2025 22:29:15:	move motor	S18.axis2.phaseshifter 2 to -1.758612deg	 DONE
03/10/2025 22:29:17:	19	count	time	30.000000s/cts	O Det=2634	H Det=1714	Mon Det=69247	Aux Det=3285	O+H=7633	 DONE
03/10/2025 22:29:48:	move motor	S18.axis2.phaseshifter 2 to -1.689646deg	 DONE
03/10/2025 22:29:50:	20	count	time	30.000000s/cts	O Det=2469	H Det=1826	Mon Det=68709	Aux Det=3372	O+H=7667	 DONE
03/10/2025 22:30:21:	move motor	S18.axis2.phaseshifter 2 to -1.620680deg	 DONE
03/10/2025 22:30:23:	21	count	time	30.000000s/cts	O Det=2067	H Det=2264	Mon Det=69198	Aux Det=3402	O+H=7733	 DONE
03/10/2025 22:30:55:	move motor	S18.axis2.phaseshifter 2 to -1.551714deg	 DONE
03/10/2025 22:30:56:	22	count	time	30.000000s/cts	O Det=1542	H Det=2544	Mon Det=69063	Aux Det=3296	O+H=7382	 DONE
03/10/2025 22:31:28:	move motor	S18.axis2.phaseshifter 2 to -1.482748deg	 DONE
03/10/2025 22:31:29:	23	count	time	30.000000s/cts	O Det=1188	H Det=3046	Mon Det=69037	Aux Det=3261	O+H=7495	 DONE
03/10/2025 22:32:01:	move motor	S18.axis2.phaseshifter 2 to -1.413782deg	 DONE
03/10/2025 22:32:03:	24	count	time	30.000000s/cts	O Det=695	H Det=3445	Mon Det=68952	Aux Det=3354	O+H=7494	 DONE
03/10/2025 22:32:34:	move motor	S18.axis2.phaseshifter 2 to -1.344816deg	 DONE
03/10/2025 22:32:36:	25	count	time	30.000000s/cts	O Det=474	H Det=3542	Mon Det=69332	Aux Det=3278	O+H=7294	 DONE
03/10/2025 22:33:07:	move motor	S18.axis2.phaseshifter 2 to -1.275850deg	 DONE
03/10/2025 22:33:09:	26	count	time	30.000000s/cts	O Det=486	H Det=3488	Mon Det=69227	Aux Det=3365	O+H=7339	 DONE
03/10/2025 22:33:41:	move motor	S18.axis2.phaseshifter 2 to -1.206884deg	 DONE
03/10/2025 22:33:42:	27	count	time	30.000000s/cts	O Det=661	H Det=3485	Mon Det=69165	Aux Det=3369	O+H=7515	 DONE
03/10/2025 22:34:14:	move motor	S18.axis2.phaseshifter 2 to -1.137918deg	 DONE
03/10/2025 22:34:15:	28	count	time	30.000000s/cts	O Det=941	H Det=3190	Mon Det=69671	Aux Det=3445	O+H=7576	 DONE
03/10/2025 22:34:47:	move motor	S18.axis2.phaseshifter 2 to -1.068952deg	 DONE
03/10/2025 22:34:49:	29	count	time	30.000000s/cts	O Det=1540	H Det=2785	Mon Det=68579	Aux Det=3378	O+H=7703	 DONE
03/10/2025 22:35:20:	move motor	S18.axis2.phaseshifter 2 to -0.999986deg	 DONE
03/10/2025 22:35:22:	30	count	time	30.000000s/cts	O Det=1852	H Det=2421	Mon Det=69592	Aux Det=3345	O+H=7618	 DONE
03/10/2025 22:35:53:	close file and end scan	 DONE
call of ifg2_newPS_2p30s_B2.sc DONE
03/10/2025 22:35:54:	move motor	S18.axis2.Aperture Y to 19.00000mm	reached 19.00000  DONE
03/10/2025 22:35:58:	move motor	S18.axis2.phaseshifter 2 to -3.100000deg	 DONE
03/10/2025 22:36:01:	create file	D:\data\Cycle 198\exp_3-16-19\rawdata\sc\Aperture_scan_ifg2_newPS_B2_2p30s_03Oct2236.dat	 DONE
room to enter remarks DONE
03/10/2025 22:36:02:	move motor	S18.axis2.phaseshifter 2 to -3.000000deg	 DONE
03/10/2025 22:36:03:	1	count	time	30.000000s/cts	O Det=2457	H Det=2471	Mon Det=68868	Aux Det=3117	O+H=8045	 DONE
03/10/2025 22:36:35:	move motor	S18.axis2.phaseshifter 2 to -2.931034deg	 DONE
03/10/2025 22:36:36:	2	count	time	30.000000s/cts	O Det=2865	H Det=2295	Mon Det=68954	Aux Det=3023	O+H=8183	 DONE
03/10/2025 22:37:08:	move motor	S18.axis2.phaseshifter 2 to -2.862068deg	 DONE
03/10/2025 22:37:10:	3	count	time	30.000000s/cts	O Det=2916	H Det=2165	Mon Det=69078	Aux Det=3147	O+H=8228	 DONE
03/10/2025 22:37:41:	move motor	S18.axis2.phaseshifter 2 to -2.793102deg	 DONE
03/10/2025 22:37:43:	4	count	time	30.000000s/cts	O Det=2710	H Det=2387	Mon Det=69273	Aux Det=3029	O+H=8126	 DONE
03/10/2025 22:38:14:	move motor	S18.axis2.phaseshifter 2 to -2.724136deg	 DONE
03/10/2025 22:38:16:	5	count	time	30.000000s/cts	O Det=2377	H Det=2620	Mon Det=69311	Aux Det=3067	O+H=8064	 DONE
03/10/2025 22:38:48:	move motor	S18.axis2.phaseshifter 2 to -2.655170deg	 DONE
03/10/2025 22:38:49:	6	count	time	30.000000s/cts	O Det=1952	H Det=2944	Mon Det=68772	Aux Det=3036	O+H=7932	 DONE
03/10/2025 22:39:21:	move motor	S18.axis2.phaseshifter 2 to -2.586204deg	 DONE
03/10/2025 22:39:22:	7	count	time	30.000000s/cts	O Det=1461	H Det=3393	Mon Det=68865	Aux Det=3043	O+H=7897	 DONE
03/10/2025 22:39:54:	move motor	S18.axis2.phaseshifter 2 to -2.517238deg	 DONE
03/10/2025 22:39:56:	8	count	time	30.000000s/cts	O Det=1029	H Det=3975	Mon Det=69255	Aux Det=3069	O+H=8073	 DONE
03/10/2025 22:40:27:	move motor	S18.axis2.phaseshifter 2 to -2.448272deg	 DONE
03/10/2025 22:40:29:	9	count	time	30.000000s/cts	O Det=655	H Det=4190	Mon Det=69012	Aux Det=3192	O+H=8037	 DONE
03/10/2025 22:41:00:	move motor	S18.axis2.phaseshifter 2 to -2.379306deg	 DONE
03/10/2025 22:41:02:	10	count	time	30.000000s/cts	O Det=511	H Det=4307	Mon Det=69304	Aux Det=3132	O+H=7950	 DONE
03/10/2025 22:41:34:	move motor	S18.axis2.phaseshifter 2 to -2.310340deg	 DONE
03/10/2025 22:41:35:	11	count	time	30.000000s/cts	O Det=581	H Det=4264	Mon Det=69100	Aux Det=3066	O+H=7911	 DONE
03/10/2025 22:42:07:	move motor	S18.axis2.phaseshifter 2 to -2.241374deg	 DONE
03/10/2025 22:42:08:	12	count	time	30.000000s/cts	O Det=903	H Det=3914	Mon Det=69153	Aux Det=3144	O+H=7961	 DONE
03/10/2025 22:42:40:	move motor	S18.axis2.phaseshifter 2 to -2.172408deg	 DONE
03/10/2025 22:42:42:	13	count	time	30.000000s/cts	O Det=1202	H Det=3608	Mon Det=69247	Aux Det=2969	O+H=7779	 DONE
03/10/2025 22:43:13:	move motor	S18.axis2.phaseshifter 2 to -2.103442deg	 DONE
03/10/2025 22:43:15:	14	count	time	30.000000s/cts	O Det=1781	H Det=3184	Mon Det=68954	Aux Det=3059	O+H=8024	 DONE
03/10/2025 22:43:46:	move motor	S18.axis2.phaseshifter 2 to -2.034476deg	 DONE
03/10/2025 22:43:48:	15	count	time	30.000000s/cts	O Det=2210	H Det=2844	Mon Det=69016	Aux Det=3130	O+H=8184	 DONE
03/10/2025 22:44:20:	move motor	S18.axis2.phaseshifter 2 to -1.965510deg	 DONE
03/10/2025 22:44:21:	16	count	time	30.000000s/cts	O Det=2573	H Det=2502	Mon Det=69020	Aux Det=3146	O+H=8221	 DONE
03/10/2025 22:44:53:	move motor	S18.axis2.phaseshifter 2 to -1.896544deg	 DONE
03/10/2025 22:44:54:	17	count	time	30.000000s/cts	O Det=2865	H Det=2187	Mon Det=69618	Aux Det=3090	O+H=8142	 DONE
03/10/2025 22:45:26:	move motor	S18.axis2.phaseshifter 2 to -1.827578deg	 DONE
03/10/2025 22:45:28:	18	count	time	30.000000s/cts	O Det=2758	H Det=2330	Mon Det=69503	Aux Det=3202	O+H=8290	 DONE
03/10/2025 22:45:59:	move motor	S18.axis2.phaseshifter 2 to -1.758612deg	 DONE
03/10/2025 22:46:01:	19	count	time	30.000000s/cts	O Det=2568	H Det=2436	Mon Det=69498	Aux Det=3175	O+H=8179	 DONE
03/10/2025 22:46:32:	move motor	S18.axis2.phaseshifter 2 to -1.689646deg	 DONE
03/10/2025 22:46:34:	20	count	time	30.000000s/cts	O Det=2304	H Det=2769	Mon Det=69710	Aux Det=3121	O+H=8194	 DONE
03/10/2025 22:47:06:	move motor	S18.axis2.phaseshifter 2 to -1.620680deg	 DONE
03/10/2025 22:47:07:	21	count	time	30.000000s/cts	O Det=1745	H Det=3190	Mon Det=69269	Aux Det=3151	O+H=8086	 DONE
03/10/2025 22:47:39:	move motor	S18.axis2.phaseshifter 2 to -1.551714deg	 DONE
03/10/2025 22:47:40:	22	count	time	30.000000s/cts	O Det=1245	H Det=3732	Mon Det=69410	Aux Det=3156	O+H=8133	 DONE
03/10/2025 22:48:12:	move motor	S18.axis2.phaseshifter 2 to -1.482748deg	 DONE
03/10/2025 22:48:14:	23	count	time	30.000000s/cts	O Det=871	H Det=3999	Mon Det=69719	Aux Det=3120	O+H=7990	 DONE
03/10/2025 22:48:45:	move motor	S18.axis2.phaseshifter 2 to -1.413782deg	 DONE
03/10/2025 22:48:47:	24	count	time	30.000000s/cts	O Det=624	H Det=4218	Mon Det=69197	Aux Det=3254	O+H=8096	 DONE
03/10/2025 22:49:18:	move motor	S18.axis2.phaseshifter 2 to -1.344816deg	 DONE
03/10/2025 22:49:20:	25	count	time	30.000000s/cts	O Det=523	H Det=4326	Mon Det=69112	Aux Det=3087	O+H=7936	 DONE
03/10/2025 22:49:52:	move motor	S18.axis2.phaseshifter 2 to -1.275850deg	 DONE
03/10/2025 22:49:53:	26	count	time	30.000000s/cts	O Det=729	H Det=4095	Mon Det=69195	Aux Det=3157	O+H=7981	 DONE
03/10/2025 22:50:25:	move motor	S18.axis2.phaseshifter 2 to -1.206884deg	 DONE
03/10/2025 22:50:26:	27	count	time	30.000000s/cts	O Det=1012	H Det=3721	Mon Det=69155	Aux Det=3114	O+H=7847	 DONE
03/10/2025 22:50:58:	move motor	S18.axis2.phaseshifter 2 to -1.137918deg	 DONE
03/10/2025 22:51:00:	28	count	time	30.000000s/cts	O Det=1421	H Det=3541	Mon Det=68993	Aux Det=3204	O+H=8166	 DONE
03/10/2025 22:51:31:	move motor	S18.axis2.phaseshifter 2 to -1.068952deg	 DONE
03/10/2025 22:51:33:	29	count	time	30.000000s/cts	O Det=1801	H Det=3047	Mon Det=69500	Aux Det=3061	O+H=7909	 DONE
03/10/2025 22:52:04:	move motor	S18.axis2.phaseshifter 2 to -0.999986deg	 DONE
03/10/2025 22:52:06:	30	count	time	30.000000s/cts	O Det=2369	H Det=2502	Mon Det=69364	Aux Det=3070	O+H=7941	 DONE
03/10/2025 22:52:38:	close file and end scan	 DONE
call of ifg2_newPS_2p30s_B2.sc DONE
03/10/2025 22:52:39:	END OF SCRIPT	 DONE
