08/10/2025 03:47:54:	start execution of script D:\data\Cycle 198\exp_3-16-19\rawdata\sc\ifg1R_newPS_2p30s_p90.sc	 DONE
08/10/2025 03:47:55:	create file	D:\data\Cycle 198\exp_3-16-19\rawdata\sc\ifg1R_newPS_2p30s_p90_08Oct0347.dat	 DONE
room to enter remarks DONE
08/10/2025 03:47:56:	MOVE MOTOR REL	S18.axis2.phaseshifter 1	deg	0.1	FALSE DONE
08/10/2025 03:47:59:	1	count	time	30.0s/cts	O Det=3434	H Det=2553	Mon Det=91619	Aux Det=11185	O+H=17172	 DONE
08/10/2025 03:48:31:	MOVE MOTOR REL	S18.axis2.phaseshifter 1	deg	0.1	FALSE DONE
08/10/2025 03:48:34:	2	count	time	30.0s/cts	O Det=2145	H Det=2634	Mon Det=91627	Aux Det=13356	O+H=18135	 DONE
08/10/2025 03:49:06:	MOVE MOTOR REL	S18.axis2.phaseshifter 1	deg	0.1	FALSE DONE
08/10/2025 03:49:09:	3	count	time	30.0s/cts	O Det=1577	H Det=2576	Mon Det=92047	Aux Det=13776	O+H=17929	 DONE
08/10/2025 03:49:41:	MOVE MOTOR REL	S18.axis2.phaseshifter 1	deg	0.1	FALSE DONE
08/10/2025 03:49:45:	4	count	time	30.0s/cts	O Det=2091	H Det=2610	Mon Det=91395	Aux Det=13327	O+H=18028	 DONE
08/10/2025 03:50:16:	MOVE MOTOR REL	S18.axis2.phaseshifter 1	deg	0.1	FALSE DONE
08/10/2025 03:50:20:	5	count	time	30.0s/cts	O Det=3829	H Det=2364	Mon Det=91736	Aux Det=10939	O+H=17132	 DONE
08/10/2025 03:50:52:	MOVE MOTOR REL	S18.axis2.phaseshifter 1	deg	0.1	FALSE DONE
08/10/2025 03:50:55:	6	count	time	30.0s/cts	O Det=5312	H Det=2416	Mon Det=91836	Aux Det=8547	O+H=16275	 DONE
08/10/2025 03:51:27:	MOVE MOTOR REL	S18.axis2.phaseshifter 1	deg	0.1	FALSE DONE
08/10/2025 03:51:30:	7	count	time	30.0s/cts	O Det=6844	H Det=2355	Mon Det=91670	Aux Det=6417	O+H=15616	 DONE
08/10/2025 03:52:02:	MOVE MOTOR REL	S18.axis2.phaseshifter 1	deg	0.1	FALSE DONE
08/10/2025 03:52:05:	8	count	time	30.0s/cts	O Det=7545	H Det=2408	Mon Det=91880	Aux Det=5246	O+H=15199	 DONE
08/10/2025 03:52:37:	MOVE MOTOR REL	S18.axis2.phaseshifter 1	deg	0.1	FALSE DONE
08/10/2025 03:52:41:	9	count	time	30.0s/cts	O Det=7222	H Det=2374	Mon Det=91514	Aux Det=5543	O+H=15139	 DONE
08/10/2025 03:53:12:	MOVE MOTOR REL	S18.axis2.phaseshifter 1	deg	0.1	FALSE DONE
08/10/2025 03:53:16:	10	count	time	30.0s/cts	O Det=6099	H Det=2402	Mon Det=91631	Aux Det=7439	O+H=15940	 DONE
08/10/2025 03:53:47:	MOVE MOTOR REL	S18.axis2.phaseshifter 1	deg	0.1	FALSE DONE
08/10/2025 03:53:51:	11	count	time	30.0s/cts	O Det=4342	H Det=2487	Mon Det=91316	Aux Det=9764	O+H=16593	 DONE
08/10/2025 03:54:23:	MOVE MOTOR REL	S18.axis2.phaseshifter 1	deg	0.1	FALSE DONE
08/10/2025 03:54:26:	12	count	time	30.0s/cts	O Det=2659	H Det=2590	Mon Det=91919	Aux Det=11944	O+H=17193	 DONE
08/10/2025 03:54:58:	MOVE MOTOR REL	S18.axis2.phaseshifter 1	deg	0.1	FALSE DONE
08/10/2025 03:55:01:	13	count	time	30.0s/cts	O Det=1722	H Det=2649	Mon Det=91266	Aux Det=13615	O+H=17986	 DONE
08/10/2025 03:55:33:	MOVE MOTOR REL	S18.axis2.phaseshifter 1	deg	0.1	FALSE DONE
08/10/2025 03:55:36:	14	count	time	30.0s/cts	O Det=1901	H Det=2614	Mon Det=91394	Aux Det=13305	O+H=17820	 DONE
08/10/2025 03:56:08:	MOVE MOTOR REL	S18.axis2.phaseshifter 1	deg	0.1	FALSE DONE
08/10/2025 03:56:12:	15	count	time	30.0s/cts	O Det=3194	H Det=2468	Mon Det=91664	Aux Det=11804	O+H=17466	 DONE
08/10/2025 03:56:43:	MOVE MOTOR REL	S18.axis2.phaseshifter 1	deg	0.1	FALSE DONE
08/10/2025 03:56:47:	16	count	time	30.0s/cts	O Det=4785	H Det=2390	Mon Det=91481	Aux Det=9103	O+H=16278	 DONE
08/10/2025 03:57:19:	MOVE MOTOR REL	S18.axis2.phaseshifter 1	deg	0.1	FALSE DONE
08/10/2025 03:57:22:	17	count	time	30.0s/cts	O Det=6315	H Det=2226	Mon Det=91280	Aux Det=7121	O+H=15662	 DONE
08/10/2025 03:57:54:	MOVE MOTOR REL	S18.axis2.phaseshifter 1	deg	0.1	FALSE DONE
08/10/2025 03:57:57:	18	count	time	30.0s/cts	O Det=7359	H Det=2342	Mon Det=91213	Aux Det=5606	O+H=15307	 DONE
08/10/2025 03:58:29:	MOVE MOTOR REL	S18.axis2.phaseshifter 1	deg	0.1	FALSE DONE
08/10/2025 03:58:32:	19	count	time	30.0s/cts	O Det=7400	H Det=2320	Mon Det=91532	Aux Det=5493	O+H=15213	 DONE
08/10/2025 03:59:04:	MOVE MOTOR REL	S18.axis2.phaseshifter 1	deg	0.1	FALSE DONE
08/10/2025 03:59:08:	20	count	time	30.0s/cts	O Det=6443	H Det=2383	Mon Det=91912	Aux Det=6827	O+H=15653	 DONE
08/10/2025 03:59:39:	MOVE MOTOR REL	S18.axis2.phaseshifter 1	deg	0.1	FALSE DONE
08/10/2025 03:59:43:	21	count	time	30.0s/cts	O Det=4599	H Det=2674	Mon Det=91509	Aux Det=9466	O+H=16739	 DONE
08/10/2025 04:00:14:	MOVE MOTOR REL	S18.axis2.phaseshifter 1	deg	0.1	FALSE DONE
08/10/2025 04:00:18:	22	count	time	30.0s/cts	O Det=3132	H Det=2620	Mon Det=91676	Aux Det=11734	O+H=17486	 DONE
08/10/2025 04:00:49:	close file and end scan	 DONE
call of ifg1r_newPS_2p30s.sc DONE
08/10/2025 04:00:51:	move motor	S18.axis2.phaseshifter 1 to fit O COS180	3.457505reached 3.47168  DONE
08/10/2025 04:00:53:	END OF SCRIPT	 DONE
