05/10/2025 15:00:50:	start execution of script D:\data\Cycle 198\exp_3-16-19\rawdata\sc\ifg1_newPS_2p30s_B2.sc	 DONE
05/10/2025 15:00:50:	move motor	S18.axis2.phaseshifter 1 to -1.100000deg	 DONE
05/10/2025 15:00:52:	create file	D:\data\Cycle 198\exp_3-16-19\rawdata\sc\ifg1_newPS_2p30s_B2_05Oct1500.dat	 DONE
room to enter remarks DONE
05/10/2025 15:00:53:	move motor	S18.axis2.phaseshifter 1 to -1.000000deg	 DONE
05/10/2025 15:00:55:	1	count	time	30.000000s/cts	O Det=2233	H Det=2148	Mon Det=68901	Aux Det=3834	O+H=8215	 DONE
05/10/2025 15:01:27:	move motor	S18.axis2.phaseshifter 1 to -0.931034deg	 DONE
05/10/2025 15:01:28:	2	count	time	30.000000s/cts	O Det=1714	H Det=2713	Mon Det=69514	Aux Det=3803	O+H=8230	 DONE
05/10/2025 15:02:00:	move motor	S18.axis2.phaseshifter 1 to -0.862068deg	 DONE
05/10/2025 15:02:01:	3	count	time	30.000000s/cts	O Det=1190	H Det=3104	Mon Det=69063	Aux Det=3739	O+H=8033	 DONE
05/10/2025 15:02:33:	move motor	S18.axis2.phaseshifter 1 to -0.793102deg	 DONE
05/10/2025 15:02:35:	4	count	time	30.000000s/cts	O Det=788	H Det=3395	Mon Det=69399	Aux Det=3786	O+H=7969	 DONE
05/10/2025 15:03:06:	move motor	S18.axis2.phaseshifter 1 to -0.724136deg	 DONE
05/10/2025 15:03:08:	5	count	time	30.000000s/cts	O Det=567	H Det=3700	Mon Det=69550	Aux Det=3832	O+H=8099	 DONE
05/10/2025 15:03:40:	move motor	S18.axis2.phaseshifter 1 to -0.655170deg	 DONE
05/10/2025 15:03:41:	6	count	time	30.000000s/cts	O Det=538	H Det=3828	Mon Det=69008	Aux Det=3735	O+H=8101	 DONE
05/10/2025 15:04:13:	move motor	S18.axis2.phaseshifter 1 to -0.586204deg	 DONE
05/10/2025 15:04:14:	7	count	time	30.000000s/cts	O Det=670	H Det=3517	Mon Det=69183	Aux Det=3765	O+H=7952	 DONE
05/10/2025 15:04:46:	move motor	S18.axis2.phaseshifter 1 to -0.517238deg	 DONE
05/10/2025 15:04:48:	8	count	time	30.000000s/cts	O Det=1027	H Det=3269	Mon Det=69134	Aux Det=3686	O+H=7982	 DONE
05/10/2025 15:05:19:	move motor	S18.axis2.phaseshifter 1 to -0.448272deg	 DONE
05/10/2025 15:05:21:	9	count	time	30.000000s/cts	O Det=1383	H Det=2789	Mon Det=69209	Aux Det=3791	O+H=7963	 DONE
05/10/2025 15:05:52:	move motor	S18.axis2.phaseshifter 1 to -0.379306deg	 DONE
05/10/2025 15:05:54:	10	count	time	30.000000s/cts	O Det=1925	H Det=2389	Mon Det=69547	Aux Det=3613	O+H=7927	 DONE
05/10/2025 15:06:26:	move motor	S18.axis2.phaseshifter 1 to -0.310340deg	 DONE
05/10/2025 15:06:27:	11	count	time	30.000000s/cts	O Det=2502	H Det=1918	Mon Det=68756	Aux Det=3725	O+H=8145	 DONE
05/10/2025 15:06:59:	move motor	S18.axis2.phaseshifter 1 to -0.241374deg	 DONE
05/10/2025 15:07:00:	12	count	time	30.000000s/cts	O Det=2799	H Det=1687	Mon Det=69401	Aux Det=3810	O+H=8296	 DONE
05/10/2025 15:07:32:	move motor	S18.axis2.phaseshifter 1 to -0.172408deg	 DONE
05/10/2025 15:07:34:	13	count	time	30.000000s/cts	O Det=2943	H Det=1630	Mon Det=69240	Aux Det=3691	O+H=8264	 DONE
05/10/2025 15:08:05:	move motor	S18.axis2.phaseshifter 1 to -0.103442deg	 DONE
05/10/2025 15:08:07:	14	count	time	30.000000s/cts	O Det=2845	H Det=1622	Mon Det=69023	Aux Det=3807	O+H=8274	 DONE
05/10/2025 15:08:38:	move motor	S18.axis2.phaseshifter 1 to -0.034476deg	 DONE
05/10/2025 15:08:40:	15	count	time	30.000000s/cts	O Det=2541	H Det=1846	Mon Det=68737	Aux Det=3707	O+H=8094	 DONE
05/10/2025 15:09:12:	move motor	S18.axis2.phaseshifter 1 to 0.034490deg	 DONE
05/10/2025 15:09:13:	16	count	time	30.000000s/cts	O Det=2127	H Det=2204	Mon Det=69157	Aux Det=3765	O+H=8096	 DONE
05/10/2025 15:09:45:	move motor	S18.axis2.phaseshifter 1 to 0.103456deg	 DONE
05/10/2025 15:09:46:	17	count	time	30.000000s/cts	O Det=1630	H Det=2585	Mon Det=68944	Aux Det=3857	O+H=8072	 DONE
05/10/2025 15:10:18:	move motor	S18.axis2.phaseshifter 1 to 0.172422deg	 DONE
05/10/2025 15:10:20:	18	count	time	30.000000s/cts	O Det=1138	H Det=3215	Mon Det=68903	Aux Det=3817	O+H=8170	 DONE
05/10/2025 15:10:51:	move motor	S18.axis2.phaseshifter 1 to 0.241388deg	 DONE
05/10/2025 15:10:53:	19	count	time	30.000000s/cts	O Det=796	H Det=3340	Mon Det=69184	Aux Det=3768	O+H=7904	 DONE
05/10/2025 15:11:24:	move motor	S18.axis2.phaseshifter 1 to 0.310354deg	 DONE
05/10/2025 15:11:26:	20	count	time	30.000000s/cts	O Det=583	H Det=3669	Mon Det=68934	Aux Det=3648	O+H=7900	 DONE
05/10/2025 15:11:58:	move motor	S18.axis2.phaseshifter 1 to 0.379320deg	 DONE
05/10/2025 15:11:59:	21	count	time	30.000000s/cts	O Det=404	H Det=3649	Mon Det=69088	Aux Det=3671	O+H=7724	 DONE
05/10/2025 15:12:31:	move motor	S18.axis2.phaseshifter 1 to 0.448286deg	 DONE
05/10/2025 15:12:32:	22	count	time	30.000000s/cts	O Det=656	H Det=3636	Mon Det=69299	Aux Det=3798	O+H=8090	 DONE
05/10/2025 15:13:04:	move motor	S18.axis2.phaseshifter 1 to 0.517252deg	 DONE
05/10/2025 15:13:06:	23	count	time	30.000000s/cts	O Det=928	H Det=3293	Mon Det=68971	Aux Det=3726	O+H=7947	 DONE
05/10/2025 15:13:37:	move motor	S18.axis2.phaseshifter 1 to 0.586218deg	 DONE
05/10/2025 15:13:39:	24	count	time	30.000000s/cts	O Det=1310	H Det=2922	Mon Det=69367	Aux Det=3797	O+H=8029	 DONE
05/10/2025 15:14:11:	move motor	S18.axis2.phaseshifter 1 to 0.655184deg	 DONE
05/10/2025 15:14:12:	25	count	time	30.000000s/cts	O Det=1972	H Det=2419	Mon Det=69244	Aux Det=3706	O+H=8097	 DONE
05/10/2025 15:14:44:	move motor	S18.axis2.phaseshifter 1 to 0.724150deg	 DONE
05/10/2025 15:14:45:	26	count	time	30.000000s/cts	O Det=2445	H Det=2001	Mon Det=69029	Aux Det=3737	O+H=8183	 DONE
05/10/2025 15:15:17:	move motor	S18.axis2.phaseshifter 1 to 0.793116deg	 DONE
05/10/2025 15:15:18:	27	count	time	30.000000s/cts	O Det=2716	H Det=1742	Mon Det=69335	Aux Det=3797	O+H=8255	 DONE
05/10/2025 15:15:50:	move motor	S18.axis2.phaseshifter 1 to 0.862082deg	 DONE
05/10/2025 15:15:52:	28	count	time	30.000000s/cts	O Det=3032	H Det=1527	Mon Det=69003	Aux Det=3774	O+H=8333	 DONE
05/10/2025 15:16:23:	move motor	S18.axis2.phaseshifter 1 to 0.931048deg	 DONE
05/10/2025 15:16:25:	29	count	time	30.000000s/cts	O Det=2846	H Det=1608	Mon Det=68710	Aux Det=3688	O+H=8142	 DONE
05/10/2025 15:16:56:	move motor	S18.axis2.phaseshifter 1 to 1.000014deg	 DONE
05/10/2025 15:16:58:	30	count	time	30.000000s/cts	O Det=2595	H Det=1820	Mon Det=69139	Aux Det=3832	O+H=8247	 DONE
05/10/2025 15:17:30:	close file and end scan	 DONE
05/10/2025 15:17:30:	END OF SCRIPT	 DONE
