02/10/2025 14:21:12:	start execution of script D:\data\Cycle 198\exp_3-16-19\rawdata\sc\ifg1_newPS_6p20s_B3.sc	 DONE
02/10/2025 14:21:13:	move motor	S18.axis2.phaseshifter 1 to -0.100000deg	 DONE
02/10/2025 14:21:15:	create file	D:\data\Cycle 198\exp_3-16-19\rawdata\sc\ifg1_newPS_6p20s_B3_02Oct1421.dat	 DONE
room to enter remarks DONE
02/10/2025 14:21:16:	move motor	S18.axis2.phaseshifter 1 to 0.000000deg	 DONE
02/10/2025 14:21:18:	1	count	time	20.000000s/cts	O Det=719	H Det=605	Mon Det=46106	Aux Det=3545	O+H=4869	 DONE
02/10/2025 14:21:40:	move motor	S18.axis2.phaseshifter 1 to 0.101695deg	 DONE
02/10/2025 14:21:41:	2	count	time	20.000000s/cts	O Det=406	H Det=358	Mon Det=45836	Aux Det=4430	O+H=5194	 DONE
02/10/2025 14:22:03:	move motor	S18.axis2.phaseshifter 1 to 0.203390deg	 DONE
02/10/2025 14:22:05:	3	count	time	20.000000s/cts	O Det=269	H Det=218	Mon Det=46338	Aux Det=4888	O+H=5375	 DONE
02/10/2025 14:22:26:	move motor	S18.axis2.phaseshifter 1 to 0.305085deg	 DONE
02/10/2025 14:22:28:	4	count	time	20.000000s/cts	O Det=306	H Det=281	Mon Det=46395	Aux Det=4706	O+H=5293	 DONE
02/10/2025 14:22:49:	move motor	S18.axis2.phaseshifter 1 to 0.406780deg	 DONE
02/10/2025 14:22:51:	5	count	time	20.000000s/cts	O Det=534	H Det=410	Mon Det=46087	Aux Det=4089	O+H=5033	 DONE
02/10/2025 14:23:13:	move motor	S18.axis2.phaseshifter 1 to 0.508475deg	 DONE
02/10/2025 14:23:14:	6	count	time	20.000000s/cts	O Det=846	H Det=736	Mon Det=45829	Aux Det=3230	O+H=4812	 DONE
02/10/2025 14:23:36:	move motor	S18.axis2.phaseshifter 1 to 0.610170deg	 DONE
02/10/2025 14:23:38:	7	count	time	20.000000s/cts	O Det=1207	H Det=964	Mon Det=46049	Aux Det=2329	O+H=4500	 DONE
02/10/2025 14:23:59:	move motor	S18.axis2.phaseshifter 1 to 0.711865deg	 DONE
02/10/2025 14:24:01:	8	count	time	20.000000s/cts	O Det=1329	H Det=1075	Mon Det=45986	Aux Det=1902	O+H=4306	 DONE
02/10/2025 14:24:22:	move motor	S18.axis2.phaseshifter 1 to 0.813560deg	 DONE
02/10/2025 14:24:24:	9	count	time	20.000000s/cts	O Det=1331	H Det=1049	Mon Det=45986	Aux Det=1932	O+H=4312	 DONE
02/10/2025 14:24:46:	move motor	S18.axis2.phaseshifter 1 to 0.915255deg	 DONE
02/10/2025 14:24:47:	10	count	time	20.000000s/cts	O Det=1070	H Det=873	Mon Det=46234	Aux Det=2471	O+H=4414	 DONE
02/10/2025 14:25:09:	move motor	S18.axis2.phaseshifter 1 to 1.016950deg	 DONE
02/10/2025 14:25:11:	11	count	time	20.000000s/cts	O Det=752	H Det=665	Mon Det=45838	Aux Det=3570	O+H=4987	 DONE
02/10/2025 14:25:32:	move motor	S18.axis2.phaseshifter 1 to 1.118645deg	 DONE
02/10/2025 14:25:34:	12	count	time	20.000000s/cts	O Det=404	H Det=362	Mon Det=45732	Aux Det=4335	O+H=5101	 DONE
02/10/2025 14:25:55:	move motor	S18.axis2.phaseshifter 1 to 1.220340deg	 DONE
02/10/2025 14:25:57:	13	count	time	20.000000s/cts	O Det=240	H Det=250	Mon Det=45788	Aux Det=4782	O+H=5272	 DONE
02/10/2025 14:26:19:	move motor	S18.axis2.phaseshifter 1 to 1.322035deg	 DONE
02/10/2025 14:26:20:	14	count	time	20.000000s/cts	O Det=299	H Det=269	Mon Det=45892	Aux Det=4709	O+H=5277	 DONE
02/10/2025 14:26:42:	move motor	S18.axis2.phaseshifter 1 to 1.423730deg	 DONE
02/10/2025 14:26:43:	15	count	time	20.000000s/cts	O Det=567	H Det=453	Mon Det=46052	Aux Det=4015	O+H=5035	 DONE
02/10/2025 14:27:05:	move motor	S18.axis2.phaseshifter 1 to 1.525425deg	 DONE
02/10/2025 14:27:07:	16	count	time	20.000000s/cts	O Det=809	H Det=666	Mon Det=45879	Aux Det=3222	O+H=4697	 DONE
02/10/2025 14:27:28:	move motor	S18.axis2.phaseshifter 1 to 1.627120deg	 DONE
02/10/2025 14:27:30:	17	count	time	20.000000s/cts	O Det=1157	H Det=932	Mon Det=46191	Aux Det=2358	O+H=4447	 DONE
02/10/2025 14:27:52:	move motor	S18.axis2.phaseshifter 1 to 1.728815deg	 DONE
02/10/2025 14:27:53:	18	count	time	20.000000s/cts	O Det=1313	H Det=1083	Mon Det=46193	Aux Det=1970	O+H=4366	 DONE
02/10/2025 14:28:15:	move motor	S18.axis2.phaseshifter 1 to 1.830510deg	 DONE
02/10/2025 14:28:16:	19	count	time	20.000000s/cts	O Det=1251	H Det=1047	Mon Det=45540	Aux Det=1869	O+H=4167	 DONE
02/10/2025 14:28:38:	move motor	S18.axis2.phaseshifter 1 to 1.932205deg	 DONE
02/10/2025 14:28:40:	20	count	time	20.000000s/cts	O Det=1116	H Det=920	Mon Det=46272	Aux Det=2375	O+H=4411	 DONE
02/10/2025 14:29:01:	move motor	S18.axis2.phaseshifter 1 to 2.033900deg	 DONE
02/10/2025 14:29:03:	21	count	time	20.000000s/cts	O Det=774	H Det=678	Mon Det=46063	Aux Det=3328	O+H=4780	 DONE
02/10/2025 14:29:25:	move motor	S18.axis2.phaseshifter 1 to 2.135595deg	 DONE
02/10/2025 14:29:26:	22	count	time	20.000000s/cts	O Det=502	H Det=429	Mon Det=46226	Aux Det=4175	O+H=5106	 DONE
02/10/2025 14:29:48:	move motor	S18.axis2.phaseshifter 1 to 2.237290deg	 DONE
02/10/2025 14:29:49:	23	count	time	20.000000s/cts	O Det=293	H Det=224	Mon Det=46129	Aux Det=4636	O+H=5153	 DONE
02/10/2025 14:30:11:	move motor	S18.axis2.phaseshifter 1 to 2.338985deg	 DONE
02/10/2025 14:30:13:	24	count	time	20.000000s/cts	O Det=323	H Det=285	Mon Det=46063	Aux Det=4609	O+H=5217	 DONE
02/10/2025 14:30:34:	move motor	S18.axis2.phaseshifter 1 to 2.440680deg	 DONE
02/10/2025 14:30:36:	25	count	time	20.000000s/cts	O Det=463	H Det=384	Mon Det=46159	Aux Det=4236	O+H=5083	 DONE
02/10/2025 14:30:58:	move motor	S18.axis2.phaseshifter 1 to 2.542375deg	 DONE
02/10/2025 14:30:59:	26	count	time	20.000000s/cts	O Det=784	H Det=668	Mon Det=46417	Aux Det=3349	O+H=4801	 DONE
02/10/2025 14:31:21:	move motor	S18.axis2.phaseshifter 1 to 2.644070deg	 DONE
02/10/2025 14:31:22:	27	count	time	20.000000s/cts	O Det=1030	H Det=886	Mon Det=46526	Aux Det=2650	O+H=4566	 DONE
02/10/2025 14:31:44:	move motor	S18.axis2.phaseshifter 1 to 2.745765deg	 DONE
02/10/2025 14:31:46:	28	count	time	20.000000s/cts	O Det=1314	H Det=1022	Mon Det=46021	Aux Det=1947	O+H=4283	 DONE
02/10/2025 14:32:07:	move motor	S18.axis2.phaseshifter 1 to 2.847460deg	 DONE
02/10/2025 14:32:09:	29	count	time	20.000000s/cts	O Det=1296	H Det=1140	Mon Det=46315	Aux Det=1913	O+H=4349	 DONE
02/10/2025 14:32:30:	move motor	S18.axis2.phaseshifter 1 to 2.949155deg	 DONE
02/10/2025 14:32:32:	30	count	time	20.000000s/cts	O Det=1106	H Det=959	Mon Det=46154	Aux Det=2295	O+H=4360	 DONE
02/10/2025 14:32:54:	move motor	S18.axis2.phaseshifter 1 to 3.050850deg	 DONE
02/10/2025 14:32:55:	31	count	time	20.000000s/cts	O Det=881	H Det=773	Mon Det=45996	Aux Det=2995	O+H=4649	 DONE
02/10/2025 14:33:17:	move motor	S18.axis2.phaseshifter 1 to 3.152545deg	 DONE
02/10/2025 14:33:18:	32	count	time	20.000000s/cts	O Det=591	H Det=489	Mon Det=46176	Aux Det=3932	O+H=5012	 DONE
02/10/2025 14:33:40:	move motor	S18.axis2.phaseshifter 1 to 3.254240deg	 DONE
02/10/2025 14:33:42:	33	count	time	20.000000s/cts	O Det=303	H Det=303	Mon Det=45802	Aux Det=4534	O+H=5140	 DONE
02/10/2025 14:34:03:	move motor	S18.axis2.phaseshifter 1 to 3.355935deg	 DONE
02/10/2025 14:34:05:	34	count	time	20.000000s/cts	O Det=269	H Det=229	Mon Det=46101	Aux Det=4662	O+H=5160	 DONE
02/10/2025 14:34:26:	move motor	S18.axis2.phaseshifter 1 to 3.457630deg	 DONE
02/10/2025 14:34:28:	35	count	time	20.000000s/cts	O Det=430	H Det=368	Mon Det=46018	Aux Det=4285	O+H=5083	 DONE
02/10/2025 14:34:50:	move motor	S18.axis2.phaseshifter 1 to 3.559325deg	 DONE
02/10/2025 14:34:51:	36	count	time	20.000000s/cts	O Det=689	H Det=598	Mon Det=46116	Aux Det=3529	O+H=4816	 DONE
02/10/2025 14:35:13:	move motor	S18.axis2.phaseshifter 1 to 3.661020deg	 DONE
02/10/2025 14:35:14:	37	count	time	20.000000s/cts	O Det=1071	H Det=806	Mon Det=46139	Aux Det=2572	O+H=4449	 DONE
02/10/2025 14:35:36:	move motor	S18.axis2.phaseshifter 1 to 3.762715deg	 DONE
02/10/2025 14:35:38:	38	count	time	20.000000s/cts	O Det=1355	H Det=1034	Mon Det=46044	Aux Det=1948	O+H=4337	 DONE
02/10/2025 14:35:59:	move motor	S18.axis2.phaseshifter 1 to 3.864410deg	 DONE
02/10/2025 14:36:01:	39	count	time	20.000000s/cts	O Det=1330	H Det=1056	Mon Det=45441	Aux Det=1901	O+H=4287	 DONE
02/10/2025 14:36:22:	move motor	S18.axis2.phaseshifter 1 to 3.966105deg	 DONE
02/10/2025 14:36:24:	40	count	time	20.000000s/cts	O Det=1162	H Det=942	Mon Det=45765	Aux Det=2278	O+H=4382	 DONE
02/10/2025 14:36:46:	move motor	S18.axis2.phaseshifter 1 to 4.067800deg	 DONE
02/10/2025 14:36:47:	41	count	time	20.000000s/cts	O Det=835	H Det=706	Mon Det=45913	Aux Det=3078	O+H=4619	 DONE
02/10/2025 14:37:09:	move motor	S18.axis2.phaseshifter 1 to 4.169495deg	 DONE
02/10/2025 14:37:10:	42	count	time	20.000000s/cts	O Det=515	H Det=454	Mon Det=46196	Aux Det=3937	O+H=4906	 DONE
02/10/2025 14:37:32:	move motor	S18.axis2.phaseshifter 1 to 4.271190deg	 DONE
02/10/2025 14:37:34:	43	count	time	20.000000s/cts	O Det=301	H Det=287	Mon Det=45735	Aux Det=4647	O+H=5235	 DONE
02/10/2025 14:37:55:	move motor	S18.axis2.phaseshifter 1 to 4.372885deg	 DONE
02/10/2025 14:37:57:	44	count	time	20.000000s/cts	O Det=285	H Det=287	Mon Det=46091	Aux Det=4692	O+H=5264	 DONE
02/10/2025 14:38:18:	move motor	S18.axis2.phaseshifter 1 to 4.474580deg	 DONE
02/10/2025 14:38:20:	45	count	time	20.000000s/cts	O Det=414	H Det=349	Mon Det=45904	Aux Det=4258	O+H=5021	 DONE
02/10/2025 14:38:42:	move motor	S18.axis2.phaseshifter 1 to 4.576275deg	 DONE
02/10/2025 14:38:43:	46	count	time	20.000000s/cts	O Det=780	H Det=641	Mon Det=46112	Aux Det=3326	O+H=4747	 DONE
02/10/2025 14:39:05:	move motor	S18.axis2.phaseshifter 1 to 4.677970deg	 DONE
02/10/2025 14:39:06:	47	count	time	20.000000s/cts	O Det=1060	H Det=834	Mon Det=46112	Aux Det=2514	O+H=4408	 DONE
02/10/2025 14:39:28:	move motor	S18.axis2.phaseshifter 1 to 4.779665deg	 DONE
02/10/2025 14:39:30:	48	count	time	20.000000s/cts	O Det=1242	H Det=1043	Mon Det=46267	Aux Det=1942	O+H=4227	 DONE
02/10/2025 14:39:51:	move motor	S18.axis2.phaseshifter 1 to 4.881360deg	 DONE
02/10/2025 14:39:53:	49	count	time	20.000000s/cts	O Det=1352	H Det=1059	Mon Det=45931	Aux Det=1830	O+H=4241	 DONE
02/10/2025 14:40:15:	move motor	S18.axis2.phaseshifter 1 to 4.983055deg	 DONE
02/10/2025 14:40:16:	50	count	time	20.000000s/cts	O Det=1118	H Det=841	Mon Det=45917	Aux Det=2505	O+H=4464	 DONE
02/10/2025 14:40:38:	move motor	S18.axis2.phaseshifter 1 to 5.084750deg	 DONE
02/10/2025 14:40:39:	51	count	time	20.000000s/cts	O Det=801	H Det=601	Mon Det=46178	Aux Det=3292	O+H=4694	 DONE
02/10/2025 14:41:01:	move motor	S18.axis2.phaseshifter 1 to 5.186445deg	 DONE
02/10/2025 14:41:03:	52	count	time	20.000000s/cts	O Det=539	H Det=456	Mon Det=45936	Aux Det=3997	O+H=4992	 DONE
02/10/2025 14:41:24:	move motor	S18.axis2.phaseshifter 1 to 5.288140deg	 DONE
02/10/2025 14:41:26:	53	count	time	20.000000s/cts	O Det=295	H Det=334	Mon Det=45888	Aux Det=4585	O+H=5214	 DONE
02/10/2025 14:41:47:	move motor	S18.axis2.phaseshifter 1 to 5.389835deg	 DONE
02/10/2025 14:41:49:	54	count	time	20.000000s/cts	O Det=307	H Det=241	Mon Det=45841	Aux Det=4516	O+H=5064	 DONE
02/10/2025 14:42:11:	move motor	S18.axis2.phaseshifter 1 to 5.491530deg	 DONE
02/10/2025 14:42:12:	55	count	time	20.000000s/cts	O Det=461	H Det=387	Mon Det=46388	Aux Det=4248	O+H=5096	 DONE
02/10/2025 14:42:34:	move motor	S18.axis2.phaseshifter 1 to 5.593225deg	 DONE
02/10/2025 14:42:35:	56	count	time	20.000000s/cts	O Det=803	H Det=617	Mon Det=45708	Aux Det=3317	O+H=4737	 DONE
02/10/2025 14:42:57:	move motor	S18.axis2.phaseshifter 1 to 5.694920deg	 DONE
02/10/2025 14:42:59:	57	count	time	20.000000s/cts	O Det=1094	H Det=871	Mon Det=46025	Aux Det=2539	O+H=4504	 DONE
02/10/2025 14:43:20:	move motor	S18.axis2.phaseshifter 1 to 5.796615deg	 DONE
02/10/2025 14:43:22:	58	count	time	20.000000s/cts	O Det=1315	H Det=1030	Mon Det=45846	Aux Det=1931	O+H=4276	 DONE
02/10/2025 14:43:43:	move motor	S18.axis2.phaseshifter 1 to 5.898310deg	 DONE
02/10/2025 14:43:45:	59	count	time	20.000000s/cts	O Det=1217	H Det=1012	Mon Det=46176	Aux Det=1995	O+H=4224	 DONE
02/10/2025 14:44:07:	move motor	S18.axis2.phaseshifter 1 to 6.000005deg	 DONE
02/10/2025 14:44:08:	60	count	time	20.000000s/cts	O Det=979	H Det=931	Mon Det=45833	Aux Det=2591	O+H=4501	 DONE
02/10/2025 14:44:30:	close file and end scan	 DONE
02/10/2025 14:44:30:	END OF SCRIPT	 DONE
