26/09/2025 00:02:12:	start execution of script D:\data\Cycle 198\exp_3-16-19\rawdata\sc\ifg1_3p120s_B3.sc	 DONE
26/09/2025 00:02:12:	move motor	S18.axis2.phaseshifter 1 to -2.725000deg	 DONE
26/09/2025 00:02:16:	create file	D:\data\Cycle 198\exp_3-16-19\rawdata\sc\ifg1_3p120s_B3_26Sep0002.dat	 DONE
room to enter remarks DONE
26/09/2025 00:02:17:	read encoder	S18.auxiliary.Robot Diagonal		31979.769710 DONE
26/09/2025 00:02:17:	move motor	S18.axis2.phaseshifter 1 to -2.625000deg	 DONE
26/09/2025 00:02:19:	1	count	time	120.000000s/cts	O Det=14033	H Det=115089	Mon Det=273294	Aux Det=417252	O+H=546374	 DONE
26/09/2025 00:04:21:	move motor	S18.axis2.phaseshifter 1 to -2.450000deg	 DONE
26/09/2025 00:04:23:	2	count	time	120.000000s/cts	O Det=19181	H Det=153861	Mon Det=274428	Aux Det=332488	O+H=505530	 DONE
26/09/2025 00:06:25:	move motor	S18.axis2.phaseshifter 1 to -2.275000deg	 DONE
26/09/2025 00:06:27:	3	count	time	120.000000s/cts	O Det=23734	H Det=190920	Mon Det=273881	Aux Det=249107	O+H=463761	 DONE
26/09/2025 00:08:29:	move motor	S18.axis2.phaseshifter 1 to -2.100000deg	 DONE
26/09/2025 00:08:31:	4	count	time	120.000000s/cts	O Det=24097	H Det=191264	Mon Det=275316	Aux Det=246851	O+H=462212	 DONE
26/09/2025 00:10:33:	move motor	S18.axis2.phaseshifter 1 to -1.925000deg	 DONE
26/09/2025 00:10:34:	5	count	time	120.000000s/cts	O Det=20228	H Det=162255	Mon Det=272985	Aux Det=310252	O+H=492735	 DONE
26/09/2025 00:12:37:	move motor	S18.axis2.phaseshifter 1 to -1.750000deg	 DONE
26/09/2025 00:12:38:	6	count	time	120.000000s/cts	O Det=16485	H Det=131084	Mon Det=274190	Aux Det=379109	O+H=526678	 DONE
26/09/2025 00:14:40:	move motor	S18.axis2.phaseshifter 1 to -1.575000deg	 DONE
26/09/2025 00:14:42:	7	count	time	120.000000s/cts	O Det=10558	H Det=83810	Mon Det=274994	Aux Det=481726	O+H=576094	 DONE
26/09/2025 00:16:44:	move motor	S18.axis2.phaseshifter 1 to -1.400000deg	 DONE
26/09/2025 00:16:46:	8	count	time	120.000000s/cts	O Det=6624	H Det=52563	Mon Det=274710	Aux Det=549629	O+H=608816	 DONE
26/09/2025 00:18:48:	move motor	S18.axis2.phaseshifter 1 to -1.225000deg	 DONE
26/09/2025 00:18:50:	9	count	time	120.000000s/cts	O Det=6270	H Det=53058	Mon Det=274496	Aux Det=550389	O+H=609717	 DONE
26/09/2025 00:20:52:	move motor	S18.axis2.phaseshifter 1 to -1.050000deg	 DONE
26/09/2025 00:20:53:	10	count	time	120.000000s/cts	O Det=10178	H Det=84501	Mon Det=274967	Aux Det=484086	O+H=578765	 DONE
26/09/2025 00:22:56:	move motor	S18.axis2.phaseshifter 1 to -0.875000deg	 DONE
26/09/2025 00:22:57:	11	count	time	120.000000s/cts	O Det=15587	H Det=125419	Mon Det=275208	Aux Det=395259	O+H=536265	 DONE
26/09/2025 00:24:59:	move motor	S18.axis2.phaseshifter 1 to -0.700000deg	 DONE
26/09/2025 00:25:01:	12	count	time	120.000000s/cts	O Det=21198	H Det=168582	Mon Det=274200	Aux Det=298054	O+H=487834	 DONE
26/09/2025 00:27:03:	move motor	S18.axis2.phaseshifter 1 to -0.525000deg	 DONE
26/09/2025 00:27:05:	13	count	time	120.000000s/cts	O Det=23668	H Det=190511	Mon Det=273284	Aux Det=247666	O+H=461845	 DONE
26/09/2025 00:29:07:	move motor	S18.axis2.phaseshifter 1 to -0.350000deg	 DONE
26/09/2025 00:29:09:	14	count	time	120.000000s/cts	O Det=23418	H Det=188016	Mon Det=275144	Aux Det=252832	O+H=464266	 DONE
26/09/2025 00:31:11:	move motor	S18.axis2.phaseshifter 1 to -0.175000deg	 DONE
26/09/2025 00:31:13:	15	count	time	120.000000s/cts	O Det=20433	H Det=162197	Mon Det=275585	Aux Det=310772	O+H=493402	 DONE
26/09/2025 00:33:15:	move motor	S18.axis2.phaseshifter 1 to 0.000000deg	 DONE
26/09/2025 00:33:17:	16	count	time	120.000000s/cts	O Det=15524	H Det=122525	Mon Det=274511	Aux Det=395037	O+H=533086	 DONE
26/09/2025 00:35:19:	move motor	S18.axis2.phaseshifter 1 to 0.175000deg	 DONE
26/09/2025 00:35:20:	17	count	time	120.000000s/cts	O Det=9211	H Det=75120	Mon Det=273675	Aux Det=497415	O+H=581746	 DONE
26/09/2025 00:37:23:	move motor	S18.axis2.phaseshifter 1 to 0.350000deg	 DONE
26/09/2025 00:37:24:	18	count	time	120.000000s/cts	O Det=6211	H Det=52715	Mon Det=272709	Aux Det=546577	O+H=605503	 DONE
26/09/2025 00:39:26:	move motor	S18.axis2.phaseshifter 1 to 0.525000deg	 DONE
26/09/2025 00:39:28:	19	count	time	120.000000s/cts	O Det=6598	H Det=55045	Mon Det=274293	Aux Det=541758	O+H=603401	 DONE
26/09/2025 00:41:30:	move motor	S18.axis2.phaseshifter 1 to 0.700000deg	 DONE
26/09/2025 00:41:32:	20	count	time	120.000000s/cts	O Det=8533	H Det=71699	Mon Det=274915	Aux Det=507147	O+H=587379	 DONE
26/09/2025 00:43:34:	move motor	S18.axis2.phaseshifter 1 to 0.875000deg	 DONE
26/09/2025 00:43:36:	21	count	time	120.000000s/cts	O Det=13966	H Det=117101	Mon Det=273731	Aux Det=410307	O+H=541374	 DONE
26/09/2025 00:45:38:	move motor	S18.axis2.phaseshifter 1 to 1.050000deg	 DONE
26/09/2025 00:45:40:	22	count	time	120.000000s/cts	O Det=21154	H Det=167815	Mon Det=274046	Aux Det=297284	O+H=486253	 DONE
26/09/2025 00:47:42:	move motor	S18.axis2.phaseshifter 1 to 1.225000deg	 DONE
26/09/2025 00:47:44:	23	count	time	120.000000s/cts	O Det=23692	H Det=188651	Mon Det=275125	Aux Det=249630	O+H=461973	 DONE
26/09/2025 00:49:46:	move motor	S18.axis2.phaseshifter 1 to 1.400000deg	 DONE
26/09/2025 00:49:47:	24	count	time	120.000000s/cts	O Det=23367	H Det=186018	Mon Det=274791	Aux Det=254090	O+H=463475	 DONE
26/09/2025 00:51:50:	move motor	S18.axis2.phaseshifter 1 to 1.575000deg	 DONE
26/09/2025 00:51:51:	25	count	time	120.000000s/cts	O Det=21546	H Det=165640	Mon Det=274401	Aux Det=298910	O+H=486096	 DONE
26/09/2025 00:53:54:	move motor	S18.axis2.phaseshifter 1 to 1.750000deg	 DONE
26/09/2025 00:53:55:	26	count	time	120.000000s/cts	O Det=15068	H Det=116993	Mon Det=273168	Aux Det=407094	O+H=539155	 DONE
26/09/2025 00:55:57:	move motor	S18.axis2.phaseshifter 1 to 1.925000deg	 DONE
26/09/2025 00:55:59:	27	count	time	120.000000s/cts	O Det=9093	H Det=72495	Mon Det=273739	Aux Det=502482	O+H=584070	 DONE
26/09/2025 00:58:01:	move motor	S18.axis2.phaseshifter 1 to 2.100000deg	 DONE
26/09/2025 00:58:03:	28	count	time	120.000000s/cts	O Det=6342	H Det=52764	Mon Det=274282	Aux Det=547689	O+H=606795	 DONE
26/09/2025 01:00:05:	move motor	S18.axis2.phaseshifter 1 to 2.275000deg	 DONE
26/09/2025 01:00:07:	29	count	time	120.000000s/cts	O Det=6279	H Det=52529	Mon Det=273719	Aux Det=545919	O+H=604727	 DONE
26/09/2025 01:02:09:	move motor	S18.axis2.phaseshifter 1 to 2.450000deg	 DONE
26/09/2025 01:02:11:	30	count	time	120.000000s/cts	O Det=9641	H Det=81616	Mon Det=274652	Aux Det=485873	O+H=577130	 DONE
26/09/2025 01:04:13:	move motor	S18.axis2.phaseshifter 1 to 2.625000deg	 DONE
26/09/2025 01:04:15:	31	count	time	120.000000s/cts	O Det=15974	H Det=129294	Mon Det=273438	Aux Det=384257	O+H=529525	 DONE
26/09/2025 01:06:17:	close file and end scan	saving D:\data\Cycle 198\exp_3-16-19\rawdata\sc\ifg1_3p120s_B3_26Sep0002.tif  DONE
26/09/2025 01:06:17:	END OF SCRIPT	 DONE
