16/10/2025 18:11:46:	start execution of script D:\data\Cycle 198\exp_3-16-19\rawdata\sc\ifg1r_newPS_2p30s.sc	 DONE
16/10/2025 18:11:46:	create file	D:\data\Cycle 198\exp_3-16-19\rawdata\sc\ifg1r_newPS_2p30s_16Oct1811.dat	 DONE
room to enter remarks DONE
16/10/2025 18:11:47:	MOVE MOTOR REL	S18.axis2.phaseshifter 1	deg	0.0	FALSE DONE
16/10/2025 18:11:50:	1	count	time	15.0s/cts	O Det=2191	H Det=935	Mon Det=35876	Aux Det=4541	O+H=7667	 DONE
16/10/2025 18:12:07:	MOVE MOTOR REL	S18.axis2.phaseshifter 1	deg	0.07	FALSE DONE
16/10/2025 18:12:11:	2	count	time	15.0s/cts	O Det=1710	H Det=880	Mon Det=36007	Aux Det=5334	O+H=7924	 DONE
16/10/2025 18:12:27:	MOVE MOTOR REL	S18.axis2.phaseshifter 1	deg	0.07	FALSE DONE
16/10/2025 18:12:31:	3	count	time	15.0s/cts	O Det=1388	H Det=927	Mon Det=35752	Aux Det=5903	O+H=8218	 DONE
16/10/2025 18:12:47:	MOVE MOTOR REL	S18.axis2.phaseshifter 1	deg	0.07	FALSE DONE
16/10/2025 18:12:51:	4	count	time	15.0s/cts	O Det=1030	H Det=1024	Mon Det=35676	Aux Det=6400	O+H=8454	 DONE
16/10/2025 18:13:08:	MOVE MOTOR REL	S18.axis2.phaseshifter 1	deg	0.07	FALSE DONE
16/10/2025 18:13:11:	5	count	time	15.0s/cts	O Det=785	H Det=1204	Mon Det=35901	Aux Det=6345	O+H=8334	 DONE
16/10/2025 18:13:28:	MOVE MOTOR REL	S18.axis2.phaseshifter 1	deg	0.07	FALSE DONE
16/10/2025 18:13:31:	6	count	time	15.0s/cts	O Det=616	H Det=1397	Mon Det=35377	Aux Det=6334	O+H=8347	 DONE
16/10/2025 18:13:48:	MOVE MOTOR REL	S18.axis2.phaseshifter 1	deg	0.07	FALSE DONE
16/10/2025 18:13:52:	7	count	time	15.0s/cts	O Det=662	H Det=1584	Mon Det=35951	Aux Det=5730	O+H=7976	 DONE
16/10/2025 18:14:08:	MOVE MOTOR REL	S18.axis2.phaseshifter 1	deg	0.07	FALSE DONE
16/10/2025 18:14:12:	8	count	time	15.0s/cts	O Det=848	H Det=1710	Mon Det=35697	Aux Det=5223	O+H=7781	 DONE
16/10/2025 18:14:28:	MOVE MOTOR REL	S18.axis2.phaseshifter 1	deg	0.07	FALSE DONE
16/10/2025 18:14:32:	9	count	time	15.0s/cts	O Det=1027	H Det=1945	Mon Det=36089	Aux Det=4628	O+H=7600	 DONE
16/10/2025 18:14:49:	MOVE MOTOR REL	S18.axis2.phaseshifter 1	deg	0.07	FALSE DONE
16/10/2025 18:14:52:	10	count	time	15.0s/cts	O Det=1462	H Det=1906	Mon Det=35874	Aux Det=3673	O+H=7041	 DONE
16/10/2025 18:15:09:	MOVE MOTOR REL	S18.axis2.phaseshifter 1	deg	0.07	FALSE DONE
16/10/2025 18:15:12:	11	count	time	15.0s/cts	O Det=1996	H Det=2007	Mon Det=35971	Aux Det=3099	O+H=7102	 DONE
16/10/2025 18:15:29:	MOVE MOTOR REL	S18.axis2.phaseshifter 1	deg	0.07	FALSE DONE
16/10/2025 18:15:33:	12	count	time	15.0s/cts	O Det=2309	H Det=1831	Mon Det=35928	Aux Det=2634	O+H=6774	 DONE
16/10/2025 18:15:49:	MOVE MOTOR REL	S18.axis2.phaseshifter 1	deg	0.07	FALSE DONE
16/10/2025 18:15:53:	13	count	time	15.0s/cts	O Det=2621	H Det=1709	Mon Det=36121	Aux Det=2548	O+H=6878	 DONE
16/10/2025 18:16:09:	MOVE MOTOR REL	S18.axis2.phaseshifter 1	deg	0.07	FALSE DONE
16/10/2025 18:16:13:	14	count	time	15.0s/cts	O Det=2773	H Det=1491	Mon Det=35968	Aux Det=2890	O+H=7154	 DONE
16/10/2025 18:16:30:	MOVE MOTOR REL	S18.axis2.phaseshifter 1	deg	0.07	FALSE DONE
16/10/2025 18:16:33:	15	count	time	15.0s/cts	O Det=2722	H Det=1289	Mon Det=35778	Aux Det=3355	O+H=7366	 DONE
16/10/2025 18:16:50:	MOVE MOTOR REL	S18.axis2.phaseshifter 1	deg	0.07	FALSE DONE
16/10/2025 18:16:53:	16	count	time	15.0s/cts	O Det=2534	H Det=1065	Mon Det=35980	Aux Det=3892	O+H=7491	 DONE
16/10/2025 18:17:10:	MOVE MOTOR REL	S18.axis2.phaseshifter 1	deg	0.07	FALSE DONE
16/10/2025 18:17:14:	17	count	time	15.0s/cts	O Det=2225	H Det=974	Mon Det=35839	Aux Det=4631	O+H=7830	 DONE
16/10/2025 18:17:30:	MOVE MOTOR REL	S18.axis2.phaseshifter 1	deg	0.07	FALSE DONE
16/10/2025 18:17:34:	18	count	time	15.0s/cts	O Det=1820	H Det=927	Mon Det=35817	Aux Det=5165	O+H=7912	 DONE
16/10/2025 18:17:50:	MOVE MOTOR REL	S18.axis2.phaseshifter 1	deg	0.07	FALSE DONE
16/10/2025 18:17:54:	19	count	time	15.0s/cts	O Det=1398	H Det=896	Mon Det=35789	Aux Det=5797	O+H=8091	 DONE
16/10/2025 18:18:11:	MOVE MOTOR REL	S18.axis2.phaseshifter 1	deg	0.07	FALSE DONE
16/10/2025 18:18:14:	20	count	time	15.0s/cts	O Det=1079	H Det=974	Mon Det=35909	Aux Det=6319	O+H=8372	 DONE
16/10/2025 18:18:31:	MOVE MOTOR REL	S18.axis2.phaseshifter 1	deg	0.07	FALSE DONE
16/10/2025 18:18:34:	21	count	time	15.0s/cts	O Det=834	H Det=1158	Mon Det=35611	Aux Det=6402	O+H=8394	 DONE
16/10/2025 18:18:51:	MOVE MOTOR REL	S18.axis2.phaseshifter 1	deg	0.07	FALSE DONE
16/10/2025 18:18:55:	22	count	time	15.0s/cts	O Det=665	H Det=1338	Mon Det=35621	Aux Det=6209	O+H=8212	 DONE
16/10/2025 18:19:11:	MOVE MOTOR REL	S18.axis2.phaseshifter 1	deg	0.07	FALSE DONE
16/10/2025 18:19:15:	23	count	time	15.0s/cts	O Det=662	H Det=1584	Mon Det=35853	Aux Det=5819	O+H=8065	 DONE
16/10/2025 18:19:31:	MOVE MOTOR REL	S18.axis2.phaseshifter 1	deg	0.07	FALSE DONE
16/10/2025 18:19:35:	24	count	time	15.0s/cts	O Det=800	H Det=1831	Mon Det=35970	Aux Det=5323	O+H=7954	 DONE
16/10/2025 18:19:52:	MOVE MOTOR REL	S18.axis2.phaseshifter 1	deg	0.07	FALSE DONE
16/10/2025 18:19:55:	25	count	time	15.0s/cts	O Det=1032	H Det=1867	Mon Det=35957	Aux Det=4580	O+H=7479	 DONE
16/10/2025 18:20:12:	MOVE MOTOR REL	S18.axis2.phaseshifter 1	deg	0.07	FALSE DONE
16/10/2025 18:20:15:	26	count	time	15.0s/cts	O Det=1531	H Det=1915	Mon Det=35904	Aux Det=3739	O+H=7185	 DONE
16/10/2025 18:20:32:	MOVE MOTOR REL	S18.axis2.phaseshifter 1	deg	0.07	FALSE DONE
16/10/2025 18:20:36:	27	count	time	15.0s/cts	O Det=1984	H Det=1978	Mon Det=35647	Aux Det=3220	O+H=7182	 DONE
16/10/2025 18:20:52:	MOVE MOTOR REL	S18.axis2.phaseshifter 1	deg	0.07	FALSE DONE
16/10/2025 18:20:56:	28	count	time	15.0s/cts	O Det=2172	H Det=1878	Mon Det=35885	Aux Det=2667	O+H=6717	 DONE
16/10/2025 18:21:12:	paused
16/10/2025 18:21:17:	close file and end scan	 DONE
16/10/2025 18:21:17:	END OF SCRIPT	 DONE
