27/09/2025 13:47:45:	start execution of script D:\data\Cycle 198\exp_3-16-19\rawdata\sc\ifg1_3p20s_B2.sc	 DONE
27/09/2025 13:47:46:	move motor	S18.axis2.phaseshifter 1 to -2.725000deg	 DONE
27/09/2025 13:47:49:	create file	D:\data\Cycle 198\exp_3-16-19\rawdata\sc\ifg1_3p20s_B2_27Sep1347.dat	 DONE
room to enter remarks DONE
27/09/2025 13:47:50:	read encoder	S18.auxiliary.Robot Diagonal		-11.794229 DONE
27/09/2025 13:47:51:	move motor	S18.axis2.phaseshifter 1 to -2.625000deg	 DONE
27/09/2025 13:47:53:	1	count	time	20.000000s/cts	O Det=1874	H Det=2862	Mon Det=45394	Aux Det=3709	O+H=8445	 DONE
27/09/2025 13:48:14:	move motor	S18.axis2.phaseshifter 1 to -2.450000deg	 DONE
27/09/2025 13:48:16:	2	count	time	20.000000s/cts	O Det=1007	H Det=3758	Mon Det=45210	Aux Det=3719	O+H=8484	 DONE
27/09/2025 13:48:38:	move motor	S18.axis2.phaseshifter 1 to -2.275000deg	 DONE
27/09/2025 13:48:39:	3	count	time	20.000000s/cts	O Det=723	H Det=3931	Mon Det=45137	Aux Det=3815	O+H=8469	 DONE
27/09/2025 13:49:01:	move motor	S18.axis2.phaseshifter 1 to -2.100000deg	 DONE
27/09/2025 13:49:03:	4	count	time	20.000000s/cts	O Det=510	H Det=4106	Mon Det=44816	Aux Det=3730	O+H=8346	 DONE
27/09/2025 13:49:24:	move motor	S18.axis2.phaseshifter 1 to -1.925000deg	 DONE
27/09/2025 13:49:26:	5	count	time	20.000000s/cts	O Det=1493	H Det=3277	Mon Det=45272	Aux Det=3697	O+H=8467	 DONE
27/09/2025 13:49:48:	move motor	S18.axis2.phaseshifter 1 to -1.750000deg	 DONE
27/09/2025 13:49:49:	6	count	time	20.000000s/cts	O Det=2329	H Det=2583	Mon Det=44921	Aux Det=3599	O+H=8511	 DONE
27/09/2025 13:50:11:	move motor	S18.axis2.phaseshifter 1 to -1.575000deg	 DONE
27/09/2025 13:50:12:	7	count	time	20.000000s/cts	O Det=2859	H Det=2192	Mon Det=45265	Aux Det=3681	O+H=8732	 DONE
27/09/2025 13:50:34:	move motor	S18.axis2.phaseshifter 1 to -1.400000deg	 DONE
27/09/2025 13:50:36:	8	count	time	20.000000s/cts	O Det=3381	H Det=1593	Mon Det=45020	Aux Det=3658	O+H=8632	 DONE
27/09/2025 13:50:57:	move motor	S18.axis2.phaseshifter 1 to -1.225000deg	 DONE
27/09/2025 13:50:59:	9	count	time	20.000000s/cts	O Det=3304	H Det=1773	Mon Det=45365	Aux Det=3696	O+H=8773	 DONE
27/09/2025 13:51:21:	move motor	S18.axis2.phaseshifter 1 to -1.050000deg	 DONE
27/09/2025 13:51:22:	10	count	time	20.000000s/cts	O Det=2783	H Det=2135	Mon Det=45028	Aux Det=3766	O+H=8684	 DONE
27/09/2025 13:51:44:	move motor	S18.axis2.phaseshifter 1 to -0.875000deg	 DONE
27/09/2025 13:51:46:	11	count	time	20.000000s/cts	O Det=1974	H Det=2752	Mon Det=44435	Aux Det=3664	O+H=8390	 DONE
27/09/2025 13:52:07:	move motor	S18.axis2.phaseshifter 1 to -0.700000deg	 DONE
27/09/2025 13:52:09:	12	count	time	20.000000s/cts	O Det=980	H Det=3763	Mon Det=45191	Aux Det=3652	O+H=8395	 DONE
27/09/2025 13:52:31:	move motor	S18.axis2.phaseshifter 1 to -0.525000deg	 DONE
27/09/2025 13:52:32:	13	count	time	20.000000s/cts	O Det=469	H Det=4241	Mon Det=44959	Aux Det=3778	O+H=8488	 DONE
27/09/2025 13:52:54:	move motor	S18.axis2.phaseshifter 1 to -0.350000deg	 DONE
27/09/2025 13:52:56:	14	count	time	20.000000s/cts	O Det=444	H Det=4058	Mon Det=44636	Aux Det=3693	O+H=8195	 DONE
27/09/2025 13:53:17:	move motor	S18.axis2.phaseshifter 1 to -0.175000deg	 DONE
27/09/2025 13:53:19:	15	count	time	20.000000s/cts	O Det=973	H Det=3657	Mon Det=45166	Aux Det=3702	O+H=8332	 DONE
27/09/2025 13:53:41:	move motor	S18.axis2.phaseshifter 1 to 0.000000deg	 DONE
27/09/2025 13:53:42:	16	count	time	20.000000s/cts	O Det=2010	H Det=2842	Mon Det=45118	Aux Det=3794	O+H=8646	 DONE
27/09/2025 13:54:04:	move motor	S18.axis2.phaseshifter 1 to 0.175000deg	 DONE
27/09/2025 13:54:05:	17	count	time	20.000000s/cts	O Det=2857	H Det=2053	Mon Det=44914	Aux Det=3783	O+H=8693	 DONE
27/09/2025 13:54:27:	move motor	S18.axis2.phaseshifter 1 to 0.350000deg	 DONE
27/09/2025 13:54:29:	18	count	time	20.000000s/cts	O Det=3351	H Det=1624	Mon Det=45218	Aux Det=3805	O+H=8780	 DONE
27/09/2025 13:54:50:	move motor	S18.axis2.phaseshifter 1 to 0.525000deg	 DONE
27/09/2025 13:54:52:	19	count	time	20.000000s/cts	O Det=3230	H Det=1690	Mon Det=45098	Aux Det=3770	O+H=8690	 DONE
27/09/2025 13:55:14:	move motor	S18.axis2.phaseshifter 1 to 0.700000deg	 DONE
27/09/2025 13:55:15:	20	count	time	20.000000s/cts	O Det=2806	H Det=2164	Mon Det=45183	Aux Det=3701	O+H=8671	 DONE
27/09/2025 13:55:37:	move motor	S18.axis2.phaseshifter 1 to 0.875000deg	 DONE
27/09/2025 13:55:39:	21	count	time	20.000000s/cts	O Det=1814	H Det=3039	Mon Det=45244	Aux Det=3738	O+H=8591	 DONE
27/09/2025 13:56:00:	move motor	S18.axis2.phaseshifter 1 to 1.050000deg	 DONE
27/09/2025 13:56:02:	22	count	time	20.000000s/cts	O Det=1002	H Det=3683	Mon Det=44720	Aux Det=3637	O+H=8322	 DONE
27/09/2025 13:56:24:	move motor	S18.axis2.phaseshifter 1 to 1.225000deg	 DONE
27/09/2025 13:56:25:	23	count	time	20.000000s/cts	O Det=459	H Det=4198	Mon Det=45195	Aux Det=3763	O+H=8420	 DONE
27/09/2025 13:56:47:	move motor	S18.axis2.phaseshifter 1 to 1.400000deg	 DONE
27/09/2025 13:56:48:	24	count	time	20.000000s/cts	O Det=574	H Det=4065	Mon Det=45255	Aux Det=3638	O+H=8277	 DONE
27/09/2025 13:57:10:	move motor	S18.axis2.phaseshifter 1 to 1.575000deg	 DONE
27/09/2025 13:57:12:	25	count	time	20.000000s/cts	O Det=869	H Det=3860	Mon Det=45136	Aux Det=3690	O+H=8419	 DONE
27/09/2025 13:57:33:	move motor	S18.axis2.phaseshifter 1 to 1.750000deg	 DONE
27/09/2025 13:57:35:	26	count	time	20.000000s/cts	O Det=1725	H Det=3169	Mon Det=45036	Aux Det=3786	O+H=8680	 DONE
27/09/2025 13:57:57:	move motor	S18.axis2.phaseshifter 1 to 1.925000deg	 DONE
27/09/2025 13:57:58:	27	count	time	20.000000s/cts	O Det=2826	H Det=2167	Mon Det=45258	Aux Det=3785	O+H=8778	 DONE
27/09/2025 13:58:20:	move motor	S18.axis2.phaseshifter 1 to 2.100000deg	 DONE
27/09/2025 13:58:22:	28	count	time	20.000000s/cts	O Det=3279	H Det=1545	Mon Det=45083	Aux Det=3651	O+H=8475	 DONE
27/09/2025 13:58:43:	move motor	S18.axis2.phaseshifter 1 to 2.275000deg	 DONE
27/09/2025 13:58:45:	29	count	time	20.000000s/cts	O Det=3159	H Det=1763	Mon Det=45313	Aux Det=3631	O+H=8553	 DONE
27/09/2025 13:59:07:	move motor	S18.axis2.phaseshifter 1 to 2.450000deg	 DONE
27/09/2025 13:59:08:	30	count	time	20.000000s/cts	O Det=2842	H Det=2047	Mon Det=45366	Aux Det=3674	O+H=8563	 DONE
27/09/2025 13:59:30:	move motor	S18.axis2.phaseshifter 1 to 2.625000deg	 DONE
27/09/2025 13:59:32:	31	count	time	20.000000s/cts	O Det=2229	H Det=2620	Mon Det=44809	Aux Det=3716	O+H=8565	 DONE
27/09/2025 13:59:53:	close file and end scan	 DONE
27/09/2025 13:59:54:	END OF SCRIPT	 DONE
