05/10/2025 15:55:06:	start execution of script D:\data\Cycle 198\exp_3-16-19\rawdata\sc\ifg1_newPS_2p30s_B3.sc	 DONE
05/10/2025 15:55:07:	move motor	S18.axis2.phaseshifter 1 to -1.100000deg	 DONE
05/10/2025 15:55:09:	create file	D:\data\Cycle 198\exp_3-16-19\rawdata\sc\ifg1_newPS_2p30s_B3_05Oct1555.dat	 DONE
room to enter remarks DONE
05/10/2025 15:55:10:	move motor	S18.axis2.phaseshifter 1 to -1.000000deg	 DONE
05/10/2025 15:55:11:	1	count	time	30.000000s/cts	O Det=2401	H Det=2007	Mon Det=69567	Aux Det=4388	O+H=8796	 DONE
05/10/2025 15:55:43:	move motor	S18.axis2.phaseshifter 1 to -0.931034deg	 DONE
05/10/2025 15:55:45:	2	count	time	30.000000s/cts	O Det=2595	H Det=2204	Mon Det=69447	Aux Det=3998	O+H=8797	 DONE
05/10/2025 15:56:16:	move motor	S18.axis2.phaseshifter 1 to -0.862068deg	 DONE
05/10/2025 15:56:18:	3	count	time	30.000000s/cts	O Det=2761	H Det=2337	Mon Det=69140	Aux Det=3466	O+H=8564	 DONE
05/10/2025 15:56:49:	move motor	S18.axis2.phaseshifter 1 to -0.793102deg	 DONE
05/10/2025 15:56:51:	4	count	time	30.000000s/cts	O Det=2608	H Det=2373	Mon Det=69527	Aux Det=3740	O+H=8721	 DONE
05/10/2025 15:57:23:	move motor	S18.axis2.phaseshifter 1 to -0.724136deg	 DONE
05/10/2025 15:57:24:	5	count	time	30.000000s/cts	O Det=2372	H Det=2157	Mon Det=69123	Aux Det=4298	O+H=8827	 DONE
05/10/2025 15:57:56:	move motor	S18.axis2.phaseshifter 1 to -0.655170deg	 DONE
05/10/2025 15:57:57:	6	count	time	30.000000s/cts	O Det=1966	H Det=1759	Mon Det=68899	Aux Det=5418	O+H=9143	 DONE
05/10/2025 15:58:29:	move motor	S18.axis2.phaseshifter 1 to -0.586204deg	 DONE
05/10/2025 15:58:31:	7	count	time	30.000000s/cts	O Det=1515	H Det=1370	Mon Det=69279	Aux Det=6624	O+H=9509	 DONE
05/10/2025 15:59:02:	move motor	S18.axis2.phaseshifter 1 to -0.517238deg	 DONE
05/10/2025 15:59:04:	8	count	time	30.000000s/cts	O Det=1027	H Det=1009	Mon Det=69329	Aux Det=7867	O+H=9903	 DONE
05/10/2025 15:59:35:	move motor	S18.axis2.phaseshifter 1 to -0.448272deg	 DONE
05/10/2025 15:59:37:	9	count	time	30.000000s/cts	O Det=738	H Det=741	Mon Det=69643	Aux Det=8591	O+H=10070	 DONE
05/10/2025 16:00:09:	move motor	S18.axis2.phaseshifter 1 to -0.379306deg	 DONE
05/10/2025 16:00:10:	10	count	time	30.000000s/cts	O Det=572	H Det=528	Mon Det=69724	Aux Det=9116	O+H=10216	 DONE
05/10/2025 16:00:42:	move motor	S18.axis2.phaseshifter 1 to -0.310340deg	 DONE
05/10/2025 16:00:43:	11	count	time	30.000000s/cts	O Det=594	H Det=582	Mon Det=68733	Aux Det=9270	O+H=10446	 DONE
05/10/2025 16:01:15:	move motor	S18.axis2.phaseshifter 1 to -0.241374deg	 DONE
05/10/2025 16:01:17:	12	count	time	30.000000s/cts	O Det=741	H Det=676	Mon Det=69065	Aux Det=8848	O+H=10265	 DONE
05/10/2025 16:01:48:	move motor	S18.axis2.phaseshifter 1 to -0.172408deg	 DONE
05/10/2025 16:01:50:	13	count	time	30.000000s/cts	O Det=1085	H Det=924	Mon Det=68934	Aux Det=7865	O+H=9874	 DONE
05/10/2025 16:02:22:	move motor	S18.axis2.phaseshifter 1 to -0.103442deg	 DONE
05/10/2025 16:02:23:	14	count	time	30.000000s/cts	O Det=1646	H Det=1371	Mon Det=69433	Aux Det=6507	O+H=9524	 DONE
05/10/2025 16:02:55:	move motor	S18.axis2.phaseshifter 1 to -0.034476deg	 DONE
05/10/2025 16:02:56:	15	count	time	30.000000s/cts	O Det=1960	H Det=1729	Mon Det=69156	Aux Det=5468	O+H=9157	 DONE
05/10/2025 16:03:28:	move motor	S18.axis2.phaseshifter 1 to 0.034490deg	 DONE
05/10/2025 16:03:30:	16	count	time	30.000000s/cts	O Det=2319	H Det=2000	Mon Det=68771	Aux Det=4571	O+H=8890	 DONE
05/10/2025 16:04:01:	move motor	S18.axis2.phaseshifter 1 to 0.103456deg	 DONE
05/10/2025 16:04:03:	17	count	time	30.000000s/cts	O Det=2521	H Det=2212	Mon Det=69062	Aux Det=3952	O+H=8685	 DONE
05/10/2025 16:04:34:	move motor	S18.axis2.phaseshifter 1 to 0.172422deg	 DONE
05/10/2025 16:04:36:	18	count	time	30.000000s/cts	O Det=2670	H Det=2323	Mon Det=69215	Aux Det=3464	O+H=8457	 DONE
05/10/2025 16:05:08:	move motor	S18.axis2.phaseshifter 1 to 0.241388deg	 DONE
05/10/2025 16:05:09:	19	count	time	30.000000s/cts	O Det=2658	H Det=2287	Mon Det=69063	Aux Det=3751	O+H=8696	 DONE
05/10/2025 16:05:41:	move motor	S18.axis2.phaseshifter 1 to 0.310354deg	 DONE
05/10/2025 16:05:43:	20	count	time	30.000000s/cts	O Det=2390	H Det=1967	Mon Det=69184	Aux Det=4293	O+H=8650	 DONE
05/10/2025 16:06:14:	move motor	S18.axis2.phaseshifter 1 to 0.379320deg	 DONE
05/10/2025 16:06:16:	21	count	time	30.000000s/cts	O Det=2010	H Det=1822	Mon Det=69124	Aux Det=5419	O+H=9251	 DONE
05/10/2025 16:06:47:	move motor	S18.axis2.phaseshifter 1 to 0.448286deg	 DONE
05/10/2025 16:06:49:	22	count	time	30.000000s/cts	O Det=1569	H Det=1429	Mon Det=69650	Aux Det=6449	O+H=9447	 DONE
05/10/2025 16:07:21:	move motor	S18.axis2.phaseshifter 1 to 0.517252deg	 DONE
05/10/2025 16:07:22:	23	count	time	30.000000s/cts	O Det=1113	H Det=1134	Mon Det=69130	Aux Det=7706	O+H=9953	 DONE
05/10/2025 16:07:54:	move motor	S18.axis2.phaseshifter 1 to 0.586218deg	 DONE
05/10/2025 16:07:55:	24	count	time	30.000000s/cts	O Det=803	H Det=705	Mon Det=69280	Aux Det=8562	O+H=10070	 DONE
05/10/2025 16:08:27:	move motor	S18.axis2.phaseshifter 1 to 0.655184deg	 DONE
05/10/2025 16:08:29:	25	count	time	30.000000s/cts	O Det=563	H Det=557	Mon Det=69105	Aux Det=9204	O+H=10324	 DONE
05/10/2025 16:09:00:	move motor	S18.axis2.phaseshifter 1 to 0.724150deg	 DONE
05/10/2025 16:09:02:	26	count	time	30.000000s/cts	O Det=635	H Det=522	Mon Det=69572	Aux Det=9000	O+H=10157	 DONE
05/10/2025 16:09:34:	move motor	S18.axis2.phaseshifter 1 to 0.793116deg	 DONE
05/10/2025 16:09:35:	27	count	time	30.000000s/cts	O Det=718	H Det=660	Mon Det=69371	Aux Det=8652	O+H=10030	 DONE
05/10/2025 16:10:07:	move motor	S18.axis2.phaseshifter 1 to 0.862082deg	 DONE
05/10/2025 16:10:08:	28	count	time	30.000000s/cts	O Det=975	H Det=907	Mon Det=69249	Aux Det=7842	O+H=9724	 DONE
05/10/2025 16:10:40:	move motor	S18.axis2.phaseshifter 1 to 0.931048deg	 DONE
05/10/2025 16:10:42:	29	count	time	30.000000s/cts	O Det=1513	H Det=1310	Mon Det=68971	Aux Det=6466	O+H=9289	 DONE
05/10/2025 16:11:13:	move motor	S18.axis2.phaseshifter 1 to 1.000014deg	 DONE
05/10/2025 16:11:15:	30	count	time	30.000000s/cts	O Det=1948	H Det=1661	Mon Det=69579	Aux Det=5569	O+H=9178	 DONE
05/10/2025 16:11:47:	close file and end scan	 DONE
05/10/2025 16:11:47:	END OF SCRIPT	 DONE
