16/10/2025 20:08:07:	start execution of script D:\data\Cycle 198\exp_3-16-19\rawdata\sc\ifg1r_newPS_2p30s.sc	 DONE
16/10/2025 20:08:08:	create file	D:\data\Cycle 198\exp_3-16-19\rawdata\sc\ifg1r_newPS_2p30s_16Oct2008.dat	 DONE
room to enter remarks DONE
16/10/2025 20:08:09:	MOVE MOTOR REL	S18.axis2.phaseshifter 1	deg	0.0	FALSE DONE
16/10/2025 20:08:12:	1	count	time	30.0s/cts	O Det=2233	H Det=1813	Mon Det=71879	Aux Det=11871	O+H=15917	 DONE
16/10/2025 20:08:44:	MOVE MOTOR REL	S18.axis2.phaseshifter 1	deg	0.07	FALSE DONE
16/10/2025 20:08:47:	2	count	time	30.0s/cts	O Det=1557	H Det=2165	Mon Det=72094	Aux Det=12284	O+H=16006	 DONE
16/10/2025 20:09:19:	MOVE MOTOR REL	S18.axis2.phaseshifter 1	deg	0.07	FALSE DONE
16/10/2025 20:09:22:	3	count	time	30.0s/cts	O Det=1202	H Det=2540	Mon Det=71892	Aux Det=12367	O+H=16109	 DONE
16/10/2025 20:09:54:	MOVE MOTOR REL	S18.axis2.phaseshifter 1	deg	0.07	FALSE DONE
16/10/2025 20:09:57:	4	count	time	30.0s/cts	O Det=1176	H Det=2886	Mon Det=71838	Aux Det=11740	O+H=15802	 DONE
16/10/2025 20:10:29:	MOVE MOTOR REL	S18.axis2.phaseshifter 1	deg	0.07	FALSE DONE
16/10/2025 20:10:33:	5	count	time	30.0s/cts	O Det=1519	H Det=3437	Mon Det=71368	Aux Det=10378	O+H=15334	 DONE
16/10/2025 20:11:04:	MOVE MOTOR REL	S18.axis2.phaseshifter 1	deg	0.07	FALSE DONE
16/10/2025 20:11:08:	6	count	time	30.0s/cts	O Det=2095	H Det=3539	Mon Det=71704	Aux Det=8866	O+H=14500	 DONE
16/10/2025 20:11:39:	MOVE MOTOR REL	S18.axis2.phaseshifter 1	deg	0.07	FALSE DONE
16/10/2025 20:11:43:	7	count	time	30.0s/cts	O Det=2946	H Det=3592	Mon Det=71781	Aux Det=7229	O+H=13767	 DONE
16/10/2025 20:12:15:	MOVE MOTOR REL	S18.axis2.phaseshifter 1	deg	0.07	FALSE DONE
16/10/2025 20:12:18:	8	count	time	30.0s/cts	O Det=3616	H Det=3654	Mon Det=71822	Aux Det=6089	O+H=13359	 DONE
16/10/2025 20:12:50:	MOVE MOTOR REL	S18.axis2.phaseshifter 1	deg	0.07	FALSE DONE
16/10/2025 20:12:53:	9	count	time	30.0s/cts	O Det=4324	H Det=3563	Mon Det=72190	Aux Det=5420	O+H=13307	 DONE
16/10/2025 20:13:25:	MOVE MOTOR REL	S18.axis2.phaseshifter 1	deg	0.07	FALSE DONE
16/10/2025 20:13:29:	10	count	time	30.0s/cts	O Det=4772	H Det=3463	Mon Det=72058	Aux Det=5030	O+H=13265	 DONE
16/10/2025 20:14:00:	MOVE MOTOR REL	S18.axis2.phaseshifter 1	deg	0.07	FALSE DONE
16/10/2025 20:14:04:	11	count	time	30.0s/cts	O Det=5230	H Det=2993	Mon Det=72564	Aux Det=4909	O+H=13132	 DONE
16/10/2025 20:14:35:	MOVE MOTOR REL	S18.axis2.phaseshifter 1	deg	0.07	FALSE DONE
16/10/2025 20:14:39:	12	count	time	30.0s/cts	O Det=5215	H Det=2677	Mon Det=72071	Aux Det=5323	O+H=13215	 DONE
16/10/2025 20:15:10:	MOVE MOTOR REL	S18.axis2.phaseshifter 1	deg	0.07	FALSE DONE
16/10/2025 20:15:14:	13	count	time	30.0s/cts	O Det=5147	H Det=2261	Mon Det=71859	Aux Det=6269	O+H=13677	 DONE
16/10/2025 20:15:46:	MOVE MOTOR REL	S18.axis2.phaseshifter 1	deg	0.07	FALSE DONE
16/10/2025 20:15:49:	14	count	time	30.0s/cts	O Det=4701	H Det=1961	Mon Det=71695	Aux Det=7595	O+H=14257	 DONE
16/10/2025 20:16:21:	MOVE MOTOR REL	S18.axis2.phaseshifter 1	deg	0.07	FALSE DONE
16/10/2025 20:16:24:	15	count	time	30.0s/cts	O Det=4034	H Det=1748	Mon Det=71983	Aux Det=9208	O+H=14990	 DONE
16/10/2025 20:16:56:	MOVE MOTOR REL	S18.axis2.phaseshifter 1	deg	0.07	FALSE DONE
16/10/2025 20:17:00:	16	count	time	30.0s/cts	O Det=3072	H Det=1761	Mon Det=71878	Aux Det=10534	O+H=15367	 DONE
16/10/2025 20:17:31:	MOVE MOTOR REL	S18.axis2.phaseshifter 1	deg	0.07	FALSE DONE
16/10/2025 20:17:35:	17	count	time	30.0s/cts	O Det=2610	H Det=1835	Mon Det=71740	Aux Det=11427	O+H=15872	 DONE
16/10/2025 20:18:06:	MOVE MOTOR REL	S18.axis2.phaseshifter 1	deg	0.07	FALSE DONE
16/10/2025 20:18:10:	18	count	time	30.0s/cts	O Det=1853	H Det=1987	Mon Det=72104	Aux Det=12075	O+H=15915	 DONE
16/10/2025 20:18:42:	MOVE MOTOR REL	S18.axis2.phaseshifter 1	deg	0.07	FALSE DONE
16/10/2025 20:18:45:	19	count	time	30.0s/cts	O Det=1349	H Det=2354	Mon Det=71788	Aux Det=12363	O+H=16066	 DONE
16/10/2025 20:19:17:	MOVE MOTOR REL	S18.axis2.phaseshifter 1	deg	0.07	FALSE DONE
16/10/2025 20:19:20:	20	count	time	30.0s/cts	O Det=1136	H Det=2581	Mon Det=72421	Aux Det=12019	O+H=15736	 DONE
16/10/2025 20:19:52:	MOVE MOTOR REL	S18.axis2.phaseshifter 1	deg	0.07	FALSE DONE
16/10/2025 20:19:56:	21	count	time	30.0s/cts	O Det=1184	H Det=3053	Mon Det=72470	Aux Det=11348	O+H=15585	 DONE
16/10/2025 20:20:27:	MOVE MOTOR REL	S18.axis2.phaseshifter 1	deg	0.07	FALSE DONE
16/10/2025 20:20:31:	22	count	time	30.0s/cts	O Det=1606	H Det=3295	Mon Det=71824	Aux Det=10061	O+H=14962	 DONE
16/10/2025 20:21:02:	MOVE MOTOR REL	S18.axis2.phaseshifter 1	deg	0.07	FALSE DONE
16/10/2025 20:21:06:	23	count	time	30.0s/cts	O Det=2132	H Det=3494	Mon Det=71420	Aux Det=8820	O+H=14446	 DONE
16/10/2025 20:21:38:	MOVE MOTOR REL	S18.axis2.phaseshifter 1	deg	0.07	FALSE DONE
16/10/2025 20:21:41:	24	count	time	30.0s/cts	O Det=3068	H Det=3688	Mon Det=71691	Aux Det=7066	O+H=13822	 DONE
16/10/2025 20:22:13:	MOVE MOTOR REL	S18.axis2.phaseshifter 1	deg	0.07	FALSE DONE
16/10/2025 20:22:16:	25	count	time	30.0s/cts	O Det=3952	H Det=3567	Mon Det=72002	Aux Det=5680	O+H=13199	 DONE
16/10/2025 20:22:48:	MOVE MOTOR REL	S18.axis2.phaseshifter 1	deg	0.07	FALSE DONE
16/10/2025 20:22:52:	26	count	time	30.0s/cts	O Det=4581	H Det=3585	Mon Det=71844	Aux Det=5045	O+H=13211	 DONE
16/10/2025 20:23:23:	MOVE MOTOR REL	S18.axis2.phaseshifter 1	deg	0.07	FALSE DONE
16/10/2025 20:23:27:	27	count	time	30.0s/cts	O Det=5017	H Det=3298	Mon Det=71280	Aux Det=4840	O+H=13155	 DONE
16/10/2025 20:23:58:	MOVE MOTOR REL	S18.axis2.phaseshifter 1	deg	0.07	FALSE DONE
16/10/2025 20:24:02:	28	count	time	30.0s/cts	O Det=5235	H Det=2870	Mon Det=71813	Aux Det=5152	O+H=13257	 DONE
16/10/2025 20:24:34:	MOVE MOTOR REL	S18.axis2.phaseshifter 1	deg	0.07	FALSE DONE
16/10/2025 20:24:37:	29	count	time	30.0s/cts	O Det=5292	H Det=2339	Mon Det=71927	Aux Det=6121	O+H=13752	 DONE
16/10/2025 20:25:09:	MOVE MOTOR REL	S18.axis2.phaseshifter 1	deg	0.07	FALSE DONE
16/10/2025 20:25:12:	30	count	time	30.0s/cts	O Det=4736	H Det=2114	Mon Det=71357	Aux Det=7411	O+H=14261	 DONE
16/10/2025 20:25:44:	MOVE MOTOR REL	S18.axis2.phaseshifter 1	deg	0.07	FALSE DONE
16/10/2025 20:25:47:	31	count	time	30.0s/cts	O Det=4017	H Det=1771	Mon Det=72148	Aux Det=8783	O+H=14571	 DONE
16/10/2025 20:26:19:	MOVE MOTOR REL	S18.axis2.phaseshifter 1	deg	0.07	FALSE DONE
16/10/2025 20:26:23:	32	count	time	30.0s/cts	O Det=3438	H Det=1670	Mon Det=72225	Aux Det=10260	O+H=15368	 DONE
16/10/2025 20:26:54:	NO ACTION	 DONE
16/10/2025 20:26:55:	close file and end scan	 DONE
16/10/2025 20:26:55:	END OF SCRIPT	 DONE
