30/09/2025 13:45:56:	start execution of script D:\data\Cycle 198\exp_3-16-19\rawdata\sc\ifg1_newPS_2p30s_B2.sc	 DONE
30/09/2025 13:45:57:	move motor	S18.axis2.phaseshifter 1 to 0.900000deg	 DONE
30/09/2025 13:45:59:	create file	D:\data\Cycle 198\exp_3-16-19\rawdata\sc\ifg1_newPS_2p30s_B2_30Sep1345.dat	 DONE
room to enter remarks DONE
30/09/2025 13:46:00:	move motor	S18.axis2.phaseshifter 1 to 1.000000deg	 DONE
30/09/2025 13:46:01:	1	count	time	30.000000s/cts	O Det=2633	H Det=2134	Mon Det=69796	Aux Det=3971	O+H=8738	 DONE
30/09/2025 13:46:33:	move motor	S18.axis2.phaseshifter 1 to 1.068966deg	 DONE
30/09/2025 13:46:34:	2	count	time	30.000000s/cts	O Det=2398	H Det=2415	Mon Det=70188	Aux Det=3938	O+H=8751	 DONE
30/09/2025 13:47:06:	move motor	S18.axis2.phaseshifter 1 to 1.137932deg	 DONE
30/09/2025 13:47:08:	3	count	time	30.000000s/cts	O Det=1687	H Det=3002	Mon Det=70154	Aux Det=3935	O+H=8624	 DONE
30/09/2025 13:47:39:	move motor	S18.axis2.phaseshifter 1 to 1.206898deg	 DONE
30/09/2025 13:47:41:	4	count	time	30.000000s/cts	O Det=1188	H Det=3418	Mon Det=69747	Aux Det=3969	O+H=8575	 DONE
30/09/2025 13:48:12:	move motor	S18.axis2.phaseshifter 1 to 1.275864deg	 DONE
30/09/2025 13:48:14:	5	count	time	30.000000s/cts	O Det=856	H Det=3822	Mon Det=69933	Aux Det=3980	O+H=8658	 DONE
30/09/2025 13:48:46:	move motor	S18.axis2.phaseshifter 1 to 1.344830deg	 DONE
30/09/2025 13:48:47:	6	count	time	30.000000s/cts	O Det=612	H Det=3990	Mon Det=70162	Aux Det=3873	O+H=8475	 DONE
30/09/2025 13:49:19:	move motor	S18.axis2.phaseshifter 1 to 1.413796deg	 DONE
30/09/2025 13:49:20:	7	count	time	30.000000s/cts	O Det=640	H Det=3859	Mon Det=69745	Aux Det=4015	O+H=8514	 DONE
30/09/2025 13:49:52:	move motor	S18.axis2.phaseshifter 1 to 1.482762deg	 DONE
30/09/2025 13:49:54:	8	count	time	30.000000s/cts	O Det=733	H Det=3954	Mon Det=69844	Aux Det=3939	O+H=8626	 DONE
30/09/2025 13:50:25:	move motor	S18.axis2.phaseshifter 1 to 1.551728deg	 DONE
30/09/2025 13:50:27:	9	count	time	30.000000s/cts	O Det=1319	H Det=3327	Mon Det=69885	Aux Det=4086	O+H=8732	 DONE
30/09/2025 13:50:58:	move motor	S18.axis2.phaseshifter 1 to 1.620694deg	 DONE
30/09/2025 13:51:00:	10	count	time	30.000000s/cts	O Det=1567	H Det=3055	Mon Det=69850	Aux Det=4000	O+H=8622	 DONE
30/09/2025 13:51:32:	move motor	S18.axis2.phaseshifter 1 to 1.689660deg	 DONE
30/09/2025 13:51:33:	11	count	time	30.000000s/cts	O Det=1994	H Det=2682	Mon Det=69813	Aux Det=4019	O+H=8695	 DONE
30/09/2025 13:52:05:	move motor	S18.axis2.phaseshifter 1 to 1.758626deg	 DONE
30/09/2025 13:52:06:	12	count	time	30.000000s/cts	O Det=2640	H Det=2125	Mon Det=69613	Aux Det=4045	O+H=8810	 DONE
30/09/2025 13:52:38:	move motor	S18.axis2.phaseshifter 1 to 1.827592deg	 DONE
30/09/2025 13:52:40:	13	count	time	30.000000s/cts	O Det=2901	H Det=1966	Mon Det=70066	Aux Det=4021	O+H=8888	 DONE
30/09/2025 13:53:11:	move motor	S18.axis2.phaseshifter 1 to 1.896558deg	 DONE
30/09/2025 13:53:13:	14	count	time	30.000000s/cts	O Det=3062	H Det=1809	Mon Det=69483	Aux Det=3969	O+H=8840	 DONE
30/09/2025 13:53:45:	move motor	S18.axis2.phaseshifter 1 to 1.965524deg	 DONE
30/09/2025 13:53:46:	15	count	time	30.000000s/cts	O Det=2882	H Det=1822	Mon Det=69822	Aux Det=3931	O+H=8635	 DONE
30/09/2025 13:54:18:	move motor	S18.axis2.phaseshifter 1 to 2.034490deg	 DONE
30/09/2025 13:54:19:	16	count	time	30.000000s/cts	O Det=2615	H Det=2172	Mon Det=69316	Aux Det=4015	O+H=8802	 DONE
30/09/2025 13:54:51:	move motor	S18.axis2.phaseshifter 1 to 2.103456deg	 DONE
30/09/2025 13:54:53:	17	count	time	30.000000s/cts	O Det=2241	H Det=2464	Mon Det=69682	Aux Det=3903	O+H=8608	 DONE
30/09/2025 13:55:24:	move motor	S18.axis2.phaseshifter 1 to 2.172422deg	 DONE
30/09/2025 13:55:26:	18	count	time	30.000000s/cts	O Det=1797	H Det=2959	Mon Det=69700	Aux Det=3858	O+H=8614	 DONE
30/09/2025 13:55:57:	move motor	S18.axis2.phaseshifter 1 to 2.241388deg	 DONE
30/09/2025 13:55:59:	19	count	time	30.000000s/cts	O Det=946	H Det=3711	Mon Det=70081	Aux Det=3918	O+H=8575	 DONE
30/09/2025 13:56:31:	move motor	S18.axis2.phaseshifter 1 to 2.310354deg	 DONE
30/09/2025 13:56:32:	20	count	time	30.000000s/cts	O Det=855	H Det=3786	Mon Det=69623	Aux Det=4039	O+H=8680	 DONE
30/09/2025 13:57:04:	move motor	S18.axis2.phaseshifter 1 to 2.379320deg	 DONE
30/09/2025 13:57:05:	21	count	time	30.000000s/cts	O Det=553	H Det=4027	Mon Det=70182	Aux Det=3947	O+H=8527	 DONE
30/09/2025 13:57:37:	move motor	S18.axis2.phaseshifter 1 to 2.448286deg	 DONE
30/09/2025 13:57:39:	22	count	time	30.000000s/cts	O Det=600	H Det=4015	Mon Det=70389	Aux Det=3869	O+H=8484	 DONE
30/09/2025 13:58:10:	move motor	S18.axis2.phaseshifter 1 to 2.517252deg	 DONE
30/09/2025 13:58:12:	23	count	time	30.000000s/cts	O Det=833	H Det=3735	Mon Det=69711	Aux Det=3884	O+H=8452	 DONE
30/09/2025 13:58:43:	move motor	S18.axis2.phaseshifter 1 to 2.586218deg	 DONE
30/09/2025 13:58:45:	24	count	time	30.000000s/cts	O Det=1202	H Det=3384	Mon Det=69995	Aux Det=4036	O+H=8622	 DONE
30/09/2025 13:59:17:	move motor	S18.axis2.phaseshifter 1 to 2.655184deg	 DONE
30/09/2025 13:59:18:	25	count	time	30.000000s/cts	O Det=1896	H Det=2932	Mon Det=69612	Aux Det=3947	O+H=8775	 DONE
30/09/2025 13:59:50:	move motor	S18.axis2.phaseshifter 1 to 2.724150deg	 DONE
30/09/2025 13:59:51:	26	count	time	30.000000s/cts	O Det=2120	H Det=2549	Mon Det=69629	Aux Det=3980	O+H=8649	 DONE
30/09/2025 14:00:23:	move motor	S18.axis2.phaseshifter 1 to 2.793116deg	 DONE
30/09/2025 14:00:25:	27	count	time	30.000000s/cts	O Det=2686	H Det=2075	Mon Det=69367	Aux Det=3943	O+H=8704	 DONE
30/09/2025 14:00:56:	move motor	S18.axis2.phaseshifter 1 to 2.862082deg	 DONE
30/09/2025 14:00:58:	28	count	time	30.000000s/cts	O Det=3091	H Det=1735	Mon Det=69672	Aux Det=3896	O+H=8722	 DONE
30/09/2025 14:01:29:	move motor	S18.axis2.phaseshifter 1 to 2.931048deg	 DONE
30/09/2025 14:01:31:	29	count	time	30.000000s/cts	O Det=3133	H Det=1715	Mon Det=69930	Aux Det=3938	O+H=8786	 DONE
30/09/2025 14:02:03:	move motor	S18.axis2.phaseshifter 1 to 3.000014deg	 DONE
30/09/2025 14:02:04:	30	count	time	30.000000s/cts	O Det=3049	H Det=1946	Mon Det=69536	Aux Det=4081	O+H=9076	 DONE
30/09/2025 14:02:36:	close file and end scan	 DONE
30/09/2025 14:02:36:	END OF SCRIPT	 DONE
