06/10/2025 07:34:26:	start execution of script D:\data\Cycle 198\exp_3-16-19\rawdata\sc\ifg1_newPS_2p30s_B3.sc	 DONE
06/10/2025 07:34:27:	move motor	S18.axis2.phaseshifter 1 to -1.100000deg	 DONE
06/10/2025 07:34:34:	create file	D:\data\Cycle 198\exp_3-16-19\rawdata\sc\ifg1_newPS_2p30s_B3_06Oct0734.dat	 DONE
room to enter remarks DONE
06/10/2025 07:34:35:	move motor	S18.axis2.phaseshifter 1 to -1.000000deg	 DONE
06/10/2025 07:34:36:	1	count	time	30.000000s/cts	O Det=1	H Det=6	Mon Det=69448	Aux Det=13	O+H=20	 DONE
06/10/2025 07:35:08:	move motor	S18.axis2.phaseshifter 1 to -0.931034deg	 DONE
06/10/2025 07:35:10:	2	count	time	30.000000s/cts	O Det=1	H Det=3	Mon Det=69540	Aux Det=26	O+H=30	 DONE
06/10/2025 07:35:41:	move motor	S18.axis2.phaseshifter 1 to -0.862068deg	 DONE
06/10/2025 07:35:43:	3	count	time	30.000000s/cts	O Det=1	H Det=6	Mon Det=69800	Aux Det=21	O+H=28	 DONE
06/10/2025 07:36:15:	move motor	S18.axis2.phaseshifter 1 to -0.793102deg	 DONE
06/10/2025 07:36:16:	4	count	time	30.000000s/cts	O Det=1	H Det=4	Mon Det=69578	Aux Det=17	O+H=22	 DONE
06/10/2025 07:36:48:	move motor	S18.axis2.phaseshifter 1 to -0.724136deg	 DONE
06/10/2025 07:36:50:	5	count	time	30.000000s/cts	O Det=3	H Det=8	Mon Det=69060	Aux Det=15	O+H=26	 DONE
06/10/2025 07:37:21:	move motor	S18.axis2.phaseshifter 1 to -0.655170deg	 DONE
06/10/2025 07:37:23:	6	count	time	30.000000s/cts	O Det=1	H Det=7	Mon Det=69426	Aux Det=15	O+H=23	 DONE
06/10/2025 07:37:54:	move motor	S18.axis2.phaseshifter 1 to -0.586204deg	 DONE
06/10/2025 07:37:56:	7	count	time	30.000000s/cts	O Det=0	H Det=7	Mon Det=69728	Aux Det=19	O+H=26	 DONE
06/10/2025 07:38:28:	move motor	S18.axis2.phaseshifter 1 to -0.517238deg	 DONE
06/10/2025 07:38:29:	8	count	time	30.000000s/cts	O Det=3	H Det=7	Mon Det=69310	Aux Det=18	O+H=28	 DONE
06/10/2025 07:39:01:	move motor	S18.axis2.phaseshifter 1 to -0.448272deg	 DONE
06/10/2025 07:39:03:	9	count	time	30.000000s/cts	O Det=2	H Det=5	Mon Det=69659	Aux Det=17	O+H=24	 DONE
06/10/2025 07:39:34:	move motor	S18.axis2.phaseshifter 1 to -0.379306deg	 DONE
06/10/2025 07:39:36:	10	count	time	30.000000s/cts	O Det=6	H Det=6	Mon Det=69218	Aux Det=18	O+H=30	 DONE
06/10/2025 07:40:08:	move motor	S18.axis2.phaseshifter 1 to -0.310340deg	 DONE
06/10/2025 07:40:09:	11	count	time	30.000000s/cts	O Det=0	H Det=2	Mon Det=69752	Aux Det=20	O+H=22	 DONE
06/10/2025 07:40:41:	move motor	S18.axis2.phaseshifter 1 to -0.241374deg	 DONE
06/10/2025 07:40:42:	12	count	time	30.000000s/cts	O Det=3	H Det=5	Mon Det=68828	Aux Det=9	O+H=17	 DONE
06/10/2025 07:41:14:	move motor	S18.axis2.phaseshifter 1 to -0.172408deg	 DONE
06/10/2025 07:41:16:	13	count	time	30.000000s/cts	O Det=4	H Det=1	Mon Det=69160	Aux Det=19	O+H=24	 DONE
06/10/2025 07:41:47:	move motor	S18.axis2.phaseshifter 1 to -0.103442deg	 DONE
06/10/2025 07:41:49:	14	count	time	30.000000s/cts	O Det=0	H Det=5	Mon Det=69557	Aux Det=18	O+H=23	 DONE
06/10/2025 07:42:20:	move motor	S18.axis2.phaseshifter 1 to -0.034476deg	 DONE
06/10/2025 07:42:22:	15	count	time	30.000000s/cts	O Det=1	H Det=10	Mon Det=69801	Aux Det=16	O+H=27	 DONE
06/10/2025 07:42:54:	move motor	S18.axis2.phaseshifter 1 to 0.034490deg	 DONE
06/10/2025 07:42:55:	16	count	time	30.000000s/cts	O Det=0	H Det=6	Mon Det=68789	Aux Det=8	O+H=14	 DONE
06/10/2025 07:43:27:	move motor	S18.axis2.phaseshifter 1 to 0.103456deg	 DONE
06/10/2025 07:43:29:	17	count	time	30.000000s/cts	O Det=1	H Det=6	Mon Det=69407	Aux Det=19	O+H=26	 DONE
06/10/2025 07:44:00:	move motor	S18.axis2.phaseshifter 1 to 0.172422deg	 DONE
06/10/2025 07:44:02:	18	count	time	30.000000s/cts	O Det=3	H Det=7	Mon Det=69532	Aux Det=6	O+H=16	 DONE
06/10/2025 07:44:33:	move motor	S18.axis2.phaseshifter 1 to 0.241388deg	 DONE
06/10/2025 07:44:35:	19	count	time	30.000000s/cts	O Det=1	H Det=4	Mon Det=69630	Aux Det=18	O+H=23	 DONE
06/10/2025 07:45:07:	move motor	S18.axis2.phaseshifter 1 to 0.310354deg	 DONE
06/10/2025 07:45:08:	20	count	time	30.000000s/cts	O Det=1	H Det=7	Mon Det=69325	Aux Det=13	O+H=21	 DONE
06/10/2025 07:45:40:	move motor	S18.axis2.phaseshifter 1 to 0.379320deg	 DONE
06/10/2025 07:45:42:	21	count	time	30.000000s/cts	O Det=1	H Det=5	Mon Det=69533	Aux Det=18	O+H=24	 DONE
06/10/2025 07:46:13:	move motor	S18.axis2.phaseshifter 1 to 0.448286deg	 DONE
06/10/2025 07:46:15:	22	count	time	30.000000s/cts	O Det=1	H Det=8	Mon Det=69324	Aux Det=13	O+H=22	 DONE
06/10/2025 07:46:46:	move motor	S18.axis2.phaseshifter 1 to 0.517252deg	 DONE
06/10/2025 07:46:48:	23	count	time	30.000000s/cts	O Det=1	H Det=3	Mon Det=69561	Aux Det=13	O+H=17	 DONE
06/10/2025 07:47:20:	move motor	S18.axis2.phaseshifter 1 to 0.586218deg	 DONE
06/10/2025 07:47:21:	24	count	time	30.000000s/cts	O Det=4	H Det=6	Mon Det=69137	Aux Det=20	O+H=30	 DONE
06/10/2025 07:47:53:	move motor	S18.axis2.phaseshifter 1 to 0.655184deg	 DONE
06/10/2025 07:47:54:	25	count	time	30.000000s/cts	O Det=5	H Det=6	Mon Det=69483	Aux Det=21	O+H=32	 DONE
06/10/2025 07:48:26:	move motor	S18.axis2.phaseshifter 1 to 0.724150deg	 DONE
06/10/2025 07:48:28:	26	count	time	30.000000s/cts	O Det=1	H Det=7	Mon Det=69572	Aux Det=15	O+H=23	 DONE
06/10/2025 07:48:59:	move motor	S18.axis2.phaseshifter 1 to 0.793116deg	 DONE
06/10/2025 07:49:01:	27	count	time	30.000000s/cts	O Det=0	H Det=7	Mon Det=70009	Aux Det=12	O+H=19	 DONE
06/10/2025 07:49:33:	move motor	S18.axis2.phaseshifter 1 to 0.862082deg	 DONE
06/10/2025 07:49:34:	28	count	time	30.000000s/cts	O Det=5	H Det=10	Mon Det=70321	Aux Det=12	O+H=27	 DONE
06/10/2025 07:50:06:	move motor	S18.axis2.phaseshifter 1 to 0.931048deg	 DONE
06/10/2025 07:50:08:	29	count	time	30.000000s/cts	O Det=2	H Det=6	Mon Det=69935	Aux Det=14	O+H=22	 DONE
06/10/2025 07:50:39:	move motor	S18.axis2.phaseshifter 1 to 1.000014deg	 DONE
06/10/2025 07:50:41:	30	count	time	30.000000s/cts	O Det=1	H Det=2	Mon Det=69522	Aux Det=15	O+H=18	 DONE
06/10/2025 07:51:13:	close file and end scan	 DONE
06/10/2025 07:51:13:	END OF SCRIPT	 DONE
