27/09/2025 07:43:57:	start execution of script D:\data\Cycle 198\exp_3-16-19\rawdata\sc\ifg1_3p20s_B3.sc	 DONE
27/09/2025 07:43:57:	move motor	S18.axis2.phaseshifter 1 to -2.725000deg	 DONE
27/09/2025 07:44:01:	create file	D:\data\Cycle 198\exp_3-16-19\rawdata\sc\ifg1_3p20s_B3_27Sep0744.dat	 DONE
room to enter remarks DONE
27/09/2025 07:44:02:	read encoder	S18.auxiliary.Robot Diagonal		93976.941589 DONE
27/09/2025 07:44:02:	move motor	S18.axis2.phaseshifter 1 to -2.625000deg	 DONE
27/09/2025 07:44:04:	1	count	time	20.000000s/cts	O Det=1725	H Det=1627	Mon Det=45157	Aux Det=8072	O+H=11424	 DONE
27/09/2025 07:44:26:	move motor	S18.axis2.phaseshifter 1 to -2.450000deg	 DONE
27/09/2025 07:44:27:	2	count	time	20.000000s/cts	O Det=937	H Det=938	Mon Det=45258	Aux Det=9652	O+H=11527	 DONE
27/09/2025 07:44:49:	move motor	S18.axis2.phaseshifter 1 to -2.275000deg	 DONE
27/09/2025 07:44:51:	3	count	time	20.000000s/cts	O Det=928	H Det=929	Mon Det=45438	Aux Det=9643	O+H=11500	 DONE
27/09/2025 07:45:12:	move motor	S18.axis2.phaseshifter 1 to -2.100000deg	 DONE
27/09/2025 07:45:14:	4	count	time	20.000000s/cts	O Det=1418	H Det=1277	Mon Det=44832	Aux Det=8881	O+H=11576	 DONE
27/09/2025 07:45:35:	move motor	S18.axis2.phaseshifter 1 to -1.925000deg	 DONE
27/09/2025 07:45:37:	5	count	time	20.000000s/cts	O Det=2215	H Det=1995	Mon Det=45489	Aux Det=7320	O+H=11530	 DONE
27/09/2025 07:45:59:	move motor	S18.axis2.phaseshifter 1 to -1.750000deg	 DONE
27/09/2025 07:46:00:	6	count	time	20.000000s/cts	O Det=2862	H Det=2695	Mon Det=45187	Aux Det=5845	O+H=11402	 DONE
27/09/2025 07:46:22:	move motor	S18.axis2.phaseshifter 1 to -1.575000deg	 DONE
27/09/2025 07:46:24:	7	count	time	20.000000s/cts	O Det=3736	H Det=3397	Mon Det=45756	Aux Det=4079	O+H=11212	 DONE
27/09/2025 07:46:45:	move motor	S18.axis2.phaseshifter 1 to -1.400000deg	 DONE
27/09/2025 07:46:47:	8	count	time	20.000000s/cts	O Det=3781	H Det=3413	Mon Det=45300	Aux Det=4124	O+H=11318	 DONE
27/09/2025 07:47:09:	move motor	S18.axis2.phaseshifter 1 to -1.225000deg	 DONE
27/09/2025 07:47:10:	9	count	time	20.000000s/cts	O Det=3172	H Det=3009	Mon Det=45381	Aux Det=5113	O+H=11294	 DONE
27/09/2025 07:47:32:	move motor	S18.axis2.phaseshifter 1 to -1.050000deg	 DONE
27/09/2025 07:47:34:	10	count	time	20.000000s/cts	O Det=2218	H Det=2157	Mon Det=45448	Aux Det=6979	O+H=11354	 DONE
27/09/2025 07:47:55:	move motor	S18.axis2.phaseshifter 1 to -0.875000deg	 DONE
27/09/2025 07:47:57:	11	count	time	20.000000s/cts	O Det=1367	H Det=1319	Mon Det=45484	Aux Det=8741	O+H=11427	 DONE
27/09/2025 07:48:18:	move motor	S18.axis2.phaseshifter 1 to -0.700000deg	 DONE
27/09/2025 07:48:20:	12	count	time	20.000000s/cts	O Det=943	H Det=963	Mon Det=45135	Aux Det=9800	O+H=11706	 DONE
27/09/2025 07:48:42:	move motor	S18.axis2.phaseshifter 1 to -0.525000deg	 DONE
27/09/2025 07:48:43:	13	count	time	20.000000s/cts	O Det=855	H Det=887	Mon Det=45056	Aux Det=9568	O+H=11310	 DONE
27/09/2025 07:49:05:	move motor	S18.axis2.phaseshifter 1 to -0.350000deg	 DONE
27/09/2025 07:49:06:	14	count	time	20.000000s/cts	O Det=1302	H Det=1217	Mon Det=45130	Aux Det=9057	O+H=11576	 DONE
27/09/2025 07:49:28:	move motor	S18.axis2.phaseshifter 1 to -0.175000deg	 DONE
27/09/2025 07:49:30:	15	count	time	20.000000s/cts	O Det=2173	H Det=1924	Mon Det=45433	Aux Det=7378	O+H=11475	 DONE
27/09/2025 07:49:51:	move motor	S18.axis2.phaseshifter 1 to 0.000000deg	 DONE
27/09/2025 07:49:53:	16	count	time	20.000000s/cts	O Det=3175	H Det=2908	Mon Det=45010	Aux Det=5264	O+H=11347	 DONE
27/09/2025 07:50:15:	move motor	S18.axis2.phaseshifter 1 to 0.175000deg	 DONE
27/09/2025 07:50:16:	17	count	time	20.000000s/cts	O Det=3670	H Det=3342	Mon Det=45253	Aux Det=4184	O+H=11196	 DONE
27/09/2025 07:50:38:	move motor	S18.axis2.phaseshifter 1 to 0.350000deg	 DONE
27/09/2025 07:50:40:	18	count	time	20.000000s/cts	O Det=3910	H Det=3530	Mon Det=45466	Aux Det=3968	O+H=11408	 DONE
27/09/2025 07:51:01:	move motor	S18.axis2.phaseshifter 1 to 0.525000deg	 DONE
27/09/2025 07:51:03:	19	count	time	20.000000s/cts	O Det=3384	H Det=3154	Mon Det=45338	Aux Det=4842	O+H=11380	 DONE
27/09/2025 07:51:25:	move motor	S18.axis2.phaseshifter 1 to 0.700000deg	 DONE
27/09/2025 07:51:26:	20	count	time	20.000000s/cts	O Det=2444	H Det=2294	Mon Det=45271	Aux Det=6686	O+H=11424	 DONE
27/09/2025 07:51:48:	move motor	S18.axis2.phaseshifter 1 to 0.875000deg	 DONE
27/09/2025 07:51:50:	21	count	time	20.000000s/cts	O Det=1625	H Det=1498	Mon Det=44990	Aux Det=8102	O+H=11225	 DONE
27/09/2025 07:52:11:	move motor	S18.axis2.phaseshifter 1 to 1.050000deg	 DONE
27/09/2025 07:52:13:	22	count	time	20.000000s/cts	O Det=1009	H Det=1008	Mon Det=45412	Aux Det=9377	O+H=11394	 DONE
27/09/2025 07:52:35:	move motor	S18.axis2.phaseshifter 1 to 1.225000deg	 DONE
27/09/2025 07:52:36:	23	count	time	20.000000s/cts	O Det=848	H Det=895	Mon Det=45287	Aux Det=9690	O+H=11433	 DONE
27/09/2025 07:52:58:	move motor	S18.axis2.phaseshifter 1 to 1.400000deg	 DONE
27/09/2025 07:53:00:	24	count	time	20.000000s/cts	O Det=1328	H Det=1260	Mon Det=45732	Aux Det=9000	O+H=11588	 DONE
27/09/2025 07:53:22:	move motor	S18.axis2.phaseshifter 1 to 1.575000deg	 DONE
27/09/2025 07:53:23:	25	count	time	20.000000s/cts	O Det=2094	H Det=2012	Mon Det=45499	Aux Det=7109	O+H=11215	 DONE
27/09/2025 07:53:45:	move motor	S18.axis2.phaseshifter 1 to 1.750000deg	 DONE
27/09/2025 07:53:46:	26	count	time	20.000000s/cts	O Det=3020	H Det=2943	Mon Det=45221	Aux Det=5175	O+H=11138	 DONE
27/09/2025 07:54:08:	move motor	S18.axis2.phaseshifter 1 to 1.925000deg	 DONE
27/09/2025 07:54:10:	27	count	time	20.000000s/cts	O Det=3857	H Det=3429	Mon Det=45310	Aux Det=4072	O+H=11358	 DONE
27/09/2025 07:54:31:	move motor	S18.axis2.phaseshifter 1 to 2.100000deg	 DONE
27/09/2025 07:54:33:	28	count	time	20.000000s/cts	O Det=3754	H Det=3443	Mon Det=45188	Aux Det=3891	O+H=11088	 DONE
27/09/2025 07:54:55:	move motor	S18.axis2.phaseshifter 1 to 2.275000deg	 DONE
27/09/2025 07:54:56:	29	count	time	20.000000s/cts	O Det=3365	H Det=3107	Mon Det=45539	Aux Det=4663	O+H=11135	 DONE
27/09/2025 07:55:18:	move motor	S18.axis2.phaseshifter 1 to 2.450000deg	 DONE
27/09/2025 07:55:20:	30	count	time	20.000000s/cts	O Det=2517	H Det=2367	Mon Det=45416	Aux Det=6430	O+H=11314	 DONE
27/09/2025 07:55:41:	move motor	S18.axis2.phaseshifter 1 to 2.625000deg	 DONE
27/09/2025 07:55:43:	31	count	time	20.000000s/cts	O Det=1346	H Det=1350	Mon Det=44942	Aux Det=8911	O+H=11607	 DONE
27/09/2025 07:56:05:	close file and end scan	 DONE
27/09/2025 07:56:05:	END OF SCRIPT	 DONE
