16/10/2025 18:22:25:	start execution of script D:\data\Cycle 198\exp_3-16-19\rawdata\sc\ifg1r_newPS_2p30s.sc	 DONE
16/10/2025 18:22:26:	create file	D:\data\Cycle 198\exp_3-16-19\rawdata\sc\ifg1r_newPS_2p30s_16Oct1822.dat	 DONE
room to enter remarks DONE
16/10/2025 18:22:27:	MOVE MOTOR REL	S18.axis2.phaseshifter 1	deg	0.0	FALSE DONE
16/10/2025 18:22:30:	1	count	time	15.0s/cts	O Det=1057	H Det=1010	Mon Det=35962	Aux Det=6218	O+H=8285	 DONE
16/10/2025 18:22:46:	MOVE MOTOR REL	S18.axis2.phaseshifter 1	deg	0.07	FALSE DONE
16/10/2025 18:22:50:	2	count	time	15.0s/cts	O Det=816	H Det=1163	Mon Det=35813	Aux Det=6316	O+H=8295	 DONE
16/10/2025 18:23:07:	MOVE MOTOR REL	S18.axis2.phaseshifter 1	deg	0.07	FALSE DONE
16/10/2025 18:23:10:	3	count	time	15.0s/cts	O Det=678	H Det=1305	Mon Det=36199	Aux Det=6258	O+H=8241	 DONE
16/10/2025 18:23:27:	MOVE MOTOR REL	S18.axis2.phaseshifter 1	deg	0.07	FALSE DONE
16/10/2025 18:23:30:	4	count	time	15.0s/cts	O Det=653	H Det=1524	Mon Det=35894	Aux Det=5855	O+H=8032	 DONE
16/10/2025 18:23:47:	MOVE MOTOR REL	S18.axis2.phaseshifter 1	deg	0.07	FALSE DONE
16/10/2025 18:23:51:	5	count	time	15.0s/cts	O Det=782	H Det=1695	Mon Det=35826	Aux Det=5461	O+H=7938	 DONE
16/10/2025 18:24:07:	MOVE MOTOR REL	S18.axis2.phaseshifter 1	deg	0.07	FALSE DONE
16/10/2025 18:24:11:	6	count	time	15.0s/cts	O Det=1028	H Det=1822	Mon Det=35712	Aux Det=4837	O+H=7687	 DONE
16/10/2025 18:24:27:	MOVE MOTOR REL	S18.axis2.phaseshifter 1	deg	0.07	FALSE DONE
16/10/2025 18:24:31:	7	count	time	15.0s/cts	O Det=1317	H Det=2017	Mon Det=35845	Aux Det=4063	O+H=7397	 DONE
16/10/2025 18:24:48:	MOVE MOTOR REL	S18.axis2.phaseshifter 1	deg	0.07	FALSE DONE
16/10/2025 18:24:51:	8	count	time	15.0s/cts	O Det=1634	H Det=1939	Mon Det=35666	Aux Det=3464	O+H=7037	 DONE
16/10/2025 18:25:08:	MOVE MOTOR REL	S18.axis2.phaseshifter 1	deg	0.07	FALSE DONE
16/10/2025 18:25:11:	9	count	time	15.0s/cts	O Det=2086	H Det=1956	Mon Det=35965	Aux Det=2917	O+H=6959	 DONE
16/10/2025 18:25:28:	MOVE MOTOR REL	S18.axis2.phaseshifter 1	deg	0.07	FALSE DONE
16/10/2025 18:25:32:	10	count	time	15.0s/cts	O Det=2491	H Det=1741	Mon Det=35711	Aux Det=2565	O+H=6797	 DONE
16/10/2025 18:25:48:	MOVE MOTOR REL	S18.axis2.phaseshifter 1	deg	0.07	FALSE DONE
16/10/2025 18:25:52:	11	count	time	15.0s/cts	O Det=2592	H Det=1657	Mon Det=35768	Aux Det=2467	O+H=6716	 DONE
16/10/2025 18:26:08:	MOVE MOTOR REL	S18.axis2.phaseshifter 1	deg	0.07	FALSE DONE
16/10/2025 18:26:12:	12	count	time	15.0s/cts	O Det=2728	H Det=1417	Mon Det=35744	Aux Det=2781	O+H=6926	 DONE
16/10/2025 18:26:29:	MOVE MOTOR REL	S18.axis2.phaseshifter 1	deg	0.07	FALSE DONE
16/10/2025 18:26:32:	13	count	time	15.0s/cts	O Det=2629	H Det=1185	Mon Det=35845	Aux Det=3348	O+H=7162	 DONE
16/10/2025 18:26:49:	MOVE MOTOR REL	S18.axis2.phaseshifter 1	deg	0.07	FALSE DONE
16/10/2025 18:26:52:	14	count	time	15.0s/cts	O Det=2447	H Det=1038	Mon Det=35742	Aux Det=3952	O+H=7437	 DONE
16/10/2025 18:27:09:	paused
16/10/2025 18:28:47:	close file and end scan	 DONE
16/10/2025 18:28:47:	END OF SCRIPT	 DONE
