06/10/2025 09:22:48:	start execution of script D:\data\Cycle 198\exp_3-16-19\rawdata\sc\ifg1_newPS_2p30s_B3.sc	 DONE
06/10/2025 09:22:48:	move motor	S18.axis2.phaseshifter 1 to -1.100000deg	 DONE
06/10/2025 09:22:51:	create file	D:\data\Cycle 198\exp_3-16-19\rawdata\sc\ifg1_newPS_2p30s_B3_06Oct0922.dat	 DONE
room to enter remarks DONE
06/10/2025 09:22:52:	move motor	S18.axis2.phaseshifter 1 to -1.000000deg	 DONE
06/10/2025 09:22:54:	1	count	time	30.000000s/cts	O Det=3	H Det=5	Mon Det=69781	Aux Det=20	O+H=28	 DONE
06/10/2025 09:23:26:	move motor	S18.axis2.phaseshifter 1 to -0.931034deg	 DONE
06/10/2025 09:23:27:	2	count	time	30.000000s/cts	O Det=1	H Det=4	Mon Det=69144	Aux Det=13	O+H=18	 DONE
06/10/2025 09:23:59:	move motor	S18.axis2.phaseshifter 1 to -0.862068deg	 DONE
06/10/2025 09:24:01:	3	count	time	30.000000s/cts	O Det=2	H Det=4	Mon Det=69535	Aux Det=13	O+H=19	 DONE
06/10/2025 09:24:32:	move motor	S18.axis2.phaseshifter 1 to -0.793102deg	 DONE
06/10/2025 09:24:34:	4	count	time	30.000000s/cts	O Det=4	H Det=6	Mon Det=69767	Aux Det=12	O+H=22	 DONE
06/10/2025 09:25:06:	move motor	S18.axis2.phaseshifter 1 to -0.724136deg	 DONE
06/10/2025 09:25:07:	5	count	time	30.000000s/cts	O Det=3	H Det=5	Mon Det=69153	Aux Det=10	O+H=18	 DONE
06/10/2025 09:25:39:	move motor	S18.axis2.phaseshifter 1 to -0.655170deg	 DONE
06/10/2025 09:25:40:	6	count	time	30.000000s/cts	O Det=1	H Det=6	Mon Det=69416	Aux Det=18	O+H=25	 DONE
06/10/2025 09:26:12:	move motor	S18.axis2.phaseshifter 1 to -0.586204deg	 DONE
06/10/2025 09:26:14:	7	count	time	30.000000s/cts	O Det=0	H Det=3	Mon Det=69459	Aux Det=10	O+H=13	 DONE
06/10/2025 09:26:45:	move motor	S18.axis2.phaseshifter 1 to -0.517238deg	 DONE
06/10/2025 09:26:47:	8	count	time	30.000000s/cts	O Det=1	H Det=3	Mon Det=69234	Aux Det=16	O+H=20	 DONE
06/10/2025 09:27:18:	move motor	S18.axis2.phaseshifter 1 to -0.448272deg	 DONE
06/10/2025 09:27:20:	9	count	time	30.000000s/cts	O Det=1	H Det=9	Mon Det=69501	Aux Det=19	O+H=29	 DONE
06/10/2025 09:27:52:	move motor	S18.axis2.phaseshifter 1 to -0.379306deg	 DONE
06/10/2025 09:27:53:	10	count	time	30.000000s/cts	O Det=2	H Det=8	Mon Det=69504	Aux Det=18	O+H=28	 DONE
06/10/2025 09:28:25:	move motor	S18.axis2.phaseshifter 1 to -0.310340deg	 DONE
06/10/2025 09:28:26:	11	count	time	30.000000s/cts	O Det=2	H Det=6	Mon Det=69126	Aux Det=10	O+H=18	 DONE
06/10/2025 09:28:58:	move motor	S18.axis2.phaseshifter 1 to -0.241374deg	 DONE
06/10/2025 09:29:00:	12	count	time	30.000000s/cts	O Det=1	H Det=5	Mon Det=69488	Aux Det=16	O+H=22	 DONE
06/10/2025 09:29:31:	move motor	S18.axis2.phaseshifter 1 to -0.172408deg	 DONE
06/10/2025 09:29:33:	13	count	time	30.000000s/cts	O Det=3	H Det=7	Mon Det=69373	Aux Det=21	O+H=31	 DONE
06/10/2025 09:30:05:	move motor	S18.axis2.phaseshifter 1 to -0.103442deg	 DONE
06/10/2025 09:30:06:	14	count	time	30.000000s/cts	O Det=4	H Det=5	Mon Det=69601	Aux Det=19	O+H=28	 DONE
06/10/2025 09:30:38:	move motor	S18.axis2.phaseshifter 1 to -0.034476deg	 DONE
06/10/2025 09:30:40:	15	count	time	30.000000s/cts	O Det=1	H Det=6	Mon Det=69375	Aux Det=16	O+H=23	 DONE
06/10/2025 09:31:11:	move motor	S18.axis2.phaseshifter 1 to 0.034490deg	 DONE
06/10/2025 09:31:13:	16	count	time	30.000000s/cts	O Det=1	H Det=5	Mon Det=69447	Aux Det=15	O+H=21	 DONE
06/10/2025 09:31:44:	move motor	S18.axis2.phaseshifter 1 to 0.103456deg	 DONE
06/10/2025 09:31:46:	17	count	time	30.000000s/cts	O Det=1	H Det=5	Mon Det=69591	Aux Det=13	O+H=19	 DONE
06/10/2025 09:32:18:	move motor	S18.axis2.phaseshifter 1 to 0.172422deg	 DONE
06/10/2025 09:32:19:	18	count	time	30.000000s/cts	O Det=2	H Det=4	Mon Det=69010	Aux Det=18	O+H=24	 DONE
06/10/2025 09:32:51:	move motor	S18.axis2.phaseshifter 1 to 0.241388deg	 DONE
06/10/2025 09:32:53:	19	count	time	30.000000s/cts	O Det=1	H Det=5	Mon Det=69492	Aux Det=16	O+H=22	 DONE
06/10/2025 09:33:24:	move motor	S18.axis2.phaseshifter 1 to 0.310354deg	 DONE
06/10/2025 09:33:26:	20	count	time	30.000000s/cts	O Det=2	H Det=4	Mon Det=69377	Aux Det=16	O+H=22	 DONE
06/10/2025 09:33:57:	move motor	S18.axis2.phaseshifter 1 to 0.379320deg	 DONE
06/10/2025 09:33:59:	21	count	time	30.000000s/cts	O Det=2	H Det=8	Mon Det=69707	Aux Det=15	O+H=25	 DONE
06/10/2025 09:34:31:	move motor	S18.axis2.phaseshifter 1 to 0.448286deg	 DONE
06/10/2025 09:34:32:	22	count	time	30.000000s/cts	O Det=0	H Det=6	Mon Det=69903	Aux Det=17	O+H=23	 DONE
06/10/2025 09:35:04:	move motor	S18.axis2.phaseshifter 1 to 0.517252deg	 DONE
06/10/2025 09:35:06:	23	count	time	30.000000s/cts	O Det=3	H Det=7	Mon Det=69724	Aux Det=19	O+H=29	 DONE
06/10/2025 09:35:37:	move motor	S18.axis2.phaseshifter 1 to 0.586218deg	 DONE
06/10/2025 09:35:39:	24	count	time	30.000000s/cts	O Det=1	H Det=8	Mon Det=69586	Aux Det=12	O+H=21	 DONE
06/10/2025 09:36:11:	move motor	S18.axis2.phaseshifter 1 to 0.655184deg	 DONE
06/10/2025 09:36:12:	25	count	time	30.000000s/cts	O Det=2	H Det=5	Mon Det=69318	Aux Det=11	O+H=18	 DONE
06/10/2025 09:36:44:	move motor	S18.axis2.phaseshifter 1 to 0.724150deg	 DONE
06/10/2025 09:36:45:	26	count	time	30.000000s/cts	O Det=1	H Det=6	Mon Det=70005	Aux Det=14	O+H=21	 DONE
06/10/2025 09:37:17:	move motor	S18.axis2.phaseshifter 1 to 0.793116deg	 DONE
06/10/2025 09:37:19:	27	count	time	30.000000s/cts	O Det=2	H Det=3	Mon Det=69694	Aux Det=16	O+H=21	 DONE
06/10/2025 09:37:50:	move motor	S18.axis2.phaseshifter 1 to 0.862082deg	 DONE
06/10/2025 09:37:52:	28	count	time	30.000000s/cts	O Det=2	H Det=9	Mon Det=69794	Aux Det=20	O+H=31	 DONE
06/10/2025 09:38:24:	move motor	S18.axis2.phaseshifter 1 to 0.931048deg	 DONE
06/10/2025 09:38:25:	29	count	time	30.000000s/cts	O Det=2	H Det=5	Mon Det=68890	Aux Det=13	O+H=20	 DONE
06/10/2025 09:38:57:	move motor	S18.axis2.phaseshifter 1 to 1.000014deg	 DONE
06/10/2025 09:38:58:	30	count	time	30.000000s/cts	O Det=1	H Det=2	Mon Det=69688	Aux Det=19	O+H=22	 DONE
06/10/2025 09:39:30:	close file and end scan	 DONE
06/10/2025 09:39:31:	END OF SCRIPT	 DONE
