16/10/2025 13:44:48:	start execution of script D:\data\Cycle 198\exp_3-16-19\rawdata\sc\ifg12r_newPS_2p30s_AP.sc	 DONE
16/10/2025 13:44:49:	create file	D:\data\Cycle 198\exp_3-16-19\rawdata\sc\ifg12r_newPS_2p30s_AP_16Oct1344.dat	 DONE
room to enter remarks DONE
16/10/2025 13:44:50:	MOVE MOTOR REL	S18.axis2.phaseshifter both	deg	0.0	FALSE DONE
16/10/2025 13:44:54:	1	count	time	15.0s/cts	O Det=785	H Det=1663	Mon Det=36075	Aux Det=5231	O+H=7679	 DONE
16/10/2025 13:45:11:	MOVE MOTOR REL	S18.axis2.phaseshifter both	deg	0.07	FALSE DONE
16/10/2025 13:45:15:	2	count	time	15.0s/cts	O Det=793	H Det=1323	Mon Det=35680	Aux Det=6004	O+H=8120	 DONE
16/10/2025 13:45:32:	MOVE MOTOR REL	S18.axis2.phaseshifter both	deg	0.07	FALSE DONE
16/10/2025 13:45:36:	3	count	time	15.0s/cts	O Det=781	H Det=1188	Mon Det=35980	Aux Det=6257	O+H=8226	 DONE
16/10/2025 13:45:53:	MOVE MOTOR REL	S18.axis2.phaseshifter both	deg	0.07	FALSE DONE
16/10/2025 13:45:58:	4	count	time	15.0s/cts	O Det=830	H Det=1123	Mon Det=35703	Aux Det=6340	O+H=8293	 DONE
16/10/2025 13:46:14:	MOVE MOTOR REL	S18.axis2.phaseshifter both	deg	0.07	FALSE DONE
16/10/2025 13:46:19:	5	count	time	15.0s/cts	O Det=778	H Det=1318	Mon Det=35784	Aux Det=5941	O+H=8037	 DONE
16/10/2025 13:46:35:	MOVE MOTOR REL	S18.axis2.phaseshifter both	deg	0.07	FALSE DONE
16/10/2025 13:46:40:	6	count	time	15.0s/cts	O Det=688	H Det=1681	Mon Det=35637	Aux Det=5389	O+H=7758	 DONE
16/10/2025 13:46:57:	MOVE MOTOR REL	S18.axis2.phaseshifter both	deg	0.07	FALSE DONE
16/10/2025 13:47:01:	7	count	time	15.0s/cts	O Det=636	H Det=2051	Mon Det=35323	Aux Det=5050	O+H=7737	 DONE
16/10/2025 13:47:18:	MOVE MOTOR REL	S18.axis2.phaseshifter both	deg	0.07	FALSE DONE
16/10/2025 13:47:23:	8	count	time	15.0s/cts	O Det=517	H Det=2466	Mon Det=35938	Aux Det=4344	O+H=7327	 DONE
16/10/2025 13:47:39:	MOVE MOTOR REL	S18.axis2.phaseshifter both	deg	0.07	FALSE DONE
16/10/2025 13:47:44:	9	count	time	15.0s/cts	O Det=514	H Det=2899	Mon Det=35643	Aux Det=3577	O+H=6990	 DONE
16/10/2025 13:48:00:	MOVE MOTOR REL	S18.axis2.phaseshifter both	deg	0.07	FALSE DONE
16/10/2025 13:48:05:	10	count	time	15.0s/cts	O Det=576	H Det=2966	Mon Det=35638	Aux Det=2980	O+H=6522	 DONE
16/10/2025 13:48:22:	MOVE MOTOR REL	S18.axis2.phaseshifter both	deg	0.07	FALSE DONE
16/10/2025 13:48:26:	11	count	time	15.0s/cts	O Det=625	H Det=3313	Mon Det=35447	Aux Det=2484	O+H=6422	 DONE
16/10/2025 13:48:43:	MOVE MOTOR REL	S18.axis2.phaseshifter both	deg	0.07	FALSE DONE
16/10/2025 13:48:48:	12	count	time	15.0s/cts	O Det=802	H Det=3242	Mon Det=35942	Aux Det=2457	O+H=6501	 DONE
16/10/2025 13:49:04:	MOVE MOTOR REL	S18.axis2.phaseshifter both	deg	0.07	FALSE DONE
16/10/2025 13:49:09:	13	count	time	15.0s/cts	O Det=822	H Det=3025	Mon Det=35531	Aux Det=2688	O+H=6535	 DONE
16/10/2025 13:49:25:	MOVE MOTOR REL	S18.axis2.phaseshifter both	deg	0.07	FALSE DONE
16/10/2025 13:49:30:	14	count	time	15.0s/cts	O Det=961	H Det=2714	Mon Det=35810	Aux Det=3165	O+H=6840	 DONE
16/10/2025 13:49:47:	MOVE MOTOR REL	S18.axis2.phaseshifter both	deg	0.07	FALSE DONE
16/10/2025 13:49:51:	15	count	time	15.0s/cts	O Det=999	H Det=2279	Mon Det=35451	Aux Det=4059	O+H=7337	 DONE
16/10/2025 13:50:08:	MOVE MOTOR REL	S18.axis2.phaseshifter both	deg	0.07	FALSE DONE
16/10/2025 13:50:12:	16	count	time	15.0s/cts	O Det=1053	H Det=1787	Mon Det=36092	Aux Det=4690	O+H=7530	 DONE
16/10/2025 13:50:29:	MOVE MOTOR REL	S18.axis2.phaseshifter both	deg	0.07	FALSE DONE
16/10/2025 13:50:34:	17	count	time	15.0s/cts	O Det=1097	H Det=1449	Mon Det=35493	Aux Det=5301	O+H=7847	 DONE
16/10/2025 13:50:50:	MOVE MOTOR REL	S18.axis2.phaseshifter both	deg	0.07	FALSE DONE
16/10/2025 13:50:55:	18	count	time	15.0s/cts	O Det=1029	H Det=1210	Mon Det=35658	Aux Det=5787	O+H=8026	 DONE
16/10/2025 13:51:11:	MOVE MOTOR REL	S18.axis2.phaseshifter both	deg	0.07	FALSE DONE
16/10/2025 13:51:16:	19	count	time	15.0s/cts	O Det=872	H Det=1074	Mon Det=35717	Aux Det=6301	O+H=8247	 DONE
16/10/2025 13:51:33:	MOVE MOTOR REL	S18.axis2.phaseshifter both	deg	0.07	FALSE DONE
16/10/2025 13:51:37:	20	count	time	15.0s/cts	O Det=885	H Det=1112	Mon Det=35849	Aux Det=6181	O+H=8178	 DONE
16/10/2025 13:51:54:	MOVE MOTOR REL	S18.axis2.phaseshifter both	deg	0.07	FALSE DONE
16/10/2025 13:51:58:	21	count	time	15.0s/cts	O Det=577	H Det=1399	Mon Det=35695	Aux Det=6215	O+H=8191	 DONE
16/10/2025 13:52:15:	MOVE MOTOR REL	S18.axis2.phaseshifter both	deg	0.07	FALSE DONE
16/10/2025 13:52:20:	22	count	time	15.0s/cts	O Det=496	H Det=1753	Mon Det=35993	Aux Det=5548	O+H=7797	 DONE
16/10/2025 13:52:36:	MOVE MOTOR REL	S18.axis2.phaseshifter both	deg	0.07	FALSE DONE
16/10/2025 13:52:41:	23	count	time	15.0s/cts	O Det=441	H Det=2192	Mon Det=35524	Aux Det=4673	O+H=7306	 DONE
16/10/2025 13:52:58:	MOVE MOTOR REL	S18.axis2.phaseshifter both	deg	0.07	FALSE DONE
16/10/2025 13:53:02:	24	count	time	15.0s/cts	O Det=453	H Det=2474	Mon Det=35871	Aux Det=4168	O+H=7095	 DONE
16/10/2025 13:53:19:	MOVE MOTOR REL	S18.axis2.phaseshifter both	deg	0.07	FALSE DONE
16/10/2025 13:53:23:	25	count	time	15.0s/cts	O Det=516	H Det=2876	Mon Det=35416	Aux Det=3532	O+H=6924	 DONE
16/10/2025 13:53:40:	MOVE MOTOR REL	S18.axis2.phaseshifter both	deg	0.07	FALSE DONE
16/10/2025 13:53:45:	26	count	time	15.0s/cts	O Det=618	H Det=3159	Mon Det=35941	Aux Det=2979	O+H=6756	 DONE
16/10/2025 13:54:01:	MOVE MOTOR REL	S18.axis2.phaseshifter both	deg	0.07	FALSE DONE
16/10/2025 13:54:06:	27	count	time	15.0s/cts	O Det=713	H Det=3273	Mon Det=35681	Aux Det=2568	O+H=6554	 DONE
16/10/2025 13:54:22:	MOVE MOTOR REL	S18.axis2.phaseshifter both	deg	0.07	FALSE DONE
16/10/2025 13:54:27:	28	count	time	15.0s/cts	O Det=957	H Det=3146	Mon Det=35566	Aux Det=2478	O+H=6581	 DONE
16/10/2025 13:54:44:	MOVE MOTOR REL	S18.axis2.phaseshifter both	deg	0.07	FALSE DONE
16/10/2025 13:54:48:	29	count	time	15.0s/cts	O Det=985	H Det=2854	Mon Det=35671	Aux Det=2806	O+H=6645	 DONE
16/10/2025 13:55:05:	MOVE MOTOR REL	S18.axis2.phaseshifter both	deg	0.07	FALSE DONE
16/10/2025 13:55:09:	30	count	time	15.0s/cts	O Det=1265	H Det=2366	Mon Det=35643	Aux Det=3399	O+H=7030	 DONE
16/10/2025 13:55:26:	MOVE MOTOR REL	S18.axis2.phaseshifter both	deg	0.07	FALSE DONE
16/10/2025 13:55:31:	31	count	time	15.0s/cts	O Det=1210	H Det=1962	Mon Det=35734	Aux Det=4144	O+H=7316	 DONE
16/10/2025 13:55:47:	MOVE MOTOR REL	S18.axis2.phaseshifter both	deg	0.07	FALSE DONE
16/10/2025 13:55:52:	32	count	time	15.0s/cts	O Det=1217	H Det=1595	Mon Det=35573	Aux Det=4708	O+H=7520	 DONE
16/10/2025 13:56:08:	NO ACTION	 DONE
16/10/2025 13:56:09:	close file and end scan	 DONE
16/10/2025 13:56:09:	END OF SCRIPT	 DONE
