09/10/2025 02:58:05:	start execution of script D:\data\Cycle 198\exp_3-16-19\rawdata\sc\ifg1R_newPS_2p30s_psi_+1+1+1_0.sc	 DONE
09/10/2025 02:58:06:	create file	D:\data\Cycle 198\exp_3-16-19\rawdata\sc\ifg1R_newPS_2p30s_psi_+1+1+1_0_09Oct0258.dat	 DONE
room to enter remarks DONE
09/10/2025 02:58:07:	MOVE MOTOR REL	S18.axis2.phaseshifter 1	deg	0	FALSE DONE
09/10/2025 02:58:10:	1	count	time	30.0s/cts	O Det=6181	H Det=3772	Mon Det=92516	Aux Det=5229	O+H=15182	 DONE
09/10/2025 02:58:42:	MOVE MOTOR REL	S18.axis2.phaseshifter 1	deg	0.1	FALSE DONE
09/10/2025 02:58:45:	2	count	time	30.0s/cts	O Det=5014	H Det=4449	Mon Det=92388	Aux Det=5754	O+H=15217	 DONE
09/10/2025 02:59:17:	MOVE MOTOR REL	S18.axis2.phaseshifter 1	deg	0.1	FALSE DONE
09/10/2025 02:59:21:	3	count	time	30.0s/cts	O Det=3153	H Det=4574	Mon Det=93066	Aux Det=7906	O+H=15633	 DONE
09/10/2025 02:59:52:	MOVE MOTOR REL	S18.axis2.phaseshifter 1	deg	0.1	FALSE DONE
09/10/2025 02:59:56:	4	count	time	30.0s/cts	O Det=2004	H Det=4282	Mon Det=93000	Aux Det=10336	O+H=16622	 DONE
09/10/2025 03:00:28:	MOVE MOTOR REL	S18.axis2.phaseshifter 1	deg	0.1	FALSE DONE
09/10/2025 03:00:31:	5	count	time	30.0s/cts	O Det=1186	H Det=3360	Mon Det=92662	Aux Det=12682	O+H=17228	 DONE
09/10/2025 03:01:03:	MOVE MOTOR REL	S18.axis2.phaseshifter 1	deg	0.1	FALSE DONE
09/10/2025 03:01:07:	6	count	time	30.0s/cts	O Det=1493	H Det=2627	Mon Det=92889	Aux Det=13818	O+H=17938	 DONE
09/10/2025 03:01:38:	MOVE MOTOR REL	S18.axis2.phaseshifter 1	deg	0.1	FALSE DONE
09/10/2025 03:01:42:	7	count	time	30.0s/cts	O Det=2510	H Det=2078	Mon Det=92280	Aux Det=13242	O+H=17830	 DONE
09/10/2025 03:02:14:	MOVE MOTOR REL	S18.axis2.phaseshifter 1	deg	0.1	FALSE DONE
09/10/2025 03:02:17:	8	count	time	30.0s/cts	O Det=4240	H Det=1682	Mon Det=93099	Aux Det=11854	O+H=17776	 DONE
09/10/2025 03:02:49:	MOVE MOTOR REL	S18.axis2.phaseshifter 1	deg	0.1	FALSE DONE
09/10/2025 03:02:53:	9	count	time	30.0s/cts	O Det=5750	H Det=1808	Mon Det=92672	Aux Det=8845	O+H=16403	 DONE
09/10/2025 03:03:24:	MOVE MOTOR REL	S18.axis2.phaseshifter 1	deg	0.1	FALSE DONE
09/10/2025 03:03:28:	10	count	time	30.0s/cts	O Det=6430	H Det=2438	Mon Det=93015	Aux Det=6684	O+H=15552	 DONE
09/10/2025 03:04:00:	MOVE MOTOR REL	S18.axis2.phaseshifter 1	deg	0.1	FALSE DONE
09/10/2025 03:04:03:	11	count	time	30.0s/cts	O Det=6634	H Det=3349	Mon Det=92795	Aux Det=5223	O+H=15206	 DONE
09/10/2025 03:04:35:	MOVE MOTOR REL	S18.axis2.phaseshifter 1	deg	0.1	FALSE DONE
09/10/2025 03:04:38:	12	count	time	30.0s/cts	O Det=5316	H Det=4061	Mon Det=92970	Aux Det=5324	O+H=14701	 DONE
09/10/2025 03:05:10:	MOVE MOTOR REL	S18.axis2.phaseshifter 1	deg	0.1	FALSE DONE
09/10/2025 03:05:14:	13	count	time	30.0s/cts	O Det=4243	H Det=4512	Mon Det=92701	Aux Det=6588	O+H=15343	 DONE
09/10/2025 03:05:46:	MOVE MOTOR REL	S18.axis2.phaseshifter 1	deg	0.1	FALSE DONE
09/10/2025 03:05:49:	14	count	time	30.0s/cts	O Det=2735	H Det=4477	Mon Det=92025	Aux Det=8819	O+H=16031	 DONE
09/10/2025 03:06:21:	MOVE MOTOR REL	S18.axis2.phaseshifter 1	deg	0.1	FALSE DONE
09/10/2025 03:06:24:	15	count	time	30.0s/cts	O Det=1556	H Det=4010	Mon Det=91833	Aux Det=11531	O+H=17097	 DONE
09/10/2025 03:06:56:	MOVE MOTOR REL	S18.axis2.phaseshifter 1	deg	0.1	FALSE DONE
09/10/2025 03:07:00:	16	count	time	30.0s/cts	O Det=1189	H Det=3342	Mon Det=92325	Aux Det=13306	O+H=17837	 DONE
09/10/2025 03:07:31:	MOVE MOTOR REL	S18.axis2.phaseshifter 1	deg	0.1	FALSE DONE
09/10/2025 03:07:35:	17	count	time	30.0s/cts	O Det=1772	H Det=2467	Mon Det=92338	Aux Det=13719	O+H=17958	 DONE
09/10/2025 03:08:07:	MOVE MOTOR REL	S18.axis2.phaseshifter 1	deg	0.1	FALSE DONE
09/10/2025 03:08:10:	18	count	time	30.0s/cts	O Det=2975	H Det=1816	Mon Det=91681	Aux Det=12840	O+H=17631	 DONE
09/10/2025 03:08:42:	MOVE MOTOR REL	S18.axis2.phaseshifter 1	deg	0.1	FALSE DONE
09/10/2025 03:08:46:	19	count	time	30.0s/cts	O Det=4422	H Det=1725	Mon Det=92390	Aux Det=11092	O+H=17239	 DONE
09/10/2025 03:09:17:	MOVE MOTOR REL	S18.axis2.phaseshifter 1	deg	0.1	FALSE DONE
09/10/2025 03:09:21:	20	count	time	30.0s/cts	O Det=6097	H Det=2046	Mon Det=92791	Aux Det=8285	O+H=16428	 DONE
09/10/2025 03:09:53:	MOVE MOTOR REL	S18.axis2.phaseshifter 1	deg	0.1	FALSE DONE
09/10/2025 03:09:56:	21	count	time	30.0s/cts	O Det=6700	H Det=2706	Mon Det=92731	Aux Det=6156	O+H=15562	 DONE
09/10/2025 03:10:28:	MOVE MOTOR REL	S18.axis2.phaseshifter 1	deg	0.1	FALSE DONE
09/10/2025 03:10:31:	22	count	time	30.0s/cts	O Det=6295	H Det=3584	Mon Det=92051	Aux Det=5239	O+H=15118	 DONE
09/10/2025 03:11:03:	close file and end scan	 DONE
call of ifg1r_newPS_2p30s.sc DONE
09/10/2025 03:11:04:	move motor	S18.axis2.phaseshifter 1 to fit O COS-90	-0.479078reached -0.47241  DONE
09/10/2025 03:11:07:	END OF SCRIPT	 DONE
