17/10/2025 14:37:57:	start execution of script D:\data\Cycle 198\exp_3-16-19\rawdata\sc\ifg1r_newPS_2p30s.sc	 DONE
17/10/2025 14:37:57:	create file	D:\data\Cycle 198\exp_3-16-19\rawdata\sc\ifg1r_newPS_2p30s_17Oct1437.dat	 DONE
room to enter remarks DONE
17/10/2025 14:37:58:	MOVE MOTOR REL	S18.axis2.phaseshifter 1	deg	0.0	FALSE DONE
17/10/2025 14:38:01:	1	count	time	15.0s/cts	O Det=706	H Det=1109	Mon Det=36024	Aux Det=6427	O+H=8242	 DONE
17/10/2025 14:38:18:	MOVE MOTOR REL	S18.axis2.phaseshifter 1	deg	0.07	FALSE DONE
17/10/2025 14:38:22:	2	count	time	15.0s/cts	O Det=675	H Det=1334	Mon Det=35864	Aux Det=6082	O+H=8091	 DONE
17/10/2025 14:38:38:	MOVE MOTOR REL	S18.axis2.phaseshifter 1	deg	0.07	FALSE DONE
17/10/2025 14:38:42:	3	count	time	15.0s/cts	O Det=699	H Det=1635	Mon Det=36174	Aux Det=5683	O+H=8017	 DONE
17/10/2025 14:38:58:	MOVE MOTOR REL	S18.axis2.phaseshifter 1	deg	0.07	FALSE DONE
17/10/2025 14:39:02:	4	count	time	15.0s/cts	O Det=991	H Det=1675	Mon Det=36068	Aux Det=5021	O+H=7687	 DONE
17/10/2025 14:39:19:	MOVE MOTOR REL	S18.axis2.phaseshifter 1	deg	0.07	FALSE DONE
17/10/2025 14:39:22:	5	count	time	15.0s/cts	O Det=1288	H Det=1841	Mon Det=35798	Aux Det=4193	O+H=7322	 DONE
17/10/2025 14:39:39:	MOVE MOTOR REL	S18.axis2.phaseshifter 1	deg	0.07	FALSE DONE
17/10/2025 14:39:42:	6	count	time	15.0s/cts	O Det=1722	H Det=1763	Mon Det=36208	Aux Det=3553	O+H=7038	 DONE
17/10/2025 14:39:59:	MOVE MOTOR REL	S18.axis2.phaseshifter 1	deg	0.07	FALSE DONE
17/10/2025 14:40:02:	7	count	time	15.0s/cts	O Det=2090	H Det=1842	Mon Det=36557	Aux Det=2946	O+H=6878	 DONE
17/10/2025 14:40:19:	MOVE MOTOR REL	S18.axis2.phaseshifter 1	deg	0.07	FALSE DONE
17/10/2025 14:40:23:	8	count	time	15.0s/cts	O Det=2344	H Det=1632	Mon Det=36096	Aux Det=2658	O+H=6634	 DONE
17/10/2025 14:40:39:	MOVE MOTOR REL	S18.axis2.phaseshifter 1	deg	0.07	FALSE DONE
17/10/2025 14:40:43:	9	count	time	15.0s/cts	O Det=2701	H Det=1530	Mon Det=35908	Aux Det=2529	O+H=6760	 DONE
17/10/2025 14:41:00:	MOVE MOTOR REL	S18.axis2.phaseshifter 1	deg	0.07	FALSE DONE
17/10/2025 14:41:03:	10	count	time	15.0s/cts	O Det=2767	H Det=1397	Mon Det=36080	Aux Det=2529	O+H=6693	 DONE
17/10/2025 14:41:20:	MOVE MOTOR REL	S18.axis2.phaseshifter 1	deg	0.07	FALSE DONE
17/10/2025 14:41:23:	11	count	time	15.0s/cts	O Det=2679	H Det=1282	Mon Det=36168	Aux Det=2937	O+H=6898	 DONE
17/10/2025 14:41:40:	MOVE MOTOR REL	S18.axis2.phaseshifter 1	deg	0.07	FALSE DONE
17/10/2025 14:41:43:	12	count	time	15.0s/cts	O Det=2497	H Det=1048	Mon Det=35889	Aux Det=3439	O+H=6984	 DONE
17/10/2025 14:42:00:	MOVE MOTOR REL	S18.axis2.phaseshifter 1	deg	0.07	FALSE DONE
17/10/2025 14:42:04:	13	count	time	15.0s/cts	O Det=2257	H Det=929	Mon Det=35826	Aux Det=4245	O+H=7431	 DONE
17/10/2025 14:42:20:	MOVE MOTOR REL	S18.axis2.phaseshifter 1	deg	0.07	FALSE DONE
17/10/2025 14:42:24:	14	count	time	15.0s/cts	O Det=1902	H Det=875	Mon Det=35764	Aux Det=4715	O+H=7492	 DONE
17/10/2025 14:42:41:	MOVE MOTOR REL	S18.axis2.phaseshifter 1	deg	0.07	FALSE DONE
17/10/2025 14:42:44:	15	count	time	15.0s/cts	O Det=1398	H Det=895	Mon Det=35943	Aux Det=5608	O+H=7901	 DONE
17/10/2025 14:43:01:	MOVE MOTOR REL	S18.axis2.phaseshifter 1	deg	0.07	FALSE DONE
17/10/2025 14:43:04:	16	count	time	15.0s/cts	O Det=1123	H Det=945	Mon Det=35709	Aux Det=6108	O+H=8176	 DONE
17/10/2025 14:43:21:	MOVE MOTOR REL	S18.axis2.phaseshifter 1	deg	0.07	FALSE DONE
17/10/2025 14:43:24:	17	count	time	15.0s/cts	O Det=782	H Det=1126	Mon Det=35632	Aux Det=6268	O+H=8176	 DONE
17/10/2025 14:43:41:	MOVE MOTOR REL	S18.axis2.phaseshifter 1	deg	0.07	FALSE DONE
17/10/2025 14:43:45:	18	count	time	15.0s/cts	O Det=621	H Det=1262	Mon Det=35850	Aux Det=6011	O+H=7894	 DONE
17/10/2025 14:44:01:	MOVE MOTOR REL	S18.axis2.phaseshifter 1	deg	0.07	FALSE DONE
17/10/2025 14:44:05:	19	count	time	15.0s/cts	O Det=678	H Det=1542	Mon Det=36519	Aux Det=5809	O+H=8029	 DONE
17/10/2025 14:44:22:	MOVE MOTOR REL	S18.axis2.phaseshifter 1	deg	0.07	FALSE DONE
17/10/2025 14:44:25:	20	count	time	15.0s/cts	O Det=937	H Det=1628	Mon Det=35921	Aux Det=4982	O+H=7547	 DONE
17/10/2025 14:44:42:	MOVE MOTOR REL	S18.axis2.phaseshifter 1	deg	0.07	FALSE DONE
17/10/2025 14:44:45:	21	count	time	15.0s/cts	O Det=1290	H Det=1791	Mon Det=35778	Aux Det=4393	O+H=7474	 DONE
17/10/2025 14:45:02:	MOVE MOTOR REL	S18.axis2.phaseshifter 1	deg	0.07	FALSE DONE
17/10/2025 14:45:05:	22	count	time	15.0s/cts	O Det=1695	H Det=1834	Mon Det=35868	Aux Det=3612	O+H=7141	 DONE
17/10/2025 14:45:22:	MOVE MOTOR REL	S18.axis2.phaseshifter 1	deg	0.07	FALSE DONE
17/10/2025 14:45:26:	23	count	time	15.0s/cts	O Det=2058	H Det=1839	Mon Det=35881	Aux Det=3080	O+H=6977	 DONE
17/10/2025 14:45:42:	MOVE MOTOR REL	S18.axis2.phaseshifter 1	deg	0.07	FALSE DONE
17/10/2025 14:45:46:	24	count	time	15.0s/cts	O Det=2388	H Det=1664	Mon Det=35808	Aux Det=2619	O+H=6671	 DONE
17/10/2025 14:46:03:	MOVE MOTOR REL	S18.axis2.phaseshifter 1	deg	0.07	FALSE DONE
17/10/2025 14:46:06:	25	count	time	15.0s/cts	O Det=2630	H Det=1540	Mon Det=36006	Aux Det=2553	O+H=6723	 DONE
17/10/2025 14:46:23:	MOVE MOTOR REL	S18.axis2.phaseshifter 1	deg	0.07	FALSE DONE
17/10/2025 14:46:26:	26	count	time	15.0s/cts	O Det=2705	H Det=1351	Mon Det=35910	Aux Det=2674	O+H=6730	 DONE
17/10/2025 14:46:43:	MOVE MOTOR REL	S18.axis2.phaseshifter 1	deg	0.07	FALSE DONE
17/10/2025 14:46:47:	27	count	time	15.0s/cts	O Det=2680	H Det=1156	Mon Det=36127	Aux Det=3106	O+H=6942	 DONE
17/10/2025 14:47:03:	MOVE MOTOR REL	S18.axis2.phaseshifter 1	deg	0.07	FALSE DONE
17/10/2025 14:47:07:	28	count	time	15.0s/cts	O Det=2415	H Det=1031	Mon Det=35776	Aux Det=3844	O+H=7290	 DONE
17/10/2025 14:47:24:	MOVE MOTOR REL	S18.axis2.phaseshifter 1	deg	0.07	FALSE DONE
17/10/2025 14:47:27:	29	count	time	15.0s/cts	O Det=2117	H Det=899	Mon Det=35908	Aux Det=4554	O+H=7570	 DONE
17/10/2025 14:47:44:	MOVE MOTOR REL	S18.axis2.phaseshifter 1	deg	0.07	FALSE DONE
17/10/2025 14:47:47:	30	count	time	15.0s/cts	O Det=1662	H Det=918	Mon Det=35786	Aux Det=5174	O+H=7754	 DONE
17/10/2025 14:48:04:	MOVE MOTOR REL	S18.axis2.phaseshifter 1	deg	0.07	FALSE DONE
17/10/2025 14:48:08:	31	count	time	15.0s/cts	O Det=1353	H Det=936	Mon Det=35671	Aux Det=5916	O+H=8205	 DONE
17/10/2025 14:48:24:	MOVE MOTOR REL	S18.axis2.phaseshifter 1	deg	0.07	FALSE DONE
17/10/2025 14:48:28:	32	count	time	15.0s/cts	O Det=987	H Det=1033	Mon Det=36222	Aux Det=6237	O+H=8257	 DONE
17/10/2025 14:48:44:	NO ACTION	 DONE
17/10/2025 14:48:45:	close file and end scan	 DONE
17/10/2025 14:48:45:	END OF SCRIPT	 DONE
