27/09/2025 03:17:55:	start execution of script D:\data\Cycle 198\exp_3-16-19\rawdata\sc\ifg1_3p20s_B2.sc	 DONE
27/09/2025 03:17:55:	move motor	S18.axis2.phaseshifter 1 to -2.725000deg	 DONE
27/09/2025 03:17:59:	create file	D:\data\Cycle 198\exp_3-16-19\rawdata\sc\ifg1_3p20s_B2_27Sep0317.dat	 DONE
room to enter remarks DONE
27/09/2025 03:18:00:	read encoder	S18.auxiliary.Robot Diagonal		-11.794229 DONE
27/09/2025 03:18:00:	move motor	S18.axis2.phaseshifter 1 to -2.625000deg	 DONE
27/09/2025 03:18:02:	1	count	time	20.000000s/cts	O Det=1620	H Det=3174	Mon Det=45140	Aux Det=3802	O+H=8596	 DONE
27/09/2025 03:18:24:	move motor	S18.axis2.phaseshifter 1 to -2.450000deg	 DONE
27/09/2025 03:18:25:	2	count	time	20.000000s/cts	O Det=677	H Det=4094	Mon Det=45223	Aux Det=3681	O+H=8452	 DONE
27/09/2025 03:18:47:	move motor	S18.axis2.phaseshifter 1 to -2.275000deg	 DONE
27/09/2025 03:18:49:	3	count	time	20.000000s/cts	O Det=405	H Det=4266	Mon Det=45037	Aux Det=3761	O+H=8432	 DONE
27/09/2025 03:19:10:	move motor	S18.axis2.phaseshifter 1 to -2.100000deg	 DONE
27/09/2025 03:19:12:	4	count	time	20.000000s/cts	O Det=648	H Det=4186	Mon Det=45222	Aux Det=3816	O+H=8650	 DONE
27/09/2025 03:19:34:	move motor	S18.axis2.phaseshifter 1 to -1.925000deg	 DONE
27/09/2025 03:19:35:	5	count	time	20.000000s/cts	O Det=1739	H Det=3136	Mon Det=45423	Aux Det=3731	O+H=8606	 DONE
27/09/2025 03:19:57:	move motor	S18.axis2.phaseshifter 1 to -1.750000deg	 DONE
27/09/2025 03:19:59:	6	count	time	20.000000s/cts	O Det=2806	H Det=2200	Mon Det=45351	Aux Det=3688	O+H=8694	 DONE
27/09/2025 03:20:20:	move motor	S18.axis2.phaseshifter 1 to -1.575000deg	 DONE
27/09/2025 03:20:22:	7	count	time	20.000000s/cts	O Det=3139	H Det=1927	Mon Det=45115	Aux Det=3756	O+H=8822	 DONE
27/09/2025 03:20:43:	move motor	S18.axis2.phaseshifter 1 to -1.400000deg	 DONE
27/09/2025 03:20:45:	8	count	time	20.000000s/cts	O Det=3457	H Det=1519	Mon Det=45247	Aux Det=3786	O+H=8762	 DONE
27/09/2025 03:21:07:	move motor	S18.axis2.phaseshifter 1 to -1.225000deg	 DONE
27/09/2025 03:21:08:	9	count	time	20.000000s/cts	O Det=3354	H Det=1679	Mon Det=45367	Aux Det=3896	O+H=8929	 DONE
27/09/2025 03:21:30:	move motor	S18.axis2.phaseshifter 1 to -1.050000deg	 DONE
27/09/2025 03:21:32:	10	count	time	20.000000s/cts	O Det=2289	H Det=2560	Mon Det=45206	Aux Det=3769	O+H=8618	 DONE
27/09/2025 03:21:53:	move motor	S18.axis2.phaseshifter 1 to -0.875000deg	 DONE
27/09/2025 03:21:55:	11	count	time	20.000000s/cts	O Det=1394	H Det=3408	Mon Det=45242	Aux Det=3702	O+H=8504	 DONE
27/09/2025 03:22:17:	move motor	S18.axis2.phaseshifter 1 to -0.700000deg	 DONE
27/09/2025 03:22:18:	12	count	time	20.000000s/cts	O Det=639	H Det=4032	Mon Det=45563	Aux Det=3869	O+H=8540	 DONE
27/09/2025 03:22:40:	move motor	S18.axis2.phaseshifter 1 to -0.525000deg	 DONE
27/09/2025 03:22:41:	13	count	time	20.000000s/cts	O Det=424	H Det=4296	Mon Det=45182	Aux Det=3840	O+H=8560	 DONE
27/09/2025 03:23:03:	move motor	S18.axis2.phaseshifter 1 to -0.350000deg	 DONE
27/09/2025 03:23:05:	14	count	time	20.000000s/cts	O Det=428	H Det=4267	Mon Det=45408	Aux Det=3817	O+H=8512	 DONE
27/09/2025 03:23:26:	move motor	S18.axis2.phaseshifter 1 to -0.175000deg	 DONE
27/09/2025 03:23:28:	15	count	time	20.000000s/cts	O Det=1166	H Det=3628	Mon Det=45485	Aux Det=3753	O+H=8547	 DONE
27/09/2025 03:23:50:	move motor	S18.axis2.phaseshifter 1 to 0.000000deg	 DONE
27/09/2025 03:23:51:	16	count	time	20.000000s/cts	O Det=2370	H Det=2515	Mon Det=45235	Aux Det=3829	O+H=8714	 DONE
27/09/2025 03:24:13:	move motor	S18.axis2.phaseshifter 1 to 0.175000deg	 DONE
27/09/2025 03:24:14:	17	count	time	20.000000s/cts	O Det=3219	H Det=1847	Mon Det=45252	Aux Det=3802	O+H=8868	 DONE
27/09/2025 03:24:36:	move motor	S18.axis2.phaseshifter 1 to 0.350000deg	 DONE
27/09/2025 03:24:38:	18	count	time	20.000000s/cts	O Det=3312	H Det=1690	Mon Det=45463	Aux Det=3820	O+H=8822	 DONE
27/09/2025 03:24:59:	move motor	S18.axis2.phaseshifter 1 to 0.525000deg	 DONE
27/09/2025 03:25:01:	19	count	time	20.000000s/cts	O Det=3132	H Det=1783	Mon Det=45448	Aux Det=3767	O+H=8682	 DONE
27/09/2025 03:25:23:	move motor	S18.axis2.phaseshifter 1 to 0.700000deg	 DONE
27/09/2025 03:25:24:	20	count	time	20.000000s/cts	O Det=1924	H Det=2923	Mon Det=45596	Aux Det=3781	O+H=8628	 DONE
27/09/2025 03:25:46:	move motor	S18.axis2.phaseshifter 1 to 0.875000deg	 DONE
27/09/2025 03:25:48:	21	count	time	20.000000s/cts	O Det=1392	H Det=3466	Mon Det=45419	Aux Det=3774	O+H=8632	 DONE
27/09/2025 03:26:09:	move motor	S18.axis2.phaseshifter 1 to 1.050000deg	 DONE
27/09/2025 03:26:11:	22	count	time	20.000000s/cts	O Det=772	H Det=3830	Mon Det=45495	Aux Det=3822	O+H=8424	 DONE
27/09/2025 03:26:33:	move motor	S18.axis2.phaseshifter 1 to 1.225000deg	 DONE
27/09/2025 03:26:34:	23	count	time	20.000000s/cts	O Det=464	H Det=4196	Mon Det=45392	Aux Det=3882	O+H=8542	 DONE
27/09/2025 03:26:56:	move motor	S18.axis2.phaseshifter 1 to 1.400000deg	 DONE
27/09/2025 03:26:58:	24	count	time	20.000000s/cts	O Det=938	H Det=3761	Mon Det=45672	Aux Det=3823	O+H=8522	 DONE
27/09/2025 03:27:19:	move motor	S18.axis2.phaseshifter 1 to 1.575000deg	 DONE
27/09/2025 03:27:21:	25	count	time	20.000000s/cts	O Det=1853	H Det=3045	Mon Det=45391	Aux Det=3722	O+H=8620	 DONE
27/09/2025 03:27:43:	move motor	S18.axis2.phaseshifter 1 to 1.750000deg	 DONE
27/09/2025 03:27:44:	26	count	time	20.000000s/cts	O Det=2017	H Det=2776	Mon Det=45253	Aux Det=3761	O+H=8554	 DONE
27/09/2025 03:28:06:	move motor	S18.axis2.phaseshifter 1 to 1.925000deg	 DONE
27/09/2025 03:28:08:	27	count	time	20.000000s/cts	O Det=3337	H Det=1759	Mon Det=45090	Aux Det=3855	O+H=8951	 DONE
27/09/2025 03:28:29:	move motor	S18.axis2.phaseshifter 1 to 2.100000deg	 DONE
27/09/2025 03:28:31:	28	count	time	20.000000s/cts	O Det=3481	H Det=1571	Mon Det=45254	Aux Det=3696	O+H=8748	 DONE
27/09/2025 03:28:53:	move motor	S18.axis2.phaseshifter 1 to 2.275000deg	 DONE
27/09/2025 03:28:54:	29	count	time	20.000000s/cts	O Det=3137	H Det=1696	Mon Det=45512	Aux Det=3805	O+H=8638	 DONE
27/09/2025 03:29:16:	move motor	S18.axis2.phaseshifter 1 to 2.450000deg	 DONE
27/09/2025 03:29:18:	30	count	time	20.000000s/cts	O Det=2957	H Det=2117	Mon Det=45729	Aux Det=3855	O+H=8929	 DONE
27/09/2025 03:29:39:	move motor	S18.axis2.phaseshifter 1 to 2.625000deg	 DONE
27/09/2025 03:29:41:	31	count	time	20.000000s/cts	O Det=1831	H Det=3116	Mon Det=45460	Aux Det=3822	O+H=8769	 DONE
27/09/2025 03:30:03:	close file and end scan	 DONE
27/09/2025 03:30:03:	END OF SCRIPT	 DONE
