07/10/2025 21:01:57:	start execution of script D:\data\Cycle 198\exp_3-16-19\rawdata\sc\ifg1R_newPS_2p30s_p180.sc	 DONE
07/10/2025 21:01:58:	create file	D:\data\Cycle 198\exp_3-16-19\rawdata\sc\ifg1R_newPS_2p30s_p180_07Oct2101.dat	 DONE
room to enter remarks DONE
07/10/2025 21:01:59:	MOVE MOTOR REL	S18.axis2.phaseshifter 1	deg	0.1	FALSE DONE
07/10/2025 21:02:02:	1	count	time	30.0s/cts	O Det=1688	H Det=2532	Mon Det=91665	Aux Det=9333	O+H=13553	 DONE
07/10/2025 21:02:34:	MOVE MOTOR REL	S18.axis2.phaseshifter 1	deg	0.1	FALSE DONE
07/10/2025 21:02:37:	2	count	time	30.0s/cts	O Det=2852	H Det=2635	Mon Det=92309	Aux Det=7542	O+H=13029	 DONE
07/10/2025 21:03:09:	MOVE MOTOR REL	S18.axis2.phaseshifter 1	deg	0.1	FALSE DONE
07/10/2025 21:03:12:	3	count	time	30.0s/cts	O Det=4222	H Det=2513	Mon Det=92179	Aux Det=5499	O+H=12234	 DONE
07/10/2025 21:03:44:	MOVE MOTOR REL	S18.axis2.phaseshifter 1	deg	0.1	FALSE DONE
07/10/2025 21:03:48:	4	count	time	30.0s/cts	O Det=5575	H Det=2285	Mon Det=92087	Aux Det=4033	O+H=11893	 DONE
07/10/2025 21:04:19:	MOVE MOTOR REL	S18.axis2.phaseshifter 1	deg	0.1	FALSE DONE
07/10/2025 21:04:23:	5	count	time	30.0s/cts	O Det=6150	H Det=1993	Mon Det=91909	Aux Det=3510	O+H=11653	 DONE
07/10/2025 21:04:54:	MOVE MOTOR REL	S18.axis2.phaseshifter 1	deg	0.1	FALSE DONE
07/10/2025 21:04:58:	6	count	time	30.0s/cts	O Det=5972	H Det=1764	Mon Det=92134	Aux Det=4175	O+H=11911	 DONE
07/10/2025 21:05:30:	MOVE MOTOR REL	S18.axis2.phaseshifter 1	deg	0.1	FALSE DONE
07/10/2025 21:05:33:	7	count	time	30.0s/cts	O Det=4817	H Det=1664	Mon Det=91565	Aux Det=5778	O+H=12259	 DONE
07/10/2025 21:06:05:	MOVE MOTOR REL	S18.axis2.phaseshifter 1	deg	0.1	FALSE DONE
07/10/2025 21:06:08:	8	count	time	30.0s/cts	O Det=3212	H Det=1788	Mon Det=91673	Aux Det=7831	O+H=12831	 DONE
07/10/2025 21:06:40:	MOVE MOTOR REL	S18.axis2.phaseshifter 1	deg	0.1	FALSE DONE
07/10/2025 21:06:43:	9	count	time	30.0s/cts	O Det=2046	H Det=2031	Mon Det=91915	Aux Det=9337	O+H=13414	 DONE
07/10/2025 21:07:15:	MOVE MOTOR REL	S18.axis2.phaseshifter 1	deg	0.1	FALSE DONE
07/10/2025 21:07:19:	10	count	time	30.0s/cts	O Det=1291	H Det=2242	Mon Det=91238	Aux Det=9882	O+H=13415	 DONE
07/10/2025 21:07:50:	MOVE MOTOR REL	S18.axis2.phaseshifter 1	deg	0.1	FALSE DONE
07/10/2025 21:07:54:	11	count	time	30.0s/cts	O Det=1396	H Det=2402	Mon Det=91760	Aux Det=9532	O+H=13330	 DONE
07/10/2025 21:08:26:	MOVE MOTOR REL	S18.axis2.phaseshifter 1	deg	0.1	FALSE DONE
07/10/2025 21:08:29:	12	count	time	30.0s/cts	O Det=2335	H Det=2558	Mon Det=91471	Aux Det=7853	O+H=12746	 DONE
07/10/2025 21:09:01:	MOVE MOTOR REL	S18.axis2.phaseshifter 1	deg	0.1	FALSE DONE
07/10/2025 21:09:04:	13	count	time	30.0s/cts	O Det=3488	H Det=2574	Mon Det=91776	Aux Det=6116	O+H=12178	 DONE
07/10/2025 21:09:36:	MOVE MOTOR REL	S18.axis2.phaseshifter 1	deg	0.1	FALSE DONE
07/10/2025 21:09:39:	14	count	time	30.0s/cts	O Det=4776	H Det=2327	Mon Det=91216	Aux Det=4260	O+H=11363	 DONE
07/10/2025 21:10:11:	MOVE MOTOR REL	S18.axis2.phaseshifter 1	deg	0.1	FALSE DONE
07/10/2025 21:10:15:	15	count	time	30.0s/cts	O Det=5779	H Det=2052	Mon Det=91191	Aux Det=3517	O+H=11348	 DONE
07/10/2025 21:10:46:	MOVE MOTOR REL	S18.axis2.phaseshifter 1	deg	0.1	FALSE DONE
07/10/2025 21:10:50:	16	count	time	30.0s/cts	O Det=5785	H Det=1933	Mon Det=91401	Aux Det=3731	O+H=11449	 DONE
07/10/2025 21:11:22:	MOVE MOTOR REL	S18.axis2.phaseshifter 1	deg	0.1	FALSE DONE
07/10/2025 21:11:25:	17	count	time	30.0s/cts	O Det=4946	H Det=1728	Mon Det=91550	Aux Det=5102	O+H=11776	 DONE
07/10/2025 21:11:57:	MOVE MOTOR REL	S18.axis2.phaseshifter 1	deg	0.1	FALSE DONE
07/10/2025 21:12:00:	18	count	time	30.0s/cts	O Det=3569	H Det=1755	Mon Det=92060	Aux Det=7100	O+H=12424	 DONE
07/10/2025 21:12:32:	MOVE MOTOR REL	S18.axis2.phaseshifter 1	deg	0.1	FALSE DONE
07/10/2025 21:12:35:	19	count	time	30.0s/cts	O Det=2301	H Det=2044	Mon Det=91563	Aux Det=8777	O+H=13122	 DONE
07/10/2025 21:13:07:	MOVE MOTOR REL	S18.axis2.phaseshifter 1	deg	0.1	FALSE DONE
07/10/2025 21:13:11:	20	count	time	30.0s/cts	O Det=1320	H Det=2261	Mon Det=91731	Aux Det=9532	O+H=13113	 DONE
07/10/2025 21:13:42:	MOVE MOTOR REL	S18.axis2.phaseshifter 1	deg	0.1	FALSE DONE
07/10/2025 21:13:46:	21	count	time	30.0s/cts	O Det=1277	H Det=2402	Mon Det=91750	Aux Det=9312	O+H=12991	 DONE
07/10/2025 21:14:17:	MOVE MOTOR REL	S18.axis2.phaseshifter 1	deg	0.1	FALSE DONE
07/10/2025 21:14:21:	22	count	time	30.0s/cts	O Det=2166	H Det=2612	Mon Det=91978	Aux Det=7559	O+H=12337	 DONE
07/10/2025 21:14:53:	close file and end scan	 DONE
call of ifg1r_newPS_2p30s.sc DONE
07/10/2025 21:14:54:	END OF SCRIPT	 DONE
