28/09/2025 05:45:51:	start execution of script D:\data\Cycle 198\exp_3-16-19\rawdata\sc\ifg1_3p200s.sc	 DONE
28/09/2025 05:45:52:	move motor	S18.axis2.phaseshifter 1 to -2.725000deg	 DONE
28/09/2025 05:45:55:	create file	D:\data\Cycle 198\exp_3-16-19\rawdata\sc\ifg1_3p200s_28Sep0545.dat	 DONE
room to enter remarks DONE
28/09/2025 05:45:57:	read encoder	S18.auxiliary.Robot Diagonal		93974.441589 DONE
28/09/2025 05:45:57:	move motor	S18.axis2.phaseshifter 1 to -2.625000deg	 DONE
28/09/2025 05:45:59:	1	count	time	200.000000s/cts	O Det=1842	H Det=48803	Mon Det=455126	Aux Det=76527	O+H=127172	 DONE
28/09/2025 05:49:21:	move motor	S18.axis2.phaseshifter 1 to -2.450000deg	 DONE
28/09/2025 05:49:23:	2	count	time	200.000000s/cts	O Det=1489	H Det=37836	Mon Det=454840	Aux Det=92091	O+H=131416	 DONE
28/09/2025 05:52:45:	move motor	S18.axis2.phaseshifter 1 to -2.275000deg	 DONE
28/09/2025 05:52:47:	3	count	time	200.000000s/cts	O Det=2190	H Det=26626	Mon Det=454544	Aux Det=97676	O+H=126492	 DONE
28/09/2025 05:56:09:	move motor	S18.axis2.phaseshifter 1 to -2.100000deg	 DONE
28/09/2025 05:56:11:	4	count	time	200.000000s/cts	O Det=3301	H Det=21349	Mon Det=454681	Aux Det=93628	O+H=118278	 DONE
28/09/2025 05:59:33:	move motor	S18.axis2.phaseshifter 1 to -1.925000deg	 DONE
28/09/2025 05:59:35:	5	count	time	200.000000s/cts	O Det=5139	H Det=22756	Mon Det=454309	Aux Det=77064	O+H=104959	 DONE
28/09/2025 06:02:57:	move motor	S18.axis2.phaseshifter 1 to -1.750000deg	 DONE
28/09/2025 06:02:59:	6	count	time	200.000000s/cts	O Det=6216	H Det=29422	Mon Det=455375	Aux Det=59758	O+H=95396	 DONE
28/09/2025 06:06:21:	move motor	S18.axis2.phaseshifter 1 to -1.575000deg	 DONE
28/09/2025 06:06:23:	7	count	time	200.000000s/cts	O Det=6465	H Det=42463	Mon Det=454013	Aux Det=43213	O+H=92141	 DONE
28/09/2025 06:09:45:	move motor	S18.axis2.phaseshifter 1 to -1.400000deg	 DONE
28/09/2025 06:09:47:	8	count	time	200.000000s/cts	O Det=6034	H Det=50246	Mon Det=456206	Aux Det=37812	O+H=94092	 DONE
28/09/2025 06:13:09:	move motor	S18.axis2.phaseshifter 1 to -1.225000deg	 DONE
28/09/2025 06:13:11:	9	count	time	200.000000s/cts	O Det=4173	H Det=58983	Mon Det=455932	Aux Det=44059	O+H=107215	 DONE
28/09/2025 06:16:34:	move motor	S18.axis2.phaseshifter 1 to -1.050000deg	 DONE
28/09/2025 06:16:35:	10	count	time	200.000000s/cts	O Det=3374	H Det=53820	Mon Det=454353	Aux Det=56700	O+H=113894	 DONE
28/09/2025 06:19:57:	move motor	S18.axis2.phaseshifter 1 to -0.875000deg	 DONE
28/09/2025 06:19:59:	11	count	time	200.000000s/cts	O Det=1852	H Det=49308	Mon Det=455672	Aux Det=76031	O+H=127191	 DONE
28/09/2025 06:23:21:	move motor	S18.axis2.phaseshifter 1 to -0.700000deg	 DONE
28/09/2025 06:23:23:	12	count	time	200.000000s/cts	O Det=1463	H Det=37657	Mon Det=455632	Aux Det=92110	O+H=131230	 DONE
28/09/2025 06:26:46:	move motor	S18.axis2.phaseshifter 1 to -0.525000deg	 DONE
28/09/2025 06:26:47:	13	count	time	200.000000s/cts	O Det=2020	H Det=27168	Mon Det=455233	Aux Det=98160	O+H=127348	 DONE
28/09/2025 06:30:10:	move motor	S18.axis2.phaseshifter 1 to -0.350000deg	 DONE
28/09/2025 06:30:12:	14	count	time	200.000000s/cts	O Det=3431	H Det=21286	Mon Det=457079	Aux Det=92972	O+H=117689	 DONE
28/09/2025 06:33:34:	move motor	S18.axis2.phaseshifter 1 to -0.175000deg	 DONE
28/09/2025 06:33:36:	15	count	time	200.000000s/cts	O Det=4876	H Det=21772	Mon Det=457399	Aux Det=80283	O+H=106931	 DONE
28/09/2025 06:36:58:	move motor	S18.axis2.phaseshifter 1 to 0.000000deg	 DONE
28/09/2025 06:37:00:	16	count	time	200.000000s/cts	O Det=6289	H Det=28753	Mon Det=456259	Aux Det=59547	O+H=94589	 DONE
28/09/2025 06:40:22:	move motor	S18.axis2.phaseshifter 1 to 0.175000deg	 DONE
28/09/2025 06:40:24:	17	count	time	200.000000s/cts	O Det=6337	H Det=39981	Mon Det=456283	Aux Det=46931	O+H=93249	 DONE
28/09/2025 06:43:46:	move motor	S18.axis2.phaseshifter 1 to 0.350000deg	 DONE
28/09/2025 06:43:48:	18	count	time	200.000000s/cts	O Det=6109	H Det=49032	Mon Det=456197	Aux Det=38397	O+H=93538	 DONE
28/09/2025 06:47:10:	move motor	S18.axis2.phaseshifter 1 to 0.525000deg	 DONE
28/09/2025 06:47:12:	19	count	time	200.000000s/cts	O Det=4885	H Det=55816	Mon Det=456598	Aux Det=42131	O+H=102832	 DONE
28/09/2025 06:50:34:	move motor	S18.axis2.phaseshifter 1 to 0.700000deg	 DONE
28/09/2025 06:50:36:	20	count	time	200.000000s/cts	O Det=3331	H Det=56106	Mon Det=456242	Aux Det=54400	O+H=113837	 DONE
28/09/2025 06:53:58:	move motor	S18.axis2.phaseshifter 1 to 0.875000deg	 DONE
28/09/2025 06:54:00:	21	count	time	200.000000s/cts	O Det=1791	H Det=50303	Mon Det=456186	Aux Det=75561	O+H=127655	 DONE
28/09/2025 06:57:22:	move motor	S18.axis2.phaseshifter 1 to 1.050000deg	 DONE
28/09/2025 06:57:24:	22	count	time	200.000000s/cts	O Det=1407	H Det=40024	Mon Det=455624	Aux Det=89334	O+H=130765	 DONE
28/09/2025 07:00:47:	move motor	S18.axis2.phaseshifter 1 to 1.225000deg	 DONE
28/09/2025 07:00:48:	23	count	time	200.000000s/cts	O Det=2025	H Det=27091	Mon Det=455889	Aux Det=97295	O+H=126411	 DONE
28/09/2025 07:04:11:	move motor	S18.axis2.phaseshifter 1 to 1.400000deg	 DONE
28/09/2025 07:04:13:	24	count	time	200.000000s/cts	O Det=3334	H Det=21360	Mon Det=454274	Aux Det=94194	O+H=118888	 DONE
28/09/2025 07:07:35:	move motor	S18.axis2.phaseshifter 1 to 1.575000deg	 DONE
28/09/2025 07:07:37:	25	count	time	200.000000s/cts	O Det=4800	H Det=21896	Mon Det=455283	Aux Det=78326	O+H=105022	 DONE
28/09/2025 07:10:59:	move motor	S18.axis2.phaseshifter 1 to 1.750000deg	 DONE
28/09/2025 07:11:01:	26	count	time	200.000000s/cts	O Det=5742	H Det=30876	Mon Det=456319	Aux Det=61526	O+H=98144	 DONE
28/09/2025 07:14:23:	move motor	S18.axis2.phaseshifter 1 to 1.925000deg	 DONE
28/09/2025 07:14:25:	27	count	time	200.000000s/cts	O Det=6219	H Det=41226	Mon Det=455526	Aux Det=45805	O+H=93250	 DONE
28/09/2025 07:17:47:	move motor	S18.axis2.phaseshifter 1 to 2.100000deg	 DONE
28/09/2025 07:17:49:	28	count	time	200.000000s/cts	O Det=5536	H Det=53798	Mon Det=454995	Aux Det=38520	O+H=97854	 DONE
28/09/2025 07:21:11:	move motor	S18.axis2.phaseshifter 1 to 2.275000deg	 DONE
28/09/2025 07:21:13:	29	count	time	200.000000s/cts	O Det=3793	H Det=61568	Mon Det=455410	Aux Det=43908	O+H=109269	 DONE
28/09/2025 07:24:36:	move motor	S18.axis2.phaseshifter 1 to 2.450000deg	 DONE
28/09/2025 07:24:37:	30	count	time	200.000000s/cts	O Det=2897	H Det=55965	Mon Det=455639	Aux Det=57697	O+H=116559	 DONE
28/09/2025 07:28:00:	move motor	S18.axis2.phaseshifter 1 to 2.625000deg	 DONE
28/09/2025 07:28:02:	31	count	time	200.000000s/cts	O Det=1831	H Det=48160	Mon Det=455235	Aux Det=77158	O+H=127149	 DONE
28/09/2025 07:31:24:	close file and end scan	saving D:\data\Cycle 198\exp_3-16-19\rawdata\sc\ifg1_3p200s_28Sep0545.tif  DONE
28/09/2025 07:31:25:	END OF SCRIPT	 DONE
