27/09/2025 06:30:44:	start execution of script D:\data\Cycle 198\exp_3-16-19\rawdata\sc\ifg1_3p20s_B13.sc	 DONE
27/09/2025 06:30:45:	move motor	S18.axis2.phaseshifter 1 to -2.725000deg	 DONE
27/09/2025 06:30:48:	create file	D:\data\Cycle 198\exp_3-16-19\rawdata\sc\ifg1_3p20s_B13_27Sep0630.dat	 DONE
room to enter remarks DONE
27/09/2025 06:30:49:	read encoder	S18.auxiliary.Robot Diagonal		25679.869082 DONE
27/09/2025 06:30:50:	move motor	S18.axis2.phaseshifter 1 to -2.625000deg	 DONE
27/09/2025 06:30:51:	1	count	time	20.000000s/cts	O Det=1340	H Det=1107	Mon Det=45772	Aux Det=3005	O+H=5452	 DONE
27/09/2025 06:31:13:	move motor	S18.axis2.phaseshifter 1 to -2.450000deg	 DONE
27/09/2025 06:31:15:	2	count	time	20.000000s/cts	O Det=1333	H Det=1187	Mon Det=45355	Aux Det=3129	O+H=5649	 DONE
27/09/2025 06:31:36:	move motor	S18.axis2.phaseshifter 1 to -2.275000deg	 DONE
27/09/2025 06:31:38:	3	count	time	20.000000s/cts	O Det=1362	H Det=1208	Mon Det=45352	Aux Det=3116	O+H=5686	 DONE
27/09/2025 06:32:00:	move motor	S18.axis2.phaseshifter 1 to -2.100000deg	 DONE
27/09/2025 06:32:01:	4	count	time	20.000000s/cts	O Det=1354	H Det=1138	Mon Det=45488	Aux Det=3143	O+H=5635	 DONE
27/09/2025 06:32:23:	move motor	S18.axis2.phaseshifter 1 to -1.925000deg	 DONE
27/09/2025 06:32:25:	5	count	time	20.000000s/cts	O Det=1277	H Det=1171	Mon Det=45272	Aux Det=3177	O+H=5625	 DONE
27/09/2025 06:32:46:	move motor	S18.axis2.phaseshifter 1 to -1.750000deg	 DONE
27/09/2025 06:32:48:	6	count	time	20.000000s/cts	O Det=1370	H Det=1134	Mon Det=45259	Aux Det=3135	O+H=5639	 DONE
27/09/2025 06:33:10:	move motor	S18.axis2.phaseshifter 1 to -1.575000deg	 DONE
27/09/2025 06:33:11:	7	count	time	20.000000s/cts	O Det=1348	H Det=1180	Mon Det=45072	Aux Det=3187	O+H=5715	 DONE
27/09/2025 06:33:33:	move motor	S18.axis2.phaseshifter 1 to -1.400000deg	 DONE
27/09/2025 06:33:35:	8	count	time	20.000000s/cts	O Det=1275	H Det=1139	Mon Det=44917	Aux Det=3064	O+H=5478	 DONE
27/09/2025 06:33:56:	move motor	S18.axis2.phaseshifter 1 to -1.225000deg	 DONE
27/09/2025 06:33:58:	9	count	time	20.000000s/cts	O Det=1330	H Det=1201	Mon Det=45251	Aux Det=3145	O+H=5676	 DONE
27/09/2025 06:34:20:	move motor	S18.axis2.phaseshifter 1 to -1.050000deg	 DONE
27/09/2025 06:34:21:	10	count	time	20.000000s/cts	O Det=1288	H Det=1114	Mon Det=44686	Aux Det=3131	O+H=5533	 DONE
27/09/2025 06:34:43:	move motor	S18.axis2.phaseshifter 1 to -0.875000deg	 DONE
27/09/2025 06:34:45:	11	count	time	20.000000s/cts	O Det=1351	H Det=1120	Mon Det=45493	Aux Det=3059	O+H=5530	 DONE
27/09/2025 06:35:06:	move motor	S18.axis2.phaseshifter 1 to -0.700000deg	 DONE
27/09/2025 06:35:08:	12	count	time	20.000000s/cts	O Det=1321	H Det=1195	Mon Det=45415	Aux Det=3072	O+H=5588	 DONE
27/09/2025 06:35:30:	move motor	S18.axis2.phaseshifter 1 to -0.525000deg	 DONE
27/09/2025 06:35:31:	13	count	time	20.000000s/cts	O Det=1411	H Det=1173	Mon Det=45204	Aux Det=3125	O+H=5709	 DONE
27/09/2025 06:35:53:	move motor	S18.axis2.phaseshifter 1 to -0.350000deg	 DONE
27/09/2025 06:35:55:	14	count	time	20.000000s/cts	O Det=1373	H Det=1191	Mon Det=45364	Aux Det=2974	O+H=5538	 DONE
27/09/2025 06:36:16:	move motor	S18.axis2.phaseshifter 1 to -0.175000deg	 DONE
27/09/2025 06:36:18:	15	count	time	20.000000s/cts	O Det=1327	H Det=1155	Mon Det=45403	Aux Det=3092	O+H=5574	 DONE
27/09/2025 06:36:40:	move motor	S18.axis2.phaseshifter 1 to 0.000000deg	 DONE
27/09/2025 06:36:41:	16	count	time	20.000000s/cts	O Det=1308	H Det=1211	Mon Det=45254	Aux Det=3048	O+H=5567	 DONE
27/09/2025 06:37:03:	move motor	S18.axis2.phaseshifter 1 to 0.175000deg	 DONE
27/09/2025 06:37:05:	17	count	time	20.000000s/cts	O Det=1294	H Det=1198	Mon Det=44788	Aux Det=3146	O+H=5638	 DONE
27/09/2025 06:37:26:	move motor	S18.axis2.phaseshifter 1 to 0.350000deg	 DONE
27/09/2025 06:37:28:	18	count	time	20.000000s/cts	O Det=1293	H Det=1183	Mon Det=45430	Aux Det=3117	O+H=5593	 DONE
27/09/2025 06:37:50:	move motor	S18.axis2.phaseshifter 1 to 0.525000deg	 DONE
27/09/2025 06:37:51:	19	count	time	20.000000s/cts	O Det=1356	H Det=1103	Mon Det=44798	Aux Det=3171	O+H=5630	 DONE
27/09/2025 06:38:13:	move motor	S18.axis2.phaseshifter 1 to 0.700000deg	 DONE
27/09/2025 06:38:15:	20	count	time	20.000000s/cts	O Det=1348	H Det=1198	Mon Det=45285	Aux Det=3033	O+H=5579	 DONE
27/09/2025 06:38:36:	move motor	S18.axis2.phaseshifter 1 to 0.875000deg	 DONE
27/09/2025 06:38:38:	21	count	time	20.000000s/cts	O Det=1358	H Det=1205	Mon Det=45242	Aux Det=3161	O+H=5724	 DONE
27/09/2025 06:39:00:	move motor	S18.axis2.phaseshifter 1 to 1.050000deg	 DONE
27/09/2025 06:39:01:	22	count	time	20.000000s/cts	O Det=1322	H Det=1134	Mon Det=44772	Aux Det=3149	O+H=5605	 DONE
27/09/2025 06:39:23:	move motor	S18.axis2.phaseshifter 1 to 1.225000deg	 DONE
27/09/2025 06:39:25:	23	count	time	20.000000s/cts	O Det=1354	H Det=1098	Mon Det=45304	Aux Det=3062	O+H=5514	 DONE
27/09/2025 06:39:46:	move motor	S18.axis2.phaseshifter 1 to 1.400000deg	 DONE
27/09/2025 06:39:48:	24	count	time	20.000000s/cts	O Det=1397	H Det=1174	Mon Det=45142	Aux Det=3014	O+H=5585	 DONE
27/09/2025 06:40:10:	move motor	S18.axis2.phaseshifter 1 to 1.575000deg	 DONE
27/09/2025 06:40:11:	25	count	time	20.000000s/cts	O Det=1342	H Det=1216	Mon Det=45311	Aux Det=3101	O+H=5659	 DONE
27/09/2025 06:40:33:	move motor	S18.axis2.phaseshifter 1 to 1.750000deg	 DONE
27/09/2025 06:40:35:	26	count	time	20.000000s/cts	O Det=1341	H Det=1117	Mon Det=45476	Aux Det=3159	O+H=5617	 DONE
27/09/2025 06:40:56:	move motor	S18.axis2.phaseshifter 1 to 1.925000deg	 DONE
27/09/2025 06:40:58:	27	count	time	20.000000s/cts	O Det=1362	H Det=1159	Mon Det=45287	Aux Det=3045	O+H=5566	 DONE
27/09/2025 06:41:19:	move motor	S18.axis2.phaseshifter 1 to 2.100000deg	 DONE
27/09/2025 06:41:21:	28	count	time	20.000000s/cts	O Det=1240	H Det=1149	Mon Det=45126	Aux Det=3091	O+H=5480	 DONE
27/09/2025 06:41:43:	move motor	S18.axis2.phaseshifter 1 to 2.275000deg	 DONE
27/09/2025 06:41:44:	29	count	time	20.000000s/cts	O Det=1355	H Det=1109	Mon Det=45406	Aux Det=3050	O+H=5514	 DONE
27/09/2025 06:42:06:	move motor	S18.axis2.phaseshifter 1 to 2.450000deg	 DONE
27/09/2025 06:42:08:	30	count	time	20.000000s/cts	O Det=1292	H Det=1185	Mon Det=45072	Aux Det=3124	O+H=5601	 DONE
27/09/2025 06:42:29:	move motor	S18.axis2.phaseshifter 1 to 2.625000deg	 DONE
27/09/2025 06:42:31:	31	count	time	20.000000s/cts	O Det=1288	H Det=1193	Mon Det=44836	Aux Det=3096	O+H=5577	 DONE
27/09/2025 06:42:53:	close file and end scan	 DONE
27/09/2025 06:42:53:	END OF SCRIPT	 DONE
