03/10/2025 08:45:12:	start execution of script D:\data\Cycle 198\exp_3-16-19\rawdata\sc\ifg1_newPS_6p20s_B2.sc	 DONE
03/10/2025 08:45:13:	move motor	S18.axis2.phaseshifter 1 to -3.100000deg	 DONE
03/10/2025 08:45:15:	create file	D:\data\Cycle 198\exp_3-16-19\rawdata\sc\ifg1_newPS_6p20s_B2_03Oct0845.dat	 DONE
room to enter remarks DONE
03/10/2025 08:45:16:	move motor	S18.axis2.phaseshifter 1 to -3.000000deg	 DONE
03/10/2025 08:45:18:	1	count	time	20.000000s/cts	O Det=781	H Det=1404	Mon Det=45993	Aux Det=1845	O+H=4030	 DONE
03/10/2025 08:45:39:	move motor	S18.axis2.phaseshifter 1 to -2.898305deg	 DONE
03/10/2025 08:45:41:	2	count	time	20.000000s/cts	O Det=436	H Det=1723	Mon Det=46056	Aux Det=1867	O+H=4026	 DONE
03/10/2025 08:46:03:	move motor	S18.axis2.phaseshifter 1 to -2.796610deg	 DONE
03/10/2025 08:46:04:	3	count	time	20.000000s/cts	O Det=270	H Det=1827	Mon Det=46521	Aux Det=1818	O+H=3915	 DONE
03/10/2025 08:46:26:	move motor	S18.axis2.phaseshifter 1 to -2.694915deg	 DONE
03/10/2025 08:46:27:	4	count	time	20.000000s/cts	O Det=326	H Det=1794	Mon Det=45781	Aux Det=1946	O+H=4066	 DONE
03/10/2025 08:46:49:	move motor	S18.axis2.phaseshifter 1 to -2.593220deg	 DONE
03/10/2025 08:46:51:	5	count	time	20.000000s/cts	O Det=607	H Det=1614	Mon Det=45820	Aux Det=1919	O+H=4140	 DONE
03/10/2025 08:47:12:	move motor	S18.axis2.phaseshifter 1 to -2.491525deg	 DONE
03/10/2025 08:47:14:	6	count	time	20.000000s/cts	O Det=919	H Det=1293	Mon Det=45936	Aux Det=1875	O+H=4087	 DONE
03/10/2025 08:47:36:	move motor	S18.axis2.phaseshifter 1 to -2.389830deg	 DONE
03/10/2025 08:47:37:	7	count	time	20.000000s/cts	O Det=1227	H Det=1033	Mon Det=46065	Aux Det=1921	O+H=4181	 DONE
03/10/2025 08:47:59:	move motor	S18.axis2.phaseshifter 1 to -2.288135deg	 DONE
03/10/2025 08:48:00:	8	count	time	20.000000s/cts	O Det=1401	H Det=791	Mon Det=46017	Aux Det=1909	O+H=4101	 DONE
03/10/2025 08:48:22:	move motor	S18.axis2.phaseshifter 1 to -2.186440deg	 DONE
03/10/2025 08:48:24:	9	count	time	20.000000s/cts	O Det=1347	H Det=850	Mon Det=46086	Aux Det=1796	O+H=3993	 DONE
03/10/2025 08:48:45:	move motor	S18.axis2.phaseshifter 1 to -2.084745deg	 DONE
03/10/2025 08:48:47:	10	count	time	20.000000s/cts	O Det=1151	H Det=1040	Mon Det=45990	Aux Det=1941	O+H=4132	 DONE
03/10/2025 08:49:09:	move motor	S18.axis2.phaseshifter 1 to -1.983050deg	 DONE
03/10/2025 08:49:10:	11	count	time	20.000000s/cts	O Det=816	H Det=1340	Mon Det=46253	Aux Det=1843	O+H=3999	 DONE
03/10/2025 08:49:32:	move motor	S18.axis2.phaseshifter 1 to -1.881355deg	 DONE
03/10/2025 08:49:33:	12	count	time	20.000000s/cts	O Det=450	H Det=1597	Mon Det=45631	Aux Det=1845	O+H=3892	 DONE
03/10/2025 08:49:55:	move motor	S18.axis2.phaseshifter 1 to -1.779660deg	 DONE
03/10/2025 08:49:57:	13	count	time	20.000000s/cts	O Det=244	H Det=1879	Mon Det=45936	Aux Det=1863	O+H=3986	 DONE
03/10/2025 08:50:18:	move motor	S18.axis2.phaseshifter 1 to -1.677965deg	 DONE
03/10/2025 08:50:20:	14	count	time	20.000000s/cts	O Det=288	H Det=1798	Mon Det=45971	Aux Det=1846	O+H=3932	 DONE
03/10/2025 08:50:42:	move motor	S18.axis2.phaseshifter 1 to -1.576270deg	 DONE
03/10/2025 08:50:43:	15	count	time	20.000000s/cts	O Det=522	H Det=1531	Mon Det=45969	Aux Det=1881	O+H=3934	 DONE
03/10/2025 08:51:05:	move motor	S18.axis2.phaseshifter 1 to -1.474575deg	 DONE
03/10/2025 08:51:06:	16	count	time	20.000000s/cts	O Det=840	H Det=1273	Mon Det=46000	Aux Det=1881	O+H=3994	 DONE
03/10/2025 08:51:28:	move motor	S18.axis2.phaseshifter 1 to -1.372880deg	 DONE
03/10/2025 08:51:30:	17	count	time	20.000000s/cts	O Det=1201	H Det=979	Mon Det=46291	Aux Det=1833	O+H=4013	 DONE
03/10/2025 08:51:51:	move motor	S18.axis2.phaseshifter 1 to -1.271185deg	 DONE
03/10/2025 08:51:53:	18	count	time	20.000000s/cts	O Det=1387	H Det=802	Mon Det=45604	Aux Det=1870	O+H=4059	 DONE
03/10/2025 08:52:15:	move motor	S18.axis2.phaseshifter 1 to -1.169490deg	 DONE
03/10/2025 08:52:16:	19	count	time	20.000000s/cts	O Det=1432	H Det=853	Mon Det=46378	Aux Det=1853	O+H=4138	 DONE
03/10/2025 08:52:38:	move motor	S18.axis2.phaseshifter 1 to -1.067795deg	 DONE
03/10/2025 08:52:39:	20	count	time	20.000000s/cts	O Det=1167	H Det=989	Mon Det=45949	Aux Det=1962	O+H=4118	 DONE
03/10/2025 08:53:01:	move motor	S18.axis2.phaseshifter 1 to -0.966100deg	 DONE
03/10/2025 08:53:02:	21	count	time	20.000000s/cts	O Det=858	H Det=1277	Mon Det=45746	Aux Det=1887	O+H=4022	 DONE
03/10/2025 08:53:24:	move motor	S18.axis2.phaseshifter 1 to -0.864405deg	 DONE
03/10/2025 08:53:26:	22	count	time	20.000000s/cts	O Det=478	H Det=1661	Mon Det=46463	Aux Det=1856	O+H=3995	 DONE
03/10/2025 08:53:47:	move motor	S18.axis2.phaseshifter 1 to -0.762710deg	 DONE
03/10/2025 08:53:49:	23	count	time	20.000000s/cts	O Det=271	H Det=1818	Mon Det=45900	Aux Det=1845	O+H=3934	 DONE
03/10/2025 08:54:11:	move motor	S18.axis2.phaseshifter 1 to -0.661015deg	 DONE
03/10/2025 08:54:12:	24	count	time	20.000000s/cts	O Det=230	H Det=1802	Mon Det=46242	Aux Det=1833	O+H=3865	 DONE
03/10/2025 08:54:34:	move motor	S18.axis2.phaseshifter 1 to -0.559320deg	 DONE
03/10/2025 08:54:35:	25	count	time	20.000000s/cts	O Det=454	H Det=1652	Mon Det=46323	Aux Det=1855	O+H=3961	 DONE
03/10/2025 08:54:57:	move motor	S18.axis2.phaseshifter 1 to -0.457625deg	 DONE
03/10/2025 08:54:58:	26	count	time	20.000000s/cts	O Det=852	H Det=1304	Mon Det=45777	Aux Det=1825	O+H=3981	 DONE
03/10/2025 08:55:20:	move motor	S18.axis2.phaseshifter 1 to -0.355930deg	 DONE
03/10/2025 08:55:22:	27	count	time	20.000000s/cts	O Det=1189	H Det=979	Mon Det=46098	Aux Det=1880	O+H=4048	 DONE
03/10/2025 08:55:43:	move motor	S18.axis2.phaseshifter 1 to -0.254235deg	 DONE
03/10/2025 08:55:45:	28	count	time	20.000000s/cts	O Det=1444	H Det=884	Mon Det=45972	Aux Det=1839	O+H=4167	 DONE
03/10/2025 08:56:07:	move motor	S18.axis2.phaseshifter 1 to -0.152540deg	 DONE
03/10/2025 08:56:08:	29	count	time	20.000000s/cts	O Det=1473	H Det=744	Mon Det=46234	Aux Det=1857	O+H=4074	 DONE
03/10/2025 08:56:30:	move motor	S18.axis2.phaseshifter 1 to -0.050845deg	 DONE
03/10/2025 08:56:31:	30	count	time	20.000000s/cts	O Det=1265	H Det=979	Mon Det=46418	Aux Det=1891	O+H=4135	 DONE
03/10/2025 08:56:53:	move motor	S18.axis2.phaseshifter 1 to 0.050850deg	 DONE
03/10/2025 08:56:54:	31	count	time	20.000000s/cts	O Det=872	H Det=1265	Mon Det=46204	Aux Det=1863	O+H=4000	 DONE
03/10/2025 08:57:16:	move motor	S18.axis2.phaseshifter 1 to 0.152545deg	 DONE
03/10/2025 08:57:18:	32	count	time	20.000000s/cts	O Det=546	H Det=1586	Mon Det=46213	Aux Det=1861	O+H=3993	 DONE
03/10/2025 08:57:39:	move motor	S18.axis2.phaseshifter 1 to 0.254240deg	 DONE
03/10/2025 08:57:41:	33	count	time	20.000000s/cts	O Det=307	H Det=1776	Mon Det=45783	Aux Det=1887	O+H=3970	 DONE
03/10/2025 08:58:03:	move motor	S18.axis2.phaseshifter 1 to 0.355935deg	 DONE
03/10/2025 08:58:04:	34	count	time	20.000000s/cts	O Det=255	H Det=1745	Mon Det=46217	Aux Det=1888	O+H=3888	 DONE
03/10/2025 08:58:26:	move motor	S18.axis2.phaseshifter 1 to 0.457630deg	 DONE
03/10/2025 08:58:27:	35	count	time	20.000000s/cts	O Det=402	H Det=1702	Mon Det=46373	Aux Det=1817	O+H=3921	 DONE
03/10/2025 08:58:49:	move motor	S18.axis2.phaseshifter 1 to 0.559325deg	 DONE
03/10/2025 08:58:50:	36	count	time	20.000000s/cts	O Det=698	H Det=1427	Mon Det=46535	Aux Det=1866	O+H=3991	 DONE
03/10/2025 08:59:12:	move motor	S18.axis2.phaseshifter 1 to 0.661020deg	 DONE
03/10/2025 08:59:14:	37	count	time	20.000000s/cts	O Det=1104	H Det=1102	Mon Det=46063	Aux Det=1849	O+H=4055	 DONE
03/10/2025 08:59:35:	move motor	S18.axis2.phaseshifter 1 to 0.762715deg	 DONE
03/10/2025 08:59:37:	38	count	time	20.000000s/cts	O Det=1347	H Det=854	Mon Det=46133	Aux Det=1818	O+H=4019	 DONE
03/10/2025 08:59:59:	move motor	S18.axis2.phaseshifter 1 to 0.864410deg	 DONE
03/10/2025 09:00:00:	39	count	time	20.000000s/cts	O Det=1343	H Det=736	Mon Det=45769	Aux Det=1797	O+H=3876	 DONE
03/10/2025 09:00:22:	move motor	S18.axis2.phaseshifter 1 to 0.966105deg	 DONE
03/10/2025 09:00:24:	40	count	time	20.000000s/cts	O Det=1293	H Det=854	Mon Det=45929	Aux Det=1866	O+H=4013	 DONE
03/10/2025 09:00:45:	move motor	S18.axis2.phaseshifter 1 to 1.067800deg	 DONE
03/10/2025 09:00:47:	41	count	time	20.000000s/cts	O Det=957	H Det=1179	Mon Det=45851	Aux Det=1934	O+H=4070	 DONE
03/10/2025 09:01:08:	move motor	S18.axis2.phaseshifter 1 to 1.169495deg	 DONE
03/10/2025 09:01:10:	42	count	time	20.000000s/cts	O Det=643	H Det=1531	Mon Det=45804	Aux Det=1850	O+H=4024	 DONE
03/10/2025 09:01:32:	move motor	S18.axis2.phaseshifter 1 to 1.271190deg	 DONE
03/10/2025 09:01:33:	43	count	time	20.000000s/cts	O Det=339	H Det=1713	Mon Det=45807	Aux Det=1812	O+H=3864	 DONE
03/10/2025 09:01:55:	move motor	S18.axis2.phaseshifter 1 to 1.372885deg	 DONE
03/10/2025 09:01:56:	44	count	time	20.000000s/cts	O Det=268	H Det=1802	Mon Det=45908	Aux Det=1913	O+H=3983	 DONE
03/10/2025 09:02:18:	move motor	S18.axis2.phaseshifter 1 to 1.474580deg	 DONE
03/10/2025 09:02:20:	45	count	time	20.000000s/cts	O Det=353	H Det=1729	Mon Det=45798	Aux Det=1813	O+H=3895	 DONE
03/10/2025 09:02:41:	move motor	S18.axis2.phaseshifter 1 to 1.576275deg	 DONE
03/10/2025 09:02:43:	46	count	time	20.000000s/cts	O Det=617	H Det=1512	Mon Det=45916	Aux Det=1877	O+H=4006	 DONE
03/10/2025 09:03:05:	move motor	S18.axis2.phaseshifter 1 to 1.677970deg	 DONE
03/10/2025 09:03:06:	47	count	time	20.000000s/cts	O Det=971	H Det=1137	Mon Det=45931	Aux Det=1900	O+H=4008	 DONE
03/10/2025 09:03:28:	move motor	S18.axis2.phaseshifter 1 to 1.779665deg	 DONE
03/10/2025 09:03:29:	48	count	time	20.000000s/cts	O Det=1348	H Det=858	Mon Det=46362	Aux Det=1877	O+H=4083	 DONE
03/10/2025 09:03:51:	move motor	S18.axis2.phaseshifter 1 to 1.881360deg	 DONE
03/10/2025 09:03:53:	49	count	time	20.000000s/cts	O Det=1414	H Det=763	Mon Det=46038	Aux Det=1868	O+H=4045	 DONE
03/10/2025 09:04:14:	move motor	S18.axis2.phaseshifter 1 to 1.983055deg	 DONE
03/10/2025 09:04:16:	50	count	time	20.000000s/cts	O Det=1329	H Det=886	Mon Det=45993	Aux Det=1857	O+H=4072	 DONE
03/10/2025 09:04:38:	move motor	S18.axis2.phaseshifter 1 to 2.084750deg	 DONE
03/10/2025 09:04:39:	51	count	time	20.000000s/cts	O Det=1036	H Det=1163	Mon Det=45590	Aux Det=1870	O+H=4069	 DONE
03/10/2025 09:05:01:	move motor	S18.axis2.phaseshifter 1 to 2.186445deg	 DONE
03/10/2025 09:05:02:	52	count	time	20.000000s/cts	O Det=686	H Det=1454	Mon Det=45465	Aux Det=1896	O+H=4036	 DONE
03/10/2025 09:05:24:	move motor	S18.axis2.phaseshifter 1 to 2.288140deg	 DONE
03/10/2025 09:05:26:	53	count	time	20.000000s/cts	O Det=386	H Det=1705	Mon Det=46371	Aux Det=1854	O+H=3945	 DONE
03/10/2025 09:05:48:	move motor	S18.axis2.phaseshifter 1 to 2.389835deg	 DONE
03/10/2025 09:05:49:	54	count	time	20.000000s/cts	O Det=220	H Det=1783	Mon Det=46012	Aux Det=1824	O+H=3827	 DONE
03/10/2025 09:06:11:	move motor	S18.axis2.phaseshifter 1 to 2.491530deg	 DONE
03/10/2025 09:06:12:	55	count	time	20.000000s/cts	O Det=306	H Det=1698	Mon Det=45635	Aux Det=1792	O+H=3796	 DONE
03/10/2025 09:06:34:	move motor	S18.axis2.phaseshifter 1 to 2.593225deg	 DONE
03/10/2025 09:06:36:	56	count	time	20.000000s/cts	O Det=645	H Det=1493	Mon Det=45969	Aux Det=1906	O+H=4044	 DONE
03/10/2025 09:06:57:	move motor	S18.axis2.phaseshifter 1 to 2.694920deg	 DONE
03/10/2025 09:06:59:	57	count	time	20.000000s/cts	O Det=966	H Det=1165	Mon Det=46112	Aux Det=1875	O+H=4006	 DONE
03/10/2025 09:07:21:	move motor	S18.axis2.phaseshifter 1 to 2.796615deg	 DONE
03/10/2025 09:07:22:	58	count	time	20.000000s/cts	O Det=1324	H Det=876	Mon Det=46037	Aux Det=1833	O+H=4033	 DONE
03/10/2025 09:07:44:	move motor	S18.axis2.phaseshifter 1 to 2.898310deg	 DONE
03/10/2025 09:07:45:	59	count	time	20.000000s/cts	O Det=1481	H Det=757	Mon Det=46150	Aux Det=1861	O+H=4099	 DONE
03/10/2025 09:08:07:	move motor	S18.axis2.phaseshifter 1 to 3.000005deg	 DONE
03/10/2025 09:08:08:	60	count	time	20.000000s/cts	O Det=1357	H Det=859	Mon Det=46205	Aux Det=1829	O+H=4045	 DONE
03/10/2025 09:08:30:	close file and end scan	 DONE
03/10/2025 09:08:31:	END OF SCRIPT	 DONE
