27/09/2025 11:45:40:	start execution of script D:\data\Cycle 198\exp_3-16-19\rawdata\sc\ifg1_3p20s_B13.sc	 DONE
27/09/2025 11:45:41:	move motor	S18.axis2.phaseshifter 1 to -2.725000deg	 DONE
27/09/2025 11:45:44:	create file	D:\data\Cycle 198\exp_3-16-19\rawdata\sc\ifg1_3p20s_B13_27Sep1145.dat	 DONE
room to enter remarks DONE
27/09/2025 11:45:45:	read encoder	S18.auxiliary.Robot Diagonal		25679.869082 DONE
27/09/2025 11:45:46:	move motor	S18.axis2.phaseshifter 1 to -2.625000deg	 DONE
27/09/2025 11:45:48:	1	count	time	20.000000s/cts	O Det=1324	H Det=1136	Mon Det=45553	Aux Det=3210	O+H=5670	 DONE
27/09/2025 11:46:09:	move motor	S18.axis2.phaseshifter 1 to -2.450000deg	 DONE
27/09/2025 11:46:11:	2	count	time	20.000000s/cts	O Det=1315	H Det=1181	Mon Det=44900	Aux Det=3108	O+H=5604	 DONE
27/09/2025 11:46:33:	move motor	S18.axis2.phaseshifter 1 to -2.275000deg	 DONE
27/09/2025 11:46:34:	3	count	time	20.000000s/cts	O Det=1315	H Det=1207	Mon Det=44947	Aux Det=3110	O+H=5632	 DONE
27/09/2025 11:46:56:	move motor	S18.axis2.phaseshifter 1 to -2.100000deg	 DONE
27/09/2025 11:46:58:	4	count	time	20.000000s/cts	O Det=1333	H Det=1073	Mon Det=45525	Aux Det=3163	O+H=5569	 DONE
27/09/2025 11:47:19:	move motor	S18.axis2.phaseshifter 1 to -1.925000deg	 DONE
27/09/2025 11:47:21:	5	count	time	20.000000s/cts	O Det=1347	H Det=1208	Mon Det=44862	Aux Det=3166	O+H=5721	 DONE
27/09/2025 11:47:43:	move motor	S18.axis2.phaseshifter 1 to -1.750000deg	 DONE
27/09/2025 11:47:44:	6	count	time	20.000000s/cts	O Det=1310	H Det=1209	Mon Det=45199	Aux Det=3176	O+H=5695	 DONE
27/09/2025 11:48:06:	move motor	S18.axis2.phaseshifter 1 to -1.575000deg	 DONE
27/09/2025 11:48:08:	7	count	time	20.000000s/cts	O Det=1409	H Det=1229	Mon Det=45163	Aux Det=3037	O+H=5675	 DONE
27/09/2025 11:48:29:	move motor	S18.axis2.phaseshifter 1 to -1.400000deg	 DONE
27/09/2025 11:48:31:	8	count	time	20.000000s/cts	O Det=1365	H Det=1156	Mon Det=45394	Aux Det=3062	O+H=5583	 DONE
27/09/2025 11:48:53:	move motor	S18.axis2.phaseshifter 1 to -1.225000deg	 DONE
27/09/2025 11:48:54:	9	count	time	20.000000s/cts	O Det=1371	H Det=1188	Mon Det=45192	Aux Det=3184	O+H=5743	 DONE
27/09/2025 11:49:16:	move motor	S18.axis2.phaseshifter 1 to -1.050000deg	 DONE
27/09/2025 11:49:17:	10	count	time	20.000000s/cts	O Det=1321	H Det=1161	Mon Det=45392	Aux Det=3081	O+H=5563	 DONE
27/09/2025 11:49:39:	move motor	S18.axis2.phaseshifter 1 to -0.875000deg	 DONE
27/09/2025 11:49:41:	11	count	time	20.000000s/cts	O Det=1427	H Det=1120	Mon Det=45605	Aux Det=3185	O+H=5732	 DONE
27/09/2025 11:50:02:	move motor	S18.axis2.phaseshifter 1 to -0.700000deg	 DONE
27/09/2025 11:50:04:	12	count	time	20.000000s/cts	O Det=1366	H Det=1168	Mon Det=45515	Aux Det=3131	O+H=5665	 DONE
27/09/2025 11:50:25:	move motor	S18.axis2.phaseshifter 1 to -0.525000deg	 DONE
27/09/2025 11:50:27:	13	count	time	20.000000s/cts	O Det=1277	H Det=1127	Mon Det=45420	Aux Det=3020	O+H=5424	 DONE
27/09/2025 11:50:49:	move motor	S18.axis2.phaseshifter 1 to -0.350000deg	 DONE
27/09/2025 11:50:50:	14	count	time	20.000000s/cts	O Det=1378	H Det=1079	Mon Det=45264	Aux Det=3082	O+H=5539	 DONE
27/09/2025 11:51:12:	move motor	S18.axis2.phaseshifter 1 to -0.175000deg	 DONE
27/09/2025 11:51:14:	15	count	time	20.000000s/cts	O Det=1401	H Det=1136	Mon Det=45488	Aux Det=3103	O+H=5640	 DONE
27/09/2025 11:51:35:	move motor	S18.axis2.phaseshifter 1 to 0.000000deg	 DONE
27/09/2025 11:51:37:	16	count	time	20.000000s/cts	O Det=1363	H Det=1163	Mon Det=45411	Aux Det=3089	O+H=5615	 DONE
27/09/2025 11:51:59:	move motor	S18.axis2.phaseshifter 1 to 0.175000deg	 DONE
27/09/2025 11:52:00:	17	count	time	20.000000s/cts	O Det=1358	H Det=1166	Mon Det=45164	Aux Det=3077	O+H=5601	 DONE
27/09/2025 11:52:22:	move motor	S18.axis2.phaseshifter 1 to 0.350000deg	 DONE
27/09/2025 11:52:24:	18	count	time	20.000000s/cts	O Det=1341	H Det=1194	Mon Det=45899	Aux Det=3020	O+H=5555	 DONE
27/09/2025 11:52:45:	move motor	S18.axis2.phaseshifter 1 to 0.525000deg	 DONE
27/09/2025 11:52:47:	19	count	time	20.000000s/cts	O Det=1309	H Det=1185	Mon Det=45230	Aux Det=3158	O+H=5652	 DONE
27/09/2025 11:53:09:	move motor	S18.axis2.phaseshifter 1 to 0.700000deg	 DONE
27/09/2025 11:53:10:	20	count	time	20.000000s/cts	O Det=1331	H Det=1148	Mon Det=45405	Aux Det=3017	O+H=5496	 DONE
27/09/2025 11:53:32:	move motor	S18.axis2.phaseshifter 1 to 0.875000deg	 DONE
27/09/2025 11:53:33:	21	count	time	20.000000s/cts	O Det=1404	H Det=1158	Mon Det=45303	Aux Det=3054	O+H=5616	 DONE
27/09/2025 11:53:55:	move motor	S18.axis2.phaseshifter 1 to 1.050000deg	 DONE
27/09/2025 11:53:57:	22	count	time	20.000000s/cts	O Det=1391	H Det=1110	Mon Det=45215	Aux Det=3180	O+H=5681	 DONE
27/09/2025 11:54:18:	move motor	S18.axis2.phaseshifter 1 to 1.225000deg	 DONE
27/09/2025 11:54:20:	23	count	time	20.000000s/cts	O Det=1315	H Det=1097	Mon Det=45187	Aux Det=3098	O+H=5510	 DONE
27/09/2025 11:54:42:	move motor	S18.axis2.phaseshifter 1 to 1.400000deg	 DONE
27/09/2025 11:54:43:	24	count	time	20.000000s/cts	O Det=1390	H Det=1144	Mon Det=45109	Aux Det=3097	O+H=5631	 DONE
27/09/2025 11:55:05:	move motor	S18.axis2.phaseshifter 1 to 1.575000deg	 DONE
27/09/2025 11:55:07:	25	count	time	20.000000s/cts	O Det=1304	H Det=1149	Mon Det=44944	Aux Det=3009	O+H=5462	 DONE
27/09/2025 11:55:28:	move motor	S18.axis2.phaseshifter 1 to 1.750000deg	 DONE
27/09/2025 11:55:30:	26	count	time	20.000000s/cts	O Det=1333	H Det=1156	Mon Det=45304	Aux Det=3103	O+H=5592	 DONE
27/09/2025 11:55:52:	move motor	S18.axis2.phaseshifter 1 to 1.925000deg	 DONE
27/09/2025 11:55:53:	27	count	time	20.000000s/cts	O Det=1352	H Det=1216	Mon Det=45447	Aux Det=3203	O+H=5771	 DONE
27/09/2025 11:56:15:	move motor	S18.axis2.phaseshifter 1 to 2.100000deg	 DONE
27/09/2025 11:56:16:	28	count	time	20.000000s/cts	O Det=1312	H Det=1128	Mon Det=45135	Aux Det=3097	O+H=5537	 DONE
27/09/2025 11:56:38:	move motor	S18.axis2.phaseshifter 1 to 2.275000deg	 DONE
27/09/2025 11:56:40:	29	count	time	20.000000s/cts	O Det=1334	H Det=1161	Mon Det=45468	Aux Det=3083	O+H=5578	 DONE
27/09/2025 11:57:01:	move motor	S18.axis2.phaseshifter 1 to 2.450000deg	 DONE
27/09/2025 11:57:03:	30	count	time	20.000000s/cts	O Det=1351	H Det=1134	Mon Det=45280	Aux Det=3166	O+H=5651	 DONE
27/09/2025 11:57:25:	move motor	S18.axis2.phaseshifter 1 to 2.625000deg	 DONE
27/09/2025 11:57:26:	31	count	time	20.000000s/cts	O Det=1330	H Det=1156	Mon Det=45280	Aux Det=3043	O+H=5529	 DONE
27/09/2025 11:57:48:	close file and end scan	 DONE
27/09/2025 11:57:49:	END OF SCRIPT	 DONE
