02/10/2025 13:17:02:	start execution of script D:\data\Cycle 198\exp_3-16-19\rawdata\sc\ifg1_newPS_6p20s_B2.sc	 DONE
02/10/2025 13:17:02:	move motor	S18.axis2.phaseshifter 1 to -3.100000deg	 DONE
02/10/2025 13:17:07:	create file	D:\data\Cycle 198\exp_3-16-19\rawdata\sc\ifg1_newPS_6p20s_B2_02Oct1317.dat	 DONE
room to enter remarks DONE
02/10/2025 13:17:08:	move motor	S18.axis2.phaseshifter 1 to -3.000000deg	 DONE
02/10/2025 13:17:09:	1	count	time	20.000000s/cts	O Det=755	H Det=1346	Mon Det=46402	Aux Det=1998	O+H=4099	 DONE
02/10/2025 13:17:31:	move motor	S18.axis2.phaseshifter 1 to -2.898305deg	 DONE
02/10/2025 13:17:32:	2	count	time	20.000000s/cts	O Det=986	H Det=1208	Mon Det=45851	Aux Det=1906	O+H=4100	 DONE
02/10/2025 13:17:54:	move motor	S18.axis2.phaseshifter 1 to -2.796610deg	 DONE
02/10/2025 13:17:56:	3	count	time	20.000000s/cts	O Det=1190	H Det=1035	Mon Det=46332	Aux Det=2025	O+H=4250	 DONE
02/10/2025 13:18:17:	move motor	S18.axis2.phaseshifter 1 to -2.694915deg	 DONE
02/10/2025 13:18:19:	4	count	time	20.000000s/cts	O Det=1177	H Det=1090	Mon Det=46426	Aux Det=1990	O+H=4257	 DONE
02/10/2025 13:18:40:	move motor	S18.axis2.phaseshifter 1 to -2.593220deg	 DONE
02/10/2025 13:18:42:	5	count	time	20.000000s/cts	O Det=1171	H Det=1018	Mon Det=45976	Aux Det=2031	O+H=4220	 DONE
02/10/2025 13:19:04:	move motor	S18.axis2.phaseshifter 1 to -2.491525deg	 DONE
02/10/2025 13:19:05:	6	count	time	20.000000s/cts	O Det=1053	H Det=1155	Mon Det=46169	Aux Det=1999	O+H=4207	 DONE
02/10/2025 13:19:27:	move motor	S18.axis2.phaseshifter 1 to -2.389830deg	 DONE
02/10/2025 13:19:28:	7	count	time	20.000000s/cts	O Det=769	H Det=1365	Mon Det=46044	Aux Det=1986	O+H=4120	 DONE
02/10/2025 13:19:50:	move motor	S18.axis2.phaseshifter 1 to -2.288135deg	 DONE
02/10/2025 13:19:52:	8	count	time	20.000000s/cts	O Det=471	H Det=1634	Mon Det=46028	Aux Det=1964	O+H=4069	 DONE
02/10/2025 13:20:13:	move motor	S18.axis2.phaseshifter 1 to -2.186440deg	 DONE
02/10/2025 13:20:15:	9	count	time	20.000000s/cts	O Det=470	H Det=1753	Mon Det=46395	Aux Det=1989	O+H=4212	 DONE
02/10/2025 13:20:37:	move motor	S18.axis2.phaseshifter 1 to -2.084745deg	 DONE
02/10/2025 13:20:38:	10	count	time	20.000000s/cts	O Det=438	H Det=1693	Mon Det=46353	Aux Det=1963	O+H=4094	 DONE
02/10/2025 13:21:00:	move motor	S18.axis2.phaseshifter 1 to -1.983050deg	 DONE
02/10/2025 13:21:01:	11	count	time	20.000000s/cts	O Det=630	H Det=1545	Mon Det=46155	Aux Det=1928	O+H=4103	 DONE
02/10/2025 13:21:23:	move motor	S18.axis2.phaseshifter 1 to -1.881355deg	 DONE
02/10/2025 13:21:24:	12	count	time	20.000000s/cts	O Det=1017	H Det=1201	Mon Det=45903	Aux Det=2034	O+H=4252	 DONE
02/10/2025 13:21:46:	move motor	S18.axis2.phaseshifter 1 to -1.779660deg	 DONE
02/10/2025 13:21:48:	13	count	time	20.000000s/cts	O Det=1215	H Det=1099	Mon Det=45976	Aux Det=2053	O+H=4367	 DONE
02/10/2025 13:22:09:	move motor	S18.axis2.phaseshifter 1 to -1.677965deg	 DONE
02/10/2025 13:22:11:	14	count	time	20.000000s/cts	O Det=1340	H Det=916	Mon Det=45638	Aux Det=1999	O+H=4255	 DONE
02/10/2025 13:22:33:	move motor	S18.axis2.phaseshifter 1 to -1.576270deg	 DONE
02/10/2025 13:22:34:	15	count	time	20.000000s/cts	O Det=1293	H Det=952	Mon Det=46136	Aux Det=1964	O+H=4209	 DONE
02/10/2025 13:22:56:	move motor	S18.axis2.phaseshifter 1 to -1.474575deg	 DONE
02/10/2025 13:22:58:	16	count	time	20.000000s/cts	O Det=1091	H Det=1091	Mon Det=45695	Aux Det=1965	O+H=4147	 DONE
02/10/2025 13:23:19:	move motor	S18.axis2.phaseshifter 1 to -1.372880deg	 DONE
02/10/2025 13:23:21:	17	count	time	20.000000s/cts	O Det=749	H Det=1452	Mon Det=45904	Aux Det=1965	O+H=4166	 DONE
02/10/2025 13:23:42:	move motor	S18.axis2.phaseshifter 1 to -1.271185deg	 DONE
02/10/2025 13:23:44:	18	count	time	20.000000s/cts	O Det=478	H Det=1707	Mon Det=45726	Aux Det=1970	O+H=4155	 DONE
02/10/2025 13:24:06:	move motor	S18.axis2.phaseshifter 1 to -1.169490deg	 DONE
02/10/2025 13:24:07:	19	count	time	20.000000s/cts	O Det=362	H Det=1769	Mon Det=45819	Aux Det=1915	O+H=4046	 DONE
02/10/2025 13:24:29:	move motor	S18.axis2.phaseshifter 1 to -1.067795deg	 DONE
02/10/2025 13:24:30:	20	count	time	20.000000s/cts	O Det=440	H Det=1675	Mon Det=46127	Aux Det=2040	O+H=4155	 DONE
02/10/2025 13:24:52:	move motor	S18.axis2.phaseshifter 1 to -0.966100deg	 DONE
02/10/2025 13:24:54:	21	count	time	20.000000s/cts	O Det=628	H Det=1539	Mon Det=45490	Aux Det=1897	O+H=4064	 DONE
02/10/2025 13:25:15:	move motor	S18.axis2.phaseshifter 1 to -0.864405deg	 DONE
02/10/2025 13:25:17:	22	count	time	20.000000s/cts	O Det=892	H Det=1338	Mon Det=46039	Aux Det=1974	O+H=4204	 DONE
02/10/2025 13:25:38:	move motor	S18.axis2.phaseshifter 1 to -0.762710deg	 DONE
02/10/2025 13:25:40:	23	count	time	20.000000s/cts	O Det=1286	H Det=964	Mon Det=45767	Aux Det=2060	O+H=4310	 DONE
02/10/2025 13:26:02:	move motor	S18.axis2.phaseshifter 1 to -0.661015deg	 DONE
02/10/2025 13:26:03:	24	count	time	20.000000s/cts	O Det=1388	H Det=903	Mon Det=45962	Aux Det=1970	O+H=4261	 DONE
02/10/2025 13:26:25:	move motor	S18.axis2.phaseshifter 1 to -0.559320deg	 DONE
02/10/2025 13:26:26:	25	count	time	20.000000s/cts	O Det=1291	H Det=972	Mon Det=46036	Aux Det=1991	O+H=4254	 DONE
02/10/2025 13:26:48:	move motor	S18.axis2.phaseshifter 1 to -0.457625deg	 DONE
02/10/2025 13:26:50:	26	count	time	20.000000s/cts	O Det=1090	H Det=1070	Mon Det=46087	Aux Det=1964	O+H=4124	 DONE
02/10/2025 13:27:11:	move motor	S18.axis2.phaseshifter 1 to -0.355930deg	 DONE
02/10/2025 13:27:13:	27	count	time	20.000000s/cts	O Det=790	H Det=1428	Mon Det=45931	Aux Det=1971	O+H=4189	 DONE
02/10/2025 13:27:34:	move motor	S18.axis2.phaseshifter 1 to -0.254235deg	 DONE
02/10/2025 13:27:36:	28	count	time	20.000000s/cts	O Det=536	H Det=1623	Mon Det=45619	Aux Det=1955	O+H=4114	 DONE
02/10/2025 13:27:58:	move motor	S18.axis2.phaseshifter 1 to -0.152540deg	 DONE
02/10/2025 13:27:59:	29	count	time	20.000000s/cts	O Det=305	H Det=1765	Mon Det=45723	Aux Det=1900	O+H=3970	 DONE
02/10/2025 13:28:21:	move motor	S18.axis2.phaseshifter 1 to -0.050845deg	 DONE
02/10/2025 13:28:22:	30	count	time	20.000000s/cts	O Det=335	H Det=1765	Mon Det=46352	Aux Det=1974	O+H=4074	 DONE
02/10/2025 13:28:44:	move motor	S18.axis2.phaseshifter 1 to 0.050850deg	 DONE
02/10/2025 13:28:46:	31	count	time	20.000000s/cts	O Det=494	H Det=1610	Mon Det=45745	Aux Det=2032	O+H=4136	 DONE
02/10/2025 13:29:07:	move motor	S18.axis2.phaseshifter 1 to 0.152545deg	 DONE
02/10/2025 13:29:09:	32	count	time	20.000000s/cts	O Det=772	H Det=1343	Mon Det=46058	Aux Det=1921	O+H=4036	 DONE
02/10/2025 13:29:31:	move motor	S18.axis2.phaseshifter 1 to 0.254240deg	 DONE
02/10/2025 13:29:32:	33	count	time	20.000000s/cts	O Det=1091	H Det=1059	Mon Det=46027	Aux Det=2030	O+H=4180	 DONE
02/10/2025 13:29:54:	move motor	S18.axis2.phaseshifter 1 to 0.355935deg	 DONE
02/10/2025 13:29:55:	34	count	time	20.000000s/cts	O Det=1411	H Det=822	Mon Det=45661	Aux Det=1970	O+H=4203	 DONE
02/10/2025 13:30:17:	move motor	S18.axis2.phaseshifter 1 to 0.457630deg	 DONE
02/10/2025 13:30:19:	35	count	time	20.000000s/cts	O Det=1392	H Det=820	Mon Det=46284	Aux Det=1987	O+H=4199	 DONE
02/10/2025 13:30:40:	move motor	S18.axis2.phaseshifter 1 to 0.559325deg	 DONE
02/10/2025 13:30:42:	36	count	time	20.000000s/cts	O Det=1270	H Det=963	Mon Det=45965	Aux Det=2003	O+H=4236	 DONE
02/10/2025 13:31:03:	move motor	S18.axis2.phaseshifter 1 to 0.661020deg	 DONE
02/10/2025 13:31:05:	37	count	time	20.000000s/cts	O Det=934	H Det=1197	Mon Det=46271	Aux Det=1954	O+H=4085	 DONE
02/10/2025 13:31:27:	move motor	S18.axis2.phaseshifter 1 to 0.762715deg	 DONE
02/10/2025 13:31:28:	38	count	time	20.000000s/cts	O Det=563	H Det=1534	Mon Det=46024	Aux Det=1909	O+H=4006	 DONE
02/10/2025 13:31:50:	move motor	S18.axis2.phaseshifter 1 to 0.864410deg	 DONE
02/10/2025 13:31:51:	39	count	time	20.000000s/cts	O Det=326	H Det=1783	Mon Det=46124	Aux Det=1949	O+H=4058	 DONE
02/10/2025 13:32:13:	move motor	S18.axis2.phaseshifter 1 to 0.966105deg	 DONE
02/10/2025 13:32:15:	40	count	time	20.000000s/cts	O Det=307	H Det=1776	Mon Det=45723	Aux Det=1892	O+H=3975	 DONE
02/10/2025 13:32:36:	move motor	S18.axis2.phaseshifter 1 to 1.067800deg	 DONE
02/10/2025 13:32:38:	41	count	time	20.000000s/cts	O Det=453	H Det=1641	Mon Det=45953	Aux Det=1942	O+H=4036	 DONE
02/10/2025 13:32:59:	move motor	S18.axis2.phaseshifter 1 to 1.169495deg	 DONE
02/10/2025 13:33:01:	42	count	time	20.000000s/cts	O Det=787	H Det=1372	Mon Det=45786	Aux Det=1946	O+H=4105	 DONE
02/10/2025 13:33:23:	move motor	S18.axis2.phaseshifter 1 to 1.271190deg	 DONE
02/10/2025 13:33:24:	43	count	time	20.000000s/cts	O Det=1155	H Det=1034	Mon Det=45977	Aux Det=1986	O+H=4175	 DONE
02/10/2025 13:33:46:	move motor	S18.axis2.phaseshifter 1 to 1.372885deg	 DONE
02/10/2025 13:33:47:	44	count	time	20.000000s/cts	O Det=1311	H Det=874	Mon Det=46246	Aux Det=1990	O+H=4175	 DONE
02/10/2025 13:34:09:	move motor	S18.axis2.phaseshifter 1 to 1.474580deg	 DONE
02/10/2025 13:34:11:	45	count	time	20.000000s/cts	O Det=1421	H Det=817	Mon Det=46133	Aux Det=1963	O+H=4201	 DONE
02/10/2025 13:34:32:	move motor	S18.axis2.phaseshifter 1 to 1.576275deg	 DONE
02/10/2025 13:34:34:	46	count	time	20.000000s/cts	O Det=1267	H Det=969	Mon Det=45903	Aux Det=1973	O+H=4209	 DONE
02/10/2025 13:34:55:	move motor	S18.axis2.phaseshifter 1 to 1.677970deg	 DONE
02/10/2025 13:34:57:	47	count	time	20.000000s/cts	O Det=1058	H Det=1177	Mon Det=46163	Aux Det=1985	O+H=4220	 DONE
02/10/2025 13:35:19:	move motor	S18.axis2.phaseshifter 1 to 1.779665deg	 DONE
02/10/2025 13:35:20:	48	count	time	20.000000s/cts	O Det=617	H Det=1538	Mon Det=45741	Aux Det=2004	O+H=4159	 DONE
02/10/2025 13:35:42:	move motor	S18.axis2.phaseshifter 1 to 1.881360deg	 DONE
02/10/2025 13:35:43:	49	count	time	20.000000s/cts	O Det=322	H Det=1717	Mon Det=45613	Aux Det=2008	O+H=4047	 DONE
02/10/2025 13:36:05:	move motor	S18.axis2.phaseshifter 1 to 1.983055deg	 DONE
02/10/2025 13:36:07:	50	count	time	20.000000s/cts	O Det=293	H Det=1865	Mon Det=45742	Aux Det=1948	O+H=4106	 DONE
02/10/2025 13:36:28:	move motor	S18.axis2.phaseshifter 1 to 2.084750deg	 DONE
02/10/2025 13:36:30:	51	count	time	20.000000s/cts	O Det=447	H Det=1742	Mon Det=45999	Aux Det=2038	O+H=4227	 DONE
02/10/2025 13:36:51:	move motor	S18.axis2.phaseshifter 1 to 2.186445deg	 DONE
02/10/2025 13:36:53:	52	count	time	20.000000s/cts	O Det=840	H Det=1419	Mon Det=45912	Aux Det=1923	O+H=4182	 DONE
02/10/2025 13:37:15:	move motor	S18.axis2.phaseshifter 1 to 2.288140deg	 DONE
02/10/2025 13:37:16:	53	count	time	20.000000s/cts	O Det=1152	H Det=1085	Mon Det=45849	Aux Det=1945	O+H=4182	 DONE
02/10/2025 13:37:38:	move motor	S18.axis2.phaseshifter 1 to 2.389835deg	 DONE
02/10/2025 13:37:39:	54	count	time	20.000000s/cts	O Det=1372	H Det=900	Mon Det=46167	Aux Det=1964	O+H=4236	 DONE
02/10/2025 13:38:01:	move motor	S18.axis2.phaseshifter 1 to 2.491530deg	 DONE
02/10/2025 13:38:03:	55	count	time	20.000000s/cts	O Det=1426	H Det=794	Mon Det=46058	Aux Det=2019	O+H=4239	 DONE
02/10/2025 13:38:24:	move motor	S18.axis2.phaseshifter 1 to 2.593225deg	 DONE
02/10/2025 13:38:26:	56	count	time	20.000000s/cts	O Det=1301	H Det=879	Mon Det=46052	Aux Det=1922	O+H=4102	 DONE
02/10/2025 13:38:48:	move motor	S18.axis2.phaseshifter 1 to 2.694920deg	 DONE
02/10/2025 13:38:49:	57	count	time	20.000000s/cts	O Det=1070	H Det=1116	Mon Det=45727	Aux Det=1936	O+H=4122	 DONE
02/10/2025 13:39:11:	move motor	S18.axis2.phaseshifter 1 to 2.796615deg	 DONE
02/10/2025 13:39:12:	58	count	time	20.000000s/cts	O Det=724	H Det=1417	Mon Det=45807	Aux Det=1986	O+H=4127	 DONE
02/10/2025 13:39:34:	move motor	S18.axis2.phaseshifter 1 to 2.898310deg	 DONE
02/10/2025 13:39:36:	59	count	time	20.000000s/cts	O Det=395	H Det=1699	Mon Det=45940	Aux Det=2039	O+H=4133	 DONE
02/10/2025 13:39:57:	move motor	S18.axis2.phaseshifter 1 to 3.000005deg	 DONE
02/10/2025 13:39:59:	60	count	time	20.000000s/cts	O Det=246	H Det=1811	Mon Det=45758	Aux Det=2014	O+H=4071	 DONE
02/10/2025 13:40:21:	close file and end scan	 DONE
02/10/2025 13:40:21:	END OF SCRIPT	 DONE
