08/10/2025 18:30:11:	start execution of script D:\data\Cycle 198\exp_3-16-19\rawdata\sc\ifg1R_newPS_2p30s_0.sc	 DONE
08/10/2025 18:30:12:	create file	D:\data\Cycle 198\exp_3-16-19\rawdata\sc\ifg1R_newPS_2p30s_0_08Oct1830.dat	 DONE
room to enter remarks DONE
08/10/2025 18:30:13:	MOVE MOTOR REL	S18.axis2.phaseshifter 1	deg	0	FALSE DONE
08/10/2025 18:30:16:	1	count	time	30.0s/cts	O Det=3290	H Det=3838	Mon Det=92045	Aux Det=9428	O+H=16556	 DONE
08/10/2025 18:30:48:	MOVE MOTOR REL	S18.axis2.phaseshifter 1	deg	0.1	FALSE DONE
08/10/2025 18:30:51:	2	count	time	30.0s/cts	O Det=2911	H Det=2761	Mon Det=91774	Aux Det=12070	O+H=17742	 DONE
08/10/2025 18:31:23:	MOVE MOTOR REL	S18.axis2.phaseshifter 1	deg	0.1	FALSE DONE
08/10/2025 18:31:27:	3	count	time	30.0s/cts	O Det=2428	H Det=2287	Mon Det=91920	Aux Det=13297	O+H=18012	 DONE
08/10/2025 18:31:58:	MOVE MOTOR REL	S18.axis2.phaseshifter 1	deg	0.1	FALSE DONE
08/10/2025 18:32:02:	4	count	time	30.0s/cts	O Det=1558	H Det=2735	Mon Det=92041	Aux Det=14028	O+H=18321	 DONE
08/10/2025 18:32:34:	MOVE MOTOR REL	S18.axis2.phaseshifter 1	deg	0.1	FALSE DONE
08/10/2025 18:32:37:	5	count	time	30.0s/cts	O Det=1008	H Det=3769	Mon Det=91774	Aux Det=12930	O+H=17707	 DONE
08/10/2025 18:33:09:	MOVE MOTOR REL	S18.axis2.phaseshifter 1	deg	0.1	FALSE DONE
08/10/2025 18:33:13:	6	count	time	30.0s/cts	O Det=830	H Det=5042	Mon Det=91814	Aux Det=10825	O+H=16697	 DONE
08/10/2025 18:33:44:	MOVE MOTOR REL	S18.axis2.phaseshifter 1	deg	0.1	FALSE DONE
08/10/2025 18:33:48:	7	count	time	30.0s/cts	O Det=922	H Det=6574	Mon Det=91859	Aux Det=8608	O+H=16104	 DONE
08/10/2025 18:34:20:	MOVE MOTOR REL	S18.axis2.phaseshifter 1	deg	0.1	FALSE DONE
08/10/2025 18:34:23:	8	count	time	30.0s/cts	O Det=1410	H Det=7224	Mon Det=92073	Aux Det=6451	O+H=15085	 DONE
08/10/2025 18:34:55:	MOVE MOTOR REL	S18.axis2.phaseshifter 1	deg	0.1	FALSE DONE
08/10/2025 18:34:59:	9	count	time	30.0s/cts	O Det=2136	H Det=7299	Mon Det=92070	Aux Det=5226	O+H=14661	 DONE
08/10/2025 18:35:30:	MOVE MOTOR REL	S18.axis2.phaseshifter 1	deg	0.1	FALSE DONE
08/10/2025 18:35:34:	10	count	time	30.0s/cts	O Det=2745	H Det=6688	Mon Det=91879	Aux Det=5567	O+H=15000	 DONE
08/10/2025 18:36:06:	MOVE MOTOR REL	S18.axis2.phaseshifter 1	deg	0.1	FALSE DONE
08/10/2025 18:36:09:	11	count	time	30.0s/cts	O Det=3266	H Det=5214	Mon Det=92036	Aux Det=7278	O+H=15758	 DONE
08/10/2025 18:36:41:	MOVE MOTOR REL	S18.axis2.phaseshifter 1	deg	0.1	FALSE DONE
08/10/2025 18:36:45:	12	count	time	30.0s/cts	O Det=3268	H Det=3865	Mon Det=91949	Aux Det=9502	O+H=16635	 DONE
08/10/2025 18:37:16:	MOVE MOTOR REL	S18.axis2.phaseshifter 1	deg	0.1	FALSE DONE
08/10/2025 18:37:20:	13	count	time	30.0s/cts	O Det=2967	H Det=2728	Mon Det=92218	Aux Det=11767	O+H=17462	 DONE
08/10/2025 18:37:52:	MOVE MOTOR REL	S18.axis2.phaseshifter 1	deg	0.1	FALSE DONE
08/10/2025 18:37:55:	14	count	time	30.0s/cts	O Det=2308	H Det=2362	Mon Det=91880	Aux Det=13573	O+H=18243	 DONE
08/10/2025 18:38:27:	MOVE MOTOR REL	S18.axis2.phaseshifter 1	deg	0.1	FALSE DONE
08/10/2025 18:38:30:	15	count	time	30.0s/cts	O Det=1626	H Det=2609	Mon Det=91964	Aux Det=14101	O+H=18336	 DONE
08/10/2025 18:39:02:	MOVE MOTOR REL	S18.axis2.phaseshifter 1	deg	0.1	FALSE DONE
08/10/2025 18:39:06:	16	count	time	30.0s/cts	O Det=1019	H Det=3675	Mon Det=92655	Aux Det=13166	O+H=17860	 DONE
08/10/2025 18:39:38:	MOVE MOTOR REL	S18.axis2.phaseshifter 1	deg	0.1	FALSE DONE
08/10/2025 18:39:41:	17	count	time	30.0s/cts	O Det=849	H Det=5224	Mon Det=92098	Aux Det=10961	O+H=17034	 DONE
08/10/2025 18:40:13:	MOVE MOTOR REL	S18.axis2.phaseshifter 1	deg	0.1	FALSE DONE
08/10/2025 18:40:16:	18	count	time	30.0s/cts	O Det=947	H Det=6568	Mon Det=91214	Aux Det=8123	O+H=15638	 DONE
08/10/2025 18:40:48:	MOVE MOTOR REL	S18.axis2.phaseshifter 1	deg	0.1	FALSE DONE
08/10/2025 18:40:52:	19	count	time	30.0s/cts	O Det=1571	H Det=7592	Mon Det=91875	Aux Det=6128	O+H=15291	 DONE
08/10/2025 18:41:23:	MOVE MOTOR REL	S18.axis2.phaseshifter 1	deg	0.1	FALSE DONE
08/10/2025 18:41:27:	20	count	time	30.0s/cts	O Det=2201	H Det=7375	Mon Det=92471	Aux Det=5270	O+H=14846	 DONE
08/10/2025 18:41:59:	MOVE MOTOR REL	S18.axis2.phaseshifter 1	deg	0.1	FALSE DONE
08/10/2025 18:42:02:	21	count	time	30.0s/cts	O Det=2733	H Det=6355	Mon Det=91844	Aux Det=5865	O+H=14953	 DONE
08/10/2025 18:42:34:	MOVE MOTOR REL	S18.axis2.phaseshifter 1	deg	0.1	FALSE DONE
08/10/2025 18:42:37:	22	count	time	30.0s/cts	O Det=3307	H Det=4899	Mon Det=92147	Aux Det=7842	O+H=16048	 DONE
08/10/2025 18:43:09:	close file and end scan	 DONE
call of ifg1r_newPS_2p30s.sc DONE
08/10/2025 18:43:10:	move motor	S18.axis2.phaseshifter 1 to fit O COS-90	-0.168786reached -0.15381  DONE
08/10/2025 18:43:13:	END OF SCRIPT	 DONE
