20/10/2025 15:31:39:	start execution of script D:\data\Cycle 198\exp_3-16-19\rawdata\sc\ifg12_newPS_6p10s_B2.sc	 DONE
20/10/2025 15:31:39:	move motor	S18.axis2.phaseshifter both to -3.600000deg	 DONE
20/10/2025 15:31:44:	create file	D:\data\Cycle 198\exp_3-16-19\rawdata\sc\ifg12_newPS_6p10s_B2_20Oct1531.dat	 DONE
room to enter remarks DONE
20/10/2025 15:31:45:	move motor	S18.axis2.phaseshifter both to -3.500000deg	 DONE
20/10/2025 15:31:49:	1	count	time	10.000000s/cts	O Det=677	H Det=654	Mon Det=24118	Aux Det=3990	O+H=5321	 DONE
20/10/2025 15:32:00:	move motor	S18.axis2.phaseshifter both to -3.400000deg	 DONE
20/10/2025 15:32:03:	2	count	time	10.000000s/cts	O Det=385	H Det=943	Mon Det=24134	Aux Det=4049	O+H=5377	 DONE
20/10/2025 15:32:15:	move motor	S18.axis2.phaseshifter both to -3.300000deg	 DONE
20/10/2025 15:32:18:	3	count	time	10.000000s/cts	O Det=336	H Det=1291	Mon Det=23946	Aux Det=3568	O+H=5195	 DONE
20/10/2025 15:32:30:	move motor	S18.axis2.phaseshifter both to -3.200000deg	 DONE
20/10/2025 15:32:33:	4	count	time	10.000000s/cts	O Det=436	H Det=1586	Mon Det=24267	Aux Det=2789	O+H=4811	 DONE
20/10/2025 15:32:45:	move motor	S18.axis2.phaseshifter both to -3.100000deg	 DONE
20/10/2025 15:32:48:	5	count	time	10.000000s/cts	O Det=676	H Det=1694	Mon Det=24151	Aux Det=2200	O+H=4570	 DONE
20/10/2025 15:33:00:	move motor	S18.axis2.phaseshifter both to -3.000000deg	 DONE
20/10/2025 15:33:03:	6	count	time	10.000000s/cts	O Det=1007	H Det=1616	Mon Det=24268	Aux Det=1765	O+H=4388	 DONE
20/10/2025 15:33:14:	move motor	S18.axis2.phaseshifter both to -2.900000deg	 DONE
20/10/2025 15:33:18:	7	count	time	10.000000s/cts	O Det=1353	H Det=1404	Mon Det=24359	Aux Det=1758	O+H=4515	 DONE
20/10/2025 15:33:29:	move motor	S18.axis2.phaseshifter both to -2.800000deg	 DONE
20/10/2025 15:33:32:	8	count	time	10.000000s/cts	O Det=1372	H Det=1113	Mon Det=24304	Aux Det=2214	O+H=4699	 DONE
20/10/2025 15:33:44:	move motor	S18.axis2.phaseshifter both to -2.700000deg	 DONE
20/10/2025 15:33:47:	9	count	time	10.000000s/cts	O Det=1343	H Det=744	Mon Det=24018	Aux Det=2983	O+H=5070	 DONE
20/10/2025 15:33:59:	move motor	S18.axis2.phaseshifter both to -2.600000deg	 DONE
20/10/2025 15:34:02:	10	count	time	10.000000s/cts	O Det=1011	H Det=667	Mon Det=24103	Aux Det=3566	O+H=5244	 DONE
20/10/2025 15:34:14:	move motor	S18.axis2.phaseshifter both to -2.500000deg	 DONE
20/10/2025 15:34:17:	11	count	time	10.000000s/cts	O Det=679	H Det=671	Mon Det=24475	Aux Det=4036	O+H=5386	 DONE
20/10/2025 15:34:28:	move motor	S18.axis2.phaseshifter both to -2.400000deg	 DONE
20/10/2025 15:34:32:	12	count	time	10.000000s/cts	O Det=470	H Det=879	Mon Det=24194	Aux Det=4105	O+H=5454	 DONE
20/10/2025 15:34:43:	move motor	S18.axis2.phaseshifter both to -2.300000deg	 DONE
20/10/2025 15:34:46:	13	count	time	10.000000s/cts	O Det=323	H Det=1148	Mon Det=24448	Aux Det=3775	O+H=5246	 DONE
20/10/2025 15:34:58:	move motor	S18.axis2.phaseshifter both to -2.200000deg	 DONE
20/10/2025 15:35:01:	14	count	time	10.000000s/cts	O Det=265	H Det=1504	Mon Det=24231	Aux Det=3163	O+H=4932	 DONE
20/10/2025 15:35:13:	move motor	S18.axis2.phaseshifter both to -2.100000deg	 DONE
20/10/2025 15:35:16:	15	count	time	10.000000s/cts	O Det=390	H Det=1856	Mon Det=24104	Aux Det=2376	O+H=4622	 DONE
20/10/2025 15:35:28:	move motor	S18.axis2.phaseshifter both to -2.000000deg	 DONE
20/10/2025 15:35:31:	16	count	time	10.000000s/cts	O Det=670	H Det=1940	Mon Det=23856	Aux Det=1790	O+H=4400	 DONE
20/10/2025 15:35:42:	move motor	S18.axis2.phaseshifter both to -1.900000deg	 DONE
20/10/2025 15:35:46:	17	count	time	10.000000s/cts	O Det=915	H Det=1726	Mon Det=24110	Aux Det=1677	O+H=4318	 DONE
20/10/2025 15:35:57:	move motor	S18.axis2.phaseshifter both to -1.800000deg	 DONE
20/10/2025 15:36:00:	18	count	time	10.000000s/cts	O Det=1039	H Det=1478	Mon Det=24186	Aux Det=1982	O+H=4499	 DONE
20/10/2025 15:36:12:	move motor	S18.axis2.phaseshifter both to -1.700000deg	 DONE
20/10/2025 15:36:15:	19	count	time	10.000000s/cts	O Det=1115	H Det=1027	Mon Det=23940	Aux Det=2576	O+H=4718	 DONE
20/10/2025 15:36:27:	move motor	S18.axis2.phaseshifter both to -1.600000deg	 DONE
20/10/2025 15:36:30:	20	count	time	10.000000s/cts	O Det=993	H Det=781	Mon Det=24310	Aux Det=3351	O+H=5125	 DONE
20/10/2025 15:36:42:	move motor	S18.axis2.phaseshifter both to -1.500000deg	 DONE
20/10/2025 15:36:45:	21	count	time	10.000000s/cts	O Det=772	H Det=684	Mon Det=24337	Aux Det=3892	O+H=5348	 DONE
20/10/2025 15:36:56:	move motor	S18.axis2.phaseshifter both to -1.400000deg	 DONE
20/10/2025 15:37:00:	22	count	time	10.000000s/cts	O Det=475	H Det=803	Mon Det=24094	Aux Det=4087	O+H=5365	 DONE
20/10/2025 15:37:11:	move motor	S18.axis2.phaseshifter both to -1.300000deg	 DONE
20/10/2025 15:37:14:	23	count	time	10.000000s/cts	O Det=316	H Det=1064	Mon Det=24135	Aux Det=3847	O+H=5227	 DONE
20/10/2025 15:37:26:	move motor	S18.axis2.phaseshifter both to -1.200000deg	 DONE
20/10/2025 15:37:29:	24	count	time	10.000000s/cts	O Det=313	H Det=1459	Mon Det=24019	Aux Det=3286	O+H=5058	 DONE
20/10/2025 15:37:41:	move motor	S18.axis2.phaseshifter both to -1.100000deg	 DONE
20/10/2025 15:37:44:	25	count	time	10.000000s/cts	O Det=368	H Det=1763	Mon Det=24238	Aux Det=2667	O+H=4798	 DONE
20/10/2025 15:37:56:	move motor	S18.axis2.phaseshifter both to -1.000000deg	 DONE
20/10/2025 15:37:59:	26	count	time	10.000000s/cts	O Det=586	H Det=1827	Mon Det=24162	Aux Det=2107	O+H=4520	 DONE
20/10/2025 15:38:10:	move motor	S18.axis2.phaseshifter both to -0.900000deg	 DONE
20/10/2025 15:38:14:	27	count	time	10.000000s/cts	O Det=774	H Det=1960	Mon Det=24234	Aux Det=1683	O+H=4417	 DONE
20/10/2025 15:38:25:	move motor	S18.axis2.phaseshifter both to -0.800000deg	 DONE
20/10/2025 15:38:28:	28	count	time	10.000000s/cts	O Det=1019	H Det=1631	Mon Det=24182	Aux Det=1852	O+H=4502	 DONE
20/10/2025 15:38:40:	move motor	S18.axis2.phaseshifter both to -0.700000deg	 DONE
20/10/2025 15:38:43:	29	count	time	10.000000s/cts	O Det=1071	H Det=1281	Mon Det=23807	Aux Det=2382	O+H=4734	 DONE
20/10/2025 15:38:55:	move motor	S18.axis2.phaseshifter both to -0.600000deg	 DONE
20/10/2025 15:38:58:	30	count	time	10.000000s/cts	O Det=999	H Det=953	Mon Det=24079	Aux Det=3132	O+H=5084	 DONE
20/10/2025 15:39:10:	move motor	S18.axis2.phaseshifter both to -0.500000deg	 DONE
20/10/2025 15:39:13:	31	count	time	10.000000s/cts	O Det=783	H Det=722	Mon Det=23983	Aux Det=3749	O+H=5254	 DONE
20/10/2025 15:39:25:	move motor	S18.axis2.phaseshifter both to -0.400000deg	 DONE
20/10/2025 15:39:28:	32	count	time	10.000000s/cts	O Det=563	H Det=713	Mon Det=24010	Aux Det=4292	O+H=5568	 DONE
20/10/2025 15:39:40:	move motor	S18.axis2.phaseshifter both to -0.300000deg	 DONE
20/10/2025 15:39:43:	33	count	time	10.000000s/cts	O Det=401	H Det=1023	Mon Det=24266	Aux Det=3953	O+H=5377	 DONE
20/10/2025 15:39:54:	move motor	S18.axis2.phaseshifter both to -0.200000deg	 DONE
20/10/2025 15:39:57:	34	count	time	10.000000s/cts	O Det=239	H Det=1370	Mon Det=24223	Aux Det=3554	O+H=5163	 DONE
20/10/2025 15:40:09:	move motor	S18.axis2.phaseshifter both to -0.100000deg	 DONE
20/10/2025 15:40:12:	35	count	time	10.000000s/cts	O Det=333	H Det=1731	Mon Det=24192	Aux Det=2839	O+H=4903	 DONE
20/10/2025 15:40:24:	move motor	S18.axis2.phaseshifter both to 0.000000deg	 DONE
20/10/2025 15:40:27:	36	count	time	10.000000s/cts	O Det=468	H Det=1886	Mon Det=24422	Aux Det=2193	O+H=4547	 DONE
20/10/2025 15:40:39:	move motor	S18.axis2.phaseshifter both to 0.100000deg	 DONE
20/10/2025 15:40:42:	37	count	time	10.000000s/cts	O Det=629	H Det=1971	Mon Det=24241	Aux Det=1699	O+H=4299	 DONE
20/10/2025 15:40:54:	move motor	S18.axis2.phaseshifter both to 0.200000deg	 DONE
20/10/2025 15:40:57:	38	count	time	10.000000s/cts	O Det=922	H Det=1686	Mon Det=24349	Aux Det=1644	O+H=4252	 DONE
20/10/2025 15:41:08:	move motor	S18.axis2.phaseshifter both to 0.300000deg	 DONE
20/10/2025 15:41:12:	39	count	time	10.000000s/cts	O Det=1144	H Det=1335	Mon Det=24219	Aux Det=2260	O+H=4739	 DONE
20/10/2025 15:41:23:	move motor	S18.axis2.phaseshifter both to 0.400000deg	 DONE
20/10/2025 15:41:26:	40	count	time	10.000000s/cts	O Det=1029	H Det=1028	Mon Det=24282	Aux Det=2808	O+H=4865	 DONE
20/10/2025 15:41:38:	move motor	S18.axis2.phaseshifter both to 0.500000deg	 DONE
20/10/2025 15:41:41:	41	count	time	10.000000s/cts	O Det=933	H Det=717	Mon Det=24256	Aux Det=3702	O+H=5352	 DONE
20/10/2025 15:41:53:	move motor	S18.axis2.phaseshifter both to 0.600000deg	 DONE
20/10/2025 15:41:56:	42	count	time	10.000000s/cts	O Det=732	H Det=636	Mon Det=24094	Aux Det=4142	O+H=5510	 DONE
20/10/2025 15:42:08:	move motor	S18.axis2.phaseshifter both to 0.700000deg	 DONE
20/10/2025 15:42:11:	43	count	time	10.000000s/cts	O Det=446	H Det=863	Mon Det=24096	Aux Det=4188	O+H=5497	 DONE
20/10/2025 15:42:23:	move motor	S18.axis2.phaseshifter both to 0.800000deg	 DONE
20/10/2025 15:42:26:	44	count	time	10.000000s/cts	O Det=304	H Det=1211	Mon Det=24405	Aux Det=3760	O+H=5275	 DONE
20/10/2025 15:42:37:	move motor	S18.axis2.phaseshifter both to 0.900000deg	 DONE
20/10/2025 15:42:41:	45	count	time	10.000000s/cts	O Det=286	H Det=1533	Mon Det=24181	Aux Det=3065	O+H=4884	 DONE
20/10/2025 15:42:52:	move motor	S18.axis2.phaseshifter both to 1.000000deg	 DONE
20/10/2025 15:42:55:	46	count	time	10.000000s/cts	O Det=367	H Det=1838	Mon Det=24210	Aux Det=2320	O+H=4525	 DONE
20/10/2025 15:43:07:	move motor	S18.axis2.phaseshifter both to 1.100000deg	 DONE
20/10/2025 15:43:10:	47	count	time	10.000000s/cts	O Det=555	H Det=2039	Mon Det=24392	Aux Det=1778	O+H=4372	 DONE
20/10/2025 15:43:22:	move motor	S18.axis2.phaseshifter both to 1.200000deg	 DONE
20/10/2025 15:43:25:	48	count	time	10.000000s/cts	O Det=852	H Det=1895	Mon Det=24206	Aux Det=1646	O+H=4393	 DONE
20/10/2025 15:43:37:	move motor	S18.axis2.phaseshifter both to 1.300000deg	 DONE
20/10/2025 15:43:40:	49	count	time	10.000000s/cts	O Det=940	H Det=1616	Mon Det=24219	Aux Det=1925	O+H=4481	 DONE
20/10/2025 15:43:51:	move motor	S18.axis2.phaseshifter both to 1.400000deg	 DONE
20/10/2025 15:43:55:	50	count	time	10.000000s/cts	O Det=951	H Det=1219	Mon Det=24468	Aux Det=2665	O+H=4835	 DONE
20/10/2025 15:44:06:	move motor	S18.axis2.phaseshifter both to 1.500000deg	 DONE
20/10/2025 15:44:10:	51	count	time	10.000000s/cts	O Det=869	H Det=851	Mon Det=23911	Aux Det=3474	O+H=5194	 DONE
20/10/2025 15:44:21:	move motor	S18.axis2.phaseshifter both to 1.600000deg	 DONE
20/10/2025 15:44:24:	52	count	time	10.000000s/cts	O Det=751	H Det=651	Mon Det=24535	Aux Det=4092	O+H=5494	 DONE
20/10/2025 15:44:36:	move motor	S18.axis2.phaseshifter both to 1.700000deg	 DONE
20/10/2025 15:44:39:	53	count	time	10.000000s/cts	O Det=520	H Det=713	Mon Det=24256	Aux Det=4164	O+H=5397	 DONE
20/10/2025 15:44:51:	move motor	S18.axis2.phaseshifter both to 1.800000deg	 DONE
20/10/2025 15:44:54:	54	count	time	10.000000s/cts	O Det=353	H Det=1055	Mon Det=24114	Aux Det=3930	O+H=5338	 DONE
20/10/2025 15:45:06:	move motor	S18.axis2.phaseshifter both to 1.900000deg	 DONE
20/10/2025 15:45:09:	55	count	time	10.000000s/cts	O Det=275	H Det=1349	Mon Det=24315	Aux Det=3308	O+H=4932	 DONE
20/10/2025 15:45:20:	move motor	S18.axis2.phaseshifter both to 2.000000deg	 DONE
20/10/2025 15:45:24:	56	count	time	10.000000s/cts	O Det=343	H Det=1736	Mon Det=23979	Aux Det=2676	O+H=4755	 DONE
20/10/2025 15:45:35:	move motor	S18.axis2.phaseshifter both to 2.100000deg	 DONE
20/10/2025 15:45:38:	57	count	time	10.000000s/cts	O Det=521	H Det=1983	Mon Det=24244	Aux Det=2070	O+H=4574	 DONE
20/10/2025 15:45:50:	move motor	S18.axis2.phaseshifter both to 2.200000deg	 DONE
20/10/2025 15:45:53:	58	count	time	10.000000s/cts	O Det=689	H Det=1899	Mon Det=24172	Aux Det=1660	O+H=4248	 DONE
20/10/2025 15:46:05:	move motor	S18.axis2.phaseshifter both to 2.300000deg	 DONE
20/10/2025 15:46:08:	59	count	time	10.000000s/cts	O Det=885	H Det=1694	Mon Det=24506	Aux Det=1902	O+H=4481	 DONE
20/10/2025 15:46:20:	move motor	S18.axis2.phaseshifter both to 2.400000deg	 DONE
20/10/2025 15:46:23:	60	count	time	10.000000s/cts	O Det=962	H Det=1360	Mon Det=24076	Aux Det=2497	O+H=4819	 DONE
20/10/2025 15:46:34:	move motor	S18.axis2.phaseshifter both to 2.500000deg	 DONE
20/10/2025 15:46:37:	61	count	time	10.000000s/cts	O Det=1002	H Det=967	Mon Det=24301	Aux Det=3140	O+H=5109	 DONE
20/10/2025 15:46:49:	close file and end scan	 DONE
20/10/2025 15:46:50:	END OF SCRIPT	 DONE
