26/09/2025 20:26:06:	start execution of script D:\data\Cycle 198\exp_3-16-19\rawdata\sc\ifg1_3p20s_B12.sc	 DONE
26/09/2025 20:26:07:	move motor	S18.axis2.phaseshifter 1 to -2.725000deg	 DONE
26/09/2025 20:26:10:	create file	D:\data\Cycle 198\exp_3-16-19\rawdata\sc\ifg1_3p20s_B12_26Sep2026.dat	 DONE
room to enter remarks DONE
26/09/2025 20:26:11:	read encoder	S18.auxiliary.Robot Diagonal		48483.272730 DONE
26/09/2025 20:26:12:	move motor	S18.axis2.phaseshifter 1 to -2.625000deg	 DONE
26/09/2025 20:26:14:	1	count	time	20.000000s/cts	O Det=884	H Det=1795	Mon Det=44669	Aux Det=8	O+H=2687	 DONE
26/09/2025 20:26:35:	move motor	S18.axis2.phaseshifter 1 to -2.450000deg	 DONE
26/09/2025 20:26:37:	2	count	time	20.000000s/cts	O Det=867	H Det=1853	Mon Det=45376	Aux Det=12	O+H=2732	 DONE
26/09/2025 20:26:59:	move motor	S18.axis2.phaseshifter 1 to -2.275000deg	 DONE
26/09/2025 20:27:00:	3	count	time	20.000000s/cts	O Det=894	H Det=1890	Mon Det=45039	Aux Det=15	O+H=2799	 DONE
26/09/2025 20:27:22:	move motor	S18.axis2.phaseshifter 1 to -2.100000deg	 DONE
26/09/2025 20:27:24:	4	count	time	20.000000s/cts	O Det=882	H Det=1844	Mon Det=45191	Aux Det=8	O+H=2734	 DONE
26/09/2025 20:27:46:	move motor	S18.axis2.phaseshifter 1 to -1.925000deg	 DONE
26/09/2025 20:27:47:	5	count	time	20.000000s/cts	O Det=877	H Det=1895	Mon Det=44885	Aux Det=11	O+H=2783	 DONE
26/09/2025 20:28:09:	move motor	S18.axis2.phaseshifter 1 to -1.750000deg	 DONE
26/09/2025 20:28:10:	6	count	time	20.000000s/cts	O Det=892	H Det=1927	Mon Det=44996	Aux Det=9	O+H=2828	 DONE
26/09/2025 20:28:32:	move motor	S18.axis2.phaseshifter 1 to -1.575000deg	 DONE
26/09/2025 20:28:34:	7	count	time	20.000000s/cts	O Det=921	H Det=1916	Mon Det=44999	Aux Det=14	O+H=2851	 DONE
26/09/2025 20:28:55:	move motor	S18.axis2.phaseshifter 1 to -1.400000deg	 DONE
26/09/2025 20:28:57:	8	count	time	20.000000s/cts	O Det=915	H Det=1900	Mon Det=44927	Aux Det=11	O+H=2826	 DONE
26/09/2025 20:29:19:	move motor	S18.axis2.phaseshifter 1 to -1.225000deg	 DONE
26/09/2025 20:29:20:	9	count	time	20.000000s/cts	O Det=939	H Det=1960	Mon Det=44758	Aux Det=8	O+H=2907	 DONE
26/09/2025 20:29:42:	move motor	S18.axis2.phaseshifter 1 to -1.050000deg	 DONE
26/09/2025 20:29:43:	10	count	time	20.000000s/cts	O Det=908	H Det=1964	Mon Det=44940	Aux Det=7	O+H=2879	 DONE
26/09/2025 20:30:05:	move motor	S18.axis2.phaseshifter 1 to -0.875000deg	 DONE
26/09/2025 20:30:07:	11	count	time	20.000000s/cts	O Det=919	H Det=1922	Mon Det=45124	Aux Det=9	O+H=2850	 DONE
26/09/2025 20:30:29:	move motor	S18.axis2.phaseshifter 1 to -0.700000deg	 DONE
26/09/2025 20:30:30:	12	count	time	20.000000s/cts	O Det=945	H Det=1889	Mon Det=44997	Aux Det=10	O+H=2844	 DONE
26/09/2025 20:30:52:	move motor	S18.axis2.phaseshifter 1 to -0.525000deg	 DONE
26/09/2025 20:30:53:	13	count	time	20.000000s/cts	O Det=930	H Det=1872	Mon Det=44554	Aux Det=7	O+H=2809	 DONE
26/09/2025 20:31:15:	move motor	S18.axis2.phaseshifter 1 to -0.350000deg	 DONE
26/09/2025 20:31:17:	14	count	time	20.000000s/cts	O Det=875	H Det=1926	Mon Det=44890	Aux Det=9	O+H=2810	 DONE
26/09/2025 20:31:38:	move motor	S18.axis2.phaseshifter 1 to -0.175000deg	 DONE
26/09/2025 20:31:40:	15	count	time	20.000000s/cts	O Det=861	H Det=1946	Mon Det=44702	Aux Det=5	O+H=2812	 DONE
26/09/2025 20:32:02:	move motor	S18.axis2.phaseshifter 1 to 0.000000deg	 DONE
26/09/2025 20:32:03:	16	count	time	20.000000s/cts	O Det=902	H Det=1891	Mon Det=44970	Aux Det=9	O+H=2802	 DONE
26/09/2025 20:32:25:	move motor	S18.axis2.phaseshifter 1 to 0.175000deg	 DONE
26/09/2025 20:32:27:	17	count	time	20.000000s/cts	O Det=874	H Det=1884	Mon Det=44930	Aux Det=11	O+H=2769	 DONE
26/09/2025 20:32:48:	move motor	S18.axis2.phaseshifter 1 to 0.350000deg	 DONE
26/09/2025 20:32:50:	18	count	time	20.000000s/cts	O Det=848	H Det=1931	Mon Det=44859	Aux Det=12	O+H=2791	 DONE
26/09/2025 20:33:12:	move motor	S18.axis2.phaseshifter 1 to 0.525000deg	 DONE
26/09/2025 20:33:13:	19	count	time	20.000000s/cts	O Det=903	H Det=1891	Mon Det=44852	Aux Det=16	O+H=2810	 DONE
26/09/2025 20:33:35:	move motor	S18.axis2.phaseshifter 1 to 0.700000deg	 DONE
26/09/2025 20:33:36:	20	count	time	20.000000s/cts	O Det=865	H Det=1871	Mon Det=45269	Aux Det=8	O+H=2744	 DONE
26/09/2025 20:33:58:	move motor	S18.axis2.phaseshifter 1 to 0.875000deg	 DONE
26/09/2025 20:34:00:	21	count	time	20.000000s/cts	O Det=938	H Det=1888	Mon Det=44916	Aux Det=17	O+H=2843	 DONE
26/09/2025 20:34:22:	move motor	S18.axis2.phaseshifter 1 to 1.050000deg	 DONE
26/09/2025 20:34:23:	22	count	time	20.000000s/cts	O Det=881	H Det=1880	Mon Det=44716	Aux Det=6	O+H=2767	 DONE
26/09/2025 20:34:45:	move motor	S18.axis2.phaseshifter 1 to 1.225000deg	 DONE
26/09/2025 20:34:46:	23	count	time	20.000000s/cts	O Det=864	H Det=1925	Mon Det=45049	Aux Det=19	O+H=2808	 DONE
26/09/2025 20:35:08:	move motor	S18.axis2.phaseshifter 1 to 1.400000deg	 DONE
26/09/2025 20:35:10:	24	count	time	20.000000s/cts	O Det=928	H Det=1789	Mon Det=44820	Aux Det=11	O+H=2728	 DONE
26/09/2025 20:35:31:	move motor	S18.axis2.phaseshifter 1 to 1.575000deg	 DONE
26/09/2025 20:35:33:	25	count	time	20.000000s/cts	O Det=886	H Det=1886	Mon Det=45070	Aux Det=9	O+H=2781	 DONE
26/09/2025 20:35:55:	move motor	S18.axis2.phaseshifter 1 to 1.750000deg	 DONE
26/09/2025 20:35:56:	26	count	time	20.000000s/cts	O Det=916	H Det=1851	Mon Det=44866	Aux Det=8	O+H=2775	 DONE
26/09/2025 20:36:18:	move motor	S18.axis2.phaseshifter 1 to 1.925000deg	 DONE
26/09/2025 20:36:19:	27	count	time	20.000000s/cts	O Det=893	H Det=1910	Mon Det=45708	Aux Det=13	O+H=2816	 DONE
26/09/2025 20:36:41:	move motor	S18.axis2.phaseshifter 1 to 2.100000deg	 DONE
26/09/2025 20:36:43:	28	count	time	20.000000s/cts	O Det=931	H Det=1916	Mon Det=45076	Aux Det=9	O+H=2856	 DONE
26/09/2025 20:37:04:	move motor	S18.axis2.phaseshifter 1 to 2.275000deg	 DONE
26/09/2025 20:37:06:	29	count	time	20.000000s/cts	O Det=887	H Det=1875	Mon Det=45452	Aux Det=14	O+H=2776	 DONE
26/09/2025 20:37:28:	move motor	S18.axis2.phaseshifter 1 to 2.450000deg	 DONE
26/09/2025 20:37:29:	30	count	time	20.000000s/cts	O Det=889	H Det=1861	Mon Det=45125	Aux Det=12	O+H=2762	 DONE
26/09/2025 20:37:51:	move motor	S18.axis2.phaseshifter 1 to 2.625000deg	 DONE
26/09/2025 20:37:53:	31	count	time	20.000000s/cts	O Det=878	H Det=1883	Mon Det=45141	Aux Det=10	O+H=2771	 DONE
26/09/2025 20:38:14:	close file and end scan	 DONE
26/09/2025 20:38:15:	END OF SCRIPT	 DONE
