13/10/2025 18:53:38:	start execution of script D:\data\Cycle 198\exp_3-16-19\rawdata\sc\ifg12_newPS_4p10s.sc	 DONE
13/10/2025 18:53:39:	move motor	S18.axis2.phaseshifter both to -2.100000deg	 DONE
13/10/2025 18:53:44:	create file	D:\data\Cycle 198\exp_3-16-19\rawdata\sc\ifg12_newPS_4p10s_13Oct1853.dat	 DONE
room to enter remarks DONE
13/10/2025 18:53:45:	move motor	S18.axis2.phaseshifter both to -2.000000deg	 DONE
13/10/2025 18:53:48:	1	count	time	10.000000s/cts	O Det=979	H Det=2213	Mon Det=30888	Aux Det=2930	O+H=6122	 DONE
13/10/2025 18:54:00:	move motor	S18.axis2.phaseshifter both to -1.897436deg	 DONE
13/10/2025 18:54:03:	2	count	time	10.000000s/cts	O Det=659	H Det=1950	Mon Det=31006	Aux Det=3722	O+H=6331	 DONE
13/10/2025 18:54:15:	move motor	S18.axis2.phaseshifter both to -1.794872deg	 DONE
13/10/2025 18:54:18:	3	count	time	10.000000s/cts	O Det=408	H Det=1516	Mon Det=30878	Aux Det=5097	O+H=7021	 DONE
13/10/2025 18:54:30:	move motor	S18.axis2.phaseshifter both to -1.692308deg	 DONE
13/10/2025 18:54:33:	4	count	time	10.000000s/cts	O Det=610	H Det=1077	Mon Det=30707	Aux Det=5419	O+H=7106	 DONE
13/10/2025 18:54:44:	move motor	S18.axis2.phaseshifter both to -1.589744deg	 DONE
13/10/2025 18:54:48:	5	count	time	10.000000s/cts	O Det=900	H Det=874	Mon Det=31094	Aux Det=5600	O+H=7374	 DONE
13/10/2025 18:54:59:	move motor	S18.axis2.phaseshifter both to -1.487180deg	 DONE
13/10/2025 18:55:02:	6	count	time	10.000000s/cts	O Det=1351	H Det=827	Mon Det=31215	Aux Det=4829	O+H=7007	 DONE
13/10/2025 18:55:14:	move motor	S18.axis2.phaseshifter both to -1.384616deg	 DONE
13/10/2025 18:55:17:	7	count	time	10.000000s/cts	O Det=1627	H Det=1069	Mon Det=31215	Aux Det=3823	O+H=6519	 DONE
13/10/2025 18:55:30:	move motor	S18.axis2.phaseshifter both to -1.282052deg	 DONE
13/10/2025 18:55:33:	8	count	time	10.000000s/cts	O Det=1867	H Det=1445	Mon Det=31004	Aux Det=2710	O+H=6022	 DONE
13/10/2025 18:55:45:	move motor	S18.axis2.phaseshifter both to -1.179488deg	 DONE
13/10/2025 18:55:48:	9	count	time	10.000000s/cts	O Det=1104	H Det=1387	Mon Det=22054	Aux Det=1540	O+H=4031	STOPPED BY USER	13/10/2025 18:55:56:	close file and end scan	 DONE
13/10/2025 18:55:57:	END OF SCRIPT	 DONE
