03/10/2025 01:19:41:	start execution of script D:\data\Cycle 198\exp_3-16-19\rawdata\sc\ifg1_newPS_6p20s_B2.sc	 DONE
03/10/2025 01:19:42:	move motor	S18.axis2.phaseshifter 1 to -3.100000deg	 DONE
03/10/2025 01:19:44:	create file	D:\data\Cycle 198\exp_3-16-19\rawdata\sc\ifg1_newPS_6p20s_B2_03Oct0119.dat	 DONE
room to enter remarks DONE
03/10/2025 01:19:45:	move motor	S18.axis2.phaseshifter 1 to -3.000000deg	 DONE
03/10/2025 01:19:47:	1	count	time	20.000000s/cts	O Det=801	H Det=1388	Mon Det=45316	Aux Det=1998	O+H=4187	 DONE
03/10/2025 01:20:09:	move motor	S18.axis2.phaseshifter 1 to -2.898305deg	 DONE
03/10/2025 01:20:10:	2	count	time	20.000000s/cts	O Det=446	H Det=1718	Mon Det=45917	Aux Det=2018	O+H=4182	 DONE
03/10/2025 01:20:32:	move motor	S18.axis2.phaseshifter 1 to -2.796610deg	 DONE
03/10/2025 01:20:33:	3	count	time	20.000000s/cts	O Det=286	H Det=1883	Mon Det=45700	Aux Det=2035	O+H=4204	 DONE
03/10/2025 01:20:55:	move motor	S18.axis2.phaseshifter 1 to -2.694915deg	 DONE
03/10/2025 01:20:57:	4	count	time	20.000000s/cts	O Det=287	H Det=1909	Mon Det=45766	Aux Det=1968	O+H=4164	 DONE
03/10/2025 01:21:18:	move motor	S18.axis2.phaseshifter 1 to -2.593220deg	 DONE
03/10/2025 01:21:20:	5	count	time	20.000000s/cts	O Det=616	H Det=1560	Mon Det=45966	Aux Det=1980	O+H=4156	 DONE
03/10/2025 01:21:42:	move motor	S18.axis2.phaseshifter 1 to -2.491525deg	 DONE
03/10/2025 01:21:43:	6	count	time	20.000000s/cts	O Det=934	H Det=1233	Mon Det=45854	Aux Det=1962	O+H=4129	 DONE
03/10/2025 01:22:05:	move motor	S18.axis2.phaseshifter 1 to -2.389830deg	 DONE
03/10/2025 01:22:06:	7	count	time	20.000000s/cts	O Det=1267	H Det=941	Mon Det=46277	Aux Det=1971	O+H=4179	 DONE
03/10/2025 01:22:28:	move motor	S18.axis2.phaseshifter 1 to -2.288135deg	 DONE
03/10/2025 01:22:30:	8	count	time	20.000000s/cts	O Det=1463	H Det=745	Mon Det=45889	Aux Det=1973	O+H=4181	 DONE
03/10/2025 01:22:51:	move motor	S18.axis2.phaseshifter 1 to -2.186440deg	 DONE
03/10/2025 01:22:53:	9	count	time	20.000000s/cts	O Det=1320	H Det=858	Mon Det=46241	Aux Det=1967	O+H=4145	 DONE
03/10/2025 01:23:14:	move motor	S18.axis2.phaseshifter 1 to -2.084745deg	 DONE
03/10/2025 01:23:16:	10	count	time	20.000000s/cts	O Det=1214	H Det=982	Mon Det=45589	Aux Det=1958	O+H=4154	 DONE
03/10/2025 01:23:38:	move motor	S18.axis2.phaseshifter 1 to -1.983050deg	 DONE
03/10/2025 01:23:39:	11	count	time	20.000000s/cts	O Det=816	H Det=1383	Mon Det=45917	Aux Det=1949	O+H=4148	 DONE
03/10/2025 01:24:01:	move motor	S18.axis2.phaseshifter 1 to -1.881355deg	 DONE
03/10/2025 01:24:02:	12	count	time	20.000000s/cts	O Det=426	H Det=1638	Mon Det=46086	Aux Det=1973	O+H=4037	 DONE
03/10/2025 01:24:24:	move motor	S18.axis2.phaseshifter 1 to -1.779660deg	 DONE
03/10/2025 01:24:26:	13	count	time	20.000000s/cts	O Det=228	H Det=1872	Mon Det=45518	Aux Det=2006	O+H=4106	 DONE
03/10/2025 01:24:47:	move motor	S18.axis2.phaseshifter 1 to -1.677965deg	 DONE
03/10/2025 01:24:49:	14	count	time	20.000000s/cts	O Det=303	H Det=1817	Mon Det=45733	Aux Det=1991	O+H=4111	 DONE
03/10/2025 01:25:11:	move motor	S18.axis2.phaseshifter 1 to -1.576270deg	 DONE
03/10/2025 01:25:12:	15	count	time	20.000000s/cts	O Det=553	H Det=1604	Mon Det=45931	Aux Det=1984	O+H=4141	 DONE
03/10/2025 01:25:34:	move motor	S18.axis2.phaseshifter 1 to -1.474575deg	 DONE
03/10/2025 01:25:35:	16	count	time	20.000000s/cts	O Det=864	H Det=1315	Mon Det=45831	Aux Det=2017	O+H=4196	 DONE
03/10/2025 01:25:57:	move motor	S18.axis2.phaseshifter 1 to -1.372880deg	 DONE
03/10/2025 01:25:59:	17	count	time	20.000000s/cts	O Det=1249	H Det=967	Mon Det=45920	Aux Det=1955	O+H=4171	 DONE
03/10/2025 01:26:20:	move motor	S18.axis2.phaseshifter 1 to -1.271185deg	 DONE
03/10/2025 01:26:22:	18	count	time	20.000000s/cts	O Det=1521	H Det=766	Mon Det=46478	Aux Det=1926	O+H=4213	 DONE
03/10/2025 01:26:44:	move motor	S18.axis2.phaseshifter 1 to -1.169490deg	 DONE
03/10/2025 01:26:45:	19	count	time	20.000000s/cts	O Det=1407	H Det=813	Mon Det=46148	Aux Det=2031	O+H=4251	 DONE
03/10/2025 01:27:07:	move motor	S18.axis2.phaseshifter 1 to -1.067795deg	 DONE
03/10/2025 01:27:08:	20	count	time	20.000000s/cts	O Det=1199	H Det=953	Mon Det=46113	Aux Det=2002	O+H=4154	 DONE
03/10/2025 01:27:30:	move motor	S18.axis2.phaseshifter 1 to -0.966100deg	 DONE
03/10/2025 01:27:32:	21	count	time	20.000000s/cts	O Det=880	H Det=1332	Mon Det=45719	Aux Det=1930	O+H=4142	 DONE
03/10/2025 01:27:53:	move motor	S18.axis2.phaseshifter 1 to -0.864405deg	 DONE
03/10/2025 01:27:55:	22	count	time	20.000000s/cts	O Det=498	H Det=1592	Mon Det=45802	Aux Det=2005	O+H=4095	 DONE
03/10/2025 01:28:17:	move motor	S18.axis2.phaseshifter 1 to -0.762710deg	 DONE
03/10/2025 01:28:18:	23	count	time	20.000000s/cts	O Det=283	H Det=1783	Mon Det=45774	Aux Det=1953	O+H=4019	 DONE
03/10/2025 01:28:40:	move motor	S18.axis2.phaseshifter 1 to -0.661015deg	 DONE
03/10/2025 01:28:41:	24	count	time	20.000000s/cts	O Det=244	H Det=1893	Mon Det=46195	Aux Det=2006	O+H=4143	 DONE
03/10/2025 01:29:03:	move motor	S18.axis2.phaseshifter 1 to -0.559320deg	 DONE
03/10/2025 01:29:05:	25	count	time	20.000000s/cts	O Det=438	H Det=1669	Mon Det=46302	Aux Det=2001	O+H=4108	 DONE
03/10/2025 01:29:26:	move motor	S18.axis2.phaseshifter 1 to -0.457625deg	 DONE
03/10/2025 01:29:28:	26	count	time	20.000000s/cts	O Det=755	H Det=1361	Mon Det=46068	Aux Det=1989	O+H=4105	 DONE
03/10/2025 01:29:50:	move motor	S18.axis2.phaseshifter 1 to -0.355930deg	 DONE
03/10/2025 01:29:51:	27	count	time	20.000000s/cts	O Det=1221	H Det=977	Mon Det=46099	Aux Det=1965	O+H=4163	 DONE
03/10/2025 01:30:13:	move motor	S18.axis2.phaseshifter 1 to -0.254235deg	 DONE
03/10/2025 01:30:14:	28	count	time	20.000000s/cts	O Det=1379	H Det=761	Mon Det=45741	Aux Det=1945	O+H=4085	 DONE
03/10/2025 01:30:36:	move motor	S18.axis2.phaseshifter 1 to -0.152540deg	 DONE
03/10/2025 01:30:38:	29	count	time	20.000000s/cts	O Det=1486	H Det=745	Mon Det=46278	Aux Det=1980	O+H=4211	 DONE
03/10/2025 01:30:59:	move motor	S18.axis2.phaseshifter 1 to -0.050845deg	 DONE
03/10/2025 01:31:01:	30	count	time	20.000000s/cts	O Det=1303	H Det=977	Mon Det=45878	Aux Det=1962	O+H=4242	 DONE
03/10/2025 01:31:22:	move motor	S18.axis2.phaseshifter 1 to 0.050850deg	 DONE
03/10/2025 01:31:24:	31	count	time	20.000000s/cts	O Det=904	H Det=1272	Mon Det=46201	Aux Det=1963	O+H=4139	 DONE
03/10/2025 01:31:46:	move motor	S18.axis2.phaseshifter 1 to 0.152545deg	 DONE
03/10/2025 01:31:47:	32	count	time	20.000000s/cts	O Det=556	H Det=1597	Mon Det=46363	Aux Det=1984	O+H=4137	 DONE
03/10/2025 01:32:09:	move motor	S18.axis2.phaseshifter 1 to 0.254240deg	 DONE
03/10/2025 01:32:10:	33	count	time	20.000000s/cts	O Det=299	H Det=1813	Mon Det=46260	Aux Det=1892	O+H=4004	 DONE
03/10/2025 01:32:32:	move motor	S18.axis2.phaseshifter 1 to 0.355935deg	 DONE
03/10/2025 01:32:34:	34	count	time	20.000000s/cts	O Det=217	H Det=1849	Mon Det=46457	Aux Det=2034	O+H=4100	 DONE
03/10/2025 01:32:55:	move motor	S18.axis2.phaseshifter 1 to 0.457630deg	 DONE
03/10/2025 01:32:57:	35	count	time	20.000000s/cts	O Det=388	H Det=1704	Mon Det=45754	Aux Det=2006	O+H=4098	 DONE
03/10/2025 01:33:19:	move motor	S18.axis2.phaseshifter 1 to 0.559325deg	 DONE
03/10/2025 01:33:20:	36	count	time	20.000000s/cts	O Det=751	H Det=1382	Mon Det=45922	Aux Det=1956	O+H=4089	 DONE
03/10/2025 01:33:42:	move motor	S18.axis2.phaseshifter 1 to 0.661020deg	 DONE
03/10/2025 01:33:43:	37	count	time	20.000000s/cts	O Det=1123	H Det=1069	Mon Det=46172	Aux Det=2031	O+H=4223	 DONE
03/10/2025 01:34:05:	move motor	S18.axis2.phaseshifter 1 to 0.762715deg	 DONE
03/10/2025 01:34:07:	38	count	time	20.000000s/cts	O Det=1400	H Det=819	Mon Det=45941	Aux Det=1921	O+H=4140	 DONE
03/10/2025 01:34:28:	move motor	S18.axis2.phaseshifter 1 to 0.864410deg	 DONE
03/10/2025 01:34:30:	39	count	time	20.000000s/cts	O Det=1478	H Det=710	Mon Det=46183	Aux Det=1962	O+H=4150	 DONE
03/10/2025 01:34:52:	move motor	S18.axis2.phaseshifter 1 to 0.966105deg	 DONE
03/10/2025 01:34:53:	40	count	time	20.000000s/cts	O Det=1344	H Det=895	Mon Det=46226	Aux Det=1930	O+H=4169	 DONE
03/10/2025 01:35:15:	move motor	S18.axis2.phaseshifter 1 to 1.067800deg	 DONE
03/10/2025 01:35:16:	41	count	time	20.000000s/cts	O Det=987	H Det=1191	Mon Det=46322	Aux Det=1984	O+H=4162	 DONE
03/10/2025 01:35:38:	move motor	S18.axis2.phaseshifter 1 to 1.169495deg	 DONE
03/10/2025 01:35:40:	42	count	time	20.000000s/cts	O Det=679	H Det=1448	Mon Det=45865	Aux Det=1972	O+H=4099	 DONE
03/10/2025 01:36:01:	move motor	S18.axis2.phaseshifter 1 to 1.271190deg	 DONE
03/10/2025 01:36:03:	43	count	time	20.000000s/cts	O Det=320	H Det=1885	Mon Det=45842	Aux Det=1937	O+H=4142	 DONE
03/10/2025 01:36:24:	move motor	S18.axis2.phaseshifter 1 to 1.372885deg	 DONE
03/10/2025 01:36:26:	44	count	time	20.000000s/cts	O Det=212	H Det=1910	Mon Det=45896	Aux Det=1975	O+H=4097	 DONE
03/10/2025 01:36:48:	move motor	S18.axis2.phaseshifter 1 to 1.474580deg	 DONE
03/10/2025 01:36:49:	45	count	time	20.000000s/cts	O Det=363	H Det=1702	Mon Det=45928	Aux Det=1937	O+H=4002	 DONE
03/10/2025 01:37:11:	move motor	S18.axis2.phaseshifter 1 to 1.576275deg	 DONE
03/10/2025 01:37:13:	46	count	time	20.000000s/cts	O Det=694	H Det=1425	Mon Det=45803	Aux Det=2041	O+H=4160	 DONE
03/10/2025 01:37:34:	move motor	S18.axis2.phaseshifter 1 to 1.677970deg	 DONE
03/10/2025 01:37:36:	47	count	time	20.000000s/cts	O Det=1045	H Det=1139	Mon Det=45947	Aux Det=1898	O+H=4082	 DONE
03/10/2025 01:37:57:	move motor	S18.axis2.phaseshifter 1 to 1.779665deg	 DONE
03/10/2025 01:37:59:	48	count	time	20.000000s/cts	O Det=1300	H Det=816	Mon Det=45981	Aux Det=1937	O+H=4053	 DONE
03/10/2025 01:38:21:	move motor	S18.axis2.phaseshifter 1 to 1.881360deg	 DONE
03/10/2025 01:38:22:	49	count	time	20.000000s/cts	O Det=1480	H Det=745	Mon Det=46042	Aux Det=1929	O+H=4154	 DONE
03/10/2025 01:38:44:	move motor	S18.axis2.phaseshifter 1 to 1.983055deg	 DONE
03/10/2025 01:38:45:	50	count	time	20.000000s/cts	O Det=1363	H Det=848	Mon Det=46265	Aux Det=1962	O+H=4173	 DONE
03/10/2025 01:39:07:	move motor	S18.axis2.phaseshifter 1 to 2.084750deg	 DONE
03/10/2025 01:39:09:	51	count	time	20.000000s/cts	O Det=1027	H Det=1154	Mon Det=45928	Aux Det=2034	O+H=4215	 DONE
03/10/2025 01:39:30:	move motor	S18.axis2.phaseshifter 1 to 2.186445deg	 DONE
03/10/2025 01:39:32:	52	count	time	20.000000s/cts	O Det=638	H Det=1496	Mon Det=45613	Aux Det=1959	O+H=4093	 DONE
03/10/2025 01:39:54:	move motor	S18.axis2.phaseshifter 1 to 2.288140deg	 DONE
03/10/2025 01:39:55:	53	count	time	20.000000s/cts	O Det=408	H Det=1679	Mon Det=46173	Aux Det=1930	O+H=4017	 DONE
03/10/2025 01:40:17:	move motor	S18.axis2.phaseshifter 1 to 2.389835deg	 DONE
03/10/2025 01:40:18:	54	count	time	20.000000s/cts	O Det=211	H Det=1891	Mon Det=46095	Aux Det=1992	O+H=4094	 DONE
03/10/2025 01:40:40:	move motor	S18.axis2.phaseshifter 1 to 2.491530deg	 DONE
03/10/2025 01:40:42:	55	count	time	20.000000s/cts	O Det=354	H Det=1732	Mon Det=46275	Aux Det=2000	O+H=4086	 DONE
03/10/2025 01:41:03:	move motor	S18.axis2.phaseshifter 1 to 2.593225deg	 DONE
03/10/2025 01:41:05:	56	count	time	20.000000s/cts	O Det=666	H Det=1515	Mon Det=46099	Aux Det=1959	O+H=4140	 DONE
03/10/2025 01:41:27:	move motor	S18.axis2.phaseshifter 1 to 2.694920deg	 DONE
03/10/2025 01:41:28:	57	count	time	20.000000s/cts	O Det=957	H Det=1180	Mon Det=45908	Aux Det=1869	O+H=4006	 DONE
03/10/2025 01:41:50:	move motor	S18.axis2.phaseshifter 1 to 2.796615deg	 DONE
03/10/2025 01:41:51:	58	count	time	20.000000s/cts	O Det=1326	H Det=845	Mon Det=46065	Aux Det=1991	O+H=4162	 DONE
03/10/2025 01:42:13:	move motor	S18.axis2.phaseshifter 1 to 2.898310deg	 DONE
03/10/2025 01:42:15:	59	count	time	20.000000s/cts	O Det=1430	H Det=747	Mon Det=46283	Aux Det=1916	O+H=4093	 DONE
03/10/2025 01:42:36:	move motor	S18.axis2.phaseshifter 1 to 3.000005deg	 DONE
03/10/2025 01:42:38:	60	count	time	20.000000s/cts	O Det=1435	H Det=794	Mon Det=46322	Aux Det=1995	O+H=4224	 DONE
03/10/2025 01:43:00:	close file and end scan	 DONE
03/10/2025 01:43:00:	END OF SCRIPT	 DONE
