26/09/2025 23:38:45:	start execution of script D:\data\Cycle 198\exp_3-16-19\rawdata\sc\ifg1_3p20s_B23.sc	 DONE
26/09/2025 23:38:46:	move motor	S18.axis2.phaseshifter 1 to -2.725000deg	 DONE
26/09/2025 23:38:49:	create file	D:\data\Cycle 198\exp_3-16-19\rawdata\sc\ifg1_3p20s_B23_26Sep2338.dat	 DONE
room to enter remarks DONE
26/09/2025 23:38:50:	read encoder	S18.auxiliary.Robot Diagonal		72485.074850 DONE
26/09/2025 23:38:51:	move motor	S18.axis2.phaseshifter 1 to -2.625000deg	 DONE
26/09/2025 23:38:53:	1	count	time	20.000000s/cts	O Det=1020	H Det=1014	Mon Det=45349	Aux Det=3913	O+H=5947	 DONE
26/09/2025 23:39:14:	move motor	S18.axis2.phaseshifter 1 to -2.450000deg	 DONE
26/09/2025 23:39:16:	2	count	time	20.000000s/cts	O Det=996	H Det=933	Mon Det=45322	Aux Det=3761	O+H=5690	 DONE
26/09/2025 23:39:38:	move motor	S18.axis2.phaseshifter 1 to -2.275000deg	 DONE
26/09/2025 23:39:39:	3	count	time	20.000000s/cts	O Det=1028	H Det=1026	Mon Det=44909	Aux Det=3792	O+H=5846	 DONE
26/09/2025 23:40:01:	move motor	S18.axis2.phaseshifter 1 to -2.100000deg	 DONE
26/09/2025 23:40:03:	4	count	time	20.000000s/cts	O Det=1034	H Det=1032	Mon Det=45122	Aux Det=3791	O+H=5857	 DONE
26/09/2025 23:40:24:	move motor	S18.axis2.phaseshifter 1 to -1.925000deg	 DONE
26/09/2025 23:40:26:	5	count	time	20.000000s/cts	O Det=1015	H Det=1067	Mon Det=45426	Aux Det=3842	O+H=5924	 DONE
26/09/2025 23:40:48:	move motor	S18.axis2.phaseshifter 1 to -1.750000deg	 DONE
26/09/2025 23:40:49:	6	count	time	20.000000s/cts	O Det=976	H Det=1089	Mon Det=45369	Aux Det=3887	O+H=5952	 DONE
26/09/2025 23:41:11:	move motor	S18.axis2.phaseshifter 1 to -1.575000deg	 DONE
26/09/2025 23:41:13:	7	count	time	20.000000s/cts	O Det=1044	H Det=1013	Mon Det=45149	Aux Det=3782	O+H=5839	 DONE
26/09/2025 23:41:34:	move motor	S18.axis2.phaseshifter 1 to -1.400000deg	 DONE
26/09/2025 23:41:36:	8	count	time	20.000000s/cts	O Det=1027	H Det=1093	Mon Det=44978	Aux Det=3801	O+H=5921	 DONE
26/09/2025 23:41:58:	move motor	S18.axis2.phaseshifter 1 to -1.225000deg	 DONE
26/09/2025 23:41:59:	9	count	time	20.000000s/cts	O Det=1015	H Det=1020	Mon Det=45174	Aux Det=3742	O+H=5777	 DONE
26/09/2025 23:42:21:	move motor	S18.axis2.phaseshifter 1 to -1.050000deg	 DONE
26/09/2025 23:42:22:	10	count	time	20.000000s/cts	O Det=1102	H Det=1029	Mon Det=45216	Aux Det=3781	O+H=5912	 DONE
26/09/2025 23:42:44:	move motor	S18.axis2.phaseshifter 1 to -0.875000deg	 DONE
26/09/2025 23:42:46:	11	count	time	20.000000s/cts	O Det=1000	H Det=1100	Mon Det=44977	Aux Det=3787	O+H=5887	 DONE
26/09/2025 23:43:07:	move motor	S18.axis2.phaseshifter 1 to -0.700000deg	 DONE
26/09/2025 23:43:09:	12	count	time	20.000000s/cts	O Det=1034	H Det=1071	Mon Det=45207	Aux Det=3741	O+H=5846	 DONE
26/09/2025 23:43:31:	move motor	S18.axis2.phaseshifter 1 to -0.525000deg	 DONE
26/09/2025 23:43:32:	13	count	time	20.000000s/cts	O Det=1016	H Det=1054	Mon Det=45051	Aux Det=3822	O+H=5892	 DONE
26/09/2025 23:43:54:	move motor	S18.axis2.phaseshifter 1 to -0.350000deg	 DONE
26/09/2025 23:43:56:	14	count	time	20.000000s/cts	O Det=977	H Det=1066	Mon Det=45093	Aux Det=3773	O+H=5816	 DONE
26/09/2025 23:44:17:	move motor	S18.axis2.phaseshifter 1 to -0.175000deg	 DONE
26/09/2025 23:44:19:	15	count	time	20.000000s/cts	O Det=1024	H Det=1056	Mon Det=44906	Aux Det=3631	O+H=5711	 DONE
26/09/2025 23:44:40:	move motor	S18.axis2.phaseshifter 1 to 0.000000deg	 DONE
26/09/2025 23:44:42:	16	count	time	20.000000s/cts	O Det=1004	H Det=1054	Mon Det=45058	Aux Det=3829	O+H=5887	 DONE
26/09/2025 23:45:04:	move motor	S18.axis2.phaseshifter 1 to 0.175000deg	 DONE
26/09/2025 23:45:05:	17	count	time	20.000000s/cts	O Det=989	H Det=1000	Mon Det=45560	Aux Det=3811	O+H=5800	 DONE
26/09/2025 23:45:27:	move motor	S18.axis2.phaseshifter 1 to 0.350000deg	 DONE
26/09/2025 23:45:28:	18	count	time	20.000000s/cts	O Det=931	H Det=941	Mon Det=45378	Aux Det=3775	O+H=5647	 DONE
26/09/2025 23:45:50:	move motor	S18.axis2.phaseshifter 1 to 0.525000deg	 DONE
26/09/2025 23:45:52:	19	count	time	20.000000s/cts	O Det=993	H Det=1020	Mon Det=45100	Aux Det=3830	O+H=5843	 DONE
26/09/2025 23:46:13:	move motor	S18.axis2.phaseshifter 1 to 0.700000deg	 DONE
26/09/2025 23:46:15:	20	count	time	20.000000s/cts	O Det=1028	H Det=1041	Mon Det=44783	Aux Det=3830	O+H=5899	 DONE
26/09/2025 23:46:37:	move motor	S18.axis2.phaseshifter 1 to 0.875000deg	 DONE
26/09/2025 23:46:38:	21	count	time	20.000000s/cts	O Det=1000	H Det=1052	Mon Det=45097	Aux Det=3778	O+H=5830	 DONE
26/09/2025 23:47:00:	move motor	S18.axis2.phaseshifter 1 to 1.050000deg	 DONE
26/09/2025 23:47:02:	22	count	time	20.000000s/cts	O Det=1071	H Det=1084	Mon Det=45273	Aux Det=3703	O+H=5858	 DONE
26/09/2025 23:47:24:	move motor	S18.axis2.phaseshifter 1 to 1.225000deg	 DONE
26/09/2025 23:47:25:	23	count	time	20.000000s/cts	O Det=1013	H Det=1052	Mon Det=45237	Aux Det=3790	O+H=5855	 DONE
26/09/2025 23:47:47:	move motor	S18.axis2.phaseshifter 1 to 1.400000deg	 DONE
26/09/2025 23:47:48:	24	count	time	20.000000s/cts	O Det=1000	H Det=1040	Mon Det=45341	Aux Det=3782	O+H=5822	 DONE
26/09/2025 23:48:10:	move motor	S18.axis2.phaseshifter 1 to 1.575000deg	 DONE
26/09/2025 23:48:12:	25	count	time	20.000000s/cts	O Det=1014	H Det=1004	Mon Det=45189	Aux Det=3767	O+H=5785	 DONE
26/09/2025 23:48:33:	move motor	S18.axis2.phaseshifter 1 to 1.750000deg	 DONE
26/09/2025 23:48:35:	26	count	time	20.000000s/cts	O Det=1048	H Det=1026	Mon Det=45183	Aux Det=3822	O+H=5896	 DONE
26/09/2025 23:48:57:	move motor	S18.axis2.phaseshifter 1 to 1.925000deg	 DONE
26/09/2025 23:48:58:	27	count	time	20.000000s/cts	O Det=1001	H Det=1010	Mon Det=45273	Aux Det=3834	O+H=5845	 DONE
26/09/2025 23:49:20:	move motor	S18.axis2.phaseshifter 1 to 2.100000deg	 DONE
26/09/2025 23:49:22:	28	count	time	20.000000s/cts	O Det=1022	H Det=1054	Mon Det=45378	Aux Det=3809	O+H=5885	 DONE
26/09/2025 23:49:43:	move motor	S18.axis2.phaseshifter 1 to 2.275000deg	 DONE
26/09/2025 23:49:45:	29	count	time	20.000000s/cts	O Det=1032	H Det=984	Mon Det=45029	Aux Det=3844	O+H=5860	 DONE
26/09/2025 23:50:07:	move motor	S18.axis2.phaseshifter 1 to 2.450000deg	 DONE
26/09/2025 23:50:08:	30	count	time	20.000000s/cts	O Det=986	H Det=1097	Mon Det=45013	Aux Det=3673	O+H=5756	 DONE
26/09/2025 23:50:30:	move motor	S18.axis2.phaseshifter 1 to 2.625000deg	 DONE
26/09/2025 23:50:31:	31	count	time	20.000000s/cts	O Det=1007	H Det=1001	Mon Det=44935	Aux Det=3784	O+H=5792	 DONE
26/09/2025 23:50:53:	close file and end scan	 DONE
26/09/2025 23:50:54:	END OF SCRIPT	 DONE
