24/09/2025 04:02:44:	start execution of script D:\data\Cycle 198\exp_3-16-19\rawdata\sc\ifg2_3p200s_B2.sc	 DONE
24/09/2025 04:02:44:	move motor	S18.axis2.phaseshifter 2 to -2.725000deg	 DONE
24/09/2025 04:02:48:	create file	D:\data\Cycle 198\exp_3-16-19\rawdata\sc\ifg2_3p200s_B2_24Sep0402.dat	 DONE
room to enter remarks DONE
24/09/2025 04:02:49:	read encoder	S18.auxiliary.Robot Diagonal		9985.583844 DONE
24/09/2025 04:02:50:	move motor	S18.axis2.phaseshifter 2 to -2.625000deg	 DONE
24/09/2025 04:02:51:	1	count	time	200.000000s/cts	O Det=21630	H Det=276370	Mon Det=441534	Aux Det=432754	O+H=730754	 DONE
24/09/2025 04:06:14:	move motor	S18.axis2.phaseshifter 2 to -2.450000deg	 DONE
24/09/2025 04:06:15:	2	count	time	200.000000s/cts	O Det=27161	H Det=239242	Mon Det=440561	Aux Det=432821	O+H=699224	 DONE
24/09/2025 04:09:38:	move motor	S18.axis2.phaseshifter 2 to -2.275000deg	 DONE
24/09/2025 04:09:40:	3	count	time	200.000000s/cts	O Det=29484	H Det=212660	Mon Det=440876	Aux Det=431218	O+H=673362	 DONE
24/09/2025 04:13:02:	move motor	S18.axis2.phaseshifter 2 to -2.100000deg	 DONE
24/09/2025 04:13:03:	4	count	time	200.000000s/cts	O Det=30651	H Det=204717	Mon Det=439273	Aux Det=431929	O+H=667297	 DONE
24/09/2025 04:16:26:	move motor	S18.axis2.phaseshifter 2 to -1.925000deg	 DONE
24/09/2025 04:16:28:	5	count	time	200.000000s/cts	O Det=28478	H Det=221457	Mon Det=440250	Aux Det=432231	O+H=682166	 DONE
24/09/2025 04:19:50:	move motor	S18.axis2.phaseshifter 2 to -1.750000deg	 DONE
24/09/2025 04:19:52:	6	count	time	200.000000s/cts	O Det=22283	H Det=265080	Mon Det=439698	Aux Det=432039	O+H=719402	 DONE
24/09/2025 04:23:14:	move motor	S18.axis2.phaseshifter 2 to -1.575000deg	 DONE
24/09/2025 04:23:16:	7	count	time	200.000000s/cts	O Det=19686	H Det=285750	Mon Det=439609	Aux Det=430449	O+H=735885	 DONE
24/09/2025 04:26:38:	move motor	S18.axis2.phaseshifter 2 to -1.400000deg	 DONE
24/09/2025 04:26:40:	8	count	time	200.000000s/cts	O Det=13034	H Det=334327	Mon Det=439265	Aux Det=431391	O+H=778752	 DONE
24/09/2025 04:30:02:	move motor	S18.axis2.phaseshifter 2 to -1.225000deg	 DONE
24/09/2025 04:30:04:	9	count	time	200.000000s/cts	O Det=11448	H Det=349956	Mon Det=443018	Aux Det=431287	O+H=792691	 DONE
24/09/2025 04:33:26:	move motor	S18.axis2.phaseshifter 2 to -1.050000deg	 DONE
24/09/2025 04:33:28:	10	count	time	200.000000s/cts	O Det=9943	H Det=360694	Mon Det=441833	Aux Det=431561	O+H=802198	 DONE
24/09/2025 04:36:50:	move motor	S18.axis2.phaseshifter 2 to -0.875000deg	 DONE
24/09/2025 04:36:52:	11	count	time	200.000000s/cts	O Det=13760	H Det=333261	Mon Det=439999	Aux Det=432105	O+H=779126	 DONE
24/09/2025 04:40:14:	move motor	S18.axis2.phaseshifter 2 to -0.700000deg	 DONE
24/09/2025 04:40:16:	12	count	time	200.000000s/cts	O Det=15244	H Det=321477	Mon Det=439700	Aux Det=431390	O+H=768111	 DONE
24/09/2025 04:43:38:	move motor	S18.axis2.phaseshifter 2 to -0.525000deg	 DONE
24/09/2025 04:43:40:	13	count	time	200.000000s/cts	O Det=22652	H Det=268522	Mon Det=440434	Aux Det=431887	O+H=723061	 DONE
24/09/2025 04:47:02:	move motor	S18.axis2.phaseshifter 2 to -0.350000deg	 DONE
24/09/2025 04:47:04:	14	count	time	200.000000s/cts	O Det=26452	H Det=238249	Mon Det=441271	Aux Det=431670	O+H=696371	 DONE
24/09/2025 04:50:26:	move motor	S18.axis2.phaseshifter 2 to -0.175000deg	 DONE
24/09/2025 04:50:28:	15	count	time	200.000000s/cts	O Det=30405	H Det=206501	Mon Det=440330	Aux Det=432077	O+H=668983	 DONE
24/09/2025 04:53:51:	move motor	S18.axis2.phaseshifter 2 to 0.000000deg	 DONE
24/09/2025 04:53:52:	16	count	time	200.000000s/cts	O Det=30524	H Det=204242	Mon Det=441210	Aux Det=431404	O+H=666170	 DONE
24/09/2025 04:57:15:	move motor	S18.axis2.phaseshifter 2 to 0.175000deg	 DONE
24/09/2025 04:57:16:	17	count	time	200.000000s/cts	O Det=27815	H Det=229163	Mon Det=440628	Aux Det=430784	O+H=687762	 DONE
24/09/2025 05:00:39:	move motor	S18.axis2.phaseshifter 2 to 0.350000deg	 DONE
24/09/2025 05:00:40:	18	count	time	200.000000s/cts	O Det=25196	H Det=245908	Mon Det=443395	Aux Det=430335	O+H=701439	 DONE
24/09/2025 05:04:03:	move motor	S18.axis2.phaseshifter 2 to 0.525000deg	 DONE
24/09/2025 05:04:04:	19	count	time	200.000000s/cts	O Det=18519	H Det=296055	Mon Det=441563	Aux Det=430958	O+H=745532	 DONE
24/09/2025 05:07:27:	move motor	S18.axis2.phaseshifter 2 to 0.700000deg	 DONE
24/09/2025 05:07:29:	20	count	time	200.000000s/cts	O Det=11953	H Det=343068	Mon Det=441424	Aux Det=431431	O+H=786452	 DONE
24/09/2025 05:10:51:	move motor	S18.axis2.phaseshifter 2 to 0.875000deg	 DONE
24/09/2025 05:10:52:	21	count	time	200.000000s/cts	O Det=9649	H Det=359181	Mon Det=441013	Aux Det=429095	O+H=797925	 DONE
24/09/2025 05:14:15:	move motor	S18.axis2.phaseshifter 2 to 1.050000deg	 DONE
24/09/2025 05:14:16:	22	count	time	200.000000s/cts	O Det=10594	H Det=351804	Mon Det=440578	Aux Det=429040	O+H=791438	 DONE
24/09/2025 05:17:39:	move motor	S18.axis2.phaseshifter 2 to 1.225000deg	 DONE
24/09/2025 05:17:40:	23	count	time	200.000000s/cts	O Det=13378	H Det=335157	Mon Det=441325	Aux Det=430444	O+H=778979	 DONE
24/09/2025 05:21:03:	move motor	S18.axis2.phaseshifter 2 to 1.400000deg	 DONE
24/09/2025 05:21:04:	24	count	time	200.000000s/cts	O Det=17042	H Det=304631	Mon Det=441093	Aux Det=429039	O+H=750712	 DONE
24/09/2025 05:24:27:	move motor	S18.axis2.phaseshifter 2 to 1.575000deg	 DONE
24/09/2025 05:24:29:	25	count	time	200.000000s/cts	O Det=23761	H Det=256070	Mon Det=440570	Aux Det=430024	O+H=709855	 DONE
24/09/2025 05:27:51:	move motor	S18.axis2.phaseshifter 2 to 1.750000deg	 DONE
24/09/2025 05:27:52:	26	count	time	200.000000s/cts	O Det=28187	H Det=223473	Mon Det=440787	Aux Det=430364	O+H=682024	 DONE
24/09/2025 05:31:15:	move motor	S18.axis2.phaseshifter 2 to 1.925000deg	 DONE
24/09/2025 05:31:17:	27	count	time	200.000000s/cts	O Det=30871	H Det=202837	Mon Det=441463	Aux Det=429372	O+H=663080	 DONE
24/09/2025 05:34:39:	move motor	S18.axis2.phaseshifter 2 to 2.100000deg	 DONE
24/09/2025 05:34:41:	28	count	time	200.000000s/cts	O Det=30556	H Det=205822	Mon Det=442475	Aux Det=428524	O+H=664902	 DONE
24/09/2025 05:38:03:	move motor	S18.axis2.phaseshifter 2 to 2.275000deg	 DONE
24/09/2025 05:38:05:	29	count	time	200.000000s/cts	O Det=26607	H Det=234447	Mon Det=441854	Aux Det=428396	O+H=689450	 DONE
24/09/2025 05:41:27:	move motor	S18.axis2.phaseshifter 2 to 2.450000deg	 DONE
24/09/2025 05:41:29:	30	count	time	200.000000s/cts	O Det=21730	H Det=266916	Mon Det=440381	Aux Det=429173	O+H=717819	 DONE
24/09/2025 05:44:51:	move motor	S18.axis2.phaseshifter 2 to 2.625000deg	 DONE
24/09/2025 05:44:53:	31	count	time	200.000000s/cts	O Det=14950	H Det=316425	Mon Det=440542	Aux Det=426917	O+H=758292	 DONE
24/09/2025 05:48:15:	close file and end scan	saving D:\data\Cycle 198\exp_3-16-19\rawdata\sc\ifg2_3p200s_B2_24Sep0402.tif  DONE
24/09/2025 05:48:16:	END OF SCRIPT	 DONE
