16/10/2025 19:08:12:	start execution of script D:\data\Cycle 198\exp_3-16-19\rawdata\sc\ifg2r_newPS_2p30s.sc	 DONE
16/10/2025 19:08:13:	create file	D:\data\Cycle 198\exp_3-16-19\rawdata\sc\ifg2r_newPS_2p30s_16Oct1908.dat	 DONE
room to enter remarks DONE
16/10/2025 19:08:14:	MOVE MOTOR REL	S18.axis2.phaseshifter 2	deg	0.0	FALSE DONE
16/10/2025 19:08:17:	1	count	time	30.0s/cts	O Det=2007	H Det=1872	Mon Det=71609	Aux Det=12029	O+H=15908	 DONE
16/10/2025 19:08:48:	MOVE MOTOR REL	S18.axis2.phaseshifter 2	deg	0.07	FALSE DONE
16/10/2025 19:08:52:	2	count	time	30.0s/cts	O Det=2064	H Det=1928	Mon Det=71558	Aux Det=11842	O+H=15834	 DONE
16/10/2025 19:09:24:	MOVE MOTOR REL	S18.axis2.phaseshifter 2	deg	0.07	FALSE DONE
16/10/2025 19:09:27:	3	count	time	30.0s/cts	O Det=2046	H Det=1940	Mon Det=71475	Aux Det=11722	O+H=15708	 DONE
16/10/2025 19:09:59:	MOVE MOTOR REL	S18.axis2.phaseshifter 2	deg	0.07	FALSE DONE
16/10/2025 19:10:02:	4	count	time	30.0s/cts	O Det=1921	H Det=2204	Mon Det=71969	Aux Det=12063	O+H=16188	 DONE
16/10/2025 19:10:34:	MOVE MOTOR REL	S18.axis2.phaseshifter 2	deg	0.07	FALSE DONE
16/10/2025 19:10:37:	5	count	time	30.0s/cts	O Det=1561	H Det=2281	Mon Det=71628	Aux Det=11868	O+H=15710	 DONE
16/10/2025 19:11:09:	MOVE MOTOR REL	S18.axis2.phaseshifter 2	deg	0.07	FALSE DONE
16/10/2025 19:11:13:	6	count	time	30.0s/cts	O Det=1444	H Det=2570	Mon Det=71689	Aux Det=11944	O+H=15958	 DONE
16/10/2025 19:11:44:	MOVE MOTOR REL	S18.axis2.phaseshifter 2	deg	0.07	FALSE DONE
16/10/2025 19:11:48:	7	count	time	30.0s/cts	O Det=1116	H Det=2649	Mon Det=71733	Aux Det=11718	O+H=15483	 DONE
16/10/2025 19:12:20:	MOVE MOTOR REL	S18.axis2.phaseshifter 2	deg	0.07	FALSE DONE
16/10/2025 19:12:23:	8	count	time	30.0s/cts	O Det=1024	H Det=2767	Mon Det=71878	Aux Det=11746	O+H=15537	 DONE
16/10/2025 19:12:55:	MOVE MOTOR REL	S18.axis2.phaseshifter 2	deg	0.07	FALSE DONE
16/10/2025 19:12:58:	9	count	time	30.0s/cts	O Det=853	H Det=2903	Mon Det=71610	Aux Det=12003	O+H=15759	 DONE
16/10/2025 19:13:30:	MOVE MOTOR REL	S18.axis2.phaseshifter 2	deg	0.07	FALSE DONE
16/10/2025 19:13:33:	10	count	time	30.0s/cts	O Det=872	H Det=2921	Mon Det=71923	Aux Det=11870	O+H=15663	 DONE
16/10/2025 19:14:05:	MOVE MOTOR REL	S18.axis2.phaseshifter 2	deg	0.07	FALSE DONE
16/10/2025 19:14:09:	11	count	time	30.0s/cts	O Det=912	H Det=2927	Mon Det=71788	Aux Det=11838	O+H=15677	 DONE
16/10/2025 19:14:40:	MOVE MOTOR REL	S18.axis2.phaseshifter 2	deg	0.07	FALSE DONE
16/10/2025 19:14:44:	12	count	time	30.0s/cts	O Det=1130	H Det=2731	Mon Det=71732	Aux Det=11806	O+H=15667	 DONE
16/10/2025 19:15:16:	MOVE MOTOR REL	S18.axis2.phaseshifter 2	deg	0.07	FALSE DONE
16/10/2025 19:15:19:	13	count	time	30.0s/cts	O Det=1349	H Det=2511	Mon Det=71884	Aux Det=11996	O+H=15856	 DONE
16/10/2025 19:15:51:	MOVE MOTOR REL	S18.axis2.phaseshifter 2	deg	0.07	FALSE DONE
16/10/2025 19:15:54:	14	count	time	30.0s/cts	O Det=1559	H Det=2364	Mon Det=71281	Aux Det=11692	O+H=15615	 DONE
16/10/2025 19:16:26:	MOVE MOTOR REL	S18.axis2.phaseshifter 2	deg	0.07	FALSE DONE
16/10/2025 19:16:29:	15	count	time	30.0s/cts	O Det=1796	H Det=2162	Mon Det=71380	Aux Det=11842	O+H=15800	 DONE
16/10/2025 19:17:01:	MOVE MOTOR REL	S18.axis2.phaseshifter 2	deg	0.07	FALSE DONE
16/10/2025 19:17:05:	16	count	time	30.0s/cts	O Det=1993	H Det=1945	Mon Det=71395	Aux Det=11962	O+H=15900	 DONE
16/10/2025 19:17:36:	MOVE MOTOR REL	S18.axis2.phaseshifter 2	deg	0.07	FALSE DONE
16/10/2025 19:17:40:	17	count	time	30.0s/cts	O Det=2086	H Det=1855	Mon Det=71543	Aux Det=11948	O+H=15889	 DONE
16/10/2025 19:18:12:	MOVE MOTOR REL	S18.axis2.phaseshifter 2	deg	0.07	FALSE DONE
16/10/2025 19:18:15:	18	count	time	30.0s/cts	O Det=2131	H Det=1884	Mon Det=71932	Aux Det=11811	O+H=15826	 DONE
16/10/2025 19:18:47:	MOVE MOTOR REL	S18.axis2.phaseshifter 2	deg	0.07	FALSE DONE
16/10/2025 19:18:50:	19	count	time	30.0s/cts	O Det=1925	H Det=1969	Mon Det=71219	Aux Det=11592	O+H=15486	 DONE
16/10/2025 19:19:22:	MOVE MOTOR REL	S18.axis2.phaseshifter 2	deg	0.07	FALSE DONE
16/10/2025 19:19:25:	20	count	time	30.0s/cts	O Det=1729	H Det=2141	Mon Det=72058	Aux Det=11847	O+H=15717	 DONE
16/10/2025 19:19:57:	MOVE MOTOR REL	S18.axis2.phaseshifter 2	deg	0.07	FALSE DONE
16/10/2025 19:20:01:	21	count	time	30.0s/cts	O Det=1653	H Det=2200	Mon Det=71197	Aux Det=11981	O+H=15834	 DONE
16/10/2025 19:20:32:	MOVE MOTOR REL	S18.axis2.phaseshifter 2	deg	0.07	FALSE DONE
16/10/2025 19:20:36:	22	count	time	30.0s/cts	O Det=1358	H Det=2504	Mon Det=71547	Aux Det=11795	O+H=15657	 DONE
16/10/2025 19:21:08:	MOVE MOTOR REL	S18.axis2.phaseshifter 2	deg	0.07	FALSE DONE
16/10/2025 19:21:11:	23	count	time	30.0s/cts	O Det=1142	H Det=2782	Mon Det=71938	Aux Det=11947	O+H=15871	 DONE
16/10/2025 19:21:43:	MOVE MOTOR REL	S18.axis2.phaseshifter 2	deg	0.07	FALSE DONE
16/10/2025 19:21:46:	24	count	time	30.0s/cts	O Det=955	H Det=2849	Mon Det=71953	Aux Det=12093	O+H=15897	 DONE
16/10/2025 19:22:18:	MOVE MOTOR REL	S18.axis2.phaseshifter 2	deg	0.07	FALSE DONE
16/10/2025 19:22:21:	25	count	time	30.0s/cts	O Det=972	H Det=2892	Mon Det=71237	Aux Det=11796	O+H=15660	 DONE
16/10/2025 19:22:53:	MOVE MOTOR REL	S18.axis2.phaseshifter 2	deg	0.07	FALSE DONE
16/10/2025 19:22:56:	26	count	time	30.0s/cts	O Det=840	H Det=2790	Mon Det=71607	Aux Det=11769	O+H=15399	 DONE
16/10/2025 19:23:28:	MOVE MOTOR REL	S18.axis2.phaseshifter 2	deg	0.07	FALSE DONE
16/10/2025 19:23:32:	27	count	time	30.0s/cts	O Det=1011	H Det=2807	Mon Det=71721	Aux Det=11679	O+H=15497	 DONE
16/10/2025 19:24:03:	MOVE MOTOR REL	S18.axis2.phaseshifter 2	deg	0.07	FALSE DONE
16/10/2025 19:24:07:	28	count	time	30.0s/cts	O Det=1196	H Det=2732	Mon Det=71522	Aux Det=11635	O+H=15563	 DONE
16/10/2025 19:24:38:	MOVE MOTOR REL	S18.axis2.phaseshifter 2	deg	0.07	FALSE DONE
16/10/2025 19:24:42:	29	count	time	30.0s/cts	O Det=1270	H Det=2575	Mon Det=71793	Aux Det=11799	O+H=15644	 DONE
16/10/2025 19:25:14:	MOVE MOTOR REL	S18.axis2.phaseshifter 2	deg	0.07	FALSE DONE
16/10/2025 19:25:17:	30	count	time	30.0s/cts	O Det=1606	H Det=2326	Mon Det=71445	Aux Det=11795	O+H=15727	 DONE
16/10/2025 19:25:49:	MOVE MOTOR REL	S18.axis2.phaseshifter 2	deg	0.07	FALSE DONE
16/10/2025 19:25:52:	31	count	time	30.0s/cts	O Det=1806	H Det=2101	Mon Det=71606	Aux Det=11950	O+H=15857	 DONE
16/10/2025 19:26:24:	MOVE MOTOR REL	S18.axis2.phaseshifter 2	deg	0.07	FALSE DONE
16/10/2025 19:26:28:	32	count	time	30.0s/cts	O Det=2043	H Det=1978	Mon Det=71703	Aux Det=12023	O+H=16044	 DONE
16/10/2025 19:26:59:	NO ACTION	 DONE
16/10/2025 19:27:00:	close file and end scan	 DONE
16/10/2025 19:27:00:	END OF SCRIPT	 DONE
