26/09/2025 22:26:09:	start execution of script D:\data\Cycle 198\exp_3-16-19\rawdata\sc\ifg2_3p20s_B13.sc	 DONE
26/09/2025 22:26:09:	move motor	S18.axis2.phaseshifter 2 to -3.175000deg	 DONE
26/09/2025 22:26:13:	create file	D:\data\Cycle 198\exp_3-16-19\rawdata\sc\ifg2_3p20s_B13_26Sep2226.dat	 DONE
room to enter remarks DONE
26/09/2025 22:26:14:	read encoder	S18.auxiliary.Robot Diagonal		25679.869082 DONE
26/09/2025 22:26:15:	move motor	S18.axis2.phaseshifter 2 to -3.075000deg	 DONE
26/09/2025 22:26:16:	1	count	time	20.000000s/cts	O Det=1334	H Det=1211	Mon Det=44840	Aux Det=3042	O+H=5587	 DONE
26/09/2025 22:26:38:	move motor	S18.axis2.phaseshifter 2 to -2.870000deg	 DONE
26/09/2025 22:26:40:	2	count	time	20.000000s/cts	O Det=1397	H Det=1160	Mon Det=45565	Aux Det=3049	O+H=5606	 DONE
26/09/2025 22:27:01:	move motor	S18.axis2.phaseshifter 2 to -2.665000deg	 DONE
26/09/2025 22:27:03:	3	count	time	20.000000s/cts	O Det=1341	H Det=1163	Mon Det=44996	Aux Det=3110	O+H=5614	 DONE
26/09/2025 22:27:25:	move motor	S18.axis2.phaseshifter 2 to -2.460000deg	 DONE
26/09/2025 22:27:27:	4	count	time	20.000000s/cts	O Det=1347	H Det=1191	Mon Det=45497	Aux Det=3048	O+H=5586	 DONE
26/09/2025 22:27:48:	move motor	S18.axis2.phaseshifter 2 to -2.255000deg	 DONE
26/09/2025 22:27:50:	5	count	time	20.000000s/cts	O Det=1356	H Det=1131	Mon Det=45131	Aux Det=3139	O+H=5626	 DONE
26/09/2025 22:28:12:	move motor	S18.axis2.phaseshifter 2 to -2.050000deg	 DONE
26/09/2025 22:28:13:	6	count	time	20.000000s/cts	O Det=1326	H Det=1169	Mon Det=45481	Aux Det=3075	O+H=5570	 DONE
26/09/2025 22:28:35:	move motor	S18.axis2.phaseshifter 2 to -1.845000deg	 DONE
26/09/2025 22:28:37:	7	count	time	20.000000s/cts	O Det=1324	H Det=1165	Mon Det=44995	Aux Det=3122	O+H=5611	 DONE
26/09/2025 22:28:58:	move motor	S18.axis2.phaseshifter 2 to -1.640000deg	 DONE
26/09/2025 22:29:00:	8	count	time	20.000000s/cts	O Det=1327	H Det=1139	Mon Det=44857	Aux Det=3019	O+H=5485	 DONE
26/09/2025 22:29:22:	move motor	S18.axis2.phaseshifter 2 to -1.435000deg	 DONE
26/09/2025 22:29:24:	9	count	time	20.000000s/cts	O Det=1296	H Det=1165	Mon Det=45025	Aux Det=3129	O+H=5590	 DONE
26/09/2025 22:29:45:	move motor	S18.axis2.phaseshifter 2 to -1.230000deg	 DONE
26/09/2025 22:29:47:	10	count	time	20.000000s/cts	O Det=1338	H Det=1200	Mon Det=45015	Aux Det=3031	O+H=5569	 DONE
26/09/2025 22:30:09:	move motor	S18.axis2.phaseshifter 2 to -1.025000deg	 DONE
26/09/2025 22:30:11:	11	count	time	20.000000s/cts	O Det=1284	H Det=1167	Mon Det=45089	Aux Det=3057	O+H=5508	 DONE
26/09/2025 22:30:32:	move motor	S18.axis2.phaseshifter 2 to -0.820000deg	 DONE
26/09/2025 22:30:34:	12	count	time	20.000000s/cts	O Det=1281	H Det=1120	Mon Det=45252	Aux Det=3129	O+H=5530	 DONE
26/09/2025 22:30:55:	move motor	S18.axis2.phaseshifter 2 to -0.615000deg	 DONE
26/09/2025 22:30:57:	13	count	time	20.000000s/cts	O Det=1367	H Det=1185	Mon Det=45066	Aux Det=3058	O+H=5610	 DONE
26/09/2025 22:31:19:	move motor	S18.axis2.phaseshifter 2 to -0.410000deg	 DONE
26/09/2025 22:31:21:	14	count	time	20.000000s/cts	O Det=1329	H Det=1194	Mon Det=45802	Aux Det=3020	O+H=5543	 DONE
26/09/2025 22:31:42:	move motor	S18.axis2.phaseshifter 2 to -0.205000deg	 DONE
26/09/2025 22:31:44:	15	count	time	20.000000s/cts	O Det=1356	H Det=1143	Mon Det=45291	Aux Det=2976	O+H=5475	 DONE
26/09/2025 22:32:06:	move motor	S18.axis2.phaseshifter 2 to -0.000000deg	 DONE
26/09/2025 22:32:08:	16	count	time	20.000000s/cts	O Det=1345	H Det=1172	Mon Det=45087	Aux Det=3080	O+H=5597	 DONE
26/09/2025 22:32:29:	move motor	S18.axis2.phaseshifter 2 to 0.205000deg	 DONE
26/09/2025 22:32:31:	17	count	time	20.000000s/cts	O Det=1325	H Det=1107	Mon Det=45125	Aux Det=3114	O+H=5546	 DONE
26/09/2025 22:32:53:	move motor	S18.axis2.phaseshifter 2 to 0.410000deg	 DONE
26/09/2025 22:32:55:	18	count	time	20.000000s/cts	O Det=1295	H Det=1177	Mon Det=45494	Aux Det=3179	O+H=5651	 DONE
26/09/2025 22:33:16:	move motor	S18.axis2.phaseshifter 2 to 0.615000deg	 DONE
26/09/2025 22:33:18:	19	count	time	20.000000s/cts	O Det=1387	H Det=1208	Mon Det=45364	Aux Det=3075	O+H=5670	 DONE
26/09/2025 22:33:40:	move motor	S18.axis2.phaseshifter 2 to 0.820000deg	 DONE
26/09/2025 22:33:42:	20	count	time	20.000000s/cts	O Det=1334	H Det=1193	Mon Det=45373	Aux Det=3011	O+H=5538	 DONE
26/09/2025 22:34:03:	move motor	S18.axis2.phaseshifter 2 to 1.025000deg	 DONE
26/09/2025 22:34:05:	21	count	time	20.000000s/cts	O Det=1335	H Det=1236	Mon Det=45223	Aux Det=3158	O+H=5729	 DONE
26/09/2025 22:34:27:	move motor	S18.axis2.phaseshifter 2 to 1.230000deg	 DONE
26/09/2025 22:34:28:	22	count	time	20.000000s/cts	O Det=1392	H Det=1216	Mon Det=45243	Aux Det=3001	O+H=5609	 DONE
26/09/2025 22:34:50:	move motor	S18.axis2.phaseshifter 2 to 1.435000deg	 DONE
26/09/2025 22:34:52:	23	count	time	20.000000s/cts	O Det=1373	H Det=1219	Mon Det=44881	Aux Det=3121	O+H=5713	 DONE
26/09/2025 22:35:13:	move motor	S18.axis2.phaseshifter 2 to 1.640000deg	 DONE
26/09/2025 22:35:15:	24	count	time	20.000000s/cts	O Det=1326	H Det=1176	Mon Det=45243	Aux Det=3026	O+H=5528	 DONE
26/09/2025 22:35:37:	move motor	S18.axis2.phaseshifter 2 to 1.845000deg	 DONE
26/09/2025 22:35:39:	25	count	time	20.000000s/cts	O Det=1310	H Det=1187	Mon Det=45389	Aux Det=3187	O+H=5684	 DONE
26/09/2025 22:36:00:	move motor	S18.axis2.phaseshifter 2 to 2.050000deg	 DONE
26/09/2025 22:36:02:	26	count	time	20.000000s/cts	O Det=1358	H Det=1215	Mon Det=45274	Aux Det=3156	O+H=5729	 DONE
26/09/2025 22:36:24:	move motor	S18.axis2.phaseshifter 2 to 2.255000deg	 DONE
26/09/2025 22:36:26:	27	count	time	20.000000s/cts	O Det=1327	H Det=1158	Mon Det=44903	Aux Det=3040	O+H=5525	 DONE
26/09/2025 22:36:47:	move motor	S18.axis2.phaseshifter 2 to 2.460000deg	 DONE
26/09/2025 22:36:49:	28	count	time	20.000000s/cts	O Det=1314	H Det=1178	Mon Det=45284	Aux Det=3187	O+H=5679	 DONE
26/09/2025 22:37:11:	move motor	S18.axis2.phaseshifter 2 to 2.665000deg	 DONE
26/09/2025 22:37:12:	29	count	time	20.000000s/cts	O Det=1358	H Det=1157	Mon Det=44921	Aux Det=3039	O+H=5554	 DONE
26/09/2025 22:37:34:	move motor	S18.axis2.phaseshifter 2 to 2.870000deg	 DONE
26/09/2025 22:37:36:	30	count	time	20.000000s/cts	O Det=1328	H Det=1187	Mon Det=45273	Aux Det=3114	O+H=5629	 DONE
26/09/2025 22:37:58:	move motor	S18.axis2.phaseshifter 2 to 3.075000deg	 DONE
26/09/2025 22:37:59:	31	count	time	20.000000s/cts	O Det=1338	H Det=1145	Mon Det=44904	Aux Det=3078	O+H=5561	 DONE
26/09/2025 22:38:21:	close file and end scan	 DONE
26/09/2025 22:38:22:	END OF SCRIPT	 DONE
