03/10/2025 12:52:52:	start execution of script D:\data\Cycle 198\exp_3-16-19\rawdata\sc\ifg2_newPS_2p30s_B2.sc	 DONE
03/10/2025 12:52:53:	move motor	S18.axis2.phaseshifter 2 to -3.100000deg	 DONE
03/10/2025 12:52:55:	create file	D:\data\Cycle 198\exp_3-16-19\rawdata\sc\ifg2_newPS_2p30s_B2_03Oct1252.dat	 DONE
room to enter remarks DONE
03/10/2025 12:52:56:	move motor	S18.axis2.phaseshifter 2 to -3.000000deg	 DONE
03/10/2025 12:52:58:	1	count	time	30.000000s/cts	O Det=2787	H Det=1973	Mon Det=69145	Aux Det=3955	O+H=8715	 DONE
03/10/2025 12:53:29:	move motor	S18.axis2.phaseshifter 2 to -2.931034deg	 DONE
03/10/2025 12:53:31:	2	count	time	30.000000s/cts	O Det=3123	H Det=1715	Mon Det=68971	Aux Det=3901	O+H=8739	 DONE
03/10/2025 12:54:03:	move motor	S18.axis2.phaseshifter 2 to -2.862068deg	 DONE
03/10/2025 12:54:04:	3	count	time	30.000000s/cts	O Det=3069	H Det=1693	Mon Det=69066	Aux Det=3845	O+H=8607	 DONE
03/10/2025 12:54:36:	move motor	S18.axis2.phaseshifter 2 to -2.793102deg	 DONE
03/10/2025 12:54:37:	4	count	time	30.000000s/cts	O Det=2913	H Det=1814	Mon Det=68567	Aux Det=3890	O+H=8617	 DONE
03/10/2025 12:55:09:	move motor	S18.axis2.phaseshifter 2 to -2.724136deg	 DONE
03/10/2025 12:55:11:	5	count	time	30.000000s/cts	O Det=2673	H Det=2090	Mon Det=68503	Aux Det=3879	O+H=8642	 DONE
03/10/2025 12:55:42:	move motor	S18.axis2.phaseshifter 2 to -2.655170deg	 DONE
03/10/2025 12:55:44:	6	count	time	30.000000s/cts	O Det=2008	H Det=2700	Mon Det=69074	Aux Det=3841	O+H=8549	 DONE
03/10/2025 12:56:15:	move motor	S18.axis2.phaseshifter 2 to -2.586204deg	 DONE
03/10/2025 12:56:17:	7	count	time	30.000000s/cts	O Det=1517	H Det=3070	Mon Det=68668	Aux Det=3881	O+H=8468	 DONE
03/10/2025 12:56:49:	move motor	S18.axis2.phaseshifter 2 to -2.517238deg	 DONE
03/10/2025 12:56:50:	8	count	time	30.000000s/cts	O Det=992	H Det=3622	Mon Det=68555	Aux Det=3892	O+H=8506	 DONE
03/10/2025 12:57:22:	move motor	S18.axis2.phaseshifter 2 to -2.448272deg	 DONE
03/10/2025 12:57:23:	9	count	time	30.000000s/cts	O Det=608	H Det=3905	Mon Det=68616	Aux Det=3989	O+H=8502	 DONE
03/10/2025 12:57:55:	move motor	S18.axis2.phaseshifter 2 to -2.379306deg	 DONE
03/10/2025 12:57:57:	10	count	time	30.000000s/cts	O Det=540	H Det=3965	Mon Det=68293	Aux Det=3845	O+H=8350	 DONE
03/10/2025 12:58:28:	move motor	S18.axis2.phaseshifter 2 to -2.310340deg	 DONE
03/10/2025 12:58:30:	11	count	time	30.000000s/cts	O Det=634	H Det=3731	Mon Det=68900	Aux Det=3839	O+H=8204	 DONE
03/10/2025 12:59:01:	move motor	S18.axis2.phaseshifter 2 to -2.241374deg	 DONE
03/10/2025 12:59:03:	12	count	time	30.000000s/cts	O Det=905	H Det=3519	Mon Det=69241	Aux Det=3654	O+H=8078	 DONE
03/10/2025 12:59:35:	move motor	S18.axis2.phaseshifter 2 to -2.172408deg	 DONE
03/10/2025 12:59:36:	13	count	time	30.000000s/cts	O Det=1297	H Det=3110	Mon Det=69194	Aux Det=3757	O+H=8164	 DONE
03/10/2025 13:00:08:	move motor	S18.axis2.phaseshifter 2 to -2.103442deg	 DONE
03/10/2025 13:00:09:	14	count	time	30.000000s/cts	O Det=1917	H Det=2678	Mon Det=68696	Aux Det=3837	O+H=8432	 DONE
03/10/2025 13:00:41:	move motor	S18.axis2.phaseshifter 2 to -2.034476deg	 DONE
03/10/2025 13:00:43:	15	count	time	30.000000s/cts	O Det=2498	H Det=2164	Mon Det=68659	Aux Det=3805	O+H=8467	 DONE
03/10/2025 13:01:14:	move motor	S18.axis2.phaseshifter 2 to -1.965510deg	 DONE
03/10/2025 13:01:16:	16	count	time	30.000000s/cts	O Det=2897	H Det=1907	Mon Det=68941	Aux Det=3755	O+H=8559	 DONE
03/10/2025 13:01:47:	move motor	S18.axis2.phaseshifter 2 to -1.896544deg	 DONE
03/10/2025 13:01:49:	17	count	time	30.000000s/cts	O Det=3011	H Det=1687	Mon Det=68908	Aux Det=3901	O+H=8599	 DONE
03/10/2025 13:02:21:	move motor	S18.axis2.phaseshifter 2 to -1.827578deg	 DONE
03/10/2025 13:02:22:	18	count	time	30.000000s/cts	O Det=2994	H Det=1690	Mon Det=69214	Aux Det=3862	O+H=8546	 DONE
03/10/2025 13:02:54:	move motor	S18.axis2.phaseshifter 2 to -1.758612deg	 DONE
03/10/2025 13:02:55:	19	count	time	30.000000s/cts	O Det=2732	H Det=1982	Mon Det=68772	Aux Det=3820	O+H=8534	 DONE
03/10/2025 13:03:27:	move motor	S18.axis2.phaseshifter 2 to -1.689646deg	 DONE
03/10/2025 13:03:29:	20	count	time	30.000000s/cts	O Det=2433	H Det=2276	Mon Det=69096	Aux Det=3870	O+H=8579	 DONE
03/10/2025 13:04:00:	move motor	S18.axis2.phaseshifter 2 to -1.620680deg	 DONE
03/10/2025 13:04:02:	21	count	time	30.000000s/cts	O Det=1941	H Det=2537	Mon Det=68740	Aux Det=3862	O+H=8340	 DONE
03/10/2025 13:04:33:	move motor	S18.axis2.phaseshifter 2 to -1.551714deg	 DONE
03/10/2025 13:04:35:	22	count	time	30.000000s/cts	O Det=1322	H Det=3282	Mon Det=68826	Aux Det=3767	O+H=8371	 DONE
03/10/2025 13:05:07:	move motor	S18.axis2.phaseshifter 2 to -1.482748deg	 DONE
03/10/2025 13:05:08:	23	count	time	30.000000s/cts	O Det=831	H Det=3622	Mon Det=69160	Aux Det=3836	O+H=8289	 DONE
03/10/2025 13:05:40:	move motor	S18.axis2.phaseshifter 2 to -1.413782deg	 DONE
03/10/2025 13:05:41:	24	count	time	30.000000s/cts	O Det=514	H Det=3878	Mon Det=68739	Aux Det=3746	O+H=8138	 DONE
03/10/2025 13:06:13:	move motor	S18.axis2.phaseshifter 2 to -1.344816deg	 DONE
03/10/2025 13:06:15:	25	count	time	30.000000s/cts	O Det=541	H Det=3893	Mon Det=68751	Aux Det=3841	O+H=8275	 DONE
03/10/2025 13:06:46:	move motor	S18.axis2.phaseshifter 2 to -1.275850deg	 DONE
03/10/2025 13:06:48:	26	count	time	30.000000s/cts	O Det=671	H Det=3737	Mon Det=68841	Aux Det=3843	O+H=8251	 DONE
03/10/2025 13:07:19:	move motor	S18.axis2.phaseshifter 2 to -1.206884deg	 DONE
03/10/2025 13:07:21:	27	count	time	30.000000s/cts	O Det=1091	H Det=3306	Mon Det=68890	Aux Det=3757	O+H=8154	 DONE
03/10/2025 13:07:53:	move motor	S18.axis2.phaseshifter 2 to -1.137918deg	 DONE
03/10/2025 13:07:54:	28	count	time	30.000000s/cts	O Det=1446	H Det=3268	Mon Det=68691	Aux Det=3723	O+H=8437	 DONE
03/10/2025 13:08:26:	move motor	S18.axis2.phaseshifter 2 to -1.068952deg	 DONE
03/10/2025 13:08:27:	29	count	time	30.000000s/cts	O Det=1971	H Det=2618	Mon Det=68995	Aux Det=3719	O+H=8308	 DONE
03/10/2025 13:08:59:	move motor	S18.axis2.phaseshifter 2 to -0.999986deg	 DONE
03/10/2025 13:09:01:	30	count	time	30.000000s/cts	O Det=2417	H Det=2191	Mon Det=68244	Aux Det=3707	O+H=8315	 DONE
03/10/2025 13:09:32:	close file and end scan	 DONE
03/10/2025 13:09:33:	END OF SCRIPT	 DONE
