26/09/2025 21:50:51:	start execution of script D:\data\Cycle 198\exp_3-16-19\rawdata\sc\ifg2_3p20s_B2.sc	 DONE
26/09/2025 21:50:51:	move motor	S18.axis2.phaseshifter 2 to -3.175000deg	 DONE
26/09/2025 21:50:55:	create file	D:\data\Cycle 198\exp_3-16-19\rawdata\sc\ifg2_3p20s_B2_26Sep2150.dat	 DONE
room to enter remarks DONE
26/09/2025 21:50:56:	read encoder	S18.auxiliary.Robot Diagonal		-16.124356 DONE
26/09/2025 21:50:57:	move motor	S18.axis2.phaseshifter 2 to -3.075000deg	 DONE
26/09/2025 21:50:58:	1	count	time	20.000000s/cts	O Det=1734	H Det=3009	Mon Det=45196	Aux Det=3822	O+H=8565	 DONE
26/09/2025 21:51:20:	move motor	S18.axis2.phaseshifter 2 to -2.870000deg	 DONE
26/09/2025 21:51:22:	2	count	time	20.000000s/cts	O Det=2778	H Det=2190	Mon Det=45093	Aux Det=3817	O+H=8785	 DONE
26/09/2025 21:51:44:	move motor	S18.axis2.phaseshifter 2 to -2.665000deg	 DONE
26/09/2025 21:51:45:	3	count	time	20.000000s/cts	O Det=3167	H Det=1842	Mon Det=45239	Aux Det=3853	O+H=8862	 DONE
26/09/2025 21:52:07:	move motor	S18.axis2.phaseshifter 2 to -2.460000deg	 DONE
26/09/2025 21:52:09:	4	count	time	20.000000s/cts	O Det=3199	H Det=1730	Mon Det=44894	Aux Det=3580	O+H=8509	 DONE
26/09/2025 21:52:30:	move motor	S18.axis2.phaseshifter 2 to -2.255000deg	 DONE
26/09/2025 21:52:32:	5	count	time	20.000000s/cts	O Det=2489	H Det=2370	Mon Det=44423	Aux Det=3868	O+H=8727	 DONE
26/09/2025 21:52:54:	move motor	S18.axis2.phaseshifter 2 to -2.050000deg	 DONE
26/09/2025 21:52:56:	6	count	time	20.000000s/cts	O Det=2197	H Det=2696	Mon Det=45163	Aux Det=3762	O+H=8655	 DONE
26/09/2025 21:53:17:	move motor	S18.axis2.phaseshifter 2 to -1.845000deg	 DONE
26/09/2025 21:53:19:	7	count	time	20.000000s/cts	O Det=1768	H Det=3061	Mon Det=45078	Aux Det=3745	O+H=8574	 DONE
26/09/2025 21:53:41:	move motor	S18.axis2.phaseshifter 2 to -1.640000deg	 DONE
26/09/2025 21:53:43:	8	count	time	20.000000s/cts	O Det=740	H Det=3819	Mon Det=44676	Aux Det=3730	O+H=8289	 DONE
26/09/2025 21:54:04:	move motor	S18.axis2.phaseshifter 2 to -1.435000deg	 DONE
26/09/2025 21:54:06:	9	count	time	20.000000s/cts	O Det=500	H Det=4067	Mon Det=45035	Aux Det=3711	O+H=8278	 DONE
26/09/2025 21:54:28:	move motor	S18.axis2.phaseshifter 2 to -1.230000deg	 DONE
26/09/2025 21:54:30:	10	count	time	20.000000s/cts	O Det=777	H Det=4015	Mon Det=45375	Aux Det=3761	O+H=8553	 DONE
26/09/2025 21:54:51:	move motor	S18.axis2.phaseshifter 2 to -1.025000deg	 DONE
26/09/2025 21:54:53:	11	count	time	20.000000s/cts	O Det=1721	H Det=3094	Mon Det=45465	Aux Det=3800	O+H=8615	 DONE
26/09/2025 21:55:15:	move motor	S18.axis2.phaseshifter 2 to -0.820000deg	 DONE
26/09/2025 21:55:17:	12	count	time	20.000000s/cts	O Det=2820	H Det=2024	Mon Det=44941	Aux Det=3758	O+H=8602	 DONE
26/09/2025 21:55:38:	move motor	S18.axis2.phaseshifter 2 to -0.615000deg	 DONE
26/09/2025 21:55:40:	13	count	time	20.000000s/cts	O Det=3377	H Det=1652	Mon Det=45548	Aux Det=3777	O+H=8806	 DONE
26/09/2025 21:56:02:	move motor	S18.axis2.phaseshifter 2 to -0.410000deg	 DONE
26/09/2025 21:56:04:	14	count	time	20.000000s/cts	O Det=3165	H Det=1820	Mon Det=45365	Aux Det=3794	O+H=8779	 DONE
26/09/2025 21:56:25:	move motor	S18.axis2.phaseshifter 2 to -0.205000deg	 DONE
26/09/2025 21:56:27:	15	count	time	20.000000s/cts	O Det=2659	H Det=2319	Mon Det=45250	Aux Det=3717	O+H=8695	 DONE
26/09/2025 21:56:49:	move motor	S18.axis2.phaseshifter 2 to -0.000000deg	 DONE
26/09/2025 21:56:50:	16	count	time	20.000000s/cts	O Det=1880	H Det=3015	Mon Det=45434	Aux Det=3783	O+H=8678	 DONE
26/09/2025 21:57:12:	move motor	S18.axis2.phaseshifter 2 to 0.205000deg	 DONE
26/09/2025 21:57:14:	17	count	time	20.000000s/cts	O Det=1147	H Det=3584	Mon Det=45315	Aux Det=3857	O+H=8588	 DONE
26/09/2025 21:57:35:	move motor	S18.axis2.phaseshifter 2 to 0.410000deg	 DONE
26/09/2025 21:57:37:	18	count	time	20.000000s/cts	O Det=439	H Det=4220	Mon Det=44812	Aux Det=3692	O+H=8351	 DONE
26/09/2025 21:57:59:	move motor	S18.axis2.phaseshifter 2 to 0.615000deg	 DONE
26/09/2025 21:58:01:	19	count	time	20.000000s/cts	O Det=473	H Det=4196	Mon Det=44966	Aux Det=3816	O+H=8485	 DONE
26/09/2025 21:58:22:	move motor	S18.axis2.phaseshifter 2 to 0.820000deg	 DONE
26/09/2025 21:58:24:	20	count	time	20.000000s/cts	O Det=439	H Det=4188	Mon Det=44890	Aux Det=3784	O+H=8411	 DONE
26/09/2025 21:58:46:	move motor	S18.axis2.phaseshifter 2 to 1.025000deg	 DONE
26/09/2025 21:58:47:	21	count	time	20.000000s/cts	O Det=1742	H Det=3140	Mon Det=45153	Aux Det=3797	O+H=8679	 DONE
26/09/2025 21:59:09:	move motor	S18.axis2.phaseshifter 2 to 1.230000deg	 DONE
26/09/2025 21:59:11:	22	count	time	20.000000s/cts	O Det=2559	H Det=2395	Mon Det=44952	Aux Det=3823	O+H=8777	 DONE
26/09/2025 21:59:33:	move motor	S18.axis2.phaseshifter 2 to 1.435000deg	 DONE
26/09/2025 21:59:34:	23	count	time	20.000000s/cts	O Det=3313	H Det=1601	Mon Det=44957	Aux Det=3791	O+H=8705	 DONE
26/09/2025 21:59:56:	move motor	S18.axis2.phaseshifter 2 to 1.640000deg	 DONE
26/09/2025 21:59:58:	24	count	time	20.000000s/cts	O Det=3408	H Det=1577	Mon Det=45066	Aux Det=3731	O+H=8716	 DONE
26/09/2025 22:00:20:	move motor	S18.axis2.phaseshifter 2 to 1.845000deg	 DONE
26/09/2025 22:00:21:	25	count	time	20.000000s/cts	O Det=3038	H Det=1859	Mon Det=44685	Aux Det=3756	O+H=8653	 DONE
26/09/2025 22:00:43:	move motor	S18.axis2.phaseshifter 2 to 2.050000deg	 DONE
26/09/2025 22:00:45:	26	count	time	20.000000s/cts	O Det=2636	H Det=2208	Mon Det=45305	Aux Det=3672	O+H=8516	 DONE
26/09/2025 22:01:07:	move motor	S18.axis2.phaseshifter 2 to 2.255000deg	 DONE
26/09/2025 22:01:08:	27	count	time	20.000000s/cts	O Det=1963	H Det=2862	Mon Det=45662	Aux Det=3763	O+H=8588	 DONE
26/09/2025 22:01:30:	move motor	S18.axis2.phaseshifter 2 to 2.460000deg	 DONE
26/09/2025 22:01:32:	28	count	time	20.000000s/cts	O Det=694	H Det=4023	Mon Det=44790	Aux Det=3736	O+H=8453	 DONE
26/09/2025 22:01:54:	move motor	S18.axis2.phaseshifter 2 to 2.665000deg	 DONE
26/09/2025 22:01:55:	29	count	time	20.000000s/cts	O Det=382	H Det=4240	Mon Det=45143	Aux Det=3793	O+H=8415	 DONE
26/09/2025 22:02:17:	move motor	S18.axis2.phaseshifter 2 to 2.870000deg	 DONE
26/09/2025 22:02:19:	30	count	time	20.000000s/cts	O Det=728	H Det=3923	Mon Det=44996	Aux Det=3803	O+H=8454	 DONE
26/09/2025 22:02:40:	move motor	S18.axis2.phaseshifter 2 to 3.075000deg	 DONE
26/09/2025 22:02:42:	31	count	time	20.000000s/cts	O Det=1414	H Det=3292	Mon Det=45009	Aux Det=3817	O+H=8523	 DONE
26/09/2025 22:03:04:	close file and end scan	 DONE
26/09/2025 22:03:04:	END OF SCRIPT	 DONE
