03/10/2025 13:57:09:	start execution of script D:\data\Cycle 198\exp_3-16-19\rawdata\sc\ifg2_newPS_2p30s_B1.sc	 DONE
03/10/2025 13:57:09:	move motor	S18.axis2.phaseshifter 2 to -3.100000deg	 DONE
03/10/2025 13:57:12:	create file	D:\data\Cycle 198\exp_3-16-19\rawdata\sc\ifg2_newPS_2p30s_B1_03Oct1357.dat	 DONE
room to enter remarks DONE
03/10/2025 13:57:13:	move motor	S18.axis2.phaseshifter 2 to -3.000000deg	 DONE
03/10/2025 13:57:14:	1	count	time	30.000000s/cts	O Det=1368	H Det=2723	Mon Det=69221	Aux Det=2735	O+H=6826	 DONE
03/10/2025 13:57:46:	move motor	S18.axis2.phaseshifter 2 to -2.931034deg	 DONE
03/10/2025 13:57:48:	2	count	time	30.000000s/cts	O Det=1799	H Det=2292	Mon Det=69327	Aux Det=2694	O+H=6785	 DONE
03/10/2025 13:58:19:	move motor	S18.axis2.phaseshifter 2 to -2.862068deg	 DONE
03/10/2025 13:58:21:	3	count	time	30.000000s/cts	O Det=2250	H Det=2032	Mon Det=69188	Aux Det=2747	O+H=7029	 DONE
03/10/2025 13:58:52:	move motor	S18.axis2.phaseshifter 2 to -2.793102deg	 DONE
03/10/2025 13:58:54:	4	count	time	30.000000s/cts	O Det=2637	H Det=1725	Mon Det=69108	Aux Det=2796	O+H=7158	 DONE
03/10/2025 13:59:26:	move motor	S18.axis2.phaseshifter 2 to -2.724136deg	 DONE
03/10/2025 13:59:27:	5	count	time	30.000000s/cts	O Det=2746	H Det=1574	Mon Det=69382	Aux Det=2678	O+H=6998	 DONE
03/10/2025 13:59:59:	move motor	S18.axis2.phaseshifter 2 to -2.655170deg	 DONE
03/10/2025 14:00:00:	6	count	time	30.000000s/cts	O Det=2727	H Det=1621	Mon Det=69371	Aux Det=2690	O+H=7038	 DONE
03/10/2025 14:00:32:	move motor	S18.axis2.phaseshifter 2 to -2.586204deg	 DONE
03/10/2025 14:00:34:	7	count	time	30.000000s/cts	O Det=2466	H Det=1769	Mon Det=69134	Aux Det=2734	O+H=6969	 DONE
03/10/2025 14:01:05:	move motor	S18.axis2.phaseshifter 2 to -2.517238deg	 DONE
03/10/2025 14:01:07:	8	count	time	30.000000s/cts	O Det=2044	H Det=2068	Mon Det=69157	Aux Det=2669	O+H=6781	 DONE
03/10/2025 14:01:38:	move motor	S18.axis2.phaseshifter 2 to -2.448272deg	 DONE
03/10/2025 14:01:40:	9	count	time	30.000000s/cts	O Det=1579	H Det=2492	Mon Det=68764	Aux Det=2714	O+H=6785	 DONE
03/10/2025 14:02:12:	move motor	S18.axis2.phaseshifter 2 to -2.379306deg	 DONE
03/10/2025 14:02:13:	10	count	time	30.000000s/cts	O Det=1109	H Det=2923	Mon Det=68893	Aux Det=2770	O+H=6802	 DONE
03/10/2025 14:02:45:	move motor	S18.axis2.phaseshifter 2 to -2.310340deg	 DONE
03/10/2025 14:02:47:	11	count	time	30.000000s/cts	O Det=747	H Det=3199	Mon Det=68642	Aux Det=2709	O+H=6655	 DONE
03/10/2025 14:03:18:	move motor	S18.axis2.phaseshifter 2 to -2.241374deg	 DONE
03/10/2025 14:03:20:	12	count	time	30.000000s/cts	O Det=555	H Det=3567	Mon Det=68860	Aux Det=2774	O+H=6896	 DONE
03/10/2025 14:03:51:	move motor	S18.axis2.phaseshifter 2 to -2.172408deg	 DONE
03/10/2025 14:03:53:	13	count	time	30.000000s/cts	O Det=521	H Det=3517	Mon Det=68763	Aux Det=2621	O+H=6659	 DONE
03/10/2025 14:04:25:	move motor	S18.axis2.phaseshifter 2 to -2.103442deg	 DONE
03/10/2025 14:04:26:	14	count	time	30.000000s/cts	O Det=688	H Det=3301	Mon Det=69257	Aux Det=2760	O+H=6749	 DONE
03/10/2025 14:04:58:	move motor	S18.axis2.phaseshifter 2 to -2.034476deg	 DONE
03/10/2025 14:04:59:	15	count	time	30.000000s/cts	O Det=1087	H Det=3063	Mon Det=68732	Aux Det=2626	O+H=6776	 DONE
03/10/2025 14:05:31:	move motor	S18.axis2.phaseshifter 2 to -1.965510deg	 DONE
03/10/2025 14:05:33:	16	count	time	30.000000s/cts	O Det=1435	H Det=2724	Mon Det=68855	Aux Det=2776	O+H=6935	 DONE
03/10/2025 14:06:04:	move motor	S18.axis2.phaseshifter 2 to -1.896544deg	 DONE
03/10/2025 14:06:06:	17	count	time	30.000000s/cts	O Det=1870	H Det=2188	Mon Det=69066	Aux Det=2720	O+H=6778	 DONE
03/10/2025 14:06:37:	move motor	S18.axis2.phaseshifter 2 to -1.827578deg	 DONE
03/10/2025 14:06:39:	18	count	time	30.000000s/cts	O Det=2373	H Det=1875	Mon Det=68952	Aux Det=2649	O+H=6897	 DONE
03/10/2025 14:07:11:	move motor	S18.axis2.phaseshifter 2 to -1.758612deg	 DONE
03/10/2025 14:07:12:	19	count	time	30.000000s/cts	O Det=2627	H Det=1665	Mon Det=68718	Aux Det=2654	O+H=6946	 DONE
03/10/2025 14:07:44:	move motor	S18.axis2.phaseshifter 2 to -1.689646deg	 DONE
03/10/2025 14:07:45:	20	count	time	30.000000s/cts	O Det=2758	H Det=1594	Mon Det=68771	Aux Det=2744	O+H=7096	 DONE
03/10/2025 14:08:17:	move motor	S18.axis2.phaseshifter 2 to -1.620680deg	 DONE
03/10/2025 14:08:19:	21	count	time	30.000000s/cts	O Det=2630	H Det=1602	Mon Det=68777	Aux Det=2707	O+H=6939	 DONE
03/10/2025 14:08:50:	move motor	S18.axis2.phaseshifter 2 to -1.551714deg	 DONE
03/10/2025 14:08:52:	22	count	time	30.000000s/cts	O Det=2353	H Det=1940	Mon Det=69055	Aux Det=2631	O+H=6924	 DONE
03/10/2025 14:09:23:	move motor	S18.axis2.phaseshifter 2 to -1.482748deg	 DONE
03/10/2025 14:09:25:	23	count	time	30.000000s/cts	O Det=1934	H Det=2223	Mon Det=68793	Aux Det=2669	O+H=6826	 DONE
03/10/2025 14:09:57:	move motor	S18.axis2.phaseshifter 2 to -1.413782deg	 DONE
03/10/2025 14:09:58:	24	count	time	30.000000s/cts	O Det=1645	H Det=2536	Mon Det=69210	Aux Det=2594	O+H=6775	 DONE
03/10/2025 14:10:30:	move motor	S18.axis2.phaseshifter 2 to -1.344816deg	 DONE
03/10/2025 14:10:31:	25	count	time	30.000000s/cts	O Det=1000	H Det=3133	Mon Det=68758	Aux Det=2786	O+H=6919	 DONE
03/10/2025 14:11:03:	move motor	S18.axis2.phaseshifter 2 to -1.275850deg	 DONE
03/10/2025 14:11:05:	26	count	time	30.000000s/cts	O Det=643	H Det=3468	Mon Det=68891	Aux Det=2716	O+H=6827	 DONE
03/10/2025 14:11:36:	move motor	S18.axis2.phaseshifter 2 to -1.206884deg	 DONE
03/10/2025 14:11:38:	27	count	time	30.000000s/cts	O Det=491	H Det=3387	Mon Det=69361	Aux Det=2679	O+H=6557	 DONE
03/10/2025 14:12:10:	move motor	S18.axis2.phaseshifter 2 to -1.137918deg	 DONE
03/10/2025 14:12:11:	28	count	time	30.000000s/cts	O Det=534	H Det=3533	Mon Det=68889	Aux Det=2659	O+H=6726	 DONE
03/10/2025 14:12:43:	move motor	S18.axis2.phaseshifter 2 to -1.068952deg	 DONE
03/10/2025 14:12:44:	29	count	time	30.000000s/cts	O Det=719	H Det=3289	Mon Det=68571	Aux Det=2747	O+H=6755	 DONE
03/10/2025 14:13:16:	move motor	S18.axis2.phaseshifter 2 to -0.999986deg	 DONE
03/10/2025 14:13:18:	30	count	time	30.000000s/cts	O Det=1132	H Det=2957	Mon Det=69104	Aux Det=2631	O+H=6720	 DONE
03/10/2025 14:13:49:	paused
03/10/2025 14:20:48:	close file and end scan	 DONE
03/10/2025 14:20:49:	END OF SCRIPT	 DONE
