03/10/2025 14:54:34:	start execution of script D:\data\Cycle 198\exp_3-16-19\rawdata\sc\ifg2_newPS_2p30s_B2.sc	 DONE
03/10/2025 14:54:35:	move motor	S18.axis2.phaseshifter 2 to -3.100000deg	 DONE
03/10/2025 14:54:37:	create file	D:\data\Cycle 198\exp_3-16-19\rawdata\sc\ifg2_newPS_2p30s_B2_03Oct1454.dat	 DONE
room to enter remarks DONE
03/10/2025 14:54:38:	move motor	S18.axis2.phaseshifter 2 to -3.000000deg	 DONE
03/10/2025 14:54:40:	1	count	time	30.000000s/cts	O Det=2233	H Det=2178	Mon Det=68809	Aux Det=3708	O+H=8119	 DONE
03/10/2025 14:55:12:	move motor	S18.axis2.phaseshifter 2 to -2.931034deg	 DONE
03/10/2025 14:55:13:	2	count	time	30.000000s/cts	O Det=2608	H Det=1712	Mon Det=68846	Aux Det=3794	O+H=8114	 DONE
03/10/2025 14:55:45:	move motor	S18.axis2.phaseshifter 2 to -2.862068deg	 DONE
03/10/2025 14:55:46:	3	count	time	30.000000s/cts	O Det=2793	H Det=1577	Mon Det=68927	Aux Det=3701	O+H=8071	 DONE
03/10/2025 14:56:18:	move motor	S18.axis2.phaseshifter 2 to -2.793102deg	 DONE
03/10/2025 14:56:20:	4	count	time	30.000000s/cts	O Det=2726	H Det=1718	Mon Det=68213	Aux Det=3653	O+H=8097	 DONE
03/10/2025 14:56:51:	move motor	S18.axis2.phaseshifter 2 to -2.724136deg	 DONE
03/10/2025 14:56:53:	5	count	time	30.000000s/cts	O Det=2637	H Det=1865	Mon Det=69014	Aux Det=3587	O+H=8089	 DONE
03/10/2025 14:57:24:	move motor	S18.axis2.phaseshifter 2 to -2.655170deg	 DONE
03/10/2025 14:57:26:	6	count	time	30.000000s/cts	O Det=2337	H Det=2002	Mon Det=68829	Aux Det=3597	O+H=7936	 DONE
03/10/2025 14:57:58:	move motor	S18.axis2.phaseshifter 2 to -2.586204deg	 DONE
03/10/2025 14:57:59:	7	count	time	30.000000s/cts	O Det=1660	H Det=2768	Mon Det=69096	Aux Det=3647	O+H=8075	 DONE
03/10/2025 14:58:31:	move motor	S18.axis2.phaseshifter 2 to -2.517238deg	 DONE
03/10/2025 14:58:32:	8	count	time	30.000000s/cts	O Det=1150	H Det=3092	Mon Det=68912	Aux Det=3591	O+H=7833	 DONE
03/10/2025 14:59:04:	move motor	S18.axis2.phaseshifter 2 to -2.448272deg	 DONE
03/10/2025 14:59:06:	9	count	time	30.000000s/cts	O Det=726	H Det=3316	Mon Det=68824	Aux Det=3607	O+H=7649	 DONE
03/10/2025 14:59:37:	move motor	S18.axis2.phaseshifter 2 to -2.379306deg	 DONE
03/10/2025 14:59:39:	10	count	time	30.000000s/cts	O Det=557	H Det=3545	Mon Det=69120	Aux Det=3620	O+H=7722	 DONE
03/10/2025 15:00:10:	move motor	S18.axis2.phaseshifter 2 to -2.310340deg	 DONE
03/10/2025 15:00:12:	11	count	time	30.000000s/cts	O Det=475	H Det=3576	Mon Det=69059	Aux Det=3740	O+H=7791	 DONE
03/10/2025 15:00:44:	move motor	S18.axis2.phaseshifter 2 to -2.241374deg	 DONE
03/10/2025 15:00:45:	12	count	time	30.000000s/cts	O Det=655	H Det=3528	Mon Det=68591	Aux Det=3638	O+H=7821	 DONE
03/10/2025 15:01:17:	move motor	S18.axis2.phaseshifter 2 to -2.172408deg	 DONE
03/10/2025 15:01:18:	13	count	time	30.000000s/cts	O Det=956	H Det=3259	Mon Det=69264	Aux Det=3600	O+H=7815	 DONE
03/10/2025 15:01:50:	move motor	S18.axis2.phaseshifter 2 to -2.103442deg	 DONE
03/10/2025 15:01:52:	14	count	time	30.000000s/cts	O Det=1511	H Det=2772	Mon Det=68743	Aux Det=3662	O+H=7945	 DONE
03/10/2025 15:02:23:	move motor	S18.axis2.phaseshifter 2 to -2.034476deg	 DONE
03/10/2025 15:02:25:	15	count	time	30.000000s/cts	O Det=2109	H Det=2283	Mon Det=69392	Aux Det=3692	O+H=8084	 DONE
03/10/2025 15:02:56:	move motor	S18.axis2.phaseshifter 2 to -1.965510deg	 DONE
03/10/2025 15:02:58:	16	count	time	30.000000s/cts	O Det=2277	H Det=2008	Mon Det=69018	Aux Det=3649	O+H=7934	 DONE
03/10/2025 15:03:30:	move motor	S18.axis2.phaseshifter 2 to -1.896544deg	 DONE
03/10/2025 15:03:31:	17	count	time	30.000000s/cts	O Det=2658	H Det=1740	Mon Det=69058	Aux Det=3688	O+H=8086	 DONE
03/10/2025 15:04:03:	move motor	S18.axis2.phaseshifter 2 to -1.827578deg	 DONE
03/10/2025 15:04:04:	18	count	time	30.000000s/cts	O Det=2732	H Det=1610	Mon Det=68974	Aux Det=3631	O+H=7973	 DONE
03/10/2025 15:04:36:	move motor	S18.axis2.phaseshifter 2 to -1.758612deg	 DONE
03/10/2025 15:04:38:	19	count	time	30.000000s/cts	O Det=2702	H Det=1662	Mon Det=68877	Aux Det=3625	O+H=7989	 DONE
03/10/2025 15:05:09:	move motor	S18.axis2.phaseshifter 2 to -1.689646deg	 DONE
03/10/2025 15:05:11:	20	count	time	30.000000s/cts	O Det=2437	H Det=1920	Mon Det=69022	Aux Det=3633	O+H=7990	 DONE
03/10/2025 15:05:42:	move motor	S18.axis2.phaseshifter 2 to -1.620680deg	 DONE
03/10/2025 15:05:44:	21	count	time	30.000000s/cts	O Det=2227	H Det=2108	Mon Det=68874	Aux Det=3648	O+H=7983	 DONE
03/10/2025 15:06:16:	move motor	S18.axis2.phaseshifter 2 to -1.551714deg	 DONE
03/10/2025 15:06:17:	22	count	time	30.000000s/cts	O Det=1584	H Det=2582	Mon Det=69212	Aux Det=3602	O+H=7768	 DONE
03/10/2025 15:06:49:	move motor	S18.axis2.phaseshifter 2 to -1.482748deg	 DONE
03/10/2025 15:06:50:	23	count	time	30.000000s/cts	O Det=1046	H Det=3098	Mon Det=68833	Aux Det=3528	O+H=7672	 DONE
03/10/2025 15:07:22:	move motor	S18.axis2.phaseshifter 2 to -1.413782deg	 DONE
03/10/2025 15:07:24:	24	count	time	30.000000s/cts	O Det=822	H Det=3347	Mon Det=69098	Aux Det=3567	O+H=7736	 DONE
03/10/2025 15:07:55:	move motor	S18.axis2.phaseshifter 2 to -1.344816deg	 DONE
03/10/2025 15:07:57:	25	count	time	30.000000s/cts	O Det=493	H Det=3650	Mon Det=68914	Aux Det=3603	O+H=7746	 DONE
03/10/2025 15:08:28:	move motor	S18.axis2.phaseshifter 2 to -1.275850deg	 DONE
03/10/2025 15:08:30:	26	count	time	30.000000s/cts	O Det=521	H Det=3586	Mon Det=69293	Aux Det=3719	O+H=7826	 DONE
03/10/2025 15:09:02:	move motor	S18.axis2.phaseshifter 2 to -1.206884deg	 DONE
03/10/2025 15:09:03:	27	count	time	30.000000s/cts	O Det=695	H Det=3515	Mon Det=69355	Aux Det=3654	O+H=7864	 DONE
03/10/2025 15:09:35:	move motor	S18.axis2.phaseshifter 2 to -1.137918deg	 DONE
03/10/2025 15:09:36:	28	count	time	30.000000s/cts	O Det=1091	H Det=3120	Mon Det=69710	Aux Det=3632	O+H=7843	 DONE
03/10/2025 15:10:08:	move motor	S18.axis2.phaseshifter 2 to -1.068952deg	 DONE
03/10/2025 15:10:10:	29	count	time	30.000000s/cts	O Det=1560	H Det=2549	Mon Det=69668	Aux Det=3651	O+H=7760	 DONE
03/10/2025 15:10:41:	move motor	S18.axis2.phaseshifter 2 to -0.999986deg	 DONE
03/10/2025 15:10:43:	30	count	time	30.000000s/cts	O Det=2034	H Det=2262	Mon Det=69813	Aux Det=3610	O+H=7906	 DONE
03/10/2025 15:11:14:	close file and end scan	 DONE
03/10/2025 15:11:15:	END OF SCRIPT	 DONE
