06/10/2025 20:28:13:	start execution of script D:\data\Cycle 198\exp_3-16-19\rawdata\sc\ifg2_newPS_6p20s_B2.sc	 DONE
06/10/2025 20:28:13:	move motor	S18.axis2.phaseshifter 2 to -3.100000deg	 DONE
06/10/2025 20:28:16:	create file	D:\data\Cycle 198\exp_3-16-19\rawdata\sc\ifg2_newPS_6p20s_B2_06Oct2028.dat	 DONE
room to enter remarks DONE
06/10/2025 20:28:17:	move motor	S18.axis2.phaseshifter 2 to -3.000000deg	 DONE
06/10/2025 20:28:19:	1	count	time	20.000000s/cts	O Det=831	H Det=1776	Mon Det=46540	Aux Det=2831	O+H=5438	 DONE
06/10/2025 20:28:40:	move motor	S18.axis2.phaseshifter 2 to -2.898305deg	 DONE
06/10/2025 20:28:42:	2	count	time	20.000000s/cts	O Det=1321	H Det=1419	Mon Det=46490	Aux Det=2818	O+H=5558	 DONE
06/10/2025 20:29:04:	move motor	S18.axis2.phaseshifter 2 to -2.796610deg	 DONE
06/10/2025 20:29:05:	3	count	time	20.000000s/cts	O Det=1687	H Det=1054	Mon Det=46385	Aux Det=2804	O+H=5545	 DONE
06/10/2025 20:29:27:	move motor	S18.axis2.phaseshifter 2 to -2.694915deg	 DONE
06/10/2025 20:29:28:	4	count	time	20.000000s/cts	O Det=1783	H Det=954	Mon Det=46788	Aux Det=2838	O+H=5575	 DONE
06/10/2025 20:29:50:	move motor	S18.axis2.phaseshifter 2 to -2.593220deg	 DONE
06/10/2025 20:29:51:	5	count	time	20.000000s/cts	O Det=1658	H Det=1051	Mon Det=46580	Aux Det=2771	O+H=5480	 DONE
06/10/2025 20:30:13:	move motor	S18.axis2.phaseshifter 2 to -2.491525deg	 DONE
06/10/2025 20:30:15:	6	count	time	20.000000s/cts	O Det=1219	H Det=1491	Mon Det=46221	Aux Det=2837	O+H=5547	 DONE
06/10/2025 20:30:36:	move motor	S18.axis2.phaseshifter 2 to -2.389830deg	 DONE
06/10/2025 20:30:38:	7	count	time	20.000000s/cts	O Det=715	H Det=1931	Mon Det=46423	Aux Det=2815	O+H=5461	 DONE
06/10/2025 20:31:00:	move motor	S18.axis2.phaseshifter 2 to -2.288135deg	 DONE
06/10/2025 20:31:01:	8	count	time	20.000000s/cts	O Det=300	H Det=2293	Mon Det=46393	Aux Det=2797	O+H=5390	 DONE
06/10/2025 20:31:23:	move motor	S18.axis2.phaseshifter 2 to -2.186440deg	 DONE
06/10/2025 20:31:24:	9	count	time	20.000000s/cts	O Det=207	H Det=2441	Mon Det=46295	Aux Det=2937	O+H=5585	 DONE
06/10/2025 20:31:46:	move motor	S18.axis2.phaseshifter 2 to -2.084745deg	 DONE
06/10/2025 20:31:47:	10	count	time	20.000000s/cts	O Det=405	H Det=2251	Mon Det=46382	Aux Det=2780	O+H=5436	 DONE
06/10/2025 20:32:09:	move motor	S18.axis2.phaseshifter 2 to -1.983050deg	 DONE
06/10/2025 20:32:11:	11	count	time	20.000000s/cts	O Det=899	H Det=1806	Mon Det=46319	Aux Det=2868	O+H=5573	 DONE
06/10/2025 20:32:32:	move motor	S18.axis2.phaseshifter 2 to -1.881355deg	 DONE
06/10/2025 20:32:34:	12	count	time	20.000000s/cts	O Det=1456	H Det=1288	Mon Det=46495	Aux Det=2834	O+H=5578	 DONE
06/10/2025 20:32:56:	move motor	S18.axis2.phaseshifter 2 to -1.779660deg	 DONE
06/10/2025 20:32:57:	13	count	time	20.000000s/cts	O Det=1753	H Det=1011	Mon Det=46212	Aux Det=2779	O+H=5543	 DONE
06/10/2025 20:33:19:	move motor	S18.axis2.phaseshifter 2 to -1.677965deg	 DONE
06/10/2025 20:33:20:	14	count	time	20.000000s/cts	O Det=1802	H Det=940	Mon Det=45932	Aux Det=2770	O+H=5512	 DONE
06/10/2025 20:33:42:	move motor	S18.axis2.phaseshifter 2 to -1.576270deg	 DONE
06/10/2025 20:33:43:	15	count	time	20.000000s/cts	O Det=1614	H Det=1149	Mon Det=46633	Aux Det=2899	O+H=5662	 DONE
06/10/2025 20:34:05:	move motor	S18.axis2.phaseshifter 2 to -1.474575deg	 DONE
06/10/2025 20:34:07:	16	count	time	20.000000s/cts	O Det=1197	H Det=1561	Mon Det=46285	Aux Det=2837	O+H=5595	 DONE
06/10/2025 20:34:28:	move motor	S18.axis2.phaseshifter 2 to -1.372880deg	 DONE
06/10/2025 20:34:30:	17	count	time	20.000000s/cts	O Det=658	H Det=1997	Mon Det=46464	Aux Det=2828	O+H=5483	 DONE
06/10/2025 20:34:52:	move motor	S18.axis2.phaseshifter 2 to -1.271185deg	 DONE
06/10/2025 20:34:53:	18	count	time	20.000000s/cts	O Det=333	H Det=2271	Mon Det=46541	Aux Det=2803	O+H=5407	 DONE
06/10/2025 20:35:15:	move motor	S18.axis2.phaseshifter 2 to -1.169490deg	 DONE
06/10/2025 20:35:16:	19	count	time	20.000000s/cts	O Det=221	H Det=2406	Mon Det=46296	Aux Det=2750	O+H=5377	 DONE
06/10/2025 20:35:38:	move motor	S18.axis2.phaseshifter 2 to -1.067795deg	 DONE
06/10/2025 20:35:40:	20	count	time	20.000000s/cts	O Det=448	H Det=2176	Mon Det=45918	Aux Det=2707	O+H=5331	 DONE
06/10/2025 20:36:01:	move motor	S18.axis2.phaseshifter 2 to -0.966100deg	 DONE
06/10/2025 20:36:03:	21	count	time	20.000000s/cts	O Det=821	H Det=1727	Mon Det=46320	Aux Det=2796	O+H=5344	 DONE
06/10/2025 20:36:24:	move motor	S18.axis2.phaseshifter 2 to -0.864405deg	 DONE
06/10/2025 20:36:26:	22	count	time	20.000000s/cts	O Det=1268	H Det=1377	Mon Det=46333	Aux Det=2822	O+H=5467	 DONE
06/10/2025 20:36:48:	move motor	S18.axis2.phaseshifter 2 to -0.762710deg	 DONE
06/10/2025 20:36:49:	23	count	time	20.000000s/cts	O Det=1725	H Det=979	Mon Det=46159	Aux Det=2797	O+H=5501	 DONE
06/10/2025 20:37:11:	move motor	S18.axis2.phaseshifter 2 to -0.661015deg	 DONE
06/10/2025 20:37:12:	24	count	time	20.000000s/cts	O Det=1834	H Det=953	Mon Det=46588	Aux Det=2849	O+H=5636	 DONE
06/10/2025 20:37:34:	move motor	S18.axis2.phaseshifter 2 to -0.559320deg	 DONE
06/10/2025 20:37:36:	25	count	time	20.000000s/cts	O Det=1637	H Det=1114	Mon Det=46402	Aux Det=2779	O+H=5530	 DONE
06/10/2025 20:37:57:	move motor	S18.axis2.phaseshifter 2 to -0.457625deg	 DONE
06/10/2025 20:37:59:	26	count	time	20.000000s/cts	O Det=1247	H Det=1476	Mon Det=46557	Aux Det=2807	O+H=5530	 DONE
06/10/2025 20:38:21:	move motor	S18.axis2.phaseshifter 2 to -0.355930deg	 DONE
06/10/2025 20:38:22:	27	count	time	20.000000s/cts	O Det=706	H Det=1891	Mon Det=46536	Aux Det=2725	O+H=5322	 DONE
06/10/2025 20:38:44:	move motor	S18.axis2.phaseshifter 2 to -0.254235deg	 DONE
06/10/2025 20:38:45:	28	count	time	20.000000s/cts	O Det=319	H Det=2315	Mon Det=46374	Aux Det=2749	O+H=5383	 DONE
06/10/2025 20:39:07:	move motor	S18.axis2.phaseshifter 2 to -0.152540deg	 DONE
06/10/2025 20:39:08:	29	count	time	20.000000s/cts	O Det=188	H Det=2324	Mon Det=46267	Aux Det=2712	O+H=5224	 DONE
06/10/2025 20:39:30:	move motor	S18.axis2.phaseshifter 2 to -0.050845deg	 DONE
06/10/2025 20:39:32:	30	count	time	20.000000s/cts	O Det=340	H Det=2279	Mon Det=46335	Aux Det=2920	O+H=5539	 DONE
06/10/2025 20:39:53:	move motor	S18.axis2.phaseshifter 2 to 0.050850deg	 DONE
06/10/2025 20:39:55:	31	count	time	20.000000s/cts	O Det=750	H Det=1939	Mon Det=46518	Aux Det=2886	O+H=5575	 DONE
06/10/2025 20:40:17:	move motor	S18.axis2.phaseshifter 2 to 0.152545deg	 DONE
06/10/2025 20:40:18:	32	count	time	20.000000s/cts	O Det=1199	H Det=1403	Mon Det=46362	Aux Det=2751	O+H=5353	 DONE
06/10/2025 20:40:40:	move motor	S18.axis2.phaseshifter 2 to 0.254240deg	 DONE
06/10/2025 20:40:42:	33	count	time	20.000000s/cts	O Det=1586	H Det=1112	Mon Det=46320	Aux Det=2798	O+H=5496	 DONE
06/10/2025 20:41:03:	move motor	S18.axis2.phaseshifter 2 to 0.355935deg	 DONE
06/10/2025 20:41:05:	34	count	time	20.000000s/cts	O Det=1866	H Det=936	Mon Det=46359	Aux Det=2692	O+H=5494	 DONE
06/10/2025 20:41:26:	move motor	S18.axis2.phaseshifter 2 to 0.457630deg	 DONE
06/10/2025 20:41:28:	35	count	time	20.000000s/cts	O Det=1727	H Det=1062	Mon Det=46201	Aux Det=2791	O+H=5580	 DONE
06/10/2025 20:41:50:	move motor	S18.axis2.phaseshifter 2 to 0.559325deg	 DONE
06/10/2025 20:41:51:	36	count	time	20.000000s/cts	O Det=1396	H Det=1352	Mon Det=46136	Aux Det=2780	O+H=5528	 DONE
06/10/2025 20:42:13:	move motor	S18.axis2.phaseshifter 2 to 0.661020deg	 DONE
06/10/2025 20:42:14:	37	count	time	20.000000s/cts	O Det=927	H Det=1842	Mon Det=46491	Aux Det=2784	O+H=5553	 DONE
06/10/2025 20:42:36:	paused
06/10/2025 20:42:41:	close file and end scan	 DONE
06/10/2025 20:42:41:	END OF SCRIPT	 DONE
