25/10/2025 00:31:12:	start execution of script D:\data\Cycle 198\exp_3-16-19\rawdata\sc\ifg_wv3_psi_+1+1+1_no_fit.sc	 DONE
25/10/2025 00:31:13:	create file	D:\data\Cycle 198\exp_3-16-19\rawdata\sc\ifg_wv3_psi_+1+1+1_no_fit_25Oct0031.dat	 DONE
room to enter remarks DONE
25/10/2025 00:31:14:	MOVE MOTOR REL	S18.axis2.phaseshifter 1	deg	-0.51793	FALSE DONE
25/10/2025 00:31:18:	1	count	time	30.0s/cts	O Det=1828	H Det=2305	Mon Det=75163	Aux Det=11604	O+H=15737	 DONE
25/10/2025 00:31:49:	MOVE MOTOR REL	S18.axis2.phaseshifter 1	deg	0.06474	FALSE DONE
25/10/2025 00:31:53:	2	count	time	30.0s/cts	O Det=1851	H Det=2202	Mon Det=75422	Aux Det=11339	O+H=15392	 DONE
25/10/2025 00:32:24:	MOVE MOTOR REL	S18.axis2.phaseshifter 1	deg	0.06474	FALSE DONE
25/10/2025 00:32:28:	3	count	time	30.0s/cts	O Det=2296	H Det=2388	Mon Det=75554	Aux Det=10877	O+H=15561	 DONE
25/10/2025 00:33:00:	MOVE MOTOR REL	S18.axis2.phaseshifter 1	deg	0.06474	FALSE DONE
25/10/2025 00:33:03:	4	count	time	30.0s/cts	O Det=2940	H Det=2236	Mon Det=74960	Aux Det=9912	O+H=15088	 DONE
25/10/2025 00:33:35:	MOVE MOTOR REL	S18.axis2.phaseshifter 1	deg	0.06474	FALSE DONE
25/10/2025 00:33:38:	5	count	time	30.0s/cts	O Det=3443	H Det=2305	Mon Det=74842	Aux Det=8849	O+H=14597	 DONE
25/10/2025 00:34:10:	MOVE MOTOR REL	S18.axis2.phaseshifter 1	deg	0.06474	FALSE DONE
25/10/2025 00:34:13:	6	count	time	30.0s/cts	O Det=4565	H Det=2146	Mon Det=75153	Aux Det=7506	O+H=14217	 DONE
25/10/2025 00:34:45:	MOVE MOTOR REL	S18.axis2.phaseshifter 1	deg	0.06474	FALSE DONE
25/10/2025 00:34:49:	7	count	time	30.0s/cts	O Det=5106	H Det=2295	Mon Det=75206	Aux Det=6667	O+H=14068	 DONE
25/10/2025 00:35:20:	MOVE MOTOR REL	S18.axis2.phaseshifter 1	deg	0.06474	FALSE DONE
25/10/2025 00:35:24:	8	count	time	30.0s/cts	O Det=5552	H Det=2224	Mon Det=74427	Aux Det=5625	O+H=13401	 DONE
25/10/2025 00:35:56:	MOVE MOTOR REL	S18.axis2.phaseshifter 1	deg	0.06474	FALSE DONE
25/10/2025 00:35:59:	9	count	time	30.0s/cts	O Det=5801	H Det=2191	Mon Det=74298	Aux Det=5496	O+H=13488	 DONE
25/10/2025 00:36:31:	MOVE MOTOR REL	S18.axis2.phaseshifter 1	deg	0.06474	FALSE DONE
25/10/2025 00:36:34:	10	count	time	30.0s/cts	O Det=5590	H Det=2199	Mon Det=74319	Aux Det=5640	O+H=13429	 DONE
25/10/2025 00:37:06:	MOVE MOTOR REL	S18.axis2.phaseshifter 1	deg	0.06474	FALSE DONE
25/10/2025 00:37:09:	11	count	time	30.0s/cts	O Det=5250	H Det=2209	Mon Det=74271	Aux Det=6430	O+H=13889	 DONE
25/10/2025 00:37:41:	MOVE MOTOR REL	S18.axis2.phaseshifter 1	deg	0.06474	FALSE DONE
25/10/2025 00:37:45:	12	count	time	30.0s/cts	O Det=4490	H Det=2244	Mon Det=74712	Aux Det=7408	O+H=14142	 DONE
25/10/2025 00:38:16:	MOVE MOTOR REL	S18.axis2.phaseshifter 1	deg	0.06474	FALSE DONE
25/10/2025 00:38:20:	13	count	time	30.0s/cts	O Det=3551	H Det=2255	Mon Det=74521	Aux Det=8536	O+H=14342	 DONE
25/10/2025 00:38:52:	MOVE MOTOR REL	S18.axis2.phaseshifter 1	deg	0.06474	FALSE DONE
25/10/2025 00:38:55:	14	count	time	30.0s/cts	O Det=2921	H Det=2305	Mon Det=74594	Aux Det=9879	O+H=15105	 DONE
25/10/2025 00:39:27:	MOVE MOTOR REL	S18.axis2.phaseshifter 1	deg	0.06474	FALSE DONE
25/10/2025 00:39:30:	15	count	time	30.0s/cts	O Det=2248	H Det=2283	Mon Det=74551	Aux Det=10996	O+H=15527	 DONE
25/10/2025 00:40:02:	MOVE MOTOR REL	S18.axis2.phaseshifter 1	deg	0.06474	FALSE DONE
25/10/2025 00:40:05:	16	count	time	30.0s/cts	O Det=1823	H Det=2317	Mon Det=74050	Aux Det=11570	O+H=15710	 DONE
25/10/2025 00:40:37:	MOVE MOTOR REL	S18.axis2.phaseshifter 1	deg	0.06474	FALSE DONE
25/10/2025 00:40:41:	17	count	time	30.0s/cts	O Det=1717	H Det=2284	Mon Det=74477	Aux Det=11746	O+H=15747	 DONE
25/10/2025 00:41:12:	MOVE MOTOR REL	S18.axis2.phaseshifter 1	deg	0.06474	FALSE DONE
25/10/2025 00:41:16:	18	count	time	30.0s/cts	O Det=1965	H Det=2280	Mon Det=74707	Aux Det=11399	O+H=15644	 DONE
25/10/2025 00:41:48:	MOVE MOTOR REL	S18.axis2.phaseshifter 1	deg	0.06474	FALSE DONE
25/10/2025 00:41:51:	19	count	time	30.0s/cts	O Det=2286	H Det=2304	Mon Det=74557	Aux Det=10712	O+H=15302	 DONE
25/10/2025 00:42:23:	MOVE MOTOR REL	S18.axis2.phaseshifter 1	deg	0.06474	FALSE DONE
25/10/2025 00:42:26:	20	count	time	30.0s/cts	O Det=2756	H Det=2274	Mon Det=74760	Aux Det=10091	O+H=15121	 DONE
25/10/2025 00:42:58:	MOVE MOTOR REL	S18.axis2.phaseshifter 1	deg	0.06474	FALSE DONE
25/10/2025 00:43:01:	21	count	time	30.0s/cts	O Det=3699	H Det=2241	Mon Det=74738	Aux Det=8722	O+H=14662	 DONE
25/10/2025 00:43:33:	MOVE MOTOR REL	S18.axis2.phaseshifter 1	deg	0.06474	FALSE DONE
25/10/2025 00:43:37:	22	count	time	30.0s/cts	O Det=4508	H Det=2299	Mon Det=74339	Aux Det=7546	O+H=14353	 DONE
25/10/2025 00:44:08:	MOVE MOTOR REL	S18.axis2.phaseshifter 1	deg	0.06474	FALSE DONE
25/10/2025 00:44:12:	23	count	time	30.0s/cts	O Det=5031	H Det=2290	Mon Det=75013	Aux Det=6610	O+H=13931	 DONE
25/10/2025 00:44:43:	MOVE MOTOR REL	S18.axis2.phaseshifter 1	deg	0.06474	FALSE DONE
25/10/2025 00:44:47:	24	count	time	30.0s/cts	O Det=5383	H Det=2166	Mon Det=75327	Aux Det=5842	O+H=13391	 DONE
25/10/2025 00:45:19:	MOVE MOTOR REL	S18.axis2.phaseshifter 1	deg	0.06474	FALSE DONE
25/10/2025 00:45:22:	25	count	time	30.0s/cts	O Det=5514	H Det=2192	Mon Det=74611	Aux Det=5446	O+H=13152	 DONE
25/10/2025 00:45:54:	MOVE MOTOR REL	S18.axis2.phaseshifter 1	deg	0.06474	FALSE DONE
25/10/2025 00:45:57:	26	count	time	30.0s/cts	O Det=5678	H Det=2190	Mon Det=75046	Aux Det=5661	O+H=13529	 DONE
25/10/2025 00:46:29:	MOVE MOTOR REL	S18.axis2.phaseshifter 1	deg	0.06474	FALSE DONE
25/10/2025 00:46:33:	27	count	time	30.0s/cts	O Det=5278	H Det=2155	Mon Det=74538	Aux Det=6393	O+H=13826	 DONE
25/10/2025 00:47:04:	MOVE MOTOR REL	S18.axis2.phaseshifter 1	deg	0.06474	FALSE DONE
25/10/2025 00:47:08:	28	count	time	30.0s/cts	O Det=4276	H Det=2275	Mon Det=74691	Aux Det=7327	O+H=13878	 DONE
25/10/2025 00:47:39:	MOVE MOTOR REL	S18.axis2.phaseshifter 1	deg	0.06474	FALSE DONE
25/10/2025 00:47:43:	29	count	time	30.0s/cts	O Det=3830	H Det=2242	Mon Det=74719	Aux Det=8499	O+H=14571	 DONE
25/10/2025 00:48:15:	MOVE MOTOR REL	S18.axis2.phaseshifter 1	deg	0.06474	FALSE DONE
25/10/2025 00:48:18:	30	count	time	30.0s/cts	O Det=2970	H Det=2337	Mon Det=75719	Aux Det=9542	O+H=14849	 DONE
25/10/2025 00:48:50:	MOVE MOTOR REL	S18.axis2.phaseshifter 1	deg	0.06474	FALSE DONE
25/10/2025 00:48:53:	31	count	time	30.0s/cts	O Det=2371	H Det=2355	Mon Det=75192	Aux Det=10609	O+H=15335	 DONE
25/10/2025 00:49:25:	MOVE MOTOR REL	S18.axis2.phaseshifter 1	deg	0.06474	FALSE DONE
25/10/2025 00:49:29:	32	count	time	30.0s/cts	O Det=1927	H Det=2392	Mon Det=75456	Aux Det=11345	O+H=15664	 DONE
25/10/2025 00:50:00:	MOVE MOTOR REL	S18.axis2.phaseshifter 1	deg	0.06474	FALSE DONE
25/10/2025 00:50:04:	33	count	time	30.0s/cts	O Det=1722	H Det=2378	Mon Det=74648	Aux Det=11740	O+H=15840	 DONE
25/10/2025 00:50:36:	MOVE MOTOR REL	S18.axis2.phaseshifter 1	deg	0.06474	FALSE DONE
25/10/2025 00:50:39:	34	count	time	30.0s/cts	O Det=1875	H Det=2346	Mon Det=74727	Aux Det=11555	O+H=15776	 DONE
25/10/2025 00:51:11:	MOVE MOTOR REL	S18.axis2.phaseshifter 1	deg	0.06474	FALSE DONE
25/10/2025 00:51:14:	35	count	time	30.0s/cts	O Det=2296	H Det=2270	Mon Det=74001	Aux Det=10873	O+H=15439	 DONE
25/10/2025 00:51:46:	MOVE MOTOR REL	S18.axis2.phaseshifter 1	deg	0.06474	FALSE DONE
25/10/2025 00:51:50:	36	count	time	30.0s/cts	O Det=2898	H Det=2300	Mon Det=74757	Aux Det=9761	O+H=14959	 DONE
25/10/2025 00:52:21:	MOVE MOTOR REL	S18.axis2.phaseshifter 1	deg	0.06474	FALSE DONE
25/10/2025 00:52:25:	37	count	time	30.0s/cts	O Det=3642	H Det=2286	Mon Det=75886	Aux Det=8891	O+H=14819	 DONE
25/10/2025 00:52:56:	MOVE MOTOR REL	S18.axis2.phaseshifter 1	deg	0.06474	FALSE DONE
25/10/2025 00:53:00:	38	count	time	30.0s/cts	O Det=4206	H Det=2371	Mon Det=75309	Aux Det=7484	O+H=14061	 DONE
25/10/2025 00:53:32:	MOVE MOTOR REL	S18.axis2.phaseshifter 1	deg	0.06474	FALSE DONE
25/10/2025 00:53:35:	39	count	time	30.0s/cts	O Det=5198	H Det=2217	Mon Det=76157	Aux Det=6446	O+H=13861	 DONE
25/10/2025 00:54:07:	MOVE MOTOR REL	S18.axis2.phaseshifter 1	deg	0.06474	FALSE DONE
25/10/2025 00:54:10:	40	count	time	30.0s/cts	O Det=5376	H Det=2291	Mon Det=75182	Aux Det=5703	O+H=13370	 DONE
25/10/2025 00:54:42:	MOVE MOTOR REL	S18.axis2.phaseshifter 1	deg	0.06474	FALSE DONE
25/10/2025 00:54:46:	41	count	time	30.0s/cts	O Det=5633	H Det=2211	Mon Det=74606	Aux Det=5438	O+H=13282	 DONE
25/10/2025 00:55:17:	MOVE MOTOR REL	S18.axis2.phaseshifter 1	deg	0.06474	FALSE DONE
25/10/2025 00:55:21:	42	count	time	30.0s/cts	O Det=5450	H Det=2302	Mon Det=74632	Aux Det=5782	O+H=13534	 DONE
25/10/2025 00:55:52:	MOVE MOTOR REL	S18.axis2.phaseshifter 1	deg	0.06474	FALSE DONE
25/10/2025 00:55:56:	43	count	time	30.0s/cts	O Det=5091	H Det=2320	Mon Det=74212	Aux Det=6284	O+H=13695	 DONE
25/10/2025 00:56:28:	MOVE MOTOR REL	S18.axis2.phaseshifter 1	deg	0.06474	FALSE DONE
25/10/2025 00:56:31:	44	count	time	30.0s/cts	O Det=4718	H Det=2299	Mon Det=75328	Aux Det=7069	O+H=14086	 DONE
25/10/2025 00:57:03:	MOVE MOTOR REL	S18.axis2.phaseshifter 1	deg	0.06474	FALSE DONE
25/10/2025 00:57:07:	45	count	time	30.0s/cts	O Det=3904	H Det=2256	Mon Det=75493	Aux Det=8453	O+H=14613	 DONE
25/10/2025 00:57:38:	MOVE MOTOR REL	S18.axis2.phaseshifter 1	deg	0.06474	FALSE DONE
25/10/2025 00:57:42:	46	count	time	30.0s/cts	O Det=3070	H Det=2358	Mon Det=74872	Aux Det=9537	O+H=14965	 DONE
25/10/2025 00:58:13:	MOVE MOTOR REL	S18.axis2.phaseshifter 1	deg	0.06474	FALSE DONE
25/10/2025 00:58:17:	47	count	time	30.0s/cts	O Det=2451	H Det=2344	Mon Det=75615	Aux Det=10409	O+H=15204	 DONE
25/10/2025 00:58:49:	MOVE MOTOR REL	S18.axis2.phaseshifter 1	deg	0.06474	FALSE DONE
25/10/2025 00:58:52:	48	count	time	30.0s/cts	O Det=2099	H Det=2268	Mon Det=74661	Aux Det=11191	O+H=15558	 DONE
25/10/2025 00:59:24:	close file and end scan	 DONE
call of ifg1r_newPS_2p30s_no_fit.sc DONE
25/10/2025 00:59:25:	create file	D:\data\Cycle 198\exp_3-16-19\rawdata\sc\ifg_wv3_psi_+1+1+1_no_fit_25Oct0059.dat	 DONE
room to enter remarks DONE
25/10/2025 00:59:26:	close file and end scan	 DONE
call of int_meas_path213.sc DONE
25/10/2025 00:59:27:	END OF SCRIPT	 DONE
