20/10/2025 04:10:35:	start execution of script D:\data\Cycle 198\exp_3-16-19\rawdata\sc\ifg_wv3_psi_+1+1+1.sc	 DONE
20/10/2025 04:10:35:	create file	D:\data\Cycle 198\exp_3-16-19\rawdata\sc\ifg_wv3_psi_+1+1+1_20Oct0410.dat	 DONE
room to enter remarks DONE
20/10/2025 04:10:36:	MOVE MOTOR REL	S18.axis2.phaseshifter 1	deg	0.0	FALSE DONE
20/10/2025 04:10:40:	1	count	time	30.0s/cts	O Det=6226	H Det=2278	Mon Det=72440	Aux Det=4958	O+H=13462	 DONE
20/10/2025 04:11:11:	MOVE MOTOR REL	S18.axis2.phaseshifter 1	deg	0.07	FALSE DONE
20/10/2025 04:11:15:	2	count	time	30.0s/cts	O Det=6189	H Det=2288	Mon Det=72667	Aux Det=5144	O+H=13621	 DONE
20/10/2025 04:11:47:	MOVE MOTOR REL	S18.axis2.phaseshifter 1	deg	0.07	FALSE DONE
20/10/2025 04:11:50:	3	count	time	30.0s/cts	O Det=5570	H Det=2304	Mon Det=72575	Aux Det=6094	O+H=13968	 DONE
20/10/2025 04:12:22:	MOVE MOTOR REL	S18.axis2.phaseshifter 1	deg	0.07	FALSE DONE
20/10/2025 04:12:26:	4	count	time	30.0s/cts	O Det=4755	H Det=2385	Mon Det=72772	Aux Det=7067	O+H=14207	 DONE
20/10/2025 04:12:57:	MOVE MOTOR REL	S18.axis2.phaseshifter 1	deg	0.07	FALSE DONE
20/10/2025 04:13:01:	5	count	time	30.0s/cts	O Det=3800	H Det=2290	Mon Det=72831	Aux Det=8413	O+H=14503	 DONE
20/10/2025 04:13:32:	MOVE MOTOR REL	S18.axis2.phaseshifter 1	deg	0.07	FALSE DONE
20/10/2025 04:13:36:	6	count	time	30.0s/cts	O Det=2933	H Det=2450	Mon Det=73106	Aux Det=10112	O+H=15495	 DONE
20/10/2025 04:14:08:	MOVE MOTOR REL	S18.axis2.phaseshifter 1	deg	0.07	FALSE DONE
20/10/2025 04:14:11:	7	count	time	30.0s/cts	O Det=2186	H Det=2336	Mon Det=73186	Aux Det=11326	O+H=15848	 DONE
20/10/2025 04:14:43:	MOVE MOTOR REL	S18.axis2.phaseshifter 1	deg	0.07	FALSE DONE
20/10/2025 04:14:47:	8	count	time	30.0s/cts	O Det=1743	H Det=2312	Mon Det=73231	Aux Det=12086	O+H=16141	 DONE
20/10/2025 04:15:18:	MOVE MOTOR REL	S18.axis2.phaseshifter 1	deg	0.07	FALSE DONE
20/10/2025 04:15:22:	9	count	time	30.0s/cts	O Det=1516	H Det=2237	Mon Det=72932	Aux Det=12503	O+H=16256	 DONE
20/10/2025 04:15:54:	MOVE MOTOR REL	S18.axis2.phaseshifter 1	deg	0.07	FALSE DONE
20/10/2025 04:15:57:	10	count	time	30.0s/cts	O Det=1700	H Det=2239	Mon Det=73184	Aux Det=12151	O+H=16090	 DONE
20/10/2025 04:16:29:	MOVE MOTOR REL	S18.axis2.phaseshifter 1	deg	0.07	FALSE DONE
20/10/2025 04:16:33:	11	count	time	30.0s/cts	O Det=2477	H Det=2260	Mon Det=72756	Aux Det=11234	O+H=15971	 DONE
20/10/2025 04:17:05:	MOVE MOTOR REL	S18.axis2.phaseshifter 1	deg	0.07	FALSE DONE
20/10/2025 04:17:08:	12	count	time	30.0s/cts	O Det=3153	H Det=2156	Mon Det=72436	Aux Det=10028	O+H=15337	 DONE
20/10/2025 04:17:40:	MOVE MOTOR REL	S18.axis2.phaseshifter 1	deg	0.07	FALSE DONE
20/10/2025 04:17:43:	13	count	time	30.0s/cts	O Det=4050	H Det=2166	Mon Det=72816	Aux Det=8517	O+H=14733	 DONE
20/10/2025 04:18:15:	MOVE MOTOR REL	S18.axis2.phaseshifter 1	deg	0.07	FALSE DONE
20/10/2025 04:18:19:	14	count	time	30.0s/cts	O Det=4952	H Det=2175	Mon Det=72715	Aux Det=7251	O+H=14378	 DONE
20/10/2025 04:18:50:	MOVE MOTOR REL	S18.axis2.phaseshifter 1	deg	0.07	FALSE DONE
20/10/2025 04:18:54:	15	count	time	30.0s/cts	O Det=5707	H Det=2162	Mon Det=72967	Aux Det=5866	O+H=13735	 DONE
20/10/2025 04:19:26:	MOVE MOTOR REL	S18.axis2.phaseshifter 1	deg	0.07	FALSE DONE
20/10/2025 04:19:29:	16	count	time	30.0s/cts	O Det=6167	H Det=2257	Mon Det=73115	Aux Det=5183	O+H=13607	 DONE
20/10/2025 04:20:01:	MOVE MOTOR REL	S18.axis2.phaseshifter 1	deg	0.07	FALSE DONE
20/10/2025 04:20:05:	17	count	time	30.0s/cts	O Det=6356	H Det=2183	Mon Det=72669	Aux Det=4858	O+H=13397	 DONE
20/10/2025 04:20:36:	MOVE MOTOR REL	S18.axis2.phaseshifter 1	deg	0.07	FALSE DONE
20/10/2025 04:20:40:	18	count	time	30.0s/cts	O Det=5943	H Det=2237	Mon Det=72793	Aux Det=5382	O+H=13562	 DONE
20/10/2025 04:21:12:	MOVE MOTOR REL	S18.axis2.phaseshifter 1	deg	0.07	FALSE DONE
20/10/2025 04:21:15:	19	count	time	30.0s/cts	O Det=5563	H Det=2220	Mon Det=72931	Aux Det=6071	O+H=13854	 DONE
20/10/2025 04:21:47:	MOVE MOTOR REL	S18.axis2.phaseshifter 1	deg	0.07	FALSE DONE
20/10/2025 04:21:51:	20	count	time	30.0s/cts	O Det=4909	H Det=2243	Mon Det=73379	Aux Det=7001	O+H=14153	 DONE
20/10/2025 04:22:22:	MOVE MOTOR REL	S18.axis2.phaseshifter 1	deg	0.07	FALSE DONE
20/10/2025 04:22:26:	21	count	time	30.0s/cts	O Det=3997	H Det=2264	Mon Det=73460	Aux Det=8243	O+H=14504	 DONE
20/10/2025 04:22:58:	MOVE MOTOR REL	S18.axis2.phaseshifter 1	deg	0.07	FALSE DONE
20/10/2025 04:23:01:	22	count	time	30.0s/cts	O Det=3069	H Det=2355	Mon Det=72644	Aux Det=9956	O+H=15380	 DONE
20/10/2025 04:23:33:	MOVE MOTOR REL	S18.axis2.phaseshifter 1	deg	0.07	FALSE DONE
20/10/2025 04:23:36:	23	count	time	30.0s/cts	O Det=2374	H Det=2335	Mon Det=73353	Aux Det=11041	O+H=15750	 DONE
20/10/2025 04:24:08:	MOVE MOTOR REL	S18.axis2.phaseshifter 1	deg	0.07	FALSE DONE
20/10/2025 04:24:12:	24	count	time	30.0s/cts	O Det=1819	H Det=2247	Mon Det=72972	Aux Det=12039	O+H=16105	 DONE
20/10/2025 04:24:43:	MOVE MOTOR REL	S18.axis2.phaseshifter 1	deg	0.07	FALSE DONE
20/10/2025 04:24:47:	25	count	time	30.0s/cts	O Det=1547	H Det=2240	Mon Det=72881	Aux Det=12275	O+H=16062	 DONE
20/10/2025 04:25:19:	MOVE MOTOR REL	S18.axis2.phaseshifter 1	deg	0.07	FALSE DONE
20/10/2025 04:25:22:	26	count	time	30.0s/cts	O Det=1588	H Det=2267	Mon Det=72507	Aux Det=12364	O+H=16219	 DONE
20/10/2025 04:25:54:	MOVE MOTOR REL	S18.axis2.phaseshifter 1	deg	0.07	FALSE DONE
20/10/2025 04:25:57:	27	count	time	30.0s/cts	O Det=1922	H Det=2138	Mon Det=72992	Aux Det=11789	O+H=15849	 DONE
20/10/2025 04:26:29:	MOVE MOTOR REL	S18.axis2.phaseshifter 1	deg	0.07	FALSE DONE
20/10/2025 04:26:33:	28	count	time	30.0s/cts	O Det=2508	H Det=2267	Mon Det=73217	Aux Det=10814	O+H=15589	 DONE
20/10/2025 04:27:04:	MOVE MOTOR REL	S18.axis2.phaseshifter 1	deg	0.07	FALSE DONE
20/10/2025 04:27:08:	29	count	time	30.0s/cts	O Det=3459	H Det=2188	Mon Det=73306	Aux Det=9598	O+H=15245	 DONE
20/10/2025 04:27:40:	MOVE MOTOR REL	S18.axis2.phaseshifter 1	deg	0.07	FALSE DONE
20/10/2025 04:27:43:	30	count	time	30.0s/cts	O Det=4470	H Det=2244	Mon Det=72658	Aux Det=7603	O+H=14317	 DONE
20/10/2025 04:28:15:	MOVE MOTOR REL	S18.axis2.phaseshifter 1	deg	0.07	FALSE DONE
20/10/2025 04:28:19:	31	count	time	30.0s/cts	O Det=5366	H Det=2225	Mon Det=72532	Aux Det=6320	O+H=13911	 DONE
20/10/2025 04:28:50:	MOVE MOTOR REL	S18.axis2.phaseshifter 1	deg	0.07	FALSE DONE
20/10/2025 04:28:54:	32	count	time	30.0s/cts	O Det=6015	H Det=2205	Mon Det=72291	Aux Det=5204	O+H=13424	 DONE
20/10/2025 04:29:26:	NO ACTION	 DONE
20/10/2025 04:29:26:	close file and end scan	 DONE
call of ifg1r_newPS_2p30s.sc DONE
20/10/2025 04:29:27:	move motor	S18.axis2.phaseshifter 1 to fit O COS-450	-1.435839reached -1.43921  DONE
call of ifg1R_newPS_2p30s_0_+1+1+1_wv3.sc DONE
20/10/2025 04:29:31:	create file	D:\data\Cycle 198\exp_3-16-19\rawdata\sc\ifg_wv3_psi_+1+1+1_20Oct0429.dat	 DONE
room to enter remarks DONE
20/10/2025 04:29:32:	MOVE MOTOR REL	S18.axis2.phaseshifter 1	deg	0.0	FALSE DONE
20/10/2025 04:29:36:	1	count	time	30.0s/cts	O Det=3636	H Det=2147	Mon Det=72729	Aux Det=9050	O+H=14833	 DONE
20/10/2025 04:30:07:	MOVE MOTOR REL	S18.axis2.phaseshifter 1	deg	0.07	FALSE DONE
20/10/2025 04:30:11:	2	count	time	30.0s/cts	O Det=4585	H Det=2220	Mon Det=73103	Aux Det=7555	O+H=14360	 DONE
20/10/2025 04:30:43:	MOVE MOTOR REL	S18.axis2.phaseshifter 1	deg	0.07	FALSE DONE
20/10/2025 04:30:47:	3	count	time	30.0s/cts	O Det=5445	H Det=2173	Mon Det=73093	Aux Det=6349	O+H=13967	 DONE
20/10/2025 04:31:18:	MOVE MOTOR REL	S18.axis2.phaseshifter 1	deg	0.07	FALSE DONE
20/10/2025 04:31:22:	4	count	time	30.0s/cts	O Det=6103	H Det=2259	Mon Det=73353	Aux Det=5366	O+H=13728	 DONE
20/10/2025 04:31:54:	MOVE MOTOR REL	S18.axis2.phaseshifter 1	deg	0.07	FALSE DONE
20/10/2025 04:31:57:	5	count	time	30.0s/cts	O Det=6011	H Det=2167	Mon Det=73704	Aux Det=5012	O+H=13190	 DONE
20/10/2025 04:32:29:	MOVE MOTOR REL	S18.axis2.phaseshifter 1	deg	0.07	FALSE DONE
20/10/2025 04:32:32:	6	count	time	30.0s/cts	O Det=6233	H Det=2147	Mon Det=72869	Aux Det=4912	O+H=13292	 DONE
20/10/2025 04:33:04:	MOVE MOTOR REL	S18.axis2.phaseshifter 1	deg	0.07	FALSE DONE
20/10/2025 04:33:08:	7	count	time	30.0s/cts	O Det=5767	H Det=2250	Mon Det=72606	Aux Det=5460	O+H=13477	 DONE
20/10/2025 04:33:39:	MOVE MOTOR REL	S18.axis2.phaseshifter 1	deg	0.07	FALSE DONE
20/10/2025 04:33:43:	8	count	time	30.0s/cts	O Det=5151	H Det=2267	Mon Det=73040	Aux Det=6241	O+H=13659	 DONE
20/10/2025 04:34:15:	MOVE MOTOR REL	S18.axis2.phaseshifter 1	deg	0.07	FALSE DONE
20/10/2025 04:34:19:	9	count	time	30.0s/cts	O Det=4472	H Det=2246	Mon Det=72909	Aux Det=7702	O+H=14420	 DONE
20/10/2025 04:34:50:	MOVE MOTOR REL	S18.axis2.phaseshifter 1	deg	0.07	FALSE DONE
20/10/2025 04:34:54:	10	count	time	30.0s/cts	O Det=3401	H Det=2240	Mon Det=72860	Aux Det=9293	O+H=14934	 DONE
20/10/2025 04:35:26:	MOVE MOTOR REL	S18.axis2.phaseshifter 1	deg	0.07	FALSE DONE
20/10/2025 04:35:29:	11	count	time	30.0s/cts	O Det=2632	H Det=2282	Mon Det=72923	Aux Det=10554	O+H=15468	 DONE
20/10/2025 04:36:01:	MOVE MOTOR REL	S18.axis2.phaseshifter 1	deg	0.07	FALSE DONE
20/10/2025 04:36:04:	12	count	time	30.0s/cts	O Det=2040	H Det=2298	Mon Det=72479	Aux Det=11428	O+H=15766	 DONE
20/10/2025 04:36:36:	MOVE MOTOR REL	S18.axis2.phaseshifter 1	deg	0.07	FALSE DONE
20/10/2025 04:36:40:	13	count	time	30.0s/cts	O Det=1619	H Det=2202	Mon Det=72797	Aux Det=12189	O+H=16010	 DONE
20/10/2025 04:37:11:	MOVE MOTOR REL	S18.axis2.phaseshifter 1	deg	0.07	FALSE DONE
20/10/2025 04:37:15:	14	count	time	30.0s/cts	O Det=1517	H Det=2285	Mon Det=72829	Aux Det=12420	O+H=16222	 DONE
20/10/2025 04:37:47:	MOVE MOTOR REL	S18.axis2.phaseshifter 1	deg	0.07	FALSE DONE
20/10/2025 04:37:50:	15	count	time	30.0s/cts	O Det=1700	H Det=2166	Mon Det=72683	Aux Det=12199	O+H=16065	 DONE
20/10/2025 04:38:22:	MOVE MOTOR REL	S18.axis2.phaseshifter 1	deg	0.07	FALSE DONE
20/10/2025 04:38:26:	16	count	time	30.0s/cts	O Det=2263	H Det=2212	Mon Det=73365	Aux Det=11200	O+H=15675	 DONE
20/10/2025 04:38:57:	MOVE MOTOR REL	S18.axis2.phaseshifter 1	deg	0.07	FALSE DONE
20/10/2025 04:39:01:	17	count	time	30.0s/cts	O Det=3127	H Det=2076	Mon Det=72786	Aux Det=9991	O+H=15194	 DONE
20/10/2025 04:39:33:	MOVE MOTOR REL	S18.axis2.phaseshifter 1	deg	0.07	FALSE DONE
20/10/2025 04:39:36:	18	count	time	30.0s/cts	O Det=3989	H Det=2093	Mon Det=73113	Aux Det=8626	O+H=14708	 DONE
20/10/2025 04:40:08:	MOVE MOTOR REL	S18.axis2.phaseshifter 1	deg	0.07	FALSE DONE
20/10/2025 04:40:12:	19	count	time	30.0s/cts	O Det=4798	H Det=2110	Mon Det=72768	Aux Det=7073	O+H=13981	 DONE
20/10/2025 04:40:43:	MOVE MOTOR REL	S18.axis2.phaseshifter 1	deg	0.07	FALSE DONE
20/10/2025 04:40:47:	20	count	time	30.0s/cts	O Det=5612	H Det=2175	Mon Det=73275	Aux Det=6106	O+H=13893	 DONE
20/10/2025 04:41:19:	MOVE MOTOR REL	S18.axis2.phaseshifter 1	deg	0.07	FALSE DONE
20/10/2025 04:41:22:	21	count	time	30.0s/cts	O Det=6198	H Det=2240	Mon Det=72850	Aux Det=5104	O+H=13542	 DONE
20/10/2025 04:41:54:	MOVE MOTOR REL	S18.axis2.phaseshifter 1	deg	0.07	FALSE DONE
20/10/2025 04:41:58:	22	count	time	30.0s/cts	O Det=6198	H Det=2200	Mon Det=72793	Aux Det=4782	O+H=13180	 DONE
20/10/2025 04:42:29:	MOVE MOTOR REL	S18.axis2.phaseshifter 1	deg	0.07	FALSE DONE
20/10/2025 04:42:33:	23	count	time	30.0s/cts	O Det=5974	H Det=2210	Mon Det=73049	Aux Det=5184	O+H=13368	 DONE
20/10/2025 04:43:04:	MOVE MOTOR REL	S18.axis2.phaseshifter 1	deg	0.07	FALSE DONE
20/10/2025 04:43:08:	24	count	time	30.0s/cts	O Det=5475	H Det=2216	Mon Det=72671	Aux Det=6391	O+H=14082	 DONE
20/10/2025 04:43:40:	MOVE MOTOR REL	S18.axis2.phaseshifter 1	deg	0.07	FALSE DONE
20/10/2025 04:43:43:	25	count	time	30.0s/cts	O Det=4439	H Det=2270	Mon Det=73270	Aux Det=7515	O+H=14224	 DONE
20/10/2025 04:44:15:	MOVE MOTOR REL	S18.axis2.phaseshifter 1	deg	0.07	FALSE DONE
20/10/2025 04:44:19:	26	count	time	30.0s/cts	O Det=3417	H Det=2195	Mon Det=72784	Aux Det=9062	O+H=14674	 DONE
20/10/2025 04:44:50:	MOVE MOTOR REL	S18.axis2.phaseshifter 1	deg	0.07	FALSE DONE
20/10/2025 04:44:54:	27	count	time	30.0s/cts	O Det=2735	H Det=2359	Mon Det=72797	Aux Det=10565	O+H=15659	 DONE
20/10/2025 04:45:26:	MOVE MOTOR REL	S18.axis2.phaseshifter 1	deg	0.07	FALSE DONE
20/10/2025 04:45:29:	28	count	time	30.0s/cts	O Det=1924	H Det=2214	Mon Det=73274	Aux Det=11888	O+H=16026	 DONE
20/10/2025 04:46:01:	MOVE MOTOR REL	S18.axis2.phaseshifter 1	deg	0.07	FALSE DONE
20/10/2025 04:46:04:	29	count	time	30.0s/cts	O Det=1545	H Det=2305	Mon Det=72582	Aux Det=12298	O+H=16148	 DONE
20/10/2025 04:46:36:	MOVE MOTOR REL	S18.axis2.phaseshifter 1	deg	0.07	FALSE DONE
20/10/2025 04:46:40:	30	count	time	30.0s/cts	O Det=1557	H Det=2230	Mon Det=72990	Aux Det=12164	O+H=15951	 DONE
20/10/2025 04:47:11:	MOVE MOTOR REL	S18.axis2.phaseshifter 1	deg	0.07	FALSE DONE
20/10/2025 04:47:15:	31	count	time	30.0s/cts	O Det=1863	H Det=2225	Mon Det=73079	Aux Det=11717	O+H=15805	 DONE
20/10/2025 04:47:47:	MOVE MOTOR REL	S18.axis2.phaseshifter 1	deg	0.07	FALSE DONE
20/10/2025 04:47:50:	32	count	time	30.0s/cts	O Det=2652	H Det=2209	Mon Det=73092	Aux Det=10857	O+H=15718	 DONE
20/10/2025 04:48:22:	NO ACTION	 DONE
20/10/2025 04:48:22:	close file and end scan	 DONE
call of ifg1r_newPS_2p30s.sc DONE
20/10/2025 04:48:24:	move motor	S18.axis2.phaseshifter 1 to fit O COS90	-0.913568reached -0.90088  DONE
call of ifg1R_newPS_2p30s_m90_+1+1+1_wv3.sc DONE
20/10/2025 04:48:27:	create file	D:\data\Cycle 198\exp_3-16-19\rawdata\sc\ifg_wv3_psi_+1+1+1_20Oct0448.dat	 DONE
room to enter remarks DONE
20/10/2025 04:48:28:	MOVE MOTOR REL	S18.axis2.phaseshifter 1	deg	0.0	FALSE DONE
20/10/2025 04:48:31:	1	count	time	30.0s/cts	O Det=3688	H Det=2391	Mon Det=72862	Aux Det=8735	O+H=14814	 DONE
20/10/2025 04:49:03:	MOVE MOTOR REL	S18.axis2.phaseshifter 1	deg	0.07	FALSE DONE
20/10/2025 04:49:07:	2	count	time	30.0s/cts	O Det=2965	H Det=2268	Mon Det=72966	Aux Det=10008	O+H=15241	 DONE
20/10/2025 04:49:38:	MOVE MOTOR REL	S18.axis2.phaseshifter 1	deg	0.07	FALSE DONE
20/10/2025 04:49:42:	3	count	time	30.0s/cts	O Det=2184	H Det=2281	Mon Det=73350	Aux Det=11399	O+H=15864	 DONE
20/10/2025 04:50:14:	MOVE MOTOR REL	S18.axis2.phaseshifter 1	deg	0.07	FALSE DONE
20/10/2025 04:50:17:	4	count	time	30.0s/cts	O Det=1646	H Det=2242	Mon Det=72439	Aux Det=11888	O+H=15776	 DONE
20/10/2025 04:50:49:	MOVE MOTOR REL	S18.axis2.phaseshifter 1	deg	0.07	FALSE DONE
20/10/2025 04:50:53:	5	count	time	30.0s/cts	O Det=1538	H Det=2255	Mon Det=72559	Aux Det=12270	O+H=16063	 DONE
20/10/2025 04:51:24:	MOVE MOTOR REL	S18.axis2.phaseshifter 1	deg	0.07	FALSE DONE
20/10/2025 04:51:28:	6	count	time	30.0s/cts	O Det=1769	H Det=2211	Mon Det=73080	Aux Det=12048	O+H=16028	 DONE
20/10/2025 04:52:00:	MOVE MOTOR REL	S18.axis2.phaseshifter 1	deg	0.07	FALSE DONE
20/10/2025 04:52:03:	7	count	time	30.0s/cts	O Det=2298	H Det=2291	Mon Det=73003	Aux Det=11122	O+H=15711	 DONE
20/10/2025 04:52:35:	MOVE MOTOR REL	S18.axis2.phaseshifter 1	deg	0.07	FALSE DONE
20/10/2025 04:52:39:	8	count	time	30.0s/cts	O Det=3123	H Det=2157	Mon Det=72805	Aux Det=9844	O+H=15124	 DONE
20/10/2025 04:53:10:	MOVE MOTOR REL	S18.axis2.phaseshifter 1	deg	0.07	FALSE DONE
20/10/2025 04:53:14:	9	count	time	30.0s/cts	O Det=4016	H Det=2083	Mon Det=72884	Aux Det=8625	O+H=14724	 DONE
20/10/2025 04:53:46:	MOVE MOTOR REL	S18.axis2.phaseshifter 1	deg	0.07	FALSE DONE
20/10/2025 04:53:49:	10	count	time	30.0s/cts	O Det=4776	H Det=2103	Mon Det=73165	Aux Det=7205	O+H=14084	 DONE
20/10/2025 04:54:21:	MOVE MOTOR REL	S18.axis2.phaseshifter 1	deg	0.07	FALSE DONE
20/10/2025 04:54:25:	11	count	time	30.0s/cts	O Det=5753	H Det=2241	Mon Det=72645	Aux Det=5752	O+H=13746	 DONE
20/10/2025 04:54:56:	MOVE MOTOR REL	S18.axis2.phaseshifter 1	deg	0.07	FALSE DONE
20/10/2025 04:55:00:	12	count	time	30.0s/cts	O Det=6175	H Det=2212	Mon Det=72690	Aux Det=5033	O+H=13420	 DONE
20/10/2025 04:55:32:	MOVE MOTOR REL	S18.axis2.phaseshifter 1	deg	0.07	FALSE DONE
20/10/2025 04:55:35:	13	count	time	30.0s/cts	O Det=6180	H Det=2297	Mon Det=72912	Aux Det=5019	O+H=13496	 DONE
20/10/2025 04:56:07:	MOVE MOTOR REL	S18.axis2.phaseshifter 1	deg	0.07	FALSE DONE
20/10/2025 04:56:10:	14	count	time	30.0s/cts	O Det=5913	H Det=2210	Mon Det=72520	Aux Det=5297	O+H=13420	 DONE
20/10/2025 04:56:42:	MOVE MOTOR REL	S18.axis2.phaseshifter 1	deg	0.07	FALSE DONE
20/10/2025 04:56:46:	15	count	time	30.0s/cts	O Det=5499	H Det=2228	Mon Det=72708	Aux Det=6041	O+H=13768	 DONE
20/10/2025 04:57:17:	MOVE MOTOR REL	S18.axis2.phaseshifter 1	deg	0.07	FALSE DONE
20/10/2025 04:57:21:	16	count	time	30.0s/cts	O Det=4574	H Det=2291	Mon Det=73093	Aux Det=7346	O+H=14211	 DONE
20/10/2025 04:57:53:	MOVE MOTOR REL	S18.axis2.phaseshifter 1	deg	0.07	FALSE DONE
20/10/2025 04:57:56:	17	count	time	30.0s/cts	O Det=3644	H Det=2222	Mon Det=72582	Aux Det=8871	O+H=14737	 DONE
20/10/2025 04:58:28:	MOVE MOTOR REL	S18.axis2.phaseshifter 1	deg	0.07	FALSE DONE
20/10/2025 04:58:32:	18	count	time	30.0s/cts	O Det=2860	H Det=2261	Mon Det=73045	Aux Det=10324	O+H=15445	 DONE
20/10/2025 04:59:03:	MOVE MOTOR REL	S18.axis2.phaseshifter 1	deg	0.07	FALSE DONE
20/10/2025 04:59:07:	19	count	time	30.0s/cts	O Det=2069	H Det=2278	Mon Det=73087	Aux Det=11447	O+H=15794	 DONE
20/10/2025 04:59:39:	MOVE MOTOR REL	S18.axis2.phaseshifter 1	deg	0.07	FALSE DONE
20/10/2025 04:59:42:	20	count	time	30.0s/cts	O Det=1548	H Det=2328	Mon Det=73094	Aux Det=11970	O+H=15846	 DONE
20/10/2025 05:00:14:	MOVE MOTOR REL	S18.axis2.phaseshifter 1	deg	0.07	FALSE DONE
20/10/2025 05:00:17:	21	count	time	30.0s/cts	O Det=1597	H Det=2226	Mon Det=72999	Aux Det=12378	O+H=16201	 DONE
20/10/2025 05:00:49:	MOVE MOTOR REL	S18.axis2.phaseshifter 1	deg	0.07	FALSE DONE
20/10/2025 05:00:53:	22	count	time	30.0s/cts	O Det=1642	H Det=2210	Mon Det=73164	Aux Det=12100	O+H=15952	 DONE
20/10/2025 05:01:25:	MOVE MOTOR REL	S18.axis2.phaseshifter 1	deg	0.07	FALSE DONE
20/10/2025 05:01:28:	23	count	time	30.0s/cts	O Det=2119	H Det=2198	Mon Det=72868	Aux Det=11314	O+H=15631	 DONE
20/10/2025 05:02:00:	MOVE MOTOR REL	S18.axis2.phaseshifter 1	deg	0.07	FALSE DONE
20/10/2025 05:02:03:	24	count	time	30.0s/cts	O Det=2895	H Det=2177	Mon Det=73109	Aux Det=10215	O+H=15287	 DONE
20/10/2025 05:02:35:	MOVE MOTOR REL	S18.axis2.phaseshifter 1	deg	0.07	FALSE DONE
20/10/2025 05:02:39:	25	count	time	30.0s/cts	O Det=3861	H Det=2101	Mon Det=72861	Aux Det=8881	O+H=14843	 DONE
20/10/2025 05:03:10:	MOVE MOTOR REL	S18.axis2.phaseshifter 1	deg	0.07	FALSE DONE
20/10/2025 05:03:14:	26	count	time	30.0s/cts	O Det=4794	H Det=2087	Mon Det=73122	Aux Det=7255	O+H=14136	 DONE
20/10/2025 05:03:46:	MOVE MOTOR REL	S18.axis2.phaseshifter 1	deg	0.07	FALSE DONE
20/10/2025 05:03:49:	27	count	time	30.0s/cts	O Det=5519	H Det=2241	Mon Det=72994	Aux Det=5814	O+H=13574	 DONE
20/10/2025 05:04:21:	MOVE MOTOR REL	S18.axis2.phaseshifter 1	deg	0.07	FALSE DONE
20/10/2025 05:04:24:	28	count	time	30.0s/cts	O Det=5996	H Det=2232	Mon Det=72958	Aux Det=5037	O+H=13265	 DONE
20/10/2025 05:04:56:	MOVE MOTOR REL	S18.axis2.phaseshifter 1	deg	0.07	FALSE DONE
20/10/2025 05:05:00:	29	count	time	30.0s/cts	O Det=6080	H Det=2261	Mon Det=72730	Aux Det=4859	O+H=13200	 DONE
20/10/2025 05:05:32:	MOVE MOTOR REL	S18.axis2.phaseshifter 1	deg	0.07	FALSE DONE
20/10/2025 05:05:35:	30	count	time	30.0s/cts	O Det=6051	H Det=2201	Mon Det=73232	Aux Det=5267	O+H=13519	 DONE
20/10/2025 05:06:07:	MOVE MOTOR REL	S18.axis2.phaseshifter 1	deg	0.07	FALSE DONE
20/10/2025 05:06:10:	31	count	time	30.0s/cts	O Det=5374	H Det=2192	Mon Det=72732	Aux Det=6002	O+H=13568	 DONE
20/10/2025 05:06:42:	MOVE MOTOR REL	S18.axis2.phaseshifter 1	deg	0.07	FALSE DONE
20/10/2025 05:06:46:	32	count	time	30.0s/cts	O Det=4500	H Det=2236	Mon Det=72829	Aux Det=7337	O+H=14073	 DONE
20/10/2025 05:07:17:	NO ACTION	 DONE
20/10/2025 05:07:18:	close file and end scan	 DONE
call of ifg1r_newPS_2p30s.sc DONE
20/10/2025 05:07:19:	move motor	S18.axis2.phaseshifter 1 to fit O COS-180	-0.652851reached -0.64819  DONE
call of ifg1R_newPS_2p30s_p90_+1+1+1_wv3.sc DONE
20/10/2025 05:07:23:	create file	D:\data\Cycle 198\exp_3-16-19\rawdata\sc\ifg_wv3_psi_+1+1+1_20Oct0507.dat	 DONE
room to enter remarks DONE
20/10/2025 05:07:24:	MOVE MOTOR REL	S18.axis2.phaseshifter 1	deg	0.0	FALSE DONE
20/10/2025 05:07:27:	1	count	time	30.0s/cts	O Det=1529	H Det=2251	Mon Det=72421	Aux Det=12707	O+H=16487	 DONE
20/10/2025 05:07:59:	MOVE MOTOR REL	S18.axis2.phaseshifter 1	deg	0.07	FALSE DONE
20/10/2025 05:08:02:	2	count	time	30.0s/cts	O Det=1707	H Det=2178	Mon Det=73262	Aux Det=11928	O+H=15813	 DONE
20/10/2025 05:08:34:	MOVE MOTOR REL	S18.axis2.phaseshifter 1	deg	0.07	FALSE DONE
20/10/2025 05:08:38:	3	count	time	30.0s/cts	O Det=2453	H Det=2065	Mon Det=72842	Aux Det=11085	O+H=15603	 DONE
20/10/2025 05:09:10:	MOVE MOTOR REL	S18.axis2.phaseshifter 1	deg	0.07	FALSE DONE
20/10/2025 05:09:13:	4	count	time	30.0s/cts	O Det=3060	H Det=2144	Mon Det=72970	Aux Det=9952	O+H=15156	 DONE
20/10/2025 05:09:45:	MOVE MOTOR REL	S18.axis2.phaseshifter 1	deg	0.07	FALSE DONE
20/10/2025 05:09:48:	5	count	time	30.0s/cts	O Det=3932	H Det=2208	Mon Det=73459	Aux Det=8674	O+H=14814	 DONE
20/10/2025 05:10:20:	MOVE MOTOR REL	S18.axis2.phaseshifter 1	deg	0.07	FALSE DONE
20/10/2025 05:10:24:	6	count	time	30.0s/cts	O Det=4833	H Det=2103	Mon Det=73085	Aux Det=7394	O+H=14330	 DONE
20/10/2025 05:10:56:	MOVE MOTOR REL	S18.axis2.phaseshifter 1	deg	0.07	FALSE DONE
20/10/2025 05:10:59:	7	count	time	30.0s/cts	O Det=5580	H Det=2129	Mon Det=72627	Aux Det=6014	O+H=13723	 DONE
20/10/2025 05:11:31:	MOVE MOTOR REL	S18.axis2.phaseshifter 1	deg	0.07	FALSE DONE
20/10/2025 05:11:34:	8	count	time	30.0s/cts	O Det=6299	H Det=2151	Mon Det=72930	Aux Det=5047	O+H=13497	 DONE
20/10/2025 05:12:06:	MOVE MOTOR REL	S18.axis2.phaseshifter 1	deg	0.07	FALSE DONE
20/10/2025 05:12:10:	9	count	time	30.0s/cts	O Det=6096	H Det=2241	Mon Det=73218	Aux Det=4756	O+H=13093	 DONE
20/10/2025 05:12:41:	MOVE MOTOR REL	S18.axis2.phaseshifter 1	deg	0.07	FALSE DONE
20/10/2025 05:12:45:	10	count	time	30.0s/cts	O Det=5983	H Det=2283	Mon Det=73376	Aux Det=5111	O+H=13377	 DONE
20/10/2025 05:13:17:	MOVE MOTOR REL	S18.axis2.phaseshifter 1	deg	0.07	FALSE DONE
20/10/2025 05:13:20:	11	count	time	30.0s/cts	O Det=5315	H Det=2279	Mon Det=73129	Aux Det=6128	O+H=13722	 DONE
20/10/2025 05:13:52:	MOVE MOTOR REL	S18.axis2.phaseshifter 1	deg	0.07	FALSE DONE
20/10/2025 05:13:56:	12	count	time	30.0s/cts	O Det=4697	H Det=2215	Mon Det=73207	Aux Det=7144	O+H=14056	 DONE
20/10/2025 05:14:27:	MOVE MOTOR REL	S18.axis2.phaseshifter 1	deg	0.07	FALSE DONE
20/10/2025 05:14:31:	13	count	time	30.0s/cts	O Det=3943	H Det=2306	Mon Det=72813	Aux Det=8341	O+H=14590	 DONE
20/10/2025 05:15:03:	MOVE MOTOR REL	S18.axis2.phaseshifter 1	deg	0.07	FALSE DONE
20/10/2025 05:15:07:	14	count	time	30.0s/cts	O Det=3055	H Det=2294	Mon Det=72829	Aux Det=9757	O+H=15106	 DONE
20/10/2025 05:15:38:	MOVE MOTOR REL	S18.axis2.phaseshifter 1	deg	0.07	FALSE DONE
20/10/2025 05:15:42:	15	count	time	30.0s/cts	O Det=2109	H Det=2287	Mon Det=72590	Aux Det=11033	O+H=15429	 DONE
20/10/2025 05:16:14:	MOVE MOTOR REL	S18.axis2.phaseshifter 1	deg	0.07	FALSE DONE
20/10/2025 05:16:17:	16	count	time	30.0s/cts	O Det=1722	H Det=2270	Mon Det=72813	Aux Det=11959	O+H=15951	 DONE
20/10/2025 05:16:49:	MOVE MOTOR REL	S18.axis2.phaseshifter 1	deg	0.07	FALSE DONE
20/10/2025 05:16:52:	17	count	time	30.0s/cts	O Det=1514	H Det=2293	Mon Det=72352	Aux Det=12495	O+H=16302	 DONE
20/10/2025 05:17:24:	MOVE MOTOR REL	S18.axis2.phaseshifter 1	deg	0.07	FALSE DONE
20/10/2025 05:17:28:	18	count	time	30.0s/cts	O Det=1646	H Det=2210	Mon Det=72948	Aux Det=12275	O+H=16131	 DONE
20/10/2025 05:17:59:	MOVE MOTOR REL	S18.axis2.phaseshifter 1	deg	0.07	FALSE DONE
20/10/2025 05:18:03:	19	count	time	30.0s/cts	O Det=2125	H Det=2253	Mon Det=73061	Aux Det=11514	O+H=15892	 DONE
20/10/2025 05:18:35:	MOVE MOTOR REL	S18.axis2.phaseshifter 1	deg	0.07	FALSE DONE
20/10/2025 05:18:38:	20	count	time	30.0s/cts	O Det=2909	H Det=2188	Mon Det=72497	Aux Det=10165	O+H=15262	 DONE
20/10/2025 05:19:10:	MOVE MOTOR REL	S18.axis2.phaseshifter 1	deg	0.07	FALSE DONE
20/10/2025 05:19:14:	21	count	time	30.0s/cts	O Det=3998	H Det=2141	Mon Det=72360	Aux Det=8364	O+H=14503	 DONE
20/10/2025 05:19:45:	MOVE MOTOR REL	S18.axis2.phaseshifter 1	deg	0.07	FALSE DONE
20/10/2025 05:19:49:	22	count	time	30.0s/cts	O Det=4974	H Det=2107	Mon Det=72754	Aux Det=6891	O+H=13972	 DONE
20/10/2025 05:20:21:	MOVE MOTOR REL	S18.axis2.phaseshifter 1	deg	0.07	FALSE DONE
20/10/2025 05:20:24:	23	count	time	30.0s/cts	O Det=5553	H Det=2177	Mon Det=72767	Aux Det=5738	O+H=13468	 DONE
20/10/2025 05:20:56:	MOVE MOTOR REL	S18.axis2.phaseshifter 1	deg	0.07	FALSE DONE
20/10/2025 05:20:59:	24	count	time	30.0s/cts	O Det=5985	H Det=2173	Mon Det=72612	Aux Det=5216	O+H=13374	 DONE
20/10/2025 05:21:31:	MOVE MOTOR REL	S18.axis2.phaseshifter 1	deg	0.07	FALSE DONE
20/10/2025 05:21:35:	25	count	time	30.0s/cts	O Det=6106	H Det=2251	Mon Det=72732	Aux Det=4836	O+H=13193	 DONE
20/10/2025 05:22:06:	MOVE MOTOR REL	S18.axis2.phaseshifter 1	deg	0.07	FALSE DONE
20/10/2025 05:22:10:	26	count	time	30.0s/cts	O Det=6061	H Det=2351	Mon Det=73106	Aux Det=5147	O+H=13559	 DONE
20/10/2025 05:22:42:	MOVE MOTOR REL	S18.axis2.phaseshifter 1	deg	0.07	FALSE DONE
20/10/2025 05:22:45:	27	count	time	30.0s/cts	O Det=5497	H Det=2220	Mon Det=73199	Aux Det=5993	O+H=13710	 DONE
20/10/2025 05:23:17:	MOVE MOTOR REL	S18.axis2.phaseshifter 1	deg	0.07	FALSE DONE
20/10/2025 05:23:21:	28	count	time	30.0s/cts	O Det=4581	H Det=2348	Mon Det=73256	Aux Det=7161	O+H=14090	 DONE
20/10/2025 05:23:52:	MOVE MOTOR REL	S18.axis2.phaseshifter 1	deg	0.07	FALSE DONE
20/10/2025 05:23:56:	29	count	time	30.0s/cts	O Det=3833	H Det=2313	Mon Det=73018	Aux Det=8616	O+H=14762	 DONE
20/10/2025 05:24:27:	MOVE MOTOR REL	S18.axis2.phaseshifter 1	deg	0.07	FALSE DONE
20/10/2025 05:24:31:	30	count	time	30.0s/cts	O Det=2890	H Det=2357	Mon Det=73215	Aux Det=9972	O+H=15219	 DONE
20/10/2025 05:25:03:	MOVE MOTOR REL	S18.axis2.phaseshifter 1	deg	0.07	FALSE DONE
20/10/2025 05:25:07:	31	count	time	30.0s/cts	O Det=1954	H Det=2320	Mon Det=72977	Aux Det=11404	O+H=15678	 DONE
20/10/2025 05:25:38:	MOVE MOTOR REL	S18.axis2.phaseshifter 1	deg	0.07	FALSE DONE
20/10/2025 05:25:42:	32	count	time	30.0s/cts	O Det=1531	H Det=2230	Mon Det=72848	Aux Det=12032	O+H=15793	 DONE
20/10/2025 05:26:14:	NO ACTION	 DONE
20/10/2025 05:26:14:	close file and end scan	 DONE
call of ifg1r_newPS_2p30s.sc DONE
call of ifg1R_newPS_2p30s_p180.sc DONE
20/10/2025 05:26:16:	move motor	S18.auxiliary.Robot Z to 207413.00000um	reached 207427.00000  DONE
call of robot_Zout_doubleCd.sc DONE
20/10/2025 05:26:19:	move motor	S18.auxiliary.Robot rot big to 90.00000deg	reached 90.00000  DONE
20/10/2025 05:26:22:	move motor	S18.auxiliary.Robot Diagonal to 26000.00000um	reached 26001.25812  DONE
20/10/2025 05:26:46:	move motor	S18.auxiliary.Robot Z to 207413.00000um	reached 207412.00000  DONE
call of robot_Zout_doubleCd.sc DONE
20/10/2025 05:26:49:	move motor	S18.auxiliary.Robot rot big to 90.00000deg	reached 90.00000  DONE
20/10/2025 05:26:51:	move motor	S18.auxiliary.Robot Z to 292012.00000um	reached 292007.00000  DONE
call of robot_Zin_doubleCd.sc DONE
call of Block_path13_doubleCd.sc DONE
20/10/2025 05:26:59:	move motor	S18.auxiliary.Robot Diagonal to 25999.900000um	 DONE
20/10/2025 05:27:05:	create file	D:\data\Cycle 198\exp_3-16-19\rawdata\sc\ifg_wv3_psi_+1+1+1_20Oct0527.dat	 DONE
room to enter remarks DONE
20/10/2025 05:27:06:	move motor	S18.auxiliary.Robot Diagonal to 26000.000000um	 DONE
20/10/2025 05:27:12:	1	count	time	60.000000s/cts	O Det=1690	H Det=1661	Mon Det=145264	Aux Det=6033	O+H=9384	 DONE
20/10/2025 05:28:14:	move motor	S18.auxiliary.Robot Diagonal to 48000.000000um	 DONE
20/10/2025 05:28:29:	2	count	time	60.000000s/cts	O Det=1677	H Det=3485	Mon Det=146214	Aux Det=29	O+H=5191	 DONE
20/10/2025 05:29:31:	move motor	S18.auxiliary.Robot Diagonal to 70000.000000um	 DONE
20/10/2025 05:29:46:	3	count	time	60.000000s/cts	O Det=1737	H Det=1612	Mon Det=145637	Aux Det=10948	O+H=14297	 DONE
20/10/2025 05:30:47:	close file and end scan	 DONE
20/10/2025 05:30:48:	move motor	S18.auxiliary.Robot Z to 207413.00000um	reached 207426.00000  DONE
call of robot_Zout_doubleCd.sc DONE
call of int_meas_path213.sc DONE
20/10/2025 05:30:56:	END OF SCRIPT	 DONE
