11/10/2025 18:12:31:	start execution of script D:\data\Cycle 198\exp_3-16-19\rawdata\sc\ifg_wv2_psi_+1-1-i.sc	 DONE
11/10/2025 18:12:31:	create file	D:\data\Cycle 198\exp_3-16-19\rawdata\sc\ifg_wv2_psi_+1-1-i_11Oct1812.dat	 DONE
room to enter remarks DONE
11/10/2025 18:12:32:	MOVE MOTOR REL	S18.axis2.phaseshifter both	deg	0.0	FALSE DONE
11/10/2025 18:12:36:	1	count	time	30.0s/cts	O Det=1329	H Det=4939	Mon Det=93056	Aux Det=8889	O+H=15157	 DONE
11/10/2025 18:13:08:	MOVE MOTOR REL	S18.axis2.phaseshifter both	deg	0.07	FALSE DONE
11/10/2025 18:13:12:	2	count	time	30.0s/cts	O Det=1095	H Det=4217	Mon Det=92827	Aux Det=10552	O+H=15864	 DONE
11/10/2025 18:13:44:	MOVE MOTOR REL	S18.axis2.phaseshifter both	deg	0.07	FALSE DONE
11/10/2025 18:13:49:	3	count	time	30.0s/cts	O Det=1044	H Det=3518	Mon Det=93197	Aux Det=11565	O+H=16127	 DONE
11/10/2025 18:14:20:	MOVE MOTOR REL	S18.axis2.phaseshifter both	deg	0.07	FALSE DONE
11/10/2025 18:14:25:	4	count	time	30.0s/cts	O Det=1358	H Det=2846	Mon Det=92323	Aux Det=12805	O+H=17009	 DONE
11/10/2025 18:14:56:	MOVE MOTOR REL	S18.axis2.phaseshifter both	deg	0.07	FALSE DONE
11/10/2025 18:15:01:	5	count	time	30.0s/cts	O Det=1781	H Det=2257	Mon Det=92461	Aux Det=12998	O+H=17036	 DONE
11/10/2025 18:15:33:	MOVE MOTOR REL	S18.axis2.phaseshifter both	deg	0.07	FALSE DONE
11/10/2025 18:15:37:	6	count	time	30.0s/cts	O Det=2525	H Det=1839	Mon Det=92607	Aux Det=12640	O+H=17004	 DONE
11/10/2025 18:16:09:	MOVE MOTOR REL	S18.axis2.phaseshifter both	deg	0.07	FALSE DONE
11/10/2025 18:16:14:	7	count	time	30.0s/cts	O Det=3131	H Det=1700	Mon Det=92879	Aux Det=11980	O+H=16811	 DONE
11/10/2025 18:16:45:	MOVE MOTOR REL	S18.axis2.phaseshifter both	deg	0.07	FALSE DONE
11/10/2025 18:16:50:	8	count	time	30.0s/cts	O Det=3925	H Det=1700	Mon Det=92709	Aux Det=10405	O+H=16030	 DONE
11/10/2025 18:17:21:	MOVE MOTOR REL	S18.axis2.phaseshifter both	deg	0.07	FALSE DONE
11/10/2025 18:17:26:	9	count	time	30.0s/cts	O Det=4446	H Det=2064	Mon Det=92992	Aux Det=9134	O+H=15644	 DONE
11/10/2025 18:17:58:	MOVE MOTOR REL	S18.axis2.phaseshifter both	deg	0.07	FALSE DONE
11/10/2025 18:18:02:	10	count	time	30.0s/cts	O Det=4708	H Det=2687	Mon Det=93178	Aux Det=7810	O+H=15205	 DONE
11/10/2025 18:18:34:	MOVE MOTOR REL	S18.axis2.phaseshifter both	deg	0.07	FALSE DONE
11/10/2025 18:18:39:	11	count	time	30.0s/cts	O Det=4730	H Det=3335	Mon Det=92648	Aux Det=6361	O+H=14426	 DONE
11/10/2025 18:19:10:	MOVE MOTOR REL	S18.axis2.phaseshifter both	deg	0.07	FALSE DONE
11/10/2025 18:19:15:	12	count	time	30.0s/cts	O Det=4132	H Det=4007	Mon Det=92802	Aux Det=5605	O+H=13744	 DONE
11/10/2025 18:19:46:	MOVE MOTOR REL	S18.axis2.phaseshifter both	deg	0.07	FALSE DONE
11/10/2025 18:19:51:	13	count	time	30.0s/cts	O Det=3849	H Det=4791	Mon Det=92527	Aux Det=5166	O+H=13806	 DONE
11/10/2025 18:20:23:	MOVE MOTOR REL	S18.axis2.phaseshifter both	deg	0.07	FALSE DONE
11/10/2025 18:20:27:	14	count	time	30.0s/cts	O Det=3416	H Det=5059	Mon Det=92281	Aux Det=5226	O+H=13701	 DONE
11/10/2025 18:20:59:	MOVE MOTOR REL	S18.axis2.phaseshifter both	deg	0.07	FALSE DONE
11/10/2025 18:21:03:	15	count	time	30.0s/cts	O Det=2623	H Det=5471	Mon Det=92834	Aux Det=5962	O+H=14056	 DONE
11/10/2025 18:21:35:	MOVE MOTOR REL	S18.axis2.phaseshifter both	deg	0.07	FALSE DONE
11/10/2025 18:21:40:	16	count	time	30.0s/cts	O Det=2111	H Det=5258	Mon Det=93102	Aux Det=7019	O+H=14388	 DONE
11/10/2025 18:22:11:	MOVE MOTOR REL	S18.axis2.phaseshifter both	deg	0.07	FALSE DONE
11/10/2025 18:22:16:	17	count	time	30.0s/cts	O Det=1587	H Det=4888	Mon Det=92984	Aux Det=8311	O+H=14786	 DONE
11/10/2025 18:22:48:	MOVE MOTOR REL	S18.axis2.phaseshifter both	deg	0.07	FALSE DONE
11/10/2025 18:22:52:	18	count	time	30.0s/cts	O Det=1301	H Det=4350	Mon Det=92910	Aux Det=10004	O+H=15655	 DONE
11/10/2025 18:23:24:	MOVE MOTOR REL	S18.axis2.phaseshifter both	deg	0.07	FALSE DONE
11/10/2025 18:23:28:	19	count	time	30.0s/cts	O Det=1042	H Det=3827	Mon Det=92759	Aux Det=11367	O+H=16236	 DONE
11/10/2025 18:24:00:	MOVE MOTOR REL	S18.axis2.phaseshifter both	deg	0.07	FALSE DONE
11/10/2025 18:24:04:	20	count	time	30.0s/cts	O Det=1217	H Det=3069	Mon Det=93128	Aux Det=12630	O+H=16916	 DONE
11/10/2025 18:24:36:	MOVE MOTOR REL	S18.axis2.phaseshifter both	deg	0.07	FALSE DONE
11/10/2025 18:24:41:	21	count	time	30.0s/cts	O Det=1585	H Det=2531	Mon Det=92404	Aux Det=12893	O+H=17009	 DONE
11/10/2025 18:25:12:	MOVE MOTOR REL	S18.axis2.phaseshifter both	deg	0.07	FALSE DONE
11/10/2025 18:25:17:	22	count	time	30.0s/cts	O Det=2193	H Det=2034	Mon Det=93248	Aux Det=12800	O+H=17027	 DONE
11/10/2025 18:25:49:	MOVE MOTOR REL	S18.axis2.phaseshifter both	deg	0.07	FALSE DONE
11/10/2025 18:25:53:	23	count	time	30.0s/cts	O Det=2821	H Det=1675	Mon Det=90134	Aux Det=11805	O+H=16301	STOPPED BY USER	11/10/2025 18:26:24:	close file and end scan	 DONE
call of ifg12r_newPS_2p30s_AP.sc DONE
11/10/2025 18:26:25:	move motor	S18.axis2.phaseshifter 2 to fit O COS-225	-0.889214reached -0.88989  DONE
