15/10/2025 20:34:23:	start execution of script D:\data\Cycle 198\exp_3-16-19\rawdata\sc\ifg_wv1_psi_+1+1+1.sc	 DONE
15/10/2025 20:34:23:	create file	D:\data\Cycle 198\exp_3-16-19\rawdata\sc\ifg_wv1_psi_+1+1+1_15Oct2034.dat	 DONE
room to enter remarks DONE
15/10/2025 20:34:24:	MOVE MOTOR REL	S18.axis2.phaseshifter 2	deg	0.0	FALSE DONE
15/10/2025 20:34:28:	1	count	time	30.0s/cts	O Det=6167	H Det=2150	Mon Det=71189	Aux Det=4826	O+H=13143	 DONE
15/10/2025 20:34:59:	MOVE MOTOR REL	S18.axis2.phaseshifter 2	deg	0.07	FALSE DONE
15/10/2025 20:35:03:	2	count	time	30.0s/cts	O Det=6070	H Det=2257	Mon Det=72163	Aux Det=4912	O+H=13239	 DONE
15/10/2025 20:35:35:	MOVE MOTOR REL	S18.axis2.phaseshifter 2	deg	0.07	FALSE DONE
15/10/2025 20:35:38:	3	count	time	30.0s/cts	O Det=5477	H Det=2703	Mon Det=71432	Aux Det=4755	O+H=12935	 DONE
15/10/2025 20:36:10:	MOVE MOTOR REL	S18.axis2.phaseshifter 2	deg	0.07	FALSE DONE
15/10/2025 20:36:13:	4	count	time	30.0s/cts	O Det=4600	H Det=3411	Mon Det=71342	Aux Det=4758	O+H=12769	 DONE
15/10/2025 20:36:45:	MOVE MOTOR REL	S18.axis2.phaseshifter 2	deg	0.07	FALSE DONE
15/10/2025 20:36:48:	5	count	time	30.0s/cts	O Det=3640	H Det=4296	Mon Det=71998	Aux Det=4717	O+H=12653	 DONE
15/10/2025 20:37:20:	MOVE MOTOR REL	S18.axis2.phaseshifter 2	deg	0.07	FALSE DONE
15/10/2025 20:37:24:	6	count	time	30.0s/cts	O Det=2683	H Det=5173	Mon Det=71091	Aux Det=4745	O+H=12601	 DONE
15/10/2025 20:37:55:	MOVE MOTOR REL	S18.axis2.phaseshifter 2	deg	0.07	FALSE DONE
15/10/2025 20:37:59:	7	count	time	30.0s/cts	O Det=2128	H Det=5669	Mon Det=71525	Aux Det=4854	O+H=12651	 DONE
15/10/2025 20:38:31:	MOVE MOTOR REL	S18.axis2.phaseshifter 2	deg	0.07	FALSE DONE
15/10/2025 20:38:34:	8	count	time	30.0s/cts	O Det=1433	H Det=6254	Mon Det=71437	Aux Det=4630	O+H=12317	 DONE
15/10/2025 20:39:06:	MOVE MOTOR REL	S18.axis2.phaseshifter 2	deg	0.07	FALSE DONE
15/10/2025 20:39:09:	9	count	time	30.0s/cts	O Det=1168	H Det=6575	Mon Det=71589	Aux Det=4638	O+H=12381	 DONE
15/10/2025 20:39:41:	MOVE MOTOR REL	S18.axis2.phaseshifter 2	deg	0.07	FALSE DONE
15/10/2025 20:39:44:	10	count	time	30.0s/cts	O Det=1248	H Det=6367	Mon Det=71732	Aux Det=4759	O+H=12374	 DONE
15/10/2025 20:40:16:	MOVE MOTOR REL	S18.axis2.phaseshifter 2	deg	0.07	FALSE DONE
15/10/2025 20:40:20:	11	count	time	30.0s/cts	O Det=1712	H Det=6097	Mon Det=71326	Aux Det=4791	O+H=12600	 DONE
15/10/2025 20:40:51:	MOVE MOTOR REL	S18.axis2.phaseshifter 2	deg	0.07	FALSE DONE
15/10/2025 20:40:55:	12	count	time	30.0s/cts	O Det=2345	H Det=5444	Mon Det=71567	Aux Det=4756	O+H=12545	 DONE
15/10/2025 20:41:27:	MOVE MOTOR REL	S18.axis2.phaseshifter 2	deg	0.07	FALSE DONE
15/10/2025 20:41:30:	13	count	time	30.0s/cts	O Det=3587	H Det=4225	Mon Det=71220	Aux Det=4681	O+H=12493	 DONE
15/10/2025 20:42:02:	MOVE MOTOR REL	S18.axis2.phaseshifter 2	deg	0.07	FALSE DONE
15/10/2025 20:42:05:	14	count	time	30.0s/cts	O Det=4580	H Det=3379	Mon Det=71304	Aux Det=4786	O+H=12745	 DONE
15/10/2025 20:42:37:	MOVE MOTOR REL	S18.axis2.phaseshifter 2	deg	0.07	FALSE DONE
15/10/2025 20:42:40:	15	count	time	30.0s/cts	O Det=5281	H Det=2798	Mon Det=71122	Aux Det=4717	O+H=12796	 DONE
15/10/2025 20:43:12:	MOVE MOTOR REL	S18.axis2.phaseshifter 2	deg	0.07	FALSE DONE
15/10/2025 20:43:16:	16	count	time	30.0s/cts	O Det=5866	H Det=2402	Mon Det=71489	Aux Det=4782	O+H=13050	 DONE
15/10/2025 20:43:47:	MOVE MOTOR REL	S18.axis2.phaseshifter 2	deg	0.07	FALSE DONE
15/10/2025 20:43:51:	17	count	time	30.0s/cts	O Det=5960	H Det=2117	Mon Det=71184	Aux Det=4683	O+H=12760	 DONE
15/10/2025 20:44:23:	MOVE MOTOR REL	S18.axis2.phaseshifter 2	deg	0.07	FALSE DONE
15/10/2025 20:44:26:	18	count	time	30.0s/cts	O Det=5800	H Det=2338	Mon Det=71629	Aux Det=4738	O+H=12876	 DONE
15/10/2025 20:44:58:	MOVE MOTOR REL	S18.axis2.phaseshifter 2	deg	0.07	FALSE DONE
15/10/2025 20:45:01:	19	count	time	30.0s/cts	O Det=5395	H Det=2811	Mon Det=71224	Aux Det=4754	O+H=12960	 DONE
15/10/2025 20:45:33:	MOVE MOTOR REL	S18.axis2.phaseshifter 2	deg	0.07	FALSE DONE
15/10/2025 20:45:36:	20	count	time	30.0s/cts	O Det=4625	H Det=3347	Mon Det=71462	Aux Det=4690	O+H=12662	 DONE
15/10/2025 20:46:08:	MOVE MOTOR REL	S18.axis2.phaseshifter 2	deg	0.07	FALSE DONE
15/10/2025 20:46:12:	21	count	time	30.0s/cts	O Det=3687	H Det=4151	Mon Det=71427	Aux Det=4684	O+H=12522	 DONE
15/10/2025 20:46:43:	MOVE MOTOR REL	S18.axis2.phaseshifter 2	deg	0.07	FALSE DONE
15/10/2025 20:46:47:	22	count	time	30.0s/cts	O Det=2736	H Det=5109	Mon Det=71736	Aux Det=4737	O+H=12582	 DONE
15/10/2025 20:47:19:	MOVE MOTOR REL	S18.axis2.phaseshifter 2	deg	0.07	FALSE DONE
15/10/2025 20:47:22:	23	count	time	30.0s/cts	O Det=1877	H Det=5709	Mon Det=71150	Aux Det=4662	O+H=12248	 DONE
15/10/2025 20:47:54:	MOVE MOTOR REL	S18.axis2.phaseshifter 2	deg	0.07	FALSE DONE
15/10/2025 20:47:57:	24	count	time	30.0s/cts	O Det=1351	H Det=6144	Mon Det=71433	Aux Det=4702	O+H=12197	 DONE
15/10/2025 20:48:29:	MOVE MOTOR REL	S18.axis2.phaseshifter 2	deg	0.07	FALSE DONE
15/10/2025 20:48:33:	25	count	time	30.0s/cts	O Det=1204	H Det=6416	Mon Det=71620	Aux Det=4787	O+H=12407	 DONE
15/10/2025 20:49:04:	MOVE MOTOR REL	S18.axis2.phaseshifter 2	deg	0.07	FALSE DONE
15/10/2025 20:49:08:	26	count	time	30.0s/cts	O Det=1237	H Det=6282	Mon Det=71498	Aux Det=4676	O+H=12195	 DONE
15/10/2025 20:49:40:	MOVE MOTOR REL	S18.axis2.phaseshifter 2	deg	0.07	FALSE DONE
15/10/2025 20:49:43:	27	count	time	30.0s/cts	O Det=1628	H Det=6074	Mon Det=71918	Aux Det=4658	O+H=12360	 DONE
15/10/2025 20:50:15:	MOVE MOTOR REL	S18.axis2.phaseshifter 2	deg	0.07	FALSE DONE
15/10/2025 20:50:18:	28	count	time	30.0s/cts	O Det=2559	H Det=5359	Mon Det=71710	Aux Det=4743	O+H=12661	 DONE
15/10/2025 20:50:50:	MOVE MOTOR REL	S18.axis2.phaseshifter 2	deg	0.07	FALSE DONE
15/10/2025 20:50:53:	29	count	time	30.0s/cts	O Det=3389	H Det=4496	Mon Det=71506	Aux Det=4751	O+H=12636	 DONE
15/10/2025 20:51:25:	MOVE MOTOR REL	S18.axis2.phaseshifter 2	deg	0.07	FALSE DONE
15/10/2025 20:51:29:	30	count	time	30.0s/cts	O Det=4184	H Det=3670	Mon Det=71286	Aux Det=4857	O+H=12711	 DONE
15/10/2025 20:52:00:	MOVE MOTOR REL	S18.axis2.phaseshifter 2	deg	0.07	FALSE DONE
15/10/2025 20:52:04:	31	count	time	30.0s/cts	O Det=5299	H Det=2883	Mon Det=71487	Aux Det=4579	O+H=12761	 DONE
15/10/2025 20:52:36:	MOVE MOTOR REL	S18.axis2.phaseshifter 2	deg	0.07	FALSE DONE
15/10/2025 20:52:39:	32	count	time	30.0s/cts	O Det=5810	H Det=2371	Mon Det=71158	Aux Det=4736	O+H=12917	 DONE
15/10/2025 20:53:11:	NO ACTION	 DONE
15/10/2025 20:53:11:	close file and end scan	 DONE
call of ifg2r_newPS_2p30s.sc DONE
15/10/2025 20:53:12:	move motor	S18.axis2.phaseshifter 2 to fit O COS-450	-1.685755reached -1.68091  DONE
call of ifg2R_newPS_2p30s_0_+1+1+1_w1.sc DONE
15/10/2025 20:53:16:	create file	D:\data\Cycle 198\exp_3-16-19\rawdata\sc\ifg_wv1_psi_+1+1+1_15Oct2053.dat	 DONE
room to enter remarks DONE
15/10/2025 20:53:17:	MOVE MOTOR REL	S18.axis2.phaseshifter 2	deg	0.0	FALSE DONE
15/10/2025 20:53:21:	1	count	time	30.0s/cts	O Det=3478	H Det=4503	Mon Det=71400	Aux Det=4709	O+H=12690	 DONE
15/10/2025 20:53:52:	MOVE MOTOR REL	S18.axis2.phaseshifter 2	deg	0.07	FALSE DONE
15/10/2025 20:53:56:	2	count	time	30.0s/cts	O Det=4601	H Det=3529	Mon Det=71385	Aux Det=4651	O+H=12781	 DONE
15/10/2025 20:54:28:	MOVE MOTOR REL	S18.axis2.phaseshifter 2	deg	0.07	FALSE DONE
15/10/2025 20:54:31:	3	count	time	30.0s/cts	O Det=5323	H Det=2885	Mon Det=71766	Aux Det=4872	O+H=13080	 DONE
15/10/2025 20:55:03:	MOVE MOTOR REL	S18.axis2.phaseshifter 2	deg	0.07	FALSE DONE
15/10/2025 20:55:06:	4	count	time	30.0s/cts	O Det=5984	H Det=2223	Mon Det=71491	Aux Det=4679	O+H=12886	 DONE
15/10/2025 20:55:38:	MOVE MOTOR REL	S18.axis2.phaseshifter 2	deg	0.07	FALSE DONE
15/10/2025 20:55:41:	5	count	time	30.0s/cts	O Det=6210	H Det=2194	Mon Det=71059	Aux Det=4704	O+H=13108	 DONE
15/10/2025 20:56:13:	MOVE MOTOR REL	S18.axis2.phaseshifter 2	deg	0.07	FALSE DONE
15/10/2025 20:56:17:	6	count	time	30.0s/cts	O Det=5944	H Det=2342	Mon Det=70857	Aux Det=4670	O+H=12956	 DONE
15/10/2025 20:56:48:	MOVE MOTOR REL	S18.axis2.phaseshifter 2	deg	0.07	FALSE DONE
15/10/2025 20:56:52:	7	count	time	30.0s/cts	O Det=5261	H Det=2867	Mon Det=71346	Aux Det=4854	O+H=12982	 DONE
15/10/2025 20:57:24:	MOVE MOTOR REL	S18.axis2.phaseshifter 2	deg	0.07	FALSE DONE
15/10/2025 20:57:27:	8	count	time	30.0s/cts	O Det=4356	H Det=3508	Mon Det=71253	Aux Det=4592	O+H=12456	 DONE
15/10/2025 20:57:59:	MOVE MOTOR REL	S18.axis2.phaseshifter 2	deg	0.07	FALSE DONE
15/10/2025 20:58:02:	9	count	time	30.0s/cts	O Det=3492	H Det=4425	Mon Det=71524	Aux Det=4740	O+H=12657	 DONE
15/10/2025 20:58:34:	MOVE MOTOR REL	S18.axis2.phaseshifter 2	deg	0.07	FALSE DONE
15/10/2025 20:58:37:	10	count	time	30.0s/cts	O Det=2415	H Det=5401	Mon Det=71051	Aux Det=4664	O+H=12480	 DONE
15/10/2025 20:59:09:	MOVE MOTOR REL	S18.axis2.phaseshifter 2	deg	0.07	FALSE DONE
15/10/2025 20:59:13:	11	count	time	30.0s/cts	O Det=1698	H Det=5888	Mon Det=71565	Aux Det=4670	O+H=12256	 DONE
15/10/2025 20:59:44:	MOVE MOTOR REL	S18.axis2.phaseshifter 2	deg	0.07	FALSE DONE
15/10/2025 20:59:48:	12	count	time	30.0s/cts	O Det=1284	H Det=6182	Mon Det=71341	Aux Det=4749	O+H=12215	 DONE
15/10/2025 21:00:20:	MOVE MOTOR REL	S18.axis2.phaseshifter 2	deg	0.07	FALSE DONE
15/10/2025 21:00:23:	13	count	time	30.0s/cts	O Det=1102	H Det=6497	Mon Det=71373	Aux Det=4702	O+H=12301	 DONE
15/10/2025 21:00:55:	MOVE MOTOR REL	S18.axis2.phaseshifter 2	deg	0.07	FALSE DONE
15/10/2025 21:00:58:	14	count	time	30.0s/cts	O Det=1434	H Det=6112	Mon Det=71579	Aux Det=4624	O+H=12170	 DONE
15/10/2025 21:01:30:	MOVE MOTOR REL	S18.axis2.phaseshifter 2	deg	0.07	FALSE DONE
15/10/2025 21:01:34:	15	count	time	30.0s/cts	O Det=1978	H Det=5708	Mon Det=71173	Aux Det=4724	O+H=12410	 DONE
15/10/2025 21:02:05:	MOVE MOTOR REL	S18.axis2.phaseshifter 2	deg	0.07	FALSE DONE
15/10/2025 21:02:09:	16	count	time	30.0s/cts	O Det=2947	H Det=4938	Mon Det=71254	Aux Det=4584	O+H=12469	 DONE
15/10/2025 21:02:41:	MOVE MOTOR REL	S18.axis2.phaseshifter 2	deg	0.07	FALSE DONE
15/10/2025 21:02:44:	17	count	time	30.0s/cts	O Det=4034	H Det=3978	Mon Det=71143	Aux Det=4614	O+H=12626	 DONE
15/10/2025 21:03:16:	MOVE MOTOR REL	S18.axis2.phaseshifter 2	deg	0.07	FALSE DONE
15/10/2025 21:03:19:	18	count	time	30.0s/cts	O Det=4966	H Det=2961	Mon Det=71146	Aux Det=4786	O+H=12713	 DONE
15/10/2025 21:03:51:	MOVE MOTOR REL	S18.axis2.phaseshifter 2	deg	0.07	FALSE DONE
15/10/2025 21:03:55:	19	count	time	30.0s/cts	O Det=5680	H Det=2439	Mon Det=71652	Aux Det=4775	O+H=12894	 DONE
15/10/2025 21:04:26:	MOVE MOTOR REL	S18.axis2.phaseshifter 2	deg	0.07	FALSE DONE
15/10/2025 21:04:30:	20	count	time	30.0s/cts	O Det=6123	H Det=2175	Mon Det=71307	Aux Det=4578	O+H=12876	 DONE
15/10/2025 21:05:01:	MOVE MOTOR REL	S18.axis2.phaseshifter 2	deg	0.07	FALSE DONE
15/10/2025 21:05:05:	21	count	time	30.0s/cts	O Det=5944	H Det=2252	Mon Det=71615	Aux Det=4694	O+H=12890	 DONE
15/10/2025 21:05:37:	MOVE MOTOR REL	S18.axis2.phaseshifter 2	deg	0.07	FALSE DONE
15/10/2025 21:05:40:	22	count	time	30.0s/cts	O Det=5684	H Det=2557	Mon Det=71400	Aux Det=4636	O+H=12877	 DONE
15/10/2025 21:06:12:	MOVE MOTOR REL	S18.axis2.phaseshifter 2	deg	0.07	FALSE DONE
15/10/2025 21:06:15:	23	count	time	30.0s/cts	O Det=4979	H Det=3172	Mon Det=71263	Aux Det=4809	O+H=12960	 DONE
15/10/2025 21:06:47:	MOVE MOTOR REL	S18.axis2.phaseshifter 2	deg	0.07	FALSE DONE
15/10/2025 21:06:51:	24	count	time	30.0s/cts	O Det=4015	H Det=3873	Mon Det=71748	Aux Det=4643	O+H=12531	 DONE
15/10/2025 21:07:22:	MOVE MOTOR REL	S18.axis2.phaseshifter 2	deg	0.07	FALSE DONE
15/10/2025 21:07:26:	25	count	time	30.0s/cts	O Det=2930	H Det=4737	Mon Det=70922	Aux Det=4776	O+H=12443	 DONE
15/10/2025 21:07:58:	MOVE MOTOR REL	S18.axis2.phaseshifter 2	deg	0.07	FALSE DONE
15/10/2025 21:08:01:	26	count	time	30.0s/cts	O Det=2085	H Det=5608	Mon Det=71810	Aux Det=4698	O+H=12391	 DONE
15/10/2025 21:08:33:	MOVE MOTOR REL	S18.axis2.phaseshifter 2	deg	0.07	FALSE DONE
15/10/2025 21:08:36:	27	count	time	30.0s/cts	O Det=1488	H Det=6086	Mon Det=71097	Aux Det=4800	O+H=12374	 DONE
15/10/2025 21:09:08:	MOVE MOTOR REL	S18.axis2.phaseshifter 2	deg	0.07	FALSE DONE
15/10/2025 21:09:11:	28	count	time	30.0s/cts	O Det=1148	H Det=6424	Mon Det=71828	Aux Det=4625	O+H=12197	 DONE
15/10/2025 21:09:43:	MOVE MOTOR REL	S18.axis2.phaseshifter 2	deg	0.07	FALSE DONE
15/10/2025 21:09:47:	29	count	time	30.0s/cts	O Det=1210	H Det=6392	Mon Det=71394	Aux Det=4726	O+H=12328	 DONE
15/10/2025 21:10:18:	MOVE MOTOR REL	S18.axis2.phaseshifter 2	deg	0.07	FALSE DONE
15/10/2025 21:10:22:	30	count	time	30.0s/cts	O Det=1628	H Det=6042	Mon Det=71531	Aux Det=4727	O+H=12397	 DONE
15/10/2025 21:10:54:	MOVE MOTOR REL	S18.axis2.phaseshifter 2	deg	0.07	FALSE DONE
15/10/2025 21:10:57:	31	count	time	30.0s/cts	O Det=2321	H Det=5378	Mon Det=71646	Aux Det=4635	O+H=12334	 DONE
15/10/2025 21:11:29:	MOVE MOTOR REL	S18.axis2.phaseshifter 2	deg	0.07	FALSE DONE
15/10/2025 21:11:32:	32	count	time	30.0s/cts	O Det=3414	H Det=4503	Mon Det=71630	Aux Det=4665	O+H=12582	 DONE
15/10/2025 21:12:04:	NO ACTION	 DONE
15/10/2025 21:12:04:	close file and end scan	 DONE
call of ifg2r_newPS_2p30s.sc DONE
15/10/2025 21:12:05:	move motor	S18.axis2.phaseshifter 2 to fit O COS90	-1.170569reached -1.17554  DONE
call of ifg2R_newPS_2p30s_m90_+1+1+1_wv1.sc DONE
15/10/2025 21:12:09:	create file	D:\data\Cycle 198\exp_3-16-19\rawdata\sc\ifg_wv1_psi_+1+1+1_15Oct2112.dat	 DONE
room to enter remarks DONE
15/10/2025 21:12:10:	MOVE MOTOR REL	S18.axis2.phaseshifter 2	deg	0.0	FALSE DONE
15/10/2025 21:12:14:	1	count	time	30.0s/cts	O Det=3822	H Det=4066	Mon Det=71726	Aux Det=4720	O+H=12608	 DONE
15/10/2025 21:12:45:	MOVE MOTOR REL	S18.axis2.phaseshifter 2	deg	0.07	FALSE DONE
15/10/2025 21:12:49:	2	count	time	30.0s/cts	O Det=2829	H Det=4897	Mon Det=71169	Aux Det=4766	O+H=12492	 DONE
15/10/2025 21:13:21:	MOVE MOTOR REL	S18.axis2.phaseshifter 2	deg	0.07	FALSE DONE
15/10/2025 21:13:24:	3	count	time	30.0s/cts	O Det=2058	H Det=5673	Mon Det=71721	Aux Det=4668	O+H=12399	 DONE
15/10/2025 21:13:56:	MOVE MOTOR REL	S18.axis2.phaseshifter 2	deg	0.07	FALSE DONE
15/10/2025 21:13:59:	4	count	time	30.0s/cts	O Det=1450	H Det=6109	Mon Det=71773	Aux Det=4615	O+H=12174	 DONE
15/10/2025 21:14:31:	MOVE MOTOR REL	S18.axis2.phaseshifter 2	deg	0.07	FALSE DONE
15/10/2025 21:14:34:	5	count	time	30.0s/cts	O Det=1169	H Det=6271	Mon Det=71899	Aux Det=4838	O+H=12278	 DONE
15/10/2025 21:15:06:	MOVE MOTOR REL	S18.axis2.phaseshifter 2	deg	0.07	FALSE DONE
15/10/2025 21:15:10:	6	count	time	30.0s/cts	O Det=1247	H Det=6411	Mon Det=71384	Aux Det=4827	O+H=12485	 DONE
15/10/2025 21:15:41:	MOVE MOTOR REL	S18.axis2.phaseshifter 2	deg	0.07	FALSE DONE
15/10/2025 21:15:45:	7	count	time	30.0s/cts	O Det=1615	H Det=6050	Mon Det=71579	Aux Det=4666	O+H=12331	 DONE
15/10/2025 21:16:17:	MOVE MOTOR REL	S18.axis2.phaseshifter 2	deg	0.07	FALSE DONE
15/10/2025 21:16:20:	8	count	time	30.0s/cts	O Det=2543	H Det=5062	Mon Det=71255	Aux Det=4715	O+H=12320	 DONE
15/10/2025 21:16:52:	MOVE MOTOR REL	S18.axis2.phaseshifter 2	deg	0.07	FALSE DONE
15/10/2025 21:16:55:	9	count	time	30.0s/cts	O Det=3810	H Det=4205	Mon Det=71395	Aux Det=4651	O+H=12666	 DONE
15/10/2025 21:17:27:	MOVE MOTOR REL	S18.axis2.phaseshifter 2	deg	0.07	FALSE DONE
15/10/2025 21:17:31:	10	count	time	30.0s/cts	O Det=4779	H Det=3310	Mon Det=71534	Aux Det=4549	O+H=12638	 DONE
15/10/2025 21:18:02:	MOVE MOTOR REL	S18.axis2.phaseshifter 2	deg	0.07	FALSE DONE
15/10/2025 21:18:06:	11	count	time	30.0s/cts	O Det=5746	H Det=2531	Mon Det=71320	Aux Det=4642	O+H=12919	 DONE
15/10/2025 21:18:37:	MOVE MOTOR REL	S18.axis2.phaseshifter 2	deg	0.07	FALSE DONE
15/10/2025 21:18:41:	12	count	time	30.0s/cts	O Det=5937	H Det=2094	Mon Det=71017	Aux Det=4700	O+H=12731	 DONE
15/10/2025 21:19:13:	MOVE MOTOR REL	S18.axis2.phaseshifter 2	deg	0.07	FALSE DONE
15/10/2025 21:19:16:	13	count	time	30.0s/cts	O Det=5951	H Det=2087	Mon Det=71601	Aux Det=4693	O+H=12731	 DONE
15/10/2025 21:19:48:	MOVE MOTOR REL	S18.axis2.phaseshifter 2	deg	0.07	FALSE DONE
15/10/2025 21:19:51:	14	count	time	30.0s/cts	O Det=5735	H Det=2425	Mon Det=71488	Aux Det=4697	O+H=12857	 DONE
15/10/2025 21:20:23:	MOVE MOTOR REL	S18.axis2.phaseshifter 2	deg	0.07	FALSE DONE
15/10/2025 21:20:27:	15	count	time	30.0s/cts	O Det=4953	H Det=3181	Mon Det=71550	Aux Det=4613	O+H=12747	 DONE
15/10/2025 21:20:58:	MOVE MOTOR REL	S18.axis2.phaseshifter 2	deg	0.07	FALSE DONE
15/10/2025 21:21:02:	16	count	time	30.0s/cts	O Det=3970	H Det=3803	Mon Det=71745	Aux Det=4598	O+H=12371	 DONE
15/10/2025 21:21:34:	MOVE MOTOR REL	S18.axis2.phaseshifter 2	deg	0.07	FALSE DONE
15/10/2025 21:21:37:	17	count	time	30.0s/cts	O Det=3042	H Det=4587	Mon Det=71397	Aux Det=4754	O+H=12383	 DONE
15/10/2025 21:22:09:	MOVE MOTOR REL	S18.axis2.phaseshifter 2	deg	0.07	FALSE DONE
15/10/2025 21:22:12:	18	count	time	30.0s/cts	O Det=2206	H Det=5547	Mon Det=71689	Aux Det=4735	O+H=12488	 DONE
15/10/2025 21:22:44:	MOVE MOTOR REL	S18.axis2.phaseshifter 2	deg	0.07	FALSE DONE
15/10/2025 21:22:48:	19	count	time	30.0s/cts	O Det=1555	H Det=6144	Mon Det=71156	Aux Det=4567	O+H=12266	 DONE
15/10/2025 21:23:19:	MOVE MOTOR REL	S18.axis2.phaseshifter 2	deg	0.07	FALSE DONE
15/10/2025 21:23:23:	20	count	time	30.0s/cts	O Det=1204	H Det=6412	Mon Det=71487	Aux Det=4678	O+H=12294	 DONE
15/10/2025 21:23:54:	MOVE MOTOR REL	S18.axis2.phaseshifter 2	deg	0.07	FALSE DONE
15/10/2025 21:23:58:	21	count	time	30.0s/cts	O Det=1129	H Det=6551	Mon Det=71447	Aux Det=4666	O+H=12346	 DONE
15/10/2025 21:24:30:	MOVE MOTOR REL	S18.axis2.phaseshifter 2	deg	0.07	FALSE DONE
15/10/2025 21:24:33:	22	count	time	30.0s/cts	O Det=1597	H Det=6024	Mon Det=71563	Aux Det=4611	O+H=12232	 DONE
15/10/2025 21:25:05:	MOVE MOTOR REL	S18.axis2.phaseshifter 2	deg	0.07	FALSE DONE
15/10/2025 21:25:08:	23	count	time	30.0s/cts	O Det=2327	H Det=5407	Mon Det=71106	Aux Det=4544	O+H=12278	 DONE
15/10/2025 21:25:40:	MOVE MOTOR REL	S18.axis2.phaseshifter 2	deg	0.07	FALSE DONE
15/10/2025 21:25:44:	24	count	time	30.0s/cts	O Det=3336	H Det=4569	Mon Det=71412	Aux Det=4733	O+H=12638	 DONE
15/10/2025 21:26:15:	MOVE MOTOR REL	S18.axis2.phaseshifter 2	deg	0.07	FALSE DONE
15/10/2025 21:26:19:	25	count	time	30.0s/cts	O Det=4435	H Det=3602	Mon Det=71909	Aux Det=4591	O+H=12628	 DONE
15/10/2025 21:26:50:	MOVE MOTOR REL	S18.axis2.phaseshifter 2	deg	0.07	FALSE DONE
15/10/2025 21:26:54:	26	count	time	30.0s/cts	O Det=5438	H Det=2779	Mon Det=71366	Aux Det=4854	O+H=13071	 DONE
15/10/2025 21:27:26:	MOVE MOTOR REL	S18.axis2.phaseshifter 2	deg	0.07	FALSE DONE
15/10/2025 21:27:29:	27	count	time	30.0s/cts	O Det=5807	H Det=2300	Mon Det=71604	Aux Det=4756	O+H=12863	 DONE
15/10/2025 21:28:01:	MOVE MOTOR REL	S18.axis2.phaseshifter 2	deg	0.07	FALSE DONE
15/10/2025 21:28:04:	28	count	time	30.0s/cts	O Det=6151	H Det=2157	Mon Det=71070	Aux Det=4648	O+H=12956	 DONE
15/10/2025 21:28:36:	MOVE MOTOR REL	S18.axis2.phaseshifter 2	deg	0.07	FALSE DONE
15/10/2025 21:28:40:	29	count	time	30.0s/cts	O Det=5971	H Det=2229	Mon Det=71347	Aux Det=4780	O+H=12980	 DONE
15/10/2025 21:29:11:	MOVE MOTOR REL	S18.axis2.phaseshifter 2	deg	0.07	FALSE DONE
15/10/2025 21:29:15:	30	count	time	30.0s/cts	O Det=5200	H Det=2817	Mon Det=71656	Aux Det=4597	O+H=12614	 DONE
15/10/2025 21:29:46:	MOVE MOTOR REL	S18.axis2.phaseshifter 2	deg	0.07	FALSE DONE
15/10/2025 21:29:50:	31	count	time	30.0s/cts	O Det=4322	H Det=3523	Mon Det=71531	Aux Det=4736	O+H=12581	 DONE
15/10/2025 21:30:22:	MOVE MOTOR REL	S18.axis2.phaseshifter 2	deg	0.07	FALSE DONE
15/10/2025 21:30:26:	32	count	time	30.0s/cts	O Det=3647	H Det=4204	Mon Det=71071	Aux Det=4638	O+H=12489	 DONE
15/10/2025 21:30:57:	NO ACTION	 DONE
15/10/2025 21:30:58:	close file and end scan	 DONE
call of ifg2r_newPS_2p30s.sc DONE
15/10/2025 21:30:59:	move motor	S18.axis2.phaseshifter 2 to fit O COS-180	-0.913680reached -0.90088  DONE
call of ifg2R_newPS_2p30s_p90_+1+1+1_wv1.sc DONE
15/10/2025 21:31:03:	create file	D:\data\Cycle 198\exp_3-16-19\rawdata\sc\ifg_wv1_psi_+1+1+1_15Oct2131.dat	 DONE
room to enter remarks DONE
15/10/2025 21:31:04:	MOVE MOTOR REL	S18.axis2.phaseshifter 2	deg	0.0	FALSE DONE
15/10/2025 21:31:07:	1	count	time	30.0s/cts	O Det=1161	H Det=6343	Mon Det=70832	Aux Det=4679	O+H=12183	 DONE
15/10/2025 21:31:39:	MOVE MOTOR REL	S18.axis2.phaseshifter 2	deg	0.07	FALSE DONE
15/10/2025 21:31:42:	2	count	time	30.0s/cts	O Det=1267	H Det=6426	Mon Det=71441	Aux Det=4726	O+H=12419	 DONE
15/10/2025 21:32:14:	MOVE MOTOR REL	S18.axis2.phaseshifter 2	deg	0.07	FALSE DONE
15/10/2025 21:32:17:	3	count	time	30.0s/cts	O Det=1717	H Det=6015	Mon Det=71604	Aux Det=4703	O+H=12435	 DONE
15/10/2025 21:32:49:	MOVE MOTOR REL	S18.axis2.phaseshifter 2	deg	0.07	FALSE DONE
15/10/2025 21:32:53:	4	count	time	30.0s/cts	O Det=2389	H Det=5397	Mon Det=71516	Aux Det=4592	O+H=12378	 DONE
15/10/2025 21:33:24:	MOVE MOTOR REL	S18.axis2.phaseshifter 2	deg	0.07	FALSE DONE
15/10/2025 21:33:28:	5	count	time	30.0s/cts	O Det=3511	H Det=4270	Mon Det=71526	Aux Det=4807	O+H=12588	 DONE
15/10/2025 21:33:59:	MOVE MOTOR REL	S18.axis2.phaseshifter 2	deg	0.07	FALSE DONE
15/10/2025 21:34:03:	6	count	time	30.0s/cts	O Det=4471	H Det=3445	Mon Det=71754	Aux Det=4752	O+H=12668	 DONE
15/10/2025 21:34:35:	MOVE MOTOR REL	S18.axis2.phaseshifter 2	deg	0.07	FALSE DONE
15/10/2025 21:34:38:	7	count	time	30.0s/cts	O Det=5554	H Det=2672	Mon Det=71438	Aux Det=4736	O+H=12962	 DONE
15/10/2025 21:35:10:	MOVE MOTOR REL	S18.axis2.phaseshifter 2	deg	0.07	FALSE DONE
15/10/2025 21:35:13:	8	count	time	30.0s/cts	O Det=5996	H Det=2312	Mon Det=71464	Aux Det=4582	O+H=12890	 DONE
15/10/2025 21:35:45:	MOVE MOTOR REL	S18.axis2.phaseshifter 2	deg	0.07	FALSE DONE
15/10/2025 21:35:49:	9	count	time	30.0s/cts	O Det=6220	H Det=2082	Mon Det=71432	Aux Det=4854	O+H=13156	 DONE
15/10/2025 21:36:20:	MOVE MOTOR REL	S18.axis2.phaseshifter 2	deg	0.07	FALSE DONE
15/10/2025 21:36:24:	10	count	time	30.0s/cts	O Det=5690	H Det=2457	Mon Det=71214	Aux Det=4732	O+H=12879	 DONE
15/10/2025 21:36:56:	MOVE MOTOR REL	S18.axis2.phaseshifter 2	deg	0.07	FALSE DONE
15/10/2025 21:36:59:	11	count	time	30.0s/cts	O Det=5132	H Det=3061	Mon Det=71206	Aux Det=4679	O+H=12872	 DONE
15/10/2025 21:37:31:	MOVE MOTOR REL	S18.axis2.phaseshifter 2	deg	0.07	FALSE DONE
15/10/2025 21:37:34:	12	count	time	30.0s/cts	O Det=4445	H Det=3556	Mon Det=71236	Aux Det=4706	O+H=12707	 DONE
15/10/2025 21:38:06:	MOVE MOTOR REL	S18.axis2.phaseshifter 2	deg	0.07	FALSE DONE
15/10/2025 21:38:09:	13	count	time	30.0s/cts	O Det=3245	H Det=4608	Mon Det=71882	Aux Det=4681	O+H=12534	 DONE
15/10/2025 21:38:41:	MOVE MOTOR REL	S18.axis2.phaseshifter 2	deg	0.07	FALSE DONE
15/10/2025 21:38:45:	14	count	time	30.0s/cts	O Det=2364	H Det=5399	Mon Det=71339	Aux Det=4745	O+H=12508	 DONE
15/10/2025 21:39:16:	MOVE MOTOR REL	S18.axis2.phaseshifter 2	deg	0.07	FALSE DONE
15/10/2025 21:39:20:	15	count	time	30.0s/cts	O Det=1794	H Det=5894	Mon Det=71497	Aux Det=4678	O+H=12366	 DONE
15/10/2025 21:39:51:	MOVE MOTOR REL	S18.axis2.phaseshifter 2	deg	0.07	FALSE DONE
15/10/2025 21:39:55:	16	count	time	30.0s/cts	O Det=1255	H Det=6310	Mon Det=71505	Aux Det=4665	O+H=12230	 DONE
15/10/2025 21:40:27:	MOVE MOTOR REL	S18.axis2.phaseshifter 2	deg	0.07	FALSE DONE
15/10/2025 21:40:30:	17	count	time	30.0s/cts	O Det=1165	H Det=6436	Mon Det=71393	Aux Det=4563	O+H=12164	 DONE
15/10/2025 21:41:02:	MOVE MOTOR REL	S18.axis2.phaseshifter 2	deg	0.07	FALSE DONE
15/10/2025 21:41:05:	18	count	time	30.0s/cts	O Det=1476	H Det=6138	Mon Det=71914	Aux Det=4709	O+H=12323	 DONE
15/10/2025 21:41:37:	MOVE MOTOR REL	S18.axis2.phaseshifter 2	deg	0.07	FALSE DONE
15/10/2025 21:41:41:	19	count	time	30.0s/cts	O Det=2256	H Det=5484	Mon Det=71510	Aux Det=4755	O+H=12495	 DONE
15/10/2025 21:42:12:	MOVE MOTOR REL	S18.axis2.phaseshifter 2	deg	0.07	FALSE DONE
15/10/2025 21:42:16:	20	count	time	30.0s/cts	O Det=3064	H Det=4850	Mon Det=71590	Aux Det=4633	O+H=12547	 DONE
15/10/2025 21:42:47:	MOVE MOTOR REL	S18.axis2.phaseshifter 2	deg	0.07	FALSE DONE
15/10/2025 21:42:51:	21	count	time	30.0s/cts	O Det=4199	H Det=3963	Mon Det=71232	Aux Det=4680	O+H=12842	 DONE
15/10/2025 21:43:23:	MOVE MOTOR REL	S18.axis2.phaseshifter 2	deg	0.07	FALSE DONE
15/10/2025 21:43:26:	22	count	time	30.0s/cts	O Det=5140	H Det=3044	Mon Det=71491	Aux Det=4850	O+H=13034	 DONE
15/10/2025 21:43:58:	MOVE MOTOR REL	S18.axis2.phaseshifter 2	deg	0.07	FALSE DONE
15/10/2025 21:44:01:	23	count	time	30.0s/cts	O Det=5683	H Det=2390	Mon Det=71459	Aux Det=4564	O+H=12637	 DONE
15/10/2025 21:44:33:	MOVE MOTOR REL	S18.axis2.phaseshifter 2	deg	0.07	FALSE DONE
15/10/2025 21:44:37:	24	count	time	30.0s/cts	O Det=6152	H Det=2144	Mon Det=71780	Aux Det=4832	O+H=13128	 DONE
15/10/2025 21:45:08:	MOVE MOTOR REL	S18.axis2.phaseshifter 2	deg	0.07	FALSE DONE
15/10/2025 21:45:12:	25	count	time	30.0s/cts	O Det=5955	H Det=2188	Mon Det=71008	Aux Det=4634	O+H=12777	 DONE
15/10/2025 21:45:43:	MOVE MOTOR REL	S18.axis2.phaseshifter 2	deg	0.07	FALSE DONE
15/10/2025 21:45:47:	26	count	time	30.0s/cts	O Det=5556	H Det=2634	Mon Det=71569	Aux Det=4744	O+H=12934	 DONE
15/10/2025 21:46:19:	MOVE MOTOR REL	S18.axis2.phaseshifter 2	deg	0.07	FALSE DONE
15/10/2025 21:46:22:	27	count	time	30.0s/cts	O Det=4578	H Det=3364	Mon Det=71178	Aux Det=4738	O+H=12680	 DONE
15/10/2025 21:46:54:	MOVE MOTOR REL	S18.axis2.phaseshifter 2	deg	0.07	FALSE DONE
15/10/2025 21:46:57:	28	count	time	30.0s/cts	O Det=3804	H Det=4095	Mon Det=71358	Aux Det=4712	O+H=12611	 DONE
15/10/2025 21:47:29:	MOVE MOTOR REL	S18.axis2.phaseshifter 2	deg	0.07	FALSE DONE
15/10/2025 21:47:33:	29	count	time	30.0s/cts	O Det=2812	H Det=5004	Mon Det=71645	Aux Det=4710	O+H=12526	 DONE
15/10/2025 21:48:04:	MOVE MOTOR REL	S18.axis2.phaseshifter 2	deg	0.07	FALSE DONE
15/10/2025 21:48:08:	30	count	time	30.0s/cts	O Det=1934	H Det=5706	Mon Det=71310	Aux Det=4714	O+H=12354	 DONE
15/10/2025 21:48:39:	MOVE MOTOR REL	S18.axis2.phaseshifter 2	deg	0.07	FALSE DONE
15/10/2025 21:48:43:	31	count	time	30.0s/cts	O Det=1450	H Det=6166	Mon Det=71237	Aux Det=4720	O+H=12336	 DONE
15/10/2025 21:49:15:	MOVE MOTOR REL	S18.axis2.phaseshifter 2	deg	0.07	FALSE DONE
15/10/2025 21:49:18:	32	count	time	30.0s/cts	O Det=1087	H Det=6476	Mon Det=71217	Aux Det=4725	O+H=12288	 DONE
15/10/2025 21:49:50:	NO ACTION	 DONE
15/10/2025 21:49:51:	close file and end scan	 DONE
call of ifg2r_newPS_2p30s.sc DONE
call of ifg2R_newPS_2p30s_p180.sc DONE
15/10/2025 21:49:52:	move motor	S18.auxiliary.Robot Z to 207413.00000um	reached 207427.00000  DONE
call of robot_Zout_doubleCd.sc DONE
15/10/2025 21:49:55:	move motor	S18.auxiliary.Robot rot big to 90.00000deg	reached 90.00000  DONE
15/10/2025 21:49:59:	move motor	S18.auxiliary.Robot Diagonal to 26000.00000um	reached 26003.25812  DONE
15/10/2025 21:50:23:	move motor	S18.auxiliary.Robot Z to 207413.00000um	reached 207427.00000  DONE
call of robot_Zout_doubleCd.sc DONE
15/10/2025 21:50:26:	move motor	S18.auxiliary.Robot rot big to 90.00000deg	reached 90.00000  DONE
15/10/2025 21:50:28:	move motor	S18.auxiliary.Robot Z to 292012.00000um	reached 292012.00000  DONE
call of robot_Zin_doubleCd.sc DONE
call of Block_path13_doubleCd.sc DONE
15/10/2025 21:50:36:	move motor	S18.auxiliary.Robot Diagonal to 25999.900000um	 DONE
15/10/2025 21:50:42:	create file	D:\data\Cycle 198\exp_3-16-19\rawdata\sc\ifg_wv1_psi_+1+1+1_15Oct2150.dat	 DONE
room to enter remarks DONE
15/10/2025 21:50:43:	move motor	S18.auxiliary.Robot Diagonal to 26000.000000um	 DONE
15/10/2025 21:50:49:	1	count	time	60.000000s/cts	O Det=1601	H Det=1598	Mon Det=142712	Aux Det=6100	O+H=9299	 DONE
15/10/2025 21:51:51:	move motor	S18.auxiliary.Robot Diagonal to 48000.000000um	 DONE
15/10/2025 21:52:06:	2	count	time	60.000000s/cts	O Det=1619	H Det=3322	Mon Det=142832	Aux Det=30	O+H=4971	 DONE
15/10/2025 21:53:07:	move motor	S18.auxiliary.Robot Diagonal to 70000.000000um	 DONE
15/10/2025 21:53:22:	3	count	time	60.000000s/cts	O Det=1717	H Det=1533	Mon Det=142450	Aux Det=10885	O+H=14135	 DONE
15/10/2025 21:54:24:	close file and end scan	 DONE
15/10/2025 21:54:24:	move motor	S18.auxiliary.Robot Z to 207413.00000um	reached 207402.00000  DONE
call of robot_Zout_doubleCd.sc DONE
call of int_meas_path213.sc DONE
15/10/2025 21:54:32:	END OF SCRIPT	 DONE
