19/10/2025 16:58:09:	start execution of script D:\data\Cycle 198\exp_3-16-19\rawdata\sc\ifg_wv2_psi_+1+exp(-i60)+exp(i120).sc	 DONE
19/10/2025 16:58:10:	create file	D:\data\Cycle 198\exp_3-16-19\rawdata\sc\ifg_wv2_psi_+1+exp(-i60)+exp(i120)_19Oct1658.dat	 DONE
room to enter remarks DONE
19/10/2025 16:58:11:	MOVE MOTOR REL	S18.axis2.phaseshifter both	deg	0.0	FALSE DONE
19/10/2025 16:58:15:	1	count	time	15.0s/cts	O Det=715	H Det=1052	Mon Det=36208	Aux Det=6086	O+H=7853	 DONE
19/10/2025 16:58:31:	MOVE MOTOR REL	S18.axis2.phaseshifter both	deg	0.07	FALSE DONE
19/10/2025 16:58:36:	2	count	time	15.0s/cts	O Det=1036	H Det=960	Mon Det=36207	Aux Det=5738	O+H=7734	 DONE
19/10/2025 16:58:53:	MOVE MOTOR REL	S18.axis2.phaseshifter both	deg	0.07	FALSE DONE
19/10/2025 16:58:57:	3	count	time	15.0s/cts	O Det=1198	H Det=1026	Mon Det=36516	Aux Det=5333	O+H=7557	 DONE
19/10/2025 16:59:14:	MOVE MOTOR REL	S18.axis2.phaseshifter both	deg	0.07	FALSE DONE
19/10/2025 16:59:18:	4	count	time	15.0s/cts	O Det=1452	H Det=1152	Mon Det=36474	Aux Det=4906	O+H=7510	 DONE
19/10/2025 16:59:35:	MOVE MOTOR REL	S18.axis2.phaseshifter both	deg	0.07	FALSE DONE
19/10/2025 16:59:40:	5	count	time	15.0s/cts	O Det=1511	H Det=1460	Mon Det=36124	Aux Det=3775	O+H=6746	 DONE
19/10/2025 16:59:56:	MOVE MOTOR REL	S18.axis2.phaseshifter both	deg	0.07	FALSE DONE
19/10/2025 17:00:01:	6	count	time	15.0s/cts	O Det=1635	H Det=1800	Mon Det=36436	Aux Det=3283	O+H=6718	 DONE
19/10/2025 17:00:17:	MOVE MOTOR REL	S18.axis2.phaseshifter both	deg	0.07	FALSE DONE
19/10/2025 17:00:22:	7	count	time	15.0s/cts	O Det=1592	H Det=2072	Mon Det=36435	Aux Det=2719	O+H=6383	 DONE
19/10/2025 17:00:39:	MOVE MOTOR REL	S18.axis2.phaseshifter both	deg	0.07	FALSE DONE
19/10/2025 17:00:43:	8	count	time	15.0s/cts	O Det=1505	H Det=2393	Mon Det=36376	Aux Det=2391	O+H=6289	 DONE
19/10/2025 17:01:00:	MOVE MOTOR REL	S18.axis2.phaseshifter both	deg	0.07	FALSE DONE
19/10/2025 17:01:04:	9	count	time	15.0s/cts	O Det=1313	H Det=2548	Mon Det=36485	Aux Det=2395	O+H=6256	 DONE
19/10/2025 17:01:21:	MOVE MOTOR REL	S18.axis2.phaseshifter both	deg	0.07	FALSE DONE
19/10/2025 17:01:26:	10	count	time	15.0s/cts	O Det=993	H Det=2724	Mon Det=36142	Aux Det=2607	O+H=6324	 DONE
19/10/2025 17:01:42:	MOVE MOTOR REL	S18.axis2.phaseshifter both	deg	0.07	FALSE DONE
19/10/2025 17:01:47:	11	count	time	15.0s/cts	O Det=729	H Det=2732	Mon Det=36522	Aux Det=3062	O+H=6523	 DONE
19/10/2025 17:02:03:	MOVE MOTOR REL	S18.axis2.phaseshifter both	deg	0.07	FALSE DONE
19/10/2025 17:02:08:	12	count	time	15.0s/cts	O Det=571	H Det=2430	Mon Det=36062	Aux Det=3813	O+H=6814	 DONE
19/10/2025 17:02:25:	MOVE MOTOR REL	S18.axis2.phaseshifter both	deg	0.07	FALSE DONE
19/10/2025 17:02:29:	13	count	time	15.0s/cts	O Det=452	H Det=2119	Mon Det=36309	Aux Det=4568	O+H=7139	 DONE
19/10/2025 17:02:46:	MOVE MOTOR REL	S18.axis2.phaseshifter both	deg	0.07	FALSE DONE
19/10/2025 17:02:50:	14	count	time	15.0s/cts	O Det=415	H Det=1814	Mon Det=36424	Aux Det=5237	O+H=7466	 DONE
19/10/2025 17:03:07:	MOVE MOTOR REL	S18.axis2.phaseshifter both	deg	0.07	FALSE DONE
19/10/2025 17:03:12:	15	count	time	15.0s/cts	O Det=451	H Det=1458	Mon Det=36547	Aux Det=5815	O+H=7724	 DONE
19/10/2025 17:03:28:	MOVE MOTOR REL	S18.axis2.phaseshifter both	deg	0.07	FALSE DONE
19/10/2025 17:03:33:	16	count	time	15.0s/cts	O Det=607	H Det=1191	Mon Det=35897	Aux Det=6145	O+H=7943	 DONE
19/10/2025 17:03:49:	MOVE MOTOR REL	S18.axis2.phaseshifter both	deg	0.07	FALSE DONE
19/10/2025 17:03:54:	17	count	time	15.0s/cts	O Det=873	H Det=1094	Mon Det=35962	Aux Det=6014	O+H=7981	 DONE
19/10/2025 17:04:11:	MOVE MOTOR REL	S18.axis2.phaseshifter both	deg	0.07	FALSE DONE
19/10/2025 17:04:15:	18	count	time	15.0s/cts	O Det=1162	H Det=932	Mon Det=36309	Aux Det=5610	O+H=7704	 DONE
19/10/2025 17:04:32:	MOVE MOTOR REL	S18.axis2.phaseshifter both	deg	0.07	FALSE DONE
19/10/2025 17:04:36:	19	count	time	15.0s/cts	O Det=1492	H Det=989	Mon Det=35891	Aux Det=5018	O+H=7499	 DONE
19/10/2025 17:04:53:	MOVE MOTOR REL	S18.axis2.phaseshifter both	deg	0.07	FALSE DONE
19/10/2025 17:04:58:	20	count	time	15.0s/cts	O Det=1656	H Det=1160	Mon Det=36646	Aux Det=4492	O+H=7308	 DONE
19/10/2025 17:05:14:	MOVE MOTOR REL	S18.axis2.phaseshifter both	deg	0.07	FALSE DONE
19/10/2025 17:05:19:	21	count	time	15.0s/cts	O Det=1738	H Det=1495	Mon Det=36571	Aux Det=3678	O+H=6911	 DONE
19/10/2025 17:05:35:	MOVE MOTOR REL	S18.axis2.phaseshifter both	deg	0.07	FALSE DONE
19/10/2025 17:05:40:	22	count	time	15.0s/cts	O Det=1817	H Det=1894	Mon Det=36072	Aux Det=3008	O+H=6719	 DONE
19/10/2025 17:05:57:	MOVE MOTOR REL	S18.axis2.phaseshifter both	deg	0.07	FALSE DONE
19/10/2025 17:06:01:	23	count	time	15.0s/cts	O Det=1629	H Det=2214	Mon Det=36160	Aux Det=2459	O+H=6302	 DONE
19/10/2025 17:06:18:	MOVE MOTOR REL	S18.axis2.phaseshifter both	deg	0.07	FALSE DONE
19/10/2025 17:06:23:	24	count	time	15.0s/cts	O Det=1532	H Det=2419	Mon Det=36691	Aux Det=2433	O+H=6384	 DONE
19/10/2025 17:06:39:	MOVE MOTOR REL	S18.axis2.phaseshifter both	deg	0.07	FALSE DONE
19/10/2025 17:06:44:	25	count	time	15.0s/cts	O Det=1363	H Det=2448	Mon Det=36583	Aux Det=2444	O+H=6255	 DONE
19/10/2025 17:07:00:	MOVE MOTOR REL	S18.axis2.phaseshifter both	deg	0.07	FALSE DONE
19/10/2025 17:07:05:	26	count	time	15.0s/cts	O Det=1122	H Det=2490	Mon Det=36272	Aux Det=2929	O+H=6541	 DONE
19/10/2025 17:07:22:	MOVE MOTOR REL	S18.axis2.phaseshifter both	deg	0.07	FALSE DONE
19/10/2025 17:07:26:	27	count	time	15.0s/cts	O Det=834	H Det=2479	Mon Det=36169	Aux Det=3373	O+H=6686	 DONE
19/10/2025 17:07:43:	MOVE MOTOR REL	S18.axis2.phaseshifter both	deg	0.07	FALSE DONE
19/10/2025 17:07:47:	28	count	time	15.0s/cts	O Det=543	H Det=2213	Mon Det=35966	Aux Det=4096	O+H=6852	 DONE
19/10/2025 17:08:04:	MOVE MOTOR REL	S18.axis2.phaseshifter both	deg	0.07	FALSE DONE
19/10/2025 17:08:09:	29	count	time	15.0s/cts	O Det=396	H Det=1965	Mon Det=36228	Aux Det=4865	O+H=7226	 DONE
19/10/2025 17:08:25:	MOVE MOTOR REL	S18.axis2.phaseshifter both	deg	0.07	FALSE DONE
19/10/2025 17:08:30:	30	count	time	15.0s/cts	O Det=375	H Det=1681	Mon Det=36310	Aux Det=5480	O+H=7536	 DONE
19/10/2025 17:08:46:	MOVE MOTOR REL	S18.axis2.phaseshifter both	deg	0.07	FALSE DONE
19/10/2025 17:08:51:	31	count	time	15.0s/cts	O Det=485	H Det=1303	Mon Det=36085	Aux Det=5935	O+H=7723	 DONE
19/10/2025 17:09:08:	MOVE MOTOR REL	S18.axis2.phaseshifter both	deg	0.07	FALSE DONE
19/10/2025 17:09:12:	32	count	time	15.0s/cts	O Det=685	H Det=1137	Mon Det=36440	Aux Det=6021	O+H=7843	 DONE
19/10/2025 17:09:29:	NO ACTION	 DONE
19/10/2025 17:09:29:	close file and end scan	 DONE
call of ifg12r_newPS_2p30s_AP.sc DONE
19/10/2025 17:09:30:	move motor	S18.axis2.phaseshifter both to fit O COS-210	-1.695400reached -1.69189  DONE
call of ifg12R_newPS_2p30s_0_+1+exp(-i60)+exp(i120)_wv2.sc DONE
19/10/2025 17:09:37:	create file	D:\data\Cycle 198\exp_3-16-19\rawdata\sc\ifg_wv2_psi_+1+exp(-i60)+exp(i120)_19Oct1709.dat	 DONE
room to enter remarks DONE
19/10/2025 17:09:38:	MOVE MOTOR REL	S18.axis2.phaseshifter both	deg	0.0	FALSE DONE
19/10/2025 17:09:42:	1	count	time	15.0s/cts	O Det=635	H Det=2295	Mon Det=36156	Aux Det=4071	O+H=7001	 DONE
19/10/2025 17:09:58:	MOVE MOTOR REL	S18.axis2.phaseshifter both	deg	0.07	FALSE DONE
19/10/2025 17:10:03:	2	count	time	15.0s/cts	O Det=459	H Det=2071	Mon Det=36139	Aux Det=4779	O+H=7309	 DONE
19/10/2025 17:10:19:	MOVE MOTOR REL	S18.axis2.phaseshifter both	deg	0.07	FALSE DONE
19/10/2025 17:10:24:	3	count	time	15.0s/cts	O Det=401	H Det=1763	Mon Det=36134	Aux Det=5338	O+H=7502	 DONE
19/10/2025 17:10:41:	MOVE MOTOR REL	S18.axis2.phaseshifter both	deg	0.07	FALSE DONE
19/10/2025 17:10:45:	4	count	time	15.0s/cts	O Det=439	H Det=1459	Mon Det=35928	Aux Det=5768	O+H=7666	 DONE
19/10/2025 17:11:02:	MOVE MOTOR REL	S18.axis2.phaseshifter both	deg	0.07	FALSE DONE
19/10/2025 17:11:06:	5	count	time	15.0s/cts	O Det=590	H Det=1207	Mon Det=35945	Aux Det=5941	O+H=7738	 DONE
19/10/2025 17:11:23:	MOVE MOTOR REL	S18.axis2.phaseshifter both	deg	0.07	FALSE DONE
19/10/2025 17:11:28:	6	count	time	15.0s/cts	O Det=825	H Det=1077	Mon Det=36238	Aux Det=6016	O+H=7918	 DONE
19/10/2025 17:11:44:	MOVE MOTOR REL	S18.axis2.phaseshifter both	deg	0.07	FALSE DONE
19/10/2025 17:11:49:	7	count	time	15.0s/cts	O Det=1080	H Det=987	Mon Det=36068	Aux Det=5570	O+H=7637	 DONE
19/10/2025 17:12:06:	MOVE MOTOR REL	S18.axis2.phaseshifter both	deg	0.07	FALSE DONE
19/10/2025 17:12:10:	8	count	time	15.0s/cts	O Det=1231	H Det=1080	Mon Det=36472	Aux Det=5230	O+H=7541	 DONE
19/10/2025 17:12:27:	MOVE MOTOR REL	S18.axis2.phaseshifter both	deg	0.07	FALSE DONE
19/10/2025 17:12:31:	9	count	time	15.0s/cts	O Det=1345	H Det=1213	Mon Det=36252	Aux Det=4759	O+H=7317	 DONE
19/10/2025 17:12:48:	MOVE MOTOR REL	S18.axis2.phaseshifter both	deg	0.07	FALSE DONE
19/10/2025 17:12:53:	10	count	time	15.0s/cts	O Det=1575	H Det=1492	Mon Det=36358	Aux Det=3976	O+H=7043	 DONE
19/10/2025 17:13:09:	MOVE MOTOR REL	S18.axis2.phaseshifter both	deg	0.07	FALSE DONE
19/10/2025 17:13:14:	11	count	time	15.0s/cts	O Det=1521	H Det=1870	Mon Det=36053	Aux Det=3437	O+H=6828	 DONE
19/10/2025 17:13:30:	MOVE MOTOR REL	S18.axis2.phaseshifter both	deg	0.07	FALSE DONE
19/10/2025 17:13:35:	12	count	time	15.0s/cts	O Det=1555	H Det=2044	Mon Det=36117	Aux Det=2725	O+H=6324	 DONE
19/10/2025 17:13:52:	MOVE MOTOR REL	S18.axis2.phaseshifter both	deg	0.07	FALSE DONE
19/10/2025 17:13:56:	13	count	time	15.0s/cts	O Det=1428	H Det=2491	Mon Det=36219	Aux Det=2454	O+H=6373	 DONE
19/10/2025 17:14:13:	MOVE MOTOR REL	S18.axis2.phaseshifter both	deg	0.07	FALSE DONE
19/10/2025 17:14:17:	14	count	time	15.0s/cts	O Det=1230	H Det=2595	Mon Det=36311	Aux Det=2351	O+H=6176	 DONE
19/10/2025 17:14:34:	MOVE MOTOR REL	S18.axis2.phaseshifter both	deg	0.07	FALSE DONE
19/10/2025 17:14:39:	15	count	time	15.0s/cts	O Det=975	H Det=2769	Mon Det=36616	Aux Det=2412	O+H=6156	 DONE
19/10/2025 17:14:55:	MOVE MOTOR REL	S18.axis2.phaseshifter both	deg	0.07	FALSE DONE
19/10/2025 17:15:00:	16	count	time	15.0s/cts	O Det=657	H Det=2756	Mon Det=35874	Aux Det=3031	O+H=6444	 DONE
19/10/2025 17:15:16:	MOVE MOTOR REL	S18.axis2.phaseshifter both	deg	0.07	FALSE DONE
19/10/2025 17:15:21:	17	count	time	15.0s/cts	O Det=526	H Det=2455	Mon Det=36473	Aux Det=3634	O+H=6615	 DONE
19/10/2025 17:15:38:	MOVE MOTOR REL	S18.axis2.phaseshifter both	deg	0.07	FALSE DONE
19/10/2025 17:15:42:	18	count	time	15.0s/cts	O Det=371	H Det=2258	Mon Det=35921	Aux Det=4393	O+H=7022	 DONE
19/10/2025 17:15:59:	MOVE MOTOR REL	S18.axis2.phaseshifter both	deg	0.07	FALSE DONE
19/10/2025 17:16:03:	19	count	time	15.0s/cts	O Det=355	H Det=1876	Mon Det=36161	Aux Det=5150	O+H=7381	 DONE
19/10/2025 17:16:20:	MOVE MOTOR REL	S18.axis2.phaseshifter both	deg	0.07	FALSE DONE
19/10/2025 17:16:25:	20	count	time	15.0s/cts	O Det=455	H Det=1552	Mon Det=36140	Aux Det=5609	O+H=7616	 DONE
19/10/2025 17:16:41:	MOVE MOTOR REL	S18.axis2.phaseshifter both	deg	0.07	FALSE DONE
19/10/2025 17:16:46:	21	count	time	15.0s/cts	O Det=631	H Det=1311	Mon Det=36037	Aux Det=5986	O+H=7928	 DONE
19/10/2025 17:17:02:	MOVE MOTOR REL	S18.axis2.phaseshifter both	deg	0.07	FALSE DONE
19/10/2025 17:17:07:	22	count	time	15.0s/cts	O Det=760	H Det=1063	Mon Det=36190	Aux Det=5982	O+H=7805	 DONE
19/10/2025 17:17:24:	MOVE MOTOR REL	S18.axis2.phaseshifter both	deg	0.07	FALSE DONE
19/10/2025 17:17:28:	23	count	time	15.0s/cts	O Det=971	H Det=1002	Mon Det=35924	Aux Det=5784	O+H=7757	 DONE
19/10/2025 17:17:45:	MOVE MOTOR REL	S18.axis2.phaseshifter both	deg	0.07	FALSE DONE
19/10/2025 17:17:49:	24	count	time	15.0s/cts	O Det=1099	H Det=1073	Mon Det=36171	Aux Det=5515	O+H=7687	 DONE
19/10/2025 17:18:06:	MOVE MOTOR REL	S18.axis2.phaseshifter both	deg	0.07	FALSE DONE
19/10/2025 17:18:11:	25	count	time	15.0s/cts	O Det=1249	H Det=1310	Mon Det=36115	Aux Det=4743	O+H=7302	 DONE
19/10/2025 17:18:27:	MOVE MOTOR REL	S18.axis2.phaseshifter both	deg	0.07	FALSE DONE
19/10/2025 17:18:32:	26	count	time	15.0s/cts	O Det=1366	H Det=1638	Mon Det=36327	Aux Det=4016	O+H=7020	 DONE
19/10/2025 17:18:48:	MOVE MOTOR REL	S18.axis2.phaseshifter both	deg	0.07	FALSE DONE
19/10/2025 17:18:53:	27	count	time	15.0s/cts	O Det=1261	H Det=2042	Mon Det=36096	Aux Det=3325	O+H=6628	 DONE
19/10/2025 17:19:10:	MOVE MOTOR REL	S18.axis2.phaseshifter both	deg	0.07	FALSE DONE
19/10/2025 17:19:14:	28	count	time	15.0s/cts	O Det=1126	H Det=2324	Mon Det=36133	Aux Det=2829	O+H=6279	 DONE
19/10/2025 17:19:31:	MOVE MOTOR REL	S18.axis2.phaseshifter both	deg	0.07	FALSE DONE
19/10/2025 17:19:36:	29	count	time	15.0s/cts	O Det=1015	H Det=2810	Mon Det=36129	Aux Det=2522	O+H=6347	 DONE
19/10/2025 17:19:52:	MOVE MOTOR REL	S18.axis2.phaseshifter both	deg	0.07	FALSE DONE
19/10/2025 17:19:57:	30	count	time	15.0s/cts	O Det=842	H Det=2941	Mon Det=36312	Aux Det=2314	O+H=6097	 DONE
19/10/2025 17:20:13:	MOVE MOTOR REL	S18.axis2.phaseshifter both	deg	0.07	FALSE DONE
19/10/2025 17:20:18:	31	count	time	15.0s/cts	O Det=717	H Det=3037	Mon Det=36124	Aux Det=2486	O+H=6240	 DONE
19/10/2025 17:20:35:	MOVE MOTOR REL	S18.axis2.phaseshifter both	deg	0.07	FALSE DONE
19/10/2025 17:20:39:	32	count	time	15.0s/cts	O Det=652	H Det=2882	Mon Det=36296	Aux Det=2834	O+H=6368	 DONE
19/10/2025 17:20:56:	NO ACTION	 DONE
19/10/2025 17:20:56:	close file and end scan	 DONE
call of ifg12r_newPS_2p30s_AP.sc DONE
19/10/2025 17:20:57:	move motor	S18.axis2.phaseshifter both to fit O COS-30	-1.166009reached -1.16455  DONE
call of ifg12R_newPS_2p30s_m90_+1+exp(-i60)+exp(i120)_wv2.sc DONE
19/10/2025 17:21:03:	create file	D:\data\Cycle 198\exp_3-16-19\rawdata\sc\ifg_wv2_psi_+1+exp(-i60)+exp(i120)_19Oct1721.dat	 DONE
room to enter remarks DONE
19/10/2025 17:21:04:	MOVE MOTOR REL	S18.axis2.phaseshifter both	deg	0.0	FALSE DONE
19/10/2025 17:21:08:	1	count	time	15.0s/cts	O Det=1114	H Det=1701	Mon Det=36687	Aux Det=4211	O+H=7026	 DONE
19/10/2025 17:21:25:	MOVE MOTOR REL	S18.axis2.phaseshifter both	deg	0.07	FALSE DONE
19/10/2025 17:21:29:	2	count	time	15.0s/cts	O Det=1124	H Det=2076	Mon Det=36871	Aux Det=3523	O+H=6723	 DONE
19/10/2025 17:21:46:	MOVE MOTOR REL	S18.axis2.phaseshifter both	deg	0.07	FALSE DONE
19/10/2025 17:21:51:	3	count	time	15.0s/cts	O Det=1033	H Det=2533	Mon Det=36332	Aux Det=2974	O+H=6540	 DONE
19/10/2025 17:22:07:	MOVE MOTOR REL	S18.axis2.phaseshifter both	deg	0.07	FALSE DONE
19/10/2025 17:22:12:	4	count	time	15.0s/cts	O Det=939	H Det=2737	Mon Det=36584	Aux Det=2478	O+H=6154	 DONE
19/10/2025 17:22:28:	MOVE MOTOR REL	S18.axis2.phaseshifter both	deg	0.07	FALSE DONE
19/10/2025 17:22:33:	5	count	time	15.0s/cts	O Det=786	H Det=2954	Mon Det=36362	Aux Det=2350	O+H=6090	 DONE
19/10/2025 17:22:50:	MOVE MOTOR REL	S18.axis2.phaseshifter both	deg	0.07	FALSE DONE
19/10/2025 17:22:54:	6	count	time	15.0s/cts	O Det=666	H Det=3020	Mon Det=36445	Aux Det=2383	O+H=6069	 DONE
19/10/2025 17:23:11:	MOVE MOTOR REL	S18.axis2.phaseshifter both	deg	0.07	FALSE DONE
19/10/2025 17:23:15:	7	count	time	15.0s/cts	O Det=568	H Det=3036	Mon Det=36394	Aux Det=2861	O+H=6465	 DONE
19/10/2025 17:23:32:	MOVE MOTOR REL	S18.axis2.phaseshifter both	deg	0.07	FALSE DONE
19/10/2025 17:23:37:	8	count	time	15.0s/cts	O Det=490	H Det=2672	Mon Det=36404	Aux Det=3429	O+H=6591	 DONE
19/10/2025 17:23:53:	MOVE MOTOR REL	S18.axis2.phaseshifter both	deg	0.07	FALSE DONE
19/10/2025 17:23:58:	9	count	time	15.0s/cts	O Det=403	H Det=2294	Mon Det=36078	Aux Det=4097	O+H=6794	 DONE
19/10/2025 17:24:14:	MOVE MOTOR REL	S18.axis2.phaseshifter both	deg	0.07	FALSE DONE
19/10/2025 17:24:19:	10	count	time	15.0s/cts	O Det=465	H Det=1959	Mon Det=36123	Aux Det=4996	O+H=7420	 DONE
19/10/2025 17:24:36:	MOVE MOTOR REL	S18.axis2.phaseshifter both	deg	0.07	FALSE DONE
19/10/2025 17:24:40:	11	count	time	15.0s/cts	O Det=541	H Det=1661	Mon Det=36126	Aux Det=5441	O+H=7643	 DONE
19/10/2025 17:24:57:	MOVE MOTOR REL	S18.axis2.phaseshifter both	deg	0.07	FALSE DONE
19/10/2025 17:25:01:	12	count	time	15.0s/cts	O Det=613	H Det=1237	Mon Det=35850	Aux Det=5783	O+H=7633	 DONE
19/10/2025 17:25:18:	MOVE MOTOR REL	S18.axis2.phaseshifter both	deg	0.07	FALSE DONE
19/10/2025 17:25:23:	13	count	time	15.0s/cts	O Det=698	H Det=1143	Mon Det=36076	Aux Det=6072	O+H=7913	 DONE
19/10/2025 17:25:39:	MOVE MOTOR REL	S18.axis2.phaseshifter both	deg	0.07	FALSE DONE
19/10/2025 17:25:45:	14	count	time	15.0s/cts	O Det=801	H Det=1064	Mon Det=36175	Aux Det=5963	O+H=7828	 DONE
19/10/2025 17:26:01:	MOVE MOTOR REL	S18.axis2.phaseshifter both	deg	0.07	FALSE DONE
19/10/2025 17:26:06:	15	count	time	15.0s/cts	O Det=880	H Det=1180	Mon Det=36043	Aux Det=5610	O+H=7670	 DONE
19/10/2025 17:26:22:	MOVE MOTOR REL	S18.axis2.phaseshifter both	deg	0.07	FALSE DONE
19/10/2025 17:26:27:	16	count	time	15.0s/cts	O Det=822	H Det=1470	Mon Det=36155	Aux Det=5191	O+H=7483	 DONE
19/10/2025 17:26:44:	MOVE MOTOR REL	S18.axis2.phaseshifter both	deg	0.07	FALSE DONE
19/10/2025 17:26:48:	17	count	time	15.0s/cts	O Det=936	H Det=1849	Mon Det=35765	Aux Det=4359	O+H=7144	 DONE
19/10/2025 17:27:05:	MOVE MOTOR REL	S18.axis2.phaseshifter both	deg	0.07	FALSE DONE
19/10/2025 17:27:09:	18	count	time	15.0s/cts	O Det=925	H Det=2105	Mon Det=36154	Aux Det=3677	O+H=6707	 DONE
19/10/2025 17:27:26:	MOVE MOTOR REL	S18.axis2.phaseshifter both	deg	0.07	FALSE DONE
19/10/2025 17:27:31:	19	count	time	15.0s/cts	O Det=849	H Det=2499	Mon Det=36146	Aux Det=3179	O+H=6527	 DONE
19/10/2025 17:27:47:	MOVE MOTOR REL	S18.axis2.phaseshifter both	deg	0.07	FALSE DONE
19/10/2025 17:27:52:	20	count	time	15.0s/cts	O Det=802	H Det=2725	Mon Det=36421	Aux Det=2781	O+H=6308	 DONE
19/10/2025 17:28:08:	MOVE MOTOR REL	S18.axis2.phaseshifter both	deg	0.07	FALSE DONE
19/10/2025 17:28:13:	21	count	time	15.0s/cts	O Det=822	H Det=2939	Mon Det=36187	Aux Det=2488	O+H=6249	 DONE
19/10/2025 17:28:30:	MOVE MOTOR REL	S18.axis2.phaseshifter both	deg	0.07	FALSE DONE
19/10/2025 17:28:34:	22	count	time	15.0s/cts	O Det=651	H Det=3122	Mon Det=36161	Aux Det=2322	O+H=6095	 DONE
19/10/2025 17:28:51:	MOVE MOTOR REL	S18.axis2.phaseshifter both	deg	0.07	FALSE DONE
19/10/2025 17:28:55:	23	count	time	15.0s/cts	O Det=597	H Det=3018	Mon Det=36089	Aux Det=2580	O+H=6195	 DONE
19/10/2025 17:29:12:	MOVE MOTOR REL	S18.axis2.phaseshifter both	deg	0.07	FALSE DONE
19/10/2025 17:29:17:	24	count	time	15.0s/cts	O Det=496	H Det=2789	Mon Det=36175	Aux Det=3050	O+H=6335	 DONE
19/10/2025 17:29:33:	MOVE MOTOR REL	S18.axis2.phaseshifter both	deg	0.07	FALSE DONE
19/10/2025 17:29:38:	25	count	time	15.0s/cts	O Det=597	H Det=2495	Mon Det=36144	Aux Det=3838	O+H=6930	 DONE
19/10/2025 17:29:54:	MOVE MOTOR REL	S18.axis2.phaseshifter both	deg	0.07	FALSE DONE
19/10/2025 17:29:59:	26	count	time	15.0s/cts	O Det=567	H Det=2097	Mon Det=36039	Aux Det=4510	O+H=7174	 DONE
19/10/2025 17:30:16:	MOVE MOTOR REL	S18.axis2.phaseshifter both	deg	0.07	FALSE DONE
19/10/2025 17:30:20:	27	count	time	15.0s/cts	O Det=577	H Det=1731	Mon Det=36094	Aux Det=5100	O+H=7408	 DONE
19/10/2025 17:30:37:	MOVE MOTOR REL	S18.axis2.phaseshifter both	deg	0.07	FALSE DONE
19/10/2025 17:30:42:	28	count	time	15.0s/cts	O Det=648	H Det=1370	Mon Det=36627	Aux Det=5689	O+H=7707	 DONE
19/10/2025 17:30:58:	MOVE MOTOR REL	S18.axis2.phaseshifter both	deg	0.07	FALSE DONE
19/10/2025 17:31:03:	29	count	time	15.0s/cts	O Det=694	H Det=1135	Mon Det=36423	Aux Det=5908	O+H=7737	 DONE
19/10/2025 17:31:19:	MOVE MOTOR REL	S18.axis2.phaseshifter both	deg	0.07	FALSE DONE
19/10/2025 17:31:24:	30	count	time	15.0s/cts	O Det=680	H Det=1068	Mon Det=36402	Aux Det=6008	O+H=7756	 DONE
19/10/2025 17:31:41:	MOVE MOTOR REL	S18.axis2.phaseshifter both	deg	0.07	FALSE DONE
19/10/2025 17:31:45:	31	count	time	15.0s/cts	O Det=694	H Det=1213	Mon Det=36471	Aux Det=5567	O+H=7474	 DONE
19/10/2025 17:32:02:	MOVE MOTOR REL	S18.axis2.phaseshifter both	deg	0.07	FALSE DONE
19/10/2025 17:32:06:	32	count	time	15.0s/cts	O Det=743	H Det=1473	Mon Det=36382	Aux Det=5264	O+H=7480	 DONE
19/10/2025 17:32:23:	NO ACTION	 DONE
19/10/2025 17:32:24:	close file and end scan	 DONE
call of ifg12r_newPS_2p30s_AP.sc DONE
19/10/2025 17:32:25:	move motor	S18.axis2.phaseshifter both to fit O COS-300	-0.967056reached -0.96680  DONE
call of ifg12R_newPS_2p30s_p90_+1+exp(-i60)+exp(i120)_wv2.sc DONE
19/10/2025 17:32:31:	create file	D:\data\Cycle 198\exp_3-16-19\rawdata\sc\ifg_wv2_psi_+1+exp(-i60)+exp(i120)_19Oct1732.dat	 DONE
room to enter remarks DONE
19/10/2025 17:32:32:	MOVE MOTOR REL	S18.axis2.phaseshifter both	deg	0.0	FALSE DONE
19/10/2025 17:32:36:	1	count	time	15.0s/cts	O Det=605	H Det=3127	Mon Det=36364	Aux Det=2505	O+H=6237	 DONE
19/10/2025 17:32:52:	MOVE MOTOR REL	S18.axis2.phaseshifter both	deg	0.07	FALSE DONE
19/10/2025 17:32:57:	2	count	time	15.0s/cts	O Det=611	H Det=3055	Mon Det=35951	Aux Det=2389	O+H=6055	 DONE
19/10/2025 17:33:14:	MOVE MOTOR REL	S18.axis2.phaseshifter both	deg	0.07	FALSE DONE
19/10/2025 17:33:18:	3	count	time	15.0s/cts	O Det=611	H Det=3114	Mon Det=36212	Aux Det=2397	O+H=6122	 DONE
19/10/2025 17:33:35:	MOVE MOTOR REL	S18.axis2.phaseshifter both	deg	0.07	FALSE DONE
19/10/2025 17:33:40:	4	count	time	15.0s/cts	O Det=609	H Det=2840	Mon Det=36206	Aux Det=2768	O+H=6217	 DONE
19/10/2025 17:33:56:	MOVE MOTOR REL	S18.axis2.phaseshifter both	deg	0.07	FALSE DONE
19/10/2025 17:34:01:	5	count	time	15.0s/cts	O Det=711	H Det=2511	Mon Det=36423	Aux Det=3327	O+H=6549	 DONE
19/10/2025 17:34:17:	MOVE MOTOR REL	S18.axis2.phaseshifter both	deg	0.07	FALSE DONE
19/10/2025 17:34:22:	6	count	time	15.0s/cts	O Det=626	H Det=2068	Mon Det=36216	Aux Det=4331	O+H=7025	 DONE
19/10/2025 17:34:39:	MOVE MOTOR REL	S18.axis2.phaseshifter both	deg	0.07	FALSE DONE
19/10/2025 17:34:43:	7	count	time	15.0s/cts	O Det=664	H Det=1691	Mon Det=36573	Aux Det=4906	O+H=7261	 DONE
19/10/2025 17:35:00:	MOVE MOTOR REL	S18.axis2.phaseshifter both	deg	0.07	FALSE DONE
19/10/2025 17:35:04:	8	count	time	15.0s/cts	