14/10/2025 16:40:48:	start execution of script D:\data\Cycle 198\exp_3-16-19\rawdata\sc\ifg_wv1_psi_+1-1-i.sc	 DONE
14/10/2025 16:40:48:	create file	D:\data\Cycle 198\exp_3-16-19\rawdata\sc\ifg_wv1_psi_+1-1-i_14Oct1640.dat	 DONE
room to enter remarks DONE
14/10/2025 16:40:49:	MOVE MOTOR REL	S18.axis2.phaseshifter 2	deg	0.0	FALSE DONE
14/10/2025 16:40:52:	1	count	time	15.0s/cts	O Det=733	H Det=2379	Mon Det=35735	Aux Det=4438	O+H=7550	 DONE
14/10/2025 16:41:09:	MOVE MOTOR REL	S18.axis2.phaseshifter 2	deg	0.07	FALSE DONE
14/10/2025 16:41:12:	2	count	time	15.0s/cts	O Det=536	H Det=2453	Mon Det=36092	Aux Det=4275	O+H=7264	 DONE
14/10/2025 16:41:29:	MOVE MOTOR REL	S18.axis2.phaseshifter 2	deg	0.07	FALSE DONE
14/10/2025 16:41:33:	3	count	time	15.0s/cts	O Det=458	H Det=2490	Mon Det=36179	Aux Det=4455	O+H=7403	 DONE
14/10/2025 16:41:49:	MOVE MOTOR REL	S18.axis2.phaseshifter 2	deg	0.07	FALSE DONE
14/10/2025 16:41:53:	4	count	time	15.0s/cts	O Det=540	H Det=2432	Mon Det=36093	Aux Det=4503	O+H=7475	 DONE
14/10/2025 16:42:09:	MOVE MOTOR REL	S18.axis2.phaseshifter 2	deg	0.07	FALSE DONE
14/10/2025 16:42:13:	5	count	time	15.0s/cts	O Det=797	H Det=2304	Mon Det=35908	Aux Det=4387	O+H=7488	 DONE
14/10/2025 16:42:30:	MOVE MOTOR REL	S18.axis2.phaseshifter 2	deg	0.07	FALSE DONE
14/10/2025 16:42:33:	6	count	time	15.0s/cts	O Det=975	H Det=2028	Mon Det=36312	Aux Det=4525	O+H=7528	 DONE
14/10/2025 16:42:50:	MOVE MOTOR REL	S18.axis2.phaseshifter 2	deg	0.07	FALSE DONE
14/10/2025 16:42:53:	7	count	time	15.0s/cts	O Det=1320	H Det=1827	Mon Det=36038	Aux Det=4511	O+H=7658	 DONE
14/10/2025 16:43:10:	MOVE MOTOR REL	S18.axis2.phaseshifter 2	deg	0.07	FALSE DONE
14/10/2025 16:43:14:	8	count	time	15.0s/cts	O Det=1709	H Det=1514	Mon Det=36286	Aux Det=4450	O+H=7673	 DONE
14/10/2025 16:43:30:	MOVE MOTOR REL	S18.axis2.phaseshifter 2	deg	0.07	FALSE DONE
14/10/2025 16:43:34:	9	count	time	15.0s/cts	O Det=2165	H Det=1218	Mon Det=36018	Aux Det=4373	O+H=7756	 DONE
14/10/2025 16:43:50:	MOVE MOTOR REL	S18.axis2.phaseshifter 2	deg	0.07	FALSE DONE
14/10/2025 16:43:54:	10	count	time	15.0s/cts	O Det=2198	H Det=1035	Mon Det=36029	Aux Det=4485	O+H=7718	 DONE
14/10/2025 16:44:11:	MOVE MOTOR REL	S18.axis2.phaseshifter 2	deg	0.07	FALSE DONE
14/10/2025 16:44:14:	11	count	time	15.0s/cts	O Det=2333	H Det=906	Mon Det=36151	Aux Det=4407	O+H=7646	 DONE
14/10/2025 16:44:31:	MOVE MOTOR REL	S18.axis2.phaseshifter 2	deg	0.07	FALSE DONE
14/10/2025 16:44:34:	12	count	time	15.0s/cts	O Det=2373	H Det=949	Mon Det=36205	Aux Det=4566	O+H=7888	 DONE
14/10/2025 16:44:51:	MOVE MOTOR REL	S18.axis2.phaseshifter 2	deg	0.07	FALSE DONE
14/10/2025 16:44:55:	13	count	time	15.0s/cts	O Det=2162	H Det=1175	Mon Det=36134	Aux Det=4457	O+H=7794	 DONE
14/10/2025 16:45:11:	MOVE MOTOR REL	S18.axis2.phaseshifter 2	deg	0.07	FALSE DONE
14/10/2025 16:45:15:	14	count	time	15.0s/cts	O Det=1923	H Det=1300	Mon Det=35979	Aux Det=4461	O+H=7684	 DONE
14/10/2025 16:45:31:	MOVE MOTOR REL	S18.axis2.phaseshifter 2	deg	0.07	FALSE DONE
14/10/2025 16:45:35:	15	count	time	15.0s/cts	O Det=1590	H Det=1623	Mon Det=36355	Aux Det=4477	O+H=7690	 DONE
14/10/2025 16:45:52:	MOVE MOTOR REL	S18.axis2.phaseshifter 2	deg	0.07	FALSE DONE
14/10/2025 16:45:55:	16	count	time	15.0s/cts	O Det=1076	H Det=1971	Mon Det=36296	Aux Det=4514	O+H=7561	 DONE
14/10/2025 16:46:12:	MOVE MOTOR REL	S18.axis2.phaseshifter 2	deg	0.07	FALSE DONE
14/10/2025 16:46:15:	17	count	time	15.0s/cts	O Det=830	H Det=2249	Mon Det=36159	Aux Det=4450	O+H=7529	 DONE
14/10/2025 16:46:32:	MOVE MOTOR REL	S18.axis2.phaseshifter 2	deg	0.07	FALSE DONE
14/10/2025 16:46:36:	18	count	time	15.0s/cts	O Det=613	H Det=2484	Mon Det=35952	Aux Det=4438	O+H=7535	 DONE
14/10/2025 16:46:52:	MOVE MOTOR REL	S18.axis2.phaseshifter 2	deg	0.07	FALSE DONE
14/10/2025 16:46:56:	19	count	time	15.0s/cts	O Det=499	H Det=2476	Mon Det=35955	Aux Det=4425	O+H=7400	 DONE
14/10/2025 16:47:12:	MOVE MOTOR REL	S18.axis2.phaseshifter 2	deg	0.07	FALSE DONE
14/10/2025 16:47:16:	20	count	time	15.0s/cts	O Det=534	H Det=2525	Mon Det=36014	Aux Det=4332	O+H=7391	 DONE
14/10/2025 16:47:33:	MOVE MOTOR REL	S18.axis2.phaseshifter 2	deg	0.07	FALSE DONE
14/10/2025 16:47:36:	21	count	time	15.0s/cts	O Det=616	H Det=2378	Mon Det=35633	Aux Det=4402	O+H=7396	 DONE
14/10/2025 16:47:53:	MOVE MOTOR REL	S18.axis2.phaseshifter 2	deg	0.07	FALSE DONE
14/10/2025 16:47:56:	22	count	time	15.0s/cts	O Det=910	H Det=2213	Mon Det=36314	Aux Det=4513	O+H=7636	 DONE
14/10/2025 16:48:13:	MOVE MOTOR REL	S18.axis2.phaseshifter 2	deg	0.07	FALSE DONE
14/10/2025 16:48:17:	23	count	time	15.0s/cts	O Det=1272	H Det=1885	Mon Det=35873	Aux Det=4487	O+H=7644	 DONE
14/10/2025 16:48:33:	MOVE MOTOR REL	S18.axis2.phaseshifter 2	deg	0.07	FALSE DONE
14/10/2025 16:48:37:	24	count	time	15.0s/cts	O Det=1640	H Det=1535	Mon Det=36155	Aux Det=4363	O+H=7538	 DONE
14/10/2025 16:48:53:	MOVE MOTOR REL	S18.axis2.phaseshifter 2	deg	0.07	FALSE DONE
14/10/2025 16:48:57:	25	count	time	15.0s/cts	O Det=1984	H Det=1231	Mon Det=36199	Aux Det=4542	O+H=7757	 DONE
14/10/2025 16:49:14:	MOVE MOTOR REL	S18.axis2.phaseshifter 2	deg	0.07	FALSE DONE
14/10/2025 16:49:17:	26	count	time	15.0s/cts	O Det=2207	H Det=1044	Mon Det=36088	Aux Det=4310	O+H=7561	 DONE
14/10/2025 16:49:47:	MOVE MOTOR REL	S18.axis2.phaseshifter 2	deg	0.07	FALSE DONE
14/10/2025 16:49:51:	27	count	time	15.0s/cts	O Det=2369	H Det=1009	Mon Det=36360	Aux Det=4640	O+H=8018	 DONE
14/10/2025 16:51:07:	MOVE MOTOR REL	S18.axis2.phaseshifter 2	deg	0.07	FALSE DONE
14/10/2025 16:51:11:	28	count	time	15.0s/cts	O Det=2343	H Det=973	Mon Det=35956	Aux Det=4357	O+H=7673	 DONE
14/10/2025 16:51:27:	MOVE MOTOR REL	S18.axis2.phaseshifter 2	deg	0.07	FALSE DONE
14/10/2025 16:51:31:	29	count	time	15.0s/cts	O Det=2042	H Det=1203	Mon Det=35731	Aux Det=4497	O+H=7742	 DONE
14/10/2025 16:51:48:	MOVE MOTOR REL	S18.axis2.phaseshifter 2	deg	0.07	FALSE DONE
14/10/2025 16:51:51:	30	count	time	15.0s/cts	O Det=1716	H Det=1450	Mon Det=35913	Aux Det=4432	O+H=7598	 DONE
14/10/2025 16:52:08:	NO ACTION	 DONE
14/10/2025 16:52:08:	close file and end scan	 DONE
call of ifg2r_newPS_2p30s.sc DONE
14/10/2025 16:52:09:	move motor	S18.axis2.phaseshifter 2 to fit O COS-315	-1.079824reached -1.07666  DONE
call of ifg2R_newPS_2p30s_0_+1-1-i_wv1.sc DONE
14/10/2025 16:52:13:	create file	D:\data\Cycle 198\exp_3-16-19\rawdata\sc\ifg_wv1_psi_+1-1-i_14Oct1652.dat	 DONE
room to enter remarks DONE
14/10/2025 16:52:14:	MOVE MOTOR REL	S18.axis2.phaseshifter 2	deg	0.0	FALSE DONE
14/10/2025 16:52:17:	1	count	time	15.0s/cts	O Det=2139	H Det=1171	Mon Det=35997	Aux Det=4441	O+H=7751	 DONE
14/10/2025 16:52:34:	MOVE MOTOR REL	S18.axis2.phaseshifter 2	deg	0.07	FALSE DONE
14/10/2025 16:52:38:	2	count	time	15.0s/cts	O Det=1775	H Det=1367	Mon Det=36241	Aux Det=4455	O+H=7597	 DONE
14/10/2025 16:52:54:	MOVE MOTOR REL	S18.axis2.phaseshifter 2	deg	0.07	FALSE DONE
14/10/2025 16:52:58:	3	count	time	15.0s/cts	O Det=1472	H Det=1740	Mon Det=36099	Aux Det=4339	O+H=7551	 DONE
14/10/2025 16:53:14:	MOVE MOTOR REL	S18.axis2.phaseshifter 2	deg	0.07	FALSE DONE
14/10/2025 16:53:18:	4	count	time	15.0s/cts	O Det=1093	H Det=2092	Mon Det=35945	Aux Det=4271	O+H=7456	 DONE
14/10/2025 16:53:35:	MOVE MOTOR REL	S18.axis2.phaseshifter 2	deg	0.07	FALSE DONE
14/10/2025 16:53:38:	5	count	time	15.0s/cts	O Det=805	H Det=2412	Mon Det=35847	Aux Det=4370	O+H=7587	 DONE
14/10/2025 16:53:55:	MOVE MOTOR REL	S18.axis2.phaseshifter 2	deg	0.07	FALSE DONE
14/10/2025 16:53:58:	6	count	time	15.0s/cts	O Det=562	H Det=2470	Mon Det=35830	Aux Det=4393	O+H=7425	 DONE
14/10/2025 16:54:15:	MOVE MOTOR REL	S18.axis2.phaseshifter 2	deg	0.07	FALSE DONE
14/10/2025 16:54:18:	7	count	time	15.0s/cts	O Det=396	H Det=2551	Mon Det=35679	Aux Det=4476	O+H=7423	 DONE
14/10/2025 16:54:35:	MOVE MOTOR REL	S18.axis2.phaseshifter 2	deg	0.07	FALSE DONE
14/10/2025 16:54:39:	8	count	time	15.0s/cts	O Det=571	H Det=2419	Mon Det=35773	Aux Det=4407	O+H=7397	 DONE
14/10/2025 16:54:55:	MOVE MOTOR REL	S18.axis2.phaseshifter 2	deg	0.07	FALSE DONE
14/10/2025 16:54:59:	9	count	time	15.0s/cts	O Det=747	H Det=2261	Mon Det=36011	Aux Det=4333	O+H=7341	 DONE
14/10/2025 16:55:15:	MOVE MOTOR REL	S18.axis2.phaseshifter 2	deg	0.07	FALSE DONE
14/10/2025 16:55:19:	10	count	time	15.0s/cts	O Det=1100	H Det=1893	Mon Det=36008	Aux Det=4407	O+H=7400	 DONE
14/10/2025 16:55:36:	MOVE MOTOR REL	S18.axis2.phaseshifter 2	deg	0.07	FALSE DONE
14/10/2025 16:55:39:	11	count	time	15.0s/cts	O Det=1451	H Det=1760	Mon Det=35734	Aux Det=4394	O+H=7605	 DONE
14/10/2025 16:55:56:	MOVE MOTOR REL	S18.axis2.phaseshifter 2	deg	0.07	FALSE DONE
14/10/2025 16:55:59:	12	count	time	15.0s/cts	O Det=1889	H Det=1353	Mon Det=35927	Aux Det=4393	O+H=7635	 DONE
14/10/2025 16:56:16:	MOVE MOTOR REL	S18.axis2.phaseshifter 2	deg	0.07	FALSE DONE
14/10/2025 16:56:20:	13	count	time	15.0s/cts	O Det=2188	H Det=1031	Mon Det=35700	Aux Det=4393	O+H=7612	 DONE
14/10/2025 16:56:36:	MOVE MOTOR REL	S18.axis2.phaseshifter 2	deg	0.07	FALSE DONE
14/10/2025 16:56:40:	14	count	time	15.0s/cts	O Det=2381	H Det=892	Mon Det=35849	Aux Det=4398	O+H=7671	 DONE
14/10/2025 16:56:56:	MOVE MOTOR REL	S18.axis2.phaseshifter 2	deg	0.07	FALSE DONE
14/10/2025 16:57:00:	15	count	time	15.0s/cts	O Det=2353	H Det=966	Mon Det=35602	Aux Det=4365	O+H=7684	 DONE
14/10/2025 16:57:17:	MOVE MOTOR REL	S18.axis2.phaseshifter 2	deg	0.07	FALSE DONE
14/10/2025 16:57:20:	16	count	time	15.0s/cts	O Det=2228	H Det=1099	Mon Det=35873	Aux Det=4490	O+H=7817	 DONE
14/10/2025 16:57:37:	MOVE MOTOR REL	S18.axis2.phaseshifter 2	deg	0.07	FALSE DONE
14/10/2025 16:57:40:	17	count	time	15.0s/cts	O Det=1986	H Det=1395	Mon Det=36001	Aux Det=4495	O+H=7876	 DONE
14/10/2025 16:57:57:	MOVE MOTOR REL	S18.axis2.phaseshifter 2	deg	0.07	FALSE DONE
14/10/2025 16:58:01:	18	count	time	15.0s/cts	O Det=1564	H Det=1522	Mon Det=35912	Aux Det=4440	O+H=7526	 DONE
14/10/2025 16:58:17:	MOVE MOTOR REL	S18.axis2.phaseshifter 2	deg	0.07	FALSE DONE
14/10/2025 16:58:21:	19	count	time	15.0s/cts	O Det=1262	H Det=1845	Mon Det=36090	Aux Det=4550	O+H=7657	 DONE
14/10/2025 16:58:37:	MOVE MOTOR REL	S18.axis2.phaseshifter 2	deg	0.07	FALSE DONE
14/10/2025 16:58:41:	20	count	time	15.0s/cts	O Det=936	H Det=2070	Mon Det=36074	Aux Det=4382	O+H=7388	 DONE
14/10/2025 16:58:58:	MOVE MOTOR REL	S18.axis2.phaseshifter 2	deg	0.07	FALSE DONE
14/10/2025 16:59:01:	21	count	time	15.0s/cts	O Det=660	H Det=2382	Mon Det=35868	Aux Det=4440	O+H=7482	 DONE
14/10/2025 16:59:18:	MOVE MOTOR REL	S18.axis2.phaseshifter 2	deg	0.07	FALSE DONE
14/10/2025 16:59:21:	22	count	time	15.0s/cts	O Det=498	H Det=2452	Mon Det=35893	Aux Det=4439	O+H=7389	 DONE
14/10/2025 16:59:38:	MOVE MOTOR REL	S18.axis2.phaseshifter 2	deg	0.07	FALSE DONE
14/10/2025 16:59:42:	23	count	time	15.0s/cts	O Det=483	H Det=2631	Mon Det=35653	Aux Det=4261	O+H=7375	 DONE
14/10/2025 16:59:58:	MOVE MOTOR REL	S18.axis2.phaseshifter 2	deg	0.07	FALSE DONE
14/10/2025 17:00:02:	24	count	time	15.0s/cts	O Det=548	H Det=2494	Mon Det=36013	Aux Det=4409	O+H=7451	 DONE
14/10/2025 17:00:18:	MOVE MOTOR REL	S18.axis2.phaseshifter 2	deg	0.07	FALSE DONE
14/10/2025 17:00:22:	25	count	time	15.0s/cts	O Det=731	H Det=2252	Mon Det=35642	Aux Det=4527	O+H=7510	 DONE
14/10/2025 17:00:39:	MOVE MOTOR REL	S18.axis2.phaseshifter 2	deg	0.07	FALSE DONE
14/10/2025 17:00:42:	26	count	time	15.0s/cts	O Det=1093	H Det=1998	Mon Det=35876	Aux Det=4458	O+H=7549	 DONE
14/10/2025 17:00:59:	MOVE MOTOR REL	S18.axis2.phaseshifter 2	deg	0.07	FALSE DONE
14/10/2025 17:01:02:	27	count	time	15.0s/cts	O Det=1410	H Det=1672	Mon Det=35950	Aux Det=4379	O+H=7461	 DONE
14/10/2025 17:01:19:	MOVE MOTOR REL	S18.axis2.phaseshifter 2	deg	0.07	FALSE DONE
14/10/2025 17:01:23:	28	count	time	15.0s/cts	O Det=1699	H Det=1423	Mon Det=35594	Aux Det=4575	O+H=7697	 DONE
14/10/2025 17:01:39:	MOVE MOTOR REL	S18.axis2.phaseshifter 2	deg	0.07	FALSE DONE
14/10/2025 17:01:43:	29	count	time	15.0s/cts	O Det=2094	H Det=1132	Mon Det=35796	Aux Det=4368	O+H=7594	 DONE
14/10/2025 17:01:59:	MOVE MOTOR REL	S18.axis2.phaseshifter 2	deg	0.07	FALSE DONE
14/10/2025 17:02:03:	30	count	time	15.0s/cts	O Det=2240	H Det=899	Mon Det=35908	Aux Det=4399	O+H=7538	 DONE
14/10/2025 17:02:20:	NO ACTION	 DONE
14/10/2025 17:02:20:	close file and end scan	 DONE
call of ifg2r_newPS_2p30s.sc DONE
14/10/2025 17:02:21:	move motor	S18.axis2.phaseshifter 2 to fit O COS-135	-0.554263reached -0.53833  DONE
call of ifg2R_newPS_2p30s_m90_+1+1-i_wv1.sc DONE
14/10/2025 17:02:25:	create file	D:\data\Cycle 198\exp_3-16-19\rawdata\sc\ifg_wv1_psi_+1-1-i_14Oct1702.dat	 DONE
room to enter remarks DONE
14/10/2025 17:02:26:	MOVE MOTOR REL	S18.axis2.phaseshifter 2	deg	0.0	FALSE DONE
14/10/2025 17:02:29:	1	count	time	15.0s/cts	O Det=865	H Det=2134	Mon Det=36037	Aux Det=4513	O+H=7512	 DONE
14/10/2025 17:02:46:	MOVE MOTOR REL	S18.axis2.phaseshifter 2	deg	0.07	FALSE DONE
14/10/2025 17:02:49:	2	count	time	15.0s/cts	O Det=1034	H Det=2043	Mon Det=35931	Aux Det=4461	O+H=7538	 DONE
14/10/2025 17:03:06:	MOVE MOTOR REL	S18.axis2.phaseshifter 2	deg	0.07	FALSE DONE
14/10/2025 17:03:09:	3	count	time	15.0s/cts	O Det=1369	H Det=1729	Mon Det=35950	Aux Det=4343	O+H=7441	 DONE
14/10/2025 17:03:26:	MOVE MOTOR REL	S18.axis2.phaseshifter 2	deg	0.07	FALSE DONE
14/10/2025 17:03:30:	4	count	time	15.0s/cts	O Det=1818	H Det=1369	Mon Det=36262	Aux Det=4428	O+H=7615	 DONE
14/10/2025 17:03:46:	MOVE MOTOR REL	S18.axis2.phaseshifter 2	deg	0.07	FALSE DONE
14/10/2025 17:03:50:	5	count	time	15.0s/cts	O Det=2073	H Det=1123	Mon Det=35934	Aux Det=4428	O+H=7624	 DONE
14/10/2025 17:04:06:	MOVE MOTOR REL	S18.axis2.phaseshifter 2	deg	0.07	FALSE DONE
14/10/2025 17:04:10:	6	count	time	15.0s/cts	O Det=2250	H Det=966	Mon Det=35456	Aux Det=4461	O+H=7677	 DONE
14/10/2025 17:04:27:	MOVE MOTOR REL	S18.axis2.phaseshifter 2	deg	0.07	FALSE DONE
14/10/2025 17:04:30:	7	count	time	15.0s/cts	O Det=2236	H Det=907	Mon Det=36167	Aux Det=4486	O+H=7629	 DONE
14/10/2025 17:04:47:	MOVE MOTOR REL	S18.axis2.phaseshifter 2	deg	0.07	FALSE DONE
14/10/2025 17:04:50:	8	count	time	15.0s/cts	O Det=2190	H Det=996	Mon Det=35771	Aux Det=4420	O+H=7606	 DONE
14/10/2025 17:05:07:	MOVE MOTOR REL	S18.axis2.phaseshifter 2	deg	0.07	FALSE DONE
14/10/2025 17:05:11:	9	count	time	15.0s/cts	O Det=2038	H Det=1124	Mon Det=35558	Aux Det=4372	O+H=7534	 DONE
14/10/2025 17:05:27:	MOVE MOTOR REL	S18.axis2.phaseshifter 2	deg	0.07	FALSE DONE
14/10/2025 17:05:31:	10	count	time	15.0s/cts	O Det=1721	H Det=1357	Mon Det=35722	Aux Det=4476	O+H=7554	 DONE
14/10/2025 17:05:47:	MOVE MOTOR REL	S18.axis2.phaseshifter 2	deg	0.07	FALSE DONE
14/10/2025 17:05:51:	11	count	time	15.0s/cts	O Det=1351	H Det=1694	Mon Det=35640	Aux Det=4457	O+H=7502	 DONE
14/10/2025 17:06:08:	MOVE MOTOR REL	S18.axis2.phaseshifter 2	deg	0.07	FALSE DONE
14/10/2025 17:06:11:	12	count	time	15.0s/cts	O Det=1052	H Det=2056	Mon Det=35992	Aux Det=4351	O+H=7459	 DONE
14/10/2025 17:06:28:	MOVE MOTOR REL	S18.axis2.phaseshifter 2	deg	0.07	FALSE DONE
14/10/2025 17:06:31:	13	count	time	15.0s/cts	O Det=768	H Det=2361	Mon Det=35644	Aux Det=4331	O+H=7460	 DONE
14/10/2025 17:06:48:	MOVE MOTOR REL	S18.axis2.phaseshifter 2	deg	0.07	FALSE DONE
14/10/2025 17:06:52:	14	count	time	15.0s/cts	O Det=552	H Det=2478	Mon Det=35956	Aux Det=4468	O+H=7498	 DONE
14/10/2025 17:07:08:	MOVE MOTOR REL	S18.axis2.phaseshifter 2	deg	0.07	FALSE DONE
14/10/2025 17:07:12:	15	count	time	15.0s/cts	O Det=475	H Det=2581	Mon Det=36053	Aux Det=4431	O+H=7487	 DONE
14/10/2025 17:07:28:	MOVE MOTOR REL	S18.axis2.phaseshifter 2	deg	0.07	FALSE DONE
14/10/2025 17:07:32:	16	count	time	15.0s/cts	O Det=475	H Det=2492	Mon Det=36116	Aux Det=4447	O+H=7414	 DONE
14/10/2025 17:07:49:	MOVE MOTOR REL	S18.axis2.phaseshifter 2	deg	0.07	FALSE DONE
14/10/2025 17:07:52:	17	count	time	15.0s/cts	O Det=713	H Det=2322	Mon Det=36000	Aux Det=4313	O+H=7348	 DONE
14/10/2025 17:08:09:	MOVE MOTOR REL	S18.axis2.phaseshifter 2	deg	0.07	FALSE DONE
14/10/2025 17:08:12:	18	count	time	15.0s/cts	O Det=939	H Det=2183	Mon Det=35786	Aux Det=4435	O+H=7557	 DONE
14/10/2025 17:08:29:	MOVE MOTOR REL	S18.axis2.phaseshifter 2	deg	0.07	FALSE DONE
14/10/2025 17:08:33:	19	count	time	15.0s/cts	O Det=1267	H Det=1793	Mon Det=35528	Aux Det=4400	O+H=7460	 DONE
14/10/2025 17:08:49:	MOVE MOTOR REL	S18.axis2.phaseshifter 2	deg	0.07	FALSE DONE
14/10/2025 17:08:53:	20	count	time	15.0s/cts	O Det=1584	H Det=1541	Mon Det=35749	Aux Det=4408	O+H=7533	 DONE
14/10/2025 17:09:09:	MOVE MOTOR REL	S18.axis2.phaseshifter 2	deg	0.07	FALSE DONE
14/10/2025 17:09:13:	21	count	time	15.0s/cts	O Det=1989	H Det=1211	Mon Det=35787	Aux Det=4307	O+H=7507	 DONE
14/10/2025 17:09:30:	MOVE MOTOR REL	S18.axis2.phaseshifter 2	deg	0.07	FALSE DONE
14/10/2025 17:09:33:	22	count	time	15.0s/cts	O Det=2161	H Det=1047	Mon Det=35944	Aux Det=4650	O+H=7858	 DONE
14/10/2025 17:09:50:	MOVE MOTOR REL	S18.axis2.phaseshifter 2	deg	0.07	FALSE DONE
14/10/2025 17:09:53:	23	count	time	15.0s/cts	O Det=2258	H Det=907	Mon Det=36160	Aux Det=4330	O+H=7495	 DONE
14/10/2025 17:10:10:	MOVE MOTOR REL	S18.axis2.phaseshifter 2	deg	0.07	FALSE DONE
14/10/2025 17:10:14:	24	count	time	15.0s/cts	O Det=2153	H Det=984	Mon Det=35627	Aux Det=4385	O+H=7522	 DONE
14/10/2025 17:10:30:	MOVE MOTOR REL	S18.axis2.phaseshifter 2	deg	0.07	FALSE DONE
14/10/2025 17:10:34:	25	count	time	15.0s/cts	O Det=1981	H Det=1151	Mon Det=35653	Aux Det=4499	O+H=7631	 DONE
14/10/2025 17:10:51:	MOVE MOTOR REL	S18.axis2.phaseshifter 2	deg	0.07	FALSE DONE
14/10/2025 17:10:54:	26	count	time	15.0s/cts	O Det=1712	H Det=1510	Mon Det=35908	Aux Det=4519	O+H=7741	 DONE
14/10/2025 17:11:11:	MOVE MOTOR REL	S18.axis2.phaseshifter 2	deg	0.07	FALSE DONE
14/10/2025 17:11:15:	27	count	time	15.0s/cts	O Det=1263	H Det=1885	Mon Det=35758	Aux Det=4463	O+H=7611	 DONE
14/10/2025 17:11:31:	MOVE MOTOR REL	S18.axis2.phaseshifter 2	deg	0.07	FALSE DONE
14/10/2025 17:11:35:	28	count	time	15.0s/cts	O Det=925	H Det=2136	Mon Det=35618	Aux Det=4503	O+H=7564	 DONE
14/10/2025 17:11:51:	MOVE MOTOR REL	S18.axis2.phaseshifter 2	deg	0.07	FALSE DONE
14/10/2025 17:11:55:	29	count	time	15.0s/cts	O Det=651	H Det=2441	Mon Det=35772	Aux Det=4414	O+H=7506	 DONE
14/10/2025 17:12:12:	MOVE MOTOR REL	S18.axis2.phaseshifter 2	deg	0.07	FALSE DONE
14/10/2025 17:12:15:	30	count	time	15.0s/cts	O Det=495	H Det=2537	Mon Det=35609	Aux Det=4570	O+H=7602	 DONE
14/10/2025 17:12:32:	NO ACTION	 DONE
14/10/2025 17:12:32:	close file and end scan	 DONE
call of ifg2r_newPS_2p30s.sc DONE
14/10/2025 17:12:33:	move motor	S18.axis2.phaseshifter 2 to fit O COS-45	-0.299415reached -0.28564  DONE
call of ifg2R_newPS_2p30s_p90_+1-1-i_wv1.sc DONE
14/10/2025 17:12:37:	create file	D:\data\Cycle 198\exp_3-16-19\rawdata\sc\ifg_wv1_psi_+1-1-i_14Oct1712.dat	 DONE
room to enter remarks DONE
14/10/2025 17:12:38:	MOVE MOTOR REL	S18.axis2.phaseshifter 2	deg	0.0	FALSE DONE
14/10/2025 17:12:41:	1	count	time	15.0s/cts	O Det=1925	H Det=1184	Mon Det=35679	Aux Det=4524	O+H=7633	 DONE
14/10/2025 17:12:58:	MOVE MOTOR REL	S18.axis2.phaseshifter 2	deg	0.07	FALSE DONE
14/10/2025 17:13:02:	2	count	time	15.0s/cts	O Det=2249	H Det=914	Mon Det=35929	Aux Det=4527	O+H=7690	 DONE
14/10/2025 17:13:18:	MOVE MOTOR REL	S18.axis2.phaseshifter 2	deg	0.07	FALSE DONE
14/10/2025 17:13:22:	3	count	time	15.0s/cts	O Det=2399	H Det=962	Mon Det=35395	Aux Det=4421	O+H=7782	 DONE
14/10/2025 17:13:38:	MOVE MOTOR REL	S18.axis2.phaseshifter 2	deg	0.07	FALSE DONE
14/10/2025 17:13:42:	4	count	time	15.0s/cts	O Det=2225	H Det=1033	Mon Det=35880	Aux Det=4398	O+H=7656	 DONE
14/10/2025 17:13:59:	MOVE MOTOR REL	S18.axis2.phaseshifter 2	deg	0.07	FALSE DONE
14/10/2025 17:14:02:	5	count	time	15.0s/cts	O Det=2015	H Det=1186	Mon Det=35933	Aux Det=4415	O+H=7616	 DONE
14/10/2025 17:14:19:	MOVE MOTOR REL	S18.axis2.phaseshifter 2	deg	0.07	FALSE DONE
14/10/2025 17:14:22:	6	count	time	15.0s/cts	O Det=1754	H Det=1432	Mon Det=35981	Aux Det=4408	O+H=7594	 DONE
14/10/2025 17:14:39:	MOVE MOTOR REL	S18.axis2.phaseshifter 2	deg	0.07	FALSE DONE
14/10/2025 17:14:43:	7	count	time	15.0s/cts	O Det=1310	H Det=1808	Mon Det=35776	Aux Det=4410	O+H=7528	 DONE
14/10/2025 17:14:59:	MOVE MOTOR REL	S18.axis2.phaseshifter 2	deg	0.07	FALSE DONE
14/10/2025 17:15:03:	8	count	time	15.0s/cts	O Det=924	H Det=2093	Mon Det=36155	Aux Det=4522	O+H=7539	 DONE
14/10/2025 17:15:19:	MOVE MOTOR REL	S18.axis2.phaseshifter 2	deg	0.07	FALSE DONE
14/10/2025 17:15:23:	9	count	time	15.0s/cts	O Det=643	H Det=2354	Mon Det=36147	Aux Det=4371	O+H=7368	 DONE
14/10/2025 17:15:40:	MOVE MOTOR REL	S18.axis2.phaseshifter 2	deg	0.07	FALSE DONE
14/10/2025 17:15:43:	10	count	time	15.0s/cts	O Det=522	H Det=2556	Mon Det=35879	Aux Det=4326	O+H=7404	 DONE
14/10/2025 17:16:00:	MOVE MOTOR REL	S18.axis2.phaseshifter 2	deg	0.07	FALSE DONE
14/10/2025 17:16:04:	11	count	time	15.0s/cts	O Det=408	H Det=2554	Mon Det=35795	Aux Det=4514	O+H=7476	 DONE
14/10/2025 17:16:20:	MOVE MOTOR REL	S18.axis2.phaseshifter 2	deg	0.07	FALSE DONE
14/10/2025 17:16:24:	12	count	time	15.0s/cts	O Det=648	H Det=2420	Mon Det=36052	Aux Det=4352	O+H=7420	 DONE
14/10/2025 17:16:40:	MOVE MOTOR REL	S18.axis2.phaseshifter 2	deg	0.07	FALSE DONE
14/10/2025 17:16:44:	13	count	time	15.0s/cts	O Det=893	H Det=2138	Mon Det=35894	Aux Det=4373	O+H=7404	 DONE
14/10/2025 17:17:01:	MOVE MOTOR REL	S18.axis2.phaseshifter 2	deg	0.07	FALSE DONE
14/10/2025 17:17:04:	14	count	time	15.0s/cts	O Det=1248	H Det=1809	Mon Det=36054	Aux Det=4303	O+H=7360	 DONE
14/10/2025 17:17:21:	MOVE MOTOR REL	S18.axis2.phaseshifter 2	deg	0.07	FALSE DONE
14/10/2025 17:17:24:	15	count	time	15.0s/cts	O Det=1521	H Det=1500	Mon Det=35762	Aux Det=4550	O+H=7571	 DONE
14/10/2025 17:17:41:	MOVE MOTOR REL	S18.axis2.phaseshifter 2	deg	0.07	FALSE DONE
14/10/2025 17:17:45:	16	count	time	15.0s/cts	O Det=1997	H Det=1252	Mon Det=36029	Aux Det=4414	O+H=7663	 DONE
14/10/2025 17:18:01:	MOVE MOTOR REL	S18.axis2.phaseshifter 2	deg	0.07	FALSE DONE
14/10/2025 17:18:05:	17	count	time	15.0s/cts	O Det=2239	H Det=1014	Mon Det=35697	Aux Det=4414	O+H=7667	 DONE
14/10/2025 17:18:21:	MOVE MOTOR REL	S18.axis2.phaseshifter 2	deg	0.07	FALSE DONE
14/10/2025 17:18:25:	18	count	time	15.0s/cts	O Det=2247	H Det=926	Mon Det=36042	Aux Det=4333	O+H=7506	 DONE
14/10/2025 17:18:42:	MOVE MOTOR REL	S18.axis2.phaseshifter 2	deg	0.07	FALSE DONE
14/10/2025 17:18:45:	19	count	time	15.0s/cts	O Det=2169	H Det=1009	Mon Det=35799	Aux Det=4502	O+H=7680	 DONE
14/10/2025 17:19:02:	MOVE MOTOR REL	S18.axis2.phaseshifter 2	deg	0.07	FALSE DONE
14/10/2025 17:19:05:	20	count	time	15.0s/cts	O Det=2021	H Det=1153	Mon Det=35774	Aux Det=4374	O+H=7548	 DONE
14/10/2025 17:19:22:	MOVE MOTOR REL	S18.axis2.phaseshifter 2	deg	0.07	FALSE DONE
14/10/2025 17:19:26:	21	count	time	15.0s/cts	O Det=1744	H Det=1313	Mon Det=35645	Aux Det=4485	O+H=7542	 DONE
14/10/2025 17:19:42:	MOVE MOTOR REL	S18.axis2.phaseshifter 2	deg	0.07	FALSE DONE
14/10/2025 17:19:46:	22	count	time	15.0s/cts	O Det=1488	H Det=1682	Mon Det=35914	Aux Det=4356	O+H=7526	 DONE
14/10/2025 17:20:02:	MOVE MOTOR REL	S18.axis2.phaseshifter 2	deg	0.07	FALSE DONE
14/10/2025 17:20:06:	23	count	time	15.0s/cts	O Det=1086	H Det=1991	Mon Det=35799	Aux Det=4438	O+H=7515	 DONE
14/10/2025 17:20:23:	MOVE MOTOR REL	S18.axis2.phaseshifter 2	deg	0.07	FALSE DONE
14/10/2025 17:20:26:	24	count	time	15.0s/cts	O Det=799	H Det=2191	Mon Det=35916	Aux Det=4328	O+H=7318	 DONE
14/10/2025 17:20:43:	MOVE MOTOR REL	S18.axis2.phaseshifter 2	deg	0.07	FALSE DONE
14/10/2025 17:20:46:	25	count	time	15.0s/cts	O Det=605	H Det=2486	Mon Det=36031	Aux Det=4492	O+H=7583	 DONE
14/10/2025 17:21:03:	MOVE MOTOR REL	S18.axis2.phaseshifter 2	deg	0.07	FALSE DONE
14/10/2025 17:21:07:	26	count	time	15.0s/cts	O Det=421	H Det=2554	Mon Det=35782	Aux Det=4419	O+H=7394	 DONE
14/10/2025 17:21:23:	MOVE MOTOR REL	S18.axis2.phaseshifter 2	deg	0.07	FALSE DONE
14/10/2025 17:21:27:	27	count	time	15.0s/cts	O Det=548	H Det=2534	Mon Det=36165	Aux Det=4474	O+H=7556	 DONE
14/10/2025 17:21:43:	MOVE MOTOR REL	S18.axis2.phaseshifter 2	deg	0.07	FALSE DONE
14/10/2025 17:21:47:	28	count	time	15.0s/cts	O Det=690	H Det=2376	Mon Det=35764	Aux Det=4448	O+H=7514	 DONE
14/10/2025 17:22:04:	MOVE MOTOR REL	S18.axis2.phaseshifter 2	deg	0.07	FALSE DONE
14/10/2025 17:22:07:	29	count	time	15.0s/cts	O Det=981	H Det=2157	Mon Det=36000	Aux Det=4448	O+H=7586	 DONE
14/10/2025 17:22:24:	MOVE MOTOR REL	S18.axis2.phaseshifter 2	deg	0.07	FALSE DONE
14/10/2025 17:22:27:	30	count	time	15.0s/cts	O Det=1422	H Det=1680	Mon Det=36409	Aux Det=4507	O+H=7609	 DONE
14/10/2025 17:22:44:	NO ACTION	 DONE
14/10/2025 17:22:45:	close file and end scan	 DONE
call of ifg2r_newPS_2p30s.sc DONE
call of ifg2R_newPS_2p30s_p180.sc DONE
14/10/2025 17:22:46:	move motor	S18.auxiliary.Robot Z to 207413.00000um	reached 207413.00000  DONE
call of robot_Zout_doubleCd.sc DONE
14/10/2025 17:22:49:	move motor	S18.auxiliary.Robot rot big to 90.00000deg	reached 90.00000  DONE
14/10/2025 17:22:52:	move motor	S18.auxiliary.Robot Diagonal to 26000.00000um	reached 26003.25812  DONE
14/10/2025 17:23:16:	move motor	S18.auxiliary.Robot Z to 207413.00000um	reached 207412.00000  DONE
call of robot_Zout_doubleCd.sc DONE
14/10/2025 17:23:19:	move motor	S18.auxiliary.Robot rot big to 90.00000deg	reached 90.00000  DONE
14/10/2025 17:23:21:	move motor	S18.auxiliary.Robot Z to 292012.00000um	reached 292012.00000  DONE
call of robot_Zin_doubleCd.sc DONE
call of Block_path13_doubleCd.sc DONE
14/10/2025 17:23:29:	move motor	S18.auxiliary.Robot Diagonal to 25999.900000um	 DONE
14/10/2025 17:23:35:	create file	D:\data\Cycle 198\exp_3-16-19\rawdata\sc\ifg_wv1_psi_+1-1-i_14Oct1723.dat	 DONE
room to enter remarks DONE
14/10/2025 17:23:36:	move motor	S18.auxiliary.Robot Diagonal to 26000.000000um	 DONE
14/10/2025 17:23:42:	1	count	time	60.000000s/cts	O Det=1854	H Det=1823	Mon Det=143686	Aux Det=5944	O+H=9621	 DONE
14/10/2025 17:24:44:	move motor	S18.auxiliary.Robot Diagonal to 48000.000000um	 DONE
14/10/2025 17:24:58:	2	count	time	60.000000s/cts	O Det=1953	H Det=3074	Mon Det=144038	Aux Det=35	O+H=5062	 DONE
14/10/2025 17:26:00:	move motor	S18.auxiliary.Robot Diagonal to 70000.000000um	 DONE
14/10/2025 17:26:15:	3	count	time	60.000000s/cts	O Det=1719	H Det=1904	Mon Det=143400	Aux Det=12177	O+H=15800	 DONE
14/10/2025 17:27:17:	close file and end scan	 DONE
14/10/2025 17:27:17:	move motor	S18.auxiliary.Robot Z to 207413.00000um	reached 207422.00000  DONE
call of robot_Zout_doubleCd.sc DONE
call of int_meas_path213.sc DONE
14/10/2025 17:27:25:	END OF SCRIPT	 DONE
