12/10/2025 04:13:26:	start execution of script D:\data\Cycle 198\exp_3-16-19\rawdata\sc\ifg_wv1_psi_+1+1+1.sc	 DONE
12/10/2025 04:13:27:	create file	D:\data\Cycle 198\exp_3-16-19\rawdata\sc\ifg_wv1_psi_+1+1+1_12Oct0413.dat	 DONE
room to enter remarks DONE
12/10/2025 04:13:28:	MOVE MOTOR REL	S18.axis2.phaseshifter 2	deg	0.0	FALSE DONE
12/10/2025 04:13:31:	1	count	time	30.0s/cts	O Det=8680	H Det=2931	Mon Det=92422	Aux Det=6715	O+H=18326	 DONE
12/10/2025 04:14:03:	MOVE MOTOR REL	S18.axis2.phaseshifter 2	deg	0.07	FALSE DONE
12/10/2025 04:14:06:	2	count	time	30.0s/cts	O Det=8546	H Det=3037	Mon Det=92498	Aux Det=6579	O+H=18162	 DONE
12/10/2025 04:14:38:	MOVE MOTOR REL	S18.axis2.phaseshifter 2	deg	0.07	FALSE DONE
12/10/2025 04:14:42:	3	count	time	30.0s/cts	O Det=7851	H Det=3634	Mon Det=92748	Aux Det=6439	O+H=17924	 DONE
12/10/2025 04:15:13:	MOVE MOTOR REL	S18.axis2.phaseshifter 2	deg	0.07	FALSE DONE
12/10/2025 04:15:17:	4	count	time	30.0s/cts	O Det=6243	H Det=4885	Mon Det=92559	Aux Det=6577	O+H=17705	 DONE
12/10/2025 04:15:49:	MOVE MOTOR REL	S18.axis2.phaseshifter 2	deg	0.07	FALSE DONE
12/10/2025 04:15:52:	5	count	time	30.0s/cts	O Det=4990	H Det=6166	Mon Det=92513	Aux Det=6554	O+H=17710	 DONE
12/10/2025 04:16:24:	MOVE MOTOR REL	S18.axis2.phaseshifter 2	deg	0.07	FALSE DONE
12/10/2025 04:16:27:	6	count	time	30.0s/cts	O Det=3613	H Det=7178	Mon Det=92809	Aux Det=6590	O+H=17381	 DONE
12/10/2025 04:16:59:	MOVE MOTOR REL	S18.axis2.phaseshifter 2	deg	0.07	FALSE DONE
12/10/2025 04:17:02:	7	count	time	30.0s/cts	O Det=2210	H Det=8491	Mon Det=92356	Aux Det=6599	O+H=17300	 DONE
12/10/2025 04:17:34:	MOVE MOTOR REL	S18.axis2.phaseshifter 2	deg	0.07	FALSE DONE
12/10/2025 04:17:38:	8	count	time	30.0s/cts	O Det=1641	H Det=9069	Mon Det=93080	Aux Det=6439	O+H=17149	 DONE
12/10/2025 04:18:09:	MOVE MOTOR REL	S18.axis2.phaseshifter 2	deg	0.07	FALSE DONE
12/10/2025 04:18:13:	9	count	time	30.0s/cts	O Det=1609	H Det=8941	Mon Det=92835	Aux Det=6561	O+H=17111	 DONE
12/10/2025 04:18:45:	MOVE MOTOR REL	S18.axis2.phaseshifter 2	deg	0.07	FALSE DONE
12/10/2025 04:18:48:	10	count	time	30.0s/cts	O Det=2175	H Det=8610	Mon Det=93001	Aux Det=6442	O+H=17227	 DONE
12/10/2025 04:19:20:	MOVE MOTOR REL	S18.axis2.phaseshifter 2	deg	0.07	FALSE DONE
12/10/2025 04:19:23:	11	count	time	30.0s/cts	O Det=3044	H Det=7726	Mon Det=92870	Aux Det=6395	O+H=17165	 DONE
12/10/2025 04:19:55:	MOVE MOTOR REL	S18.axis2.phaseshifter 2	deg	0.07	FALSE DONE
12/10/2025 04:19:59:	12	count	time	30.0s/cts	O Det=4408	H Det=6520	Mon Det=92973	Aux Det=6360	O+H=17288	 DONE
12/10/2025 04:20:30:	MOVE MOTOR REL	S18.axis2.phaseshifter 2	deg	0.07	FALSE DONE
12/10/2025 04:20:34:	13	count	time	30.0s/cts	O Det=5571	H Det=5530	Mon Det=92262	Aux Det=6580	O+H=17681	 DONE
12/10/2025 04:21:06:	MOVE MOTOR REL	S18.axis2.phaseshifter 2	deg	0.07	FALSE DONE
12/10/2025 04:21:09:	14	count	time	30.0s/cts	O Det=6661	H Det=4543	Mon Det=92511	Aux Det=6488	O+H=17692	 DONE
12/10/2025 04:21:41:	MOVE MOTOR REL	S18.axis2.phaseshifter 2	deg	0.07	FALSE DONE
12/10/2025 04:21:44:	15	count	time	30.0s/cts	O Det=7683	H Det=3548	Mon Det=92929	Aux Det=6538	O+H=17769	 DONE
12/10/2025 04:22:16:	MOVE MOTOR REL	S18.axis2.phaseshifter 2	deg	0.07	FALSE DONE
12/10/2025 04:22:19:	16	count	time	30.0s/cts	O Det=8451	H Det=3018	Mon Det=93125	Aux Det=6412	O+H=17881	 DONE
12/10/2025 04:22:51:	MOVE MOTOR REL	S18.axis2.phaseshifter 2	deg	0.07	FALSE DONE
12/10/2025 04:22:55:	17	count	time	30.0s/cts	O Det=8587	H Det=3047	Mon Det=92990	Aux Det=6424	O+H=18058	 DONE
12/10/2025 04:23:27:	MOVE MOTOR REL	S18.axis2.phaseshifter 2	deg	0.07	FALSE DONE
12/10/2025 04:23:30:	18	count	time	30.0s/cts	O Det=7978	H Det=3316	Mon Det=92699	Aux Det=6502	O+H=17796	 DONE
12/10/2025 04:24:02:	MOVE MOTOR REL	S18.axis2.phaseshifter 2	deg	0.07	FALSE DONE
12/10/2025 04:24:05:	19	count	time	30.0s/cts	O Det=6904	H Det=4405	Mon Det=92517	Aux Det=6541	O+H=17850	 DONE
12/10/2025 04:24:37:	MOVE MOTOR REL	S18.axis2.phaseshifter 2	deg	0.07	FALSE DONE
12/10/2025 04:24:41:	20	count	time	30.0s/cts	O Det=5651	H Det=5446	Mon Det=92602	Aux Det=6426	O+H=17523	 DONE
12/10/2025 04:25:13:	MOVE MOTOR REL	S18.axis2.phaseshifter 2	deg	0.07	FALSE DONE
12/10/2025 04:25:16:	21	count	time	30.0s/cts	O Det=4360	H Det=6657	Mon Det=93276	Aux Det=6519	O+H=17536	 DONE
12/10/2025 04:25:48:	MOVE MOTOR REL	S18.axis2.phaseshifter 2	deg	0.07	FALSE DONE
12/10/2025 04:25:51:	22	count	time	30.0s/cts	O Det=2972	H Det=7928	Mon Det=92505	Aux Det=6516	O+H=17416	 DONE
12/10/2025 04:26:23:	MOVE MOTOR REL	S18.axis2.phaseshifter 2	deg	0.07	FALSE DONE
12/10/2025 04:26:26:	23	count	time	30.0s/cts	O Det=2091	H Det=8602	Mon Det=92118	Aux Det=6566	O+H=17259	 DONE
12/10/2025 04:26:58:	MOVE MOTOR REL	S18.axis2.phaseshifter 2	deg	0.07	FALSE DONE
12/10/2025 04:27:02:	24	count	time	30.0s/cts	O Det=1536	H Det=9008	Mon Det=92819	Aux Det=6493	O+H=17037	 DONE
12/10/2025 04:27:34:	MOVE MOTOR REL	S18.axis2.phaseshifter 2	deg	0.07	FALSE DONE
12/10/2025 04:27:37:	25	count	time	30.0s/cts	O Det=1603	H Det=8958	Mon Det=93172	Aux Det=6578	O+H=17139	 DONE
12/10/2025 04:28:09:	MOVE MOTOR REL	S18.axis2.phaseshifter 2	deg	0.07	FALSE DONE
12/10/2025 04:28:12:	26	count	time	30.0s/cts	O Det=2175	H Det=8535	Mon Det=92583	Aux Det=6644	O+H=17354	 DONE
12/10/2025 04:28:44:	MOVE MOTOR REL	S18.axis2.phaseshifter 2	deg	0.07	FALSE DONE
12/10/2025 04:28:47:	27	count	time	30.0s/cts	O Det=3021	H Det=7933	Mon Det=92773	Aux Det=6383	O+H=17337	 DONE
12/10/2025 04:29:19:	MOVE MOTOR REL	S18.axis2.phaseshifter 2	deg	0.07	FALSE DONE
12/10/2025 04:29:23:	28	count	time	30.0s/cts	O Det=4147	H Det=6640	Mon Det=92279	Aux Det=6445	O+H=17232	 DONE
12/10/2025 04:29:54:	MOVE MOTOR REL	S18.axis2.phaseshifter 2	deg	0.07	FALSE DONE
12/10/2025 04:29:58:	29	count	time	30.0s/cts	O Det=5724	H Det=5215	Mon Det=92744	Aux Det=6608	O+H=17547	 DONE
12/10/2025 04:30:30:	MOVE MOTOR REL	S18.axis2.phaseshifter 2	deg	0.07	FALSE DONE
12/10/2025 04:30:33:	30	count	time	30.0s/cts	O Det=7023	H Det=4063	Mon Det=92874	Aux Det=6509	O+H=17595	 DONE
12/10/2025 04:31:05:	NO ACTION	 DONE
12/10/2025 04:31:05:	close file and end scan	 DONE
call of ifg2r_newPS_2p30s.sc DONE
12/10/2025 04:31:06:	move motor	S18.axis2.phaseshifter 2 to fit O COS-90	-1.719427reached -1.73584  DONE
call of ifg2R_newPS_2p30s_0.sc DONE
12/10/2025 04:31:10:	create file	D:\data\Cycle 198\exp_3-16-19\rawdata\sc\ifg_wv1_psi_+1+1+1_12Oct0431.dat	 DONE
room to enter remarks DONE
12/10/2025 04:31:11:	MOVE MOTOR REL	S18.axis2.phaseshifter 2	deg	0.0	FALSE DONE
12/10/2025 04:31:14:	1	count	time	30.0s/cts	O Det=4809	H Det=6224	Mon Det=92749	Aux Det=6355	O+H=17388	 DONE
12/10/2025 04:31:46:	MOVE MOTOR REL	S18.axis2.phaseshifter 2	deg	0.07	FALSE DONE
12/10/2025 04:31:49:	2	count	time	30.0s/cts	O Det=6228	H Det=4852	Mon Det=92555	Aux Det=6675	O+H=17755	 DONE
12/10/2025 04:32:21:	MOVE MOTOR REL	S18.axis2.phaseshifter 2	deg	0.07	FALSE DONE
12/10/2025 04:32:25:	3	count	time	30.0s/cts	O Det=7211	H Det=3881	Mon Det=92688	Aux Det=6449	O+H=17541	 DONE
12/10/2025 04:32:56:	MOVE MOTOR REL	S18.axis2.phaseshifter 2	deg	0.07	FALSE DONE
12/10/2025 04:33:00:	4	count	time	30.0s/cts	O Det=8123	H Det=3176	Mon Det=92669	Aux Det=6496	O+H=17795	 DONE
12/10/2025 04:33:32:	MOVE MOTOR REL	S18.axis2.phaseshifter 2	deg	0.07	FALSE DONE
12/10/2025 04:33:35:	5	count	time	30.0s/cts	O Det=8420	H Det=2879	Mon Det=93078	Aux Det=6467	O+H=17766	 DONE
12/10/2025 04:34:07:	MOVE MOTOR REL	S18.axis2.phaseshifter 2	deg	0.07	FALSE DONE
12/10/2025 04:34:10:	6	count	time	30.0s/cts	O Det=8017	H Det=3280	Mon Det=92854	Aux Det=6470	O+H=17767	 DONE
12/10/2025 04:34:42:	MOVE MOTOR REL	S18.axis2.phaseshifter 2	deg	0.07	FALSE DONE
12/10/2025 04:34:46:	7	count	time	30.0s/cts	O Det=7300	H Det=3825	Mon Det=92783	Aux Det=6671	O+H=17796	 DONE
12/10/2025 04:35:17:	MOVE MOTOR REL	S18.axis2.phaseshifter 2	deg	0.07	FALSE DONE
12/10/2025 04:35:21:	8	count	time	30.0s/cts	O Det=5853	H Det=5215	Mon Det=92307	Aux Det=6540	O+H=17608	 DONE
12/10/2025 04:35:53:	MOVE MOTOR REL	S18.axis2.phaseshifter 2	deg	0.07	FALSE DONE
12/10/2025 04:35:56:	9	count	time	30.0s/cts	O Det=4918	H Det=5897	Mon Det=92226	Aux Det=6441	O+H=17256	 DONE
12/10/2025 04:36:28:	MOVE MOTOR REL	S18.axis2.phaseshifter 2	deg	0.07	FALSE DONE
12/10/2025 04:36:31:	10	count	time	30.0s/cts	O Det=3398	H Det=7650	Mon Det=93030	Aux Det=6557	O+H=17605	 DONE
12/10/2025 04:37:03:	MOVE MOTOR REL	S18.axis2.phaseshifter 2	deg	0.07	FALSE DONE
12/10/2025 04:37:06:	11	count	time	30.0s/cts	O Det=2339	H Det=8388	Mon Det=92968	Aux Det=6416	O+H=17143	 DONE
12/10/2025 04:37:38:	MOVE MOTOR REL	S18.axis2.phaseshifter 2	deg	0.07	FALSE DONE
12/10/2025 04:37:42:	12	count	time	30.0s/cts	O Det=1520	H Det=9075	Mon Det=92966	Aux Det=6572	O+H=17167	 DONE
12/10/2025 04:38:13:	MOVE MOTOR REL	S18.axis2.phaseshifter 2	deg	0.07	FALSE DONE
12/10/2025 04:38:17:	13	count	time	30.0s/cts	O Det=1537	H Det=9097	Mon Det=92306	Aux Det=6540	O+H=17174	 DONE
12/10/2025 04:38:49:	MOVE MOTOR REL	S18.axis2.phaseshifter 2	deg	0.07	FALSE DONE
12/10/2025 04:38:52:	14	count	time	30.0s/cts	O Det=2109	H Det=8686	Mon Det=92572	Aux Det=6501	O+H=17296	 DONE
12/10/2025 04:39:24:	MOVE MOTOR REL	S18.axis2.phaseshifter 2	deg	0.07	FALSE DONE
12/10/2025 04:39:28:	15	count	time	30.0s/cts	O Det=2905	H Det=7617	Mon Det=92878	Aux Det=6384	O+H=16906	 DONE
12/10/2025 04:39:59:	MOVE MOTOR REL	S18.axis2.phaseshifter 2	deg	0.07	FALSE DONE
12/10/2025 04:40:03:	16	count	time	30.0s/cts	O Det=4537	H Det=6606	Mon Det=93230	Aux Det=6435	O+H=17578	 DONE
12/10/2025 04:40:35:	MOVE MOTOR REL	S18.axis2.phaseshifter 2	deg	0.07	FALSE DONE
12/10/2025 04:40:38:	17	count	time	30.0s/cts	O Det=6053	H Det=5087	Mon Det=93053	Aux Det=6488	O+H=17628	 DONE
12/10/2025 04:41:10:	MOVE MOTOR REL	S18.axis2.phaseshifter 2	deg	0.07	FALSE DONE
12/10/2025 04:41:13:	18	count	time	30.0s/cts	O Det=7005	H Det=4136	Mon Det=93100	Aux Det=6591	O+H=17732	 DONE
12/10/2025 04:41:45:	MOVE MOTOR REL	S18.axis2.phaseshifter 2	deg	0.07	FALSE DONE
12/10/2025 04:41:49:	19	count	time	30.0s/cts	O Det=7963	H Det=3270	Mon Det=92827	Aux Det=6400	O+H=17633	 DONE
12/10/2025 04:42:20:	MOVE MOTOR REL	S18.axis2.phaseshifter 2	deg	0.07	FALSE DONE
12/10/2025 04:42:24:	20	count	time	30.0s/cts	O Det=8227	H Det=3023	Mon Det=93157	Aux Det=6459	O+H=17709	 DONE
12/10/2025 04:42:56:	MOVE MOTOR REL	S18.axis2.phaseshifter 2	deg	0.07	FALSE DONE
12/10/2025 04:42:59:	21	count	time	30.0s/cts	O Det=8468	H Det=2988	Mon Det=92798	Aux Det=6530	O+H=17986	 DONE
12/10/2025 04:43:31:	MOVE MOTOR REL	S18.axis2.phaseshifter 2	deg	0.07	FALSE DONE
12/10/2025 04:43:34:	22	count	time	30.0s/cts	O Det=7883	H Det=3472	Mon Det=92822	Aux Det=6485	O+H=17840	 DONE
12/10/2025 04:44:06:	MOVE MOTOR REL	S18.axis2.phaseshifter 2	deg	0.07	FALSE DONE
12/10/2025 04:44:09:	23	count	time	30.0s/cts	O Det=7010	H Det=4358	Mon Det=92576	Aux Det=6506	O+H=17874	 DONE
12/10/2025 04:44:41:	MOVE MOTOR REL	S18.axis2.phaseshifter 2	deg	0.07	FALSE DONE
12/10/2025 04:44:45:	24	count	time	30.0s/cts	O Det=5462	H Det=5579	Mon Det=92669	Aux Det=6440	O+H=17481	 DONE
12/10/2025 04:45:16:	MOVE MOTOR REL	S18.axis2.phaseshifter 2	deg	0.07	FALSE DONE
12/10/2025 04:45:20:	25	count	time	30.0s/cts	O Det=4279	H Det=6550	Mon Det=92740	Aux Det=6524	O+H=17353	 DONE
12/10/2025 04:45:52:	MOVE MOTOR REL	S18.axis2.phaseshifter 2	deg	0.07	FALSE DONE
12/10/2025 04:45:55:	26	count	time	30.0s/cts	O Det=3034	H Det=7738	Mon Det=92789	Aux Det=6414	O+H=17186	 DONE
12/10/2025 04:46:27:	MOVE MOTOR REL	S18.axis2.phaseshifter 2	deg	0.07	FALSE DONE
12/10/2025 04:46:30:	27	count	time	30.0s/cts	O Det=2068	H Det=8767	Mon Det=93235	Aux Det=6480	O+H=17315	 DONE
12/10/2025 04:47:02:	MOVE MOTOR REL	S18.axis2.phaseshifter 2	deg	0.07	FALSE DONE
12/10/2025 04:47:05:	28	count	time	30.0s/cts	O Det=1655	H Det=8892	Mon Det=92867	Aux Det=6324	O+H=16871	 DONE
12/10/2025 04:47:37:	MOVE MOTOR REL	S18.axis2.phaseshifter 2	deg	0.07	FALSE DONE
12/10/2025 04:47:41:	29	count	time	30.0s/cts	O Det=1621	H Det=8978	Mon Det=92738	Aux Det=6508	O+H=17107	 DONE
12/10/2025 04:48:12:	MOVE MOTOR REL	S18.axis2.phaseshifter 2	deg	0.07	FALSE DONE
12/10/2025 04:48:16:	30	count	time	30.0s/cts	O Det=2162	H Det=8279	Mon Det=92938	Aux Det=6443	O+H=16884	 DONE
12/10/2025 04:48:48:	NO ACTION	 DONE
12/10/2025 04:48:48:	close file and end scan	 DONE
call of ifg2r_newPS_2p30s.sc DONE
12/10/2025 04:48:49:	move motor	S18.axis2.phaseshifter 2 to fit O COS90	-1.212624reached -1.20850  DONE
call of ifg2R_newPS_2p30s_m90.sc DONE
12/10/2025 04:48:53:	create file	D:\data\Cycle 198\exp_3-16-19\rawdata\sc\ifg_wv1_psi_+1+1+1_12Oct0448.dat	 DONE
room to enter remarks DONE
12/10/2025 04:48:54:	MOVE MOTOR REL	S18.axis2.phaseshifter 2	deg	0.0	FALSE DONE
12/10/2025 04:48:57:	1	count	time	30.0s/cts	O Det=4948	H Det=5886	Mon Det=91688	Aux Det=6450	O+H=17284	 DONE
12/10/2025 04:49:29:	MOVE MOTOR REL	S18.axis2.phaseshifter 2	deg	0.07	FALSE DONE
12/10/2025 04:49:32:	2	count	time	30.0s/cts	O Det=3654	H Det=6976	Mon Det=93116	Aux Det=6493	O+H=17123	 DONE
12/10/2025 04:50:04:	MOVE MOTOR REL	S18.axis2.phaseshifter 2	deg	0.07	FALSE DONE
12/10/2025 04:50:08:	3	count	time	30.0s/cts	O Det=2484	H Det=7941	Mon Det=92132	Aux Det=6421	O+H=16846	 DONE
12/10/2025 04:50:39:	MOVE MOTOR REL	S18.axis2.phaseshifter 2	deg	0.07	FALSE DONE
12/10/2025 04:50:43:	4	count	time	30.0s/cts	O Det=1811	H Det=8587	Mon Det=92680	Aux Det=6502	O+H=16900	 DONE
12/10/2025 04:51:15:	MOVE MOTOR REL	S18.axis2.phaseshifter 2	deg	0.07	FALSE DONE
12/10/2025 04:51:18:	5	count	time	30.0s/cts	O Det=1548	H Det=8925	Mon Det=92653	Aux Det=6406	O+H=16879	 DONE
12/10/2025 04:51:50:	MOVE MOTOR REL	S18.axis2.phaseshifter 2	deg	0.07	FALSE DONE
12/10/2025 04:51:53:	6	count	time	30.0s/cts	O Det=1753	H Det=8874	Mon Det=92431	Aux Det=6506	O+H=17133	 DONE
12/10/2025 04:52:25:	MOVE MOTOR REL	S18.axis2.phaseshifter 2	deg	0.07	FALSE DONE
12/10/2025 04:52:28:	7	count	time	30.0s/cts	O Det=2495	H Det=8141	Mon Det=92369	Aux Det=6518	O+H=17154	 DONE
12/10/2025 04:53:00:	MOVE MOTOR REL	S18.axis2.phaseshifter 2	deg	0.07	FALSE DONE
12/10/2025 04:53:04:	8	count	time	30.0s/cts	O Det=3665	H Det=7030	Mon Det=92729	Aux Det=6434	O+H=17129	 DONE
12/10/2025 04:53:36:	MOVE MOTOR REL	S18.axis2.phaseshifter 2	deg	0.07	FALSE DONE
12/10/2025 04:53:39:	9	count	time	30.0s/cts	O Det=5181	H Det=5737	Mon Det=92417	Aux Det=6485	O+H=17403	 DONE
12/10/2025 04:54:11:	MOVE MOTOR REL	S18.axis2.phaseshifter 2	deg	0.07	FALSE DONE
12/10/2025 04:54:14:	10	count	time	30.0s/cts	O Det=6689	H Det=4591	Mon Det=92376	Aux Det=6652	O+H=17932	 DONE
12/10/2025 04:54:46:	MOVE MOTOR REL	S18.axis2.phaseshifter 2	deg	0.07	FALSE DONE
12/10/2025 04:54:49:	11	count	time	30.0s/cts	O Det=7634	H Det=3382	Mon Det=92760	Aux Det=6439	O+H=17455	 DONE
12/10/2025 04:55:21:	MOVE MOTOR REL	S18.axis2.phaseshifter 2	deg	0.07	FALSE DONE
12/10/2025 04:55:25:	12	count	time	30.0s/cts	O Det=8197	H Det=2939	Mon Det=92800	Aux Det=6669	O+H=17805	 DONE
12/10/2025 04:55:57:	MOVE MOTOR REL	S18.axis2.phaseshifter 2	deg	0.07	FALSE DONE
12/10/2025 04:56:00:	13	count	time	30.0s/cts	O Det=8189	H Det=2976	Mon Det=92389	Aux Det=6556	O+H=17721	 DONE
12/10/2025 04:56:32:	MOVE MOTOR REL	S18.axis2.phaseshifter 2	deg	0.07	FALSE DONE
12/10/2025 04:56:35:	14	count	time	30.0s/cts	O Det=7656	H Det=3476	Mon Det=92988	Aux Det=6462	O+H=17594	 DONE
12/10/2025 04:57:07:	MOVE MOTOR REL	S18.axis2.phaseshifter 2	deg	0.07	FALSE DONE
12/10/2025 04:57:11:	15	count	time	30.0s/cts	O Det=6959	H Det=4178	Mon Det=92929	Aux Det=6531	O+H=17668	 DONE
12/10/2025 04:57:42:	MOVE MOTOR REL	S18.axis2.phaseshifter 2	deg	0.07	FALSE DONE
12/10/2025 04:57:46:	16	count	time	30.0s/cts	O Det=5647	H Det=5148	Mon Det=92403	Aux Det=6547	O+H=17342	 DONE
12/10/2025 04:58:18:	MOVE MOTOR REL	S18.axis2.phaseshifter 2	deg	0.07	FALSE DONE
12/10/2025 04:58:21:	17	count	time	30.0s/cts	O Det=4359	H Det=6509	Mon Det=93051	Aux Det=6497	O+H=17365	 DONE
12/10/2025 04:58:53:	MOVE MOTOR REL	S18.axis2.phaseshifter 2	deg	0.07	FALSE DONE
12/10/2025 04:58:56:	18	count	time	30.0s/cts	O Det=2917	H Det=7775	Mon Det=92704	Aux Det=6466	O+H=17158	 DONE
12/10/2025 04:59:28:	MOVE MOTOR REL	S18.axis2.phaseshifter 2	deg	0.07	FALSE DONE
12/10/2025 04:59:32:	19	count	time	30.0s/cts	O Det=2212	H Det=8452	Mon Det=92431	Aux Det=6538	O+H=17202	 DONE
12/10/2025 05:00:03:	MOVE MOTOR REL	S18.axis2.phaseshifter 2	deg	0.07	FALSE DONE
12/10/2025 05:00:07:	20	count	time	30.0s/cts	O Det=1653	H Det=8883	Mon Det=92638	Aux Det=6330	O+H=16866	 DONE
12/10/2025 05:00:39:	MOVE MOTOR REL	S18.axis2.phaseshifter 2	deg	0.07	FALSE DONE
12/10/2025 05:00:42:	21	count	time	30.0s/cts	O Det=1566	H Det=8924	Mon Det=93379	Aux Det=6461	O+H=16951	 DONE
12/10/2025 05:01:14:	MOVE MOTOR REL	S18.axis2.phaseshifter 2	deg	0.07	FALSE DONE
12/10/2025 05:01:17:	22	count	time	30.0s/cts	O Det=1991	H Det=8653	Mon Det=92950	Aux Det=6415	O+H=17059	 DONE
12/10/2025 05:01:49:	MOVE MOTOR REL	S18.axis2.phaseshifter 2	deg	0.07	FALSE DONE
12/10/2025 05:01:53:	23	count	time	30.0s/cts	O Det=2834	H Det=7943	Mon Det=92800	Aux Det=6533	O+H=17310	 DONE
12/10/2025 05:02:24:	MOVE MOTOR REL	S18.axis2.phaseshifter 2	deg	0.07	FALSE DONE
12/10/2025 05:02:28:	24	count	time	30.0s/cts	O Det=4275	H Det=6526	Mon Det=93358	Aux Det=6412	O+H=17213	 DONE
12/10/2025 05:03:00:	MOVE MOTOR REL	S18.axis2.phaseshifter 2	deg	0.07	FALSE DONE
12/10/2025 05:03:03:	25	count	time	30.0s/cts	O Det=5539	H Det=5324	Mon Det=92501	Aux Det=6506	O+H=17369	 DONE
12/10/2025 05:03:35:	MOVE MOTOR REL	S18.axis2.phaseshifter 2	deg	0.07	FALSE DONE
12/10/2025 05:03:38:	26	count	time	30.0s/cts	O Det=6872	H Det=4276	Mon Det=93125	Aux Det=6388	O+H=17536	 DONE
12/10/2025 05:04:10:	MOVE MOTOR REL	S18.axis2.phaseshifter 2	deg	0.07	FALSE DONE
12/10/2025 05:04:13:	27	count	time	30.0s/cts	O Det=7897	H Det=3461	Mon Det=92250	Aux Det=6414	O+H=17772	 DONE
12/10/2025 05:04:45:	MOVE MOTOR REL	S18.axis2.phaseshifter 2	deg	0.07	FALSE DONE
12/10/2025 05:04:49:	28	count	time	30.0s/cts	O Det=8197	H Det=3037	Mon Det=92822	Aux Det=6522	O+H=17756	 DONE
12/10/2025 05:05:21:	MOVE MOTOR REL	S18.axis2.phaseshifter 2	deg	0.07	FALSE DONE
12/10/2025 05:05:24:	29	count	time	30.0s/cts	O Det=8261	H Det=3100	Mon Det=92844	Aux Det=6576	O+H=17937	 DONE
12/10/2025 05:05:56:	MOVE MOTOR REL	S18.axis2.phaseshifter 2	deg	0.07	FALSE DONE
12/10/2025 05:05:59:	30	count	time	30.0s/cts	O Det=7592	H Det=3627	Mon Det=92566	Aux Det=6406	O+H=17625	 DONE
12/10/2025 05:06:31:	NO ACTION	 DONE
12/10/2025 05:06:32:	close file and end scan	 DONE
call of ifg2r_newPS_2p30s.sc DONE
12/10/2025 05:06:33:	move motor	S18.axis2.phaseshifter 2 to fit O COS-180	-0.955845reached -0.96680  DONE
call of ifg2R_newPS_2p30s_p90.sc DONE
12/10/2025 05:06:36:	create file	D:\data\Cycle 198\exp_3-16-19\rawdata\sc\ifg_wv1_psi_+1+1+1_12Oct0506.dat	 DONE
room to enter remarks DONE
12/10/2025 05:06:37:	MOVE MOTOR REL	S18.axis2.phaseshifter 2	deg	0.0	FALSE DONE
12/10/2025 05:06:41:	1	count	time	30.0s/cts	O Det=1507	H Det=8922	Mon Det=92577	Aux Det=6578	O+H=17007	 DONE
12/10/2025 05:07:12:	MOVE MOTOR REL	S18.axis2.phaseshifter 2	deg	0.07	FALSE DONE
12/10/2025 05:07:16:	2	count	time	30.0s/cts	O Det=1734	H Det=8791	Mon Det=93014	Aux Det=6411	O+H=16936	 DONE
12/10/2025 05:07:48:	MOVE MOTOR REL	S18.axis2.phaseshifter 2	deg	0.07	FALSE DONE
12/10/2025 05:07:51:	3	count	time	30.0s/cts	O Det=2335	H Det=8216	Mon Det=92860	Aux Det=6558	O+H=17109	 DONE
12/10/2025 05:08:23:	MOVE MOTOR REL	S18.axis2.phaseshifter 2	deg	0.07	FALSE DONE
12/10/2025 05:08:26:	4	count	time	30.0s/cts	O Det=3165	H Det=7322	Mon Det=92925	Aux Det=6521	O+H=17008	 DONE
12/10/2025 05:08:58:	MOVE MOTOR REL	S18.axis2.phaseshifter 2	deg	0.07	FALSE DONE
12/10/2025 05:09:02:	5	count	time	30.0s/cts	O Det=4988	H Det=5855	Mon Det=92386	Aux Det=6377	O+H=17220	 DONE
12/10/2025 05:09:33:	MOVE MOTOR REL	S18.axis2.phaseshifter 2	deg	0.07	FALSE DONE
12/10/2025 05:09:37:	6	count	time	30.0s/cts	O Det=6328	H Det=4737	Mon Det=92594	Aux Det=6446	O+H=17511	 DONE
12/10/2025 05:10:09:	MOVE MOTOR REL	S18.axis2.phaseshifter 2	deg	0.07	FALSE DONE
12/10/2025 05:10:12:	7	count	time	30.0s/cts	O Det=7507	H Det=3826	Mon Det=91925	Aux Det=6514	O+H=17847	 DONE
12/10/2025 05:10:44:	MOVE MOTOR REL	S18.axis2.phaseshifter 2	deg	0.07	FALSE DONE
12/10/2025 05:10:47:	8	count	time	30.0s/cts	O Det=8196	H Det=3094	Mon Det=92610	Aux Det=6509	O+H=17799	 DONE
12/10/2025 05:11:19:	MOVE MOTOR REL	S18.axis2.phaseshifter 2	deg	0.07	FALSE DONE
12/10/2025 05:11:23:	9	count	time	30.0s/cts	O Det=8557	H Det=2936	Mon Det=92608	Aux Det=6602	O+H=18095	 DONE
12/10/2025 05:11:54:	MOVE MOTOR REL	S18.axis2.phaseshifter 2	deg	0.07	FALSE DONE
12/10/2025 05:11:58:	10	count	time	30.0s/cts	O Det=8076	H Det=3195	Mon Det=93036	Aux Det=6490	O+H=17761	 DONE
12/10/2025 05:12:30:	MOVE MOTOR REL	S18.axis2.phaseshifter 2	deg	0.07	FALSE DONE
12/10/2025 05:12:33:	11	count	time	30.0s/cts	O Det=7206	H Det=3997	Mon Det=92917	Aux Det=6506	O+H=17709	 DONE
12/10/2025 05:13:05:	MOVE MOTOR REL	S18.axis2.phaseshifter 2	deg	0.07	FALSE DONE
12/10/2025 05:13:09:	12	count	time	30.0s/cts	O Det=6230	H Det=4771	Mon Det=93363	Aux Det=6535	O+H=17536	 DONE
12/10/2025 05:13:40:	MOVE MOTOR REL	S18.axis2.phaseshifter 2	deg	0.07	FALSE DONE
12/10/2025 05:13:44:	13	count	time	30.0s/cts	O Det=4752	H Det=6280	Mon Det=93246	Aux Det=6587	O+H=17619	 DONE
12/10/2025 05:14:16:	MOVE MOTOR REL	S18.axis2.phaseshifter 2	deg	0.07	FALSE DONE
12/10/2025 05:14:19:	14	count	time	30.0s/cts	O Det=3442	H Det=7276	Mon Det=92586	Aux Det=6481	O+H=17199	 DONE
12/10/2025 05:14:51:	MOVE MOTOR REL	S18.axis2.phaseshifter 2	deg	0.07	FALSE DONE
12/10/2025 05:14:54:	15	count	time	30.0s/cts	O Det=2275	H Det=8195	Mon Det=92823	Aux Det=6580	O+H=17050	 DONE
12/10/2025 05:15:26:	MOVE MOTOR REL	S18.axis2.phaseshifter 2	deg	0.07	FALSE DONE
12/10/2025 05:15:29:	16	count	time	30.0s/cts	O Det=1756	H Det=8888	Mon Det=92866	Aux Det=6434	O+H=17078	 DONE
12/10/2025 05:16:01:	MOVE MOTOR REL	S18.axis2.phaseshifter 2	deg	0.07	FALSE DONE
12/10/2025 05:16:05:	17	count	time	30.0s/cts	O Det=1506	H Det=8892	Mon Det=92641	Aux Det=6519	O+H=16917	 DONE
12/10/2025 05:16:36:	MOVE MOTOR REL	S18.axis2.phaseshifter 2	deg	0.07	FALSE DONE
12/10/2025 05:16:40:	18	count	time	30.0s/cts	O Det=1750	H Det=8923	Mon Det=92688	Aux Det=6586	O+H=17259	 DONE
12/10/2025 05:17:11:	MOVE MOTOR REL	S18.axis2.phaseshifter 2	deg	0.07	FALSE DONE
12/10/2025 05:17:15:	19	count	time	30.0s/cts	O Det=2303	H Det=8335	Mon Det=92591	Aux Det=6436	O+H=17074	 DONE
12/10/2025 05:17:47:	MOVE MOTOR REL	S18.axis2.phaseshifter 2	deg	0.07	FALSE DONE
12/10/2025 05:17:50:	20	count	time	30.0s/cts	O Det=3263	H Det=7366	Mon Det=92807	Aux Det=6405	O+H=17034	 DONE
12/10/2025 05:18:22:	MOVE MOTOR REL	S18.axis2.phaseshifter 2	deg	0.07	FALSE DONE
12/10/2025 05:18:26:	21	count	time	30.0s/cts	O Det=4451	H Det=6308	Mon Det=92970	Aux Det=6602	O+H=17361	 DONE
12/10/2025 05:18:57:	MOVE MOTOR REL	S18.axis2.phaseshifter 2	deg	0.07	FALSE DONE
12/10/2025 05:19:01:	22	count	time	30.0s/cts	O Det=5916	H Det=4892	Mon Det=92987	Aux Det=6433	O+H=17241	 DONE
12/10/2025 05:19:32:	MOVE MOTOR REL	S18.axis2.phaseshifter 2	deg	0.07	FALSE DONE
12/10/2025 05:19:36:	23	count	time	30.0s/cts	O Det=7147	H Det=4096	Mon Det=93106	Aux Det=6424	O+H=17667	 DONE
12/10/2025 05:20:08:	MOVE MOTOR REL	S18.axis2.phaseshifter 2	deg	0.07	FALSE DONE
12/10/2025 05:20:11:	24	count	time	30.0s/cts	O Det=7989	H Det=3275	Mon Det=92458	Aux Det=6450	O+H=17714	 DONE
12/10/2025 05:20:43:	MOVE MOTOR REL	S18.axis2.phaseshifter 2	deg	0.07	FALSE DONE
12/10/2025 05:20:46:	25	count	time	30.0s/cts	O Det=8210	H Det=3014	Mon Det=92395	Aux Det=6493	O+H=17717	 DONE
12/10/2025 05:21:18:	MOVE MOTOR REL	S18.axis2.phaseshifter 2	deg	0.07	FALSE DONE
12/10/2025 05:21:22:	26	count	time	30.0s/cts	O Det=8463	H Det=3038	Mon Det=93220	Aux Det=6428	O+H=17929	 DONE
12/10/2025 05:21:53:	MOVE MOTOR REL	S18.axis2.phaseshifter 2	deg	0.07	FALSE DONE
12/10/2025 05:21:57:	27	count	time	30.0s/cts	O Det=7727	H Det=3378	Mon Det=92465	Aux Det=6544	O+H=17649	 DONE
12/10/2025 05:22:29:	MOVE MOTOR REL	S18.axis2.phaseshifter 2	deg	0.07	FALSE DONE
12/10/2025 05:22:32:	28	count	time	30.0s/cts	O Det=6843	H Det=4511	Mon Det=93113	Aux Det=6587	O+H=17941	 DONE
12/10/2025 05:23:04:	MOVE MOTOR REL	S18.axis2.phaseshifter 2	deg	0.07	FALSE DONE
12/10/2025 05:23:07:	29	count	time	30.0s/cts	O Det=5460	H Det=5486	Mon Det=92490	Aux Det=6605	O+H=17551	 DONE
12/10/2025 05:23:39:	MOVE MOTOR REL	S18.axis2.phaseshifter 2	deg	0.07	FALSE DONE
12/10/2025 05:23:43:	30	count	time	30.0s/cts	O Det=4461	H Det=6468	Mon Det=92530	Aux Det=6493	O+H=17422	 DONE
12/10/2025 05:24:14:	NO ACTION	 DONE
12/10/2025 05:24:15:	close file and end scan	 DONE
call of ifg2r_newPS_2p30s.sc DONE
call of ifg2R_newPS_2p30s_p180.sc DONE
12/10/2025 05:24:16:	move motor	S18.auxiliary.Robot Z to 207413.00000um	reached 207408.00000  DONE
call of robot_Zout_doubleCd.sc DONE
12/10/2025 05:24:19:	move motor	S18.auxiliary.Robot rot big to 90.00000deg	reached 90.00000  DONE
12/10/2025 05:24:22:	move motor	S18.auxiliary.Robot Diagonal to 26000.00000um	reached 25999.79402  DONE
12/10/2025 05:24:46:	move motor	S18.auxiliary.Robot Z to 207413.00000um	reached 207408.00000  DONE
call of robot_Zout_doubleCd.sc DONE
12/10/2025 05:24:49:	move motor	S18.auxiliary.Robot rot big to 90.00000deg	reached 90.00000  DONE
12/10/2025 05:24:51:	move motor	S18.auxiliary.Robot Z to 292012.00000um	reached 292007.00000  DONE
call of robot_Zin_doubleCd.sc DONE
call of Block_path13_doubleCd.sc DONE
12/10/2025 05:24:59:	move motor	S18.auxiliary.Robot Diagonal to 25999.900000um	 DONE
12/10/2025 05:25:05:	create file	D:\data\Cycle 198\exp_3-16-19\rawdata\sc\ifg_wv1_psi_+1+1+1_12Oct0525.dat	 DONE
room to enter remarks DONE
12/10/2025 05:25:06:	move motor	S18.auxiliary.Robot Diagonal to 26000.000000um	 DONE
12/10/2025 05:25:12:	1	count	time	60.000000s/cts	O Det=2339	H Det=2461	Mon Det=185226	Aux Det=7778	O+H=12578	 DONE
12/10/2025 05:26:14:	move motor	S18.auxiliary.Robot Diagonal to 48000.000000um	 DONE
12/10/2025 05:26:29:	2	count	time	60.000000s/cts	O Det=2371	H Det=4229	Mon Det=185301	Aux Det=47	O+H=6647	 DONE
12/10/2025 05:27:31:	move motor	S18.auxiliary.Robot Diagonal to 70000.000000um	 DONE
12/10/2025 05:27:46:	3	count	time	60.000000s/cts	O Det=2315	H Det=2382	Mon Det=184869	Aux Det=15401	O+H=20098	 DONE
12/10/2025 05:28:47:	close file and end scan	 DONE
12/10/2025 05:28:48:	move motor	S18.auxiliary.Robot Z to 207413.00000um	reached 207422.00000  DONE
call of robot_Zout_doubleCd.sc DONE
call of int_meas_path213.sc DONE
12/10/2025 05:28:56:	END OF SCRIPT	 DONE
