11/10/2025 16:56:01:	start execution of script D:\data\Cycle 198\exp_3-16-19\rawdata\sc\ifg_wv1_psi_+1+1+1.sc	 DONE
11/10/2025 16:56:02:	create file	D:\data\Cycle 198\exp_3-16-19\rawdata\sc\ifg_wv1_psi_+1+1+1_11Oct1656.dat	 DONE
room to enter remarks DONE
11/10/2025 16:56:03:	MOVE MOTOR REL	S18.axis2.phaseshifter 2	deg	0.0	FALSE DONE
11/10/2025 16:56:06:	1	count	time	30.0s/cts	O Det=6506	H Det=2011	Mon Det=93161	Aux Det=4777	O+H=13294	 DONE
11/10/2025 16:56:38:	MOVE MOTOR REL	S18.axis2.phaseshifter 2	deg	0.07	FALSE DONE
11/10/2025 16:56:41:	2	count	time	30.0s/cts	O Det=6275	H Det=2146	Mon Det=92916	Aux Det=4726	O+H=13147	 DONE
11/10/2025 16:57:13:	MOVE MOTOR REL	S18.axis2.phaseshifter 2	deg	0.07	FALSE DONE
11/10/2025 16:57:16:	3	count	time	30.0s/cts	O Det=5670	H Det=2679	Mon Det=92848	Aux Det=4853	O+H=13202	 DONE
11/10/2025 16:57:48:	MOVE MOTOR REL	S18.axis2.phaseshifter 2	deg	0.07	FALSE DONE
11/10/2025 16:57:51:	4	count	time	30.0s/cts	O Det=4682	H Det=3438	Mon Det=92693	Aux Det=4824	O+H=12944	 DONE
11/10/2025 16:58:23:	MOVE MOTOR REL	S18.axis2.phaseshifter 2	deg	0.07	FALSE DONE
11/10/2025 16:58:27:	5	count	time	30.0s/cts	O Det=3568	H Det=4351	Mon Det=93226	Aux Det=4877	O+H=12796	 DONE
11/10/2025 16:58:58:	MOVE MOTOR REL	S18.axis2.phaseshifter 2	deg	0.07	FALSE DONE
11/10/2025 16:59:02:	6	count	time	30.0s/cts	O Det=2694	H Det=5227	Mon Det=93105	Aux Det=4828	O+H=12749	 DONE
11/10/2025 16:59:33:	MOVE MOTOR REL	S18.axis2.phaseshifter 2	deg	0.07	FALSE DONE
11/10/2025 16:59:37:	7	count	time	30.0s/cts	O Det=1868	H Det=5958	Mon Det=92415	Aux Det=4813	O+H=12639	 DONE
11/10/2025 17:00:08:	MOVE MOTOR REL	S18.axis2.phaseshifter 2	deg	0.07	FALSE DONE
11/10/2025 17:00:12:	8	count	time	30.0s/cts	O Det=1282	H Det=6370	Mon Det=93107	Aux Det=4794	O+H=12446	 DONE
11/10/2025 17:00:44:	MOVE MOTOR REL	S18.axis2.phaseshifter 2	deg	0.07	FALSE DONE
11/10/2025 17:00:47:	9	count	time	30.0s/cts	O Det=1098	H Det=6447	Mon Det=92542	Aux Det=4811	O+H=12356	 DONE
11/10/2025 17:01:19:	MOVE MOTOR REL	S18.axis2.phaseshifter 2	deg	0.07	FALSE DONE
11/10/2025 17:01:22:	10	count	time	30.0s/cts	O Det=1394	H Det=6327	Mon Det=93025	Aux Det=4686	O+H=12407	 DONE
11/10/2025 17:01:54:	MOVE MOTOR REL	S18.axis2.phaseshifter 2	deg	0.07	FALSE DONE
11/10/2025 17:01:58:	11	count	time	30.0s/cts	O Det=1920	H Det=5829	Mon Det=92693	Aux Det=4709	O+H=12458	 DONE
11/10/2025 17:02:29:	MOVE MOTOR REL	S18.axis2.phaseshifter 2	deg	0.07	FALSE DONE
11/10/2025 17:02:33:	12	count	time	30.0s/cts	O Det=3033	H Det=4950	Mon Det=92709	Aux Det=4721	O+H=12704	 DONE
11/10/2025 17:03:04:	MOVE MOTOR REL	S18.axis2.phaseshifter 2	deg	0.07	FALSE DONE
11/10/2025 17:03:08:	13	count	time	30.0s/cts	O Det=1217	H Det=1163	Mon Det=26900	Aux Det=1354	O+H=3734	STOPPED BY USER	11/10/2025 17:03:18:	close file and end scan	 DONE
call of ifg2r_newPS_2p30s.sc DONE
