20/10/2025 17:59:58:	start execution of script D:\data\Cycle 198\exp_3-16-19\rawdata\sc\ifg_wv1_psi_+1+1+1_No_fit.sc	 DONE
20/10/2025 17:59:59:	create file	D:\data\Cycle 198\exp_3-16-19\rawdata\sc\ifg_wv1_psi_+1+1+1_No_fit_20Oct1759.dat	 DONE
room to enter remarks DONE
20/10/2025 18:00:00:	MOVE MOTOR REL	S18.axis2.phaseshifter 2	deg	0.0	FALSE DONE
20/10/2025 18:00:03:	1	count	time	15.0s/cts	O Det=3046	H Det=1121	Mon Det=36540	Aux Det=2350	O+H=6517	 DONE
20/10/2025 18:00:20:	MOVE MOTOR REL	S18.axis2.phaseshifter 2	deg	0.06495	FALSE DONE
20/10/2025 18:00:23:	2	count	time	15.0s/cts	O Det=2806	H Det=1229	Mon Det=36614	Aux Det=2422	O+H=6457	 DONE
20/10/2025 18:00:40:	MOVE MOTOR REL	S18.axis2.phaseshifter 2	deg	0.06495	FALSE DONE
20/10/2025 18:00:43:	3	count	time	15.0s/cts	O Det=2581	H Det=1434	Mon Det=36555	Aux Det=2390	O+H=6405	 DONE
20/10/2025 18:01:00:	MOVE MOTOR REL	S18.axis2.phaseshifter 2	deg	0.06495	FALSE DONE
20/10/2025 18:01:03:	4	count	time	15.0s/cts	O Det=2217	H Det=1760	Mon Det=36221	Aux Det=2358	O+H=6335	 DONE
20/10/2025 18:01:20:	MOVE MOTOR REL	S18.axis2.phaseshifter 2	deg	0.06495	FALSE DONE
20/10/2025 18:01:24:	5	count	time	15.0s/cts	O Det=1772	H Det=2143	Mon Det=36618	Aux Det=2553	O+H=6468	 DONE
20/10/2025 18:01:40:	MOVE MOTOR REL	S18.axis2.phaseshifter 2	deg	0.06495	FALSE DONE
20/10/2025 18:01:44:	6	count	time	15.0s/cts	O Det=1369	H Det=2545	Mon Det=36581	Aux Det=2507	O+H=6421	 DONE
20/10/2025 18:02:00:	MOVE MOTOR REL	S18.axis2.phaseshifter 2	deg	0.06495	FALSE DONE
20/10/2025 18:02:04:	7	count	time	15.0s/cts	O Det=998	H Det=2857	Mon Det=36242	Aux Det=2427	O+H=6282	 DONE
20/10/2025 18:02:21:	MOVE MOTOR REL	S18.axis2.phaseshifter 2	deg	0.06495	FALSE DONE
20/10/2025 18:02:24:	8	count	time	15.0s/cts	O Det=684	H Det=3116	Mon Det=36298	Aux Det=2426	O+H=6226	 DONE
20/10/2025 18:02:41:	MOVE MOTOR REL	S18.axis2.phaseshifter 2	deg	0.06495	FALSE DONE
20/10/2025 18:02:44:	9	count	time	15.0s/cts	O Det=604	H Det=3124	Mon Det=37041	Aux Det=2354	O+H=6082	 DONE
20/10/2025 18:03:01:	MOVE MOTOR REL	S18.axis2.phaseshifter 2	deg	0.06495	FALSE DONE
20/10/2025 18:03:05:	10	count	time	15.0s/cts	O Det=758	H Det=2998	Mon Det=36276	Aux Det=2408	O+H=6164	 DONE
20/10/2025 18:03:21:	MOVE MOTOR REL	S18.axis2.phaseshifter 2	deg	0.06495	FALSE DONE
20/10/2025 18:03:25:	11	count	time	15.0s/cts	O Det=1089	H Det=2772	Mon Det=36434	Aux Det=2478	O+H=6339	 DONE
20/10/2025 18:03:41:	MOVE MOTOR REL	S18.axis2.phaseshifter 2	deg	0.06495	FALSE DONE
20/10/2025 18:03:45:	12	count	time	15.0s/cts	O Det=1371	H Det=2429	Mon Det=36641	Aux Det=2257	O+H=6057	 DONE
20/10/2025 18:04:02:	MOVE MOTOR REL	S18.axis2.phaseshifter 2	deg	0.06495	FALSE DONE
20/10/2025 18:04:05:	13	count	time	15.0s/cts	O Det=1868	H Det=2096	Mon Det=36322	Aux Det=2375	O+H=6339	 DONE
20/10/2025 18:04:22:	MOVE MOTOR REL	S18.axis2.phaseshifter 2	deg	0.06495	FALSE DONE
20/10/2025 18:04:26:	14	count	time	15.0s/cts	O Det=2366	H Det=1703	Mon Det=36102	Aux Det=2445	O+H=6514	 DONE
20/10/2025 18:04:42:	MOVE MOTOR REL	S18.axis2.phaseshifter 2	deg	0.06495	FALSE DONE
20/10/2025 18:04:46:	15	count	time	15.0s/cts	O Det=2648	H Det=1349	Mon Det=36553	Aux Det=2399	O+H=6396	 DONE
20/10/2025 18:05:03:	MOVE MOTOR REL	S18.axis2.phaseshifter 2	deg	0.06495	FALSE DONE
20/10/2025 18:05:06:	16	count	time	15.0s/cts	O Det=2985	H Det=1142	Mon Det=36556	Aux Det=2283	O+H=6410	 DONE
20/10/2025 18:05:23:	MOVE MOTOR REL	S18.axis2.phaseshifter 2	deg	0.06495	FALSE DONE
20/10/2025 18:05:26:	17	count	time	15.0s/cts	O Det=2960	H Det=1101	Mon Det=36390	Aux Det=2336	O+H=6397	 DONE
20/10/2025 18:05:43:	MOVE MOTOR REL	S18.axis2.phaseshifter 2	deg	0.06495	FALSE DONE
20/10/2025 18:05:46:	18	count	time	15.0s/cts	O Det=2939	H Det=1186	Mon Det=36593	Aux Det=2450	O+H=6575	 DONE
20/10/2025 18:06:03:	MOVE MOTOR REL	S18.axis2.phaseshifter 2	deg	0.06495	FALSE DONE
20/10/2025 18:06:07:	19	count	time	15.0s/cts	O Det=2753	H Det=1318	Mon Det=36274	Aux Det=2374	O+H=6445	 DONE
20/10/2025 18:06:23:	MOVE MOTOR REL	S18.axis2.phaseshifter 2	deg	0.06495	FALSE DONE
20/10/2025 18:06:27:	20	count	time	15.0s/cts	O Det=2365	H Det=1713	Mon Det=36389	Aux Det=2364	O+H=6442	 DONE
20/10/2025 18:06:43:	MOVE MOTOR REL	S18.axis2.phaseshifter 2	deg	0.06495	FALSE DONE
20/10/2025 18:06:47:	21	count	time	15.0s/cts	O Det=1939	H Det=2014	Mon Det=36945	Aux Det=2373	O+H=6326	 DONE
20/10/2025 18:07:04:	MOVE MOTOR REL	S18.axis2.phaseshifter 2	deg	0.06495	FALSE DONE
20/10/2025 18:07:07:	22	count	time	15.0s/cts	O Det=1535	H Det=2294	Mon Det=36953	Aux Det=2396	O+H=6225	 DONE
20/10/2025 18:07:24:	MOVE MOTOR REL	S18.axis2.phaseshifter 2	deg	0.06495	FALSE DONE
20/10/2025 18:07:27:	23	count	time	15.0s/cts	O Det=1094	H Det=2691	Mon Det=36289	Aux Det=2348	O+H=6133	 DONE
20/10/2025 18:07:44:	MOVE MOTOR REL	S18.axis2.phaseshifter 2	deg	0.06495	FALSE DONE
20/10/2025 18:07:48:	24	count	time	15.0s/cts	O Det=894	H Det=2919	Mon Det=36356	Aux Det=2406	O+H=6219	 DONE
20/10/2025 18:08:04:	MOVE MOTOR REL	S18.axis2.phaseshifter 2	deg	0.06495	FALSE DONE
20/10/2025 18:08:08:	25	count	time	15.0s/cts	O Det=640	H Det=3119	Mon Det=36329	Aux Det=2385	O+H=6144	 DONE
20/10/2025 18:08:24:	MOVE MOTOR REL	S18.axis2.phaseshifter 2	deg	0.06495	FALSE DONE
20/10/2025 18:08:28:	26	count	time	15.0s/cts	O Det=613	H Det=3193	Mon Det=36443	Aux Det=2318	O+H=6124	 DONE
20/10/2025 18:08:45:	MOVE MOTOR REL	S18.axis2.phaseshifter 2	deg	0.06495	FALSE DONE
20/10/2025 18:08:48:	27	count	time	15.0s/cts	O Det=743	H Det=3030	Mon Det=36331	Aux Det=2296	O+H=6069	 DONE
20/10/2025 18:09:05:	MOVE MOTOR REL	S18.axis2.phaseshifter 2	deg	0.06495	FALSE DONE
20/10/2025 18:09:08:	28	count	time	15.0s/cts	O Det=1029	H Det=2696	Mon Det=36473	Aux Det=2438	O+H=6163	 DONE
20/10/2025 18:09:25:	MOVE MOTOR REL	S18.axis2.phaseshifter 2	deg	0.06495	FALSE DONE
20/10/2025 18:09:29:	29	count	time	15.0s/cts	O Det=1452	H Det=2393	Mon Det=36433	Aux Det=2343	O+H=6188	 DONE
20/10/2025 18:09:45:	MOVE MOTOR REL	S18.axis2.phaseshifter 2	deg	0.06495	FALSE DONE
20/10/2025 18:09:49:	30	count	time	15.0s/cts	O Det=1859	H Det=2015	Mon Det=36459	Aux Det=2557	O+H=6431	 DONE
20/10/2025 18:10:05:	MOVE MOTOR REL	S18.axis2.phaseshifter 2	deg	0.06495	FALSE DONE
20/10/2025 18:10:09:	31	count	time	15.0s/cts	O Det=2278	H Det=1762	Mon Det=36363	Aux Det=2319	O+H=6359	 DONE
20/10/2025 18:10:26:	MOVE MOTOR REL	S18.axis2.phaseshifter 2	deg	0.06495	FALSE DONE
20/10/2025 18:10:29:	32	count	time	15.0s/cts	O Det=2606	H Det=1438	Mon Det=36647	Aux Det=2494	O+H=6538	 DONE
20/10/2025 18:10:46:	MOVE MOTOR REL	S18.axis2.phaseshifter 2	deg	0.06495	FALSE DONE
20/10/2025 18:10:50:	33	count	time	15.0s/cts	O Det=2977	H Det=1096	Mon Det=36236	Aux Det=2343	O+H=6416	 DONE
20/10/2025 18:11:06:	MOVE MOTOR REL	S18.axis2.phaseshifter 2	deg	0.06495	FALSE DONE
20/10/2025 18:11:10:	34	count	time	15.0s/cts	O Det=2926	H Det=1120	Mon Det=36421	Aux Det=2392	O+H=6438	 DONE
20/10/2025 18:11:26:	MOVE MOTOR REL	S18.axis2.phaseshifter 2	deg	0.06495	FALSE DONE
20/10/2025 18:11:30:	35	count	time	15.0s/cts	O Det=2869	H Det=1210	Mon Det=36540	Aux Det=2477	O+H=6556	 DONE
20/10/2025 18:11:47:	MOVE MOTOR REL	S18.axis2.phaseshifter 2	deg	0.06495	FALSE DONE
20/10/2025 18:11:50:	36	count	time	15.0s/cts	O Det=2524	H Det=1437	Mon Det=36444	Aux Det=2355	O+H=6316	 DONE
20/10/2025 18:12:07:	MOVE MOTOR REL	S18.axis2.phaseshifter 2	deg	0.06495	FALSE DONE
20/10/2025 18:12:10:	37	count	time	15.0s/cts	O Det=2073	H Det=1910	Mon Det=36425	Aux Det=2302	O+H=6285	 DONE
20/10/2025 18:12:27:	MOVE MOTOR REL	S18.axis2.phaseshifter 2	deg	0.06495	FALSE DONE
20/10/2025 18:12:31:	38	count	time	15.0s/cts	O Det=1613	H Det=2255	Mon Det=36464	Aux Det=2477	O+H=6345	 DONE
20/10/2025 18:12:47:	MOVE MOTOR REL	S18.axis2.phaseshifter 2	deg	0.06495	FALSE DONE
20/10/2025 18:12:51:	39	count	time	15.0s/cts	O Det=1231	H Det=2598	Mon Det=36403	Aux Det=2313	O+H=6142	 DONE
20/10/2025 18:13:07:	MOVE MOTOR REL	S18.axis2.phaseshifter 2	deg	0.06495	FALSE DONE
20/10/2025 18:13:11:	40	count	time	15.0s/cts	O Det=960	H Det=2937	Mon Det=36509	Aux Det=2431	O+H=6328	 DONE
20/10/2025 18:13:28:	MOVE MOTOR REL	S18.axis2.phaseshifter 2	deg	0.06495	FALSE DONE
20/10/2025 18:13:31:	41	count	time	15.0s/cts	O Det=682	H Det=3167	Mon Det=36562	Aux Det=2333	O+H=6182	 DONE
20/10/2025 18:13:48:	MOVE MOTOR REL	S18.axis2.phaseshifter 2	deg	0.06495	FALSE DONE
20/10/2025 18:13:51:	42	count	time	15.0s/cts	O Det=664	H Det=3154	Mon Det=36484	Aux Det=2462	O+H=6280	 DONE
20/10/2025 18:14:08:	MOVE MOTOR REL	S18.axis2.phaseshifter 2	deg	0.06495	FALSE DONE
20/10/2025 18:14:12:	43	count	time	15.0s/cts	O Det=739	H Det=3031	Mon Det=36444	Aux Det=2343	O+H=6113	 DONE
20/10/2025 18:14:28:	MOVE MOTOR REL	S18.axis2.phaseshifter 2	deg	0.06495	FALSE DONE
20/10/2025 18:14:32:	44	count	time	15.0s/cts	O Det=1096	H Det=2792	Mon Det=36406	Aux Det=2363	O+H=6251	 DONE
20/10/2025 18:14:48:	MOVE MOTOR REL	S18.axis2.phaseshifter 2	deg	0.06495	FALSE DONE
20/10/2025 18:14:52:	45	count	time	15.0s/cts	O Det=1498	H Det=2365	Mon Det=36496	Aux Det=2336	O+H=6199	 DONE
20/10/2025 18:15:09:	MOVE MOTOR REL	S18.axis2.phaseshifter 2	deg	0.06495	FALSE DONE
20/10/2025 18:15:12:	46	count	time	15.0s/cts	O Det=1944	H Det=2109	Mon Det=36304	Aux Det=2321	O+H=6374	 DONE
20/10/2025 18:15:29:	MOVE MOTOR REL	S18.axis2.phaseshifter 2	deg	0.06495	FALSE DONE
20/10/2025 18:15:32:	47	count	time	15.0s/cts	O Det=2316	H Det=1696	Mon Det=36664	Aux Det=2445	O+H=6457	 DONE
20/10/2025 18:15:49:	MOVE MOTOR REL	S18.axis2.phaseshifter 2	deg	0.06495	FALSE DONE
20/10/2025 18:15:53:	48	count	time	15.0s/cts	O Det=2639	H Det=1341	Mon Det=36726	Aux Det=2434	O+H=6414	 DONE
20/10/2025 18:16:09:	MOVE MOTOR REL	S18.axis2.phaseshifter 2	deg	0.06495	FALSE DONE
20/10/2025 18:16:13:	49	count	time	15.0s/cts	O Det=2936	H Det=1100	Mon Det=36498	Aux Det=2431	O+H=6467	 DONE
20/10/2025 18:16:30:	MOVE MOTOR REL	S18.axis2.phaseshifter 2	deg	0.06495	FALSE DONE
20/10/2025 18:16:33:	50	count	time	15.0s/cts	O Det=3040	H Det=1099	Mon Det=36441	Aux Det=2352	O+H=6491	 DONE
20/10/2025 18:16:50:	MOVE MOTOR REL	S18.axis2.phaseshifter 2	deg	0.06495	FALSE DONE
20/10/2025 18:16:53:	51	count	time	15.0s/cts	O Det=2777	H Det=1218	Mon Det=36523	Aux Det=2422	O+H=6417	 DONE
20/10/2025 18:17:10:	MOVE MOTOR REL	S18.axis2.phaseshifter 2	deg	0.06495	FALSE DONE
20/10/2025 18:17:14:	52	count	time	15.0s/cts	O Det=2632	H Det=1419	Mon Det=36759	Aux Det=2457	O+H=6508	 DONE
20/10/2025 18:17:30:	MOVE MOTOR REL	S18.axis2.phaseshifter 2	deg	0.06495	FALSE DONE
20/10/2025 18:17:34:	53	count	time	15.0s/cts	O Det=2042	H Det=1811	Mon Det=36213	Aux Det=2317	O+H=6170	 DONE
20/10/2025 18:17:50:	MOVE MOTOR REL	S18.axis2.phaseshifter 2	deg	0.06495	FALSE DONE
20/10/2025 18:17:54:	54	count	time	15.0s/cts	O Det=1599	H Det=2248	Mon Det=36618	Aux Det=2325	O+H=6172	 DONE
20/10/2025 18:18:11:	MOVE MOTOR REL	S18.axis2.phaseshifter 2	deg	0.06495	FALSE DONE
20/10/2025 18:18:14:	55	count	time	15.0s/cts	O Det=1141	H Det=2723	Mon Det=36942	Aux Det=2411	O+H=6275	 DONE
20/10/2025 18:18:31:	MOVE MOTOR REL	S18.axis2.phaseshifter 2	deg	0.06495	FALSE DONE
20/10/2025 18:18:34:	56	count	time	15.0s/cts	O Det=908	H Det=3008	Mon Det=36422	Aux Det=2458	O+H=6374	 DONE
20/10/2025 18:18:51:	MOVE MOTOR REL	S18.axis2.phaseshifter 2	deg	0.06495	FALSE DONE
20/10/2025 18:18:55:	57	count	time	15.0s/cts	O Det=660	H Det=3069	Mon Det=36634	Aux Det=2329	O+H=6058	 DONE
20/10/2025 18:19:11:	MOVE MOTOR REL	S18.axis2.phaseshifter 2	deg	0.06495	FALSE DONE
20/10/2025 18:19:15:	58	count	time	15.0s/cts	O Det=633	H Det=3171	Mon Det=36481	Aux Det=2367	O+H=6171	 DONE
20/10/2025 18:19:31:	MOVE MOTOR REL	S18.axis2.phaseshifter 2	deg	0.06495	FALSE DONE
20/10/2025 18:19:35:	59	count	time	15.0s/cts	O Det=826	H Det=3051	Mon Det=36735	Aux Det=2319	O+H=6196	 DONE
20/10/2025 18:19:52:	MOVE MOTOR REL	S18.axis2.phaseshifter 2	deg	0.06495	FALSE DONE
20/10/2025 18:19:55:	60	count	time	15.0s/cts	O Det=1041	H Det=2818	Mon Det=36413	Aux Det=2400	O+H=6259	 DONE
20/10/2025 18:20:12:	MOVE MOTOR REL	S18.axis2.phaseshifter 2	deg	0.06495	FALSE DONE
20/10/2025 18:20:15:	61	count	time	15.0s/cts	O Det=1423	H Det=2453	Mon Det=36589	Aux Det=2348	O+H=6224	 DONE
20/10/2025 18:20:45:	MOVE MOTOR REL	S18.axis2.phaseshifter 2	deg	0.06495	FALSE DONE
20/10/2025 18:20:49:	62	count	time	15.0s/cts	O Det=2039	H Det=1977	Mon Det=35853	Aux Det=2339	O+H=6355	 DONE
20/10/2025 18:21:05:	MOVE MOTOR REL	S18.axis2.phaseshifter 2	deg	0.06495	FALSE DONE
20/10/2025 18:21:09:	63	count	time	15.0s/cts	O Det=2317	H Det=1710	Mon Det=36544	Aux Det=2345	O+H=6372	 DONE
20/10/2025 18:21:31:	MOVE MOTOR REL	S18.axis2.phaseshifter 2	deg	0.06495	FALSE DONE
20/10/2025 18:21:35:	64	count	time	15.0s/cts	O Det=2749	H Det=1280	Mon Det=36489	Aux Det=2370	O+H=6399	 DONE
20/10/2025 18:21:52:	close file and end scan	 DONE
call of ifg2r_newPS_2p30s_no_fit.sc DONE
20/10/2025 18:21:53:	move motor	S18.auxiliary.Robot Z to 207413.00000um	reached 207412.00000  DONE
call of robot_Zout_doubleCd.sc DONE
20/10/2025 18:21:56:	move motor	S18.auxiliary.Robot rot big to 90.00000deg	reached 90.00000  DONE
20/10/2025 18:21:58:	move motor	S18.auxiliary.Robot Diagonal to 26000.00000um	reached 26000.29402  DONE
20/10/2025 18:22:31:	move motor	S18.auxiliary.Robot Z to 207413.00000um	reached 207413.00000  DONE
call of robot_Zout_doubleCd.sc DONE
20/10/2025 18:22:34:	move motor	S18.auxiliary.Robot rot big to 90.00000deg	reached 90.00000  DONE
20/10/2025 18:22:36:	move motor	S18.auxiliary.Robot Z to 292012.00000um	reached 292012.00000  DONE
call of robot_Zin_doubleCd.sc DONE
call of Block_path13_doubleCd.sc DONE
20/10/2025 18:22:44:	move motor	S18.auxiliary.Robot Diagonal to 25999.900000um	 DONE
20/10/2025 18:22:50:	create file	D:\data\Cycle 198\exp_3-16-19\rawdata\sc\ifg_wv1_psi_+1+1+1_No_fit_20Oct1822.dat	 DONE
room to enter remarks DONE
20/10/2025 18:22:51:	move motor	S18.auxiliary.Robot Diagonal to 26000.000000um	 DONE
20/10/2025 18:22:57:	1	count	time	60.000000s/cts	O Det=1619	H Det=1644	Mon Det=145415	Aux Det=6201	O+H=9464	 DONE
20/10/2025 18:23:59:	move motor	S18.auxiliary.Robot Diagonal to 48000.000000um	 DONE
20/10/2025 18:24:13:	2	count	time	60.000000s/cts	O Det=1612	H Det=3345	Mon Det=145872	Aux Det=22	O+H=4979	 DONE
20/10/2025 18:25:15:	move motor	S18.auxiliary.Robot Diagonal to 70000.000000um	 DONE
20/10/2025 18:25:30:	3	count	time	60.000000s/cts	O Det=1812	H Det=1619	Mon Det=146139	Aux Det=10829	O+H=14260	 DONE
20/10/2025 18:26:32:	close file and end scan	 DONE
20/10/2025 18:26:32:	move motor	S18.auxiliary.Robot Z to 207413.00000um	reached 207422.00000  DONE
call of robot_Zout_doubleCd.sc DONE
call of int_meas_path213.sc DONE
20/10/2025 18:26:40:	END OF SCRIPT	 DONE
