21/10/2025 14:54:04:	start execution of script D:\data\Cycle 198\exp_3-16-19\rawdata\sc\ifg_wv1_psi_+1-i-1_no_fit.sc	 DONE
21/10/2025 14:54:05:	create file	D:\data\Cycle 198\exp_3-16-19\rawdata\sc\ifg_wv1_psi_+1-i-1_no_fit_21Oct1454.dat	 DONE
room to enter remarks DONE
21/10/2025 14:54:06:	MOVE MOTOR REL	S18.axis2.phaseshifter 2	deg	-0.51958	FALSE DONE
21/10/2025 14:54:10:	1	count	time	30.0s/cts	O Det=1252	H Det=4342	Mon Det=73395	Aux Det=8899	O+H=14493	 DONE
21/10/2025 14:54:41:	MOVE MOTOR REL	S18.axis2.phaseshifter 2	deg	0.06495	FALSE DONE
21/10/2025 14:54:45:	2	count	time	30.0s/cts	O Det=1722	H Det=4056	Mon Det=73223	Aux Det=8798	O+H=14576	 DONE
21/10/2025 14:55:16:	MOVE MOTOR REL	S18.axis2.phaseshifter 2	deg	0.06495	FALSE DONE
21/10/2025 14:55:20:	3	count	time	30.0s/cts	O Det=2266	H Det=3460	Mon Det=73401	Aux Det=8900	O+H=14626	 DONE
21/10/2025 14:55:52:	MOVE MOTOR REL	S18.axis2.phaseshifter 2	deg	0.06495	FALSE DONE
21/10/2025 14:55:55:	4	count	time	30.0s/cts	O Det=2986	H Det=2869	Mon Det=73004	Aux Det=8841	O+H=14696	 DONE
21/10/2025 14:56:27:	MOVE MOTOR REL	S18.axis2.phaseshifter 2	deg	0.06495	FALSE DONE
21/10/2025 14:56:30:	5	count	time	30.0s/cts	O Det=3631	H Det=2312	Mon Det=73215	Aux Det=8999	O+H=14942	 DONE
21/10/2025 14:57:02:	MOVE MOTOR REL	S18.axis2.phaseshifter 2	deg	0.06495	FALSE DONE
21/10/2025 14:57:06:	6	count	time	30.0s/cts	O Det=4124	H Det=1983	Mon Det=73409	Aux Det=9051	O+H=15158	 DONE
21/10/2025 14:57:37:	MOVE MOTOR REL	S18.axis2.phaseshifter 2	deg	0.06495	FALSE DONE
21/10/2025 14:57:41:	7	count	time	30.0s/cts	O Det=3990	H Det=1865	Mon Det=73302	Aux Det=8847	O+H=14702	 DONE
21/10/2025 14:58:12:	MOVE MOTOR REL	S18.axis2.phaseshifter 2	deg	0.06495	FALSE DONE
21/10/2025 14:58:16:	8	count	time	30.0s/cts	O Det=3978	H Det=1989	Mon Det=72993	Aux Det=8878	O+H=14845	 DONE
21/10/2025 14:58:48:	MOVE MOTOR REL	S18.axis2.phaseshifter 2	deg	0.06495	FALSE DONE
21/10/2025 14:58:51:	9	count	time	30.0s/cts	O Det=3623	H Det=2399	Mon Det=72888	Aux Det=8834	O+H=14856	 DONE
21/10/2025 14:59:23:	MOVE MOTOR REL	S18.axis2.phaseshifter 2	deg	0.06495	FALSE DONE
21/10/2025 14:59:26:	10	count	time	30.0s/cts	O Det=3210	H Det=2705	Mon Det=73246	Aux Det=9001	O+H=14916	 DONE
21/10/2025 14:59:58:	MOVE MOTOR REL	S18.axis2.phaseshifter 2	deg	0.06495	FALSE DONE
21/10/2025 15:00:01:	11	count	time	30.0s/cts	O Det=2529	H Det=3268	Mon Det=73076	Aux Det=8892	O+H=14689	 DONE
21/10/2025 15:00:33:	MOVE MOTOR REL	S18.axis2.phaseshifter 2	deg	0.06495	FALSE DONE
21/10/2025 15:00:37:	12	count	time	30.0s/cts	O Det=1890	H Det=3803	Mon Det=73264	Aux Det=9023	O+H=14716	 DONE
21/10/2025 15:01:08:	MOVE MOTOR REL	S18.axis2.phaseshifter 2	deg	0.06495	FALSE DONE
21/10/2025 15:01:12:	13	count	time	30.0s/cts	O Det=1314	H Det=4444	Mon Det=73093	Aux Det=8955	O+H=14713	 DONE
21/10/2025 15:01:44:	MOVE MOTOR REL	S18.axis2.phaseshifter 2	deg	0.06495	FALSE DONE
21/10/2025 15:01:47:	14	count	time	30.0s/cts	O Det=907	H Det=4721	Mon Det=73439	Aux Det=8846	O+H=14474	 DONE
21/10/2025 15:02:19:	MOVE MOTOR REL	S18.axis2.phaseshifter 2	deg	0.06495	FALSE DONE
21/10/2025 15:02:22:	15	count	time	30.0s/cts	O Det=872	H Det=4761	Mon Det=73439	Aux Det=9008	O+H=14641	 DONE
21/10/2025 15:02:54:	MOVE MOTOR REL	S18.axis2.phaseshifter 2	deg	0.06495	FALSE DONE
21/10/2025 15:02:58:	16	count	time	30.0s/cts	O Det=948	H Det=4732	Mon Det=72695	Aux Det=8901	O+H=14581	 DONE
21/10/2025 15:03:29:	MOVE MOTOR REL	S18.axis2.phaseshifter 2	deg	0.06495	FALSE DONE
21/10/2025 15:03:33:	17	count	time	30.0s/cts	O Det=1416	H Det=4215	Mon Det=72797	Aux Det=8918	O+H=14549	 DONE
21/10/2025 15:04:04:	MOVE MOTOR REL	S18.axis2.phaseshifter 2	deg	0.06495	FALSE DONE
21/10/2025 15:04:08:	18	count	time	30.0s/cts	O Det=1838	H Det=3989	Mon Det=73299	Aux Det=8776	O+H=14603	 DONE
21/10/2025 15:04:40:	MOVE MOTOR REL	S18.axis2.phaseshifter 2	deg	0.06495	FALSE DONE
21/10/2025 15:04:43:	19	count	time	30.0s/cts	O Det=2327	H Det=3545	Mon Det=73531	Aux Det=8956	O+H=14828	 DONE
21/10/2025 15:05:15:	MOVE MOTOR REL	S18.axis2.phaseshifter 2	deg	0.06495	FALSE DONE
21/10/2025 15:05:18:	20	count	time	30.0s/cts	O Det=2968	H Det=2932	Mon Det=73338	Aux Det=8967	O+H=14867	 DONE
21/10/2025 15:05:50:	MOVE MOTOR REL	S18.axis2.phaseshifter 2	deg	0.06495	FALSE DONE
21/10/2025 15:05:54:	21	count	time	30.0s/cts	O Det=3522	H Det=2430	Mon Det=73466	Aux Det=8883	O+H=14835	 DONE
21/10/2025 15:06:25:	MOVE MOTOR REL	S18.axis2.phaseshifter 2	deg	0.06495	FALSE DONE
21/10/2025 15:06:29:	22	count	time	30.0s/cts	O Det=3842	H Det=1984	Mon Det=73670	Aux Det=8981	O+H=14807	 DONE
21/10/2025 15:07:00:	MOVE MOTOR REL	S18.axis2.phaseshifter 2	deg	0.06495	FALSE DONE
21/10/2025 15:07:04:	23	count	time	30.0s/cts	O Det=4223	H Det=1890	Mon Det=73305	Aux Det=8815	O+H=14928	 DONE
21/10/2025 15:07:36:	MOVE MOTOR REL	S18.axis2.phaseshifter 2	deg	0.06495	FALSE DONE
21/10/2025 15:07:39:	24	count	time	30.0s/cts	O Det=4064	H Det=1920	Mon Det=73670	Aux Det=8838	O+H=14822	 DONE
21/10/2025 15:08:11:	MOVE MOTOR REL	S18.axis2.phaseshifter 2	deg	0.06495	FALSESTOPPED BY USER	21/10/2025 15:08:14:	close file and end scan	 DONE
