21/10/2025 17:03:34:	start execution of script D:\data\Cycle 198\exp_3-16-19\rawdata\sc\ifg_wv3_psi_+exp(-i60)+1+exp(i120)_no_fit.sc	 DONE
21/10/2025 17:03:34:	create file	D:\data\Cycle 198\exp_3-16-19\rawdata\sc\ifg_wv3_psi_+exp(-i60)+1+exp(i120)_no_fit_21Oct1703.dat	 DONE
room to enter remarks DONE
21/10/2025 17:03:35:	MOVE MOTOR REL	S18.axis2.phaseshifter 1	deg	-0.51793	FALSE DONE
21/10/2025 17:03:39:	1	count	time	15.0s/cts	O Det=2529	H Det=1121	Mon Det=36895	Aux Det=3529	O+H=7179	 DONE
21/10/2025 17:03:55:	MOVE MOTOR REL	S18.axis2.phaseshifter 1	deg	0.06474	FALSE DONE
21/10/2025 17:03:59:	2	count	time	15.0s/cts	O Det=2495	H Det=1283	Mon Det=36398	Aux Det=2914	O+H=6692	 DONE
21/10/2025 17:04:16:	MOVE MOTOR REL	S18.axis2.phaseshifter 1	deg	0.06474	FALSE DONE
21/10/2025 17:04:19:	3	count	time	15.0s/cts	O Det=2678	H Det=1527	Mon Det=36753	Aux Det=2563	O+H=6768	 DONE
21/10/2025 17:04:36:	MOVE MOTOR REL	S18.axis2.phaseshifter 1	deg	0.06474	FALSE DONE
21/10/2025 17:04:39:	4	count	time	15.0s/cts	O Det=2492	H Det=1699	Mon Det=36668	Aux Det=2525	O+H=6716	 DONE
21/10/2025 17:04:56:	MOVE MOTOR REL	S18.axis2.phaseshifter 1	deg	0.06474	FALSE DONE
21/10/2025 17:05:00:	5	count	time	15.0s/cts	O Det=2299	H Det=1784	Mon Det=36635	Aux Det=2624	O+H=6707	 DONE
21/10/2025 17:05:16:	MOVE MOTOR REL	S18.axis2.phaseshifter 1	deg	0.06474	FALSE DONE
21/10/2025 17:05:20:	6	count	time	15.0s/cts	O Det=1816	H Det=1923	Mon Det=36705	Aux Det=3155	O+H=6894	 DONE
21/10/2025 17:05:36:	MOVE MOTOR REL	S18.axis2.phaseshifter 1	deg	0.06474	FALSE DONE
21/10/2025 17:05:40:	7	count	time	15.0s/cts	O Det=1485	H Det=1843	Mon Det=36756	Aux Det=3733	O+H=7061	 DONE
21/10/2025 17:05:57:	MOVE MOTOR REL	S18.axis2.phaseshifter 1	deg	0.06474	FALSE DONE
21/10/2025 17:06:00:	8	count	time	15.0s/cts	O Det=1031	H Det=1859	Mon Det=37037	Aux Det=4632	O+H=7522	 DONE
21/10/2025 17:06:17:	MOVE MOTOR REL	S18.axis2.phaseshifter 1	deg	0.06474	FALSE DONE
21/10/2025 17:06:20:	9	count	time	15.0s/cts	O Det=713	H Det=1620	Mon Det=36586	Aux Det=5379	O+H=7712	 DONE
21/10/2025 17:06:37:	MOVE MOTOR REL	S18.axis2.phaseshifter 1	deg	0.06474	FALSE DONE
21/10/2025 17:06:41:	10	count	time	15.0s/cts	O Det=697	H Det=1422	Mon Det=36922	Aux Det=6025	O+H=8144	 DONE
21/10/2025 17:06:57:	MOVE MOTOR REL	S18.axis2.phaseshifter 1	deg	0.06474	FALSE DONE
21/10/2025 17:07:01:	11	count	time	15.0s/cts	O Det=703	H Det=1261	Mon Det=37011	Aux Det=6308	O+H=8272	 DONE
21/10/2025 17:07:17:	MOVE MOTOR REL	S18.axis2.phaseshifter 1	deg	0.06474	FALSE DONE
21/10/2025 17:07:21:	12	count	time	15.0s/cts	O Det=855	H Det=1052	Mon Det=36714	Aux Det=6231	O+H=8138	 DONE
21/10/2025 17:07:38:	MOVE MOTOR REL	S18.axis2.phaseshifter 1	deg	0.06474	FALSE DONE
21/10/2025 17:07:41:	13	count	time	15.0s/cts	O Det=1218	H Det=995	Mon Det=36874	Aux Det=6097	O+H=8310	 DONE
21/10/2025 17:07:58:	MOVE MOTOR REL	S18.axis2.phaseshifter 1	deg	0.06474	FALSE DONE
21/10/2025 17:08:01:	14	count	time	15.0s/cts	O Det=1636	H Det=923	Mon Det=36546	Aux Det=5433	O+H=7992	 DONE
21/10/2025 17:08:18:	MOVE MOTOR REL	S18.axis2.phaseshifter 1	deg	0.06474	FALSE DONE
21/10/2025 17:08:22:	15	count	time	15.0s/cts	O Det=2040	H Det=905	Mon Det=36793	Aux Det=4774	O+H=7719	 DONE
21/10/2025 17:08:38:	MOVE MOTOR REL	S18.axis2.phaseshifter 1	deg	0.06474	FALSE DONE
21/10/2025 17:08:42:	16	count	time	15.0s/cts	O Det=2427	H Det=1067	Mon Det=36399	Aux Det=3883	O+H=7377	 DONE
21/10/2025 17:08:58:	MOVE MOTOR REL	S18.axis2.phaseshifter 1	deg	0.06474	FALSE DONE
21/10/2025 17:09:02:	17	count	time	15.0s/cts	O Det=2551	H Det=1131	Mon Det=36533	Aux Det=3379	O+H=7061	 DONE
21/10/2025 17:09:19:	MOVE MOTOR REL	S18.axis2.phaseshifter 1	deg	0.06474	FALSE DONE
21/10/2025 17:09:22:	18	count	time	15.0s/cts	O Det=2743	H Det=1367	Mon Det=36317	Aux Det=2870	O+H=6980	 DONE
21/10/2025 17:09:39:	MOVE MOTOR REL	S18.axis2.phaseshifter 1	deg	0.06474	FALSE DONE
21/10/2025 17:09:42:	19	count	time	15.0s/cts	O Det=2475	H Det=1594	Mon Det=36672	Aux Det=2637	O+H=6706	 DONE
21/10/2025 17:09:59:	MOVE MOTOR REL	S18.axis2.phaseshifter 1	deg	0.06474	FALSE DONE
21/10/2025 17:10:03:	20	count	time	15.0s/cts	O Det=2361	H Det=1817	Mon Det=36612	Aux Det=2605	O+H=6783	 DONE
21/10/2025 17:10:19:	MOVE MOTOR REL	S18.axis2.phaseshifter 1	deg	0.06474	FALSE DONE
21/10/2025 17:10:23:	21	count	time	15.0s/cts	O Det=2100	H Det=1901	Mon Det=36515	Aux Det=2759	O+H=6760	 DONE
21/10/2025 17:10:39:	MOVE MOTOR REL	S18.axis2.phaseshifter 1	deg	0.06474	FALSE DONE
21/10/2025 17:10:43:	22	count	time	15.0s/cts	O Det=1575	H Det=2014	Mon Det=36409	Aux Det=3342	O+H=6931	 DONE
21/10/2025 17:11:00:	MOVE MOTOR REL	S18.axis2.phaseshifter 1	deg	0.06474	FALSE DONE
21/10/2025 17:11:03:	23	count	time	15.0s/cts	O Det=1297	H Det=1969	Mon Det=36684	Aux Det=3978	O+H=7244	 DONE
21/10/2025 17:11:20:	MOVE MOTOR REL	S18.axis2.phaseshifter 1	deg	0.06474	FALSE DONE
21/10/2025 17:11:23:	24	count	time	15.0s/cts	O Det=960	H Det=1884	Mon Det=36752	Aux Det=4817	O+H=7661	 DONE
21/10/2025 17:11:40:	MOVE MOTOR REL	S18.axis2.phaseshifter 1	deg	0.06474	FALSE DONE
21/10/2025 17:11:44:	25	count	time	15.0s/cts	O Det=757	H Det=1623	Mon Det=36485	Aux Det=5371	O+H=7751	 DONE
21/10/2025 17:12:00:	MOVE MOTOR REL	S18.axis2.phaseshifter 1	deg	0.06474	FALSE DONE
21/10/2025 17:12:04:	26	count	time	15.0s/cts	O Det=656	H Det=1463	Mon Det=36649	Aux Det=5912	O+H=8031	 DONE
21/10/2025 17:12:20:	MOVE MOTOR REL	S18.axis2.phaseshifter 1	deg	0.06474	FALSE DONE
21/10/2025 17:12:24:	27	count	time	15.0s/cts	O Det=707	H Det=1299	Mon Det=36757	Aux Det=6178	O+H=8184	 DONE
21/10/2025 17:12:41:	MOVE MOTOR REL	S18.axis2.phaseshifter 1	deg	0.06474	FALSE DONE
21/10/2025 17:12:44:	28	count	time	15.0s/cts	O Det=812	H Det=1127	Mon Det=36649	Aux Det=6258	O+H=8197	 DONE
21/10/2025 17:13:01:	MOVE MOTOR REL	S18.axis2.phaseshifter 1	deg	0.06474	FALSE DONE
21/10/2025 17:13:04:	29	count	time	15.0s/cts	O Det=1078	H Det=960	Mon Det=36839	Aux Det=6107	O+H=8145	 DONE
21/10/2025 17:13:21:	MOVE MOTOR REL	S18.axis2.phaseshifter 1	deg	0.06474	FALSE DONE
21/10/2025 17:13:25:	30	count	time	15.0s/cts	O Det=1447	H Det=891	Mon Det=36714	Aux Det=5714	O+H=8052	 DONE
21/10/2025 17:13:41:	MOVE MOTOR REL	S18.axis2.phaseshifter 1	deg	0.06474	FALSE DONE
21/10/2025 17:13:45:	31	count	time	15.0s/cts	O Det=1762	H Det=860	Mon Det=36815	Aux Det=5194	O+H=7816	 DONE
21/10/2025 17:14:01:	MOVE MOTOR REL	S18.axis2.phaseshifter 1	deg	0.06474	FALSE DONE
21/10/2025 17:14:05:	32	count	time	15.0s/cts	O Det=2059	H Det=964	Mon Det=36646	Aux Det=4433	O+H=7456	 DONE
21/10/2025 17:14:22:	MOVE MOTOR REL	S18.axis2.phaseshifter 1	deg	0.06474	FALSE DONE
21/10/2025 17:14:25:	33	count	time	15.0s/cts	O Det=2586	H Det=1078	Mon Det=36584	Aux Det=3810	O+H=7474	 DONE
21/10/2025 17:14:42:	MOVE MOTOR REL	S18.axis2.phaseshifter 1	deg	0.06474	FALSE DONE
21/10/2025 17:14:45:	34	count	time	15.0s/cts	O Det=2658	H Det=1203	Mon Det=36994	Aux Det=3024	O+H=6885	 DONE
21/10/2025 17:15:02:	MOVE MOTOR REL	S18.axis2.phaseshifter 1	deg	0.06474	FALSE DONE
21/10/2025 17:15:06:	35	count	time	15.0s/cts	O Det=2594	H Det=1383	Mon Det=36671	Aux Det=2801	O+H=6778	 DONE
21/10/2025 17:15:22:	MOVE MOTOR REL	S18.axis2.phaseshifter 1	deg	0.06474	FALSE DONE
21/10/2025 17:15:26:	36	count	time	15.0s/cts	O Det=2545	H Det=1635	Mon Det=36769	Aux Det=2654	O+H=6834	 DONE
21/10/2025 17:15:42:	MOVE MOTOR REL	S18.axis2.phaseshifter 1	deg	0.06474	FALSE DONE
21/10/2025 17:15:46:	37	count	time	15.0s/cts	O Det=2337	H Det=1829	Mon Det=36696	Aux Det=2730	O+H=6896	 DONE
21/10/2025 17:16:03:	MOVE MOTOR REL	S18.axis2.phaseshifter 1	deg	0.06474	FALSE DONE
21/10/2025 17:16:06:	38	count	time	15.0s/cts	O Det=1909	H Det=1935	Mon Det=36497	Aux Det=3166	O+H=7010	 DONE
21/10/2025 17:16:23:	MOVE MOTOR REL	S18.axis2.phaseshifter 1	deg	0.06474	FALSE DONE
21/10/2025 17:16:26:	39	count	time	15.0s/cts	O Det=1572	H Det=1959	Mon Det=36535	Aux Det=3648	O+H=7179	 DONE
21/10/2025 17:16:43:	MOVE MOTOR REL	S18.axis2.phaseshifter 1	deg	0.06474	FALSE DONE
21/10/2025 17:16:47:	40	count	time	15.0s/cts	O Det=1229	H Det=1903	Mon Det=36554	Aux Det=4284	O+H=7416	 DONE
21/10/2025 17:17:03:	MOVE MOTOR REL	S18.axis2.phaseshifter 1	deg	0.06474	FALSE DONE
21/10/2025 17:17:07:	41	count	time	15.0s/cts	O Det=854	H Det=1753	Mon Det=37073	Aux Det=5188	O+H=7795	 DONE
21/10/2025 17:17:23:	MOVE MOTOR REL	S18.axis2.phaseshifter 1	deg	0.06474	FALSE DONE
21/10/2025 17:17:27:	42	count	time	15.0s/cts	O Det=648	H Det=1572	Mon Det=36670	Aux Det=5526	O+H=7746	 DONE
21/10/2025 17:17:44:	MOVE MOTOR REL	S18.axis2.phaseshifter 1	deg	0.06474	FALSE DONE
21/10/2025 17:17:47:	43	count	time	15.0s/cts	O Det=653	H Det=1358	Mon Det=36644	Aux Det=6192	O+H=8203	 DONE
21/10/2025 17:18:04:	MOVE MOTOR REL	S18.axis2.phaseshifter 1	deg	0.06474	FALSE DONE
21/10/2025 17:18:07:	44	count	time	15.0s/cts	O Det=806	H Det=1132	Mon Det=36434	Aux Det=6297	O+H=8235	 DONE
21/10/2025 17:18:24:	MOVE MOTOR REL	S18.axis2.phaseshifter 1	deg	0.06474	FALSE DONE
21/10/2025 17:18:28:	45	count	time	15.0s/cts	O Det=1113	H Det=967	Mon Det=36724	Aux Det=6205	O+H=8285	 DONE
21/10/2025 17:18:44:	MOVE MOTOR REL	S18.axis2.phaseshifter 1	deg	0.06474	FALSE DONE
21/10/2025 17:18:48:	46	count	time	15.0s/cts	O Det=1373	H Det=914	Mon Det=36622	Aux Det=5802	O+H=8089	 DONE
21/10/2025 17:19:04:	MOVE MOTOR REL	S18.axis2.phaseshifter 1	deg	0.06474	FALSE DONE
21/10/2025 17:19:08:	47	count	time	15.0s/cts	O Det=1809	H Det=939	Mon Det=36687	Aux Det=5142	O+H=7890	 DONE
21/10/2025 17:19:25:	MOVE MOTOR REL	S18.axis2.phaseshifter 1	deg	0.06474	FALSE DONE
21/10/2025 17:19:28:	48	count	time	15.0s/cts	O Det=2150	H Det=945	Mon Det=36648	Aux Det=4490	O+H=7585	 DONE
21/10/2025 17:19:45:	MOVE MOTOR REL	S18.axis2.phaseshifter 1	deg	0.06474	FALSE DONE
21/10/2025 17:19:48:	49	count	time	15.0s/cts	O Det=2379	H Det=1013	Mon Det=36637	Aux Det=3941	O+H=7333	 DONE
21/10/2025 17:20:05:	MOVE MOTOR REL	S18.axis2.phaseshifter 1	deg	0.06474	FALSE DONE
21/10/2025 17:20:09:	50	count	time	15.0s/cts	O Det=2631	H Det=1145	Mon Det=36709	Aux Det=3261	O+H=7037	 DONE
21/10/2025 17:20:25:	MOVE MOTOR REL	S18.axis2.phaseshifter 1	deg	0.06474	FALSE DONE
21/10/2025 17:20:29:	51	count	time	15.0s/cts	O Det=2734	H Det=1397	Mon Det=37023	Aux Det=2884	O+H=7015	 DONE
21/10/2025 17:20:45:	MOVE MOTOR REL	S18.axis2.phaseshifter 1	deg	0.06474	FALSE DONE
21/10/2025 17:20:49:	52	count	time	15.0s/cts	O Det=2552	H Det=1653	Mon Det=36998	Aux Det=2550	O+H=6755	 DONE
21/10/2025 17:21:06:	MOVE MOTOR REL	S18.axis2.phaseshifter 1	deg	0.06474	FALSE DONE
21/10/2025 17:21:09:	53	count	time	15.0s/cts	O Det=2295	H Det=1725	Mon Det=36917	Aux Det=2601	O+H=6621	 DONE
21/10/2025 17:21:26:	MOVE MOTOR REL	S18.axis2.phaseshifter 1	deg	0.06474	FALSE DONE
21/10/2025 17:21:29:	54	count	time	15.0s/cts	O Det=1928	H Det=1898	Mon Det=36949	Aux Det=3066	O+H=6892	 DONE
21/10/2025 17:21:46:	MOVE MOTOR REL	S18.axis2.phaseshifter 1	deg	0.06474	FALSE DONE
21/10/2025 17:21:50:	55	count	time	15.0s/cts	O Det=1692	H Det=2072	Mon Det=36553	Aux Det=3438	O+H=7202	 DONE
21/10/2025 17:22:06:	MOVE MOTOR REL	S18.axis2.phaseshifter 1	deg	0.06474	FALSE DONE
21/10/2025 17:22:10:	56	count	time	15.0s/cts	O Det=1260	H Det=1965	Mon Det=36546	Aux Det=3923	O+H=7148	 DONE
21/10/2025 17:22:26:	MOVE MOTOR REL	S18.axis2.phaseshifter 1	deg	0.06474	FALSE DONE
21/10/2025 17:22:30:	57	count	time	15.0s/cts	O Det=946	H Det=1886	Mon Det=36700	Aux Det=4703	O+H=7535	 DONE
21/10/2025 17:22:47:	MOVE MOTOR REL	S18.axis2.phaseshifter 1	deg	0.06474	FALSE DONE
21/10/2025 17:22:50:	58	count	time	15.0s/cts	O Det=746	H Det=1721	Mon Det=36515	Aux Det=5416	O+H=7883	 DONE
21/10/2025 17:23:07:	MOVE MOTOR REL	S18.axis2.phaseshifter 1	deg	0.06474	FALSE DONE
21/10/2025 17:23:10:	59	count	time	15.0s/cts	O Det=633	H Det=1475	Mon Det=36666	Aux Det=5960	O+H=8068	 DONE
21/10/2025 17:23:27:	MOVE MOTOR REL	S18.axis2.phaseshifter 1	deg	0.06474	FALSE DONE
21/10/2025 17:23:31:	60	count	time	15.0s/cts	O Det=712	H Det=1275	Mon Det=36926	Aux Det=6374	O+H=8361	 DONE
21/10/2025 17:23:47:	MOVE MOTOR REL	S18.axis2.phaseshifter 1	deg	0.06474	FALSE DONE
21/10/2025 17:23:51:	61	count	time	15.0s/cts	O Det=894	H Det=1046	Mon Det=36632	Aux Det=6207	O+H=8147	 DONE
21/10/2025 17:24:07:	MOVE MOTOR REL	S18.axis2.phaseshifter 1	deg	0.06474	FALSE DONE
21/10/2025 17:24:11:	62	count	time	15.0s/cts	O Det=1246	H Det=963	Mon Det=37010	Aux Det=6060	O+H=8269	 DONE
21/10/2025 17:24:28:	MOVE MOTOR REL	S18.axis2.phaseshifter 1	deg	0.06474	FALSE DONE
21/10/2025 17:24:31:	63	count	time	15.0s/cts	O Det=1618	H Det=895	Mon Det=36721	Aux Det=5414	O+H=7927	 DONE
21/10/2025 17:24:48:	MOVE MOTOR REL	S18.axis2.phaseshifter 1	deg	0.06474	FALSE DONE
21/10/2025 17:24:51:	64	count	time	15.0s/cts	O Det=2059	H Det=926	Mon Det=36704	Aux Det=4723	O+H=7708	 DONE
21/10/2025 17:25:08:	close file and end scan	 DONE
call of ifg1r_newPS_2p30s_no_fit.sc DONE
21/10/2025 17:25:09:	move motor	S18.auxiliary.Robot Z to 207413.00000um	reached 207407.00000  DONE
call of robot_Zout_doubleCd.sc DONE
21/10/2025 17:25:12:	move motor	S18.auxiliary.Robot rot big to 90.00000deg	reached 90.00000  DONE
21/10/2025 17:25:14:	move motor	S18.auxiliary.Robot Diagonal to 26000.00000um	reached 25997.79402  DONE
21/10/2025 17:25:38:	move motor	S18.auxiliary.Robot Z to 207413.00000um	reached 207412.00000  DONE
call of robot_Zout_doubleCd.sc DONE
21/10/2025 17:25:41:	move motor	S18.auxiliary.Robot rot big to 90.00000deg	reached 90.00000  DONE
21/10/2025 17:25:44:	move motor	S18.auxiliary.Robot Z to 292012.00000um	reached 292008.00000  DONE
call of robot_Zin_doubleCd.sc DONE
call of Block_path13_doubleCd.sc DONE
21/10/2025 17:25:52:	move motor	S18.auxiliary.Robot Diagonal to 25999.900000um	 DONE
21/10/2025 17:25:58:	create file	D:\data\Cycle 198\exp_3-16-19\rawdata\sc\ifg_wv3_psi_+exp(-i60)+1+exp(i120)_no_fit_21Oct1725.dat	 DONE
room to enter remarks DONE
21/10/2025 17:25:59:	move motor	S18.auxiliary.Robot Diagonal to 26000.000000um	 DONE
21/10/2025 17:26:05:	1	count	time	60.000000s/cts	O Det=1734	H Det=1852	Mon Det=147435	Aux Det=5908	O+H=9494	 DONE
21/10/2025 17:27:07:	move motor	S18.auxiliary.Robot Diagonal to 48000.000000um	 DONE
21/10/2025 17:27:21:	2	count	time	60.000000s/cts	O Det=1751	H Det=3105	Mon Det=146644	Aux Det=28	O+H=4884	 DONE
21/10/2025 17:28:23:	move motor	S18.auxiliary.Robot Diagonal to 70000.000000um	 DONE
21/10/2025 17:28:38:	3	count	time	60.000000s/cts	O Det=1802	H Det=1719	Mon Det=146272	Aux Det=11798	O+H=15319	 DONE
21/10/2025 17:29:40:	close file and end scan	 DONE
21/10/2025 17:29:40:	move motor	S18.auxiliary.Robot Z to 207413.00000um	reached 207403.00000  DONE
call of robot_Zout_doubleCd.sc DONE
call of int_meas_path213.sc DONE
21/10/2025 17:29:48:	END OF SCRIPT	 DONE
