19/10/2025 19:41:17:	start execution of script D:\data\Cycle 198\exp_3-16-19\rawdata\sc\ifg_wv2_psi_+1+1+1.sc	 DONE
19/10/2025 19:41:17:	create file	D:\data\Cycle 198\exp_3-16-19\rawdata\sc\ifg_wv2_psi_+1+1+1_19Oct1941.dat	 DONE
room to enter remarks DONE
19/10/2025 19:41:18:	MOVE MOTOR REL	S18.axis2.phaseshifter both	deg	0.0	FALSE DONE
19/10/2025 19:41:22:	1	count	time	30.0s/cts	O Det=6261	H Det=2204	Mon Det=72935	Aux Det=5237	O+H=13702	 DONE
19/10/2025 19:41:54:	MOVE MOTOR REL	S18.axis2.phaseshifter both	deg	0.07	FALSE DONE
19/10/2025 19:41:59:	2	count	time	30.0s/cts	O Det=6087	H Det=2351	Mon Det=72589	Aux Det=5487	O+H=13925	 DONE
19/10/2025 19:42:30:	MOVE MOTOR REL	S18.axis2.phaseshifter both	deg	0.07	FALSE DONE
19/10/2025 19:42:35:	3	count	time	30.0s/cts	O Det=5598	H Det=2409	Mon Det=72454	Aux Det=6007	O+H=14014	 DONE
19/10/2025 19:43:07:	MOVE MOTOR REL	S18.axis2.phaseshifter both	deg	0.07	FALSE DONE
19/10/2025 19:43:12:	4	count	time	30.0s/cts	O Det=4889	H Det=2380	Mon Det=72785	Aux Det=6904	O+H=14173	 DONE
19/10/2025 19:43:43:	MOVE MOTOR REL	S18.axis2.phaseshifter both	deg	0.07	FALSE DONE
19/10/2025 19:43:48:	5	count	time	30.0s/cts	O Det=3954	H Det=2365	Mon Det=71971	Aux Det=8921	O+H=15240	 DONE
19/10/2025 19:44:20:	MOVE MOTOR REL	S18.axis2.phaseshifter both	deg	0.07	FALSE DONE
19/10/2025 19:44:24:	6	count	time	30.0s/cts	O Det=2979	H Det=2355	Mon Det=72986	Aux Det=10487	O+H=15821	 DONE
19/10/2025 19:44:56:	MOVE MOTOR REL	S18.axis2.phaseshifter both	deg	0.07	FALSE DONE
19/10/2025 19:45:01:	7	count	time	30.0s/cts	O Det=2332	H Det=2317	Mon Det=72747	Aux Det=11648	O+H=16297	 DONE
19/10/2025 19:45:32:	MOVE MOTOR REL	S18.axis2.phaseshifter both	deg	0.07	FALSE DONE
19/10/2025 19:45:37:	8	count	time	30.0s/cts	O Det=1725	H Det=2391	Mon Det=72481	Aux Det=12362	O+H=16478	 DONE
19/10/2025 19:46:09:	MOVE MOTOR REL	S18.axis2.phaseshifter both	deg	0.07	FALSE DONE
19/10/2025 19:46:13:	9	count	time	30.0s/cts	O Det=1726	H Det=2284	Mon Det=72265	Aux Det=12640	O+H=16650	 DONE
19/10/2025 19:46:45:	MOVE MOTOR REL	S18.axis2.phaseshifter both	deg	0.07	FALSE DONE
19/10/2025 19:46:50:	10	count	time	30.0s/cts	O Det=1815	H Det=2195	Mon Det=72429	Aux Det=12398	O+H=16408	 DONE
19/10/2025 19:47:21:	MOVE MOTOR REL	S18.axis2.phaseshifter both	deg	0.07	FALSE DONE
19/10/2025 19:47:26:	11	count	time	30.0s/cts	O Det=2446	H Det=2226	Mon Det=72225	Aux Det=11512	O+H=16184	 DONE
19/10/2025 19:47:58:	MOVE MOTOR REL	S18.axis2.phaseshifter both	deg	0.07	FALSE DONE
19/10/2025 19:48:02:	12	count	time	30.0s/cts	O Det=3278	H Det=2177	Mon Det=72412	Aux Det=10326	O+H=15781	 DONE
19/10/2025 19:48:34:	MOVE MOTOR REL	S18.axis2.phaseshifter both	deg	0.07	FALSE DONE
19/10/2025 19:48:39:	13	count	time	30.0s/cts	O Det=4187	H Det=2142	Mon Det=72426	Aux Det=8790	O+H=15119	 DONE
19/10/2025 19:49:10:	MOVE MOTOR REL	S18.axis2.phaseshifter both	deg	0.07	FALSE DONE
19/10/2025 19:49:15:	14	count	time	30.0s/cts	O Det=4890	H Det=2238	Mon Det=72039	Aux Det=7235	O+H=14363	 DONE
19/10/2025 19:49:47:	MOVE MOTOR REL	S18.axis2.phaseshifter both	deg	0.07	FALSE DONE
19/10/2025 19:49:51:	15	count	time	30.0s/cts	O Det=5784	H Det=2136	Mon Det=72284	Aux Det=6094	O+H=14014	 DONE
19/10/2025 19:50:23:	MOVE MOTOR REL	S18.axis2.phaseshifter both	deg	0.07	FALSE DONE
19/10/2025 19:50:28:	16	count	time	30.0s/cts	O Det=6057	H Det=2347	Mon Det=72637	Aux Det=5495	O+H=13899	 DONE
19/10/2025 19:51:00:	MOVE MOTOR REL	S18.axis2.phaseshifter both	deg	0.07	FALSE DONE
19/10/2025 19:51:04:	17	count	time	30.0s/cts	O Det=6368	H Det=2340	Mon Det=72261	Aux Det=5107	O+H=13815	 DONE
19/10/2025 19:51:36:	MOVE MOTOR REL	S18.axis2.phaseshifter both	deg	0.07	FALSE DONE
19/10/2025 19:51:41:	18	count	time	30.0s/cts	O Det=6112	H Det=2371	Mon Det=72231	Aux Det=5412	O+H=13895	 DONE
19/10/2025 19:52:12:	MOVE MOTOR REL	S18.axis2.phaseshifter both	deg	0.07	FALSE DONE
19/10/2025 19:52:17:	19	count	time	30.0s/cts	O Det=5369	H Det=2495	Mon Det=72325	Aux Det=6188	O+H=14052	 DONE
19/10/2025 19:52:49:	MOVE MOTOR REL	S18.axis2.phaseshifter both	deg	0.07	FALSE DONE
19/10/2025 19:52:53:	20	count	time	30.0s/cts	O Det=4808	H Det=2485	Mon Det=72137	Aux Det=7454	O+H=14747	 DONE
19/10/2025 19:53:25:	MOVE MOTOR REL	S18.axis2.phaseshifter both	deg	0.07	FALSE DONE
19/10/2025 19:53:30:	21	count	time	30.0s/cts	O Det=3833	H Det=2390	Mon Det=73011	Aux Det=8796	O+H=15019	 DONE
19/10/2025 19:54:01:	MOVE MOTOR REL	S18.axis2.phaseshifter both	deg	0.07	FALSE DONE
19/10/2025 19:54:06:	22	count	time	30.0s/cts	O Det=2906	H Det=2471	Mon Det=72230	Aux Det=10486	O+H=15863	 DONE
19/10/2025 19:54:38:	MOVE MOTOR REL	S18.axis2.phaseshifter both	deg	0.07	FALSE DONE
19/10/2025 19:54:42:	23	count	time	30.0s/cts	O Det=2326	H Det=2246	Mon Det=72401	Aux Det=11885	O+H=16457	 DONE
19/10/2025 19:55:14:	MOVE MOTOR REL	S18.axis2.phaseshifter both	deg	0.07	FALSE DONE
19/10/2025 19:55:19:	24	count	time	30.0s/cts	O Det=1811	H Det=2260	Mon Det=72560	Aux Det=12308	O+H=16379	 DONE
19/10/2025 19:55:51:	MOVE MOTOR REL	S18.axis2.phaseshifter both	deg	0.07	FALSE DONE
19/10/2025 19:55:55:	25	count	time	30.0s/cts	O Det=1752	H Det=2179	Mon Det=72954	Aux Det=12774	O+H=16705	 DONE
19/10/2025 19:56:27:	MOVE MOTOR REL	S18.axis2.phaseshifter both	deg	0.07	FALSE DONE
19/10/2025 19:56:32:	26	count	time	30.0s/cts	O Det=1945	H Det=2310	Mon Det=72397	Aux Det=12007	O+H=16262	 DONE
19/10/2025 19:57:03:	MOVE MOTOR REL	S18.axis2.phaseshifter both	deg	0.07	FALSE DONE
19/10/2025 19:57:08:	27	count	time	30.0s/cts	O Det=2523	H Det=2170	Mon Det=72953	Aux Det=11408	O+H=16101	 DONE
19/10/2025 19:57:40:	MOVE MOTOR REL	S18.axis2.phaseshifter both	deg	0.07	FALSE DONE
19/10/2025 19:57:44:	28	count	time	30.0s/cts	O Det=3199	H Det=2328	Mon Det=72805	Aux Det=10077	O+H=15604	 DONE
19/10/2025 19:58:16:	MOVE MOTOR REL	S18.axis2.phaseshifter both	deg	0.07	FALSE DONE
19/10/2025 19:58:21:	29	count	time	30.0s/cts	O Det=4052	H Det=2300	Mon Det=73026	Aux Det=8676	O+H=15028	 DONE
19/10/2025 19:58:52:	MOVE MOTOR REL	S18.axis2.phaseshifter both	deg	0.07	FALSE DONE
19/10/2025 19:58:57:	30	count	time	30.0s/cts	O Det=4941	H Det=2237	Mon Det=72962	Aux Det=7391	O+H=14569	 DONE
19/10/2025 19:59:29:	MOVE MOTOR REL	S18.axis2.phaseshifter both	deg	0.07	FALSE DONE
19/10/2025 19:59:33:	31	count	time	30.0s/cts	O Det=5680	H Det=2211	Mon Det=72346	Aux Det=5975	O+H=13866	 DONE
19/10/2025 20:00:05:	MOVE MOTOR REL	S18.axis2.phaseshifter both	deg	0.07	FALSE DONE
19/10/2025 20:00:10:	32	count	time	30.0s/cts	O Det=6215	H Det=2305	Mon Det=73065	Aux Det=5394	O+H=13914	 DONE
19/10/2025 20:00:41:	NO ACTION	 DONE
19/10/2025 20:00:42:	close file and end scan	 DONE
call of ifg12r_newPS_2p30s_AP.sc DONE
19/10/2025 20:00:43:	move motor	S18.axis2.phaseshifter both to fit O COS-450	-1.188039reached -1.18652  DONE
call of ifg12R_newPS_2p30s_0_+1+1+1_wv2.sc DONE
19/10/2025 20:00:50:	create file	D:\data\Cycle 198\exp_3-16-19\rawdata\sc\ifg_wv2_psi_+1+1+1_19Oct2000.dat	 DONE
room to enter remarks DONE
19/10/2025 20:00:51:	MOVE MOTOR REL	S18.axis2.phaseshifter both	deg	0.0	FALSE DONE
19/10/2025 20:00:55:	1	count	time	30.0s/cts	O Det=3922	H Det=2272	Mon Det=72370	Aux Det=9183	O+H=15377	 DONE
19/10/2025 20:01:26:	MOVE MOTOR REL	S18.axis2.phaseshifter both	deg	0.07	FALSE DONE
19/10/2025 20:01:31:	2	count	time	30.0s/cts	O Det=4802	H Det=2265	Mon Det=72575	Aux Det=7605	O+H=14672	 DONE
19/10/2025 20:02:03:	MOVE MOTOR REL	S18.axis2.phaseshifter both	deg	0.07	FALSE DONE
19/10/2025 20:02:07:	3	count	time	30.0s/cts	O Det=5546	H Det=2321	Mon Det=73512	Aux Det=6382	O+H=14249	 DONE
19/10/2025 20:02:39:	MOVE MOTOR REL	S18.axis2.phaseshifter both	deg	0.07	FALSE DONE
19/10/2025 20:02:44:	4	count	time	30.0s/cts	O Det=6014	H Det=2308	Mon Det=73179	Aux Det=5360	O+H=13682	 DONE
19/10/2025 20:03:15:	MOVE MOTOR REL	S18.axis2.phaseshifter both	deg	0.07	FALSE DONE
19/10/2025 20:03:20:	5	count	time	30.0s/cts	O Det=6229	H Det=2284	Mon Det=73227	Aux Det=5223	O+H=13736	 DONE
19/10/2025 20:03:52:	MOVE MOTOR REL	S18.axis2.phaseshifter both	deg	0.07	FALSE DONE
19/10/2025 20:03:56:	6	count	time	30.0s/cts	O Det=6191	H Det=2293	Mon Det=72961	Aux Det=5250	O+H=13734	 DONE
19/10/2025 20:04:28:	MOVE MOTOR REL	S18.axis2.phaseshifter both	deg	0.07	FALSE DONE
19/10/2025 20:04:33:	7	count	time	30.0s/cts	O Det=5558	H Det=2453	Mon Det=72412	Aux Det=6132	O+H=14143	 DONE
19/10/2025 20:05:04:	MOVE MOTOR REL	S18.axis2.phaseshifter both	deg	0.07	FALSE DONE
19/10/2025 20:05:09:	8	count	time	30.0s/cts	O Det=5039	H Det=2403	Mon Det=72549	Aux Det=6974	O+H=14416	 DONE
19/10/2025 20:05:41:	MOVE MOTOR REL	S18.axis2.phaseshifter both	deg	0.07	FALSE DONE
19/10/2025 20:05:46:	9	count	time	30.0s/cts	O Det=4013	H Det=2636	Mon Det=72390	Aux Det=8230	O+H=14879	 DONE
19/10/2025 20:06:17:	MOVE MOTOR REL	S18.axis2.phaseshifter both	deg	0.07	FALSE DONE
19/10/2025 20:06:22:	10	count	time	30.0s/cts	O Det=3195	H Det=2377	Mon Det=72562	Aux Det=9992	O+H=15564	 DONE
19/10/2025 20:06:54:	MOVE MOTOR REL	S18.axis2.phaseshifter both	deg	0.07	FALSE DONE
19/10/2025 20:06:58:	11	count	time	30.0s/cts	O Det=2416	H Det=2448	Mon Det=72529	Aux Det=11322	O+H=16186	 DONE
19/10/2025 20:07:30:	MOVE MOTOR REL	S18.axis2.phaseshifter both	deg	0.07	FALSE DONE
19/10/2025 20:07:35:	12	count	time	30.0s/cts	O Det=1873	H Det=2318	Mon Det=72601	Aux Det=12198	O+H=16389	 DONE
19/10/2025 20:08:07:	MOVE MOTOR REL	S18.axis2.phaseshifter both	deg	0.07	FALSE DONE
19/10/2025 20:08:11:	13	count	time	30.0s/cts	O Det=1767	H Det=2201	Mon Det=72762	Aux Det=12563	O+H=16531	 DONE
19/10/2025 20:08:43:	MOVE MOTOR REL	S18.axis2.phaseshifter both	deg	0.07	FALSE DONE
19/10/2025 20:08:48:	14	count	time	30.0s/cts	O Det=1770	H Det=2314	Mon Det=73137	Aux Det=12508	O+H=16592	 DONE
19/10/2025 20:09:19:	MOVE MOTOR REL	S18.axis2.phaseshifter both	deg	0.07	FALSE DONE
19/10/2025 20:09:24:	15	count	time	30.0s/cts	O Det=2292	H Det=2233	Mon Det=72786	Aux Det=11754	O+H=16279	 DONE
19/10/2025 20:09:56:	MOVE MOTOR REL	S18.axis2.phaseshifter both	deg	0.07	FALSE DONE
19/10/2025 20:10:00:	16	count	time	30.0s/cts	O Det=2917	H Det=2238	Mon Det=72775	Aux Det=10832	O+H=15987	 DONE
19/10/2025 20:10:32:	MOVE MOTOR REL	S18.axis2.phaseshifter both	deg	0.07	FALSE DONE
19/10/2025 20:10:37:	17	count	time	30.0s/cts	O Det=3742	H Det=2249	Mon Det=72845	Aux Det=9543	O+H=15534	 DONE
19/10/2025 20:11:08:	MOVE MOTOR REL	S18.axis2.phaseshifter both	deg	0.07	FALSE DONE
19/10/2025 20:11:13:	18	count	time	30.0s/cts	O Det=4532	H Det=2299	Mon Det=72623	Aux Det=8141	O+H=14972	 DONE
19/10/2025 20:11:45:	MOVE MOTOR REL	S18.axis2.phaseshifter both	deg	0.07	FALSE DONE
19/10/2025 20:11:49:	19	count	time	30.0s/cts	O Det=5308	H Det=2247	Mon Det=72408	Aux Det=6836	O+H=14391	 DONE
19/10/2025 20:12:21:	MOVE MOTOR REL	S18.axis2.phaseshifter both	deg	0.07	FALSE DONE
19/10/2025 20:12:26:	20	count	time	30.0s/cts	O Det=5809	H Det=2360	Mon Det=72562	Aux Det=5749	O+H=13918	 DONE
19/10/2025 20:12:57:	MOVE MOTOR REL	S18.axis2.phaseshifter both	deg	0.07	FALSE DONE
19/10/2025 20:13:02:	21	count	time	30.0s/cts	O Det=6284	H Det=2220	Mon Det=72288	Aux Det=5127	O+H=13631	 DONE
19/10/2025 20:13:34:	MOVE MOTOR REL	S18.axis2.phaseshifter both	deg	0.07	FALSE DONE
19/10/2025 20:13:38:	22	count	time	30.0s/cts	O Det=6125	H Det=2362	Mon Det=72651	Aux Det=5029	O+H=13516	 DONE
19/10/2025 20:14:10:	MOVE MOTOR REL	S18.axis2.phaseshifter both	deg	0.07	FALSE DONE
19/10/2025 20:14:15:	23	count	time	30.0s/cts	O Det=5694	H Det=2569	Mon Det=72549	Aux Det=5610	O+H=13873	 DONE
19/10/2025 20:14:46:	MOVE MOTOR REL	S18.axis2.phaseshifter both	deg	0.07	FALSE DONE
19/10/2025 20:14:51:	24	count	time	30.0s/cts	O Det=4974	H Det=2670	Mon Det=72190	Aux Det=6587	O+H=14231	 DONE
19/10/2025 20:15:23:	MOVE MOTOR REL	S18.axis2.phaseshifter both	deg	0.07	FALSE DONE
19/10/2025 20:15:27:	25	count	time	30.0s/cts	O Det=4082	H Det=2767	Mon Det=73001	Aux Det=7882	O+H=14731	 DONE
19/10/2025 20:15:59:	MOVE MOTOR REL	S18.axis2.phaseshifter both	deg	0.07	FALSE DONE
19/10/2025 20:16:04:	26	count	time	30.0s/cts	O Det=3082	H Det=2824	Mon Det=72633	Aux Det=9339	O+H=15245	 DONE
19/10/2025 20:16:35:	MOVE MOTOR REL	S18.axis2.phaseshifter both	deg	0.07	FALSE DONE
19/10/2025 20:16:40:	27	count	time	30.0s/cts	O Det=2464	H Det=2618	Mon Det=73250	Aux Det=10747	O+H=15829	 DONE
19/10/2025 20:17:12:	MOVE MOTOR REL	S18.axis2.phaseshifter both	deg	0.07	FALSE DONE
19/10/2025 20:17:16:	28	count	time	30.0s/cts	O Det=1925	H Det=2450	Mon Det=72733	Aux Det=11885	O+H=16260	 DONE
19/10/2025 20:17:48:	MOVE MOTOR REL	S18.axis2.phaseshifter both	deg	0.07	FALSE DONE
19/10/2025 20:17:53:	29	count	time	30.0s/cts	O Det=1627	H Det=2404	Mon Det=72844	Aux Det=12389	O+H=16420	 DONE
19/10/2025 20:18:25:	MOVE MOTOR REL	S18.axis2.phaseshifter both	deg	0.07	FALSE DONE
19/10/2025 20:18:29:	30	count	time	30.0s/cts	O Det=1727	H Det=2213	Mon Det=72744	Aux Det=12579	O+H=16519	 DONE
19/10/2025 20:19:01:	MOVE MOTOR REL	S18.axis2.phaseshifter both	deg	0.07	FALSE DONE
19/10/2025 20:19:06:	31	count	time	30.0s/cts	O Det=2276	H Det=2262	Mon Det=73041	Aux Det=11884	O+H=16422	 DONE
19/10/2025 20:19:37:	MOVE MOTOR REL	S18.axis2.phaseshifter both	deg	0.07	FALSE DONE
19/10/2025 20:19:42:	32	count	time	30.0s/cts	O Det=2851	H Det=2114	Mon Det=72436	Aux Det=11100	O+H=16065	 DONE
19/10/2025 20:20:14:	NO ACTION	 DONE
19/10/2025 20:20:14:	close file and end scan	 DONE
call of ifg12r_newPS_2p30s_AP.sc DONE
19/10/2025 20:20:15:	move motor	S18.axis2.phaseshifter both to fit O COS90	-0.665388reached -0.67017  DONE
call of ifg12R_newPS_2p30s_m90_+1+1+1_wv2.sc DONE
19/10/2025 20:20:22:	create file	D:\data\Cycle 198\exp_3-16-19\rawdata\sc\ifg_wv2_psi_+1+1+1_19Oct2020.dat	 DONE
room to enter remarks DONE
19/10/2025 20:20:23:	MOVE MOTOR REL	S18.axis2.phaseshifter both	deg	0.0	FALSE DONE
19/10/2025 20:20:27:	1	count	time	30.0s/cts	O Det=3823	H Det=2693	Mon Det=72464	Aux Det=8472	O+H=14988	 DONE
19/10/2025 20:20:58:	MOVE MOTOR REL	S18.axis2.phaseshifter both	deg	0.07	FALSE DONE
19/10/2025 20:21:03:	2	count	time	30.0s/cts	O Det=3128	H Det=2535	Mon Det=72967	Aux Det=9991	O+H=15654	 DONE
19/10/2025 20:21:35:	MOVE MOTOR REL	S18.axis2.phaseshifter both	deg	0.07	FALSE DONE
19/10/2025 20:21:39:	3	count	time	30.0s/cts	O Det=2285	H Det=2422	Mon Det=72760	Aux Det=11331	O+H=16038	 DONE
19/10/2025 20:22:11:	MOVE MOTOR REL	S18.axis2.phaseshifter both	deg	0.07	FALSE DONE
19/10/2025 20:22:16:	4	count	time	30.0s/cts	O Det=1875	H Det=2301	Mon Det=72805	Aux Det=12113	O+H=16289	 DONE
19/10/2025 20:22:47:	MOVE MOTOR REL	S18.axis2.phaseshifter both	deg	0.07	FALSE DONE
19/10/2025 20:22:52:	5	count	time	30.0s/cts	O Det=1709	H Det=2308	Mon Det=73056	Aux Det=12506	O+H=16523	 DONE
19/10/2025 20:23:24:	MOVE MOTOR REL	S18.axis2.phaseshifter both	deg	0.07	FALSE DONE
19/10/2025 20:23:29:	6	count	time	30.0s/cts	O Det=1936	H Det=2179	Mon Det=72341	Aux Det=12494	O+H=16609	 DONE
19/10/2025 20:24:00:	MOVE MOTOR REL	S18.axis2.phaseshifter both	deg	0.07	FALSE DONE
19/10/2025 20:24:05:	7	count	time	30.0s/cts	O Det=2429	H Det=2041	Mon Det=72486	Aux Det=11867	O+H=16337	 DONE
19/10/2025 20:24:37:	MOVE MOTOR REL	S18.axis2.phaseshifter both	deg	0.07	FALSE DONE
19/10/2025 20:24:41:	8	count	time	30.0s/cts	O Det=3155	H Det=1879	Mon Det=72359	Aux Det=10913	O+H=15947	 DONE
19/10/2025 20:25:13:	MOVE MOTOR REL	S18.axis2.phaseshifter both	deg	0.07	FALSE DONE
19/10/2025 20:25:18:	9	count	time	30.0s/cts	O Det=4008	H Det=1872	Mon Det=72185	Aux Det=9273	O+H=15153	 DONE
19/10/2025 20:25:50:	MOVE MOTOR REL	S18.axis2.phaseshifter both	deg	0.07	FALSE DONE
19/10/2025 20:25:54:	10	count	time	30.0s/cts	O Det=5080	H Det=2022	Mon Det=72499	Aux Det=7482	O+H=14584	 DONE
19/10/2025 20:26:26:	MOVE MOTOR REL	S18.axis2.phaseshifter both	deg	0.07	FALSE DONE
19/10/2025 20:26:31:	11	count	time	30.0s/cts	O Det=5903	H Det=2145	Mon Det=72559	Aux Det=6495	O+H=14543	 DONE
19/10/2025 20:27:02:	MOVE MOTOR REL	S18.axis2.phaseshifter both	deg	0.07	FALSE DONE
19/10/2025 20:27:07:	12	count	time	30.0s/cts	O Det=6020	H Det=2394	Mon Det=72445	Aux Det=5397	O+H=13811	 DONE
19/10/2025 20:27:39:	MOVE MOTOR REL	S18.axis2.phaseshifter both	deg	0.07	FALSE DONE
19/10/2025 20:27:43:	13	count	time	30.0s/cts	O Det=6099	H Det=2662	Mon Det=72606	Aux Det=4952	O+H=13713	 DONE
19/10/2025 20:28:15:	MOVE MOTOR REL	S18.axis2.phaseshifter both	deg	0.07	FALSE DONE
19/10/2025 20:28:20:	14	count	time	30.0s/cts	O Det=5671	H Det=2833	Mon Det=72818	Aux Det=5163	O+H=13667	 DONE
19/10/2025 20:28:51:	MOVE MOTOR REL	S18.axis2.phaseshifter both	deg	0.07	FALSE DONE
19/10/2025 20:28:56:	15	count	time	30.0s/cts	O Det=4961	H Det=2950	Mon Det=72604	Aux Det=6058	O+H=13969	 DONE
19/10/2025 20:29:28:	MOVE MOTOR REL	S18.axis2.phaseshifter both	deg	0.07	FALSE DONE
19/10/2025 20:29:32:	16	count	time	30.0s/cts	O Det=4101	H Det=3000	Mon Det=72675	Aux Det=7251	O+H=14352	 DONE
19/10/2025 20:30:04:	MOVE MOTOR REL	S18.axis2.phaseshifter both	deg	0.07	FALSE DONE
19/10/2025 20:30:09:	17	count	time	30.0s/cts	O Det=3176	H Det=2928	Mon Det=72889	Aux Det=8950	O+H=15054	 DONE
19/10/2025 20:30:40:	MOVE MOTOR REL	S18.axis2.phaseshifter both	deg	0.07	FALSE DONE
19/10/2025 20:30:45:	18	count	time	30.0s/cts	O Det=2457	H Det=2920	Mon Det=72568	Aux Det=10446	O+H=15823	 DONE
19/10/2025 20:31:17:	MOVE MOTOR REL	S18.axis2.phaseshifter both	deg	0.07	FALSE DONE
19/10/2025 20:31:22:	19	count	time	30.0s/cts	O Det=1783	H Det=2750	Mon Det=71927	Aux Det=11548	O+H=16081	 DONE
19/10/2025 20:31:53:	MOVE MOTOR REL	S18.axis2.phaseshifter both	deg	0.07	FALSE DONE
19/10/2025 20:31:58:	20	count	time	30.0s/cts	O Det=1575	H Det=2521	Mon Det=72331	Aux Det=12425	O+H=16521	 DONE
19/10/2025 20:32:30:	MOVE MOTOR REL	S18.axis2.phaseshifter both	deg	0.07	FALSE DONE
19/10/2025 20:32:35:	21	count	time	30.0s/cts	O Det=1686	H Det=2276	Mon Det=72314	Aux Det=12771	O+H=16733	 DONE
19/10/2025 20:33:06:	MOVE MOTOR REL	S18.axis2.phaseshifter both	deg	0.07	FALSE DONE
19/10/2025 20:33:11:	22	count	time	30.0s/cts	O Det=2170	H Det=2062	Mon Det=72527	Aux Det=12206	O+H=16438	 DONE
19/10/2025 20:33:43:	MOVE MOTOR REL	S18.axis2.phaseshifter both	deg	0.07	FALSE DONE
19/10/2025 20:33:47:	23	count	time	30.0s/cts	O Det=2957	H Det=2124	Mon Det=72228	Aux Det=11130	O+H=16211	 DONE
19/10/2025 20:34:19:	MOVE MOTOR REL	S18.axis2.phaseshifter both	deg	0.07	FALSE DONE
19/10/2025 20:34:24:	24	count	time	30.0s/cts	O Det=3772	H Det=1959	Mon Det=72621	Aux Det=9603	O+H=15334	 DONE
19/10/2025 20:34:55:	MOVE MOTOR REL	S18.axis2.phaseshifter both	deg	0.07	FALSE DONE
19/10/2025 20:35:00:	25	count	time	30.0s/cts	O Det=4693	H Det=1955	Mon Det=72553	Aux Det=8478	O+H=15126	 DONE
19/10/2025 20:35:32:	MOVE MOTOR REL	S18.axis2.phaseshifter both	deg	0.07	FALSE DONE
19/10/2025 20:35:36:	26	count	time	30.0s/cts	O Det=5389	H Det=2018	Mon Det=72650	Aux Det=7092	O+H=14499	 DONE
19/10/2025 20:36:08:	MOVE MOTOR REL	S18.axis2.phaseshifter both	deg	0.07	FALSE DONE
19/10/2025 20:36:13:	27	count	time	30.0s/cts	O Det=5870	H Det=2231	Mon Det=72266	Aux Det=6065	O+H=14166	 DONE
19/10/2025 20:36:44:	MOVE MOTOR REL	S18.axis2.phaseshifter both	deg	0.07	FALSE DONE
19/10/2025 20:36:49:	28	count	time	30.0s/cts	O Det=5964	H Det=2491	Mon Det=72718	Aux Det=5305	O+H=13760	 DONE
19/10/2025 20:37:21:	MOVE MOTOR REL	S18.axis2.phaseshifter both	deg	0.07	FALSE DONE
19/10/2025 20:37:25:	29	count	time	30.0s/cts	O Det=5878	H Det=2707	Mon Det=72543	Aux Det=5057	O+H=13642	 DONE
19/10/2025 20:37:57:	MOVE MOTOR REL	S18.axis2.phaseshifter both	deg	0.07	FALSE DONE
19/10/2025 20:38:02:	30	count	time	30.0s/cts	O Det=5224	H Det=3019	Mon Det=73260	Aux Det=5359	O+H=13602	 DONE
19/10/2025 20:38:34:	MOVE MOTOR REL	S18.axis2.phaseshifter both	deg	0.07	FALSE DONE
19/10/2025 20:38:38:	31	count	time	30.0s/cts	O Det=4582	H Det=3147	Mon Det=72510	Aux Det=6462	O+H=14191	 DONE
19/10/2025 20:39:10:	MOVE MOTOR REL	S18.axis2.phaseshifter both	deg	0.07	FALSE DONE
19/10/2025 20:39:15:	32	count	time	30.0s/cts	O Det=3732	H Det=3171	Mon Det=72610	Aux Det=7648	O+H=14551	 DONE
19/10/2025 20:39:46:	NO ACTION	 DONE
19/10/2025 20:39:47:	close file and end scan	 DONE
call of ifg12r_newPS_2p30s_AP.sc DONE
19/10/2025 20:39:48:	move motor	S18.axis2.phaseshifter both to fit O COS-180	-0.420986reached -0.41748  DONE
call of ifg12R_newPS_2p30s_p90_+1+1+1_wv2.sc DONE
19/10/2025 20:39:54:	create file	D:\data\Cycle 198\exp_3-16-19\rawdata\sc\ifg_wv2_psi_+1+1+1_19Oct2039.dat	 DONE
room to enter remarks DONE
19/10/2025 20:39:55:	MOVE MOTOR REL	S18.axis2.phaseshifter both	deg	0.0	FALSE DONE
19/10/2025 20:40:00:	1	count	time	30.0s/cts	O Det=1703	H Det=2382	Mon Det=72708	Aux Det=12755	O+H=16840	 DONE
19/10/2025 20:40:31:	MOVE MOTOR REL	S18.axis2.phaseshifter both	deg	0.07	FALSE DONE
19/10/2025 20:40:36:	2	count	time	30.0s/cts	O Det=1929	H Det=2137	Mon Det=71703	Aux Det=12530	O+H=16596	 DONE
19/10/2025 20:41:08:	MOVE MOTOR REL	S18.axis2.phaseshifter both	deg	0.07	FALSE DONE
19/10/2025 20:41:12:	3	count	time	30.0s/cts	O Det=2514	H Det=2063	Mon Det=72364	Aux Det=11835	O+H=16412	 DONE
19/10/2025 20:41:44:	MOVE MOTOR REL	S18.axis2.phaseshifter both	deg	0.07	FALSE DONE
19/10/2025 20:41:49:	4	count	time	30.0s/cts	O Det=3299	H Det=1856	Mon Det=72630	Aux Det=10633	O+H=15788	 DONE
19/10/2025 20:42:20:	MOVE MOTOR REL	S18.axis2.phaseshifter both	deg	0.07	FALSE DONE
19/10/2025 20:42:25:	5	count	time	30.0s/cts	O Det=4194	H Det=1780	Mon Det=72643	Aux Det=9304	O+H=15278	 DONE
19/10/2025 20:42:57:	MOVE MOTOR REL	S18.axis2.phaseshifter both	deg	0.07	FALSE DONE
19/10/2025 20:43:02:	6	count	time	30.0s/cts	O Det=4709	H Det=1927	Mon Det=72734	Aux Det=8047	O+H=14683	 DONE
19/10/2025 20:43:33:	MOVE MOTOR REL	S18.axis2.phaseshifter both	deg	0.07	FALSE DONE
19/10/2025 20:43:38:	7	count	time	30.0s/cts	O Det=5276	H Det=2247	Mon Det=72896	Aux Det=6831	O+H=14354	 DONE
19/10/2025 20:44:10:	MOVE MOTOR REL	S18.axis2.phaseshifter both	deg	0.07	FALSE DONE
19/10/2025 20:44:15:	8	count	time	30.0s/cts	O Det=5673	H Det=2559	Mon Det=72585	Aux Det=5837	O+H=14069	 DONE
19/10/2025 20:44:46:	MOVE MOTOR REL	S18.axis2.phaseshifter both	deg	0.07	FALSE DONE
19/10/2025 20:44:51:	9	count	time	30.0s/cts	O Det=5762	H Det=2919	Mon Det=73139	Aux Det=5017	O+H=13698	 DONE
19/10/2025 20:45:23:	MOVE MOTOR REL	S18.axis2.phaseshifter both	deg	0.07	FALSE DONE
19/10/2025 20:45:28:	10	count	time	30.0s/cts	O Det=4987	H Det=3303	Mon Det=72745	Aux Det=5224	O+H=13514	 DONE
19/10/2025 20:45:59:	MOVE MOTOR REL	S18.axis2.phaseshifter both	deg	0.07	FALSE DONE
19/10/2025 20:46:04:	11	count	time	30.0s/cts	O Det=4511	H Det=3515	Mon Det=72671	Aux Det=5822	O+H=13848	 DONE
19/10/2025 20:46:36:	MOVE MOTOR REL	S18.axis2.phaseshifter both	deg	0.07	FALSE DONE
19/10/2025 20:46:40:	12	count	time	30.0s/cts	O Det=3716	H Det=3630	Mon Det=73100	Aux Det=6955	O+H=14301	 DONE
19/10/2025 20:47:12:	MOVE MOTOR REL	S18.axis2.phaseshifter both	deg	0.07	FALSE DONE
19/10/2025 20:47:16:	13	count	time	30.0s/cts	O Det=2801	H Det=3485	Mon Det=72311	Aux Det=8429	O+H=14715	 DONE
19/10/2025 20:47:48:	MOVE MOTOR REL	S18.axis2.phaseshifter both	deg	0.07	FALSE DONE
19/10/2025 20:47:53:	14	count	time	30.0s/cts	O Det=2274	H Det=3496	Mon Det=72355	Aux Det=9567	O+H=15337	 DONE
19/10/2025 20:48:25:	MOVE MOTOR REL	S18.axis2.phaseshifter both	deg	0.07	FALSE DONE
19/10/2025 20:48:29:	15	count	time	30.0s/cts	O Det=1644	H Det=3167	Mon Det=71983	Aux Det=11118	O+H=15929	 DONE
19/10/2025 20:49:01:	MOVE MOTOR REL	S18.axis2.phaseshifter both	deg	0.07	FALSE DONE
19/10/2025 20:49:06:	16	count	time	30.0s/cts	O Det=1501	H Det=2841	Mon Det=72242	Aux Det=12131	O+H=16473	 DONE
19/10/2025 20:49:37:	MOVE MOTOR REL	S18.axis2.phaseshifter both	deg	0.07	FALSE DONE
19/10/2025 20:49:42:	17	count	time	30.0s/cts	O Det=1492	H Det=2385	Mon Det=72686	Aux Det=12707	O+H=16584	 DONE
19/10/2025 20:50:14:	MOVE MOTOR REL	S18.axis2.phaseshifter both	deg	0.07	FALSE DONE
19/10/2025 20:50:18:	18	count	time	30.0s/cts	O Det=2062	H Det=2121	Mon Det=72532	Aux Det=12349	O+H=16532	 DONE
19/10/2025 20:50:50:	MOVE MOTOR REL	S18.axis2.phaseshifter both	deg	0.07	FALSE DONE
19/10/2025 20:50:55:	19	count	time	30.0s/cts	O Det=2946	H Det=1891	Mon Det=72591	Aux Det=11766	O+H=16603	 DONE
19/10/2025 20:51:26:	MOVE MOTOR REL	S18.axis2.phaseshifter both	deg	0.07	FALSE DONE
19/10/2025 20:51:31:	20	count	time	30.0s/cts	O Det=3624	H Det=1848	Mon Det=73096	Aux Det=10292	O+H=15764	 DONE
19/10/2025 20:52:03:	MOVE MOTOR REL	S18.axis2.phaseshifter both	deg	0.07	FALSE DONE
19/10/2025 20:52:07:	21	count	time	30.0s/cts	O Det=4523	H Det=1932	Mon Det=72369	Aux Det=8920	O+H=15375	 DONE
19/10/2025 20:52:39:	MOVE MOTOR REL	S18.axis2.phaseshifter both	deg	0.07	FALSE DONE
19/10/2025 20:52:44:	22	count	time	30.0s/cts	O Det=5057	H Det=1970	Mon Det=72325	Aux Det=7656	O+H=14683	 DONE
19/10/2025 20:53:15:	MOVE MOTOR REL	S18.axis2.phaseshifter both	deg	0.07	FALSE DONE
19/10/2025 20:53:20:	23	count	time	30.0s/cts	O Det=5661	H Det=2224	Mon Det=73252	Aux Det=6370	O+H=14255	 DONE
19/10/2025 20:53:52:	MOVE MOTOR REL	S18.axis2.phaseshifter both	deg	0.07	FALSE DONE
19/10/2025 20:53:57:	24	count	time	30.0s/cts	O Det=5983	H Det=2465	Mon Det=72587	Aux Det=5354	O+H=13802	 DONE
19/10/2025 20:54:28:	MOVE MOTOR REL	S18.axis2.phaseshifter both	deg	0.07	FALSE DONE
19/10/2025 20:54:33:	25	count	time	30.0s/cts	O Det=5879	H Det=2675	Mon Det=73229	Aux Det=5177	O+H=13731	 DONE
19/10/2025 20:55:05:	MOVE MOTOR REL	S18.axis2.phaseshifter both	deg	0.07	FALSE DONE
19/10/2025 20:55:09:	26	count	time	30.0s/cts	O Det=5478	H Det=2777	Mon Det=72919	Aux Det=5512	O+H=13767	 DONE
19/10/2025 20:55:41:	MOVE MOTOR REL	S18.axis2.phaseshifter both	deg	0.07	FALSE DONE
19/10/2025 20:55:46:	27	count	time	30.0s/cts	O Det=4777	H Det=2921	Mon Det=73110	Aux Det=6477	O+H=14175	 DONE
19/10/2025 20:56:17:	MOVE MOTOR REL	S18.axis2.phaseshifter both	deg	0.07	FALSE DONE
19/10/2025 20:56:22:	28	count	time	30.0s/cts	O Det=3856	H Det=2909	Mon Det=72745	Aux Det=7874	O+H=14639	 DONE
19/10/2025 20:56:54:	MOVE MOTOR REL	S18.axis2.phaseshifter both	deg	0.07	FALSE DONE
19/10/2025 20:56:58:	29	count	time	30.0s/cts	O Det=2862	H Det=2920	Mon Det=72123	Aux Det=9588	O+H=15370	 DONE
19/10/2025 20:57:30:	MOVE MOTOR REL	S18.axis2.phaseshifter both	deg	0.07	FALSE DONE
19/10/2025 20:57:35:	30	count	time	30.0s/cts	O Det=1868	H Det=3014	Mon Det=72315	Aux Det=10774	O+H=15656	 DONE
19/10/2025 20:58:06:	MOVE MOTOR REL	S18.axis2.phaseshifter both	deg	0.07	FALSE DONE
19/10/2025 20:58:11:	31	count	time	30.0s/cts	O Det=1683	H Det=2762	Mon Det=72761	Aux Det=11956	O+H=16401	 DONE
19/10/2025 20:58:43:	MOVE MOTOR REL	S18.axis2.phaseshifter both	deg	0.07	FALSE DONE
19/10/2025 20:58:47:	32	count	time	30.0s/cts	O Det=1483	H Det=2649	Mon Det=72567	Aux Det=12444	O+H=16576	 DONE
19/10/2025 20:59:19:	NO ACTION	 DONE
19/10/2025 20:59:20:	close file and end scan	 DONE
call of ifg12r_newPS_2p30s_AP.sc DONE
call of ifg12R_newPS_2p30s_p180.sc DONE
19/10/2025 20:59:21:	move motor	S18.auxiliary.Robot Z to 207413.00000um	reached 207427.00000  DONE
call of robot_Zout_doubleCd.sc DONE
19/10/2025 20:59:24:	move motor	S18.auxiliary.Robot rot big to 90.00000deg	reached 90.00000  DONE
19/10/2025 20:59:27:	move motor	S18.auxiliary.Robot Diagonal to 26000.00000um	reached 25997.79402  DONE
19/10/2025 20:59:51:	move motor	S18.auxiliary.Robot Z to 207413.00000um	reached 207422.00000  DONE
call of robot_Zout_doubleCd.sc DONE
19/10/2025 20:59:54:	move motor	S18.auxiliary.Robot rot big to 90.00000deg	reached 90.00000  DONE
19/10/2025 20:59:57:	move motor	S18.auxiliary.Robot Z to 292012.00000um	reached 292007.00000  DONE
call of robot_Zin_doubleCd.sc DONE
call of Block_path13_doubleCd.sc DONE
19/10/2025 21:00:05:	move motor	S18.auxiliary.Robot Diagonal to 25999.900000um	 DONE
19/10/2025 21:00:12:	create file	D:\data\Cycle 198\exp_3-16-19\rawdata\sc\ifg_wv2_psi_+1+1+1_19Oct2100.dat	 DONE
room to enter remarks DONE
19/10/2025 21:00:13:	move motor	S18.auxiliary.Robot Diagonal to 26000.000000um	 DONE
19/10/2025 21:00:19:	1	count	time	60.000000s/cts	O Det=1787	H Det=1762	Mon Det=144315	Aux Det=5827	O+H=9376	 DONE
19/10/2025 21:01:21:	move motor	S18.auxiliary.Robot Diagonal to 48000.000000um	 DONE
19/10/2025 21:01:36:	2	count	time	60.000000s/cts	O Det=1913	H Det=3190	Mon Det=144756	Aux Det=47	O+H=5150	 DONE
19/10/2025 21:02:37:	move motor	S18.auxiliary.Robot Diagonal to 70000.000000um	 DONE
19/10/2025 21:02:52:	3	count	time	60.000000s/cts	O Det=1752	H Det=1922	Mon Det=145109	Aux Det=11717	O+H=15391	 DONE
19/10/2025 21:03:54:	close file and end scan	 DONE
19/10/2025 21:03:55:	move motor	S18.auxiliary.Robot Z to 207413.00000um	reached 207403.00000  DONE
call of robot_Zout_doubleCd.sc DONE
call of int_meas_path213.sc DONE
19/10/2025 21:04:03:	END OF SCRIPT	 DONE
