10/10/2025 13:58:37:	start execution of script D:\data\Cycle 198\exp_3-16-19\rawdata\sc\ifg_wv1_psi_+1+1+1.sc	 DONE
10/10/2025 13:58:38:	create file	D:\data\Cycle 198\exp_3-16-19\rawdata\sc\ifg_wv1_psi_+1+1+1_10Oct1358.dat	 DONE
room to enter remarks DONE
10/10/2025 13:58:39:	MOVE MOTOR REL	S18.axis2.phaseshifter 2	deg	0	FALSE DONE
10/10/2025 13:58:42:	1	count	time	30.0s/cts	O Det=6613	H Det=2109	Mon Det=92661	Aux Det=5055	O+H=13777	 DONE
10/10/2025 13:59:14:	MOVE MOTOR REL	S18.axis2.phaseshifter 2	deg	0.1	FALSE DONE
10/10/2025 13:59:17:	2	count	time	30.0s/cts	O Det=6259	H Det=2445	Mon Det=92740	Aux Det=5112	O+H=13816	 DONE
10/10/2025 13:59:49:	MOVE MOTOR REL	S18.axis2.phaseshifter 2	deg	0.1	FALSE DONE
10/10/2025 13:59:52:	3	count	time	30.0s/cts	O Det=4962	H Det=3394	Mon Det=93040	Aux Det=5062	O+H=13418	 DONE
10/10/2025 14:00:24:	MOVE MOTOR REL	S18.axis2.phaseshifter 2	deg	0.1	FALSE DONE
10/10/2025 14:00:28:	4	count	time	30.0s/cts	O Det=3490	H Det=4844	Mon Det=93041	Aux Det=5037	O+H=13371	 DONE
10/10/2025 14:00:59:	MOVE MOTOR REL	S18.axis2.phaseshifter 2	deg	0.1	FALSE DONE
10/10/2025 14:01:03:	5	count	time	30.0s/cts	O Det=1989	H Det=6145	Mon Det=92957	Aux Det=5081	O+H=13215	 DONE
10/10/2025 14:01:34:	MOVE MOTOR REL	S18.axis2.phaseshifter 2	deg	0.1	FALSE DONE
10/10/2025 14:01:38:	6	count	time	30.0s/cts	O Det=1211	H Det=6963	Mon Det=92468	Aux Det=5029	O+H=13203	 DONE
10/10/2025 14:02:10:	MOVE MOTOR REL	S18.axis2.phaseshifter 2	deg	0.1	FALSE DONE
10/10/2025 14:02:13:	7	count	time	30.0s/cts	O Det=1336	H Det=6679	Mon Det=92462	Aux Det=4951	O+H=12966	 DONE
10/10/2025 14:02:45:	MOVE MOTOR REL	S18.axis2.phaseshifter 2	deg	0.1	FALSE DONE
10/10/2025 14:02:49:	8	count	time	30.0s/cts	O Det=2279	H Det=5946	Mon Det=92654	Aux Det=4974	O+H=13199	 DONE
10/10/2025 14:03:21:	MOVE MOTOR REL	S18.axis2.phaseshifter 2	deg	0.1	FALSE DONE
10/10/2025 14:03:24:	9	count	time	30.0s/cts	O Det=3748	H Det=4594	Mon Det=92531	Aux Det=5072	O+H=13414	 DONE
10/10/2025 14:03:56:	MOVE MOTOR REL	S18.axis2.phaseshifter 2	deg	0.1	FALSE DONE
10/10/2025 14:03:59:	10	count	time	30.0s/cts	O Det=5447	H Det=3165	Mon Det=92942	Aux Det=5022	O+H=13634	 DONE
10/10/2025 14:04:31:	MOVE MOTOR REL	S18.axis2.phaseshifter 2	deg	0.1	FALSE DONE
10/10/2025 14:04:35:	11	count	time	30.0s/cts	O Det=6476	H Det=2097	Mon Det=92313	Aux Det=5091	O+H=13664	 DONE
10/10/2025 14:05:07:	MOVE MOTOR REL	S18.axis2.phaseshifter 2	deg	0.1	FALSE DONE
10/10/2025 14:05:10:	12	count	time	30.0s/cts	O Det=6449	H Det=2124	Mon Det=92532	Aux Det=4935	O+H=13508	 DONE
10/10/2025 14:05:42:	MOVE MOTOR REL	S18.axis2.phaseshifter 2	deg	0.1	FALSE DONE
10/10/2025 14:05:45:	13	count	time	30.0s/cts	O Det=5630	H Det=2928	Mon Det=92547	Aux Det=4890	O+H=13448	 DONE
10/10/2025 14:06:17:	MOVE MOTOR REL	S18.axis2.phaseshifter 2	deg	0.1	FALSE DONE
10/10/2025 14:06:21:	14	count	time	30.0s/cts	O Det=4132	H Det=4251	Mon Det=92417	Aux Det=5009	O+H=13392	 DONE
10/10/2025 14:06:52:	MOVE MOTOR REL	S18.axis2.phaseshifter 2	deg	0.1	FALSE DONE
10/10/2025 14:06:56:	15	count	time	30.0s/cts	O Det=2509	H Det=5485	Mon Det=93028	Aux Det=4984	O+H=12978	 DONE
10/10/2025 14:07:28:	MOVE MOTOR REL	S18.axis2.phaseshifter 2	deg	0.1	FALSE DONE
10/10/2025 14:07:31:	16	count	time	30.0s/cts	O Det=1450	H Det=6572	Mon Det=93345	Aux Det=4913	O+H=12935	 DONE
10/10/2025 14:08:03:	MOVE MOTOR REL	S18.axis2.phaseshifter 2	deg	0.1	FALSE DONE
10/10/2025 14:08:06:	17	count	time	30.0s/cts	O Det=1201	H Det=6759	Mon Det=92536	Aux Det=4921	O+H=12881	 DONE
10/10/2025 14:08:38:	MOVE MOTOR REL	S18.axis2.phaseshifter 2	deg	0.1	FALSE DONE
10/10/2025 14:08:42:	18	count	time	30.0s/cts	O Det=1707	H Det=6404	Mon Det=92732	Aux Det=4916	O+H=13027	 DONE
10/10/2025 14:09:14:	MOVE MOTOR REL	S18.axis2.phaseshifter 2	deg	0.1	FALSE DONE
10/10/2025 14:09:17:	19	count	time	30.0s/cts	O Det=3021	H Det=5123	Mon Det=92843	Aux Det=5026	O+H=13170	 DONE
10/10/2025 14:09:49:	MOVE MOTOR REL	S18.axis2.phaseshifter 2	deg	0.1	FALSE DONE
10/10/2025 14:09:52:	20	count	time	30.0s/cts	O Det=4810	H Det=3849	Mon Det=92149	Aux Det=4994	O+H=13653	 DONE
10/10/2025 14:10:24:	MOVE MOTOR REL	S18.axis2.phaseshifter 2	deg	0.1	FALSE DONE
10/10/2025 14:10:28:	21	count	time	30.0s/cts	O Det=6034	H Det=2677	Mon Det=92617	Aux Det=4976	O+H=13687	 DONE
10/10/2025 14:11:00:	MOVE MOTOR REL	S18.axis2.phaseshifter 2	deg	0.1	FALSE DONE
10/10/2025 14:11:03:	22	count	time	30.0s/cts	O Det=6726	H Det=2078	Mon Det=92588	Aux Det=5031	O+H=13835	 DONE
10/10/2025 14:11:35:	close file and end scan	 DONE
call of ifg2r_newPS_2p30s.sc DONE
10/10/2025 14:11:36:	move motor	S18.axis2.phaseshifter 2 to fit O COS-90	-0.713791reached -0.70313  DONE
call of ifg2R_newPS_2p30s_0.sc DONE
10/10/2025 14:11:40:	create file	D:\data\Cycle 198\exp_3-16-19\rawdata\sc\ifg_wv1_psi_+1+1+1_10Oct1411.dat	 DONE
room to enter remarks DONE
10/10/2025 14:11:41:	MOVE MOTOR REL	S18.axis2.phaseshifter 2	deg	0	FALSE DONE
10/10/2025 14:11:44:	1	count	time	30.0s/cts	O Det=3877	H Det=4422	Mon Det=92069	Aux Det=5001	O+H=13300	 DONE
10/10/2025 14:12:16:	MOVE MOTOR REL	S18.axis2.phaseshifter 2	deg	0.1	FALSE DONE
10/10/2025 14:12:19:	2	count	time	30.0s/cts	O Det=5531	H Det=2994	Mon Det=92227	Aux Det=4862	O+H=13387	 DONE
10/10/2025 14:12:51:	MOVE MOTOR REL	S18.axis2.phaseshifter 2	deg	0.1	FALSE DONE
10/10/2025 14:12:55:	3	count	time	30.0s/cts	O Det=6600	H Det=2111	Mon Det=92237	Aux Det=5035	O+H=13746	 DONE
10/10/2025 14:13:26:	MOVE MOTOR REL	S18.axis2.phaseshifter 2	deg	0.1	FALSE DONE
10/10/2025 14:13:30:	4	count	time	30.0s/cts	O Det=6301	H Det=2266	Mon Det=92190	Aux Det=4962	O+H=13529	 DONE
10/10/2025 14:14:02:	MOVE MOTOR REL	S18.axis2.phaseshifter 2	deg	0.1	FALSE DONE
10/10/2025 14:14:05:	5	count	time	30.0s/cts	O Det=5272	H Det=3241	Mon Det=91841	Aux Det=4938	O+H=13451	 DONE
10/10/2025 14:14:37:	MOVE MOTOR REL	S18.axis2.phaseshifter 2	deg	0.1	FALSE DONE
10/10/2025 14:14:41:	6	count	time	30.0s/cts	O Det=3717	H Det=4644	Mon Det=92677	Aux Det=5027	O+H=13388	 DONE
10/10/2025 14:15:12:	MOVE MOTOR REL	S18.axis2.phaseshifter 2	deg	0.1	FALSE DONE
10/10/2025 14:15:16:	7	count	time	30.0s/cts	O Det=2363	H Det=5700	Mon Det=93343	Aux Det=4943	O+H=13006	 DONE
10/10/2025 14:15:48:	MOVE MOTOR REL	S18.axis2.phaseshifter 2	deg	0.1	FALSE DONE
10/10/2025 14:15:51:	8	count	time	30.0s/cts	O Det=1323	H Det=6647	Mon Det=92346	Aux Det=4931	O+H=12901	 DONE
10/10/2025 14:16:23:	MOVE MOTOR REL	S18.axis2.phaseshifter 2	deg	0.1	FALSE DONE
10/10/2025 14:16:26:	9	count	time	30.0s/cts	O Det=1105	H Det=6895	Mon Det=92661	Aux Det=4949	O+H=12949	 DONE
10/10/2025 14:16:58:	MOVE MOTOR REL	S18.axis2.phaseshifter 2	deg	0.1	FALSE DONE
10/10/2025 14:17:02:	10	count	time	30.0s/cts	O Det=1673	H Det=6468	Mon Det=92669	Aux Det=4970	O+H=13111	 DONE
10/10/2025 14:17:33:	MOVE MOTOR REL	S18.axis2.phaseshifter 2	deg	0.1	FALSE DONE
10/10/2025 14:17:37:	11	count	time	30.0s/cts	O Det=3032	H Det=5154	Mon Det=92576	Aux Det=4911	O+H=13097	 DONE
10/10/2025 14:18:09:	MOVE MOTOR REL	S18.axis2.phaseshifter 2	deg	0.1	FALSE DONE
10/10/2025 14:18:12:	12	count	time	30.0s/cts	O Det=4717	H Det=3778	Mon Det=92702	Aux Det=5026	O+H=13521	 DONE
10/10/2025 14:18:44:	MOVE MOTOR REL	S18.axis2.phaseshifter 2	deg	0.1	FALSE DONE
10/10/2025 14:18:48:	13	count	time	30.0s/cts	O Det=5910	H Det=2697	Mon Det=92630	Aux Det=4888	O+H=13495	 DONE
10/10/2025 14:19:19:	MOVE MOTOR REL	S18.axis2.phaseshifter 2	deg	0.1	FALSE DONE
10/10/2025 14:19:23:	14	count	time	30.0s/cts	O Det=6539	H Det=2115	Mon Det=92638	Aux Det=4915	O+H=13569	 DONE
10/10/2025 14:19:55:	MOVE MOTOR REL	S18.axis2.phaseshifter 2	deg	0.1	FALSE DONE
10/10/2025 14:19:58:	15	count	time	30.0s/cts	O Det=6298	H Det=2316	Mon Det=92335	Aux Det=5048	O+H=13662	 DONE
10/10/2025 14:20:30:	MOVE MOTOR REL	S18.axis2.phaseshifter 2	deg	0.1	FALSE DONE
10/10/2025 14:20:33:	16	count	time	30.0s/cts	O Det=5171	H Det=3324	Mon Det=92694	Aux Det=5023	O+H=13518	 DONE
10/10/2025 14:21:05:	MOVE MOTOR REL	S18.axis2.phaseshifter 2	deg	0.1	FALSE DONE
10/10/2025 14:21:09:	17	count	time	30.0s/cts	O Det=3606	H Det=4655	Mon Det=92715	Aux Det=5009	O+H=13270	 DONE
10/10/2025 14:21:41:	MOVE MOTOR REL	S18.axis2.phaseshifter 2	deg	0.1	FALSE DONE
10/10/2025 14:21:44:	18	count	time	30.0s/cts	O Det=2177	H Det=5890	Mon Det=92378	Aux Det=4977	O+H=13044	 DONE
10/10/2025 14:22:16:	MOVE MOTOR REL	S18.axis2.phaseshifter 2	deg	0.1	FALSE DONE
10/10/2025 14:22:20:	19	count	time	30.0s/cts	O Det=1275	H Det=6733	Mon Det=92337	Aux Det=4974	O+H=12982	 DONE
10/10/2025 14:22:52:	MOVE MOTOR REL	S18.axis2.phaseshifter 2	deg	0.1	FALSE DONE
10/10/2025 14:22:55:	20	count	time	30.0s/cts	O Det=1238	H Det=6736	Mon Det=92048	Aux Det=4853	O+H=12827	 DONE
10/10/2025 14:23:27:	MOVE MOTOR REL	S18.axis2.phaseshifter 2	deg	0.1	FALSE DONE
10/10/2025 14:23:30:	21	count	time	30.0s/cts	O Det=2180	H Det=5943	Mon Det=91995	Aux Det=4960	O+H=13083	 DONE
10/10/2025 14:24:02:	MOVE MOTOR REL	S18.axis2.phaseshifter 2	deg	0.1	FALSE DONE
10/10/2025 14:24:06:	22	count	time	30.0s/cts	O Det=3542	H Det=4701	Mon Det=92506	Aux Det=4862	O+H=13105	 DONE
10/10/2025 14:24:38:	close file and end scan	 DONE
call of ifg2r_newPS_2p30s.sc DONE
10/10/2025 14:24:39:	move motor	S18.axis2.phaseshifter 2 to fit O COS90	-0.197858reached -0.18677  DONE
call of ifg2R_newPS_2p30s_m90.sc DONE
10/10/2025 14:24:42:	create file	D:\data\Cycle 198\exp_3-16-19\rawdata\sc\ifg_wv1_psi_+1+1+1_10Oct1424.dat	 DONE
room to enter remarks DONE
10/10/2025 14:24:43:	MOVE MOTOR REL	S18.axis2.phaseshifter 2	deg	0	FALSE DONE
10/10/2025 14:24:47:	1	count	time	30.0s/cts	O Det=3716	H Det=4426	Mon Det=92834	Aux Det=4984	O+H=13126	 DONE
10/10/2025 14:25:18:	MOVE MOTOR REL	S18.axis2.phaseshifter 2	deg	0.1	FALSE DONE
10/10/2025 14:25:22:	2	count	time	30.0s/cts	O Det=2451	H Det=5579	Mon Det=92756	Aux Det=5052	O+H=13082	 DONE
10/10/2025 14:25:54:	MOVE MOTOR REL	S18.axis2.phaseshifter 2	deg	0.1	FALSE DONE
10/10/2025 14:25:57:	3	count	time	30.0s/cts	O Det=1467	H Det=6484	Mon Det=93112	Aux Det=5100	O+H=13051	 DONE
10/10/2025 14:26:29:	MOVE MOTOR REL	S18.axis2.phaseshifter 2	deg	0.1	FALSE DONE
10/10/2025 14:26:33:	4	count	time	30.0s/cts	O Det=1226	H Det=6626	Mon Det=92777	Aux Det=4984	O+H=12836	 DONE
10/10/2025 14:27:04:	MOVE MOTOR REL	S18.axis2.phaseshifter 2	deg	0.1	FALSE DONE
10/10/2025 14:27:08:	5	count	time	30.0s/cts	O Det=1783	H Det=6130	Mon Det=92433	Aux Det=5050	O+H=12963	 DONE
10/10/2025 14:27:40:	MOVE MOTOR REL	S18.axis2.phaseshifter 2	deg	0.1	FALSE DONE
10/10/2025 14:27:43:	6	count	time	30.0s/cts	O Det=3082	H Det=5041	Mon Det=91804	Aux Det=4854	O+H=12977	 DONE
10/10/2025 14:28:15:	MOVE MOTOR REL	S18.axis2.phaseshifter 2	deg	0.1	FALSE DONE
10/10/2025 14:28:19:	7	count	time	30.0s/cts	O Det=4541	H Det=3800	Mon Det=93300	Aux Det=5028	O+H=13369	 DONE
10/10/2025 14:28:50:	MOVE MOTOR REL	S18.axis2.phaseshifter 2	deg	0.1	FALSE DONE
10/10/2025 14:28:54:	8	count	time	30.0s/cts	O Det=5852	H Det=2488	Mon Det=92912	Aux Det=4960	O+H=13300	 DONE
10/10/2025 14:29:26:	MOVE MOTOR REL	S18.axis2.phaseshifter 2	deg	0.1	FALSE DONE
10/10/2025 14:29:29:	9	count	time	30.0s/cts	O Det=6549	H Det=2064	Mon Det=92315	Aux Det=4895	O+H=13508	 DONE
10/10/2025 14:30:01:	MOVE MOTOR REL	S18.axis2.phaseshifter 2	deg	0.1	FALSE DONE
10/10/2025 14:30:05:	10	count	time	30.0s/cts	O Det=5936	H Det=2521	Mon Det=92760	Aux Det=4962	O+H=13419	 DONE
10/10/2025 14:30:36:	MOVE MOTOR REL	S18.axis2.phaseshifter 2	deg	0.1	FALSE DONE
10/10/2025 14:30:40:	11	count	time	30.0s/cts	O Det=4636	H Det=3643	Mon Det=92004	Aux Det=5084	O+H=13363	 DONE
10/10/2025 14:31:12:	MOVE MOTOR REL	S18.axis2.phaseshifter 2	deg	0.1	FALSE DONE
10/10/2025 14:31:15:	12	count	time	30.0s/cts	O Det=3394	H Det=4764	Mon Det=92344	Aux Det=4998	O+H=13156	 DONE
10/10/2025 14:31:47:	MOVE MOTOR REL	S18.axis2.phaseshifter 2	deg	0.1	FALSE DONE
10/10/2025 14:31:50:	13	count	time	30.0s/cts	O Det=1890	H Det=6107	Mon Det=92646	Aux Det=5013	O+H=13010	 DONE
10/10/2025 14:32:22:	MOVE MOTOR REL	S18.axis2.phaseshifter 2	deg	0.1	FALSE DONE
10/10/2025 14:32:26:	14	count	time	30.0s/cts	O Det=1216	H Det=6595	Mon Det=92406	Aux Det=4886	O+H=12697	 DONE
10/10/2025 14:32:57:	MOVE MOTOR REL	S18.axis2.phaseshifter 2	deg	0.1	FALSE DONE
10/10/2025 14:33:01:	15	count	time	30.0s/cts	O Det=1321	H Det=6667	Mon Det=92682	Aux Det=5002	O+H=12990	 DONE
10/10/2025 14:33:33:	MOVE MOTOR REL	S18.axis2.phaseshifter 2	deg	0.1	FALSE DONE
10/10/2025 14:33:36:	16	count	time	30.0s/cts	O Det=2249	H Det=5826	Mon Det=92780	Aux Det=4985	O+H=13060	 DONE
10/10/2025 14:34:08:	MOVE MOTOR REL	S18.axis2.phaseshifter 2	deg	0.1	FALSE DONE
10/10/2025 14:34:12:	17	count	time	30.0s/cts	O Det=3662	H Det=4479	Mon Det=92760	Aux Det=4992	O+H=13133	 DONE
10/10/2025 14:34:43:	MOVE MOTOR REL	S18.axis2.phaseshifter 2	deg	0.1	FALSE DONE
10/10/2025 14:34:47:	18	count	time	30.0s/cts	O Det=5000	H Det=3388	Mon Det=92776	Aux Det=4967	O+H=13355	 DONE
10/10/2025 14:35:19:	MOVE MOTOR REL	S18.axis2.phaseshifter 2	deg	0.1	FALSE DONE
10/10/2025 14:35:22:	19	count	time	30.0s/cts	O Det=6158	H Det=2465	Mon Det=92570	Aux Det=4908	O+H=13531	 DONE
10/10/2025 14:35:54:	MOVE MOTOR REL	S18.axis2.phaseshifter 2	deg	0.1	FALSE DONE
10/10/2025 14:35:57:	20	count	time	30.0s/cts	O Det=6322	H Det=2086	Mon Det=92619	Aux Det=5059	O+H=13467	 DONE
10/10/2025 14:36:29:	MOVE MOTOR REL	S18.axis2.phaseshifter 2	deg	0.1	FALSE DONE
10/10/2025 14:36:33:	21	count	time	30.0s/cts	O Det=5659	H Det=2724	Mon Det=92451	Aux Det=5004	O+H=13387	 DONE
10/10/2025 14:37:04:	MOVE MOTOR REL	S18.axis2.phaseshifter 2	deg	0.1	FALSE DONE
10/10/2025 14:37:08:	22	count	time	30.0s/cts	O Det=4608	H Det=3637	Mon Det=92393	Aux Det=4955	O+H=13200	 DONE
10/10/2025 14:37:40:	close file and end scan	 DONE
call of ifg2r_newPS_2p30s.sc DONE
10/10/2025 14:37:41:	move motor	S18.axis2.phaseshifter 2 to fit O COS-180	0.069570reached 0.07690  DONE
call of ifg2R_newPS_2p30s_p90.sc DONE
10/10/2025 14:37:44:	create file	D:\data\Cycle 198\exp_3-16-19\rawdata\sc\ifg_wv1_psi_+1+1+1_10Oct1437.dat	 DONE
room to enter remarks DONE
10/10/2025 14:37:46:	MOVE MOTOR REL	S18.axis2.phaseshifter 2	deg	0	FALSE DONE
10/10/2025 14:37:49:	1	count	time	30.0s/cts	O Det=1074	H Det=6632	Mon Det=92754	Aux Det=4861	O+H=12567	 DONE
10/10/2025 14:38:21:	MOVE MOTOR REL	S18.axis2.phaseshifter 2	deg	0.1	FALSE DONE
10/10/2025 14:38:24:	2	count	time	30.0s/cts	O Det=1507	H Det=6299	Mon Det=92824	Aux Det=4883	O+H=12689	 DONE
10/10/2025 14:38:56:	MOVE MOTOR REL	S18.axis2.phaseshifter 2	deg	0.1	FALSE DONE
10/10/2025 14:39:00:	3	count	time	30.0s/cts	O Det=2832	H Det=5232	Mon Det=92269	Aux Det=4830	O+H=12894	 DONE
10/10/2025 14:39:31:	MOVE MOTOR REL	S18.axis2.phaseshifter 2	deg	0.1	FALSE DONE
10/10/2025 14:39:35:	4	count	time	30.0s/cts	O Det=4178	H Det=3965	Mon Det=92443	Aux Det=4972	O+H=13115	 DONE
10/10/2025 14:40:07:	MOVE MOTOR REL	S18.axis2.phaseshifter 2	deg	0.1	FALSE DONE
10/10/2025 14:40:10:	5	count	time	30.0s/cts	O Det=5526	H Det=2790	Mon Det=92436	Aux Det=4940	O+H=13256	 DONE
10/10/2025 14:40:42:	MOVE MOTOR REL	S18.axis2.phaseshifter 2	deg	0.1	FALSE DONE
10/10/2025 14:40:45:	6	count	time	30.0s/cts	O Det=6327	H Det=2159	Mon Det=92340	Aux Det=4892	O+H=13378	 DONE
10/10/2025 14:41:17:	MOVE MOTOR REL	S18.axis2.phaseshifter 2	deg	0.1	FALSE DONE
10/10/2025 14:41:21:	7	count	time	30.0s/cts	O Det=6314	H Det=2225	Mon Det=91926	Aux Det=4918	O+H=13457	 DONE
10/10/2025 14:41:52:	MOVE MOTOR REL	S18.axis2.phaseshifter 2	deg	0.1	FALSE DONE
10/10/2025 14:41:56:	8	count	time	30.0s/cts	O Det=5134	H Det=3153	Mon Det=92845	Aux Det=4897	O+H=13184	 DONE
10/10/2025 14:42:28:	MOVE MOTOR REL	S18.axis2.phaseshifter 2	deg	0.1	FALSE DONE
10/10/2025 14:42:31:	9	count	time	30.0s/cts	O Det=3616	H Det=4475	Mon Det=92467	Aux Det=4919	O+H=13010	 DONE
10/10/2025 14:43:03:	MOVE MOTOR REL	S18.axis2.phaseshifter 2	deg	0.1	FALSE DONE
10/10/2025 14:43:07:	10	count	time	30.0s/cts	O Det=2117	H Det=5931	Mon Det=92585	Aux Det=4990	O+H=13038	 DONE
10/10/2025 14:43:38:	MOVE MOTOR REL	S18.axis2.phaseshifter 2	deg	0.1	FALSE DONE
10/10/2025 14:43:42:	11	count	time	30.0s/cts	O Det=1291	H Det=6414	Mon Det=92696	Aux Det=4857	O+H=12562	 DONE
10/10/2025 14:44:14:	MOVE MOTOR REL	S18.axis2.phaseshifter 2	deg	0.1	FALSE DONE
10/10/2025 14:44:17:	12	count	time	30.0s/cts	O Det=1195	H Det=6716	Mon Det=92727	Aux Det=4880	O+H=12791	 DONE
10/10/2025 14:44:49:	MOVE MOTOR REL	S18.axis2.phaseshifter 2	deg	0.1	FALSE DONE
10/10/2025 14:44:52:	13	count	time	30.0s/cts	O Det=2107	H Det=5852	Mon Det=92531	Aux Det=4960	O+H=12919	 DONE
10/10/2025 14:45:24:	MOVE MOTOR REL	S18.axis2.phaseshifter 2	deg	0.1	FALSE DONE
10/10/2025 14:45:28:	14	count	time	30.0s/cts	O Det=3515	H Det=4682	Mon Det=92652	Aux Det=4958	O+H=13155	 DONE
10/10/2025 14:45:59:	MOVE MOTOR REL	S18.axis2.phaseshifter 2	deg	0.1	FALSE DONE
10/10/2025 14:46:03:	15	count	time	30.0s/cts	O Det=4931	H Det=3316	Mon Det=92368	Aux Det=4965	O+H=13212	 DONE
10/10/2025 14:46:35:	MOVE MOTOR REL	S18.axis2.phaseshifter 2	deg	0.1	FALSE DONE
10/10/2025 14:46:38:	16	count	time	30.0s/cts	O Det=6033	H Det=2318	Mon Det=92176	Aux Det=4865	O+H=13216	 DONE
10/10/2025 14:47:10:	MOVE MOTOR REL	S18.axis2.phaseshifter 2	deg	0.1	FALSE DONE
10/10/2025 14:47:14:	17	count	time	30.0s/cts	O Det=6289	H Det=2128	Mon Det=92426	Aux Det=4782	O+H=13199	 DONE
10/10/2025 14:47:45:	MOVE MOTOR REL	S18.axis2.phaseshifter 2	deg	0.1	FALSE DONE
10/10/2025 14:47:49:	18	count	time	30.0s/cts	O Det=5796	H Det=2559	Mon Det=92445	Aux Det=4877	O+H=13232	 DONE
10/10/2025 14:48:21:	MOVE MOTOR REL	S18.axis2.phaseshifter 2	deg	0.1	FALSE DONE
10/10/2025 14:48:24:	19	count	time	30.0s/cts	O Det=4540	H Det=3789	Mon Det=92450	Aux Det=4822	O+H=13151	 DONE
10/10/2025 14:48:56:	MOVE MOTOR REL	S18.axis2.phaseshifter 2	deg	0.1	FALSE DONE
10/10/2025 14:48:59:	20	count	time	30.0s/cts	O Det=2968	H Det=5042	Mon Det=92406	Aux Det=4971	O+H=12981	 DONE
10/10/2025 14:49:31:	MOVE MOTOR REL	S18.axis2.phaseshifter 2	deg	0.1	FALSE DONE
10/10/2025 14:49:35:	21	count	time	30.0s/cts	O Det=1851	H Det=6110	Mon Det=92842	Aux Det=4864	O+H=12825	 DONE
10/10/2025 14:50:06:	MOVE MOTOR REL	S18.axis2.phaseshifter 2	deg	0.1	FALSE DONE
10/10/2025 14:50:10:	22	count	time	30.0s/cts	O Det=1203	H Det=6642	Mon Det=92014	Aux Det=5020	O+H=12865	 DONE
10/10/2025 14:50:42:	close file and end scan	 DONE
call of ifg2r_newPS_2p30s.sc DONE
call of ifg2R_newPS_2p30s_p180.sc DONE
10/10/2025 14:50:43:	move motor	S18.auxiliary.Robot Z to 207413.00000um	reached 207412.00000  DONE
call of robot_Zout_doubleCd.sc DONE
10/10/2025 14:50:46:	move motor	S18.auxiliary.Robot rot big to 90.00000deg	reached 90.00000  DONE
10/10/2025 14:50:49:	move motor	S18.auxiliary.Robot Diagonal to 26000.00000um	reached 25999.79402  DONE
10/10/2025 14:51:13:	move motor	S18.auxiliary.Robot Z to 207413.00000um	reached 207412.00000  DONE
call of robot_Zout_doubleCd.sc DONE
10/10/2025 14:51:16:	move motor	S18.auxiliary.Robot rot big to 90.00000deg	reached 90.00000  DONE
10/10/2025 14:51:19:	move motor	S18.auxiliary.Robot Z to 292012.00000um	reached 292007.00000  DONE
call of robot_Zin_doubleCd.sc DONE
call of Block_path13_doubleCd.sc DONE
10/10/2025 14:51:27:	move motor	S18.auxiliary.Robot Diagonal to 25999.900000um	 DONE
10/10/2025 14:51:33:	create file	D:\data\Cycle 198\exp_3-16-19\rawdata\sc\ifg_wv1_psi_+1+1+1_10Oct1451.dat	 DONE
room to enter remarks DONE
10/10/2025 14:51:34:	move motor	S18.auxiliary.Robot Diagonal to 26000.000000um	 DONE
10/10/2025 14:51:40:	1	count	time	60.000000s/cts	O Det=1703	H Det=1895	Mon Det=185472	Aux Det=6262	O+H=9860	 DONE
10/10/2025 14:52:42:	move motor	S18.auxiliary.Robot Diagonal to 48000.000000um	 DONE
10/10/2025 14:52:57:	2	count	time	60.000000s/cts	O Det=1863	H Det=3303	Mon Det=185562	Aux Det=51	O+H=5217	 DONE
10/10/2025 14:53:58:	move motor	S18.auxiliary.Robot Diagonal to 70000.000000um	 DONE
10/10/2025 14:54:13:	3	count	time	60.000000s/cts	O Det=1886	H Det=1660	Mon Det=185221	Aux Det=10885	O+H=14431	 DONE
10/10/2025 14:55:15:	close file and end scan	 DONE
10/10/2025 14:55:15:	move motor	S18.auxiliary.Robot Z to 207413.00000um	reached 207422.00000  DONE
call of robot_Zout_doubleCd.sc DONE
call of int_meas_path213.sc DONE
10/10/2025 14:55:24:	END OF SCRIPT	 DONE
