17/10/2025 18:05:25:	start execution of script D:\data\Cycle 198\exp_3-16-19\rawdata\sc\ifg_wv2_psi_+1+exp(-i60)+exp(i120).sc	 DONE
17/10/2025 18:05:26:	create file	D:\data\Cycle 198\exp_3-16-19\rawdata\sc\ifg_wv2_psi_+1+exp(-i60)+exp(i120)_17Oct1805.dat	 DONE
room to enter remarks DONE
17/10/2025 18:05:27:	MOVE MOTOR REL	S18.axis2.phaseshifter both	deg	0.0	FALSE DONE
17/10/2025 18:05:31:	1	count	time	15.0s/cts	O Det=768	H Det=1171	Mon Det=36456	Aux Det=6366	O+H=8305	 DONE
17/10/2025 18:05:47:	MOVE MOTOR REL	S18.axis2.phaseshifter both	deg	0.07	FALSE DONE
17/10/2025 18:05:52:	2	count	time	15.0s/cts	O Det=939	H Det=1054	Mon Det=36118	Aux Det=6277	O+H=8270	 DONE
17/10/2025 18:06:09:	MOVE MOTOR REL	S18.axis2.phaseshifter both	deg	0.07	FALSE DONE
17/10/2025 18:06:13:	3	count	time	15.0s/cts	O Det=1072	H Det=1083	Mon Det=36209	Aux Det=5980	O+H=8135	 DONE
17/10/2025 18:06:30:	MOVE MOTOR REL	S18.axis2.phaseshifter both	deg	0.07	FALSE DONE
17/10/2025 18:06:34:	4	count	time	15.0s/cts	O Det=1304	H Det=1220	Mon Det=36044	Aux Det=5254	O+H=7778	 DONE
17/10/2025 18:06:51:	MOVE MOTOR REL	S18.axis2.phaseshifter both	deg	0.07	FALSE DONE
17/10/2025 18:06:56:	5	count	time	15.0s/cts	O Det=1411	H Det=1554	Mon Det=35861	Aux Det=4421	O+H=7386	 DONE
17/10/2025 18:07:12:	MOVE MOTOR REL	S18.axis2.phaseshifter both	deg	0.07	FALSE DONE
17/10/2025 18:07:17:	6	count	time	15.0s/cts	O Det=1515	H Det=2013	Mon Det=35795	Aux Det=3719	O+H=7247	 DONE
17/10/2025 18:07:55:	MOVE MOTOR REL	S18.axis2.phaseshifter both	deg	0.07	FALSE DONE
17/10/2025 18:08:00:	7	count	time	15.0s/cts	O Det=1532	H Det=2283	Mon Det=35664	Aux Det=3073	O+H=6888	 DONE
17/10/2025 18:08:17:	MOVE MOTOR REL	S18.axis2.phaseshifter both	deg	0.07	FALSE DONE
17/10/2025 18:08:21:	8	count	time	15.0s/cts	O Det=1292	H Det=2724	Mon Det=36214	Aux Det=2617	O+H=6633	 DONE
17/10/2025 18:08:38:	MOVE MOTOR REL	S18.axis2.phaseshifter both	deg	0.07	FALSE DONE
17/10/2025 18:08:43:	9	count	time	15.0s/cts	O Det=1041	H Det=3102	Mon Det=35615	Aux Det=2524	O+H=6667	 DONE
17/10/2025 18:08:59:	MOVE MOTOR REL	S18.axis2.phaseshifter both	deg	0.07	FALSE DONE
17/10/2025 18:09:04:	10	count	time	15.0s/cts	O Det=917	H Det=2915	Mon Det=36487	Aux Det=2743	O+H=6575	 DONE
17/10/2025 18:09:20:	MOVE MOTOR REL	S18.axis2.phaseshifter both	deg	0.07	FALSE DONE
17/10/2025 18:09:25:	11	count	time	15.0s/cts	O Det=704	H Det=2824	Mon Det=35791	Aux Det=3207	O+H=6735	 DONE
17/10/2025 18:09:42:	MOVE MOTOR REL	S18.axis2.phaseshifter both	deg	0.07	FALSE DONE
17/10/2025 18:09:46:	12	count	time	15.0s/cts	O Det=548	H Det=2601	Mon Det=35648	Aux Det=3891	O+H=7040	 DONE
17/10/2025 18:10:03:	MOVE MOTOR REL	S18.axis2.phaseshifter both	deg	0.07	FALSE DONE
17/10/2025 18:10:07:	13	count	time	15.0s/cts	O Det=414	H Det=2444	Mon Det=36205	Aux Det=4638	O+H=7496	 DONE
17/10/2025 18:10:24:	MOVE MOTOR REL	S18.axis2.phaseshifter both	deg	0.07	FALSE DONE
17/10/2025 18:10:29:	14	count	time	15.0s/cts	O Det=408	H Det=2004	Mon Det=36144	Aux Det=5363	O+H=7775	 DONE
17/10/2025 18:10:45:	MOVE MOTOR REL	S18.axis2.phaseshifter both	deg	0.07	FALSE DONE
17/10/2025 18:10:50:	15	count	time	15.0s/cts	O Det=515	H Det=1643	Mon Det=36116	Aux Det=5896	O+H=8054	 DONE
17/10/2025 18:11:06:	MOVE MOTOR REL	S18.axis2.phaseshifter both	deg	0.07	FALSE DONE
17/10/2025 18:11:11:	16	count	time	15.0s/cts	O Det=592	H Det=1335	Mon Det=36012	Aux Det=6234	O+H=8161	 DONE
17/10/2025 18:11:28:	MOVE MOTOR REL	S18.axis2.phaseshifter both	deg	0.07	FALSE DONE
17/10/2025 18:11:32:	17	count	time	15.0s/cts	O Det=853	H Det=1188	Mon Det=35780	Aux Det=6182	O+H=8223	 DONE
17/10/2025 18:11:49:	MOVE MOTOR REL	S18.axis2.phaseshifter both	deg	0.07	FALSE DONE
17/10/2025 18:11:54:	18	count	time	15.0s/cts	O Det=916	H Det=1153	Mon Det=35812	Aux Det=6034	O+H=8103	 DONE
17/10/2025 18:12:10:	MOVE MOTOR REL	S18.axis2.phaseshifter both	deg	0.07	FALSE DONE
17/10/2025 18:12:15:	19	count	time	15.0s/cts	O Det=1187	H Det=1184	Mon Det=35846	Aux Det=5503	O+H=7874	 DONE
17/10/2025 18:12:31:	MOVE MOTOR REL	S18.axis2.phaseshifter both	deg	0.07	FALSE DONE
17/10/2025 18:12:36:	20	count	time	15.0s/cts	O Det=1243	H Det=1529	Mon Det=35355	Aux Det=4774	O+H=7546	 DONE
17/10/2025 18:12:53:	MOVE MOTOR REL	S18.axis2.phaseshifter both	deg	0.07	FALSE DONE
17/10/2025 18:12:57:	21	count	time	15.0s/cts	O Det=1310	H Det=1855	Mon Det=35914	Aux Det=4189	O+H=7354	 DONE
17/10/2025 18:13:14:	MOVE MOTOR REL	S18.axis2.phaseshifter both	deg	0.07	FALSE DONE
17/10/2025 18:13:19:	22	count	time	15.0s/cts	O Det=1267	H Det=2292	Mon Det=35908	Aux Det=3458	O+H=7017	 DONE
17/10/2025 18:13:35:	MOVE MOTOR REL	S18.axis2.phaseshifter both	deg	0.07	FALSE DONE
17/10/2025 18:13:40:	23	count	time	15.0s/cts	O Det=1197	H Det=2683	Mon Det=36098	Aux Det=2859	O+H=6739	 DONE
17/10/2025 18:13:57:	MOVE MOTOR REL	S18.axis2.phaseshifter both	deg	0.07	FALSE DONE
17/10/2025 18:14:01:	24	count	time	15.0s/cts	O Det=1042	H Det=2995	Mon Det=35694	Aux Det=2713	O+H=6750	 DONE
17/10/2025 18:14:18:	MOVE MOTOR REL	S18.axis2.phaseshifter both	deg	0.07	FALSE DONE
17/10/2025 18:14:22:	25	count	time	15.0s/cts	O Det=868	H Det=3075	Mon Det=35961	Aux Det=2490	O+H=6433	 DONE
17/10/2025 18:14:39:	MOVE MOTOR REL	S18.axis2.phaseshifter both	deg	0.07	FALSE DONE
17/10/2025 18:14:44:	26	count	time	15.0s/cts	O Det=707	H Det=3081	Mon Det=36212	Aux Det=2770	O+H=6558	 DONE
17/10/2025 18:15:00:	MOVE MOTOR REL	S18.axis2.phaseshifter both	deg	0.07	FALSE DONE
17/10/2025 18:15:05:	27	count	time	15.0s/cts	O Det=561	H Det=3058	Mon Det=35810	Aux Det=3225	O+H=6844	 DONE
17/10/2025 18:15:21:	MOVE MOTOR REL	S18.axis2.phaseshifter both	deg	0.07	FALSE DONE
17/10/2025 18:15:26:	28	count	time	15.0s/cts	O Det=499	H Det=2798	Mon Det=35722	Aux Det=3736	O+H=7033	 DONE
17/10/2025 18:15:43:	MOVE MOTOR REL	S18.axis2.phaseshifter both	deg	0.07	FALSE DONE
17/10/2025 18:15:47:	29	count	time	15.0s/cts	O Det=404	H Det=2412	Mon Det=35818	Aux Det=4716	O+H=7532	 DONE
17/10/2025 18:16:04:	MOVE MOTOR REL	S18.axis2.phaseshifter both	deg	0.07	FALSE DONE
17/10/2025 18:16:08:	30	count	time	15.0s/cts	O Det=455	H Det=1822	Mon Det=35836	Aux Det=5316	O+H=7593	 DONE
17/10/2025 18:16:25:	MOVE MOTOR REL	S18.axis2.phaseshifter both	deg	0.07	FALSE DONE
17/10/2025 18:16:30:	31	count	time	15.0s/cts	O Det=523	H Det=1532	Mon Det=35886	Aux Det=5960	O+H=8015	 DONE
17/10/2025 18:16:46:	MOVE MOTOR REL	S18.axis2.phaseshifter both	deg	0.07	FALSE DONE
17/10/2025 18:16:51:	32	count	time	15.0s/cts	O Det=619	H Det=1329	Mon Det=36043	Aux Det=6284	O+H=8232	 DONE
17/10/2025 18:17:07:	NO ACTION	 DONE
17/10/2025 18:17:08:	close file and end scan	 DONE
call of ifg12r_newPS_2p30s_AP.sc DONE
17/10/2025 18:17:09:	move motor	S18.axis2.phaseshifter both to fit O COS-390	-1.251564reached -1.25244  DONE
call of ifg12R_newPS_2p30s_0_+1+exp(-i60)+exp(i120)_wv2.sc DONE
17/10/2025 18:17:16:	create file	D:\data\Cycle 198\exp_3-16-19\rawdata\sc\ifg_wv2_psi_+1+exp(-i60)+exp(i120)_17Oct1817.dat	 DONE
room to enter remarks DONE
17/10/2025 18:17:17:	MOVE MOTOR REL	S18.axis2.phaseshifter both	deg	0.0	FALSE DONE
17/10/2025 18:17:21:	1	count	time	15.0s/cts	O Det=1239	H Det=1742	Mon Det=35844	Aux Det=4564	O+H=7545	 DONE
17/10/2025 18:17:38:	MOVE MOTOR REL	S18.axis2.phaseshifter both	deg	0.07	FALSE DONE
17/10/2025 18:17:42:	2	count	time	15.0s/cts	O Det=1243	H Det=2199	Mon Det=35944	Aux Det=3688	O+H=7130	 DONE
17/10/2025 18:17:59:	MOVE MOTOR REL	S18.axis2.phaseshifter both	deg	0.07	FALSE DONE
17/10/2025 18:18:03:	3	count	time	15.0s/cts	O Det=1214	H Det=2644	Mon Det=35594	Aux Det=2984	O+H=6842	 DONE
17/10/2025 18:18:20:	MOVE MOTOR REL	S18.axis2.phaseshifter both	deg	0.07	FALSE DONE
17/10/2025 18:18:25:	4	count	time	15.0s/cts	O Det=1177	H Det=2821	Mon Det=36318	Aux Det=2706	O+H=6704	 DONE
17/10/2025 18:18:41:	MOVE MOTOR REL	S18.axis2.phaseshifter both	deg	0.07	FALSE DONE
17/10/2025 18:18:46:	5	count	time	15.0s/cts	O Det=959	H Det=3155	Mon Det=36005	Aux Det=2623	O+H=6737	 DONE
17/10/2025 18:19:03:	MOVE MOTOR REL	S18.axis2.phaseshifter both	deg	0.07	FALSE DONE
17/10/2025 18:19:07:	6	count	time	15.0s/cts	O Det=862	H Det=3061	Mon Det=36026	Aux Det=2703	O+H=6626	 DONE
17/10/2025 18:19:24:	MOVE MOTOR REL	S18.axis2.phaseshifter both	deg	0.07	FALSE DONE
17/10/2025 18:19:28:	7	count	time	15.0s/cts	O Det=599	H Det=3036	Mon Det=35546	Aux Det=3138	O+H=6773	 DONE
17/10/2025 18:19:45:	MOVE MOTOR REL	S18.axis2.phaseshifter both	deg	0.07	FALSE DONE
17/10/2025 18:19:50:	8	count	time	15.0s/cts	O Det=495	H Det=2755	Mon Det=36076	Aux Det=3616	O+H=6866	 DONE
17/10/2025 18:20:06:	MOVE MOTOR REL	S18.axis2.phaseshifter both	deg	0.07	FALSE DONE
17/10/2025 18:20:11:	9	count	time	15.0s/cts	O Det=439	H Det=2410	Mon Det=36277	Aux Det=4312	O+H=7161	 DONE
17/10/2025 18:20:28:	MOVE MOTOR REL	S18.axis2.phaseshifter both	deg	0.07	FALSE DONE
17/10/2025 18:20:32:	10	count	time	15.0s/cts	O Det=465	H Det=1960	Mon Det=36204	Aux Det=5187	O+H=7612	 DONE
17/10/2025 18:20:49:	MOVE MOTOR REL	S18.axis2.phaseshifter both	deg	0.07	FALSE DONE
17/10/2025 18:20:53:	11	count	time	15.0s/cts	O Det=518	H Det=1679	Mon Det=35938	Aux Det=5830	O+H=8027	 DONE
17/10/2025 18:21:10:	MOVE MOTOR REL	S18.axis2.phaseshifter both	deg	0.07	FALSE DONE
17/10/2025 18:21:15:	12	count	time	15.0s/cts	O Det=681	H Det=1253	Mon Det=36107	Aux Det=6110	O+H=8044	 DONE
17/10/2025 18:21:31:	MOVE MOTOR REL	S18.axis2.phaseshifter both	deg	0.07	FALSE DONE
17/10/2025 18:21:36:	13	count	time	15.0s/cts	O Det=797	H Det=1157	Mon Det=36159	Aux Det=6231	O+H=8185	 DONE
17/10/2025 18:21:52:	MOVE MOTOR REL	S18.axis2.phaseshifter both	deg	0.07	FALSE DONE
17/10/2025 18:21:57:	14	count	time	15.0s/cts	O Det=931	H Det=1132	Mon Det=35848	Aux Det=6142	O+H=8205	 DONE
17/10/2025 18:22:14:	MOVE MOTOR REL	S18.axis2.phaseshifter both	deg	0.07	FALSE DONE
17/10/2025 18:22:18:	15	count	time	15.0s/cts	O Det=0	H Det=0	Mon Det=0	Aux Det=0	O+H=0	STOPPED BY USER	