12/10/2025 11:50:13:	start execution of script D:\data\Cycle 198\exp_3-16-19\rawdata\sc\ifg_wv3_psi_+1-1-i.sc	 DONE
12/10/2025 11:50:13:	create file	D:\data\Cycle 198\exp_3-16-19\rawdata\sc\ifg_wv3_psi_+1-1-i_12Oct1150.dat	 DONE
room to enter remarks DONE
12/10/2025 11:50:14:	MOVE MOTOR REL	S18.axis2.phaseshifter 1	deg	0.0	FALSE DONE
12/10/2025 11:50:17:	1	count	time	30.0s/cts	O Det=1595	H Det=6025	Mon Det=93647	Aux Det=11002	O+H=18622	 DONE
12/10/2025 11:50:49:	MOVE MOTOR REL	S18.axis2.phaseshifter 1	deg	0.07	FALSE DONE
12/10/2025 11:50:53:	2	count	time	30.0s/cts	O Det=1433	H Det=5005	Mon Det=92838	Aux Det=13106	O+H=19544	 DONE
12/10/2025 11:51:24:	MOVE MOTOR REL	S18.axis2.phaseshifter 1	deg	0.07	FALSE DONE
12/10/2025 11:51:28:	3	count	time	30.0s/cts	O Det=1667	H Det=4162	Mon Det=93589	Aux Det=14531	O+H=20360	 DONE
12/10/2025 11:52:00:	MOVE MOTOR REL	S18.axis2.phaseshifter 1	deg	0.07	FALSE DONE
12/10/2025 11:52:03:	4	count	time	30.0s/cts	O Det=1597	H Det=3423	Mon Det=93683	Aux Det=15524	O+H=20544	 DONE
12/10/2025 11:52:35:	MOVE MOTOR REL	S18.axis2.phaseshifter 1	deg	0.07	FALSE DONE
12/10/2025 11:52:38:	5	count	time	30.0s/cts	O Det=1677	H Det=3050	Mon Det=92734	Aux Det=16033	O+H=20760	 DONE
12/10/2025 11:53:10:	MOVE MOTOR REL	S18.axis2.phaseshifter 1	deg	0.07	FALSE DONE
12/10/2025 11:53:14:	6	count	time	30.0s/cts	O Det=1829	H Det=3161	Mon Det=92663	Aux Det=16338	O+H=21328	 DONE
12/10/2025 11:53:45:	MOVE MOTOR REL	S18.axis2.phaseshifter 1	deg	0.07	FALSE DONE
12/10/2025 11:53:49:	7	count	time	30.0s/cts	O Det=1740	H Det=3729	Mon Det=93109	Aux Det=14858	O+H=20327	 DONE
12/10/2025 11:54:21:	MOVE MOTOR REL	S18.axis2.phaseshifter 1	deg	0.07	FALSE DONE
12/10/2025 11:54:24:	8	count	time	30.0s/cts	O Det=1824	H Det=4502	Mon Det=92936	Aux Det=13301	O+H=19627	 DONE
12/10/2025 11:54:56:	MOVE MOTOR REL	S18.axis2.phaseshifter 1	deg	0.07	FALSE DONE
12/10/2025 11:55:00:	9	count	time	30.0s/cts	O Det=1647	H Det=5551	Mon Det=92828	Aux Det=11562	O+H=18760	 DONE
12/10/2025 11:55:31:	MOVE MOTOR REL	S18.axis2.phaseshifter 1	deg	0.07	FALSE DONE
12/10/2025 11:55:35:	10	count	time	30.0s/cts	O Det=1707	H Det=6616	Mon Det=93174	Aux Det=9627	O+H=17950	 DONE
12/10/2025 11:56:07:	MOVE MOTOR REL	S18.axis2.phaseshifter 1	deg	0.07	FALSE DONE
12/10/2025 11:56:10:	11	count	time	30.0s/cts	O Det=1588	H Det=7724	Mon Det=92956	Aux Det=7928	O+H=17240	 DONE
12/10/2025 11:56:42:	MOVE MOTOR REL	S18.axis2.phaseshifter 1	deg	0.07	FALSE DONE
12/10/2025 11:56:45:	12	count	time	30.0s/cts	O Det=1545	H Det=8294	Mon Det=93255	Aux Det=6725	O+H=16564	 DONE
12/10/2025 11:57:17:	MOVE MOTOR REL	S18.axis2.phaseshifter 1	deg	0.07	FALSE DONE
12/10/2025 11:57:21:	13	count	time	30.0s/cts	O Det=1476	H Det=8827	Mon Det=93252	Aux Det=6164	O+H=16467	 DONE
12/10/2025 11:57:52:	MOVE MOTOR REL	S18.axis2.phaseshifter 1	deg	0.07	FALSE DONE
12/10/2025 11:57:56:	14	count	time	30.0s/cts	O Det=1459	H Det=8523	Mon Det=93284	Aux Det=6596	O+H=16578	 DONE
12/10/2025 11:58:27:	MOVE MOTOR REL	S18.axis2.phaseshifter 1	deg	0.07	FALSE DONE
12/10/2025 11:58:31:	15	count	time	30.0s/cts	O Det=1423	H Det=7941	Mon Det=93164	Aux Det=7486	O+H=16850	 DONE
12/10/2025 11:59:03:	MOVE MOTOR REL	S18.axis2.phaseshifter 1	deg	0.07	FALSE DONE
12/10/2025 11:59:06:	16	count	time	30.0s/cts	O Det=1363	H Det=7327	Mon Det=93484	Aux Det=8800	O+H=17490	 DONE
12/10/2025 11:59:38:	MOVE MOTOR REL	S18.axis2.phaseshifter 1	deg	0.07	FALSE DONE
12/10/2025 11:59:41:	17	count	time	30.0s/cts	O Det=1439	H Det=6152	Mon Det=93679	Aux Det=10994	O+H=18585	 DONE
12/10/2025 12:00:13:	MOVE MOTOR REL	S18.axis2.phaseshifter 1	deg	0.07	FALSE DONE
12/10/2025 12:00:17:	18	count	time	30.0s/cts	O Det=1504	H Det=5119	Mon Det=93149	Aux Det=12806	O+H=19429	 DONE
12/10/2025 12:00:48:	MOVE MOTOR REL	S18.axis2.phaseshifter 1	deg	0.07	FALSE DONE
12/10/2025 12:00:52:	19	count	time	30.0s/cts	O Det=1440	H Det=4087	Mon Det=93069	Aux Det=14462	O+H=19989	 DONE
12/10/2025 12:01:24:	MOVE MOTOR REL	S18.axis2.phaseshifter 1	deg	0.07	FALSE DONE
12/10/2025 12:01:27:	20	count	time	30.0s/cts	O Det=1558	H Det=3552	Mon Det=93310	Aux Det=15265	O+H=20375	 DONE
12/10/2025 12:01:59:	MOVE MOTOR REL	S18.axis2.phaseshifter 1	deg	0.07	FALSE DONE
12/10/2025 12:02:02:	21	count	time	30.0s/cts	O Det=1698	H Det=3078	Mon Det=93288	Aux Det=15842	O+H=20618	 DONE
12/10/2025 12:02:34:	MOVE MOTOR REL	S18.axis2.phaseshifter 1	deg	0.07	FALSE DONE
12/10/2025 12:02:38:	22	count	time	30.0s/cts	O Det=1709	H Det=3342	Mon Det=93117	Aux Det=15522	O+H=20573	 DONE
12/10/2025 12:03:09:	MOVE MOTOR REL	S18.axis2.phaseshifter 1	deg	0.07	FALSE DONE
12/10/2025 12:03:13:	23	count	time	30.0s/cts	O Det=1737	H Det=3599	Mon Det=92758	Aux Det=14649	O+H=19985	 DONE
12/10/2025 12:03:45:	MOVE MOTOR REL	S18.axis2.phaseshifter 1	deg	0.07	FALSE DONE
12/10/2025 12:03:48:	24	count	time	30.0s/cts	O Det=1748	H Det=4423	Mon Det=93012	Aux Det=13226	O+H=19397	 DONE
12/10/2025 12:04:20:	MOVE MOTOR REL	S18.axis2.phaseshifter 1	deg	0.07	FALSE DONE
12/10/2025 12:04:23:	25	count	time	30.0s/cts	O Det=1682	H Det=5656	Mon Det=93151	Aux Det=11159	O+H=18497	 DONE
12/10/2025 12:04:55:	MOVE MOTOR REL	S18.axis2.phaseshifter 1	deg	0.07	FALSE DONE
12/10/2025 12:04:59:	26	count	time	30.0s/cts	O Det=1691	H Det=6659	Mon Det=92922	Aux Det=9783	O+H=18133	 DONE
12/10/2025 12:05:30:	MOVE MOTOR REL	S18.axis2.phaseshifter 1	deg	0.07	FALSE DONE
12/10/2025 12:05:34:	27	count	time	30.0s/cts	O Det=1657	H Det=7725	Mon Det=93057	Aux Det=7649	O+H=17031	 DONE
12/10/2025 12:06:05:	MOVE MOTOR REL	S18.axis2.phaseshifter 1	deg	0.07	FALSE DONE
12/10/2025 12:06:09:	28	count	time	30.0s/cts	O Det=1565	H Det=8344	Mon Det=93395	Aux Det=6689	O+H=16598	 DONE
12/10/2025 12:06:41:	MOVE MOTOR REL	S18.axis2.phaseshifter 1	deg	0.07	FALSE DONE
12/10/2025 12:06:44:	29	count	time	30.0s/cts	O Det=1511	H Det=8673	Mon Det=93815	Aux Det=6215	O+H=16399	 DONE
12/10/2025 12:07:16:	MOVE MOTOR REL	S18.axis2.phaseshifter 1	deg	0.07	FALSE DONE
12/10/2025 12:07:19:	30	count	time	30.0s/cts	O Det=1477	H Det=8450	Mon Det=93235	Aux Det=6538	O+H=16465	 DONE
12/10/2025 12:07:51:	NO ACTION	 DONE
12/10/2025 12:07:52:	close file and end scan	 DONE
call of ifg1r_newPS_2p30s.sc DONE
12/10/2025 12:07:53:	move motor	S18.auxiliary.Robot Z to 207413.00000um	reached 207408.00000  DONE
call of robot_Zout_doubleCd.sc DONE
12/10/2025 12:07:56:	move motor	S18.auxiliary.Robot rot big to 90.00000deg	reached 90.00000  DONE
12/10/2025 12:07:58:	move motor	S18.auxiliary.Robot Diagonal to 26000.00000um	reached 25999.79402  DONE
12/10/2025 12:08:22:	move motor	S18.auxiliary.Robot Z to 207413.00000um	reached 207412.00000  DONE
call of robot_Zout_doubleCd.sc DONE
12/10/2025 12:08:25:	move motor	S18.auxiliary.Robot rot big to 90.00000deg	reached 90.00000  DONE
12/10/2025 12:08:28:	move motor	S18.auxiliary.Robot Z to 292012.00000um	reached 292012.00000  DONE
call of robot_Zin_doubleCd.sc DONE
call of Block_path13_doubleCd.sc DONE
12/10/2025 12:08:36:	move motor	S18.auxiliary.Robot Diagonal to 25999.900000um	 DONE
12/10/2025 12:08:42:	create file	D:\data\Cycle 198\exp_3-16-19\rawdata\sc\ifg_wv3_psi_+1-1-i_12Oct1208.dat	 DONE
room to enter remarks DONE
12/10/2025 12:08:43:	move motor	S18.auxiliary.Robot Diagonal to 26000.000000um	 DONE
12/10/2025 12:08:49:	1	count	time	60.000000s/cts	O Det=2094	H Det=2205	Mon Det=186701	Aux Det=7758	O+H=12057	 DONE
12/10/2025 12:09:51:	move motor	S18.auxiliary.Robot Diagonal to 48000.000000um	 DONE
12/10/2025 12:10:05:	2	count	time	60.000000s/cts	O Det=2198	H Det=4375	Mon Det=186357	Aux Det=41	O+H=6614	 DONE
12/10/2025 12:11:07:	move motor	S18.auxiliary.Robot Diagonal to 70000.000000um	 DONE
12/10/2025 12:11:22:	3	count	time	60.000000s/cts	O Det=2229	H Det=2100	Mon Det=186244	Aux Det=14615	O+H=18944	 DONE
12/10/2025 12:12:24:	close file and end scan	 DONE
12/10/2025 12:12:24:	move motor	S18.auxiliary.Robot Z to 207413.00000um	reached 207426.00000  DONE
call of robot_Zout_doubleCd.sc DONE
call of int_meas_path213.sc DONE
12/10/2025 12:12:32:	END OF SCRIPT	 DONE
