15/10/2025 06:06:09:	start execution of script D:\data\Cycle 198\exp_3-16-19\rawdata\sc\ifg_wv1_psi_+1-1-i.sc	 DONE
15/10/2025 06:06:09:	create file	D:\data\Cycle 198\exp_3-16-19\rawdata\sc\ifg_wv1_psi_+1-1-i_15Oct0606.dat	 DONE
room to enter remarks DONE
15/10/2025 06:06:10:	MOVE MOTOR REL	S18.axis2.phaseshifter 2	deg	0.0	FALSE DONE
15/10/2025 06:06:14:	1	count	time	30.0s/cts	O Det=1257	H Det=4491	Mon Det=71543	Aux Det=8698	O+H=14446	 DONE
15/10/2025 06:06:45:	MOVE MOTOR REL	S18.axis2.phaseshifter 2	deg	0.07	FALSE DONE
15/10/2025 06:06:49:	2	count	time	30.0s/cts	O Det=852	H Det=4874	Mon Det=71490	Aux Det=8840	O+H=14566	 DONE
15/10/2025 06:07:20:	MOVE MOTOR REL	S18.axis2.phaseshifter 2	deg	0.07	FALSE DONE
15/10/2025 06:07:24:	3	count	time	30.0s/cts	O Det=689	H Det=5109	Mon Det=71954	Aux Det=8715	O+H=14513	 DONE
15/10/2025 06:07:56:	MOVE MOTOR REL	S18.axis2.phaseshifter 2	deg	0.07	FALSE DONE
15/10/2025 06:07:59:	4	count	time	30.0s/cts	O Det=909	H Det=4616	Mon Det=71690	Aux Det=8510	O+H=14035	 DONE
15/10/2025 06:08:31:	MOVE MOTOR REL	S18.axis2.phaseshifter 2	deg	0.07	FALSE DONE
15/10/2025 06:08:34:	5	count	time	30.0s/cts	O Det=1388	H Det=4433	Mon Det=70942	Aux Det=8739	O+H=14560	 DONE
15/10/2025 06:09:06:	MOVE MOTOR REL	S18.axis2.phaseshifter 2	deg	0.07	FALSE DONE
15/10/2025 06:09:09:	6	count	time	30.0s/cts	O Det=2033	H Det=3809	Mon Det=71640	Aux Det=8638	O+H=14480	 DONE
15/10/2025 06:09:41:	MOVE MOTOR REL	S18.axis2.phaseshifter 2	deg	0.07	FALSE DONE
15/10/2025 06:09:45:	7	count	time	30.0s/cts	O Det=2723	H Det=3093	Mon Det=71506	Aux Det=8675	O+H=14491	 DONE
15/10/2025 06:10:16:	MOVE MOTOR REL	S18.axis2.phaseshifter 2	deg	0.07	FALSE DONE
15/10/2025 06:10:20:	8	count	time	30.0s/cts	O Det=3483	H Det=2599	Mon Det=71424	Aux Det=8445	O+H=14527	 DONE
15/10/2025 06:10:51:	MOVE MOTOR REL	S18.axis2.phaseshifter 2	deg	0.07	FALSE DONE
15/10/2025 06:10:55:	9	count	time	30.0s/cts	O Det=4119	H Det=1937	Mon Det=71286	Aux Det=8652	O+H=14708	 DONE
15/10/2025 06:11:27:	MOVE MOTOR REL	S18.axis2.phaseshifter 2	deg	0.07	FALSE DONE
15/10/2025 06:11:30:	10	count	time	30.0s/cts	O Det=4396	H Det=1783	Mon Det=71320	Aux Det=8934	O+H=15113	 DONE
15/10/2025 06:12:02:	MOVE MOTOR REL	S18.axis2.phaseshifter 2	deg	0.07	FALSE DONE
15/10/2025 06:12:05:	11	count	time	30.0s/cts	O Det=4341	H Det=1861	Mon Det=71279	Aux Det=8675	O+H=14877	 DONE
15/10/2025 06:12:37:	MOVE MOTOR REL	S18.axis2.phaseshifter 2	deg	0.07	FALSE DONE
15/10/2025 06:12:41:	12	count	time	30.0s/cts	O Det=3918	H Det=2105	Mon Det=71814	Aux Det=8817	O+H=14840	 DONE
15/10/2025 06:13:12:	MOVE MOTOR REL	S18.axis2.phaseshifter 2	deg	0.07	FALSE DONE
15/10/2025 06:13:16:	13	count	time	30.0s/cts	O Det=3344	H Det=2630	Mon Det=71500	Aux Det=8726	O+H=14700	 DONE
15/10/2025 06:13:47:	MOVE MOTOR REL	S18.axis2.phaseshifter 2	deg	0.07	FALSE DONE
15/10/2025 06:13:51:	14	count	time	30.0s/cts	O Det=2697	H Det=3209	Mon Det=70897	Aux Det=8649	O+H=14555	 DONE
15/10/2025 06:14:23:	MOVE MOTOR REL	S18.axis2.phaseshifter 2	deg	0.07	FALSE DONE
15/10/2025 06:14:26:	15	count	time	30.0s/cts	O Det=2166	H Det=3678	Mon Det=71376	Aux Det=8570	O+H=14414	 DONE
15/10/2025 06:14:58:	MOVE MOTOR REL	S18.axis2.phaseshifter 2	deg	0.07	FALSE DONE
15/10/2025 06:15:01:	16	count	time	30.0s/cts	O Det=1536	H Det=4306	Mon Det=71352	Aux Det=8516	O+H=14358	 DONE
15/10/2025 06:15:33:	MOVE MOTOR REL	S18.axis2.phaseshifter 2	deg	0.07	FALSE DONE
15/10/2025 06:15:37:	17	count	time	30.0s/cts	O Det=922	H Det=4741	Mon Det=71456	Aux Det=8787	O+H=14450	 DONE
15/10/2025 06:16:08:	MOVE MOTOR REL	S18.axis2.phaseshifter 2	deg	0.07	FALSE DONE
15/10/2025 06:16:12:	18	count	time	30.0s/cts	O Det=684	H Det=4930	Mon Det=71389	Aux Det=8758	O+H=14372	 DONE
15/10/2025 06:16:43:	MOVE MOTOR REL	S18.axis2.phaseshifter 2	deg	0.07	FALSE DONE
15/10/2025 06:16:47:	19	count	time	30.0s/cts	O Det=810	H Det=4855	Mon Det=71351	Aux Det=8668	O+H=14333	 DONE
15/10/2025 06:17:19:	MOVE MOTOR REL	S18.axis2.phaseshifter 2	deg	0.07	FALSE DONE
15/10/2025 06:17:22:	20	count	time	30.0s/cts	O Det=1160	H Det=4564	Mon Det=71819	Aux Det=8577	O+H=14301	 DONE
15/10/2025 06:17:54:	MOVE MOTOR REL	S18.axis2.phaseshifter 2	deg	0.07	FALSE DONE
15/10/2025 06:17:57:	21	count	time	30.0s/cts	O Det=1721	H Det=4092	Mon Det=71646	Aux Det=8527	O+H=14340	 DONE
15/10/2025 06:18:29:	MOVE MOTOR REL	S18.axis2.phaseshifter 2	deg	0.07	FALSE DONE
15/10/2025 06:18:32:	22	count	time	30.0s/cts	O Det=2415	H Det=3486	Mon Det=71304	Aux Det=8735	O+H=14636	 DONE
15/10/2025 06:19:04:	MOVE MOTOR REL	S18.axis2.phaseshifter 2	deg	0.07	FALSE DONE
15/10/2025 06:19:08:	23	count	time	30.0s/cts	O Det=3140	H Det=2814	Mon Det=71900	Aux Det=8611	O+H=14565	 DONE
15/10/2025 06:19:39:	MOVE MOTOR REL	S18.axis2.phaseshifter 2	deg	0.07	FALSE DONE
15/10/2025 06:19:43:	24	count	time	30.0s/cts	O Det=3845	H Det=2260	Mon Det=71375	Aux Det=8608	O+H=14713	 DONE
15/10/2025 06:20:14:	MOVE MOTOR REL	S18.axis2.phaseshifter 2	deg	0.07	FALSE DONE
15/10/2025 06:20:18:	25	count	time	30.0s/cts	O Det=4235	H Det=1923	Mon Det=71646	Aux Det=8568	O+H=14726	 DONE
15/10/2025 06:20:50:	MOVE MOTOR REL	S18.axis2.phaseshifter 2	deg	0.07	FALSE DONE
15/10/2025 06:20:53:	26	count	time	30.0s/cts	O Det=4356	H Det=1773	Mon Det=71605	Aux Det=8581	O+H=14710	 DONE
15/10/2025 06:21:25:	MOVE MOTOR REL	S18.axis2.phaseshifter 2	deg	0.07	FALSE DONE
15/10/2025 06:21:28:	27	count	time	30.0s/cts	O Det=4156	H Det=1916	Mon Det=71597	Aux Det=8689	O+H=14761	 DONE
15/10/2025 06:22:00:	MOVE MOTOR REL	S18.axis2.phaseshifter 2	deg	0.07	FALSE DONE
15/10/2025 06:22:04:	28	count	time	30.0s/cts	O Det=3770	H Det=2327	Mon Det=71475	Aux Det=8615	O+H=14712	 DONE
15/10/2025 06:22:35:	MOVE MOTOR REL	S18.axis2.phaseshifter 2	deg	0.07	FALSE DONE
15/10/2025 06:22:39:	29	count	time	30.0s/cts	O Det=2991	H Det=2991	Mon Det=71329	Aux Det=8649	O+H=14631	 DONE
15/10/2025 06:23:10:	MOVE MOTOR REL	S18.axis2.phaseshifter 2	deg	0.07	FALSE DONE
15/10/2025 06:23:14:	30	count	time	30.0s/cts	O Det=2505	H Det=3478	Mon Det=71076	Aux Det=8693	O+H=14676	 DONE
15/10/2025 06:23:46:	NO ACTION	 DONE
15/10/2025 06:23:46:	close file and end scan	 DONE
call of ifg2r_newPS_2p30s.sc DONE
15/10/2025 06:23:47:	move motor	S18.axis2.phaseshifter 2 to fit O COS-315	-1.129959reached -1.13159  DONE
call of ifg2R_newPS_2p30s_0_+1-1-i_wv1.sc DONE
15/10/2025 06:23:51:	create file	D:\data\Cycle 198\exp_3-16-19\rawdata\sc\ifg_wv1_psi_+1-1-i_15Oct0623.dat	 DONE
room to enter remarks DONE
15/10/2025 06:23:52:	MOVE MOTOR REL	S18.axis2.phaseshifter 2	deg	0.0	FALSE DONE
15/10/2025 06:23:55:	1	count	time	30.0s/cts	O Det=3807	H Det=2248	Mon Det=71514	Aux Det=8670	O+H=14725	 DONE
15/10/2025 06:24:27:	MOVE MOTOR REL	S18.axis2.phaseshifter 2	deg	0.07	FALSE DONE
15/10/2025 06:24:31:	2	count	time	30.0s/cts	O Det=3333	H Det=2740	Mon Det=71865	Aux Det=8785	O+H=14858	 DONE
15/10/2025 06:25:02:	MOVE MOTOR REL	S18.axis2.phaseshifter 2	deg	0.07	FALSE DONE
15/10/2025 06:25:06:	3	count	time	30.0s/cts	O Det=2462	H Det=3284	Mon Det=71650	Aux Det=8823	O+H=14569	 DONE
15/10/2025 06:25:37:	MOVE MOTOR REL	S18.axis2.phaseshifter 2	deg	0.07	FALSE DONE
15/10/2025 06:25:41:	4	count	time	30.0s/cts	O Det=1807	H Det=3938	Mon Det=71877	Aux Det=8561	O+H=14306	 DONE
15/10/2025 06:26:13:	MOVE MOTOR REL	S18.axis2.phaseshifter 2	deg	0.07	FALSE DONE
15/10/2025 06:26:16:	5	count	time	30.0s/cts	O Det=1224	H Det=4431	Mon Det=71964	Aux Det=8672	O+H=14327	 DONE
15/10/2025 06:26:48:	MOVE MOTOR REL	S18.axis2.phaseshifter 2	deg	0.07	FALSE DONE
15/10/2025 06:26:51:	6	count	time	30.0s/cts	O Det=809	H Det=4869	Mon Det=71818	Aux Det=8593	O+H=14271	 DONE
15/10/2025 06:27:23:	MOVE MOTOR REL	S18.axis2.phaseshifter 2	deg	0.07	FALSE DONE
15/10/2025 06:27:27:	7	count	time	30.0s/cts	O Det=742	H Det=4875	Mon Det=71602	Aux Det=8621	O+H=14238	 DONE
15/10/2025 06:27:58:	MOVE MOTOR REL	S18.axis2.phaseshifter 2	deg	0.07	FALSE DONE
15/10/2025 06:28:02:	8	count	time	30.0s/cts	O Det=977	H Det=4718	Mon Det=71119	Aux Det=8855	O+H=14550	 DONE
15/10/2025 06:28:33:	MOVE MOTOR REL	S18.axis2.phaseshifter 2	deg	0.07	FALSE DONE
15/10/2025 06:28:37:	9	count	time	30.0s/cts	O Det=1565	H Det=4223	Mon Det=71432	Aux Det=8587	O+H=14375	 DONE
15/10/2025 06:29:09:	MOVE MOTOR REL	S18.axis2.phaseshifter 2	deg	0.07	FALSE DONE
15/10/2025 06:29:12:	10	count	time	30.0s/cts	O Det=2103	H Det=3648	Mon Det=71917	Aux Det=8776	O+H=14527	 DONE
15/10/2025 06:29:44:	MOVE MOTOR REL	S18.axis2.phaseshifter 2	deg	0.07	FALSE DONE
15/10/2025 06:29:47:	11	count	time	30.0s/cts	O Det=2949	H Det=2904	Mon Det=72218	Aux Det=8712	O+H=14565	 DONE
15/10/2025 06:30:19:	MOVE MOTOR REL	S18.axis2.phaseshifter 2	deg	0.07	FALSE DONE
15/10/2025 06:30:22:	12	count	time	30.0s/cts	O Det=3617	H Det=2414	Mon Det=71967	Aux Det=8748	O+H=14779	 DONE
15/10/2025 06:30:54:	MOVE MOTOR REL	S18.axis2.phaseshifter 2	deg	0.07	FALSE DONE
15/10/2025 06:30:58:	13	count	time	30.0s/cts	O Det=4121	H Det=1949	Mon Det=71532	Aux Det=8826	O+H=14896	 DONE
15/10/2025 06:31:29:	MOVE MOTOR REL	S18.axis2.phaseshifter 2	deg	0.07	FALSE DONE
15/10/2025 06:31:33:	14	count	time	30.0s/cts	O Det=4392	H Det=1790	Mon Det=71842	Aux Det=8677	O+H=14859	 DONE
15/10/2025 06:32:05:	MOVE MOTOR REL	S18.axis2.phaseshifter 2	deg	0.07	FALSE DONE
15/10/2025 06:32:08:	15	count	time	30.0s/cts	O Det=4357	H Det=1857	Mon Det=71467	Aux Det=8717	O+H=14931	 DONE
15/10/2025 06:32:40:	MOVE MOTOR REL	S18.axis2.phaseshifter 2	deg	0.07	FALSE DONE
15/10/2025 06:32:43:	16	count	time	30.0s/cts	O Det=3842	H Det=2157	Mon Det=71844	Aux Det=8680	O+H=14679	 DONE
15/10/2025 06:33:15:	MOVE MOTOR REL	S18.axis2.phaseshifter 2	deg	0.07	FALSE DONE
15/10/2025 06:33:19:	17	count	time	30.0s/cts	O Det=3247	H Det=2722	Mon Det=71259	Aux Det=8766	O+H=14735	 DONE
15/10/2025 06:33:50:	MOVE MOTOR REL	S18.axis2.phaseshifter 2	deg	0.07	FALSE DONE
15/10/2025 06:33:54:	18	count	time	30.0s/cts	O Det=2581	H Det=3155	Mon Det=71480	Aux Det=8633	O+H=14369	 DONE
15/10/2025 06:34:25:	MOVE MOTOR REL	S18.axis2.phaseshifter 2	deg	0.07	FALSE DONE
15/10/2025 06:34:29:	19	count	time	30.0s/cts	O Det=2005	H Det=3801	Mon Det=71568	Aux Det=8768	O+H=14574	 DONE
15/10/2025 06:35:01:	MOVE MOTOR REL	S18.axis2.phaseshifter 2	deg	0.07	FALSE DONE
15/10/2025 06:35:04:	20	count	time	30.0s/cts	O Det=1344	H Det=4409	Mon Det=71239	Aux Det=8739	O+H=14492	 DONE
15/10/2025 06:35:36:	MOVE MOTOR REL	S18.axis2.phaseshifter 2	deg	0.07	FALSE DONE
15/10/2025 06:35:39:	21	count	time	30.0s/cts	O Det=945	H Det=4666	Mon Det=71589	Aux Det=8643	O+H=14254	 DONE
15/10/2025 06:36:11:	MOVE MOTOR REL	S18.axis2.phaseshifter 2	deg	0.07	FALSE DONE
15/10/2025 06:36:15:	22	count	time	30.0s/cts	O Det=762	H Det=5049	Mon Det=71795	Aux Det=8637	O+H=14448	 DONE
15/10/2025 06:36:46:	MOVE MOTOR REL	S18.axis2.phaseshifter 2	deg	0.07	FALSE DONE
15/10/2025 06:36:50:	23	count	time	30.0s/cts	O Det=860	H Det=4807	Mon Det=72111	Aux Det=8755	O+H=14422	 DONE
15/10/2025 06:37:22:	MOVE MOTOR REL	S18.axis2.phaseshifter 2	deg	0.07	FALSE DONE
15/10/2025 06:37:25:	24	count	time	30.0s/cts	O Det=1193	H Det=4520	Mon Det=71455	Aux Det=8887	O+H=14600	 DONE
15/10/2025 06:37:57:	MOVE MOTOR REL	S18.axis2.phaseshifter 2	deg	0.07	FALSE DONE
15/10/2025 06:38:00:	25	count	time	30.0s/cts	O Det=1702	H Det=4004	Mon Det=72080	Aux Det=8595	O+H=14301	 DONE
15/10/2025 06:38:32:	MOVE MOTOR REL	S18.axis2.phaseshifter 2	deg	0.07	FALSE DONE
15/10/2025 06:38:35:	26	count	time	30.0s/cts	O Det=2357	H Det=3469	Mon Det=71738	Aux Det=8875	O+H=14701	 DONE
15/10/2025 06:39:07:	MOVE MOTOR REL	S18.axis2.phaseshifter 2	deg	0.07	FALSE DONE
15/10/2025 06:39:11:	27	count	time	30.0s/cts	O Det=2972	H Det=3030	Mon Det=71647	Aux Det=8673	O+H=14675	 DONE
15/10/2025 06:39:42:	MOVE MOTOR REL	S18.axis2.phaseshifter 2	deg	0.07	FALSE DONE
15/10/2025 06:39:46:	28	count	time	30.0s/cts	O Det=3714	H Det=2352	Mon Det=71688	Aux Det=8715	O+H=14781	 DONE
15/10/2025 06:40:18:	MOVE MOTOR REL	S18.axis2.phaseshifter 2	deg	0.07	FALSE DONE
15/10/2025 06:40:21:	29	count	time	30.0s/cts	O Det=4181	H Det=2019	Mon Det=71488	Aux Det=8714	O+H=14914	 DONE
15/10/2025 06:40:53:	MOVE MOTOR REL	S18.axis2.phaseshifter 2	deg	0.07	FALSE DONE
15/10/2025 06:40:56:	30	count	time	30.0s/cts	O Det=4385	H Det=1792	Mon Det=71534	Aux Det=8671	O+H=14848	 DONE
15/10/2025 06:41:28:	NO ACTION	 DONE
15/10/2025 06:41:28:	close file and end scan	 DONE
call of ifg2r_newPS_2p30s.sc DONE
15/10/2025 06:41:30:	move motor	S18.axis2.phaseshifter 2 to fit O COS-135	-0.611452reached -0.60425  DONE
call of ifg2R_newPS_2p30s_m90_+1+1-i_wv1.sc DONE
15/10/2025 06:41:33:	create file	D:\data\Cycle 198\exp_3-16-19\rawdata\sc\ifg_wv1_psi_+1-1-i_15Oct0641.dat	 DONE
room to enter remarks DONE
15/10/2025 06:41:34:	MOVE MOTOR REL	S18.axis2.phaseshifter 2	deg	0.0	FALSE DONE
15/10/2025 06:41:37:	1	count	time	30.0s/cts	O Det=1232	H Det=4423	Mon Det=71856	Aux Det=8790	O+H=14445	 DONE
15/10/2025 06:42:09:	MOVE MOTOR REL	S18.axis2.phaseshifter 2	deg	0.07	FALSE DONE
15/10/2025 06:42:13:	2	count	time	30.0s/cts	O Det=1799	H Det=4081	Mon Det=71352	Aux Det=8524	O+H=14404	 DONE
15/10/2025 06:42:44:	MOVE MOTOR REL	S18.axis2.phaseshifter 2	deg	0.07	FALSE DONE
15/10/2025 06:42:48:	3	count	time	30.0s/cts	O Det=2525	H Det=3391	Mon Det=71277	Aux Det=8680	O+H=14596	 DONE
15/10/2025 06:43:20:	MOVE MOTOR REL	S18.axis2.phaseshifter 2	deg	0.07	FALSE DONE
15/10/2025 06:43:23:	4	count	time	30.0s/cts	O Det=3100	H Det=2880	Mon Det=72067	Aux Det=8698	O+H=14678	 DONE
15/10/2025 06:43:55:	MOVE MOTOR REL	S18.axis2.phaseshifter 2	deg	0.07	FALSE DONE
15/10/2025 06:43:58:	5	count	time	30.0s/cts	O Det=3832	H Det=2289	Mon Det=71593	Aux Det=8594	O+H=14715	 DONE
15/10/2025 06:44:30:	MOVE MOTOR REL	S18.axis2.phaseshifter 2	deg	0.07	FALSE DONE
15/10/2025 06:44:33:	6	count	time	30.0s/cts	O Det=4152	H Det=1890	Mon Det=71686	Aux Det=8774	O+H=14816	 DONE
15/10/2025 06:45:05:	MOVE MOTOR REL	S18.axis2.phaseshifter 2	deg	0.07	FALSE DONE
15/10/2025 06:45:09:	7	count	time	30.0s/cts	O Det=4387	H Det=1823	Mon Det=71945	Aux Det=8672	O+H=14882	 DONE
15/10/2025 06:45:41:	MOVE MOTOR REL	S18.axis2.phaseshifter 2	deg	0.07	FALSE DONE
15/10/2025 06:45:44:	8	count	time	30.0s/cts	O Det=4292	H Det=1917	Mon Det=71696	Aux Det=8706	O+H=14915	 DONE
15/10/2025 06:46:16:	MOVE MOTOR REL	S18.axis2.phaseshifter 2	deg	0.07	FALSE DONE
15/10/2025 06:46:19:	9	count	time	30.0s/cts	O Det=3704	H Det=2386	Mon Det=71174	Aux Det=8711	O+H=14801	 DONE
15/10/2025 06:46:51:	MOVE MOTOR REL	S18.axis2.phaseshifter 2	deg	0.07	FALSE DONE
15/10/2025 06:46:55:	10	count	time	30.0s/cts	O Det=2969	H Det=2856	Mon Det=71882	Aux Det=8551	O+H=14376	 DONE
15/10/2025 06:47:26:	MOVE MOTOR REL	S18.axis2.phaseshifter 2	deg	0.07	FALSE DONE
15/10/2025 06:47:30:	11	count	time	30.0s/cts	O Det=2339	H Det=3628	Mon Det=71584	Aux Det=8530	O+H=14497	 DONE
15/10/2025 06:48:01:	MOVE MOTOR REL	S18.axis2.phaseshifter 2	deg	0.07	FALSE DONE
15/10/2025 06:48:05:	12	count	time	30.0s/cts	O Det=1814	H Det=4093	Mon Det=71571	Aux Det=8678	O+H=14585	 DONE
15/10/2025 06:48:37:	MOVE MOTOR REL	S18.axis2.phaseshifter 2	deg	0.07	FALSE DONE
15/10/2025 06:48:40:	13	count	time	30.0s/cts	O Det=1243	H Det=4478	Mon Det=71675	Aux Det=8676	O+H=14397	 DONE
15/10/2025 06:49:12:	MOVE MOTOR REL	S18.axis2.phaseshifter 2	deg	0.07	FALSE DONE
15/10/2025 06:49:15:	14	count	time	30.0s/cts	O Det=826	H Det=4915	Mon Det=71834	Aux Det=8802	O+H=14543	 DONE
15/10/2025 06:49:47:	MOVE MOTOR REL	S18.axis2.phaseshifter 2	deg	0.07	FALSE DONE
15/10/2025 06:49:51:	15	count	time	30.0s/cts	O Det=697	H Det=4992	Mon Det=71950	Aux Det=8691	O+H=14380	 DONE
15/10/2025 06:50:22:	MOVE MOTOR REL	S18.axis2.phaseshifter 2	deg	0.07	FALSE DONE
15/10/2025 06:50:26:	16	count	time	30.0s/cts	O Det=830	H Det=4755	Mon Det=71906	Aux Det=8799	O+H=14384	 DONE
15/10/2025 06:50:57:	MOVE MOTOR REL	S18.axis2.phaseshifter 2	deg	0.07	FALSE DONE
15/10/2025 06:51:01:	17	count	time	30.0s/cts	O Det=1235	H Det=4502	Mon Det=71179	Aux Det=8740	O+H=14477	 DONE
15/10/2025 06:51:33:	MOVE MOTOR REL	S18.axis2.phaseshifter 2	deg	0.07	FALSE DONE
15/10/2025 06:51:36:	18	count	time	30.0s/cts	O Det=1861	H Det=3970	Mon Det=71642	Aux Det=8636	O+H=14467	 DONE
15/10/2025 06:52:08:	MOVE MOTOR REL	S18.axis2.phaseshifter 2	deg	0.07	FALSE DONE
15/10/2025 06:52:11:	19	count	time	30.0s/cts	O Det=2667	H Det=3347	Mon Det=71595	Aux Det=8740	O+H=14754	 DONE
15/10/2025 06:52:43:	MOVE MOTOR REL	S18.axis2.phaseshifter 2	deg	0.07	FALSE DONE
15/10/2025 06:52:47:	20	count	time	30.0s/cts	O Det=3244	H Det=2781	Mon Det=71654	Aux Det=8643	O+H=14668	 DONE
15/10/2025 06:53:18:	MOVE MOTOR REL	S18.axis2.phaseshifter 2	deg	0.07	FALSE DONE
15/10/2025 06:53:22:	21	count	time	30.0s/cts	O Det=3956	H Det=2152	Mon Det=71647	Aux Det=8673	O+H=14781	 DONE
15/10/2025 06:53:53:	MOVE MOTOR REL	S18.axis2.phaseshifter 2	deg	0.07	FALSE DONE
15/10/2025 06:53:57:	22	count	time	30.0s/cts	O Det=4279	H Det=1877	Mon Det=71649	Aux Det=8474	O+H=14630	 DONE
15/10/2025 06:54:29:	MOVE MOTOR REL	S18.axis2.phaseshifter 2	deg	0.07	FALSE DONE
15/10/2025 06:54:32:	23	count	time	30.0s/cts	O Det=4478	H Det=1842	Mon Det=71709	Aux Det=8586	O+H=14906	 DONE
15/10/2025 06:55:04:	MOVE MOTOR REL	S18.axis2.phaseshifter 2	deg	0.07	FALSE DONE
15/10/2025 06:55:07:	24	count	time	30.0s/cts	O Det=4207	H Det=1972	Mon Det=71688	Aux Det=8653	O+H=14832	 DONE
15/10/2025 06:55:39:	MOVE MOTOR REL	S18.axis2.phaseshifter 2	deg	0.07	FALSE DONE
15/10/2025 06:55:42:	25	count	time	30.0s/cts	O Det=3753	H Det=2417	Mon Det=71915	Aux Det=8512	O+H=14682	 DONE
15/10/2025 06:56:14:	MOVE MOTOR REL	S18.axis2.phaseshifter 2	deg	0.07	FALSE DONE
15/10/2025 06:56:18:	26	count	time	30.0s/cts	O Det=2958	H Det=2903	Mon Det=71896	Aux Det=8694	O+H=14555	 DONE
15/10/2025 06:56:49:	MOVE MOTOR REL	S18.axis2.phaseshifter 2	deg	0.07	FALSE DONE
15/10/2025 06:56:53:	27	count	time	30.0s/cts	O Det=2361	H Det=3588	Mon Det=71431	Aux Det=8618	O+H=14567	 DONE
15/10/2025 06:57:25:	MOVE MOTOR REL	S18.axis2.phaseshifter 2	deg	0.07	FALSE DONE
15/10/2025 06:57:28:	28	count	time	30.0s/cts	O Det=1795	H Det=4143	Mon Det=71342	Aux Det=8748	O+H=14686	 DONE
15/10/2025 06:58:00:	MOVE MOTOR REL	S18.axis2.phaseshifter 2	deg	0.07	FALSE DONE
15/10/2025 06:58:03:	29	count	time	30.0s/cts	O Det=1210	H Det=4605	Mon Det=71857	Aux Det=8587	O+H=14402	 DONE
15/10/2025 06:58:35:	MOVE MOTOR REL	S18.axis2.phaseshifter 2	deg	0.07	FALSE DONE
15/10/2025 06:58:38:	30	count	time	30.0s/cts	O Det=855	H Det=5030	Mon Det=71628	Aux Det=8553	O+H=14438	 DONE
15/10/2025 06:59:10:	NO ACTION	 DONE
15/10/2025 06:59:11:	close file and end scan	 DONE
call of ifg2r_newPS_2p30s.sc DONE
15/10/2025 06:59:12:	move motor	S18.axis2.phaseshifter 2 to fit O COS-45	-0.352369reached -0.35156  DONE
call of ifg2R_newPS_2p30s_p90_+1-1-i_wv1.sc DONE
15/10/2025 06:59:15:	create file	D:\data\Cycle 198\exp_3-16-19\rawdata\sc\ifg_wv1_psi_+1-1-i_15Oct0659.dat	 DONE
room to enter remarks DONE
15/10/2025 06:59:16:	MOVE MOTOR REL	S18.axis2.phaseshifter 2	deg	0.0	FALSE DONE
15/10/2025 06:59:20:	1	count	time	30.0s/cts	O Det=3890	H Det=2254	Mon Det=70964	Aux Det=8594	O+H=14738	 DONE
15/10/2025 06:59:51:	MOVE MOTOR REL	S18.axis2.phaseshifter 2	deg	0.07	FALSE DONE
15/10/2025 06:59:55:	2	count	time	30.0s/cts	O Det=4119	H Det=1979	Mon Det=71581	Aux Det=8705	O+H=14803	 DONE
15/10/2025 07:00:26:	MOVE MOTOR REL	S18.axis2.phaseshifter 2	deg	0.07	FALSE DONE
15/10/2025 07:00:30:	3	count	time	30.0s/cts	O Det=4417	H Det=1834	Mon Det=71428	Aux Det=8824	O+H=15075	 DONE
15/10/2025 07:01:02:	MOVE MOTOR REL	S18.axis2.phaseshifter 2	deg	0.07	FALSE DONE
15/10/2025 07:01:05:	4	count	time	30.0s/cts	O Det=4279	H Det=1955	Mon Det=71932	Aux Det=8703	O+H=14937	 DONE
15/10/2025 07:01:37:	MOVE MOTOR REL	S18.axis2.phaseshifter 2	deg	0.07	FALSE DONE
15/10/2025 07:01:40:	5	count	time	30.0s/cts	O Det=3993	H Det=2244	Mon Det=71764	Aux Det=8592	O+H=14829	 DONE
15/10/2025 07:02:12:	MOVE MOTOR REL	S18.axis2.phaseshifter 2	deg	0.07	FALSE DONE
15/10/2025 07:02:16:	6	count	time	30.0s/cts	O Det=3333	H Det=2690	Mon Det=71536	Aux Det=8684	O+H=14707	 DONE
15/10/2025 07:02:47:	MOVE MOTOR REL	S18.axis2.phaseshifter 2	deg	0.07	FALSE DONE
15/10/2025 07:02:51:	7	count	time	30.0s/cts	O Det=2708	H Det=3219	Mon Det=71504	Aux Det=8766	O+H=14693	 DONE
15/10/2025 07:03:23:	MOVE MOTOR REL	S18.axis2.phaseshifter 2	deg	0.07	FALSE DONE
15/10/2025 07:03:26:	8	count	time	30.0s/cts	O Det=2098	H Det=3728	Mon Det=71800	Aux Det=8530	O+H=14356	 DONE
15/10/2025 07:03:58:	MOVE MOTOR REL	S18.axis2.phaseshifter 2	deg	0.07	FALSE DONE
15/10/2025 07:04:01:	9	count	time	30.0s/cts	O Det=1513	H Det=4259	Mon Det=71327	Aux Det=8683	O+H=14455	 DONE
15/10/2025 07:04:33:	MOVE MOTOR REL	S18.axis2.phaseshifter 2	deg	0.07	FALSE DONE
15/10/2025 07:04:37:	10	count	time	30.0s/cts	O Det=988	H Det=4744	Mon Det=71618	Aux Det=8469	O+H=14201	 DONE
15/10/2025 07:05:08:	MOVE MOTOR REL	S18.axis2.phaseshifter 2	deg	0.07	FALSE DONE
15/10/2025 07:05:12:	11	count	time	30.0s/cts	O Det=679	H Det=4827	Mon Det=71697	Aux Det=8645	O+H=14151	 DONE
15/10/2025 07:05:43:	MOVE MOTOR REL	S18.axis2.phaseshifter 2	deg	0.07	FALSE DONE
15/10/2025 07:05:47:	12	count	time	30.0s/cts	O Det=820	H Det=4858	Mon Det=71419	Aux Det=8607	O+H=14285	 DONE
15/10/2025 07:06:19:	MOVE MOTOR REL	S18.axis2.phaseshifter 2	deg	0.07	FALSE DONE
15/10/2025 07:06:22:	13	count	time	30.0s/cts	O Det=1187	H Det=4511	Mon Det=71362	Aux Det=8594	O+H=14292	 DONE
15/10/2025 07:06:54:	MOVE MOTOR REL	S18.axis2.phaseshifter 2	deg	0.07	FALSE DONE
15/10/2025 07:06:57:	14	count	time	30.0s/cts	O Det=1801	H Det=4220	Mon Det=71515	Aux Det=8463	O+H=14484	 DONE
15/10/2025 07:07:29:	MOVE MOTOR REL	S18.axis2.phaseshifter 2	deg	0.07	FALSE DONE
15/10/2025 07:07:32:	15	count	time	30.0s/cts	O Det=2393	H Det=3450	Mon Det=71702	Aux Det=8651	O+H=14494	 DONE
15/10/2025 07:08:04:	MOVE MOTOR REL	S18.axis2.phaseshifter 2	deg	0.07	FALSE DONE
15/10/2025 07:08:08:	16	count	time	30.0s/cts	O Det=2993	H Det=2981	Mon Det=72027	Aux Det=8567	O+H=14541	 DONE
15/10/2025 07:08:39:	MOVE MOTOR REL	S18.axis2.phaseshifter 2	deg	0.07	FALSE DONE
15/10/2025 07:08:43:	17	count	time	30.0s/cts	O Det=3762	H Det=2390	Mon Det=71675	Aux Det=8703	O+H=14855	 DONE
15/10/2025 07:09:15:	MOVE MOTOR REL	S18.axis2.phaseshifter 2	deg	0.07	FALSE DONE
15/10/2025 07:09:18:	18	count	time	30.0s/cts	O Det=4317	H Det=1903	Mon Det=71998	Aux Det=8684	O+H=14904	 DONE
15/10/2025 07:09:50:	MOVE MOTOR REL	S18.axis2.phaseshifter 2	deg	0.07	FALSE DONE
15/10/2025 07:09:53:	19	count	time	30.0s/cts	O Det=4454	H Det=1820	Mon Det=71797	Aux Det=8600	O+H=14874	 DONE
15/10/2025 07:10:25:	MOVE MOTOR REL	S18.axis2.phaseshifter 2	deg	0.07	FALSE DONE
15/10/2025 07:10:28:	20	count	time	30.0s/cts	O Det=4199	H Det=1818	Mon Det=71282	Aux Det=8559	O+H=14576	 DONE
15/10/2025 07:11:00:	MOVE MOTOR REL	S18.axis2.phaseshifter 2	deg	0.07	FALSE DONE
15/10/2025 07:11:04:	21	count	time	30.0s/cts	O Det=3754	H Det=2312	Mon Det=71321	Aux Det=8803	O+H=14869	 DONE
15/10/2025 07:11:35:	MOVE MOTOR REL	S18.axis2.phaseshifter 2	deg	0.07	FALSE DONE
15/10/2025 07:11:39:	22	count	time	30.0s/cts	O Det=3273	H Det=2682	Mon Det=71820	Aux Det=8503	O+H=14458	 DONE
15/10/2025 07:12:11:	MOVE MOTOR REL	S18.axis2.phaseshifter 2	deg	0.07	FALSE DONE
15/10/2025 07:12:14:	23	count	time	30.0s/cts	O Det=2458	H Det=3390	Mon Det=71673	Aux Det=8501	O+H=14349	 DONE
15/10/2025 07:12:46:	MOVE MOTOR REL	S18.axis2.phaseshifter 2	deg	0.07	FALSE DONE
15/10/2025 07:12:49:	24	count	time	30.0s/cts	O Det=1835	H Det=3990	Mon Det=71461	Aux Det=8509	O+H=14334	 DONE
15/10/2025 07:13:21:	MOVE MOTOR REL	S18.axis2.phaseshifter 2	deg	0.07	FALSE DONE
15/10/2025 07:13:25:	25	count	time	30.0s/cts	O Det=1280	H Det=4560	Mon Det=71628	Aux Det=8635	O+H=14475	 DONE
15/10/2025 07:13:56:	MOVE MOTOR REL	S18.axis2.phaseshifter 2	deg	0.07	FALSE DONE
15/10/2025 07:14:00:	26	count	time	30.0s/cts	O Det=758	H Det=4893	Mon Det=71407	Aux Det=8656	O+H=14307	 DONE
15/10/2025 07:14:31:	MOVE MOTOR REL	S18.axis2.phaseshifter 2	deg	0.07	FALSE DONE
15/10/2025 07:14:35:	27	count	time	30.0s/cts	O Det=757	H Det=4937	Mon Det=71553	Aux Det=8526	O+H=14220	 DONE
15/10/2025 07:15:07:	MOVE MOTOR REL	S18.axis2.phaseshifter 2	deg	0.07	FALSE DONE
15/10/2025 07:15:10:	28	count	time	30.0s/cts	O Det=953	H Det=4889	Mon Det=71965	Aux Det=8559	O+H=14401	 DONE
15/10/2025 07:15:42:	MOVE MOTOR REL	S18.axis2.phaseshifter 2	deg	0.07	FALSE DONE
15/10/2025 07:15:45:	29	count	time	30.0s/cts	O Det=1337	H Det=4298	Mon Det=71699	Aux Det=8631	O+H=14266	 DONE
15/10/2025 07:16:17:	MOVE MOTOR REL	S18.axis2.phaseshifter 2	deg	0.07	FALSE DONE
15/10/2025 07:16:20:	30	count	time	30.0s/cts	O Det=2003	H Det=3794	Mon Det=71422	Aux Det=8592	O+H=14389	 DONE
15/10/2025 07:16:52:	NO ACTION	 DONE
15/10/2025 07:16:53:	close file and end scan	 DONE
call of ifg2r_newPS_2p30s.sc DONE
call of ifg2R_newPS_2p30s_p180.sc DONE
15/10/2025 07:16:54:	move motor	S18.auxiliary.Robot Z to 207413.00000um	reached 207412.00000  DONE
call of robot_Zout_doubleCd.sc DONE
15/10/2025 07:16:57:	move motor	S18.auxiliary.Robot rot big to 90.00000deg	reached 90.00000  DONE
15/10/2025 07:17:00:	move motor	S18.auxiliary.Robot Diagonal to 26000.00000um	reached 25999.79402  DONE
15/10/2025 07:17:24:	move motor	S18.auxiliary.Robot Z to 207413.00000um	reached 207412.00000  DONE
call of robot_Zout_doubleCd.sc DONE
15/10/2025 07:17:27:	move motor	S18.auxiliary.Robot rot big to 90.00000deg	reached 90.00000  DONE
15/10/2025 07:17:29:	move motor	S18.auxiliary.Robot Z to 292012.00000um	reached 292017.00000  DONE
call of robot_Zin_doubleCd.sc DONE
call of Block_path13_doubleCd.sc DONE
15/10/2025 07:17:37:	move motor	S18.auxiliary.Robot Diagonal to 25999.900000um	 DONE
15/10/2025 07:17:43:	create file	D:\data\Cycle 198\exp_3-16-19\rawdata\sc\ifg_wv1_psi_+1-1-i_15Oct0717.dat	 DONE
room to enter remarks DONE
15/10/2025 07:17:44:	move motor	S18.auxiliary.Robot Diagonal to 26000.000000um	 DONE
15/10/2025 07:17:50:	1	count	time	60.000000s/cts	O Det=1673	H Det=1700	Mon Det=142169	Aux Det=5996	O+H=9369	 DONE
15/10/2025 07:18:52:	move motor	S18.auxiliary.Robot Diagonal to 48000.000000um	 DONE
15/10/2025 07:19:07:	2	count	time	60.000000s/cts	O Det=1783	H Det=3153	Mon Det=142771	Aux Det=30	O+H=4966	 DONE
15/10/2025 07:20:08:	move motor	S18.auxiliary.Robot Diagonal to 70000.000000um	 DONE
15/10/2025 07:20:23:	3	count	time	60.000000s/cts	O Det=1755	H Det=1695	Mon Det=143566	Aux Det=11557	O+H=15007	 DONE
15/10/2025 07:21:25:	close file and end scan	 DONE
15/10/2025 07:21:25:	move motor	S18.auxiliary.Robot Z to 207413.00000um	reached 207407.00000  DONE
call of robot_Zout_doubleCd.sc DONE
call of int_meas_path213.sc DONE
15/10/2025 07:21:33:	END OF SCRIPT	 DONE
