24/10/2025 16:03:22:	start execution of script D:\data\Cycle 198\exp_3-16-19\rawdata\sc\Prep_psi_+1-i-1_In.sc	 DONE
24/10/2025 16:03:22:	move motor	S18.axis2.phaseshifter 1 to 0.00000deg	reached 0.00000  DONE
24/10/2025 16:03:25:	move motor	S18.axis2.phaseshifter 2 to 0.00000deg	reached 0.00000  DONE
call of Move_PS12_parallel.sc DONE
24/10/2025 16:03:28:	move motor	S18.axis2.phaseshifter 1 to -1.400000deg	 DONE
24/10/2025 16:03:30:	create file	D:\data\Cycle 198\exp_3-16-19\rawdata\sc\Prep_psi_+1-i-1_In_24Oct1603.dat	 DONE
room to enter remarks DONE
24/10/2025 16:03:31:	move motor	S18.axis2.phaseshifter 1 to -1.300000deg	 DONE
24/10/2025 16:03:33:	1	count	time	5.000000s/cts	O Det=300	H Det=765	Mon Det=12361	Aux Det=995	O+H=2060	 DONE
24/10/2025 16:03:39:	move motor	S18.axis2.phaseshifter 1 to -1.200000deg	 DONE
24/10/2025 16:03:41:	2	count	time	5.000000s/cts	O Det=298	H Det=871	Mon Det=12555	Aux Det=904	O+H=2073	 DONE
24/10/2025 16:03:47:	move motor	S18.axis2.phaseshifter 1 to -1.100000deg	 DONE
24/10/2025 16:03:49:	3	count	time	5.000000s/cts	O Det=291	H Det=821	Mon Det=12353	Aux Det=888	O+H=2000	 DONE
24/10/2025 16:03:56:	move motor	S18.axis2.phaseshifter 1 to -1.000000deg	 DONE
24/10/2025 16:03:57:	4	count	time	5.000000s/cts	O Det=274	H Det=792	Mon Det=12322	Aux Det=979	O+H=2045	 DONE
24/10/2025 16:04:04:	move motor	S18.axis2.phaseshifter 1 to -0.900000deg	 DONE
24/10/2025 16:04:05:	5	count	time	5.000000s/cts	O Det=299	H Det=696	Mon Det=12169	Aux Det=1180	O+H=2175	 DONE
24/10/2025 16:04:12:	move motor	S18.axis2.phaseshifter 1 to -0.800000deg	 DONE
24/10/2025 16:04:14:	6	count	time	5.000000s/cts	O Det=310	H Det=625	Mon Det=12381	Aux Det=1468	O+H=2403	 DONE
24/10/2025 16:04:20:	move motor	S18.axis2.phaseshifter 1 to -0.700000deg	 DONE
24/10/2025 16:04:22:	7	count	time	5.000000s/cts	O Det=296	H Det=491	Mon Det=12502	Aux Det=1607	O+H=2394	 DONE
24/10/2025 16:04:28:	move motor	S18.axis2.phaseshifter 1 to -0.600000deg	 DONE
24/10/2025 16:04:30:	8	count	time	5.000000s/cts	O Det=305	H Det=464	Mon Det=12567	Aux Det=1661	O+H=2430	 DONE
24/10/2025 16:04:37:	move motor	S18.axis2.phaseshifter 1 to -0.500000deg	 DONE
24/10/2025 16:04:38:	9	count	time	5.000000s/cts	O Det=361	H Det=572	Mon Det=12549	Aux Det=1474	O+H=2407	 DONE
24/10/2025 16:04:45:	move motor	S18.axis2.phaseshifter 1 to -0.400000deg	 DONE
24/10/2025 16:04:46:	10	count	time	5.000000s/cts	O Det=285	H Det=632	Mon Det=12334	Aux Det=1232	O+H=2149	 DONE
24/10/2025 16:04:53:	move motor	S18.axis2.phaseshifter 1 to -0.300000deg	 DONE
24/10/2025 16:04:54:	11	count	time	5.000000s/cts	O Det=325	H Det=759	Mon Det=12342	Aux Det=1068	O+H=2152	 DONE
24/10/2025 16:05:01:	move motor	S18.axis2.phaseshifter 1 to -0.200000deg	 DONE
24/10/2025 16:05:03:	12	count	time	5.000000s/cts	O Det=301	H Det=877	Mon Det=12493	Aux Det=893	O+H=2071	 DONE
24/10/2025 16:05:09:	move motor	S18.axis2.phaseshifter 1 to -0.100000deg	 DONE
24/10/2025 16:05:11:	13	count	time	5.000000s/cts	O Det=275	H Det=921	Mon Det=12239	Aux Det=859	O+H=2055	 DONE
24/10/2025 16:05:17:	move motor	S18.axis2.phaseshifter 1 to 0.000000deg	 DONE
24/10/2025 16:05:19:	14	count	time	5.000000s/cts	O Det=295	H Det=813	Mon Det=12280	Aux Det=943	O+H=2051	 DONE
24/10/2025 16:05:26:	move motor	S18.axis2.phaseshifter 1 to 0.100000deg	 DONE
24/10/2025 16:05:27:	15	count	time	5.000000s/cts	O Det=301	H Det=766	Mon Det=12426	Aux Det=1179	O+H=2246	 DONE
24/10/2025 16:05:34:	move motor	S18.axis2.phaseshifter 1 to 0.200000deg	 DONE
24/10/2025 16:05:35:	16	count	time	5.000000s/cts	O Det=320	H Det=637	Mon Det=12340	Aux Det=1324	O+H=2281	 DONE
24/10/2025 16:05:42:	move motor	S18.axis2.phaseshifter 1 to 0.300000deg	 DONE
24/10/2025 16:05:44:	17	count	time	5.000000s/cts	O Det=331	H Det=499	Mon Det=12259	Aux Det=1541	O+H=2371	 DONE
24/10/2025 16:05:50:	move motor	S18.axis2.phaseshifter 1 to 0.400000deg	 DONE
24/10/2025 16:05:52:	18	count	time	5.000000s/cts	O Det=306	H Det=516	Mon Det=12392	Aux Det=1545	O+H=2367	 DONE
24/10/2025 16:05:58:	move motor	S18.axis2.phaseshifter 1 to 0.500000deg	 DONE
24/10/2025 16:06:00:	19	count	time	5.000000s/cts	O Det=358	H Det=529	Mon Det=12322	Aux Det=1486	O+H=2373	 DONE
24/10/2025 16:06:07:	move motor	S18.axis2.phaseshifter 1 to 0.600000deg	 DONE
24/10/2025 16:06:08:	20	count	time	5.000000s/cts	O Det=304	H Det=593	Mon Det=12312	Aux Det=1290	O+H=2187	 DONE
24/10/2025 16:06:15:	move motor	S18.axis2.phaseshifter 1 to 0.700000deg	 DONE
24/10/2025 16:06:16:	21	count	time	5.000000s/cts	O Det=303	H Det=734	Mon Det=12377	Aux Det=1132	O+H=2169	 DONE
24/10/2025 16:06:23:	close file and end scan	 DONE
call of ifg1_newPS_2p5s_AP.sc DONE
24/10/2025 16:06:24:	move motor	S18.axis2.phaseshifter 1 to fit AUX COS-180	-1.152395reached -1.14258  DONE
24/10/2025 16:06:27:	move motor	S18.axis2.phaseshifter 2 to -1.850000deg	 DONE
24/10/2025 16:06:29:	create file	D:\data\Cycle 198\exp_3-16-19\rawdata\sc\Prep_psi_+1-i-1_In_24Oct1606.dat	 DONE
room to enter remarks DONE
24/10/2025 16:06:30:	move motor	S18.axis2.phaseshifter 2 to -1.750000deg	 DONE
24/10/2025 16:06:32:	1	count	time	15.000000s/cts	O Det=2032	H Det=1489	Mon Det=37200	Aux Det=2674	O+H=6195	 DONE
24/10/2025 16:06:48:	move motor	S18.axis2.phaseshifter 2 to -1.650000deg	 DONE
24/10/2025 16:06:50:	2	count	time	15.000000s/cts	O Det=2498	H Det=1177	Mon Det=36858	Aux Det=2700	O+H=6375	 DONE
24/10/2025 16:07:07:	move motor	S18.axis2.phaseshifter 2 to -1.550000deg	 DONE
24/10/2025 16:07:08:	3	count	time	15.000000s/cts	O Det=2640	H Det=1094	Mon Det=37004	Aux Det=2708	O+H=6442	 DONE
24/10/2025 16:07:25:	move motor	S18.axis2.phaseshifter 2 to -1.450000deg	 DONE
24/10/2025 16:07:26:	4	count	time	15.000000s/cts	O Det=2413	H Det=1230	Mon Det=37308	Aux Det=2725	O+H=6368	 DONE
24/10/2025 16:07:43:	move motor	S18.axis2.phaseshifter 2 to -1.350000deg	 DONE
24/10/2025 16:07:45:	5	count	time	15.000000s/cts	O Det=2017	H Det=1633	Mon Det=36932	Aux Det=2682	O+H=6332	 DONE
24/10/2025 16:08:01:	move motor	S18.axis2.phaseshifter 2 to -1.250000deg	 DONE
24/10/2025 16:08:03:	6	count	time	15.000000s/cts	O Det=1507	H Det=2114	Mon Det=36929	Aux Det=2735	O+H=6356	 DONE
24/10/2025 16:08:19:	move motor	S18.axis2.phaseshifter 2 to -1.150000deg	 DONE
24/10/2025 16:08:21:	7	count	time	15.000000s/cts	O Det=1025	H Det=2400	Mon Det=37148	Aux Det=2780	O+H=6205	 DONE
24/10/2025 16:08:38:	move motor	S18.axis2.phaseshifter 2 to -1.050000deg	 DONE
24/10/2025 16:08:39:	8	count	time	15.000000s/cts	O Det=856	H Det=2677	Mon Det=37044	Aux Det=2687	O+H=6220	 DONE
24/10/2025 16:08:56:	move motor	S18.axis2.phaseshifter 2 to -0.950000deg	 DONE
24/10/2025 16:08:57:	9	count	time	15.000000s/cts	O Det=975	H Det=2528	Mon Det=37247	Aux Det=2646	O+H=6149	 DONE
24/10/2025 16:09:14:	move motor	S18.axis2.phaseshifter 2 to -0.850000deg	 DONE
24/10/2025 16:09:16:	10	count	time	15.000000s/cts	O Det=1449	H Det=2161	Mon Det=37040	Aux Det=2702	O+H=6312	 DONE
24/10/2025 16:09:32:	move motor	S18.axis2.phaseshifter 2 to -0.750000deg	 DONE
24/10/2025 16:09:34:	11	count	time	15.000000s/cts	O Det=1896	H Det=1651	Mon Det=36893	Aux Det=2587	O+H=6134	 DONE
24/10/2025 16:09:50:	move motor	S18.axis2.phaseshifter 2 to -0.650000deg	 DONE
24/10/2025 16:09:52:	12	count	time	15.000000s/cts	O Det=2425	H Det=1277	Mon Det=37135	Aux Det=2778	O+H=6480	 DONE
24/10/2025 16:10:09:	move motor	S18.axis2.phaseshifter 2 to -0.550000deg	 DONE
24/10/2025 16:10:10:	13	count	time	15.000000s/cts	O Det=2643	H Det=1128	Mon Det=37192	Aux Det=2748	O+H=6519	 DONE
24/10/2025 16:10:27:	move motor	S18.axis2.phaseshifter 2 to -0.450000deg	 DONE
24/10/2025 16:10:28:	14	count	time	15.000000s/cts	O Det=2450	H Det=1149	Mon Det=36906	Aux Det=2653	O+H=6252	 DONE
24/10/2025 16:10:45:	move motor	S18.axis2.phaseshifter 2 to -0.350000deg	 DONE
24/10/2025 16:10:47:	15	count	time	15.000000s/cts	O Det=2126	H Det=1547	Mon Det=37378	Aux Det=2707	O+H=6380	 DONE
24/10/2025 16:11:03:	move motor	S18.axis2.phaseshifter 2 to -0.250000deg	 DONE
24/10/2025 16:11:05:	16	count	time	15.000000s/cts	O Det=1588	H Det=1924	Mon Det=36989	Aux Det=2603	O+H=6115	 DONE
24/10/2025 16:11:21:	move motor	S18.axis2.phaseshifter 2 to -0.150000deg	 DONE
24/10/2025 16:11:23:	17	count	time	15.000000s/cts	O Det=1043	H Det=2467	Mon Det=37038	Aux Det=2723	O+H=6233	 DONE
24/10/2025 16:11:40:	move motor	S18.axis2.phaseshifter 2 to -0.050000deg	 DONE
24/10/2025 16:11:41:	18	count	time	15.000000s/cts	O Det=874	H Det=2660	Mon Det=36738	Aux Det=2676	O+H=6210	 DONE
24/10/2025 16:11:58:	move motor	S18.axis2.phaseshifter 2 to 0.050000deg	 DONE
24/10/2025 16:11:59:	19	count	time	15.000000s/cts	O Det=923	H Det=2449	Mon Det=36878	Aux Det=2655	O+H=6027	 DONE
24/10/2025 16:12:16:	move motor	S18.axis2.phaseshifter 2 to 0.150000deg	 DONE
24/10/2025 16:12:18:	20	count	time	15.000000s/cts	O Det=1210	H Det=2371	Mon Det=37119	Aux Det=2711	O+H=6292	 DONE
24/10/2025 16:12:34:	move motor	S18.axis2.phaseshifter 2 to 0.250000deg	 DONE
24/10/2025 16:12:36:	21	count	time	15.000000s/cts	O Det=1639	H Det=1793	Mon Det=37116	Aux Det=2523	O+H=5955	 DONE
24/10/2025 16:12:52:	close file and end scan	 DONE
call of ifg2_newPS_2p15s_AP.sc DONE
24/10/2025 16:12:53:	move motor	S18.axis2.phaseshifter 2 to fit O COS90	-0.275963reached -0.26367  DONE
24/10/2025 16:12:56:	move motor	S18.axis2.phaseshifter 1 to -1.400000deg	 DONE
24/10/2025 16:12:58:	create file	D:\data\Cycle 198\exp_3-16-19\rawdata\sc\Prep_psi_+1-i-1_In_24Oct1612.dat	 DONE
room to enter remarks DONE
24/10/2025 16:12:59:	move motor	S18.axis2.phaseshifter 1 to -1.300000deg	 DONE
24/10/2025 16:13:00:	1	count	time	5.000000s/cts	O Det=468	H Det=652	Mon Det=12337	Aux Det=1001	O+H=2121	 DONE
24/10/2025 16:13:07:	move motor	S18.axis2.phaseshifter 1 to -1.200000deg	 DONE
24/10/2025 16:13:09:	2	count	time	5.000000s/cts	O Det=515	H Det=648	Mon Det=12259	Aux Det=888	O+H=2051	 DONE
24/10/2025 16:13:15:	move motor	S18.axis2.phaseshifter 1 to -1.100000deg	 DONE
24/10/2025 16:13:17:	3	count	time	5.000000s/cts	O Det=579	H Det=612	Mon Det=12312	Aux Det=913	O+H=2104	 DONE
24/10/2025 16:13:24:	move motor	S18.axis2.phaseshifter 1 to -1.000000deg	 DONE
24/10/2025 16:13:25:	4	count	time	5.000000s/cts	O Det=657	H Det=521	Mon Det=12516	Aux Det=1023	O+H=2201	 DONE
24/10/2025 16:13:32:	move motor	S18.axis2.phaseshifter 1 to -0.900000deg	 DONE
24/10/2025 16:13:33:	5	count	time	5.000000s/cts	O Det=583	H Det=456	Mon Det=12320	Aux Det=1239	O+H=2278	 DONE
24/10/2025 16:13:40:	move motor	S18.axis2.phaseshifter 1 to -0.800000deg	 DONE
24/10/2025 16:13:41:	6	count	time	5.000000s/cts	O Det=535	H Det=411	Mon Det=12439	Aux Det=1380	O+H=2326	 DONE
24/10/2025 16:13:48:	move motor	S18.axis2.phaseshifter 1 to -0.700000deg	 DONE
24/10/2025 16:13:50:	7	count	time	5.000000s/cts	O Det=393	H Det=450	Mon Det=12314	Aux Det=1548	O+H=2391	 DONE
24/10/2025 16:13:56:	move motor	S18.axis2.phaseshifter 1 to -0.600000deg	 DONE
24/10/2025 16:13:58:	8	count	time	5.000000s/cts	O Det=353	H Det=492	Mon Det=12420	Aux Det=1514	O+H=2359	 DONE
24/10/2025 16:14:04:	move motor	S18.axis2.phaseshifter 1 to -0.500000deg	 DONE
24/10/2025 16:14:06:	9	count	time	5.000000s/cts	O Det=292	H Det=569	Mon Det=12346	Aux Det=1498	O+H=2359	 DONE
24/10/2025 16:14:13:	move motor	S18.axis2.phaseshifter 1 to -0.400000deg	 DONE
24/10/2025 16:14:14:	10	count	time	5.000000s/cts	O Det=354	H Det=621	Mon Det=12506	Aux Det=1227	O+H=2202	 DONE
24/10/2025 16:14:21:	move motor	S18.axis2.phaseshifter 1 to -0.300000deg	 DONE
24/10/2025 16:14:22:	11	count	time	5.000000s/cts	O Det=404	H Det=682	Mon Det=12246	Aux Det=1019	O+H=2105	 DONE
24/10/2025 16:14:29:	move motor	S18.axis2.phaseshifter 1 to -0.200000deg	 DONE
24/10/2025 16:14:31:	12	count	time	5.000000s/cts	O Det=490	H Det=664	Mon Det=12371	Aux Det=892	O+H=2046	 DONE
24/10/2025 16:14:37:	move motor	S18.axis2.phaseshifter 1 to -0.100000deg	 DONE
24/10/2025 16:14:39:	13	count	time	5.000000s/cts	O Det=554	H Det=630	Mon Det=12457	Aux Det=896	O+H=2080	 DONE
24/10/2025 16:14:45:	move motor	S18.axis2.phaseshifter 1 to 0.000000deg	 DONE
24/10/2025 16:14:47:	14	count	time	5.000000s/cts	O Det=579	H Det=564	Mon Det=12477	Aux Det=1007	O+H=2150	 DONE
24/10/2025 16:14:54:	move motor	S18.axis2.phaseshifter 1 to 0.100000deg	 DONE
24/10/2025 16:14:55:	15	count	time	5.000000s/cts	O Det=577	H Det=432	Mon Det=12426	Aux Det=1175	O+H=2184	 DONE
24/10/2025 16:15:02:	move motor	S18.axis2.phaseshifter 1 to 0.200000deg	 DONE
24/10/2025 16:15:03:	16	count	time	5.000000s/cts	O Det=540	H Det=409	Mon Det=12434	Aux Det=1248	O+H=2197	 DONE
24/10/2025 16:15:10:	move motor	S18.axis2.phaseshifter 1 to 0.300000deg	 DONE
24/10/2025 16:15:12:	17	count	time	5.000000s/cts	O Det=433	H Det=437	Mon Det=12126	Aux Det=1482	O+H=2352	 DONE
24/10/2025 16:15:18:	move motor	S18.axis2.phaseshifter 1 to 0.400000deg	 DONE
24/10/2025 16:15:20:	18	count	time	5.000000s/cts	O Det=344	H Det=484	Mon Det=12351	Aux Det=1720	O+H=2548	 DONE
24/10/2025 16:15:26:	move motor	S18.axis2.phaseshifter 1 to 0.500000deg	 DONE
24/10/2025 16:15:28:	19	count	time	5.000000s/cts	O Det=324	H Det=526	Mon Det=12456	Aux Det=1404	O+H=2254	 DONE
24/10/2025 16:15:35:	move motor	S18.axis2.phaseshifter 1 to 0.600000deg	 DONE
24/10/2025 16:15:36:	20	count	time	5.000000s/cts	O Det=341	H Det=590	Mon Det=12195	Aux Det=1324	O+H=2255	 DONE
24/10/2025 16:15:43:	move motor	S18.axis2.phaseshifter 1 to 0.700000deg	 DONE
24/10/2025 16:15:44:	21	count	time	5.000000s/cts	O Det=391	H Det=655	Mon Det=12177	Aux Det=1132	O+H=2178	 DONE
24/10/2025 16:15:51:	close file and end scan	 DONE
call of ifg1_newPS_2p5s_AP.sc DONE
24/10/2025 16:15:52:	move motor	S18.axis2.phaseshifter 1 to fit AUX COS90	-0.384933reached -0.37354  DONE
24/10/2025 16:15:55:	END OF SCRIPT	 DONE
