17/10/2025 01:21:52:	start execution of script D:\data\Cycle 198\exp_3-16-19\rawdata\sc\Prep_psi_+1-1-1_wv1.sc	 DONE
17/10/2025 01:21:53:	move motor	S18.auxiliary.Robot Z to 207413.00000um	reached 207407.00000  DONE
call of robot_Zout_doubleCd.sc DONE
17/10/2025 01:21:56:	move motor	S18.axis2.phaseshifter 1 to 0.00000deg	reached 0.00000  DONE
17/10/2025 01:21:59:	move motor	S18.axis2.phaseshifter 2 to 0.00000deg	reached 0.00000  DONE
call of Move_PS12_parallel.sc DONE
17/10/2025 01:22:02:	move motor	S18.axis2.phaseshifter 1 to -1.400000deg	 DONE
17/10/2025 01:22:04:	create file	D:\data\Cycle 198\exp_3-16-19\rawdata\sc\Prep_psi_+1-1-1_wv1_17Oct0122.dat	 DONE
room to enter remarks DONE
17/10/2025 01:22:05:	move motor	S18.axis2.phaseshifter 1 to -1.300000deg	 DONE
17/10/2025 01:22:06:	1	count	time	5.000000s/cts	O Det=373	H Det=893	Mon Det=11925	Aux Det=906	O+H=2172	 DONE
17/10/2025 01:22:13:	move motor	S18.axis2.phaseshifter 1 to -1.200000deg	 DONE
17/10/2025 01:22:15:	2	count	time	5.000000s/cts	O Det=554	H Det=878	Mon Det=11919	Aux Det=882	O+H=2314	 DONE
17/10/2025 01:22:21:	move motor	S18.axis2.phaseshifter 1 to -1.100000deg	 DONE
17/10/2025 01:22:23:	3	count	time	5.000000s/cts	O Det=607	H Det=739	Mon Det=11923	Aux Det=951	O+H=2297	 DONE
17/10/2025 01:22:29:	move motor	S18.axis2.phaseshifter 1 to -1.000000deg	 DONE
17/10/2025 01:22:31:	4	count	time	5.000000s/cts	O Det=660	H Det=547	Mon Det=11921	Aux Det=1301	O+H=2508	 DONE
17/10/2025 01:22:38:	move motor	S18.axis2.phaseshifter 1 to -0.900000deg	 DONE
17/10/2025 01:22:39:	5	count	time	5.000000s/cts	O Det=544	H Det=403	Mon Det=12103	Aux Det=1597	O+H=2544	 DONE
17/10/2025 01:22:46:	move motor	S18.axis2.phaseshifter 1 to -0.800000deg	 DONE
17/10/2025 01:22:47:	6	count	time	5.000000s/cts	O Det=439	H Det=345	Mon Det=11933	Aux Det=1949	O+H=2733	 DONE
17/10/2025 01:22:54:	move motor	S18.axis2.phaseshifter 1 to -0.700000deg	 DONE
17/10/2025 01:22:56:	7	count	time	5.000000s/cts	O Det=271	H Det=355	Mon Det=12104	Aux Det=2088	O+H=2714	 DONE
17/10/2025 01:23:02:	move motor	S18.axis2.phaseshifter 1 to -0.600000deg	 DONE
17/10/2025 01:23:04:	8	count	time	5.000000s/cts	O Det=188	H Det=456	Mon Det=11787	Aux Det=2010	O+H=2654	 DONE
17/10/2025 01:23:10:	move motor	S18.axis2.phaseshifter 1 to -0.500000deg	 DONE
17/10/2025 01:23:12:	9	count	time	5.000000s/cts	O Det=169	H Det=674	Mon Det=12046	Aux Det=1771	O+H=2614	 DONE
17/10/2025 01:23:19:	move motor	S18.axis2.phaseshifter 1 to -0.400000deg	 DONE
17/10/2025 01:23:20:	10	count	time	5.000000s/cts	O Det=182	H Det=822	Mon Det=12095	Aux Det=1309	O+H=2313	 DONE
17/10/2025 01:23:27:	move motor	S18.axis2.phaseshifter 1 to -0.300000deg	 DONE
17/10/2025 01:23:28:	11	count	time	5.000000s/cts	O Det=320	H Det=935	Mon Det=11852	Aux Det=1055	O+H=2310	 DONE
17/10/2025 01:23:35:	move motor	S18.axis2.phaseshifter 1 to -0.200000deg	 DONE
17/10/2025 01:23:36:	12	count	time	5.000000s/cts	O Det=387	H Det=917	Mon Det=11857	Aux Det=774	O+H=2078	 DONE
17/10/2025 01:23:43:	move motor	S18.axis2.phaseshifter 1 to -0.100000deg	 DONE
17/10/2025 01:23:45:	13	count	time	5.000000s/cts	O Det=557	H Det=774	Mon Det=11890	Aux Det=898	O+H=2229	 DONE
17/10/2025 01:23:51:	move motor	S18.axis2.phaseshifter 1 to 0.000000deg	 DONE
17/10/2025 01:23:53:	14	count	time	5.000000s/cts	O Det=619	H Det=593	Mon Det=12069	Aux Det=1103	O+H=2315	 DONE
17/10/2025 01:23:59:	move motor	S18.axis2.phaseshifter 1 to 0.100000deg	 DONE
17/10/2025 01:24:01:	15	count	time	5.000000s/cts	O Det=562	H Det=439	Mon Det=12239	Aux Det=1500	O+H=2501	 DONE
17/10/2025 01:24:08:	move motor	S18.axis2.phaseshifter 1 to 0.200000deg	 DONE
17/10/2025 01:24:09:	16	count	time	5.000000s/cts	O Det=519	H Det=349	Mon Det=11819	Aux Det=1930	O+H=2798	 DONE
17/10/2025 01:24:16:	move motor	S18.axis2.phaseshifter 1 to 0.300000deg	 DONE
17/10/2025 01:24:17:	17	count	time	5.000000s/cts	O Det=321	H Det=326	Mon Det=11892	Aux Det=2019	O+H=2666	 DONE
17/10/2025 01:24:24:	move motor	S18.axis2.phaseshifter 1 to 0.400000deg	 DONE
17/10/2025 01:24:26:	18	count	time	5.000000s/cts	O Det=223	H Det=451	Mon Det=11994	Aux Det=2101	O+H=2775	 DONE
17/10/2025 01:24:32:	move motor	S18.axis2.phaseshifter 1 to 0.500000deg	 DONE
17/10/2025 01:24:34:	19	count	time	5.000000s/cts	O Det=135	H Det=629	Mon Det=12005	Aux Det=1874	O+H=2638	 DONE
17/10/2025 01:24:40:	move motor	S18.axis2.phaseshifter 1 to 0.600000deg	 DONE
17/10/2025 01:24:42:	20	count	time	5.000000s/cts	O Det=154	H Det=754	Mon Det=12062	Aux Det=1636	O+H=2544	 DONE
17/10/2025 01:24:49:	move motor	S18.axis2.phaseshifter 1 to 0.700000deg	 DONE
17/10/2025 01:24:50:	21	count	time	5.000000s/cts	O Det=256	H Det=879	Mon Det=11920	Aux Det=1140	O+H=2275	 DONE
17/10/2025 01:24:57:	close file and end scan	 DONE
call of ifg1_newPS_2p5s_AP.sc DONE
17/10/2025 01:24:58:	move motor	S18.axis2.phaseshifter 1 to fit AUX COS180	-0.168696reached -0.17578  DONE
17/10/2025 01:25:01:	move motor	S18.axis2.phaseshifter 2 to -1.850000deg	 DONE
17/10/2025 01:25:03:	create file	D:\data\Cycle 198\exp_3-16-19\rawdata\sc\Prep_psi_+1-1-1_wv1_17Oct0125.dat	 DONE
room to enter remarks DONE
17/10/2025 01:25:04:	move motor	S18.axis2.phaseshifter 2 to -1.750000deg	 DONE
17/10/2025 01:25:05:	1	count	time	10.000000s/cts	O Det=550	H Det=2107	Mon Det=23761	Aux Det=1731	O+H=4388	 DONE
17/10/2025 01:25:17:	move motor	S18.axis2.phaseshifter 2 to -1.650000deg	 DONE
17/10/2025 01:25:19:	2	count	time	10.000000s/cts	O Det=940	H Det=1732	Mon Det=23813	Aux Det=1634	O+H=4306	 DONE
17/10/2025 01:25:30:	move motor	S18.axis2.phaseshifter 2 to -1.550000deg	 DONE
17/10/2025 01:25:32:	3	count	time	10.000000s/cts	O Det=1520	H Det=1323	Mon Det=23854	Aux Det=1703	O+H=4546	 DONE
17/10/2025 01:25:43:	move motor	S18.axis2.phaseshifter 2 to -1.450000deg	 DONE
17/10/2025 01:25:45:	4	count	time	10.000000s/cts	O Det=1864	H Det=963	Mon Det=23965	Aux Det=1643	O+H=4470	 DONE
17/10/2025 01:25:57:	move motor	S18.axis2.phaseshifter 2 to -1.350000deg	 DONE
17/10/2025 01:25:58:	5	count	time	10.000000s/cts	O Det=2222	H Det=744	Mon Det=23918	Aux Det=1682	O+H=4648	 DONE
17/10/2025 01:26:10:	move motor	S18.axis2.phaseshifter 2 to -1.250000deg	 DONE
17/10/2025 01:26:11:	6	count	time	10.000000s/cts	O Det=1937	H Det=833	Mon Det=24011	Aux Det=1667	O+H=4437	 DONE
17/10/2025 01:26:23:	move motor	S18.axis2.phaseshifter 2 to -1.150000deg	 DONE
17/10/2025 01:26:25:	7	count	time	10.000000s/cts	O Det=1695	H Det=1129	Mon Det=23791	Aux Det=1706	O+H=4530	 DONE
17/10/2025 01:26:36:	move motor	S18.axis2.phaseshifter 2 to -1.050000deg	 DONE
17/10/2025 01:26:38:	8	count	time	10.000000s/cts	O Det=1142	H Det=1695	Mon Det=24181	Aux Det=1599	O+H=4436	 DONE
17/10/2025 01:26:50:	move motor	S18.axis2.phaseshifter 2 to -0.950000deg	 DONE
17/10/2025 01:26:51:	9	count	time	10.000000s/cts	O Det=528	H Det=2057	Mon Det=23815	Aux Det=1658	O+H=4243	 DONE
17/10/2025 01:27:03:	move motor	S18.axis2.phaseshifter 2 to -0.850000deg	 DONE
17/10/2025 01:27:04:	10	count	time	10.000000s/cts	O Det=375	H Det=2343	Mon Det=23910	Aux Det=1721	O+H=4439	 DONE
17/10/2025 01:27:16:	move motor	S18.axis2.phaseshifter 2 to -0.750000deg	 DONE
17/10/2025 01:27:18:	11	count	time	10.000000s/cts	O Det=458	H Det=2132	Mon Det=24141	Aux Det=1690	O+H=4280	 DONE
17/10/2025 01:27:29:	move motor	S18.axis2.phaseshifter 2 to -0.650000deg	 DONE
17/10/2025 01:27:31:	12	count	time	10.000000s/cts	O Det=880	H Det=1758	Mon Det=23840	Aux Det=1603	O+H=4241	 DONE
17/10/2025 01:27:42:	move motor	S18.axis2.phaseshifter 2 to -0.550000deg	 DONE
17/10/2025 01:27:44:	13	count	time	10.000000s/cts	O Det=1390	H Det=1347	Mon Det=23880	Aux Det=1616	O+H=4353	 DONE
17/10/2025 01:27:56:	move motor	S18.axis2.phaseshifter 2 to -0.450000deg	 DONE
17/10/2025 01:27:57:	14	count	time	10.000000s/cts	O Det=1788	H Det=959	Mon Det=23918	Aux Det=1657	O+H=4404	 DONE
17/10/2025 01:28:09:	move motor	S18.axis2.phaseshifter 2 to -0.350000deg	 DONE
17/10/2025 01:28:10:	15	count	time	10.000000s/cts	O Det=2187	H Det=775	Mon Det=23808	Aux Det=1676	O+H=4638	 DONE
17/10/2025 01:28:22:	move motor	S18.axis2.phaseshifter 2 to -0.250000deg	 DONE
17/10/2025 01:28:24:	16	count	time	10.000000s/cts	O Det=2066	H Det=812	Mon Det=23813	Aux Det=1595	O+H=4473	 DONE
17/10/2025 01:28:35:	move motor	S18.axis2.phaseshifter 2 to -0.150000deg	 DONE
17/10/2025 01:28:37:	17	count	time	10.000000s/cts	O Det=1676	H Det=1072	Mon Det=24036	Aux Det=1690	O+H=4438	 DONE
17/10/2025 01:28:48:	move motor	S18.axis2.phaseshifter 2 to -0.050000deg	 DONE
17/10/2025 01:28:50:	18	count	time	10.000000s/cts	O Det=1255	H Det=1499	Mon Det=23784	Aux Det=1584	O+H=4338	 DONE
17/10/2025 01:29:02:	move motor	S18.axis2.phaseshifter 2 to 0.050000deg	 DONE
17/10/2025 01:29:03:	19	count	time	10.000000s/cts	O Det=765	H Det=1894	Mon Det=23897	Aux Det=1688	O+H=4347	 DONE
17/10/2025 01:29:15:	move motor	S18.axis2.phaseshifter 2 to 0.150000deg	 DONE
17/10/2025 01:29:17:	20	count	time	10.000000s/cts	O Det=515	H Det=2180	Mon Det=23924	Aux Det=1703	O+H=4398	 DONE
17/10/2025 01:29:28:	move motor	S18.axis2.phaseshifter 2 to 0.250000deg	 DONE
17/10/2025 01:29:30:	21	count	time	10.000000s/cts	O Det=404	H Det=2168	Mon Det=24279	Aux Det=1567	O+H=4139	 DONE
17/10/2025 01:29:41:	close file and end scan	 DONE
call of ifg2_newPS_2p10s_AP.sc DONE
17/10/2025 01:29:42:	move motor	S18.axis2.phaseshifter 2 to fit O COS180	-0.830427reached -0.82397  DONE
17/10/2025 01:29:45:	END OF SCRIPT	 DONE
