24/10/2025 15:54:28:	start execution of script D:\data\Cycle 198\exp_3-16-19\rawdata\sc\Prep_psi_+1+1+1_In.sc	 DONE
24/10/2025 15:54:28:	move motor	S18.axis2.phaseshifter 1 to 0.00000deg	reached 0.00000  DONE
24/10/2025 15:54:31:	move motor	S18.axis2.phaseshifter 2 to 0.00000deg	reached 0.00000  DONE
call of Move_PS12_parallel.sc DONE
24/10/2025 15:54:34:	move motor	S18.axis2.phaseshifter 1 to -1.400000deg	 DONE
24/10/2025 15:54:36:	create file	D:\data\Cycle 198\exp_3-16-19\rawdata\sc\Prep_psi_+1+1+1_In_24Oct1554.dat	 DONE
room to enter remarks DONE
24/10/2025 15:54:37:	move motor	S18.axis2.phaseshifter 1 to -1.300000deg	 DONE
24/10/2025 15:54:39:	1	count	time	5.000000s/cts	O Det=274	H Det=848	Mon Det=12371	Aux Det=965	O+H=2087	 DONE
24/10/2025 15:54:46:	move motor	S18.axis2.phaseshifter 1 to -1.200000deg	 DONE
24/10/2025 15:54:47:	2	count	time	5.000000s/cts	O Det=278	H Det=925	Mon Det=12630	Aux Det=918	O+H=2121	 DONE
24/10/2025 15:54:54:	move motor	S18.axis2.phaseshifter 1 to -1.100000deg	 DONE
24/10/2025 15:54:55:	3	count	time	5.000000s/cts	O Det=262	H Det=880	Mon Det=12339	Aux Det=918	O+H=2060	 DONE
24/10/2025 15:55:02:	move motor	S18.axis2.phaseshifter 1 to -1.000000deg	 DONE
24/10/2025 15:55:03:	4	count	time	5.000000s/cts	O Det=318	H Det=753	Mon Det=12464	Aux Det=1055	O+H=2126	 DONE
24/10/2025 15:55:10:	move motor	S18.axis2.phaseshifter 1 to -0.900000deg	 DONE
24/10/2025 15:55:12:	5	count	time	5.000000s/cts	O Det=341	H Det=703	Mon Det=12360	Aux Det=1160	O+H=2204	 DONE
24/10/2025 15:55:18:	move motor	S18.axis2.phaseshifter 1 to -0.800000deg	 DONE
24/10/2025 15:55:20:	6	count	time	5.000000s/cts	O Det=315	H Det=568	Mon Det=12438	Aux Det=1368	O+H=2251	 DONE
24/10/2025 15:55:26:	move motor	S18.axis2.phaseshifter 1 to -0.700000deg	 DONE
24/10/2025 15:55:28:	7	count	time	5.000000s/cts	O Det=330	H Det=507	Mon Det=12420	Aux Det=1475	O+H=2312	 DONE
24/10/2025 15:55:35:	move motor	S18.axis2.phaseshifter 1 to -0.600000deg	 DONE
24/10/2025 15:55:36:	8	count	time	5.000000s/cts	O Det=330	H Det=487	Mon Det=12502	Aux Det=1527	O+H=2344	 DONE
24/10/2025 15:55:43:	move motor	S18.axis2.phaseshifter 1 to -0.500000deg	 DONE
24/10/2025 15:55:44:	9	count	time	5.000000s/cts	O Det=303	H Det=520	Mon Det=12360	Aux Det=1462	O+H=2285	 DONE
24/10/2025 15:55:51:	move motor	S18.axis2.phaseshifter 1 to -0.400000deg	 DONE
24/10/2025 15:55:52:	10	count	time	5.000000s/cts	O Det=271	H Det=674	Mon Det=12315	Aux Det=1221	O+H=2166	 DONE
24/10/2025 15:55:59:	move motor	S18.axis2.phaseshifter 1 to -0.300000deg	 DONE
24/10/2025 15:56:01:	11	count	time	5.000000s/cts	O Det=300	H Det=802	Mon Det=12495	Aux Det=1047	O+H=2149	 DONE
24/10/2025 15:56:07:	move motor	S18.axis2.phaseshifter 1 to -0.200000deg	 DONE
24/10/2025 15:56:09:	12	count	time	5.000000s/cts	O Det=309	H Det=861	Mon Det=12336	Aux Det=946	O+H=2116	 DONE
24/10/2025 15:56:15:	move motor	S18.axis2.phaseshifter 1 to -0.100000deg	 DONE
24/10/2025 15:56:17:	13	count	time	5.000000s/cts	O Det=292	H Det=913	Mon Det=12246	Aux Det=807	O+H=2012	 DONE
24/10/2025 15:56:24:	move motor	S18.axis2.phaseshifter 1 to 0.000000deg	 DONE
24/10/2025 15:56:25:	14	count	time	5.000000s/cts	O Det=271	H Det=830	Mon Det=12295	Aux Det=969	O+H=2070	 DONE
24/10/2025 15:56:32:	move motor	S18.axis2.phaseshifter 1 to 0.100000deg	 DONE
24/10/2025 15:56:33:	15	count	time	5.000000s/cts	O Det=259	H Det=727	Mon Det=12470	Aux Det=1175	O+H=2161	 DONE
24/10/2025 15:56:40:	move motor	S18.axis2.phaseshifter 1 to 0.200000deg	 DONE
24/10/2025 15:56:42:	16	count	time	5.000000s/cts	O Det=310	H Det=625	Mon Det=12352	Aux Det=1310	O+H=2245	 DONE
24/10/2025 15:56:48:	move motor	S18.axis2.phaseshifter 1 to 0.300000deg	 DONE
24/10/2025 15:56:50:	17	count	time	5.000000s/cts	O Det=309	H Det=509	Mon Det=12365	Aux Det=1539	O+H=2357	 DONE
24/10/2025 15:56:56:	move motor	S18.axis2.phaseshifter 1 to 0.400000deg	 DONE
24/10/2025 15:56:58:	18	count	time	5.000000s/cts	O Det=319	H Det=447	Mon Det=12363	Aux Det=1566	O+H=2332	 DONE
24/10/2025 15:57:05:	move motor	S18.axis2.phaseshifter 1 to 0.500000deg	 DONE
24/10/2025 15:57:06:	19	count	time	5.000000s/cts	O Det=319	H Det=514	Mon Det=12168	Aux Det=1533	O+H=2366	 DONE
24/10/2025 15:57:13:	move motor	S18.axis2.phaseshifter 1 to 0.600000deg	 DONE
24/10/2025 15:57:14:	20	count	time	5.000000s/cts	O Det=309	H Det=654	Mon Det=12221	Aux Det=1321	O+H=2284	 DONE
24/10/2025 15:57:21:	move motor	S18.axis2.phaseshifter 1 to 0.700000deg	 DONE
24/10/2025 15:57:23:	21	count	time	5.000000s/cts	O Det=271	H Det=750	Mon Det=12410	Aux Det=1141	O+H=2162	 DONE
24/10/2025 15:57:29:	close file and end scan	 DONE
call of ifg1_newPS_2p5s_AP.sc DONE
24/10/2025 15:57:30:	move motor	S18.axis2.phaseshifter 1 to fit AUX COS180	-0.119829reached -0.13184  DONE
24/10/2025 15:57:33:	move motor	S18.axis2.phaseshifter 2 to -1.850000deg	 DONE
24/10/2025 15:57:35:	create file	D:\data\Cycle 198\exp_3-16-19\rawdata\sc\Prep_psi_+1+1+1_In_24Oct1557.dat	 DONE
room to enter remarks DONE
24/10/2025 15:57:36:	move motor	S18.axis2.phaseshifter 2 to -1.750000deg	 DONE
24/10/2025 15:57:38:	1	count	time	10.000000s/cts	O Det=1364	H Det=1060	Mon Det=25052	Aux Det=1754	O+H=4178	 DONE
24/10/2025 15:57:49:	move motor	S18.axis2.phaseshifter 2 to -1.650000deg	 DONE
24/10/2025 15:57:51:	2	count	time	10.000000s/cts	O Det=1691	H Det=869	Mon Det=24685	Aux Det=1795	O+H=4355	 DONE
24/10/2025 15:58:03:	move motor	S18.axis2.phaseshifter 2 to -1.550000deg	 DONE
24/10/2025 15:58:04:	3	count	time	10.000000s/cts	O Det=1755	H Det=707	Mon Det=24590	Aux Det=1803	O+H=4265	 DONE
24/10/2025 15:58:16:	move motor	S18.axis2.phaseshifter 2 to -1.450000deg	 DONE
24/10/2025 15:58:17:	4	count	time	10.000000s/cts	O Det=1737	H Det=776	Mon Det=24568	Aux Det=1773	O+H=4286	 DONE
24/10/2025 15:58:29:	move motor	S18.axis2.phaseshifter 2 to -1.350000deg	 DONE
24/10/2025 15:58:31:	5	count	time	10.000000s/cts	O Det=1362	H Det=1099	Mon Det=25026	Aux Det=1741	O+H=4202	 DONE
24/10/2025 15:58:42:	move motor	S18.axis2.phaseshifter 2 to -1.250000deg	 DONE
24/10/2025 15:58:44:	6	count	time	10.000000s/cts	O Det=1002	H Det=1371	Mon Det=24883	Aux Det=1755	O+H=4128	 DONE
24/10/2025 15:58:55:	move motor	S18.axis2.phaseshifter 2 to -1.150000deg	 DONE
24/10/2025 15:58:57:	7	count	time	10.000000s/cts	O Det=736	H Det=1700	Mon Det=24700	Aux Det=1731	O+H=4167	 DONE
24/10/2025 15:59:09:	move motor	S18.axis2.phaseshifter 2 to -1.050000deg	 DONE
24/10/2025 15:59:10:	8	count	time	10.000000s/cts	O Det=573	H Det=1747	Mon Det=24885	Aux Det=1827	O+H=4147	 DONE
24/10/2025 15:59:22:	move motor	S18.axis2.phaseshifter 2 to -0.950000deg	 DONE
24/10/2025 15:59:23:	9	count	time	10.000000s/cts	O Det=690	H Det=1667	Mon Det=24419	Aux Det=1775	O+H=4132	 DONE
24/10/2025 15:59:35:	move motor	S18.axis2.phaseshifter 2 to -0.850000deg	 DONE
24/10/2025 15:59:37:	10	count	time	10.000000s/cts	O Det=923	H Det=1482	Mon Det=24722	Aux Det=1805	O+H=4210	 DONE
24/10/2025 15:59:48:	move motor	S18.axis2.phaseshifter 2 to -0.750000deg	 DONE
24/10/2025 15:59:50:	11	count	time	10.000000s/cts	O Det=1217	H Det=1143	Mon Det=24668	Aux Det=1798	O+H=4158	 DONE
24/10/2025 16:00:01:	move motor	S18.axis2.phaseshifter 2 to -0.650000deg	 DONE
24/10/2025 16:00:03:	12	count	time	10.000000s/cts	O Det=1556	H Det=795	Mon Det=24616	Aux Det=1782	O+H=4133	 DONE
24/10/2025 16:00:15:	move motor	S18.axis2.phaseshifter 2 to -0.550000deg	 DONE
24/10/2025 16:00:16:	13	count	time	10.000000s/cts	O Det=1842	H Det=716	Mon Det=24619	Aux Det=1695	O+H=4253	 DONE
24/10/2025 16:00:28:	move motor	S18.axis2.phaseshifter 2 to -0.450000deg	 DONE
24/10/2025 16:00:29:	14	count	time	10.000000s/cts	O Det=1630	H Det=806	Mon Det=24513	Aux Det=1820	O+H=4256	 DONE
24/10/2025 16:00:41:	move motor	S18.axis2.phaseshifter 2 to -0.350000deg	 DONE
24/10/2025 16:00:43:	15	count	time	10.000000s/cts	O Det=1471	H Det=963	Mon Det=24564	Aux Det=1842	O+H=4276	 DONE
24/10/2025 16:00:54:	move motor	S18.axis2.phaseshifter 2 to -0.250000deg	 DONE
24/10/2025 16:00:56:	16	count	time	10.000000s/cts	O Det=1056	H Det=1349	Mon Det=24704	Aux Det=1859	O+H=4264	 DONE
24/10/2025 16:01:07:	move motor	S18.axis2.phaseshifter 2 to -0.150000deg	 DONE
24/10/2025 16:01:09:	17	count	time	10.000000s/cts	O Det=787	H Det=1609	Mon Det=24399	Aux Det=1834	O+H=4230	 DONE
24/10/2025 16:01:21:	move motor	S18.axis2.phaseshifter 2 to -0.050000deg	 DONE
24/10/2025 16:01:22:	18	count	time	10.000000s/cts	O Det=547	H Det=1756	Mon Det=24568	Aux Det=1807	O+H=4110	 DONE
24/10/2025 16:01:34:	move motor	S18.axis2.phaseshifter 2 to 0.050000deg	 DONE
24/10/2025 16:01:35:	19	count	time	10.000000s/cts	O Det=622	H Det=1705	Mon Det=24709	Aux Det=1812	O+H=4139	 DONE
24/10/2025 16:01:47:	move motor	S18.axis2.phaseshifter 2 to 0.150000deg	 DONE
24/10/2025 16:01:49:	20	count	time	10.000000s/cts	O Det=793	H Det=1564	Mon Det=24788	Aux Det=1800	O+H=4157	 DONE
24/10/2025 16:02:00:	move motor	S18.axis2.phaseshifter 2 to 0.250000deg	 DONE
24/10/2025 16:02:02:	21	count	time	10.000000s/cts	O Det=1129	H Det=1219	Mon Det=24933	Aux Det=1787	O+H=4135	 DONE
24/10/2025 16:02:13:	close file and end scan	 DONE
call of ifg2_newPS_2p10s_AP.sc DONE
24/10/2025 16:02:14:	move motor	S18.axis2.phaseshifter 2 to fit O COS360	0.498485reached 0.49438  DONE
24/10/2025 16:02:17:	END OF SCRIPT	 DONE
