23/10/2025 20:10:13:	start execution of script D:\data\Cycle 198\exp_3-16-19\rawdata\sc\Prep_psi_+1+1+1_In.sc	 DONE
23/10/2025 20:10:14:	move motor	S18.axis2.phaseshifter 1 to 0.00000deg	reached 0.00000  DONE
23/10/2025 20:10:16:	move motor	S18.axis2.phaseshifter 2 to 0.00000deg	reached 0.00000  DONE
call of Move_PS12_parallel.sc DONE
23/10/2025 20:10:19:	move motor	S18.axis2.phaseshifter 1 to -1.400000deg	 DONE
23/10/2025 20:10:21:	create file	D:\data\Cycle 198\exp_3-16-19\rawdata\sc\Prep_psi_+1+1+1_In_23Oct2010.dat	 DONE
room to enter remarks DONE
23/10/2025 20:10:22:	move motor	S18.axis2.phaseshifter 1 to -1.300000deg	 DONE
23/10/2025 20:10:24:	1	count	time	5.000000s/cts	O Det=166	H Det=519	Mon Det=12507	Aux Det=1757	O+H=2442	 DONE
23/10/2025 20:10:31:	move motor	S18.axis2.phaseshifter 1 to -1.200000deg	 DONE
23/10/2025 20:10:32:	2	count	time	5.000000s/cts	O Det=202	H Det=421	Mon Det=12572	Aux Det=1957	O+H=2580	 DONE
23/10/2025 20:10:39:	move motor	S18.axis2.phaseshifter 1 to -1.100000deg	 DONE
23/10/2025 20:10:40:	3	count	time	5.000000s/cts	O Det=250	H Det=430	Mon Det=12426	Aux Det=1889	O+H=2569	 DONE
23/10/2025 20:10:47:	move motor	S18.axis2.phaseshifter 1 to -1.000000deg	 DONE
23/10/2025 20:10:48:	4	count	time	5.000000s/cts	O Det=327	H Det=482	Mon Det=12442	Aux Det=1688	O+H=2497	 DONE
23/10/2025 20:10:55:	move motor	S18.axis2.phaseshifter 1 to -0.900000deg	 DONE
23/10/2025 20:10:57:	5	count	time	5.000000s/cts	O Det=339	H Det=577	Mon Det=12472	Aux Det=1384	O+H=2300	 DONE
23/10/2025 20:11:03:	move motor	S18.axis2.phaseshifter 1 to -0.800000deg	 DONE
23/10/2025 20:11:05:	6	count	time	5.000000s/cts	O Det=311	H Det=758	Mon Det=12443	Aux Det=1091	O+H=2160	 DONE
23/10/2025 20:11:12:	move motor	S18.axis2.phaseshifter 1 to -0.700000deg	 DONE
23/10/2025 20:11:13:	7	count	time	5.000000s/cts	O Det=297	H Det=899	Mon Det=12383	Aux Det=927	O+H=2123	 DONE
23/10/2025 20:11:20:	move motor	S18.axis2.phaseshifter 1 to -0.600000deg	 DONE
23/10/2025 20:11:21:	8	count	time	5.000000s/cts	O Det=263	H Det=923	Mon Det=12485	Aux Det=911	O+H=2097	 DONE
23/10/2025 20:11:28:	move motor	S18.axis2.phaseshifter 1 to -0.500000deg	 DONE
23/10/2025 20:11:29:	9	count	time	5.000000s/cts	O Det=261	H Det=904	Mon Det=12456	Aux Det=1144	O+H=2309	 DONE
23/10/2025 20:11:36:	move motor	S18.axis2.phaseshifter 1 to -0.400000deg	 DONE
23/10/2025 20:11:37:	10	count	time	5.000000s/cts	O Det=199	H Det=694	Mon Det=12394	Aux Det=1433	O+H=2326	 DONE
23/10/2025 20:11:44:	move motor	S18.axis2.phaseshifter 1 to -0.300000deg	 DONE
23/10/2025 20:11:46:	11	count	time	5.000000s/cts	O Det=170	H Det=576	Mon Det=12461	Aux Det=1793	O+H=2539	 DONE
23/10/2025 20:11:52:	move motor	S18.axis2.phaseshifter 1 to -0.200000deg	 DONE
23/10/2025 20:11:54:	12	count	time	5.000000s/cts	O Det=207	H Det=447	Mon Det=12301	Aux Det=1907	O+H=2561	 DONE
23/10/2025 20:12:00:	move motor	S18.axis2.phaseshifter 1 to -0.100000deg	 DONE
23/10/2025 20:12:02:	13	count	time	5.000000s/cts	O Det=249	H Det=399	Mon Det=12500	Aux Det=1903	O+H=2551	 DONE
23/10/2025 20:12:09:	move motor	S18.axis2.phaseshifter 1 to 0.000000deg	 DONE
23/10/2025 20:12:10:	14	count	time	5.000000s/cts	O Det=304	H Det=436	Mon Det=12189	Aux Det=1720	O+H=2460	 DONE
23/10/2025 20:12:17:	move motor	S18.axis2.phaseshifter 1 to 0.100000deg	 DONE
23/10/2025 20:12:18:	15	count	time	5.000000s/cts	O Det=292	H Det=532	Mon Det=12501	Aux Det=1519	O+H=2343	 DONE
23/10/2025 20:12:25:	move motor	S18.axis2.phaseshifter 1 to 0.200000deg	 DONE
23/10/2025 20:12:26:	16	count	time	5.000000s/cts	O Det=307	H Det=728	Mon Det=12396	Aux Det=1148	O+H=2183	 DONE
23/10/2025 20:12:33:	move motor	S18.axis2.phaseshifter 1 to 0.300000deg	 DONE
23/10/2025 20:12:35:	17	count	time	5.000000s/cts	O Det=306	H Det=856	Mon Det=12408	Aux Det=986	O+H=2148	 DONE
23/10/2025 20:12:41:	move motor	S18.axis2.phaseshifter 1 to 0.400000deg	 DONE
23/10/2025 20:12:43:	18	count	time	5.000000s/cts	O Det=282	H Det=956	Mon Det=12265	Aux Det=886	O+H=2124	 DONE
23/10/2025 20:12:49:	move motor	S18.axis2.phaseshifter 1 to 0.500000deg	 DONE
23/10/2025 20:12:51:	19	count	time	5.000000s/cts	O Det=190	H Det=980	Mon Det=12419	Aux Det=1028	O+H=2198	 DONE
23/10/2025 20:12:58:	move motor	S18.axis2.phaseshifter 1 to 0.600000deg	 DONE
23/10/2025 20:12:59:	20	count	time	5.000000s/cts	O Det=142	H Det=794	Mon Det=12509	Aux Det=1312	O+H=2248	 DONE
23/10/2025 20:13:06:	move motor	S18.axis2.phaseshifter 1 to 0.700000deg	 DONE
23/10/2025 20:13:07:	21	count	time	5.000000s/cts	O Det=180	H Det=645	Mon Det=12338	Aux Det=1596	O+H=2421	 DONE
23/10/2025 20:13:14:	close file and end scan	 DONE
call of ifg1_newPS_2p5s_AP.sc DONE
23/10/2025 20:13:15:	move motor	S18.axis2.phaseshifter 1 to fit AUX COS180	0.371050reached 0.37354  DONE
23/10/2025 20:13:18:	move motor	S18.axis2.phaseshifter 2 to -1.850000deg	 DONE
23/10/2025 20:13:20:	create file	D:\data\Cycle 198\exp_3-16-19\rawdata\sc\Prep_psi_+1+1+1_In_23Oct2013.dat	 DONE
room to enter remarks DONE
23/10/2025 20:13:21:	move motor	S18.axis2.phaseshifter 2 to -1.750000deg	 DONE
23/10/2025 20:13:22:	1	count	time	10.000000s/cts	O Det=1588	H Det=905	Mon Det=24649	Aux Det=1857	O+H=4350	 DONE
23/10/2025 20:13:34:	move motor	S18.axis2.phaseshifter 2 to -1.650000deg	 DONE
23/10/2025 20:13:36:	2	count	time	10.000000s/cts	O Det=1844	H Det=721	Mon Det=24928	Aux Det=1771	O+H=4336	 DONE
23/10/2025 20:13:47:	move motor	S18.axis2.phaseshifter 2 to -1.550000deg	 DONE
23/10/2025 20:13:49:	3	count	time	10.000000s/cts	O Det=1703	H Det=817	Mon Det=24741	Aux Det=1796	O+H=4316	 DONE
23/10/2025 20:14:00:	move motor	S18.axis2.phaseshifter 2 to -1.450000deg	 DONE
23/10/2025 20:14:02:	4	count	time	10.000000s/cts	O Det=1488	H Det=1018	Mon Det=24855	Aux Det=1779	O+H=4285	 DONE
23/10/2025 20:14:14:	move motor	S18.axis2.phaseshifter 2 to -1.350000deg	 DONE
23/10/2025 20:14:15:	5	count	time	10.000000s/cts	O Det=965	H Det=1444	Mon Det=25029	Aux Det=1743	O+H=4152	 DONE
23/10/2025 20:14:27:	move motor	S18.axis2.phaseshifter 2 to -1.250000deg	 DONE
23/10/2025 20:14:28:	6	count	time	10.000000s/cts	O Det=677	H Det=1810	Mon Det=25099	Aux Det=1798	O+H=4285	 DONE
23/10/2025 20:14:40:	move motor	S18.axis2.phaseshifter 2 to -1.150000deg	 DONE
23/10/2025 20:14:41:	7	count	time	10.000000s/cts	O Det=452	H Det=2010	Mon Det=25140	Aux Det=1774	O+H=4236	 DONE
23/10/2025 20:14:53:	move motor	S18.axis2.phaseshifter 2 to -1.050000deg	 DONE
23/10/2025 20:14:55:	8	count	time	10.000000s/cts	O Det=477	H Det=1873	Mon Det=24845	Aux Det=1759	O+H=4109	 DONE
23/10/2025 20:15:06:	move motor	S18.axis2.phaseshifter 2 to -0.950000deg	 DONE
23/10/2025 20:15:08:	9	count	time	10.000000s/cts	O Det=796	H Det=1546	Mon Det=24935	Aux Det=1810	O+H=4152	 DONE
23/10/2025 20:15:20:	move motor	S18.axis2.phaseshifter 2 to -0.850000deg	 DONE
23/10/2025 20:15:21:	10	count	time	10.000000s/cts	O Det=1191	H Det=1259	Mon Det=24988	Aux Det=1729	O+H=4179	 DONE
23/10/2025 20:15:33:	move motor	S18.axis2.phaseshifter 2 to -0.750000deg	 DONE
23/10/2025 20:15:34:	11	count	time	10.000000s/cts	O Det=1493	H Det=960	Mon Det=24973	Aux Det=1710	O+H=4163	 DONE
23/10/2025 20:15:46:	move motor	S18.axis2.phaseshifter 2 to -0.650000deg	 DONE
23/10/2025 20:15:48:	12	count	time	10.000000s/cts	O Det=1840	H Det=758	Mon Det=25049	Aux Det=1724	O+H=4322	 DONE
23/10/2025 20:15:59:	move motor	S18.axis2.phaseshifter 2 to -0.550000deg	 DONE
23/10/2025 20:16:01:	13	count	time	10.000000s/cts	O Det=1794	H Det=757	Mon Det=24940	Aux Det=1739	O+H=4290	 DONE
23/10/2025 20:16:13:	move motor	S18.axis2.phaseshifter 2 to -0.450000deg	 DONE
23/10/2025 20:16:14:	14	count	time	10.000000s/cts	O Det=1361	H Det=986	Mon Det=24866	Aux Det=1884	O+H=4231	 DONE
23/10/2025 20:16:26:	move motor	S18.axis2.phaseshifter 2 to -0.350000deg	 DONE
23/10/2025 20:16:27:	15	count	time	10.000000s/cts	O Det=1117	H Det=1385	Mon Det=25189	Aux Det=1739	O+H=4241	 DONE
23/10/2025 20:16:39:	move motor	S18.axis2.phaseshifter 2 to -0.250000deg	 DONE
23/10/2025 20:16:40:	16	count	time	10.000000s/cts	O Det=779	H Det=1761	Mon Det=24687	Aux Det=1776	O+H=4316	 DONE
23/10/2025 20:16:52:	move motor	S18.axis2.phaseshifter 2 to -0.150000deg	 DONE
23/10/2025 20:16:54:	17	count	time	10.000000s/cts	O Det=543	H Det=1776	Mon Det=24664	Aux Det=1784	O+H=4103	 DONE
23/10/2025 20:17:05:	move motor	S18.axis2.phaseshifter 2 to -0.050000deg	 DONE
23/10/2025 20:17:07:	18	count	time	10.000000s/cts	O Det=503	H Det=1826	Mon Det=24940	Aux Det=1834	O+H=4163	 DONE
23/10/2025 20:17:19:	move motor	S18.axis2.phaseshifter 2 to 0.050000deg	 DONE
23/10/2025 20:17:20:	19	count	time	10.000000s/cts	O Det=652	H Det=1730	Mon Det=24922	Aux Det=1861	O+H=4243	 DONE
23/10/2025 20:17:32:	move motor	S18.axis2.phaseshifter 2 to 0.150000deg	 DONE
23/10/2025 20:17:33:	20	count	time	10.000000s/cts	O Det=997	H Det=1422	Mon Det=24734	Aux Det=1829	O+H=4248	 DONE
23/10/2025 20:17:45:	move motor	S18.axis2.phaseshifter 2 to 0.250000deg	 DONE
23/10/2025 20:17:46:	21	count	time	10.000000s/cts	O Det=1431	H Det=1082	Mon Det=24721	Aux Det=1644	O+H=4157	 DONE
23/10/2025 20:17:58:	close file and end scan	 DONE
call of ifg2_newPS_2p10s_AP.sc DONE
23/10/2025 20:17:59:	move motor	S18.axis2.phaseshifter 2 to fit O COS360	0.423140reached 0.41748  DONE
23/10/2025 20:18:02:	END OF SCRIPT	 DONE
