24/10/2025 14:39:16:	start execution of script D:\data\Cycle 198\exp_3-16-19\rawdata\sc\Prep_psi_+1-i-1_In.sc	 DONE
24/10/2025 14:39:17:	move motor	S18.axis2.phaseshifter 1 to 0.00000deg	reached 0.00000  DONE
24/10/2025 14:39:19:	move motor	S18.axis2.phaseshifter 2 to 0.00000deg	reached 0.00000  DONE
call of Move_PS12_parallel.sc DONE
24/10/2025 14:39:23:	move motor	S18.axis2.phaseshifter 1 to -1.400000deg	 DONE
24/10/2025 14:39:25:	create file	D:\data\Cycle 198\exp_3-16-19\rawdata\sc\Prep_psi_+1-i-1_In_24Oct1439.dat	 DONE
room to enter remarks DONE
24/10/2025 14:39:26:	move motor	S18.axis2.phaseshifter 1 to -1.300000deg	 DONE
24/10/2025 14:39:28:	1	count	time	10.000000s/cts	O Det=1663	H Det=812	Mon Det=24822	Aux Det=1866	O+H=4341	 DONE
24/10/2025 14:39:39:	move motor	S18.axis2.phaseshifter 1 to -1.200000deg	 DONE
24/10/2025 14:39:41:	2	count	time	10.000000s/cts	O Det=1763	H Det=766	Mon Det=24842	Aux Det=1752	O+H=4281	 DONE
24/10/2025 14:39:52:	move motor	S18.axis2.phaseshifter 1 to -1.100000deg	 DONE
24/10/2025 14:39:54:	3	count	time	10.000000s/cts	O Det=1605	H Det=768	Mon Det=24734	Aux Det=1925	O+H=4298	 DONE
24/10/2025 14:40:06:	move motor	S18.axis2.phaseshifter 1 to -1.000000deg	 DONE
24/10/2025 14:40:07:	4	count	time	10.000000s/cts	O Det=1428	H Det=688	Mon Det=24701	Aux Det=2442	O+H=4558	 DONE
24/10/2025 14:40:19:	move motor	S18.axis2.phaseshifter 1 to -0.900000deg	 DONE
24/10/2025 14:40:20:	5	count	time	10.000000s/cts	O Det=1187	H Det=688	Mon Det=24713	Aux Det=3018	O+H=4893	 DONE
24/10/2025 14:40:32:	move motor	S18.axis2.phaseshifter 1 to -0.800000deg	 DONE
24/10/2025 14:40:33:	6	count	time	10.000000s/cts	O Det=831	H Det=718	Mon Det=24583	Aux Det=3575	O+H=5124	 DONE
24/10/2025 14:40:45:	move motor	S18.axis2.phaseshifter 1 to -0.700000deg	 DONE
24/10/2025 14:40:46:	7	count	time	10.000000s/cts	O Det=629	H Det=749	Mon Det=24909	Aux Det=3695	O+H=5073	 DONE
24/10/2025 14:40:58:	move motor	S18.axis2.phaseshifter 1 to -0.600000deg	 DONE
24/10/2025 14:41:00:	8	count	time	10.000000s/cts	O Det=629	H Det=777	Mon Det=24728	Aux Det=3433	O+H=4839	 DONE
24/10/2025 14:41:11:	move motor	S18.axis2.phaseshifter 1 to -0.500000deg	 DONE
24/10/2025 14:41:13:	9	count	time	10.000000s/cts	O Det=904	H Det=865	Mon Det=24585	Aux Det=3084	O+H=4853	 DONE
24/10/2025 14:41:24:	move motor	S18.axis2.phaseshifter 1 to -0.400000deg	 DONE
24/10/2025 14:41:26:	10	count	time	10.000000s/cts	O Det=1219	H Det=810	Mon Det=24815	Aux Det=2390	O+H=4419	 DONE
24/10/2025 14:41:38:	move motor	S18.axis2.phaseshifter 1 to -0.300000deg	 DONE
24/10/2025 14:41:39:	11	count	time	10.000000s/cts	O Det=1558	H Det=901	Mon Det=24671	Aux Det=1983	O+H=4442	 DONE
24/10/2025 14:41:51:	move motor	S18.axis2.phaseshifter 1 to -0.200000deg	 DONE
24/10/2025 14:41:52:	12	count	time	10.000000s/cts	O Det=1783	H Det=777	Mon Det=24856	Aux Det=1681	O+H=4241	 DONE
24/10/2025 14:42:04:	move motor	S18.axis2.phaseshifter 1 to -0.100000deg	 DONE
24/10/2025 14:42:06:	13	count	time	10.000000s/cts	O Det=1823	H Det=686	Mon Det=24772	Aux Det=1791	O+H=4300	 DONE
24/10/2025 14:42:17:	move motor	S18.axis2.phaseshifter 1 to 0.000000deg	 DONE
24/10/2025 14:42:19:	14	count	time	10.000000s/cts	O Det=1538	H Det=697	Mon Det=24596	Aux Det=2290	O+H=4525	 DONE
24/10/2025 14:42:30:	move motor	S18.axis2.phaseshifter 1 to 0.100000deg	 DONE
24/10/2025 14:42:32:	15	count	time	10.000000s/cts	O Det=1204	H Det=616	Mon Det=24512	Aux Det=2895	O+H=4715	 DONE
24/10/2025 14:42:44:	move motor	S18.axis2.phaseshifter 1 to 0.200000deg	 DONE
24/10/2025 14:42:45:	16	count	time	10.000000s/cts	O Det=894	H Det=673	Mon Det=24795	Aux Det=3374	O+H=4941	 DONE
24/10/2025 14:42:57:	move motor	S18.axis2.phaseshifter 1 to 0.300000deg	 DONE
24/10/2025 14:42:58:	17	count	time	10.000000s/cts	O Det=649	H Det=692	Mon Det=24652	Aux Det=3613	O+H=4954	 DONE
24/10/2025 14:43:10:	move motor	S18.axis2.phaseshifter 1 to 0.400000deg	 DONE
24/10/2025 14:43:12:	18	count	time	10.000000s/cts	O Det=614	H Det=743	Mon Det=24905	Aux Det=3608	O+H=4965	 DONE
24/10/2025 14:43:23:	move motor	S18.axis2.phaseshifter 1 to 0.500000deg	 DONE
24/10/2025 14:43:25:	19	count	time	10.000000s/cts	O Det=723	H Det=858	Mon Det=24682	Aux Det=3227	O+H=4808	 DONE
24/10/2025 14:43:36:	move motor	S18.axis2.phaseshifter 1 to 0.600000deg	 DONE
24/10/2025 14:43:38:	20	count	time	10.000000s/cts	O Det=1015	H Det=871	Mon Det=24825	Aux Det=2635	O+H=4521	 DONE
24/10/2025 14:43:50:	move motor	S18.axis2.phaseshifter 1 to 0.700000deg	 DONE
24/10/2025 14:43:51:	21	count	time	10.000000s/cts	O Det=1471	H Det=888	Mon Det=24894	Aux Det=2116	O+H=4475	 DONE
24/10/2025 14:44:03:	close file and end scan	 DONE
call of ifg1_newPS_2p10s_AP.sc DONE
24/10/2025 14:44:04:	move motor	S18.axis2.phaseshifter 1 to fit AUX COS-180	-1.224220reached -1.21948  DONE
24/10/2025 14:44:07:	move motor	S18.axis2.phaseshifter 2 to -1.850000deg	 DONE
24/10/2025 14:44:09:	create file	D:\data\Cycle 198\exp_3-16-19\rawdata\sc\Prep_psi_+1-i-1_In_24Oct1444.dat	 DONE
room to enter remarks DONE
24/10/2025 14:44:10:	move motor	S18.axis2.phaseshifter 2 to -1.750000deg	 DONE
24/10/2025 14:44:12:	1	count	time	20.000000s/cts	O Det=1207	H Det=3576	Mon Det=49707	Aux Det=3331	O+H=8114	 DONE
24/10/2025 14:44:33:	move motor	S18.axis2.phaseshifter 2 to -1.650000deg	 DONE
24/10/2025 14:44:35:	2	count	time	20.000000s/cts	O Det=917	H Det=3943	Mon Det=49738	Aux Det=3401	O+H=8261	 DONE
24/10/2025 14:44:56:	move motor	S18.axis2.phaseshifter 2 to -1.550000deg	 DONE
24/10/2025 14:44:58:	3	count	time	20.000000s/cts	O Det=926	H Det=3881	Mon Det=49782	Aux Det=3397	O+H=8204	 DONE
24/10/2025 14:45:20:	move motor	S18.axis2.phaseshifter 2 to -1.450000deg	 DONE
24/10/2025 14:45:21:	4	count	time	20.000000s/cts	O Det=1499	H Det=3352	Mon Det=49666	Aux Det=3473	O+H=8324	 DONE
24/10/2025 14:45:43:	move motor	S18.axis2.phaseshifter 2 to -1.350000deg	 DONE
24/10/2025 14:45:44:	5	count	time	20.000000s/cts	O Det=2322	H Det=2564	Mon Det=49398	Aux Det=3521	O+H=8407	 DONE
24/10/2025 14:46:06:	move motor	S18.axis2.phaseshifter 2 to -1.250000deg	 DONE
24/10/2025 14:46:08:	6	count	time	20.000000s/cts	O Det=3189	H Det=1835	Mon Det=49627	Aux Det=3410	O+H=8434	 DONE
24/10/2025 14:46:29:	move motor	S18.axis2.phaseshifter 2 to -1.150000deg	 DONE
24/10/2025 14:46:31:	7	count	time	20.000000s/cts	O Det=3733	H Det=1541	Mon Det=49685	Aux Det=3318	O+H=8592	 DONE
24/10/2025 14:46:53:	move motor	S18.axis2.phaseshifter 2 to -1.050000deg	 DONE
24/10/2025 14:46:54:	8	count	time	20.000000s/cts	O Det=3492	H Det=1524	Mon Det=49736	Aux Det=3456	O+H=8472	 DONE
24/10/2025 14:47:16:	move motor	S18.axis2.phaseshifter 2 to -0.950000deg	 DONE
24/10/2025 14:47:17:	9	count	time	20.000000s/cts	O Det=3080	H Det=1936	Mon Det=49834	Aux Det=3380	O+H=8396	 DONE
24/10/2025 14:47:39:	move motor	S18.axis2.phaseshifter 2 to -0.850000deg	 DONE
24/10/2025 14:47:40:	10	count	time	20.000000s/cts	O Det=2301	H Det=2697	Mon Det=49350	Aux Det=3296	O+H=8294	 DONE
24/10/2025 14:48:02:	move motor	S18.axis2.phaseshifter 2 to -0.750000deg	 DONE
24/10/2025 14:48:04:	11	count	time	20.000000s/cts	O Det=1427	H Det=3359	Mon Det=49373	Aux Det=3437	O+H=8223	 DONE
24/10/2025 14:48:25:	move motor	S18.axis2.phaseshifter 2 to -0.650000deg	 DONE
24/10/2025 14:48:27:	12	count	time	20.000000s/cts	O Det=871	H Det=3890	Mon Det=49686	Aux Det=3420	O+H=8181	 DONE
24/10/2025 14:48:49:	move motor	S18.axis2.phaseshifter 2 to -0.550000deg	 DONE
24/10/2025 14:48:50:	13	count	time	20.000000s/cts	O Det=827	H Det=3956	Mon Det=49897	Aux Det=3449	O+H=8232	 DONE
24/10/2025 14:49:12:	move motor	S18.axis2.phaseshifter 2 to -0.450000deg	 DONE
24/10/2025 14:49:13:	14	count	time	20.000000s/cts	O Det=1238	H Det=3525	Mon Det=49679	Aux Det=3310	O+H=8073	 DONE
24/10/2025 14:49:35:	move motor	S18.axis2.phaseshifter 2 to -0.350000deg	 DONE
24/10/2025 14:49:36:	15	count	time	20.000000s/cts	O Det=2076	H Det=2892	Mon Det=49667	Aux Det=3387	O+H=8355	 DONE
24/10/2025 14:49:58:	move motor	S18.axis2.phaseshifter 2 to -0.250000deg	 DONE
24/10/2025 14:50:00:	16	count	time	20.000000s/cts	O Det=2836	H Det=2178	Mon Det=49251	Aux Det=3394	O+H=8408	 DONE
24/10/2025 14:50:21:	move motor	S18.axis2.phaseshifter 2 to -0.150000deg	 DONE
24/10/2025 14:50:23:	17	count	time	20.000000s/cts	O Det=3395	H Det=1569	Mon Det=49755	Aux Det=3343	O+H=8307	 DONE
24/10/2025 14:50:45:	move motor	S18.axis2.phaseshifter 2 to -0.050000deg	 DONE
24/10/2025 14:50:46:	18	count	time	20.000000s/cts	O Det=3638	H Det=1468	Mon Det=49624	Aux Det=3503	O+H=8609	 DONE
24/10/2025 14:51:08:	move motor	S18.axis2.phaseshifter 2 to 0.050000deg	 DONE
24/10/2025 14:51:09:	19	count	time	20.000000s/cts	O Det=3236	H Det=1816	Mon Det=49752	Aux Det=3324	O+H=8376	 DONE
24/10/2025 14:51:31:	move motor	S18.axis2.phaseshifter 2 to 0.150000deg	 DONE
24/10/2025 14:51:32:	20	count	time	20.000000s/cts	O Det=2612	H Det=2279	Mon Det=49767	Aux Det=3463	O+H=8354	 DONE
24/10/2025 14:51:54:	move motor	S18.axis2.phaseshifter 2 to 0.250000deg	 DONE
24/10/2025 14:51:56:	21	count	time	20.000000s/cts	O Det=1838	H Det=3124	Mon Det=49779	Aux Det=3348	O+H=8310	 DONE
24/10/2025 14:52:17:	close file and end scan	 DONE
call of ifg2_newPS_2p20s_AP.sc DONE
24/10/2025 14:52:18:	move motor	S18.axis2.phaseshifter 2 to fit O COS-270	-1.881162reached -1.87866  DONE
24/10/2025 14:52:22:	move motor	S18.axis2.phaseshifter 1 to -1.400000deg	 DONE
24/10/2025 14:52:23:	create file	D:\data\Cycle 198\exp_3-16-19\rawdata\sc\Prep_psi_+1-i-1_In_24Oct1452.dat	 DONE
room to enter remarks DONE
24/10/2025 14:52:24:	move motor	S18.axis2.phaseshifter 1 to -1.300000deg	 DONE
24/10/2025 14:52:26:	1	count	time	10.000000s/cts	O Det=1050	H Det=1440	Mon Det=24616	Aux Det=1762	O+H=4252	 DONE
24/10/2025 14:52:37:	move motor	S18.axis2.phaseshifter 1 to -1.200000deg	 DONE
24/10/2025 14:52:39:	2	count	time	10.000000s/cts	O Det=1262	H Det=1290	Mon Det=24675	Aux Det=1749	O+H=4301	 DONE
24/10/2025 14:52:51:	move motor	S18.axis2.phaseshifter 1 to -1.100000deg	 DONE
24/10/2025 14:52:52:	3	count	time	10.000000s/cts	O Det=1248	H Det=1053	Mon Det=24734	Aux Det=1999	O+H=4300	 DONE
24/10/2025 14:53:04:	move motor	S18.axis2.phaseshifter 1 to -1.000000deg	 DONE
24/10/2025 14:53:05:	4	count	time	10.000000s/cts	O Det=1148	H Det=917	Mon Det=24955	Aux Det=2343	O+H=4408	 DONE
24/10/2025 14:53:17:	move motor	S18.axis2.phaseshifter 1 to -0.900000deg	 DONE
24/10/2025 14:53:18:	5	count	time	10.000000s/cts	O Det=1018	H Det=748	Mon Det=24908	Aux Det=2945	O+H=4711	 DONE
24/10/2025 14:53:30:	move motor	S18.axis2.phaseshifter 1 to -0.800000deg	 DONE
24/10/2025 14:53:32:	6	count	time	10.000000s/cts	O Det=704	H Det=771	Mon Det=24705	Aux Det=3507	O+H=4982	 DONE
24/10/2025 14:53:43:	move motor	S18.axis2.phaseshifter 1 to -0.700000deg	 DONE
24/10/2025 14:53:45:	7	count	time	10.000000s/cts	O Det=528	H Det=769	Mon Det=25092	Aux Det=3680	O+H=4977	 DONE
24/10/2025 14:53:56:	move motor	S18.axis2.phaseshifter 1 to -0.600000deg	 DONE
24/10/2025 14:53:58:	8	count	time	10.000000s/cts	O Det=372	H Det=1025	Mon Det=24698	Aux Det=3420	O+H=4817	 DONE
24/10/2025 14:54:10:	move motor	S18.axis2.phaseshifter 1 to -0.500000deg	 DONE
24/10/2025 14:54:11:	9	count	time	10.000000s/cts	O Det=399	H Det=1240	Mon Det=24758	Aux Det=3134	O+H=4773	 DONE
24/10/2025 14:54:23:	move motor	S18.axis2.phaseshifter 1 to -0.400000deg	 DONE
24/10/2025 14:54:24:	10	count	time	10.000000s/cts	O Det=630	H Det=1467	Mon Det=24913	Aux Det=2521	O+H=4618	 DONE
24/10/2025 14:54:36:	move motor	S18.axis2.phaseshifter 1 to -0.300000deg	 DONE
24/10/2025 14:54:38:	11	count	time	10.000000s/cts	O Det=884	H Det=1384	Mon Det=25004	Aux Det=1932	O+H=4200	 DONE
24/10/2025 14:54:49:	move motor	S18.axis2.phaseshifter 1 to -0.200000deg	 DONE
24/10/2025 14:54:51:	12	count	time	10.000000s/cts	O Det=1092	H Det=1326	Mon Det=24968	Aux Det=1695	O+H=4113	 DONE
24/10/2025 14:55:02:	move motor	S18.axis2.phaseshifter 1 to -0.100000deg	 DONE
24/10/2025 14:55:04:	13	count	time	10.000000s/cts	O Det=1263	H Det=1169	Mon Det=24813	Aux Det=1779	O+H=4211	 DONE
24/10/2025 14:55:16:	move motor	S18.axis2.phaseshifter 1 to 0.000000deg	 DONE
24/10/2025 14:55:17:	14	count	time	10.000000s/cts	O Det=1271	H Det=936	Mon Det=24585	Aux Det=2338	O+H=4545	 DONE
24/10/2025 14:55:29:	move motor	S18.axis2.phaseshifter 1 to 0.100000deg	 DONE
24/10/2025 14:55:30:	15	count	time	10.000000s/cts	O Det=1047	H Det=768	Mon Det=24850	Aux Det=2878	O+H=4693	 DONE
24/10/2025 14:55:42:	move motor	S18.axis2.phaseshifter 1 to 0.200000deg	 DONE
24/10/2025 14:55:44:	16	count	time	10.000000s/cts	O Det=807	H Det=666	Mon Det=24724	Aux Det=3408	O+H=4881	 DONE
24/10/2025 14:55:55:	move motor	S18.axis2.phaseshifter 1 to 0.300000deg	 DONE
24/10/2025 14:55:57:	17	count	time	10.000000s/cts	O Det=651	H Det=749	Mon Det=24640	Aux Det=3746	O+H=5146	 DONE
24/10/2025 14:56:08:	move motor	S18.axis2.phaseshifter 1 to 0.400000deg	 DONE
24/10/2025 14:56:10:	18	count	time	10.000000s/cts	O Det=493	H Det=884	Mon Det=24845	Aux Det=3603	O+H=4980	 DONE
24/10/2025 14:56:22:	move motor	S18.axis2.phaseshifter 1 to 0.500000deg	 DONE
24/10/2025 14:56:23:	19	count	time	10.000000s/cts	O Det=395	H Det=1155	Mon Det=24648	Aux Det=3170	O+H=4720	 DONE
24/10/2025 14:56:35:	move motor	S18.axis2.phaseshifter 1 to 0.600000deg	 DONE
24/10/2025 14:56:36:	20	count	time	10.000000s/cts	O Det=560	H Det=1338	Mon Det=24957	Aux Det=2559	O+H=4457	 DONE
24/10/2025 14:56:48:	move motor	S18.axis2.phaseshifter 1 to 0.700000deg	 DONE
24/10/2025 14:56:50:	21	count	time	10.000000s/cts	O Det=801	H Det=1491	Mon Det=24776	Aux Det=2132	O+H=4424	 DONE
24/10/2025 14:57:01:	close file and end scan	 DONE
call of ifg1_newPS_2p10s_AP.sc DONE
24/10/2025 14:57:02:	move motor	S18.axis2.phaseshifter 1 to fit AUX COS90	-0.442463reached -0.42847  DONE
24/10/2025 14:57:05:	END OF SCRIPT	 DONE
