27/09/2025 04:30:26:	start execution of script D:\data\Cycle 198\exp_3-16-19\rawdata\sc\rocking.sc	 DONE
27/09/2025 04:30:27:	move motor	S18.axis2.piezo rotation to -1.962255deg	 DONE
27/09/2025 04:30:30:	create file	D:\data\Cycle 198\exp_3-16-19\rawdata\sc\rocking_27Sep0430.dat	 DONE
room to enter remarks DONE
27/09/2025 04:30:31:	move motor	S18.axis2.piezo rotation to -1.862255deg	 DONE
27/09/2025 04:30:35:	1	count	time	5.000000s/cts	O Det=1	H Det=34	Mon Det=11169	Aux Det=1	O+H=36	 DONE
27/09/2025 04:30:42:	move motor	S18.axis2.piezo rotation to -1.862205deg	 DONE
27/09/2025 04:30:44:	2	count	time	5.000000s/cts	O Det=1	H Det=50	Mon Det=11292	Aux Det=1	O+H=52	 DONE
27/09/2025 04:30:51:	move motor	S18.axis2.piezo rotation to -1.862155deg	 DONE
27/09/2025 04:30:55:	3	count	time	5.000000s/cts	O Det=0	H Det=52	Mon Det=11140	Aux Det=2	O+H=54	 DONE
27/09/2025 04:31:02:	move motor	S18.axis2.piezo rotation to -1.862105deg	 DONE
27/09/2025 04:31:03:	4	count	time	5.000000s/cts	O Det=1	H Det=63	Mon Det=11270	Aux Det=3	O+H=67	 DONE
27/09/2025 04:31:10:	move motor	S18.axis2.piezo rotation to -1.862055deg	 DONE
27/09/2025 04:31:14:	5	count	time	5.000000s/cts	O Det=3	H Det=68	Mon Det=11449	Aux Det=7	O+H=78	 DONE
27/09/2025 04:31:21:	move motor	S18.axis2.piezo rotation to -1.862005deg	 DONE
27/09/2025 04:31:22:	6	count	time	5.000000s/cts	O Det=1	H Det=68	Mon Det=11435	Aux Det=5	O+H=74	 DONE
27/09/2025 04:31:29:	move motor	S18.axis2.piezo rotation to -1.861955deg	 DONE
27/09/2025 04:31:33:	7	count	time	5.000000s/cts	O Det=0	H Det=63	Mon Det=11396	Aux Det=3	O+H=66	 DONE
27/09/2025 04:31:40:	move motor	S18.axis2.piezo rotation to -1.861905deg	 DONE
27/09/2025 04:31:42:	8	count	time	5.000000s/cts	O Det=3	H Det=79	Mon Det=11350	Aux Det=3	O+H=85	 DONE
27/09/2025 04:31:48:	move motor	S18.axis2.piezo rotation to -1.861855deg	 DONE
27/09/2025 04:31:53:	9	count	time	5.000000s/cts	O Det=3	H Det=89	Mon Det=11091	Aux Det=2	O+H=94	 DONE
27/09/2025 04:31:59:	move motor	S18.axis2.piezo rotation to -1.861805deg	 DONE
27/09/2025 04:32:03:	10	count	time	5.000000s/cts	O Det=3	H Det=115	Mon Det=11373	Aux Det=5	O+H=123	 DONE
27/09/2025 04:32:10:	move motor	S18.axis2.piezo rotation to -1.861755deg	 DONE
27/09/2025 04:32:14:	11	count	time	5.000000s/cts	O Det=2	H Det=117	Mon Det=11318	Aux Det=1	O+H=120	 DONE
27/09/2025 04:32:21:	move motor	S18.axis2.piezo rotation to -1.861705deg	 DONE
27/09/2025 04:32:25:	12	count	time	5.000000s/cts	O Det=3	H Det=147	Mon Det=11212	Aux Det=6	O+H=156	 DONE
27/09/2025 04:32:32:	move motor	S18.axis2.piezo rotation to -1.861655deg	 DONE
27/09/2025 04:32:36:	13	count	time	5.000000s/cts	O Det=6	H Det=146	Mon Det=11355	Aux Det=5	O+H=157	 DONE
27/09/2025 04:32:42:	move motor	S18.axis2.piezo rotation to -1.861605deg	 DONE
27/09/2025 04:32:47:	14	count	time	5.000000s/cts	O Det=12	H Det=205	Mon Det=11229	Aux Det=2	O+H=219	 DONE
27/09/2025 04:32:53:	move motor	S18.axis2.piezo rotation to -1.861555deg	 DONE
27/09/2025 04:32:57:	15	count	time	5.000000s/cts	O Det=17	H Det=197	Mon Det=11124	Aux Det=4	O+H=218	 DONE
27/09/2025 04:33:04:	move motor	S18.axis2.piezo rotation to -1.861505deg	 DONE
27/09/2025 04:33:08:	16	count	time	5.000000s/cts	O Det=22	H Det=236	Mon Det=11339	Aux Det=4	O+H=262	 DONE
27/09/2025 04:33:15:	move motor	S18.axis2.piezo rotation to -1.861455deg	 DONE
27/09/2025 04:33:16:	17	count	time	5.000000s/cts	O Det=28	H Det=253	Mon Det=11310	Aux Det=1	O+H=282	 DONE
27/09/2025 04:33:23:	move motor	S18.axis2.piezo rotation to -1.861405deg	 DONE
27/09/2025 04:33:27:	18	count	time	5.000000s/cts	O Det=29	H Det=291	Mon Det=11407	Aux Det=5	O+H=325	 DONE
27/09/2025 04:33:34:	move motor	S18.axis2.piezo rotation to -1.861355deg	 DONE
27/09/2025 04:33:35:	19	count	time	5.000000s/cts	O Det=40	H Det=327	Mon Det=11487	Aux Det=1	O+H=368	 DONE
27/09/2025 04:33:42:	move motor	S18.axis2.piezo rotation to -1.861305deg	 DONE
27/09/2025 04:33:46:	20	count	time	5.000000s/cts	O Det=61	H Det=341	Mon Det=11213	Aux Det=5	O+H=407	 DONE
27/09/2025 04:33:53:	move motor	S18.axis2.piezo rotation to -1.861255deg	 DONE
27/09/2025 04:33:54:	21	count	time	5.000000s/cts	O Det=79	H Det=337	Mon Det=11139	Aux Det=2	O+H=418	 DONE
27/09/2025 04:34:01:	move motor	S18.axis2.piezo rotation to -1.861205deg	 DONE
27/09/2025 04:34:05:	22	count	time	5.000000s/cts	O Det=102	H Det=437	Mon Det=11125	Aux Det=1	O+H=540	 DONE
27/09/2025 04:34:11:	move motor	S18.axis2.piezo rotation to -1.861155deg	 DONE
27/09/2025 04:34:13:	23	count	time	5.000000s/cts	O Det=149	H Det=467	Mon Det=11252	Aux Det=3	O+H=619	 DONE
27/09/2025 04:34:20:	move motor	S18.axis2.piezo rotation to -1.861105deg	 DONE
27/09/2025 04:34:24:	24	count	time	5.000000s/cts	O Det=152	H Det=433	Mon Det=11430	Aux Det=2	O+H=587	 DONE
27/09/2025 04:34:31:	move motor	S18.axis2.piezo rotation to -1.861055deg	 DONE
27/09/2025 04:34:32:	25	count	time	5.000000s/cts	O Det=171	H Det=499	Mon Det=11321	Aux Det=2	O+H=672	 DONE
27/09/2025 04:34:39:	move motor	S18.axis2.piezo rotation to -1.861005deg	 DONE
27/09/2025 04:34:43:	26	count	time	5.000000s/cts	O Det=206	H Det=461	Mon Det=11303	Aux Det=1	O+H=668	 DONE
27/09/2025 04:34:50:	move motor	S18.axis2.piezo rotation to -1.860955deg	 DONE
27/09/2025 04:34:51:	27	count	time	5.000000s/cts	O Det=214	H Det=466	Mon Det=11322	Aux Det=3	O+H=683	 DONE
27/09/2025 04:34:58:	move motor	S18.axis2.piezo rotation to -1.860905deg	 DONE
27/09/2025 04:35:02:	28	count	time	5.000000s/cts	O Det=223	H Det=430	Mon Det=11446	Aux Det=2	O+H=655	 DONE
27/09/2025 04:35:09:	move motor	S18.axis2.piezo rotation to -1.860855deg	 DONE
27/09/2025 04:35:13:	29	count	time	5.000000s/cts	O Det=219	H Det=495	Mon Det=11210	Aux Det=2	O+H=716	 DONE
27/09/2025 04:35:19:	move motor	S18.axis2.piezo rotation to -1.860805deg	 DONE
27/09/2025 04:35:23:	30	count	time	5.000000s/cts	O Det=220	H Det=479	Mon Det=11139	Aux Det=3	O+H=702	 DONE
27/09/2025 04:35:30:	move motor	S18.axis2.piezo rotation to -1.860755deg	 DONE
27/09/2025 04:35:34:	31	count	time	5.000000s/cts	O Det=206	H Det=497	Mon Det=11378	Aux Det=2	O+H=705	 DONE
27/09/2025 04:35:41:	move motor	S18.axis2.piezo rotation to -1.860705deg	 DONE
27/09/2025 04:35:45:	32	count	time	5.000000s/cts	O Det=170	H Det=489	Mon Det=11151	Aux Det=1	O+H=660	 DONE
27/09/2025 04:35:52:	move motor	S18.axis2.piezo rotation to -1.860655deg	 DONE
27/09/2025 04:35:56:	33	count	time	5.000000s/cts	O Det=160	H Det=511	Mon Det=11292	Aux Det=3	O+H=674	 DONE
27/09/2025 04:36:02:	move motor	S18.axis2.piezo rotation to -1.860605deg	 DONE
27/09/2025 04:36:06:	34	count	time	5.000000s/cts	O Det=136	H Det=457	Mon Det=11224	Aux Det=2	O+H=595	 DONE
27/09/2025 04:36:13:	move motor	S18.axis2.piezo rotation to -1.860555deg	 DONE
27/09/2025 04:36:17:	35	count	time	5.000000s/cts	O Det=116	H Det=473	Mon Det=11306	Aux Det=1	O+H=590	 DONE
27/09/2025 04:36:24:	move motor	S18.axis2.piezo rotation to -1.860505deg	 DONE
27/09/2025 04:36:28:	36	count	time	5.000000s/cts	O Det=72	H Det=424	Mon Det=11290	Aux Det=1	O+H=497	 DONE
27/09/2025 04:36:35:	move motor	S18.axis2.piezo rotation to -1.860455deg	 DONE
27/09/2025 04:36:39:	37	count	time	5.000000s/cts	O Det=60	H Det=433	Mon Det=11425	Aux Det=2	O+H=495	 DONE
27/09/2025 04:36:45:	move motor	S18.axis2.piezo rotation to -1.860405deg	 DONE
27/09/2025 04:36:47:	38	count	time	5.000000s/cts	O Det=29	H Det=372	Mon Det=11267	Aux Det=5	O+H=406	 DONE
27/09/2025 04:36:54:	move motor	S18.axis2.piezo rotation to -1.860355deg	 DONE
27/09/2025 04:36:58:	39	count	time	5.000000s/cts	O Det=23	H Det=339	Mon Det=11428	Aux Det=5	O+H=367	 DONE
27/09/2025 04:37:04:	move motor	S18.axis2.piezo rotation to -1.860305deg	 DONE
27/09/2025 04:37:06:	40	count	time	5.000000s/cts	O Det=18	H Det=262	Mon Det=11278	Aux Det=2	O+H=282	 DONE
27/09/2025 04:37:12:	move motor	S18.axis2.piezo rotation to -1.860255deg	 DONE
27/09/2025 04:37:16:	41	count	time	5.000000s/cts	O Det=13	H Det=227	Mon Det=11117	Aux Det=1	O+H=241	 DONE
27/09/2025 04:37:23:	move motor	S18.axis2.piezo rotation to -1.860205deg	 DONE
27/09/2025 04:37:24:	42	count	time	5.000000s/cts	O Det=7	H Det=197	Mon Det=11349	Aux Det=1	O+H=205	 DONE
27/09/2025 04:37:31:	move motor	S18.axis2.piezo rotation to -1.860155deg	 DONE
27/09/2025 04:37:35:	43	count	time	5.000000s/cts	O Det=6	H Det=189	Mon Det=11281	Aux Det=0	O+H=195	 DONE
27/09/2025 04:37:42:	move motor	S18.axis2.piezo rotation to -1.860105deg	 DONE
27/09/2025 04:37:43:	44	count	time	5.000000s/cts	O Det=4	H Det=152	Mon Det=11286	Aux Det=6	O+H=162	 DONE
27/09/2025 04:37:50:	move motor	S18.axis2.piezo rotation to -1.860055deg	 DONE
27/09/2025 04:37:54:	45	count	time	5.000000s/cts	O Det=3	H Det=141	Mon Det=11289	Aux Det=1	O+H=145	 DONE
27/09/2025 04:38:01:	move motor	S18.axis2.piezo rotation to -1.860005deg	 DONE
27/09/2025 04:38:03:	46	count	time	5.000000s/cts	O Det=6	H Det=130	Mon Det=11245	Aux Det=1	O+H=137	 DONE
27/09/2025 04:38:10:	move motor	S18.axis2.piezo rotation to -1.859955deg	 DONE
27/09/2025 04:38:14:	47	count	time	5.000000s/cts	O Det=5	H Det=119	Mon Det=11271	Aux Det=4	O+H=128	 DONE
27/09/2025 04:38:20:	move motor	S18.axis2.piezo rotation to -1.859905deg	 DONE
27/09/2025 04:38:22:	48	count	time	5.000000s/cts	O Det=4	H Det=109	Mon Det=11403	Aux Det=1	O+H=114	 DONE
27/09/2025 04:38:29:	move motor	S18.axis2.piezo rotation to -1.859855deg	 DONE
27/09/2025 04:38:33:	49	count	time	5.000000s/cts	O Det=5	H Det=78	Mon Det=11304	Aux Det=3	O+H=86	 DONE
27/09/2025 04:38:40:	move motor	S18.axis2.piezo rotation to -1.859805deg	 DONE
27/09/2025 04:38:44:	50	count	time	5.000000s/cts	O Det=2	H Det=86	Mon Det=11426	Aux Det=3	O+H=91	 DONE
27/09/2025 04:38:50:	move motor	S18.axis2.piezo rotation to -1.859755deg	 DONE
27/09/2025 04:38:55:	51	count	time	5.000000s/cts	O Det=0	H Det=77	Mon Det=11135	Aux Det=5	O+H=82	 DONE
27/09/2025 04:39:01:	move motor	S18.axis2.piezo rotation to -1.859705deg	 DONE
27/09/2025 04:39:05:	52	count	time	5.000000s/cts	O Det=0	H Det=76	Mon Det=11230	Aux Det=4	O+H=80	 DONE
27/09/2025 04:39:12:	move motor	S18.axis2.piezo rotation to -1.859655deg	 DONE
27/09/2025 04:39:16:	53	count	time	5.000000s/cts	O Det=2	H Det=63	Mon Det=11248	Aux Det=0	O+H=65	 DONE
27/09/2025 04:39:23:	move motor	S18.axis2.piezo rotation to -1.859605deg	 DONE
27/09/2025 04:39:27:	54	count	time	5.000000s/cts	O Det=2	H Det=67	Mon Det=11063	Aux Det=3	O+H=72	 DONE
27/09/2025 04:39:34:	move motor	S18.axis2.piezo rotation to -1.859555deg	 DONE
27/09/2025 04:39:38:	55	count	time	5.000000s/cts	O Det=0	H Det=62	Mon Det=11450	Aux Det=0	O+H=62	 DONE
27/09/2025 04:39:44:	move motor	S18.axis2.piezo rotation to -1.859505deg	 DONE
27/09/2025 04:39:49:	56	count	time	5.000000s/cts	O Det=1	H Det=46	Mon Det=11525	Aux Det=1	O+H=48	 DONE
27/09/2025 04:39:55:	move motor	S18.axis2.piezo rotation to -1.859455deg	 DONE
27/09/2025 04:39:56:	57	count	time	5.000000s/cts	O Det=1	H Det=46	Mon Det=11422	Aux Det=4	O+H=51	 DONE
27/09/2025 04:40:03:	move motor	S18.axis2.piezo rotation to -1.859405deg	 DONE
27/09/2025 04:40:07:	58	count	time	5.000000s/cts	O Det=0	H Det=42	Mon Det=11234	Aux Det=2	O+H=44	 DONE
27/09/2025 04:40:14:	move motor	S18.axis2.piezo rotation to -1.859355deg	 DONE
27/09/2025 04:40:15:	59	count	time	5.000000s/cts	O Det=1	H Det=52	Mon Det=11073	Aux Det=6	O+H=59	 DONE
27/09/2025 04:40:22:	move motor	S18.axis2.piezo rotation to -1.859305deg	 DONE
27/09/2025 04:40:26:	60	count	time	5.000000s/cts	O Det=1	H Det=34	Mon Det=11364	Aux Det=4	O+H=39	 DONE
27/09/2025 04:40:33:	close file and end scan	 DONE
27/09/2025 04:40:33:	move motor	S18.axis2.piezo rotation to fit SUM PEAK60	-1.860862reached -1.86086  DONE
27/09/2025 04:40:37:	END OF SCRIPT	 DONE
