14/10/2025 22:23:55:	start execution of script D:\data\Cycle 198\exp_3-16-19\rawdata\sc\rocking.sc	 DONE
14/10/2025 22:23:56:	move motor	S18.axis2.piezo rotation to 0.246170deg	 DONE
14/10/2025 22:24:00:	create file	D:\data\Cycle 198\exp_3-16-19\rawdata\sc\rocking_14Oct2224.dat	 DONE
room to enter remarks DONE
14/10/2025 22:24:01:	move motor	S18.axis2.piezo rotation to 0.346170deg	 DONE
14/10/2025 22:24:04:	1	count	time	3.000000s/cts	O Det=2	H Det=14	Mon Det=7073	Aux Det=23	O+H=39	 DONE
14/10/2025 22:24:09:	move motor	S18.axis2.piezo rotation to 0.346230deg	 DONE
14/10/2025 22:24:10:	2	count	time	3.000000s/cts	O Det=3	H Det=27	Mon Det=7146	Aux Det=26	O+H=56	 DONE
14/10/2025 22:24:15:	move motor	S18.axis2.piezo rotation to 0.346290deg	 DONE
14/10/2025 22:24:16:	3	count	time	3.000000s/cts	O Det=4	H Det=23	Mon Det=7135	Aux Det=31	O+H=58	 DONE
14/10/2025 22:24:21:	move motor	S18.axis2.piezo rotation to 0.346350deg	 DONE
14/10/2025 22:24:22:	4	count	time	3.000000s/cts	O Det=2	H Det=37	Mon Det=7106	Aux Det=33	O+H=72	 DONE
14/10/2025 22:24:27:	move motor	S18.axis2.piezo rotation to 0.346410deg	 DONE
14/10/2025 22:24:28:	5	count	time	3.000000s/cts	O Det=1	H Det=17	Mon Det=7110	Aux Det=44	O+H=62	 DONE
14/10/2025 22:24:33:	move motor	S18.axis2.piezo rotation to 0.346470deg	 DONE
14/10/2025 22:24:34:	6	count	time	3.000000s/cts	O Det=2	H Det=37	Mon Det=7151	Aux Det=50	O+H=89	 DONE
14/10/2025 22:24:38:	move motor	S18.axis2.piezo rotation to 0.346530deg	 DONE
14/10/2025 22:24:40:	7	count	time	3.000000s/cts	O Det=1	H Det=31	Mon Det=7214	Aux Det=58	O+H=90	 DONE
14/10/2025 22:24:44:	move motor	S18.axis2.piezo rotation to 0.346590deg	 DONE
14/10/2025 22:24:45:	8	count	time	3.000000s/cts	O Det=1	H Det=47	Mon Det=7212	Aux Det=44	O+H=92	 DONE
14/10/2025 22:24:50:	move motor	S18.axis2.piezo rotation to 0.346650deg	 DONE
14/10/2025 22:24:51:	9	count	time	3.000000s/cts	O Det=0	H Det=55	Mon Det=7122	Aux Det=69	O+H=124	 DONE
14/10/2025 22:24:56:	move motor	S18.axis2.piezo rotation to 0.346710deg	 DONE
14/10/2025 22:24:57:	10	count	time	3.000000s/cts	O Det=9	H Det=70	Mon Det=7208	Aux Det=89	O+H=168	 DONE
14/10/2025 22:25:02:	move motor	S18.axis2.piezo rotation to 0.346770deg	 DONE
14/10/2025 22:25:03:	11	count	time	3.000000s/cts	O Det=11	H Det=86	Mon Det=7243	Aux Det=94	O+H=191	 DONE
14/10/2025 22:25:07:	move motor	S18.axis2.piezo rotation to 0.346830deg	 DONE
14/10/2025 22:25:08:	12	count	time	3.000000s/cts	O Det=27	H Det=107	Mon Det=7119	Aux Det=137	O+H=271	 DONE
14/10/2025 22:25:13:	move motor	S18.axis2.piezo rotation to 0.346890deg	 DONE
14/10/2025 22:25:14:	13	count	time	3.000000s/cts	O Det=19	H Det=96	Mon Det=7145	Aux Det=133	O+H=248	 DONE
14/10/2025 22:25:19:	move motor	S18.axis2.piezo rotation to 0.346950deg	 DONE
14/10/2025 22:25:20:	14	count	time	3.000000s/cts	O Det=28	H Det=113	Mon Det=7086	Aux Det=155	O+H=296	 DONE
14/10/2025 22:25:25:	move motor	S18.axis2.piezo rotation to 0.347010deg	 DONE
14/10/2025 22:25:26:	15	count	time	3.000000s/cts	O Det=47	H Det=100	Mon Det=7203	Aux Det=150	O+H=297	 DONE
14/10/2025 22:25:30:	move motor	S18.axis2.piezo rotation to 0.347070deg	 DONE
14/10/2025 22:25:32:	16	count	time	3.000000s/cts	O Det=67	H Det=145	Mon Det=6977	Aux Det=185	O+H=397	 DONE
14/10/2025 22:25:36:	move motor	S18.axis2.piezo rotation to 0.347130deg	 DONE
14/10/2025 22:25:37:	17	count	time	3.000000s/cts	O Det=94	H Det=164	Mon Det=7164	Aux Det=217	O+H=475	 DONE
14/10/2025 22:25:42:	move motor	S18.axis2.piezo rotation to 0.347190deg	 DONE
14/10/2025 22:25:43:	18	count	time	3.000000s/cts	O Det=182	H Det=205	Mon Det=7143	Aux Det=226	O+H=613	 DONE
14/10/2025 22:25:48:	move motor	S18.axis2.piezo rotation to 0.347250deg	 DONE
14/10/2025 22:25:49:	19	count	time	3.000000s/cts	O Det=181	H Det=290	Mon Det=7139	Aux Det=263	O+H=734	 DONE
14/10/2025 22:25:53:	move motor	S18.axis2.piezo rotation to 0.347310deg	 DONE
14/10/2025 22:25:55:	20	count	time	3.000000s/cts	O Det=279	H Det=336	Mon Det=6960	Aux Det=395	O+H=1010	 DONE
14/10/2025 22:26:00:	move motor	S18.axis2.piezo rotation to 0.347370deg	 DONE
14/10/2025 22:26:01:	21	count	time	3.000000s/cts	O Det=272	H Det=450	Mon Det=7005	Aux Det=460	O+H=1182	 DONE
14/10/2025 22:26:05:	move motor	S18.axis2.piezo rotation to 0.347430deg	 DONE
14/10/2025 22:26:07:	22	count	time	3.000000s/cts	O Det=258	H Det=540	Mon Det=7250	Aux Det=502	O+H=1300	 DONE
14/10/2025 22:26:11:	move motor	S18.axis2.piezo rotation to 0.347490deg	 DONE
14/10/2025 22:26:12:	23	count	time	3.000000s/cts	O Det=260	H Det=603	Mon Det=7153	Aux Det=489	O+H=1352	 DONE
14/10/2025 22:26:17:	move motor	S18.axis2.piezo rotation to 0.347550deg	 DONE
14/10/2025 22:26:18:	24	count	time	3.000000s/cts	O Det=196	H Det=564	Mon Det=7137	Aux Det=481	O+H=1241	 DONE
14/10/2025 22:26:23:	move motor	S18.axis2.piezo rotation to 0.347610deg	 DONE
14/10/2025 22:26:24:	25	count	time	3.000000s/cts	O Det=189	H Det=533	Mon Det=7025	Aux Det=418	O+H=1140	 DONE
14/10/2025 22:26:29:	move motor	S18.axis2.piezo rotation to 0.347670deg	 DONE
14/10/2025 22:26:30:	26	count	time	3.000000s/cts	O Det=149	H Det=468	Mon Det=7191	Aux Det=266	O+H=883	 DONE
14/10/2025 22:26:35:	move motor	S18.axis2.piezo rotation to 0.347730deg	 DONE
14/10/2025 22:26:36:	27	count	time	3.000000s/cts	O Det=95	H Det=354	Mon Det=7187	Aux Det=180	O+H=629	 DONE
14/10/2025 22:26:41:	move motor	S18.axis2.piezo rotation to 0.347790deg	 DONE
14/10/2025 22:26:42:	28	count	time	3.000000s/cts	O Det=74	H Det=293	Mon Det=7170	Aux Det=161	O+H=528	 DONE
14/10/2025 22:26:47:	move motor	S18.axis2.piezo rotation to 0.347850deg	 DONE
14/10/2025 22:26:48:	29	count	time	3.000000s/cts	O Det=30	H Det=186	Mon Det=7100	Aux Det=149	O+H=365	 DONE
14/10/2025 22:26:53:	move motor	S18.axis2.piezo rotation to 0.347910deg	 DONE
14/10/2025 22:26:54:	30	count	time	3.000000s/cts	O Det=29	H Det=150	Mon Det=7077	Aux Det=166	O+H=345	 DONE
14/10/2025 22:26:59:	move motor	S18.axis2.piezo rotation to 0.347970deg	 DONE
14/10/2025 22:27:00:	31	count	time	3.000000s/cts	O Det=22	H Det=108	Mon Det=7062	Aux Det=137	O+H=267	 DONE
14/10/2025 22:27:05:	move motor	S18.axis2.piezo rotation to 0.348030deg	 DONE
14/10/2025 22:27:06:	32	count	time	3.000000s/cts	O Det=17	H Det=99	Mon Det=7266	Aux Det=111	O+H=227	 DONE
14/10/2025 22:27:11:	move motor	S18.axis2.piezo rotation to 0.348090deg	 DONE
14/10/2025 22:27:12:	33	count	time	3.000000s/cts	O Det=9	H Det=82	Mon Det=7178	Aux Det=81	O+H=172	 DONE
14/10/2025 22:27:16:	move motor	S18.axis2.piezo rotation to 0.348150deg	 DONE
14/10/2025 22:27:18:	34	count	time	3.000000s/cts	O Det=6	H Det=58	Mon Det=7088	Aux Det=78	O+H=142	 DONE
14/10/2025 22:27:23:	move motor	S18.axis2.piezo rotation to 0.348210deg	 DONE
14/10/2025 22:27:24:	35	count	time	3.000000s/cts	O Det=4	H Det=59	Mon Det=7264	Aux Det=62	O+H=125	 DONE
14/10/2025 22:27:29:	move motor	S18.axis2.piezo rotation to 0.348270deg	 DONE
14/10/2025 22:27:30:	36	count	time	3.000000s/cts	O Det=5	H Det=52	Mon Det=7148	Aux Det=65	O+H=122	 DONE
14/10/2025 22:27:35:	move motor	S18.axis2.piezo rotation to 0.348330deg	 DONE
14/10/2025 22:27:36:	37	count	time	3.000000s/cts	O Det=4	H Det=41	Mon Det=7077	Aux Det=37	O+H=82	 DONE
14/10/2025 22:27:40:	move motor	S18.axis2.piezo rotation to 0.348390deg	 DONE
14/10/2025 22:27:42:	38	count	time	3.000000s/cts	O Det=4	H Det=37	Mon Det=7155	Aux Det=35	O+H=76	 DONE
14/10/2025 22:27:46:	move motor	S18.axis2.piezo rotation to 0.348450deg	 DONE
14/10/2025 22:27:48:	39	count	time	3.000000s/cts	O Det=0	H Det=22	Mon Det=7165	Aux Det=33	O+H=55	 DONE
14/10/2025 22:27:52:	move motor	S18.axis2.piezo rotation to 0.348510deg	 DONE
14/10/2025 22:27:53:	40	count	time	3.000000s/cts	O Det=1	H Det=33	Mon Det=7159	Aux Det=31	O+H=65	 DONE
14/10/2025 22:27:58:	move motor	S18.axis2.piezo rotation to 0.348570deg	 DONE
14/10/2025 22:27:59:	41	count	time	3.000000s/cts	O Det=2	H Det=21	Mon Det=7147	Aux Det=22	O+H=45	 DONE
14/10/2025 22:28:04:	move motor	S18.axis2.piezo rotation to 0.348630deg	 DONE
14/10/2025 22:28:05:	42	count	time	3.000000s/cts	O Det=1	H Det=26	Mon Det=7133	Aux Det=32	O+H=59	 DONE
14/10/2025 22:28:10:	move motor	S18.axis2.piezo rotation to 0.348690deg	 DONE
14/10/2025 22:28:11:	43	count	time	3.000000s/cts	O Det=4	H Det=15	Mon Det=7098	Aux Det=32	O+H=51	 DONE
14/10/2025 22:28:15:	move motor	S18.axis2.piezo rotation to 0.348750deg	 DONE
14/10/2025 22:28:16:	44	count	time	3.000000s/cts	O Det=1	H Det=15	Mon Det=7216	Aux Det=17	O+H=33	 DONE
14/10/2025 22:28:21:	move motor	S18.axis2.piezo rotation to 0.348810deg	 DONE
14/10/2025 22:28:22:	45	count	time	3.000000s/cts	O Det=1	H Det=16	Mon Det=7095	Aux Det=18	O+H=35	 DONE
14/10/2025 22:28:27:	move motor	S18.axis2.piezo rotation to 0.348870deg	 DONE
14/10/2025 22:28:28:	46	count	time	3.000000s/cts	O Det=2	H Det=16	Mon Det=7197	Aux Det=19	O+H=37	 DONE
14/10/2025 22:28:33:	move motor	S18.axis2.piezo rotation to 0.348930deg	 DONE
14/10/2025 22:28:34:	47	count	time	3.000000s/cts	O Det=1	H Det=16	Mon Det=7030	Aux Det=17	O+H=34	 DONE
14/10/2025 22:28:39:	move motor	S18.axis2.piezo rotation to 0.348990deg	 DONE
14/10/2025 22:28:41:	48	count	time	3.000000s/cts	O Det=1	H Det=12	Mon Det=7126	Aux Det=13	O+H=26	 DONE
14/10/2025 22:28:45:	move motor	S18.axis2.piezo rotation to 0.349050deg	 DONE
14/10/2025 22:28:47:	49	count	time	3.000000s/cts	O Det=2	H Det=13	Mon Det=7192	Aux Det=13	O+H=28	 DONE
14/10/2025 22:28:51:	move motor	S18.axis2.piezo rotation to 0.349110deg	 DONE
14/10/2025 22:28:52:	50	count	time	3.000000s/cts	O Det=0	H Det=4	Mon Det=7189	Aux Det=24	O+H=28	 DONE
14/10/2025 22:28:57:	close file and end scan	 DONE
14/10/2025 22:28:57:	move motor	S18.axis2.piezo rotation to fit SUM PEAK60	0.347476reached 0.34748  DONE
14/10/2025 22:29:00:	END OF SCRIPT	 DONE
