17/10/2025 01:16:46:	start execution of script D:\data\Cycle 198\exp_3-16-19\rawdata\sc\rocking.sc	 DONE
17/10/2025 01:16:46:	move motor	S18.axis2.piezo rotation to 0.246170deg	 DONE
17/10/2025 01:16:49:	create file	D:\data\Cycle 198\exp_3-16-19\rawdata\sc\rocking_17Oct0116.dat	 DONE
room to enter remarks DONE
17/10/2025 01:16:50:	move motor	S18.axis2.piezo rotation to 0.346170deg	 DONE
17/10/2025 01:16:54:	1	count	time	3.000000s/cts	O Det=0	H Det=18	Mon Det=7173	Aux Det=18	O+H=36	 DONE
17/10/2025 01:16:59:	move motor	S18.axis2.piezo rotation to 0.346230deg	 DONE
17/10/2025 01:17:01:	2	count	time	3.000000s/cts	O Det=1	H Det=26	Mon Det=7242	Aux Det=30	O+H=57	 DONE
17/10/2025 01:17:06:	move motor	S18.axis2.piezo rotation to 0.346290deg	 DONE
17/10/2025 01:17:07:	3	count	time	3.000000s/cts	O Det=2	H Det=30	Mon Det=7123	Aux Det=28	O+H=60	 DONE
17/10/2025 01:17:12:	move motor	S18.axis2.piezo rotation to 0.346350deg	 DONE
17/10/2025 01:17:13:	4	count	time	3.000000s/cts	O Det=3	H Det=31	Mon Det=7399	Aux Det=33	O+H=67	 DONE
17/10/2025 01:17:17:	move motor	S18.axis2.piezo rotation to 0.346410deg	 DONE
17/10/2025 01:17:18:	5	count	time	3.000000s/cts	O Det=1	H Det=26	Mon Det=7242	Aux Det=43	O+H=70	 DONE
17/10/2025 01:17:23:	move motor	S18.axis2.piezo rotation to 0.346470deg	 DONE
17/10/2025 01:17:24:	6	count	time	3.000000s/cts	O Det=2	H Det=26	Mon Det=7206	Aux Det=43	O+H=71	 DONE
17/10/2025 01:17:29:	move motor	S18.axis2.piezo rotation to 0.346530deg	 DONE
17/10/2025 01:17:30:	7	count	time	3.000000s/cts	O Det=2	H Det=51	Mon Det=7097	Aux Det=55	O+H=108	 DONE
17/10/2025 01:17:35:	move motor	S18.axis2.piezo rotation to 0.346590deg	 DONE
17/10/2025 01:17:36:	8	count	time	3.000000s/cts	O Det=1	H Det=51	Mon Det=7196	Aux Det=51	O+H=103	 DONE
17/10/2025 01:17:41:	move motor	S18.axis2.piezo rotation to 0.346650deg	 DONE
17/10/2025 01:17:42:	9	count	time	3.000000s/cts	O Det=1	H Det=49	Mon Det=7242	Aux Det=55	O+H=105	 DONE
17/10/2025 01:17:46:	move motor	S18.axis2.piezo rotation to 0.346710deg	 DONE
17/10/2025 01:17:47:	10	count	time	3.000000s/cts	O Det=3	H Det=58	Mon Det=7100	Aux Det=65	O+H=126	 DONE
17/10/2025 01:17:52:	move motor	S18.axis2.piezo rotation to 0.346770deg	 DONE
17/10/2025 01:17:53:	11	count	time	3.000000s/cts	O Det=11	H Det=72	Mon Det=7324	Aux Det=124	O+H=207	 DONE
17/10/2025 01:17:58:	move motor	S18.axis2.piezo rotation to 0.346830deg	 DONE
17/10/2025 01:17:59:	12	count	time	3.000000s/cts	O Det=22	H Det=86	Mon Det=7113	Aux Det=163	O+H=271	 DONE
17/10/2025 01:18:04:	move motor	S18.axis2.piezo rotation to 0.346890deg	 DONE
17/10/2025 01:18:05:	13	count	time	3.000000s/cts	O Det=13	H Det=96	Mon Det=7266	Aux Det=154	O+H=263	 DONE
17/10/2025 01:18:09:	move motor	S18.axis2.piezo rotation to 0.346950deg	 DONE
17/10/2025 01:18:10:	14	count	time	3.000000s/cts	O Det=7	H Det=103	Mon Det=7223	Aux Det=136	O+H=246	 DONE
17/10/2025 01:18:15:	move motor	S18.axis2.piezo rotation to 0.347010deg	 DONE
17/10/2025 01:18:16:	15	count	time	3.000000s/cts	O Det=14	H Det=132	Mon Det=7305	Aux Det=171	O+H=317	 DONE
17/10/2025 01:18:21:	move motor	S18.axis2.piezo rotation to 0.347070deg	 DONE
17/10/2025 01:18:22:	16	count	time	3.000000s/cts	O Det=18	H Det=151	Mon Det=7357	Aux Det=198	O+H=367	 DONE
17/10/2025 01:18:27:	move motor	S18.axis2.piezo rotation to 0.347130deg	 DONE
17/10/2025 01:18:28:	17	count	time	3.000000s/cts	O Det=30	H Det=174	Mon Det=7242	Aux Det=263	O+H=467	 DONE
17/10/2025 01:18:33:	move motor	S18.axis2.piezo rotation to 0.347190deg	 DONE
17/10/2025 01:18:34:	18	count	time	3.000000s/cts	O Det=41	H Det=247	Mon Det=7155	Aux Det=376	O+H=664	 DONE
17/10/2025 01:18:38:	move motor	S18.axis2.piezo rotation to 0.347250deg	 DONE
17/10/2025 01:18:39:	19	count	time	3.000000s/cts	O Det=78	H Det=251	Mon Det=7378	Aux Det=493	O+H=822	 DONE
17/10/2025 01:18:44:	move motor	S18.axis2.piezo rotation to 0.347310deg	 DONE
17/10/2025 01:18:46:	20	count	time	3.000000s/cts	O Det=89	H Det=274	Mon Det=7010	Aux Det=707	O+H=1070	 DONE
17/10/2025 01:18:50:	move motor	S18.axis2.piezo rotation to 0.347370deg	 DONE
17/10/2025 01:18:51:	21	count	time	3.000000s/cts	O Det=138	H Det=270	Mon Det=7204	Aux Det=977	O+H=1385	 DONE
17/10/2025 01:18:56:	move motor	S18.axis2.piezo rotation to 0.347430deg	 DONE
17/10/2025 01:18:57:	22	count	time	3.000000s/cts	O Det=148	H Det=275	Mon Det=7096	Aux Det=1121	O+H=1544	 DONE
17/10/2025 01:19:02:	move motor	S18.axis2.piezo rotation to 0.347490deg	 DONE
17/10/2025 01:19:03:	23	count	time	3.000000s/cts	O Det=163	H Det=285	Mon Det=7275	Aux Det=1213	O+H=1661	 DONE
17/10/2025 01:19:08:	move motor	S18.axis2.piezo rotation to 0.347550deg	 DONE
17/10/2025 01:19:09:	24	count	time	3.000000s/cts	O Det=150	H Det=234	Mon Det=7059	Aux Det=1223	O+H=1607	 DONE
17/10/2025 01:19:14:	move motor	S18.axis2.piezo rotation to 0.347610deg	 DONE
17/10/2025 01:19:15:	25	count	time	3.000000s/cts	O Det=110	H Det=209	Mon Det=7113	Aux Det=1084	O+H=1403	 DONE
17/10/2025 01:19:19:	move motor	S18.axis2.piezo rotation to 0.347670deg	 DONE
17/10/2025 01:19:20:	26	count	time	3.000000s/cts	O Det=104	H Det=186	Mon Det=7084	Aux Det=928	O+H=1218	 DONE
17/10/2025 01:19:25:	move motor	S18.axis2.piezo rotation to 0.347730deg	 DONE
17/10/2025 01:19:26:	27	count	time	3.000000s/cts	O Det=86	H Det=212	Mon Det=7212	Aux Det=571	O+H=869	 DONE
17/10/2025 01:19:31:	move motor	S18.axis2.piezo rotation to 0.347790deg	 DONE
17/10/2025 01:19:32:	28	count	time	3.000000s/cts	O Det=34	H Det=178	Mon Det=7175	Aux Det=400	O+H=612	 DONE
17/10/2025 01:19:37:	move motor	S18.axis2.piezo rotation to 0.347850deg	 DONE
17/10/2025 01:19:38:	29	count	time	3.000000s/cts	O Det=27	H Det=167	Mon Det=7227	Aux Det=303	O+H=497	 DONE
17/10/2025 01:19:43:	move motor	S18.axis2.piezo rotation to 0.347910deg	 DONE
17/10/2025 01:19:44:	30	count	time	3.000000s/cts	O Det=13	H Det=132	Mon Det=7030	Aux Det=224	O+H=369	 DONE
17/10/2025 01:19:49:	move motor	S18.axis2.piezo rotation to 0.347970deg	 DONE
17/10/2025 01:19:50:	31	count	time	3.000000s/cts	O Det=15	H Det=118	Mon Det=7074	Aux Det=175	O+H=308	 DONE
17/10/2025 01:19:55:	move motor	S18.axis2.piezo rotation to 0.348030deg	 DONE
17/10/2025 01:19:56:	32	count	time	3.000000s/cts	O Det=6	H Det=121	Mon Det=7234	Aux Det=145	O+H=272	 DONE
17/10/2025 01:20:00:	move motor	S18.axis2.piezo rotation to 0.348090deg	 DONE
17/10/2025 01:20:02:	33	count	time	3.000000s/cts	O Det=15	H Det=93	Mon Det=7228	Aux Det=114	O+H=222	 DONE
17/10/2025 01:20:06:	move motor	S18.axis2.piezo rotation to 0.348150deg	 DONE
17/10/2025 01:20:08:	34	count	time	3.000000s/cts	O Det=5	H Det=58	Mon Det=7125	Aux Det=103	O+H=166	 DONE
17/10/2025 01:20:12:	move motor	S18.axis2.piezo rotation to 0.348210deg	 DONE
17/10/2025 01:20:14:	35	count	time	3.000000s/cts	O Det=2	H Det=51	Mon Det=7104	Aux Det=77	O+H=130	 DONE
17/10/2025 01:20:18:	move motor	S18.axis2.piezo rotation to 0.348270deg	 DONE
17/10/2025 01:20:20:	36	count	time	3.000000s/cts	O Det=1	H Det=63	Mon Det=7051	Aux Det=66	O+H=130	 DONE
17/10/2025 01:20:24:	move motor	S18.axis2.piezo rotation to 0.348330deg	 DONE
17/10/2025 01:20:25:	37	count	time	3.000000s/cts	O Det=2	H Det=49	Mon Det=7235	Aux Det=53	O+H=104	 DONE
17/10/2025 01:20:30:	move motor	S18.axis2.piezo rotation to 0.348390deg	 DONE
17/10/2025 01:20:31:	38	count	time	3.000000s/cts	O Det=2	H Det=29	Mon Det=7088	Aux Det=51	O+H=82	 DONE
17/10/2025 01:20:36:	move motor	S18.axis2.piezo rotation to 0.348450deg	 DONE
17/10/2025 01:20:37:	39	count	time	3.000000s/cts	O Det=3	H Det=40	Mon Det=7115	Aux Det=45	O+H=88	 DONE
17/10/2025 01:20:42:	move motor	S18.axis2.piezo rotation to 0.348510deg	 DONE
17/10/2025 01:20:43:	40	count	time	3.000000s/cts	O Det=0	H Det=35	Mon Det=7047	Aux Det=42	O+H=77	 DONE
17/10/2025 01:20:48:	move motor	S18.axis2.piezo rotation to 0.348570deg	 DONE
17/10/2025 01:20:49:	41	count	time	3.000000s/cts	O Det=1	H Det=31	Mon Det=7312	Aux Det=30	O+H=62	 DONE
17/10/2025 01:20:54:	move motor	S18.axis2.piezo rotation to 0.348630deg	 DONE
17/10/2025 01:20:55:	42	count	time	3.000000s/cts	O Det=2	H Det=25	Mon Det=7104	Aux Det=34	O+H=61	 DONE
17/10/2025 01:20:59:	move motor	S18.axis2.piezo rotation to 0.348690deg	 DONE
17/10/2025 01:21:01:	43	count	time	3.000000s/cts	O Det=0	H Det=31	Mon Det=7209	Aux Det=20	O+H=51	 DONE
17/10/2025 01:21:05:	move motor	S18.axis2.piezo rotation to 0.348750deg	 DONE
17/10/2025 01:21:06:	44	count	time	3.000000s/cts	O Det=1	H Det=22	Mon Det=7098	Aux Det=26	O+H=49	 DONE
17/10/2025 01:21:11:	move motor	S18.axis2.piezo rotation to 0.348810deg	 DONE
17/10/2025 01:21:12:	45	count	time	3.000000s/cts	O Det=1	H Det=18	Mon Det=7132	Aux Det=27	O+H=46	 DONE
17/10/2025 01:21:17:	move motor	S18.axis2.piezo rotation to 0.348870deg	 DONE
17/10/2025 01:21:18:	46	count	time	3.000000s/cts	O Det=2	H Det=16	Mon Det=7219	Aux Det=24	O+H=42	 DONE
17/10/2025 01:21:22:	move motor	S18.axis2.piezo rotation to 0.348930deg	 DONE
17/10/2025 01:21:24:	47	count	time	3.000000s/cts	O Det=1	H Det=13	Mon Det=6963	Aux Det=22	O+H=36	 DONE
17/10/2025 01:21:28:	move motor	S18.axis2.piezo rotation to 0.348990deg	 DONE
17/10/2025 01:21:30:	48	count	time	3.000000s/cts	O Det=1	H Det=11	Mon Det=7126	Aux Det=22	O+H=34	 DONE
17/10/2025 01:21:34:	move motor	S18.axis2.piezo rotation to 0.349050deg	 DONE
17/10/2025 01:21:36:	49	count	time	3.000000s/cts	O Det=1	H Det=9	Mon Det=7261	Aux Det=20	O+H=30	 DONE
17/10/2025 01:21:40:	move motor	S18.axis2.piezo rotation to 0.349110deg	 DONE
17/10/2025 01:21:42:	50	count	time	3.000000s/cts	O Det=0	H Det=13	Mon Det=7152	Aux Det=20	O+H=33	 DONE
17/10/2025 01:21:47:	close file and end scan	 DONE
17/10/2025 01:21:47:	move motor	S18.axis2.piezo rotation to fit SUM PEAK60	0.347501reached 0.34750  DONE
17/10/2025 01:21:52:	END OF SCRIPT	 DONE
