06/10/2025 05:08:24:	start execution of script D:\data\Cycle 198\exp_3-16-19\rawdata\sc\rocking.sc	 DONE
06/10/2025 05:08:24:	move motor	S18.axis2.piezo rotation to -0.246905deg	 DONE
06/10/2025 05:08:27:	create file	D:\data\Cycle 198\exp_3-16-19\rawdata\sc\rocking_06Oct0508.dat	 DONE
room to enter remarks DONE
06/10/2025 05:08:28:	move motor	S18.axis2.piezo rotation to -0.146905deg	 DONE
06/10/2025 05:08:32:	1	count	time	5.000000s/cts	O Det=0	H Det=0	Mon Det=11633	Aux Det=4	O+H=4	 DONE
06/10/2025 05:08:39:	move motor	S18.axis2.piezo rotation to -0.146845deg	 DONE
06/10/2025 05:08:43:	2	count	time	5.000000s/cts	O Det=1	H Det=2	Mon Det=11579	Aux Det=5	O+H=8	 DONE
06/10/2025 05:08:49:	move motor	S18.axis2.piezo rotation to -0.146785deg	 DONE
06/10/2025 05:08:53:	3	count	time	5.000000s/cts	O Det=2	H Det=0	Mon Det=11375	Aux Det=1	O+H=3	 DONE
06/10/2025 05:09:00:	move motor	S18.axis2.piezo rotation to -0.146725deg	 DONE
06/10/2025 05:09:04:	4	count	time	5.000000s/cts	O Det=0	H Det=0	Mon Det=11594	Aux Det=1	O+H=1	 DONE
06/10/2025 05:09:10:	move motor	S18.axis2.piezo rotation to -0.146665deg	 DONE
06/10/2025 05:09:12:	5	count	time	5.000000s/cts	O Det=0	H Det=1	Mon Det=11730	Aux Det=1	O+H=2	 DONE
06/10/2025 05:09:18:	move motor	S18.axis2.piezo rotation to -0.146605deg	 DONE
06/10/2025 05:09:19:	6	count	time	5.000000s/cts	O Det=0	H Det=1	Mon Det=11599	Aux Det=1	O+H=2	 DONE
06/10/2025 05:09:26:	move motor	S18.axis2.piezo rotation to -0.146545deg	 DONE
06/10/2025 05:09:30:	7	count	time	5.000000s/cts	O Det=0	H Det=0	Mon Det=11591	Aux Det=2	O+H=2	 DONE
06/10/2025 05:09:37:	move motor	S18.axis2.piezo rotation to -0.146485deg	 DONE
06/10/2025 05:09:40:	8	count	time	5.000000s/cts	O Det=0	H Det=1	Mon Det=11681	Aux Det=2	O+H=3	 DONE
06/10/2025 05:09:47:	move motor	S18.axis2.piezo rotation to -0.146425deg	 DONE
06/10/2025 05:09:51:	9	count	time	5.000000s/cts	O Det=0	H Det=1	Mon Det=11608	Aux Det=2	O+H=3	 DONE
06/10/2025 05:09:58:	move motor	S18.axis2.piezo rotation to -0.146365deg	 DONE
06/10/2025 05:10:02:	10	count	time	5.000000s/cts	O Det=0	H Det=0	Mon Det=11578	Aux Det=4	O+H=4	 DONE
06/10/2025 05:10:08:	move motor	S18.axis2.piezo rotation to -0.146305deg	 DONE
06/10/2025 05:10:10:	11	count	time	5.000000s/cts	O Det=1	H Det=1	Mon Det=11355	Aux Det=2	O+H=4	 DONE
06/10/2025 05:10:16:	move motor	S18.axis2.piezo rotation to -0.146245deg	 DONE
06/10/2025 05:10:18:	12	count	time	5.000000s/cts	O Det=0	H Det=4	Mon Det=11656	Aux Det=4	O+H=8	 DONE
06/10/2025 05:10:24:	move motor	S18.axis2.piezo rotation to -0.146185deg	 DONE
06/10/2025 05:10:25:	13	count	time	5.000000s/cts	O Det=0	H Det=0	Mon Det=11352	Aux Det=10	O+H=10	 DONE
06/10/2025 05:10:32:	move motor	S18.axis2.piezo rotation to -0.146125deg	 DONE
06/10/2025 05:10:36:	14	count	time	5.000000s/cts	O Det=0	H Det=0	Mon Det=11374	Aux Det=1	O+H=1	 DONE
06/10/2025 05:10:43:	move motor	S18.axis2.piezo rotation to -0.146065deg	 DONE
06/10/2025 05:10:46:	15	count	time	5.000000s/cts	O Det=0	H Det=1	Mon Det=11544	Aux Det=4	O+H=5	 DONE
06/10/2025 05:10:53:	move motor	S18.axis2.piezo rotation to -0.146005deg	 DONE
06/10/2025 05:10:57:	16	count	time	5.000000s/cts	O Det=1	H Det=2	Mon Det=11473	Aux Det=4	O+H=7	 DONE
06/10/2025 05:11:04:	move motor	S18.axis2.piezo rotation to -0.145945deg	 DONE
06/10/2025 05:11:07:	17	count	time	5.000000s/cts	O Det=1	H Det=1	Mon Det=11598	Aux Det=3	O+H=5	 DONE
06/10/2025 05:11:14:	move motor	S18.axis2.piezo rotation to -0.145885deg	 DONE
06/10/2025 05:11:16:	18	count	time	5.000000s/cts	O Det=0	H Det=0	Mon Det=11559	Aux Det=1	O+H=1	 DONE
06/10/2025 05:11:23:	move motor	S18.axis2.piezo rotation to -0.145825deg	 DONE
06/10/2025 05:11:24:	19	count	time	5.000000s/cts	O Det=0	H Det=1	Mon Det=11518	Aux Det=2	O+H=3	 DONE
06/10/2025 05:11:30:	move motor	S18.axis2.piezo rotation to -0.145765deg	 DONE
06/10/2025 05:11:34:	20	count	time	5.000000s/cts	O Det=1	H Det=0	Mon Det=11466	Aux Det=1	O+H=2	 DONE
06/10/2025 05:11:41:	move motor	S18.axis2.piezo rotation to -0.145705deg	 DONE
06/10/2025 05:11:45:	21	count	time	5.000000s/cts	O Det=0	H Det=0	Mon Det=11610	Aux Det=4	O+H=4	 DONE
06/10/2025 05:11:51:	move motor	S18.axis2.piezo rotation to -0.145645deg	 DONE
06/10/2025 05:11:55:	22	count	time	5.000000s/cts	O Det=1	H Det=2	Mon Det=11336	Aux Det=2	O+H=5	 DONE
06/10/2025 05:12:02:	move motor	S18.axis2.piezo rotation to -0.145585deg	 DONE
06/10/2025 05:12:06:	23	count	time	5.000000s/cts	O Det=0	H Det=0	Mon Det=11545	Aux Det=1	O+H=1	 DONE
06/10/2025 05:12:12:	move motor	S18.axis2.piezo rotation to -0.145525deg	 DONE
06/10/2025 05:12:14:	24	count	time	5.000000s/cts	O Det=0	H Det=0	Mon Det=11610	Aux Det=2	O+H=2	 DONE
06/10/2025 05:12:21:	move motor	S18.axis2.piezo rotation to -0.145465deg	 DONE
06/10/2025 05:12:22:	25	count	time	5.000000s/cts	O Det=0	H Det=1	Mon Det=11499	Aux Det=1	O+H=2	 DONE
06/10/2025 05:12:29:	move motor	S18.axis2.piezo rotation to -0.145405deg	 DONE
06/10/2025 05:12:32:	26	count	time	5.000000s/cts	O Det=1	H Det=0	Mon Det=11519	Aux Det=2	O+H=3	 DONE
06/10/2025 05:12:39:	move motor	S18.axis2.piezo rotation to -0.145345deg	 DONE
06/10/2025 05:12:43:	27	count	time	5.000000s/cts	O Det=0	H Det=1	Mon Det=11639	Aux Det=2	O+H=3	 DONE
06/10/2025 05:12:50:	move motor	S18.axis2.piezo rotation to -0.145285deg	 DONE
06/10/2025 05:12:54:	28	count	time	5.000000s/cts	O Det=0	H Det=1	Mon Det=11474	Aux Det=2	O+H=3	 DONE
06/10/2025 05:13:00:	move motor	S18.axis2.piezo rotation to -0.145225deg	 DONE
06/10/2025 05:13:04:	29	count	time	5.000000s/cts	O Det=0	H Det=2	Mon Det=11587	Aux Det=3	O+H=5	 DONE
06/10/2025 05:13:11:	move motor	S18.axis2.piezo rotation to -0.145165deg	 DONE
06/10/2025 05:13:12:	30	count	time	5.000000s/cts	O Det=0	H Det=2	Mon Det=11498	Aux Det=1	O+H=3	 DONE
06/10/2025 05:13:19:	move motor	S18.axis2.piezo rotation to -0.145105deg	 DONE
06/10/2025 05:13:21:	31	count	time	5.000000s/cts	O Det=0	H Det=1	Mon Det=11694	Aux Det=4	O+H=5	 DONE
06/10/2025 05:13:27:	move motor	S18.axis2.piezo rotation to -0.145045deg	 DONE
06/10/2025 05:13:31:	32	count	time	5.000000s/cts	O Det=0	H Det=0	Mon Det=11622	Aux Det=4	O+H=4	 DONE
06/10/2025 05:13:38:	move motor	S18.axis2.piezo rotation to -0.144985deg	 DONE
06/10/2025 05:13:42:	33	count	time	5.000000s/cts	O Det=0	H Det=0	Mon Det=11683	Aux Det=2	O+H=2	 DONE
06/10/2025 05:13:48:	move motor	S18.axis2.piezo rotation to -0.144925deg	 DONE
06/10/2025 05:13:52:	34	count	time	5.000000s/cts	O Det=0	H Det=0	Mon Det=11620	Aux Det=2	O+H=2	 DONE
06/10/2025 05:13:59:	move motor	S18.axis2.piezo rotation to -0.144865deg	 DONE
06/10/2025 05:14:03:	35	count	time	5.000000s/cts	O Det=0	H Det=2	Mon Det=11407	Aux Det=4	O+H=6	 DONE
06/10/2025 05:14:09:	move motor	S18.axis2.piezo rotation to -0.144805deg	 DONE
06/10/2025 05:14:11:	36	count	time	5.000000s/cts	O Det=0	H Det=1	Mon Det=11702	Aux Det=6	O+H=7	 DONE
06/10/2025 05:14:18:	move motor	S18.axis2.piezo rotation to -0.144745deg	 DONE
06/10/2025 05:14:20:	37	count	time	5.000000s/cts	O Det=0	H Det=1	Mon Det=11566	Aux Det=3	O+H=4	 DONE
06/10/2025 05:14:26:	move motor	S18.axis2.piezo rotation to -0.144685deg	 DONE
06/10/2025 05:14:30:	38	count	time	5.000000s/cts	O Det=0	H Det=0	Mon Det=11731	Aux Det=2	O+H=2	 DONE
06/10/2025 05:14:37:	move motor	S18.axis2.piezo rotation to -0.144625deg	 DONE
06/10/2025 05:14:41:	39	count	time	5.000000s/cts	O Det=0	H Det=0	Mon Det=11487	Aux Det=2	O+H=2	 DONE
06/10/2025 05:14:47:	move motor	S18.axis2.piezo rotation to -0.144565deg	 DONE
06/10/2025 05:14:51:	40	count	time	5.000000s/cts	O Det=0	H Det=0	Mon Det=11632	Aux Det=4	O+H=4	 DONE
06/10/2025 05:14:58:	move motor	S18.axis2.piezo rotation to -0.144505deg	 DONE
06/10/2025 05:15:02:	41	count	time	5.000000s/cts	O Det=0	H Det=1	Mon Det=11544	Aux Det=2	O+H=3	 DONE
06/10/2025 05:15:09:	move motor	S18.axis2.piezo rotation to -0.144445deg	 DONE
06/10/2025 05:15:10:	42	count	time	5.000000s/cts	O Det=1	H Det=0	Mon Det=11775	Aux Det=4	O+H=5	 DONE
06/10/2025 05:15:17:	move motor	S18.axis2.piezo rotation to -0.144385deg	 DONE
06/10/2025 05:15:18:	43	count	time	5.000000s/cts	O Det=1	H Det=1	Mon Det=11533	Aux Det=5	O+H=7	 DONE
06/10/2025 05:15:25:	move motor	S18.axis2.piezo rotation to -0.144325deg	 DONE
06/10/2025 05:15:29:	44	count	time	5.000000s/cts	O Det=0	H Det=0	Mon Det=11580	Aux Det=3	O+H=3	 DONE
06/10/2025 05:15:36:	move motor	S18.axis2.piezo rotation to -0.144265deg	 DONE
06/10/2025 05:15:39:	45	count	time	5.000000s/cts	O Det=0	H Det=3	Mon Det=11713	Aux Det=0	O+H=3	 DONE
06/10/2025 05:15:46:	move motor	S18.axis2.piezo rotation to -0.144205deg	 DONE
06/10/2025 05:15:50:	46	count	time	5.000000s/cts	O Det=0	H Det=0	Mon Det=11715	Aux Det=1	O+H=1	 DONE
06/10/2025 05:15:57:	move motor	S18.axis2.piezo rotation to -0.144145deg	 DONE
06/10/2025 05:16:01:	47	count	time	5.000000s/cts	O Det=0	H Det=3	Mon Det=11683	Aux Det=4	O+H=7	 DONE
06/10/2025 05:16:07:	move motor	S18.axis2.piezo rotation to -0.144085deg	 DONE
06/10/2025 05:16:08:	48	count	time	5.000000s/cts	O Det=0	H Det=1	Mon Det=11499	Aux Det=2	O+H=3	 DONE
06/10/2025 05:16:15:	move motor	S18.axis2.piezo rotation to -0.144025deg	 DONE
06/10/2025 05:16:16:	49	count	time	5.000000s/cts	O Det=0	H Det=1	Mon Det=11290	Aux Det=3	O+H=4	 DONE
06/10/2025 05:16:23:	move motor	S18.axis2.piezo rotation to -0.143965deg	 DONE
06/10/2025 05:16:25:	50	count	time	5.000000s/cts	O Det=0	H Det=3	Mon Det=11611	Aux Det=0	O+H=3	 DONE
06/10/2025 05:16:31:	move motor	S18.axis2.piezo rotation to -0.143905deg	 DONE
06/10/2025 05:16:35:	51	count	time	5.000000s/cts	O Det=0	H Det=2	Mon Det=11536	Aux Det=4	O+H=6	 DONE
06/10/2025 05:16:42:	move motor	S18.axis2.piezo rotation to -0.143845deg	 DONE
06/10/2025 05:16:46:	52	count	time	5.000000s/cts	O Det=0	H Det=0	Mon Det=11481	Aux Det=2	O+H=2	 DONE
06/10/2025 05:16:52:	move motor	S18.axis2.piezo rotation to -0.143785deg	 DONE
06/10/2025 05:16:56:	53	count	time	5.000000s/cts	O Det=0	H Det=1	Mon Det=11408	Aux Det=3	O+H=4	 DONE
06/10/2025 05:17:03:	move motor	S18.axis2.piezo rotation to -0.143725deg	 DONE
06/10/2025 05:17:07:	54	count	time	5.000000s/cts	O Det=0	H Det=0	Mon Det=11179	Aux Det=7	O+H=7	 DONE
06/10/2025 05:17:13:	move motor	S18.axis2.piezo rotation to -0.143665deg	 DONE
06/10/2025 05:17:15:	55	count	time	5.000000s/cts	O Det=1	H Det=1	Mon Det=11677	Aux Det=3	O+H=5	 DONE
06/10/2025 05:17:21:	move motor	S18.axis2.piezo rotation to -0.143605deg	 DONE
06/10/2025 05:17:23:	56	count	time	5.000000s/cts	O Det=0	H Det=2	Mon Det=11596	Aux Det=6	O+H=8	 DONE
06/10/2025 05:17:30:	move motor	S18.axis2.piezo rotation to -0.143545deg	 DONE
06/10/2025 05:17:33:	57	count	time	5.000000s/cts	O Det=1	H Det=2	Mon Det=11829	Aux Det=0	O+H=3	 DONE
06/10/2025 05:17:40:	move motor	S18.axis2.piezo rotation to -0.143485deg	 DONE
06/10/2025 05:17:44:	58	count	time	5.000000s/cts	O Det=0	H Det=2	Mon Det=11364	Aux Det=4	O+H=6	 DONE
06/10/2025 05:17:51:	move motor	S18.axis2.piezo rotation to -0.143425deg	 DONE
06/10/2025 05:17:55:	59	count	time	5.000000s/cts	O Det=1	H Det=2	Mon Det=11566	Aux Det=3	O+H=6	 DONE
06/10/2025 05:18:01:	move motor	S18.axis2.piezo rotation to -0.143365deg	 DONE
06/10/2025 05:18:05:	60	count	time	5.000000s/cts	O Det=0	H Det=2	Mon Det=11580	Aux Det=7	O+H=9	 DONE
06/10/2025 05:18:12:	close file and end scan	 DONE
06/10/2025 05:18:12:	move motor	S18.axis2.piezo rotation to fit SUM PEAK60	NaNreached -0.14335  DONE
06/10/2025 05:18:17:	END OF SCRIPT	 DONE
