09/10/2025 00:00:55:	start execution of script D:\data\Cycle 198\exp_3-16-19\rawdata\sc\rocking.sc	 DONE
09/10/2025 00:00:55:	move motor	S18.axis2.piezo rotation to 0.245718deg	 DONE
09/10/2025 00:00:58:	create file	D:\data\Cycle 198\exp_3-16-19\rawdata\sc\rocking_09Oct0000.dat	 DONE
room to enter remarks DONE
09/10/2025 00:00:59:	move motor	S18.axis2.piezo rotation to 0.345718deg	 DONE
09/10/2025 00:01:03:	1	count	time	5.000000s/cts	O Det=0	H Det=36	Mon Det=15429	Aux Det=40	O+H=76	 DONE
09/10/2025 00:01:10:	move motor	S18.axis2.piezo rotation to 0.345778deg	 DONE
09/10/2025 00:01:12:	2	count	time	5.000000s/cts	O Det=5	H Det=25	Mon Det=15366	Aux Det=25	O+H=55	 DONE
09/10/2025 00:01:18:	move motor	S18.axis2.piezo rotation to 0.345838deg	 DONE
09/10/2025 00:01:20:	3	count	time	5.000000s/cts	O Det=1	H Det=24	Mon Det=15242	Aux Det=33	O+H=58	 DONE
09/10/2025 00:01:27:	move motor	S18.axis2.piezo rotation to 0.345898deg	 DONE
09/10/2025 00:01:28:	4	count	time	5.000000s/cts	O Det=1	H Det=34	Mon Det=15273	Aux Det=38	O+H=73	 DONE
09/10/2025 00:01:34:	move motor	S18.axis2.piezo rotation to 0.345958deg	 DONE
09/10/2025 00:01:36:	5	count	time	5.000000s/cts	O Det=1	H Det=39	Mon Det=15537	Aux Det=40	O+H=80	 DONE
09/10/2025 00:01:42:	move motor	S18.axis2.piezo rotation to 0.346018deg	 DONE
09/10/2025 00:01:44:	6	count	time	5.000000s/cts	O Det=1	H Det=36	Mon Det=15424	Aux Det=45	O+H=82	 DONE
09/10/2025 00:01:50:	move motor	S18.axis2.piezo rotation to 0.346078deg	 DONE
09/10/2025 00:01:52:	7	count	time	5.000000s/cts	O Det=0	H Det=43	Mon Det=15012	Aux Det=44	O+H=87	 DONE
09/10/2025 00:01:59:	move motor	S18.axis2.piezo rotation to 0.346138deg	 DONE
09/10/2025 00:02:00:	8	count	time	5.000000s/cts	O Det=1	H Det=38	Mon Det=15318	Aux Det=48	O+H=87	 DONE
09/10/2025 00:02:06:	move motor	S18.axis2.piezo rotation to 0.346198deg	 DONE
09/10/2025 00:02:08:	9	count	time	5.000000s/cts	O Det=2	H Det=35	Mon Det=15442	Aux Det=60	O+H=97	 DONE
09/10/2025 00:02:14:	move motor	S18.axis2.piezo rotation to 0.346258deg	 DONE
09/10/2025 00:02:16:	10	count	time	5.000000s/cts	O Det=0	H Det=58	Mon Det=15355	Aux Det=72	O+H=130	 DONE
09/10/2025 00:02:22:	move motor	S18.axis2.piezo rotation to 0.346318deg	 DONE
09/10/2025 00:02:24:	11	count	time	5.000000s/cts	O Det=0	H Det=62	Mon Det=15448	Aux Det=65	O+H=127	 DONE
09/10/2025 00:02:30:	move motor	S18.axis2.piezo rotation to 0.346378deg	 DONE
09/10/2025 00:02:32:	12	count	time	5.000000s/cts	O Det=2	H Det=58	Mon Det=15335	Aux Det=58	O+H=118	 DONE
09/10/2025 00:02:38:	move motor	S18.axis2.piezo rotation to 0.346438deg	 DONE
09/10/2025 00:02:39:	13	count	time	5.000000s/cts	O Det=4	H Det=79	Mon Det=15297	Aux Det=95	O+H=178	 DONE
09/10/2025 00:02:46:	move motor	S18.axis2.piezo rotation to 0.346498deg	 DONE
09/10/2025 00:02:48:	14	count	time	5.000000s/cts	O Det=4	H Det=77	Mon Det=15396	Aux Det=86	O+H=167	 DONE
09/10/2025 00:02:54:	move motor	S18.axis2.piezo rotation to 0.346558deg	 DONE
09/10/2025 00:02:55:	15	count	time	5.000000s/cts	O Det=6	H Det=84	Mon Det=15465	Aux Det=130	O+H=220	 DONE
09/10/2025 00:03:02:	move motor	S18.axis2.piezo rotation to 0.346618deg	 DONE
09/10/2025 00:03:03:	16	count	time	5.000000s/cts	O Det=9	H Det=112	Mon Det=15309	Aux Det=127	O+H=248	 DONE
09/10/2025 00:03:10:	move motor	S18.axis2.piezo rotation to 0.346678deg	 DONE
09/10/2025 00:03:11:	17	count	time	5.000000s/cts	O Det=19	H Det=122	Mon Det=15524	Aux Det=144	O+H=285	 DONE
09/10/2025 00:03:18:	move motor	S18.axis2.piezo rotation to 0.346738deg	 DONE
09/10/2025 00:03:19:	18	count	time	5.000000s/cts	O Det=51	H Det=153	Mon Det=15424	Aux Det=211	O+H=415	 DONE
09/10/2025 00:03:26:	move motor	S18.axis2.piezo rotation to 0.346798deg	 DONE
09/10/2025 00:03:27:	19	count	time	5.000000s/cts	O Det=64	H Det=181	Mon Det=15684	Aux Det=247	O+H=492	 DONE
09/10/2025 00:03:34:	move motor	S18.axis2.piezo rotation to 0.346858deg	 DONE
09/10/2025 00:03:35:	20	count	time	5.000000s/cts	O Det=26	H Det=200	Mon Det=15544	Aux Det=252	O+H=478	 DONE
09/10/2025 00:03:42:	move motor	S18.axis2.piezo rotation to 0.346918deg	 DONE
09/10/2025 00:03:43:	21	count	time	5.000000s/cts	O Det=29	H Det=210	Mon Det=15252	Aux Det=268	O+H=507	 DONE
09/10/2025 00:03:50:	move motor	S18.axis2.piezo rotation to 0.346978deg	 DONE
09/10/2025 00:03:52:	22	count	time	5.000000s/cts	O Det=62	H Det=252	Mon Det=14992	Aux Det=299	O+H=613	 DONE
09/10/2025 00:03:58:	move motor	S18.axis2.piezo rotation to 0.347038deg	 DONE
09/10/2025 00:03:59:	23	count	time	5.000000s/cts	O Det=87	H Det=340	Mon Det=15443	Aux Det=415	O+H=842	 DONE
09/10/2025 00:04:06:	move motor	S18.axis2.piezo rotation to 0.347098deg	 DONE
09/10/2025 00:04:08:	24	count	time	5.000000s/cts	O Det=102	H Det=489	Mon Det=15471	Aux Det=479	O+H=1070	 DONE
09/10/2025 00:04:14:	move motor	S18.axis2.piezo rotation to 0.347158deg	 DONE
09/10/2025 00:04:16:	25	count	time	5.000000s/cts	O Det=125	H Det=634	Mon Det=15075	Aux Det=544	O+H=1303	 DONE
09/10/2025 00:04:23:	move motor	S18.axis2.piezo rotation to 0.347218deg	 DONE
09/10/2025 00:04:24:	26	count	time	5.000000s/cts	O Det=167	H Det=683	Mon Det=15669	Aux Det=761	O+H=1611	 DONE
09/10/2025 00:04:31:	move motor	S18.axis2.piezo rotation to 0.347278deg	 DONE
09/10/2025 00:04:32:	27	count	time	5.000000s/cts	O Det=135	H Det=841	Mon Det=15449	Aux Det=1076	O+H=2052	 DONE
09/10/2025 00:04:39:	move motor	S18.axis2.piezo rotation to 0.347338deg	 DONE
09/10/2025 00:04:40:	28	count	time	5.000000s/cts	O Det=177	H Det=851	Mon Det=15412	Aux Det=1558	O+H=2586	 DONE
09/10/2025 00:04:47:	move motor	S18.axis2.piezo rotation to 0.347398deg	 DONE
09/10/2025 00:04:48:	29	count	time	5.000000s/cts	O Det=180	H Det=846	Mon Det=15318	Aux Det=1877	O+H=2903	 DONE
09/10/2025 00:04:55:	move motor	S18.axis2.piezo rotation to 0.347458deg	 DONE
09/10/2025 00:04:56:	30	count	time	5.000000s/cts	O Det=159	H Det=784	Mon Det=15295	Aux Det=1980	O+H=2923	 DONE
09/10/2025 00:05:03:	move motor	S18.axis2.piezo rotation to 0.347518deg	 DONE
09/10/2025 00:05:05:	31	count	time	5.000000s/cts	O Det=158	H Det=690	Mon Det=15024	Aux Det=1887	O+H=2735	 DONE
09/10/2025 00:05:11:	move motor	S18.axis2.piezo rotation to 0.347578deg	 DONE
09/10/2025 00:05:12:	32	count	time	5.000000s/cts	O Det=125	H Det=595	Mon Det=15528	Aux Det=1693	O+H=2413	 DONE
09/10/2025 00:05:19:	move motor	S18.axis2.piezo rotation to 0.347638deg	 DONE
09/10/2025 00:05:21:	33	count	time	5.000000s/cts	O Det=90	H Det=565	Mon Det=15324	Aux Det=1230	O+H=1885	 DONE
09/10/2025 00:05:27:	move motor	S18.axis2.piezo rotation to 0.347698deg	 DONE
09/10/2025 00:05:28:	34	count	time	5.000000s/cts	O Det=94	H Det=506	Mon Det=15494	Aux Det=949	O+H=1549	 DONE
09/10/2025 00:05:35:	move motor	S18.axis2.piezo rotation to 0.347758deg	 DONE
09/10/2025 00:05:37:	35	count	time	5.000000s/cts	O Det=65	H Det=368	Mon Det=15363	Aux Det=579	O+H=1012	 DONE
09/10/2025 00:05:43:	move motor	S18.axis2.piezo rotation to 0.347818deg	 DONE
09/10/2025 00:05:45:	36	count	time	5.000000s/cts	O Det=51	H Det=306	Mon Det=15488	Aux Det=410	O+H=767	 DONE
09/10/2025 00:05:52:	move motor	S18.axis2.piezo rotation to 0.347878deg	 DONE
09/10/2025 00:05:53:	37	count	time	5.000000s/cts	O Det=33	H Det=246	Mon Det=15227	Aux Det=323	O+H=602	 DONE
09/10/2025 00:06:00:	move motor	S18.axis2.piezo rotation to 0.347938deg	 DONE
09/10/2025 00:06:01:	38	count	time	5.000000s/cts	O Det=18	H Det=227	Mon Det=15291	Aux Det=269	O+H=514	 DONE
09/10/2025 00:06:08:	move motor	S18.axis2.piezo rotation to 0.347998deg	 DONE
09/10/2025 00:06:09:	39	count	time	5.000000s/cts	O Det=16	H Det=181	Mon Det=15215	Aux Det=225	O+H=422	 DONE
09/10/2025 00:06:16:	move motor	S18.axis2.piezo rotation to 0.348058deg	 DONE
09/10/2025 00:06:17:	40	count	time	5.000000s/cts	O Det=12	H Det=172	Mon Det=15246	Aux Det=180	O+H=364	 DONE
09/10/2025 00:06:24:	move motor	S18.axis2.piezo rotation to 0.348118deg	 DONE
09/10/2025 00:06:25:	41	count	time	5.000000s/cts	O Det=7	H Det=121	Mon Det=15414	Aux Det=145	O+H=273	 DONE
09/10/2025 00:06:32:	move motor	S18.axis2.piezo rotation to 0.348178deg	 DONE
09/10/2025 00:06:33:	42	count	time	5.000000s/cts	O Det=6	H Det=92	Mon Det=15428	Aux Det=132	O+H=230	 DONE
09/10/2025 00:06:40:	move motor	S18.axis2.piezo rotation to 0.348238deg	 DONE
09/10/2025 00:06:41:	43	count	time	5.000000s/cts	O Det=6	H Det=89	Mon Det=15260	Aux Det=120	O+H=215	 DONE
09/10/2025 00:06:48:	move motor	S18.axis2.piezo rotation to 0.348298deg	 DONE
09/10/2025 00:06:49:	44	count	time	5.000000s/cts	O Det=2	H Det=77	Mon Det=15374	Aux Det=102	O+H=181	 DONE
09/10/2025 00:06:56:	move motor	S18.axis2.piezo rotation to 0.348358deg	 DONE
09/10/2025 00:06:58:	45	count	time	5.000000s/cts	O Det=2	H Det=80	Mon Det=15134	Aux Det=78	O+H=160	 DONE
09/10/2025 00:07:04:	move motor	S18.axis2.piezo rotation to 0.348418deg	 DONE
09/10/2025 00:07:06:	46	count	time	5.000000s/cts	O Det=6	H Det=54	Mon Det=15355	Aux Det=59	O+H=119	 DONE
09/10/2025 00:07:12:	move motor	S18.axis2.piezo rotation to 0.348478deg	 DONE
09/10/2025 00:07:14:	47	count	time	5.000000s/cts	O Det=2	H Det=59	Mon Det=15383	Aux Det=67	O+H=128	 DONE
09/10/2025 00:07:20:	move motor	S18.axis2.piezo rotation to 0.348538deg	 DONE
09/10/2025 00:07:22:	48	count	time	5.000000s/cts	O Det=0	H Det=55	Mon Det=15337	Aux Det=60	O+H=115	 DONE
09/10/2025 00:07:28:	move motor	S18.axis2.piezo rotation to 0.348598deg	 DONE
09/10/2025 00:07:30:	49	count	time	5.000000s/cts	O Det=1	H Det=46	Mon Det=15021	Aux Det=66	O+H=113	 DONE
09/10/2025 00:07:36:	move motor	S18.axis2.piezo rotation to 0.348658deg	 DONE
09/10/2025 00:07:38:	50	count	time	5.000000s/cts	O Det=2	H Det=38	Mon Det=15382	Aux Det=49	O+H=89	 DONE
09/10/2025 00:07:45:	move motor	S18.axis2.piezo rotation to 0.348718deg	 DONE
09/10/2025 00:07:46:	51	count	time	5.000000s/cts	O Det=2	H Det=26	Mon Det=15178	Aux Det=45	O+H=73	 DONE
09/10/2025 00:07:53:	move motor	S18.axis2.piezo rotation to 0.348778deg	 DONE
09/10/2025 00:07:54:	52	count	time	5.000000s/cts	O Det=1	H Det=43	Mon Det=15511	Aux Det=39	O+H=83	 DONE
09/10/2025 00:08:01:	move motor	S18.axis2.piezo rotation to 0.348838deg	 DONE
09/10/2025 00:08:03:	53	count	time	5.000000s/cts	O Det=1	H Det=31	Mon Det=15432	Aux Det=33	O+H=65	 DONE
09/10/2025 00:08:09:	move motor	S18.axis2.piezo rotation to 0.348898deg	 DONE
09/10/2025 00:08:11:	54	count	time	5.000000s/cts	O Det=0	H Det=28	Mon Det=15471	Aux Det=32	O+H=60	 DONE
09/10/2025 00:08:17:	move motor	S18.axis2.piezo rotation to 0.348958deg	 DONE
09/10/2025 00:08:19:	55	count	time	5.000000s/cts	O Det=2	H Det=33	Mon Det=15349	Aux Det=39	O+H=74	 DONE
09/10/2025 00:08:25:	move motor	S18.axis2.piezo rotation to 0.349018deg	 DONE
09/10/2025 00:08:27:	56	count	time	5.000000s/cts	O Det=2	H Det=23	Mon Det=15305	Aux Det=30	O+H=55	 DONE
09/10/2025 00:08:33:	move motor	S18.axis2.piezo rotation to 0.349078deg	 DONE
09/10/2025 00:08:35:	57	count	time	5.000000s/cts	O Det=1	H Det=29	Mon Det=15552	Aux Det=43	O+H=73	 DONE
09/10/2025 00:08:41:	move motor	S18.axis2.piezo rotation to 0.349138deg	 DONE
09/10/2025 00:08:43:	58	count	time	5.000000s/cts	O Det=0	H Det=25	Mon Det=15251	Aux Det=26	O+H=51	 DONE
09/10/2025 00:08:50:	move motor	S18.axis2.piezo rotation to 0.349198deg	 DONE
09/10/2025 00:08:52:	59	count	time	5.000000s/cts	O Det=1	H Det=24	Mon Det=15246	Aux Det=28	O+H=53	 DONE
09/10/2025 00:08:58:	move motor	S18.axis2.piezo rotation to 0.349258deg	 DONE
09/10/2025 00:09:00:	60	count	time	5.000000s/cts	O Det=0	H Det=18	Mon Det=15450	Aux Det=24	O+H=42	 DONE
09/10/2025 00:09:06:	close file and end scan	 DONE
09/10/2025 00:09:07:	move motor	S18.axis2.piezo rotation to fit SUM PEAK60	0.347448reached 0.34745  DONE
09/10/2025 00:09:12:	END OF SCRIPT	 DONE
