08/10/2025 10:02:51:	start execution of script D:\data\Cycle 198\exp_3-16-19\rawdata\sc\rocking.sc	 DONE
08/10/2025 10:02:51:	move motor	S18.axis2.piezo rotation to 0.245826deg	 DONE
08/10/2025 10:02:53:	create file	D:\data\Cycle 198\exp_3-16-19\rawdata\sc\rocking_08Oct1002.dat	 DONE
room to enter remarks DONE
08/10/2025 10:02:54:	move motor	S18.axis2.piezo rotation to 0.345826deg	 DONE
08/10/2025 10:02:58:	1	count	time	5.000000s/cts	O Det=1	H Det=10	Mon Det=15094	Aux Det=35	O+H=46	 DONE
08/10/2025 10:03:04:	move motor	S18.axis2.piezo rotation to 0.345886deg	 DONE
08/10/2025 10:03:06:	2	count	time	5.000000s/cts	O Det=1	H Det=25	Mon Det=15514	Aux Det=39	O+H=65	 DONE
08/10/2025 10:03:13:	move motor	S18.axis2.piezo rotation to 0.345946deg	 DONE
08/10/2025 10:03:14:	3	count	time	5.000000s/cts	O Det=1	H Det=37	Mon Det=15253	Aux Det=30	O+H=68	 DONE
08/10/2025 10:03:21:	move motor	S18.axis2.piezo rotation to 0.346006deg	 DONE
08/10/2025 10:03:23:	4	count	time	5.000000s/cts	O Det=0	H Det=37	Mon Det=15144	Aux Det=34	O+H=71	 DONE
08/10/2025 10:03:29:	move motor	S18.axis2.piezo rotation to 0.346066deg	 DONE
08/10/2025 10:03:31:	5	count	time	5.000000s/cts	O Det=0	H Det=32	Mon Det=15259	Aux Det=38	O+H=70	 DONE
08/10/2025 10:03:37:	move motor	S18.axis2.piezo rotation to 0.346126deg	 DONE
08/10/2025 10:03:39:	6	count	time	5.000000s/cts	O Det=2	H Det=32	Mon Det=15540	Aux Det=34	O+H=68	 DONE
08/10/2025 10:03:45:	move motor	S18.axis2.piezo rotation to 0.346186deg	 DONE
08/10/2025 10:03:46:	7	count	time	5.000000s/cts	O Det=5	H Det=34	Mon Det=15267	Aux Det=52	O+H=91	 DONE
08/10/2025 10:03:53:	move motor	S18.axis2.piezo rotation to 0.346246deg	 DONE
08/10/2025 10:03:54:	8	count	time	5.000000s/cts	O Det=0	H Det=48	Mon Det=15401	Aux Det=53	O+H=101	 DONE
08/10/2025 10:04:01:	move motor	S18.axis2.piezo rotation to 0.346306deg	 DONE
08/10/2025 10:04:02:	9	count	time	5.000000s/cts	O Det=1	H Det=57	Mon Det=15576	Aux Det=49	O+H=107	 DONE
08/10/2025 10:04:09:	move motor	S18.axis2.piezo rotation to 0.346366deg	 DONE
08/10/2025 10:04:10:	10	count	time	5.000000s/cts	O Det=2	H Det=50	Mon Det=15151	Aux Det=68	O+H=120	 DONE
08/10/2025 10:04:16:	move motor	S18.axis2.piezo rotation to 0.346426deg	 DONE
08/10/2025 10:04:18:	11	count	time	5.000000s/cts	O Det=5	H Det=55	Mon Det=15389	Aux Det=62	O+H=122	 DONE
08/10/2025 10:04:24:	move motor	S18.axis2.piezo rotation to 0.346486deg	 DONE
08/10/2025 10:04:26:	12	count	time	5.000000s/cts	O Det=2	H Det=65	Mon Det=15434	Aux Det=82	O+H=149	 DONE
08/10/2025 10:04:32:	move motor	S18.axis2.piezo rotation to 0.346546deg	 DONE
08/10/2025 10:04:34:	13	count	time	5.000000s/cts	O Det=5	H Det=80	Mon Det=15175	Aux Det=109	O+H=194	 DONE
08/10/2025 10:04:40:	move motor	S18.axis2.piezo rotation to 0.346606deg	 DONE
08/10/2025 10:04:42:	14	count	time	5.000000s/cts	O Det=1	H Det=70	Mon Det=15220	Aux Det=117	O+H=188	 DONE
08/10/2025 10:04:48:	move motor	S18.axis2.piezo rotation to 0.346666deg	 DONE
08/10/2025 10:04:49:	15	count	time	5.000000s/cts	O Det=3	H Det=106	Mon Det=15293	Aux Det=121	O+H=230	 DONE
08/10/2025 10:04:56:	move motor	S18.axis2.piezo rotation to 0.346726deg	 DONE
08/10/2025 10:04:57:	16	count	time	5.000000s/cts	O Det=11	H Det=130	Mon Det=15375	Aux Det=157	O+H=298	 DONE
08/10/2025 10:05:04:	move motor	S18.axis2.piezo rotation to 0.346786deg	 DONE
08/10/2025 10:05:05:	17	count	time	5.000000s/cts	O Det=32	H Det=147	Mon Det=15302	Aux Det=214	O+H=393	 DONE
08/10/2025 10:05:12:	move motor	S18.axis2.piezo rotation to 0.346846deg	 DONE
08/10/2025 10:05:13:	18	count	time	5.000000s/cts	O Det=23	H Det=183	Mon Det=15295	Aux Det=326	O+H=532	 DONE
08/10/2025 10:05:20:	move motor	S18.axis2.piezo rotation to 0.346906deg	 DONE
08/10/2025 10:05:21:	19	count	time	5.000000s/cts	O Det=26	H Det=210	Mon Det=15644	Aux Det=260	O+H=496	 DONE
08/10/2025 10:05:28:	move motor	S18.axis2.piezo rotation to 0.346966deg	 DONE
08/10/2025 10:05:29:	20	count	time	5.000000s/cts	O Det=26	H Det=218	Mon Det=15280	Aux Det=283	O+H=527	 DONE
08/10/2025 10:05:36:	move motor	S18.axis2.piezo rotation to 0.347026deg	 DONE
08/10/2025 10:05:37:	21	count	time	5.000000s/cts	O Det=34	H Det=233	Mon Det=15346	Aux Det=339	O+H=606	 DONE
08/10/2025 10:05:43:	move motor	S18.axis2.piezo rotation to 0.347086deg	 DONE
08/10/2025 10:05:44:	22	count	time	5.000000s/cts	O Det=63	H Det=296	Mon Det=15556	Aux Det=433	O+H=792	 DONE
08/10/2025 10:05:51:	move motor	S18.axis2.piezo rotation to 0.347146deg	 DONE
08/10/2025 10:05:52:	23	count	time	5.000000s/cts	O Det=83	H Det=316	Mon Det=15469	Aux Det=542	O+H=941	 DONE
08/10/2025 10:05:59:	move motor	S18.axis2.piezo rotation to 0.347206deg	 DONE
08/10/2025 10:06:00:	24	count	time	5.000000s/cts	O Det=142	H Det=394	Mon Det=15214	Aux Det=787	O+H=1323	 DONE
08/10/2025 10:06:07:	move motor	S18.axis2.piezo rotation to 0.347266deg	 DONE
08/10/2025 10:06:08:	25	count	time	5.000000s/cts	O Det=189	H Det=399	Mon Det=15335	Aux Det=1049	O+H=1637	 DONE
08/10/2025 10:06:15:	move motor	S18.axis2.piezo rotation to 0.347326deg	 DONE
08/10/2025 10:06:16:	26	count	time	5.000000s/cts	O Det=255	H Det=423	Mon Det=15379	Aux Det=1490	O+H=2168	 DONE
08/10/2025 10:06:23:	move motor	S18.axis2.piezo rotation to 0.347386deg	 DONE
08/10/2025 10:06:24:	27	count	time	5.000000s/cts	O Det=309	H Det=436	Mon Det=15261	Aux Det=1871	O+H=2616	 DONE
08/10/2025 10:06:31:	move motor	S18.axis2.piezo rotation to 0.347446deg	 DONE
08/10/2025 10:06:32:	28	count	time	5.000000s/cts	O Det=397	H Det=408	Mon Det=15488	Aux Det=2181	O+H=2986	 DONE
08/10/2025 10:06:38:	move motor	S18.axis2.piezo rotation to 0.347506deg	 DONE
08/10/2025 10:06:40:	29	count	time	5.000000s/cts	O Det=402	H Det=428	Mon Det=15147	Aux Det=2265	O+H=3095	 DONE
08/10/2025 10:06:47:	move motor	S18.axis2.piezo rotation to 0.347566deg	 DONE
08/10/2025 10:06:48:	30	count	time	5.000000s/cts	O Det=406	H Det=430	Mon Det=15207	Aux Det=2023	O+H=2859	 DONE
08/10/2025 10:06:55:	move motor	S18.axis2.piezo rotation to 0.347626deg	 DONE
08/10/2025 10:06:56:	31	count	time	5.000000s/cts	O Det=368	H Det=399	Mon Det=15286	Aux Det=1689	O+H=2456	 DONE
08/10/2025 10:07:03:	move motor	S18.axis2.piezo rotation to 0.347686deg	 DONE
08/10/2025 10:07:04:	32	count	time	5.000000s/cts	O Det=276	H Det=432	Mon Det=15263	Aux Det=1249	O+H=1957	 DONE
08/10/2025 10:07:11:	move motor	S18.axis2.piezo rotation to 0.347746deg	 DONE
08/10/2025 10:07:12:	33	count	time	5.000000s/cts	O Det=180	H Det=412	Mon Det=15143	Aux Det=794	O+H=1386	 DONE
08/10/2025 10:07:19:	move motor	S18.axis2.piezo rotation to 0.347806deg	 DONE
08/10/2025 10:07:20:	34	count	time	5.000000s/cts	O Det=121	H Det=375	Mon Det=15460	Aux Det=609	O+H=1105	 DONE
08/10/2025 10:07:27:	move motor	S18.axis2.piezo rotation to 0.347866deg	 DONE
08/10/2025 10:07:28:	35	count	time	5.000000s/cts	O Det=77	H Det=293	Mon Det=15471	Aux Det=413	O+H=783	 DONE
08/10/2025 10:07:34:	move motor	S18.axis2.piezo rotation to 0.347926deg	 DONE
08/10/2025 10:07:36:	36	count	time	5.000000s/cts	O Det=44	H Det=263	Mon Det=15279	Aux Det=341	O+H=648	 DONE
08/10/2025 10:07:42:	move motor	S18.axis2.piezo rotation to 0.347986deg	 DONE
08/10/2025 10:07:44:	37	count	time	5.000000s/cts	O Det=33	H Det=222	Mon Det=15339	Aux Det=265	O+H=520	 DONE
08/10/2025 10:07:50:	move motor	S18.axis2.piezo rotation to 0.348046deg	 DONE
08/10/2025 10:07:52:	38	count	time	5.000000s/cts	O Det=26	H Det=177	Mon Det=15343	Aux Det=241	O+H=444	 DONE
08/10/2025 10:07:58:	move motor	S18.axis2.piezo rotation to 0.348106deg	 DONE
08/10/2025 10:07:59:	39	count	time	5.000000s/cts	O Det=10	H Det=161	Mon Det=15170	Aux Det=171	O+H=342	 DONE
08/10/2025 10:08:06:	move motor	S18.axis2.piezo rotation to 0.348166deg	 DONE
08/10/2025 10:08:07:	40	count	time	5.000000s/cts	O Det=8	H Det=124	Mon Det=15434	Aux Det=169	O+H=301	 DONE
08/10/2025 10:08:14:	move motor	S18.axis2.piezo rotation to 0.348226deg	 DONE
08/10/2025 10:08:15:	41	count	time	5.000000s/cts	O Det=6	H Det=100	Mon Det=15138	Aux Det=112	O+H=218	 DONE
08/10/2025 10:08:22:	move motor	S18.axis2.piezo rotation to 0.348286deg	 DONE
08/10/2025 10:08:24:	42	count	time	5.000000s/cts	O Det=9	H Det=100	Mon Det=15206	Aux Det=104	O+H=213	 DONE
08/10/2025 10:08:30:	move motor	S18.axis2.piezo rotation to 0.348346deg	 DONE
08/10/2025 10:08:32:	43	count	time	5.000000s/cts	O Det=10	H Det=67	Mon Det=15433	Aux Det=94	O+H=171	 DONE
08/10/2025 10:08:38:	move motor	S18.axis2.piezo rotation to 0.348406deg	 DONE
08/10/2025 10:08:40:	44	count	time	5.000000s/cts	O Det=4	H Det=61	Mon Det=15154	Aux Det=83	O+H=148	 DONE
08/10/2025 10:08:47:	move motor	S18.axis2.piezo rotation to 0.348466deg	 DONE
08/10/2025 10:08:48:	45	count	time	5.000000s/cts	O Det=3	H Det=74	Mon Det=15434	Aux Det=74	O+H=151	 DONE
08/10/2025 10:08:55:	move motor	S18.axis2.piezo rotation to 0.348526deg	 DONE
08/10/2025 10:08:56:	46	count	time	5.000000s/cts	O Det=5	H Det=69	Mon Det=15220	Aux Det=87	O+H=161	 DONE
08/10/2025 10:09:03:	move motor	S18.axis2.piezo rotation to 0.348586deg	 DONE
08/10/2025 10:09:04:	47	count	time	5.000000s/cts	O Det=1	H Det=50	Mon Det=15384	Aux Det=58	O+H=109	 DONE
08/10/2025 10:09:11:	move motor	S18.axis2.piezo rotation to 0.348646deg	 DONE
08/10/2025 10:09:12:	48	count	time	5.000000s/cts	O Det=2	H Det=50	Mon Det=15592	Aux Det=66	O+H=118	 DONE
08/10/2025 10:09:19:	move motor	S18.axis2.piezo rotation to 0.348706deg	 DONE
08/10/2025 10:09:20:	49	count	time	5.000000s/cts	O Det=2	H Det=51	Mon Det=15337	Aux Det=51	O+H=104	 DONE
08/10/2025 10:09:27:	move motor	S18.axis2.piezo rotation to 0.348766deg	 DONE
08/10/2025 10:09:28:	50	count	time	5.000000s/cts	O Det=2	H Det=42	Mon Det=15163	Aux Det=51	O+H=95	 DONE
08/10/2025 10:09:35:	move motor	S18.axis2.piezo rotation to 0.348826deg	 DONE
08/10/2025 10:09:36:	51	count	time	5.000000s/cts	O Det=3	H Det=27	Mon Det=15253	Aux Det=39	O+H=69	 DONE
08/10/2025 10:09:42:	move motor	S18.axis2.piezo rotation to 0.348886deg	 DONE
08/10/2025 10:09:44:	52	count	time	5.000000s/cts	O Det=1	H Det=31	Mon Det=15589	Aux Det=41	O+H=73	 DONE
08/10/2025 10:09:51:	move motor	S18.axis2.piezo rotation to 0.348946deg	 DONE
08/10/2025 10:09:52:	53	count	time	5.000000s/cts	O Det=1	H Det=25	Mon Det=15275	Aux Det=33	O+H=59	 DONE
08/10/2025 10:09:58:	move motor	S18.axis2.piezo rotation to 0.349006deg	 DONE
08/10/2025 10:10:00:	54	count	time	5.000000s/cts	O Det=2	H Det=27	Mon Det=15338	Aux Det=27	O+H=56	 DONE
08/10/2025 10:10:06:	move motor	S18.axis2.piezo rotation to 0.349066deg	 DONE
08/10/2025 10:10:08:	55	count	time	5.000000s/cts	O Det=0	H Det=22	Mon Det=15354	Aux Det=30	O+H=52	 DONE
08/10/2025 10:10:14:	move motor	S18.axis2.piezo rotation to 0.349126deg	 DONE
08/10/2025 10:10:16:	56	count	time	5.000000s/cts	O Det=1	H Det=26	Mon Det=15177	Aux Det=35	O+H=62	 DONE
08/10/2025 10:10:22:	move motor	S18.axis2.piezo rotation to 0.349186deg	 DONE
08/10/2025 10:10:24:	57	count	time	5.000000s/cts	O Det=1	H Det=25	Mon Det=15259	Aux Det=31	O+H=57	 DONE
08/10/2025 10:10:30:	move motor	S18.axis2.piezo rotation to 0.349246deg	 DONE
08/10/2025 10:10:31:	58	count	time	5.000000s/cts	O Det=2	H Det=18	Mon Det=15116	Aux Det=29	O+H=49	 DONE
08/10/2025 10:10:38:	move motor	S18.axis2.piezo rotation to 0.349306deg	 DONE
08/10/2025 10:10:40:	59	count	time	5.000000s/cts	O Det=0	H Det=19	Mon Det=15315	Aux Det=22	O+H=41	 DONE
08/10/2025 10:10:46:	move motor	S18.axis2.piezo rotation to 0.349366deg	 DONE
08/10/2025 10:10:48:	60	count	time	5.000000s/cts	O Det=3	H Det=15	Mon Det=15420	Aux Det=26	O+H=44	 DONE
08/10/2025 10:10:54:	close file and end scan	 DONE
08/10/2025 10:10:55:	move motor	S18.axis2.piezo rotation to fit SUM PEAK60	0.347499reached 0.34750  DONE
08/10/2025 10:10:57:	END OF SCRIPT	 DONE
