16/10/2025 22:09:35:	start execution of script D:\data\Cycle 198\exp_3-16-19\rawdata\sc\rocking.sc	 DONE
16/10/2025 22:09:35:	move motor	S18.axis2.piezo rotation to 0.246170deg	 DONE
16/10/2025 22:09:38:	create file	D:\data\Cycle 198\exp_3-16-19\rawdata\sc\rocking_16Oct2209.dat	 DONE
room to enter remarks DONE
16/10/2025 22:09:40:	move motor	S18.axis2.piezo rotation to 0.346170deg	 DONE
16/10/2025 22:09:42:	1	count	time	3.000000s/cts	O Det=0	H Det=18	Mon Det=7276	Aux Det=19	O+H=37	 DONE
16/10/2025 22:09:47:	move motor	S18.axis2.piezo rotation to 0.346230deg	 DONE
16/10/2025 22:09:50:	2	count	time	3.000000s/cts	O Det=0	H Det=17	Mon Det=7172	Aux Det=24	O+H=41	 DONE
16/10/2025 22:09:55:	move motor	S18.axis2.piezo rotation to 0.346290deg	 DONE
16/10/2025 22:09:56:	3	count	time	3.000000s/cts	O Det=0	H Det=18	Mon Det=7067	Aux Det=26	O+H=44	 DONE
16/10/2025 22:10:01:	move motor	S18.axis2.piezo rotation to 0.346350deg	 DONE
16/10/2025 22:10:02:	4	count	time	3.000000s/cts	O Det=0	H Det=15	Mon Det=7021	Aux Det=16	O+H=31	 DONE
16/10/2025 22:10:06:	move motor	S18.axis2.piezo rotation to 0.346410deg	 DONE
16/10/2025 22:10:08:	5	count	time	3.000000s/cts	O Det=2	H Det=37	Mon Det=7219	Aux Det=35	O+H=74	 DONE
16/10/2025 22:10:13:	move motor	S18.axis2.piezo rotation to 0.346470deg	 DONE
16/10/2025 22:10:14:	6	count	time	3.000000s/cts	O Det=2	H Det=32	Mon Det=7163	Aux Det=39	O+H=73	 DONE
16/10/2025 22:10:19:	move motor	S18.axis2.piezo rotation to 0.346530deg	 DONE
16/10/2025 22:10:20:	7	count	time	3.000000s/cts	O Det=1	H Det=34	Mon Det=7148	Aux Det=33	O+H=68	 DONE
16/10/2025 22:10:24:	move motor	S18.axis2.piezo rotation to 0.346590deg	 DONE
16/10/2025 22:10:26:	8	count	time	3.000000s/cts	O Det=2	H Det=40	Mon Det=7179	Aux Det=54	O+H=96	 DONE
16/10/2025 22:10:30:	move motor	S18.axis2.piezo rotation to 0.346650deg	 DONE
16/10/2025 22:10:31:	9	count	time	3.000000s/cts	O Det=3	H Det=36	Mon Det=7090	Aux Det=56	O+H=95	 DONE
16/10/2025 22:10:36:	move motor	S18.axis2.piezo rotation to 0.346710deg	 DONE
16/10/2025 22:10:37:	10	count	time	3.000000s/cts	O Det=3	H Det=35	Mon Det=7141	Aux Det=59	O+H=97	 DONE
16/10/2025 22:10:42:	move motor	S18.axis2.piezo rotation to 0.346770deg	 DONE
16/10/2025 22:10:43:	11	count	time	3.000000s/cts	O Det=9	H Det=59	Mon Det=7161	Aux Det=83	O+H=151	 DONE
16/10/2025 22:10:48:	move motor	S18.axis2.piezo rotation to 0.346830deg	 DONE
16/10/2025 22:10:49:	12	count	time	3.000000s/cts	O Det=17	H Det=89	Mon Det=7207	Aux Det=106	O+H=212	 DONE
16/10/2025 22:10:54:	move motor	S18.axis2.piezo rotation to 0.346890deg	 DONE
16/10/2025 22:10:56:	13	count	time	3.000000s/cts	O Det=34	H Det=116	Mon Det=7268	Aux Det=135	O+H=285	 DONE
16/10/2025 22:11:00:	move motor	S18.axis2.piezo rotation to 0.346950deg	 DONE
16/10/2025 22:11:01:	14	count	time	3.000000s/cts	O Det=28	H Det=117	Mon Det=7207	Aux Det=106	O+H=251	 DONE
16/10/2025 22:11:06:	move motor	S18.axis2.piezo rotation to 0.347010deg	 DONE
16/10/2025 22:11:07:	15	count	time	3.000000s/cts	O Det=24	H Det=93	Mon Det=7106	Aux Det=147	O+H=264	 DONE
16/10/2025 22:11:12:	move motor	S18.axis2.piezo rotation to 0.347070deg	 DONE
16/10/2025 22:11:13:	16	count	time	3.000000s/cts	O Det=25	H Det=127	Mon Det=7206	Aux Det=178	O+H=330	 DONE
16/10/2025 22:11:18:	move motor	S18.axis2.piezo rotation to 0.347130deg	 DONE
16/10/2025 22:11:19:	17	count	time	3.000000s/cts	O Det=50	H Det=143	Mon Det=7079	Aux Det=222	O+H=415	 DONE
16/10/2025 22:11:23:	move motor	S18.axis2.piezo rotation to 0.347190deg	 DONE
16/10/2025 22:11:24:	18	count	time	3.000000s/cts	O Det=61	H Det=135	Mon Det=7014	Aux Det=267	O+H=463	 DONE
16/10/2025 22:11:29:	move motor	S18.axis2.piezo rotation to 0.347250deg	 DONE
16/10/2025 22:11:31:	19	count	time	3.000000s/cts	O Det=132	H Det=152	Mon Det=7004	Aux Det=389	O+H=673	 DONE
16/10/2025 22:11:35:	move motor	S18.axis2.piezo rotation to 0.347310deg	 DONE
16/10/2025 22:11:36:	20	count	time	3.000000s/cts	O Det=179	H Det=149	Mon Det=7046	Aux Det=534	O+H=862	 DONE
16/10/2025 22:11:41:	move motor	S18.axis2.piezo rotation to 0.347370deg	 DONE
16/10/2025 22:11:42:	21	count	time	3.000000s/cts	O Det=213	H Det=160	Mon Det=7128	Aux Det=741	O+H=1114	 DONE
16/10/2025 22:11:47:	move motor	S18.axis2.piezo rotation to 0.347430deg	 DONE
16/10/2025 22:11:48:	22	count	time	3.000000s/cts	O Det=205	H Det=195	Mon Det=7114	Aux Det=1057	O+H=1457	 DONE
16/10/2025 22:11:53:	move motor	S18.axis2.piezo rotation to 0.347490deg	 DONE
16/10/2025 22:11:54:	23	count	time	3.000000s/cts	O Det=210	H Det=213	Mon Det=7178	Aux Det=1175	O+H=1598	 DONE
16/10/2025 22:11:59:	move motor	S18.axis2.piezo rotation to 0.347550deg	 DONE
16/10/2025 22:12:00:	24	count	time	3.000000s/cts	O Det=193	H Det=217	Mon Det=7069	Aux Det=1292	O+H=1702	 DONE
16/10/2025 22:12:05:	move motor	S18.axis2.piezo rotation to 0.347610deg	 DONE
16/10/2025 22:12:06:	25	count	time	3.000000s/cts	O Det=139	H Det=232	Mon Det=7115	Aux Det=1238	O+H=1609	 DONE
16/10/2025 22:12:11:	move motor	S18.axis2.piezo rotation to 0.347670deg	 DONE
16/10/2025 22:12:12:	26	count	time	3.000000s/cts	O Det=100	H Det=235	Mon Det=7148	Aux Det=1074	O+H=1409	 DONE
16/10/2025 22:12:16:	move motor	S18.axis2.piezo rotation to 0.347730deg	 DONE
16/10/2025 22:12:17:	27	count	time	3.000000s/cts	O Det=67	H Det=232	Mon Det=7126	Aux Det=792	O+H=1091	 DONE
16/10/2025 22:12:22:	move motor	S18.axis2.piezo rotation to 0.347790deg	 DONE
16/10/2025 22:12:23:	28	count	time	3.000000s/cts	O Det=77	H Det=229	Mon Det=7196	Aux Det=590	O+H=896	 DONE
16/10/2025 22:12:28:	move motor	S18.axis2.piezo rotation to 0.347850deg	 DONE
16/10/2025 22:12:29:	29	count	time	3.000000s/cts	O Det=36	H Det=168	Mon Det=7146	Aux Det=429	O+H=633	 DONE
16/10/2025 22:12:34:	move motor	S18.axis2.piezo rotation to 0.347910deg	 DONE
16/10/2025 22:12:35:	30	count	time	3.000000s/cts	O Det=21	H Det=146	Mon Det=7230	Aux Det=238	O+H=405	 DONE
16/10/2025 22:12:40:	move motor	S18.axis2.piezo rotation to 0.347970deg	 DONE
16/10/2025 22:12:41:	31	count	time	3.000000s/cts	O Det=17	H Det=138	Mon Det=7141	Aux Det=234	O+H=389	 DONE
16/10/2025 22:12:46:	move motor	S18.axis2.piezo rotation to 0.348030deg	 DONE
16/10/2025 22:12:47:	32	count	time	3.000000s/cts	O Det=7	H Det=117	Mon Det=7177	Aux Det=167	O+H=291	 DONE
16/10/2025 22:12:51:	move motor	S18.axis2.piezo rotation to 0.348090deg	 DONE
16/10/2025 22:12:53:	33	count	time	3.000000s/cts	O Det=8	H Det=95	Mon Det=7138	Aux Det=149	O+H=252	 DONE
16/10/2025 22:12:57:	move motor	S18.axis2.piezo rotation to 0.348150deg	 DONE
16/10/2025 22:12:59:	34	count	time	3.000000s/cts	O Det=5	H Det=68	Mon Det=7241	Aux Det=95	O+H=168	 DONE
16/10/2025 22:13:03:	move motor	S18.axis2.piezo rotation to 0.348210deg	 DONE
16/10/2025 22:13:04:	35	count	time	3.000000s/cts	O Det=4	H Det=53	Mon Det=7255	Aux Det=83	O+H=140	 DONE
16/10/2025 22:13:09:	move motor	S18.axis2.piezo rotation to 0.348270deg	 DONE
16/10/2025 22:13:10:	36	count	time	3.000000s/cts	O Det=3	H Det=63	Mon Det=7160	Aux Det=74	O+H=140	 DONE
16/10/2025 22:13:15:	move motor	S18.axis2.piezo rotation to 0.348330deg	 DONE
16/10/2025 22:13:16:	37	count	time	3.000000s/cts	O Det=1	H Det=45	Mon Det=7084	Aux Det=61	O+H=107	 DONE
16/10/2025 22:13:21:	move motor	S18.axis2.piezo rotation to 0.348390deg	 DONE
16/10/2025 22:13:22:	38	count	time	3.000000s/cts	O Det=2	H Det=38	Mon Det=7281	Aux Det=67	O+H=107	 DONE
16/10/2025 22:13:27:	move motor	S18.axis2.piezo rotation to 0.348450deg	 DONE
16/10/2025 22:13:28:	39	count	time	3.000000s/cts	O Det=0	H Det=38	Mon Det=7285	Aux Det=46	O+H=84	 DONE
16/10/2025 22:13:32:	move motor	S18.axis2.piezo rotation to 0.348510deg	 DONE
16/10/2025 22:13:33:	40	count	time	3.000000s/cts	O Det=0	H Det=38	Mon Det=7205	Aux Det=45	O+H=83	 DONE
16/10/2025 22:13:38:	move motor	S18.axis2.piezo rotation to 0.348570deg	 DONE
16/10/2025 22:13:39:	41	count	time	3.000000s/cts	O Det=1	H Det=36	Mon Det=7287	Aux Det=32	O+H=69	 DONE
16/10/2025 22:13:44:	move motor	S18.axis2.piezo rotation to 0.348630deg	 DONE
16/10/2025 22:13:45:	42	count	time	3.000000s/cts	O Det=4	H Det=40	Mon Det=6923	Aux Det=25	O+H=69	 DONE
16/10/2025 22:13:50:	move motor	S18.axis2.piezo rotation to 0.348690deg	 DONE
16/10/2025 22:13:51:	43	count	time	3.000000s/cts	O Det=0	H Det=31	Mon Det=7254	Aux Det=29	O+H=60	 DONE
16/10/2025 22:13:55:	move motor	S18.axis2.piezo rotation to 0.348750deg	 DONE
16/10/2025 22:13:57:	44	count	time	3.000000s/cts	O Det=0	H Det=23	Mon Det=7201	Aux Det=28	O+H=51	 DONE
16/10/2025 22:14:01:	move motor	S18.axis2.piezo rotation to 0.348810deg	 DONE
16/10/2025 22:14:02:	45	count	time	3.000000s/cts	O Det=1	H Det=25	Mon Det=7161	Aux Det=31	O+H=57	 DONE
16/10/2025 22:14:07:	move motor	S18.axis2.piezo rotation to 0.348870deg	 DONE
16/10/2025 22:14:08:	46	count	time	3.000000s/cts	O Det=0	H Det=18	Mon Det=7060	Aux Det=21	O+H=39	 DONE
16/10/2025 22:14:13:	move motor	S18.axis2.piezo rotation to 0.348930deg	 DONE
16/10/2025 22:14:14:	47	count	time	3.000000s/cts	O Det=1	H Det=14	Mon Det=7166	Aux Det=19	O+H=34	 DONE
16/10/2025 22:14:19:	move motor	S18.axis2.piezo rotation to 0.348990deg	 DONE
16/10/2025 22:14:20:	48	count	time	3.000000s/cts	O Det=0	H Det=16	Mon Det=7262	Aux Det=24	O+H=40	 DONE
16/10/2025 22:14:25:	move motor	S18.axis2.piezo rotation to 0.349050deg	 DONE
16/10/2025 22:14:26:	49	count	time	3.000000s/cts	O Det=0	H Det=20	Mon Det=7312	Aux Det=21	O+H=41	 DONE
16/10/2025 22:14:30:	move motor	S18.axis2.piezo rotation to 0.349110deg	 DONE
16/10/2025 22:14:32:	50	count	time	3.000000s/cts	O Det=0	H Det=13	Mon Det=7142	Aux Det=21	O+H=34	 DONE
16/10/2025 22:14:37:	close file and end scan	 DONE
16/10/2025 22:14:37:	move motor	S18.axis2.piezo rotation to fit SUM PEAK60	0.347547reached 0.34755  DONE
16/10/2025 22:14:41:	END OF SCRIPT	 DONE
