20/10/2025 07:06:39:	start execution of script D:\data\Cycle 198\exp_3-16-19\rawdata\sc\rocking.sc	 DONE
20/10/2025 07:06:39:	move motor	S18.axis2.piezo rotation to 0.246116deg	 DONE
20/10/2025 07:06:43:	create file	D:\data\Cycle 198\exp_3-16-19\rawdata\sc\rocking_20Oct0706.dat	 DONE
room to enter remarks DONE
20/10/2025 07:06:45:	move motor	S18.axis2.piezo rotation to 0.346116deg	 DONE
20/10/2025 07:06:47:	1	count	time	3.000000s/cts	O Det=0	H Det=14	Mon Det=7267	Aux Det=18	O+H=32	 DONE
20/10/2025 07:06:52:	move motor	S18.axis2.piezo rotation to 0.346176deg	 DONE
20/10/2025 07:06:56:	2	count	time	3.000000s/cts	O Det=0	H Det=24	Mon Det=7300	Aux Det=38	O+H=62	 DONE
20/10/2025 07:07:01:	move motor	S18.axis2.piezo rotation to 0.346236deg	 DONE
20/10/2025 07:07:02:	3	count	time	3.000000s/cts	O Det=0	H Det=30	Mon Det=7276	Aux Det=35	O+H=65	 DONE
20/10/2025 07:07:07:	move motor	S18.axis2.piezo rotation to 0.346296deg	 DONE
20/10/2025 07:07:08:	4	count	time	3.000000s/cts	O Det=2	H Det=23	Mon Det=7340	Aux Det=39	O+H=64	 DONE
20/10/2025 07:07:13:	move motor	S18.axis2.piezo rotation to 0.346356deg	 DONE
20/10/2025 07:07:14:	5	count	time	3.000000s/cts	O Det=3	H Det=35	Mon Det=7190	Aux Det=42	O+H=80	 DONE
20/10/2025 07:07:19:	move motor	S18.axis2.piezo rotation to 0.346416deg	 DONE
20/10/2025 07:07:20:	6	count	time	3.000000s/cts	O Det=2	H Det=37	Mon Det=7230	Aux Det=43	O+H=82	 DONE
20/10/2025 07:07:25:	move motor	S18.axis2.piezo rotation to 0.346476deg	 DONE
20/10/2025 07:07:26:	7	count	time	3.000000s/cts	O Det=9	H Det=37	Mon Det=7219	Aux Det=54	O+H=100	 DONE
20/10/2025 07:07:31:	move motor	S18.axis2.piezo rotation to 0.346536deg	 DONE
20/10/2025 07:07:32:	8	count	time	3.000000s/cts	O Det=5	H Det=69	Mon Det=7312	Aux Det=67	O+H=141	 DONE
20/10/2025 07:07:37:	move motor	S18.axis2.piezo rotation to 0.346596deg	 DONE
20/10/2025 07:07:38:	9	count	time	3.000000s/cts	O Det=8	H Det=74	Mon Det=7221	Aux Det=81	O+H=163	 DONE
20/10/2025 07:07:43:	move motor	S18.axis2.piezo rotation to 0.346656deg	 DONE
20/10/2025 07:07:44:	10	count	time	3.000000s/cts	O Det=24	H Det=101	Mon Det=7352	Aux Det=127	O+H=252	 DONE
20/10/2025 07:07:49:	move motor	S18.axis2.piezo rotation to 0.346716deg	 DONE
20/10/2025 07:07:50:	11	count	time	3.000000s/cts	O Det=22	H Det=104	Mon Det=7251	Aux Det=142	O+H=268	 DONE
20/10/2025 07:07:55:	move motor	S18.axis2.piezo rotation to 0.346776deg	 DONE
20/10/2025 07:07:56:	12	count	time	3.000000s/cts	O Det=16	H Det=111	Mon Det=7291	Aux Det=139	O+H=266	 DONE
20/10/2025 07:08:00:	move motor	S18.axis2.piezo rotation to 0.346836deg	 DONE
20/10/2025 07:08:02:	13	count	time	3.000000s/cts	O Det=36	H Det=105	Mon Det=7406	Aux Det=134	O+H=275	 DONE
20/10/2025 07:08:06:	move motor	S18.axis2.piezo rotation to 0.346896deg	 DONE
20/10/2025 07:08:08:	14	count	time	3.000000s/cts	O Det=45	H Det=127	Mon Det=7337	Aux Det=170	O+H=342	 DONE
20/10/2025 07:08:12:	move motor	S18.axis2.piezo rotation to 0.346956deg	 DONE
20/10/2025 07:08:14:	15	count	time	3.000000s/cts	O Det=94	H Det=114	Mon Det=7380	Aux Det=182	O+H=390	 DONE
20/10/2025 07:08:18:	move motor	S18.axis2.piezo rotation to 0.347016deg	 DONE
20/10/2025 07:08:20:	16	count	time	3.000000s/cts	O Det=135	H Det=153	Mon Det=7182	Aux Det=201	O+H=489	 DONE
20/10/2025 07:08:24:	move motor	S18.axis2.piezo rotation to 0.347076deg	 DONE
20/10/2025 07:08:26:	17	count	time	3.000000s/cts	O Det=247	H Det=154	Mon Det=7377	Aux Det=281	O+H=682	 DONE
20/10/2025 07:08:30:	move motor	S18.axis2.piezo rotation to 0.347136deg	 DONE
20/10/2025 07:08:32:	18	count	time	3.000000s/cts	O Det=405	H Det=168	Mon Det=7331	Aux Det=293	O+H=866	 DONE
20/10/2025 07:08:36:	move motor	S18.axis2.piezo rotation to 0.347196deg	 DONE
20/10/2025 07:08:38:	19	count	time	3.000000s/cts	O Det=434	H Det=170	Mon Det=7277	Aux Det=355	O+H=959	 DONE
20/10/2025 07:08:42:	move motor	S18.axis2.piezo rotation to 0.347256deg	 DONE
20/10/2025 07:08:44:	20	count	time	3.000000s/cts	O Det=548	H Det=199	Mon Det=7278	Aux Det=469	O+H=1216	 DONE
20/10/2025 07:08:48:	move motor	S18.axis2.piezo rotation to 0.347316deg	 DONE
20/10/2025 07:08:50:	21	count	time	3.000000s/cts	O Det=572	H Det=225	Mon Det=7293	Aux Det=519	O+H=1316	 DONE
20/10/2025 07:08:55:	move motor	S18.axis2.piezo rotation to 0.347376deg	 DONE
20/10/2025 07:08:56:	22	count	time	3.000000s/cts	O Det=609	H Det=239	Mon Det=7275	Aux Det=510	O+H=1358	 DONE
20/10/2025 07:09:01:	move motor	S18.axis2.piezo rotation to 0.347436deg	 DONE
20/10/2025 07:09:02:	23	count	time	3.000000s/cts	O Det=561	H Det=253	Mon Det=7328	Aux Det=496	O+H=1310	 DONE
20/10/2025 07:09:07:	move motor	S18.axis2.piezo rotation to 0.347496deg	 DONE
20/10/2025 07:09:08:	24	count	time	3.000000s/cts	O Det=452	H Det=217	Mon Det=7337	Aux Det=385	O+H=1054	 DONE
20/10/2025 07:09:13:	move motor	S18.axis2.piezo rotation to 0.347556deg	 DONE
20/10/2025 07:09:14:	25	count	time	3.000000s/cts	O Det=483	H Det=224	Mon Det=7122	Aux Det=276	O+H=983	 DONE
20/10/2025 07:09:19:	move motor	S18.axis2.piezo rotation to 0.347616deg	 DONE
20/10/2025 07:09:20:	26	count	time	3.000000s/cts	O Det=301	H Det=186	Mon Det=7213	Aux Det=210	O+H=697	 DONE
20/10/2025 07:09:25:	move motor	S18.axis2.piezo rotation to 0.347676deg	 DONE
20/10/2025 07:09:26:	27	count	time	3.000000s/cts	O Det=192	H Det=179	Mon Det=7381	Aux Det=186	O+H=557	 DONE
20/10/2025 07:09:31:	move motor	S18.axis2.piezo rotation to 0.347736deg	 DONE
20/10/2025 07:09:33:	28	count	time	3.000000s/cts	O Det=126	H Det=138	Mon Det=7367	Aux Det=166	O+H=430	 DONE
20/10/2025 07:09:37:	move motor	S18.axis2.piezo rotation to 0.347796deg	 DONE
20/10/2025 07:09:39:	29	count	time	3.000000s/cts	O Det=60	H Det=124	Mon Det=7243	Aux Det=137	O+H=321	 DONE
20/10/2025 07:09:43:	move motor	S18.axis2.piezo rotation to 0.347856deg	 DONE
20/10/2025 07:09:45:	30	count	time	3.000000s/cts	O Det=40	H Det=114	Mon Det=7334	Aux Det=111	O+H=265	 DONE
20/10/2025 07:09:49:	move motor	S18.axis2.piezo rotation to 0.347916deg	 DONE
20/10/2025 07:09:51:	31	count	time	3.000000s/cts	O Det=25	H Det=101	Mon Det=7479	Aux Det=109	O+H=235	 DONE
20/10/2025 07:09:55:	move motor	S18.axis2.piezo rotation to 0.347976deg	 DONE
20/10/2025 07:09:57:	32	count	time	3.000000s/cts	O Det=14	H Det=74	Mon Det=7273	Aux Det=94	O+H=182	 DONE
20/10/2025 07:10:02:	move motor	S18.axis2.piezo rotation to 0.348036deg	 DONE
20/10/2025 07:10:03:	33	count	time	3.000000s/cts	O Det=11	H Det=68	Mon Det=7356	Aux Det=74	O+H=153	 DONE
20/10/2025 07:10:08:	move motor	S18.axis2.piezo rotation to 0.348096deg	 DONE
20/10/2025 07:10:09:	34	count	time	3.000000s/cts	O Det=5	H Det=60	Mon Det=7341	Aux Det=56	O+H=121	 DONE
20/10/2025 07:10:14:	move motor	S18.axis2.piezo rotation to 0.348156deg	 DONE
20/10/2025 07:10:15:	35	count	time	3.000000s/cts	O Det=6	H Det=45	Mon Det=7183	Aux Det=70	O+H=121	 DONE
20/10/2025 07:10:20:	move motor	S18.axis2.piezo rotation to 0.348216deg	 DONE
20/10/2025 07:10:21:	36	count	time	3.000000s/cts	O Det=6	H Det=46	Mon Det=7369	Aux Det=64	O+H=116	 DONE
20/10/2025 07:10:26:	move motor	S18.axis2.piezo rotation to 0.348276deg	 DONE
20/10/2025 07:10:27:	37	count	time	3.000000s/cts	O Det=2	H Det=30	Mon Det=7315	Aux Det=45	O+H=77	 DONE
20/10/2025 07:10:32:	move motor	S18.axis2.piezo rotation to 0.348336deg	 DONE
20/10/2025 07:10:33:	38	count	time	3.000000s/cts	O Det=2	H Det=49	Mon Det=7276	Aux Det=39	O+H=90	 DONE
20/10/2025 07:10:37:	move motor	S18.axis2.piezo rotation to 0.348396deg	 DONE
20/10/2025 07:10:39:	39	count	time	3.000000s/cts	O Det=2	H Det=36	Mon Det=7351	Aux Det=50	O+H=88	 DONE
20/10/2025 07:10:43:	move motor	S18.axis2.piezo rotation to 0.348456deg	 DONE
20/10/2025 07:10:45:	40	count	time	3.000000s/cts	O Det=1	H Det=28	Mon Det=7380	Aux Det=36	O+H=65	 DONE
20/10/2025 07:10:49:	move motor	S18.axis2.piezo rotation to 0.348516deg	 DONE
20/10/2025 07:10:51:	41	count	time	3.000000s/cts	O Det=2	H Det=16	Mon Det=7142	Aux Det=28	O+H=46	 DONE
20/10/2025 07:10:55:	move motor	S18.axis2.piezo rotation to 0.348576deg	 DONE
20/10/2025 07:10:57:	42	count	time	3.000000s/cts	O Det=1	H Det=23	Mon Det=7302	Aux Det=31	O+H=55	 DONE
20/10/2025 07:11:01:	move motor	S18.axis2.piezo rotation to 0.348636deg	 DONE
20/10/2025 07:11:03:	43	count	time	3.000000s/cts	O Det=2	H Det=17	Mon Det=7112	Aux Det=21	O+H=40	 DONE
20/10/2025 07:11:07:	move motor	S18.axis2.piezo rotation to 0.348696deg	 DONE
20/10/2025 07:11:09:	44	count	time	3.000000s/cts	O Det=2	H Det=22	Mon Det=7300	Aux Det=19	O+H=43	 DONE
20/10/2025 07:11:13:	move motor	S18.axis2.piezo rotation to 0.348756deg	 DONE
20/10/2025 07:11:15:	45	count	time	3.000000s/cts	O Det=3	H Det=19	Mon Det=7281	Aux Det=29	O+H=51	 DONE
20/10/2025 07:11:19:	move motor	S18.axis2.piezo rotation to 0.348816deg	 DONE
20/10/2025 07:11:21:	46	count	time	3.000000s/cts	O Det=2	H Det=10	Mon Det=7366	Aux Det=25	O+H=37	 DONE
20/10/2025 07:11:26:	move motor	S18.axis2.piezo rotation to 0.348876deg	 DONE
20/10/2025 07:11:27:	47	count	time	3.000000s/cts	O Det=0	H Det=7	Mon Det=7369	Aux Det=17	O+H=24	 DONE
20/10/2025 07:11:32:	move motor	S18.axis2.piezo rotation to 0.348936deg	 DONE
20/10/2025 07:11:33:	48	count	time	3.000000s/cts	O Det=2	H Det=11	Mon Det=7203	Aux Det=24	O+H=37	 DONE
20/10/2025 07:11:38:	move motor	S18.axis2.piezo rotation to 0.348996deg	 DONE
20/10/2025 07:11:39:	49	count	time	3.000000s/cts	O Det=2	H Det=7	Mon Det=7284	Aux Det=15	O+H=24	 DONE
20/10/2025 07:11:44:	move motor	S18.axis2.piezo rotation to 0.349056deg	 DONE
20/10/2025 07:11:46:	50	count	time	3.000000s/cts	O Det=1	H Det=11	Mon Det=7225	Aux Det=22	O+H=34	 DONE
20/10/2025 07:11:50:	close file and end scan	 DONE
20/10/2025 07:11:51:	move motor	S18.axis2.piezo rotation to fit SUM PEAK60	0.347367reached 0.34737  DONE
20/10/2025 07:11:53:	END OF SCRIPT	 DONE
