09/10/2025 12:54:43:	start execution of script D:\data\Cycle 198\exp_3-16-19\rawdata\sc\rocking.sc	 DONE
09/10/2025 12:54:44:	move motor	S18.axis2.piezo rotation to 0.246215deg	 DONE
09/10/2025 12:54:48:	create file	D:\data\Cycle 198\exp_3-16-19\rawdata\sc\rocking_09Oct1254.dat	 DONE
room to enter remarks DONE
09/10/2025 12:54:49:	move motor	S18.axis2.piezo rotation to 0.346215deg	 DONE
09/10/2025 12:54:53:	1	count	time	3.000000s/cts	O Det=0	H Det=16	Mon Det=9130	Aux Det=25	O+H=41	 DONE
09/10/2025 12:54:58:	move motor	S18.axis2.piezo rotation to 0.346275deg	 DONE
09/10/2025 12:54:59:	2	count	time	3.000000s/cts	O Det=0	H Det=14	Mon Det=9181	Aux Det=22	O+H=36	 DONE
09/10/2025 12:55:04:	move motor	S18.axis2.piezo rotation to 0.346335deg	 DONE
09/10/2025 12:55:04:	3	count	time	3.000000s/cts	O Det=1	H Det=22	Mon Det=9165	Aux Det=20	O+H=43	 DONE
09/10/2025 12:55:09:	move motor	S18.axis2.piezo rotation to 0.346395deg	 DONE
09/10/2025 12:55:10:	4	count	time	3.000000s/cts	O Det=1	H Det=24	Mon Det=9155	Aux Det=25	O+H=50	 DONE
09/10/2025 12:55:15:	move motor	S18.axis2.piezo rotation to 0.346455deg	 DONE
09/10/2025 12:55:17:	5	count	time	3.000000s/cts	O Det=2	H Det=14	Mon Det=9176	Aux Det=24	O+H=40	 DONE
09/10/2025 12:55:21:	move motor	S18.axis2.piezo rotation to 0.346515deg	 DONE
09/10/2025 12:55:23:	6	count	time	3.000000s/cts	O Det=1	H Det=15	Mon Det=9223	Aux Det=35	O+H=51	 DONE
09/10/2025 12:55:27:	move motor	S18.axis2.piezo rotation to 0.346575deg	 DONE
09/10/2025 12:55:29:	7	count	time	3.000000s/cts	O Det=0	H Det=23	Mon Det=9144	Aux Det=35	O+H=58	 DONE
09/10/2025 12:55:33:	move motor	S18.axis2.piezo rotation to 0.346635deg	 DONE
09/10/2025 12:55:35:	8	count	time	3.000000s/cts	O Det=1	H Det=26	Mon Det=9212	Aux Det=37	O+H=64	 DONE
09/10/2025 12:55:39:	move motor	S18.axis2.piezo rotation to 0.346695deg	 DONE
09/10/2025 12:55:41:	9	count	time	3.000000s/cts	O Det=3	H Det=36	Mon Det=9222	Aux Det=34	O+H=73	 DONE
09/10/2025 12:55:46:	move motor	S18.axis2.piezo rotation to 0.346755deg	 DONE
09/10/2025 12:55:48:	10	count	time	3.000000s/cts	O Det=1	H Det=35	Mon Det=9192	Aux Det=47	O+H=83	 DONE
09/10/2025 12:55:53:	move motor	S18.axis2.piezo rotation to 0.346815deg	 DONE
09/10/2025 12:55:54:	11	count	time	3.000000s/cts	O Det=3	H Det=35	Mon Det=9269	Aux Det=60	O+H=98	 DONE
09/10/2025 12:55:59:	move motor	S18.axis2.piezo rotation to 0.346875deg	 DONE
09/10/2025 12:56:00:	12	count	time	3.000000s/cts	O Det=2	H Det=47	Mon Det=9285	Aux Det=42	O+H=91	 DONE
09/10/2025 12:56:05:	move motor	S18.axis2.piezo rotation to 0.346935deg	 DONE
09/10/2025 12:56:07:	13	count	time	3.000000s/cts	O Det=2	H Det=55	Mon Det=9289	Aux Det=72	O+H=129	 DONE
09/10/2025 12:56:12:	move motor	S18.axis2.piezo rotation to 0.346995deg	 DONE
09/10/2025 12:56:13:	14	count	time	3.000000s/cts	O Det=4	H Det=66	Mon Det=9329	Aux Det=75	O+H=145	 DONE
09/10/2025 12:56:18:	move motor	S18.axis2.piezo rotation to 0.347055deg	 DONE
09/10/2025 12:56:19:	15	count	time	3.000000s/cts	O Det=24	H Det=68	Mon Det=9215	Aux Det=94	O+H=186	 DONE
09/10/2025 12:56:24:	move motor	S18.axis2.piezo rotation to 0.347115deg	 DONE
09/10/2025 12:56:25:	16	count	time	3.000000s/cts	O Det=30	H Det=84	Mon Det=9201	Aux Det=169	O+H=283	 DONE
09/10/2025 12:56:30:	move motor	S18.axis2.piezo rotation to 0.347175deg	 DONE
09/10/2025 12:56:31:	17	count	time	3.000000s/cts	O Det=23	H Det=111	Mon Det=9232	Aux Det=123	O+H=257	 DONE
09/10/2025 12:56:36:	move motor	S18.axis2.piezo rotation to 0.347235deg	 DONE
09/10/2025 12:56:37:	18	count	time	3.000000s/cts	O Det=8	H Det=107	Mon Det=9122	Aux Det=145	O+H=260	 DONE
09/10/2025 12:56:42:	move motor	S18.axis2.piezo rotation to 0.347295deg	 DONE
09/10/2025 12:56:43:	19	count	time	3.000000s/cts	O Det=13	H Det=165	Mon Det=9211	Aux Det=184	O+H=362	 DONE
09/10/2025 12:56:48:	move motor	S18.axis2.piezo rotation to 0.347355deg	 DONE
09/10/2025 12:56:49:	20	count	time	3.000000s/cts	O Det=27	H Det=187	Mon Det=9430	Aux Det=226	O+H=440	 DONE
09/10/2025 12:56:54:	move motor	S18.axis2.piezo rotation to 0.347415deg	 DONE
09/10/2025 12:56:55:	21	count	time	3.000000s/cts	O Det=27	H Det=219	Mon Det=9268	Aux Det=315	O+H=561	 DONE
09/10/2025 12:57:00:	move motor	S18.axis2.piezo rotation to 0.347475deg	 DONE
09/10/2025 12:57:01:	22	count	time	3.000000s/cts	O Det=66	H Det=259	Mon Det=9204	Aux Det=380	O+H=705	 DONE
09/10/2025 12:57:06:	move motor	S18.axis2.piezo rotation to 0.347535deg	 DONE
09/10/2025 12:57:07:	23	count	time	3.000000s/cts	O Det=85	H Det=284	Mon Det=9369	Aux Det=483	O+H=852	 DONE
09/10/2025 12:57:11:	move motor	S18.axis2.piezo rotation to 0.347595deg	 DONE
09/10/2025 12:57:12:	24	count	time	3.000000s/cts	O Det=114	H Det=311	Mon Det=9149	Aux Det=734	O+H=1159	 DONE
09/10/2025 12:57:17:	move motor	S18.axis2.piezo rotation to 0.347655deg	 DONE
09/10/2025 12:57:18:	25	count	time	3.000000s/cts	O Det=176	H Det=285	Mon Det=9124	Aux Det=1047	O+H=1508	 DONE
09/10/2025 12:57:23:	move motor	S18.axis2.piezo rotation to 0.347715deg	 DONE
09/10/2025 12:57:24:	26	count	time	3.000000s/cts	O Det=166	H Det=254	Mon Det=9447	Aux Det=1166	O+H=1586	 DONE
09/10/2025 12:57:29:	move motor	S18.axis2.piezo rotation to 0.347775deg	 DONE
09/10/2025 12:57:30:	27	count	time	3.000000s/cts	O Det=221	H Det=245	Mon Det=9230	Aux Det=1226	O+H=1692	 DONE
09/10/2025 12:57:35:	move motor	S18.axis2.piezo rotation to 0.347835deg	 DONE
09/10/2025 12:57:36:	28	count	time	3.000000s/cts	O Det=213	H Det=218	Mon Det=9085	Aux Det=1204	O+H=1635	 DONE
09/10/2025 12:57:41:	move motor	S18.axis2.piezo rotation to 0.347895deg	 DONE
09/10/2025 12:57:42:	29	count	time	3.000000s/cts	O Det=181	H Det=185	Mon Det=9333	Aux Det=1009	O+H=1375	 DONE
09/10/2025 12:57:47:	move motor	S18.axis2.piezo rotation to 0.347955deg	 DONE
09/10/2025 12:57:48:	30	count	time	3.000000s/cts	O Det=117	H Det=206	Mon Det=9218	Aux Det=765	O+H=1088	 DONE
09/10/2025 12:57:53:	move motor	S18.axis2.piezo rotation to 0.348015deg	 DONE
09/10/2025 12:57:54:	31	count	time	3.000000s/cts	O Det=88	H Det=190	Mon Det=9170	Aux Det=513	O+H=791	 DONE
09/10/2025 12:57:59:	move motor	S18.axis2.piezo rotation to 0.348075deg	 DONE
09/10/2025 12:58:01:	32	count	time	3.000000s/cts	O Det=57	H Det=189	Mon Det=9203	Aux Det=338	O+H=584	 DONE
09/10/2025 12:58:05:	move motor	S18.axis2.piezo rotation to 0.348135deg	 DONE
09/10/2025 12:58:06:	33	count	time	3.000000s/cts	O Det=29	H Det=160	Mon Det=9133	Aux Det=244	O+H=433	 DONE
09/10/2025 12:58:11:	move motor	S18.axis2.piezo rotation to 0.348195deg	 DONE
09/10/2025 12:58:12:	34	count	time	3.000000s/cts	O Det=21	H Det=117	Mon Det=9172	Aux Det=212	O+H=350	 DONE
09/10/2025 12:58:17:	move motor	S18.axis2.piezo rotation to 0.348255deg	 DONE
09/10/2025 12:58:18:	35	count	time	3.000000s/cts	O Det=12	H Det=103	Mon Det=9368	Aux Det=149	O+H=264	 DONE
09/10/2025 12:58:23:	move motor	S18.axis2.piezo rotation to 0.348315deg	 DONE
09/10/2025 12:58:24:	36	count	time	3.000000s/cts	O Det=12	H Det=70	Mon Det=9314	Aux Det=134	O+H=216	 DONE
09/10/2025 12:58:29:	move motor	S18.axis2.piezo rotation to 0.348375deg	 DONE
09/10/2025 12:58:30:	37	count	time	3.000000s/cts	O Det=7	H Det=87	Mon Det=9170	Aux Det=96	O+H=190	 DONE
09/10/2025 12:58:34:	move motor	S18.axis2.piezo rotation to 0.348435deg	 DONE
09/10/2025 12:58:36:	38	count	time	3.000000s/cts	O Det=2	H Det=60	Mon Det=9223	Aux Det=84	O+H=146	 DONE
09/10/2025 12:58:40:	move motor	S18.axis2.piezo rotation to 0.348495deg	 DONE
09/10/2025 12:58:41:	39	count	time	3.000000s/cts	O Det=2	H Det=53	Mon Det=9235	Aux Det=71	O+H=126	 DONE
09/10/2025 12:58:46:	move motor	S18.axis2.piezo rotation to 0.348555deg	 DONE
09/10/2025 12:58:48:	40	count	time	3.000000s/cts	O Det=6	H Det=42	Mon Det=9057	Aux Det=60	O+H=108	 DONE
09/10/2025 12:58:52:	move motor	S18.axis2.piezo rotation to 0.348615deg	 DONE
09/10/2025 12:58:54:	41	count	time	3.000000s/cts	O Det=2	H Det=50	Mon Det=9056	Aux Det=67	O+H=119	 DONE
09/10/2025 12:58:58:	move motor	S18.axis2.piezo rotation to 0.348675deg	 DONE
09/10/2025 12:59:00:	42	count	time	3.000000s/cts	O Det=1	H Det=36	Mon Det=9309	Aux Det=41	O+H=78	 DONE
09/10/2025 12:59:05:	move motor	S18.axis2.piezo rotation to 0.348735deg	 DONE
09/10/2025 12:59:06:	43	count	time	3.000000s/cts	O Det=1	H Det=32	Mon Det=9317	Aux Det=43	O+H=76	 DONE
09/10/2025 12:59:11:	move motor	S18.axis2.piezo rotation to 0.348795deg	 DONE
09/10/2025 12:59:13:	44	count	time	3.000000s/cts	O Det=1	H Det=18	Mon Det=9283	Aux Det=39	O+H=58	 DONE
09/10/2025 12:59:17:	move motor	S18.axis2.piezo rotation to 0.348855deg	 DONE
09/10/2025 12:59:19:	45	count	time	3.000000s/cts	O Det=0	H Det=19	Mon Det=9323	Aux Det=39	O+H=58	 DONE
09/10/2025 12:59:23:	move motor	S18.axis2.piezo rotation to 0.348915deg	 DONE
09/10/2025 12:59:25:	46	count	time	3.000000s/cts	O Det=2	H Det=30	Mon Det=9117	Aux Det=35	O+H=67	 DONE
09/10/2025 12:59:29:	move motor	S18.axis2.piezo rotation to 0.348975deg	 DONE
09/10/2025 12:59:31:	47	count	time	3.000000s/cts	O Det=0	H Det=23	Mon Det=9053	Aux Det=29	O+H=52	 DONE
09/10/2025 12:59:35:	move motor	S18.axis2.piezo rotation to 0.349035deg	 DONE
09/10/2025 12:59:37:	48	count	time	3.000000s/cts	O Det=2	H Det=14	Mon Det=9286	Aux Det=20	O+H=36	 DONE
09/10/2025 12:59:41:	move motor	S18.axis2.piezo rotation to 0.349095deg	 DONE
09/10/2025 12:59:43:	49	count	time	3.000000s/cts	O Det=3	H Det=17	Mon Det=9205	Aux Det=33	O+H=53	 DONE
09/10/2025 12:59:47:	move motor	S18.axis2.piezo rotation to 0.349155deg	 DONE
09/10/2025 12:59:51:	50	count	time	3.000000s/cts	O Det=1	H Det=18	Mon Det=9244	Aux Det=20	O+H=39	 DONE
09/10/2025 12:59:55:	move motor	S18.axis2.piezo rotation to 0.349215deg	 DONE
09/10/2025 12:59:57:	51	count	time	3.000000s/cts	O Det=1	H Det=11	Mon Det=9166	Aux Det=25	O+H=37	 DONE
09/10/2025 13:00:01:	move motor	S18.axis2.piezo rotation to 0.349275deg	 DONE
09/10/2025 13:00:03:	52	count	time	3.000000s/cts	O Det=3	H Det=23	Mon Det=9192	Aux Det=26	O+H=52	 DONE
09/10/2025 13:00:07:	move motor	S18.axis2.piezo rotation to 0.349335deg	 DONE
09/10/2025 13:00:09:	53	count	time	3.000000s/cts	O Det=0	H Det=14	Mon Det=9289	Aux Det=16	O+H=30	 DONE
09/10/2025 13:00:14:	move motor	S18.axis2.piezo rotation to 0.349395deg	 DONE
09/10/2025 13:00:16:	54	count	time	3.000000s/cts	O Det=1	H Det=9	Mon Det=9119	Aux Det=17	O+H=27	 DONE
09/10/2025 13:00:20:	move motor	S18.axis2.piezo rotation to 0.349455deg	 DONE
09/10/2025 13:00:22:	55	count	time	3.000000s/cts	O Det=1	H Det=5	Mon Det=9210	Aux Det=17	O+H=23	 DONE
09/10/2025 13:00:27:	move motor	S18.axis2.piezo rotation to 0.349515deg	 DONE
09/10/2025 13:00:28:	56	count	time	3.000000s/cts	O Det=0	H Det=10	Mon Det=9108	Aux Det=19	O+H=29	 DONE
09/10/2025 13:00:33:	move motor	S18.axis2.piezo rotation to 0.349575deg	 DONE
09/10/2025 13:00:34:	57	count	time	3.000000s/cts	O Det=1	H Det=10	Mon Det=9172	Aux Det=17	O+H=28	 DONE
09/10/2025 13:00:39:	move motor	S18.axis2.piezo rotation to 0.349635deg	 DONE
09/10/2025 13:00:40:	58	count	time	3.000000s/cts	O Det=1	H Det=10	Mon Det=9308	Aux Det=19	O+H=30	 DONE
09/10/2025 13:00:45:	move motor	S18.axis2.piezo rotation to 0.349695deg	 DONE
09/10/2025 13:00:46:	59	count	time	3.000000s/cts	O Det=3	H Det=11	Mon Det=9242	Aux Det=4	O+H=18	 DONE
09/10/2025 13:00:51:	move motor	S18.axis2.piezo rotation to 0.349755deg	 DONE
09/10/2025 13:00:52:	60	count	time	3.000000s/cts	O Det=0	H Det=7	Mon Det=9180	Aux Det=11	O+H=18	 DONE
09/10/2025 13:00:57:	close file and end scan	 DONE
09/10/2025 13:00:57:	move motor	S18.axis2.piezo rotation to fit SUM PEAK60	0.347767reached 0.34777  DONE
09/10/2025 13:01:00:	END OF SCRIPT	 DONE
