03/10/2025 12:19:53:	start execution of script D:\data\Cycle 198\exp_3-16-19\rawdata\sc\rocking.sc	 DONE
03/10/2025 12:19:54:	move motor	S18.axis2.piezo rotation to -0.246770deg	 DONE
03/10/2025 12:19:57:	create file	D:\data\Cycle 198\exp_3-16-19\rawdata\sc\rocking_03Oct1219.dat	 DONE
room to enter remarks DONE
03/10/2025 12:19:58:	move motor	S18.axis2.piezo rotation to -0.146770deg	 DONE
03/10/2025 12:20:02:	1	count	time	5.000000s/cts	O Det=0	H Det=51	Mon Det=11290	Aux Det=2	O+H=53	 DONE
03/10/2025 12:20:09:	move motor	S18.axis2.piezo rotation to -0.146710deg	 DONE
03/10/2025 12:20:12:	2	count	time	5.000000s/cts	O Det=2	H Det=25	Mon Det=11555	Aux Det=4	O+H=31	 DONE
03/10/2025 12:20:19:	move motor	S18.axis2.piezo rotation to -0.146650deg	 DONE
03/10/2025 12:20:19:	3	count	time	5.000000s/cts	O Det=3	H Det=34	Mon Det=11483	Aux Det=5	O+H=42	 DONE
03/10/2025 12:20:26:	move motor	S18.axis2.piezo rotation to -0.146590deg	 DONE
03/10/2025 12:20:27:	4	count	time	5.000000s/cts	O Det=1	H Det=35	Mon Det=11274	Aux Det=3	O+H=39	 DONE
03/10/2025 12:20:34:	move motor	S18.axis2.piezo rotation to -0.146530deg	 DONE
03/10/2025 12:20:35:	5	count	time	5.000000s/cts	O Det=0	H Det=41	Mon Det=11563	Aux Det=6	O+H=47	 DONE
03/10/2025 12:20:42:	move motor	S18.axis2.piezo rotation to -0.146470deg	 DONE
03/10/2025 12:20:43:	6	count	time	5.000000s/cts	O Det=3	H Det=44	Mon Det=11454	Aux Det=3	O+H=50	 DONE
03/10/2025 12:20:50:	move motor	S18.axis2.piezo rotation to -0.146410deg	 DONE
03/10/2025 12:20:52:	7	count	time	5.000000s/cts	O Det=3	H Det=48	Mon Det=11605	Aux Det=4	O+H=55	 DONE
03/10/2025 12:20:58:	move motor	S18.axis2.piezo rotation to -0.146350deg	 DONE
03/10/2025 12:21:00:	8	count	time	5.000000s/cts	O Det=1	H Det=44	Mon Det=11570	Aux Det=4	O+H=49	 DONE
03/10/2025 12:21:07:	move motor	S18.axis2.piezo rotation to -0.146290deg	 DONE
03/10/2025 12:21:08:	9	count	time	5.000000s/cts	O Det=1	H Det=50	Mon Det=11452	Aux Det=3	O+H=54	 DONE
03/10/2025 12:21:14:	move motor	S18.axis2.piezo rotation to -0.146230deg	 DONE
03/10/2025 12:21:16:	10	count	time	5.000000s/cts	O Det=4	H Det=62	Mon Det=11523	Aux Det=6	O+H=72	 DONE
03/10/2025 12:21:22:	move motor	S18.axis2.piezo rotation to -0.146170deg	 DONE
03/10/2025 12:21:23:	11	count	time	5.000000s/cts	O Det=0	H Det=77	Mon Det=11416	Aux Det=5	O+H=82	 DONE
03/10/2025 12:21:30:	move motor	S18.axis2.piezo rotation to -0.146110deg	 DONE
03/10/2025 12:21:31:	12	count	time	5.000000s/cts	O Det=0	H Det=86	Mon Det=11480	Aux Det=3	O+H=89	 DONE
03/10/2025 12:21:38:	move motor	S18.axis2.piezo rotation to -0.146050deg	 DONE
03/10/2025 12:21:39:	13	count	time	5.000000s/cts	O Det=5	H Det=88	Mon Det=11472	Aux Det=1	O+H=94	 DONE
03/10/2025 12:21:46:	move motor	S18.axis2.piezo rotation to -0.145990deg	 DONE
03/10/2025 12:21:47:	14	count	time	5.000000s/cts	O Det=8	H Det=136	Mon Det=11540	Aux Det=4	O+H=148	 DONE
03/10/2025 12:21:54:	move motor	S18.axis2.piezo rotation to -0.145930deg	 DONE
03/10/2025 12:21:55:	15	count	time	5.000000s/cts	O Det=11	H Det=154	Mon Det=11477	Aux Det=19	O+H=184	 DONE
03/10/2025 12:22:02:	move motor	S18.axis2.piezo rotation to -0.145870deg	 DONE
03/10/2025 12:22:03:	16	count	time	5.000000s/cts	O Det=18	H Det=161	Mon Det=11537	Aux Det=44	O+H=223	 DONE
03/10/2025 12:22:09:	move motor	S18.axis2.piezo rotation to -0.145810deg	 DONE
03/10/2025 12:22:11:	17	count	time	5.000000s/cts	O Det=18	H Det=196	Mon Det=11366	Aux Det=35	O+H=249	 DONE
03/10/2025 12:22:17:	move motor	S18.axis2.piezo rotation to -0.145750deg	 DONE
03/10/2025 12:22:18:	18	count	time	5.000000s/cts	O Det=33	H Det=228	Mon Det=11577	Aux Det=15	O+H=276	 DONE
03/10/2025 12:22:25:	move motor	S18.axis2.piezo rotation to -0.145690deg	 DONE
03/10/2025 12:22:26:	19	count	time	5.000000s/cts	O Det=46	H Det=217	Mon Det=11442	Aux Det=6	O+H=269	 DONE
03/10/2025 12:22:33:	move motor	S18.axis2.piezo rotation to -0.145630deg	 DONE
03/10/2025 12:22:34:	20	count	time	5.000000s/cts	O Det=74	H Det=275	Mon Det=11373	Aux Det=23	O+H=372	 DONE
03/10/2025 12:22:41:	move motor	S18.axis2.piezo rotation to -0.145570deg	 DONE
03/10/2025 12:22:42:	21	count	time	5.000000s/cts	O Det=125	H Det=290	Mon Det=11603	Aux Det=58	O+H=473	 DONE
03/10/2025 12:22:49:	move motor	S18.axis2.piezo rotation to -0.145510deg	 DONE
03/10/2025 12:22:50:	22	count	time	5.000000s/cts	O Det=163	H Det=361	Mon Det=11567	Aux Det=127	O+H=651	 DONE
03/10/2025 12:22:56:	move motor	S18.axis2.piezo rotation to -0.145450deg	 DONE
03/10/2025 12:22:57:	23	count	time	5.000000s/cts	O Det=222	H Det=345	Mon Det=11540	Aux Det=233	O+H=800	 DONE
03/10/2025 12:23:04:	move motor	S18.axis2.piezo rotation to -0.145390deg	 DONE
03/10/2025 12:23:05:	24	count	time	5.000000s/cts	O Det=278	H Det=351	Mon Det=11465	Aux Det=372	O+H=1001	 DONE
03/10/2025 12:23:12:	move motor	S18.axis2.piezo rotation to -0.145330deg	 DONE
03/10/2025 12:23:13:	25	count	time	5.000000s/cts	O Det=353	H Det=358	Mon Det=11529	Aux Det=529	O+H=1240	 DONE
03/10/2025 12:23:20:	move motor	S18.axis2.piezo rotation to -0.145270deg	 DONE
03/10/2025 12:23:21:	26	count	time	5.000000s/cts	O Det=389	H Det=381	Mon Det=11586	Aux Det=649	O+H=1419	 DONE
03/10/2025 12:23:27:	move motor	S18.axis2.piezo rotation to -0.145210deg	 DONE
03/10/2025 12:23:29:	27	count	time	5.000000s/cts	O Det=394	H Det=384	Mon Det=11620	Aux Det=680	O+H=1458	 DONE
03/10/2025 12:23:35:	move motor	S18.axis2.piezo rotation to -0.145150deg	 DONE
03/10/2025 12:23:36:	28	count	time	5.000000s/cts	O Det=412	H Det=404	Mon Det=11590	Aux Det=708	O+H=1524	 DONE
03/10/2025 12:23:43:	move motor	S18.axis2.piezo rotation to -0.145090deg	 DONE
03/10/2025 12:23:44:	29	count	time	5.000000s/cts	O Det=408	H Det=376	Mon Det=11531	Aux Det=647	O+H=1431	 DONE
03/10/2025 12:23:51:	move motor	S18.axis2.piezo rotation to -0.145030deg	 DONE
03/10/2025 12:23:52:	30	count	time	5.000000s/cts	O Det=379	H Det=373	Mon Det=11526	Aux Det=561	O+H=1313	 DONE
03/10/2025 12:23:58:	move motor	S18.axis2.piezo rotation to -0.144970deg	 DONE
03/10/2025 12:24:00:	31	count	time	5.000000s/cts	O Det=305	H Det=368	Mon Det=11664	Aux Det=483	O+H=1156	 DONE
03/10/2025 12:24:06:	move motor	S18.axis2.piezo rotation to -0.144910deg	 DONE
03/10/2025 12:24:08:	32	count	time	5.000000s/cts	O Det=283	H Det=315	Mon Det=11457	Aux Det=302	O+H=900	 DONE
03/10/2025 12:24:14:	move motor	S18.axis2.piezo rotation to -0.144850deg	 DONE
03/10/2025 12:24:15:	33	count	time	5.000000s/cts	O Det=216	H Det=251	Mon Det=11409	Aux Det=204	O+H=671	 DONE
03/10/2025 12:24:22:	move motor	S18.axis2.piezo rotation to -0.144790deg	 DONE
03/10/2025 12:24:23:	34	count	time	5.000000s/cts	O Det=153	H Det=268	Mon Det=11299	Aux Det=127	O+H=548	 DONE
03/10/2025 12:24:30:	move motor	S18.axis2.piezo rotation to -0.144730deg	 DONE
03/10/2025 12:24:31:	35	count	time	5.000000s/cts	O Det=111	H Det=264	Mon Det=11632	Aux Det=55	O+H=430	 DONE
03/10/2025 12:24:37:	move motor	S18.axis2.piezo rotation to -0.144670deg	 DONE
03/10/2025 12:24:39:	36	count	time	5.000000s/cts	O Det=65	H Det=228	Mon Det=11668	Aux Det=11	O+H=304	 DONE
03/10/2025 12:24:45:	move motor	S18.axis2.piezo rotation to -0.144610deg	 DONE
03/10/2025 12:24:46:	37	count	time	5.000000s/cts	O Det=52	H Det=195	Mon Det=11594	Aux Det=10	O+H=257	 DONE
03/10/2025 12:24:53:	move motor	S18.axis2.piezo rotation to -0.144550deg	 DONE
03/10/2025 12:24:54:	38	count	time	5.000000s/cts	O Det=34	H Det=174	Mon Det=11413	Aux Det=5	O+H=213	 DONE
03/10/2025 12:25:00:	move motor	S18.axis2.piezo rotation to -0.144490deg	 DONE
03/10/2025 12:25:02:	39	count	time	5.000000s/cts	O Det=23	H Det=136	Mon Det=11745	Aux Det=5	O+H=164	 DONE
03/10/2025 12:25:08:	move motor	S18.axis2.piezo rotation to -0.144430deg	 DONE
03/10/2025 12:25:09:	40	count	time	5.000000s/cts	O Det=13	H Det=121	Mon Det=11422	Aux Det=7	O+H=141	 DONE
03/10/2025 12:25:16:	move motor	S18.axis2.piezo rotation to -0.144370deg	 DONE
03/10/2025 12:25:17:	41	count	time	5.000000s/cts	O Det=11	H Det=107	Mon Det=11512	Aux Det=4	O+H=122	 DONE
03/10/2025 12:25:24:	move motor	S18.axis2.piezo rotation to -0.144310deg	 DONE
03/10/2025 12:25:26:	42	count	time	5.000000s/cts	O Det=3	H Det=94	Mon Det=11634	Aux Det=3	O+H=100	 DONE
03/10/2025 12:25:32:	move motor	S18.axis2.piezo rotation to -0.144250deg	 DONE
03/10/2025 12:25:33:	43	count	time	5.000000s/cts	O Det=5	H Det=91	Mon Det=11465	Aux Det=4	O+H=100	 DONE
03/10/2025 12:25:40:	move motor	S18.axis2.piezo rotation to -0.144190deg	 DONE
03/10/2025 12:25:41:	44	count	time	5.000000s/cts	O Det=4	H Det=76	Mon Det=11693	Aux Det=3	O+H=83	 DONE
03/10/2025 12:25:48:	move motor	S18.axis2.piezo rotation to -0.144130deg	 DONE
03/10/2025 12:25:49:	45	count	time	5.000000s/cts	O Det=3	H Det=64	Mon Det=11267	Aux Det=2	O+H=69	 DONE
03/10/2025 12:25:56:	move motor	S18.axis2.piezo rotation to -0.144070deg	 DONE
03/10/2025 12:25:57:	46	count	time	5.000000s/cts	O Det=2	H Det=57	Mon Det=11400	Aux Det=5	O+H=64	 DONE
03/10/2025 12:26:04:	move motor	S18.axis2.piezo rotation to -0.144010deg	 DONE
03/10/2025 12:26:05:	47	count	time	5.000000s/cts	O Det=1	H Det=74	Mon Det=11457	Aux Det=3	O+H=78	 DONE
03/10/2025 12:26:12:	move motor	S18.axis2.piezo rotation to -0.143950deg	 DONE
03/10/2025 12:26:13:	48	count	time	5.000000s/cts	O Det=1	H Det=56	Mon Det=11350	Aux Det=2	O+H=59	 DONE
03/10/2025 12:26:20:	move motor	S18.axis2.piezo rotation to -0.143890deg	 DONE
03/10/2025 12:26:21:	49	count	time	5.000000s/cts	O Det=4	H Det=53	Mon Det=11752	Aux Det=2	O+H=59	 DONE
03/10/2025 12:26:27:	move motor	S18.axis2.piezo rotation to -0.143830deg	 DONE
03/10/2025 12:26:28:	50	count	time	5.000000s/cts	O Det=0	H Det=45	Mon Det=11535	Aux Det=5	O+H=50	 DONE
03/10/2025 12:26:35:	move motor	S18.axis2.piezo rotation to -0.143770deg	 DONE
03/10/2025 12:26:36:	51	count	time	5.000000s/cts	O Det=2	H Det=38	Mon Det=11481	Aux Det=1	O+H=41	 DONE
03/10/2025 12:26:43:	move motor	S18.axis2.piezo rotation to -0.143710deg	 DONE
03/10/2025 12:26:44:	52	count	time	5.000000s/cts	O Det=0	H Det=45	Mon Det=11560	Aux Det=2	O+H=47	 DONE
03/10/2025 12:26:51:	move motor	S18.axis2.piezo rotation to -0.143650deg	 DONE
03/10/2025 12:26:52:	53	count	time	5.000000s/cts	O Det=0	H Det=38	Mon Det=11554	Aux Det=4	O+H=42	 DONE
03/10/2025 12:26:59:	move motor	S18.axis2.piezo rotation to -0.143590deg	 DONE
03/10/2025 12:27:00:	54	count	time	5.000000s/cts	O Det=1	H Det=37	Mon Det=11452	Aux Det=3	O+H=41	 DONE
03/10/2025 12:27:06:	move motor	S18.axis2.piezo rotation to -0.143530deg	 DONE
03/10/2025 12:27:08:	55	count	time	5.000000s/cts	O Det=1	H Det=21	Mon Det=11620	Aux Det=2	O+H=24	 DONE
03/10/2025 12:27:15:	move motor	S18.axis2.piezo rotation to -0.143470deg	 DONE
03/10/2025 12:27:16:	56	count	time	5.000000s/cts	O Det=1	H Det=23	Mon Det=11565	Aux Det=2	O+H=26	 DONE
03/10/2025 12:27:22:	move motor	S18.axis2.piezo rotation to -0.143410deg	 DONE
03/10/2025 12:27:23:	57	count	time	5.000000s/cts	O Det=1	H Det=11	Mon Det=11730	Aux Det=2	O+H=14	 DONE
03/10/2025 12:27:30:	move motor	S18.axis2.piezo rotation to -0.143350deg	 DONE
03/10/2025 12:27:31:	58	count	time	5.000000s/cts	O Det=0	H Det=24	Mon Det=11486	Aux Det=2	O+H=26	 DONE
03/10/2025 12:27:38:	move motor	S18.axis2.piezo rotation to -0.143290deg	 DONE
03/10/2025 12:27:39:	59	count	time	5.000000s/cts	O Det=0	H Det=16	Mon Det=11491	Aux Det=4	O+H=20	 DONE
03/10/2025 12:27:46:	move motor	S18.axis2.piezo rotation to -0.143230deg	 DONE
03/10/2025 12:27:47:	60	count	time	5.000000s/cts	O Det=1	H Det=19	Mon Det=11440	Aux Det=3	O+H=23	 DONE
03/10/2025 12:27:53:	close file and end scan	 DONE
03/10/2025 12:27:54:	move motor	S18.axis2.piezo rotation to fit SUM PEAK60	-0.145164reached -0.14516  DONE
03/10/2025 12:27:58:	END OF SCRIPT	 DONE
