12/10/2025 05:28:56:	start execution of script D:\data\Cycle 198\exp_3-16-19\rawdata\sc\rocking.sc	 DONE
12/10/2025 05:28:57:	move motor	S18.axis2.piezo rotation to 0.246170deg	 DONE
12/10/2025 05:29:00:	create file	D:\data\Cycle 198\exp_3-16-19\rawdata\sc\rocking_12Oct0529.dat	 DONE
room to enter remarks DONE
12/10/2025 05:29:01:	move motor	S18.axis2.piezo rotation to 0.346170deg	 DONE
12/10/2025 05:29:05:	1	count	time	3.000000s/cts	O Det=0	H Det=17	Mon Det=9238	Aux Det=30	O+H=47	 DONE
12/10/2025 05:29:10:	move motor	S18.axis2.piezo rotation to 0.346230deg	 DONE
12/10/2025 05:29:13:	2	count	time	3.000000s/cts	O Det=3	H Det=17	Mon Det=9334	Aux Det=35	O+H=55	 DONE
12/10/2025 05:29:17:	move motor	S18.axis2.piezo rotation to 0.346290deg	 DONE
12/10/2025 05:29:19:	3	count	time	3.000000s/cts	O Det=4	H Det=36	Mon Det=9317	Aux Det=31	O+H=71	 DONE
12/10/2025 05:29:23:	move motor	S18.axis2.piezo rotation to 0.346350deg	 DONE
12/10/2025 05:29:25:	4	count	time	3.000000s/cts	O Det=2	H Det=32	Mon Det=9389	Aux Det=43	O+H=77	 DONE
12/10/2025 05:29:29:	move motor	S18.axis2.piezo rotation to 0.346410deg	 DONE
12/10/2025 05:29:31:	5	count	time	3.000000s/cts	O Det=1	H Det=35	Mon Det=9390	Aux Det=46	O+H=82	 DONE
12/10/2025 05:29:35:	move motor	S18.axis2.piezo rotation to 0.346470deg	 DONE
12/10/2025 05:29:37:	6	count	time	3.000000s/cts	O Det=1	H Det=30	Mon Det=9262	Aux Det=51	O+H=82	 DONE
12/10/2025 05:29:41:	move motor	S18.axis2.piezo rotation to 0.346530deg	 DONE
12/10/2025 05:29:42:	7	count	time	3.000000s/cts	O Det=1	H Det=45	Mon Det=9337	Aux Det=50	O+H=96	 DONE
12/10/2025 05:29:47:	move motor	S18.axis2.piezo rotation to 0.346590deg	 DONE
12/10/2025 05:29:48:	8	count	time	3.000000s/cts	O Det=4	H Det=41	Mon Det=9244	Aux Det=57	O+H=102	 DONE
12/10/2025 05:29:53:	move motor	S18.axis2.piezo rotation to 0.346650deg	 DONE
12/10/2025 05:29:54:	9	count	time	3.000000s/cts	O Det=3	H Det=51	Mon Det=9436	Aux Det=62	O+H=116	 DONE
12/10/2025 05:29:58:	move motor	S18.axis2.piezo rotation to 0.346710deg	 DONE
12/10/2025 05:30:00:	10	count	time	3.000000s/cts	O Det=7	H Det=49	Mon Det=9170	Aux Det=70	O+H=126	 DONE
12/10/2025 05:30:05:	move motor	S18.axis2.piezo rotation to 0.346770deg	 DONE
12/10/2025 05:30:06:	11	count	time	3.000000s/cts	O Det=8	H Det=65	Mon Det=9213	Aux Det=94	O+H=167	 DONE
12/10/2025 05:30:11:	move motor	S18.axis2.piezo rotation to 0.346830deg	 DONE
12/10/2025 05:30:12:	12	count	time	3.000000s/cts	O Det=10	H Det=82	Mon Det=9147	Aux Det=115	O+H=207	 DONE
12/10/2025 05:30:17:	move motor	S18.axis2.piezo rotation to 0.346890deg	 DONE
12/10/2025 05:30:18:	13	count	time	3.000000s/cts	O Det=26	H Det=99	Mon Det=9163	Aux Det=204	O+H=329	 DONE
12/10/2025 05:30:23:	move motor	S18.axis2.piezo rotation to 0.346950deg	 DONE
12/10/2025 05:30:24:	14	count	time	3.000000s/cts	O Det=16	H Det=115	Mon Det=9288	Aux Det=225	O+H=356	 DONE
12/10/2025 05:30:29:	move motor	S18.axis2.piezo rotation to 0.347010deg	 DONE
12/10/2025 05:30:30:	15	count	time	3.000000s/cts	O Det=24	H Det=137	Mon Det=9158	Aux Det=177	O+H=338	 DONE
12/10/2025 05:30:35:	move motor	S18.axis2.piezo rotation to 0.347070deg	 DONE
12/10/2025 05:30:36:	16	count	time	3.000000s/cts	O Det=35	H Det=150	Mon Det=9379	Aux Det=166	O+H=351	 DONE
12/10/2025 05:30:40:	move motor	S18.axis2.piezo rotation to 0.347130deg	 DONE
12/10/2025 05:30:43:	17	count	time	3.000000s/cts	O Det=61	H Det=151	Mon Det=9280	Aux Det=215	O+H=427	 DONE
12/10/2025 05:30:47:	move motor	S18.axis2.piezo rotation to 0.347190deg	 DONE
12/10/2025 05:30:48:	18	count	time	3.000000s/cts	O Det=97	H Det=178	Mon Det=9173	Aux Det=260	O+H=535	 DONE
12/10/2025 05:30:53:	move motor	S18.axis2.piezo rotation to 0.347250deg	 DONE
12/10/2025 05:30:54:	19	count	time	3.000000s/cts	O Det=201	H Det=214	Mon Det=9395	Aux Det=310	O+H=725	 DONE
12/10/2025 05:30:59:	move motor	S18.axis2.piezo rotation to 0.347310deg	 DONE
12/10/2025 05:31:01:	20	count	time	3.000000s/cts	O Det=323	H Det=273	Mon Det=9252	Aux Det=348	O+H=944	 DONE
12/10/2025 05:31:05:	move motor	S18.axis2.piezo rotation to 0.347370deg	 DONE
12/10/2025 05:31:06:	21	count	time	3.000000s/cts	O Det=377	H Det=334	Mon Det=9311	Aux Det=400	O+H=1111	 DONE
12/10/2025 05:31:11:	move motor	S18.axis2.piezo rotation to 0.347430deg	 DONE
12/10/2025 05:31:12:	22	count	time	3.000000s/cts	O Det=407	H Det=429	Mon Det=9153	Aux Det=529	O+H=1365	 DONE
12/10/2025 05:31:17:	move motor	S18.axis2.piezo rotation to 0.347490deg	 DONE
12/10/2025 05:31:18:	23	count	time	3.000000s/cts	O Det=453	H Det=507	Mon Det=9310	Aux Det=698	O+H=1658	 DONE
12/10/2025 05:31:23:	move motor	S18.axis2.piezo rotation to 0.347550deg	 DONE
12/10/2025 05:31:24:	24	count	time	3.000000s/cts	O Det=491	H Det=598	Mon Det=9183	Aux Det=673	O+H=1762	 DONE
12/10/2025 05:31:29:	move motor	S18.axis2.piezo rotation to 0.347610deg	 DONE
12/10/2025 05:31:30:	25	count	time	3.000000s/cts	O Det=470	H Det=663	Mon Det=9374	Aux Det=682	O+H=1815	 DONE
12/10/2025 05:31:35:	move motor	S18.axis2.piezo rotation to 0.347670deg	 DONE
12/10/2025 05:31:36:	26	count	time	3.000000s/cts	O Det=381	H Det=627	Mon Det=9309	Aux Det=622	O+H=1630	 DONE
12/10/2025 05:31:41:	move motor	S18.axis2.piezo rotation to 0.347730deg	 DONE
12/10/2025 05:31:42:	27	count	time	3.000000s/cts	O Det=333	H Det=600	Mon Det=9267	Aux Det=502	O+H=1435	 DONE
12/10/2025 05:31:47:	move motor	S18.axis2.piezo rotation to 0.347790deg	 DONE
12/10/2025 05:31:48:	28	count	time	3.000000s/cts	O Det=279	H Det=598	Mon Det=9302	Aux Det=309	O+H=1186	 DONE
12/10/2025 05:31:53:	move motor	S18.axis2.piezo rotation to 0.347850deg	 DONE
12/10/2025 05:31:54:	29	count	time	3.000000s/cts	O Det=182	H Det=481	Mon Det=9239	Aux Det=220	O+H=883	 DONE
12/10/2025 05:31:58:	move motor	S18.axis2.piezo rotation to 0.347910deg	 DONE
12/10/2025 05:32:00:	30	count	time	3.000000s/cts	O Det=104	H Det=314	Mon Det=9290	Aux Det=224	O+H=642	 DONE
12/10/2025 05:32:05:	move motor	S18.axis2.piezo rotation to 0.347970deg	 DONE
12/10/2025 05:32:06:	31	count	time	3.000000s/cts	O Det=62	H Det=239	Mon Det=9201	Aux Det=211	O+H=512	 DONE
12/10/2025 05:32:10:	move motor	S18.axis2.piezo rotation to 0.348030deg	 DONE
12/10/2025 05:32:12:	32	count	time	3.000000s/cts	O Det=45	H Det=198	Mon Det=9264	Aux Det=200	O+H=443	 DONE
12/10/2025 05:32:16:	move motor	S18.axis2.piezo rotation to 0.348090deg	 DONE
12/10/2025 05:32:18:	33	count	time	3.000000s/cts	O Det=16	H Det=158	Mon Det=9295	Aux Det=158	O+H=332	 DONE
12/10/2025 05:32:22:	move motor	S18.axis2.piezo rotation to 0.348150deg	 DONE
12/10/2025 05:32:24:	34	count	time	3.000000s/cts	O Det=15	H Det=109	Mon Det=9133	Aux Det=134	O+H=258	 DONE
12/10/2025 05:32:28:	move motor	S18.axis2.piezo rotation to 0.348210deg	 DONE
12/10/2025 05:32:30:	35	count	time	3.000000s/cts	O Det=4	H Det=98	Mon Det=9466	Aux Det=127	O+H=229	 DONE
12/10/2025 05:32:34:	move motor	S18.axis2.piezo rotation to 0.348270deg	 DONE
12/10/2025 05:32:36:	36	count	time	3.000000s/cts	O Det=11	H Det=78	Mon Det=9310	Aux Det=93	O+H=182	 DONE
12/10/2025 05:32:40:	move motor	S18.axis2.piezo rotation to 0.348330deg	 DONE
12/10/2025 05:32:42:	37	count	time	3.000000s/cts	O Det=11	H Det=68	Mon Det=9223	Aux Det=86	O+H=165	 DONE
12/10/2025 05:32:46:	move motor	S18.axis2.piezo rotation to 0.348390deg	 DONE
12/10/2025 05:32:47:	38	count	time	3.000000s/cts	O Det=8	H Det=52	Mon Det=9282	Aux Det=62	O+H=122	 DONE
12/10/2025 05:32:52:	move motor	S18.axis2.piezo rotation to 0.348450deg	 DONE
12/10/2025 05:32:53:	39	count	time	3.000000s/cts	O Det=1	H Det=50	Mon Det=9187	Aux Det=63	O+H=114	 DONE
12/10/2025 05:32:58:	move motor	S18.axis2.piezo rotation to 0.348510deg	 DONE
12/10/2025 05:32:59:	40	count	time	3.000000s/cts	O Det=4	H Det=44	Mon Det=9373	Aux Det=53	O+H=101	 DONE
12/10/2025 05:33:04:	move motor	S18.axis2.piezo rotation to 0.348570deg	 DONE
12/10/2025 05:33:05:	41	count	time	3.000000s/cts	O Det=3	H Det=44	Mon Det=9302	Aux Det=49	O+H=96	 DONE
12/10/2025 05:33:10:	move motor	S18.axis2.piezo rotation to 0.348630deg	 DONE
12/10/2025 05:33:11:	42	count	time	3.000000s/cts	O Det=5	H Det=44	Mon Det=9420	Aux Det=52	O+H=101	 DONE
12/10/2025 05:33:16:	move motor	S18.axis2.piezo rotation to 0.348690deg	 DONE
12/10/2025 05:33:17:	43	count	time	3.000000s/cts	O Det=7	H Det=31	Mon Det=9387	Aux Det=48	O+H=86	 DONE
12/10/2025 05:33:22:	move motor	S18.axis2.piezo rotation to 0.348750deg	 DONE
12/10/2025 05:33:23:	44	count	time	3.000000s/cts	O Det=0	H Det=29	Mon Det=9333	Aux Det=40	O+H=69	 DONE
12/10/2025 05:33:28:	move motor	S18.axis2.piezo rotation to 0.348810deg	 DONE
12/10/2025 05:33:29:	45	count	time	3.000000s/cts	O Det=0	H Det=29	Mon Det=9282	Aux Det=32	O+H=61	 DONE
12/10/2025 05:33:33:	move motor	S18.axis2.piezo rotation to 0.348870deg	 DONE
12/10/2025 05:33:35:	46	count	time	3.000000s/cts	O Det=3	H Det=37	Mon Det=9192	Aux Det=28	O+H=68	 DONE
12/10/2025 05:33:40:	move motor	S18.axis2.piezo rotation to 0.348930deg	 DONE
12/10/2025 05:33:41:	47	count	time	3.000000s/cts	O Det=2	H Det=25	Mon Det=9350	Aux Det=29	O+H=56	 DONE
12/10/2025 05:33:45:	move motor	S18.axis2.piezo rotation to 0.348990deg	 DONE
12/10/2025 05:33:48:	48	count	time	3.000000s/cts	O Det=0	H Det=20	Mon Det=9165	Aux Det=27	O+H=47	 DONE
12/10/2025 05:33:52:	move motor	S18.axis2.piezo rotation to 0.349050deg	 DONE
12/10/2025 05:33:54:	49	count	time	3.000000s/cts	O Det=1	H Det=21	Mon Det=9221	Aux Det=28	O+H=50	 DONE
12/10/2025 05:33:58:	move motor	S18.axis2.piezo rotation to 0.349110deg	 DONE
12/10/2025 05:34:00:	50	count	time	3.000000s/cts	O Det=3	H Det=17	Mon Det=9310	Aux Det=27	O+H=47	 DONE
12/10/2025 05:34:05:	close file and end scan	 DONE
12/10/2025 05:34:05:	move motor	S18.axis2.piezo rotation to fit SUM PEAK60	0.347586reached 0.34759  DONE
12/10/2025 05:34:09:	END OF SCRIPT	 DONE
