27/09/2025 09:45:26:	start execution of script D:\data\Cycle 198\exp_3-16-19\rawdata\sc\rocking.sc	 DONE
27/09/2025 09:45:26:	move motor	S18.axis2.piezo rotation to -1.962255deg	 DONE
27/09/2025 09:45:29:	create file	D:\data\Cycle 198\exp_3-16-19\rawdata\sc\rocking_27Sep0945.dat	 DONE
room to enter remarks DONE
27/09/2025 09:45:30:	move motor	S18.axis2.piezo rotation to -1.862255deg	 DONE
27/09/2025 09:45:34:	1	count	time	5.000000s/cts	O Det=0	H Det=41	Mon Det=11207	Aux Det=2	O+H=43	 DONE
27/09/2025 09:45:41:	move motor	S18.axis2.piezo rotation to -1.862205deg	 DONE
27/09/2025 09:45:43:	2	count	time	5.000000s/cts	O Det=2	H Det=60	Mon Det=11280	Aux Det=2	O+H=64	 DONE
27/09/2025 09:45:50:	move motor	S18.axis2.piezo rotation to -1.862155deg	 DONE
27/09/2025 09:45:54:	3	count	time	5.000000s/cts	O Det=1	H Det=60	Mon Det=11464	Aux Det=2	O+H=63	 DONE
27/09/2025 09:46:01:	move motor	S18.axis2.piezo rotation to -1.862105deg	 DONE
27/09/2025 09:46:03:	4	count	time	5.000000s/cts	O Det=1	H Det=60	Mon Det=11241	Aux Det=4	O+H=65	 DONE
27/09/2025 09:46:09:	move motor	S18.axis2.piezo rotation to -1.862055deg	 DONE
27/09/2025 09:46:14:	5	count	time	5.000000s/cts	O Det=4	H Det=80	Mon Det=11228	Aux Det=6	O+H=90	 DONE
27/09/2025 09:46:20:	move motor	S18.axis2.piezo rotation to -1.862005deg	 DONE
27/09/2025 09:46:22:	6	count	time	5.000000s/cts	O Det=3	H Det=74	Mon Det=11427	Aux Det=0	O+H=77	 DONE
27/09/2025 09:46:29:	move motor	S18.axis2.piezo rotation to -1.861955deg	 DONE
27/09/2025 09:46:33:	7	count	time	5.000000s/cts	O Det=2	H Det=78	Mon Det=11408	Aux Det=2	O+H=82	 DONE
27/09/2025 09:46:40:	move motor	S18.axis2.piezo rotation to -1.861905deg	 DONE
27/09/2025 09:46:41:	8	count	time	5.000000s/cts	O Det=3	H Det=91	Mon Det=11151	Aux Det=2	O+H=96	 DONE
27/09/2025 09:46:48:	move motor	S18.axis2.piezo rotation to -1.861855deg	 DONE
27/09/2025 09:46:52:	9	count	time	5.000000s/cts	O Det=3	H Det=122	Mon Det=11376	Aux Det=5	O+H=130	 DONE
27/09/2025 09:46:58:	move motor	S18.axis2.piezo rotation to -1.861805deg	 DONE
27/09/2025 09:47:03:	10	count	time	5.000000s/cts	O Det=3	H Det=108	Mon Det=11400	Aux Det=4	O+H=115	 DONE
27/09/2025 09:47:09:	move motor	S18.axis2.piezo rotation to -1.861755deg	 DONE
27/09/2025 09:47:13:	11	count	time	5.000000s/cts	O Det=4	H Det=139	Mon Det=11304	Aux Det=2	O+H=145	 DONE
27/09/2025 09:47:20:	move motor	S18.axis2.piezo rotation to -1.861705deg	 DONE
27/09/2025 09:47:24:	12	count	time	5.000000s/cts	O Det=4	H Det=174	Mon Det=11192	Aux Det=1	O+H=179	 DONE
27/09/2025 09:47:31:	move motor	S18.axis2.piezo rotation to -1.861655deg	 DONE
27/09/2025 09:47:35:	13	count	time	5.000000s/cts	O Det=6	H Det=175	Mon Det=11400	Aux Det=3	O+H=184	 DONE
27/09/2025 09:47:42:	move motor	S18.axis2.piezo rotation to -1.861605deg	 DONE
27/09/2025 09:47:46:	14	count	time	5.000000s/cts	O Det=25	H Det=187	Mon Det=11392	Aux Det=1	O+H=213	 DONE
27/09/2025 09:47:53:	move motor	S18.axis2.piezo rotation to -1.861555deg	 DONE
27/09/2025 09:47:57:	15	count	time	5.000000s/cts	O Det=34	H Det=235	Mon Det=11304	Aux Det=5	O+H=274	 DONE
27/09/2025 09:48:04:	move motor	S18.axis2.piezo rotation to -1.861505deg	 DONE
27/09/2025 09:48:08:	16	count	time	5.000000s/cts	O Det=20	H Det=261	Mon Det=11407	Aux Det=2	O+H=283	 DONE
27/09/2025 09:48:15:	move motor	S18.axis2.piezo rotation to -1.861455deg	 DONE
27/09/2025 09:48:16:	17	count	time	5.000000s/cts	O Det=26	H Det=287	Mon Det=11318	Aux Det=1	O+H=314	 DONE
27/09/2025 09:48:22:	move motor	S18.axis2.piezo rotation to -1.861405deg	 DONE
27/09/2025 09:48:26:	18	count	time	5.000000s/cts	O Det=30	H Det=324	Mon Det=11321	Aux Det=2	O+H=356	 DONE
27/09/2025 09:48:33:	move motor	S18.axis2.piezo rotation to -1.861355deg	 DONE
27/09/2025 09:48:34:	19	count	time	5.000000s/cts	O Det=61	H Det=335	Mon Det=11356	Aux Det=2	O+H=398	 DONE
27/09/2025 09:48:41:	move motor	S18.axis2.piezo rotation to -1.861305deg	 DONE
27/09/2025 09:48:45:	20	count	time	5.000000s/cts	O Det=60	H Det=394	Mon Det=11375	Aux Det=2	O+H=456	 DONE
27/09/2025 09:48:52:	move motor	S18.axis2.piezo rotation to -1.861255deg	 DONE
27/09/2025 09:48:53:	21	count	time	5.000000s/cts	O Det=113	H Det=438	Mon Det=11069	Aux Det=5	O+H=556	 DONE
27/09/2025 09:49:00:	move motor	S18.axis2.piezo rotation to -1.861205deg	 DONE
27/09/2025 09:49:04:	22	count	time	5.000000s/cts	O Det=101	H Det=493	Mon Det=11302	Aux Det=3	O+H=597	 DONE
27/09/2025 09:49:11:	move motor	S18.axis2.piezo rotation to -1.861155deg	 DONE
27/09/2025 09:49:12:	23	count	time	5.000000s/cts	O Det=143	H Det=482	Mon Det=11277	Aux Det=2	O+H=627	 DONE
27/09/2025 09:49:19:	move motor	S18.axis2.piezo rotation to -1.861105deg	 DONE
27/09/2025 09:49:23:	24	count	time	5.000000s/cts	O Det=170	H Det=446	Mon Det=11419	Aux Det=3	O+H=619	 DONE
27/09/2025 09:49:29:	move motor	S18.axis2.piezo rotation to -1.861055deg	 DONE
27/09/2025 09:49:31:	25	count	time	5.000000s/cts	O Det=219	H Det=484	Mon Det=11479	Aux Det=3	O+H=706	 DONE
27/09/2025 09:49:38:	move motor	S18.axis2.piezo rotation to -1.861005deg	 DONE
27/09/2025 09:49:42:	26	count	time	5.000000s/cts	O Det=213	H Det=482	Mon Det=11300	Aux Det=1	O+H=696	 DONE
27/09/2025 09:49:49:	move motor	S18.axis2.piezo rotation to -1.860955deg	 DONE
27/09/2025 09:49:51:	27	count	time	5.000000s/cts	O Det=210	H Det=461	Mon Det=11376	Aux Det=2	O+H=673	 DONE
27/09/2025 09:49:57:	move motor	S18.axis2.piezo rotation to -1.860905deg	 DONE
27/09/2025 09:50:02:	28	count	time	5.000000s/cts	O Det=266	H Det=486	Mon Det=11379	Aux Det=7	O+H=759	 DONE
27/09/2025 09:50:08:	move motor	S18.axis2.piezo rotation to -1.860855deg	 DONE
27/09/2025 09:50:12:	29	count	time	5.000000s/cts	O Det=256	H Det=487	Mon Det=11061	Aux Det=1	O+H=744	 DONE
27/09/2025 09:50:19:	move motor	S18.axis2.piezo rotation to -1.860805deg	 DONE
27/09/2025 09:50:23:	30	count	time	5.000000s/cts	O Det=207	H Det=499	Mon Det=11459	Aux Det=3	O+H=709	 DONE
27/09/2025 09:50:30:	move motor	S18.axis2.piezo rotation to -1.860755deg	 DONE
27/09/2025 09:50:34:	31	count	time	5.000000s/cts	O Det=197	H Det=492	Mon Det=11367	Aux Det=3	O+H=692	 DONE
27/09/2025 09:50:41:	move motor	S18.axis2.piezo rotation to -1.860705deg	 DONE
27/09/2025 09:50:45:	32	count	time	5.000000s/cts	O Det=158	H Det=544	Mon Det=11344	Aux Det=0	O+H=702	 DONE
27/09/2025 09:50:51:	move motor	S18.axis2.piezo rotation to -1.860655deg	 DONE
27/09/2025 09:50:55:	33	count	time	5.000000s/cts	O Det=144	H Det=507	Mon Det=11295	Aux Det=3	O+H=654	 DONE
27/09/2025 09:51:02:	move motor	S18.axis2.piezo rotation to -1.860605deg	 DONE
27/09/2025 09:51:06:	34	count	time	5.000000s/cts	O Det=119	H Det=467	Mon Det=11341	Aux Det=2	O+H=588	 DONE
27/09/2025 09:51:13:	move motor	S18.axis2.piezo rotation to -1.860555deg	 DONE
27/09/2025 09:51:17:	35	count	time	5.000000s/cts	O Det=97	H Det=459	Mon Det=11306	Aux Det=1	O+H=557	 DONE
27/09/2025 09:51:24:	move motor	S18.axis2.piezo rotation to -1.860505deg	 DONE
27/09/2025 09:51:28:	36	count	time	5.000000s/cts	O Det=54	H Det=439	Mon Det=11313	Aux Det=4	O+H=497	 DONE
27/09/2025 09:51:35:	move motor	S18.axis2.piezo rotation to -1.860455deg	 DONE
27/09/2025 09:51:39:	37	count	time	5.000000s/cts	O Det=45	H Det=369	Mon Det=11389	Aux Det=3	O+H=417	 DONE
27/09/2025 09:51:45:	move motor	S18.axis2.piezo rotation to -1.860405deg	 DONE
27/09/2025 09:51:46:	38	count	time	5.000000s/cts	O Det=26	H Det=343	Mon Det=11430	Aux Det=1	O+H=370	 DONE
27/09/2025 09:51:53:	move motor	S18.axis2.piezo rotation to -1.860355deg	 DONE
27/09/2025 09:51:57:	39	count	time	5.000000s/cts	O Det=22	H Det=281	Mon Det=11505	Aux Det=2	O+H=305	 DONE
27/09/2025 09:52:04:	move motor	S18.axis2.piezo rotation to -1.860305deg	 DONE
27/09/2025 09:52:06:	40	count	time	5.000000s/cts	O Det=22	H Det=264	Mon Det=11195	Aux Det=4	O+H=290	 DONE
27/09/2025 09:52:12:	move motor	S18.axis2.piezo rotation to -1.860255deg	 DONE
27/09/2025 09:52:16:	41	count	time	5.000000s/cts	O Det=10	H Det=222	Mon Det=11289	Aux Det=3	O+H=235	 DONE
27/09/2025 09:52:23:	move motor	S18.axis2.piezo rotation to -1.860205deg	 DONE
27/09/2025 09:52:24:	42	count	time	5.000000s/cts	O Det=7	H Det=187	Mon Det=11476	Aux Det=4	O+H=198	 DONE
27/09/2025 09:52:31:	move motor	S18.axis2.piezo rotation to -1.860155deg	 DONE
27/09/2025 09:52:35:	43	count	time	5.000000s/cts	O Det=4	H Det=167	Mon Det=11504	Aux Det=6	O+H=177	 DONE
27/09/2025 09:52:42:	move motor	S18.axis2.piezo rotation to -1.860105deg	 DONE
27/09/2025 09:52:44:	44	count	time	5.000000s/cts	O Det=2	H Det=138	Mon Det=11456	Aux Det=1	O+H=141	 DONE
27/09/2025 09:52:50:	move motor	S18.axis2.piezo rotation to -1.860055deg	 DONE
27/09/2025 09:52:54:	45	count	time	5.000000s/cts	O Det=4	H Det=142	Mon Det=11383	Aux Det=4	O+H=150	 DONE
27/09/2025 09:53:01:	move motor	S18.axis2.piezo rotation to -1.860005deg	 DONE
27/09/2025 09:53:03:	46	count	time	5.000000s/cts	O Det=9	H Det=113	Mon Det=11434	Aux Det=3	O+H=125	 DONE
27/09/2025 09:53:09:	move motor	S18.axis2.piezo rotation to -1.859955deg	 DONE
27/09/2025 09:53:13:	47	count	time	5.000000s/cts	O Det=1	H Det=106	Mon Det=11217	Aux Det=1	O+H=108	 DONE
27/09/2025 09:53:20:	move motor	S18.axis2.piezo rotation to -1.859905deg	 DONE
27/09/2025 09:53:22:	48	count	time	5.000000s/cts	O Det=3	H Det=101	Mon Det=11463	Aux Det=1	O+H=105	 DONE
27/09/2025 09:53:28:	move motor	S18.axis2.piezo rotation to -1.859855deg	 DONE
27/09/2025 09:53:32:	49	count	time	5.000000s/cts	O Det=1	H Det=90	Mon Det=11301	Aux Det=2	O+H=93	 DONE
27/09/2025 09:53:39:	move motor	S18.axis2.piezo rotation to -1.859805deg	 DONE
27/09/2025 09:53:43:	50	count	time	5.000000s/cts	O Det=3	H Det=66	Mon Det=11160	Aux Det=2	O+H=71	 DONE
27/09/2025 09:53:50:	move motor	S18.axis2.piezo rotation to -1.859755deg	 DONE
27/09/2025 09:53:54:	51	count	time	5.000000s/cts	O Det=1	H Det=83	Mon Det=11194	Aux Det=1	O+H=85	 DONE
27/09/2025 09:54:01:	move motor	S18.axis2.piezo rotation to -1.859705deg	 DONE
27/09/2025 09:54:05:	52	count	time	5.000000s/cts	O Det=0	H Det=63	Mon Det=11307	Aux Det=3	O+H=66	 DONE
27/09/2025 09:54:12:	move motor	S18.axis2.piezo rotation to -1.859655deg	 DONE
27/09/2025 09:54:16:	53	count	time	5.000000s/cts	O Det=0	H Det=56	Mon Det=11283	Aux Det=5	O+H=61	 DONE
27/09/2025 09:54:22:	move motor	S18.axis2.piezo rotation to -1.859605deg	 DONE
27/09/2025 09:54:27:	54	count	time	5.000000s/cts	O Det=1	H Det=56	Mon Det=11438	Aux Det=2	O+H=59	 DONE
27/09/2025 09:54:33:	move motor	S18.axis2.piezo rotation to -1.859555deg	 DONE
27/09/2025 09:54:37:	55	count	time	5.000000s/cts	O Det=1	H Det=46	Mon Det=11405	Aux Det=2	O+H=49	 DONE
27/09/2025 09:54:44:	move motor	S18.axis2.piezo rotation to -1.859505deg	 DONE
27/09/2025 09:54:48:	56	count	time	5.000000s/cts	O Det=0	H Det=51	Mon Det=11213	Aux Det=1	O+H=52	 DONE
27/09/2025 09:54:55:	move motor	S18.axis2.piezo rotation to -1.859455deg	 DONE
27/09/2025 09:54:56:	57	count	time	5.000000s/cts	O Det=1	H Det=58	Mon Det=11434	Aux Det=4	O+H=63	 DONE
27/09/2025 09:55:03:	move motor	S18.axis2.piezo rotation to -1.859405deg	 DONE
27/09/2025 09:55:07:	58	count	time	5.000000s/cts	O Det=3	H Det=42	Mon Det=11304	Aux Det=2	O+H=47	 DONE
27/09/2025 09:55:14:	move motor	S18.axis2.piezo rotation to -1.859355deg	 DONE
27/09/2025 09:55:15:	59	count	time	5.000000s/cts	O Det=1	H Det=34	Mon Det=11370	Aux Det=2	O+H=37	 DONE
27/09/2025 09:55:22:	move motor	S18.axis2.piezo rotation to -1.859305deg	 DONE
27/09/2025 09:55:26:	60	count	time	5.000000s/cts	O Det=1	H Det=32	Mon Det=11286	Aux Det=4	O+H=37	 DONE
27/09/2025 09:55:33:	close file and end scan	 DONE
27/09/2025 09:55:33:	move motor	S18.axis2.piezo rotation to fit SUM PEAK60	-1.860889reached -1.86089  DONE
27/09/2025 09:55:38:	END OF SCRIPT	 DONE
