06/10/2025 01:31:01:	start execution of script D:\data\Cycle 198\exp_3-16-19\rawdata\sc\rocking.sc	 DONE
06/10/2025 01:31:01:	move motor	S18.axis2.piezo rotation to -0.246905deg	 DONE
06/10/2025 01:31:05:	create file	D:\data\Cycle 198\exp_3-16-19\rawdata\sc\rocking_06Oct0131.dat	 DONE
room to enter remarks DONE
06/10/2025 01:31:06:	move motor	S18.axis2.piezo rotation to -0.146905deg	 DONE
06/10/2025 01:31:10:	1	count	time	5.000000s/cts	O Det=0	H Det=0	Mon Det=11482	Aux Det=1	O+H=1	 DONE
06/10/2025 01:31:17:	move motor	S18.axis2.piezo rotation to -0.146845deg	 DONE
06/10/2025 01:31:20:	2	count	time	5.000000s/cts	O Det=0	H Det=1	Mon Det=11677	Aux Det=3	O+H=4	 DONE
06/10/2025 01:31:27:	move motor	S18.axis2.piezo rotation to -0.146785deg	 DONE
06/10/2025 01:31:31:	3	count	time	5.000000s/cts	O Det=0	H Det=0	Mon Det=11536	Aux Det=2	O+H=2	 DONE
06/10/2025 01:31:38:	move motor	S18.axis2.piezo rotation to -0.146725deg	 DONE
06/10/2025 01:31:42:	4	count	time	5.000000s/cts	O Det=1	H Det=1	Mon Det=11532	Aux Det=1	O+H=3	 DONE
06/10/2025 01:31:48:	move motor	S18.axis2.piezo rotation to -0.146665deg	 DONE
06/10/2025 01:31:50:	5	count	time	5.000000s/cts	O Det=0	H Det=1	Mon Det=11413	Aux Det=2	O+H=3	 DONE
06/10/2025 01:31:57:	move motor	S18.axis2.piezo rotation to -0.146605deg	 DONE
06/10/2025 01:31:58:	6	count	time	5.000000s/cts	O Det=0	H Det=0	Mon Det=11499	Aux Det=2	O+H=2	 DONE
06/10/2025 01:32:04:	move motor	S18.axis2.piezo rotation to -0.146545deg	 DONE
06/10/2025 01:32:08:	7	count	time	5.000000s/cts	O Det=1	H Det=2	Mon Det=11561	Aux Det=3	O+H=6	 DONE
06/10/2025 01:32:15:	move motor	S18.axis2.piezo rotation to -0.146485deg	 DONE
06/10/2025 01:32:19:	8	count	time	5.000000s/cts	O Det=0	H Det=4	Mon Det=11685	Aux Det=1	O+H=5	 DONE
06/10/2025 01:32:26:	move motor	S18.axis2.piezo rotation to -0.146425deg	 DONE
06/10/2025 01:32:29:	9	count	time	5.000000s/cts	O Det=0	H Det=2	Mon Det=11497	Aux Det=3	O+H=5	 DONE
06/10/2025 01:32:36:	move motor	S18.axis2.piezo rotation to -0.146365deg	 DONE
06/10/2025 01:32:40:	10	count	time	5.000000s/cts	O Det=0	H Det=0	Mon Det=11723	Aux Det=1	O+H=1	 DONE
06/10/2025 01:32:47:	move motor	S18.axis2.piezo rotation to -0.146305deg	 DONE
06/10/2025 01:32:48:	11	count	time	5.000000s/cts	O Det=0	H Det=2	Mon Det=11673	Aux Det=3	O+H=5	 DONE
06/10/2025 01:32:55:	move motor	S18.axis2.piezo rotation to -0.146245deg	 DONE
06/10/2025 01:32:56:	12	count	time	5.000000s/cts	O Det=1	H Det=3	Mon Det=11428	Aux Det=0	O+H=4	 DONE
06/10/2025 01:33:03:	move motor	S18.axis2.piezo rotation to -0.146185deg	 DONE
06/10/2025 01:33:04:	13	count	time	5.000000s/cts	O Det=0	H Det=1	Mon Det=11544	Aux Det=1	O+H=2	 DONE
06/10/2025 01:33:11:	move motor	S18.axis2.piezo rotation to -0.146125deg	 DONE
06/10/2025 01:33:15:	14	count	time	5.000000s/cts	O Det=0	H Det=1	Mon Det=11482	Aux Det=4	O+H=5	 DONE
06/10/2025 01:33:21:	move motor	S18.axis2.piezo rotation to -0.146065deg	 DONE
06/10/2025 01:33:25:	15	count	time	5.000000s/cts	O Det=0	H Det=0	Mon Det=11548	Aux Det=4	O+H=4	 DONE
06/10/2025 01:33:32:	move motor	S18.axis2.piezo rotation to -0.146005deg	 DONE
06/10/2025 01:33:36:	16	count	time	5.000000s/cts	O Det=2	H Det=1	Mon Det=11481	Aux Det=5	O+H=8	 DONE
06/10/2025 01:33:43:	move motor	S18.axis2.piezo rotation to -0.145945deg	 DONE
06/10/2025 01:33:46:	17	count	time	5.000000s/cts	O Det=1	H Det=0	Mon Det=11482	Aux Det=3	O+H=4	 DONE
06/10/2025 01:33:53:	move motor	S18.axis2.piezo rotation to -0.145885deg	 DONE
06/10/2025 01:33:55:	18	count	time	5.000000s/cts	O Det=0	H Det=1	Mon Det=11502	Aux Det=1	O+H=2	 DONE
06/10/2025 01:34:01:	move motor	S18.axis2.piezo rotation to -0.145825deg	 DONE
06/10/2025 01:34:03:	19	count	time	5.000000s/cts	O Det=0	H Det=0	Mon Det=11396	Aux Det=5	O+H=5	 DONE
06/10/2025 01:34:09:	move motor	S18.axis2.piezo rotation to -0.145765deg	 DONE
06/10/2025 01:34:13:	20	count	time	5.000000s/cts	O Det=0	H Det=2	Mon Det=11629	Aux Det=4	O+H=6	 DONE
06/10/2025 01:34:20:	move motor	S18.axis2.piezo rotation to -0.145705deg	 DONE
06/10/2025 01:34:24:	21	count	time	5.000000s/cts	O Det=0	H Det=2	Mon Det=11350	Aux Det=5	O+H=7	 DONE
06/10/2025 01:34:30:	move motor	S18.axis2.piezo rotation to -0.145645deg	 DONE
06/10/2025 01:34:34:	22	count	time	5.000000s/cts	O Det=0	H Det=1	Mon Det=11384	Aux Det=3	O+H=4	 DONE
06/10/2025 01:34:41:	move motor	S18.axis2.piezo rotation to -0.145585deg	 DONE
06/10/2025 01:34:45:	23	count	time	5.000000s/cts	O Det=0	H Det=1	Mon Det=11447	Aux Det=7	O+H=8	 DONE
06/10/2025 01:34:51:	move motor	S18.axis2.piezo rotation to -0.145525deg	 DONE
06/10/2025 01:34:53:	24	count	time	5.000000s/cts	O Det=0	H Det=0	Mon Det=11549	Aux Det=2	O+H=2	 DONE
06/10/2025 01:35:00:	move motor	S18.axis2.piezo rotation to -0.145465deg	 DONE
06/10/2025 01:35:01:	25	count	time	5.000000s/cts	O Det=1	H Det=2	Mon Det=11564	Aux Det=3	O+H=6	 DONE
06/10/2025 01:35:08:	move motor	S18.axis2.piezo rotation to -0.145405deg	 DONE
06/10/2025 01:35:12:	26	count	time	5.000000s/cts	O Det=2	H Det=1	Mon Det=11514	Aux Det=1	O+H=4	 DONE
06/10/2025 01:35:18:	move motor	S18.axis2.piezo rotation to -0.145345deg	 DONE
06/10/2025 01:35:22:	27	count	time	5.000000s/cts	O Det=1	H Det=0	Mon Det=11477	Aux Det=1	O+H=2	 DONE
06/10/2025 01:35:29:	move motor	S18.axis2.piezo rotation to -0.145285deg	 DONE
06/10/2025 01:35:33:	28	count	time	5.000000s/cts	O Det=0	H Det=0	Mon Det=11517	Aux Det=3	O+H=3	 DONE
06/10/2025 01:35:40:	move motor	S18.axis2.piezo rotation to -0.145225deg	 DONE
06/10/2025 01:35:43:	29	count	time	5.000000s/cts	O Det=0	H Det=0	Mon Det=11457	Aux Det=3	O+H=3	 DONE
06/10/2025 01:35:50:	move motor	S18.axis2.piezo rotation to -0.145165deg	 DONE
06/10/2025 01:35:51:	30	count	time	5.000000s/cts	O Det=1	H Det=0	Mon Det=11395	Aux Det=4	O+H=5	 DONE
06/10/2025 01:35:58:	move motor	S18.axis2.piezo rotation to -0.145105deg	 DONE
06/10/2025 01:35:59:	31	count	time	5.000000s/cts	O Det=0	H Det=0	Mon Det=11488	Aux Det=4	O+H=4	 DONE
06/10/2025 01:36:06:	move motor	S18.axis2.piezo rotation to -0.145045deg	 DONE
06/10/2025 01:36:10:	32	count	time	5.000000s/cts	O Det=0	H Det=1	Mon Det=11582	Aux Det=8	O+H=9	 DONE
06/10/2025 01:36:17:	move motor	S18.axis2.piezo rotation to -0.144985deg	 DONE
06/10/2025 01:36:20:	33	count	time	5.000000s/cts	O Det=1	H Det=2	Mon Det=11418	Aux Det=3	O+H=6	 DONE
06/10/2025 01:36:27:	move motor	S18.axis2.piezo rotation to -0.144925deg	 DONE
06/10/2025 01:36:31:	34	count	time	5.000000s/cts	O Det=0	H Det=0	Mon Det=11615	Aux Det=3	O+H=3	 DONE
06/10/2025 01:36:38:	move motor	S18.axis2.piezo rotation to -0.144865deg	 DONE
06/10/2025 01:36:42:	35	count	time	5.000000s/cts	O Det=0	H Det=0	Mon Det=11360	Aux Det=5	O+H=5	 DONE
06/10/2025 01:36:48:	move motor	S18.axis2.piezo rotation to -0.144805deg	 DONE
06/10/2025 01:36:50:	36	count	time	5.000000s/cts	O Det=0	H Det=1	Mon Det=11509	Aux Det=1	O+H=2	 DONE
06/10/2025 01:36:56:	move motor	S18.axis2.piezo rotation to -0.144745deg	 DONE
06/10/2025 01:36:58:	37	count	time	5.000000s/cts	O Det=0	H Det=1	Mon Det=11625	Aux Det=2	O+H=3	 DONE
06/10/2025 01:37:04:	move motor	S18.axis2.piezo rotation to -0.144685deg	 DONE
06/10/2025 01:37:08:	38	count	time	5.000000s/cts	O Det=0	H Det=1	Mon Det=11598	Aux Det=0	O+H=1	 DONE
06/10/2025 01:37:15:	move motor	S18.axis2.piezo rotation to -0.144625deg	 DONE
06/10/2025 01:37:19:	39	count	time	5.000000s/cts	O Det=0	H Det=3	Mon Det=11573	Aux Det=5	O+H=8	 DONE
06/10/2025 01:37:25:	move motor	S18.axis2.piezo rotation to -0.144565deg	 DONE
06/10/2025 01:37:29:	40	count	time	5.000000s/cts	O Det=0	H Det=0	Mon Det=11751	Aux Det=3	O+H=3	 DONE
06/10/2025 01:37:36:	move motor	S18.axis2.piezo rotation to -0.144505deg	 DONE
06/10/2025 01:37:40:	41	count	time	5.000000s/cts	O Det=0	H Det=1	Mon Det=11637	Aux Det=5	O+H=6	 DONE
06/10/2025 01:37:46:	move motor	S18.axis2.piezo rotation to -0.144445deg	 DONE
06/10/2025 01:37:48:	42	count	time	5.000000s/cts	O Det=0	H Det=2	Mon Det=11416	Aux Det=1	O+H=3	 DONE
06/10/2025 01:37:54:	move motor	S18.axis2.piezo rotation to -0.144385deg	 DONE
06/10/2025 01:37:56:	43	count	time	5.000000s/cts	O Det=2	H Det=0	Mon Det=11486	Aux Det=1	O+H=3	 DONE
06/10/2025 01:38:03:	move motor	S18.axis2.piezo rotation to -0.144325deg	 DONE
06/10/2025 01:38:07:	44	count	time	5.000000s/cts	O Det=1	H Det=1	Mon Det=11407	Aux Det=0	O+H=2	 DONE
06/10/2025 01:38:13:	move motor	S18.axis2.piezo rotation to -0.144265deg	 DONE
06/10/2025 01:38:17:	45	count	time	5.000000s/cts	O Det=0	H Det=0	Mon Det=11625	Aux Det=5	O+H=5	 DONE
06/10/2025 01:38:24:	move motor	S18.axis2.piezo rotation to -0.144205deg	 DONE
06/10/2025 01:38:28:	46	count	time	5.000000s/cts	O Det=0	H Det=2	Mon Det=11460	Aux Det=4	O+H=6	 DONE
06/10/2025 01:38:34:	move motor	S18.axis2.piezo rotation to -0.144145deg	 DONE
06/10/2025 01:38:38:	47	count	time	5.000000s/cts	O Det=0	H Det=0	Mon Det=11564	Aux Det=6	O+H=6	 DONE
06/10/2025 01:38:45:	move motor	S18.axis2.piezo rotation to -0.144085deg	 DONE
06/10/2025 01:38:46:	48	count	time	5.000000s/cts	O Det=1	H Det=1	Mon Det=11328	Aux Det=2	O+H=4	 DONE
06/10/2025 01:38:53:	move motor	S18.axis2.piezo rotation to -0.144025deg	 DONE
06/10/2025 01:38:54:	49	count	time	5.000000s/cts	O Det=0	H Det=1	Mon Det=11420	Aux Det=4	O+H=5	 DONE
06/10/2025 01:39:01:	move motor	S18.axis2.piezo rotation to -0.143965deg	 DONE
06/10/2025 01:39:02:	50	count	time	5.000000s/cts	O Det=1	H Det=0	Mon Det=11486	Aux Det=3	O+H=4	 DONE
06/10/2025 01:39:09:	move motor	S18.axis2.piezo rotation to -0.143905deg	 DONE
06/10/2025 01:39:13:	51	count	time	5.000000s/cts	O Det=0	H Det=0	Mon Det=11653	Aux Det=1	O+H=1	 DONE
06/10/2025 01:39:19:	move motor	S18.axis2.piezo rotation to -0.143845deg	 DONE
06/10/2025 01:39:23:	52	count	time	5.000000s/cts	O Det=0	H Det=1	Mon Det=11609	Aux Det=2	O+H=3	 DONE
06/10/2025 01:39:30:	move motor	S18.axis2.piezo rotation to -0.143785deg	 DONE
06/10/2025 01:39:34:	53	count	time	5.000000s/cts	O Det=0	H Det=2	Mon Det=11541	Aux Det=1	O+H=3	 DONE
06/10/2025 01:39:40:	move motor	S18.axis2.piezo rotation to -0.143725deg	 DONE
06/10/2025 01:39:44:	54	count	time	5.000000s/cts	O Det=0	H Det=1	Mon Det=11513	Aux Det=1	O+H=2	 DONE
06/10/2025 01:39:51:	move motor	S18.axis2.piezo rotation to -0.143665deg	 DONE
06/10/2025 01:39:53:	55	count	time	5.000000s/cts	O Det=0	H Det=0	Mon Det=11397	Aux Det=3	O+H=3	 DONE
06/10/2025 01:39:59:	move motor	S18.axis2.piezo rotation to -0.143605deg	 DONE
06/10/2025 01:40:01:	56	count	time	5.000000s/cts	O Det=0	H Det=1	Mon Det=11598	Aux Det=3	O+H=4	 DONE
06/10/2025 01:40:07:	move motor	S18.axis2.piezo rotation to -0.143545deg	 DONE
06/10/2025 01:40:11:	57	count	time	5.000000s/cts	O Det=1	H Det=2	Mon Det=11407	Aux Det=1	O+H=4	 DONE
06/10/2025 01:40:18:	move motor	S18.axis2.piezo rotation to -0.143485deg	 DONE
06/10/2025 01:40:22:	58	count	time	5.000000s/cts	O Det=0	H Det=2	Mon Det=11477	Aux Det=3	O+H=5	 DONE
06/10/2025 01:40:28:	move motor	S18.axis2.piezo rotation to -0.143425deg	 DONE
06/10/2025 01:40:32:	59	count	time	5.000000s/cts	O Det=1	H Det=0	Mon Det=11391	Aux Det=1	O+H=2	 DONE
06/10/2025 01:40:39:	move motor	S18.axis2.piezo rotation to -0.143365deg	 DONE
06/10/2025 01:40:43:	60	count	time	5.000000s/cts	O Det=1	H Det=1	Mon Det=11380	Aux Det=3	O+H=5	 DONE
06/10/2025 01:40:50:	close file and end scan	 DONE
06/10/2025 01:40:50:	move motor	S18.axis2.piezo rotation to fit SUM PEAK60	NaNreached -0.14335  DONE
06/10/2025 01:40:55:	END OF SCRIPT	 DONE
