20/10/2025 00:16:55:	start execution of script D:\data\Cycle 198\exp_3-16-19\rawdata\sc\rocking.sc	 DONE
20/10/2025 00:16:55:	move motor	S18.axis2.piezo rotation to 0.246116deg	 DONE
20/10/2025 00:16:59:	create file	D:\data\Cycle 198\exp_3-16-19\rawdata\sc\rocking_20Oct0016.dat	 DONE
room to enter remarks DONE
20/10/2025 00:17:00:	move motor	S18.axis2.piezo rotation to 0.346116deg	 DONE
20/10/2025 00:17:04:	1	count	time	3.000000s/cts	O Det=1	H Det=18	Mon Det=7456	Aux Det=27	O+H=46	 DONE
20/10/2025 00:17:08:	move motor	S18.axis2.piezo rotation to 0.346176deg	 DONE
20/10/2025 00:17:10:	2	count	time	3.000000s/cts	O Det=1	H Det=27	Mon Det=7087	Aux Det=42	O+H=70	 DONE
20/10/2025 00:17:15:	move motor	S18.axis2.piezo rotation to 0.346236deg	 DONE
20/10/2025 00:17:16:	3	count	time	3.000000s/cts	O Det=2	H Det=24	Mon Det=7323	Aux Det=36	O+H=62	 DONE
20/10/2025 00:17:21:	move motor	S18.axis2.piezo rotation to 0.346296deg	 DONE
20/10/2025 00:17:22:	4	count	time	3.000000s/cts	O Det=1	H Det=36	Mon Det=7209	Aux Det=48	O+H=85	 DONE
20/10/2025 00:17:27:	move motor	S18.axis2.piezo rotation to 0.346356deg	 DONE
20/10/2025 00:17:28:	5	count	time	3.000000s/cts	O Det=1	H Det=49	Mon Det=7215	Aux Det=40	O+H=90	 DONE
20/10/2025 00:17:33:	move motor	S18.axis2.piezo rotation to 0.346416deg	 DONE
20/10/2025 00:17:34:	6	count	time	3.000000s/cts	O Det=3	H Det=42	Mon Det=7321	Aux Det=45	O+H=90	 DONE
20/10/2025 00:17:39:	move motor	S18.axis2.piezo rotation to 0.346476deg	 DONE
20/10/2025 00:17:40:	7	count	time	3.000000s/cts	O Det=4	H Det=51	Mon Det=7369	Aux Det=61	O+H=116	 DONE
20/10/2025 00:17:45:	move motor	S18.axis2.piezo rotation to 0.346536deg	 DONE
20/10/2025 00:17:46:	8	count	time	3.000000s/cts	O Det=6	H Det=67	Mon Det=7265	Aux Det=71	O+H=144	 DONE
20/10/2025 00:17:51:	move motor	S18.axis2.piezo rotation to 0.346596deg	 DONE
20/10/2025 00:17:52:	9	count	time	3.000000s/cts	O Det=16	H Det=74	Mon Det=7294	Aux Det=86	O+H=176	 DONE
20/10/2025 00:17:57:	move motor	S18.axis2.piezo rotation to 0.346656deg	 DONE
20/10/2025 00:17:58:	10	count	time	3.000000s/cts	O Det=32	H Det=108	Mon Det=7261	Aux Det=146	O+H=286	 DONE
20/10/2025 00:18:03:	move motor	S18.axis2.piezo rotation to 0.346716deg	 DONE
20/10/2025 00:18:04:	11	count	time	3.000000s/cts	O Det=24	H Det=101	Mon Det=7386	Aux Det=134	O+H=259	 DONE
20/10/2025 00:18:09:	move motor	S18.axis2.piezo rotation to 0.346776deg	 DONE
20/10/2025 00:18:10:	12	count	time	3.000000s/cts	O Det=17	H Det=100	Mon Det=7139	Aux Det=154	O+H=271	 DONE
20/10/2025 00:18:15:	move motor	S18.axis2.piezo rotation to 0.346836deg	 DONE
20/10/2025 00:18:16:	13	count	time	3.000000s/cts	O Det=11	H Det=90	Mon Det=7297	Aux Det=139	O+H=240	 DONE
20/10/2025 00:18:21:	move motor	S18.axis2.piezo rotation to 0.346896deg	 DONE
20/10/2025 00:18:22:	14	count	time	3.000000s/cts	O Det=38	H Det=172	Mon Det=7311	Aux Det=168	O+H=378	 DONE
20/10/2025 00:18:27:	move motor	S18.axis2.piezo rotation to 0.346956deg	 DONE
20/10/2025 00:18:28:	15	count	time	3.000000s/cts	O Det=25	H Det=183	Mon Det=7206	Aux Det=199	O+H=407	 DONE
20/10/2025 00:18:33:	move motor	S18.axis2.piezo rotation to 0.347016deg	 DONE
20/10/2025 00:18:35:	16	count	time	3.000000s/cts	O Det=62	H Det=267	Mon Det=7397	Aux Det=220	O+H=549	 DONE
20/10/2025 00:18:39:	move motor	S18.axis2.piezo rotation to 0.347076deg	 DONE
20/10/2025 00:18:41:	17	count	time	3.000000s/cts	O Det=92	H Det=330	Mon Det=7447	Aux Det=208	O+H=630	 DONE
20/10/2025 00:18:46:	move motor	S18.axis2.piezo rotation to 0.347136deg	 DONE
20/10/2025 00:18:47:	18	count	time	3.000000s/cts	O Det=85	H Det=471	Mon Det=7230	Aux Det=245	O+H=801	 DONE
20/10/2025 00:18:52:	move motor	S18.axis2.piezo rotation to 0.347196deg	 DONE
20/10/2025 00:18:53:	19	count	time	3.000000s/cts	O Det=114	H Det=522	Mon Det=7234	Aux Det=351	O+H=987	 DONE
20/10/2025 00:18:58:	move motor	S18.axis2.piezo rotation to 0.347256deg	 DONE
20/10/2025 00:18:59:	20	count	time	3.000000s/cts	O Det=107	H Det=627	Mon Det=7131	Aux Det=458	O+H=1192	 DONE
20/10/2025 00:19:04:	move motor	S18.axis2.piezo rotation to 0.347316deg	 DONE
20/10/2025 00:19:05:	21	count	time	3.000000s/cts	O Det=131	H Det=627	Mon Det=7331	Aux Det=515	O+H=1273	 DONE
20/10/2025 00:19:10:	move motor	S18.axis2.piezo rotation to 0.347376deg	 DONE
20/10/2025 00:19:11:	22	count	time	3.000000s/cts	O Det=110	H Det=694	Mon Det=7185	Aux Det=559	O+H=1363	 DONE
20/10/2025 00:19:16:	move motor	S18.axis2.piezo rotation to 0.347436deg	 DONE
20/10/2025 00:19:18:	23	count	time	3.000000s/cts	O Det=104	H Det=587	Mon Det=7233	Aux Det=504	O+H=1195	 DONE
20/10/2025 00:19:22:	move motor	S18.axis2.piezo rotation to 0.347496deg	 DONE
20/10/2025 00:19:24:	24	count	time	3.000000s/cts	O Det=111	H Det=520	Mon Det=7223	Aux Det=448	O+H=1079	 DONE
20/10/2025 00:19:28:	move motor	S18.axis2.piezo rotation to 0.347556deg	 DONE
20/10/2025 00:19:30:	25	count	time	3.000000s/cts	O Det=116	H Det=421	Mon Det=7183	Aux Det=280	O+H=817	 DONE
20/10/2025 00:19:34:	move motor	S18.axis2.piezo rotation to 0.347616deg	 DONE
20/10/2025 00:19:36:	26	count	time	3.000000s/cts	O Det=108	H Det=371	Mon Det=7337	Aux Det=227	O+H=706	 DONE
20/10/2025 00:19:41:	move motor	S18.axis2.piezo rotation to 0.347676deg	 DONE
20/10/2025 00:19:42:	27	count	time	3.000000s/cts	O Det=56	H Det=273	Mon Det=7219	Aux Det=195	O+H=524	 DONE
20/10/2025 00:19:47:	move motor	S18.axis2.piezo rotation to 0.347736deg	 DONE
20/10/2025 00:19:49:	28	count	time	3.000000s/cts	O Det=51	H Det=164	Mon Det=7114	Aux Det=174	O+H=389	 DONE
20/10/2025 00:19:53:	move motor	S18.axis2.piezo rotation to 0.347796deg	 DONE
20/10/2025 00:19:55:	29	count	time	3.000000s/cts	O Det=38	H Det=139	Mon Det=7228	Aux Det=143	O+H=320	 DONE
20/10/2025 00:19:59:	move motor	S18.axis2.piezo rotation to 0.347856deg	 DONE
20/10/2025 00:20:01:	30	count	time	3.000000s/cts	O Det=20	H Det=128	Mon Det=7296	Aux Det=134	O+H=282	 DONE
20/10/2025 00:20:06:	move motor	S18.axis2.piezo rotation to 0.347916deg	 DONE
20/10/2025 00:20:07:	31	count	time	3.000000s/cts	O Det=14	H Det=90	Mon Det=7195	Aux Det=124	O+H=228	 DONE
20/10/2025 00:20:12:	move motor	S18.axis2.piezo rotation to 0.347976deg	 DONE
20/10/2025 00:20:14:	32	count	time	3.000000s/cts	O Det=11	H Det=70	Mon Det=7305	Aux Det=90	O+H=171	 DONE
20/10/2025 00:20:18:	move motor	S18.axis2.piezo rotation to 0.348036deg	 DONE
20/10/2025 00:20:20:	33	count	time	3.000000s/cts	O Det=9	H Det=73	Mon Det=7287	Aux Det=93	O+H=175	 DONE
20/10/2025 00:20:25:	move motor	S18.axis2.piezo rotation to 0.348096deg	 DONE
20/10/2025 00:20:26:	34	count	time	3.000000s/cts	O Det=6	H Det=50	Mon Det=7230	Aux Det=69	O+H=125	 DONE
20/10/2025 00:20:30:	move motor	S18.axis2.piezo rotation to 0.348156deg	 DONE
20/10/2025 00:20:32:	35	count	time	3.000000s/cts	O Det=4	H Det=37	Mon Det=7227	Aux Det=58	O+H=99	 DONE
20/10/2025 00:20:37:	move motor	S18.axis2.piezo rotation to 0.348216deg	 DONE
20/10/2025 00:20:38:	36	count	time	3.000000s/cts	O Det=4	H Det=39	Mon Det=7270	Aux Det=46	O+H=89	 DONE
20/10/2025 00:20:43:	move motor	S18.axis2.piezo rotation to 0.348276deg	 DONE
20/10/2025 00:20:44:	37	count	time	3.000000s/cts	O Det=2	H Det=37	Mon Det=7302	Aux Det=42	O+H=81	 DONE
20/10/2025 00:20:49:	move motor	S18.axis2.piezo rotation to 0.348336deg	 DONE
20/10/2025 00:20:50:	38	count	time	3.000000s/cts	O Det=1	H Det=35	Mon Det=7263	Aux Det=40	O+H=76	 DONE
20/10/2025 00:20:55:	move motor	S18.axis2.piezo rotation to 0.348396deg	 DONE
20/10/2025 00:20:56:	39	count	time	3.000000s/cts	O Det=2	H Det=29	Mon Det=7221	Aux Det=23	O+H=54	 DONE
20/10/2025 00:21:01:	move motor	S18.axis2.piezo rotation to 0.348456deg	 DONE
20/10/2025 00:21:02:	40	count	time	3.000000s/cts	O Det=0	H Det=22	Mon Det=7200	Aux Det=36	O+H=58	 DONE
20/10/2025 00:21:07:	move motor	S18.axis2.piezo rotation to 0.348516deg	 DONE
20/10/2025 00:21:08:	41	count	time	3.000000s/cts	O Det=0	H Det=21	Mon Det=7308	Aux Det=25	O+H=46	 DONE
20/10/2025 00:21:13:	move motor	S18.axis2.piezo rotation to 0.348576deg	 DONE
20/10/2025 00:21:15:	42	count	time	3.000000s/cts	O Det=0	H Det=19	Mon Det=7286	Aux Det=23	O+H=42	 DONE
20/10/2025 00:21:19:	move motor	S18.axis2.piezo rotation to 0.348636deg	 DONE
20/10/2025 00:21:21:	43	count	time	3.000000s/cts	O Det=0	H Det=24	Mon Det=7447	Aux Det=25	O+H=49	 DONE
20/10/2025 00:21:25:	move motor	S18.axis2.piezo rotation to 0.348696deg	 DONE
20/10/2025 00:21:27:	44	count	time	3.000000s/cts	O Det=0	H Det=27	Mon Det=7278	Aux Det=20	O+H=47	 DONE
20/10/2025 00:21:31:	move motor	S18.axis2.piezo rotation to 0.348756deg	 DONE
20/10/2025 00:21:33:	45	count	time	3.000000s/cts	O Det=0	H Det=15	Mon Det=7271	Aux Det=20	O+H=35	 DONE
20/10/2025 00:21:37:	move motor	S18.axis2.piezo rotation to 0.348816deg	 DONE
20/10/2025 00:21:39:	46	count	time	3.000000s/cts	O Det=0	H Det=8	Mon Det=7311	Aux Det=18	O+H=26	 DONE
20/10/2025 00:21:44:	move motor	S18.axis2.piezo rotation to 0.348876deg	 DONE
20/10/2025 00:21:45:	47	count	time	3.000000s/cts	O Det=0	H Det=17	Mon Det=7293	Aux Det=22	O+H=39	 DONE
20/10/2025 00:21:50:	move motor	S18.axis2.piezo rotation to 0.348936deg	 DONE
20/10/2025 00:21:51:	48	count	time	3.000000s/cts	O Det=0	H Det=10	Mon Det=7301	Aux Det=12	O+H=22	 DONE
20/10/2025 00:21:56:	move motor	S18.axis2.piezo rotation to 0.348996deg	 DONE
20/10/2025 00:21:58:	49	count	time	3.000000s/cts	O Det=1	H Det=10	Mon Det=7446	Aux Det=12	O+H=23	 DONE
20/10/2025 00:22:02:	move motor	S18.axis2.piezo rotation to 0.349056deg	 DONE
20/10/2025 00:22:04:	50	count	time	3.000000s/cts	O Det=0	H Det=14	Mon Det=7370	Aux Det=15	O+H=29	 DONE
20/10/2025 00:22:09:	close file and end scan	 DONE
20/10/2025 00:22:09:	move motor	S18.axis2.piezo rotation to fit SUM PEAK60	0.347360reached 0.34736  DONE
20/10/2025 00:22:14:	END OF SCRIPT	 DONE
