05/10/2025 18:04:14:	start execution of script D:\data\Cycle 198\exp_3-16-19\rawdata\sc\rocking.sc	 DONE
05/10/2025 18:04:15:	move motor	S18.axis2.piezo rotation to -0.246905deg	 DONE
05/10/2025 18:04:18:	create file	D:\data\Cycle 198\exp_3-16-19\rawdata\sc\rocking_05Oct1804.dat	 DONE
room to enter remarks DONE
05/10/2025 18:04:19:	move motor	S18.axis2.piezo rotation to -0.146905deg	 DONE
05/10/2025 18:04:22:	1	count	time	5.000000s/cts	O Det=0	H Det=33	Mon Det=11432	Aux Det=28	O+H=61	 DONE
05/10/2025 18:04:29:	move motor	S18.axis2.piezo rotation to -0.146845deg	 DONE
05/10/2025 18:04:33:	2	count	time	5.000000s/cts	O Det=0	H Det=22	Mon Det=11534	Aux Det=27	O+H=49	 DONE
05/10/2025 18:04:40:	move motor	S18.axis2.piezo rotation to -0.146785deg	 DONE
05/10/2025 18:04:43:	3	count	time	5.000000s/cts	O Det=1	H Det=28	Mon Det=11369	Aux Det=33	O+H=62	 DONE
05/10/2025 18:04:50:	move motor	S18.axis2.piezo rotation to -0.146725deg	 DONE
05/10/2025 18:04:54:	4	count	time	5.000000s/cts	O Det=1	H Det=27	Mon Det=11502	Aux Det=29	O+H=57	 DONE
05/10/2025 18:05:01:	move motor	S18.axis2.piezo rotation to -0.146665deg	 DONE
05/10/2025 18:05:02:	5	count	time	5.000000s/cts	O Det=0	H Det=39	Mon Det=11403	Aux Det=31	O+H=70	 DONE
05/10/2025 18:05:09:	move motor	S18.axis2.piezo rotation to -0.146605deg	 DONE
05/10/2025 18:05:10:	6	count	time	5.000000s/cts	O Det=0	H Det=36	Mon Det=11447	Aux Det=43	O+H=79	 DONE
05/10/2025 18:05:16:	move motor	S18.axis2.piezo rotation to -0.146545deg	 DONE
05/10/2025 18:05:20:	7	count	time	5.000000s/cts	O Det=1	H Det=36	Mon Det=11377	Aux Det=33	O+H=70	 DONE
05/10/2025 18:05:27:	move motor	S18.axis2.piezo rotation to -0.146485deg	 DONE
05/10/2025 18:05:31:	8	count	time	5.000000s/cts	O Det=3	H Det=36	Mon Det=11445	Aux Det=32	O+H=71	 DONE
05/10/2025 18:05:37:	move motor	S18.axis2.piezo rotation to -0.146425deg	 DONE
05/10/2025 18:05:41:	9	count	time	5.000000s/cts	O Det=0	H Det=35	Mon Det=11498	Aux Det=41	O+H=76	 DONE
05/10/2025 18:05:48:	move motor	S18.axis2.piezo rotation to -0.146365deg	 DONE
05/10/2025 18:05:52:	10	count	time	5.000000s/cts	O Det=1	H Det=57	Mon Det=11490	Aux Det=56	O+H=114	 DONE
05/10/2025 18:05:59:	move motor	S18.axis2.piezo rotation to -0.146305deg	 DONE
05/10/2025 18:06:00:	11	count	time	5.000000s/cts	O Det=2	H Det=51	Mon Det=11392	Aux Det=49	O+H=102	 DONE
05/10/2025 18:06:07:	move motor	S18.axis2.piezo rotation to -0.146245deg	 DONE
05/10/2025 18:06:08:	12	count	time	5.000000s/cts	O Det=1	H Det=62	Mon Det=11748	Aux Det=56	O+H=119	 DONE
05/10/2025 18:06:15:	move motor	S18.axis2.piezo rotation to -0.146185deg	 DONE
05/10/2025 18:06:16:	13	count	time	5.000000s/cts	O Det=3	H Det=62	Mon Det=11588	Aux Det=59	O+H=124	 DONE
05/10/2025 18:06:23:	move motor	S18.axis2.piezo rotation to -0.146125deg	 DONE
05/10/2025 18:06:27:	14	count	time	5.000000s/cts	O Det=6	H Det=69	Mon Det=11426	Aux Det=72	O+H=147	 DONE
05/10/2025 18:06:33:	move motor	S18.axis2.piezo rotation to -0.146065deg	 DONE
05/10/2025 18:06:37:	15	count	time	5.000000s/cts	O Det=3	H Det=72	Mon Det=11516	Aux Det=80	O+H=155	 DONE
05/10/2025 18:06:44:	move motor	S18.axis2.piezo rotation to -0.146005deg	 DONE
05/10/2025 18:06:48:	16	count	time	5.000000s/cts	O Det=6	H Det=108	Mon Det=11316	Aux Det=89	O+H=203	 DONE
05/10/2025 18:06:55:	move motor	S18.axis2.piezo rotation to -0.145945deg	 DONE
05/10/2025 18:06:58:	17	count	time	5.000000s/cts	O Det=8	H Det=92	Mon Det=11710	Aux Det=112	O+H=212	 DONE
05/10/2025 18:07:05:	move motor	S18.axis2.piezo rotation to -0.145885deg	 DONE
05/10/2025 18:07:06:	18	count	time	5.000000s/cts	O Det=15	H Det=135	Mon Det=11421	Aux Det=153	O+H=303	 DONE
05/10/2025 18:07:13:	move motor	S18.axis2.piezo rotation to -0.145825deg	 DONE
05/10/2025 18:07:14:	19	count	time	5.000000s/cts	O Det=20	H Det=185	Mon Det=11500	Aux Det=157	O+H=362	 DONE
05/10/2025 18:07:21:	move motor	S18.axis2.piezo rotation to -0.145765deg	 DONE
05/10/2025 18:07:25:	20	count	time	5.000000s/cts	O Det=30	H Det=199	Mon Det=11624	Aux Det=186	O+H=415	 DONE
05/10/2025 18:07:31:	move motor	S18.axis2.piezo rotation to -0.145705deg	 DONE
05/10/2025 18:07:35:	21	count	time	5.000000s/cts	O Det=26	H Det=206	Mon Det=11535	Aux Det=217	O+H=449	 DONE
05/10/2025 18:07:42:	move motor	S18.axis2.piezo rotation to -0.145645deg	 DONE
05/10/2025 18:07:46:	22	count	time	5.000000s/cts	O Det=31	H Det=263	Mon Det=11515	Aux Det=270	O+H=564	 DONE
05/10/2025 18:07:53:	move motor	S18.axis2.piezo rotation to -0.145585deg	 DONE
05/10/2025 18:07:56:	23	count	time	5.000000s/cts	O Det=54	H Det=289	Mon Det=11585	Aux Det=295	O+H=638	 DONE
05/10/2025 18:08:03:	move motor	S18.axis2.piezo rotation to -0.145525deg	 DONE
05/10/2025 18:08:04:	24	count	time	5.000000s/cts	O Det=75	H Det=377	Mon Det=11620	Aux Det=345	O+H=797	 DONE
05/10/2025 18:08:11:	move motor	S18.axis2.piezo rotation to -0.145465deg	 DONE
05/10/2025 18:08:12:	25	count	time	5.000000s/cts	O Det=96	H Det=371	Mon Det=11490	Aux Det=394	O+H=861	 DONE
05/10/2025 18:08:19:	move motor	S18.axis2.piezo rotation to -0.145405deg	 DONE
05/10/2025 18:08:23:	26	count	time	5.000000s/cts	O Det=116	H Det=459	Mon Det=11683	Aux Det=405	O+H=980	 DONE
05/10/2025 18:08:29:	move motor	S18.axis2.piezo rotation to -0.145345deg	 DONE
05/10/2025 18:08:33:	27	count	time	5.000000s/cts	O Det=139	H Det=465	Mon Det=11605	Aux Det=460	O+H=1064	 DONE
05/10/2025 18:08:40:	move motor	S18.axis2.piezo rotation to -0.145285deg	 DONE
05/10/2025 18:08:44:	28	count	time	5.000000s/cts	O Det=159	H Det=520	Mon Det=11685	Aux Det=441	O+H=1120	 DONE
05/10/2025 18:08:50:	move motor	S18.axis2.piezo rotation to -0.145225deg	 DONE
05/10/2025 18:08:54:	29	count	time	5.000000s/cts	O Det=173	H Det=532	Mon Det=11391	Aux Det=468	O+H=1173	 DONE
05/10/2025 18:09:01:	move motor	S18.axis2.piezo rotation to -0.145165deg	 DONE
05/10/2025 18:09:02:	30	count	time	5.000000s/cts	O Det=189	H Det=516	Mon Det=11648	Aux Det=468	O+H=1173	 DONE
05/10/2025 18:09:09:	move motor	S18.axis2.piezo rotation to -0.145105deg	 DONE
05/10/2025 18:09:10:	31	count	time	5.000000s/cts	O Det=186	H Det=515	Mon Det=11570	Aux Det=421	O+H=1122	 DONE
05/10/2025 18:09:17:	move motor	S18.axis2.piezo rotation to -0.145045deg	 DONE
05/10/2025 18:09:20:	32	count	time	5.000000s/cts	O Det=174	H Det=480	Mon Det=11556	Aux Det=471	O+H=1125	 DONE
05/10/2025 18:09:27:	move motor	S18.axis2.piezo rotation to -0.144985deg	 DONE
05/10/2025 18:09:31:	33	count	time	5.000000s/cts	O Det=182	H Det=452	Mon Det=11514	Aux Det=425	O+H=1059	 DONE
05/10/2025 18:09:38:	move motor	S18.axis2.piezo rotation to -0.144925deg	 DONE
05/10/2025 18:09:41:	34	count	time	5.000000s/cts	O Det=166	H Det=359	Mon Det=11538	Aux Det=394	O+H=919	 DONE
05/10/2025 18:09:48:	move motor	S18.axis2.piezo rotation to -0.144865deg	 DONE
05/10/2025 18:09:52:	35	count	time	5.000000s/cts	O Det=125	H Det=343	Mon Det=11531	Aux Det=338	O+H=806	 DONE
05/10/2025 18:09:59:	move motor	S18.axis2.piezo rotation to -0.144805deg	 DONE
05/10/2025 18:10:00:	36	count	time	5.000000s/cts	O Det=86	H Det=317	Mon Det=11583	Aux Det=351	O+H=754	 DONE
05/10/2025 18:10:07:	move motor	S18.axis2.piezo rotation to -0.144745deg	 DONE
05/10/2025 18:10:08:	37	count	time	5.000000s/cts	O Det=65	H Det=289	Mon Det=11302	Aux Det=306	O+H=660	 DONE
05/10/2025 18:10:15:	move motor	S18.axis2.piezo rotation to -0.144685deg	 DONE
05/10/2025 18:10:18:	38	count	time	5.000000s/cts	O Det=60	H Det=244	Mon Det=11681	Aux Det=258	O+H=562	 DONE
05/10/2025 18:10:25:	move motor	S18.axis2.piezo rotation to -0.144625deg	 DONE
05/10/2025 18:10:29:	39	count	time	5.000000s/cts	O Det=40	H Det=186	Mon Det=11568	Aux Det=194	O+H=420	 DONE
05/10/2025 18:10:36:	move motor	S18.axis2.piezo rotation to -0.144565deg	 DONE
05/10/2025 18:10:40:	40	count	time	5.000000s/cts	O Det=31	H Det=184	Mon Det=11436	Aux Det=198	O+H=413	 DONE
05/10/2025 18:10:46:	move motor	S18.axis2.piezo rotation to -0.144505deg	 DONE
05/10/2025 18:10:50:	41	count	time	5.000000s/cts	O Det=26	H Det=154	Mon Det=11428	Aux Det=165	O+H=345	 DONE
05/10/2025 18:10:57:	move motor	S18.axis2.piezo rotation to -0.144445deg	 DONE
05/10/2025 18:10:59:	42	count	time	5.000000s/cts	O Det=9	H Det=127	Mon Det=11326	Aux Det=131	O+H=267	 DONE
05/10/2025 18:11:06:	move motor	S18.axis2.piezo rotation to -0.144385deg	 DONE
05/10/2025 18:11:07:	43	count	time	5.000000s/cts	O Det=16	H Det=100	Mon Det=11568	Aux Det=109	O+H=225	 DONE
05/10/2025 18:11:13:	move motor	S18.axis2.piezo rotation to -0.144325deg	 DONE
05/10/2025 18:11:17:	44	count	time	5.000000s/cts	O Det=7	H Det=120	Mon Det=11774	Aux Det=88	O+H=215	 DONE
05/10/2025 18:11:24:	move motor	S18.axis2.piezo rotation to -0.144265deg	 DONE
05/10/2025 18:11:28:	45	count	time	5.000000s/cts	O Det=4	H Det=75	Mon Det=11707	Aux Det=83	O+H=162	 DONE
05/10/2025 18:11:34:	move motor	S18.axis2.piezo rotation to -0.144205deg	 DONE
05/10/2025 18:11:38:	46	count	time	5.000000s/cts	O Det=6	H Det=81	Mon Det=11621	Aux Det=96	O+H=183	 DONE
05/10/2025 18:11:45:	move motor	S18.axis2.piezo rotation to -0.144145deg	 DONE
05/10/2025 18:11:49:	47	count	time	5.000000s/cts	O Det=3	H Det=74	Mon Det=11624	Aux Det=57	O+H=134	 DONE
05/10/2025 18:11:56:	move motor	S18.axis2.piezo rotation to -0.144085deg	 DONE
05/10/2025 18:11:57:	48	count	time	5.000000s/cts	O Det=1	H Det=44	Mon Det=11493	Aux Det=67	O+H=112	 DONE
05/10/2025 18:12:04:	move motor	S18.axis2.piezo rotation to -0.144025deg	 DONE
05/10/2025 18:12:05:	49	count	time	5.000000s/cts	O Det=5	H Det=51	Mon Det=11609	Aux Det=40	O+H=96	 DONE
05/10/2025 18:12:12:	move motor	S18.axis2.piezo rotation to -0.143965deg	 DONE
05/10/2025 18:12:13:	50	count	time	5.000000s/cts	O Det=0	H Det=48	Mon Det=11436	Aux Det=49	O+H=97	 DONE
05/10/2025 18:12:20:	move motor	S18.axis2.piezo rotation to -0.143905deg	 DONE
05/10/2025 18:12:23:	51	count	time	5.000000s/cts	O Det=2	H Det=41	Mon Det=11705	Aux Det=41	O+H=84	 DONE
05/10/2025 18:12:30:	move motor	S18.axis2.piezo rotation to -0.143845deg	 DONE
05/10/2025 18:12:34:	52	count	time	5.000000s/cts	O Det=1	H Det=29	Mon Det=11515	Aux Det=34	O+H=64	 DONE
05/10/2025 18:12:41:	move motor	S18.axis2.piezo rotation to -0.143785deg	 DONE
05/10/2025 18:12:44:	53	count	time	5.000000s/cts	O Det=0	H Det=35	Mon Det=11429	Aux Det=37	O+H=72	 DONE
05/10/2025 18:12:51:	move motor	S18.axis2.piezo rotation to -0.143725deg	 DONE
05/10/2025 18:12:55:	54	count	time	5.000000s/cts	O Det=0	H Det=43	Mon Det=11544	Aux Det=45	O+H=88	 DONE
05/10/2025 18:13:02:	move motor	S18.axis2.piezo rotation to -0.143665deg	 DONE
05/10/2025 18:13:03:	55	count	time	5.000000s/cts	O Det=1	H Det=31	Mon Det=11407	Aux Det=41	O+H=73	 DONE
05/10/2025 18:13:10:	move motor	S18.axis2.piezo rotation to -0.143605deg	 DONE
05/10/2025 18:13:11:	56	count	time	5.000000s/cts	O Det=0	H Det=21	Mon Det=11436	Aux Det=35	O+H=56	 DONE
05/10/2025 18:13:17:	move motor	S18.axis2.piezo rotation to -0.143545deg	 DONE
05/10/2025 18:13:21:	57	count	time	5.000000s/cts	O Det=2	H Det=36	Mon Det=11456	Aux Det=27	O+H=65	 DONE
05/10/2025 18:13:28:	move motor	S18.axis2.piezo rotation to -0.143485deg	 DONE
05/10/2025 18:13:32:	58	count	time	5.000000s/cts	O Det=2	H Det=27	Mon Det=11679	Aux Det=31	O+H=60	 DONE
05/10/2025 18:13:39:	move motor	S18.axis2.piezo rotation to -0.143425deg	 DONE
05/10/2025 18:13:42:	59	count	time	5.000000s/cts	O Det=0	H Det=17	Mon Det=11741	Aux Det=23	O+H=40	 DONE
05/10/2025 18:13:49:	move motor	S18.axis2.piezo rotation to -0.143365deg	 DONE
05/10/2025 18:13:53:	60	count	time	5.000000s/cts	O Det=1	H Det=28	Mon Det=11538	Aux Det=19	O+H=48	 DONE
05/10/2025 18:14:00:	close file and end scan	 DONE
05/10/2025 18:14:00:	move motor	S18.axis2.piezo rotation to fit SUM PEAK60	-0.145176reached -0.14518  DONE
05/10/2025 18:14:04:	END OF SCRIPT	 DONE
