29/09/2025 21:34:42:	start execution of script D:\data\Cycle 198\exp_3-16-19\rawdata\sc\rocking.sc	 DONE
29/09/2025 21:34:42:	move motor	S18.axis2.piezo rotation to -1.432206deg	 DONE
29/09/2025 21:34:46:	create file	D:\data\Cycle 198\exp_3-16-19\rawdata\sc\rocking_29Sep2134.dat	 DONE
room to enter remarks DONE
29/09/2025 21:34:47:	move motor	S18.axis2.piezo rotation to -1.332206deg	 DONE
29/09/2025 21:34:51:	1	count	time	5.000000s/cts	O Det=5	H Det=104	Mon Det=11461	Aux Det=121	O+H=230	 DONE
29/09/2025 21:34:58:	move motor	S18.axis2.piezo rotation to -1.332156deg	 DONE
29/09/2025 21:35:00:	2	count	time	5.000000s/cts	O Det=4	H Det=79	Mon Det=11510	Aux Det=102	O+H=185	 DONE
29/09/2025 21:35:07:	move motor	S18.axis2.piezo rotation to -1.332106deg	 DONE
29/09/2025 21:35:08:	3	count	time	5.000000s/cts	O Det=6	H Det=87	Mon Det=11566	Aux Det=100	O+H=193	 DONE
29/09/2025 21:35:15:	move motor	S18.axis2.piezo rotation to -1.332056deg	 DONE
29/09/2025 21:35:16:	4	count	time	5.000000s/cts	O Det=10	H Det=119	Mon Det=11408	Aux Det=102	O+H=231	 DONE
29/09/2025 21:35:23:	move motor	S18.axis2.piezo rotation to -1.332006deg	 DONE
29/09/2025 21:35:24:	5	count	time	5.000000s/cts	O Det=7	H Det=112	Mon Det=11497	Aux Det=119	O+H=238	 DONE
29/09/2025 21:35:30:	move motor	S18.axis2.piezo rotation to -1.331956deg	 DONE
29/09/2025 21:35:31:	6	count	time	5.000000s/cts	O Det=11	H Det=141	Mon Det=11351	Aux Det=148	O+H=300	 DONE
29/09/2025 21:35:38:	move motor	S18.axis2.piezo rotation to -1.331906deg	 DONE
29/09/2025 21:35:39:	7	count	time	5.000000s/cts	O Det=13	H Det=165	Mon Det=11455	Aux Det=187	O+H=365	 DONE
29/09/2025 21:35:46:	move motor	S18.axis2.piezo rotation to -1.331856deg	 DONE
29/09/2025 21:35:48:	8	count	time	5.000000s/cts	O Det=47	H Det=217	Mon Det=11554	Aux Det=211	O+H=475	 DONE
29/09/2025 21:35:54:	move motor	S18.axis2.piezo rotation to -1.331806deg	 DONE
29/09/2025 21:35:56:	9	count	time	5.000000s/cts	O Det=58	H Det=215	Mon Det=11328	Aux Det=253	O+H=526	 DONE
29/09/2025 21:36:02:	move motor	S18.axis2.piezo rotation to -1.331756deg	 DONE
29/09/2025 21:36:04:	10	count	time	5.000000s/cts	O Det=62	H Det=240	Mon Det=11533	Aux Det=289	O+H=591	 DONE
29/09/2025 21:36:10:	move motor	S18.axis2.piezo rotation to -1.331706deg	 DONE
29/09/2025 21:36:12:	11	count	time	5.000000s/cts	O Det=53	H Det=247	Mon Det=11429	Aux Det=336	O+H=636	 DONE
29/09/2025 21:36:19:	move motor	S18.axis2.piezo rotation to -1.331656deg	 DONE
29/09/2025 21:36:20:	12	count	time	5.000000s/cts	O Det=46	H Det=282	Mon Det=11565	Aux Det=336	O+H=664	 DONE
29/09/2025 21:36:27:	move motor	S18.axis2.piezo rotation to -1.331606deg	 DONE
29/09/2025 21:36:28:	13	count	time	5.000000s/cts	O Det=83	H Det=320	Mon Det=11300	Aux Det=398	O+H=801	 DONE
29/09/2025 21:36:34:	move motor	S18.axis2.piezo rotation to -1.331556deg	 DONE
29/09/2025 21:36:35:	14	count	time	5.000000s/cts	O Det=126	H Det=355	Mon Det=11733	Aux Det=481	O+H=962	 DONE
29/09/2025 21:36:42:	move motor	S18.axis2.piezo rotation to -1.331506deg	 DONE
29/09/2025 21:36:43:	15	count	time	5.000000s/cts	O Det=181	H Det=421	Mon Det=11544	Aux Det=530	O+H=1132	 DONE
29/09/2025 21:36:50:	move motor	S18.axis2.piezo rotation to -1.331456deg	 DONE
29/09/2025 21:36:51:	16	count	time	5.000000s/cts	O Det=186	H Det=487	Mon Det=11624	Aux Det=548	O+H=1221	 DONE
29/09/2025 21:36:58:	move motor	S18.axis2.piezo rotation to -1.331406deg	 DONE
29/09/2025 21:36:59:	17	count	time	5.000000s/cts	O Det=249	H Det=591	Mon Det=11507	Aux Det=651	O+H=1491	 DONE
29/09/2025 21:37:06:	move motor	S18.axis2.piezo rotation to -1.331356deg	 DONE
29/09/2025 21:37:07:	18	count	time	5.000000s/cts	O Det=289	H Det=628	Mon Det=11581	Aux Det=652	O+H=1569	 DONE
29/09/2025 21:37:14:	move motor	S18.axis2.piezo rotation to -1.331306deg	 DONE
29/09/2025 21:37:15:	19	count	time	5.000000s/cts	O Det=332	H Det=722	Mon Det=11268	Aux Det=701	O+H=1755	 DONE
29/09/2025 21:37:22:	move motor	S18.axis2.piezo rotation to -1.331256deg	 DONE
29/09/2025 21:37:23:	20	count	time	5.000000s/cts	O Det=332	H Det=841	Mon Det=11391	Aux Det=730	O+H=1903	 DONE
29/09/2025 21:37:30:	move motor	S18.axis2.piezo rotation to -1.331206deg	 DONE
29/09/2025 21:37:31:	21	count	time	5.000000s/cts	O Det=270	H Det=891	Mon Det=11350	Aux Det=754	O+H=1915	 DONE
29/09/2025 21:37:37:	move motor	S18.axis2.piezo rotation to -1.331156deg	 DONE
29/09/2025 21:37:39:	22	count	time	5.000000s/cts	O Det=276	H Det=938	Mon Det=11509	Aux Det=671	O+H=1885	 DONE
29/09/2025 21:37:45:	move motor	S18.axis2.piezo rotation to -1.331106deg	 DONE
29/09/2025 21:37:46:	23	count	time	5.000000s/cts	O Det=226	H Det=945	Mon Det=11419	Aux Det=712	O+H=1883	 DONE
29/09/2025 21:37:53:	move motor	S18.axis2.piezo rotation to -1.331056deg	 DONE
29/09/2025 21:37:54:	24	count	time	5.000000s/cts	O Det=190	H Det=984	Mon Det=11394	Aux Det=665	O+H=1839	 DONE
29/09/2025 21:38:01:	move motor	S18.axis2.piezo rotation to -1.331006deg	 DONE
29/09/2025 21:38:02:	25	count	time	5.000000s/cts	O Det=116	H Det=880	Mon Det=11682	Aux Det=716	O+H=1712	 DONE
29/09/2025 21:38:09:	move motor	S18.axis2.piezo rotation to -1.330956deg	 DONE
29/09/2025 21:38:11:	26	count	time	5.000000s/cts	O Det=91	H Det=842	Mon Det=11580	Aux Det=678	O+H=1611	 DONE
29/09/2025 21:38:17:	move motor	S18.axis2.piezo rotation to -1.330906deg	 DONE
29/09/2025 21:38:18:	27	count	time	5.000000s/cts	O Det=48	H Det=784	Mon Det=11336	Aux Det=615	O+H=1447	 DONE
29/09/2025 21:38:25:	move motor	S18.axis2.piezo rotation to -1.330856deg	 DONE
29/09/2025 21:38:26:	28	count	time	5.000000s/cts	O Det=40	H Det=665	Mon Det=11349	Aux Det=554	O+H=1259	 DONE
29/09/2025 21:38:33:	move motor	S18.axis2.piezo rotation to -1.330806deg	 DONE
29/09/2025 21:38:34:	29	count	time	5.000000s/cts	O Det=45	H Det=558	Mon Det=11514	Aux Det=517	O+H=1120	 DONE
29/09/2025 21:38:41:	move motor	S18.axis2.piezo rotation to -1.330756deg	 DONE
29/09/2025 21:38:42:	30	count	time	5.000000s/cts	O Det=35	H Det=517	Mon Det=11538	Aux Det=477	O+H=1029	 DONE
29/09/2025 21:38:49:	move motor	S18.axis2.piezo rotation to -1.330706deg	 DONE
29/09/2025 21:38:50:	31	count	time	5.000000s/cts	O Det=23	H Det=386	Mon Det=11537	Aux Det=459	O+H=868	 DONE
29/09/2025 21:38:57:	move motor	S18.axis2.piezo rotation to -1.330656deg	 DONE
29/09/2025 21:38:58:	32	count	time	5.000000s/cts	O Det=24	H Det=371	Mon Det=11558	Aux Det=351	O+H=746	 DONE
29/09/2025 21:39:05:	move motor	S18.axis2.piezo rotation to -1.330606deg	 DONE
29/09/2025 21:39:06:	33	count	time	5.000000s/cts	O Det=21	H Det=267	Mon Det=11603	Aux Det=285	O+H=573	 DONE
29/09/2025 21:39:13:	move motor	S18.axis2.piezo rotation to -1.330556deg	 DONE
29/09/2025 21:39:14:	34	count	time	5.000000s/cts	O Det=19	H Det=205	Mon Det=11502	Aux Det=257	O+H=481	 DONE
29/09/2025 21:39:21:	move motor	S18.axis2.piezo rotation to -1.330506deg	 DONE
29/09/2025 21:39:22:	35	count	time	5.000000s/cts	O Det=13	H Det=198	Mon Det=11437	Aux Det=242	O+H=453	 DONE
29/09/2025 21:39:29:	move motor	S18.axis2.piezo rotation to -1.330456deg	 DONE
29/09/2025 21:39:31:	36	count	time	5.000000s/cts	O Det=6	H Det=139	Mon Det=11537	Aux Det=182	O+H=327	 DONE
29/09/2025 21:39:37:	move motor	S18.axis2.piezo rotation to -1.330406deg	 DONE
29/09/2025 21:39:39:	37	count	time	5.000000s/cts	O Det=11	H Det=162	Mon Det=11419	Aux Det=172	O+H=345	 DONE
29/09/2025 21:39:45:	move motor	S18.axis2.piezo rotation to -1.330356deg	 DONE
29/09/2025 21:39:46:	38	count	time	5.000000s/cts	O Det=15	H Det=155	Mon Det=11487	Aux Det=157	O+H=327	 DONE
29/09/2025 21:39:53:	move motor	S18.axis2.piezo rotation to -1.330306deg	 DONE
29/09/2025 21:39:54:	39	count	time	5.000000s/cts	O Det=6	H Det=110	Mon Det=11283	Aux Det=115	O+H=231	 DONE
29/09/2025 21:40:01:	move motor	S18.axis2.piezo rotation to -1.330256deg	 DONE
29/09/2025 21:40:02:	40	count	time	5.000000s/cts	O Det=6	H Det=127	Mon Det=11385	Aux Det=127	O+H=260	 DONE
29/09/2025 21:40:09:	move motor	S18.axis2.piezo rotation to -1.330206deg	 DONE
29/09/2025 21:40:10:	41	count	time	5.000000s/cts	O Det=6	H Det=110	Mon Det=11357	Aux Det=118	O+H=234	 DONE
29/09/2025 21:40:17:	move motor	S18.axis2.piezo rotation to -1.330156deg	 DONE
29/09/2025 21:40:18:	42	count	time	5.000000s/cts	O Det=4	H Det=79	Mon Det=11529	Aux Det=102	O+H=185	 DONE
29/09/2025 21:40:25:	move motor	S18.axis2.piezo rotation to -1.330106deg	 DONE
29/09/2025 21:40:26:	43	count	time	5.000000s/cts	O Det=0	H Det=91	Mon Det=11441	Aux Det=99	O+H=190	 DONE
29/09/2025 21:40:33:	move motor	S18.axis2.piezo rotation to -1.330056deg	 DONE
29/09/2025 21:40:34:	44	count	time	5.000000s/cts	O Det=0	H Det=69	Mon Det=11549	Aux Det=72	O+H=141	 DONE
29/09/2025 21:40:40:	move motor	S18.axis2.piezo rotation to -1.330006deg	 DONE
29/09/2025 21:40:42:	45	count	time	5.000000s/cts	O Det=0	H Det=59	Mon Det=11484	Aux Det=83	O+H=142	 DONE
29/09/2025 21:40:48:	move motor	S18.axis2.piezo rotation to -1.329956deg	 DONE
29/09/2025 21:40:50:	46	count	time	5.000000s/cts	O Det=2	H Det=64	Mon Det=11414	Aux Det=71	O+H=137	 DONE
29/09/2025 21:40:56:	move motor	S18.axis2.piezo rotation to -1.329906deg	 DONE
29/09/2025 21:40:57:	47	count	time	5.000000s/cts	O Det=0	H Det=60	Mon Det=11460	Aux Det=46	O+H=106	 DONE
29/09/2025 21:41:04:	move motor	S18.axis2.piezo rotation to -1.329856deg	 DONE
29/09/2025 21:41:05:	48	count	time	5.000000s/cts	O Det=0	H Det=51	Mon Det=11400	Aux Det=88	O+H=139	 DONE
29/09/2025 21:41:12:	move motor	S18.axis2.piezo rotation to -1.329806deg	 DONE
29/09/2025 21:41:13:	49	count	time	5.000000s/cts	O Det=1	H Det=45	Mon Det=11470	Aux Det=62	O+H=108	 DONE
29/09/2025 21:41:20:	move motor	S18.axis2.piezo rotation to -1.329756deg	 DONE
29/09/2025 21:41:22:	50	count	time	5.000000s/cts	O Det=0	H Det=52	Mon Det=11506	Aux Det=49	O+H=101	 DONE
29/09/2025 21:41:28:	move motor	S18.axis2.piezo rotation to -1.329706deg	 DONE
29/09/2025 21:41:29:	51	count	time	5.000000s/cts	O Det=4	H Det=35	Mon Det=11268	Aux Det=50	O+H=89	 DONE
29/09/2025 21:41:36:	move motor	S18.axis2.piezo rotation to -1.329656deg	 DONE
29/09/2025 21:41:37:	52	count	time	5.000000s/cts	O Det=1	H Det=47	Mon Det=11497	Aux Det=50	O+H=98	 DONE
29/09/2025 21:41:44:	move motor	S18.axis2.piezo rotation to -1.329606deg	 DONE
29/09/2025 21:41:45:	53	count	time	5.000000s/cts	O Det=0	H Det=31	Mon Det=11510	Aux Det=37	O+H=68	 DONE
29/09/2025 21:41:52:	move motor	S18.axis2.piezo rotation to -1.329556deg	 DONE
29/09/2025 21:41:53:	54	count	time	5.000000s/cts	O Det=3	H Det=33	Mon Det=11498	Aux Det=24	O+H=60	 DONE
29/09/2025 21:41:59:	move motor	S18.axis2.piezo rotation to -1.329506deg	 DONE
29/09/2025 21:42:01:	55	count	time	5.000000s/cts	O Det=0	H Det=25	Mon Det=11625	Aux Det=45	O+H=70	 DONE
29/09/2025 21:42:07:	move motor	S18.axis2.piezo rotation to -1.329456deg	 DONE
29/09/2025 21:42:08:	56	count	time	5.000000s/cts	O Det=1	H Det=42	Mon Det=11407	Aux Det=39	O+H=82	 DONE
29/09/2025 21:42:15:	move motor	S18.axis2.piezo rotation to -1.329406deg	 DONE
29/09/2025 21:42:16:	57	count	time	5.000000s/cts	O Det=1	H Det=35	Mon Det=11574	Aux Det=34	O+H=70	 DONE
29/09/2025 21:42:23:	move motor	S18.axis2.piezo rotation to -1.329356deg	 DONE
29/09/2025 21:42:24:	58	count	time	5.000000s/cts	O Det=1	H Det=28	Mon Det=11482	Aux Det=29	O+H=58	 DONE
29/09/2025 21:42:31:	move motor	S18.axis2.piezo rotation to -1.329306deg	 DONE
29/09/2025 21:42:32:	59	count	time	5.000000s/cts	O Det=0	H Det=32	Mon Det=11531	Aux Det=17	O+H=49	 DONE
29/09/2025 21:42:39:	move motor	S18.axis2.piezo rotation to -1.329256deg	 DONE
29/09/2025 21:42:40:	60	count	time	5.000000s/cts	O Det=1	H Det=30	Mon Det=11606	Aux Det=22	O+H=53	 DONE
29/09/2025 21:42:46:	close file and end scan	 DONE
29/09/2025 21:42:47:	move motor	S18.axis2.piezo rotation to fit SUM PEAK60	-1.331162reached -1.33116  DONE
29/09/2025 21:42:51:	END OF SCRIPT	 DONE
