04/10/2025 09:47:28:	start execution of script D:\data\Cycle 198\exp_3-16-19\rawdata\sc\rocking.sc	 DONE
04/10/2025 09:47:28:	move motor	S18.axis2.piezo rotation to -0.246905deg	 DONE
04/10/2025 09:47:32:	create file	D:\data\Cycle 198\exp_3-16-19\rawdata\sc\rocking_04Oct0947.dat	 DONE
room to enter remarks DONE
04/10/2025 09:47:33:	move motor	S18.axis2.piezo rotation to -0.146905deg	 DONE
04/10/2025 09:47:37:	1	count	time	5.000000s/cts	O Det=2	H Det=30	Mon Det=11693	Aux Det=0	O+H=32	 DONE
04/10/2025 09:47:44:	move motor	S18.axis2.piezo rotation to -0.146845deg	 DONE
04/10/2025 09:47:47:	2	count	time	5.000000s/cts	O Det=1	H Det=25	Mon Det=11647	Aux Det=2	O+H=28	 DONE
04/10/2025 09:47:54:	move motor	S18.axis2.piezo rotation to -0.146785deg	 DONE
04/10/2025 09:47:58:	3	count	time	5.000000s/cts	O Det=3	H Det=32	Mon Det=11514	Aux Det=3	O+H=38	 DONE
04/10/2025 09:48:04:	move motor	S18.axis2.piezo rotation to -0.146725deg	 DONE
04/10/2025 09:48:08:	4	count	time	5.000000s/cts	O Det=3	H Det=22	Mon Det=11667	Aux Det=2	O+H=27	 DONE
04/10/2025 09:48:15:	move motor	S18.axis2.piezo rotation to -0.146665deg	 DONE
04/10/2025 09:48:16:	5	count	time	5.000000s/cts	O Det=1	H Det=33	Mon Det=11365	Aux Det=3	O+H=37	 DONE
04/10/2025 09:48:23:	move motor	S18.axis2.piezo rotation to -0.146605deg	 DONE
04/10/2025 09:48:24:	6	count	time	5.000000s/cts	O Det=3	H Det=38	Mon Det=11451	Aux Det=3	O+H=44	 DONE
04/10/2025 09:48:31:	move motor	S18.axis2.piezo rotation to -0.146545deg	 DONE
04/10/2025 09:48:34:	7	count	time	5.000000s/cts	O Det=2	H Det=36	Mon Det=11687	Aux Det=3	O+H=41	 DONE
04/10/2025 09:48:41:	move motor	S18.axis2.piezo rotation to -0.146485deg	 DONE
04/10/2025 09:48:45:	8	count	time	5.000000s/cts	O Det=1	H Det=42	Mon Det=11602	Aux Det=1	O+H=44	 DONE
04/10/2025 09:48:51:	move motor	S18.axis2.piezo rotation to -0.146425deg	 DONE
04/10/2025 09:48:55:	9	count	time	5.000000s/cts	O Det=4	H Det=52	Mon Det=11462	Aux Det=3	O+H=59	 DONE
04/10/2025 09:49:02:	move motor	S18.axis2.piezo rotation to -0.146365deg	 DONE
04/10/2025 09:49:05:	10	count	time	5.000000s/cts	O Det=2	H Det=65	Mon Det=11462	Aux Det=1	O+H=68	 DONE
04/10/2025 09:49:12:	move motor	S18.axis2.piezo rotation to -0.146305deg	 DONE
04/10/2025 09:49:13:	11	count	time	5.000000s/cts	O Det=2	H Det=61	Mon Det=11568	Aux Det=2	O+H=65	 DONE
04/10/2025 09:49:20:	move motor	S18.axis2.piezo rotation to -0.146245deg	 DONE
04/10/2025 09:49:21:	12	count	time	5.000000s/cts	O Det=0	H Det=70	Mon Det=11371	Aux Det=1	O+H=71	 DONE
04/10/2025 09:49:28:	move motor	S18.axis2.piezo rotation to -0.146185deg	 DONE
04/10/2025 09:49:29:	13	count	time	5.000000s/cts	O Det=1	H Det=65	Mon Det=11584	Aux Det=2	O+H=68	 DONE
04/10/2025 09:49:36:	move motor	S18.axis2.piezo rotation to -0.146125deg	 DONE
04/10/2025 09:49:39:	14	count	time	5.000000s/cts	O Det=2	H Det=87	Mon Det=11676	Aux Det=1	O+H=90	 DONE
04/10/2025 09:49:46:	move motor	S18.axis2.piezo rotation to -0.146065deg	 DONE
04/10/2025 09:49:50:	15	count	time	5.000000s/cts	O Det=2	H Det=76	Mon Det=11198	Aux Det=4	O+H=82	 DONE
04/10/2025 09:49:56:	move motor	S18.axis2.piezo rotation to -0.146005deg	 DONE
04/10/2025 09:50:00:	16	count	time	5.000000s/cts	O Det=9	H Det=132	Mon Det=11454	Aux Det=7	O+H=148	 DONE
04/10/2025 09:50:07:	move motor	S18.axis2.piezo rotation to -0.145945deg	 DONE
04/10/2025 09:50:10:	17	count	time	5.000000s/cts	O Det=9	H Det=162	Mon Det=11550	Aux Det=17	O+H=188	 DONE
04/10/2025 09:50:17:	move motor	S18.axis2.piezo rotation to -0.145885deg	 DONE
04/10/2025 09:50:18:	18	count	time	5.000000s/cts	O Det=12	H Det=195	Mon Det=11657	Aux Det=35	O+H=242	 DONE
04/10/2025 09:50:25:	move motor	S18.axis2.piezo rotation to -0.145825deg	 DONE
04/10/2025 09:50:26:	19	count	time	5.000000s/cts	O Det=27	H Det=216	Mon Det=11497	Aux Det=23	O+H=266	 DONE
04/10/2025 09:50:33:	move motor	S18.axis2.piezo rotation to -0.145765deg	 DONE
04/10/2025 09:50:36:	20	count	time	5.000000s/cts	O Det=30	H Det=237	Mon Det=11593	Aux Det=22	O+H=289	 DONE
04/10/2025 09:50:43:	move motor	S18.axis2.piezo rotation to -0.145705deg	 DONE
04/10/2025 09:50:47:	21	count	time	5.000000s/cts	O Det=56	H Det=242	Mon Det=11553	Aux Det=10	O+H=308	 DONE
04/10/2025 09:50:53:	move motor	S18.axis2.piezo rotation to -0.145645deg	 DONE
04/10/2025 09:50:57:	22	count	time	5.000000s/cts	O Det=79	H Det=312	Mon Det=11469	Aux Det=12	O+H=403	 DONE
04/10/2025 09:51:04:	move motor	S18.axis2.piezo rotation to -0.145585deg	 DONE
04/10/2025 09:51:07:	23	count	time	5.000000s/cts	O Det=123	H Det=314	Mon Det=11579	Aux Det=48	O+H=485	 DONE
04/10/2025 09:51:14:	move motor	S18.axis2.piezo rotation to -0.145525deg	 DONE
04/10/2025 09:51:15:	24	count	time	5.000000s/cts	O Det=200	H Det=346	Mon Det=11508	Aux Det=131	O+H=677	 DONE
04/10/2025 09:51:22:	move motor	S18.axis2.piezo rotation to -0.145465deg	 DONE
04/10/2025 09:51:23:	25	count	time	5.000000s/cts	O Det=257	H Det=354	Mon Det=11600	Aux Det=201	O+H=812	 DONE
04/10/2025 09:51:30:	move motor	S18.axis2.piezo rotation to -0.145405deg	 DONE
04/10/2025 09:51:34:	26	count	time	5.000000s/cts	O Det=318	H Det=347	Mon Det=11581	Aux Det=308	O+H=973	 DONE
04/10/2025 09:51:40:	move motor	S18.axis2.piezo rotation to -0.145345deg	 DONE
04/10/2025 09:51:44:	27	count	time	5.000000s/cts	O Det=357	H Det=402	Mon Det=11328	Aux Det=417	O+H=1176	 DONE
04/10/2025 09:51:51:	move motor	S18.axis2.piezo rotation to -0.145285deg	 DONE
04/10/2025 09:51:54:	28	count	time	5.000000s/cts	O Det=448	H Det=392	Mon Det=11507	Aux Det=495	O+H=1335	 DONE
04/10/2025 09:52:01:	move motor	S18.axis2.piezo rotation to -0.145225deg	 DONE
04/10/2025 09:52:05:	29	count	time	5.000000s/cts	O Det=410	H Det=427	Mon Det=11442	Aux Det=528	O+H=1365	 DONE
04/10/2025 09:52:11:	move motor	S18.axis2.piezo rotation to -0.145165deg	 DONE
04/10/2025 09:52:13:	30	count	time	5.000000s/cts	O Det=420	H Det=393	Mon Det=11449	Aux Det=555	O+H=1368	 DONE
04/10/2025 09:52:19:	move motor	S18.axis2.piezo rotation to -0.145105deg	 DONE
04/10/2025 09:52:20:	31	count	time	5.000000s/cts	O Det=424	H Det=438	Mon Det=11405	Aux Det=491	O+H=1353	 DONE
04/10/2025 09:52:27:	move motor	S18.axis2.piezo rotation to -0.145045deg	 DONE
04/10/2025 09:52:31:	32	count	time	5.000000s/cts	O Det=411	H Det=395	Mon Det=11513	Aux Det=449	O+H=1255	 DONE
04/10/2025 09:52:37:	move motor	S18.axis2.piezo rotation to -0.144985deg	 DONE
04/10/2025 09:52:41:	33	count	time	5.000000s/cts	O Det=345	H Det=364	Mon Det=11738	Aux Det=330	O+H=1039	 DONE
04/10/2025 09:52:48:	move motor	S18.axis2.piezo rotation to -0.144925deg	 DONE
04/10/2025 09:52:52:	34	count	time	5.000000s/cts	O Det=315	H Det=385	Mon Det=11747	Aux Det=239	O+H=939	 DONE
04/10/2025 09:52:58:	move motor	S18.axis2.piezo rotation to -0.144865deg	 DONE
04/10/2025 09:53:02:	35	count	time	5.000000s/cts	O Det=238	H Det=368	Mon Det=11520	Aux Det=154	O+H=760	 DONE
04/10/2025 09:53:09:	move motor	S18.axis2.piezo rotation to -0.144805deg	 DONE
04/10/2025 09:53:10:	36	count	time	5.000000s/cts	O Det=142	H Det=321	Mon Det=11524	Aux Det=80	O+H=543	 DONE
04/10/2025 09:53:17:	move motor	S18.axis2.piezo rotation to -0.144745deg	 DONE
04/10/2025 09:53:18:	37	count	time	5.000000s/cts	O Det=98	H Det=272	Mon Det=11409	Aux Det=27	O+H=397	 DONE
04/10/2025 09:53:25:	move motor	S18.axis2.piezo rotation to -0.144685deg	 DONE
04/10/2025 09:53:28:	38	count	time	5.000000s/cts	O Det=63	H Det=238	Mon Det=11593	Aux Det=16	O+H=317	 DONE
04/10/2025 09:53:35:	move motor	S18.axis2.piezo rotation to -0.144625deg	 DONE
04/10/2025 09:53:39:	39	count	time	5.000000s/cts	O Det=47	H Det=228	Mon Det=11575	Aux Det=8	O+H=283	 DONE
04/10/2025 09:53:45:	move motor	S18.axis2.piezo rotation to -0.144565deg	 DONE
04/10/2025 09:53:49:	40	count	time	5.000000s/cts	O Det=23	H Det=175	Mon Det=11425	Aux Det=8	O+H=206	 DONE
04/10/2025 09:53:56:	move motor	S18.axis2.piezo rotation to -0.144505deg	 DONE
04/10/2025 09:53:59:	41	count	time	5.000000s/cts	O Det=25	H Det=163	Mon Det=11569	Aux Det=7	O+H=195	 DONE
04/10/2025 09:54:06:	move motor	S18.axis2.piezo rotation to -0.144445deg	 DONE
04/10/2025 09:54:07:	42	count	time	5.000000s/cts	O Det=15	H Det=106	Mon Det=11479	Aux Det=9	O+H=130	 DONE
04/10/2025 09:54:14:	move motor	S18.axis2.piezo rotation to -0.144385deg	 DONE
04/10/2025 09:54:15:	43	count	time	5.000000s/cts	O Det=10	H Det=104	Mon Det=11533	Aux Det=2	O+H=116	 DONE
04/10/2025 09:54:22:	move motor	S18.axis2.piezo rotation to -0.144325deg	 DONE
04/10/2025 09:54:25:	44	count	time	5.000000s/cts	O Det=10	H Det=102	Mon Det=11447	Aux Det=1	O+H=113	 DONE
04/10/2025 09:54:32:	move motor	S18.axis2.piezo rotation to -0.144265deg	 DONE
04/10/2025 09:54:36:	45	count	time	5.000000s/cts	O Det=9	H Det=101	Mon Det=11601	Aux Det=5	O+H=115	 DONE
04/10/2025 09:54:42:	move motor	S18.axis2.piezo rotation to -0.144205deg	 DONE
04/10/2025 09:54:46:	46	count	time	5.000000s/cts	O Det=3	H Det=86	Mon Det=11345	Aux Det=2	O+H=91	 DONE
04/10/2025 09:54:53:	move motor	S18.axis2.piezo rotation to -0.144145deg	 DONE
04/10/2025 09:54:56:	47	count	time	5.000000s/cts	O Det=2	H Det=68	Mon Det=11500	Aux Det=4	O+H=74	 DONE
04/10/2025 09:55:03:	move motor	S18.axis2.piezo rotation to -0.144085deg	 DONE
04/10/2025 09:55:04:	48	count	time	5.000000s/cts	O Det=0	H Det=60	Mon Det=11534	Aux Det=2	O+H=62	 DONE
04/10/2025 09:55:11:	move motor	S18.axis2.piezo rotation to -0.144025deg	 DONE
04/10/2025 09:55:12:	49	count	time	5.000000s/cts	O Det=4	H Det=51	Mon Det=11474	Aux Det=6	O+H=61	 DONE
04/10/2025 09:55:19:	move motor	S18.axis2.piezo rotation to -0.143965deg	 DONE
04/10/2025 09:55:20:	50	count	time	5.000000s/cts	O Det=3	H Det=55	Mon Det=11708	Aux Det=1	O+H=59	 DONE
04/10/2025 09:55:26:	move motor	S18.axis2.piezo rotation to -0.143905deg	 DONE
04/10/2025 09:55:30:	51	count	time	5.000000s/cts	O Det=6	H Det=41	Mon Det=11448	Aux Det=1	O+H=48	 DONE
04/10/2025 09:55:37:	move motor	S18.axis2.piezo rotation to -0.143845deg	 DONE
04/10/2025 09:55:41:	52	count	time	5.000000s/cts	O Det=2	H Det=40	Mon Det=11464	Aux Det=7	O+H=49	 DONE
04/10/2025 09:55:47:	move motor	S18.axis2.piezo rotation to -0.143785deg	 DONE
04/10/2025 09:55:51:	53	count	time	5.000000s/cts	O Det=2	H Det=38	Mon Det=11482	Aux Det=2	O+H=42	 DONE
04/10/2025 09:55:58:	move motor	S18.axis2.piezo rotation to -0.143725deg	 DONE
04/10/2025 09:56:01:	54	count	time	5.000000s/cts	O Det=3	H Det=36	Mon Det=11456	Aux Det=4	O+H=43	 DONE
04/10/2025 09:56:08:	move motor	S18.axis2.piezo rotation to -0.143665deg	 DONE
04/10/2025 09:56:10:	55	count	time	5.000000s/cts	O Det=3	H Det=32	Mon Det=11419	Aux Det=5	O+H=40	 DONE
04/10/2025 09:56:16:	move motor	S18.axis2.piezo rotation to -0.143605deg	 DONE
04/10/2025 09:56:17:	56	count	time	5.000000s/cts	O Det=0	H Det=29	Mon Det=11675	Aux Det=1	O+H=30	 DONE
04/10/2025 09:56:24:	move motor	S18.axis2.piezo rotation to -0.143545deg	 DONE
04/10/2025 09:56:28:	57	count	time	5.000000s/cts	O Det=1	H Det=35	Mon Det=11453	Aux Det=2	O+H=38	 DONE
04/10/2025 09:56:34:	move motor	S18.axis2.piezo rotation to -0.143485deg	 DONE
04/10/2025 09:56:38:	58	count	time	5.000000s/cts	O Det=2	H Det=20	Mon Det=11511	Aux Det=1	O+H=23	 DONE
04/10/2025 09:56:45:	move motor	S18.axis2.piezo rotation to -0.143425deg	 DONE
04/10/2025 09:56:48:	59	count	time	5.000000s/cts	O Det=0	H Det=27	Mon Det=11711	Aux Det=0	O+H=27	 DONE
04/10/2025 09:56:55:	move motor	S18.axis2.piezo rotation to -0.143365deg	 DONE
04/10/2025 09:56:59:	60	count	time	5.000000s/cts	O Det=0	H Det=18	Mon Det=11487	Aux Det=2	O+H=20	 DONE
04/10/2025 09:57:05:	close file and end scan	 DONE
04/10/2025 09:57:06:	move motor	S18.axis2.piezo rotation to fit SUM PEAK60	-0.145178reached -0.14518  DONE
04/10/2025 09:57:08:	END OF SCRIPT	 DONE
