27/09/2025 15:00:22:	start execution of script D:\data\Cycle 198\exp_3-16-19\rawdata\sc\rocking.sc	 DONE
27/09/2025 15:00:23:	move motor	S18.axis2.piezo rotation to -1.962255deg	 DONE
27/09/2025 15:00:27:	create file	D:\data\Cycle 198\exp_3-16-19\rawdata\sc\rocking_27Sep1500.dat	 DONE
room to enter remarks DONE
27/09/2025 15:00:28:	move motor	S18.axis2.piezo rotation to -1.862255deg	 DONE
27/09/2025 15:00:32:	1	count	time	5.000000s/cts	O Det=0	H Det=44	Mon Det=11342	Aux Det=4	O+H=48	 DONE
27/09/2025 15:00:39:	move motor	S18.axis2.piezo rotation to -1.862205deg	 DONE
27/09/2025 15:00:40:	2	count	time	5.000000s/cts	O Det=0	H Det=42	Mon Det=11401	Aux Det=3	O+H=45	 DONE
27/09/2025 15:00:47:	move motor	S18.axis2.piezo rotation to -1.862155deg	 DONE
27/09/2025 15:00:51:	3	count	time	5.000000s/cts	O Det=0	H Det=46	Mon Det=11273	Aux Det=2	O+H=48	 DONE
27/09/2025 15:00:58:	move motor	S18.axis2.piezo rotation to -1.862105deg	 DONE
27/09/2025 15:00:59:	4	count	time	5.000000s/cts	O Det=0	H Det=58	Mon Det=11250	Aux Det=3	O+H=61	 DONE
27/09/2025 15:01:06:	move motor	S18.axis2.piezo rotation to -1.862055deg	 DONE
27/09/2025 15:01:10:	5	count	time	5.000000s/cts	O Det=1	H Det=68	Mon Det=11367	Aux Det=2	O+H=71	 DONE
27/09/2025 15:01:17:	move motor	S18.axis2.piezo rotation to -1.862005deg	 DONE
27/09/2025 15:01:18:	6	count	time	5.000000s/cts	O Det=1	H Det=71	Mon Det=11460	Aux Det=4	O+H=76	 DONE
27/09/2025 15:01:25:	move motor	S18.axis2.piezo rotation to -1.861955deg	 DONE
27/09/2025 15:01:29:	7	count	time	5.000000s/cts	O Det=3	H Det=74	Mon Det=11108	Aux Det=3	O+H=80	 DONE
27/09/2025 15:01:36:	move motor	S18.axis2.piezo rotation to -1.861905deg	 DONE
27/09/2025 15:01:38:	8	count	time	5.000000s/cts	O Det=0	H Det=67	Mon Det=11304	Aux Det=0	O+H=67	 DONE
27/09/2025 15:01:45:	move motor	S18.axis2.piezo rotation to -1.861855deg	 DONE
27/09/2025 15:01:49:	9	count	time	5.000000s/cts	O Det=2	H Det=95	Mon Det=11409	Aux Det=3	O+H=100	 DONE
27/09/2025 15:01:56:	move motor	S18.axis2.piezo rotation to -1.861805deg	 DONE
27/09/2025 15:02:00:	10	count	time	5.000000s/cts	O Det=0	H Det=108	Mon Det=11236	Aux Det=2	O+H=110	 DONE
27/09/2025 15:02:06:	move motor	S18.axis2.piezo rotation to -1.861755deg	 DONE
27/09/2025 15:02:11:	11	count	time	5.000000s/cts	O Det=3	H Det=121	Mon Det=11225	Aux Det=1	O+H=125	 DONE
27/09/2025 15:02:17:	move motor	S18.axis2.piezo rotation to -1.861705deg	 DONE
27/09/2025 15:02:21:	12	count	time	5.000000s/cts	O Det=6	H Det=120	Mon Det=11325	Aux Det=2	O+H=128	 DONE
27/09/2025 15:02:28:	move motor	S18.axis2.piezo rotation to -1.861655deg	 DONE
27/09/2025 15:02:32:	13	count	time	5.000000s/cts	O Det=6	H Det=138	Mon Det=11326	Aux Det=5	O+H=149	 DONE
27/09/2025 15:02:39:	move motor	S18.axis2.piezo rotation to -1.861605deg	 DONE
27/09/2025 15:02:43:	14	count	time	5.000000s/cts	O Det=9	H Det=178	Mon Det=11317	Aux Det=3	O+H=190	 DONE
27/09/2025 15:02:50:	move motor	S18.axis2.piezo rotation to -1.861555deg	 DONE
27/09/2025 15:02:54:	15	count	time	5.000000s/cts	O Det=28	H Det=201	Mon Det=11043	Aux Det=6	O+H=235	 DONE
27/09/2025 15:03:00:	move motor	S18.axis2.piezo rotation to -1.861505deg	 DONE
27/09/2025 15:03:05:	16	count	time	5.000000s/cts	O Det=25	H Det=222	Mon Det=11283	Aux Det=4	O+H=251	 DONE
27/09/2025 15:03:11:	move motor	S18.axis2.piezo rotation to -1.861455deg	 DONE
27/09/2025 15:03:13:	17	count	time	5.000000s/cts	O Det=18	H Det=248	Mon Det=11383	Aux Det=1	O+H=267	 DONE
27/09/2025 15:03:20:	move motor	S18.axis2.piezo rotation to -1.861405deg	 DONE
27/09/2025 15:03:24:	18	count	time	5.000000s/cts	O Det=20	H Det=270	Mon Det=11210	Aux Det=0	O+H=290	 DONE
27/09/2025 15:03:30:	move motor	S18.axis2.piezo rotation to -1.861355deg	 DONE
27/09/2025 15:03:32:	19	count	time	5.000000s/cts	O Det=35	H Det=315	Mon Det=11314	Aux Det=1	O+H=351	 DONE
27/09/2025 15:03:38:	move motor	S18.axis2.piezo rotation to -1.861305deg	 DONE
27/09/2025 15:03:42:	20	count	time	5.000000s/cts	O Det=30	H Det=361	Mon Det=11385	Aux Det=6	O+H=397	 DONE
27/09/2025 15:03:49:	move motor	S18.axis2.piezo rotation to -1.861255deg	 DONE
27/09/2025 15:03:50:	21	count	time	5.000000s/cts	O Det=71	H Det=370	Mon Det=11223	Aux Det=4	O+H=445	 DONE
27/09/2025 15:03:57:	move motor	S18.axis2.piezo rotation to -1.861205deg	 DONE
27/09/2025 15:04:01:	22	count	time	5.000000s/cts	O Det=96	H Det=433	Mon Det=11397	Aux Det=1	O+H=530	 DONE
27/09/2025 15:04:08:	move motor	S18.axis2.piezo rotation to -1.861155deg	 DONE
27/09/2025 15:04:09:	23	count	time	5.000000s/cts	O Det=116	H Det=461	Mon Det=11120	Aux Det=3	O+H=580	 DONE
27/09/2025 15:04:16:	move motor	S18.axis2.piezo rotation to -1.861105deg	 DONE
27/09/2025 15:04:20:	24	count	time	5.000000s/cts	O Det=155	H Det=451	Mon Det=11281	Aux Det=3	O+H=609	 DONE
27/09/2025 15:04:27:	move motor	S18.axis2.piezo rotation to -1.861055deg	 DONE
27/09/2025 15:04:29:	25	count	time	5.000000s/cts	O Det=172	H Det=432	Mon Det=11330	Aux Det=2	O+H=606	 DONE
27/09/2025 15:04:36:	move motor	S18.axis2.piezo rotation to -1.861005deg	 DONE
27/09/2025 15:04:40:	26	count	time	5.000000s/cts	O Det=206	H Det=481	Mon Det=11474	Aux Det=4	O+H=691	 DONE
27/09/2025 15:04:46:	move motor	S18.axis2.piezo rotation to -1.860955deg	 DONE
27/09/2025 15:04:48:	27	count	time	5.000000s/cts	O Det=231	H Det=478	Mon Det=11435	Aux Det=3	O+H=712	 DONE
27/09/2025 15:04:55:	move motor	S18.axis2.piezo rotation to -1.860905deg	 DONE
27/09/2025 15:04:59:	28	count	time	5.000000s/cts	O Det=237	H Det=445	Mon Det=11140	Aux Det=2	O+H=684	 DONE
27/09/2025 15:05:06:	move motor	S18.axis2.piezo rotation to -1.860855deg	 DONE
27/09/2025 15:05:10:	29	count	time	5.000000s/cts	O Det=242	H Det=465	Mon Det=11224	Aux Det=3	O+H=710	 DONE
27/09/2025 15:05:16:	move motor	S18.axis2.piezo rotation to -1.860805deg	 DONE
27/09/2025 15:05:21:	30	count	time	5.000000s/cts	O Det=227	H Det=485	Mon Det=11338	Aux Det=3	O+H=715	 DONE
27/09/2025 15:05:27:	move motor	S18.axis2.piezo rotation to -1.860755deg	 DONE
27/09/2025 15:05:31:	31	count	time	5.000000s/cts	O Det=224	H Det=499	Mon Det=11462	Aux Det=2	O+H=725	 DONE
27/09/2025 15:05:38:	move motor	S18.axis2.piezo rotation to -1.860705deg	 DONE
27/09/2025 15:05:42:	32	count	time	5.000000s/cts	O Det=226	H Det=484	Mon Det=11297	Aux Det=3	O+H=713	 DONE
27/09/2025 15:05:49:	move motor	S18.axis2.piezo rotation to -1.860655deg	 DONE
27/09/2025 15:05:53:	33	count	time	5.000000s/cts	O Det=167	H Det=501	Mon Det=11470	Aux Det=2	O+H=670	 DONE
27/09/2025 15:06:00:	move motor	S18.axis2.piezo rotation to -1.860605deg	 DONE
27/09/2025 15:06:04:	34	count	time	5.000000s/cts	O Det=154	H Det=482	Mon Det=11370	Aux Det=2	O+H=638	 DONE
27/09/2025 15:06:11:	move motor	S18.axis2.piezo rotation to -1.860555deg	 DONE
27/09/2025 15:06:15:	35	count	time	5.000000s/cts	O Det=121	H Det=479	Mon Det=11262	Aux Det=2	O+H=602	 DONE
27/09/2025 15:06:22:	move motor	S18.axis2.piezo rotation to -1.860505deg	 DONE
27/09/2025 15:06:26:	36	count	time	5.000000s/cts	O Det=69	H Det=418	Mon Det=11336	Aux Det=4	O+H=491	 DONE
27/09/2025 15:06:32:	move motor	S18.axis2.piezo rotation to -1.860455deg	 DONE
27/09/2025 15:06:36:	37	count	time	5.000000s/cts	O Det=72	H Det=445	Mon Det=11245	Aux Det=3	O+H=520	 DONE
27/09/2025 15:06:43:	move motor	S18.axis2.piezo rotation to -1.860405deg	 DONE
27/09/2025 15:06:44:	38	count	time	5.000000s/cts	O Det=43	H Det=372	Mon Det=11401	Aux Det=2	O+H=417	 DONE
27/09/2025 15:06:51:	move motor	S18.axis2.piezo rotation to -1.860355deg	 DONE
27/09/2025 15:06:55:	39	count	time	5.000000s/cts	O Det=32	H Det=357	Mon Det=11441	Aux Det=3	O+H=392	 DONE
27/09/2025 15:07:02:	move motor	S18.axis2.piezo rotation to -1.860305deg	 DONE
27/09/2025 15:07:03:	40	count	time	5.000000s/cts	O Det=27	H Det=317	Mon Det=11374	Aux Det=2	O+H=346	 DONE
27/09/2025 15:07:10:	move motor	S18.axis2.piezo rotation to -1.860255deg	 DONE
27/09/2025 15:07:14:	41	count	time	5.000000s/cts	O Det=13	H Det=275	Mon Det=11366	Aux Det=5	O+H=293	 DONE
27/09/2025 15:07:21:	move motor	S18.axis2.piezo rotation to -1.860205deg	 DONE
27/09/2025 15:07:22:	42	count	time	5.000000s/cts	O Det=8	H Det=233	Mon Det=11377	Aux Det=2	O+H=243	 DONE
27/09/2025 15:07:29:	move motor	S18.axis2.piezo rotation to -1.860155deg	 DONE
27/09/2025 15:07:33:	43	count	time	5.000000s/cts	O Det=5	H Det=190	Mon Det=11417	Aux Det=3	O+H=198	 DONE
27/09/2025 15:07:39:	move motor	S18.axis2.piezo rotation to -1.860105deg	 DONE
27/09/2025 15:07:41:	44	count	time	5.000000s/cts	O Det=10	H Det=160	Mon Det=11245	Aux Det=3	O+H=173	 DONE
27/09/2025 15:07:48:	move motor	S18.axis2.piezo rotation to -1.860055deg	 DONE
27/09/2025 15:07:52:	45	count	time	5.000000s/cts	O Det=2	H Det=152	Mon Det=11324	Aux Det=4	O+H=158	 DONE
27/09/2025 15:07:58:	move motor	S18.axis2.piezo rotation to -1.860005deg	 DONE
27/09/2025 15:08:00:	46	count	time	5.000000s/cts	O Det=7	H Det=135	Mon Det=11259	Aux Det=1	O+H=143	 DONE
27/09/2025 15:08:06:	move motor	S18.axis2.piezo rotation to -1.859955deg	 DONE
27/09/2025 15:08:10:	47	count	time	5.000000s/cts	O Det=2	H Det=101	Mon Det=11343	Aux Det=2	O+H=105	 DONE
27/09/2025 15:08:17:	move motor	S18.axis2.piezo rotation to -1.859905deg	 DONE
27/09/2025 15:08:18:	48	count	time	5.000000s/cts	O Det=2	H Det=120	Mon Det=11402	Aux Det=5	O+H=127	 DONE
27/09/2025 15:08:25:	move motor	S18.axis2.piezo rotation to -1.859855deg	 DONE
27/09/2025 15:08:29:	49	count	time	5.000000s/cts	O Det=3	H Det=89	Mon Det=11092	Aux Det=0	O+H=92	 DONE
27/09/2025 15:08:36:	move motor	S18.axis2.piezo rotation to -1.859805deg	 DONE
27/09/2025 15:08:40:	50	count	time	5.000000s/cts	O Det=2	H Det=95	Mon Det=11204	Aux Det=1	O+H=98	 DONE
27/09/2025 15:08:47:	move motor	S18.axis2.piezo rotation to -1.859755deg	 DONE
27/09/2025 15:08:51:	51	count	time	5.000000s/cts	O Det=1	H Det=84	Mon Det=11359	Aux Det=2	O+H=87	 DONE
27/09/2025 15:08:57:	move motor	S18.axis2.piezo rotation to -1.859705deg	 DONE
27/09/2025 15:09:02:	52	count	time	5.000000s/cts	O Det=1	H Det=61	Mon Det=11460	Aux Det=0	O+H=62	 DONE
27/09/2025 15:09:08:	move motor	S18.axis2.piezo rotation to -1.859655deg	 DONE
27/09/2025 15:09:12:	53	count	time	5.000000s/cts	O Det=0	H Det=68	Mon Det=11270	Aux Det=3	O+H=71	 DONE
27/09/2025 15:09:19:	move motor	S18.axis2.piezo rotation to -1.859605deg	 DONE
27/09/2025 15:09:23:	54	count	time	5.000000s/cts	O Det=1	H Det=73	Mon Det=11178	Aux Det=0	O+H=74	 DONE
27/09/2025 15:09:30:	move motor	S18.axis2.piezo rotation to -1.859555deg	 DONE
27/09/2025 15:09:34:	55	count	time	5.000000s/cts	O Det=1	H Det=70	Mon Det=11198	Aux Det=2	O+H=73	 DONE
27/09/2025 15:09:41:	move motor	S18.axis2.piezo rotation to -1.859505deg	 DONE
27/09/2025 15:09:45:	56	count	time	5.000000s/cts	O Det=2	H Det=56	Mon Det=11146	Aux Det=3	O+H=61	 DONE
27/09/2025 15:09:52:	move motor	S18.axis2.piezo rotation to -1.859455deg	 DONE
27/09/2025 15:09:53:	57	count	time	5.000000s/cts	O Det=0	H Det=40	Mon Det=11563	Aux Det=2	O+H=42	 DONE
27/09/2025 15:09:59:	move motor	S18.axis2.piezo rotation to -1.859405deg	 DONE
27/09/2025 15:10:03:	58	count	time	5.000000s/cts	O Det=2	H Det=41	Mon Det=11409	Aux Det=3	O+H=46	 DONE
27/09/2025 15:10:10:	move motor	S18.axis2.piezo rotation to -1.859355deg	 DONE
27/09/2025 15:10:11:	59	count	time	5.000000s/cts	O Det=0	H Det=43	Mon Det=11340	Aux Det=2	O+H=45	 DONE
27/09/2025 15:10:18:	move motor	S18.axis2.piezo rotation to -1.859305deg	 DONE
27/09/2025 15:10:22:	60	count	time	5.000000s/cts	O Det=3	H Det=41	Mon Det=11543	Aux Det=3	O+H=47	 DONE
27/09/2025 15:10:29:	close file and end scan	 DONE
27/09/2025 15:10:29:	move motor	S18.axis2.piezo rotation to fit SUM PEAK60	-1.860836reached -1.86083  DONE
27/09/2025 15:10:35:	END OF SCRIPT	 DONE
