09/10/2025 23:23:44:	start execution of script D:\data\Cycle 198\exp_3-16-19\rawdata\sc\rocking.sc	 DONE
09/10/2025 23:23:45:	move motor	S18.axis2.piezo rotation to 0.246010deg	 DONE
09/10/2025 23:23:48:	create file	D:\data\Cycle 198\exp_3-16-19\rawdata\sc\rocking_09Oct2323.dat	 DONE
room to enter remarks DONE
09/10/2025 23:23:49:	move motor	S18.axis2.piezo rotation to 0.346010deg	 DONE
09/10/2025 23:23:52:	1	count	time	3.000000s/cts	O Det=1	H Det=20	Mon Det=9181	Aux Det=12	O+H=33	 DONE
09/10/2025 23:23:57:	move motor	S18.axis2.piezo rotation to 0.346070deg	 DONE
09/10/2025 23:23:58:	2	count	time	3.000000s/cts	O Det=0	H Det=15	Mon Det=9296	Aux Det=16	O+H=31	 DONE
09/10/2025 23:24:03:	move motor	S18.axis2.piezo rotation to 0.346130deg	 DONE
09/10/2025 23:24:04:	3	count	time	3.000000s/cts	O Det=0	H Det=9	Mon Det=9152	Aux Det=20	O+H=29	 DONE
09/10/2025 23:24:08:	move motor	S18.axis2.piezo rotation to 0.346190deg	 DONE
09/10/2025 23:24:10:	4	count	time	3.000000s/cts	O Det=0	H Det=13	Mon Det=9273	Aux Det=18	O+H=31	 DONE
09/10/2025 23:24:14:	move motor	S18.axis2.piezo rotation to 0.346250deg	 DONE
09/10/2025 23:24:15:	5	count	time	3.000000s/cts	O Det=2	H Det=22	Mon Det=9244	Aux Det=21	O+H=45	 DONE
09/10/2025 23:24:20:	move motor	S18.axis2.piezo rotation to 0.346310deg	 DONE
09/10/2025 23:24:21:	6	count	time	3.000000s/cts	O Det=1	H Det=14	Mon Det=9242	Aux Det=22	O+H=37	 DONE
09/10/2025 23:24:26:	move motor	S18.axis2.piezo rotation to 0.346370deg	 DONE
09/10/2025 23:24:27:	7	count	time	3.000000s/cts	O Det=2	H Det=22	Mon Det=9151	Aux Det=30	O+H=54	 DONE
09/10/2025 23:24:32:	move motor	S18.axis2.piezo rotation to 0.346430deg	 DONE
09/10/2025 23:24:33:	8	count	time	3.000000s/cts	O Det=1	H Det=23	Mon Det=9216	Aux Det=24	O+H=48	 DONE
09/10/2025 23:24:38:	move motor	S18.axis2.piezo rotation to 0.346490deg	 DONE
09/10/2025 23:24:39:	9	count	time	3.000000s/cts	O Det=0	H Det=23	Mon Det=9268	Aux Det=31	O+H=54	 DONE
09/10/2025 23:24:44:	move motor	S18.axis2.piezo rotation to 0.346550deg	 DONE
09/10/2025 23:24:45:	10	count	time	3.000000s/cts	O Det=1	H Det=30	Mon Det=9074	Aux Det=18	O+H=49	 DONE
09/10/2025 23:24:49:	move motor	S18.axis2.piezo rotation to 0.346610deg	 DONE
09/10/2025 23:24:51:	11	count	time	3.000000s/cts	O Det=2	H Det=32	Mon Det=9260	Aux Det=44	O+H=78	 DONE
09/10/2025 23:24:55:	move motor	S18.axis2.piezo rotation to 0.346670deg	 DONE
09/10/2025 23:24:56:	12	count	time	3.000000s/cts	O Det=2	H Det=30	Mon Det=9251	Aux Det=43	O+H=75	 DONE
09/10/2025 23:25:01:	move motor	S18.axis2.piezo rotation to 0.346730deg	 DONE
09/10/2025 23:25:02:	13	count	time	3.000000s/cts	O Det=0	H Det=39	Mon Det=9236	Aux Det=37	O+H=76	 DONE
09/10/2025 23:25:07:	move motor	S18.axis2.piezo rotation to 0.346790deg	 DONE
09/10/2025 23:25:09:	14	count	time	3.000000s/cts	O Det=1	H Det=40	Mon Det=9243	Aux Det=41	O+H=82	 DONE
09/10/2025 23:25:13:	move motor	S18.axis2.piezo rotation to 0.346850deg	 DONE
09/10/2025 23:25:15:	15	count	time	3.000000s/cts	O Det=1	H Det=31	Mon Det=9206	Aux Det=59	O+H=91	 DONE
09/10/2025 23:25:19:	move motor	S18.axis2.piezo rotation to 0.346910deg	 DONE
09/10/2025 23:25:21:	16	count	time	3.000000s/cts	O Det=1	H Det=49	Mon Det=9102	Aux Det=68	O+H=118	 DONE
09/10/2025 23:25:25:	move motor	S18.axis2.piezo rotation to 0.346970deg	 DONE
09/10/2025 23:25:26:	17	count	time	3.000000s/cts	O Det=10	H Det=62	Mon Det=9268	Aux Det=109	O+H=181	 DONE
09/10/2025 23:25:31:	move motor	S18.axis2.piezo rotation to 0.347030deg	 DONE
09/10/2025 23:25:32:	18	count	time	3.000000s/cts	O Det=7	H Det=53	Mon Det=9348	Aux Det=110	O+H=170	 DONE
09/10/2025 23:25:37:	move motor	S18.axis2.piezo rotation to 0.347090deg	 DONE
09/10/2025 23:25:38:	19	count	time	3.000000s/cts	O Det=24	H Det=65	Mon Det=9223	Aux Det=179	O+H=268	 DONE
09/10/2025 23:25:43:	move motor	S18.axis2.piezo rotation to 0.347150deg	 DONE
09/10/2025 23:25:44:	20	count	time	3.000000s/cts	O Det=14	H Det=93	Mon Det=9131	Aux Det=149	O+H=256	 DONE
09/10/2025 23:25:49:	move motor	S18.axis2.piezo rotation to 0.347210deg	 DONE
09/10/2025 23:25:50:	21	count	time	3.000000s/cts	O Det=11	H Det=91	Mon Det=9286	Aux Det=133	O+H=235	 DONE
09/10/2025 23:25:54:	move motor	S18.axis2.piezo rotation to 0.347270deg	 DONE
09/10/2025 23:25:56:	22	count	time	3.000000s/cts	O Det=11	H Det=114	Mon Det=9296	Aux Det=175	O+H=300	 DONE
09/10/2025 23:26:00:	move motor	S18.axis2.piezo rotation to 0.347330deg	 DONE
09/10/2025 23:26:01:	23	count	time	3.000000s/cts	O Det=14	H Det=144	Mon Det=9354	Aux Det=213	O+H=371	 DONE
09/10/2025 23:26:06:	move motor	S18.axis2.piezo rotation to 0.347390deg	 DONE
09/10/2025 23:26:07:	24	count	time	3.000000s/cts	O Det=26	H Det=211	Mon Det=9361	Aux Det=299	O+H=536	 DONE
09/10/2025 23:26:12:	move motor	S18.axis2.piezo rotation to 0.347450deg	 DONE
09/10/2025 23:26:13:	25	count	time	3.000000s/cts	O Det=43	H Det=218	Mon Det=9355	Aux Det=349	O+H=610	 DONE
09/10/2025 23:26:18:	move motor	S18.axis2.piezo rotation to 0.347510deg	 DONE
09/10/2025 23:26:19:	26	count	time	3.000000s/cts	O Det=68	H Det=288	Mon Det=9064	Aux Det=474	O+H=830	 DONE
09/10/2025 23:26:23:	move motor	S18.axis2.piezo rotation to 0.347570deg	 DONE
09/10/2025 23:26:25:	27	count	time	3.000000s/cts	O Det=116	H Det=270	Mon Det=9285	Aux Det=722	O+H=1108	 DONE
09/10/2025 23:26:29:	move motor	S18.axis2.piezo rotation to 0.347630deg	 DONE
09/10/2025 23:26:30:	28	count	time	3.000000s/cts	O Det=159	H Det=275	Mon Det=9292	Aux Det=902	O+H=1336	 DONE
09/10/2025 23:26:35:	move motor	S18.axis2.piezo rotation to 0.347690deg	 DONE
09/10/2025 23:26:36:	29	count	time	3.000000s/cts	O Det=178	H Det=234	Mon Det=9171	Aux Det=1195	O+H=1607	 DONE
09/10/2025 23:26:41:	move motor	S18.axis2.piezo rotation to 0.347750deg	 DONE
09/10/2025 23:26:42:	30	count	time	3.000000s/cts	O Det=174	H Det=224	Mon Det=9304	Aux Det=1249	O+H=1647	 DONE
09/10/2025 23:26:47:	move motor	S18.axis2.piezo rotation to 0.347810deg	 DONE
09/10/2025 23:26:48:	31	count	time	3.000000s/cts	O Det=166	H Det=208	Mon Det=9447	Aux Det=1189	O+H=1563	 DONE
09/10/2025 23:26:53:	move motor	S18.axis2.piezo rotation to 0.347870deg	 DONE
09/10/2025 23:26:54:	32	count	time	3.000000s/cts	O Det=176	H Det=185	Mon Det=9326	Aux Det=1131	O+H=1492	 DONE
09/10/2025 23:26:58:	move motor	S18.axis2.piezo rotation to 0.347930deg	 DONE
09/10/2025 23:27:00:	33	count	time	3.000000s/cts	O Det=108	H Det=217	Mon Det=9222	Aux Det=898	O+H=1223	 DONE
09/10/2025 23:27:04:	move motor	S18.axis2.piezo rotation to 0.347990deg	 DONE
09/10/2025 23:27:05:	34	count	time	3.000000s/cts	O Det=96	H Det=218	Mon Det=9507	Aux Det=624	O+H=938	 DONE
09/10/2025 23:27:10:	move motor	S18.axis2.piezo rotation to 0.348050deg	 DONE
09/10/2025 23:27:11:	35	count	time	3.000000s/cts	O Det=66	H Det=185	Mon Det=9248	Aux Det=443	O+H=694	 DONE
09/10/2025 23:27:16:	move motor	S18.axis2.piezo rotation to 0.348110deg	 DONE
09/10/2025 23:27:18:	36	count	time	3.000000s/cts	O Det=41	H Det=151	Mon Det=9335	Aux Det=337	O+H=529	 DONE
09/10/2025 23:27:22:	move motor	S18.axis2.piezo rotation to 0.348170deg	 DONE
09/10/2025 23:27:24:	37	count	time	3.000000s/cts	O Det=11	H Det=129	Mon Det=9329	Aux Det=209	O+H=349	 DONE
09/10/2025 23:27:28:	move motor	S18.axis2.piezo rotation to 0.348230deg	 DONE
09/10/2025 23:27:30:	38	count	time	3.000000s/cts	O Det=16	H Det=94	Mon Det=9315	Aux Det=169	O+H=279	 DONE
09/10/2025 23:27:35:	move motor	S18.axis2.piezo rotation to 0.348290deg	 DONE
09/10/2025 23:27:36:	39	count	time	3.000000s/cts	O Det=6	H Det=92	Mon Det=9165	Aux Det=137	O+H=235	 DONE
09/10/2025 23:27:41:	move motor	S18.axis2.piezo rotation to 0.348350deg	 DONE
09/10/2025 23:27:42:	40	count	time	3.000000s/cts	O Det=8	H Det=82	Mon Det=9456	Aux Det=115	O+H=205	 DONE
09/10/2025 23:27:47:	move motor	S18.axis2.piezo rotation to 0.348410deg	 DONE
09/10/2025 23:27:48:	41	count	time	3.000000s/cts	O Det=4	H Det=69	Mon Det=9215	Aux Det=108	O+H=181	 DONE
09/10/2025 23:27:53:	move motor	S18.axis2.piezo rotation to 0.348470deg	 DONE
09/10/2025 23:27:54:	42	count	time	3.000000s/cts	O Det=7	H Det=39	Mon Det=9291	Aux Det=70	O+H=116	 DONE
09/10/2025 23:27:59:	move motor	S18.axis2.piezo rotation to 0.348530deg	 DONE
09/10/2025 23:28:00:	43	count	time	3.000000s/cts	O Det=4	H Det=46	Mon Det=9308	Aux Det=68	O+H=118	 DONE
09/10/2025 23:28:05:	move motor	S18.axis2.piezo rotation to 0.348590deg	 DONE
09/10/2025 23:28:06:	44	count	time	3.000000s/cts	O Det=3	H Det=36	Mon Det=9275	Aux Det=43	O+H=82	 DONE
09/10/2025 23:28:11:	move motor	S18.axis2.piezo rotation to 0.348650deg	 DONE
09/10/2025 23:28:12:	45	count	time	3.000000s/cts	O Det=3	H Det=46	Mon Det=9301	Aux Det=37	O+H=86	 DONE
09/10/2025 23:28:16:	move motor	S18.axis2.piezo rotation to 0.348710deg	 DONE
09/10/2025 23:28:17:	46	count	time	3.000000s/cts	O Det=3	H Det=35	Mon Det=9308	Aux Det=49	O+H=87	 DONE
09/10/2025 23:28:22:	move motor	S18.axis2.piezo rotation to 0.348770deg	 DONE
09/10/2025 23:28:23:	47	count	time	3.000000s/cts	O Det=1	H Det=40	Mon Det=9322	Aux Det=37	O+H=78	 DONE
09/10/2025 23:28:28:	move motor	S18.axis2.piezo rotation to 0.348830deg	 DONE
09/10/2025 23:28:29:	48	count	time	3.000000s/cts	O Det=4	H Det=21	Mon Det=9088	Aux Det=37	O+H=62	 DONE
09/10/2025 23:28:34:	move motor	S18.axis2.piezo rotation to 0.348890deg	 DONE
09/10/2025 23:28:35:	49	count	time	3.000000s/cts	O Det=2	H Det=24	Mon Det=9275	Aux Det=33	O+H=59	 DONE
09/10/2025 23:28:40:	move motor	S18.axis2.piezo rotation to 0.348950deg	 DONE
09/10/2025 23:28:41:	50	count	time	3.000000s/cts	O Det=1	H Det=25	Mon Det=9231	Aux Det=24	O+H=50	 DONE
09/10/2025 23:28:45:	move motor	S18.axis2.piezo rotation to 0.349010deg	 DONE
09/10/2025 23:28:47:	51	count	time	3.000000s/cts	O Det=1	H Det=21	Mon Det=9267	Aux Det=27	O+H=49	 DONE
09/10/2025 23:28:51:	move motor	S18.axis2.piezo rotation to 0.349070deg	 DONE
09/10/2025 23:28:53:	52	count	time	3.000000s/cts	O Det=0	H Det=15	Mon Det=9174	Aux Det=24	O+H=39	 DONE
09/10/2025 23:28:57:	move motor	S18.axis2.piezo rotation to 0.349130deg	 DONE
09/10/2025 23:28:59:	53	count	time	3.000000s/cts	O Det=1	H Det=21	Mon Det=9333	Aux Det=23	O+H=45	 DONE
09/10/2025 23:29:03:	move motor	S18.axis2.piezo rotation to 0.349190deg	 DONE
09/10/2025 23:29:04:	54	count	time	3.000000s/cts	O Det=0	H Det=17	Mon Det=9289	Aux Det=22	O+H=39	 DONE
09/10/2025 23:29:09:	move motor	S18.axis2.piezo rotation to 0.349250deg	 DONE
09/10/2025 23:29:10:	55	count	time	3.000000s/cts	O Det=0	H Det=21	Mon Det=9270	Aux Det=32	O+H=53	 DONE
09/10/2025 23:29:15:	move motor	S18.axis2.piezo rotation to 0.349310deg	 DONE
09/10/2025 23:29:16:	56	count	time	3.000000s/cts	O Det=2	H Det=12	Mon Det=9232	Aux Det=10	O+H=24	 DONE
09/10/2025 23:29:20:	move motor	S18.axis2.piezo rotation to 0.349370deg	 DONE
09/10/2025 23:29:22:	57	count	time	3.000000s/cts	O Det=1	H Det=10	Mon Det=9310	Aux Det=24	O+H=35	 DONE
09/10/2025 23:29:26:	move motor	S18.axis2.piezo rotation to 0.349430deg	 DONE
09/10/2025 23:29:28:	58	count	time	3.000000s/cts	O Det=1	H Det=16	Mon Det=9258	Aux Det=25	O+H=42	 DONE
09/10/2025 23:29:32:	move motor	S18.axis2.piezo rotation to 0.349490deg	 DONE
09/10/2025 23:29:34:	59	count	time	3.000000s/cts	O Det=2	H Det=17	Mon Det=9038	Aux Det=13	O+H=32	 DONE
09/10/2025 23:29:38:	move motor	S18.axis2.piezo rotation to 0.349550deg	 DONE
09/10/2025 23:29:40:	60	count	time	3.000000s/cts	O Det=0	H Det=8	Mon Det=9233	Aux Det=10	O+H=18	 DONE
09/10/2025 23:29:44:	close file and end scan	 DONE
09/10/2025 23:29:45:	move motor	S18.axis2.piezo rotation to fit SUM PEAK60	0.347763reached 0.34776  DONE
09/10/2025 23:29:49:	END OF SCRIPT	 DONE
