07/10/2025 20:05:09:	start execution of script D:\data\Cycle 198\exp_3-16-19\rawdata\sc\rocking.sc	 DONE
07/10/2025 20:05:09:	move motor	S18.axis2.piezo rotation to 0.245826deg	 DONE
07/10/2025 20:05:13:	create file	D:\data\Cycle 198\exp_3-16-19\rawdata\sc\rocking_07Oct2005.dat	 DONE
room to enter remarks DONE
07/10/2025 20:05:14:	move motor	S18.axis2.piezo rotation to 0.345826deg	 DONE
07/10/2025 20:05:17:	1	count	time	5.000000s/cts	O Det=0	H Det=27	Mon Det=15124	Aux Det=34	O+H=61	 DONE
07/10/2025 20:05:24:	move motor	S18.axis2.piezo rotation to 0.345886deg	 DONE
07/10/2025 20:05:25:	2	count	time	5.000000s/cts	O Det=2	H Det=22	Mon Det=15310	Aux Det=30	O+H=54	 DONE
07/10/2025 20:05:31:	move motor	S18.axis2.piezo rotation to 0.345946deg	 DONE
07/10/2025 20:05:32:	3	count	time	5.000000s/cts	O Det=1	H Det=21	Mon Det=15252	Aux Det=35	O+H=57	 DONE
07/10/2025 20:05:39:	move motor	S18.axis2.piezo rotation to 0.346006deg	 DONE
07/10/2025 20:05:40:	4	count	time	5.000000s/cts	O Det=0	H Det=29	Mon Det=15153	Aux Det=39	O+H=68	 DONE
07/10/2025 20:05:47:	move motor	S18.axis2.piezo rotation to 0.346066deg	 DONE
07/10/2025 20:05:48:	5	count	time	5.000000s/cts	O Det=2	H Det=28	Mon Det=15097	Aux Det=54	O+H=84	 DONE
07/10/2025 20:05:55:	move motor	S18.axis2.piezo rotation to 0.346126deg	 DONE
07/10/2025 20:05:56:	6	count	time	5.000000s/cts	O Det=0	H Det=45	Mon Det=15150	Aux Det=48	O+H=93	 DONE
07/10/2025 20:06:02:	move motor	S18.axis2.piezo rotation to 0.346186deg	 DONE
07/10/2025 20:06:04:	7	count	time	5.000000s/cts	O Det=1	H Det=36	Mon Det=15278	Aux Det=52	O+H=89	 DONE
07/10/2025 20:06:10:	move motor	S18.axis2.piezo rotation to 0.346246deg	 DONE
07/10/2025 20:06:12:	8	count	time	5.000000s/cts	O Det=1	H Det=37	Mon Det=15144	Aux Det=54	O+H=92	 DONE
07/10/2025 20:06:18:	move motor	S18.axis2.piezo rotation to 0.346306deg	 DONE
07/10/2025 20:06:20:	9	count	time	5.000000s/cts	O Det=0	H Det=45	Mon Det=15184	Aux Det=60	O+H=105	 DONE
07/10/2025 20:06:27:	move motor	S18.axis2.piezo rotation to 0.346366deg	 DONE
07/10/2025 20:06:28:	10	count	time	5.000000s/cts	O Det=3	H Det=54	Mon Det=15213	Aux Det=63	O+H=120	 DONE
07/10/2025 20:06:35:	move motor	S18.axis2.piezo rotation to 0.346426deg	 DONE
07/10/2025 20:06:36:	11	count	time	5.000000s/cts	O Det=4	H Det=58	Mon Det=15125	Aux Det=60	O+H=122	 DONE
07/10/2025 20:06:43:	move motor	S18.axis2.piezo rotation to 0.346486deg	 DONE
07/10/2025 20:06:44:	12	count	time	5.000000s/cts	O Det=2	H Det=59	Mon Det=15194	Aux Det=78	O+H=139	 DONE
07/10/2025 20:06:50:	move motor	S18.axis2.piezo rotation to 0.346546deg	 DONE
07/10/2025 20:06:52:	13	count	time	5.000000s/cts	O Det=4	H Det=70	Mon Det=15349	Aux Det=90	O+H=164	 DONE
07/10/2025 20:06:58:	move motor	S18.axis2.piezo rotation to 0.346606deg	 DONE
07/10/2025 20:06:59:	14	count	time	5.000000s/cts	O Det=5	H Det=78	Mon Det=15303	Aux Det=126	O+H=209	 DONE
07/10/2025 20:07:06:	move motor	S18.axis2.piezo rotation to 0.346666deg	 DONE
07/10/2025 20:07:07:	15	count	time	5.000000s/cts	O Det=4	H Det=79	Mon Det=15235	Aux Det=123	O+H=206	 DONE
07/10/2025 20:07:14:	move motor	S18.axis2.piezo rotation to 0.346726deg	 DONE
07/10/2025 20:07:15:	16	count	time	5.000000s/cts	O Det=8	H Det=120	Mon Det=15397	Aux Det=141	O+H=269	 DONE
07/10/2025 20:07:22:	move motor	S18.axis2.piezo rotation to 0.346786deg	 DONE
07/10/2025 20:07:23:	17	count	time	5.000000s/cts	O Det=25	H Det=119	Mon Det=15436	Aux Det=193	O+H=337	 DONE
07/10/2025 20:07:29:	move motor	S18.axis2.piezo rotation to 0.346846deg	 DONE
07/10/2025 20:07:31:	18	count	time	5.000000s/cts	O Det=28	H Det=185	Mon Det=15371	Aux Det=319	O+H=532	 DONE
07/10/2025 20:07:37:	move motor	S18.axis2.piezo rotation to 0.346906deg	 DONE
07/10/2025 20:07:39:	19	count	time	5.000000s/cts	O Det=25	H Det=193	Mon Det=15310	Aux Det=258	O+H=476	 DONE
07/10/2025 20:07:45:	move motor	S18.axis2.piezo rotation to 0.346966deg	 DONE
07/10/2025 20:07:47:	20	count	time	5.000000s/cts	O Det=29	H Det=205	Mon Det=15235	Aux Det=258	O+H=492	 DONE
07/10/2025 20:07:53:	move motor	S18.axis2.piezo rotation to 0.347026deg	 DONE
07/10/2025 20:07:55:	21	count	time	5.000000s/cts	O Det=41	H Det=234	Mon Det=15303	Aux Det=297	O+H=572	 DONE
07/10/2025 20:08:01:	move motor	S18.axis2.piezo rotation to 0.347086deg	 DONE
07/10/2025 20:08:02:	22	count	time	5.000000s/cts	O Det=56	H Det=235	Mon Det=15295	Aux Det=403	O+H=694	 DONE
07/10/2025 20:08:09:	move motor	S18.axis2.piezo rotation to 0.347146deg	 DONE
07/10/2025 20:08:10:	23	count	time	5.000000s/cts	O Det=120	H Det=319	Mon Det=15034	Aux Det=464	O+H=903	 DONE
07/10/2025 20:08:17:	move motor	S18.axis2.piezo rotation to 0.347206deg	 DONE
07/10/2025 20:08:18:	24	count	time	5.000000s/cts	O Det=165	H Det=383	Mon Det=15290	Aux Det=682	O+H=1230	 DONE
07/10/2025 20:08:25:	move motor	S18.axis2.piezo rotation to 0.347266deg	 DONE
07/10/2025 20:08:26:	25	count	time	5.000000s/cts	O Det=215	H Det=428	Mon Det=15286	Aux Det=897	O+H=1540	 DONE
07/10/2025 20:08:33:	move motor	S18.axis2.piezo rotation to 0.347326deg	 DONE
07/10/2025 20:08:34:	26	count	time	5.000000s/cts	O Det=348	H Det=397	Mon Det=15496	Aux Det=1371	O+H=2116	 DONE
07/10/2025 20:08:41:	move motor	S18.axis2.piezo rotation to 0.347386deg	 DONE
07/10/2025 20:08:42:	27	count	time	5.000000s/cts	O Det=361	H Det=420	Mon Det=15330	Aux Det=1689	O+H=2470	 DONE
07/10/2025 20:08:49:	move motor	S18.axis2.piezo rotation to 0.347446deg	 DONE
07/10/2025 20:08:50:	28	count	time	5.000000s/cts	O Det=507	H Det=468	Mon Det=15326	Aux Det=1926	O+H=2901	 DONE
07/10/2025 20:08:57:	move motor	S18.axis2.piezo rotation to 0.347506deg	 DONE
07/10/2025 20:08:58:	29	count	time	5.000000s/cts	O Det=473	H Det=508	Mon Det=15275	Aux Det=2052	O+H=3033	 DONE
07/10/2025 20:09:05:	move motor	S18.axis2.piezo rotation to 0.347566deg	 DONE
07/10/2025 20:09:06:	30	count	time	5.000000s/cts	O Det=439	H Det=486	Mon Det=15266	Aux Det=1961	O+H=2886	 DONE
07/10/2025 20:09:13:	move motor	S18.axis2.piezo rotation to 0.347626deg	 DONE
07/10/2025 20:09:14:	31	count	time	5.000000s/cts	O Det=419	H Det=440	Mon Det=15367	Aux Det=1660	O+H=2519	 DONE
07/10/2025 20:09:21:	move motor	S18.axis2.piezo rotation to 0.347686deg	 DONE
07/10/2025 20:09:23:	32	count	time	5.000000s/cts	O Det=329	H Det=457	Mon Det=15253	Aux Det=1241	O+H=2027	 DONE
07/10/2025 20:09:29:	move motor	S18.axis2.piezo rotation to 0.347746deg	 DONE
07/10/2025 20:09:30:	33	count	time	5.000000s/cts	O Det=241	H Det=444	Mon Det=15291	Aux Det=798	O+H=1483	 DONE
07/10/2025 20:09:37:	move motor	S18.axis2.piezo rotation to 0.347806deg	 DONE
07/10/2025 20:09:38:	34	count	time	5.000000s/cts	O Det=144	H Det=379	Mon Det=15290	Aux Det=592	O+H=1115	 DONE
07/10/2025 20:09:45:	move motor	S18.axis2.piezo rotation to 0.347866deg	 DONE
07/10/2025 20:09:46:	35	count	time	5.000000s/cts	O Det=86	H Det=341	Mon Det=15266	Aux Det=466	O+H=893	 DONE
07/10/2025 20:09:53:	move motor	S18.axis2.piezo rotation to 0.347926deg	 DONE
07/10/2025 20:09:54:	36	count	time	5.000000s/cts	O Det=51	H Det=278	Mon Det=15386	Aux Det=340	O+H=669	 DONE
07/10/2025 20:10:00:	move motor	S18.axis2.piezo rotation to 0.347986deg	 DONE
07/10/2025 20:10:02:	37	count	time	5.000000s/cts	O Det=25	H Det=240	Mon Det=15330	Aux Det=281	O+H=546	 DONE
07/10/2025 20:10:08:	move motor	S18.axis2.piezo rotation to 0.348046deg	 DONE
07/10/2025 20:10:10:	38	count	time	5.000000s/cts	O Det=25	H Det=187	Mon Det=15336	Aux Det=253	O+H=465	 DONE
07/10/2025 20:10:16:	move motor	S18.axis2.piezo rotation to 0.348106deg	 DONE
07/10/2025 20:10:18:	39	count	time	5.000000s/cts	O Det=14	H Det=170	Mon Det=15360	Aux Det=187	O+H=371	 DONE
07/10/2025 20:10:24:	move motor	S18.axis2.piezo rotation to 0.348166deg	 DONE
07/10/2025 20:10:26:	40	count	time	5.000000s/cts	O Det=13	H Det=123	Mon Det=15206	Aux Det=152	O+H=288	 DONE
07/10/2025 20:10:32:	move motor	S18.axis2.piezo rotation to 0.348226deg	 DONE
07/10/2025 20:10:33:	41	count	time	5.000000s/cts	O Det=9	H Det=139	Mon Det=15500	Aux Det=156	O+H=304	 DONE
07/10/2025 20:10:40:	move motor	S18.axis2.piezo rotation to 0.348286deg	 DONE
07/10/2025 20:10:41:	42	count	time	5.000000s/cts	O Det=3	H Det=89	Mon Det=15392	Aux Det=132	O+H=224	 DONE
07/10/2025 20:10:48:	move motor	S18.axis2.piezo rotation to 0.348346deg	 DONE
07/10/2025 20:10:50:	43	count	time	5.000000s/cts	O Det=6	H Det=92	Mon Det=15366	Aux Det=111	O+H=209	 DONE
07/10/2025 20:10:56:	move motor	S18.axis2.piezo rotation to 0.348406deg	 DONE
07/10/2025 20:10:57:	44	count	time	5.000000s/cts	O Det=5	H Det=90	Mon Det=15232	Aux Det=98	O+H=193	 DONE
07/10/2025 20:11:04:	move motor	S18.axis2.piezo rotation to 0.348466deg	 DONE
07/10/2025 20:11:05:	45	count	time	5.000000s/cts	O Det=2	H Det=67	Mon Det=15156	Aux Det=68	O+H=137	 DONE
07/10/2025 20:11:12:	move motor	S18.axis2.piezo rotation to 0.348526deg	 DONE
07/10/2025 20:11:13:	46	count	time	5.000000s/cts	O Det=6	H Det=80	Mon Det=15144	Aux Det=68	O+H=154	 DONE
07/10/2025 20:11:20:	move motor	S18.axis2.piezo rotation to 0.348586deg	 DONE
07/10/2025 20:11:21:	47	count	time	5.000000s/cts	O Det=6	H Det=58	Mon Det=15439	Aux Det=67	O+H=131	 DONE
07/10/2025 20:11:28:	move motor	S18.axis2.piezo rotation to 0.348646deg	 DONE
07/10/2025 20:11:29:	48	count	time	5.000000s/cts	O Det=0	H Det=44	Mon Det=15145	Aux Det=54	O+H=98	 DONE
07/10/2025 20:11:36:	move motor	S18.axis2.piezo rotation to 0.348706deg	 DONE
07/10/2025 20:11:37:	49	count	time	5.000000s/cts	O Det=4	H Det=34	Mon Det=15308	Aux Det=52	O+H=90	 DONE
07/10/2025 20:11:44:	move motor	S18.axis2.piezo rotation to 0.348766deg	 DONE
07/10/2025 20:11:45:	50	count	time	5.000000s/cts	O Det=2	H Det=29	Mon Det=15276	Aux Det=45	O+H=76	 DONE
07/10/2025 20:11:52:	move motor	S18.axis2.piezo rotation to 0.348826deg	 DONE
07/10/2025 20:11:53:	51	count	time	5.000000s/cts	O Det=2	H Det=30	Mon Det=15506	Aux Det=53	O+H=85	 DONE
07/10/2025 20:11:59:	move motor	S18.axis2.piezo rotation to 0.348886deg	 DONE
07/10/2025 20:12:01:	52	count	time	5.000000s/cts	O Det=0	H Det=25	Mon Det=15293	Aux Det=34	O+H=59	 DONE
07/10/2025 20:12:07:	move motor	S18.axis2.piezo rotation to 0.348946deg	 DONE
07/10/2025 20:12:09:	53	count	time	5.000000s/cts	O Det=3	H Det=31	Mon Det=15203	Aux Det=40	O+H=74	 DONE
07/10/2025 20:12:15:	move motor	S18.axis2.piezo rotation to 0.349006deg	 DONE
07/10/2025 20:12:17:	54	count	time	5.000000s/cts	O Det=1	H Det=21	Mon Det=15307	Aux Det=29	O+H=51	 DONE
07/10/2025 20:12:24:	move motor	S18.axis2.piezo rotation to 0.349066deg	 DONE
07/10/2025 20:12:25:	55	count	time	5.000000s/cts	O Det=1	H Det=23	Mon Det=15392	Aux Det=30	O+H=54	 DONE
07/10/2025 20:12:32:	move motor	S18.axis2.piezo rotation to 0.349126deg	 DONE
07/10/2025 20:12:33:	56	count	time	5.000000s/cts	O Det=1	H Det=19	Mon Det=15352	Aux Det=29	O+H=49	 DONE
07/10/2025 20:12:40:	move motor	S18.axis2.piezo rotation to 0.349186deg	 DONE
07/10/2025 20:12:41:	57	count	time	5.000000s/cts	O Det=0	H Det=23	Mon Det=15587	Aux Det=31	O+H=54	 DONE
07/10/2025 20:12:47:	move motor	S18.axis2.piezo rotation to 0.349246deg	 DONE
07/10/2025 20:12:48:	58	count	time	5.000000s/cts	O Det=0	H Det=18	Mon Det=15328	Aux Det=20	O+H=38	 DONE
07/10/2025 20:12:55:	move motor	S18.axis2.piezo rotation to 0.349306deg	 DONE
07/10/2025 20:12:56:	59	count	time	5.000000s/cts	O Det=2	H Det=25	Mon Det=15273	Aux Det=24	O+H=51	 DONE
07/10/2025 20:13:03:	move motor	S18.axis2.piezo rotation to 0.349366deg	 DONE
07/10/2025 20:13:04:	60	count	time	5.000000s/cts	O Det=1	H Det=19	Mon Det=15013	Aux Det=24	O+H=44	 DONE
07/10/2025 20:13:11:	close file and end scan	 DONE
07/10/2025 20:13:11:	move motor	S18.axis2.piezo rotation to fit SUM PEAK60	0.347508reached 0.34751  DONE
07/10/2025 20:13:16:	END OF SCRIPT	 DONE
