26/09/2025 02:19:04:	start execution of script D:\data\Cycle 198\exp_3-16-19\rawdata\sc\rocking.sc	 DONE
26/09/2025 02:19:05:	move motor	S18.axis2.piezo rotation to -1.963186deg	 DONE
26/09/2025 02:19:09:	create file	D:\data\Cycle 198\exp_3-16-19\rawdata\sc\rocking_26Sep0219.dat	 DONE
room to enter remarks DONE
26/09/2025 02:19:10:	move motor	S18.axis2.piezo rotation to -1.863186deg	 DONE
26/09/2025 02:19:14:	1	count	time	3.000000s/cts	O Det=0	H Det=121	Mon Det=6786	Aux Det=3	O+H=124	 DONE
26/09/2025 02:19:20:	move motor	S18.axis2.piezo rotation to -1.863136deg	 DONE
26/09/2025 02:19:23:	2	count	time	3.000000s/cts	O Det=1	H Det=150	Mon Det=6894	Aux Det=7	O+H=158	 DONE
26/09/2025 02:19:28:	move motor	S18.axis2.piezo rotation to -1.863086deg	 DONE
26/09/2025 02:19:30:	3	count	time	3.000000s/cts	O Det=1	H Det=168	Mon Det=6778	Aux Det=1	O+H=170	 DONE
26/09/2025 02:19:35:	move motor	S18.axis2.piezo rotation to -1.863036deg	 DONE
26/09/2025 02:19:36:	4	count	time	3.000000s/cts	O Det=4	H Det=175	Mon Det=6994	Aux Det=6	O+H=185	 DONE
26/09/2025 02:19:41:	move motor	S18.axis2.piezo rotation to -1.862986deg	 DONE
26/09/2025 02:19:42:	5	count	time	3.000000s/cts	O Det=1	H Det=205	Mon Det=6804	Aux Det=5	O+H=211	 DONE
26/09/2025 02:19:48:	move motor	S18.axis2.piezo rotation to -1.862936deg	 DONE
26/09/2025 02:19:49:	6	count	time	3.000000s/cts	O Det=1	H Det=242	Mon Det=6897	Aux Det=8	O+H=251	 DONE
26/09/2025 02:19:54:	move motor	S18.axis2.piezo rotation to -1.862886deg	 DONE
26/09/2025 02:19:55:	7	count	time	3.000000s/cts	O Det=1	H Det=237	Mon Det=7009	Aux Det=6	O+H=244	 DONE
26/09/2025 02:20:00:	move motor	S18.axis2.piezo rotation to -1.862836deg	 DONE
26/09/2025 02:20:02:	8	count	time	3.000000s/cts	O Det=2	H Det=241	Mon Det=6942	Aux Det=5	O+H=248	 DONE
26/09/2025 02:20:07:	move motor	S18.axis2.piezo rotation to -1.862786deg	 DONE
26/09/2025 02:20:08:	9	count	time	3.000000s/cts	O Det=4	H Det=265	Mon Det=6756	Aux Det=7	O+H=276	 DONE
26/09/2025 02:20:13:	move motor	S18.axis2.piezo rotation to -1.862736deg	 DONE
26/09/2025 02:20:14:	10	count	time	3.000000s/cts	O Det=3	H Det=316	Mon Det=6773	Aux Det=15	O+H=334	 DONE
26/09/2025 02:20:20:	move motor	S18.axis2.piezo rotation to -1.862686deg	 DONE
26/09/2025 02:20:21:	11	count	time	3.000000s/cts	O Det=3	H Det=332	Mon Det=6847	Aux Det=2	O+H=337	 DONE
26/09/2025 02:20:26:	move motor	S18.axis2.piezo rotation to -1.862636deg	 DONE
26/09/2025 02:20:27:	12	count	time	3.000000s/cts	O Det=0	H Det=345	Mon Det=6800	Aux Det=7	O+H=352	 DONE
26/09/2025 02:20:33:	move motor	S18.axis2.piezo rotation to -1.862586deg	 DONE
26/09/2025 02:20:34:	13	count	time	3.000000s/cts	O Det=4	H Det=388	Mon Det=6967	Aux Det=5	O+H=397	 DONE
26/09/2025 02:20:39:	move motor	S18.axis2.piezo rotation to -1.862536deg	 DONE
26/09/2025 02:20:40:	14	count	time	3.000000s/cts	O Det=4	H Det=438	Mon Det=6726	Aux Det=8	O+H=450	 DONE
26/09/2025 02:20:45:	move motor	S18.axis2.piezo rotation to -1.862486deg	 DONE
26/09/2025 02:20:47:	15	count	time	3.000000s/cts	O Det=6	H Det=489	Mon Det=6926	Aux Det=12	O+H=507	 DONE
26/09/2025 02:20:52:	move motor	S18.axis2.piezo rotation to -1.862436deg	 DONE
26/09/2025 02:20:53:	16	count	time	3.000000s/cts	O Det=2	H Det=546	Mon Det=6814	Aux Det=10	O+H=558	 DONE
26/09/2025 02:20:58:	move motor	S18.axis2.piezo rotation to -1.862386deg	 DONE
26/09/2025 02:20:59:	17	count	time	3.000000s/cts	O Det=5	H Det=610	Mon Det=6889	Aux Det=9	O+H=624	 DONE
26/09/2025 02:21:05:	move motor	S18.axis2.piezo rotation to -1.862336deg	 DONE
26/09/2025 02:21:06:	18	count	time	3.000000s/cts	O Det=8	H Det=656	Mon Det=6827	Aux Det=14	O+H=678	 DONE
26/09/2025 02:21:11:	move motor	S18.axis2.piezo rotation to -1.862286deg	 DONE
26/09/2025 02:21:12:	19	count	time	3.000000s/cts	O Det=12	H Det=772	Mon Det=6837	Aux Det=17	O+H=801	 DONE
26/09/2025 02:21:17:	move motor	S18.axis2.piezo rotation to -1.862236deg	 DONE
26/09/2025 02:21:19:	20	count	time	3.000000s/cts	O Det=12	H Det=963	Mon Det=6906	Aux Det=12	O+H=987	 DONE
26/09/2025 02:21:24:	move motor	S18.axis2.piezo rotation to -1.862186deg	 DONE
26/09/2025 02:21:25:	21	count	time	3.000000s/cts	O Det=17	H Det=1007	Mon Det=6799	Aux Det=16	O+H=1040	 DONE
26/09/2025 02:21:30:	move motor	S18.axis2.piezo rotation to -1.862136deg	 DONE
26/09/2025 02:21:32:	22	count	time	3.000000s/cts	O Det=30	H Det=1257	Mon Det=6802	Aux Det=35	O+H=1322	 DONE
26/09/2025 02:21:37:	move motor	S18.axis2.piezo rotation to -1.862086deg	 DONE
26/09/2025 02:21:38:	23	count	time	3.000000s/cts	O Det=35	H Det=1446	Mon Det=6911	Aux Det=43	O+H=1524	 DONE
26/09/2025 02:21:43:	move motor	S18.axis2.piezo rotation to -1.862036deg	 DONE
26/09/2025 02:21:45:	24	count	time	3.000000s/cts	O Det=54	H Det=1766	Mon Det=6961	Aux Det=83	O+H=1903	 DONE
26/09/2025 02:21:50:	move motor	S18.axis2.piezo rotation to -1.861986deg	 DONE
26/09/2025 02:21:51:	25	count	time	3.000000s/cts	O Det=72	H Det=2060	Mon Det=6905	Aux Det=174	O+H=2306	 DONE
26/09/2025 02:21:56:	move motor	S18.axis2.piezo rotation to -1.861936deg	 DONE
26/09/2025 02:21:57:	26	count	time	3.000000s/cts	O Det=105	H Det=2649	Mon Det=6918	Aux Det=398	O+H=3152	 DONE
26/09/2025 02:22:03:	move motor	S18.axis2.piezo rotation to -1.861886deg	 DONE
26/09/2025 02:22:04:	27	count	time	3.000000s/cts	O Det=124	H Det=3118	Mon Det=6826	Aux Det=883	O+H=4125	 DONE
26/09/2025 02:22:09:	move motor	S18.axis2.piezo rotation to -1.861836deg	 DONE
26/09/2025 02:22:10:	28	count	time	3.000000s/cts	O Det=146	H Det=3870	Mon Det=6937	Aux Det=1984	O+H=6000	 DONE
26/09/2025 02:22:16:	move motor	S18.axis2.piezo rotation to -1.861786deg	 DONE
26/09/2025 02:22:17:	29	count	time	3.000000s/cts	O Det=181	H Det=4389	Mon Det=6970	Aux Det=3455	O+H=8025	 DONE
26/09/2025 02:22:22:	move motor	S18.axis2.piezo rotation to -1.861736deg	 DONE
26/09/2025 02:22:23:	30	count	time	3.000000s/cts	O Det=197	H Det=4874	Mon Det=6953	Aux Det=4787	O+H=9858	 DONE
26/09/2025 02:22:29:	move motor	S18.axis2.piezo rotation to -1.861686deg	 DONE
26/09/2025 02:22:30:	31	count	time	3.000000s/cts	O Det=202	H Det=4953	Mon Det=6876	Aux Det=5443	O+H=10598	 DONE
26/09/2025 02:22:35:	move motor	S18.axis2.piezo rotation to -1.861636deg	 DONE
26/09/2025 02:22:36:	32	count	time	3.000000s/cts	O Det=190	H Det=5070	Mon Det=7122	Aux Det=5987	O+H=11247	 DONE
26/09/2025 02:22:42:	move motor	S18.axis2.piezo rotation to -1.861586deg	 DONE
26/09/2025 02:22:43:	33	count	time	3.000000s/cts	O Det=183	H Det=5076	Mon Det=6919	Aux Det=5931	O+H=11190	 DONE
26/09/2025 02:22:48:	move motor	S18.axis2.piezo rotation to -1.861536deg	 DONE
26/09/2025 02:22:49:	34	count	time	3.000000s/cts	O Det=178	H Det=4784	Mon Det=6776	Aux Det=5328	O+H=10290	 DONE
26/09/2025 02:22:54:	move motor	S18.axis2.piezo rotation to -1.861486deg	 DONE
26/09/2025 02:22:55:	35	count	time	3.000000s/cts	O Det=160	H Det=4313	Mon Det=6783	Aux Det=4287	O+H=8760	 DONE
26/09/2025 02:23:01:	move motor	S18.axis2.piezo rotation to -1.861436deg	 DONE
26/09/2025 02:23:02:	36	count	time	3.000000s/cts	O Det=127	H Det=3898	Mon Det=7033	Aux Det=2786	O+H=6811	 DONE
26/09/2025 02:23:08:	move motor	S18.axis2.piezo rotation to -1.861386deg	 DONE
26/09/2025 02:23:09:	37	count	time	3.000000s/cts	O Det=106	H Det=3539	Mon Det=6982	Aux Det=1934	O+H=5579	 DONE
26/09/2025 02:23:14:	move motor	S18.axis2.piezo rotation to -1.861336deg	 DONE
26/09/2025 02:23:15:	38	count	time	3.000000s/cts	O Det=105	H Det=3049	Mon Det=6851	Aux Det=1282	O+H=4436	 DONE
26/09/2025 02:23:20:	move motor	S18.axis2.piezo rotation to -1.861286deg	 DONE
26/09/2025 02:23:21:	39	count	time	3.000000s/cts	O Det=79	H Det=2565	Mon Det=6918	Aux Det=625	O+H=3269	 DONE
26/09/2025 02:23:27:	move motor	S18.axis2.piezo rotation to -1.861236deg	 DONE
26/09/2025 02:23:28:	40	count	time	3.000000s/cts	O Det=62	H Det=2064	Mon Det=6823	Aux Det=259	O+H=2385	 DONE
26/09/2025 02:23:33:	move motor	S18.axis2.piezo rotation to -1.861186deg	 DONE
26/09/2025 02:23:34:	41	count	time	3.000000s/cts	O Det=47	H Det=1823	Mon Det=6767	Aux Det=146	O+H=2016	 DONE
26/09/2025 02:23:39:	move motor	S18.axis2.piezo rotation to -1.861136deg	 DONE
26/09/2025 02:23:41:	42	count	time	3.000000s/cts	O Det=40	H Det=1426	Mon Det=6943	Aux Det=87	O+H=1553	 DONE
26/09/2025 02:23:46:	move motor	S18.axis2.piezo rotation to -1.861086deg	 DONE
26/09/2025 02:23:47:	43	count	time	3.000000s/cts	O Det=19	H Det=1176	Mon Det=6784	Aux Det=38	O+H=1233	 DONE
26/09/2025 02:23:52:	move motor	S18.axis2.piezo rotation to -1.861036deg	 DONE
26/09/2025 02:23:54:	44	count	time	3.000000s/cts	O Det=19	H Det=1049	Mon Det=6841	Aux Det=32	O+H=1100	 DONE
26/09/2025 02:23:59:	move motor	S18.axis2.piezo rotation to -1.860986deg	 DONE
26/09/2025 02:24:00:	45	count	time	3.000000s/cts	O Det=21	H Det=905	Mon Det=6868	Aux Det=22	O+H=948	 DONE
26/09/2025 02:24:05:	move motor	S18.axis2.piezo rotation to -1.860936deg	 DONE
26/09/2025 02:24:06:	46	count	time	3.000000s/cts	O Det=11	H Det=728	Mon Det=6866	Aux Det=15	O+H=754	 DONE
26/09/2025 02:24:12:	move motor	S18.axis2.piezo rotation to -1.860886deg	 DONE
26/09/2025 02:24:13:	47	count	time	3.000000s/cts	O Det=12	H Det=634	Mon Det=6883	Aux Det=13	O+H=659	 DONE
26/09/2025 02:24:18:	move motor	S18.axis2.piezo rotation to -1.860836deg	 DONE
26/09/2025 02:24:19:	48	count	time	3.000000s/cts	O Det=7	H Det=598	Mon Det=6846	Aux Det=12	O+H=617	 DONE
26/09/2025 02:24:25:	move motor	S18.axis2.piezo rotation to -1.860786deg	 DONE
26/09/2025 02:24:26:	49	count	time	3.000000s/cts	O Det=2	H Det=513	Mon Det=6896	Aux Det=10	O+H=525	 DONE
26/09/2025 02:24:31:	move motor	S18.axis2.piezo rotation to -1.860736deg	 DONE
26/09/2025 02:24:32:	50	count	time	3.000000s/cts	O Det=4	H Det=447	Mon Det=6881	Aux Det=7	O+H=458	 DONE
26/09/2025 02:24:37:	move motor	S18.axis2.piezo rotation to -1.860686deg	 DONE
26/09/2025 02:24:39:	51	count	time	3.000000s/cts	O Det=3	H Det=420	Mon Det=6811	Aux Det=4	O+H=427	 DONE
26/09/2025 02:24:44:	move motor	S18.axis2.piezo rotation to -1.860636deg	 DONE
26/09/2025 02:24:45:	52	count	time	3.000000s/cts	O Det=2	H Det=389	Mon Det=6769	Aux Det=8	O+H=399	 DONE
26/09/2025 02:24:50:	move motor	S18.axis2.piezo rotation to -1.860586deg	 DONE
26/09/2025 02:24:52:	53	count	time	3.000000s/cts	O Det=1	H Det=341	Mon Det=6927	Aux Det=8	O+H=350	 DONE
26/09/2025 02:24:57:	move motor	S18.axis2.piezo rotation to -1.860536deg	 DONE
26/09/2025 02:24:58:	54	count	time	3.000000s/cts	O Det=2	H Det=343	Mon Det=6858	Aux Det=3	O+H=348	 DONE
26/09/2025 02:25:03:	move motor	S18.axis2.piezo rotation to -1.860486deg	 DONE
26/09/2025 02:25:04:	55	count	time	3.000000s/cts	O Det=4	H Det=282	Mon Det=6884	Aux Det=10	O+H=296	 DONE
26/09/2025 02:25:10:	move motor	S18.axis2.piezo rotation to -1.860436deg	 DONE
26/09/2025 02:25:11:	56	count	time	3.000000s/cts	O Det=2	H Det=279	Mon Det=6799	Aux Det=5	O+H=286	 DONE
26/09/2025 02:25:16:	move motor	S18.axis2.piezo rotation to -1.860386deg	 DONE
26/09/2025 02:25:17:	57	count	time	3.000000s/cts	O Det=2	H Det=209	Mon Det=6833	Aux Det=8	O+H=219	 DONE
26/09/2025 02:25:22:	move motor	S18.axis2.piezo rotation to -1.860336deg	 DONE
26/09/2025 02:25:24:	58	count	time	3.000000s/cts	O Det=1	H Det=223	Mon Det=6877	Aux Det=6	O+H=230	 DONE
26/09/2025 02:25:29:	move motor	S18.axis2.piezo rotation to -1.860286deg	 DONE
26/09/2025 02:25:30:	59	count	time	3.000000s/cts	O Det=3	H Det=243	Mon Det=6746	Aux Det=7	O+H=253	 DONE
26/09/2025 02:25:35:	move motor	S18.axis2.piezo rotation to -1.860236deg	 DONE
26/09/2025 02:25:37:	60	count	time	3.000000s/cts	O Det=1	H Det=201	Mon Det=6901	Aux Det=4	O+H=206	 DONE
26/09/2025 02:25:42:	close file and end scan	saving D:\data\Cycle 198\exp_3-16-19\rawdata\sc\rocking_26Sep0219.tif  DONE
26/09/2025 02:25:42:	move motor	S18.axis2.piezo rotation to fit AUX PEAK60	-1.861624reached -1.86162  DONE
26/09/2025 02:25:47:	END OF SCRIPT	 DONE
