03/10/2025 17:19:50:	start execution of script D:\data\Cycle 198\exp_3-16-19\rawdata\sc\rocking.sc	 DONE
03/10/2025 17:19:51:	move motor	S18.axis2.piezo rotation to -0.246770deg	 DONE
03/10/2025 17:19:54:	create file	D:\data\Cycle 198\exp_3-16-19\rawdata\sc\rocking_03Oct1719.dat	 DONE
room to enter remarks DONE
03/10/2025 17:19:55:	move motor	S18.axis2.piezo rotation to -0.146770deg	 DONE
03/10/2025 17:19:59:	1	count	time	5.000000s/cts	O Det=1	H Det=2	Mon Det=11505	Aux Det=26	O+H=29	 DONE
03/10/2025 17:20:06:	move motor	S18.axis2.piezo rotation to -0.146710deg	 DONE
03/10/2025 17:20:08:	2	count	time	5.000000s/cts	O Det=1	H Det=0	Mon Det=11392	Aux Det=38	O+H=39	 DONE
03/10/2025 17:20:15:	move motor	S18.axis2.piezo rotation to -0.146650deg	 DONE
03/10/2025 17:20:16:	3	count	time	5.000000s/cts	O Det=1	H Det=2	Mon Det=11451	Aux Det=18	O+H=21	 DONE
03/10/2025 17:20:23:	move motor	S18.axis2.piezo rotation to -0.146590deg	 DONE
03/10/2025 17:20:24:	4	count	time	5.000000s/cts	O Det=1	H Det=2	Mon Det=11539	Aux Det=38	O+H=41	 DONE
03/10/2025 17:20:31:	move motor	S18.axis2.piezo rotation to -0.146530deg	 DONE
03/10/2025 17:20:32:	5	count	time	5.000000s/cts	O Det=1	H Det=2	Mon Det=11582	Aux Det=47	O+H=50	 DONE
03/10/2025 17:20:38:	move motor	S18.axis2.piezo rotation to -0.146470deg	 DONE
03/10/2025 17:20:40:	6	count	time	5.000000s/cts	O Det=1	H Det=2	Mon Det=11500	Aux Det=39	O+H=42	 DONE
03/10/2025 17:20:46:	move motor	S18.axis2.piezo rotation to -0.146410deg	 DONE
03/10/2025 17:20:47:	7	count	time	5.000000s/cts	O Det=2	H Det=3	Mon Det=11461	Aux Det=39	O+H=44	 DONE
03/10/2025 17:20:54:	move motor	S18.axis2.piezo rotation to -0.146350deg	 DONE
03/10/2025 17:20:55:	8	count	time	5.000000s/cts	O Det=0	H Det=0	Mon Det=11660	Aux Det=37	O+H=37	 DONE
03/10/2025 17:21:02:	move motor	S18.axis2.piezo rotation to -0.146290deg	 DONE
03/10/2025 17:21:03:	9	count	time	5.000000s/cts	O Det=0	H Det=1	Mon Det=11470	Aux Det=61	O+H=62	 DONE
03/10/2025 17:21:10:	move motor	S18.axis2.piezo rotation to -0.146230deg	 DONE
03/10/2025 17:21:11:	10	count	time	5.000000s/cts	O Det=1	H Det=1	Mon Det=11541	Aux Det=59	O+H=61	 DONE
03/10/2025 17:21:18:	move motor	S18.axis2.piezo rotation to -0.146170deg	 DONE
03/10/2025 17:21:19:	11	count	time	5.000000s/cts	O Det=1	H Det=2	Mon Det=11439	Aux Det=64	O+H=67	 DONE
03/10/2025 17:21:26:	move motor	S18.axis2.piezo rotation to -0.146110deg	 DONE
03/10/2025 17:21:27:	12	count	time	5.000000s/cts	O Det=1	H Det=2	Mon Det=11508	Aux Det=75	O+H=78	 DONE
03/10/2025 17:21:34:	move motor	S18.axis2.piezo rotation to -0.146050deg	 DONE
03/10/2025 17:21:35:	13	count	time	5.000000s/cts	O Det=1	H Det=1	Mon Det=11418	Aux Det=73	O+H=75	 DONE
03/10/2025 17:21:42:	move motor	S18.axis2.piezo rotation to -0.145990deg	 DONE
03/10/2025 17:21:43:	14	count	time	5.000000s/cts	O Det=2	H Det=1	Mon Det=11527	Aux Det=98	O+H=101	 DONE
03/10/2025 17:21:49:	move motor	S18.axis2.piezo rotation to -0.145930deg	 DONE
03/10/2025 17:21:51:	15	count	time	5.000000s/cts	O Det=9	H Det=3	Mon Det=11581	Aux Det=139	O+H=151	 DONE
03/10/2025 17:21:57:	move motor	S18.axis2.piezo rotation to -0.145870deg	 DONE
03/10/2025 17:21:58:	16	count	time	5.000000s/cts	O Det=11	H Det=7	Mon Det=11700	Aux Det=195	O+H=213	 DONE
03/10/2025 17:22:05:	move motor	S18.axis2.piezo rotation to -0.145810deg	 DONE
03/10/2025 17:22:06:	17	count	time	5.000000s/cts	O Det=32	H Det=9	Mon Det=11465	Aux Det=229	O+H=270	 DONE
03/10/2025 17:22:13:	move motor	S18.axis2.piezo rotation to -0.145750deg	 DONE
03/10/2025 17:22:14:	18	count	time	5.000000s/cts	O Det=31	H Det=12	Mon Det=11731	Aux Det=234	O+H=277	 DONE
03/10/2025 17:22:21:	move motor	S18.axis2.piezo rotation to -0.145690deg	 DONE
03/10/2025 17:22:22:	19	count	time	5.000000s/cts	O Det=47	H Det=8	Mon Det=11493	Aux Det=269	O+H=324	 DONE
03/10/2025 17:22:28:	move motor	S18.axis2.piezo rotation to -0.145630deg	 DONE
03/10/2025 17:22:30:	20	count	time	5.000000s/cts	O Det=42	H Det=14	Mon Det=11458	Aux Det=289	O+H=345	 DONE
03/10/2025 17:22:36:	move motor	S18.axis2.piezo rotation to -0.145570deg	 DONE
03/10/2025 17:22:37:	21	count	time	5.000000s/cts	O Det=107	H Det=25	Mon Det=11487	Aux Det=403	O+H=535	 DONE
03/10/2025 17:22:44:	move motor	S18.axis2.piezo rotation to -0.145510deg	 DONE
03/10/2025 17:22:45:	22	count	time	5.000000s/cts	O Det=132	H Det=56	Mon Det=11634	Aux Det=412	O+H=600	 DONE
03/10/2025 17:22:52:	move motor	S18.axis2.piezo rotation to -0.145450deg	 DONE
03/10/2025 17:22:53:	23	count	time	5.000000s/cts	O Det=183	H Det=113	Mon Det=11539	Aux Det=498	O+H=794	 DONE
03/10/2025 17:23:00:	move motor	S18.axis2.piezo rotation to -0.145390deg	 DONE
03/10/2025 17:23:01:	24	count	time	5.000000s/cts	O Det=255	H Det=185	Mon Det=11406	Aux Det=651	O+H=1091	 DONE
03/10/2025 17:23:08:	move motor	S18.axis2.piezo rotation to -0.145330deg	 DONE
03/10/2025 17:23:09:	25	count	time	5.000000s/cts	O Det=338	H Det=249	Mon Det=11507	Aux Det=746	O+H=1333	 DONE
03/10/2025 17:23:15:	move motor	S18.axis2.piezo rotation to -0.145270deg	 DONE
03/10/2025 17:23:17:	26	count	time	5.000000s/cts	O Det=360	H Det=287	Mon Det=11315	Aux Det=828	O+H=1475	 DONE
03/10/2025 17:23:23:	move motor	S18.axis2.piezo rotation to -0.145210deg	 DONE
03/10/2025 17:23:24:	27	count	time	5.000000s/cts	O Det=403	H Det=339	Mon Det=11642	Aux Det=831	O+H=1573	 DONE
03/10/2025 17:23:31:	move motor	S18.axis2.piezo rotation to -0.145150deg	 DONE
03/10/2025 17:23:32:	28	count	time	5.000000s/cts	O Det=463	H Det=405	Mon Det=11673	Aux Det=812	O+H=1680	 DONE
03/10/2025 17:23:39:	move motor	S18.axis2.piezo rotation to -0.145090deg	 DONE
03/10/2025 17:23:40:	29	count	time	5.000000s/cts	O Det=493	H Det=381	Mon Det=11476	Aux Det=755	O+H=1629	 DONE
03/10/2025 17:23:47:	move motor	S18.axis2.piezo rotation to -0.145030deg	 DONE
03/10/2025 17:23:48:	30	count	time	5.000000s/cts	O Det=427	H Det=376	Mon Det=11569	Aux Det=720	O+H=1523	 DONE
03/10/2025 17:23:54:	move motor	S18.axis2.piezo rotation to -0.144970deg	 DONE
03/10/2025 17:23:56:	31	count	time	5.000000s/cts	O Det=405	H Det=318	Mon Det=11274	Aux Det=616	O+H=1339	 DONE
03/10/2025 17:24:02:	move motor	S18.axis2.piezo rotation to -0.144910deg	 DONE
03/10/2025 17:24:03:	32	count	time	5.000000s/cts	O Det=319	H Det=232	Mon Det=11414	Aux Det=516	O+H=1067	 DONE
03/10/2025 17:24:10:	move motor	S18.axis2.piezo rotation to -0.144850deg	 DONE
03/10/2025 17:24:11:	33	count	time	5.000000s/cts	O Det=288	H Det=177	Mon Det=11391	Aux Det=433	O+H=898	 DONE
03/10/2025 17:24:18:	move motor	S18.axis2.piezo rotation to -0.144790deg	 DONE
03/10/2025 17:24:19:	34	count	time	5.000000s/cts	O Det=184	H Det=104	Mon Det=11563	Aux Det=359	O+H=647	 DONE
03/10/2025 17:24:25:	move motor	S18.axis2.piezo rotation to -0.144730deg	 DONE
03/10/2025 17:24:27:	35	count	time	5.000000s/cts	O Det=137	H Det=44	Mon Det=11483	Aux Det=293	O+H=474	 DONE
03/10/2025 17:24:33:	move motor	S18.axis2.piezo rotation to -0.144670deg	 DONE
03/10/2025 17:24:35:	36	count	time	5.000000s/cts	O Det=115	H Det=35	Mon Det=11422	Aux Det=264	O+H=414	 DONE
03/10/2025 17:24:42:	move motor	S18.axis2.piezo rotation to -0.144610deg	 DONE
03/10/2025 17:24:43:	37	count	time	5.000000s/cts	O Det=81	H Det=13	Mon Det=11527	Aux Det=214	O+H=308	 DONE
03/10/2025 17:24:49:	move motor	S18.axis2.piezo rotation to -0.144550deg	 DONE
03/10/2025 17:24:50:	38	count	time	5.000000s/cts	O Det=43	H Det=10	Mon Det=11379	Aux Det=240	O+H=293	 DONE
03/10/2025 17:24:57:	move motor	S18.axis2.piezo rotation to -0.144490deg	 DONE
03/10/2025 17:24:58:	39	count	time	5.000000s/cts	O Det=24	H Det=6	Mon Det=11555	Aux Det=144	O+H=174	 DONE
03/10/2025 17:25:05:	move motor	S18.axis2.piezo rotation to -0.144430deg	 DONE
03/10/2025 17:25:06:	40	count	time	5.000000s/cts	O Det=13	H Det=4	Mon Det=11597	Aux Det=130	O+H=147	 DONE
03/10/2025 17:25:12:	move motor	S18.axis2.piezo rotation to -0.144370deg	 DONE
03/10/2025 17:25:15:	41	count	time	5.000000s/cts	O Det=16	H Det=3	Mon Det=11654	Aux Det=106	O+H=125	 DONE
03/10/2025 17:25:21:	move motor	S18.axis2.piezo rotation to -0.144310deg	 DONE
03/10/2025 17:25:22:	42	count	time	5.000000s/cts	O Det=11	H Det=4	Mon Det=11605	Aux Det=121	O+H=136	 DONE
03/10/2025 17:25:29:	move motor	S18.axis2.piezo rotation to -0.144250deg	 DONE
03/10/2025 17:25:30:	43	count	time	5.000000s/cts	O Det=7	H Det=3	Mon Det=11543	Aux Det=109	O+H=119	 DONE
03/10/2025 17:25:37:	move motor	S18.axis2.piezo rotation to -0.144190deg	 DONE
03/10/2025 17:25:38:	44	count	time	5.000000s/cts	O Det=9	H Det=1	Mon Det=11646	Aux Det=83	O+H=93	 DONE
03/10/2025 17:25:45:	move motor	S18.axis2.piezo rotation to -0.144130deg	 DONE
03/10/2025 17:25:46:	45	count	time	5.000000s/cts	O Det=4	H Det=2	Mon Det=11539	Aux Det=80	O+H=86	 DONE
03/10/2025 17:25:52:	move motor	S18.axis2.piezo rotation to -0.144070deg	 DONE
03/10/2025 17:25:54:	46	count	time	5.000000s/cts	O Det=2	H Det=3	Mon Det=11536	Aux Det=52	O+H=57	 DONE
03/10/2025 17:26:01:	move motor	S18.axis2.piezo rotation to -0.144010deg	 DONE
03/10/2025 17:26:02:	47	count	time	5.000000s/cts	O Det=4	H Det=0	Mon Det=11424	Aux Det=52	O+H=56	 DONE
03/10/2025 17:26:08:	move motor	S18.axis2.piezo rotation to -0.143950deg	 DONE
03/10/2025 17:26:10:	48	count	time	5.000000s/cts	O Det=3	H Det=0	Mon Det=11463	Aux Det=46	O+H=49	 DONE
03/10/2025 17:26:17:	move motor	S18.axis2.piezo rotation to -0.143890deg	 DONE
03/10/2025 17:26:18:	49	count	time	5.000000s/cts	O Det=1	H Det=1	Mon Det=11490	Aux Det=54	O+H=56	 DONE
03/10/2025 17:26:24:	move motor	S18.axis2.piezo rotation to -0.143830deg	 DONE
03/10/2025 17:26:25:	50	count	time	5.000000s/cts	O Det=0	H Det=1	Mon Det=11629	Aux Det=44	O+H=45	 DONE
03/10/2025 17:26:32:	move motor	S18.axis2.piezo rotation to -0.143770deg	 DONE
03/10/2025 17:26:33:	51	count	time	5.000000s/cts	O Det=1	H Det=3	Mon Det=11574	Aux Det=53	O+H=57	 DONE
03/10/2025 17:26:40:	move motor	S18.axis2.piezo rotation to -0.143710deg	 DONE
03/10/2025 17:26:41:	52	count	time	5.000000s/cts	O Det=1	H Det=0	Mon Det=11641	Aux Det=36	O+H=37	 DONE
03/10/2025 17:26:48:	move motor	S18.axis2.piezo rotation to -0.143650deg	 DONE
03/10/2025 17:26:49:	53	count	time	5.000000s/cts	O Det=1	H Det=1	Mon Det=11552	Aux Det=30	O+H=32	 DONE
03/10/2025 17:26:56:	move motor	S18.axis2.piezo rotation to -0.143590deg	 DONE
03/10/2025 17:26:57:	54	count	time	5.000000s/cts	O Det=0	H Det=0	Mon Det=11663	Aux Det=29	O+H=29	 DONE
03/10/2025 17:27:04:	move motor	S18.axis2.piezo rotation to -0.143530deg	 DONE
03/10/2025 17:27:05:	55	count	time	5.000000s/cts	O Det=1	H Det=1	Mon Det=11395	Aux Det=29	O+H=31	 DONE
03/10/2025 17:27:12:	move motor	S18.axis2.piezo rotation to -0.143470deg	 DONE
03/10/2025 17:27:14:	56	count	time	5.000000s/cts	O Det=3	H Det=1	Mon Det=11660	Aux Det=25	O+H=29	 DONE
03/10/2025 17:27:20:	move motor	S18.axis2.piezo rotation to -0.143410deg	 DONE
03/10/2025 17:27:22:	57	count	time	5.000000s/cts	O Det=0	H Det=1	Mon Det=11572	Aux Det=40	O+H=41	 DONE
03/10/2025 17:27:28:	move motor	S18.axis2.piezo rotation to -0.143350deg	 DONE
03/10/2025 17:27:30:	58	count	time	5.000000s/cts	O Det=0	H Det=0	Mon Det=11490	Aux Det=18	O+H=18	 DONE
03/10/2025 17:27:36:	move motor	S18.axis2.piezo rotation to -0.143290deg	 DONE
03/10/2025 17:27:38:	59	count	time	5.000000s/cts	O Det=0	H Det=2	Mon Det=11311	Aux Det=27	O+H=29	 DONE
03/10/2025 17:27:44:	move motor	S18.axis2.piezo rotation to -0.143230deg	 DONE
03/10/2025 17:27:45:	60	count	time	5.000000s/cts	O Det=0	H Det=2	Mon Det=11490	Aux Det=20	O+H=22	 DONE
03/10/2025 17:27:52:	close file and end scan	 DONE
03/10/2025 17:27:53:	move motor	S18.axis2.piezo rotation to fit SUM PEAK60	-0.145148reached -0.14515  DONE
03/10/2025 17:27:55:	END OF SCRIPT	 DONE
