03/10/2025 14:21:32:	start execution of script D:\data\Cycle 198\exp_3-16-19\rawdata\sc\rocking.sc	 DONE
03/10/2025 14:21:33:	move motor	S18.axis2.piezo rotation to -0.246770deg	 DONE
03/10/2025 14:21:37:	create file	D:\data\Cycle 198\exp_3-16-19\rawdata\sc\rocking_03Oct1421.dat	 DONE
room to enter remarks DONE
03/10/2025 14:21:38:	move motor	S18.axis2.piezo rotation to -0.146770deg	 DONE
03/10/2025 14:21:41:	1	count	time	5.000000s/cts	O Det=0	H Det=18	Mon Det=11620	Aux Det=3	O+H=21	 DONE
03/10/2025 14:21:48:	move motor	S18.axis2.piezo rotation to -0.146710deg	 DONE
03/10/2025 14:21:50:	2	count	time	5.000000s/cts	O Det=0	H Det=25	Mon Det=11437	Aux Det=5	O+H=30	 DONE
03/10/2025 14:21:57:	move motor	S18.axis2.piezo rotation to -0.146650deg	 DONE
03/10/2025 14:21:58:	3	count	time	5.000000s/cts	O Det=0	H Det=37	Mon Det=11615	Aux Det=5	O+H=42	 DONE
03/10/2025 14:22:05:	move motor	S18.axis2.piezo rotation to -0.146590deg	 DONE
03/10/2025 14:22:06:	4	count	time	5.000000s/cts	O Det=1	H Det=26	Mon Det=11719	Aux Det=3	O+H=30	 DONE
03/10/2025 14:22:13:	move motor	S18.axis2.piezo rotation to -0.146530deg	 DONE
03/10/2025 14:22:14:	5	count	time	5.000000s/cts	O Det=1	H Det=36	Mon Det=11508	Aux Det=2	O+H=39	 DONE
03/10/2025 14:22:20:	move motor	S18.axis2.piezo rotation to -0.146470deg	 DONE
03/10/2025 14:22:21:	6	count	time	5.000000s/cts	O Det=1	H Det=36	Mon Det=11310	Aux Det=4	O+H=41	 DONE
03/10/2025 14:22:28:	move motor	S18.axis2.piezo rotation to -0.146410deg	 DONE
03/10/2025 14:22:29:	7	count	time	5.000000s/cts	O Det=2	H Det=48	Mon Det=11438	Aux Det=5	O+H=55	 DONE
03/10/2025 14:22:36:	move motor	S18.axis2.piezo rotation to -0.146350deg	 DONE
03/10/2025 14:22:37:	8	count	time	5.000000s/cts	O Det=3	H Det=40	Mon Det=11603	Aux Det=0	O+H=43	 DONE
03/10/2025 14:22:43:	move motor	S18.axis2.piezo rotation to -0.146290deg	 DONE
03/10/2025 14:22:45:	9	count	time	5.000000s/cts	O Det=1	H Det=51	Mon Det=11473	Aux Det=4	O+H=56	 DONE
03/10/2025 14:22:51:	move motor	S18.axis2.piezo rotation to -0.146230deg	 DONE
03/10/2025 14:22:52:	10	count	time	5.000000s/cts	O Det=3	H Det=54	Mon Det=11462	Aux Det=3	O+H=60	 DONE
03/10/2025 14:22:59:	move motor	S18.axis2.piezo rotation to -0.146170deg	 DONE
03/10/2025 14:23:00:	11	count	time	5.000000s/cts	O Det=1	H Det=79	Mon Det=11771	Aux Det=3	O+H=83	 DONE
03/10/2025 14:23:07:	move motor	S18.axis2.piezo rotation to -0.146110deg	 DONE
03/10/2025 14:23:08:	12	count	time	5.000000s/cts	O Det=4	H Det=77	Mon Det=11471	Aux Det=5	O+H=86	 DONE
03/10/2025 14:23:15:	move motor	S18.axis2.piezo rotation to -0.146050deg	 DONE
03/10/2025 14:23:16:	13	count	time	5.000000s/cts	O Det=5	H Det=74	Mon Det=11455	Aux Det=1	O+H=80	 DONE
03/10/2025 14:23:22:	move motor	S18.axis2.piezo rotation to -0.145990deg	 DONE
03/10/2025 14:23:24:	14	count	time	5.000000s/cts	O Det=4	H Det=110	Mon Det=11531	Aux Det=5	O+H=119	 DONE
03/10/2025 14:23:30:	move motor	S18.axis2.piezo rotation to -0.145930deg	 DONE
03/10/2025 14:23:31:	15	count	time	5.000000s/cts	O Det=7	H Det=143	Mon Det=11582	Aux Det=23	O+H=173	 DONE
03/10/2025 14:23:38:	move motor	S18.axis2.piezo rotation to -0.145870deg	 DONE
03/10/2025 14:23:39:	16	count	time	5.000000s/cts	O Det=19	H Det=179	Mon Det=11526	Aux Det=37	O+H=235	 DONE
03/10/2025 14:23:46:	move motor	S18.axis2.piezo rotation to -0.145810deg	 DONE
03/10/2025 14:23:47:	17	count	time	5.000000s/cts	O Det=16	H Det=204	Mon Det=11710	Aux Det=30	O+H=250	 DONE
03/10/2025 14:23:54:	move motor	S18.axis2.piezo rotation to -0.145750deg	 DONE
03/10/2025 14:23:55:	18	count	time	5.000000s/cts	O Det=21	H Det=179	Mon Det=11581	Aux Det=18	O+H=218	 DONE
03/10/2025 14:24:02:	move motor	S18.axis2.piezo rotation to -0.145690deg	 DONE
03/10/2025 14:24:03:	19	count	time	5.000000s/cts	O Det=40	H Det=233	Mon Det=11556	Aux Det=11	O+H=284	 DONE
03/10/2025 14:24:10:	move motor	S18.axis2.piezo rotation to -0.145630deg	 DONE
03/10/2025 14:24:11:	20	count	time	5.000000s/cts	O Det=67	H Det=238	Mon Det=11468	Aux Det=21	O+H=326	 DONE
03/10/2025 14:24:18:	move motor	S18.axis2.piezo rotation to -0.145570deg	 DONE
03/10/2025 14:24:19:	21	count	time	5.000000s/cts	O Det=87	H Det=304	Mon Det=11479	Aux Det=53	O+H=444	 DONE
03/10/2025 14:24:25:	move motor	S18.axis2.piezo rotation to -0.145510deg	 DONE
03/10/2025 14:24:27:	22	count	time	5.000000s/cts	O Det=144	H Det=342	Mon Det=11513	Aux Det=117	O+H=603	 DONE
03/10/2025 14:24:33:	move motor	S18.axis2.piezo rotation to -0.145450deg	 DONE
03/10/2025 14:24:34:	23	count	time	5.000000s/cts	O Det=199	H Det=340	Mon Det=11504	Aux Det=221	O+H=760	 DONE
03/10/2025 14:24:41:	move motor	S18.axis2.piezo rotation to -0.145390deg	 DONE
03/10/2025 14:24:42:	24	count	time	5.000000s/cts	O Det=224	H Det=386	Mon Det=11473	Aux Det=331	O+H=941	 DONE
03/10/2025 14:24:49:	move motor	S18.axis2.piezo rotation to -0.145330deg	 DONE
03/10/2025 14:24:50:	25	count	time	5.000000s/cts	O Det=280	H Det=347	Mon Det=11422	Aux Det=463	O+H=1090	 DONE
03/10/2025 14:24:57:	move motor	S18.axis2.piezo rotation to -0.145270deg	 DONE
03/10/2025 14:24:58:	26	count	time	5.000000s/cts	O Det=358	H Det=406	Mon Det=11354	Aux Det=586	O+H=1350	 DONE
03/10/2025 14:25:04:	move motor	S18.axis2.piezo rotation to -0.145210deg	 DONE
03/10/2025 14:25:06:	27	count	time	5.000000s/cts	O Det=348	H Det=365	Mon Det=11614	Aux Det=599	O+H=1312	 DONE
03/10/2025 14:25:12:	move motor	S18.axis2.piezo rotation to -0.145150deg	 DONE
03/10/2025 14:25:13:	28	count	time	5.000000s/cts	O Det=357	H Det=345	Mon Det=11621	Aux Det=602	O+H=1304	 DONE
03/10/2025 14:25:20:	move motor	S18.axis2.piezo rotation to -0.145090deg	 DONE
03/10/2025 14:25:21:	29	count	time	5.000000s/cts	O Det=380	H Det=352	Mon Det=11399	Aux Det=530	O+H=1262	 DONE
03/10/2025 14:25:28:	move motor	S18.axis2.piezo rotation to -0.145030deg	 DONE
03/10/2025 14:25:29:	30	count	time	5.000000s/cts	O Det=305	H Det=321	Mon Det=11549	Aux Det=428	O+H=1054	 DONE
03/10/2025 14:25:36:	move motor	S18.axis2.piezo rotation to -0.144970deg	 DONE
03/10/2025 14:25:37:	31	count	time	5.000000s/cts	O Det=279	H Det=321	Mon Det=11338	Aux Det=389	O+H=989	 DONE
03/10/2025 14:25:44:	move motor	S18.axis2.piezo rotation to -0.144910deg	 DONE
03/10/2025 14:25:45:	32	count	time	5.000000s/cts	O Det=205	H Det=280	Mon Det=11416	Aux Det=285	O+H=770	 DONE
03/10/2025 14:25:51:	move motor	S18.axis2.piezo rotation to -0.144850deg	 DONE
03/10/2025 14:25:53:	33	count	time	5.000000s/cts	O Det=182	H Det=266	Mon Det=11564	Aux Det=173	O+H=621	 DONE
03/10/2025 14:25:59:	move motor	S18.axis2.piezo rotation to -0.144790deg	 DONE
03/10/2025 14:26:00:	34	count	time	5.000000s/cts	O Det=124	H Det=261	Mon Det=11488	Aux Det=98	O+H=483	 DONE
03/10/2025 14:26:07:	move motor	S18.axis2.piezo rotation to -0.144730deg	 DONE
03/10/2025 14:26:08:	35	count	time	5.000000s/cts	O Det=86	H Det=216	Mon Det=11605	Aux Det=36	O+H=338	 DONE
03/10/2025 14:26:15:	move motor	S18.axis2.piezo rotation to -0.144670deg	 DONE
03/10/2025 14:26:16:	36	count	time	5.000000s/cts	O Det=67	H Det=190	Mon Det=11519	Aux Det=12	O+H=269	 DONE
03/10/2025 14:26:22:	move motor	S18.axis2.piezo rotation to -0.144610deg	 DONE
03/10/2025 14:26:24:	37	count	time	5.000000s/cts	O Det=34	H Det=167	Mon Det=11375	Aux Det=8	O+H=209	 DONE
03/10/2025 14:26:30:	move motor	S18.axis2.piezo rotation to -0.144550deg	 DONE
03/10/2025 14:26:31:	38	count	time	5.000000s/cts	O Det=24	H Det=139	Mon Det=11641	Aux Det=10	O+H=173	 DONE
03/10/2025 14:26:38:	move motor	S18.axis2.piezo rotation to -0.144490deg	 DONE
03/10/2025 14:26:39:	39	count	time	5.000000s/cts	O Det=16	H Det=134	Mon Det=11282	Aux Det=3	O+H=153	 DONE
03/10/2025 14:26:46:	move motor	S18.axis2.piezo rotation to -0.144430deg	 DONE
03/10/2025 14:26:47:	40	count	time	5.000000s/cts	O Det=8	H Det=109	Mon Det=11498	Aux Det=5	O+H=122	 DONE
03/10/2025 14:26:54:	move motor	S18.axis2.piezo rotation to -0.144370deg	 DONE
03/10/2025 14:26:55:	41	count	time	5.000000s/cts	O Det=5	H Det=112	Mon Det=11598	Aux Det=4	O+H=121	 DONE
03/10/2025 14:27:02:	move motor	S18.axis2.piezo rotation to -0.144310deg	 DONE
03/10/2025 14:27:03:	42	count	time	5.000000s/cts	O Det=6	H Det=88	Mon Det=11750	Aux Det=7	O+H=101	 DONE
03/10/2025 14:27:10:	move motor	S18.axis2.piezo rotation to -0.144250deg	 DONE
03/10/2025 14:27:11:	43	count	time	5.000000s/cts	O Det=4	H Det=80	Mon Det=11618	Aux Det=4	O+H=88	 DONE
03/10/2025 14:27:18:	move motor	S18.axis2.piezo rotation to -0.144190deg	 DONE
03/10/2025 14:27:19:	44	count	time	5.000000s/cts	O Det=4	H Det=63	Mon Det=11526	Aux Det=3	O+H=70	 DONE
03/10/2025 14:27:26:	move motor	S18.axis2.piezo rotation to -0.144130deg	 DONE
03/10/2025 14:27:27:	45	count	time	5.000000s/cts	O Det=2	H Det=58	Mon Det=11524	Aux Det=5	O+H=65	 DONE
03/10/2025 14:27:33:	move motor	S18.axis2.piezo rotation to -0.144070deg	 DONE
03/10/2025 14:27:34:	46	count	time	5.000000s/cts	O Det=0	H Det=59	Mon Det=11439	Aux Det=4	O+H=63	 DONE
03/10/2025 14:27:41:	move motor	S18.axis2.piezo rotation to -0.144010deg	 DONE
03/10/2025 14:27:42:	47	count	time	5.000000s/cts	O Det=6	H Det=54	Mon Det=11301	Aux Det=6	O+H=66	 DONE
03/10/2025 14:27:49:	move motor	S18.axis2.piezo rotation to -0.143950deg	 DONE
03/10/2025 14:27:50:	48	count	time	5.000000s/cts	O Det=1	H Det=38	Mon Det=11548	Aux Det=3	O+H=42	 DONE
03/10/2025 14:27:57:	move motor	S18.axis2.piezo rotation to -0.143890deg	 DONE
03/10/2025 14:27:58:	49	count	time	5.000000s/cts	O Det=1	H Det=46	Mon Det=11471	Aux Det=5	O+H=52	 DONE
03/10/2025 14:28:05:	move motor	S18.axis2.piezo rotation to -0.143830deg	 DONE
03/10/2025 14:28:06:	50	count	time	5.000000s/cts	O Det=1	H Det=35	Mon Det=11613	Aux Det=4	O+H=40	 DONE
03/10/2025 14:28:12:	move motor	S18.axis2.piezo rotation to -0.143770deg	 DONE
03/10/2025 14:28:14:	51	count	time	5.000000s/cts	O Det=2	H Det=38	Mon Det=11507	Aux Det=2	O+H=42	 DONE
03/10/2025 14:28:20:	move motor	S18.axis2.piezo rotation to -0.143710deg	 DONE
03/10/2025 14:28:21:	52	count	time	5.000000s/cts	O Det=2	H Det=35	Mon Det=11701	Aux Det=2	O+H=39	 DONE
03/10/2025 14:28:28:	move motor	S18.axis2.piezo rotation to -0.143650deg	 DONE
03/10/2025 14:28:29:	53	count	time	5.000000s/cts	O Det=2	H Det=24	Mon Det=11447	Aux Det=3	O+H=29	 DONE
03/10/2025 14:28:36:	move motor	S18.axis2.piezo rotation to -0.143590deg	 DONE
03/10/2025 14:28:38:	54	count	time	5.000000s/cts	O Det=1	H Det=20	Mon Det=11420	Aux Det=3	O+H=24	 DONE
03/10/2025 14:28:44:	move motor	S18.axis2.piezo rotation to -0.143530deg	 DONE
03/10/2025 14:28:46:	55	count	time	5.000000s/cts	O Det=0	H Det=20	Mon Det=11745	Aux Det=6	O+H=26	 DONE
03/10/2025 14:28:53:	move motor	S18.axis2.piezo rotation to -0.143470deg	 DONE
03/10/2025 14:28:54:	56	count	time	5.000000s/cts	O Det=0	H Det=29	Mon Det=11440	Aux Det=5	O+H=34	 DONE
03/10/2025 14:29:00:	move motor	S18.axis2.piezo rotation to -0.143410deg	 DONE
03/10/2025 14:29:01:	57	count	time	5.000000s/cts	O Det=1	H Det=25	Mon Det=11581	Aux Det=1	O+H=27	 DONE
03/10/2025 14:29:08:	move motor	S18.axis2.piezo rotation to -0.143350deg	 DONE
03/10/2025 14:29:09:	58	count	time	5.000000s/cts	O Det=1	H Det=25	Mon Det=11545	Aux Det=4	O+H=30	 DONE
03/10/2025 14:29:16:	move motor	S18.axis2.piezo rotation to -0.143290deg	 DONE
03/10/2025 14:29:17:	59	count	time	5.000000s/cts	O Det=1	H Det=18	Mon Det=11653	Aux Det=4	O+H=23	 DONE
03/10/2025 14:29:24:	move motor	S18.axis2.piezo rotation to -0.143230deg	 DONE
03/10/2025 14:29:25:	60	count	time	5.000000s/cts	O Det=0	H Det=14	Mon Det=11508	Aux Det=2	O+H=16	 DONE
03/10/2025 14:29:32:	close file and end scan	 DONE
03/10/2025 14:29:32:	move motor	S18.axis2.piezo rotation to fit SUM PEAK60	-0.145183reached -0.14518  DONE
03/10/2025 14:29:35:	END OF SCRIPT	 DONE
