06/10/2025 04:14:16:	start execution of script D:\data\Cycle 198\exp_3-16-19\rawdata\sc\rocking.sc	 DONE
06/10/2025 04:14:17:	move motor	S18.axis2.piezo rotation to -0.246905deg	 DONE
06/10/2025 04:14:20:	create file	D:\data\Cycle 198\exp_3-16-19\rawdata\sc\rocking_06Oct0414.dat	 DONE
room to enter remarks DONE
06/10/2025 04:14:21:	move motor	S18.axis2.piezo rotation to -0.146905deg	 DONE
06/10/2025 04:14:25:	1	count	time	5.000000s/cts	O Det=0	H Det=2	Mon Det=11595	Aux Det=3	O+H=5	 DONE
06/10/2025 04:14:32:	move motor	S18.axis2.piezo rotation to -0.146845deg	 DONE
06/10/2025 04:14:36:	2	count	time	5.000000s/cts	O Det=2	H Det=1	Mon Det=11545	Aux Det=4	O+H=7	 DONE
06/10/2025 04:14:42:	move motor	S18.axis2.piezo rotation to -0.146785deg	 DONE
06/10/2025 04:14:46:	3	count	time	5.000000s/cts	O Det=0	H Det=0	Mon Det=11537	Aux Det=3	O+H=3	 DONE
06/10/2025 04:14:53:	move motor	S18.axis2.piezo rotation to -0.146725deg	 DONE
06/10/2025 04:14:57:	4	count	time	5.000000s/cts	O Det=0	H Det=0	Mon Det=11496	Aux Det=4	O+H=4	 DONE
06/10/2025 04:15:04:	move motor	S18.axis2.piezo rotation to -0.146665deg	 DONE
06/10/2025 04:15:05:	5	count	time	5.000000s/cts	O Det=0	H Det=0	Mon Det=11506	Aux Det=2	O+H=2	 DONE
06/10/2025 04:15:12:	move motor	S18.axis2.piezo rotation to -0.146605deg	 DONE
06/10/2025 04:15:13:	6	count	time	5.000000s/cts	O Det=0	H Det=1	Mon Det=11408	Aux Det=4	O+H=5	 DONE
06/10/2025 04:15:20:	move motor	S18.axis2.piezo rotation to -0.146545deg	 DONE
06/10/2025 04:15:24:	7	count	time	5.000000s/cts	O Det=0	H Det=1	Mon Det=11596	Aux Det=4	O+H=5	 DONE
06/10/2025 04:15:30:	move motor	S18.axis2.piezo rotation to -0.146485deg	 DONE
06/10/2025 04:15:34:	8	count	time	5.000000s/cts	O Det=0	H Det=1	Mon Det=11621	Aux Det=1	O+H=2	 DONE
06/10/2025 04:15:41:	move motor	S18.axis2.piezo rotation to -0.146425deg	 DONE
06/10/2025 04:15:45:	9	count	time	5.000000s/cts	O Det=0	H Det=2	Mon Det=11606	Aux Det=4	O+H=6	 DONE
06/10/2025 04:15:51:	move motor	S18.axis2.piezo rotation to -0.146365deg	 DONE
06/10/2025 04:15:55:	10	count	time	5.000000s/cts	O Det=0	H Det=2	Mon Det=11496	Aux Det=2	O+H=4	 DONE
06/10/2025 04:16:02:	move motor	S18.axis2.piezo rotation to -0.146305deg	 DONE
06/10/2025 04:16:04:	11	count	time	5.000000s/cts	O Det=0	H Det=2	Mon Det=11545	Aux Det=4	O+H=6	 DONE
06/10/2025 04:16:10:	move motor	S18.axis2.piezo rotation to -0.146245deg	 DONE
06/10/2025 04:16:11:	12	count	time	5.000000s/cts	O Det=0	H Det=0	Mon Det=11631	Aux Det=4	O+H=4	 DONE
06/10/2025 04:16:18:	move motor	S18.axis2.piezo rotation to -0.146185deg	 DONE
06/10/2025 04:16:19:	13	count	time	5.000000s/cts	O Det=1	H Det=2	Mon Det=11606	Aux Det=3	O+H=6	 DONE
06/10/2025 04:16:26:	move motor	S18.axis2.piezo rotation to -0.146125deg	 DONE
06/10/2025 04:16:30:	14	count	time	5.000000s/cts	O Det=0	H Det=0	Mon Det=11642	Aux Det=2	O+H=2	 DONE
06/10/2025 04:16:36:	move motor	S18.axis2.piezo rotation to -0.146065deg	 DONE
06/10/2025 04:16:40:	15	count	time	5.000000s/cts	O Det=0	H Det=2	Mon Det=11711	Aux Det=2	O+H=4	 DONE
06/10/2025 04:16:47:	move motor	S18.axis2.piezo rotation to -0.146005deg	 DONE
06/10/2025 04:16:51:	16	count	time	5.000000s/cts	O Det=1	H Det=3	Mon Det=11541	Aux Det=0	O+H=4	 DONE
06/10/2025 04:16:57:	move motor	S18.axis2.piezo rotation to -0.145945deg	 DONE
06/10/2025 04:17:01:	17	count	time	5.000000s/cts	O Det=0	H Det=1	Mon Det=11683	Aux Det=5	O+H=6	 DONE
06/10/2025 04:17:08:	move motor	S18.axis2.piezo rotation to -0.145885deg	 DONE
06/10/2025 04:17:09:	18	count	time	5.000000s/cts	O Det=0	H Det=0	Mon Det=11480	Aux Det=2	O+H=2	 DONE
06/10/2025 04:17:16:	move motor	S18.axis2.piezo rotation to -0.145825deg	 DONE
06/10/2025 04:17:17:	19	count	time	5.000000s/cts	O Det=2	H Det=0	Mon Det=11456	Aux Det=2	O+H=4	 DONE
06/10/2025 04:17:24:	move motor	S18.axis2.piezo rotation to -0.145765deg	 DONE
06/10/2025 04:17:28:	20	count	time	5.000000s/cts	O Det=0	H Det=0	Mon Det=11638	Aux Det=4	O+H=4	 DONE
06/10/2025 04:17:34:	move motor	S18.axis2.piezo rotation to -0.145705deg	 DONE
06/10/2025 04:17:38:	21	count	time	5.000000s/cts	O Det=0	H Det=1	Mon Det=11656	Aux Det=2	O+H=3	 DONE
06/10/2025 04:17:45:	move motor	S18.axis2.piezo rotation to -0.145645deg	 DONE
06/10/2025 04:17:49:	22	count	time	5.000000s/cts	O Det=0	H Det=1	Mon Det=11638	Aux Det=3	O+H=4	 DONE
06/10/2025 04:17:55:	move motor	S18.axis2.piezo rotation to -0.145585deg	 DONE
06/10/2025 04:17:59:	23	count	time	5.000000s/cts	O Det=0	H Det=0	Mon Det=11733	Aux Det=2	O+H=2	 DONE
06/10/2025 04:18:06:	move motor	S18.axis2.piezo rotation to -0.145525deg	 DONE
06/10/2025 04:18:07:	24	count	time	5.000000s/cts	O Det=0	H Det=0	Mon Det=11590	Aux Det=1	O+H=1	 DONE
06/10/2025 04:18:14:	move motor	S18.axis2.piezo rotation to -0.145465deg	 DONE
06/10/2025 04:18:15:	25	count	time	5.000000s/cts	O Det=1	H Det=0	Mon Det=11649	Aux Det=3	O+H=4	 DONE
06/10/2025 04:18:22:	move motor	S18.axis2.piezo rotation to -0.145405deg	 DONE
06/10/2025 04:18:26:	26	count	time	5.000000s/cts	O Det=0	H Det=0	Mon Det=11681	Aux Det=5	O+H=5	 DONE
06/10/2025 04:18:32:	move motor	S18.axis2.piezo rotation to -0.145345deg	 DONE
06/10/2025 04:18:36:	27	count	time	5.000000s/cts	O Det=0	H Det=2	Mon Det=11539	Aux Det=4	O+H=6	 DONE
06/10/2025 04:18:43:	move motor	S18.axis2.piezo rotation to -0.145285deg	 DONE
06/10/2025 04:18:47:	28	count	time	5.000000s/cts	O Det=0	H Det=2	Mon Det=11549	Aux Det=2	O+H=4	 DONE
06/10/2025 04:18:53:	move motor	S18.axis2.piezo rotation to -0.145225deg	 DONE
06/10/2025 04:18:57:	29	count	time	5.000000s/cts	O Det=0	H Det=2	Mon Det=11634	Aux Det=3	O+H=5	 DONE
06/10/2025 04:19:04:	move motor	S18.axis2.piezo rotation to -0.145165deg	 DONE
06/10/2025 04:19:05:	30	count	time	5.000000s/cts	O Det=0	H Det=1	Mon Det=11550	Aux Det=5	O+H=6	 DONE
06/10/2025 04:19:12:	move motor	S18.axis2.piezo rotation to -0.145105deg	 DONE
06/10/2025 04:19:13:	31	count	time	5.000000s/cts	O Det=0	H Det=3	Mon Det=11732	Aux Det=3	O+H=6	 DONE
06/10/2025 04:19:20:	move motor	S18.axis2.piezo rotation to -0.145045deg	 DONE
06/10/2025 04:19:24:	32	count	time	5.000000s/cts	O Det=0	H Det=1	Mon Det=11446	Aux Det=1	O+H=2	 DONE
06/10/2025 04:19:30:	move motor	S18.axis2.piezo rotation to -0.144985deg	 DONE
06/10/2025 04:19:34:	33	count	time	5.000000s/cts	O Det=1	H Det=1	Mon Det=11425	Aux Det=0	O+H=2	 DONE
06/10/2025 04:19:41:	move motor	S18.axis2.piezo rotation to -0.144925deg	 DONE
06/10/2025 04:19:45:	34	count	time	5.000000s/cts	O Det=0	H Det=1	Mon Det=11616	Aux Det=4	O+H=5	 DONE
06/10/2025 04:19:52:	move motor	S18.axis2.piezo rotation to -0.144865deg	 DONE
06/10/2025 04:19:55:	35	count	time	5.000000s/cts	O Det=0	H Det=1	Mon Det=11738	Aux Det=2	O+H=3	 DONE
06/10/2025 04:20:02:	move motor	S18.axis2.piezo rotation to -0.144805deg	 DONE
06/10/2025 04:20:03:	36	count	time	5.000000s/cts	O Det=2	H Det=1	Mon Det=11710	Aux Det=2	O+H=5	 DONE
06/10/2025 04:20:10:	move motor	S18.axis2.piezo rotation to -0.144745deg	 DONE
06/10/2025 04:20:11:	37	count	time	5.000000s/cts	O Det=0	H Det=1	Mon Det=11581	Aux Det=5	O+H=6	 DONE
06/10/2025 04:20:18:	move motor	S18.axis2.piezo rotation to -0.144685deg	 DONE
06/10/2025 04:20:21:	38	count	time	5.000000s/cts	O Det=2	H Det=2	Mon Det=11546	Aux Det=5	O+H=9	 DONE
06/10/2025 04:20:28:	move motor	S18.axis2.piezo rotation to -0.144625deg	 DONE
06/10/2025 04:20:32:	39	count	time	5.000000s/cts	O Det=0	H Det=1	Mon Det=11556	Aux Det=2	O+H=3	 DONE
06/10/2025 04:20:39:	move motor	S18.axis2.piezo rotation to -0.144565deg	 DONE
06/10/2025 04:20:43:	40	count	time	5.000000s/cts	O Det=0	H Det=0	Mon Det=11679	Aux Det=0	O+H=0	 DONE
06/10/2025 04:20:49:	move motor	S18.axis2.piezo rotation to -0.144505deg	 DONE
06/10/2025 04:20:53:	41	count	time	5.000000s/cts	O Det=0	H Det=1	Mon Det=11592	Aux Det=1	O+H=2	 DONE
06/10/2025 04:21:00:	move motor	S18.axis2.piezo rotation to -0.144445deg	 DONE
06/10/2025 04:21:01:	42	count	time	5.000000s/cts	O Det=0	H Det=2	Mon Det=11629	Aux Det=0	O+H=2	 DONE
06/10/2025 04:21:08:	move motor	S18.axis2.piezo rotation to -0.144385deg	 DONE
06/10/2025 04:21:09:	43	count	time	5.000000s/cts	O Det=0	H Det=1	Mon Det=11498	Aux Det=2	O+H=3	 DONE
06/10/2025 04:21:15:	move motor	S18.axis2.piezo rotation to -0.144325deg	 DONE
06/10/2025 04:21:19:	44	count	time	5.000000s/cts	O Det=0	H Det=2	Mon Det=11579	Aux Det=1	O+H=3	 DONE
06/10/2025 04:21:26:	move motor	S18.axis2.piezo rotation to -0.144265deg	 DONE
06/10/2025 04:21:30:	45	count	time	5.000000s/cts	O Det=1	H Det=1	Mon Det=11822	Aux Det=1	O+H=3	 DONE
06/10/2025 04:21:37:	move motor	S18.axis2.piezo rotation to -0.144205deg	 DONE
06/10/2025 04:21:40:	46	count	time	5.000000s/cts	O Det=0	H Det=0	Mon Det=11475	Aux Det=1	O+H=1	 DONE
06/10/2025 04:21:47:	move motor	S18.axis2.piezo rotation to -0.144145deg	 DONE
06/10/2025 04:21:51:	47	count	time	5.000000s/cts	O Det=2	H Det=0	Mon Det=11674	Aux Det=0	O+H=2	 DONE
06/10/2025 04:21:58:	move motor	S18.axis2.piezo rotation to -0.144085deg	 DONE
06/10/2025 04:21:59:	48	count	time	5.000000s/cts	O Det=0	H Det=1	Mon Det=11631	Aux Det=3	O+H=4	 DONE
06/10/2025 04:22:06:	move motor	S18.axis2.piezo rotation to -0.144025deg	 DONE
06/10/2025 04:22:07:	49	count	time	5.000000s/cts	O Det=0	H Det=1	Mon Det=11568	Aux Det=3	O+H=4	 DONE
06/10/2025 04:22:14:	move motor	S18.axis2.piezo rotation to -0.143965deg	 DONE
06/10/2025 04:22:15:	50	count	time	5.000000s/cts	O Det=1	H Det=1	Mon Det=11636	Aux Det=1	O+H=3	 DONE
06/10/2025 04:22:22:	move motor	S18.axis2.piezo rotation to -0.143905deg	 DONE
06/10/2025 04:22:25:	51	count	time	5.000000s/cts	O Det=1	H Det=0	Mon Det=11665	Aux Det=0	O+H=1	 DONE
06/10/2025 04:22:32:	move motor	S18.axis2.piezo rotation to -0.143845deg	 DONE
06/10/2025 04:22:36:	52	count	time	5.000000s/cts	O Det=0	H Det=1	Mon Det=11702	Aux Det=7	O+H=8	 DONE
06/10/2025 04:22:43:	move motor	S18.axis2.piezo rotation to -0.143785deg	 DONE
06/10/2025 04:22:46:	53	count	time	5.000000s/cts	O Det=0	H Det=1	Mon Det=11490	Aux Det=3	O+H=4	 DONE
06/10/2025 04:22:53:	move motor	S18.axis2.piezo rotation to -0.143725deg	 DONE
06/10/2025 04:22:57:	54	count	time	5.000000s/cts	O Det=1	H Det=1	Mon Det=11660	Aux Det=6	O+H=8	 DONE
06/10/2025 04:23:04:	move motor	S18.axis2.piezo rotation to -0.143665deg	 DONE
06/10/2025 04:23:05:	55	count	time	5.000000s/cts	O Det=0	H Det=1	Mon Det=11615	Aux Det=3	O+H=4	 DONE
06/10/2025 04:23:12:	move motor	S18.axis2.piezo rotation to -0.143605deg	 DONE
06/10/2025 04:23:13:	56	count	time	5.000000s/cts	O Det=0	H Det=0	Mon Det=11513	Aux Det=6	O+H=6	 DONE
06/10/2025 04:23:20:	move motor	S18.axis2.piezo rotation to -0.143545deg	 DONE
06/10/2025 04:23:24:	57	count	time	5.000000s/cts	O Det=0	H Det=1	Mon Det=11504	Aux Det=8	O+H=9	 DONE
06/10/2025 04:23:30:	move motor	S18.axis2.piezo rotation to -0.143485deg	 DONE
06/10/2025 04:23:34:	58	count	time	5.000000s/cts	O Det=1	H Det=0	Mon Det=11645	Aux Det=0	O+H=1	 DONE
06/10/2025 04:23:41:	move motor	S18.axis2.piezo rotation to -0.143425deg	 DONE
06/10/2025 04:23:45:	59	count	time	5.000000s/cts	O Det=0	H Det=2	Mon Det=11467	Aux Det=3	O+H=5	 DONE
06/10/2025 04:23:51:	move motor	S18.axis2.piezo rotation to -0.143365deg	 DONE
06/10/2025 04:23:55:	60	count	time	5.000000s/cts	O Det=1	H Det=0	Mon Det=11579	Aux Det=5	O+H=6	 DONE
06/10/2025 04:24:02:	close file and end scan	 DONE
06/10/2025 04:24:02:	move motor	S18.axis2.piezo rotation to fit SUM PEAK60	NaNreached -0.14336  DONE
06/10/2025 04:24:07:	END OF SCRIPT	 DONE
