01/10/2025 12:50:23:	start execution of script D:\data\Cycle 198\exp_3-16-19\rawdata\sc\rocking.sc	 DONE
01/10/2025 12:50:24:	move motor	S18.axis2.piezo rotation to -0.983010deg	 DONE
01/10/2025 12:50:27:	create file	D:\data\Cycle 198\exp_3-16-19\rawdata\sc\rocking_01Oct1250.dat	 DONE
room to enter remarks DONE
01/10/2025 12:50:28:	move motor	S18.axis2.piezo rotation to -0.883010deg	 DONE
01/10/2025 12:50:32:	1	count	time	5.000000s/cts	O Det=2	H Det=20	Mon Det=11486	Aux Det=3	O+H=25	 DONE
01/10/2025 12:50:39:	move motor	S18.axis2.piezo rotation to -0.882950deg	 DONE
01/10/2025 12:50:40:	2	count	time	5.000000s/cts	O Det=1	H Det=19	Mon Det=11414	Aux Det=3	O+H=23	 DONE
01/10/2025 12:50:47:	move motor	S18.axis2.piezo rotation to -0.882890deg	 DONE
01/10/2025 12:50:48:	3	count	time	5.000000s/cts	O Det=1	H Det=19	Mon Det=11451	Aux Det=5	O+H=25	 DONE
01/10/2025 12:50:55:	move motor	S18.axis2.piezo rotation to -0.882830deg	 DONE
01/10/2025 12:50:56:	4	count	time	5.000000s/cts	O Det=0	H Det=22	Mon Det=11575	Aux Det=1	O+H=23	 DONE
01/10/2025 12:51:02:	move motor	S18.axis2.piezo rotation to -0.882770deg	 DONE
01/10/2025 12:51:04:	5	count	time	5.000000s/cts	O Det=1	H Det=26	Mon Det=11326	Aux Det=1	O+H=28	 DONE
01/10/2025 12:51:10:	move motor	S18.axis2.piezo rotation to -0.882710deg	 DONE
01/10/2025 12:51:12:	6	count	time	5.000000s/cts	O Det=2	H Det=25	Mon Det=11576	Aux Det=4	O+H=31	 DONE
01/10/2025 12:51:18:	move motor	S18.axis2.piezo rotation to -0.882650deg	 DONE
01/10/2025 12:51:20:	7	count	time	5.000000s/cts	O Det=0	H Det=41	Mon Det=11517	Aux Det=3	O+H=44	 DONE
01/10/2025 12:51:26:	move motor	S18.axis2.piezo rotation to -0.882590deg	 DONE
01/10/2025 12:51:28:	8	count	time	5.000000s/cts	O Det=1	H Det=27	Mon Det=11475	Aux Det=2	O+H=30	 DONE
01/10/2025 12:51:34:	move motor	S18.axis2.piezo rotation to -0.882530deg	 DONE
01/10/2025 12:51:36:	9	count	time	5.000000s/cts	O Det=2	H Det=45	Mon Det=11744	Aux Det=1	O+H=48	 DONE
01/10/2025 12:51:42:	move motor	S18.axis2.piezo rotation to -0.882470deg	 DONE
01/10/2025 12:51:44:	10	count	time	5.000000s/cts	O Det=2	H Det=31	Mon Det=11452	Aux Det=3	O+H=36	 DONE
01/10/2025 12:51:50:	move motor	S18.axis2.piezo rotation to -0.882410deg	 DONE
01/10/2025 12:51:51:	11	count	time	5.000000s/cts	O Det=2	H Det=46	Mon Det=11375	Aux Det=1	O+H=49	 DONE
01/10/2025 12:51:58:	move motor	S18.axis2.piezo rotation to -0.882350deg	 DONE
01/10/2025 12:52:00:	12	count	time	5.000000s/cts	O Det=2	H Det=48	Mon Det=11306	Aux Det=2	O+H=52	 DONE
01/10/2025 12:52:06:	move motor	S18.axis2.piezo rotation to -0.882290deg	 DONE
01/10/2025 12:52:08:	13	count	time	5.000000s/cts	O Det=1	H Det=41	Mon Det=11331	Aux Det=1	O+H=43	 DONE
01/10/2025 12:52:14:	move motor	S18.axis2.piezo rotation to -0.882230deg	 DONE
01/10/2025 12:52:15:	14	count	time	5.000000s/cts	O Det=1	H Det=62	Mon Det=11488	Aux Det=2	O+H=65	 DONE
01/10/2025 12:52:22:	move motor	S18.axis2.piezo rotation to -0.882170deg	 DONE
01/10/2025 12:52:23:	15	count	time	5.000000s/cts	O Det=2	H Det=57	Mon Det=11396	Aux Det=1	O+H=60	 DONE
01/10/2025 12:52:30:	move motor	S18.axis2.piezo rotation to -0.882110deg	 DONE
01/10/2025 12:52:31:	16	count	time	5.000000s/cts	O Det=4	H Det=81	Mon Det=11602	Aux Det=6	O+H=91	 DONE
01/10/2025 12:52:38:	move motor	S18.axis2.piezo rotation to -0.882050deg	 DONE
01/10/2025 12:52:40:	17	count	time	5.000000s/cts	O Det=3	H Det=92	Mon Det=11463	Aux Det=9	O+H=104	 DONE
01/10/2025 12:52:46:	move motor	S18.axis2.piezo rotation to -0.881990deg	 DONE
01/10/2025 12:52:48:	18	count	time	5.000000s/cts	O Det=7	H Det=95	Mon Det=11502	Aux Det=5	O+H=107	 DONE
01/10/2025 12:52:54:	move motor	S18.axis2.piezo rotation to -0.881930deg	 DONE
01/10/2025 12:52:57:	19	count	time	5.000000s/cts	O Det=17	H Det=145	Mon Det=11286	Aux Det=32	O+H=194	 DONE
01/10/2025 12:53:03:	move motor	S18.axis2.piezo rotation to -0.881870deg	 DONE
01/10/2025 12:53:05:	20	count	time	5.000000s/cts	O Det=23	H Det=186	Mon Det=11554	Aux Det=18	O+H=227	 DONE
01/10/2025 12:53:11:	move motor	S18.axis2.piezo rotation to -0.881810deg	 DONE
01/10/2025 12:53:13:	21	count	time	5.000000s/cts	O Det=25	H Det=179	Mon Det=11572	Aux Det=20	O+H=224	 DONE
01/10/2025 12:53:19:	move motor	S18.axis2.piezo rotation to -0.881750deg	 DONE
01/10/2025 12:53:21:	22	count	time	5.000000s/cts	O Det=35	H Det=214	Mon Det=11350	Aux Det=28	O+H=277	 DONE
01/10/2025 12:53:27:	move motor	S18.axis2.piezo rotation to -0.881690deg	 DONE
01/10/2025 12:53:29:	23	count	time	5.000000s/cts	O Det=69	H Det=225	Mon Det=11397	Aux Det=15	O+H=309	 DONE
01/10/2025 12:53:35:	move motor	S18.axis2.piezo rotation to -0.881630deg	 DONE
01/10/2025 12:53:37:	24	count	time	5.000000s/cts	O Det=123	H Det=244	Mon Det=11363	Aux Det=42	O+H=409	 DONE
01/10/2025 12:53:44:	move motor	S18.axis2.piezo rotation to -0.881570deg	 DONE
01/10/2025 12:53:45:	25	count	time	5.000000s/cts	O Det=183	H Det=261	Mon Det=11275	Aux Det=112	O+H=556	 DONE
01/10/2025 12:53:52:	move motor	S18.axis2.piezo rotation to -0.881510deg	 DONE
01/10/2025 12:53:53:	26	count	time	5.000000s/cts	O Det=218	H Det=270	Mon Det=11578	Aux Det=167	O+H=655	 DONE
01/10/2025 12:54:00:	move motor	S18.axis2.piezo rotation to -0.881450deg	 DONE
01/10/2025 12:54:02:	27	count	time	5.000000s/cts	O Det=313	H Det=268	Mon Det=11491	Aux Det=239	O+H=820	 DONE
01/10/2025 12:54:08:	move motor	S18.axis2.piezo rotation to -0.881390deg	 DONE
01/10/2025 12:54:10:	28	count	time	5.000000s/cts	O Det=319	H Det=305	Mon Det=11664	Aux Det=331	O+H=955	 DONE
01/10/2025 12:54:16:	move motor	S18.axis2.piezo rotation to -0.881330deg	 DONE
01/10/2025 12:54:18:	29	count	time	5.000000s/cts	O Det=402	H Det=305	Mon Det=11318	Aux Det=481	O+H=1188	 DONE
01/10/2025 12:54:24:	move motor	S18.axis2.piezo rotation to -0.881270deg	 DONE
01/10/2025 12:54:26:	30	count	time	5.000000s/cts	O Det=401	H Det=317	Mon Det=11602	Aux Det=498	O+H=1216	 DONE
01/10/2025 12:54:32:	move motor	S18.axis2.piezo rotation to -0.881210deg	 DONE
01/10/2025 12:54:34:	31	count	time	5.000000s/cts	O Det=487	H Det=331	Mon Det=11345	Aux Det=538	O+H=1356	 DONE
01/10/2025 12:54:40:	move motor	S18.axis2.piezo rotation to -0.881150deg	 DONE
01/10/2025 12:54:42:	32	count	time	5.000000s/cts	O Det=480	H Det=336	Mon Det=11456	Aux Det=487	O+H=1303	 DONE
01/10/2025 12:54:49:	move motor	S18.axis2.piezo rotation to -0.881090deg	 DONE
01/10/2025 12:54:50:	33	count	time	5.000000s/cts	O Det=458	H Det=295	Mon Det=11196	Aux Det=413	O+H=1166	 DONE
01/10/2025 12:54:57:	move motor	S18.axis2.piezo rotation to -0.881030deg	 DONE
01/10/2025 12:54:59:	34	count	time	5.000000s/cts	O Det=387	H Det=285	Mon Det=11422	Aux Det=406	O+H=1078	 DONE
01/10/2025 12:55:05:	move motor	S18.axis2.piezo rotation to -0.880970deg	 DONE
01/10/2025 12:55:07:	35	count	time	5.000000s/cts	O Det=321	H Det=267	Mon Det=11426	Aux Det=359	O+H=947	 DONE
01/10/2025 12:55:13:	move motor	S18.axis2.piezo rotation to -0.880910deg	 DONE
01/10/2025 12:55:14:	36	count	time	5.000000s/cts	O Det=272	H Det=311	Mon Det=11426	Aux Det=255	O+H=838	 DONE
01/10/2025 12:55:21:	move motor	S18.axis2.piezo rotation to -0.880850deg	 DONE
01/10/2025 12:55:22:	37	count	time	5.000000s/cts	O Det=212	H Det=267	Mon Det=11688	Aux Det=168	O+H=647	 DONE
01/10/2025 12:55:29:	move motor	S18.axis2.piezo rotation to -0.880790deg	 DONE
01/10/2025 12:55:30:	38	count	time	5.000000s/cts	O Det=164	H Det=227	Mon Det=11305	Aux Det=124	O+H=515	 DONE
01/10/2025 12:55:37:	move motor	S18.axis2.piezo rotation to -0.880730deg	 DONE
01/10/2025 12:55:38:	39	count	time	5.000000s/cts	O Det=116	H Det=221	Mon Det=11402	Aux Det=38	O+H=375	 DONE
01/10/2025 12:55:45:	move motor	S18.axis2.piezo rotation to -0.880670deg	 DONE
01/10/2025 12:55:46:	40	count	time	5.000000s/cts	O Det=71	H Det=216	Mon Det=11478	Aux Det=17	O+H=304	 DONE
01/10/2025 12:55:53:	move motor	S18.axis2.piezo rotation to -0.880610deg	 DONE
01/10/2025 12:55:55:	41	count	time	5.000000s/cts	O Det=34	H Det=171	Mon Det=11352	Aux Det=10	O+H=215	 DONE
01/10/2025 12:56:01:	move motor	S18.axis2.piezo rotation to -0.880550deg	 DONE
01/10/2025 12:56:03:	42	count	time	5.000000s/cts	O Det=29	H Det=165	Mon Det=11320	Aux Det=8	O+H=202	 DONE
01/10/2025 12:56:09:	move motor	S18.axis2.piezo rotation to -0.880490deg	 DONE
01/10/2025 12:56:11:	43	count	time	5.000000s/cts	O Det=14	H Det=141	Mon Det=11412	Aux Det=7	O+H=162	 DONE
01/10/2025 12:56:17:	move motor	S18.axis2.piezo rotation to -0.880430deg	 DONE
01/10/2025 12:56:18:	44	count	time	5.000000s/cts	O Det=11	H Det=98	Mon Det=11381	Aux Det=8	O+H=117	 DONE
01/10/2025 12:56:25:	move motor	S18.axis2.piezo rotation to -0.880370deg	 DONE
01/10/2025 12:56:27:	45	count	time	5.000000s/cts	O Det=4	H Det=93	Mon Det=11369	Aux Det=6	O+H=103	 DONE
01/10/2025 12:56:33:	move motor	S18.axis2.piezo rotation to -0.880310deg	 DONE
01/10/2025 12:56:35:	46	count	time	5.000000s/cts	O Det=6	H Det=83	Mon Det=11294	Aux Det=7	O+H=96	 DONE
01/10/2025 12:56:42:	move motor	S18.axis2.piezo rotation to -0.880250deg	 DONE
01/10/2025 12:56:43:	47	count	time	5.000000s/cts	O Det=6	H Det=68	Mon Det=11296	Aux Det=3	O+H=77	 DONE
01/10/2025 12:56:50:	move motor	S18.axis2.piezo rotation to -0.880190deg	 DONE
01/10/2025 12:56:51:	48	count	time	5.000000s/cts	O Det=5	H Det=58	Mon Det=11103	Aux Det=4	O+H=67	 DONE
01/10/2025 12:56:58:	move motor	S18.axis2.piezo rotation to -0.880130deg	 DONE
01/10/2025 12:56:59:	49	count	time	5.000000s/cts	O Det=7	H Det=67	Mon Det=11422	Aux Det=2	O+H=76	 DONE
01/10/2025 12:57:06:	move motor	S18.axis2.piezo rotation to -0.880070deg	 DONE
01/10/2025 12:57:07:	50	count	time	5.000000s/cts	O Det=0	H Det=54	Mon Det=11333	Aux Det=2	O+H=56	 DONE
01/10/2025 12:57:14:	move motor	S18.axis2.piezo rotation to -0.880010deg	 DONE
01/10/2025 12:57:15:	51	count	time	5.000000s/cts	O Det=0	H Det=38	Mon Det=11400	Aux Det=3	O+H=41	 DONE
01/10/2025 12:57:22:	move motor	S18.axis2.piezo rotation to -0.879950deg	 DONE
01/10/2025 12:57:23:	52	count	time	5.000000s/cts	O Det=0	H Det=50	Mon Det=11308	Aux Det=4	O+H=54	 DONE
01/10/2025 12:57:30:	move motor	S18.axis2.piezo rotation to -0.879890deg	 DONE
01/10/2025 12:57:31:	53	count	time	5.000000s/cts	O Det=0	H Det=33	Mon Det=11490	Aux Det=6	O+H=39	 DONE
01/10/2025 12:57:38:	move motor	S18.axis2.piezo rotation to -0.879830deg	 DONE
01/10/2025 12:57:40:	54	count	time	5.000000s/cts	O Det=2	H Det=34	Mon Det=11356	Aux Det=3	O+H=39	 DONE
01/10/2025 12:57:46:	move motor	S18.axis2.piezo rotation to -0.879770deg	 DONE
01/10/2025 12:57:48:	55	count	time	5.000000s/cts	O Det=0	H Det=31	Mon Det=11433	Aux Det=4	O+H=35	 DONE
01/10/2025 12:57:55:	move motor	S18.axis2.piezo rotation to -0.879710deg	 DONE
01/10/2025 12:57:56:	56	count	time	5.000000s/cts	O Det=3	H Det=26	Mon Det=11437	Aux Det=4	O+H=33	 DONE
01/10/2025 12:58:02:	move motor	S18.axis2.piezo rotation to -0.879650deg	 DONE
01/10/2025 12:58:04:	57	count	time	5.000000s/cts	O Det=0	H Det=28	Mon Det=11514	Aux Det=4	O+H=32	 DONE
01/10/2025 12:58:11:	move motor	S18.axis2.piezo rotation to -0.879590deg	 DONE
01/10/2025 12:58:12:	58	count	time	5.000000s/cts	O Det=1	H Det=29	Mon Det=11294	Aux Det=1	O+H=31	 DONE
01/10/2025 12:58:19:	move motor	S18.axis2.piezo rotation to -0.879530deg	 DONE
01/10/2025 12:58:20:	59	count	time	5.000000s/cts	O Det=1	H Det=27	Mon Det=11385	Aux Det=2	O+H=30	 DONE
01/10/2025 12:58:27:	move motor	S18.axis2.piezo rotation to -0.879470deg	 DONE
01/10/2025 12:58:28:	60	count	time	5.000000s/cts	O Det=3	H Det=14	Mon Det=11365	Aux Det=4	O+H=21	 DONE
01/10/2025 12:58:35:	close file and end scan	 DONE
01/10/2025 12:58:35:	move motor	S18.axis2.piezo rotation to fit SUM PEAK60	-0.881187reached -0.88119  DONE
01/10/2025 12:58:40:	END OF SCRIPT	 DONE
