01/10/2025 21:25:19:	start execution of script D:\data\Cycle 198\exp_3-16-19\rawdata\sc\rocking.sc	 DONE
01/10/2025 21:25:20:	move motor	S18.axis2.piezo rotation to -0.246270deg	 DONE
01/10/2025 21:25:24:	create file	D:\data\Cycle 198\exp_3-16-19\rawdata\sc\rocking_01Oct2125.dat	 DONE
room to enter remarks DONE
01/10/2025 21:25:25:	move motor	S18.axis2.piezo rotation to -0.146270deg	 DONE
01/10/2025 21:25:29:	1	count	time	5.000000s/cts	O Det=0	H Det=14	Mon Det=11371	Aux Det=1	O+H=15	 DONE
01/10/2025 21:25:35:	move motor	S18.axis2.piezo rotation to -0.146210deg	 DONE
01/10/2025 21:25:37:	2	count	time	5.000000s/cts	O Det=2	H Det=21	Mon Det=11397	Aux Det=6	O+H=29	 DONE
01/10/2025 21:25:44:	move motor	S18.axis2.piezo rotation to -0.146150deg	 DONE
01/10/2025 21:25:45:	3	count	time	5.000000s/cts	O Det=1	H Det=37	Mon Det=11147	Aux Det=4	O+H=42	 DONE
01/10/2025 21:25:52:	move motor	S18.axis2.piezo rotation to -0.146090deg	 DONE
01/10/2025 21:25:53:	4	count	time	5.000000s/cts	O Det=0	H Det=30	Mon Det=11412	Aux Det=1	O+H=31	 DONE
01/10/2025 21:26:00:	move motor	S18.axis2.piezo rotation to -0.146030deg	 DONE
01/10/2025 21:26:02:	5	count	time	5.000000s/cts	O Det=2	H Det=37	Mon Det=11271	Aux Det=5	O+H=44	 DONE
01/10/2025 21:26:08:	move motor	S18.axis2.piezo rotation to -0.145970deg	 DONE
01/10/2025 21:26:10:	6	count	time	5.000000s/cts	O Det=1	H Det=28	Mon Det=11310	Aux Det=2	O+H=31	 DONE
01/10/2025 21:26:16:	move motor	S18.axis2.piezo rotation to -0.145910deg	 DONE
01/10/2025 21:26:18:	7	count	time	5.000000s/cts	O Det=1	H Det=42	Mon Det=11470	Aux Det=7	O+H=50	 DONE
01/10/2025 21:26:24:	move motor	S18.axis2.piezo rotation to -0.145850deg	 DONE
01/10/2025 21:26:26:	8	count	time	5.000000s/cts	O Det=3	H Det=50	Mon Det=11521	Aux Det=2	O+H=55	 DONE
01/10/2025 21:26:32:	move motor	S18.axis2.piezo rotation to -0.145790deg	 DONE
01/10/2025 21:26:33:	9	count	time	5.000000s/cts	O Det=1	H Det=52	Mon Det=11480	Aux Det=7	O+H=60	 DONE
01/10/2025 21:26:40:	move motor	S18.axis2.piezo rotation to -0.145730deg	 DONE
01/10/2025 21:26:41:	10	count	time	5.000000s/cts	O Det=2	H Det=59	Mon Det=11464	Aux Det=3	O+H=64	 DONE
01/10/2025 21:26:48:	move motor	S18.axis2.piezo rotation to -0.145670deg	 DONE
01/10/2025 21:26:49:	11	count	time	5.000000s/cts	O Det=1	H Det=48	Mon Det=11375	Aux Det=5	O+H=54	 DONE
01/10/2025 21:26:56:	move motor	S18.axis2.piezo rotation to -0.145610deg	 DONE
01/10/2025 21:26:57:	12	count	time	5.000000s/cts	O Det=3	H Det=61	Mon Det=11410	Aux Det=5	O+H=69	 DONE
01/10/2025 21:27:04:	move motor	S18.axis2.piezo rotation to -0.145550deg	 DONE
01/10/2025 21:27:05:	13	count	time	5.000000s/cts	O Det=3	H Det=62	Mon Det=11667	Aux Det=2	O+H=67	 DONE
01/10/2025 21:27:12:	move motor	S18.axis2.piezo rotation to -0.145490deg	 DONE
01/10/2025 21:27:14:	14	count	time	5.000000s/cts	O Det=3	H Det=113	Mon Det=11331	Aux Det=2	O+H=118	 DONE
01/10/2025 21:27:20:	move motor	S18.axis2.piezo rotation to -0.145430deg	 DONE
01/10/2025 21:27:22:	15	count	time	5.000000s/cts	O Det=8	H Det=97	Mon Det=11589	Aux Det=7	O+H=112	 DONE
01/10/2025 21:27:28:	move motor	S18.axis2.piezo rotation to -0.145370deg	 DONE
01/10/2025 21:27:29:	16	count	time	5.000000s/cts	O Det=8	H Det=134	Mon Det=11459	Aux Det=28	O+H=170	 DONE
01/10/2025 21:27:36:	move motor	S18.axis2.piezo rotation to -0.145310deg	 DONE
01/10/2025 21:27:37:	17	count	time	5.000000s/cts	O Det=22	H Det=165	Mon Det=11368	Aux Det=31	O+H=218	 DONE
01/10/2025 21:27:44:	move motor	S18.axis2.piezo rotation to -0.145250deg	 DONE
01/10/2025 21:27:45:	18	count	time	5.000000s/cts	O Det=13	H Det=220	Mon Det=11281	Aux Det=22	O+H=255	 DONE
01/10/2025 21:27:52:	move motor	S18.axis2.piezo rotation to -0.145190deg	 DONE
01/10/2025 21:27:54:	19	count	time	5.000000s/cts	O Det=24	H Det=240	Mon Det=11448	Aux Det=17	O+H=281	 DONE
01/10/2025 21:28:00:	move motor	S18.axis2.piezo rotation to -0.145130deg	 DONE
01/10/2025 21:28:01:	20	count	time	5.000000s/cts	O Det=14	H Det=252	Mon Det=11384	Aux Det=14	O+H=280	 DONE
01/10/2025 21:28:08:	move motor	S18.axis2.piezo rotation to -0.145070deg	 DONE
01/10/2025 21:28:09:	21	count	time	5.000000s/cts	O Det=20	H Det=300	Mon Det=11368	Aux Det=20	O+H=340	 DONE
01/10/2025 21:28:16:	move motor	S18.axis2.piezo rotation to -0.145010deg	 DONE
01/10/2025 21:28:17:	22	count	time	5.000000s/cts	O Det=40	H Det=407	Mon Det=11469	Aux Det=44	O+H=491	 DONE
01/10/2025 21:28:24:	move motor	S18.axis2.piezo rotation to -0.144950deg	 DONE
01/10/2025 21:28:25:	23	count	time	5.000000s/cts	O Det=45	H Det=455	Mon Det=11382	Aux Det=107	O+H=607	 DONE
01/10/2025 21:28:32:	move motor	S18.axis2.piezo rotation to -0.144890deg	 DONE
01/10/2025 21:28:33:	24	count	time	5.000000s/cts	O Det=40	H Det=508	Mon Det=11348	Aux Det=225	O+H=773	 DONE
01/10/2025 21:28:40:	move motor	S18.axis2.piezo rotation to -0.144830deg	 DONE
01/10/2025 21:28:41:	25	count	time	5.000000s/cts	O Det=64	H Det=611	Mon Det=11378	Aux Det=331	O+H=1006	 DONE
01/10/2025 21:28:48:	move motor	S18.axis2.piezo rotation to -0.144770deg	 DONE
01/10/2025 21:28:49:	26	count	time	5.000000s/cts	O Det=75	H Det=639	Mon Det=11472	Aux Det=455	O+H=1169	 DONE
01/10/2025 21:28:56:	move motor	S18.axis2.piezo rotation to -0.144710deg	 DONE
01/10/2025 21:28:57:	27	count	time	5.000000s/cts	O Det=97	H Det=708	Mon Det=11433	Aux Det=534	O+H=1339	 DONE
01/10/2025 21:29:04:	move motor	S18.axis2.piezo rotation to -0.144650deg	 DONE
01/10/2025 21:29:05:	28	count	time	5.000000s/cts	O Det=108	H Det=688	Mon Det=11330	Aux Det=573	O+H=1369	 DONE
01/10/2025 21:29:12:	move motor	S18.axis2.piezo rotation to -0.144590deg	 DONE
01/10/2025 21:29:13:	29	count	time	5.000000s/cts	O Det=113	H Det=694	Mon Det=11489	Aux Det=613	O+H=1420	 DONE
01/10/2025 21:29:20:	move motor	S18.axis2.piezo rotation to -0.144530deg	 DONE
01/10/2025 21:29:21:	30	count	time	5.000000s/cts	O Det=95	H Det=668	Mon Det=11263	Aux Det=567	O+H=1330	 DONE
01/10/2025 21:29:27:	move motor	S18.axis2.piezo rotation to -0.144470deg	 DONE
01/10/2025 21:29:29:	31	count	time	5.000000s/cts	O Det=95	H Det=630	Mon Det=11675	Aux Det=531	O+H=1256	 DONE
01/10/2025 21:29:36:	move motor	S18.axis2.piezo rotation to -0.144410deg	 DONE
01/10/2025 21:29:37:	32	count	time	5.000000s/cts	O Det=82	H Det=624	Mon Det=11525	Aux Det=393	O+H=1099	 DONE
01/10/2025 21:29:43:	move motor	S18.axis2.piezo rotation to -0.144350deg	 DONE
01/10/2025 21:29:45:	33	count	time	5.000000s/cts	O Det=80	H Det=512	Mon Det=11295	Aux Det=277	O+H=869	 DONE
01/10/2025 21:29:52:	move motor	S18.axis2.piezo rotation to -0.144290deg	 DONE
01/10/2025 21:29:53:	34	count	time	5.000000s/cts	O Det=72	H Det=456	Mon Det=11479	Aux Det=203	O+H=731	 DONE
01/10/2025 21:29:59:	move motor	S18.axis2.piezo rotation to -0.144230deg	 DONE
01/10/2025 21:30:01:	35	count	time	5.000000s/cts	O Det=51	H Det=388	Mon Det=11459	Aux Det=100	O+H=539	 DONE
01/10/2025 21:30:07:	move motor	S18.axis2.piezo rotation to -0.144170deg	 DONE
01/10/2025 21:30:08:	36	count	time	5.000000s/cts	O Det=59	H Det=339	Mon Det=11378	Aux Det=54	O+H=452	 DONE
01/10/2025 21:30:15:	move motor	S18.axis2.piezo rotation to -0.144110deg	 DONE
01/10/2025 21:30:16:	37	count	time	5.000000s/cts	O Det=32	H Det=303	Mon Det=11444	Aux Det=18	O+H=353	 DONE
01/10/2025 21:30:23:	move motor	S18.axis2.piezo rotation to -0.144050deg	 DONE
01/10/2025 21:30:24:	38	count	time	5.000000s/cts	O Det=24	H Det=229	Mon Det=11439	Aux Det=5	O+H=258	 DONE
01/10/2025 21:30:31:	move motor	S18.axis2.piezo rotation to -0.143990deg	 DONE
01/10/2025 21:30:32:	39	count	time	5.000000s/cts	O Det=22	H Det=197	Mon Det=11500	Aux Det=4	O+H=223	 DONE
01/10/2025 21:30:39:	move motor	S18.axis2.piezo rotation to -0.143930deg	 DONE
01/10/2025 21:30:40:	40	count	time	5.000000s/cts	O Det=13	H Det=154	Mon Det=11415	Aux Det=7	O+H=174	 DONE
01/10/2025 21:30:47:	move motor	S18.axis2.piezo rotation to -0.143870deg	 DONE
01/10/2025 21:30:48:	41	count	time	5.000000s/cts	O Det=8	H Det=141	Mon Det=11368	Aux Det=5	O+H=154	 DONE
01/10/2025 21:30:55:	move motor	S18.axis2.piezo rotation to -0.143810deg	 DONE
01/10/2025 21:30:56:	42	count	time	5.000000s/cts	O Det=6	H Det=104	Mon Det=11381	Aux Det=6	O+H=116	 DONE
01/10/2025 21:31:03:	move motor	S18.axis2.piezo rotation to -0.143750deg	 DONE
01/10/2025 21:31:04:	43	count	time	5.000000s/cts	O Det=6	H Det=100	Mon Det=11461	Aux Det=4	O+H=110	 DONE
01/10/2025 21:31:11:	move motor	S18.axis2.piezo rotation to -0.143690deg	 DONE
01/10/2025 21:31:12:	44	count	time	5.000000s/cts	O Det=1	H Det=94	Mon Det=11310	Aux Det=7	O+H=102	 DONE
01/10/2025 21:31:19:	move motor	S18.axis2.piezo rotation to -0.143630deg	 DONE
01/10/2025 21:31:20:	45	count	time	5.000000s/cts	O Det=1	H Det=81	Mon Det=11428	Aux Det=3	O+H=85	 DONE
01/10/2025 21:31:27:	move motor	S18.axis2.piezo rotation to -0.143570deg	 DONE
01/10/2025 21:31:28:	46	count	time	5.000000s/cts	O Det=3	H Det=62	Mon Det=11421	Aux Det=2	O+H=67	 DONE
01/10/2025 21:31:35:	move motor	S18.axis2.piezo rotation to -0.143510deg	 DONE
01/10/2025 21:31:37:	47	count	time	5.000000s/cts	O Det=2	H Det=66	Mon Det=11654	Aux Det=5	O+H=73	 DONE
01/10/2025 21:31:43:	move motor	S18.axis2.piezo rotation to -0.143450deg	 DONE
01/10/2025 21:31:44:	48	count	time	5.000000s/cts	O Det=1	H Det=56	Mon Det=11644	Aux Det=2	O+H=59	 DONE
01/10/2025 21:31:51:	move motor	S18.axis2.piezo rotation to -0.143390deg	 DONE
01/10/2025 21:31:52:	49	count	time	5.000000s/cts	O Det=2	H Det=49	Mon Det=11462	Aux Det=1	O+H=52	 DONE
01/10/2025 21:31:59:	move motor	S18.axis2.piezo rotation to -0.143330deg	 DONE
01/10/2025 21:32:00:	50	count	time	5.000000s/cts	O Det=0	H Det=38	Mon Det=11545	Aux Det=1	O+H=39	 DONE
01/10/2025 21:32:07:	move motor	S18.axis2.piezo rotation to -0.143270deg	 DONE
01/10/2025 21:32:08:	51	count	time	5.000000s/cts	O Det=2	H Det=35	Mon Det=11315	Aux Det=6	O+H=43	 DONE
01/10/2025 21:32:15:	move motor	S18.axis2.piezo rotation to -0.143210deg	 DONE
01/10/2025 21:32:16:	52	count	time	5.000000s/cts	O Det=0	H Det=35	Mon Det=11395	Aux Det=5	O+H=40	 DONE
01/10/2025 21:32:23:	move motor	S18.axis2.piezo rotation to -0.143150deg	 DONE
01/10/2025 21:32:24:	53	count	time	5.000000s/cts	O Det=0	H Det=39	Mon Det=11437	Aux Det=5	O+H=44	 DONE
01/10/2025 21:32:31:	move motor	S18.axis2.piezo rotation to -0.143090deg	 DONE
01/10/2025 21:32:32:	54	count	time	5.000000s/cts	O Det=1	H Det=29	Mon Det=11506	Aux Det=2	O+H=32	 DONE
01/10/2025 21:32:38:	move motor	S18.axis2.piezo rotation to -0.143030deg	 DONE
01/10/2025 21:32:40:	55	count	time	5.000000s/cts	O Det=1	H Det=27	Mon Det=11593	Aux Det=3	O+H=31	 DONE
01/10/2025 21:32:46:	move motor	S18.axis2.piezo rotation to -0.142970deg	 DONE
01/10/2025 21:32:48:	56	count	time	5.000000s/cts	O Det=1	H Det=28	Mon Det=11392	Aux Det=3	O+H=32	 DONE
01/10/2025 21:32:54:	move motor	S18.axis2.piezo rotation to -0.142910deg	 DONE
01/10/2025 21:32:56:	57	count	time	5.000000s/cts	O Det=2	H Det=24	Mon Det=11290	Aux Det=3	O+H=29	 DONE
01/10/2025 21:33:03:	move motor	S18.axis2.piezo rotation to -0.142850deg	 DONE
01/10/2025 21:33:04:	58	count	time	5.000000s/cts	O Det=1	H Det=29	Mon Det=11463	Aux Det=5	O+H=35	 DONE
01/10/2025 21:33:11:	move motor	S18.axis2.piezo rotation to -0.142790deg	 DONE
01/10/2025 21:33:12:	59	count	time	5.000000s/cts	O Det=0	H Det=27	Mon Det=11293	Aux Det=2	O+H=29	 DONE
01/10/2025 21:33:19:	move motor	S18.axis2.piezo rotation to -0.142730deg	 DONE
01/10/2025 21:33:20:	60	count	time	5.000000s/cts	O Det=1	H Det=18	Mon Det=11581	Aux Det=4	O+H=23	 DONE
01/10/2025 21:33:27:	close file and end scan	 DONE
01/10/2025 21:33:27:	move motor	S18.axis2.piezo rotation to fit SUM PEAK60	-0.144608reached -0.14460  DONE
01/10/2025 21:33:32:	END OF SCRIPT	 DONE
