02/10/2025 15:16:13:	start execution of script D:\data\Cycle 198\exp_3-16-19\rawdata\sc\rocking.sc	 DONE
02/10/2025 15:16:14:	move motor	S18.axis2.piezo rotation to -0.246770deg	 DONE
02/10/2025 15:16:17:	create file	D:\data\Cycle 198\exp_3-16-19\rawdata\sc\rocking_02Oct1516.dat	 DONE
room to enter remarks DONE
02/10/2025 15:16:18:	move motor	S18.axis2.piezo rotation to -0.146770deg	 DONE
02/10/2025 15:16:21:	1	count	time	5.000000s/cts	O Det=2	H Det=12	Mon Det=11355	Aux Det=1	O+H=15	 DONE
02/10/2025 15:16:28:	move motor	S18.axis2.piezo rotation to -0.146710deg	 DONE
02/10/2025 15:16:29:	2	count	time	5.000000s/cts	O Det=1	H Det=13	Mon Det=11595	Aux Det=1	O+H=15	 DONE
02/10/2025 15:16:36:	move motor	S18.axis2.piezo rotation to -0.146650deg	 DONE
02/10/2025 15:16:37:	3	count	time	5.000000s/cts	O Det=1	H Det=17	Mon Det=11325	Aux Det=2	O+H=20	 DONE
02/10/2025 15:16:44:	move motor	S18.axis2.piezo rotation to -0.146590deg	 DONE
02/10/2025 15:16:45:	4	count	time	5.000000s/cts	O Det=0	H Det=22	Mon Det=11437	Aux Det=2	O+H=24	 DONE
02/10/2025 15:16:51:	move motor	S18.axis2.piezo rotation to -0.146530deg	 DONE
02/10/2025 15:16:53:	5	count	time	5.000000s/cts	O Det=1	H Det=22	Mon Det=11529	Aux Det=3	O+H=26	 DONE
02/10/2025 15:16:59:	move motor	S18.axis2.piezo rotation to -0.146470deg	 DONE
02/10/2025 15:17:01:	6	count	time	5.000000s/cts	O Det=0	H Det=30	Mon Det=11646	Aux Det=5	O+H=35	 DONE
02/10/2025 15:17:07:	move motor	S18.axis2.piezo rotation to -0.146410deg	 DONE
02/10/2025 15:17:09:	7	count	time	5.000000s/cts	O Det=1	H Det=20	Mon Det=11411	Aux Det=3	O+H=24	 DONE
02/10/2025 15:17:15:	move motor	S18.axis2.piezo rotation to -0.146350deg	 DONE
02/10/2025 15:17:17:	8	count	time	5.000000s/cts	O Det=0	H Det=37	Mon Det=11565	Aux Det=4	O+H=41	 DONE
02/10/2025 15:17:24:	move motor	S18.axis2.piezo rotation to -0.146290deg	 DONE
02/10/2025 15:17:25:	9	count	time	5.000000s/cts	O Det=0	H Det=32	Mon Det=11376	Aux Det=2	O+H=34	 DONE
02/10/2025 15:17:32:	move motor	S18.axis2.piezo rotation to -0.146230deg	 DONE
02/10/2025 15:17:33:	10	count	time	5.000000s/cts	O Det=0	H Det=33	Mon Det=11545	Aux Det=5	O+H=38	 DONE
02/10/2025 15:17:39:	move motor	S18.axis2.piezo rotation to -0.146170deg	 DONE
02/10/2025 15:17:41:	11	count	time	5.000000s/cts	O Det=1	H Det=43	Mon Det=11633	Aux Det=3	O+H=47	 DONE
02/10/2025 15:17:47:	move motor	S18.axis2.piezo rotation to -0.146110deg	 DONE
02/10/2025 15:17:49:	12	count	time	5.000000s/cts	O Det=2	H Det=47	Mon Det=11519	Aux Det=3	O+H=52	 DONE
02/10/2025 15:17:56:	move motor	S18.axis2.piezo rotation to -0.146050deg	 DONE
02/10/2025 15:17:57:	13	count	time	5.000000s/cts	O Det=2	H Det=54	Mon Det=11803	Aux Det=1	O+H=57	 DONE
02/10/2025 15:18:04:	move motor	S18.axis2.piezo rotation to -0.145990deg	 DONE
02/10/2025 15:18:05:	14	count	time	5.000000s/cts	O Det=3	H Det=60	Mon Det=11495	Aux Det=5	O+H=68	 DONE
02/10/2025 15:18:12:	move motor	S18.axis2.piezo rotation to -0.145930deg	 DONE
02/10/2025 15:18:13:	15	count	time	5.000000s/cts	O Det=2	H Det=82	Mon Det=11475	Aux Det=3	O+H=87	 DONE
02/10/2025 15:18:20:	move motor	S18.axis2.piezo rotation to -0.145870deg	 DONE
02/10/2025 15:18:21:	16	count	time	5.000000s/cts	O Det=7	H Det=84	Mon Det=11391	Aux Det=5	O+H=96	 DONE
02/10/2025 15:18:28:	move motor	S18.axis2.piezo rotation to -0.145810deg	 DONE
02/10/2025 15:18:29:	17	count	time	5.000000s/cts	O Det=15	H Det=86	Mon Det=11770	Aux Det=26	O+H=127	 DONE
02/10/2025 15:18:36:	move motor	S18.axis2.piezo rotation to -0.145750deg	 DONE
02/10/2025 15:18:37:	18	count	time	5.000000s/cts	O Det=19	H Det=107	Mon Det=11596	Aux Det=28	O+H=154	 DONE
02/10/2025 15:18:44:	move motor	S18.axis2.piezo rotation to -0.145690deg	 DONE
02/10/2025 15:18:46:	19	count	time	5.000000s/cts	O Det=19	H Det=149	Mon Det=11697	Aux Det=18	O+H=186	 DONE
02/10/2025 15:18:53:	move motor	S18.axis2.piezo rotation to -0.145630deg	 DONE
02/10/2025 15:18:54:	20	count	time	5.000000s/cts	O Det=9	H Det=183	Mon Det=11603	Aux Det=5	O+H=197	 DONE
02/10/2025 15:19:01:	move motor	S18.axis2.piezo rotation to -0.145570deg	 DONE
02/10/2025 15:19:02:	21	count	time	5.000000s/cts	O Det=15	H Det=196	Mon Det=11588	Aux Det=17	O+H=228	 DONE
02/10/2025 15:19:09:	move motor	S18.axis2.piezo rotation to -0.145510deg	 DONE
02/10/2025 15:19:10:	22	count	time	5.000000s/cts	O Det=24	H Det=197	Mon Det=11586	Aux Det=29	O+H=250	 DONE
02/10/2025 15:19:17:	move motor	S18.axis2.piezo rotation to -0.145450deg	 DONE
02/10/2025 15:19:18:	23	count	time	5.000000s/cts	O Det=37	H Det=269	Mon Det=11617	Aux Det=74	O+H=380	 DONE
02/10/2025 15:19:25:	move motor	S18.axis2.piezo rotation to -0.145390deg	 DONE
02/10/2025 15:19:26:	24	count	time	5.000000s/cts	O Det=44	H Det=315	Mon Det=11510	Aux Det=131	O+H=490	 DONE
02/10/2025 15:19:32:	move motor	S18.axis2.piezo rotation to -0.145330deg	 DONE
02/10/2025 15:19:34:	25	count	time	5.000000s/cts	O Det=42	H Det=369	Mon Det=11571	Aux Det=244	O+H=655	 DONE
02/10/2025 15:19:40:	move motor	S18.axis2.piezo rotation to -0.145270deg	 DONE
02/10/2025 15:19:42:	26	count	time	5.000000s/cts	O Det=100	H Det=402	Mon Det=11537	Aux Det=320	O+H=822	 DONE
02/10/2025 15:19:48:	move motor	S18.axis2.piezo rotation to -0.145210deg	 DONE
02/10/2025 15:19:50:	27	count	time	5.000000s/cts	O Det=108	H Det=381	Mon Det=11412	Aux Det=407	O+H=896	 DONE
02/10/2025 15:19:56:	move motor	S18.axis2.piezo rotation to -0.145150deg	 DONE
02/10/2025 15:19:58:	28	count	time	5.000000s/cts	O Det=119	H Det=399	Mon Det=11601	Aux Det=459	O+H=977	 DONE
02/10/2025 15:20:04:	move motor	S18.axis2.piezo rotation to -0.145090deg	 DONE
02/10/2025 15:20:05:	29	count	time	5.000000s/cts	O Det=122	H Det=403	Mon Det=11628	Aux Det=517	O+H=1042	 DONE
02/10/2025 15:20:12:	move motor	S18.axis2.piezo rotation to -0.145030deg	 DONE
02/10/2025 15:20:13:	30	count	time	5.000000s/cts	O Det=81	H Det=433	Mon Det=11416	Aux Det=504	O+H=1018	 DONE
02/10/2025 15:20:20:	move motor	S18.axis2.piezo rotation to -0.144970deg	 DONE
02/10/2025 15:20:22:	31	count	time	5.000000s/cts	O Det=77	H Det=424	Mon Det=11328	Aux Det=448	O+H=949	 DONE
02/10/2025 15:20:28:	move motor	S18.axis2.piezo rotation to -0.144910deg	 DONE
02/10/2025 15:20:29:	32	count	time	5.000000s/cts	O Det=93	H Det=377	Mon Det=11520	Aux Det=361	O+H=831	 DONE
02/10/2025 15:20:36:	move motor	S18.axis2.piezo rotation to -0.144850deg	 DONE
02/10/2025 15:20:37:	33	count	time	5.000000s/cts	O Det=75	H Det=349	Mon Det=11268	Aux Det=267	O+H=691	 DONE
02/10/2025 15:20:44:	move motor	S18.axis2.piezo rotation to -0.144790deg	 DONE
02/10/2025 15:20:45:	34	count	time	5.000000s/cts	O Det=84	H Det=298	Mon Det=11428	Aux Det=179	O+H=561	 DONE
02/10/2025 15:20:52:	move motor	S18.axis2.piezo rotation to -0.144730deg	 DONE
02/10/2025 15:20:53:	35	count	time	5.000000s/cts	O Det=53	H Det=282	Mon Det=11492	Aux Det=109	O+H=444	 DONE
02/10/2025 15:21:00:	move motor	S18.axis2.piezo rotation to -0.144670deg	 DONE
02/10/2025 15:21:01:	36	count	time	5.000000s/cts	O Det=41	H Det=217	Mon Det=11556	Aux Det=58	O+H=316	 DONE
02/10/2025 15:21:08:	move motor	S18.axis2.piezo rotation to -0.144610deg	 DONE
02/10/2025 15:21:09:	37	count	time	5.000000s/cts	O Det=35	H Det=208	Mon Det=11669	Aux Det=28	O+H=271	 DONE
02/10/2025 15:21:16:	move motor	S18.axis2.piezo rotation to -0.144550deg	 DONE
02/10/2025 15:21:17:	38	count	time	5.000000s/cts	O Det=20	H Det=159	Mon Det=11545	Aux Det=15	O+H=194	 DONE
02/10/2025 15:21:23:	move motor	S18.axis2.piezo rotation to -0.144490deg	 DONE
02/10/2025 15:21:25:	39	count	time	5.000000s/cts	O Det=12	H Det=119	Mon Det=11449	Aux Det=11	O+H=142	 DONE
02/10/2025 15:21:31:	move motor	S18.axis2.piezo rotation to -0.144430deg	 DONE
02/10/2025 15:21:32:	40	count	time	5.000000s/cts	O Det=12	H Det=90	Mon Det=11569	Aux Det=5	O+H=107	 DONE
02/10/2025 15:21:39:	move motor	S18.axis2.piezo rotation to -0.144370deg	 DONE
02/10/2025 15:21:41:	41	count	time	5.000000s/cts	O Det=9	H Det=105	Mon Det=11553	Aux Det=7	O+H=121	 DONE
02/10/2025 15:21:47:	move motor	S18.axis2.piezo rotation to -0.144310deg	 DONE
02/10/2025 15:21:49:	42	count	time	5.000000s/cts	O Det=3	H Det=89	Mon Det=11683	Aux Det=2	O+H=94	 DONE
02/10/2025 15:21:55:	move motor	S18.axis2.piezo rotation to -0.144250deg	 DONE
02/10/2025 15:21:56:	43	count	time	5.000000s/cts	O Det=5	H Det=80	Mon Det=11506	Aux Det=1	O+H=86	 DONE
02/10/2025 15:22:03:	move motor	S18.axis2.piezo rotation to -0.144190deg	 DONE
02/10/2025 15:22:04:	44	count	time	5.000000s/cts	O Det=6	H Det=68	Mon Det=11593	Aux Det=4	O+H=78	 DONE
02/10/2025 15:22:11:	move motor	S18.axis2.piezo rotation to -0.144130deg	 DONE
02/10/2025 15:22:12:	45	count	time	5.000000s/cts	O Det=4	H Det=55	Mon Det=11444	Aux Det=2	O+H=61	 DONE
02/10/2025 15:22:19:	move motor	S18.axis2.piezo rotation to -0.144070deg	 DONE
02/10/2025 15:22:20:	46	count	time	5.000000s/cts	O Det=3	H Det=44	Mon Det=11550	Aux Det=4	O+H=51	 DONE
02/10/2025 15:22:27:	move motor	S18.axis2.piezo rotation to -0.144010deg	 DONE
02/10/2025 15:22:28:	47	count	time	5.000000s/cts	O Det=1	H Det=40	Mon Det=11567	Aux Det=4	O+H=45	 DONE
02/10/2025 15:22:35:	move motor	S18.axis2.piezo rotation to -0.143950deg	 DONE
02/10/2025 15:22:36:	48	count	time	5.000000s/cts	O Det=2	H Det=45	Mon Det=11503	Aux Det=8	O+H=55	 DONE
02/10/2025 15:22:42:	move motor	S18.axis2.piezo rotation to -0.143890deg	 DONE
02/10/2025 15:22:44:	49	count	time	5.000000s/cts	O Det=0	H Det=42	Mon Det=11449	Aux Det=7	O+H=49	 DONE
02/10/2025 15:22:50:	move motor	S18.axis2.piezo rotation to -0.143830deg	 DONE
02/10/2025 15:22:51:	50	count	time	5.000000s/cts	O Det=1	H Det=30	Mon Det=11484	Aux Det=4	O+H=35	 DONE
02/10/2025 15:22:58:	move motor	S18.axis2.piezo rotation to -0.143770deg	 DONE
02/10/2025 15:22:59:	51	count	time	5.000000s/cts	O Det=1	H Det=27	Mon Det=11530	Aux Det=4	O+H=32	 DONE
02/10/2025 15:23:06:	move motor	S18.axis2.piezo rotation to -0.143710deg	 DONE
02/10/2025 15:23:07:	52	count	time	5.000000s/cts	O Det=0	H Det=25	Mon Det=11259	Aux Det=0	O+H=25	 DONE
02/10/2025 15:23:14:	move motor	S18.axis2.piezo rotation to -0.143650deg	 DONE
02/10/2025 15:23:15:	53	count	time	5.000000s/cts	O Det=1	H Det=20	Mon Det=11273	Aux Det=1	O+H=22	 DONE
02/10/2025 15:23:22:	move motor	S18.axis2.piezo rotation to -0.143590deg	 DONE
02/10/2025 15:23:23:	54	count	time	5.000000s/cts	O Det=0	H Det=19	Mon Det=11569	Aux Det=1	O+H=20	 DONE
02/10/2025 15:23:30:	move motor	S18.axis2.piezo rotation to -0.143530deg	 DONE
02/10/2025 15:23:31:	55	count	time	5.000000s/cts	O Det=3	H Det=23	Mon Det=11468	Aux Det=4	O+H=30	 DONE
02/10/2025 15:23:38:	move motor	S18.axis2.piezo rotation to -0.143470deg	 DONE
02/10/2025 15:23:39:	56	count	time	5.000000s/cts	O Det=0	H Det=25	Mon Det=11212	Aux Det=1	O+H=26	 DONE
02/10/2025 15:23:46:	move motor	S18.axis2.piezo rotation to -0.143410deg	 DONE
02/10/2025 15:23:47:	57	count	time	5.000000s/cts	O Det=0	H Det=19	Mon Det=11381	Aux Det=8	O+H=27	 DONE
02/10/2025 15:23:54:	move motor	S18.axis2.piezo rotation to -0.143350deg	 DONE
02/10/2025 15:23:55:	58	count	time	5.000000s/cts	O Det=0	H Det=13	Mon Det=11765	Aux Det=2	O+H=15	 DONE
02/10/2025 15:24:02:	move motor	S18.axis2.piezo rotation to -0.143290deg	 DONE
02/10/2025 15:24:04:	59	count	time	5.000000s/cts	O Det=0	H Det=15	Mon Det=11539	Aux Det=1	O+H=16	 DONE
02/10/2025 15:24:10:	move motor	S18.axis2.piezo rotation to -0.143230deg	 DONE
02/10/2025 15:24:12:	60	count	time	5.000000s/cts	O Det=1	H Det=22	Mon Det=11534	Aux Det=1	O+H=24	 DONE
02/10/2025 15:24:18:	close file and end scan	 DONE
02/10/2025 15:24:19:	move motor	S18.axis2.piezo rotation to fit SUM PEAK60	-0.145082reached -0.14508  DONE
02/10/2025 15:24:23:	END OF SCRIPT	 DONE
