30/09/2025 14:02:37:	start execution of script D:\data\Cycle 198\exp_3-16-19\rawdata\sc\rocking.sc	 DONE
30/09/2025 14:02:37:	move motor	S18.axis2.piezo rotation to -1.432670deg	 DONE
30/09/2025 14:02:41:	create file	D:\data\Cycle 198\exp_3-16-19\rawdata\sc\rocking_30Sep1402.dat	 DONE
room to enter remarks DONE
30/09/2025 14:02:42:	move motor	S18.axis2.piezo rotation to -1.332670deg	 DONE
30/09/2025 14:02:46:	1	count	time	5.000000s/cts	O Det=0	H Det=19	Mon Det=11521	Aux Det=4	O+H=23	 DONE
30/09/2025 14:02:52:	move motor	S18.axis2.piezo rotation to -1.332610deg	 DONE
30/09/2025 14:02:54:	2	count	time	5.000000s/cts	O Det=1	H Det=15	Mon Det=11632	Aux Det=5	O+H=21	 DONE
30/09/2025 14:03:00:	move motor	S18.axis2.piezo rotation to -1.332550deg	 DONE
30/09/2025 14:03:02:	3	count	time	5.000000s/cts	O Det=0	H Det=25	Mon Det=11543	Aux Det=1	O+H=26	 DONE
30/09/2025 14:03:08:	move motor	S18.axis2.piezo rotation to -1.332490deg	 DONE
30/09/2025 14:03:10:	4	count	time	5.000000s/cts	O Det=0	H Det=32	Mon Det=11474	Aux Det=3	O+H=35	 DONE
30/09/2025 14:03:16:	move motor	S18.axis2.piezo rotation to -1.332430deg	 DONE
30/09/2025 14:03:18:	5	count	time	5.000000s/cts	O Det=1	H Det=24	Mon Det=11882	Aux Det=5	O+H=30	 DONE
30/09/2025 14:03:24:	move motor	S18.axis2.piezo rotation to -1.332370deg	 DONE
30/09/2025 14:03:26:	6	count	time	5.000000s/cts	O Det=0	H Det=20	Mon Det=11721	Aux Det=4	O+H=24	 DONE
30/09/2025 14:03:32:	move motor	S18.axis2.piezo rotation to -1.332310deg	 DONE
30/09/2025 14:03:33:	7	count	time	5.000000s/cts	O Det=0	H Det=41	Mon Det=11659	Aux Det=3	O+H=44	 DONE
30/09/2025 14:03:40:	move motor	S18.axis2.piezo rotation to -1.332250deg	 DONE
30/09/2025 14:03:41:	8	count	time	5.000000s/cts	O Det=2	H Det=38	Mon Det=11641	Aux Det=4	O+H=44	 DONE
30/09/2025 14:03:48:	move motor	S18.axis2.piezo rotation to -1.332190deg	 DONE
30/09/2025 14:03:49:	9	count	time	5.000000s/cts	O Det=2	H Det=35	Mon Det=11741	Aux Det=2	O+H=39	 DONE
30/09/2025 14:03:56:	move motor	S18.axis2.piezo rotation to -1.332130deg	 DONE
30/09/2025 14:03:57:	10	count	time	5.000000s/cts	O Det=2	H Det=28	Mon Det=11602	Aux Det=5	O+H=35	 DONE
30/09/2025 14:04:04:	move motor	S18.axis2.piezo rotation to -1.332070deg	 DONE
30/09/2025 14:04:05:	11	count	time	5.000000s/cts	O Det=1	H Det=42	Mon Det=11607	Aux Det=4	O+H=47	 DONE
30/09/2025 14:04:12:	move motor	S18.axis2.piezo rotation to -1.332010deg	 DONE
30/09/2025 14:04:13:	12	count	time	5.000000s/cts	O Det=2	H Det=61	Mon Det=11707	Aux Det=1	O+H=64	 DONE
30/09/2025 14:04:20:	move motor	S18.axis2.piezo rotation to -1.331950deg	 DONE
30/09/2025 14:04:21:	13	count	time	5.000000s/cts	O Det=1	H Det=58	Mon Det=11716	Aux Det=3	O+H=62	 DONE
30/09/2025 14:04:27:	move motor	S18.axis2.piezo rotation to -1.331890deg	 DONE
30/09/2025 14:04:29:	14	count	time	5.000000s/cts	O Det=3	H Det=75	Mon Det=11717	Aux Det=3	O+H=81	 DONE
30/09/2025 14:04:35:	move motor	S18.axis2.piezo rotation to -1.331830deg	 DONE
30/09/2025 14:04:37:	15	count	time	5.000000s/cts	O Det=0	H Det=70	Mon Det=11826	Aux Det=4	O+H=74	 DONE
30/09/2025 14:04:43:	move motor	S18.axis2.piezo rotation to -1.331770deg	 DONE
30/09/2025 14:04:45:	16	count	time	5.000000s/cts	O Det=2	H Det=97	Mon Det=11631	Aux Det=6	O+H=105	 DONE
30/09/2025 14:04:51:	move motor	S18.axis2.piezo rotation to -1.331710deg	 DONE
30/09/2025 14:04:52:	17	count	time	5.000000s/cts	O Det=9	H Det=112	Mon Det=11846	Aux Det=3	O+H=124	 DONE
30/09/2025 14:04:59:	move motor	S18.axis2.piezo rotation to -1.331650deg	 DONE
30/09/2025 14:05:00:	18	count	time	5.000000s/cts	O Det=11	H Det=138	Mon Det=11587	Aux Det=23	O+H=172	 DONE
30/09/2025 14:05:07:	move motor	S18.axis2.piezo rotation to -1.331590deg	 DONE
30/09/2025 14:05:08:	19	count	time	5.000000s/cts	O Det=16	H Det=141	Mon Det=11593	Aux Det=32	O+H=189	 DONE
30/09/2025 14:05:15:	move motor	S18.axis2.piezo rotation to -1.331530deg	 DONE
30/09/2025 14:05:16:	20	count	time	5.000000s/cts	O Det=21	H Det=169	Mon Det=11703	Aux Det=41	O+H=231	 DONE
30/09/2025 14:05:23:	move motor	S18.axis2.piezo rotation to -1.331470deg	 DONE
30/09/2025 14:05:24:	21	count	time	5.000000s/cts	O Det=29	H Det=211	Mon Det=11780	Aux Det=22	O+H=262	 DONE
30/09/2025 14:05:30:	paused
