03/10/2025 13:10:41:	start execution of script D:\data\Cycle 198\exp_3-16-19\rawdata\sc\rocking.sc	 DONE
03/10/2025 13:10:41:	move motor	S18.axis2.piezo rotation to -0.246770deg	 DONE
03/10/2025 13:10:44:	create file	D:\data\Cycle 198\exp_3-16-19\rawdata\sc\rocking_03Oct1310.dat	 DONE
room to enter remarks DONE
03/10/2025 13:10:45:	move motor	S18.axis2.piezo rotation to -0.146770deg	 DONE
03/10/2025 13:10:49:	1	count	time	5.000000s/cts	O Det=0	H Det=0	Mon Det=11394	Aux Det=20	O+H=20	 DONE
03/10/2025 13:10:55:	move motor	S18.axis2.piezo rotation to -0.146710deg	 DONE
03/10/2025 13:10:57:	2	count	time	5.000000s/cts	O Det=0	H Det=1	Mon Det=11341	Aux Det=31	O+H=32	 DONE
03/10/2025 13:11:04:	move motor	S18.axis2.piezo rotation to -0.146650deg	 DONE
03/10/2025 13:11:05:	3	count	time	5.000000s/cts	O Det=1	H Det=1	Mon Det=11521	Aux Det=28	O+H=30	 DONE
03/10/2025 13:11:12:	move motor	S18.axis2.piezo rotation to -0.146590deg	 DONE
03/10/2025 13:11:13:	4	count	time	5.000000s/cts	O Det=1	H Det=3	Mon Det=11441	Aux Det=39	O+H=43	 DONE
03/10/2025 13:11:20:	move motor	S18.axis2.piezo rotation to -0.146530deg	 DONE
03/10/2025 13:11:21:	5	count	time	5.000000s/cts	O Det=1	H Det=2	Mon Det=11577	Aux Det=41	O+H=44	 DONE
03/10/2025 13:11:28:	move motor	S18.axis2.piezo rotation to -0.146470deg	 DONE
03/10/2025 13:11:29:	6	count	time	5.000000s/cts	O Det=2	H Det=3	Mon Det=11432	Aux Det=54	O+H=59	 DONE
03/10/2025 13:11:35:	move motor	S18.axis2.piezo rotation to -0.146410deg	 DONE
03/10/2025 13:11:36:	7	count	time	5.000000s/cts	O Det=2	H Det=1	Mon Det=11596	Aux Det=52	O+H=55	 DONE
03/10/2025 13:11:43:	move motor	S18.axis2.piezo rotation to -0.146350deg	 DONE
03/10/2025 13:11:44:	8	count	time	5.000000s/cts	O Det=2	H Det=2	Mon Det=11523	Aux Det=51	O+H=55	 DONE
03/10/2025 13:11:51:	move motor	S18.axis2.piezo rotation to -0.146290deg	 DONE
03/10/2025 13:11:52:	9	count	time	5.000000s/cts	O Det=2	H Det=1	Mon Det=11295	Aux Det=49	O+H=52	 DONE
03/10/2025 13:11:59:	move motor	S18.axis2.piezo rotation to -0.146230deg	 DONE
03/10/2025 13:12:00:	10	count	time	5.000000s/cts	O Det=1	H Det=1	Mon Det=11513	Aux Det=73	O+H=75	 DONE
03/10/2025 13:12:07:	move motor	S18.axis2.piezo rotation to -0.146170deg	 DONE
03/10/2025 13:12:08:	11	count	time	5.000000s/cts	O Det=3	H Det=1	Mon Det=11707	Aux Det=69	O+H=73	 DONE
03/10/2025 13:12:15:	move motor	S18.axis2.piezo rotation to -0.146110deg	 DONE
03/10/2025 13:12:16:	12	count	time	5.000000s/cts	O Det=3	H Det=0	Mon Det=11352	Aux Det=86	O+H=89	 DONE
03/10/2025 13:12:22:	move motor	S18.axis2.piezo rotation to -0.146050deg	 DONE
03/10/2025 13:12:24:	13	count	time	5.000000s/cts	O Det=3	H Det=0	Mon Det=11694	Aux Det=124	O+H=127	 DONE
03/10/2025 13:12:30:	move motor	S18.axis2.piezo rotation to -0.145990deg	 DONE
03/10/2025 13:12:31:	14	count	time	5.000000s/cts	O Det=3	H Det=1	Mon Det=11454	Aux Det=144	O+H=148	 DONE
03/10/2025 13:12:38:	move motor	S18.axis2.piezo rotation to -0.145930deg	 DONE
03/10/2025 13:12:39:	15	count	time	5.000000s/cts	O Det=7	H Det=4	Mon Det=11468	Aux Det=176	O+H=187	 DONE
03/10/2025 13:12:46:	move motor	S18.axis2.piezo rotation to -0.145870deg	 DONE
03/10/2025 13:12:47:	16	count	time	5.000000s/cts	O Det=18	H Det=5	Mon Det=11580	Aux Det=275	O+H=298	 DONE
03/10/2025 13:12:54:	move motor	S18.axis2.piezo rotation to -0.145810deg	 DONE
03/10/2025 13:12:55:	17	count	time	5.000000s/cts	O Det=25	H Det=10	Mon Det=11603	Aux Det=271	O+H=306	 DONE
03/10/2025 13:13:02:	move motor	S18.axis2.piezo rotation to -0.145750deg	 DONE
03/10/2025 13:13:03:	18	count	time	5.000000s/cts	O Det=38	H Det=3	Mon Det=11458	Aux Det=286	O+H=327	 DONE
03/10/2025 13:13:10:	move motor	S18.axis2.piezo rotation to -0.145690deg	 DONE
03/10/2025 13:13:11:	19	count	time	5.000000s/cts	O Det=40	H Det=7	Mon Det=11505	Aux Det=269	O+H=316	 DONE
03/10/2025 13:13:18:	move motor	S18.axis2.piezo rotation to -0.145630deg	 DONE
03/10/2025 13:13:19:	20	count	time	5.000000s/cts	O Det=58	H Det=23	Mon Det=11280	Aux Det=368	O+H=449	 DONE
03/10/2025 13:13:25:	move motor	S18.axis2.piezo rotation to -0.145570deg	 DONE
03/10/2025 13:13:27:	21	count	time	5.000000s/cts	O Det=96	H Det=49	Mon Det=11393	Aux Det=440	O+H=585	 DONE
03/10/2025 13:13:33:	move motor	S18.axis2.piezo rotation to -0.145510deg	 DONE
03/10/2025 13:13:35:	22	count	time	5.000000s/cts	O Det=172	H Det=76	Mon Det=11650	Aux Det=652	O+H=900	 DONE
03/10/2025 13:13:41:	move motor	S18.axis2.piezo rotation to -0.145450deg	 DONE
03/10/2025 13:13:43:	23	count	time	5.000000s/cts	O Det=192	H Det=124	Mon Det=11626	Aux Det=727	O+H=1043	 DONE
03/10/2025 13:13:49:	move motor	S18.axis2.piezo rotation to -0.145390deg	 DONE
03/10/2025 13:13:51:	24	count	time	5.000000s/cts	O Det=244	H Det=177	Mon Det=11580	Aux Det=907	O+H=1328	 DONE
03/10/2025 13:13:57:	move motor	S18.axis2.piezo rotation to -0.145330deg	 DONE
03/10/2025 13:13:59:	25	count	time	5.000000s/cts	O Det=331	H Det=220	Mon Det=11474	Aux Det=986	O+H=1537	 DONE
03/10/2025 13:14:05:	move motor	S18.axis2.piezo rotation to -0.145270deg	 DONE
03/10/2025 13:14:07:	26	count	time	5.000000s/cts	O Det=332	H Det=294	Mon Det=11500	Aux Det=1078	O+H=1704	 DONE
03/10/2025 13:14:13:	move motor	S18.axis2.piezo rotation to -0.145210deg	 DONE
03/10/2025 13:14:14:	27	count	time	5.000000s/cts	O Det=411	H Det=317	Mon Det=11387	Aux Det=1084	O+H=1812	 DONE
03/10/2025 13:14:21:	move motor	S18.axis2.piezo rotation to -0.145150deg	 DONE
03/10/2025 13:14:22:	28	count	time	5.000000s/cts	O Det=405	H Det=329	Mon Det=11480	Aux Det=1013	O+H=1747	 DONE
03/10/2025 13:14:29:	move motor	S18.axis2.piezo rotation to -0.145090deg	 DONE
03/10/2025 13:14:30:	29	count	time	5.000000s/cts	O Det=364	H Det=307	Mon Det=11500	Aux Det=871	O+H=1542	 DONE
03/10/2025 13:14:37:	move motor	S18.axis2.piezo rotation to -0.145030deg	 DONE
03/10/2025 13:14:38:	30	count	time	5.000000s/cts	O Det=336	H Det=266	Mon Det=11605	Aux Det=822	O+H=1424	 DONE
03/10/2025 13:14:45:	move motor	S18.axis2.piezo rotation to -0.144970deg	 DONE
03/10/2025 13:14:46:	31	count	time	5.000000s/cts	O Det=261	H Det=187	Mon Det=11616	Aux Det=632	O+H=1080	 DONE
03/10/2025 13:14:52:	move motor	S18.axis2.piezo rotation to -0.144910deg	 DONE
03/10/2025 13:14:54:	32	count	time	5.000000s/cts	O Det=211	H Det=131	Mon Det=11462	Aux Det=565	O+H=907	 DONE
03/10/2025 13:15:00:	move motor	S18.axis2.piezo rotation to -0.144850deg	 DONE
03/10/2025 13:15:01:	33	count	time	5.000000s/cts	O Det=208	H Det=118	Mon Det=11513	Aux Det=457	O+H=783	 DONE
03/10/2025 13:15:08:	move motor	S18.axis2.piezo rotation to -0.144790deg	 DONE
03/10/2025 13:15:09:	34	count	time	5.000000s/cts	O Det=159	H Det=55	Mon Det=11523	Aux Det=361	O+H=575	 DONE
03/10/2025 13:15:16:	move motor	S18.axis2.piezo rotation to -0.144730deg	 DONE
03/10/2025 13:15:17:	35	count	time	5.000000s/cts	O Det=90	H Det=30	Mon Det=11613	Aux Det=274	O+H=394	 DONE
03/10/2025 13:15:24:	move motor	S18.axis2.piezo rotation to -0.144670deg	 DONE
03/10/2025 13:15:25:	36	count	time	5.000000s/cts	O Det=73	H Det=17	Mon Det=11550	Aux Det=233	O+H=323	 DONE
03/10/2025 13:15:32:	move motor	S18.axis2.piezo rotation to -0.144610deg	 DONE
03/10/2025 13:15:33:	37	count	time	5.000000s/cts	O Det=36	H Det=5	Mon Det=11539	Aux Det=204	O+H=245	 DONE
03/10/2025 13:15:39:	move motor	S18.axis2.piezo rotation to -0.144550deg	 DONE
03/10/2025 13:15:41:	38	count	time	5.000000s/cts	O Det=32	H Det=7	Mon Det=11460	Aux Det=174	O+H=213	 DONE
03/10/2025 13:15:47:	move motor	S18.axis2.piezo rotation to -0.144490deg	 DONE
03/10/2025 13:15:48:	39	count	time	5.000000s/cts	O Det=18	H Det=4	Mon Det=11401	Aux Det=136	O+H=158	 DONE
03/10/2025 13:15:55:	move motor	S18.axis2.piezo rotation to -0.144430deg	 DONE
03/10/2025 13:15:56:	40	count	time	5.000000s/cts	O Det=16	H Det=2	Mon Det=11477	Aux Det=114	O+H=132	 DONE
03/10/2025 13:16:03:	move motor	S18.axis2.piezo rotation to -0.144370deg	 DONE
03/10/2025 13:16:05:	41	count	time	5.000000s/cts	O Det=10	H Det=3	Mon Det=11532	Aux Det=110	O+H=123	 DONE
03/10/2025 13:16:11:	move motor	S18.axis2.piezo rotation to -0.144310deg	 DONE
03/10/2025 13:16:13:	42	count	time	5.000000s/cts	O Det=7	H Det=0	Mon Det=11391	Aux Det=95	O+H=102	 DONE
03/10/2025 13:16:20:	move motor	S18.axis2.piezo rotation to -0.144250deg	 DONE
03/10/2025 13:16:21:	43	count	time	5.000000s/cts	O Det=7	H Det=1	Mon Det=11374	Aux Det=82	O+H=90	 DONE
03/10/2025 13:16:27:	move motor	S18.axis2.piezo rotation to -0.144190deg	 DONE
03/10/2025 13:16:29:	44	count	time	5.000000s/cts	O Det=4	H Det=2	Mon Det=11504	Aux Det=78	O+H=84	 DONE
03/10/2025 13:16:35:	move motor	S18.axis2.piezo rotation to -0.144130deg	 DONE
03/10/2025 13:16:36:	45	count	time	5.000000s/cts	O Det=0	H Det=1	Mon Det=11521	Aux Det=85	O+H=86	 DONE
03/10/2025 13:16:43:	move motor	S18.axis2.piezo rotation to -0.144070deg	 DONE
03/10/2025 13:16:44:	46	count	time	5.000000s/cts	O Det=3	H Det=2	Mon Det=11393	Aux Det=65	O+H=70	 DONE
03/10/2025 13:16:51:	move motor	S18.axis2.piezo rotation to -0.144010deg	 DONE
03/10/2025 13:16:52:	47	count	time	5.000000s/cts	O Det=1	H Det=1	Mon Det=11484	Aux Det=61	O+H=63	 DONE
03/10/2025 13:16:59:	move motor	S18.axis2.piezo rotation to -0.143950deg	 DONE
03/10/2025 13:17:00:	48	count	time	5.000000s/cts	O Det=0	H Det=2	Mon Det=11338	Aux Det=39	O+H=41	 DONE
03/10/2025 13:17:06:	move motor	S18.axis2.piezo rotation to -0.143890deg	 DONE
03/10/2025 13:17:08:	49	count	time	5.000000s/cts	O Det=0	H Det=0	Mon Det=11527	Aux Det=46	O+H=46	 DONE
03/10/2025 13:17:14:	move motor	S18.axis2.piezo rotation to -0.143830deg	 DONE
03/10/2025 13:17:15:	50	count	time	5.000000s/cts	O Det=2	H Det=3	Mon Det=11520	Aux Det=37	O+H=42	 DONE
03/10/2025 13:17:22:	move motor	S18.axis2.piezo rotation to -0.143770deg	 DONE
03/10/2025 13:17:23:	51	count	time	5.000000s/cts	O Det=1	H Det=1	Mon Det=11543	Aux Det=45	O+H=47	 DONE
03/10/2025 13:17:30:	move motor	S18.axis2.piezo rotation to -0.143710deg	 DONE
03/10/2025 13:17:31:	52	count	time	5.000000s/cts	O Det=0	H Det=1	Mon Det=11499	Aux Det=33	O+H=34	 DONE
03/10/2025 13:17:38:	move motor	S18.axis2.piezo rotation to -0.143650deg	 DONE
03/10/2025 13:17:39:	53	count	time	5.000000s/cts	O Det=0	H Det=1	Mon Det=11506	Aux Det=39	O+H=40	 DONE
03/10/2025 13:17:46:	move motor	S18.axis2.piezo rotation to -0.143590deg	 DONE
03/10/2025 13:17:47:	54	count	time	5.000000s/cts	O Det=0	H Det=2	Mon Det=11406	Aux Det=39	O+H=41	 DONE
03/10/2025 13:17:53:	move motor	S18.axis2.piezo rotation to -0.143530deg	 DONE
03/10/2025 13:17:55:	55	count	time	5.000000s/cts	O Det=1	H Det=1	Mon Det=11526	Aux Det=29	O+H=31	 DONE
03/10/2025 13:18:02:	move motor	S18.axis2.piezo rotation to -0.143470deg	 DONE
03/10/2025 13:18:03:	56	count	time	5.000000s/cts	O Det=3	H Det=1	Mon Det=11697	Aux Det=26	O+H=30	 DONE
03/10/2025 13:18:10:	move motor	S18.axis2.piezo rotation to -0.143410deg	 DONE
03/10/2025 13:18:11:	57	count	time	5.000000s/cts	O Det=2	H Det=3	Mon Det=11503	Aux Det=27	O+H=32	 DONE
03/10/2025 13:18:18:	move motor	S18.axis2.piezo rotation to -0.143350deg	 DONE
03/10/2025 13:18:19:	58	count	time	5.000000s/cts	O Det=0	H Det=2	Mon Det=11369	Aux Det=21	O+H=23	 DONE
03/10/2025 13:18:26:	move motor	S18.axis2.piezo rotation to -0.143290deg	 DONE
03/10/2025 13:18:27:	59	count	time	5.000000s/cts	O Det=2	H Det=0	Mon Det=11324	Aux Det=30	O+H=32	 DONE
03/10/2025 13:18:34:	move motor	S18.axis2.piezo rotation to -0.143230deg	 DONE
03/10/2025 13:18:35:	60	count	time	5.000000s/cts	O Det=1	H Det=0	Mon Det=11445	Aux Det=18	O+H=19	 DONE
03/10/2025 13:18:42:	close file and end scan	 DONE
03/10/2025 13:18:42:	move motor	S18.axis2.piezo rotation to fit SUM PEAK60	-0.145202reached -0.14520  DONE
03/10/2025 13:18:45:	END OF SCRIPT	 DONE
