06/10/2025 06:03:04:	start execution of script D:\data\Cycle 198\exp_3-16-19\rawdata\sc\rocking.sc	 DONE
06/10/2025 06:03:05:	move motor	S18.axis2.piezo rotation to -0.246905deg	 DONE
06/10/2025 06:03:09:	create file	D:\data\Cycle 198\exp_3-16-19\rawdata\sc\rocking_06Oct0603.dat	 DONE
room to enter remarks DONE
06/10/2025 06:03:10:	move motor	S18.axis2.piezo rotation to -0.146905deg	 DONE
06/10/2025 06:03:14:	1	count	time	5.000000s/cts	O Det=0	H Det=2	Mon Det=11480	Aux Det=2	O+H=4	 DONE
06/10/2025 06:03:20:	move motor	S18.axis2.piezo rotation to -0.146845deg	 DONE
06/10/2025 06:03:24:	2	count	time	5.000000s/cts	O Det=0	H Det=1	Mon Det=11573	Aux Det=5	O+H=6	 DONE
06/10/2025 06:03:31:	move motor	S18.axis2.piezo rotation to -0.146785deg	 DONE
06/10/2025 06:03:35:	3	count	time	5.000000s/cts	O Det=2	H Det=1	Mon Det=11568	Aux Det=2	O+H=5	 DONE
06/10/2025 06:03:41:	move motor	S18.axis2.piezo rotation to -0.146725deg	 DONE
06/10/2025 06:03:45:	4	count	time	5.000000s/cts	O Det=0	H Det=1	Mon Det=11562	Aux Det=0	O+H=1	 DONE
06/10/2025 06:03:52:	move motor	S18.axis2.piezo rotation to -0.146665deg	 DONE
06/10/2025 06:03:55:	5	count	time	5.000000s/cts	O Det=1	H Det=0	Mon Det=11408	Aux Det=6	O+H=7	 DONE
06/10/2025 06:04:01:	move motor	S18.axis2.piezo rotation to -0.146605deg	 DONE
06/10/2025 06:04:03:	6	count	time	5.000000s/cts	O Det=0	H Det=1	Mon Det=11728	Aux Det=3	O+H=4	 DONE
06/10/2025 06:04:09:	move motor	S18.axis2.piezo rotation to -0.146545deg	 DONE
06/10/2025 06:04:13:	7	count	time	5.000000s/cts	O Det=0	H Det=1	Mon Det=11508	Aux Det=4	O+H=5	 DONE
06/10/2025 06:04:20:	move motor	S18.axis2.piezo rotation to -0.146485deg	 DONE
06/10/2025 06:04:24:	8	count	time	5.000000s/cts	O Det=0	H Det=0	Mon Det=11590	Aux Det=1	O+H=1	 DONE
06/10/2025 06:04:30:	move motor	S18.axis2.piezo rotation to -0.146425deg	 DONE
06/10/2025 06:04:34:	9	count	time	5.000000s/cts	O Det=0	H Det=1	Mon Det=11543	Aux Det=4	O+H=5	 DONE
06/10/2025 06:04:41:	move motor	S18.axis2.piezo rotation to -0.146365deg	 DONE
06/10/2025 06:04:45:	10	count	time	5.000000s/cts	O Det=0	H Det=2	Mon Det=11511	Aux Det=3	O+H=5	 DONE
06/10/2025 06:04:51:	move motor	S18.axis2.piezo rotation to -0.146305deg	 DONE
06/10/2025 06:04:53:	11	count	time	5.000000s/cts	O Det=0	H Det=2	Mon Det=11537	Aux Det=1	O+H=3	 DONE
06/10/2025 06:04:59:	move motor	S18.axis2.piezo rotation to -0.146245deg	 DONE
06/10/2025 06:05:01:	12	count	time	5.000000s/cts	O Det=0	H Det=1	Mon Det=11687	Aux Det=3	O+H=4	 DONE
06/10/2025 06:05:07:	move motor	S18.axis2.piezo rotation to -0.146185deg	 DONE
06/10/2025 06:05:08:	13	count	time	5.000000s/cts	O Det=0	H Det=0	Mon Det=11646	Aux Det=2	O+H=2	 DONE
06/10/2025 06:05:15:	move motor	S18.axis2.piezo rotation to -0.146125deg	 DONE
06/10/2025 06:05:19:	14	count	time	5.000000s/cts	O Det=0	H Det=3	Mon Det=11603	Aux Det=4	O+H=7	 DONE
06/10/2025 06:05:26:	move motor	S18.axis2.piezo rotation to -0.146065deg	 DONE
06/10/2025 06:05:30:	15	count	time	5.000000s/cts	O Det=0	H Det=3	Mon Det=11564	Aux Det=4	O+H=7	 DONE
06/10/2025 06:05:36:	move motor	S18.axis2.piezo rotation to -0.146005deg	 DONE
06/10/2025 06:05:40:	16	count	time	5.000000s/cts	O Det=0	H Det=0	Mon Det=11663	Aux Det=2	O+H=2	 DONE
06/10/2025 06:05:47:	move motor	S18.axis2.piezo rotation to -0.145945deg	 DONE
06/10/2025 06:05:51:	17	count	time	5.000000s/cts	O Det=1	H Det=0	Mon Det=11672	Aux Det=2	O+H=3	 DONE
06/10/2025 06:05:57:	move motor	S18.axis2.piezo rotation to -0.145885deg	 DONE
06/10/2025 06:05:59:	18	count	time	5.000000s/cts	O Det=0	H Det=6	Mon Det=11511	Aux Det=3	O+H=9	 DONE
06/10/2025 06:06:05:	move motor	S18.axis2.piezo rotation to -0.145825deg	 DONE
06/10/2025 06:06:06:	19	count	time	5.000000s/cts	O Det=0	H Det=2	Mon Det=11720	Aux Det=4	O+H=6	 DONE
06/10/2025 06:06:13:	move motor	S18.axis2.piezo rotation to -0.145765deg	 DONE
06/10/2025 06:06:17:	20	count	time	5.000000s/cts	O Det=0	H Det=1	Mon Det=11466	Aux Det=3	O+H=4	 DONE
06/10/2025 06:06:24:	move motor	S18.axis2.piezo rotation to -0.145705deg	 DONE
06/10/2025 06:06:27:	21	count	time	5.000000s/cts	O Det=0	H Det=1	Mon Det=11590	Aux Det=3	O+H=4	 DONE
06/10/2025 06:06:34:	move motor	S18.axis2.piezo rotation to -0.145645deg	 DONE
06/10/2025 06:06:38:	22	count	time	5.000000s/cts	O Det=0	H Det=2	Mon Det=11615	Aux Det=6	O+H=8	 DONE
06/10/2025 06:06:45:	move motor	S18.axis2.piezo rotation to -0.145585deg	 DONE
06/10/2025 06:06:48:	23	count	time	5.000000s/cts	O Det=0	H Det=1	Mon Det=11544	Aux Det=4	O+H=5	 DONE
06/10/2025 06:06:55:	move motor	S18.axis2.piezo rotation to -0.145525deg	 DONE
06/10/2025 06:06:57:	24	count	time	5.000000s/cts	O Det=0	H Det=0	Mon Det=11523	Aux Det=4	O+H=4	 DONE
06/10/2025 06:07:03:	move motor	S18.axis2.piezo rotation to -0.145465deg	 DONE
06/10/2025 06:07:04:	25	count	time	5.000000s/cts	O Det=1	H Det=1	Mon Det=11547	Aux Det=4	O+H=6	 DONE
06/10/2025 06:07:11:	move motor	S18.axis2.piezo rotation to -0.145405deg	 DONE
06/10/2025 06:07:15:	26	count	time	5.000000s/cts	O Det=1	H Det=1	Mon Det=11758	Aux Det=2	O+H=4	 DONE
06/10/2025 06:07:21:	move motor	S18.axis2.piezo rotation to -0.145345deg	 DONE
06/10/2025 06:07:25:	27	count	time	5.000000s/cts	O Det=1	H Det=3	Mon Det=11615	Aux Det=4	O+H=8	 DONE
06/10/2025 06:07:32:	move motor	S18.axis2.piezo rotation to -0.145285deg	 DONE
06/10/2025 06:07:36:	28	count	time	5.000000s/cts	O Det=1	H Det=0	Mon Det=11540	Aux Det=3	O+H=4	 DONE
06/10/2025 06:07:43:	move motor	S18.axis2.piezo rotation to -0.145225deg	 DONE
06/10/2025 06:07:46:	29	count	time	5.000000s/cts	O Det=0	H Det=0	Mon Det=11517	Aux Det=2	O+H=2	 DONE
06/10/2025 06:07:53:	move motor	S18.axis2.piezo rotation to -0.145165deg	 DONE
06/10/2025 06:07:55:	30	count	time	5.000000s/cts	O Det=0	H Det=2	Mon Det=11404	Aux Det=3	O+H=5	 DONE
06/10/2025 06:08:01:	move motor	S18.axis2.piezo rotation to -0.145105deg	 DONE
06/10/2025 06:08:03:	31	count	time	5.000000s/cts	O Det=0	H Det=0	Mon Det=11341	Aux Det=4	O+H=4	 DONE
06/10/2025 06:08:09:	move motor	S18.axis2.piezo rotation to -0.145045deg	 DONE
06/10/2025 06:08:13:	32	count	time	5.000000s/cts	O Det=0	H Det=3	Mon Det=11752	Aux Det=1	O+H=4	 DONE
06/10/2025 06:08:20:	move motor	S18.axis2.piezo rotation to -0.144985deg	 DONE
06/10/2025 06:08:24:	33	count	time	5.000000s/cts	O Det=0	H Det=3	Mon Det=11504	Aux Det=3	O+H=6	 DONE
06/10/2025 06:08:30:	move motor	S18.axis2.piezo rotation to -0.144925deg	 DONE
06/10/2025 06:08:34:	34	count	time	5.000000s/cts	O Det=0	H Det=1	Mon Det=11492	Aux Det=1	O+H=2	 DONE
06/10/2025 06:08:41:	move motor	S18.axis2.piezo rotation to -0.144865deg	 DONE
06/10/2025 06:08:45:	35	count	time	5.000000s/cts	O Det=2	H Det=1	Mon Det=11595	Aux Det=2	O+H=5	 DONE
06/10/2025 06:08:51:	move motor	S18.axis2.piezo rotation to -0.144805deg	 DONE
06/10/2025 06:08:53:	36	count	time	5.000000s/cts	O Det=0	H Det=1	Mon Det=11599	Aux Det=1	O+H=2	 DONE
06/10/2025 06:08:59:	move motor	S18.axis2.piezo rotation to -0.144745deg	 DONE
06/10/2025 06:09:00:	37	count	time	5.000000s/cts	O Det=1	H Det=2	Mon Det=11487	Aux Det=0	O+H=3	 DONE
06/10/2025 06:09:07:	move motor	S18.axis2.piezo rotation to -0.144685deg	 DONE
06/10/2025 06:09:11:	38	count	time	5.000000s/cts	O Det=0	H Det=0	Mon Det=11529	Aux Det=4	O+H=4	 DONE
06/10/2025 06:09:18:	move motor	S18.axis2.piezo rotation to -0.144625deg	 DONE
06/10/2025 06:09:21:	39	count	time	5.000000s/cts	O Det=1	H Det=1	Mon Det=11570	Aux Det=2	O+H=4	 DONE
06/10/2025 06:09:28:	move motor	S18.axis2.piezo rotation to -0.144565deg	 DONE
06/10/2025 06:09:32:	40	count	time	5.000000s/cts	O Det=0	H Det=3	Mon Det=11490	Aux Det=0	O+H=3	 DONE
06/10/2025 06:09:39:	move motor	S18.axis2.piezo rotation to -0.144505deg	 DONE
06/10/2025 06:09:43:	41	count	time	5.000000s/cts	O Det=0	H Det=2	Mon Det=11698	Aux Det=2	O+H=4	 DONE
06/10/2025 06:09:49:	move motor	S18.axis2.piezo rotation to -0.144445deg	 DONE
06/10/2025 06:09:51:	42	count	time	5.000000s/cts	O Det=0	H Det=2	Mon Det=11638	Aux Det=2	O+H=4	 DONE
06/10/2025 06:09:57:	move motor	S18.axis2.piezo rotation to -0.144385deg	 DONE
06/10/2025 06:09:59:	43	count	time	5.000000s/cts	O Det=0	H Det=1	Mon Det=11485	Aux Det=2	O+H=3	 DONE
06/10/2025 06:10:05:	move motor	S18.axis2.piezo rotation to -0.144325deg	 DONE
06/10/2025 06:10:09:	44	count	time	5.000000s/cts	O Det=1	H Det=1	Mon Det=11675	Aux Det=2	O+H=4	 DONE
06/10/2025 06:10:16:	move motor	S18.axis2.piezo rotation to -0.144265deg	 DONE
06/10/2025 06:10:20:	45	count	time	5.000000s/cts	O Det=0	H Det=0	Mon Det=11650	Aux Det=2	O+H=2	 DONE
06/10/2025 06:10:26:	move motor	S18.axis2.piezo rotation to -0.144205deg	 DONE
06/10/2025 06:10:30:	46	count	time	5.000000s/cts	O Det=0	H Det=0	Mon Det=11667	Aux Det=5	O+H=5	 DONE
06/10/2025 06:10:37:	move motor	S18.axis2.piezo rotation to -0.144145deg	 DONE
06/10/2025 06:10:41:	47	count	time	5.000000s/cts	O Det=0	H Det=1	Mon Det=11720	Aux Det=2	O+H=3	 DONE
06/10/2025 06:10:47:	move motor	S18.axis2.piezo rotation to -0.144085deg	 DONE
06/10/2025 06:10:49:	48	count	time	5.000000s/cts	O Det=0	H Det=1	Mon Det=11493	Aux Det=5	O+H=6	 DONE
06/10/2025 06:10:56:	move motor	S18.axis2.piezo rotation to -0.144025deg	 DONE
06/10/2025 06:10:57:	49	count	time	5.000000s/cts	O Det=2	H Det=1	Mon Det=11482	Aux Det=3	O+H=6	 DONE
06/10/2025 06:11:04:	move motor	S18.axis2.piezo rotation to -0.143965deg	 DONE
06/10/2025 06:11:05:	50	count	time	5.000000s/cts	O Det=1	H Det=1	Mon Det=11704	Aux Det=2	O+H=4	 DONE
06/10/2025 06:11:11:	move motor	S18.axis2.piezo rotation to -0.143905deg	 DONE
06/10/2025 06:11:15:	51	count	time	5.000000s/cts	O Det=0	H Det=1	Mon Det=11659	Aux Det=1	O+H=2	 DONE
06/10/2025 06:11:22:	move motor	S18.axis2.piezo rotation to -0.143845deg	 DONE
06/10/2025 06:11:26:	52	count	time	5.000000s/cts	O Det=0	H Det=0	Mon Det=11502	Aux Det=4	O+H=4	 DONE
06/10/2025 06:11:32:	move motor	S18.axis2.piezo rotation to -0.143785deg	 DONE
06/10/2025 06:11:36:	53	count	time	5.000000s/cts	O Det=0	H Det=2	Mon Det=11391	Aux Det=4	O+H=6	 DONE
06/10/2025 06:11:43:	move motor	S18.axis2.piezo rotation to -0.143725deg	 DONE
06/10/2025 06:11:47:	54	count	time	5.000000s/cts	O Det=0	H Det=2	Mon Det=11400	Aux Det=3	O+H=5	 DONE
06/10/2025 06:11:54:	move motor	S18.axis2.piezo rotation to -0.143665deg	 DONE
06/10/2025 06:11:55:	55	count	time	5.000000s/cts	O Det=0	H Det=1	Mon Det=11608	Aux Det=1	O+H=2	 DONE
06/10/2025 06:12:02:	move motor	S18.axis2.piezo rotation to -0.143605deg	 DONE
06/10/2025 06:12:03:	56	count	time	5.000000s/cts	O Det=0	H Det=0	Mon Det=11686	Aux Det=3	O+H=3	 DONE
06/10/2025 06:12:09:	move motor	S18.axis2.piezo rotation to -0.143545deg	 DONE
06/10/2025 06:12:13:	57	count	time	5.000000s/cts	O Det=0	H Det=1	Mon Det=11670	Aux Det=2	O+H=3	 DONE
06/10/2025 06:12:20:	move motor	S18.axis2.piezo rotation to -0.143485deg	 DONE
06/10/2025 06:12:24:	58	count	time	5.000000s/cts	O Det=0	H Det=2	Mon Det=11632	Aux Det=2	O+H=4	 DONE
06/10/2025 06:12:30:	move motor	S18.axis2.piezo rotation to -0.143425deg	 DONE
06/10/2025 06:12:34:	59	count	time	5.000000s/cts	O Det=2	H Det=2	Mon Det=11510	Aux Det=2	O+H=6	 DONE
06/10/2025 06:12:41:	move motor	S18.axis2.piezo rotation to -0.143365deg	 DONE
06/10/2025 06:12:45:	60	count	time	5.000000s/cts	O Det=2	H Det=1	Mon Det=11600	Aux Det=5	O+H=8	 DONE
06/10/2025 06:12:52:	close file and end scan	 DONE
06/10/2025 06:12:52:	move motor	S18.axis2.piezo rotation to fit SUM PEAK60	NaNreached -0.14335  DONE
06/10/2025 06:12:57:	END OF SCRIPT	 DONE
