16/10/2025 23:42:42:	start execution of script D:\data\Cycle 198\exp_3-16-19\rawdata\sc\rocking.sc	 DONE
16/10/2025 23:42:43:	move motor	S18.axis2.piezo rotation to 0.246170deg	 DONE
16/10/2025 23:42:46:	create file	D:\data\Cycle 198\exp_3-16-19\rawdata\sc\rocking_16Oct2342.dat	 DONE
room to enter remarks DONE
16/10/2025 23:42:47:	move motor	S18.axis2.piezo rotation to 0.346170deg	 DONE
16/10/2025 23:42:50:	1	count	time	3.000000s/cts	O Det=0	H Det=13	Mon Det=7044	Aux Det=25	O+H=38	 DONE
16/10/2025 23:42:55:	move motor	S18.axis2.piezo rotation to 0.346230deg	 DONE
16/10/2025 23:42:56:	2	count	time	3.000000s/cts	O Det=0	H Det=13	Mon Det=7406	Aux Det=19	O+H=32	 DONE
16/10/2025 23:43:00:	move motor	S18.axis2.piezo rotation to 0.346290deg	 DONE
16/10/2025 23:43:02:	3	count	time	3.000000s/cts	O Det=1	H Det=16	Mon Det=7119	Aux Det=33	O+H=50	 DONE
16/10/2025 23:43:06:	move motor	S18.axis2.piezo rotation to 0.346350deg	 DONE
16/10/2025 23:43:07:	4	count	time	3.000000s/cts	O Det=1	H Det=22	Mon Det=7171	Aux Det=30	O+H=53	 DONE
16/10/2025 23:43:12:	move motor	S18.axis2.piezo rotation to 0.346410deg	 DONE
16/10/2025 23:43:13:	5	count	time	3.000000s/cts	O Det=2	H Det=25	Mon Det=7096	Aux Det=28	O+H=55	 DONE
16/10/2025 23:43:18:	move motor	S18.axis2.piezo rotation to 0.346470deg	 DONE
16/10/2025 23:43:19:	6	count	time	3.000000s/cts	O Det=2	H Det=29	Mon Det=7289	Aux Det=45	O+H=76	 DONE
16/10/2025 23:43:24:	move motor	S18.axis2.piezo rotation to 0.346530deg	 DONE
16/10/2025 23:43:25:	7	count	time	3.000000s/cts	O Det=2	H Det=40	Mon Det=7202	Aux Det=33	O+H=75	 DONE
16/10/2025 23:43:30:	move motor	S18.axis2.piezo rotation to 0.346590deg	 DONE
16/10/2025 23:43:31:	8	count	time	3.000000s/cts	O Det=3	H Det=53	Mon Det=7232	Aux Det=55	O+H=111	 DONE
16/10/2025 23:43:36:	move motor	S18.axis2.piezo rotation to 0.346650deg	 DONE
16/10/2025 23:43:37:	9	count	time	3.000000s/cts	O Det=3	H Det=42	Mon Det=7107	Aux Det=51	O+H=96	 DONE
16/10/2025 23:43:42:	move motor	S18.axis2.piezo rotation to 0.346710deg	 DONE
16/10/2025 23:43:43:	10	count	time	3.000000s/cts	O Det=2	H Det=64	Mon Det=7210	Aux Det=77	O+H=143	 DONE
16/10/2025 23:43:47:	move motor	S18.axis2.piezo rotation to 0.346770deg	 DONE
16/10/2025 23:43:48:	11	count	time	3.000000s/cts	O Det=3	H Det=66	Mon Det=7006	Aux Det=84	O+H=153	 DONE
16/10/2025 23:43:53:	move motor	S18.axis2.piezo rotation to 0.346830deg	 DONE
16/10/2025 23:43:54:	12	count	time	3.000000s/cts	O Det=10	H Det=87	Mon Det=7100	Aux Det=93	O+H=190	 DONE
16/10/2025 23:43:59:	move motor	S18.axis2.piezo rotation to 0.346890deg	 DONE
16/10/2025 23:44:00:	13	count	time	3.000000s/cts	O Det=19	H Det=111	Mon Det=7101	Aux Det=131	O+H=261	 DONE
16/10/2025 23:44:05:	move motor	S18.axis2.piezo rotation to 0.346950deg	 DONE
16/10/2025 23:44:06:	14	count	time	3.000000s/cts	O Det=15	H Det=88	Mon Det=7181	Aux Det=151	O+H=254	 DONE
16/10/2025 23:44:10:	move motor	S18.axis2.piezo rotation to 0.347010deg	 DONE
16/10/2025 23:44:11:	15	count	time	3.000000s/cts	O Det=22	H Det=100	Mon Det=7191	Aux Det=122	O+H=244	 DONE
16/10/2025 23:44:16:	move motor	S18.axis2.piezo rotation to 0.347070deg	 DONE
16/10/2025 23:44:17:	16	count	time	3.000000s/cts	O Det=33	H Det=111	Mon Det=7196	Aux Det=184	O+H=328	 DONE
16/10/2025 23:44:22:	move motor	S18.axis2.piezo rotation to 0.347130deg	 DONE
16/10/2025 23:44:23:	17	count	time	3.000000s/cts	O Det=28	H Det=147	Mon Det=7129	Aux Det=204	O+H=379	 DONE
16/10/2025 23:44:28:	move motor	S18.axis2.piezo rotation to 0.347190deg	 DONE
16/10/2025 23:44:29:	18	count	time	3.000000s/cts	O Det=50	H Det=223	Mon Det=7300	Aux Det=204	O+H=477	 DONE
16/10/2025 23:44:33:	move motor	S18.axis2.piezo rotation to 0.347250deg	 DONE
16/10/2025 23:44:34:	19	count	time	3.000000s/cts	O Det=76	H Det=275	Mon Det=7094	Aux Det=229	O+H=580	 DONE
16/10/2025 23:44:39:	move motor	S18.axis2.piezo rotation to 0.347310deg	 DONE
16/10/2025 23:44:40:	20	count	time	3.000000s/cts	O Det=94	H Det=417	Mon Det=7101	Aux Det=265	O+H=776	 DONE
16/10/2025 23:44:45:	move motor	S18.axis2.piezo rotation to 0.347370deg	 DONE
16/10/2025 23:44:46:	21	count	time	3.000000s/cts	O Det=112	H Det=447	Mon Det=7275	Aux Det=339	O+H=898	 DONE
16/10/2025 23:44:51:	move motor	S18.axis2.piezo rotation to 0.347430deg	 DONE
16/10/2025 23:44:52:	22	count	time	3.000000s/cts	O Det=110	H Det=569	Mon Det=7218	Aux Det=476	O+H=1155	 DONE
16/10/2025 23:44:57:	move motor	S18.axis2.piezo rotation to 0.347490deg	 DONE
16/10/2025 23:44:58:	23	count	time	3.000000s/cts	O Det=148	H Det=623	Mon Det=7110	Aux Det=488	O+H=1259	 DONE
16/10/2025 23:45:02:	move motor	S18.axis2.piezo rotation to 0.347550deg	 DONE
16/10/2025 23:45:04:	24	count	time	3.000000s/cts	O Det=133	H Det=667	Mon Det=7215	Aux Det=521	O+H=1321	 DONE
16/10/2025 23:45:08:	move motor	S18.axis2.piezo rotation to 0.347610deg	 DONE
16/10/2025 23:45:09:	25	count	time	3.000000s/cts	O Det=107	H Det=666	Mon Det=7158	Aux Det=512	O+H=1285	 DONE
16/10/2025 23:45:14:	move motor	S18.axis2.piezo rotation to 0.347670deg	 DONE
16/10/2025 23:45:15:	26	count	time	3.000000s/cts	O Det=95	H Det=596	Mon Det=7207	Aux Det=422	O+H=1113	 DONE
16/10/2025 23:45:20:	move motor	S18.axis2.piezo rotation to 0.347730deg	 DONE
16/10/2025 23:45:21:	27	count	time	3.000000s/cts	O Det=115	H Det=504	Mon Det=7156	Aux Det=254	O+H=873	 DONE
16/10/2025 23:45:26:	move motor	S18.axis2.piezo rotation to 0.347790deg	 DONE
16/10/2025 23:45:27:	28	count	time	3.000000s/cts	O Det=89	H Det=357	Mon Det=7243	Aux Det=208	O+H=654	 DONE
16/10/2025 23:45:32:	move motor	S18.axis2.piezo rotation to 0.347850deg	 DONE
16/10/2025 23:45:33:	29	count	time	3.000000s/cts	O Det=69	H Det=326	Mon Det=7087	Aux Det=172	O+H=567	 DONE
16/10/2025 23:45:38:	move motor	S18.axis2.piezo rotation to 0.347910deg	 DONE
16/10/2025 23:45:39:	30	count	time	3.000000s/cts	O Det=65	H Det=206	Mon Det=7423	Aux Det=176	O+H=447	 DONE
16/10/2025 23:45:43:	move motor	S18.axis2.piezo rotation to 0.347970deg	 DONE
16/10/2025 23:45:44:	31	count	time	3.000000s/cts	O Det=41	H Det=175	Mon Det=7019	Aux Det=160	O+H=376	 DONE
16/10/2025 23:45:49:	move motor	S18.axis2.piezo rotation to 0.348030deg	 DONE
16/10/2025 23:45:50:	32	count	time	3.000000s/cts	O Det=25	H Det=127	Mon Det=7181	Aux Det=143	O+H=295	 DONE
16/10/2025 23:45:55:	move motor	S18.axis2.piezo rotation to 0.348090deg	 DONE
16/10/2025 23:45:56:	33	count	time	3.000000s/cts	O Det=22	H Det=104	Mon Det=7217	Aux Det=140	O+H=266	 DONE
16/10/2025 23:46:01:	move motor	S18.axis2.piezo rotation to 0.348150deg	 DONE
16/10/2025 23:46:02:	34	count	time	3.000000s/cts	O Det=6	H Det=86	Mon Det=7016	Aux Det=99	O+H=191	 DONE
16/10/2025 23:46:07:	move motor	S18.axis2.piezo rotation to 0.348210deg	 DONE
16/10/2025 23:46:08:	35	count	time	3.000000s/cts	O Det=4	H Det=60	Mon Det=7290	Aux Det=88	O+H=152	 DONE
16/10/2025 23:46:13:	move motor	S18.axis2.piezo rotation to 0.348270deg	 DONE
16/10/2025 23:46:14:	36	count	time	3.000000s/cts	O Det=3	H Det=57	Mon Det=7110	Aux Det=77	O+H=137	 DONE
16/10/2025 23:46:18:	move motor	S18.axis2.piezo rotation to 0.348330deg	 DONE
16/10/2025 23:46:20:	37	count	time	3.000000s/cts	O Det=4	H Det=54	Mon Det=7167	Aux Det=53	O+H=111	 DONE
16/10/2025 23:46:24:	move motor	S18.axis2.piezo rotation to 0.348390deg	 DONE
16/10/2025 23:46:25:	38	count	time	3.000000s/cts	O Det=4	H Det=44	Mon Det=7129	Aux Det=63	O+H=111	 DONE
16/10/2025 23:46:30:	move motor	S18.axis2.piezo rotation to 0.348450deg	 DONE
16/10/2025 23:46:32:	39	count	time	3.000000s/cts	O Det=0	H Det=30	Mon Det=7303	Aux Det=37	O+H=67	 DONE
16/10/2025 23:46:36:	move motor	S18.axis2.piezo rotation to 0.348510deg	 DONE
16/10/2025 23:46:37:	40	count	time	3.000000s/cts	O Det=0	H Det=42	Mon Det=7215	Aux Det=50	O+H=92	 DONE
16/10/2025 23:46:42:	move motor	S18.axis2.piezo rotation to 0.348570deg	 DONE
16/10/2025 23:46:43:	41	count	time	3.000000s/cts	O Det=1	H Det=22	Mon Det=7049	Aux Det=37	O+H=60	 DONE
16/10/2025 23:46:48:	move motor	S18.axis2.piezo rotation to 0.348630deg	 DONE
16/10/2025 23:46:49:	42	count	time	3.000000s/cts	O Det=1	H Det=24	Mon Det=7137	Aux Det=32	O+H=57	 DONE
16/10/2025 23:46:54:	move motor	S18.axis2.piezo rotation to 0.348690deg	 DONE
16/10/2025 23:46:55:	43	count	time	3.000000s/cts	O Det=0	H Det=26	Mon Det=7277	Aux Det=36	O+H=62	 DONE
16/10/2025 23:47:00:	move motor	S18.axis2.piezo rotation to 0.348750deg	 DONE
16/10/2025 23:47:01:	44	count	time	3.000000s/cts	O Det=0	H Det=22	Mon Det=7116	Aux Det=30	O+H=52	 DONE
16/10/2025 23:47:05:	move motor	S18.axis2.piezo rotation to 0.348810deg	 DONE
16/10/2025 23:47:07:	45	count	time	3.000000s/cts	O Det=1	H Det=13	Mon Det=7310	Aux Det=27	O+H=41	 DONE
16/10/2025 23:47:11:	move motor	S18.axis2.piezo rotation to 0.348870deg	 DONE
16/10/2025 23:47:13:	46	count	time	3.000000s/cts	O Det=0	H Det=28	Mon Det=7012	Aux Det=21	O+H=49	 DONE
16/10/2025 23:47:17:	move motor	S18.axis2.piezo rotation to 0.348930deg	 DONE
16/10/2025 23:47:18:	47	count	time	3.000000s/cts	O Det=0	H Det=12	Mon Det=7188	Aux Det=24	O+H=36	 DONE
16/10/2025 23:47:23:	move motor	S18.axis2.piezo rotation to 0.348990deg	 DONE
16/10/2025 23:47:25:	48	count	time	3.000000s/cts	O Det=1	H Det=16	Mon Det=7177	Aux Det=21	O+H=38	 DONE
16/10/2025 23:47:29:	move motor	S18.axis2.piezo rotation to 0.349050deg	 DONE
16/10/2025 23:47:30:	49	count	time	3.000000s/cts	O Det=0	H Det=7	Mon Det=7105	Aux Det=11	O+H=18	 DONE
16/10/2025 23:47:35:	move motor	S18.axis2.piezo rotation to 0.349110deg	 DONE
16/10/2025 23:47:36:	50	count	time	3.000000s/cts	O Det=0	H Det=15	Mon Det=7203	Aux Det=19	O+H=34	 DONE
16/10/2025 23:47:41:	close file and end scan	 DONE
16/10/2025 23:47:41:	move motor	S18.axis2.piezo rotation to fit SUM PEAK60	0.347547reached 0.34755  DONE
16/10/2025 23:47:44:	END OF SCRIPT	 DONE
