05/10/2025 15:17:31:	start execution of script D:\data\Cycle 198\exp_3-16-19\rawdata\sc\rocking.sc	 DONE
05/10/2025 15:17:31:	move motor	S18.axis2.piezo rotation to -0.246905deg	 DONE
05/10/2025 15:17:35:	create file	D:\data\Cycle 198\exp_3-16-19\rawdata\sc\rocking_05Oct1517.dat	 DONE
room to enter remarks DONE
05/10/2025 15:17:36:	move motor	S18.axis2.piezo rotation to -0.146905deg	 DONE
05/10/2025 15:17:40:	1	count	time	5.000000s/cts	O Det=0	H Det=32	Mon Det=11628	Aux Det=3	O+H=35	 DONE
05/10/2025 15:17:47:	move motor	S18.axis2.piezo rotation to -0.146845deg	 DONE
05/10/2025 15:17:51:	2	count	time	5.000000s/cts	O Det=0	H Det=15	Mon Det=11509	Aux Det=3	O+H=18	 DONE
05/10/2025 15:17:57:	move motor	S18.axis2.piezo rotation to -0.146785deg	 DONE
05/10/2025 15:18:01:	3	count	time	5.000000s/cts	O Det=0	H Det=32	Mon Det=11478	Aux Det=4	O+H=36	 DONE
05/10/2025 15:18:08:	move motor	S18.axis2.piezo rotation to -0.146725deg	 DONE
05/10/2025 15:18:12:	4	count	time	5.000000s/cts	O Det=2	H Det=21	Mon Det=11507	Aux Det=4	O+H=27	 DONE
05/10/2025 15:18:18:	move motor	S18.axis2.piezo rotation to -0.146665deg	 DONE
05/10/2025 15:18:20:	5	count	time	5.000000s/cts	O Det=1	H Det=10	Mon Det=11444	Aux Det=3	O+H=14	 DONE
05/10/2025 15:18:27:	move motor	S18.axis2.piezo rotation to -0.146605deg	 DONE
05/10/2025 15:18:29:	6	count	time	5.000000s/cts	O Det=3	H Det=37	Mon Det=11573	Aux Det=2	O+H=42	 DONE
05/10/2025 15:18:35:	move motor	S18.axis2.piezo rotation to -0.146545deg	 DONE
05/10/2025 15:18:39:	7	count	time	5.000000s/cts	O Det=0	H Det=27	Mon Det=11499	Aux Det=4	O+H=31	 DONE
05/10/2025 15:18:46:	move motor	S18.axis2.piezo rotation to -0.146485deg	 DONE
05/10/2025 15:18:50:	8	count	time	5.000000s/cts	O Det=0	H Det=35	Mon Det=11435	Aux Det=3	O+H=38	 DONE
05/10/2025 15:18:56:	move motor	S18.axis2.piezo rotation to -0.146425deg	 DONE
05/10/2025 15:19:00:	9	count	time	5.000000s/cts	O Det=4	H Det=50	Mon Det=11446	Aux Det=6	O+H=60	 DONE
05/10/2025 15:19:07:	move motor	S18.axis2.piezo rotation to -0.146365deg	 DONE
05/10/2025 15:19:11:	10	count	time	5.000000s/cts	O Det=2	H Det=38	Mon Det=11370	Aux Det=5	O+H=45	 DONE
05/10/2025 15:19:17:	move motor	S18.axis2.piezo rotation to -0.146305deg	 DONE
05/10/2025 15:19:19:	11	count	time	5.000000s/cts	O Det=2	H Det=42	Mon Det=11582	Aux Det=4	O+H=48	 DONE
05/10/2025 15:19:25:	move motor	S18.axis2.piezo rotation to -0.146245deg	 DONE
05/10/2025 15:19:27:	12	count	time	5.000000s/cts	O Det=0	H Det=56	Mon Det=11524	Aux Det=1	O+H=57	 DONE
05/10/2025 15:19:34:	move motor	S18.axis2.piezo rotation to -0.146185deg	 DONE
05/10/2025 15:19:35:	13	count	time	5.000000s/cts	O Det=1	H Det=55	Mon Det=11587	Aux Det=2	O+H=58	 DONE
05/10/2025 15:19:41:	move motor	S18.axis2.piezo rotation to -0.146125deg	 DONE
05/10/2025 15:19:45:	14	count	time	5.000000s/cts	O Det=6	H Det=58	Mon Det=11589	Aux Det=2	O+H=66	 DONE
05/10/2025 15:19:52:	move motor	S18.axis2.piezo rotation to -0.146065deg	 DONE
05/10/2025 15:19:56:	15	count	time	5.000000s/cts	O Det=3	H Det=84	Mon Det=11679	Aux Det=8	O+H=95	 DONE
05/10/2025 15:20:02:	move motor	S18.axis2.piezo rotation to -0.146005deg	 DONE
05/10/2025 15:20:06:	16	count	time	5.000000s/cts	O Det=3	H Det=113	Mon Det=11628	Aux Det=3	O+H=119	 DONE
05/10/2025 15:20:13:	move motor	S18.axis2.piezo rotation to -0.145945deg	 DONE
05/10/2025 15:20:17:	17	count	time	5.000000s/cts	O Det=4	H Det=120	Mon Det=11531	Aux Det=5	O+H=129	 DONE
05/10/2025 15:20:23:	move motor	S18.axis2.piezo rotation to -0.145885deg	 DONE
05/10/2025 15:20:25:	18	count	time	5.000000s/cts	O Det=15	H Det=152	Mon Det=11757	Aux Det=27	O+H=194	 DONE
05/10/2025 15:20:31:	move motor	S18.axis2.piezo rotation to -0.145825deg	 DONE
05/10/2025 15:20:32:	19	count	time	5.000000s/cts	O Det=20	H Det=207	Mon Det=11542	Aux Det=33	O+H=260	 DONE
05/10/2025 15:20:39:	move motor	S18.axis2.piezo rotation to -0.145765deg	 DONE
05/10/2025 15:20:43:	20	count	time	5.000000s/cts	O Det=25	H Det=170	Mon Det=11495	Aux Det=19	O+H=214	 DONE
05/10/2025 15:20:50:	move motor	S18.axis2.piezo rotation to -0.145705deg	 DONE
05/10/2025 15:20:53:	21	count	time	5.000000s/cts	O Det=37	H Det=212	Mon Det=11522	Aux Det=12	O+H=261	 DONE
05/10/2025 15:21:00:	move motor	S18.axis2.piezo rotation to -0.145645deg	 DONE
05/10/2025 15:21:04:	22	count	time	5.000000s/cts	O Det=58	H Det=232	Mon Det=11534	Aux Det=18	O+H=308	 DONE
05/10/2025 15:21:11:	move motor	S18.axis2.piezo rotation to -0.145585deg	 DONE
05/10/2025 15:21:14:	23	count	time	5.000000s/cts	O Det=100	H Det=230	Mon Det=11573	Aux Det=39	O+H=369	 DONE
05/10/2025 15:21:21:	move motor	S18.axis2.piezo rotation to -0.145525deg	 DONE
05/10/2025 15:21:22:	24	count	time	5.000000s/cts	O Det=167	H Det=292	Mon Det=11513	Aux Det=85	O+H=544	 DONE
05/10/2025 15:21:29:	move motor	S18.axis2.piezo rotation to -0.145465deg	 DONE
05/10/2025 15:21:30:	25	count	time	5.000000s/cts	O Det=199	H Det=336	Mon Det=11507	Aux Det=177	O+H=712	 DONE
05/10/2025 15:21:36:	move motor	S18.axis2.piezo rotation to -0.145405deg	 DONE
05/10/2025 15:21:40:	26	count	time	5.000000s/cts	O Det=290	H Det=300	Mon Det=11400	Aux Det=270	O+H=860	 DONE
05/10/2025 15:21:47:	move motor	S18.axis2.piezo rotation to -0.145345deg	 DONE
05/10/2025 15:21:51:	27	count	time	5.000000s/cts	O Det=326	H Det=334	Mon Det=11620	Aux Det=412	O+H=1072	 DONE
05/10/2025 15:21:58:	move motor	S18.axis2.piezo rotation to -0.145285deg	 DONE
05/10/2025 15:22:01:	28	count	time	5.000000s/cts	O Det=381	H Det=335	Mon Det=11493	Aux Det=545	O+H=1261	 DONE
05/10/2025 15:22:08:	move motor	S18.axis2.piezo rotation to -0.145225deg	 DONE
05/10/2025 15:22:12:	29	count	time	5.000000s/cts	O Det=438	H Det=316	Mon Det=11559	Aux Det=595	O+H=1349	 DONE
05/10/2025 15:22:18:	move motor	S18.axis2.piezo rotation to -0.145165deg	 DONE
05/10/2025 15:22:20:	30	count	time	5.000000s/cts	O Det=409	H Det=334	Mon Det=11197	Aux Det=650	O+H=1393	 DONE
05/10/2025 15:22:27:	move motor	S18.axis2.piezo rotation to -0.145105deg	 DONE
05/10/2025 15:22:28:	31	count	time	5.000000s/cts	O Det=429	H Det=288	Mon Det=11537	Aux Det=625	O+H=1342	 DONE
05/10/2025 15:22:34:	move motor	S18.axis2.piezo rotation to -0.145045deg	 DONE
05/10/2025 15:22:38:	32	count	time	5.000000s/cts	O Det=395	H Det=304	Mon Det=11512	Aux Det=538	O+H=1237	 DONE
05/10/2025 15:22:45:	move motor	S18.axis2.piezo rotation to -0.144985deg	 DONE
05/10/2025 15:22:48:	33	count	time	5.000000s/cts	O Det=363	H Det=297	Mon Det=11649	Aux Det=423	O+H=1083	 DONE
05/10/2025 15:22:55:	move motor	S18.axis2.piezo rotation to -0.144925deg	 DONE
05/10/2025 15:22:59:	34	count	time	5.000000s/cts	O Det=302	H Det=267	Mon Det=11670	Aux Det=310	O+H=879	 DONE
05/10/2025 15:23:06:	move motor	S18.axis2.piezo rotation to -0.144865deg	 DONE
05/10/2025 15:23:09:	35	count	time	5.000000s/cts	O Det=229	H Det=284	Mon Det=11453	Aux Det=230	O+H=743	 DONE
05/10/2025 15:23:16:	move motor	S18.axis2.piezo rotation to -0.144805deg	 DONE
05/10/2025 15:23:17:	36	count	time	5.000000s/cts	O Det=182	H Det=239	Mon Det=11670	Aux Det=130	O+H=551	 DONE
05/10/2025 15:23:24:	move motor	S18.axis2.piezo rotation to -0.144745deg	 DONE
05/10/2025 15:23:25:	37	count	time	5.000000s/cts	O Det=122	H Det=219	Mon Det=11704	Aux Det=57	O+H=398	 DONE
05/10/2025 15:23:32:	move motor	S18.axis2.piezo rotation to -0.144685deg	 DONE
05/10/2025 15:23:36:	38	count	time	5.000000s/cts	O Det=76	H Det=199	Mon Det=11439	Aux Det=31	O+H=306	 DONE
05/10/2025 15:23:42:	move motor	S18.axis2.piezo rotation to -0.144625deg	 DONE
05/10/2025 15:23:46:	39	count	time	5.000000s/cts	O Det=49	H Det=190	Mon Det=11433	Aux Det=9	O+H=248	 DONE
05/10/2025 15:23:53:	move motor	S18.axis2.piezo rotation to -0.144565deg	 DONE
05/10/2025 15:23:56:	40	count	time	5.000000s/cts	O Det=34	H Det=159	Mon Det=11499	Aux Det=5	O+H=198	 DONE
05/10/2025 15:24:03:	move motor	S18.axis2.piezo rotation to -0.144505deg	 DONE
05/10/2025 15:24:07:	41	count	time	5.000000s/cts	O Det=17	H Det=150	Mon Det=11724	Aux Det=4	O+H=171	 DONE
05/10/2025 15:24:14:	move motor	S18.axis2.piezo rotation to -0.144445deg	 DONE
05/10/2025 15:24:15:	42	count	time	5.000000s/cts	O Det=16	H Det=115	Mon Det=11525	Aux Det=4	O+H=135	 DONE
05/10/2025 15:24:22:	move motor	S18.axis2.piezo rotation to -0.144385deg	 DONE
05/10/2025 15:24:23:	43	count	time	5.000000s/cts	O Det=8	H Det=106	Mon Det=11676	Aux Det=4	O+H=118	 DONE
05/10/2025 15:24:29:	move motor	S18.axis2.piezo rotation to -0.144325deg	 DONE
05/10/2025 15:24:33:	44	count	time	5.000000s/cts	O Det=10	H Det=99	Mon Det=11707	Aux Det=3	O+H=112	 DONE
05/10/2025 15:24:40:	move motor	S18.axis2.piezo rotation to -0.144265deg	 DONE
05/10/2025 15:24:44:	45	count	time	5.000000s/cts	O Det=8	H Det=94	Mon Det=11557	Aux Det=5	O+H=107	 DONE
05/10/2025 15:24:50:	move motor	S18.axis2.piezo rotation to -0.144205deg	 DONE
05/10/2025 15:24:54:	46	count	time	5.000000s/cts	O Det=4	H Det=66	Mon Det=11377	Aux Det=3	O+H=73	 DONE
05/10/2025 15:25:01:	move motor	S18.axis2.piezo rotation to -0.144145deg	 DONE
05/10/2025 15:25:05:	47	count	time	5.000000s/cts	O Det=7	H Det=64	Mon Det=11611	Aux Det=7	O+H=78	 DONE
05/10/2025 15:25:11:	move motor	S18.axis2.piezo rotation to -0.144085deg	 DONE
05/10/2025 15:25:13:	48	count	time	5.000000s/cts	O Det=3	H Det=60	Mon Det=11687	Aux Det=3	O+H=66	 DONE
05/10/2025 15:25:19:	move motor	S18.axis2.piezo rotation to -0.144025deg	 DONE
05/10/2025 15:25:20:	49	count	time	5.000000s/cts	O Det=2	H Det=58	Mon Det=11608	Aux Det=4	O+H=64	 DONE
05/10/2025 15:25:27:	move motor	S18.axis2.piezo rotation to -0.143965deg	 DONE
05/10/2025 15:25:28:	50	count	time	5.000000s/cts	O Det=1	H Det=39	Mon Det=11640	Aux Det=6	O+H=46	 DONE
05/10/2025 15:25:35:	move motor	S18.axis2.piezo rotation to -0.143905deg	 DONE
05/10/2025 15:25:38:	51	count	time	5.000000s/cts	O Det=2	H Det=53	Mon Det=11481	Aux Det=1	O+H=56	 DONE
05/10/2025 15:25:45:	move motor	S18.axis2.piezo rotation to -0.143845deg	 DONE
05/10/2025 15:25:49:	52	count	time	5.000000s/cts	O Det=0	H Det=29	Mon Det=11560	Aux Det=2	O+H=31	 DONE
05/10/2025 15:25:56:	move motor	S18.axis2.piezo rotation to -0.143785deg	 DONE
05/10/2025 15:25:59:	53	count	time	5.000000s/cts	O Det=0	H Det=33	Mon Det=11568	Aux Det=4	O+H=37	 DONE
05/10/2025 15:26:06:	move motor	S18.axis2.piezo rotation to -0.143725deg	 DONE
05/10/2025 15:26:10:	54	count	time	5.000000s/cts	O Det=1	H Det=37	Mon Det=11498	Aux Det=3	O+H=41	 DONE
05/10/2025 15:26:17:	move motor	S18.axis2.piezo rotation to -0.143665deg	 DONE
05/10/2025 15:26:18:	55	count	time	5.000000s/cts	O Det=1	H Det=27	Mon Det=11599	Aux Det=3	O+H=31	 DONE
05/10/2025 15:26:24:	move motor	S18.axis2.piezo rotation to -0.143605deg	 DONE
05/10/2025 15:26:25:	56	count	time	5.000000s/cts	O Det=1	H Det=37	Mon Det=11536	Aux Det=3	O+H=41	 DONE
05/10/2025 15:26:32:	move motor	S18.axis2.piezo rotation to -0.143545deg	 DONE
05/10/2025 15:26:36:	57	count	time	5.000000s/cts	O Det=2	H Det=20	Mon Det=11683	Aux Det=6	O+H=28	 DONE
05/10/2025 15:26:43:	move motor	S18.axis2.piezo rotation to -0.143485deg	 DONE
05/10/2025 15:26:46:	58	count	time	5.000000s/cts	O Det=0	H Det=29	Mon Det=11603	Aux Det=6	O+H=35	 DONE
05/10/2025 15:26:53:	move motor	S18.axis2.piezo rotation to -0.143425deg	 DONE
05/10/2025 15:26:57:	59	count	time	5.000000s/cts	O Det=1	H Det=22	Mon Det=11609	Aux Det=2	O+H=25	 DONE
05/10/2025 15:27:04:	move motor	S18.axis2.piezo rotation to -0.143365deg	 DONE
05/10/2025 15:27:07:	60	count	time	5.000000s/cts	O Det=0	H Det=19	Mon Det=11564	Aux Det=2	O+H=21	 DONE
05/10/2025 15:27:14:	close file and end scan	 DONE
05/10/2025 15:27:15:	move motor	S18.axis2.piezo rotation to fit SUM PEAK60	-0.145163reached -0.14516  DONE
05/10/2025 15:27:18:	END OF SCRIPT	 DONE
