07/10/2025 22:24:43:	start execution of script D:\data\Cycle 198\exp_3-16-19\rawdata\sc\rocking.sc	 DONE
07/10/2025 22:24:43:	move motor	S18.axis2.piezo rotation to 0.245826deg	 DONE
07/10/2025 22:24:47:	create file	D:\data\Cycle 198\exp_3-16-19\rawdata\sc\rocking_07Oct2224.dat	 DONE
room to enter remarks DONE
07/10/2025 22:24:48:	move motor	S18.axis2.piezo rotation to 0.345826deg	 DONE
07/10/2025 22:24:52:	1	count	time	5.000000s/cts	O Det=1	H Det=30	Mon Det=15285	Aux Det=24	O+H=55	 DONE
07/10/2025 22:24:58:	move motor	S18.axis2.piezo rotation to 0.345886deg	 DONE
07/10/2025 22:25:00:	2	count	time	5.000000s/cts	O Det=2	H Det=31	Mon Det=15212	Aux Det=35	O+H=68	 DONE
07/10/2025 22:25:07:	move motor	S18.axis2.piezo rotation to 0.345946deg	 DONE
07/10/2025 22:25:08:	3	count	time	5.000000s/cts	O Det=3	H Det=30	Mon Det=15237	Aux Det=36	O+H=69	 DONE
07/10/2025 22:25:15:	move motor	S18.axis2.piezo rotation to 0.346006deg	 DONE
07/10/2025 22:25:16:	4	count	time	5.000000s/cts	O Det=3	H Det=24	Mon Det=15240	Aux Det=37	O+H=64	 DONE
07/10/2025 22:25:23:	move motor	S18.axis2.piezo rotation to 0.346066deg	 DONE
07/10/2025 22:25:24:	5	count	time	5.000000s/cts	O Det=2	H Det=38	Mon Det=15272	Aux Det=37	O+H=77	 DONE
07/10/2025 22:25:31:	move motor	S18.axis2.piezo rotation to 0.346126deg	 DONE
07/10/2025 22:25:32:	6	count	time	5.000000s/cts	O Det=0	H Det=43	Mon Det=15211	Aux Det=43	O+H=86	 DONE
07/10/2025 22:25:39:	move motor	S18.axis2.piezo rotation to 0.346186deg	 DONE
07/10/2025 22:25:40:	7	count	time	5.000000s/cts	O Det=1	H Det=35	Mon Det=15307	Aux Det=53	O+H=89	 DONE
07/10/2025 22:25:47:	move motor	S18.axis2.piezo rotation to 0.346246deg	 DONE
07/10/2025 22:25:48:	8	count	time	5.000000s/cts	O Det=2	H Det=41	Mon Det=15471	Aux Det=45	O+H=88	 DONE
07/10/2025 22:25:54:	move motor	S18.axis2.piezo rotation to 0.346306deg	 DONE
07/10/2025 22:25:56:	9	count	time	5.000000s/cts	O Det=0	H Det=40	Mon Det=15240	Aux Det=76	O+H=116	 DONE
07/10/2025 22:26:02:	move motor	S18.axis2.piezo rotation to 0.346366deg	 DONE
07/10/2025 22:26:04:	10	count	time	5.000000s/cts	O Det=3	H Det=54	Mon Det=15238	Aux Det=57	O+H=114	 DONE
07/10/2025 22:26:10:	move motor	S18.axis2.piezo rotation to 0.346426deg	 DONE
07/10/2025 22:26:12:	11	count	time	5.000000s/cts	O Det=3	H Det=57	Mon Det=15276	Aux Det=66	O+H=126	 DONE
07/10/2025 22:26:18:	move motor	S18.axis2.piezo rotation to 0.346486deg	 DONE
07/10/2025 22:26:20:	12	count	time	5.000000s/cts	O Det=6	H Det=61	Mon Det=15494	Aux Det=87	O+H=154	 DONE
07/10/2025 22:26:26:	move motor	S18.axis2.piezo rotation to 0.346546deg	 DONE
07/10/2025 22:26:28:	13	count	time	5.000000s/cts	O Det=4	H Det=72	Mon Det=15475	Aux Det=85	O+H=161	 DONE
07/10/2025 22:26:34:	move motor	S18.axis2.piezo rotation to 0.346606deg	 DONE
07/10/2025 22:26:36:	14	count	time	5.000000s/cts	O Det=6	H Det=78	Mon Det=15378	Aux Det=92	O+H=176	 DONE
07/10/2025 22:26:42:	move motor	S18.axis2.piezo rotation to 0.346666deg	 DONE
07/10/2025 22:26:44:	15	count	time	5.000000s/cts	O Det=11	H Det=105	Mon Det=15408	Aux Det=118	O+H=234	 DONE
07/10/2025 22:26:50:	move motor	S18.axis2.piezo rotation to 0.346726deg	 DONE
07/10/2025 22:26:51:	16	count	time	5.000000s/cts	O Det=11	H Det=100	Mon Det=15409	Aux Det=161	O+H=272	 DONE
07/10/2025 22:26:58:	move motor	S18.axis2.piezo rotation to 0.346786deg	 DONE
07/10/2025 22:26:59:	17	count	time	5.000000s/cts	O Det=21	H Det=144	Mon Det=15135	Aux Det=177	O+H=342	 DONE
07/10/2025 22:27:06:	move motor	S18.axis2.piezo rotation to 0.346846deg	 DONE
07/10/2025 22:27:07:	18	count	time	5.000000s/cts	O Det=34	H Det=172	Mon Det=15284	Aux Det=300	O+H=506	 DONE
07/10/2025 22:27:14:	move motor	S18.axis2.piezo rotation to 0.346906deg	 DONE
07/10/2025 22:27:15:	19	count	time	5.000000s/cts	O Det=34	H Det=192	Mon Det=15367	Aux Det=227	O+H=453	 DONE
07/10/2025 22:27:21:	move motor	S18.axis2.piezo rotation to 0.346966deg	 DONE
07/10/2025 22:27:23:	20	count	time	5.000000s/cts	O Det=17	H Det=167	Mon Det=15486	Aux Det=257	O+H=441	 DONE
07/10/2025 22:27:29:	move motor	S18.axis2.piezo rotation to 0.347026deg	 DONE
07/10/2025 22:27:31:	21	count	time	5.000000s/cts	O Det=43	H Det=222	Mon Det=15220	Aux Det=299	O+H=564	 DONE
07/10/2025 22:27:37:	move motor	S18.axis2.piezo rotation to 0.347086deg	 DONE
07/10/2025 22:27:38:	22	count	time	5.000000s/cts	O Det=52	H Det=296	Mon Det=15598	Aux Det=359	O+H=707	 DONE
07/10/2025 22:27:45:	move motor	S18.axis2.piezo rotation to 0.347146deg	 DONE
07/10/2025 22:27:46:	23	count	time	5.000000s/cts	O Det=89	H Det=294	Mon Det=15235	Aux Det=458	O+H=841	 DONE
07/10/2025 22:27:53:	move motor	S18.axis2.piezo rotation to 0.347206deg	 DONE
07/10/2025 22:27:55:	24	count	time	5.000000s/cts	O Det=151	H Det=345	Mon Det=15282	Aux Det=665	O+H=1161	 DONE
07/10/2025 22:28:01:	move motor	S18.axis2.piezo rotation to 0.347266deg	 DONE
07/10/2025 22:28:03:	25	count	time	5.000000s/cts	O Det=196	H Det=376	Mon Det=15436	Aux Det=852	O+H=1424	 DONE
07/10/2025 22:28:09:	move motor	S18.axis2.piezo rotation to 0.347326deg	 DONE
07/10/2025 22:28:11:	26	count	time	5.000000s/cts	O Det=276	H Det=413	Mon Det=15319	Aux Det=1376	O+H=2065	 DONE
07/10/2025 22:28:18:	move motor	S18.axis2.piezo rotation to 0.347386deg	 DONE
07/10/2025 22:28:19:	27	count	time	5.000000s/cts	O Det=342	H Det=435	Mon Det=15356	Aux Det=1571	O+H=2348	 DONE
07/10/2025 22:28:26:	move motor	S18.axis2.piezo rotation to 0.347446deg	 DONE
07/10/2025 22:28:27:	28	count	time	5.000000s/cts	O Det=433	H Det=413	Mon Det=15399	Aux Det=2001	O+H=2847	 DONE
07/10/2025 22:28:34:	move motor	S18.axis2.piezo rotation to 0.347506deg	 DONE
07/10/2025 22:28:35:	29	count	time	5.000000s/cts	O Det=470	H Det=433	Mon Det=15255	Aux Det=2098	O+H=3001	 DONE
07/10/2025 22:28:42:	move motor	S18.axis2.piezo rotation to 0.347566deg	 DONE
07/10/2025 22:28:43:	30	count	time	5.000000s/cts	O Det=487	H Det=473	Mon Det=15266	Aux Det=2040	O+H=3000	 DONE
07/10/2025 22:28:49:	move motor	S18.axis2.piezo rotation to 0.347626deg	 DONE
07/10/2025 22:28:51:	31	count	time	5.000000s/cts	O Det=428	H Det=467	Mon Det=15394	Aux Det=1786	O+H=2681	 DONE
07/10/2025 22:28:57:	move motor	S18.axis2.piezo rotation to 0.347686deg	 DONE
07/10/2025 22:28:58:	32	count	time	5.000000s/cts	O Det=313	H Det=444	Mon Det=15292	Aux Det=1414	O+H=2171	 DONE
07/10/2025 22:29:05:	move motor	S18.axis2.piezo rotation to 0.347746deg	 DONE
07/10/2025 22:29:06:	33	count	time	5.000000s/cts	O Det=237	H Det=436	Mon Det=15402	Aux Det=914	O+H=1587	 DONE
07/10/2025 22:29:13:	move motor	S18.axis2.piezo rotation to 0.347806deg	 DONE
07/10/2025 22:29:14:	34	count	time	5.000000s/cts	O Det=167	H Det=377	Mon Det=15411	Aux Det=665	O+H=1209	 DONE
07/10/2025 22:29:21:	move motor	S18.axis2.piezo rotation to 0.347866deg	 DONE
07/10/2025 22:29:22:	35	count	time	5.000000s/cts	O Det=84	H Det=344	Mon Det=15454	Aux Det=491	O+H=919	 DONE
07/10/2025 22:29:29:	move motor	S18.axis2.piezo rotation to 0.347926deg	 DONE
07/10/2025 22:29:30:	36	count	time	5.000000s/cts	O Det=42	H Det=317	Mon Det=15497	Aux Det=415	O+H=774	 DONE
07/10/2025 22:29:37:	move motor	S18.axis2.piezo rotation to 0.347986deg	 DONE
07/10/2025 22:29:38:	37	count	time	5.000000s/cts	O Det=33	H Det=260	Mon Det=15447	Aux Det=295	O+H=588	 DONE
07/10/2025 22:29:45:	move motor	S18.axis2.piezo rotation to 0.348046deg	 DONE
07/10/2025 22:29:47:	38	count	time	5.000000s/cts	O Det=23	H Det=205	Mon Det=15403	Aux Det=241	O+H=469	 DONE
07/10/2025 22:29:53:	move motor	S18.axis2.piezo rotation to 0.348106deg	 DONE
07/10/2025 22:29:55:	39	count	time	5.000000s/cts	O Det=19	H Det=159	Mon Det=15238	Aux Det=198	O+H=376	 DONE
07/10/2025 22:30:01:	move motor	S18.axis2.piezo rotation to 0.348166deg	 DONE
07/10/2025 22:30:03:	40	count	time	5.000000s/cts	O Det=11	H Det=140	Mon Det=15240	Aux Det=171	O+H=322	 DONE
07/10/2025 22:30:09:	move motor	S18.axis2.piezo rotation to 0.348226deg	 DONE
07/10/2025 22:30:11:	41	count	time	5.000000s/cts	O Det=10	H Det=91	Mon Det=15080	Aux Det=146	O+H=247	 DONE
07/10/2025 22:30:17:	move motor	S18.axis2.piezo rotation to 0.348286deg	 DONE
07/10/2025 22:30:18:	42	count	time	5.000000s/cts	O Det=5	H Det=107	Mon Det=15549	Aux Det=123	O+H=235	 DONE
07/10/2025 22:30:25:	move motor	S18.axis2.piezo rotation to 0.348346deg	 DONE
07/10/2025 22:30:26:	43	count	time	5.000000s/cts	O Det=5	H Det=89	Mon Det=15386	Aux Det=114	O+H=208	 DONE
07/10/2025 22:30:33:	move motor	S18.axis2.piezo rotation to 0.348406deg	 DONE
07/10/2025 22:30:34:	44	count	time	5.000000s/cts	O Det=3	H Det=77	Mon Det=15264	Aux Det=107	O+H=187	 DONE
07/10/2025 22:30:41:	move motor	S18.axis2.piezo rotation to 0.348466deg	 DONE
07/10/2025 22:30:42:	45	count	time	5.000000s/cts	O Det=1	H Det=53	Mon Det=15327	Aux Det=75	O+H=129	 DONE
07/10/2025 22:30:49:	move motor	S18.axis2.piezo rotation to 0.348526deg	 DONE
07/10/2025 22:30:50:	46	count	time	5.000000s/cts	O Det=3	H Det=69	Mon Det=15158	Aux Det=94	O+H=166	 DONE
07/10/2025 22:30:57:	move motor	S18.axis2.piezo rotation to 0.348586deg	 DONE
07/10/2025 22:30:58:	47	count	time	5.000000s/cts	O Det=1	H Det=60	Mon Det=15564	Aux Det=46	O+H=107	 DONE
07/10/2025 22:31:05:	move motor	S18.axis2.piezo rotation to 0.348646deg	 DONE
07/10/2025 22:31:06:	48	count	time	5.000000s/cts	O Det=3	H Det=40	Mon Det=15405	Aux Det=58	O+H=101	 DONE
07/10/2025 22:31:13:	move motor	S18.axis2.piezo rotation to 0.348706deg	 DONE
07/10/2025 22:31:15:	49	count	time	5.000000s/cts	O Det=2	H Det=45	Mon Det=15274	Aux Det=54	O+H=101	 DONE
07/10/2025 22:31:21:	move motor	S18.axis2.piezo rotation to 0.348766deg	 DONE
07/10/2025 22:31:22:	50	count	time	5.000000s/cts	O Det=1	H Det=44	Mon Det=15117	Aux Det=50	O+H=95	 DONE
07/10/2025 22:31:29:	move motor	S18.axis2.piezo rotation to 0.348826deg	 DONE
07/10/2025 22:31:30:	51	count	time	5.000000s/cts	O Det=0	H Det=35	Mon Det=15331	Aux Det=59	O+H=94	 DONE
07/10/2025 22:31:37:	move motor	S18.axis2.piezo rotation to 0.348886deg	 DONE
07/10/2025 22:31:38:	52	count	time	5.000000s/cts	O Det=0	H Det=31	Mon Det=15554	Aux Det=45	O+H=76	 DONE
07/10/2025 22:31:45:	move motor	S18.axis2.piezo rotation to 0.348946deg	 DONE
07/10/2025 22:31:46:	53	count	time	5.000000s/cts	O Det=1	H Det=26	Mon Det=15502	Aux Det=39	O+H=66	 DONE
07/10/2025 22:31:53:	move motor	S18.axis2.piezo rotation to 0.349006deg	 DONE
07/10/2025 22:31:54:	54	count	time	5.000000s/cts	O Det=1	H Det=25	Mon Det=15499	Aux Det=34	O+H=60	 DONE
07/10/2025 22:32:01:	move motor	S18.axis2.piezo rotation to 0.349066deg	 DONE
07/10/2025 22:32:02:	55	count	time	5.000000s/cts	O Det=1	H Det=33	Mon Det=15326	Aux Det=38	O+H=72	 DONE
07/10/2025 22:32:09:	move motor	S18.axis2.piezo rotation to 0.349126deg	 DONE
07/10/2025 22:32:10:	56	count	time	5.000000s/cts	O Det=1	H Det=22	Mon Det=15176	Aux Det=34	O+H=57	 DONE
07/10/2025 22:32:17:	move motor	S18.axis2.piezo rotation to 0.349186deg	 DONE
07/10/2025 22:32:18:	57	count	time	5.000000s/cts	O Det=0	H Det=25	Mon Det=15311	Aux Det=39	O+H=64	 DONE
07/10/2025 22:32:25:	move motor	S18.axis2.piezo rotation to 0.349246deg	 DONE
07/10/2025 22:32:26:	58	count	time	5.000000s/cts	O Det=2	H Det=23	Mon Det=15363	Aux Det=26	O+H=51	 DONE
07/10/2025 22:32:33:	move motor	S18.axis2.piezo rotation to 0.349306deg	 DONE
07/10/2025 22:32:34:	59	count	time	5.000000s/cts	O Det=0	H Det=18	Mon Det=15511	Aux Det=28	O+H=46	 DONE
07/10/2025 22:32:41:	move motor	S18.axis2.piezo rotation to 0.349366deg	 DONE
07/10/2025 22:32:42:	60	count	time	5.000000s/cts	O Det=1	H Det=19	Mon Det=15451	Aux Det=18	O+H=38	 DONE
07/10/2025 22:32:49:	close file and end scan	 DONE
07/10/2025 22:32:49:	move motor	S18.axis2.piezo rotation to fit SUM PEAK60	0.347524reached 0.34753  DONE
07/10/2025 22:32:54:	END OF SCRIPT	 DONE
