03/10/2025 13:48:57:	start execution of script D:\data\Cycle 198\exp_3-16-19\rawdata\sc\rocking.sc	 DONE
03/10/2025 13:48:57:	move motor	S18.axis2.piezo rotation to -0.246770deg	 DONE
03/10/2025 13:49:01:	create file	D:\data\Cycle 198\exp_3-16-19\rawdata\sc\rocking_03Oct1349.dat	 DONE
room to enter remarks DONE
03/10/2025 13:49:02:	move motor	S18.axis2.piezo rotation to -0.146770deg	 DONE
03/10/2025 13:49:05:	1	count	time	5.000000s/cts	O Det=1	H Det=21	Mon Det=11394	Aux Det=26	O+H=48	 DONE
03/10/2025 13:49:12:	move motor	S18.axis2.piezo rotation to -0.146710deg	 DONE
03/10/2025 13:49:15:	2	count	time	5.000000s/cts	O Det=2	H Det=25	Mon Det=11307	Aux Det=26	O+H=53	 DONE
03/10/2025 13:49:21:	move motor	S18.axis2.piezo rotation to -0.146650deg	 DONE
03/10/2025 13:49:22:	3	count	time	5.000000s/cts	O Det=2	H Det=23	Mon Det=11526	Aux Det=41	O+H=66	 DONE
03/10/2025 13:49:29:	move motor	S18.axis2.piezo rotation to -0.146590deg	 DONE
03/10/2025 13:49:30:	4	count	time	5.000000s/cts	O Det=1	H Det=29	Mon Det=11479	Aux Det=26	O+H=56	 DONE
03/10/2025 13:49:37:	move motor	S18.axis2.piezo rotation to -0.146530deg	 DONE
03/10/2025 13:49:38:	5	count	time	5.000000s/cts	O Det=0	H Det=34	Mon Det=11724	Aux Det=39	O+H=73	 DONE
03/10/2025 13:49:45:	move motor	S18.axis2.piezo rotation to -0.146470deg	 DONE
03/10/2025 13:49:46:	6	count	time	5.000000s/cts	O Det=0	H Det=36	Mon Det=11563	Aux Det=42	O+H=78	 DONE
03/10/2025 13:49:53:	move motor	S18.axis2.piezo rotation to -0.146410deg	 DONE
03/10/2025 13:49:54:	7	count	time	5.000000s/cts	O Det=3	H Det=35	Mon Det=11392	Aux Det=31	O+H=69	 DONE
03/10/2025 13:50:00:	move motor	S18.axis2.piezo rotation to -0.146350deg	 DONE
03/10/2025 13:50:02:	8	count	time	5.000000s/cts	O Det=3	H Det=39	Mon Det=11499	Aux Det=51	O+H=93	 DONE
03/10/2025 13:50:08:	move motor	S18.axis2.piezo rotation to -0.146290deg	 DONE
03/10/2025 13:50:10:	9	count	time	5.000000s/cts	O Det=1	H Det=44	Mon Det=11554	Aux Det=53	O+H=98	 DONE
03/10/2025 13:50:16:	move motor	S18.axis2.piezo rotation to -0.146230deg	 DONE
03/10/2025 13:50:17:	10	count	time	5.000000s/cts	O Det=2	H Det=60	Mon Det=11611	Aux Det=55	O+H=117	 DONE
03/10/2025 13:50:24:	move motor	S18.axis2.piezo rotation to -0.146170deg	 DONE
03/10/2025 13:50:25:	11	count	time	5.000000s/cts	O Det=2	H Det=69	Mon Det=11648	Aux Det=76	O+H=147	 DONE
03/10/2025 13:50:32:	move motor	S18.axis2.piezo rotation to -0.146110deg	 DONE
03/10/2025 13:50:33:	12	count	time	5.000000s/cts	O Det=3	H Det=79	Mon Det=11478	Aux Det=74	O+H=156	 DONE
03/10/2025 13:50:40:	move motor	S18.axis2.piezo rotation to -0.146050deg	 DONE
03/10/2025 13:50:41:	13	count	time	5.000000s/cts	O Det=3	H Det=79	Mon Det=11519	Aux Det=83	O+H=165	 DONE
03/10/2025 13:50:48:	move motor	S18.axis2.piezo rotation to -0.145990deg	 DONE
03/10/2025 13:50:49:	14	count	time	5.000000s/cts	O Det=7	H Det=119	Mon Det=11545	Aux Det=120	O+H=246	 DONE
03/10/2025 13:50:55:	move motor	S18.axis2.piezo rotation to -0.145930deg	 DONE
03/10/2025 13:50:57:	15	count	time	5.000000s/cts	O Det=13	H Det=115	Mon Det=11492	Aux Det=151	O+H=279	 DONE
03/10/2025 13:51:03:	move motor	S18.axis2.piezo rotation to -0.145870deg	 DONE
03/10/2025 13:51:05:	16	count	time	5.000000s/cts	O Det=18	H Det=163	Mon Det=11530	Aux Det=180	O+H=361	 DONE
03/10/2025 13:51:11:	move motor	S18.axis2.piezo rotation to -0.145810deg	 DONE
03/10/2025 13:51:13:	17	count	time	5.000000s/cts	O Det=25	H Det=180	Mon Det=11595	Aux Det=164	O+H=369	 DONE
03/10/2025 13:51:19:	move motor	S18.axis2.piezo rotation to -0.145750deg	 DONE
03/10/2025 13:51:21:	18	count	time	5.000000s/cts	O Det=27	H Det=200	Mon Det=11493	Aux Det=203	O+H=430	 DONE
03/10/2025 13:51:27:	move motor	S18.axis2.piezo rotation to -0.145690deg	 DONE
03/10/2025 13:51:28:	19	count	time	5.000000s/cts	O Det=37	H Det=236	Mon Det=11679	Aux Det=254	O+H=527	 DONE
03/10/2025 13:51:35:	move motor	S18.axis2.piezo rotation to -0.145630deg	 DONE
03/10/2025 13:51:37:	20	count	time	5.000000s/cts	O Det=55	H Det=300	Mon Det=11569	Aux Det=275	O+H=630	 DONE
03/10/2025 13:51:43:	move motor	S18.axis2.piezo rotation to -0.145570deg	 DONE
03/10/2025 13:51:44:	21	count	time	5.000000s/cts	O Det=59	H Det=324	Mon Det=11755	Aux Det=329	O+H=712	 DONE
03/10/2025 13:51:51:	move motor	S18.axis2.piezo rotation to -0.145510deg	 DONE
03/10/2025 13:51:52:	22	count	time	5.000000s/cts	O Det=106	H Det=353	Mon Det=11485	Aux Det=397	O+H=856	 DONE
03/10/2025 13:51:59:	move motor	S18.axis2.piezo rotation to -0.145450deg	 DONE
03/10/2025 13:52:00:	23	count	time	5.000000s/cts	O Det=117	H Det=435	Mon Det=11641	Aux Det=396	O+H=948	 DONE
03/10/2025 13:52:07:	move motor	S18.axis2.piezo rotation to -0.145390deg	 DONE
03/10/2025 13:52:08:	24	count	time	5.000000s/cts	O Det=138	H Det=430	Mon Det=11478	Aux Det=429	O+H=997	 DONE
03/10/2025 13:52:15:	move motor	S18.axis2.piezo rotation to -0.145330deg	 DONE
03/10/2025 13:52:16:	25	count	time	5.000000s/cts	O Det=173	H Det=480	Mon Det=11502	Aux Det=447	O+H=1100	 DONE
03/10/2025 13:52:22:	move motor	S18.axis2.piezo rotation to -0.145270deg	 DONE
03/10/2025 13:52:24:	26	count	time	5.000000s/cts	O Det=148	H Det=530	Mon Det=11792	Aux Det=470	O+H=1148	 DONE
03/10/2025 13:52:30:	move motor	S18.axis2.piezo rotation to -0.145210deg	 DONE
03/10/2025 13:52:32:	27	count	time	5.000000s/cts	O Det=170	H Det=573	Mon Det=11368	Aux Det=468	O+H=1211	 DONE
03/10/2025 13:52:38:	move motor	S18.axis2.piezo rotation to -0.145150deg	 DONE
03/10/2025 13:52:39:	28	count	time	5.000000s/cts	O Det=156	H Det=525	Mon Det=11447	Aux Det=486	O+H=1167	 DONE
03/10/2025 13:52:46:	move motor	S18.axis2.piezo rotation to -0.145090deg	 DONE
03/10/2025 13:52:47:	29	count	time	5.000000s/cts	O Det=168	H Det=482	Mon Det=11524	Aux Det=431	O+H=1081	 DONE
03/10/2025 13:52:54:	move motor	S18.axis2.piezo rotation to -0.145030deg	 DONE
03/10/2025 13:52:55:	30	count	time	5.000000s/cts	O Det=143	H Det=527	Mon Det=11623	Aux Det=395	O+H=1065	 DONE
03/10/2025 13:53:02:	move motor	S18.axis2.piezo rotation to -0.144970deg	 DONE
03/10/2025 13:53:03:	31	count	time	5.000000s/cts	O Det=135	H Det=442	Mon Det=11466	Aux Det=427	O+H=1004	 DONE
03/10/2025 13:53:09:	move motor	S18.axis2.piezo rotation to -0.144910deg	 DONE
03/10/2025 13:53:11:	32	count	time	5.000000s/cts	O Det=107	H Det=369	Mon Det=11497	Aux Det=392	O+H=868	 DONE
03/10/2025 13:53:17:	move motor	S18.axis2.piezo rotation to -0.144850deg	 DONE
03/10/2025 13:53:18:	33	count	time	5.000000s/cts	O Det=87	H Det=355	Mon Det=11544	Aux Det=338	O+H=780	 DONE
03/10/2025 13:53:25:	move motor	S18.axis2.piezo rotation to -0.144790deg	 DONE
03/10/2025 13:53:26:	34	count	time	5.000000s/cts	O Det=69	H Det=332	Mon Det=11370	Aux Det=313	O+H=714	 DONE
03/10/2025 13:53:33:	move motor	S18.axis2.piezo rotation to -0.144730deg	 DONE
03/10/2025 13:53:34:	35	count	time	5.000000s/cts	O Det=40	H Det=252	Mon Det=11530	Aux Det=242	O+H=534	 DONE
03/10/2025 13:53:41:	move motor	S18.axis2.piezo rotation to -0.144670deg	 DONE
03/10/2025 13:53:42:	36	count	time	5.000000s/cts	O Det=40	H Det=215	Mon Det=11511	Aux Det=224	O+H=479	 DONE
03/10/2025 13:53:48:	move motor	S18.axis2.piezo rotation to -0.144610deg	 DONE
03/10/2025 13:53:49:	37	count	time	5.000000s/cts	O Det=21	H Det=168	Mon Det=11448	Aux Det=178	O+H=367	 DONE
03/10/2025 13:53:56:	move motor	S18.axis2.piezo rotation to -0.144550deg	 DONE
03/10/2025 13:53:57:	38	count	time	5.000000s/cts	O Det=17	H Det=161	Mon Det=11397	Aux Det=145	O+H=323	 DONE
03/10/2025 13:54:04:	move motor	S18.axis2.piezo rotation to -0.144490deg	 DONE
03/10/2025 13:54:05:	39	count	time	5.000000s/cts	O Det=12	H Det=140	Mon Det=11392	Aux Det=129	O+H=281	 DONE
03/10/2025 13:54:12:	move motor	S18.axis2.piezo rotation to -0.144430deg	 DONE
03/10/2025 13:54:13:	40	count	time	5.000000s/cts	O Det=5	H Det=115	Mon Det=11541	Aux Det=125	O+H=245	 DONE
03/10/2025 13:54:20:	move motor	S18.axis2.piezo rotation to -0.144370deg	 DONE
03/10/2025 13:54:21:	41	count	time	5.000000s/cts	O Det=5	H Det=81	Mon Det=11466	Aux Det=96	O+H=182	 DONE
03/10/2025 13:54:28:	move motor	S18.axis2.piezo rotation to -0.144310deg	 DONE
03/10/2025 13:54:29:	42	count	time	5.000000s/cts	O Det=4	H Det=74	Mon Det=11652	Aux Det=85	O+H=163	 DONE
03/10/2025 13:54:36:	move motor	S18.axis2.piezo rotation to -0.144250deg	 DONE
03/10/2025 13:54:37:	43	count	time	5.000000s/cts	O Det=2	H Det=77	Mon Det=11484	Aux Det=78	O+H=157	 DONE
03/10/2025 13:54:44:	move motor	S18.axis2.piezo rotation to -0.144190deg	 DONE
03/10/2025 13:54:45:	44	count	time	5.000000s/cts	O Det=3	H Det=76	Mon Det=11380	Aux Det=69	O+H=148	 DONE
03/10/2025 13:54:51:	move motor	S18.axis2.piezo rotation to -0.144130deg	 DONE
03/10/2025 13:54:53:	45	count	time	5.000000s/cts	O Det=4	H Det=69	Mon Det=11455	Aux Det=66	O+H=139	 DONE
03/10/2025 13:54:59:	move motor	S18.axis2.piezo rotation to -0.144070deg	 DONE
03/10/2025 13:55:00:	46	count	time	5.000000s/cts	O Det=2	H Det=62	Mon Det=11575	Aux Det=56	O+H=120	 DONE
03/10/2025 13:55:07:	move motor	S18.axis2.piezo rotation to -0.144010deg	 DONE
03/10/2025 13:55:09:	47	count	time	5.000000s/cts	O Det=0	H Det=48	Mon Det=11573	Aux Det=51	O+H=99	 DONE
03/10/2025 13:55:16:	move motor	S18.axis2.piezo rotation to -0.143950deg	 DONE
03/10/2025 13:55:17:	48	count	time	5.000000s/cts	O Det=1	H Det=34	Mon Det=11493	Aux Det=38	O+H=73	 DONE
03/10/2025 13:55:24:	move motor	S18.axis2.piezo rotation to -0.143890deg	 DONE
03/10/2025 13:55:25:	49	count	time	5.000000s/cts	O Det=2	H Det=32	Mon Det=11396	Aux Det=45	O+H=79	 DONE
03/10/2025 13:55:32:	move motor	S18.axis2.piezo rotation to -0.143830deg	 DONE
03/10/2025 13:55:33:	50	count	time	5.000000s/cts	O Det=1	H Det=34	Mon Det=11398	Aux Det=40	O+H=75	 DONE
03/10/2025 13:55:40:	move motor	S18.axis2.piezo rotation to -0.143770deg	 DONE
03/10/2025 13:55:41:	51	count	time	5.000000s/cts	O Det=0	H Det=36	Mon Det=11565	Aux Det=31	O+H=67	 DONE
03/10/2025 13:55:47:	move motor	S18.axis2.piezo rotation to -0.143710deg	 DONE
03/10/2025 13:55:48:	52	count	time	5.000000s/cts	O Det=1	H Det=43	Mon Det=11522	Aux Det=27	O+H=71	 DONE
03/10/2025 13:55:55:	move motor	S18.axis2.piezo rotation to -0.143650deg	 DONE
03/10/2025 13:55:56:	53	count	time	5.000000s/cts	O Det=0	H Det=28	Mon Det=11602	Aux Det=37	O+H=65	 DONE
03/10/2025 13:56:03:	move motor	S18.axis2.piezo rotation to -0.143590deg	 DONE
03/10/2025 13:56:04:	54	count	time	5.000000s/cts	O Det=3	H Det=34	Mon Det=11585	Aux Det=33	O+H=70	 DONE
03/10/2025 13:56:11:	move motor	S18.axis2.piezo rotation to -0.143530deg	 DONE
03/10/2025 13:56:12:	55	count	time	5.000000s/cts	O Det=0	H Det=23	Mon Det=11492	Aux Det=26	O+H=49	 DONE
03/10/2025 13:56:19:	move motor	S18.axis2.piezo rotation to -0.143470deg	 DONE
03/10/2025 13:56:20:	56	count	time	5.000000s/cts	O Det=1	H Det=22	Mon Det=11684	Aux Det=20	O+H=43	 DONE
03/10/2025 13:56:27:	move motor	S18.axis2.piezo rotation to -0.143410deg	 DONE
03/10/2025 13:56:28:	57	count	time	5.000000s/cts	O Det=0	H Det=26	Mon Det=11543	Aux Det=25	O+H=51	 DONE
03/10/2025 13:56:35:	move motor	S18.axis2.piezo rotation to -0.143350deg	 DONE
03/10/2025 13:56:37:	58	count	time	5.000000s/cts	O Det=1	H Det=22	Mon Det=11493	Aux Det=20	O+H=43	 DONE
03/10/2025 13:56:43:	move motor	S18.axis2.piezo rotation to -0.143290deg	 DONE
03/10/2025 13:56:44:	59	count	time	5.000000s/cts	O Det=2	H Det=19	Mon Det=11506	Aux Det=18	O+H=39	 DONE
03/10/2025 13:56:51:	move motor	S18.axis2.piezo rotation to -0.143230deg	 DONE
03/10/2025 13:56:52:	60	count	time	5.000000s/cts	O Det=0	H Det=17	Mon Det=11574	Aux Det=18	O+H=35	 DONE
03/10/2025 13:56:59:	close file and end scan	 DONE
03/10/2025 13:56:59:	move motor	S18.axis2.piezo rotation to fit SUM PEAK60	-0.145197reached -0.14520  DONE
03/10/2025 13:57:02:	END OF SCRIPT	 DONE
