09/10/2025 06:24:48:	start execution of script D:\data\Cycle 198\exp_3-16-19\rawdata\sc\rocking.sc	 DONE
09/10/2025 06:24:49:	move motor	S18.axis2.piezo rotation to 0.245718deg	 DONE
09/10/2025 06:24:52:	create file	D:\data\Cycle 198\exp_3-16-19\rawdata\sc\rocking_09Oct0624.dat	 DONE
room to enter remarks DONE
09/10/2025 06:24:53:	move motor	S18.axis2.piezo rotation to 0.345718deg	 DONE
09/10/2025 06:24:57:	1	count	time	5.000000s/cts	O Det=2	H Det=24	Mon Det=15339	Aux Det=28	O+H=54	 DONE
09/10/2025 06:25:03:	move motor	S18.axis2.piezo rotation to 0.345778deg	 DONE
09/10/2025 06:25:05:	2	count	time	5.000000s/cts	O Det=0	H Det=29	Mon Det=15317	Aux Det=28	O+H=57	 DONE
09/10/2025 06:25:12:	move motor	S18.axis2.piezo rotation to 0.345838deg	 DONE
09/10/2025 06:25:14:	3	count	time	5.000000s/cts	O Det=1	H Det=32	Mon Det=15333	Aux Det=29	O+H=62	 DONE
09/10/2025 06:25:21:	move motor	S18.axis2.piezo rotation to 0.345898deg	 DONE
09/10/2025 06:25:22:	4	count	time	5.000000s/cts	O Det=3	H Det=47	Mon Det=15338	Aux Det=32	O+H=82	 DONE
09/10/2025 06:25:29:	move motor	S18.axis2.piezo rotation to 0.345958deg	 DONE
09/10/2025 06:25:30:	5	count	time	5.000000s/cts	O Det=0	H Det=26	Mon Det=15598	Aux Det=50	O+H=76	 DONE
09/10/2025 06:25:37:	move motor	S18.axis2.piezo rotation to 0.346018deg	 DONE
09/10/2025 06:25:38:	6	count	time	5.000000s/cts	O Det=2	H Det=33	Mon Det=15338	Aux Det=51	O+H=86	 DONE
09/10/2025 06:25:45:	move motor	S18.axis2.piezo rotation to 0.346078deg	 DONE
09/10/2025 06:25:46:	7	count	time	5.000000s/cts	O Det=1	H Det=46	Mon Det=15255	Aux Det=45	O+H=92	 DONE
09/10/2025 06:25:53:	move motor	S18.axis2.piezo rotation to 0.346138deg	 DONE
09/10/2025 06:25:54:	8	count	time	5.000000s/cts	O Det=0	H Det=37	Mon Det=15283	Aux Det=44	O+H=81	 DONE
09/10/2025 06:26:01:	move motor	S18.axis2.piezo rotation to 0.346198deg	 DONE
09/10/2025 06:26:02:	9	count	time	5.000000s/cts	O Det=0	H Det=51	Mon Det=15395	Aux Det=60	O+H=111	 DONE
09/10/2025 06:26:09:	move motor	S18.axis2.piezo rotation to 0.346258deg	 DONE
09/10/2025 06:26:10:	10	count	time	5.000000s/cts	O Det=1	H Det=50	Mon Det=15344	Aux Det=60	O+H=111	 DONE
09/10/2025 06:26:17:	move motor	S18.axis2.piezo rotation to 0.346318deg	 DONE
09/10/2025 06:26:18:	11	count	time	5.000000s/cts	O Det=2	H Det=61	Mon Det=15462	Aux Det=71	O+H=134	 DONE
09/10/2025 06:26:24:	move motor	S18.axis2.piezo rotation to 0.346378deg	 DONE
09/10/2025 06:26:25:	12	count	time	5.000000s/cts	O Det=3	H Det=70	Mon Det=15458	Aux Det=70	O+H=143	 DONE
09/10/2025 06:26:32:	move motor	S18.axis2.piezo rotation to 0.346438deg	 DONE
09/10/2025 06:26:33:	13	count	time	5.000000s/cts	O Det=2	H Det=78	Mon Det=15413	Aux Det=90	O+H=170	 DONE
09/10/2025 06:26:40:	move motor	S18.axis2.piezo rotation to 0.346498deg	 DONE
09/10/2025 06:26:42:	14	count	time	5.000000s/cts	O Det=2	H Det=85	Mon Det=15415	Aux Det=82	O+H=169	 DONE
09/10/2025 06:26:48:	move motor	S18.axis2.piezo rotation to 0.346558deg	 DONE
09/10/2025 06:26:49:	15	count	time	5.000000s/cts	O Det=6	H Det=105	Mon Det=15441	Aux Det=128	O+H=239	 DONE
09/10/2025 06:26:56:	move motor	S18.axis2.piezo rotation to 0.346618deg	 DONE
09/10/2025 06:26:57:	16	count	time	5.000000s/cts	O Det=12	H Det=123	Mon Det=15440	Aux Det=139	O+H=274	 DONE
09/10/2025 06:27:04:	move motor	S18.axis2.piezo rotation to 0.346678deg	 DONE
09/10/2025 06:27:05:	17	count	time	5.000000s/cts	O Det=30	H Det=173	Mon Det=15312	Aux Det=184	O+H=387	 DONE
09/10/2025 06:27:12:	move motor	S18.axis2.piezo rotation to 0.346738deg	 DONE
09/10/2025 06:27:13:	18	count	time	5.000000s/cts	O Det=31	H Det=224	Mon Det=15234	Aux Det=239	O+H=494	 DONE
09/10/2025 06:27:20:	move motor	S18.axis2.piezo rotation to 0.346798deg	 DONE
09/10/2025 06:27:21:	19	count	time	5.000000s/cts	O Det=23	H Det=223	Mon Det=15299	Aux Det=236	O+H=482	 DONE
09/10/2025 06:27:28:	move motor	S18.axis2.piezo rotation to 0.346858deg	 DONE
09/10/2025 06:27:30:	20	count	time	5.000000s/cts	O Det=23	H Det=195	Mon Det=15214	Aux Det=253	O+H=471	 DONE
09/10/2025 06:27:36:	move motor	S18.axis2.piezo rotation to 0.346918deg	 DONE
09/10/2025 06:27:38:	21	count	time	5.000000s/cts	O Det=30	H Det=242	Mon Det=15454	Aux Det=314	O+H=586	 DONE
09/10/2025 06:27:44:	move motor	S18.axis2.piezo rotation to 0.346978deg	 DONE
09/10/2025 06:27:45:	22	count	time	5.000000s/cts	O Det=35	H Det=290	Mon Det=15435	Aux Det=361	O+H=686	 DONE
09/10/2025 06:27:52:	move motor	S18.axis2.piezo rotation to 0.347038deg	 DONE
09/10/2025 06:27:53:	23	count	time	5.000000s/cts	O Det=65	H Det=333	Mon Det=15320	Aux Det=525	O+H=923	 DONE
09/10/2025 06:28:00:	move motor	S18.axis2.piezo rotation to 0.347098deg	 DONE
09/10/2025 06:28:02:	24	count	time	5.000000s/cts	O Det=86	H Det=400	Mon Det=15351	Aux Det=708	O+H=1194	 DONE
09/10/2025 06:28:08:	move motor	S18.axis2.piezo rotation to 0.347158deg	 DONE
09/10/2025 06:28:09:	25	count	time	5.000000s/cts	O Det=132	H Det=442	Mon Det=15144	Aux Det=975	O+H=1549	 DONE
09/10/2025 06:28:16:	move motor	S18.axis2.piezo rotation to 0.347218deg	 DONE
09/10/2025 06:28:18:	26	count	time	5.000000s/cts	O Det=175	H Det=472	Mon Det=15475	Aux Det=1457	O+H=2104	 DONE
09/10/2025 06:28:24:	move motor	S18.axis2.piezo rotation to 0.347278deg	 DONE
09/10/2025 06:28:26:	27	count	time	5.000000s/cts	O Det=179	H Det=548	Mon Det=15415	Aux Det=1642	O+H=2369	 DONE
09/10/2025 06:28:33:	move motor	S18.axis2.piezo rotation to 0.347338deg	 DONE
09/10/2025 06:28:34:	28	count	time	5.000000s/cts	O Det=182	H Det=647	Mon Det=15411	Aux Det=2097	O+H=2926	 DONE
09/10/2025 06:28:41:	move motor	S18.axis2.piezo rotation to 0.347398deg	 DONE
09/10/2025 06:28:42:	29	count	time	5.000000s/cts	O Det=186	H Det=670	Mon Det=15376	Aux Det=2155	O+H=3011	 DONE
09/10/2025 06:28:49:	move motor	S18.axis2.piezo rotation to 0.347458deg	 DONE
09/10/2025 06:28:50:	30	count	time	5.000000s/cts	O Det=136	H Det=740	Mon Det=15570	Aux Det=1937	O+H=2813	 DONE
09/10/2025 06:28:56:	move motor	S18.axis2.piezo rotation to 0.347518deg	 DONE
09/10/2025 06:28:58:	31	count	time	5.000000s/cts	O Det=90	H Det=744	Mon Det=15391	Aux Det=1679	O+H=2513	 DONE
09/10/2025 06:29:04:	move motor	S18.axis2.piezo rotation to 0.347578deg	 DONE
09/10/2025 06:29:06:	32	count	time	5.000000s/cts	O Det=61	H Det=666	Mon Det=15200	Aux Det=1195	O+H=1922	 DONE
09/10/2025 06:29:12:	move motor	S18.axis2.piezo rotation to 0.347638deg	 DONE
09/10/2025 06:29:14:	33	count	time	5.000000s/cts	O Det=65	H Det=613	Mon Det=15368	Aux Det=927	O+H=1605	 DONE
09/10/2025 06:29:21:	move motor	S18.axis2.piezo rotation to 0.347698deg	 DONE
09/10/2025 06:29:22:	34	count	time	5.000000s/cts	O Det=48	H Det=485	Mon Det=15316	Aux Det=638	O+H=1171	 DONE
09/10/2025 06:29:29:	move motor	S18.axis2.piezo rotation to 0.347758deg	 DONE
09/10/2025 06:29:30:	35	count	time	5.000000s/cts	O Det=51	H Det=381	Mon Det=15489	Aux Det=498	O+H=930	 DONE
09/10/2025 06:29:37:	move motor	S18.axis2.piezo rotation to 0.347818deg	 DONE
09/10/2025 06:29:38:	36	count	time	5.000000s/cts	O Det=41	H Det=281	Mon Det=15449	Aux Det=349	O+H=671	 DONE
09/10/2025 06:29:45:	move motor	S18.axis2.piezo rotation to 0.347878deg	 DONE
09/10/2025 06:29:47:	37	count	time	5.000000s/cts	O Det=32	H Det=220	Mon Det=15287	Aux Det=281	O+H=533	 DONE
09/10/2025 06:29:53:	move motor	S18.axis2.piezo rotation to 0.347938deg	 DONE
09/10/2025 06:29:55:	38	count	time	5.000000s/cts	O Det=24	H Det=208	Mon Det=15503	Aux Det=247	O+H=479	 DONE
09/10/2025 06:30:01:	move motor	S18.axis2.piezo rotation to 0.347998deg	 DONE
09/10/2025 06:30:03:	39	count	time	5.000000s/cts	O Det=18	H Det=147	Mon Det=15188	Aux Det=218	O+H=383	 DONE
09/10/2025 06:30:09:	move motor	S18.axis2.piezo rotation to 0.348058deg	 DONE
09/10/2025 06:30:11:	40	count	time	5.000000s/cts	O Det=16	H Det=141	Mon Det=15344	Aux Det=177	O+H=334	 DONE
09/10/2025 06:30:17:	move motor	S18.axis2.piezo rotation to 0.348118deg	 DONE
09/10/2025 06:30:19:	41	count	time	5.000000s/cts	O Det=11	H Det=130	Mon Det=15572	Aux Det=141	O+H=282	 DONE
09/10/2025 06:30:25:	move motor	S18.axis2.piezo rotation to 0.348178deg	 DONE
09/10/2025 06:30:27:	42	count	time	5.000000s/cts	O Det=10	H Det=88	Mon Det=15286	Aux Det=112	O+H=210	 DONE
09/10/2025 06:30:34:	move motor	S18.axis2.piezo rotation to 0.348238deg	 DONE
09/10/2025 06:30:35:	43	count	time	5.000000s/cts	O Det=11	H Det=77	Mon Det=15512	Aux Det=104	O+H=192	 DONE
09/10/2025 06:30:42:	move motor	S18.axis2.piezo rotation to 0.348298deg	 DONE
09/10/2025 06:30:43:	44	count	time	5.000000s/cts	O Det=6	H Det=77	Mon Det=15458	Aux Det=88	O+H=171	 DONE
09/10/2025 06:30:50:	move motor	S18.axis2.piezo rotation to 0.348358deg	 DONE
09/10/2025 06:30:51:	45	count	time	5.000000s/cts	O Det=8	H Det=73	Mon Det=15545	Aux Det=72	O+H=153	 DONE
09/10/2025 06:30:58:	move motor	S18.axis2.piezo rotation to 0.348418deg	 DONE
09/10/2025 06:30:59:	46	count	time	5.000000s/cts	O Det=4	H Det=55	Mon Det=15281	Aux Det=75	O+H=134	 DONE
09/10/2025 06:31:06:	move motor	S18.axis2.piezo rotation to 0.348478deg	 DONE
09/10/2025 06:31:07:	47	count	time	5.000000s/cts	O Det=2	H Det=64	Mon Det=15224	Aux Det=67	O+H=133	 DONE
09/10/2025 06:31:14:	move motor	S18.axis2.piezo rotation to 0.348538deg	 DONE
09/10/2025 06:31:15:	48	count	time	5.000000s/cts	O Det=5	H Det=61	Mon Det=15564	Aux Det=59	O+H=125	 DONE
09/10/2025 06:31:22:	move motor	S18.axis2.piezo rotation to 0.348598deg	 DONE
09/10/2025 06:31:23:	49	count	time	5.000000s/cts	O Det=3	H Det=50	Mon Det=15282	Aux Det=41	O+H=94	 DONE
09/10/2025 06:31:30:	move motor	S18.axis2.piezo rotation to 0.348658deg	 DONE
09/10/2025 06:31:32:	50	count	time	5.000000s/cts	O Det=2	H Det=42	Mon Det=15427	Aux Det=51	O+H=95	 DONE
09/10/2025 06:31:38:	move motor	S18.axis2.piezo rotation to 0.348718deg	 DONE
09/10/2025 06:31:40:	51	count	time	5.000000s/cts	O Det=1	H Det=28	Mon Det=15367	Aux Det=34	O+H=63	 DONE
09/10/2025 06:31:46:	move motor	S18.axis2.piezo rotation to 0.348778deg	 DONE
09/10/2025 06:31:48:	52	count	time	5.000000s/cts	O Det=2	H Det=39	Mon Det=15390	Aux Det=40	O+H=81	 DONE
09/10/2025 06:31:54:	move motor	S18.axis2.piezo rotation to 0.348838deg	 DONE
09/10/2025 06:31:56:	53	count	time	5.000000s/cts	O Det=0	H Det=35	Mon Det=15509	Aux Det=46	O+H=81	 DONE
09/10/2025 06:32:02:	move motor	S18.axis2.piezo rotation to 0.348898deg	 DONE
09/10/2025 06:32:04:	54	count	time	5.000000s/cts	O Det=2	H Det=23	Mon Det=15237	Aux Det=38	O+H=63	 DONE
09/10/2025 06:32:10:	move motor	S18.axis2.piezo rotation to 0.348958deg	 DONE
09/10/2025 06:32:12:	55	count	time	5.000000s/cts	O Det=1	H Det=28	Mon Det=15562	Aux Det=48	O+H=77	 DONE
09/10/2025 06:32:19:	move motor	S18.axis2.piezo rotation to 0.349018deg	 DONE
09/10/2025 06:32:20:	56	count	time	5.000000s/cts	O Det=1	H Det=25	Mon Det=15243	Aux Det=34	O+H=60	 DONE
09/10/2025 06:32:27:	move motor	S18.axis2.piezo rotation to 0.349078deg	 DONE
09/10/2025 06:32:28:	57	count	time	5.000000s/cts	O Det=1	H Det=34	Mon Det=15447	Aux Det=45	O+H=80	 DONE
09/10/2025 06:32:35:	move motor	S18.axis2.piezo rotation to 0.349138deg	 DONE
09/10/2025 06:32:36:	58	count	time	5.000000s/cts	O Det=0	H Det=19	Mon Det=15268	Aux Det=31	O+H=50	 DONE
09/10/2025 06:32:43:	move motor	S18.axis2.piezo rotation to 0.349198deg	 DONE
09/10/2025 06:32:44:	59	count	time	5.000000s/cts	O Det=1	H Det=24	Mon Det=15530	Aux Det=30	O+H=55	 DONE
09/10/2025 06:32:51:	move motor	S18.axis2.piezo rotation to 0.349258deg	 DONE
09/10/2025 06:32:52:	60	count	time	5.000000s/cts	O Det=1	H Det=19	Mon Det=15379	Aux Det=22	O+H=42	 DONE
09/10/2025 06:32:59:	close file and end scan	 DONE
09/10/2025 06:33:00:	move motor	S18.axis2.piezo rotation to fit SUM PEAK60	0.347397reached 0.34740  DONE
09/10/2025 06:33:02:	END OF SCRIPT	 DONE
