22/10/2025 12:44:47:	start execution of script D:\data\Cycle 198\exp_3-16-19\rawdata\sc\rocking.sc	 DONE
22/10/2025 12:44:48:	move motor	S18.axis2.piezo rotation to 0.246116deg	 DONE
22/10/2025 12:44:50:	create file	D:\data\Cycle 198\exp_3-16-19\rawdata\sc\rocking_22Oct1244.dat	 DONE
room to enter remarks DONE
22/10/2025 12:44:51:	move motor	S18.axis2.piezo rotation to 0.346116deg	 DONE
22/10/2025 12:44:54:	1	count	time	3.000000s/cts	O Det=1	H Det=20	Mon Det=7192	Aux Det=17	O+H=38	 DONE
22/10/2025 12:44:59:	move motor	S18.axis2.piezo rotation to 0.346176deg	 DONE
22/10/2025 12:45:02:	2	count	time	3.000000s/cts	O Det=2	H Det=18	Mon Det=7208	Aux Det=31	O+H=51	 DONE
22/10/2025 12:45:06:	move motor	S18.axis2.piezo rotation to 0.346236deg	 DONE
22/10/2025 12:45:08:	3	count	time	3.000000s/cts	O Det=0	H Det=22	Mon Det=7434	Aux Det=26	O+H=48	 DONE
22/10/2025 12:45:12:	move motor	S18.axis2.piezo rotation to 0.346296deg	 DONE
22/10/2025 12:45:14:	4	count	time	3.000000s/cts	O Det=5	H Det=19	Mon Det=7343	Aux Det=42	O+H=66	 DONE
22/10/2025 12:45:19:	move motor	S18.axis2.piezo rotation to 0.346356deg	 DONE
22/10/2025 12:45:20:	5	count	time	3.000000s/cts	O Det=2	H Det=29	Mon Det=7235	Aux Det=42	O+H=73	 DONE
22/10/2025 12:45:25:	move motor	S18.axis2.piezo rotation to 0.346416deg	 DONE
22/10/2025 12:45:26:	6	count	time	3.000000s/cts	O Det=4	H Det=31	Mon Det=7360	Aux Det=37	O+H=72	 DONE
22/10/2025 12:45:30:	move motor	S18.axis2.piezo rotation to 0.346476deg	 DONE
22/10/2025 12:45:32:	7	count	time	3.000000s/cts	O Det=3	H Det=49	Mon Det=7330	Aux Det=43	O+H=95	 DONE
22/10/2025 12:45:36:	move motor	S18.axis2.piezo rotation to 0.346536deg	 DONE
22/10/2025 12:45:38:	8	count	time	3.000000s/cts	O Det=1	H Det=47	Mon Det=7238	Aux Det=50	O+H=98	 DONE
22/10/2025 12:45:42:	move motor	S18.axis2.piezo rotation to 0.346596deg	 DONE
22/10/2025 12:45:44:	9	count	time	3.000000s/cts	O Det=1	H Det=40	Mon Det=7434	Aux Det=78	O+H=119	 DONE
22/10/2025 12:45:48:	move motor	S18.axis2.piezo rotation to 0.346656deg	 DONE
22/10/2025 12:45:50:	10	count	time	3.000000s/cts	O Det=11	H Det=61	Mon Det=7282	Aux Det=84	O+H=156	 DONE
22/10/2025 12:45:54:	move motor	S18.axis2.piezo rotation to 0.346716deg	 DONE
22/10/2025 12:45:56:	11	count	time	3.000000s/cts	O Det=24	H Det=81	Mon Det=7278	Aux Det=96	O+H=201	 DONE
22/10/2025 12:46:00:	move motor	S18.axis2.piezo rotation to 0.346776deg	 DONE
22/10/2025 12:46:01:	12	count	time	3.000000s/cts	O Det=50	H Det=73	Mon Det=7464	Aux Det=112	O+H=235	 DONE
22/10/2025 12:46:06:	move motor	S18.axis2.piezo rotation to 0.346836deg	 DONE
22/10/2025 12:46:07:	13	count	time	3.000000s/cts	O Det=16	H Det=83	Mon Det=7164	Aux Det=124	O+H=223	 DONE
22/10/2025 12:46:12:	move motor	S18.axis2.piezo rotation to 0.346896deg	 DONE
22/10/2025 12:46:14:	14	count	time	3.000000s/cts	O Det=11	H Det=113	Mon Det=7484	Aux Det=153	O+H=277	 DONE
22/10/2025 12:46:18:	move motor	S18.axis2.piezo rotation to 0.346956deg	 DONE
22/10/2025 12:46:19:	15	count	time	3.000000s/cts	O Det=10	H Det=133	Mon Det=7391	Aux Det=148	O+H=291	 DONE
22/10/2025 12:46:24:	move motor	S18.axis2.piezo rotation to 0.347016deg	 DONE
22/10/2025 12:46:25:	16	count	time	3.000000s/cts	O Det=31	H Det=156	Mon Det=7342	Aux Det=208	O+H=395	 DONE
22/10/2025 12:46:30:	move motor	S18.axis2.piezo rotation to 0.347076deg	 DONE
22/10/2025 12:46:31:	17	count	time	3.000000s/cts	O Det=48	H Det=186	Mon Det=7275	Aux Det=261	O+H=495	 DONE
22/10/2025 12:46:36:	move motor	S18.axis2.piezo rotation to 0.347136deg	 DONE
22/10/2025 12:46:37:	18	count	time	3.000000s/cts	O Det=58	H Det=215	Mon Det=7363	Aux Det=324	O+H=597	 DONE
22/10/2025 12:46:42:	move motor	S18.axis2.piezo rotation to 0.347196deg	 DONE
22/10/2025 12:46:43:	19	count	time	3.000000s/cts	O Det=109	H Det=269	Mon Det=7315	Aux Det=424	O+H=802	 DONE
22/10/2025 12:46:48:	move motor	S18.axis2.piezo rotation to 0.347256deg	 DONE
22/10/2025 12:46:49:	20	count	time	3.000000s/cts	O Det=131	H Det=273	Mon Det=7313	Aux Det=610	O+H=1014	 DONE
22/10/2025 12:46:54:	move motor	S18.axis2.piezo rotation to 0.347316deg	 DONE
22/10/2025 12:46:55:	21	count	time	3.000000s/cts	O Det=170	H Det=295	Mon Det=7264	Aux Det=866	O+H=1331	 DONE
22/10/2025 12:47:00:	move motor	S18.axis2.piezo rotation to 0.347376deg	 DONE
22/10/2025 12:47:01:	22	count	time	3.000000s/cts	O Det=200	H Det=254	Mon Det=7454	Aux Det=1088	O+H=1542	 DONE
22/10/2025 12:47:06:	move motor	S18.axis2.piezo rotation to 0.347436deg	 DONE
22/10/2025 12:47:07:	23	count	time	3.000000s/cts	O Det=243	H Det=243	Mon Det=7285	Aux Det=1157	O+H=1643	 DONE
22/10/2025 12:47:12:	move motor	S18.axis2.piezo rotation to 0.347496deg	 DONE
22/10/2025 12:47:13:	24	count	time	3.000000s/cts	O Det=191	H Det=214	Mon Det=7484	Aux Det=1160	O+H=1565	 DONE
22/10/2025 12:47:18:	move motor	S18.axis2.piezo rotation to 0.347556deg	 DONE
22/10/2025 12:47:19:	25	count	time	3.000000s/cts	O Det=165	H Det=187	Mon Det=7391	Aux Det=1076	O+H=1428	 DONE
22/10/2025 12:47:23:	move motor	S18.axis2.piezo rotation to 0.347616deg	 DONE
22/10/2025 12:47:25:	26	count	time	3.000000s/cts	O Det=136	H Det=198	Mon Det=7468	Aux Det=862	O+H=1196	 DONE
22/10/2025 12:47:30:	move motor	S18.axis2.piezo rotation to 0.347676deg	 DONE
22/10/2025 12:47:31:	27	count	time	3.000000s/cts	O Det=117	H Det=195	Mon Det=7265	Aux Det=648	O+H=960	 DONE
22/10/2025 12:47:35:	move motor	S18.axis2.piezo rotation to 0.347736deg	 DONE
22/10/2025 12:47:37:	28	count	time	3.000000s/cts	O Det=66	H Det=173	Mon Det=7235	Aux Det=389	O+H=628	 DONE
22/10/2025 12:47:42:	move motor	S18.axis2.piezo rotation to 0.347796deg	 DONE
22/10/2025 12:47:43:	29	count	time	3.000000s/cts	O Det=57	H Det=161	Mon Det=7414	Aux Det=329	O+H=547	 DONE
22/10/2025 12:47:48:	move motor	S18.axis2.piezo rotation to 0.347856deg	 DONE
22/10/2025 12:47:49:	30	count	time	3.000000s/cts	O Det=24	H Det=144	Mon Det=7389	Aux Det=229	O+H=397	 DONE
22/10/2025 12:47:54:	move motor	S18.axis2.piezo rotation to 0.347916deg	 DONE
22/10/2025 12:47:55:	31	count	time	3.000000s/cts	O Det=12	H Det=108	Mon Det=7335	Aux Det=175	O+H=295	 DONE
22/10/2025 12:48:00:	move motor	S18.axis2.piezo rotation to 0.347976deg	 DONE
22/10/2025 12:48:01:	32	count	time	3.000000s/cts	O Det=9	H Det=99	Mon Det=7461	Aux Det=148	O+H=256	 DONE
22/10/2025 12:48:06:	move motor	S18.axis2.piezo rotation to 0.348036deg	 DONE
22/10/2025 12:48:07:	33	count	time	3.000000s/cts	O Det=7	H Det=71	Mon Det=7274	Aux Det=109	O+H=187	 DONE
22/10/2025 12:48:12:	move motor	S18.axis2.piezo rotation to 0.348096deg	 DONE
22/10/2025 12:48:13:	34	count	time	3.000000s/cts	O Det=7	H Det=75	Mon Det=7515	Aux Det=102	O+H=184	 DONE
22/10/2025 12:48:18:	move motor	S18.axis2.piezo rotation to 0.348156deg	 DONE
22/10/2025 12:48:19:	35	count	time	3.000000s/cts	O Det=3	H Det=67	Mon Det=7342	Aux Det=79	O+H=149	 DONE
22/10/2025 12:48:24:	move motor	S18.axis2.piezo rotation to 0.348216deg	 DONE
22/10/2025 12:48:26:	36	count	time	3.000000s/cts	O Det=4	H Det=55	Mon Det=7273	Aux Det=63	O+H=122	 DONE
22/10/2025 12:48:30:	move motor	S18.axis2.piezo rotation to 0.348276deg	 DONE
22/10/2025 12:48:32:	37	count	time	3.000000s/cts	O Det=3	H Det=41	Mon Det=7325	Aux Det=52	O+H=96	 DONE
22/10/2025 12:48:36:	move motor	S18.axis2.piezo rotation to 0.348336deg	 DONE
22/10/2025 12:48:38:	38	count	time	3.000000s/cts	O Det=4	H Det=50	Mon Det=7386	Aux Det=53	O+H=107	 DONE
22/10/2025 12:48:43:	move motor	S18.axis2.piezo rotation to 0.348396deg	 DONE
22/10/2025 12:48:44:	39	count	time	3.000000s/cts	O Det=5	H Det=22	Mon Det=7316	Aux Det=45	O+H=72	 DONE
22/10/2025 12:48:49:	move motor	S18.axis2.piezo rotation to 0.348456deg	 DONE
22/10/2025 12:48:50:	40	count	time	3.000000s/cts	O Det=2	H Det=35	Mon Det=7318	Aux Det=31	O+H=68	 DONE
22/10/2025 12:48:55:	move motor	S18.axis2.piezo rotation to 0.348516deg	 DONE
22/10/2025 12:48:56:	41	count	time	3.000000s/cts	O Det=2	H Det=28	Mon Det=7371	Aux Det=36	O+H=66	 DONE
22/10/2025 12:49:00:	move motor	S18.axis2.piezo rotation to 0.348576deg	 DONE
22/10/2025 12:49:02:	42	count	time	3.000000s/cts	O Det=1	H Det=37	Mon Det=7374	Aux Det=29	O+H=67	 DONE
22/10/2025 12:49:07:	move motor	S18.axis2.piezo rotation to 0.348636deg	 DONE
22/10/2025 12:49:08:	43	count	time	3.000000s/cts	O Det=1	H Det=25	Mon Det=7418	Aux Det=26	O+H=52	 DONE
22/10/2025 12:49:13:	move motor	S18.axis2.piezo rotation to 0.348696deg	 DONE
22/10/2025 12:49:15:	44	count	time	3.000000s/cts	O Det=0	H Det=24	Mon Det=7388	Aux Det=22	O+H=46	 DONE
22/10/2025 12:49:19:	move motor	S18.axis2.piezo rotation to 0.348756deg	 DONE
22/10/2025 12:49:20:	45	count	time	3.000000s/cts	O Det=0	H Det=15	Mon Det=7565	Aux Det=24	O+H=39	 DONE
22/10/2025 12:49:25:	move motor	S18.axis2.piezo rotation to 0.348816deg	 DONE
22/10/2025 12:49:26:	46	count	time	3.000000s/cts	O Det=0	H Det=15	Mon Det=7404	Aux Det=24	O+H=39	 DONE
22/10/2025 12:49:31:	move motor	S18.axis2.piezo rotation to 0.348876deg	 DONE
22/10/2025 12:49:32:	47	count	time	3.000000s/cts	O Det=1	H Det=18	Mon Det=7410	Aux Det=17	O+H=36	 DONE
22/10/2025 12:49:37:	move motor	S18.axis2.piezo rotation to 0.348936deg	 DONE
22/10/2025 12:49:38:	48	count	time	3.000000s/cts	O Det=1	H Det=10	Mon Det=7502	Aux Det=19	O+H=30	 DONE
22/10/2025 12:49:43:	move motor	S18.axis2.piezo rotation to 0.348996deg	 DONE
22/10/2025 12:49:44:	49	count	time	3.000000s/cts	O Det=1	H Det=11	Mon Det=7374	Aux Det=14	O+H=26	 DONE
22/10/2025 12:49:49:	move motor	S18.axis2.piezo rotation to 0.349056deg	 DONE
22/10/2025 12:49:50:	50	count	time	3.000000s/cts	O Det=1	H Det=16	Mon Det=7406	Aux Det=18	O+H=35	 DONE
22/10/2025 12:49:55:	close file and end scan	 DONE
22/10/2025 12:49:55:	move motor	S18.axis2.piezo rotation to fit SUM PEAK60	0.347455reached 0.34745  DONE
22/10/2025 12:49:58:	END OF SCRIPT	 DONE
