24/10/2025 17:08:28:	start execution of script D:\data\Cycle 198\exp_3-16-19\rawdata\sc\rocking.sc	 DONE
24/10/2025 17:08:29:	move motor	S18.axis2.piezo rotation to 0.245330deg	 DONE
24/10/2025 17:08:32:	create file	D:\data\Cycle 198\exp_3-16-19\rawdata\sc\rocking_24Oct1708.dat	 DONE
room to enter remarks DONE
24/10/2025 17:08:33:	move motor	S18.axis2.piezo rotation to 0.345330deg	 DONE
24/10/2025 17:08:36:	1	count	time	3.000000s/cts	O Det=2	H Det=14	Mon Det=7389	Aux Det=24	O+H=40	 DONE
24/10/2025 17:08:41:	move motor	S18.axis2.piezo rotation to 0.345390deg	 DONE
24/10/2025 17:08:44:	2	count	time	3.000000s/cts	O Det=0	H Det=28	Mon Det=7538	Aux Det=25	O+H=53	 DONE
24/10/2025 17:08:48:	move motor	S18.axis2.piezo rotation to 0.345450deg	 DONE
24/10/2025 17:08:50:	3	count	time	3.000000s/cts	O Det=2	H Det=32	Mon Det=7396	Aux Det=34	O+H=68	 DONE
24/10/2025 17:08:55:	move motor	S18.axis2.piezo rotation to 0.345510deg	 DONE
24/10/2025 17:08:56:	4	count	time	3.000000s/cts	O Det=5	H Det=18	Mon Det=7548	Aux Det=22	O+H=45	 DONE
24/10/2025 17:09:00:	move motor	S18.axis2.piezo rotation to 0.345570deg	 DONE
24/10/2025 17:09:02:	5	count	time	3.000000s/cts	O Det=2	H Det=25	Mon Det=7540	Aux Det=38	O+H=65	 DONE
24/10/2025 17:09:06:	move motor	S18.axis2.piezo rotation to 0.345630deg	 DONE
24/10/2025 17:09:07:	6	count	time	3.000000s/cts	O Det=0	H Det=35	Mon Det=7394	Aux Det=44	O+H=79	 DONE
24/10/2025 17:09:12:	move motor	S18.axis2.piezo rotation to 0.345690deg	 DONE
24/10/2025 17:09:13:	7	count	time	3.000000s/cts	O Det=2	H Det=43	Mon Det=7420	Aux Det=56	O+H=101	 DONE
24/10/2025 17:09:18:	move motor	S18.axis2.piezo rotation to 0.345750deg	 DONE
24/10/2025 17:09:19:	8	count	time	3.000000s/cts	O Det=3	H Det=47	Mon Det=7386	Aux Det=56	O+H=106	 DONE
24/10/2025 17:09:24:	move motor	S18.axis2.piezo rotation to 0.345810deg	 DONE
24/10/2025 17:09:25:	9	count	time	3.000000s/cts	O Det=5	H Det=35	Mon Det=7349	Aux Det=73	O+H=113	 DONE
24/10/2025 17:09:30:	move motor	S18.axis2.piezo rotation to 0.345870deg	 DONE
24/10/2025 17:09:31:	10	count	time	3.000000s/cts	O Det=4	H Det=64	Mon Det=7392	Aux Det=80	O+H=148	 DONE
24/10/2025 17:09:36:	move motor	S18.axis2.piezo rotation to 0.345930deg	 DONE
24/10/2025 17:09:37:	11	count	time	3.000000s/cts	O Det=9	H Det=97	Mon Det=7510	Aux Det=94	O+H=200	 DONE
24/10/2025 17:09:41:	move motor	S18.axis2.piezo rotation to 0.345990deg	 DONE
24/10/2025 17:09:43:	12	count	time	3.000000s/cts	O Det=22	H Det=116	Mon Det=7543	Aux Det=120	O+H=258	 DONE
24/10/2025 17:09:47:	move motor	S18.axis2.piezo rotation to 0.346050deg	 DONE
24/10/2025 17:09:49:	13	count	time	3.000000s/cts	O Det=17	H Det=114	Mon Det=7491	Aux Det=122	O+H=253	 DONE
24/10/2025 17:09:53:	move motor	S18.axis2.piezo rotation to 0.346110deg	 DONE
24/10/2025 17:09:55:	14	count	time	3.000000s/cts	O Det=14	H Det=104	Mon Det=7280	Aux Det=126	O+H=244	 DONE
24/10/2025 17:09:59:	move motor	S18.axis2.piezo rotation to 0.346170deg	 DONE
24/10/2025 17:10:00:	15	count	time	3.000000s/cts	O Det=23	H Det=133	Mon Det=7417	Aux Det=157	O+H=313	 DONE
24/10/2025 17:10:05:	move motor	S18.axis2.piezo rotation to 0.346230deg	 DONE
24/10/2025 17:10:06:	16	count	time	3.000000s/cts	O Det=26	H Det=161	Mon Det=7424	Aux Det=197	O+H=384	 DONE
24/10/2025 17:10:11:	move motor	S18.axis2.piezo rotation to 0.346290deg	 DONE
24/10/2025 17:10:12:	17	count	time	3.000000s/cts	O Det=42	H Det=200	Mon Det=7598	Aux Det=231	O+H=473	 DONE
24/10/2025 17:10:17:	move motor	S18.axis2.piezo rotation to 0.346350deg	 DONE
24/10/2025 17:10:18:	18	count	time	3.000000s/cts	O Det=60	H Det=248	Mon Det=7258	Aux Det=263	O+H=571	 DONE
24/10/2025 17:10:23:	move motor	S18.axis2.piezo rotation to 0.346410deg	 DONE
24/10/2025 17:10:24:	19	count	time	3.000000s/cts	O Det=76	H Det=288	Mon Det=7459	Aux Det=369	O+H=733	 DONE
24/10/2025 17:10:28:	move motor	S18.axis2.piezo rotation to 0.346470deg	 DONE
24/10/2025 17:10:30:	20	count	time	3.000000s/cts	O Det=79	H Det=346	Mon Det=7393	Aux Det=518	O+H=943	 DONE
24/10/2025 17:10:35:	move motor	S18.axis2.piezo rotation to 0.346530deg	 DONE
24/10/2025 17:10:36:	21	count	time	3.000000s/cts	O Det=129	H Det=362	Mon Det=7445	Aux Det=669	O+H=1160	 DONE
24/10/2025 17:10:41:	move motor	S18.axis2.piezo rotation to 0.346590deg	 DONE
24/10/2025 17:10:42:	22	count	time	3.000000s/cts	O Det=148	H Det=390	Mon Det=7388	Aux Det=839	O+H=1377	 DONE
24/10/2025 17:10:46:	move motor	S18.axis2.piezo rotation to 0.346650deg	 DONE
24/10/2025 17:10:48:	23	count	time	3.000000s/cts	O Det=141	H Det=330	Mon Det=7373	Aux Det=985	O+H=1456	 DONE
24/10/2025 17:10:52:	move motor	S18.axis2.piezo rotation to 0.346710deg	 DONE
24/10/2025 17:10:54:	24	count	time	3.000000s/cts	O Det=150	H Det=312	Mon Det=7329	Aux Det=1030	O+H=1492	 DONE
24/10/2025 17:10:58:	move motor	S18.axis2.piezo rotation to 0.346770deg	 DONE
24/10/2025 17:11:00:	25	count	time	3.000000s/cts	O Det=150	H Det=296	Mon Det=7510	Aux Det=964	O+H=1410	 DONE
24/10/2025 17:11:04:	move motor	S18.axis2.piezo rotation to 0.346830deg	 DONE
24/10/2025 17:11:05:	26	count	time	3.000000s/cts	O Det=157	H Det=261	Mon Det=7514	Aux Det=809	O+H=1227	 DONE
24/10/2025 17:11:10:	move motor	S18.axis2.piezo rotation to 0.346890deg	 DONE
24/10/2025 17:11:11:	27	count	time	3.000000s/cts	O Det=137	H Det=241	Mon Det=7261	Aux Det=586	O+H=964	 DONE
24/10/2025 17:11:16:	move motor	S18.axis2.piezo rotation to 0.346950deg	 DONE
24/10/2025 17:11:17:	28	count	time	3.000000s/cts	O Det=80	H Det=202	Mon Det=7458	Aux Det=501	O+H=783	 DONE
24/10/2025 17:11:22:	move motor	S18.axis2.piezo rotation to 0.347010deg	 DONE
24/10/2025 17:11:23:	29	count	time	3.000000s/cts	O Det=63	H Det=184	Mon Det=7359	Aux Det=309	O+H=556	 DONE
24/10/2025 17:11:28:	move motor	S18.axis2.piezo rotation to 0.347070deg	 DONE
24/10/2025 17:11:29:	30	count	time	3.000000s/cts	O Det=47	H Det=159	Mon Det=7337	Aux Det=266	O+H=472	 DONE
24/10/2025 17:11:34:	move motor	S18.axis2.piezo rotation to 0.347130deg	 DONE
24/10/2025 17:11:35:	31	count	time	3.000000s/cts	O Det=32	H Det=154	Mon Det=7217	Aux Det=197	O+H=383	 DONE
24/10/2025 17:11:39:	move motor	S18.axis2.piezo rotation to 0.347190deg	 DONE
24/10/2025 17:11:41:	32	count	time	3.000000s/cts	O Det=19	H Det=110	Mon Det=7381	Aux Det=148	O+H=277	 DONE
24/10/2025 17:11:45:	move motor	S18.axis2.piezo rotation to 0.347250deg	 DONE
24/10/2025 17:11:47:	33	count	time	3.000000s/cts	O Det=12	H Det=79	Mon Det=7315	Aux Det=129	O+H=220	 DONE
24/10/2025 17:11:51:	move motor	S18.axis2.piezo rotation to 0.347310deg	 DONE
24/10/2025 17:11:53:	34	count	time	3.000000s/cts	O Det=9	H Det=71	Mon Det=7389	Aux Det=95	O+H=175	 DONE
24/10/2025 17:11:58:	move motor	S18.axis2.piezo rotation to 0.347370deg	 DONE
24/10/2025 17:11:59:	35	count	time	3.000000s/cts	O Det=3	H Det=63	Mon Det=7367	Aux Det=84	O+H=150	 DONE
24/10/2025 17:12:04:	move motor	S18.axis2.piezo rotation to 0.347430deg	 DONE
24/10/2025 17:12:05:	36	count	time	3.000000s/cts	O Det=8	H Det=62	Mon Det=7367	Aux Det=74	O+H=144	 DONE
24/10/2025 17:12:09:	move motor	S18.axis2.piezo rotation to 0.347490deg	 DONE
24/10/2025 17:12:11:	37	count	time	3.000000s/cts	O Det=7	H Det=51	Mon Det=7444	Aux Det=60	O+H=118	 DONE
24/10/2025 17:12:15:	move motor	S18.axis2.piezo rotation to 0.347550deg	 DONE
24/10/2025 17:12:16:	38	count	time	3.000000s/cts	O Det=2	H Det=35	Mon Det=7524	Aux Det=57	O+H=94	 DONE
24/10/2025 17:12:21:	move motor	S18.axis2.piezo rotation to 0.347610deg	 DONE
24/10/2025 17:12:22:	39	count	time	3.000000s/cts	O Det=3	H Det=40	Mon Det=7331	Aux Det=47	O+H=90	 DONE
24/10/2025 17:12:27:	move motor	S18.axis2.piezo rotation to 0.347670deg	 DONE
24/10/2025 17:12:28:	40	count	time	3.000000s/cts	O Det=3	H Det=29	Mon Det=7373	Aux Det=67	O+H=99	 DONE
24/10/2025 17:12:33:	move motor	S18.axis2.piezo rotation to 0.347730deg	 DONE
24/10/2025 17:12:34:	41	count	time	3.000000s/cts	O Det=3	H Det=22	Mon Det=7456	Aux Det=40	O+H=65	 DONE
24/10/2025 17:12:39:	move motor	S18.axis2.piezo rotation to 0.347790deg	 DONE
24/10/2025 17:12:40:	42	count	time	3.000000s/cts	O Det=3	H Det=31	Mon Det=7453	Aux Det=42	O+H=76	 DONE
24/10/2025 17:12:45:	move motor	S18.axis2.piezo rotation to 0.347850deg	 DONE
24/10/2025 17:12:46:	43	count	time	3.000000s/cts	O Det=4	H Det=16	Mon Det=7419	Aux Det=41	O+H=61	 DONE
24/10/2025 17:12:50:	move motor	S18.axis2.piezo rotation to 0.347910deg	 DONE
24/10/2025 17:12:52:	44	count	time	3.000000s/cts	O Det=1	H Det=20	Mon Det=7446	Aux Det=27	O+H=48	 DONE
24/10/2025 17:12:56:	move motor	S18.axis2.piezo rotation to 0.347970deg	 DONE
24/10/2025 17:12:57:	45	count	time	3.000000s/cts	O Det=3	H Det=18	Mon Det=7402	Aux Det=29	O+H=50	 DONE
24/10/2025 17:13:02:	move motor	S18.axis2.piezo rotation to 0.348030deg	 DONE
24/10/2025 17:13:03:	46	count	time	3.000000s/cts	O Det=1	H Det=19	Mon Det=7316	Aux Det=23	O+H=43	 DONE
24/10/2025 17:13:08:	move motor	S18.axis2.piezo rotation to 0.348090deg	 DONE
24/10/2025 17:13:09:	47	count	time	3.000000s/cts	O Det=1	H Det=20	Mon Det=7540	Aux Det=22	O+H=43	 DONE
24/10/2025 17:13:14:	move motor	S18.axis2.piezo rotation to 0.348150deg	 DONE
24/10/2025 17:13:15:	48	count	time	3.000000s/cts	O Det=0	H Det=9	Mon Det=7540	Aux Det=22	O+H=31	 DONE
24/10/2025 17:13:20:	move motor	S18.axis2.piezo rotation to 0.348210deg	 DONE
24/10/2025 17:13:21:	49	count	time	3.000000s/cts	O Det=2	H Det=22	Mon Det=7380	Aux Det=25	O+H=49	 DONE
24/10/2025 17:13:26:	move motor	S18.axis2.piezo rotation to 0.348270deg	 DONE
24/10/2025 17:13:27:	50	count	time	3.000000s/cts	O Det=0	H Det=14	Mon Det=7336	Aux Det=17	O+H=31	 DONE
24/10/2025 17:13:32:	close file and end scan	 DONE
24/10/2025 17:13:32:	move motor	S18.axis2.piezo rotation to fit SUM PEAK60	0.346686reached 0.34669  DONE
24/10/2025 17:13:35:	END OF SCRIPT	 DONE
