27/09/2025 11:22:29:	start execution of script D:\data\Cycle 198\exp_3-16-19\rawdata\sc\rocking.sc	 DONE
27/09/2025 11:22:29:	move motor	S18.axis2.piezo rotation to -1.962255deg	 DONE
27/09/2025 11:22:34:	create file	D:\data\Cycle 198\exp_3-16-19\rawdata\sc\rocking_27Sep1122.dat	 DONE
room to enter remarks DONE
27/09/2025 11:22:35:	move motor	S18.axis2.piezo rotation to -1.862255deg	 DONE
27/09/2025 11:22:39:	1	count	time	5.000000s/cts	O Det=0	H Det=35	Mon Det=11423	Aux Det=6	O+H=41	 DONE
27/09/2025 11:22:46:	move motor	S18.axis2.piezo rotation to -1.862205deg	 DONE
27/09/2025 11:22:48:	2	count	time	5.000000s/cts	O Det=1	H Det=53	Mon Det=11310	Aux Det=5	O+H=59	 DONE
27/09/2025 11:22:55:	move motor	S18.axis2.piezo rotation to -1.862155deg	 DONE
27/09/2025 11:22:59:	3	count	time	5.000000s/cts	O Det=0	H Det=61	Mon Det=11312	Aux Det=8	O+H=69	 DONE
27/09/2025 11:23:06:	move motor	S18.axis2.piezo rotation to -1.862105deg	 DONE
27/09/2025 11:23:07:	4	count	time	5.000000s/cts	O Det=3	H Det=57	Mon Det=11430	Aux Det=2	O+H=62	 DONE
27/09/2025 11:23:14:	move motor	S18.axis2.piezo rotation to -1.862055deg	 DONE
27/09/2025 11:23:18:	5	count	time	5.000000s/cts	O Det=2	H Det=68	Mon Det=11261	Aux Det=5	O+H=75	 DONE
27/09/2025 11:23:25:	move motor	S18.axis2.piezo rotation to -1.862005deg	 DONE
27/09/2025 11:23:27:	6	count	time	5.000000s/cts	O Det=4	H Det=69	Mon Det=11734	Aux Det=6	O+H=79	 DONE
27/09/2025 11:23:33:	move motor	S18.axis2.piezo rotation to -1.861955deg	 DONE
27/09/2025 11:23:37:	7	count	time	5.000000s/cts	O Det=5	H Det=82	Mon Det=11482	Aux Det=2	O+H=89	 DONE
27/09/2025 11:23:44:	move motor	S18.axis2.piezo rotation to -1.861905deg	 DONE
27/09/2025 11:23:46:	8	count	time	5.000000s/cts	O Det=0	H Det=91	Mon Det=11231	Aux Det=7	O+H=98	 DONE
27/09/2025 11:23:53:	move motor	S18.axis2.piezo rotation to -1.861855deg	 DONE
27/09/2025 11:23:57:	9	count	time	5.000000s/cts	O Det=1	H Det=70	Mon Det=11215	Aux Det=6	O+H=77	 DONE
27/09/2025 11:24:03:	move motor	S18.axis2.piezo rotation to -1.861805deg	 DONE
27/09/2025 11:24:08:	10	count	time	5.000000s/cts	O Det=5	H Det=111	Mon Det=11256	Aux Det=7	O+H=123	 DONE
27/09/2025 11:24:14:	move motor	S18.axis2.piezo rotation to -1.861755deg	 DONE
27/09/2025 11:24:18:	11	count	time	5.000000s/cts	O Det=4	H Det=111	Mon Det=11283	Aux Det=3	O+H=118	 DONE
27/09/2025 11:24:25:	move motor	S18.axis2.piezo rotation to -1.861705deg	 DONE
27/09/2025 11:24:29:	12	count	time	5.000000s/cts	O Det=5	H Det=95	Mon Det=11221	Aux Det=1	O+H=101	 DONE
27/09/2025 11:24:36:	move motor	S18.axis2.piezo rotation to -1.861655deg	 DONE
27/09/2025 11:24:40:	13	count	time	5.000000s/cts	O Det=6	H Det=152	Mon Det=11367	Aux Det=10	O+H=168	 DONE
27/09/2025 11:24:46:	move motor	S18.axis2.piezo rotation to -1.861605deg	 DONE
27/09/2025 11:24:50:	14	count	time	5.000000s/cts	O Det=18	H Det=186	Mon Det=11079	Aux Det=11	O+H=215	 DONE
27/09/2025 11:24:57:	move motor	S18.axis2.piezo rotation to -1.861555deg	 DONE
27/09/2025 11:25:01:	15	count	time	5.000000s/cts	O Det=33	H Det=226	Mon Det=11279	Aux Det=46	O+H=305	 DONE
27/09/2025 11:25:08:	move motor	S18.axis2.piezo rotation to -1.861505deg	 DONE
27/09/2025 11:25:12:	16	count	time	5.000000s/cts	O Det=27	H Det=243	Mon Det=11246	Aux Det=61	O+H=331	 DONE
27/09/2025 11:25:19:	move motor	S18.axis2.piezo rotation to -1.861455deg	 DONE
27/09/2025 11:25:20:	17	count	time	5.000000s/cts	O Det=24	H Det=295	Mon Det=11366	Aux Det=40	O+H=359	 DONE
27/09/2025 11:25:27:	move motor	S18.axis2.piezo rotation to -1.861405deg	 DONE
27/09/2025 11:25:31:	18	count	time	5.000000s/cts	O Det=19	H Det=374	Mon Det=11286	Aux Det=19	O+H=412	 DONE
27/09/2025 11:25:38:	move motor	S18.axis2.piezo rotation to -1.861355deg	 DONE
27/09/2025 11:25:39:	19	count	time	5.000000s/cts	O Det=33	H Det=399	Mon Det=11241	Aux Det=14	O+H=446	 DONE
27/09/2025 11:25:46:	move motor	S18.axis2.piezo rotation to -1.861305deg	 DONE
27/09/2025 11:25:50:	20	count	time	5.000000s/cts	O Det=51	H Det=398	Mon Det=11462	Aux Det=24	O+H=473	 DONE
27/09/2025 11:25:57:	move motor	S18.axis2.piezo rotation to -1.861255deg	 DONE
27/09/2025 11:25:58:	21	count	time	5.000000s/cts	O Det=80	H Det=463	Mon Det=11115	Aux Det=24	O+H=567	 DONE
27/09/2025 11:26:04:	move motor	S18.axis2.piezo rotation to -1.861205deg	 DONE
27/09/2025 11:26:09:	22	count	time	5.000000s/cts	O Det=88	H Det=597	Mon Det=11269	Aux Det=75	O+H=760	 DONE
27/09/2025 11:26:15:	move motor	S18.axis2.piezo rotation to -1.861155deg	 DONE
27/09/2025 11:26:17:	23	count	time	5.000000s/cts	O Det=116	H Det=634	Mon Det=11290	Aux Det=157	O+H=907	 DONE
27/09/2025 11:26:24:	move motor	S18.axis2.piezo rotation to -1.861105deg	 DONE
27/09/2025 11:26:28:	24	count	time	5.000000s/cts	O Det=164	H Det=728	Mon Det=11229	Aux Det=319	O+H=1211	 DONE
27/09/2025 11:26:35:	move motor	S18.axis2.piezo rotation to -1.861055deg	 DONE
27/09/2025 11:26:36:	25	count	time	5.000000s/cts	O Det=261	H Det=773	Mon Det=11355	Aux Det=442	O+H=1476	 DONE
27/09/2025 11:26:43:	move motor	S18.axis2.piezo rotation to -1.861005deg	 DONE
27/09/2025 11:26:47:	26	count	time	5.000000s/cts	O Det=288	H Det=794	Mon Det=11449	Aux Det=664	O+H=1746	 DONE
27/09/2025 11:26:54:	move motor	S18.axis2.piezo rotation to -1.860955deg	 DONE
27/09/2025 11:26:55:	27	count	time	5.000000s/cts	O Det=357	H Det=832	Mon Det=11253	Aux Det=824	O+H=2013	 DONE
27/09/2025 11:27:02:	move motor	S18.axis2.piezo rotation to -1.860905deg	 DONE
27/09/2025 11:27:06:	28	count	time	5.000000s/cts	O Det=403	H Det=839	Mon Det=11342	Aux Det=846	O+H=2088	 DONE
27/09/2025 11:27:13:	move motor	S18.axis2.piezo rotation to -1.860855deg	 DONE
27/09/2025 11:27:17:	29	count	time	5.000000s/cts	O Det=361	H Det=842	Mon Det=11282	Aux Det=965	O+H=2168	 DONE
27/09/2025 11:27:23:	move motor	S18.axis2.piezo rotation to -1.860805deg	 DONE
27/09/2025 11:27:28:	30	count	time	5.000000s/cts	O Det=378	H Det=854	Mon Det=11435	Aux Det=954	O+H=2186	 DONE
27/09/2025 11:27:34:	move motor	S18.axis2.piezo rotation to -1.860755deg	 DONE
27/09/2025 11:27:38:	31	count	time	5.000000s/cts	O Det=417	H Det=792	Mon Det=11239	Aux Det=883	O+H=2092	 DONE
27/09/2025 11:27:45:	move motor	S18.axis2.piezo rotation to -1.860705deg	 DONE
27/09/2025 11:27:49:	32	count	time	5.000000s/cts	O Det=327	H Det=742	Mon Det=11214	Aux Det=744	O+H=1813	 DONE
27/09/2025 11:27:56:	move motor	S18.axis2.piezo rotation to -1.860655deg	 DONE
27/09/2025 11:28:00:	33	count	time	5.000000s/cts	O Det=346	H Det=664	Mon Det=11435	Aux Det=530	O+H=1540	 DONE
27/09/2025 11:28:07:	move motor	S18.axis2.piezo rotation to -1.860605deg	 DONE
27/09/2025 11:28:11:	34	count	time	5.000000s/cts	O Det=320	H Det=587	Mon Det=11420	Aux Det=399	O+H=1306	 DONE
27/09/2025 11:28:18:	move motor	S18.axis2.piezo rotation to -1.860555deg	 DONE
27/09/2025 11:28:22:	35	count	time	5.000000s/cts	O Det=269	H Det=498	Mon Det=11339	Aux Det=266	O+H=1033	 DONE
27/09/2025 11:28:28:	move motor	S18.axis2.piezo rotation to -1.860505deg	 DONE
27/09/2025 11:28:32:	36	count	time	5.000000s/cts	O Det=163	H Det=497	Mon Det=11395	Aux Det=153	O+H=813	 DONE
27/09/2025 11:28:39:	move motor	S18.axis2.piezo rotation to -1.860455deg	 DONE
27/09/2025 11:28:43:	37	count	time	5.000000s/cts	O Det=157	H Det=439	Mon Det=11378	Aux Det=55	O+H=651	 DONE
27/09/2025 11:28:50:	move motor	S18.axis2.piezo rotation to -1.860405deg	 DONE
27/09/2025 11:28:51:	38	count	time	5.000000s/cts	O Det=140	H Det=360	Mon Det=11101	Aux Det=51	O+H=551	 DONE
27/09/2025 11:28:58:	move motor	S18.axis2.piezo rotation to -1.860355deg	 DONE
27/09/2025 11:29:02:	39	count	time	5.000000s/cts	O Det=92	H Det=312	Mon Det=11333	Aux Det=25	O+H=429	 DONE
27/09/2025 11:29:09:	move motor	S18.axis2.piezo rotation to -1.860305deg	 DONE
27/09/2025 11:29:10:	40	count	time	5.000000s/cts	O Det=63	H Det=284	Mon Det=11186	Aux Det=7	O+H=354	 DONE
27/09/2025 11:29:17:	move motor	S18.axis2.piezo rotation to -1.860255deg	 DONE
27/09/2025 11:29:21:	41	count	time	5.000000s/cts	O Det=41	H Det=245	Mon Det=11469	Aux Det=8	O+H=294	 DONE
27/09/2025 11:29:27:	move motor	S18.axis2.piezo rotation to -1.860205deg	 DONE
27/09/2025 11:29:29:	42	count	time	5.000000s/cts	O Det=28	H Det=201	Mon Det=11239	Aux Det=4	O+H=233	 DONE
27/09/2025 11:29:36:	move motor	S18.axis2.piezo rotation to -1.860155deg	 DONE
27/09/2025 11:29:40:	43	count	time	5.000000s/cts	O Det=15	H Det=200	Mon Det=11319	Aux Det=11	O+H=226	 DONE
27/09/2025 11:29:46:	move motor	S18.axis2.piezo rotation to -1.860105deg	 DONE
27/09/2025 11:29:48:	44	count	time	5.000000s/cts	O Det=16	H Det=182	Mon Det=11358	Aux Det=2	O+H=200	 DONE
27/09/2025 11:29:54:	move motor	S18.axis2.piezo rotation to -1.860055deg	 DONE
27/09/2025 11:29:58:	45	count	time	5.000000s/cts	O Det=3	H Det=161	Mon Det=11215	Aux Det=7	O+H=171	 DONE
27/09/2025 11:30:05:	move motor	S18.axis2.piezo rotation to -1.860005deg	 DONE
27/09/2025 11:30:07:	46	count	time	5.000000s/cts	O Det=12	H Det=139	Mon Det=11246	Aux Det=10	O+H=161	 DONE
27/09/2025 11:30:14:	move motor	S18.axis2.piezo rotation to -1.859955deg	 DONE
27/09/2025 11:30:18:	47	count	time	5.000000s/cts	O Det=9	H Det=111	Mon Det=11448	Aux Det=4	O+H=124	 DONE
27/09/2025 11:30:24:	move motor	S18.axis2.piezo rotation to -1.859905deg	 DONE
27/09/2025 11:30:26:	48	count	time	5.000000s/cts	O Det=7	H Det=99	Mon Det=11263	Aux Det=4	O+H=110	 DONE
27/09/2025 11:30:33:	move motor	S18.axis2.piezo rotation to -1.859855deg	 DONE
27/09/2025 11:30:37:	49	count	time	5.000000s/cts	O Det=6	H Det=99	Mon Det=11179	Aux Det=5	O+H=110	 DONE
27/09/2025 11:30:43:	move motor	S18.axis2.piezo rotation to -1.859805deg	 DONE
27/09/2025 11:30:47:	50	count	time	5.000000s/cts	O Det=9	H Det=96	Mon Det=11475	Aux Det=9	O+H=114	 DONE
27/09/2025 11:30:54:	move motor	S18.axis2.piezo rotation to -1.859755deg	 DONE
27/09/2025 11:30:58:	51	count	time	5.000000s/cts	O Det=5	H Det=63	Mon Det=11339	Aux Det=2	O+H=70	 DONE
27/09/2025 11:31:05:	move motor	S18.axis2.piezo rotation to -1.859705deg	 DONE
27/09/2025 11:31:09:	52	count	time	5.000000s/cts	O Det=4	H Det=56	Mon Det=11251	Aux Det=4	O+H=64	 DONE
27/09/2025 11:31:16:	move motor	S18.axis2.piezo rotation to -1.859655deg	 DONE
27/09/2025 11:31:20:	53	count	time	5.000000s/cts	O Det=4	H Det=67	Mon Det=11218	Aux Det=1	O+H=72	 DONE
27/09/2025 11:31:27:	move motor	S18.axis2.piezo rotation to -1.859605deg	 DONE
27/09/2025 11:31:31:	54	count	time	5.000000s/cts	O Det=2	H Det=65	Mon Det=11427	Aux Det=1	O+H=68	 DONE
27/09/2025 11:31:37:	move motor	S18.axis2.piezo rotation to -1.859555deg	 DONE
27/09/2025 11:31:42:	55	count	time	5.000000s/cts	O Det=4	H Det=61	Mon Det=11376	Aux Det=5	O+H=70	 DONE
27/09/2025 11:31:48:	move motor	S18.axis2.piezo rotation to -1.859505deg	 DONE
27/09/2025 11:31:52:	56	count	time	5.000000s/cts	O Det=0	H Det=55	Mon Det=11229	Aux Det=3	O+H=58	 DONE
27/09/2025 11:31:59:	move motor	S18.axis2.piezo rotation to -1.859455deg	 DONE
27/09/2025 11:32:00:	57	count	time	5.000000s/cts	O Det=3	H Det=37	Mon Det=11317	Aux Det=4	O+H=44	 DONE
27/09/2025 11:32:07:	move motor	S18.axis2.piezo rotation to -1.859405deg	 DONE
27/09/2025 11:32:11:	58	count	time	5.000000s/cts	O Det=2	H Det=49	Mon Det=11242	Aux Det=4	O+H=55	 DONE
27/09/2025 11:32:18:	move motor	S18.axis2.piezo rotation to -1.859355deg	 DONE
27/09/2025 11:32:19:	59	count	time	5.000000s/cts	O Det=4	H Det=49	Mon Det=11282	Aux Det=2	O+H=55	 DONE
27/09/2025 11:32:26:	move motor	S18.axis2.piezo rotation to -1.859305deg	 DONE
27/09/2025 11:32:30:	60	count	time	5.000000s/cts	O Det=2	H Det=48	Mon Det=11351	Aux Det=4	O+H=54	 DONE
27/09/2025 11:32:37:	close file and end scan	 DONE
27/09/2025 11:32:37:	move motor	S18.axis2.piezo rotation to fit SUM PEAK60	-1.860847reached -1.86085  DONE
27/09/2025 11:32:42:	END OF SCRIPT	 DONE
