07/10/2025 21:14:54:	start execution of script D:\data\Cycle 198\exp_3-16-19\rawdata\sc\rocking.sc	 DONE
07/10/2025 21:14:55:	move motor	S18.axis2.piezo rotation to 0.245826deg	 DONE
07/10/2025 21:14:58:	create file	D:\data\Cycle 198\exp_3-16-19\rawdata\sc\rocking_07Oct2114.dat	 DONE
room to enter remarks DONE
07/10/2025 21:14:59:	move motor	S18.axis2.piezo rotation to 0.345826deg	 DONE
07/10/2025 21:15:02:	1	count	time	5.000000s/cts	O Det=0	H Det=23	Mon Det=15289	Aux Det=27	O+H=50	 DONE
07/10/2025 21:15:09:	move motor	S18.axis2.piezo rotation to 0.345886deg	 DONE
07/10/2025 21:15:11:	2	count	time	5.000000s/cts	O Det=3	H Det=22	Mon Det=15333	Aux Det=30	O+H=55	 DONE
07/10/2025 21:15:18:	move motor	S18.axis2.piezo rotation to 0.345946deg	 DONE
07/10/2025 21:15:19:	3	count	time	5.000000s/cts	O Det=1	H Det=20	Mon Det=15386	Aux Det=28	O+H=49	 DONE
07/10/2025 21:15:26:	move motor	S18.axis2.piezo rotation to 0.346006deg	 DONE
07/10/2025 21:15:27:	4	count	time	5.000000s/cts	O Det=0	H Det=17	Mon Det=15324	Aux Det=38	O+H=55	 DONE
07/10/2025 21:15:34:	move motor	S18.axis2.piezo rotation to 0.346066deg	 DONE
07/10/2025 21:15:35:	5	count	time	5.000000s/cts	O Det=1	H Det=39	Mon Det=15416	Aux Det=35	O+H=75	 DONE
07/10/2025 21:15:42:	move motor	S18.axis2.piezo rotation to 0.346126deg	 DONE
07/10/2025 21:15:43:	6	count	time	5.000000s/cts	O Det=1	H Det=35	Mon Det=15387	Aux Det=39	O+H=75	 DONE
07/10/2025 21:15:49:	move motor	S18.axis2.piezo rotation to 0.346186deg	 DONE
07/10/2025 21:15:50:	7	count	time	5.000000s/cts	O Det=0	H Det=43	Mon Det=15291	Aux Det=53	O+H=96	 DONE
07/10/2025 21:15:57:	move motor	S18.axis2.piezo rotation to 0.346246deg	 DONE
07/10/2025 21:15:58:	8	count	time	5.000000s/cts	O Det=5	H Det=49	Mon Det=15314	Aux Det=49	O+H=103	 DONE
07/10/2025 21:16:05:	move motor	S18.axis2.piezo rotation to 0.346306deg	 DONE
07/10/2025 21:16:06:	9	count	time	5.000000s/cts	O Det=1	H Det=39	Mon Det=15458	Aux Det=52	O+H=92	 DONE
07/10/2025 21:16:13:	move motor	S18.axis2.piezo rotation to 0.346366deg	 DONE
07/10/2025 21:16:14:	10	count	time	5.000000s/cts	O Det=4	H Det=54	Mon Det=15520	Aux Det=78	O+H=136	 DONE
07/10/2025 21:16:21:	move motor	S18.axis2.piezo rotation to 0.346426deg	 DONE
07/10/2025 21:16:22:	11	count	time	5.000000s/cts	O Det=4	H Det=65	Mon Det=15280	Aux Det=63	O+H=132	 DONE
07/10/2025 21:16:28:	move motor	S18.axis2.piezo rotation to 0.346486deg	 DONE
07/10/2025 21:16:30:	12	count	time	5.000000s/cts	O Det=8	H Det=59	Mon Det=15495	Aux Det=62	O+H=129	 DONE
07/10/2025 21:16:37:	move motor	S18.axis2.piezo rotation to 0.346546deg	 DONE
07/10/2025 21:16:38:	13	count	time	5.000000s/cts	O Det=5	H Det=76	Mon Det=15208	Aux Det=82	O+H=163	 DONE
07/10/2025 21:16:45:	move motor	S18.axis2.piezo rotation to 0.346606deg	 DONE
07/10/2025 21:16:46:	14	count	time	5.000000s/cts	O Det=3	H Det=75	Mon Det=15231	Aux Det=103	O+H=181	 DONE
07/10/2025 21:16:53:	move motor	S18.axis2.piezo rotation to 0.346666deg	 DONE
07/10/2025 21:16:54:	15	count	time	5.000000s/cts	O Det=6	H Det=89	Mon Det=15501	Aux Det=103	O+H=198	 DONE
07/10/2025 21:17:00:	move motor	S18.axis2.piezo rotation to 0.346726deg	 DONE
07/10/2025 21:17:02:	16	count	time	5.000000s/cts	O Det=10	H Det=98	Mon Det=15245	Aux Det=151	O+H=259	 DONE
07/10/2025 21:17:08:	move motor	S18.axis2.piezo rotation to 0.346786deg	 DONE
07/10/2025 21:17:09:	17	count	time	5.000000s/cts	O Det=10	H Det=147	Mon Det=15331	Aux Det=150	O+H=307	 DONE
07/10/2025 21:17:16:	move motor	S18.axis2.piezo rotation to 0.346846deg	 DONE
07/10/2025 21:17:17:	18	count	time	5.000000s/cts	O Det=31	H Det=178	Mon Det=15183	Aux Det=296	O+H=505	 DONE
07/10/2025 21:17:24:	move motor	S18.axis2.piezo rotation to 0.346906deg	 DONE
07/10/2025 21:17:25:	19	count	time	5.000000s/cts	O Det=29	H Det=200	Mon Det=15321	Aux Det=276	O+H=505	 DONE
07/10/2025 21:17:32:	move motor	S18.axis2.piezo rotation to 0.346966deg	 DONE
07/10/2025 21:17:33:	20	count	time	5.000000s/cts	O Det=30	H Det=194	Mon Det=15177	Aux Det=225	O+H=449	 DONE
07/10/2025 21:17:40:	move motor	S18.axis2.piezo rotation to 0.347026deg	 DONE
07/10/2025 21:17:41:	21	count	time	5.000000s/cts	O Det=40	H Det=223	Mon Det=15512	Aux Det=318	O+H=581	 DONE
07/10/2025 21:17:48:	move motor	S18.axis2.piezo rotation to 0.347086deg	 DONE
07/10/2025 21:17:49:	22	count	time	5.000000s/cts	O Det=63	H Det=291	Mon Det=15374	Aux Det=382	O+H=736	 DONE
07/10/2025 21:17:56:	move motor	S18.axis2.piezo rotation to 0.347146deg	 DONE
07/10/2025 21:17:57:	23	count	time	5.000000s/cts	O Det=79	H Det=303	Mon Det=15306	Aux Det=433	O+H=815	 DONE
07/10/2025 21:18:04:	move motor	S18.axis2.piezo rotation to 0.347206deg	 DONE
07/10/2025 21:18:05:	24	count	time	5.000000s/cts	O Det=139	H Det=349	Mon Det=15323	Aux Det=625	O+H=1113	 DONE
07/10/2025 21:18:11:	move motor	S18.axis2.piezo rotation to 0.347266deg	 DONE
07/10/2025 21:18:13:	25	count	time	5.000000s/cts	O Det=219	H Det=395	Mon Det=15284	Aux Det=834	O+H=1448	 DONE
07/10/2025 21:18:19:	move motor	S18.axis2.piezo rotation to 0.347326deg	 DONE
07/10/2025 21:18:21:	26	count	time	5.000000s/cts	O Det=271	H Det=375	Mon Det=15165	Aux Det=1230	O+H=1876	 DONE
07/10/2025 21:18:27:	move motor	S18.axis2.piezo rotation to 0.347386deg	 DONE
07/10/2025 21:18:29:	27	count	time	5.000000s/cts	O Det=391	H Det=415	Mon Det=15065	Aux Det=1624	O+H=2430	 DONE
07/10/2025 21:18:36:	move motor	S18.axis2.piezo rotation to 0.347446deg	 DONE
07/10/2025 21:18:37:	28	count	time	5.000000s/cts	O Det=482	H Det=408	Mon Det=15234	Aux Det=1917	O+H=2807	 DONE
07/10/2025 21:18:44:	move motor	S18.axis2.piezo rotation to 0.347506deg	 DONE
07/10/2025 21:18:45:	29	count	time	5.000000s/cts	O Det=487	H Det=428	Mon Det=15337	Aux Det=2137	O+H=3052	 DONE
07/10/2025 21:18:52:	move motor	S18.axis2.piezo rotation to 0.347566deg	 DONE
07/10/2025 21:18:53:	30	count	time	5.000000s/cts	O Det=505	H Det=430	Mon Det=15489	Aux Det=1954	O+H=2889	 DONE
07/10/2025 21:19:00:	move motor	S18.axis2.piezo rotation to 0.347626deg	 DONE
07/10/2025 21:19:01:	31	count	time	5.000000s/cts	O Det=424	H Det=420	Mon Det=15283	Aux Det=1694	O+H=2538	 DONE
07/10/2025 21:19:08:	move motor	S18.axis2.piezo rotation to 0.347686deg	 DONE
07/10/2025 21:19:09:	32	count	time	5.000000s/cts	O Det=399	H Det=394	Mon Det=15192	Aux Det=1430	O+H=2223	 DONE
07/10/2025 21:19:15:	move motor	S18.axis2.piezo rotation to 0.347746deg	 DONE
07/10/2025 21:19:17:	33	count	time	5.000000s/cts	O Det=280	H Det=362	Mon Det=15406	Aux Det=891	O+H=1533	 DONE
07/10/2025 21:19:23:	move motor	S18.axis2.piezo rotation to 0.347806deg	 DONE
07/10/2025 21:19:25:	34	count	time	5.000000s/cts	O Det=185	H Det=357	Mon Det=15167	Aux Det=629	O+H=1171	 DONE
07/10/2025 21:19:31:	move motor	S18.axis2.piezo rotation to 0.347866deg	 DONE
07/10/2025 21:19:33:	35	count	time	5.000000s/cts	O Det=103	H Det=297	Mon Det=15139	Aux Det=493	O+H=893	 DONE
07/10/2025 21:19:39:	move motor	S18.axis2.piezo rotation to 0.347926deg	 DONE
07/10/2025 21:19:40:	36	count	time	5.000000s/cts	O Det=50	H Det=263	Mon Det=15193	Aux Det=335	O+H=648	 DONE
07/10/2025 21:19:47:	move motor	S18.axis2.piezo rotation to 0.347986deg	 DONE
07/10/2025 21:19:48:	37	count	time	5.000000s/cts	O Det=42	H Det=256	Mon Det=15290	Aux Det=289	O+H=587	 DONE
07/10/2025 21:19:55:	move motor	S18.axis2.piezo rotation to 0.348046deg	 DONE
07/10/2025 21:19:57:	38	count	time	5.000000s/cts	O Det=14	H Det=194	Mon Det=15383	Aux Det=226	O+H=434	 DONE
07/10/2025 21:20:03:	move motor	S18.axis2.piezo rotation to 0.348106deg	 DONE
07/10/2025 21:20:05:	39	count	time	5.000000s/cts	O Det=15	H Det=147	Mon Det=15616	Aux Det=199	O+H=361	 DONE
07/10/2025 21:20:11:	move motor	S18.axis2.piezo rotation to 0.348166deg	 DONE
07/10/2025 21:20:13:	40	count	time	5.000000s/cts	O Det=10	H Det=129	Mon Det=15395	Aux Det=174	O+H=313	 DONE
07/10/2025 21:20:20:	move motor	S18.axis2.piezo rotation to 0.348226deg	 DONE
07/10/2025 21:20:21:	41	count	time	5.000000s/cts	O Det=11	H Det=123	Mon Det=15563	Aux Det=154	O+H=288	 DONE
07/10/2025 21:20:28:	move motor	S18.axis2.piezo rotation to 0.348286deg	 DONE
07/10/2025 21:20:29:	42	count	time	5.000000s/cts	O Det=7	H Det=107	Mon Det=15309	Aux Det=141	O+H=255	 DONE
07/10/2025 21:20:36:	move motor	S18.axis2.piezo rotation to 0.348346deg	 DONE
07/10/2025 21:20:37:	43	count	time	5.000000s/cts	O Det=9	H Det=113	Mon Det=15248	Aux Det=97	O+H=219	 DONE
07/10/2025 21:20:44:	move motor	S18.axis2.piezo rotation to 0.348406deg	 DONE
07/10/2025 21:20:45:	44	count	time	5.000000s/cts	O Det=7	H Det=90	Mon Det=15302	Aux Det=89	O+H=186	 DONE
07/10/2025 21:20:51:	move motor	S18.axis2.piezo rotation to 0.348466deg	 DONE
07/10/2025 21:20:53:	45	count	time	5.000000s/cts	O Det=6	H Det=59	Mon Det=15279	Aux Det=82	O+H=147	 DONE
07/10/2025 21:21:00:	move motor	S18.axis2.piezo rotation to 0.348526deg	 DONE
07/10/2025 21:21:01:	46	count	time	5.000000s/cts	O Det=5	H Det=53	Mon Det=15266	Aux Det=72	O+H=130	 DONE
07/10/2025 21:21:08:	move motor	S18.axis2.piezo rotation to 0.348586deg	 DONE
07/10/2025 21:21:09:	47	count	time	5.000000s/cts	O Det=2	H Det=43	Mon Det=14977	Aux Det=70	O+H=115	 DONE
07/10/2025 21:21:16:	move motor	S18.axis2.piezo rotation to 0.348646deg	 DONE
07/10/2025 21:21:17:	48	count	time	5.000000s/cts	O Det=2	H Det=41	Mon Det=15271	Aux Det=54	O+H=97	 DONE
07/10/2025 21:21:24:	move motor	S18.axis2.piezo rotation to 0.348706deg	 DONE
07/10/2025 21:21:25:	49	count	time	5.000000s/cts	O Det=3	H Det=51	Mon Det=15194	Aux Det=49	O+H=103	 DONE
07/10/2025 21:21:32:	move motor	S18.axis2.piezo rotation to 0.348766deg	 DONE
07/10/2025 21:21:33:	50	count	time	5.000000s/cts	O Det=0	H Det=42	Mon Det=15447	Aux Det=38	O+H=80	 DONE
07/10/2025 21:21:40:	move motor	S18.axis2.piezo rotation to 0.348826deg	 DONE
07/10/2025 21:21:41:	51	count	time	5.000000s/cts	O Det=1	H Det=36	Mon Det=15206	Aux Det=40	O+H=77	 DONE
07/10/2025 21:21:48:	move motor	S18.axis2.piezo rotation to 0.348886deg	 DONE
07/10/2025 21:21:49:	52	count	time	5.000000s/cts	O Det=2	H Det=36	Mon Det=15269	Aux Det=48	O+H=86	 DONE
07/10/2025 21:21:55:	move motor	S18.axis2.piezo rotation to 0.348946deg	 DONE
07/10/2025 21:21:57:	53	count	time	5.000000s/cts	O Det=1	H Det=31	Mon Det=15434	Aux Det=35	O+H=67	 DONE
07/10/2025 21:22:04:	move motor	S18.axis2.piezo rotation to 0.349006deg	 DONE
07/10/2025 21:22:05:	54	count	time	5.000000s/cts	O Det=1	H Det=33	Mon Det=15167	Aux Det=36	O+H=70	 DONE
07/10/2025 21:22:11:	move motor	S18.axis2.piezo rotation to 0.349066deg	 DONE
07/10/2025 21:22:13:	55	count	time	5.000000s/cts	O Det=1	H Det=28	Mon Det=15261	Aux Det=29	O+H=58	 DONE
07/10/2025 21:22:19:	move motor	S18.axis2.piezo rotation to 0.349126deg	 DONE
07/10/2025 21:22:20:	56	count	time	5.000000s/cts	O Det=1	H Det=22	Mon Det=15361	Aux Det=30	O+H=53	 DONE
07/10/2025 21:22:27:	move motor	S18.axis2.piezo rotation to 0.349186deg	 DONE
07/10/2025 21:22:28:	57	count	time	5.000000s/cts	O Det=1	H Det=20	Mon Det=15329	Aux Det=28	O+H=49	 DONE
07/10/2025 21:22:35:	move motor	S18.axis2.piezo rotation to 0.349246deg	 DONE
07/10/2025 21:22:36:	58	count	time	5.000000s/cts	O Det=0	H Det=34	Mon Det=15294	Aux Det=24	O+H=58	 DONE
07/10/2025 21:22:43:	move motor	S18.axis2.piezo rotation to 0.349306deg	 DONE
07/10/2025 21:22:44:	59	count	time	5.000000s/cts	O Det=2	H Det=33	Mon Det=15170	Aux Det=26	O+H=61	 DONE
07/10/2025 21:22:51:	move motor	S18.axis2.piezo rotation to 0.349366deg	 DONE
07/10/2025 21:22:52:	60	count	time	5.000000s/cts	O Det=0	H Det=17	Mon Det=15208	Aux Det=18	O+H=35	 DONE
07/10/2025 21:22:59:	close file and end scan	 DONE
07/10/2025 21:22:59:	move motor	S18.axis2.piezo rotation to fit SUM PEAK60	0.347524reached 0.34753  DONE
07/10/2025 21:23:04:	END OF SCRIPT	 DONE
